[2020-01-20 23:58:49:670] [aop.AnnotationCommenAop.<init>] [INFO] 注解式切面已初始化...
[2020-01-20 23:58:51:590] [vo.logVo.LogVo.<init>] [INFO] 日志实例已初始化...
[2020-01-20 23:58:52:214] [aop.ConfigCommenAop.<init>] [INFO] 切面已初始化...
[2020-01-20 23:58:52:255] [vo.logVo.LogVo.<init>] [INFO] 日志实例已初始化...
[2020-01-20 23:59:17:900] [test.log.TestLog4j.main] [TRACE] trace
[2020-01-20 23:59:17:904] [test.log.TestLog4j.main] [DEBUG] debug
[2020-01-20 23:59:17:904] [test.log.TestLog4j.main] [INFO] info
[2020-01-20 23:59:17:905] [test.log.TestLog4j.main] [WARN] warn
[2020-01-20 23:59:17:905] [test.log.TestLog4j.main] [ERROR] error
[2020-01-20 23:59:17:905] [test.log.TestLog4j.main] [FATAL] fatal
[2020-01-21 16:10:32:803] [aop.AnnotationCommenAop.<init>] [INFO] 注解式切面已初始化...
[2020-01-21 16:10:34:826] [vo.logVo.LogVo.<init>] [INFO] 日志实例已初始化...
[2020-01-21 16:10:35:327] [aop.ConfigCommenAop.<init>] [INFO] 切面已初始化...
[2020-01-21 16:10:35:353] [vo.logVo.LogVo.<init>] [INFO] 日志实例已初始化...
[2020-01-21 16:13:13:264] [util.MyApplicationContextAnnotion.<init>] [INFO] 获取上下文工具类初始化成功!
[2020-01-21 16:13:14:010] [aop.AnnotationCommenAop.<init>] [INFO] 注解式切面已初始化...
[2020-01-21 16:13:16:188] [vo.logVo.LogVo.<init>] [INFO] 日志实例已初始化...
[2020-01-21 16:13:16:586] [aop.ConfigCommenAop.<init>] [INFO] 切面已初始化...
[2020-01-21 16:13:16:628] [vo.logVo.LogVo.<init>] [INFO] 日志实例已初始化...
[2020-01-21 16:13:58:851] [aop.AnnotationCommenAop.writeLog] [INFO] 开始保存操作日志...
[2020-01-21 16:13:59:281] [aop.AnnotationCommenAop.writeLog] [INFO] 保存操作日志成功.
[2020-01-21 16:13:59:288] [aop.AnnotationCommenAop.writeLog] [INFO] 开始保存操作日志...
[2020-01-21 16:13:59:506] [aop.AnnotationCommenAop.writeLog] [INFO] 保存操作日志成功.
[2020-01-21 16:14:00:166] [aop.AnnotationCommenAop.writeLog] [INFO] 开始保存操作日志...
[2020-01-21 16:14:00:184] [aop.AnnotationCommenAop.writeLog] [INFO] 保存操作日志成功.
[2020-01-21 16:14:00:185] [aop.AnnotationCommenAop.writeLog] [INFO] 开始保存操作日志...
[2020-01-21 16:14:00:305] [aop.AnnotationCommenAop.writeLog] [INFO] 保存操作日志成功.
[2020-01-21 16:14:03:515] [aop.AnnotationCommenAop.writeLog] [INFO] 开始保存操作日志...
[2020-01-21 16:14:03:543] [aop.AnnotationCommenAop.writeLog] [INFO] 保存操作日志成功.
[2020-01-21 16:14:03:544] [aop.AnnotationCommenAop.writeLog] [INFO] 开始保存操作日志...
[2020-01-21 16:14:03:653] [aop.AnnotationCommenAop.writeLog] [INFO] 保存操作日志成功.
[2020-01-21 16:14:04:828] [aop.AnnotationCommenAop.writeLog] [INFO] 开始保存操作日志...
[2020-01-21 16:14:04:834] [aop.AnnotationCommenAop.writeLog] [INFO] 保存操作日志成功.
[2020-01-21 16:14:04:835] [aop.AnnotationCommenAop.writeLog] [INFO] 开始保存操作日志...
[2020-01-21 16:14:04:955] [aop.AnnotationCommenAop.writeLog] [INFO] 保存操作日志成功.
[2020-01-21 16:14:08:139] [aop.AnnotationCommenAop.writeLog] [INFO] 开始保存操作日志...
[2020-01-21 16:14:08:166] [aop.AnnotationCommenAop.writeLog] [INFO] 保存操作日志成功.
[2020-01-21 16:14:08:167] [aop.AnnotationCommenAop.writeLog] [INFO] 开始保存操作日志...
[2020-01-21 16:14:08:249] [aop.AnnotationCommenAop.writeLog] [INFO] 保存操作日志成功.
[2020-01-21 16:14:09:794] [aop.AnnotationCommenAop.writeLog] [INFO] 开始保存操作日志...
[2020-01-21 16:14:09:803] [aop.AnnotationCommenAop.writeLog] [INFO] 保存操作日志成功.
[2020-01-21 16:14:09:804] [aop.AnnotationCommenAop.writeLog] [INFO] 开始保存操作日志...
[2020-01-21 16:14:09:880] [aop.AnnotationCommenAop.writeLog] [INFO] 保存操作日志成功.
[2020-01-22 18:40:00:567] [util.CommenClass.<init>] [INFO] 通用类初始化完成...
[2020-01-22 18:41:01:703] [util.CommenClass.<init>] [INFO] 通用类初始化完成...
[2020-01-22 18:41:01:731] [util.MyApplicationContextAnnotion.<init>] [INFO] 获取上下文工具类初始化成功!
[2020-01-22 18:41:01:747] [vo.logVo.LogVo.<init>] [INFO] 日志实例已初始化...
[2020-01-22 18:41:02:979] [vo.logVo.LogVo.<init>] [INFO] 日志实例已初始化...
[2020-01-22 18:41:03:709] [controllers.userController.UserController.<init>] [INFO] 控制层初始化完成...
[2020-01-22 18:42:16:185] [util.CommenClass.<init>] [INFO] 通用类初始化完成...
[2020-01-22 18:42:16:217] [util.MyApplicationContextAnnotion.<init>] [INFO] 获取上下文工具类初始化成功!
[2020-01-22 18:42:16:264] [vo.logVo.LogVo.<init>] [INFO] 日志实例已初始化...
[2020-01-22 18:42:17:355] [vo.logVo.LogVo.<init>] [INFO] 日志实例已初始化...
[2020-01-22 18:42:18:017] [controllers.userController.UserController.<init>] [INFO] 控制层初始化完成...
[2020-01-22 18:44:22:580] [util.CommenClass.<init>] [INFO] 通用类初始化完成...
[2020-01-22 18:44:22:611] [util.MyApplicationContextAnnotion.<init>] [INFO] 获取上下文工具类初始化成功!
[2020-01-22 18:44:22:647] [vo.logVo.LogVo.<init>] [INFO] 日志实例已初始化...
[2020-01-22 18:44:23:618] [vo.logVo.LogVo.<init>] [INFO] 日志实例已初始化...
[2020-01-22 18:44:24:281] [controllers.userController.UserController.<init>] [INFO] 控制层初始化完成...
[2020-01-22 18:44:59:373] [util.CommenClass.<init>] [INFO] 通用类初始化完成...
[2020-01-22 18:47:07:310] [util.CommenClass.<init>] [INFO] 通用类初始化完成...
[2020-01-22 18:47:07:654] [util.MyApplicationContextAnnotion.<init>] [INFO] 获取上下文工具类初始化成功!
[2020-01-22 18:47:07:693] [vo.logVo.LogVo.<init>] [INFO] 日志实例已初始化...
[2020-01-22 18:47:08:055] [aop.AnnotationCommenAop.<init>] [INFO] 注解式切面已初始化...
[2020-01-22 18:47:08:958] [vo.logVo.LogVo.<init>] [INFO] 日志实例已初始化...
[2020-01-22 18:47:09:748] [controllers.userController.UserController.<init>] [INFO] 控制层初始化完成...
[2020-01-22 18:48:00:510] [util.CommenClass.<init>] [INFO] 通用类初始化完成...
[2020-01-22 18:48:00:877] [util.MyApplicationContextAnnotion.<init>] [INFO] 获取上下文工具类初始化成功!
[2020-01-22 18:48:00:920] [vo.logVo.LogVo.<init>] [INFO] 日志实例已初始化...
[2020-01-22 18:48:01:234] [aop.AnnotationCommenAop.<init>] [INFO] 注解式切面已初始化...
[2020-01-22 18:48:02:096] [vo.logVo.LogVo.<init>] [INFO] 日志实例已初始化...
[2020-01-22 18:48:02:841] [controllers.userController.UserController.<init>] [INFO] 控制层初始化完成...
[2020-02-01 23:04:40:511] [util.MyApplicationContextAnnotion.<init>] [INFO] 获取上下文工具类初始化成功!
[2020-02-01 23:04:41:027] [aop.AnnotationCommenAop.<init>] [INFO] 注解式切面已初始化...
[2020-02-01 23:04:42:477] [vo.logVo.LogVo.<init>] [INFO] 日志实例已初始化...
[2020-02-01 23:04:42:899] [aop.ConfigCommenAop.<init>] [INFO] 切面已初始化...
[2020-02-01 23:04:42:946] [vo.logVo.LogVo.<init>] [INFO] 日志实例已初始化...
[2020-02-01 23:11:16:713] [util.MyApplicationContextAnnotion.<init>] [INFO] 获取上下文工具类初始化成功!
[2020-02-01 23:11:17:025] [aop.AnnotationCommenAop.<init>] [INFO] 注解式切面已初始化...
[2020-02-01 23:11:18:463] [vo.logVo.LogVo.<init>] [INFO] 日志实例已初始化...
[2020-02-01 23:11:19:066] [aop.ConfigCommenAop.<init>] [INFO] 切面已初始化...
[2020-02-01 23:11:19:097] [vo.logVo.LogVo.<init>] [INFO] 日志实例已初始化...
[2020-03-15 15:23:52:428] [util.MyApplicationContextAnnotion.<init>] [INFO] 获取上下文工具类初始化成功!
[2020-03-15 15:23:52:956] [aop.AnnotationCommenAop.<init>] [INFO] 注解式切面已初始化...
[2020-03-15 15:23:54:503] [vo.logVo.LogVo.<init>] [INFO] 日志实例已初始化...
[2020-03-15 15:23:55:132] [aop.ConfigCommenAop.<init>] [INFO] 切面已初始化...
[2020-03-15 15:23:55:186] [vo.logVo.LogVo.<init>] [INFO] 日志实例已初始化...
[2020-03-15 15:29:05:554] [util.MyApplicationContextAnnotion.<init>] [INFO] 获取上下文工具类初始化成功!
[2020-03-15 15:29:05:890] [aop.AnnotationCommenAop.<init>] [INFO] 注解式切面已初始化...
[2020-03-15 15:29:07:472] [vo.logVo.LogVo.<init>] [INFO] 日志实例已初始化...
[2020-03-15 15:29:08:035] [aop.ConfigCommenAop.<init>] [INFO] 切面已初始化...
[2020-03-15 15:29:08:113] [vo.logVo.LogVo.<init>] [INFO] 日志实例已初始化...
[2020-03-15 15:41:14:390] [util.MyApplicationContextAnnotion.<init>] [INFO] 获取上下文工具类初始化成功!
[2020-03-15 15:41:14:824] [aop.AnnotationCommenAop.<init>] [INFO] 注解式切面已初始化...
[2020-03-15 15:41:16:594] [vo.logVo.LogVo.<init>] [INFO] 日志实例已初始化...
[2020-03-15 15:41:17:323] [aop.ConfigCommenAop.<init>] [INFO] 切面已初始化...
[2020-03-15 15:41:17:378] [vo.logVo.LogVo.<init>] [INFO] 日志实例已初始化...
[2020-03-15 15:48:05:291] [util.MyApplicationContextAnnotion.<init>] [INFO] 获取上下文工具类初始化成功!
[2020-03-15 15:48:05:633] [aop.AnnotationCommenAop.<init>] [INFO] 注解式切面已初始化...
[2020-03-15 15:48:07:274] [vo.logVo.LogVo.<init>] [INFO] 日志实例已初始化...
[2020-03-15 15:48:07:852] [aop.ConfigCommenAop.<init>] [INFO] 切面已初始化...
[2020-03-15 15:48:07:915] [vo.logVo.LogVo.<init>] [INFO] 日志实例已初始化...
[2020-03-15 15:50:09:119] [util.MyApplicationContextAnnotion.<init>] [INFO] 获取上下文工具类初始化成功!
[2020-03-15 15:50:09:481] [aop.AnnotationCommenAop.<init>] [INFO] 注解式切面已初始化...
[2020-03-15 15:50:10:901] [vo.logVo.LogVo.<init>] [INFO] 日志实例已初始化...
[2020-03-15 15:50:11:435] [aop.ConfigCommenAop.<init>] [INFO] 切面已初始化...
[2020-03-15 15:50:11:474] [vo.logVo.LogVo.<init>] [INFO] 日志实例已初始化...
[2020-03-15 15:56:37:933] [util.MyApplicationContextAnnotion.<init>] [INFO] 获取上下文工具类初始化成功!
[2020-03-15 15:56:38:324] [aop.AnnotationCommenAop.<init>] [INFO] 注解式切面已初始化...
[2020-03-15 15:56:39:860] [vo.logVo.LogVo.<init>] [INFO] 日志实例已初始化...
[2020-03-15 15:56:40:384] [aop.ConfigCommenAop.<init>] [INFO] 切面已初始化...
[2020-03-15 15:56:40:425] [vo.logVo.LogVo.<init>] [INFO] 日志实例已初始化...
[2020-03-15 15:59:31:629] [util.MyApplicationContextAnnotion.<init>] [INFO] 获取上下文工具类初始化成功!
[2020-03-15 15:59:31:983] [aop.AnnotationCommenAop.<init>] [INFO] 注解式切面已初始化...
[2020-03-15 15:59:33:467] [vo.logVo.LogVo.<init>] [INFO] 日志实例已初始化...
[2020-03-15 15:59:33:964] [aop.ConfigCommenAop.<init>] [INFO] 切面已初始化...
[2020-03-15 15:59:34:012] [vo.logVo.LogVo.<init>] [INFO] 日志实例已初始化...
[2020-03-15 16:09:45:415] [util.MyApplicationContextAnnotion.<init>] [INFO] 获取上下文工具类初始化成功!
[2020-03-15 16:09:46:424] [aop.AnnotationCommenAop.<init>] [INFO] 注解式切面已初始化...
[2020-03-15 16:09:47:981] [vo.logVo.LogVo.<init>] [INFO] 日志实例已初始化...
[2020-03-15 16:09:48:512] [aop.ConfigCommenAop.<init>] [INFO] 切面已初始化...
[2020-03-15 16:09:48:555] [vo.logVo.LogVo.<init>] [INFO] 日志实例已初始化...
[2020-03-15 16:12:19:387] [util.MyApplicationContextAnnotion.<init>] [INFO] 获取上下文工具类初始化成功!
[2020-03-15 16:12:19:684] [aop.AnnotationCommenAop.<init>] [INFO] 注解式切面已初始化...
[2020-03-15 16:12:21:091] [vo.logVo.LogVo.<init>] [INFO] 日志实例已初始化...
[2020-03-15 16:12:21:584] [aop.ConfigCommenAop.<init>] [INFO] 切面已初始化...
[2020-03-15 16:12:21:625] [vo.logVo.LogVo.<init>] [INFO] 日志实例已初始化...
[2020-03-15 16:15:42:388] [util.MyApplicationContextAnnotion.<init>] [INFO] 获取上下文工具类初始化成功!
[2020-03-15 16:15:42:729] [aop.AnnotationCommenAop.<init>] [INFO] 注解式切面已初始化...
[2020-03-15 16:15:44:356] [vo.logVo.LogVo.<init>] [INFO] 日志实例已初始化...
[2020-03-15 16:15:44:971] [aop.ConfigCommenAop.<init>] [INFO] 切面已初始化...
[2020-03-15 16:15:45:048] [vo.logVo.LogVo.<init>] [INFO] 日志实例已初始化...
[2020-03-15 16:17:21:527] [util.MyApplicationContextAnnotion.<init>] [INFO] 获取上下文工具类初始化成功!
[2020-03-15 16:17:22:143] [aop.AnnotationCommenAop.<init>] [INFO] 注解式切面已初始化...
[2020-03-15 16:17:23:913] [vo.logVo.LogVo.<init>] [INFO] 日志实例已初始化...
[2020-03-15 16:17:24:531] [aop.ConfigCommenAop.<init>] [INFO] 切面已初始化...
[2020-03-15 16:17:24:587] [vo.logVo.LogVo.<init>] [INFO] 日志实例已初始化...
[2020-03-15 16:19:10:851] [util.MyApplicationContextAnnotion.<init>] [INFO] 获取上下文工具类初始化成功!
[2020-03-15 16:19:11:639] [aop.AnnotationCommenAop.<init>] [INFO] 注解式切面已初始化...
[2020-03-15 16:19:13:812] [vo.logVo.LogVo.<init>] [INFO] 日志实例已初始化...
[2020-03-15 16:19:14:715] [aop.ConfigCommenAop.<init>] [INFO] 切面已初始化...
[2020-03-15 16:19:14:845] [vo.logVo.LogVo.<init>] [INFO] 日志实例已初始化...
[2020-03-15 16:20:39:818] [util.MyApplicationContextAnnotion.<init>] [INFO] 获取上下文工具类初始化成功!
[2020-03-15 16:20:40:419] [aop.AnnotationCommenAop.<init>] [INFO] 注解式切面已初始化...
[2020-03-15 16:20:42:469] [vo.logVo.LogVo.<init>] [INFO] 日志实例已初始化...
[2020-03-15 16:20:42:983] [aop.ConfigCommenAop.<init>] [INFO] 切面已初始化...
[2020-03-15 16:20:43:022] [vo.logVo.LogVo.<init>] [INFO] 日志实例已初始化...
[2020-03-15 16:26:49:936] [util.MyApplicationContextAnnotion.<init>] [INFO] 获取上下文工具类初始化成功!
[2020-03-15 16:26:50:275] [aop.AnnotationCommenAop.<init>] [INFO] 注解式切面已初始化...
[2020-03-15 16:26:51:743] [vo.logVo.LogVo.<init>] [INFO] 日志实例已初始化...
[2020-03-15 16:26:52:270] [aop.ConfigCommenAop.<init>] [INFO] 切面已初始化...
[2020-03-15 16:26:52:316] [vo.logVo.LogVo.<init>] [INFO] 日志实例已初始化...
[2020-03-15 16:27:19:913] [vo.logVo.LogVo.<init>] [INFO] 日志实例已初始化...
[2020-03-15 16:27:19:923] [vo.logVo.LogVo.<init>] [INFO] 日志实例已初始化...
[2020-03-15 16:27:19:924] [vo.logVo.LogVo.<init>] [INFO] 日志实例已初始化...
[2020-03-15 16:27:19:924] [vo.logVo.LogVo.<init>] [INFO] 日志实例已初始化...
[2020-03-15 16:27:19:925] [vo.logVo.LogVo.<init>] [INFO] 日志实例已初始化...
[2020-03-15 16:27:19:925] [vo.logVo.LogVo.<init>] [INFO] 日志实例已初始化...
[2020-03-15 16:27:19:926] [vo.logVo.LogVo.<init>] [INFO] 日志实例已初始化...
[2020-03-15 16:27:19:927] [vo.logVo.LogVo.<init>] [INFO] 日志实例已初始化...
[2020-03-15 16:27:19:927] [vo.logVo.LogVo.<init>] [INFO] 日志实例已初始化...
[2020-03-15 16:27:19:928] [vo.logVo.LogVo.<init>] [INFO] 日志实例已初始化...
[2020-03-15 16:27:19:928] [vo.logVo.LogVo.<init>] [INFO] 日志实例已初始化...
[2020-03-15 16:27:19:929] [vo.logVo.LogVo.<init>] [INFO] 日志实例已初始化...
[2020-03-15 16:27:19:930] [vo.logVo.LogVo.<init>] [INFO] 日志实例已初始化...
[2020-03-15 16:27:19:932] [vo.logVo.LogVo.<init>] [INFO] 日志实例已初始化...
[2020-03-15 16:27:19:933] [vo.logVo.LogVo.<init>] [INFO] 日志实例已初始化...
[2020-03-15 16:27:19:934] [vo.logVo.LogVo.<init>] [INFO] 日志实例已初始化...
[2020-03-15 16:27:19:935] [vo.logVo.LogVo.<init>] [INFO] 日志实例已初始化...
[2020-03-15 16:27:19:936] [vo.logVo.LogVo.<init>] [INFO] 日志实例已初始化...
[2020-03-15 16:27:19:937] [vo.logVo.LogVo.<init>] [INFO] 日志实例已初始化...
[2020-03-15 16:27:19:938] [vo.logVo.LogVo.<init>] [INFO] 日志实例已初始化...
[2020-03-15 16:27:19:938] [vo.logVo.LogVo.<init>] [INFO] 日志实例已初始化...
[2020-03-15 16:27:19:939] [vo.logVo.LogVo.<init>] [INFO] 日志实例已初始化...
[2020-03-15 16:27:19:940] [vo.logVo.LogVo.<init>] [INFO] 日志实例已初始化...
[2020-03-15 16:27:19:940] [vo.logVo.LogVo.<init>] [INFO] 日志实例已初始化...
[2020-03-15 16:27:19:941] [vo.logVo.LogVo.<init>] [INFO] 日志实例已初始化...
[2020-03-15 16:27:19:941] [vo.logVo.LogVo.<init>] [INFO] 日志实例已初始化...
[2020-03-15 16:27:19:942] [vo.logVo.LogVo.<init>] [INFO] 日志实例已初始化...
[2020-03-15 16:27:19:943] [vo.logVo.LogVo.<init>] [INFO] 日志实例已初始化...
[2020-03-15 16:27:19:944] [vo.logVo.LogVo.<init>] [INFO] 日志实例已初始化...
[2020-03-15 16:27:19:945] [vo.logVo.LogVo.<init>] [INFO] 日志实例已初始化...
[2020-03-15 16:27:19:946] [vo.logVo.LogVo.<init>] [INFO] 日志实例已初始化...
[2020-03-15 16:27:19:947] [vo.logVo.LogVo.<init>] [INFO] 日志实例已初始化...
[2020-03-15 16:27:19:948] [vo.logVo.LogVo.<init>] [INFO] 日志实例已初始化...
[2020-03-15 16:27:19:949] [vo.logVo.LogVo.<init>] [INFO] 日志实例已初始化...
[2020-03-15 16:27:19:949] [vo.logVo.LogVo.<init>] [INFO] 日志实例已初始化...
[2020-03-15 16:27:19:950] [vo.logVo.LogVo.<init>] [INFO] 日志实例已初始化...
[2020-03-15 16:27:19:951] [vo.logVo.LogVo.<init>] [INFO] 日志实例已初始化...
[2020-03-15 16:27:19:953] [vo.logVo.LogVo.<init>] [INFO] 日志实例已初始化...
[2020-03-15 16:27:19:957] [vo.logVo.LogVo.<init>] [INFO] 日志实例已初始化...
[2020-03-15 16:27:19:959] [vo.logVo.LogVo.<init>] [INFO] 日志实例已初始化...
[2020-03-15 16:27:19:959] [vo.logVo.LogVo.<init>] [INFO] 日志实例已初始化...
[2020-03-15 16:27:19:960] [vo.logVo.LogVo.<init>] [INFO] 日志实例已初始化...
[2020-03-15 16:27:19:961] [vo.logVo.LogVo.<init>] [INFO] 日志实例已初始化...
[2020-03-15 16:27:19:962] [vo.logVo.LogVo.<init>] [INFO] 日志实例已初始化...
[2020-03-15 16:27:19:963] [vo.logVo.LogVo.<init>] [INFO] 日志实例已初始化...
[2020-03-15 16:27:19:965] [vo.logVo.LogVo.<init>] [INFO] 日志实例已初始化...
[2020-03-15 16:27:19:966] [vo.logVo.LogVo.<init>] [INFO] 日志实例已初始化...
[2020-03-15 16:27:19:966] [vo.logVo.LogVo.<init>] [INFO] 日志实例已初始化...
[2020-03-15 16:27:19:967] [vo.logVo.LogVo.<init>] [INFO] 日志实例已初始化...
[2020-03-15 16:27:19:967] [vo.logVo.LogVo.<init>] [INFO] 日志实例已初始化...
[2020-03-15 16:27:19:968] [vo.logVo.LogVo.<init>] [INFO] 日志实例已初始化...
[2020-03-15 16:27:19:969] [vo.logVo.LogVo.<init>] [INFO] 日志实例已初始化...
[2020-03-15 16:27:19:970] [vo.logVo.LogVo.<init>] [INFO] 日志实例已初始化...
[2020-03-15 16:27:19:971] [vo.logVo.LogVo.<init>] [INFO] 日志实例已初始化...
[2020-03-15 16:27:19:971] [vo.logVo.LogVo.<init>] [INFO] 日志实例已初始化...
[2020-03-15 16:27:19:972] [vo.logVo.LogVo.<init>] [INFO] 日志实例已初始化...
[2020-03-15 16:27:19:972] [vo.logVo.LogVo.<init>] [INFO] 日志实例已初始化...
[2020-03-15 16:27:19:973] [vo.logVo.LogVo.<init>] [INFO] 日志实例已初始化...
[2020-03-15 16:27:19:974] [vo.logVo.LogVo.<init>] [INFO] 日志实例已初始化...
[2020-03-15 16:27:19:974] [vo.logVo.LogVo.<init>] [INFO] 日志实例已初始化...
[2020-03-15 16:27:19:975] [vo.logVo.LogVo.<init>] [INFO] 日志实例已初始化...
[2020-03-15 16:27:19:975] [vo.logVo.LogVo.<init>] [INFO] 日志实例已初始化...
[2020-03-15 16:27:19:976] [vo.logVo.LogVo.<init>] [INFO] 日志实例已初始化...
[2020-03-15 16:27:19:976] [vo.logVo.LogVo.<init>] [INFO] 日志实例已初始化...
[2020-03-15 16:27:19:977] [vo.logVo.LogVo.<init>] [INFO] 日志实例已初始化...
[2020-03-15 16:27:19:978] [vo.logVo.LogVo.<init>] [INFO] 日志实例已初始化...
[2020-03-15 16:27:19:978] [vo.logVo.LogVo.<init>] [INFO] 日志实例已初始化...
[2020-03-15 16:27:19:979] [vo.logVo.LogVo.<init>] [INFO] 日志实例已初始化...
[2020-03-15 16:27:19:979] [vo.logVo.LogVo.<init>] [INFO] 日志实例已初始化...
[2020-03-15 16:27:19:980] [vo.logVo.LogVo.<init>] [INFO] 日志实例已初始化...
[2020-03-15 16:27:19:980] [vo.logVo.LogVo.<init>] [INFO] 日志实例已初始化...
[2020-03-15 16:27:19:981] [vo.logVo.LogVo.<init>] [INFO] 日志实例已初始化...
[2020-03-15 16:27:19:981] [vo.logVo.LogVo.<init>] [INFO] 日志实例已初始化...
[2020-03-15 16:27:19:982] [vo.logVo.LogVo.<init>] [INFO] 日志实例已初始化...
[2020-03-15 16:27:19:982] [vo.logVo.LogVo.<init>] [INFO] 日志实例已初始化...
[2020-03-15 16:27:19:983] [vo.logVo.LogVo.<init>] [INFO] 日志实例已初始化...
[2020-03-15 16:27:19:983] [vo.logVo.LogVo.<init>] [INFO] 日志实例已初始化...
[2020-03-15 16:27:19:984] [vo.logVo.LogVo.<init>] [INFO] 日志实例已初始化...
[2020-03-15 16:27:19:984] [vo.logVo.LogVo.<init>] [INFO] 日志实例已初始化...
[2020-03-15 16:27:19:985] [vo.logVo.LogVo.<init>] [INFO] 日志实例已初始化...
[2020-03-15 16:27:19:986] [vo.logVo.LogVo.<init>] [INFO] 日志实例已初始化...
[2020-03-15 16:27:19:987] [vo.logVo.LogVo.<init>] [INFO] 日志实例已初始化...
[2020-03-15 16:27:19:989] [vo.logVo.LogVo.<init>] [INFO] 日志实例已初始化...
[2020-03-15 16:27:19:990] [vo.logVo.LogVo.<init>] [INFO] 日志实例已初始化...
[2020-03-15 16:27:19:991] [vo.logVo.LogVo.<init>] [INFO] 日志实例已初始化...
[2020-03-15 16:27:19:992] [vo.logVo.LogVo.<init>] [INFO] 日志实例已初始化...
[2020-03-15 16:27:19:994] [vo.logVo.LogVo.<init>] [INFO] 日志实例已初始化...
[2020-03-15 16:27:19:994] [vo.logVo.LogVo.<init>] [INFO] 日志实例已初始化...
[2020-03-15 16:27:19:995] [vo.logVo.LogVo.<init>] [INFO] 日志实例已初始化...
[2020-03-15 16:27:19:995] [vo.logVo.LogVo.<init>] [INFO] 日志实例已初始化...
[2020-03-15 16:27:19:996] [vo.logVo.LogVo.<init>] [INFO] 日志实例已初始化...
[2020-03-15 16:27:19:996] [vo.logVo.LogVo.<init>] [INFO] 日志实例已初始化...
[2020-03-15 16:27:19:997] [vo.logVo.LogVo.<init>] [INFO] 日志实例已初始化...
[2020-03-15 16:27:19:997] [vo.logVo.LogVo.<init>] [INFO] 日志实例已初始化...
[2020-03-15 16:27:19:998] [vo.logVo.LogVo.<init>] [INFO] 日志实例已初始化...
[2020-03-15 16:27:19:998] [vo.logVo.LogVo.<init>] [INFO] 日志实例已初始化...
[2020-03-15 16:27:19:999] [vo.logVo.LogVo.<init>] [INFO] 日志实例已初始化...
[2020-03-15 16:27:19:999] [vo.logVo.LogVo.<init>] [INFO] 日志实例已初始化...
[2020-03-15 16:27:20:000] [vo.logVo.LogVo.<init>] [INFO] 日志实例已初始化...
[2020-03-15 16:27:20:000] [vo.logVo.LogVo.<init>] [INFO] 日志实例已初始化...
[2020-03-15 16:27:20:001] [vo.logVo.LogVo.<init>] [INFO] 日志实例已初始化...
[2020-03-15 16:27:20:001] [vo.logVo.LogVo.<init>] [INFO] 日志实例已初始化...
[2020-03-15 16:27:20:002] [vo.logVo.LogVo.<init>] [INFO] 日志实例已初始化...
[2020-03-15 16:27:20:003] [vo.logVo.LogVo.<init>] [INFO] 日志实例已初始化...
[2020-03-15 16:27:20:004] [vo.logVo.LogVo.<init>] [INFO] 日志实例已初始化...
[2020-03-15 16:27:20:005] [vo.logVo.LogVo.<init>] [INFO] 日志实例已初始化...
[2020-03-15 16:27:20:006] [vo.logVo.LogVo.<init>] [INFO] 日志实例已初始化...
[2020-03-15 16:27:20:007] [vo.logVo.LogVo.<init>] [INFO] 日志实例已初始化...
[2020-03-15 16:27:20:008] [vo.logVo.LogVo.<init>] [INFO] 日志实例已初始化...
[2020-03-15 16:27:20:009] [vo.logVo.LogVo.<init>] [INFO] 日志实例已初始化...
[2020-03-15 16:27:20:010] [vo.logVo.LogVo.<init>] [INFO] 日志实例已初始化...
[2020-03-15 16:27:20:011] [vo.logVo.LogVo.<init>] [INFO] 日志实例已初始化...
[2020-03-15 16:27:20:012] [vo.logVo.LogVo.<init>] [INFO] 日志实例已初始化...
[2020-03-15 16:27:20:013] [vo.logVo.LogVo.<init>] [INFO] 日志实例已初始化...
[2020-03-15 16:27:20:013] [vo.logVo.LogVo.<init>] [INFO] 日志实例已初始化...
[2020-03-15 16:27:20:015] [vo.logVo.LogVo.<init>] [INFO] 日志实例已初始化...
[2020-03-15 16:27:20:015] [vo.logVo.LogVo.<init>] [INFO] 日志实例已初始化...
[2020-03-15 16:27:20:016] [vo.logVo.LogVo.<init>] [INFO] 日志实例已初始化...
[2020-03-15 16:27:20:017] [vo.logVo.LogVo.<init>] [INFO] 日志实例已初始化...
[2020-03-15 16:27:20:018] [vo.logVo.LogVo.<init>] [INFO] 日志实例已初始化...
[2020-03-15 16:27:20:022] [vo.logVo.LogVo.<init>] [INFO] 日志实例已初始化...
[2020-03-15 16:27:20:024] [vo.logVo.LogVo.<init>] [INFO] 日志实例已初始化...
[2020-03-15 16:27:20:026] [vo.logVo.LogVo.<init>] [INFO] 日志实例已初始化...
[2020-03-15 16:27:20:027] [vo.logVo.LogVo.<init>] [INFO] 日志实例已初始化...
[2020-03-15 16:27:20:027] [vo.logVo.LogVo.<init>] [INFO] 日志实例已初始化...
[2020-03-15 16:27:20:029] [vo.logVo.LogVo.<init>] [INFO] 日志实例已初始化...
[2020-03-15 16:27:20:031] [vo.logVo.LogVo.<init>] [INFO] 日志实例已初始化...
[2020-03-15 16:27:20:032] [vo.logVo.LogVo.<init>] [INFO] 日志实例已初始化...
[2020-03-15 16:27:20:034] [vo.logVo.LogVo.<init>] [INFO] 日志实例已初始化...
[2020-03-15 16:27:20:036] [vo.logVo.LogVo.<init>] [INFO] 日志实例已初始化...
[2020-03-15 16:27:20:038] [vo.logVo.LogVo.<init>] [INFO] 日志实例已初始化...
[2020-03-15 16:27:20:039] [vo.logVo.LogVo.<init>] [INFO] 日志实例已初始化...
[2020-03-15 16:27:20:040] [vo.logVo.LogVo.<init>] [INFO] 日志实例已初始化...
[2020-03-15 16:27:20:041] [vo.logVo.LogVo.<init>] [INFO] 日志实例已初始化...
[2020-03-15 16:27:20:042] [vo.logVo.LogVo.<init>] [INFO] 日志实例已初始化...
[2020-03-15 16:27:20:043] [vo.logVo.LogVo.<init>] [INFO] 日志实例已初始化...
[2020-03-15 16:27:20:044] [vo.logVo.LogVo.<init>] [INFO] 日志实例已初始化...
[2020-03-15 16:27:20:045] [vo.logVo.LogVo.<init>] [INFO] 日志实例已初始化...
[2020-03-15 16:27:20:046] [vo.logVo.LogVo.<init>] [INFO] 日志实例已初始化...
[2020-03-15 16:27:20:046] [vo.logVo.LogVo.<init>] [INFO] 日志实例已初始化...
[2020-03-15 16:27:20:047] [vo.logVo.LogVo.<init>] [INFO] 日志实例已初始化...
[2020-03-15 16:27:20:048] [vo.logVo.LogVo.<init>] [INFO] 日志实例已初始化...
[2020-03-15 16:27:20:049] [vo.logVo.LogVo.<init>] [INFO] 日志实例已初始化...
[2020-03-15 16:27:20:049] [vo.logVo.LogVo.<init>] [INFO] 日志实例已初始化...
[2020-03-15 16:27:20:050] [vo.logVo.LogVo.<init>] [INFO] 日志实例已初始化...
[2020-03-15 16:27:20:051] [vo.logVo.LogVo.<init>] [INFO] 日志实例已初始化...
[2020-03-15 16:27:20:051] [vo.logVo.LogVo.<init>] [INFO] 日志实例已初始化...
[2020-03-15 16:27:20:052] [vo.logVo.LogVo.<init>] [INFO] 日志实例已初始化...
[2020-03-15 16:27:20:053] [vo.logVo.LogVo.<init>] [INFO] 日志实例已初始化...
[2020-03-15 16:27:20:054] [vo.logVo.LogVo.<init>] [INFO] 日志实例已初始化...
[2020-03-15 16:27:20:055] [vo.logVo.LogVo.<init>] [INFO] 日志实例已初始化...
[2020-03-15 16:27:20:056] [vo.logVo.LogVo.<init>] [INFO] 日志实例已初始化...
[2020-03-15 16:27:20:056] [vo.logVo.LogVo.<init>] [INFO] 日志实例已初始化...
[2020-03-15 16:27:20:057] [vo.logVo.LogVo.<init>] [INFO] 日志实例已初始化...
[2020-03-15 16:27:20:057] [vo.logVo.LogVo.<init>] [INFO] 日志实例已初始化...
[2020-03-15 16:27:20:058] [vo.logVo.LogVo.<init>] [INFO] 日志实例已初始化...
[2020-03-15 16:27:20:059] [vo.logVo.LogVo.<init>] [INFO] 日志实例已初始化...
[2020-03-15 16:27:20:059] [vo.logVo.LogVo.<init>] [INFO] 日志实例已初始化...
[2020-03-15 16:27:20:072] [vo.logVo.LogVo.<init>] [INFO] 日志实例已初始化...
[2020-03-15 16:27:20:074] [vo.logVo.LogVo.<init>] [INFO] 日志实例已初始化...
[2020-03-15 16:27:20:075] [vo.logVo.LogVo.<init>] [INFO] 日志实例已初始化...
[2020-03-15 16:27:20:076] [vo.logVo.LogVo.<init>] [INFO] 日志实例已初始化...
[2020-03-15 16:27:20:079] [vo.logVo.LogVo.<init>] [INFO] 日志实例已初始化...
[2020-03-15 16:27:20:080] [vo.logVo.LogVo.<init>] [INFO] 日志实例已初始化...
[2020-03-15 16:27:20:081] [vo.logVo.LogVo.<init>] [INFO] 日志实例已初始化...
[2020-03-15 16:27:20:082] [vo.logVo.LogVo.<init>] [INFO] 日志实例已初始化...
[2020-03-15 16:27:20:083] [vo.logVo.LogVo.<init>] [INFO] 日志实例已初始化...
[2020-03-15 16:27:20:085] [vo.logVo.LogVo.<init>] [INFO] 日志实例已初始化...
[2020-03-15 16:27:20:087] [vo.logVo.LogVo.<init>] [INFO] 日志实例已初始化...
[2020-03-15 16:27:20:088] [vo.logVo.LogVo.<init>] [INFO] 日志实例已初始化...
[2020-03-15 16:27:20:089] [vo.logVo.LogVo.<init>] [INFO] 日志实例已初始化...
[2020-03-15 16:27:20:089] [vo.logVo.LogVo.<init>] [INFO] 日志实例已初始化...
[2020-03-15 16:27:20:090] [vo.logVo.LogVo.<init>] [INFO] 日志实例已初始化...
[2020-03-15 16:27:20:091] [vo.logVo.LogVo.<init>] [INFO] 日志实例已初始化...
[2020-03-15 16:27:20:091] [vo.logVo.LogVo.<init>] [INFO] 日志实例已初始化...
[2020-03-15 16:27:20:092] [vo.logVo.LogVo.<init>] [INFO] 日志实例已初始化...
[2020-03-15 16:27:20:092] [vo.logVo.LogVo.<init>] [INFO] 日志实例已初始化...
[2020-03-15 16:27:20:093] [vo.logVo.LogVo.<init>] [INFO] 日志实例已初始化...
[2020-03-15 16:27:20:093] [vo.logVo.LogVo.<init>] [INFO] 日志实例已初始化...
[2020-03-15 16:27:20:094] [vo.logVo.LogVo.<init>] [INFO] 日志实例已初始化...
[2020-03-15 16:27:20:094] [vo.logVo.LogVo.<init>] [INFO] 日志实例已初始化...
[2020-03-15 16:27:20:095] [vo.logVo.LogVo.<init>] [INFO] 日志实例已初始化...
[2020-03-15 16:27:20:095] [vo.logVo.LogVo.<init>] [INFO] 日志实例已初始化...
[2020-03-15 16:27:20:096] [vo.logVo.LogVo.<init>] [INFO] 日志实例已初始化...
[2020-03-15 16:27:20:096] [vo.logVo.LogVo.<init>] [INFO] 日志实例已初始化...
[2020-03-15 16:27:20:097] [vo.logVo.LogVo.<init>] [INFO] 日志实例已初始化...
[2020-03-15 16:27:20:097] [vo.logVo.LogVo.<init>] [INFO] 日志实例已初始化...
[2020-03-15 16:27:20:098] [vo.logVo.LogVo.<init>] [INFO] 日志实例已初始化...
[2020-03-15 16:27:20:098] [vo.logVo.LogVo.<init>] [INFO] 日志实例已初始化...
[2020-03-15 16:27:20:100] [vo.logVo.LogVo.<init>] [INFO] 日志实例已初始化...
[2020-03-15 16:27:20:101] [vo.logVo.LogVo.<init>] [INFO] 日志实例已初始化...
[2020-03-15 16:27:20:102] [vo.logVo.LogVo.<init>] [INFO] 日志实例已初始化...
[2020-03-15 16:27:20:103] [vo.logVo.LogVo.<init>] [INFO] 日志实例已初始化...
[2020-03-15 16:27:20:103] [vo.logVo.LogVo.<init>] [INFO] 日志实例已初始化...
[2020-03-15 16:27:20:103] [vo.logVo.LogVo.<init>] [INFO] 日志实例已初始化...
[2020-03-15 16:27:20:104] [vo.logVo.LogVo.<init>] [INFO] 日志实例已初始化...
[2020-03-15 16:27:20:104] [vo.logVo.LogVo.<init>] [INFO] 日志实例已初始化...
[2020-03-15 16:27:20:105] [vo.logVo.LogVo.<init>] [INFO] 日志实例已初始化...
[2020-03-15 16:27:20:106] [vo.logVo.LogVo.<init>] [INFO] 日志实例已初始化...
[2020-03-15 16:27:20:107] [vo.logVo.LogVo.<init>] [INFO] 日志实例已初始化...
[2020-03-15 16:27:20:107] [vo.logVo.LogVo.<init>] [INFO] 日志实例已初始化...
[2020-03-15 16:27:20:108] [vo.logVo.LogVo.<init>] [INFO] 日志实例已初始化...
[2020-03-15 16:27:20:109] [vo.logVo.LogVo.<init>] [INFO] 日志实例已初始化...
[2020-03-15 16:27:20:110] [vo.logVo.LogVo.<init>] [INFO] 日志实例已初始化...
[2020-03-15 16:27:20:111] [vo.logVo.LogVo.<init>] [INFO] 日志实例已初始化...
[2020-03-15 16:27:20:111] [vo.logVo.LogVo.<init>] [INFO] 日志实例已初始化...
[2020-03-15 16:27:20:111] [vo.logVo.LogVo.<init>] [INFO] 日志实例已初始化...
[2020-03-15 16:27:20:112] [vo.logVo.LogVo.<init>] [INFO] 日志实例已初始化...
[2020-03-15 16:27:20:112] [vo.logVo.LogVo.<init>] [INFO] 日志实例已初始化...
[2020-03-15 16:27:20:113] [vo.logVo.LogVo.<init>] [INFO] 日志实例已初始化...
[2020-03-15 16:27:20:113] [vo.logVo.LogVo.<init>] [INFO] 日志实例已初始化...
[2020-03-15 16:27:20:114] [vo.logVo.LogVo.<init>] [INFO] 日志实例已初始化...
[2020-03-15 16:27:20:114] [vo.logVo.LogVo.<init>] [INFO] 日志实例已初始化...
[2020-03-15 16:27:20:115] [vo.logVo.LogVo.<init>] [INFO] 日志实例已初始化...
[2020-03-15 16:27:20:115] [vo.logVo.LogVo.<init>] [INFO] 日志实例已初始化...
[2020-03-15 16:27:20:117] [vo.logVo.LogVo.<init>] [INFO] 日志实例已初始化...
[2020-03-15 16:27:20:118] [vo.logVo.LogVo.<init>] [INFO] 日志实例已初始化...
[2020-03-15 16:27:20:118] [vo.logVo.LogVo.<init>] [INFO] 日志实例已初始化...
[2020-03-15 16:27:20:119] [vo.logVo.LogVo.<init>] [INFO] 日志实例已初始化...
[2020-03-15 16:27:20:120] [vo.logVo.LogVo.<init>] [INFO] 日志实例已初始化...
[2020-03-15 16:27:20:120] [vo.logVo.LogVo.<init>] [INFO] 日志实例已初始化...
[2020-03-15 16:27:20:121] [vo.logVo.LogVo.<init>] [INFO] 日志实例已初始化...
[2020-03-15 16:27:20:122] [vo.logVo.LogVo.<init>] [INFO] 日志实例已初始化...
[2020-03-15 16:27:20:123] [vo.logVo.LogVo.<init>] [INFO] 日志实例已初始化...
[2020-03-15 16:27:20:123] [vo.logVo.LogVo.<init>] [INFO] 日志实例已初始化...
[2020-03-15 16:27:20:124] [vo.logVo.LogVo.<init>] [INFO] 日志实例已初始化...
[2020-03-15 16:27:20:124] [vo.logVo.LogVo.<init>] [INFO] 日志实例已初始化...
[2020-03-15 16:27:20:124] [vo.logVo.LogVo.<init>] [INFO] 日志实例已初始化...
[2020-03-15 16:27:20:125] [vo.logVo.LogVo.<init>] [INFO] 日志实例已初始化...
[2020-03-15 16:27:20:125] [vo.logVo.LogVo.<init>] [INFO] 日志实例已初始化...
[2020-03-15 16:27:20:126] [vo.logVo.LogVo.<init>] [INFO] 日志实例已初始化...
[2020-03-15 16:27:20:126] [vo.logVo.LogVo.<init>] [INFO] 日志实例已初始化...
[2020-03-15 16:27:20:126] [vo.logVo.LogVo.<init>] [INFO] 日志实例已初始化...
[2020-03-15 16:27:20:127] [vo.logVo.LogVo.<init>] [INFO] 日志实例已初始化...
[2020-03-15 16:27:20:127] [vo.logVo.LogVo.<init>] [INFO] 日志实例已初始化...
[2020-03-15 16:27:20:127] [vo.logVo.LogVo.<init>] [INFO] 日志实例已初始化...
[2020-03-15 16:27:20:128] [vo.logVo.LogVo.<init>] [INFO] 日志实例已初始化...
[2020-03-15 16:27:20:128] [vo.logVo.LogVo.<init>] [INFO] 日志实例已初始化...
[2020-03-15 16:27:20:129] [vo.logVo.LogVo.<init>] [INFO] 日志实例已初始化...
[2020-03-15 16:27:20:130] [vo.logVo.LogVo.<init>] [INFO] 日志实例已初始化...
[2020-03-15 16:27:20:131] [vo.logVo.LogVo.<init>] [INFO] 日志实例已初始化...
[2020-03-15 16:27:20:132] [vo.logVo.LogVo.<init>] [INFO] 日志实例已初始化...
[2020-03-15 16:27:20:133] [vo.logVo.LogVo.<init>] [INFO] 日志实例已初始化...
[2020-03-15 16:27:20:134] [vo.logVo.LogVo.<init>] [INFO] 日志实例已初始化...
[2020-03-15 16:27:20:135] [vo.logVo.LogVo.<init>] [INFO] 日志实例已初始化...
[2020-03-15 16:27:20:135] [vo.logVo.LogVo.<init>] [INFO] 日志实例已初始化...
[2020-03-15 16:27:20:137] [vo.logVo.LogVo.<init>] [INFO] 日志实例已初始化...
[2020-03-15 16:27:20:138] [vo.logVo.LogVo.<init>] [INFO] 日志实例已初始化...
[2020-03-15 16:27:20:138] [vo.logVo.LogVo.<init>] [INFO] 日志实例已初始化...
[2020-03-15 16:27:20:139] [vo.logVo.LogVo.<init>] [INFO] 日志实例已初始化...
[2020-03-15 16:27:20:140] [vo.logVo.LogVo.<init>] [INFO] 日志实例已初始化...
[2020-03-15 16:27:20:140] [vo.logVo.LogVo.<init>] [INFO] 日志实例已初始化...
[2020-03-15 16:27:20:141] [vo.logVo.LogVo.<init>] [INFO] 日志实例已初始化...
[2020-03-15 16:27:20:142] [vo.logVo.LogVo.<init>] [INFO] 日志实例已初始化...
[2020-03-15 16:27:20:142] [vo.logVo.LogVo.<init>] [INFO] 日志实例已初始化...
[2020-03-15 16:27:20:143] [vo.logVo.LogVo.<init>] [INFO] 日志实例已初始化...
[2020-03-15 16:27:20:143] [vo.logVo.LogVo.<init>] [INFO] 日志实例已初始化...
[2020-03-15 16:27:20:144] [vo.logVo.LogVo.<init>] [INFO] 日志实例已初始化...
[2020-03-15 16:27:20:145] [vo.logVo.LogVo.<init>] [INFO] 日志实例已初始化...
[2020-03-15 16:27:20:146] [vo.logVo.LogVo.<init>] [INFO] 日志实例已初始化...
[2020-03-15 16:27:20:147] [vo.logVo.LogVo.<init>] [INFO] 日志实例已初始化...
[2020-03-15 16:27:20:147] [vo.logVo.LogVo.<init>] [INFO] 日志实例已初始化...
[2020-03-15 16:27:20:148] [vo.logVo.LogVo.<init>] [INFO] 日志实例已初始化...
[2020-03-15 16:27:20:149] [vo.logVo.LogVo.<init>] [INFO] 日志实例已初始化...
[2020-03-15 16:27:20:150] [vo.logVo.LogVo.<init>] [INFO] 日志实例已初始化...
[2020-03-15 16:27:20:150] [vo.logVo.LogVo.<init>] [INFO] 日志实例已初始化...
[2020-03-15 16:27:20:151] [vo.logVo.LogVo.<init>] [INFO] 日志实例已初始化...
[2020-03-15 16:27:20:152] [vo.logVo.LogVo.<init>] [INFO] 日志实例已初始化...
[2020-03-15 16:27:20:153] [vo.logVo.LogVo.<init>] [INFO] 日志实例已初始化...
[2020-03-15 16:27:20:154] [vo.logVo.LogVo.<init>] [INFO] 日志实例已初始化...
[2020-03-15 16:27:20:154] [vo.logVo.LogVo.<init>] [INFO] 日志实例已初始化...
[2020-03-15 16:27:20:155] [vo.logVo.LogVo.<init>] [INFO] 日志实例已初始化...
[2020-03-15 16:27:20:156] [vo.logVo.LogVo.<init>] [INFO] 日志实例已初始化...
[2020-03-15 16:27:20:156] [vo.logVo.LogVo.<init>] [INFO] 日志实例已初始化...
[2020-03-15 16:27:20:157] [vo.logVo.LogVo.<init>] [INFO] 日志实例已初始化...
[2020-03-15 16:27:20:157] [vo.logVo.LogVo.<init>] [INFO] 日志实例已初始化...
[2020-03-15 16:27:20:158] [vo.logVo.LogVo.<init>] [INFO] 日志实例已初始化...
[2020-03-15 16:27:20:158] [vo.logVo.LogVo.<init>] [INFO] 日志实例已初始化...
[2020-03-15 16:27:20:159] [vo.logVo.LogVo.<init>] [INFO] 日志实例已初始化...
[2020-03-15 16:27:20:159] [vo.logVo.LogVo.<init>] [INFO] 日志实例已初始化...
[2020-03-15 16:27:20:160] [vo.logVo.LogVo.<init>] [INFO] 日志实例已初始化...
[2020-03-15 16:27:20:160] [vo.logVo.LogVo.<init>] [INFO] 日志实例已初始化...
[2020-03-15 16:27:20:161] [vo.logVo.LogVo.<init>] [INFO] 日志实例已初始化...
[2020-03-15 16:27:20:162] [vo.logVo.LogVo.<init>] [INFO] 日志实例已初始化...
[2020-03-15 16:27:20:163] [vo.logVo.LogVo.<init>] [INFO] 日志实例已初始化...
[2020-03-15 16:27:20:163] [vo.logVo.LogVo.<init>] [INFO] 日志实例已初始化...
[2020-03-15 16:27:20:164] [vo.logVo.LogVo.<init>] [INFO] 日志实例已初始化...
[2020-03-15 16:27:20:164] [vo.logVo.LogVo.<init>] [INFO] 日志实例已初始化...
[2020-03-15 16:27:20:165] [vo.logVo.LogVo.<init>] [INFO] 日志实例已初始化...
[2020-03-15 16:27:20:166] [vo.logVo.LogVo.<init>] [INFO] 日志实例已初始化...
[2020-03-15 16:27:20:166] [vo.logVo.LogVo.<init>] [INFO] 日志实例已初始化...
[2020-03-15 16:27:20:167] [vo.logVo.LogVo.<init>] [INFO] 日志实例已初始化...
[2020-03-15 16:27:20:168] [vo.logVo.LogVo.<init>] [INFO] 日志实例已初始化...
[2020-03-15 16:27:20:170] [vo.logVo.LogVo.<init>] [INFO] 日志实例已初始化...
[2020-03-15 16:27:20:171] [vo.logVo.LogVo.<init>] [INFO] 日志实例已初始化...
[2020-03-15 16:27:20:171] [vo.logVo.LogVo.<init>] [INFO] 日志实例已初始化...
[2020-03-15 16:27:20:172] [vo.logVo.LogVo.<init>] [INFO] 日志实例已初始化...
[2020-03-15 16:27:20:172] [vo.logVo.LogVo.<init>] [INFO] 日志实例已初始化...
[2020-03-15 16:27:20:173] [vo.logVo.LogVo.<init>] [INFO] 日志实例已初始化...
[2020-03-15 16:27:20:173] [vo.logVo.LogVo.<init>] [INFO] 日志实例已初始化...
[2020-03-15 16:27:20:173] [vo.logVo.LogVo.<init>] [INFO] 日志实例已初始化...
[2020-03-15 16:27:20:174] [vo.logVo.LogVo.<init>] [INFO] 日志实例已初始化...
[2020-03-15 16:27:20:174] [vo.logVo.LogVo.<init>] [INFO] 日志实例已初始化...
[2020-03-15 16:27:20:175] [vo.logVo.LogVo.<init>] [INFO] 日志实例已初始化...
[2020-03-15 16:27:20:176] [vo.logVo.LogVo.<init>] [INFO] 日志实例已初始化...
[2020-03-15 16:27:20:176] [vo.logVo.LogVo.<init>] [INFO] 日志实例已初始化...
[2020-03-15 16:27:20:176] [vo.logVo.LogVo.<init>] [INFO] 日志实例已初始化...
[2020-03-15 16:27:20:177] [vo.logVo.LogVo.<init>] [INFO] 日志实例已初始化...
[2020-03-15 16:27:20:178] [vo.logVo.LogVo.<init>] [INFO] 日志实例已初始化...
[2020-03-15 16:27:20:178] [vo.logVo.LogVo.<init>] [INFO] 日志实例已初始化...
[2020-03-15 16:27:20:179] [vo.logVo.LogVo.<init>] [INFO] 日志实例已初始化...
[2020-03-15 16:27:20:179] [vo.logVo.LogVo.<init>] [INFO] 日志实例已初始化...
[2020-03-15 16:27:20:180] [vo.logVo.LogVo.<init>] [INFO] 日志实例已初始化...
[2020-03-15 16:27:20:181] [vo.logVo.LogVo.<init>] [INFO] 日志实例已初始化...
[2020-03-15 16:27:20:181] [vo.logVo.LogVo.<init>] [INFO] 日志实例已初始化...
[2020-03-15 16:27:20:182] [vo.logVo.LogVo.<init>] [INFO] 日志实例已初始化...
[2020-03-15 16:27:20:183] [vo.logVo.LogVo.<init>] [INFO] 日志实例已初始化...
[2020-03-15 16:27:20:184] [vo.logVo.LogVo.<init>] [INFO] 日志实例已初始化...
[2020-03-15 16:27:20:184] [vo.logVo.LogVo.<init>] [INFO] 日志实例已初始化...
[2020-03-15 16:27:20:185] [vo.logVo.LogVo.<init>] [INFO] 日志实例已初始化...
[2020-03-15 16:27:20:185] [vo.logVo.LogVo.<init>] [INFO] 日志实例已初始化...
[2020-03-15 16:27:20:186] [vo.logVo.LogVo.<init>] [INFO] 日志实例已初始化...
[2020-03-15 16:27:20:186] [vo.logVo.LogVo.<init>] [INFO] 日志实例已初始化...
[2020-03-15 16:27:20:187] [vo.logVo.LogVo.<init>] [INFO] 日志实例已初始化...
[2020-03-15 16:27:20:188] [vo.logVo.LogVo.<init>] [INFO] 日志实例已初始化...
[2020-03-15 16:27:20:189] [vo.logVo.LogVo.<init>] [INFO] 日志实例已初始化...
[2020-03-15 16:27:20:190] [vo.logVo.LogVo.<init>] [INFO] 日志实例已初始化...
[2020-03-15 16:27:20:190] [vo.logVo.LogVo.<init>] [INFO] 日志实例已初始化...
[2020-03-15 16:27:20:191] [vo.logVo.LogVo.<init>] [INFO] 日志实例已初始化...
[2020-03-15 16:27:20:191] [vo.logVo.LogVo.<init>] [INFO] 日志实例已初始化...
[2020-03-15 16:27:20:191] [vo.logVo.LogVo.<init>] [INFO] 日志实例已初始化...
[2020-03-15 16:27:20:192] [vo.logVo.LogVo.<init>] [INFO] 日志实例已初始化...
[2020-03-15 16:27:20:192] [vo.logVo.LogVo.<init>] [INFO] 日志实例已初始化...
[2020-03-15 16:27:20:193] [vo.logVo.LogVo.<init>] [INFO] 日志实例已初始化...
[2020-03-15 16:27:20:193] [vo.logVo.LogVo.<init>] [INFO] 日志实例已初始化...
[2020-03-15 16:27:20:193] [vo.logVo.LogVo.<init>] [INFO] 日志实例已初始化...
[2020-03-15 16:27:20:194] [vo.logVo.LogVo.<init>] [INFO] 日志实例已初始化...
[2020-03-15 16:27:20:194] [vo.logVo.LogVo.<init>] [INFO] 日志实例已初始化...
[2020-03-15 16:27:20:195] [vo.logVo.LogVo.<init>] [INFO] 日志实例已初始化...
[2020-03-15 16:27:20:196] [vo.logVo.LogVo.<init>] [INFO] 日志实例已初始化...
[2020-03-15 16:27:20:197] [vo.logVo.LogVo.<init>] [INFO] 日志实例已初始化...
[2020-03-15 16:27:20:197] [vo.logVo.LogVo.<init>] [INFO] 日志实例已初始化...
[2020-03-15 16:27:20:198] [vo.logVo.LogVo.<init>] [INFO] 日志实例已初始化...
[2020-03-15 16:27:20:198] [vo.logVo.LogVo.<init>] [INFO] 日志实例已初始化...
[2020-03-15 16:27:20:199] [vo.logVo.LogVo.<init>] [INFO] 日志实例已初始化...
[2020-03-15 16:27:20:200] [vo.logVo.LogVo.<init>] [INFO] 日志实例已初始化...
[2020-03-15 16:27:20:200] [vo.logVo.LogVo.<init>] [INFO] 日志实例已初始化...
[2020-03-15 16:27:20:201] [vo.logVo.LogVo.<init>] [INFO] 日志实例已初始化...
[2020-03-15 16:27:20:202] [vo.logVo.LogVo.<init>] [INFO] 日志实例已初始化...
[2020-03-15 16:27:20:203] [vo.logVo.LogVo.<init>] [INFO] 日志实例已初始化...
[2020-03-15 16:27:20:203] [vo.logVo.LogVo.<init>] [INFO] 日志实例已初始化...
[2020-03-15 16:27:20:204] [vo.logVo.LogVo.<init>] [INFO] 日志实例已初始化...
[2020-03-15 16:27:20:205] [vo.logVo.LogVo.<init>] [INFO] 日志实例已初始化...
[2020-03-15 16:27:20:206] [vo.logVo.LogVo.<init>] [INFO] 日志实例已初始化...
[2020-03-15 16:27:20:206] [vo.logVo.LogVo.<init>] [INFO] 日志实例已初始化...
[2020-03-15 16:27:20:207] [vo.logVo.LogVo.<init>] [INFO] 日志实例已初始化...
[2020-03-15 16:27:20:253] [vo.logVo.LogVo.<init>] [INFO] 日志实例已初始化...
[2020-03-15 16:27:20:270] [vo.logVo.LogVo.<init>] [INFO] 日志实例已初始化...
[2020-03-15 16:27:25:110] [vo.logVo.LogVo.<init>] [INFO] 日志实例已初始化...
[2020-03-15 16:27:25:127] [vo.logVo.LogVo.<init>] [INFO] 日志实例已初始化...
[2020-03-15 16:27:25:194] [vo.logVo.LogVo.<init>] [INFO] 日志实例已初始化...
[2020-03-15 16:27:25:195] [vo.logVo.LogVo.<init>] [INFO] 日志实例已初始化...
[2020-03-15 16:27:25:195] [vo.logVo.LogVo.<init>] [INFO] 日志实例已初始化...
[2020-03-15 16:27:25:196] [vo.logVo.LogVo.<init>] [INFO] 日志实例已初始化...
[2020-03-15 16:27:25:197] [vo.logVo.LogVo.<init>] [INFO] 日志实例已初始化...
[2020-03-15 16:27:25:198] [vo.logVo.LogVo.<init>] [INFO] 日志实例已初始化...
[2020-03-15 16:27:25:198] [vo.logVo.LogVo.<init>] [INFO] 日志实例已初始化...
[2020-03-15 16:27:25:199] [vo.logVo.LogVo.<init>] [INFO] 日志实例已初始化...
[2020-03-15 16:27:25:200] [vo.logVo.LogVo.<init>] [INFO] 日志实例已初始化...
[2020-03-15 16:27:25:200] [vo.logVo.LogVo.<init>] [INFO] 日志实例已初始化...
[2020-03-15 16:27:25:201] [vo.logVo.LogVo.<init>] [INFO] 日志实例已初始化...
[2020-03-15 16:27:25:201] [vo.logVo.LogVo.<init>] [INFO] 日志实例已初始化...
[2020-03-15 16:27:25:202] [vo.logVo.LogVo.<init>] [INFO] 日志实例已初始化...
[2020-03-15 16:27:25:203] [vo.logVo.LogVo.<init>] [INFO] 日志实例已初始化...
[2020-03-15 16:27:25:203] [vo.logVo.LogVo.<init>] [INFO] 日志实例已初始化...
[2020-03-15 16:27:25:203] [vo.logVo.LogVo.<init>] [INFO] 日志实例已初始化...
[2020-03-15 16:27:25:204] [vo.logVo.LogVo.<init>] [INFO] 日志实例已初始化...
[2020-03-15 16:27:25:204] [vo.logVo.LogVo.<init>] [INFO] 日志实例已初始化...
[2020-03-15 16:27:25:205] [vo.logVo.LogVo.<init>] [INFO] 日志实例已初始化...
[2020-03-15 16:27:25:205] [vo.logVo.LogVo.<init>] [INFO] 日志实例已初始化...
[2020-03-15 16:27:25:205] [vo.logVo.LogVo.<init>] [INFO] 日志实例已初始化...
[2020-03-15 16:27:25:206] [vo.logVo.LogVo.<init>] [INFO] 日志实例已初始化...
[2020-03-15 16:27:25:206] [vo.logVo.LogVo.<init>] [INFO] 日志实例已初始化...
[2020-03-15 16:27:25:206] [vo.logVo.LogVo.<init>] [INFO] 日志实例已初始化...
[2020-03-15 16:27:25:207] [vo.logVo.LogVo.<init>] [INFO] 日志实例已初始化...
[2020-03-15 16:27:25:207] [vo.logVo.LogVo.<init>] [INFO] 日志实例已初始化...
[2020-03-15 16:27:25:208] [vo.logVo.LogVo.<init>] [INFO] 日志实例已初始化...
[2020-03-15 16:27:25:208] [vo.logVo.LogVo.<init>] [INFO] 日志实例已初始化...
[2020-03-15 16:27:25:208] [vo.logVo.LogVo.<init>] [INFO] 日志实例已初始化...
[2020-03-15 16:27:25:209] [vo.logVo.LogVo.<init>] [INFO] 日志实例已初始化...
[2020-03-15 16:27:25:209] [vo.logVo.LogVo.<init>] [INFO] 日志实例已初始化...
[2020-03-15 16:27:25:209] [vo.logVo.LogVo.<init>] [INFO] 日志实例已初始化...
[2020-03-15 16:27:25:210] [vo.logVo.LogVo.<init>] [INFO] 日志实例已初始化...
[2020-03-15 16:27:25:210] [vo.logVo.LogVo.<init>] [INFO] 日志实例已初始化...
[2020-03-15 16:27:25:211] [vo.logVo.LogVo.<init>] [INFO] 日志实例已初始化...
[2020-03-15 16:27:25:211] [vo.logVo.LogVo.<init>] [INFO] 日志实例已初始化...
[2020-03-15 16:27:25:212] [vo.logVo.LogVo.<init>] [INFO] 日志实例已初始化...
[2020-03-15 16:27:25:212] [vo.logVo.LogVo.<init>] [INFO] 日志实例已初始化...
[2020-03-15 16:27:25:213] [vo.logVo.LogVo.<init>] [INFO] 日志实例已初始化...
[2020-03-15 16:27:25:215] [vo.logVo.LogVo.<init>] [INFO] 日志实例已初始化...
[2020-03-15 16:27:25:216] [vo.logVo.LogVo.<init>] [INFO] 日志实例已初始化...
[2020-03-15 16:27:25:217] [vo.logVo.LogVo.<init>] [INFO] 日志实例已初始化...
[2020-03-15 16:27:25:217] [vo.logVo.LogVo.<init>] [INFO] 日志实例已初始化...
[2020-03-15 16:27:25:218] [vo.logVo.LogVo.<init>] [INFO] 日志实例已初始化...
[2020-03-15 16:27:25:219] [vo.logVo.LogVo.<init>] [INFO] 日志实例已初始化...
[2020-03-15 16:27:25:220] [vo.logVo.LogVo.<init>] [INFO] 日志实例已初始化...
[2020-03-15 16:27:25:221] [vo.logVo.LogVo.<init>] [INFO] 日志实例已初始化...
[2020-03-15 16:27:25:222] [vo.logVo.LogVo.<init>] [INFO] 日志实例已初始化...
[2020-03-15 16:27:25:222] [vo.logVo.LogVo.<init>] [INFO] 日志实例已初始化...
[2020-03-15 16:27:25:223] [vo.logVo.LogVo.<init>] [INFO] 日志实例已初始化...
[2020-03-15 16:27:25:224] [vo.logVo.LogVo.<init>] [INFO] 日志实例已初始化...
[2020-03-15 16:27:25:225] [vo.logVo.LogVo.<init>] [INFO] 日志实例已初始化...
[2020-03-15 16:27:25:225] [vo.logVo.LogVo.<init>] [INFO] 日志实例已初始化...
[2020-03-15 16:27:25:227] [vo.logVo.LogVo.<init>] [INFO] 日志实例已初始化...
[2020-03-15 16:27:25:228] [vo.logVo.LogVo.<init>] [INFO] 日志实例已初始化...
[2020-03-15 16:27:25:228] [vo.logVo.LogVo.<init>] [INFO] 日志实例已初始化...
[2020-03-15 16:27:25:229] [vo.logVo.LogVo.<init>] [INFO] 日志实例已初始化...
[2020-03-15 16:27:25:232] [vo.logVo.LogVo.<init>] [INFO] 日志实例已初始化...
[2020-03-15 16:27:25:233] [vo.logVo.LogVo.<init>] [INFO] 日志实例已初始化...
[2020-03-15 16:27:25:234] [vo.logVo.LogVo.<init>] [INFO] 日志实例已初始化...
[2020-03-15 16:27:25:235] [vo.logVo.LogVo.<init>] [INFO] 日志实例已初始化...
[2020-03-15 16:27:25:235] [vo.logVo.LogVo.<init>] [INFO] 日志实例已初始化...
[2020-03-15 16:27:25:236] [vo.logVo.LogVo.<init>] [INFO] 日志实例已初始化...
[2020-03-15 16:27:25:236] [vo.logVo.LogVo.<init>] [INFO] 日志实例已初始化...
[2020-03-15 16:27:25:236] [vo.logVo.LogVo.<init>] [INFO] 日志实例已初始化...
[2020-03-15 16:27:25:236] [vo.logVo.LogVo.<init>] [INFO] 日志实例已初始化...
[2020-03-15 16:27:25:237] [vo.logVo.LogVo.<init>] [INFO] 日志实例已初始化...
[2020-03-15 16:27:25:237] [vo.logVo.LogVo.<init>] [INFO] 日志实例已初始化...
[2020-03-15 16:27:25:237] [vo.logVo.LogVo.<init>] [INFO] 日志实例已初始化...
[2020-03-15 16:27:25:238] [vo.logVo.LogVo.<init>] [INFO] 日志实例已初始化...
[2020-03-15 16:27:25:238] [vo.logVo.LogVo.<init>] [INFO] 日志实例已初始化...
[2020-03-15 16:27:25:238] [vo.logVo.LogVo.<init>] [INFO] 日志实例已初始化...
[2020-03-15 16:27:25:238] [vo.logVo.LogVo.<init>] [INFO] 日志实例已初始化...
[2020-03-15 16:27:25:239] [vo.logVo.LogVo.<init>] [INFO] 日志实例已初始化...
[2020-03-15 16:27:25:239] [vo.logVo.LogVo.<init>] [INFO] 日志实例已初始化...
[2020-03-15 16:27:25:240] [vo.logVo.LogVo.<init>] [INFO] 日志实例已初始化...
[2020-03-15 16:27:25:240] [vo.logVo.LogVo.<init>] [INFO] 日志实例已初始化...
[2020-03-15 16:27:25:241] [vo.logVo.LogVo.<init>] [INFO] 日志实例已初始化...
[2020-03-15 16:27:25:241] [vo.logVo.LogVo.<init>] [INFO] 日志实例已初始化...
[2020-03-15 16:27:25:242] [vo.logVo.LogVo.<init>] [INFO] 日志实例已初始化...
[2020-03-15 16:27:25:242] [vo.logVo.LogVo.<init>] [INFO] 日志实例已初始化...
[2020-03-15 16:27:25:243] [vo.logVo.LogVo.<init>] [INFO] 日志实例已初始化...
[2020-03-15 16:27:25:243] [vo.logVo.LogVo.<init>] [INFO] 日志实例已初始化...
[2020-03-15 16:27:25:244] [vo.logVo.LogVo.<init>] [INFO] 日志实例已初始化...
[2020-03-15 16:27:25:244] [vo.logVo.LogVo.<init>] [INFO] 日志实例已初始化...
[2020-03-15 16:27:25:245] [vo.logVo.LogVo.<init>] [INFO] 日志实例已初始化...
[2020-03-15 16:27:25:245] [vo.logVo.LogVo.<init>] [INFO] 日志实例已初始化...
[2020-03-15 16:27:25:245] [vo.logVo.LogVo.<init>] [INFO] 日志实例已初始化...
[2020-03-15 16:27:25:246] [vo.logVo.LogVo.<init>] [INFO] 日志实例已初始化...
[2020-03-15 16:27:25:246] [vo.logVo.LogVo.<init>] [INFO] 日志实例已初始化...
[2020-03-15 16:27:25:247] [vo.logVo.LogVo.<init>] [INFO] 日志实例已初始化...
[2020-03-15 16:27:25:248] [vo.logVo.LogVo.<init>] [INFO] 日志实例已初始化...
[2020-03-15 16:27:25:248] [vo.logVo.LogVo.<init>] [INFO] 日志实例已初始化...
[2020-03-15 16:27:25:249] [vo.logVo.LogVo.<init>] [INFO] 日志实例已初始化...
[2020-03-15 16:27:25:249] [vo.logVo.LogVo.<init>] [INFO] 日志实例已初始化...
[2020-03-15 16:27:25:250] [vo.logVo.LogVo.<init>] [INFO] 日志实例已初始化...
[2020-03-15 16:27:25:250] [vo.logVo.LogVo.<init>] [INFO] 日志实例已初始化...
[2020-03-15 16:27:25:250] [vo.logVo.LogVo.<init>] [INFO] 日志实例已初始化...
[2020-03-15 16:27:25:251] [vo.logVo.LogVo.<init>] [INFO] 日志实例已初始化...
[2020-03-15 16:27:25:251] [vo.logVo.LogVo.<init>] [INFO] 日志实例已初始化...
[2020-03-15 16:27:25:251] [vo.logVo.LogVo.<init>] [INFO] 日志实例已初始化...
[2020-03-15 16:27:25:252] [vo.logVo.LogVo.<init>] [INFO] 日志实例已初始化...
[2020-03-15 16:27:25:252] [vo.logVo.LogVo.<init>] [INFO] 日志实例已初始化...
[2020-03-15 16:27:25:252] [vo.logVo.LogVo.<init>] [INFO] 日志实例已初始化...
[2020-03-15 16:27:25:253] [vo.logVo.LogVo.<init>] [INFO] 日志实例已初始化...
[2020-03-15 16:27:25:253] [vo.logVo.LogVo.<init>] [INFO] 日志实例已初始化...
[2020-03-15 16:27:25:254] [vo.logVo.LogVo.<init>] [INFO] 日志实例已初始化...
[2020-03-15 16:27:25:254] [vo.logVo.LogVo.<init>] [INFO] 日志实例已初始化...
[2020-03-15 16:27:25:255] [vo.logVo.LogVo.<init>] [INFO] 日志实例已初始化...
[2020-03-15 16:27:25:256] [vo.logVo.LogVo.<init>] [INFO] 日志实例已初始化...
[2020-03-15 16:27:25:256] [vo.logVo.LogVo.<init>] [INFO] 日志实例已初始化...
[2020-03-15 16:27:25:257] [vo.logVo.LogVo.<init>] [INFO] 日志实例已初始化...
[2020-03-15 16:27:25:258] [vo.logVo.LogVo.<init>] [INFO] 日志实例已初始化...
[2020-03-15 16:27:25:259] [vo.logVo.LogVo.<init>] [INFO] 日志实例已初始化...
[2020-03-15 16:27:25:260] [vo.logVo.LogVo.<init>] [INFO] 日志实例已初始化...
[2020-03-15 16:27:25:261] [vo.logVo.LogVo.<init>] [INFO] 日志实例已初始化...
[2020-03-15 16:27:25:261] [vo.logVo.LogVo.<init>] [INFO] 日志实例已初始化...
[2020-03-15 16:27:25:263] [vo.logVo.LogVo.<init>] [INFO] 日志实例已初始化...
[2020-03-15 16:27:25:264] [vo.logVo.LogVo.<init>] [INFO] 日志实例已初始化...
[2020-03-15 16:27:25:264] [vo.logVo.LogVo.<init>] [INFO] 日志实例已初始化...
[2020-03-15 16:27:25:265] [vo.logVo.LogVo.<init>] [INFO] 日志实例已初始化...
[2020-03-15 16:27:25:266] [vo.logVo.LogVo.<init>] [INFO] 日志实例已初始化...
[2020-03-15 16:27:25:266] [vo.logVo.LogVo.<init>] [INFO] 日志实例已初始化...
[2020-03-15 16:27:25:267] [vo.logVo.LogVo.<init>] [INFO] 日志实例已初始化...
[2020-03-15 16:27:25:267] [vo.logVo.LogVo.<init>] [INFO] 日志实例已初始化...
[2020-03-15 16:27:25:268] [vo.logVo.LogVo.<init>] [INFO] 日志实例已初始化...
[2020-03-15 16:27:25:269] [vo.logVo.LogVo.<init>] [INFO] 日志实例已初始化...
[2020-03-15 16:27:25:269] [vo.logVo.LogVo.<init>] [INFO] 日志实例已初始化...
[2020-03-15 16:27:25:270] [vo.logVo.LogVo.<init>] [INFO] 日志实例已初始化...
[2020-03-15 16:27:25:271] [vo.logVo.LogVo.<init>] [INFO] 日志实例已初始化...
[2020-03-15 16:27:25:271] [vo.logVo.LogVo.<init>] [INFO] 日志实例已初始化...
[2020-03-15 16:27:25:272] [vo.logVo.LogVo.<init>] [INFO] 日志实例已初始化...
[2020-03-15 16:27:25:273] [vo.logVo.LogVo.<init>] [INFO] 日志实例已初始化...
[2020-03-15 16:27:25:274] [vo.logVo.LogVo.<init>] [INFO] 日志实例已初始化...
[2020-03-15 16:27:25:274] [vo.logVo.LogVo.<init>] [INFO] 日志实例已初始化...
[2020-03-15 16:27:25:275] [vo.logVo.LogVo.<init>] [INFO] 日志实例已初始化...
[2020-03-15 16:27:25:277] [vo.logVo.LogVo.<init>] [INFO] 日志实例已初始化...
[2020-03-15 16:27:25:278] [vo.logVo.LogVo.<init>] [INFO] 日志实例已初始化...
[2020-03-15 16:27:25:278] [vo.logVo.LogVo.<init>] [INFO] 日志实例已初始化...
[2020-03-15 16:27:25:279] [vo.logVo.LogVo.<init>] [INFO] 日志实例已初始化...
[2020-03-15 16:27:25:280] [vo.logVo.LogVo.<init>] [INFO] 日志实例已初始化...
[2020-03-15 16:27:25:281] [vo.logVo.LogVo.<init>] [INFO] 日志实例已初始化...
[2020-03-15 16:27:25:281] [vo.logVo.LogVo.<init>] [INFO] 日志实例已初始化...
[2020-03-15 16:27:25:282] [vo.logVo.LogVo.<init>] [INFO] 日志实例已初始化...
[2020-03-15 16:27:25:282] [vo.logVo.LogVo.<init>] [INFO] 日志实例已初始化...
[2020-03-15 16:27:25:282] [vo.logVo.LogVo.<init>] [INFO] 日志实例已初始化...
[2020-03-15 16:27:25:283] [vo.logVo.LogVo.<init>] [INFO] 日志实例已初始化...
[2020-03-15 16:27:25:284] [vo.logVo.LogVo.<init>] [INFO] 日志实例已初始化...
[2020-03-15 16:27:25:284] [vo.logVo.LogVo.<init>] [INFO] 日志实例已初始化...
[2020-03-15 16:27:25:285] [vo.logVo.LogVo.<init>] [INFO] 日志实例已初始化...
[2020-03-15 16:27:25:286] [vo.logVo.LogVo.<init>] [INFO] 日志实例已初始化...
[2020-03-15 16:27:25:286] [vo.logVo.LogVo.<init>] [INFO] 日志实例已初始化...
[2020-03-15 16:27:25:287] [vo.logVo.LogVo.<init>] [INFO] 日志实例已初始化...
[2020-03-15 16:27:25:288] [vo.logVo.LogVo.<init>] [INFO] 日志实例已初始化...
[2020-03-15 16:27:25:289] [vo.logVo.LogVo.<init>] [INFO] 日志实例已初始化...
[2020-03-15 16:27:25:289] [vo.logVo.LogVo.<init>] [INFO] 日志实例已初始化...
[2020-03-15 16:27:25:290] [vo.logVo.LogVo.<init>] [INFO] 日志实例已初始化...
[2020-03-15 16:27:25:291] [vo.logVo.LogVo.<init>] [INFO] 日志实例已初始化...
[2020-03-15 16:27:25:291] [vo.logVo.LogVo.<init>] [INFO] 日志实例已初始化...
[2020-03-15 16:27:25:292] [vo.logVo.LogVo.<init>] [INFO] 日志实例已初始化...
[2020-03-15 16:27:25:292] [vo.logVo.LogVo.<init>] [INFO] 日志实例已初始化...
[2020-03-15 16:27:25:293] [vo.logVo.LogVo.<init>] [INFO] 日志实例已初始化...
[2020-03-15 16:27:25:293] [vo.logVo.LogVo.<init>] [INFO] 日志实例已初始化...
[2020-03-15 16:27:25:293] [vo.logVo.LogVo.<init>] [INFO] 日志实例已初始化...
[2020-03-15 16:27:25:293] [vo.logVo.LogVo.<init>] [INFO] 日志实例已初始化...
[2020-03-15 16:27:25:294] [vo.logVo.LogVo.<init>] [INFO] 日志实例已初始化...
[2020-03-15 16:27:25:294] [vo.logVo.LogVo.<init>] [INFO] 日志实例已初始化...
[2020-03-15 16:27:25:294] [vo.logVo.LogVo.<init>] [INFO] 日志实例已初始化...
[2020-03-15 16:27:25:294] [vo.logVo.LogVo.<init>] [INFO] 日志实例已初始化...
[2020-03-15 16:27:25:295] [vo.logVo.LogVo.<init>] [INFO] 日志实例已初始化...
[2020-03-15 16:27:25:295] [vo.logVo.LogVo.<init>] [INFO] 日志实例已初始化...
[2020-03-15 16:27:25:295] [vo.logVo.LogVo.<init>] [INFO] 日志实例已初始化...
[2020-03-15 16:27:25:295] [vo.logVo.LogVo.<init>] [INFO] 日志实例已初始化...
[2020-03-15 16:27:25:296] [vo.logVo.LogVo.<init>] [INFO] 日志实例已初始化...
[2020-03-15 16:27:25:296] [vo.logVo.LogVo.<init>] [INFO] 日志实例已初始化...
[2020-03-15 16:27:25:296] [vo.logVo.LogVo.<init>] [INFO] 日志实例已初始化...
[2020-03-15 16:27:25:297] [vo.logVo.LogVo.<init>] [INFO] 日志实例已初始化...
[2020-03-15 16:27:25:297] [vo.logVo.LogVo.<init>] [INFO] 日志实例已初始化...
[2020-03-15 16:27:25:297] [vo.logVo.LogVo.<init>] [INFO] 日志实例已初始化...
[2020-03-15 16:27:25:297] [vo.logVo.LogVo.<init>] [INFO] 日志实例已初始化...
[2020-03-15 16:27:25:298] [vo.logVo.LogVo.<init>] [INFO] 日志实例已初始化...
[2020-03-15 16:27:25:298] [vo.logVo.LogVo.<init>] [INFO] 日志实例已初始化...
[2020-03-15 16:27:25:298] [vo.logVo.LogVo.<init>] [INFO] 日志实例已初始化...
[2020-03-15 16:27:25:298] [vo.logVo.LogVo.<init>] [INFO] 日志实例已初始化...
[2020-03-15 16:27:25:299] [vo.logVo.LogVo.<init>] [INFO] 日志实例已初始化...
[2020-03-15 16:27:25:299] [vo.logVo.LogVo.<init>] [INFO] 日志实例已初始化...
[2020-03-15 16:27:25:299] [vo.logVo.LogVo.<init>] [INFO] 日志实例已初始化...
[2020-03-15 16:27:25:300] [vo.logVo.LogVo.<init>] [INFO] 日志实例已初始化...
[2020-03-15 16:27:25:300] [vo.logVo.LogVo.<init>] [INFO] 日志实例已初始化...
[2020-03-15 16:27:25:300] [vo.logVo.LogVo.<init>] [INFO] 日志实例已初始化...
[2020-03-15 16:27:25:301] [vo.logVo.LogVo.<init>] [INFO] 日志实例已初始化...
[2020-03-15 16:27:25:301] [vo.logVo.LogVo.<init>] [INFO] 日志实例已初始化...
[2020-03-15 16:27:25:301] [vo.logVo.LogVo.<init>] [INFO] 日志实例已初始化...
[2020-03-15 16:27:25:302] [vo.logVo.LogVo.<init>] [INFO] 日志实例已初始化...
[2020-03-15 16:27:25:302] [vo.logVo.LogVo.<init>] [INFO] 日志实例已初始化...
[2020-03-15 16:27:25:303] [vo.logVo.LogVo.<init>] [INFO] 日志实例已初始化...
[2020-03-15 16:27:25:304] [vo.logVo.LogVo.<init>] [INFO] 日志实例已初始化...
[2020-03-15 16:27:25:304] [vo.logVo.LogVo.<init>] [INFO] 日志实例已初始化...
[2020-03-15 16:27:25:304] [vo.logVo.LogVo.<init>] [INFO] 日志实例已初始化...
[2020-03-15 16:27:25:305] [vo.logVo.LogVo.<init>] [INFO] 日志实例已初始化...
[2020-03-15 16:27:25:305] [vo.logVo.LogVo.<init>] [INFO] 日志实例已初始化...
[2020-03-15 16:27:25:306] [vo.logVo.LogVo.<init>] [INFO] 日志实例已初始化...
[2020-03-15 16:27:25:306] [vo.logVo.LogVo.<init>] [INFO] 日志实例已初始化...
[2020-03-15 16:27:25:307] [vo.logVo.LogVo.<init>] [INFO] 日志实例已初始化...
[2020-03-15 16:27:25:308] [vo.logVo.LogVo.<init>] [INFO] 日志实例已初始化...
[2020-03-15 16:27:25:308] [vo.logVo.LogVo.<init>] [INFO] 日志实例已初始化...
[2020-03-15 16:27:25:309] [vo.logVo.LogVo.<init>] [INFO] 日志实例已初始化...
[2020-03-15 16:27:25:309] [vo.logVo.LogVo.<init>] [INFO] 日志实例已初始化...
[2020-03-15 16:27:25:309] [vo.logVo.LogVo.<init>] [INFO] 日志实例已初始化...
[2020-03-15 16:27:25:310] [vo.logVo.LogVo.<init>] [INFO] 日志实例已初始化...
[2020-03-15 16:27:25:310] [vo.logVo.LogVo.<init>] [INFO] 日志实例已初始化...
[2020-03-15 16:27:25:310] [vo.logVo.LogVo.<init>] [INFO] 日志实例已初始化...
[2020-03-15 16:27:25:311] [vo.logVo.LogVo.<init>] [INFO] 日志实例已初始化...
[2020-03-15 16:27:25:311] [vo.logVo.LogVo.<init>] [INFO] 日志实例已初始化...
[2020-03-15 16:27:25:311] [vo.logVo.LogVo.<init>] [INFO] 日志实例已初始化...
[2020-03-15 16:27:25:312] [vo.logVo.LogVo.<init>] [INFO] 日志实例已初始化...
[2020-03-15 16:27:25:312] [vo.logVo.LogVo.<init>] [INFO] 日志实例已初始化...
[2020-03-15 16:27:25:312] [vo.logVo.LogVo.<init>] [INFO] 日志实例已初始化...
[2020-03-15 16:27:25:313] [vo.logVo.LogVo.<init>] [INFO] 日志实例已初始化...
[2020-03-15 16:27:25:313] [vo.logVo.LogVo.<init>] [INFO] 日志实例已初始化...
[2020-03-15 16:27:25:314] [vo.logVo.LogVo.<init>] [INFO] 日志实例已初始化...
[2020-03-15 16:27:25:315] [vo.logVo.LogVo.<init>] [INFO] 日志实例已初始化...
[2020-03-15 16:27:25:315] [vo.logVo.LogVo.<init>] [INFO] 日志实例已初始化...
[2020-03-15 16:27:25:316] [vo.logVo.LogVo.<init>] [INFO] 日志实例已初始化...
[2020-03-15 16:27:25:316] [vo.logVo.LogVo.<init>] [INFO] 日志实例已初始化...
[2020-03-15 16:27:25:316] [vo.logVo.LogVo.<init>] [INFO] 日志实例已初始化...
[2020-03-15 16:27:25:316] [vo.logVo.LogVo.<init>] [INFO] 日志实例已初始化...
[2020-03-15 16:27:25:317] [vo.logVo.LogVo.<init>] [INFO] 日志实例已初始化...
[2020-03-15 16:27:25:317] [vo.logVo.LogVo.<init>] [INFO] 日志实例已初始化...
[2020-03-15 16:27:25:317] [vo.logVo.LogVo.<init>] [INFO] 日志实例已初始化...
[2020-03-15 16:27:25:317] [vo.logVo.LogVo.<init>] [INFO] 日志实例已初始化...
[2020-03-15 16:27:25:318] [vo.logVo.LogVo.<init>] [INFO] 日志实例已初始化...
[2020-03-15 16:27:25:318] [vo.logVo.LogVo.<init>] [INFO] 日志实例已初始化...
[2020-03-15 16:27:25:319] [vo.logVo.LogVo.<init>] [INFO] 日志实例已初始化...
[2020-03-15 16:27:25:319] [vo.logVo.LogVo.<init>] [INFO] 日志实例已初始化...
[2020-03-15 16:27:25:320] [vo.logVo.LogVo.<init>] [INFO] 日志实例已初始化...
[2020-03-15 16:27:25:320] [vo.logVo.LogVo.<init>] [INFO] 日志实例已初始化...
[2020-03-15 16:27:25:321] [vo.logVo.LogVo.<init>] [INFO] 日志实例已初始化...
[2020-03-15 16:27:25:321] [vo.logVo.LogVo.<init>] [INFO] 日志实例已初始化...
[2020-03-15 16:27:25:322] [vo.logVo.LogVo.<init>] [INFO] 日志实例已初始化...
[2020-03-15 16:27:25:322] [vo.logVo.LogVo.<init>] [INFO] 日志实例已初始化...
[2020-03-15 16:27:25:323] [vo.logVo.LogVo.<init>] [INFO] 日志实例已初始化...
[2020-03-15 16:27:25:323] [vo.logVo.LogVo.<init>] [INFO] 日志实例已初始化...
[2020-03-15 16:27:25:323] [vo.logVo.LogVo.<init>] [INFO] 日志实例已初始化...
[2020-03-15 16:27:25:324] [vo.logVo.LogVo.<init>] [INFO] 日志实例已初始化...
[2020-03-15 16:27:25:324] [vo.logVo.LogVo.<init>] [INFO] 日志实例已初始化...
[2020-03-15 16:27:25:324] [vo.logVo.LogVo.<init>] [INFO] 日志实例已初始化...
[2020-03-15 16:27:25:324] [vo.logVo.LogVo.<init>] [INFO] 日志实例已初始化...
[2020-03-15 16:27:25:325] [vo.logVo.LogVo.<init>] [INFO] 日志实例已初始化...
[2020-03-15 16:27:25:325] [vo.logVo.LogVo.<init>] [INFO] 日志实例已初始化...
[2020-03-15 16:27:25:325] [vo.logVo.LogVo.<init>] [INFO] 日志实例已初始化...
[2020-03-15 16:27:25:326] [vo.logVo.LogVo.<init>] [INFO] 日志实例已初始化...
[2020-03-15 16:27:25:326] [vo.logVo.LogVo.<init>] [INFO] 日志实例已初始化...
[2020-03-15 16:27:25:327] [vo.logVo.LogVo.<init>] [INFO] 日志实例已初始化...
[2020-03-15 16:27:25:327] [vo.logVo.LogVo.<init>] [INFO] 日志实例已初始化...
[2020-03-15 16:27:25:328] [vo.logVo.LogVo.<init>] [INFO] 日志实例已初始化...
[2020-03-15 16:27:25:328] [vo.logVo.LogVo.<init>] [INFO] 日志实例已初始化...
[2020-03-15 16:27:25:329] [vo.logVo.LogVo.<init>] [INFO] 日志实例已初始化...
[2020-03-15 16:27:25:330] [vo.logVo.LogVo.<init>] [INFO] 日志实例已初始化...
[2020-03-15 16:27:25:331] [vo.logVo.LogVo.<init>] [INFO] 日志实例已初始化...
[2020-03-15 16:27:25:331] [vo.logVo.LogVo.<init>] [INFO] 日志实例已初始化...
[2020-03-15 16:27:25:333] [vo.logVo.LogVo.<init>] [INFO] 日志实例已初始化...
[2020-03-15 16:27:25:334] [vo.logVo.LogVo.<init>] [INFO] 日志实例已初始化...
[2020-03-15 16:27:25:334] [vo.logVo.LogVo.<init>] [INFO] 日志实例已初始化...
[2020-03-15 16:27:25:336] [vo.logVo.LogVo.<init>] [INFO] 日志实例已初始化...
[2020-03-15 16:27:25:337] [vo.logVo.LogVo.<init>] [INFO] 日志实例已初始化...
[2020-03-15 16:27:25:337] [vo.logVo.LogVo.<init>] [INFO] 日志实例已初始化...
[2020-03-15 16:27:25:338] [vo.logVo.LogVo.<init>] [INFO] 日志实例已初始化...
[2020-03-15 16:27:25:339] [vo.logVo.LogVo.<init>] [INFO] 日志实例已初始化...
[2020-03-15 16:27:25:339] [vo.logVo.LogVo.<init>] [INFO] 日志实例已初始化...
[2020-03-15 16:27:25:340] [vo.logVo.LogVo.<init>] [INFO] 日志实例已初始化...
[2020-03-15 16:27:25:340] [vo.logVo.LogVo.<init>] [INFO] 日志实例已初始化...
[2020-03-15 16:27:25:341] [vo.logVo.LogVo.<init>] [INFO] 日志实例已初始化...
[2020-03-15 16:27:25:342] [vo.logVo.LogVo.<init>] [INFO] 日志实例已初始化...
[2020-03-15 16:27:25:342] [vo.logVo.LogVo.<init>] [INFO] 日志实例已初始化...
[2020-03-15 16:27:25:343] [vo.logVo.LogVo.<init>] [INFO] 日志实例已初始化...
[2020-03-15 16:27:25:344] [vo.logVo.LogVo.<init>] [INFO] 日志实例已初始化...
[2020-03-15 16:27:25:345] [vo.logVo.LogVo.<init>] [INFO] 日志实例已初始化...
[2020-03-15 16:27:25:345] [vo.logVo.LogVo.<init>] [INFO] 日志实例已初始化...
[2020-03-15 16:27:25:347] [vo.logVo.LogVo.<init>] [INFO] 日志实例已初始化...
[2020-03-15 16:27:25:347] [vo.logVo.LogVo.<init>] [INFO] 日志实例已初始化...
[2020-03-15 16:27:25:349] [vo.logVo.LogVo.<init>] [INFO] 日志实例已初始化...
[2020-03-15 16:27:25:349] [vo.logVo.LogVo.<init>] [INFO] 日志实例已初始化...
[2020-03-15 16:27:25:350] [vo.logVo.LogVo.<init>] [INFO] 日志实例已初始化...
[2020-03-15 16:27:25:350] [vo.logVo.LogVo.<init>] [INFO] 日志实例已初始化...
[2020-03-15 16:27:25:351] [vo.logVo.LogVo.<init>] [INFO] 日志实例已初始化...
[2020-03-15 16:27:25:351] [vo.logVo.LogVo.<init>] [INFO] 日志实例已初始化...
[2020-03-15 16:27:25:351] [vo.logVo.LogVo.<init>] [INFO] 日志实例已初始化...
[2020-03-15 16:27:25:352] [vo.logVo.LogVo.<init>] [INFO] 日志实例已初始化...
[2020-03-15 16:27:25:352] [vo.logVo.LogVo.<init>] [INFO] 日志实例已初始化...
[2020-03-15 16:27:25:353] [vo.logVo.LogVo.<init>] [INFO] 日志实例已初始化...
[2020-03-15 16:27:25:353] [vo.logVo.LogVo.<init>] [INFO] 日志实例已初始化...
[2020-03-15 16:27:25:353] [vo.logVo.LogVo.<init>] [INFO] 日志实例已初始化...
[2020-03-15 16:27:25:354] [vo.logVo.LogVo.<init>] [INFO] 日志实例已初始化...
[2020-03-15 16:27:25:354] [vo.logVo.LogVo.<init>] [INFO] 日志实例已初始化...
[2020-03-15 16:27:25:354] [vo.logVo.LogVo.<init>] [INFO] 日志实例已初始化...
[2020-03-15 16:27:25:355] [vo.logVo.LogVo.<init>] [INFO] 日志实例已初始化...
[2020-03-15 16:27:25:355] [vo.logVo.LogVo.<init>] [INFO] 日志实例已初始化...
[2020-03-15 16:27:25:355] [vo.logVo.LogVo.<init>] [INFO] 日志实例已初始化...
[2020-03-15 16:27:25:356] [vo.logVo.LogVo.<init>] [INFO] 日志实例已初始化...
[2020-03-15 16:27:25:357] [vo.logVo.LogVo.<init>] [INFO] 日志实例已初始化...
[2020-03-15 16:27:25:358] [vo.logVo.LogVo.<init>] [INFO] 日志实例已初始化...
[2020-03-15 16:27:25:358] [vo.logVo.LogVo.<init>] [INFO] 日志实例已初始化...
[2020-03-15 16:27:25:359] [vo.logVo.LogVo.<init>] [INFO] 日志实例已初始化...
[2020-03-15 16:27:25:359] [vo.logVo.LogVo.<init>] [INFO] 日志实例已初始化...
[2020-03-15 16:27:25:360] [vo.logVo.LogVo.<init>] [INFO] 日志实例已初始化...
[2020-03-15 16:27:25:360] [vo.logVo.LogVo.<init>] [INFO] 日志实例已初始化...
[2020-03-15 16:27:25:361] [vo.logVo.LogVo.<init>] [INFO] 日志实例已初始化...
[2020-03-15 16:27:25:362] [vo.logVo.LogVo.<init>] [INFO] 日志实例已初始化...
[2020-03-15 16:27:25:362] [vo.logVo.LogVo.<init>] [INFO] 日志实例已初始化...
[2020-03-15 16:27:25:363] [vo.logVo.LogVo.<init>] [INFO] 日志实例已初始化...
[2020-03-15 16:27:25:364] [vo.logVo.LogVo.<init>] [INFO] 日志实例已初始化...
[2020-03-15 16:27:25:367] [vo.logVo.LogVo.<init>] [INFO] 日志实例已初始化...
[2020-03-15 16:27:25:368] [vo.logVo.LogVo.<init>] [INFO] 日志实例已初始化...
[2020-03-15 16:27:25:369] [vo.logVo.LogVo.<init>] [INFO] 日志实例已初始化...
[2020-03-15 16:27:25:370] [vo.logVo.LogVo.<init>] [INFO] 日志实例已初始化...
[2020-03-15 16:27:25:371] [vo.logVo.LogVo.<init>] [INFO] 日志实例已初始化...
[2020-03-15 16:27:25:372] [vo.logVo.LogVo.<init>] [INFO] 日志实例已初始化...
[2020-03-15 16:27:25:373] [vo.logVo.LogVo.<init>] [INFO] 日志实例已初始化...
[2020-03-15 16:27:25:373] [vo.logVo.LogVo.<init>] [INFO] 日志实例已初始化...
[2020-03-15 16:27:25:374] [vo.logVo.LogVo.<init>] [INFO] 日志实例已初始化...
[2020-03-15 16:27:25:374] [vo.logVo.LogVo.<init>] [INFO] 日志实例已初始化...
[2020-03-15 16:27:25:375] [vo.logVo.LogVo.<init>] [INFO] 日志实例已初始化...
[2020-03-15 16:27:25:376] [vo.logVo.LogVo.<init>] [INFO] 日志实例已初始化...
[2020-03-15 16:27:25:388] [vo.logVo.LogVo.<init>] [INFO] 日志实例已初始化...
[2020-03-15 16:27:25:389] [vo.logVo.LogVo.<init>] [INFO] 日志实例已初始化...
[2020-03-15 16:27:25:389] [vo.logVo.LogVo.<init>] [INFO] 日志实例已初始化...
[2020-03-15 16:27:25:390] [vo.logVo.LogVo.<init>] [INFO] 日志实例已初始化...
[2020-03-15 16:27:25:391] [vo.logVo.LogVo.<init>] [INFO] 日志实例已初始化...
[2020-03-15 16:27:25:392] [vo.logVo.LogVo.<init>] [INFO] 日志实例已初始化...
[2020-03-15 16:27:25:392] [vo.logVo.LogVo.<init>] [INFO] 日志实例已初始化...
[2020-03-15 16:27:25:393] [vo.logVo.LogVo.<init>] [INFO] 日志实例已初始化...
[2020-03-15 16:27:25:393] [vo.logVo.LogVo.<init>] [INFO] 日志实例已初始化...
[2020-03-15 16:27:25:393] [vo.logVo.LogVo.<init>] [INFO] 日志实例已初始化...
[2020-03-15 16:27:25:393] [vo.logVo.LogVo.<init>] [INFO] 日志实例已初始化...
[2020-03-15 16:27:25:394] [vo.logVo.LogVo.<init>] [INFO] 日志实例已初始化...
[2020-03-15 16:27:25:394] [vo.logVo.LogVo.<init>] [INFO] 日志实例已初始化...
[2020-03-15 16:27:25:394] [vo.logVo.LogVo.<init>] [INFO] 日志实例已初始化...
[2020-03-15 16:27:25:395] [vo.logVo.LogVo.<init>] [INFO] 日志实例已初始化...
[2020-03-15 16:27:25:395] [vo.logVo.LogVo.<init>] [INFO] 日志实例已初始化...
[2020-03-15 16:27:25:395] [vo.logVo.LogVo.<init>] [INFO] 日志实例已初始化...
[2020-03-15 16:27:25:396] [vo.logVo.LogVo.<init>] [INFO] 日志实例已初始化...
[2020-03-15 16:27:25:397] [vo.logVo.LogVo.<init>] [INFO] 日志实例已初始化...
[2020-03-15 16:27:25:398] [vo.logVo.LogVo.<init>] [INFO] 日志实例已初始化...
[2020-03-15 16:27:25:398] [vo.logVo.LogVo.<init>] [INFO] 日志实例已初始化...
[2020-03-15 16:27:25:400] [vo.logVo.LogVo.<init>] [INFO] 日志实例已初始化...
[2020-03-15 16:27:25:401] [vo.logVo.LogVo.<init>] [INFO] 日志实例已初始化...
[2020-03-15 16:27:25:401] [vo.logVo.LogVo.<init>] [INFO] 日志实例已初始化...
[2020-03-15 16:27:25:402] [vo.logVo.LogVo.<init>] [INFO] 日志实例已初始化...
[2020-03-15 16:27:25:402] [vo.logVo.LogVo.<init>] [INFO] 日志实例已初始化...
[2020-03-15 16:27:25:403] [vo.logVo.LogVo.<init>] [INFO] 日志实例已初始化...
[2020-03-15 16:27:25:403] [vo.logVo.LogVo.<init>] [INFO] 日志实例已初始化...
[2020-03-15 16:27:25:403] [vo.logVo.LogVo.<init>] [INFO] 日志实例已初始化...
[2020-03-15 16:27:25:404] [vo.logVo.LogVo.<init>] [INFO] 日志实例已初始化...
[2020-03-15 16:27:25:404] [vo.logVo.LogVo.<init>] [INFO] 日志实例已初始化...
[2020-03-15 16:27:25:404] [vo.logVo.LogVo.<init>] [INFO] 日志实例已初始化...
[2020-03-15 16:27:31:542] [vo.logVo.LogVo.<init>] [INFO] 日志实例已初始化...
[2020-03-15 16:27:31:543] [vo.logVo.LogVo.<init>] [INFO] 日志实例已初始化...
[2020-03-15 16:27:31:543] [vo.logVo.LogVo.<init>] [INFO] 日志实例已初始化...
[2020-03-15 16:27:31:543] [vo.logVo.LogVo.<init>] [INFO] 日志实例已初始化...
[2020-03-15 16:27:31:544] [vo.logVo.LogVo.<init>] [INFO] 日志实例已初始化...
[2020-03-15 16:27:31:544] [vo.logVo.LogVo.<init>] [INFO] 日志实例已初始化...
[2020-03-15 16:27:31:544] [vo.logVo.LogVo.<init>] [INFO] 日志实例已初始化...
[2020-03-15 16:27:31:545] [vo.logVo.LogVo.<init>] [INFO] 日志实例已初始化...
[2020-03-15 16:27:31:545] [vo.logVo.LogVo.<init>] [INFO] 日志实例已初始化...
[2020-03-15 16:27:31:545] [vo.logVo.LogVo.<init>] [INFO] 日志实例已初始化...
[2020-03-15 16:27:31:546] [vo.logVo.LogVo.<init>] [INFO] 日志实例已初始化...
[2020-03-15 16:27:31:546] [vo.logVo.LogVo.<init>] [INFO] 日志实例已初始化...
[2020-03-15 16:27:31:546] [vo.logVo.LogVo.<init>] [INFO] 日志实例已初始化...
[2020-03-15 16:27:31:547] [vo.logVo.LogVo.<init>] [INFO] 日志实例已初始化...
[2020-03-15 16:27:31:547] [vo.logVo.LogVo.<init>] [INFO] 日志实例已初始化...
[2020-03-15 16:27:31:548] [vo.logVo.LogVo.<init>] [INFO] 日志实例已初始化...
[2020-03-15 16:27:31:548] [vo.logVo.LogVo.<init>] [INFO] 日志实例已初始化...
[2020-03-15 16:27:31:549] [vo.logVo.LogVo.<init>] [INFO] 日志实例已初始化...
[2020-03-15 16:27:31:550] [vo.logVo.LogVo.<init>] [INFO] 日志实例已初始化...
[2020-03-15 16:27:31:550] [vo.logVo.LogVo.<init>] [INFO] 日志实例已初始化...
[2020-03-15 16:27:31:551] [vo.logVo.LogVo.<init>] [INFO] 日志实例已初始化...
[2020-03-15 16:27:31:551] [vo.logVo.LogVo.<init>] [INFO] 日志实例已初始化...
[2020-03-15 16:27:31:551] [vo.logVo.LogVo.<init>] [INFO] 日志实例已初始化...
[2020-03-15 16:27:31:552] [vo.logVo.LogVo.<init>] [INFO] 日志实例已初始化...
[2020-03-15 16:27:31:552] [vo.logVo.LogVo.<init>] [INFO] 日志实例已初始化...
[2020-03-15 16:27:31:553] [vo.logVo.LogVo.<init>] [INFO] 日志实例已初始化...
[2020-03-15 16:27:31:553] [vo.logVo.LogVo.<init>] [INFO] 日志实例已初始化...
[2020-03-15 16:27:31:553] [vo.logVo.LogVo.<init>] [INFO] 日志实例已初始化...
[2020-03-15 16:27:31:554] [vo.logVo.LogVo.<init>] [INFO] 日志实例已初始化...
[2020-03-15 16:27:31:554] [vo.logVo.LogVo.<init>] [INFO] 日志实例已初始化...
[2020-03-15 16:27:31:554] [vo.logVo.LogVo.<init>] [INFO] 日志实例已初始化...
[2020-03-15 16:27:31:555] [vo.logVo.LogVo.<init>] [INFO] 日志实例已初始化...
[2020-03-15 16:27:31:556] [vo.logVo.LogVo.<init>] [INFO] 日志实例已初始化...
[2020-03-15 16:27:31:556] [vo.logVo.LogVo.<init>] [INFO] 日志实例已初始化...
[2020-03-15 16:27:31:558] [vo.logVo.LogVo.<init>] [INFO] 日志实例已初始化...
[2020-03-15 16:27:31:559] [vo.logVo.LogVo.<init>] [INFO] 日志实例已初始化...
[2020-03-15 16:27:31:560] [vo.logVo.LogVo.<init>] [INFO] 日志实例已初始化...
[2020-03-15 16:27:31:560] [vo.logVo.LogVo.<init>] [INFO] 日志实例已初始化...
[2020-03-15 16:27:31:561] [vo.logVo.LogVo.<init>] [INFO] 日志实例已初始化...
[2020-03-15 16:27:31:561] [vo.logVo.LogVo.<init>] [INFO] 日志实例已初始化...
[2020-03-15 16:27:31:562] [vo.logVo.LogVo.<init>] [INFO] 日志实例已初始化...
[2020-03-15 16:27:31:564] [vo.logVo.LogVo.<init>] [INFO] 日志实例已初始化...
[2020-03-15 16:27:31:564] [vo.logVo.LogVo.<init>] [INFO] 日志实例已初始化...
[2020-03-15 16:27:31:565] [vo.logVo.LogVo.<init>] [INFO] 日志实例已初始化...
[2020-03-15 16:27:31:566] [vo.logVo.LogVo.<init>] [INFO] 日志实例已初始化...
[2020-03-15 16:27:31:566] [vo.logVo.LogVo.<init>] [INFO] 日志实例已初始化...
[2020-03-15 16:27:31:567] [vo.logVo.LogVo.<init>] [INFO] 日志实例已初始化...
[2020-03-15 16:27:31:567] [vo.logVo.LogVo.<init>] [INFO] 日志实例已初始化...
[2020-03-15 16:27:31:568] [vo.logVo.LogVo.<init>] [INFO] 日志实例已初始化...
[2020-03-15 16:27:31:568] [vo.logVo.LogVo.<init>] [INFO] 日志实例已初始化...
[2020-03-15 16:27:31:569] [vo.logVo.LogVo.<init>] [INFO] 日志实例已初始化...
[2020-03-15 16:27:31:569] [vo.logVo.LogVo.<init>] [INFO] 日志实例已初始化...
[2020-03-15 16:27:31:570] [vo.logVo.LogVo.<init>] [INFO] 日志实例已初始化...
[2020-03-15 16:27:31:570] [vo.logVo.LogVo.<init>] [INFO] 日志实例已初始化...
[2020-03-15 16:27:31:571] [vo.logVo.LogVo.<init>] [INFO] 日志实例已初始化...
[2020-03-15 16:27:31:572] [vo.logVo.LogVo.<init>] [INFO] 日志实例已初始化...
[2020-03-15 16:27:31:572] [vo.logVo.LogVo.<init>] [INFO] 日志实例已初始化...
[2020-03-15 16:27:31:573] [vo.logVo.LogVo.<init>] [INFO] 日志实例已初始化...
[2020-03-15 16:27:31:574] [vo.logVo.LogVo.<init>] [INFO] 日志实例已初始化...
[2020-03-15 16:27:31:575] [vo.logVo.LogVo.<init>] [INFO] 日志实例已初始化...
[2020-03-15 16:27:31:575] [vo.logVo.LogVo.<init>] [INFO] 日志实例已初始化...
[2020-03-15 16:27:31:576] [vo.logVo.LogVo.<init>] [INFO] 日志实例已初始化...
[2020-03-15 16:27:31:577] [vo.logVo.LogVo.<init>] [INFO] 日志实例已初始化...
[2020-03-15 16:27:31:577] [vo.logVo.LogVo.<init>] [INFO] 日志实例已初始化...
[2020-03-15 16:27:31:577] [vo.logVo.LogVo.<init>] [INFO] 日志实例已初始化...
[2020-03-15 16:27:31:578] [vo.logVo.LogVo.<init>] [INFO] 日志实例已初始化...
[2020-03-15 16:27:31:578] [vo.logVo.LogVo.<init>] [INFO] 日志实例已初始化...
[2020-03-15 16:27:31:579] [vo.logVo.LogVo.<init>] [INFO] 日志实例已初始化...
[2020-03-15 16:27:31:580] [vo.logVo.LogVo.<init>] [INFO] 日志实例已初始化...
[2020-03-15 16:27:31:581] [vo.logVo.LogVo.<init>] [INFO] 日志实例已初始化...
[2020-03-15 16:27:31:581] [vo.logVo.LogVo.<init>] [INFO] 日志实例已初始化...
[2020-03-15 16:27:31:583] [vo.logVo.LogVo.<init>] [INFO] 日志实例已初始化...
[2020-03-15 16:27:31:583] [vo.logVo.LogVo.<init>] [INFO] 日志实例已初始化...
[2020-03-15 16:27:31:584] [vo.logVo.LogVo.<init>] [INFO] 日志实例已初始化...
[2020-03-15 16:27:31:584] [vo.logVo.LogVo.<init>] [INFO] 日志实例已初始化...
[2020-03-15 16:27:31:585] [vo.logVo.LogVo.<init>] [INFO] 日志实例已初始化...
[2020-03-15 16:27:31:585] [vo.logVo.LogVo.<init>] [INFO] 日志实例已初始化...
[2020-03-15 16:27:31:586] [vo.logVo.LogVo.<init>] [INFO] 日志实例已初始化...
[2020-03-15 16:27:31:587] [vo.logVo.LogVo.<init>] [INFO] 日志实例已初始化...
[2020-03-15 16:27:31:588] [vo.logVo.LogVo.<init>] [INFO] 日志实例已初始化...
[2020-03-15 16:27:31:589] [vo.logVo.LogVo.<init>] [INFO] 日志实例已初始化...
[2020-03-15 16:27:31:590] [vo.logVo.LogVo.<init>] [INFO] 日志实例已初始化...
[2020-03-15 16:27:31:591] [vo.logVo.LogVo.<init>] [INFO] 日志实例已初始化...
[2020-03-15 16:27:31:592] [vo.logVo.LogVo.<init>] [INFO] 日志实例已初始化...
[2020-03-15 16:27:31:592] [vo.logVo.LogVo.<init>] [INFO] 日志实例已初始化...
[2020-03-15 16:27:31:593] [vo.logVo.LogVo.<init>] [INFO] 日志实例已初始化...
[2020-03-15 16:27:31:593] [vo.logVo.LogVo.<init>] [INFO] 日志实例已初始化...
[2020-03-15 16:27:31:594] [vo.logVo.LogVo.<init>] [INFO] 日志实例已初始化...
[2020-03-15 16:27:31:594] [vo.logVo.LogVo.<init>] [INFO] 日志实例已初始化...
[2020-03-15 16:27:31:596] [vo.logVo.LogVo.<init>] [INFO] 日志实例已初始化...
[2020-03-15 16:27:31:596] [vo.logVo.LogVo.<init>] [INFO] 日志实例已初始化...
[2020-03-15 16:27:31:597] [vo.logVo.LogVo.<init>] [INFO] 日志实例已初始化...
[2020-03-15 16:27:31:597] [vo.logVo.LogVo.<init>] [INFO] 日志实例已初始化...
[2020-03-15 16:27:31:598] [vo.logVo.LogVo.<init>] [INFO] 日志实例已初始化...
[2020-03-15 16:27:31:599] [vo.logVo.LogVo.<init>] [INFO] 日志实例已初始化...
[2020-03-15 16:27:31:600] [vo.logVo.LogVo.<init>] [INFO] 日志实例已初始化...
[2020-03-15 16:27:31:600] [vo.logVo.LogVo.<init>] [INFO] 日志实例已初始化...
[2020-03-15 16:27:31:601] [vo.logVo.LogVo.<init>] [INFO] 日志实例已初始化...
[2020-03-15 16:27:31:602] [vo.logVo.LogVo.<init>] [INFO] 日志实例已初始化...
[2020-03-15 16:27:31:603] [vo.logVo.LogVo.<init>] [INFO] 日志实例已初始化...
[2020-03-15 16:27:31:604] [vo.logVo.LogVo.<init>] [INFO] 日志实例已初始化...
[2020-03-15 16:27:31:606] [vo.logVo.LogVo.<init>] [INFO] 日志实例已初始化...
[2020-03-15 16:27:31:606] [vo.logVo.LogVo.<init>] [INFO] 日志实例已初始化...
[2020-03-15 16:27:31:610] [vo.logVo.LogVo.<init>] [INFO] 日志实例已初始化...
[2020-03-15 16:27:31:614] [vo.logVo.LogVo.<init>] [INFO] 日志实例已初始化...
[2020-03-15 16:27:31:615] [vo.logVo.LogVo.<init>] [INFO] 日志实例已初始化...
[2020-03-15 16:27:31:615] [vo.logVo.LogVo.<init>] [INFO] 日志实例已初始化...
[2020-03-15 16:27:31:616] [vo.logVo.LogVo.<init>] [INFO] 日志实例已初始化...
[2020-03-15 16:27:31:616] [vo.logVo.LogVo.<init>] [INFO] 日志实例已初始化...
[2020-03-15 16:27:31:616] [vo.logVo.LogVo.<init>] [INFO] 日志实例已初始化...
[2020-03-15 16:27:31:617] [vo.logVo.LogVo.<init>] [INFO] 日志实例已初始化...
[2020-03-15 16:27:31:617] [vo.logVo.LogVo.<init>] [INFO] 日志实例已初始化...
[2020-03-15 16:27:31:617] [vo.logVo.LogVo.<init>] [INFO] 日志实例已初始化...
[2020-03-15 16:27:31:618] [vo.logVo.LogVo.<init>] [INFO] 日志实例已初始化...
[2020-03-15 16:27:31:618] [vo.logVo.LogVo.<init>] [INFO] 日志实例已初始化...
[2020-03-15 16:27:31:619] [vo.logVo.LogVo.<init>] [INFO] 日志实例已初始化...
[2020-03-15 16:27:31:619] [vo.logVo.LogVo.<init>] [INFO] 日志实例已初始化...
[2020-03-15 16:27:31:620] [vo.logVo.LogVo.<init>] [INFO] 日志实例已初始化...
[2020-03-15 16:27:31:620] [vo.logVo.LogVo.<init>] [INFO] 日志实例已初始化...
[2020-03-15 16:27:31:620] [vo.logVo.LogVo.<init>] [INFO] 日志实例已初始化...
[2020-03-15 16:27:31:621] [vo.logVo.LogVo.<init>] [INFO] 日志实例已初始化...
[2020-03-15 16:27:31:621] [vo.logVo.LogVo.<init>] [INFO] 日志实例已初始化...
[2020-03-15 16:27:31:621] [vo.logVo.LogVo.<init>] [INFO] 日志实例已初始化...
[2020-03-15 16:27:31:621] [vo.logVo.LogVo.<init>] [INFO] 日志实例已初始化...
[2020-03-15 16:27:31:622] [vo.logVo.LogVo.<init>] [INFO] 日志实例已初始化...
[2020-03-15 16:27:31:622] [vo.logVo.LogVo.<init>] [INFO] 日志实例已初始化...
[2020-03-15 16:27:31:622] [vo.logVo.LogVo.<init>] [INFO] 日志实例已初始化...
[2020-03-15 16:27:31:622] [vo.logVo.LogVo.<init>] [INFO] 日志实例已初始化...
[2020-03-15 16:27:31:623] [vo.logVo.LogVo.<init>] [INFO] 日志实例已初始化...
[2020-03-15 16:27:31:623] [vo.logVo.LogVo.<init>] [INFO] 日志实例已初始化...
[2020-03-15 16:27:31:624] [vo.logVo.LogVo.<init>] [INFO] 日志实例已初始化...
[2020-03-15 16:27:31:625] [vo.logVo.LogVo.<init>] [INFO] 日志实例已初始化...
[2020-03-15 16:27:31:626] [vo.logVo.LogVo.<init>] [INFO] 日志实例已初始化...
[2020-03-15 16:27:31:626] [vo.logVo.LogVo.<init>] [INFO] 日志实例已初始化...
[2020-03-15 16:27:31:626] [vo.logVo.LogVo.<init>] [INFO] 日志实例已初始化...
[2020-03-15 16:27:31:627] [vo.logVo.LogVo.<init>] [INFO] 日志实例已初始化...
[2020-03-15 16:27:31:627] [vo.logVo.LogVo.<init>] [INFO] 日志实例已初始化...
[2020-03-15 16:27:31:627] [vo.logVo.LogVo.<init>] [INFO] 日志实例已初始化...
[2020-03-15 16:27:31:628] [vo.logVo.LogVo.<init>] [INFO] 日志实例已初始化...
[2020-03-15 16:27:31:628] [vo.logVo.LogVo.<init>] [INFO] 日志实例已初始化...
[2020-03-15 16:27:31:629] [vo.logVo.LogVo.<init>] [INFO] 日志实例已初始化...
[2020-03-15 16:27:31:629] [vo.logVo.LogVo.<init>] [INFO] 日志实例已初始化...
[2020-03-15 16:27:31:629] [vo.logVo.LogVo.<init>] [INFO] 日志实例已初始化...
[2020-03-15 16:27:31:630] [vo.logVo.LogVo.<init>] [INFO] 日志实例已初始化...
[2020-03-15 16:27:31:630] [vo.logVo.LogVo.<init>] [INFO] 日志实例已初始化...
[2020-03-15 16:27:31:631] [vo.logVo.LogVo.<init>] [INFO] 日志实例已初始化...
[2020-03-15 16:27:31:631] [vo.logVo.LogVo.<init>] [INFO] 日志实例已初始化...
[2020-03-15 16:27:31:632] [vo.logVo.LogVo.<init>] [INFO] 日志实例已初始化...
[2020-03-15 16:27:31:632] [vo.logVo.LogVo.<init>] [INFO] 日志实例已初始化...
[2020-03-15 16:27:31:633] [vo.logVo.LogVo.<init>] [INFO] 日志实例已初始化...
[2020-03-15 16:27:31:633] [vo.logVo.LogVo.<init>] [INFO] 日志实例已初始化...
[2020-03-15 16:27:31:633] [vo.logVo.LogVo.<init>] [INFO] 日志实例已初始化...
[2020-03-15 16:27:31:634] [vo.logVo.LogVo.<init>] [INFO] 日志实例已初始化...
[2020-03-15 16:27:31:634] [vo.logVo.LogVo.<init>] [INFO] 日志实例已初始化...
[2020-03-15 16:27:31:635] [vo.logVo.LogVo.<init>] [INFO] 日志实例已初始化...
[2020-03-15 16:27:31:635] [vo.logVo.LogVo.<init>] [INFO] 日志实例已初始化...
[2020-03-15 16:27:31:635] [vo.logVo.LogVo.<init>] [INFO] 日志实例已初始化...
[2020-03-15 16:27:31:636] [vo.logVo.LogVo.<init>] [INFO] 日志实例已初始化...
[2020-03-15 16:27:31:637] [vo.logVo.LogVo.<init>] [INFO] 日志实例已初始化...
[2020-03-15 16:27:31:637] [vo.logVo.LogVo.<init>] [INFO] 日志实例已初始化...
[2020-03-15 16:27:31:638] [vo.logVo.LogVo.<init>] [INFO] 日志实例已初始化...
[2020-03-15 16:27:31:639] [vo.logVo.LogVo.<init>] [INFO] 日志实例已初始化...
[2020-03-15 16:27:31:639] [vo.logVo.LogVo.<init>] [INFO] 日志实例已初始化...
[2020-03-15 16:27:31:641] [vo.logVo.LogVo.<init>] [INFO] 日志实例已初始化...
[2020-03-15 16:27:31:643] [vo.logVo.LogVo.<init>] [INFO] 日志实例已初始化...
[2020-03-15 16:27:31:644] [vo.logVo.LogVo.<init>] [INFO] 日志实例已初始化...
[2020-03-15 16:27:31:644] [vo.logVo.LogVo.<init>] [INFO] 日志实例已初始化...
[2020-03-15 16:27:31:645] [vo.logVo.LogVo.<init>] [INFO] 日志实例已初始化...
[2020-03-15 16:27:31:646] [vo.logVo.LogVo.<init>] [INFO] 日志实例已初始化...
[2020-03-15 16:27:31:646] [vo.logVo.LogVo.<init>] [INFO] 日志实例已初始化...
[2020-03-15 16:27:31:646] [vo.logVo.LogVo.<init>] [INFO] 日志实例已初始化...
[2020-03-15 16:27:31:647] [vo.logVo.LogVo.<init>] [INFO] 日志实例已初始化...
[2020-03-15 16:27:31:647] [vo.logVo.LogVo.<init>] [INFO] 日志实例已初始化...
[2020-03-15 16:27:31:647] [vo.logVo.LogVo.<init>] [INFO] 日志实例已初始化...
[2020-03-15 16:27:31:647] [vo.logVo.LogVo.<init>] [INFO] 日志实例已初始化...
[2020-03-15 16:27:31:648] [vo.logVo.LogVo.<init>] [INFO] 日志实例已初始化...
[2020-03-15 16:27:31:648] [vo.logVo.LogVo.<init>] [INFO] 日志实例已初始化...
[2020-03-15 16:27:31:648] [vo.logVo.LogVo.<init>] [INFO] 日志实例已初始化...
[2020-03-15 16:27:31:648] [vo.logVo.LogVo.<init>] [INFO] 日志实例已初始化...
[2020-03-15 16:27:31:649] [vo.logVo.LogVo.<init>] [INFO] 日志实例已初始化...
[2020-03-15 16:27:31:649] [vo.logVo.LogVo.<init>] [INFO] 日志实例已初始化...
[2020-03-15 16:27:31:649] [vo.logVo.LogVo.<init>] [INFO] 日志实例已初始化...
[2020-03-15 16:27:31:649] [vo.logVo.LogVo.<init>] [INFO] 日志实例已初始化...
[2020-03-15 16:27:31:650] [vo.logVo.LogVo.<init>] [INFO] 日志实例已初始化...
[2020-03-15 16:27:31:650] [vo.logVo.LogVo.<init>] [INFO] 日志实例已初始化...
[2020-03-15 16:27:31:650] [vo.logVo.LogVo.<init>] [INFO] 日志实例已初始化...
[2020-03-15 16:27:31:651] [vo.logVo.LogVo.<init>] [INFO] 日志实例已初始化...
[2020-03-15 16:27:31:651] [vo.logVo.LogVo.<init>] [INFO] 日志实例已初始化...
[2020-03-15 16:27:31:652] [vo.logVo.LogVo.<init>] [INFO] 日志实例已初始化...
[2020-03-15 16:27:31:652] [vo.logVo.LogVo.<init>] [INFO] 日志实例已初始化...
[2020-03-15 16:27:31:653] [vo.logVo.LogVo.<init>] [INFO] 日志实例已初始化...
[2020-03-15 16:27:31:653] [vo.logVo.LogVo.<init>] [INFO] 日志实例已初始化...
[2020-03-15 16:27:31:654] [vo.logVo.LogVo.<init>] [INFO] 日志实例已初始化...
[2020-03-15 16:27:31:654] [vo.logVo.LogVo.<init>] [INFO] 日志实例已初始化...
[2020-03-15 16:27:31:655] [vo.logVo.LogVo.<init>] [INFO] 日志实例已初始化...
[2020-03-15 16:27:31:655] [vo.logVo.LogVo.<init>] [INFO] 日志实例已初始化...
[2020-03-15 16:27:31:655] [vo.logVo.LogVo.<init>] [INFO] 日志实例已初始化...
[2020-03-15 16:27:31:656] [vo.logVo.LogVo.<init>] [INFO] 日志实例已初始化...
[2020-03-15 16:27:31:660] [vo.logVo.LogVo.<init>] [INFO] 日志实例已初始化...
[2020-03-15 16:27:31:660] [vo.logVo.LogVo.<init>] [INFO] 日志实例已初始化...
[2020-03-15 16:27:31:661] [vo.logVo.LogVo.<init>] [INFO] 日志实例已初始化...
[2020-03-15 16:27:31:661] [vo.logVo.LogVo.<init>] [INFO] 日志实例已初始化...
[2020-03-15 16:27:31:662] [vo.logVo.LogVo.<init>] [INFO] 日志实例已初始化...
[2020-03-15 16:27:31:662] [vo.logVo.LogVo.<init>] [INFO] 日志实例已初始化...
[2020-03-15 16:27:31:662] [vo.logVo.LogVo.<init>] [INFO] 日志实例已初始化...
[2020-03-15 16:27:31:663] [vo.logVo.LogVo.<init>] [INFO] 日志实例已初始化...
[2020-03-15 16:27:31:664] [vo.logVo.LogVo.<init>] [INFO] 日志实例已初始化...
[2020-03-15 16:27:31:664] [vo.logVo.LogVo.<init>] [INFO] 日志实例已初始化...
[2020-03-15 16:27:31:665] [vo.logVo.LogVo.<init>] [INFO] 日志实例已初始化...
[2020-03-15 16:27:31:665] [vo.logVo.LogVo.<init>] [INFO] 日志实例已初始化...
[2020-03-15 16:27:31:665] [vo.logVo.LogVo.<init>] [INFO] 日志实例已初始化...
[2020-03-15 16:27:31:666] [vo.logVo.LogVo.<init>] [INFO] 日志实例已初始化...
[2020-03-15 16:27:31:666] [vo.logVo.LogVo.<init>] [INFO] 日志实例已初始化...
[2020-03-15 16:27:31:666] [vo.logVo.LogVo.<init>] [INFO] 日志实例已初始化...
[2020-03-15 16:27:31:667] [vo.logVo.LogVo.<init>] [INFO] 日志实例已初始化...
[2020-03-15 16:27:31:667] [vo.logVo.LogVo.<init>] [INFO] 日志实例已初始化...
[2020-03-15 16:27:31:667] [vo.logVo.LogVo.<init>] [INFO] 日志实例已初始化...
[2020-03-15 16:27:31:668] [vo.logVo.LogVo.<init>] [INFO] 日志实例已初始化...
[2020-03-15 16:27:31:668] [vo.logVo.LogVo.<init>] [INFO] 日志实例已初始化...
[2020-03-15 16:27:31:668] [vo.logVo.LogVo.<init>] [INFO] 日志实例已初始化...
[2020-03-15 16:27:31:669] [vo.logVo.LogVo.<init>] [INFO] 日志实例已初始化...
[2020-03-15 16:27:31:669] [vo.logVo.LogVo.<init>] [INFO] 日志实例已初始化...
[2020-03-15 16:27:31:670] [vo.logVo.LogVo.<init>] [INFO] 日志实例已初始化...
[2020-03-15 16:27:31:670] [vo.logVo.LogVo.<init>] [INFO] 日志实例已初始化...
[2020-03-15 16:27:31:670] [vo.logVo.LogVo.<init>] [INFO] 日志实例已初始化...
[2020-03-15 16:27:31:671] [vo.logVo.LogVo.<init>] [INFO] 日志实例已初始化...
[2020-03-15 16:27:31:671] [vo.logVo.LogVo.<init>] [INFO] 日志实例已初始化...
[2020-03-15 16:27:31:672] [vo.logVo.LogVo.<init>] [INFO] 日志实例已初始化...
[2020-03-15 16:27:31:672] [vo.logVo.LogVo.<init>] [INFO] 日志实例已初始化...
[2020-03-15 16:27:31:672] [vo.logVo.LogVo.<init>] [INFO] 日志实例已初始化...
[2020-03-15 16:27:31:673] [vo.logVo.LogVo.<init>] [INFO] 日志实例已初始化...
[2020-03-15 16:27:31:673] [vo.logVo.LogVo.<init>] [INFO] 日志实例已初始化...
[2020-03-15 16:27:31:673] [vo.logVo.LogVo.<init>] [INFO] 日志实例已初始化...
[2020-03-15 16:27:31:674] [vo.logVo.LogVo.<init>] [INFO] 日志实例已初始化...
[2020-03-15 16:27:31:674] [vo.logVo.LogVo.<init>] [INFO] 日志实例已初始化...
[2020-03-15 16:27:31:675] [vo.logVo.LogVo.<init>] [INFO] 日志实例已初始化...
[2020-03-15 16:27:31:675] [vo.logVo.LogVo.<init>] [INFO] 日志实例已初始化...
[2020-03-15 16:27:31:676] [vo.logVo.LogVo.<init>] [INFO] 日志实例已初始化...
[2020-03-15 16:27:31:676] [vo.logVo.LogVo.<init>] [INFO] 日志实例已初始化...
[2020-03-15 16:27:31:677] [vo.logVo.LogVo.<init>] [INFO] 日志实例已初始化...
[2020-03-15 16:27:31:678] [vo.logVo.LogVo.<init>] [INFO] 日志实例已初始化...
[2020-03-15 16:27:31:678] [vo.logVo.LogVo.<init>] [INFO] 日志实例已初始化...
[2020-03-15 16:27:31:679] [vo.logVo.LogVo.<init>] [INFO] 日志实例已初始化...
[2020-03-15 16:27:31:679] [vo.logVo.LogVo.<init>] [INFO] 日志实例已初始化...
[2020-03-15 16:27:31:679] [vo.logVo.LogVo.<init>] [INFO] 日志实例已初始化...
[2020-03-15 16:27:31:679] [vo.logVo.LogVo.<init>] [INFO] 日志实例已初始化...
[2020-03-15 16:27:31:680] [vo.logVo.LogVo.<init>] [INFO] 日志实例已初始化...
[2020-03-15 16:27:31:680] [vo.logVo.LogVo.<init>] [INFO] 日志实例已初始化...
[2020-03-15 16:27:31:680] [vo.logVo.LogVo.<init>] [INFO] 日志实例已初始化...
[2020-03-15 16:27:31:680] [vo.logVo.LogVo.<init>] [INFO] 日志实例已初始化...
[2020-03-15 16:27:31:681] [vo.logVo.LogVo.<init>] [INFO] 日志实例已初始化...
[2020-03-15 16:27:31:681] [vo.logVo.LogVo.<init>] [INFO] 日志实例已初始化...
[2020-03-15 16:27:31:681] [vo.logVo.LogVo.<init>] [INFO] 日志实例已初始化...
[2020-03-15 16:27:31:681] [vo.logVo.LogVo.<init>] [INFO] 日志实例已初始化...
[2020-03-15 16:27:31:682] [vo.logVo.LogVo.<init>] [INFO] 日志实例已初始化...
[2020-03-15 16:27:31:682] [vo.logVo.LogVo.<init>] [INFO] 日志实例已初始化...
[2020-03-15 16:27:31:682] [vo.logVo.LogVo.<init>] [INFO] 日志实例已初始化...
[2020-03-15 16:27:31:683] [vo.logVo.LogVo.<init>] [INFO] 日志实例已初始化...
[2020-03-15 16:27:31:683] [vo.logVo.LogVo.<init>] [INFO] 日志实例已初始化...
[2020-03-15 16:27:31:684] [vo.logVo.LogVo.<init>] [INFO] 日志实例已初始化...
[2020-03-15 16:27:31:684] [vo.logVo.LogVo.<init>] [INFO] 日志实例已初始化...
[2020-03-15 16:27:31:684] [vo.logVo.LogVo.<init>] [INFO] 日志实例已初始化...
[2020-03-15 16:27:31:685] [vo.logVo.LogVo.<init>] [INFO] 日志实例已初始化...
[2020-03-15 16:27:31:685] [vo.logVo.LogVo.<init>] [INFO] 日志实例已初始化...
[2020-03-15 16:27:31:685] [vo.logVo.LogVo.<init>] [INFO] 日志实例已初始化...
[2020-03-15 16:27:31:685] [vo.logVo.LogVo.<init>] [INFO] 日志实例已初始化...
[2020-03-15 16:27:31:686] [vo.logVo.LogVo.<init>] [INFO] 日志实例已初始化...
[2020-03-15 16:27:31:686] [vo.logVo.LogVo.<init>] [INFO] 日志实例已初始化...
[2020-03-15 16:27:31:686] [vo.logVo.LogVo.<init>] [INFO] 日志实例已初始化...
[2020-03-15 16:27:31:686] [vo.logVo.LogVo.<init>] [INFO] 日志实例已初始化...
[2020-03-15 16:27:31:687] [vo.logVo.LogVo.<init>] [INFO] 日志实例已初始化...
[2020-03-15 16:27:31:687] [vo.logVo.LogVo.<init>] [INFO] 日志实例已初始化...
[2020-03-15 16:27:31:687] [vo.logVo.LogVo.<init>] [INFO] 日志实例已初始化...
[2020-03-15 16:27:31:687] [vo.logVo.LogVo.<init>] [INFO] 日志实例已初始化...
[2020-03-15 16:27:31:688] [vo.logVo.LogVo.<init>] [INFO] 日志实例已初始化...
[2020-03-15 16:27:31:688] [vo.logVo.LogVo.<init>] [INFO] 日志实例已初始化...
[2020-03-15 16:27:31:688] [vo.logVo.LogVo.<init>] [INFO] 日志实例已初始化...
[2020-03-15 16:27:31:689] [vo.logVo.LogVo.<init>] [INFO] 日志实例已初始化...
[2020-03-15 16:27:31:689] [vo.logVo.LogVo.<init>] [INFO] 日志实例已初始化...
[2020-03-15 16:27:31:689] [vo.logVo.LogVo.<init>] [INFO] 日志实例已初始化...
[2020-03-15 16:27:31:689] [vo.logVo.LogVo.<init>] [INFO] 日志实例已初始化...
[2020-03-15 16:27:31:690] [vo.logVo.LogVo.<init>] [INFO] 日志实例已初始化...
[2020-03-15 16:27:31:690] [vo.logVo.LogVo.<init>] [INFO] 日志实例已初始化...
[2020-03-15 16:27:31:690] [vo.logVo.LogVo.<init>] [INFO] 日志实例已初始化...
[2020-03-15 16:27:31:690] [vo.logVo.LogVo.<init>] [INFO] 日志实例已初始化...
[2020-03-15 16:27:31:691] [vo.logVo.LogVo.<init>] [INFO] 日志实例已初始化...
[2020-03-15 16:27:31:691] [vo.logVo.LogVo.<init>] [INFO] 日志实例已初始化...
[2020-03-15 16:27:31:692] [vo.logVo.LogVo.<init>] [INFO] 日志实例已初始化...
[2020-03-15 16:27:31:692] [vo.logVo.LogVo.<init>] [INFO] 日志实例已初始化...
[2020-03-15 16:27:31:692] [vo.logVo.LogVo.<init>] [INFO] 日志实例已初始化...
[2020-03-15 16:27:31:692] [vo.logVo.LogVo.<init>] [INFO] 日志实例已初始化...
[2020-03-15 16:27:31:693] [vo.logVo.LogVo.<init>] [INFO] 日志实例已初始化...
[2020-03-15 16:27:31:693] [vo.logVo.LogVo.<init>] [INFO] 日志实例已初始化...
[2020-03-15 16:27:31:693] [vo.logVo.LogVo.<init>] [INFO] 日志实例已初始化...
[2020-03-15 16:27:31:694] [vo.logVo.LogVo.<init>] [INFO] 日志实例已初始化...
[2020-03-15 16:27:31:694] [vo.logVo.LogVo.<init>] [INFO] 日志实例已初始化...
[2020-03-15 16:27:31:694] [vo.logVo.LogVo.<init>] [INFO] 日志实例已初始化...
[2020-03-15 16:27:31:695] [vo.logVo.LogVo.<init>] [INFO] 日志实例已初始化...
[2020-03-15 16:27:31:696] [vo.logVo.LogVo.<init>] [INFO] 日志实例已初始化...
[2020-03-15 16:27:31:696] [vo.logVo.LogVo.<init>] [INFO] 日志实例已初始化...
[2020-03-15 16:27:31:697] [vo.logVo.LogVo.<init>] [INFO] 日志实例已初始化...
[2020-03-15 16:27:31:697] [vo.logVo.LogVo.<init>] [INFO] 日志实例已初始化...
[2020-03-15 16:27:31:698] [vo.logVo.LogVo.<init>] [INFO] 日志实例已初始化...
[2020-03-15 16:27:31:698] [vo.logVo.LogVo.<init>] [INFO] 日志实例已初始化...
[2020-03-15 16:27:31:699] [vo.logVo.LogVo.<init>] [INFO] 日志实例已初始化...
[2020-03-15 16:27:31:699] [vo.logVo.LogVo.<init>] [INFO] 日志实例已初始化...
[2020-03-15 16:27:31:700] [vo.logVo.LogVo.<init>] [INFO] 日志实例已初始化...
[2020-03-15 16:27:31:700] [vo.logVo.LogVo.<init>] [INFO] 日志实例已初始化...
[2020-03-15 16:27:31:701] [vo.logVo.LogVo.<init>] [INFO] 日志实例已初始化...
[2020-03-15 16:27:31:701] [vo.logVo.LogVo.<init>] [INFO] 日志实例已初始化...
[2020-03-15 16:27:31:702] [vo.logVo.LogVo.<init>] [INFO] 日志实例已初始化...
[2020-03-15 16:27:31:702] [vo.logVo.LogVo.<init>] [INFO] 日志实例已初始化...
[2020-03-15 16:27:31:703] [vo.logVo.LogVo.<init>] [INFO] 日志实例已初始化...
[2020-03-15 16:27:31:704] [vo.logVo.LogVo.<init>] [INFO] 日志实例已初始化...
[2020-03-15 16:27:31:705] [vo.logVo.LogVo.<init>] [INFO] 日志实例已初始化...
[2020-03-15 16:27:31:706] [vo.logVo.LogVo.<init>] [INFO] 日志实例已初始化...
[2020-03-15 16:27:31:708] [vo.logVo.LogVo.<init>] [INFO] 日志实例已初始化...
[2020-03-15 16:27:31:709] [vo.logVo.LogVo.<init>] [INFO] 日志实例已初始化...
[2020-03-15 16:27:31:709] [vo.logVo.LogVo.<init>] [INFO] 日志实例已初始化...
[2020-03-15 16:27:31:710] [vo.logVo.LogVo.<init>] [INFO] 日志实例已初始化...
[2020-03-15 16:27:31:710] [vo.logVo.LogVo.<init>] [INFO] 日志实例已初始化...
[2020-03-15 16:27:31:711] [vo.logVo.LogVo.<init>] [INFO] 日志实例已初始化...
[2020-03-15 16:27:31:712] [vo.logVo.LogVo.<init>] [INFO] 日志实例已初始化...
[2020-03-15 16:27:31:713] [vo.logVo.LogVo.<init>] [INFO] 日志实例已初始化...
[2020-03-15 16:27:31:713] [vo.logVo.LogVo.<init>] [INFO] 日志实例已初始化...
[2020-03-15 16:27:31:714] [vo.logVo.LogVo.<init>] [INFO] 日志实例已初始化...
[2020-03-15 16:27:31:715] [vo.logVo.LogVo.<init>] [INFO] 日志实例已初始化...
[2020-03-15 16:27:31:716] [vo.logVo.LogVo.<init>] [INFO] 日志实例已初始化...
[2020-03-15 16:27:31:717] [vo.logVo.LogVo.<init>] [INFO] 日志实例已初始化...
[2020-03-15 16:27:31:718] [vo.logVo.LogVo.<init>] [INFO] 日志实例已初始化...
[2020-03-15 16:27:31:719] [vo.logVo.LogVo.<init>] [INFO] 日志实例已初始化...
[2020-03-15 16:27:31:720] [vo.logVo.LogVo.<init>] [INFO] 日志实例已初始化...
[2020-03-15 16:27:31:721] [vo.logVo.LogVo.<init>] [INFO] 日志实例已初始化...
[2020-03-15 16:27:31:721] [vo.logVo.LogVo.<init>] [INFO] 日志实例已初始化...
[2020-03-15 16:27:31:721] [vo.logVo.LogVo.<init>] [INFO] 日志实例已初始化...
[2020-03-15 16:27:31:722] [vo.logVo.LogVo.<init>] [INFO] 日志实例已初始化...
[2020-03-15 16:27:31:722] [vo.logVo.LogVo.<init>] [INFO] 日志实例已初始化...
[2020-03-15 16:27:31:723] [vo.logVo.LogVo.<init>] [INFO] 日志实例已初始化...
[2020-03-15 16:27:31:727] [vo.logVo.LogVo.<init>] [INFO] 日志实例已初始化...
[2020-03-15 16:27:31:727] [vo.logVo.LogVo.<init>] [INFO] 日志实例已初始化...
[2020-03-15 16:27:31:727] [vo.logVo.LogVo.<init>] [INFO] 日志实例已初始化...
[2020-03-15 16:27:31:728] [vo.logVo.LogVo.<init>] [INFO] 日志实例已初始化...
[2020-03-15 16:27:31:728] [vo.logVo.LogVo.<init>] [INFO] 日志实例已初始化...
[2020-03-15 16:27:31:729] [vo.logVo.LogVo.<init>] [INFO] 日志实例已初始化...
[2020-03-15 16:27:31:729] [vo.logVo.LogVo.<init>] [INFO] 日志实例已初始化...
[2020-03-15 16:27:31:729] [vo.logVo.LogVo.<init>] [INFO] 日志实例已初始化...
[2020-03-15 16:27:31:730] [vo.logVo.LogVo.<init>] [INFO] 日志实例已初始化...
[2020-03-15 16:27:31:730] [vo.logVo.LogVo.<init>] [INFO] 日志实例已初始化...
[2020-03-15 16:27:31:731] [vo.logVo.LogVo.<init>] [INFO] 日志实例已初始化...
[2020-03-15 16:27:31:731] [vo.logVo.LogVo.<init>] [INFO] 日志实例已初始化...
[2020-03-15 16:27:31:732] [vo.logVo.LogVo.<init>] [INFO] 日志实例已初始化...
[2020-03-15 16:27:31:732] [vo.logVo.LogVo.<init>] [INFO] 日志实例已初始化...
[2020-03-15 16:27:31:732] [vo.logVo.LogVo.<init>] [INFO] 日志实例已初始化...
[2020-03-15 16:27:31:733] [vo.logVo.LogVo.<init>] [INFO] 日志实例已初始化...
[2020-03-15 16:27:31:733] [vo.logVo.LogVo.<init>] [INFO] 日志实例已初始化...
[2020-03-15 16:27:31:734] [vo.logVo.LogVo.<init>] [INFO] 日志实例已初始化...
[2020-03-15 16:27:31:769] [vo.logVo.LogVo.<init>] [INFO] 日志实例已初始化...
[2020-03-15 16:27:31:779] [vo.logVo.LogVo.<init>] [INFO] 日志实例已初始化...
[2020-03-15 16:27:32:070] [vo.logVo.LogVo.<init>] [INFO] 日志实例已初始化...
[2020-03-15 16:27:32:098] [vo.logVo.LogVo.<init>] [INFO] 日志实例已初始化...
[2020-03-15 16:27:32:124] [vo.logVo.LogVo.<init>] [INFO] 日志实例已初始化...
[2020-03-15 16:27:32:125] [vo.logVo.LogVo.<init>] [INFO] 日志实例已初始化...
[2020-03-15 16:27:32:125] [vo.logVo.LogVo.<init>] [INFO] 日志实例已初始化...
[2020-03-15 16:27:32:126] [vo.logVo.LogVo.<init>] [INFO] 日志实例已初始化...
[2020-03-15 16:27:32:127] [vo.logVo.LogVo.<init>] [INFO] 日志实例已初始化...
[2020-03-15 16:27:32:127] [vo.logVo.LogVo.<init>] [INFO] 日志实例已初始化...
[2020-03-15 16:27:32:128] [vo.logVo.LogVo.<init>] [INFO] 日志实例已初始化...
[2020-03-15 16:27:32:129] [vo.logVo.LogVo.<init>] [INFO] 日志实例已初始化...
[2020-03-15 16:27:32:129] [vo.logVo.LogVo.<init>] [INFO] 日志实例已初始化...
[2020-03-15 16:27:32:130] [vo.logVo.LogVo.<init>] [INFO] 日志实例已初始化...
[2020-03-15 16:27:32:130] [vo.logVo.LogVo.<init>] [INFO] 日志实例已初始化...
[2020-03-15 16:27:32:131] [vo.logVo.LogVo.<init>] [INFO] 日志实例已初始化...
[2020-03-15 16:27:32:132] [vo.logVo.LogVo.<init>] [INFO] 日志实例已初始化...
[2020-03-15 16:27:32:132] [vo.logVo.LogVo.<init>] [INFO] 日志实例已初始化...
[2020-03-15 16:27:32:133] [vo.logVo.LogVo.<init>] [INFO] 日志实例已初始化...
[2020-03-15 16:27:32:133] [vo.logVo.LogVo.<init>] [INFO] 日志实例已初始化...
[2020-03-15 16:27:32:134] [vo.logVo.LogVo.<init>] [INFO] 日志实例已初始化...
[2020-03-15 16:27:32:134] [vo.logVo.LogVo.<init>] [INFO] 日志实例已初始化...
[2020-03-15 16:27:32:135] [vo.logVo.LogVo.<init>] [INFO] 日志实例已初始化...
[2020-03-15 16:27:32:135] [vo.logVo.LogVo.<init>] [INFO] 日志实例已初始化...
[2020-03-15 16:27:32:136] [vo.logVo.LogVo.<init>] [INFO] 日志实例已初始化...
[2020-03-15 16:27:32:137] [vo.logVo.LogVo.<init>] [INFO] 日志实例已初始化...
[2020-03-15 16:27:32:137] [vo.logVo.LogVo.<init>] [INFO] 日志实例已初始化...
[2020-03-15 16:27:32:138] [vo.logVo.LogVo.<init>] [INFO] 日志实例已初始化...
[2020-03-15 16:27:32:138] [vo.logVo.LogVo.<init>] [INFO] 日志实例已初始化...
[2020-03-15 16:27:32:139] [vo.logVo.LogVo.<init>] [INFO] 日志实例已初始化...
[2020-03-15 16:27:32:139] [vo.logVo.LogVo.<init>] [INFO] 日志实例已初始化...
[2020-03-15 16:27:32:141] [vo.logVo.LogVo.<init>] [INFO] 日志实例已初始化...
[2020-03-15 16:27:32:141] [vo.logVo.LogVo.<init>] [INFO] 日志实例已初始化...
[2020-03-15 16:27:32:142] [vo.logVo.LogVo.<init>] [INFO] 日志实例已初始化...
[2020-03-15 16:27:32:142] [vo.logVo.LogVo.<init>] [INFO] 日志实例已初始化...
[2020-03-15 16:27:32:143] [vo.logVo.LogVo.<init>] [INFO] 日志实例已初始化...
[2020-03-15 16:27:32:144] [vo.logVo.LogVo.<init>] [INFO] 日志实例已初始化...
[2020-03-15 16:27:32:144] [vo.logVo.LogVo.<init>] [INFO] 日志实例已初始化...
[2020-03-15 16:27:32:146] [vo.logVo.LogVo.<init>] [INFO] 日志实例已初始化...
[2020-03-15 16:27:32:147] [vo.logVo.LogVo.<init>] [INFO] 日志实例已初始化...
[2020-03-15 16:27:32:148] [vo.logVo.LogVo.<init>] [INFO] 日志实例已初始化...
[2020-03-15 16:27:32:148] [vo.logVo.LogVo.<init>] [INFO] 日志实例已初始化...
[2020-03-15 16:27:32:149] [vo.logVo.LogVo.<init>] [INFO] 日志实例已初始化...
[2020-03-15 16:27:32:149] [vo.logVo.LogVo.<init>] [INFO] 日志实例已初始化...
[2020-03-15 16:27:32:150] [vo.logVo.LogVo.<init>] [INFO] 日志实例已初始化...
[2020-03-15 16:27:32:150] [vo.logVo.LogVo.<init>] [INFO] 日志实例已初始化...
[2020-03-15 16:27:32:151] [vo.logVo.LogVo.<init>] [INFO] 日志实例已初始化...
[2020-03-15 16:27:32:151] [vo.logVo.LogVo.<init>] [INFO] 日志实例已初始化...
[2020-03-15 16:27:32:152] [vo.logVo.LogVo.<init>] [INFO] 日志实例已初始化...
[2020-03-15 16:27:32:152] [vo.logVo.LogVo.<init>] [INFO] 日志实例已初始化...
[2020-03-15 16:27:32:152] [vo.logVo.LogVo.<init>] [INFO] 日志实例已初始化...
[2020-03-15 16:27:32:153] [vo.logVo.LogVo.<init>] [INFO] 日志实例已初始化...
[2020-03-15 16:27:32:153] [vo.logVo.LogVo.<init>] [INFO] 日志实例已初始化...
[2020-03-15 16:27:32:154] [vo.logVo.LogVo.<init>] [INFO] 日志实例已初始化...
[2020-03-15 16:27:32:155] [vo.logVo.LogVo.<init>] [INFO] 日志实例已初始化...
[2020-03-15 16:27:32:156] [vo.logVo.LogVo.<init>] [INFO] 日志实例已初始化...
[2020-03-15 16:27:32:156] [vo.logVo.LogVo.<init>] [INFO] 日志实例已初始化...
[2020-03-15 16:27:32:157] [vo.logVo.LogVo.<init>] [INFO] 日志实例已初始化...
[2020-03-15 16:27:32:157] [vo.logVo.LogVo.<init>] [INFO] 日志实例已初始化...
[2020-03-15 16:27:32:158] [vo.logVo.LogVo.<init>] [INFO] 日志实例已初始化...
[2020-03-15 16:27:32:158] [vo.logVo.LogVo.<init>] [INFO] 日志实例已初始化...
[2020-03-15 16:27:32:159] [vo.logVo.LogVo.<init>] [INFO] 日志实例已初始化...
[2020-03-15 16:27:32:160] [vo.logVo.LogVo.<init>] [INFO] 日志实例已初始化...
[2020-03-15 16:27:32:160] [vo.logVo.LogVo.<init>] [INFO] 日志实例已初始化...
[2020-03-15 16:27:32:161] [vo.logVo.LogVo.<init>] [INFO] 日志实例已初始化...
[2020-03-15 16:27:32:161] [vo.logVo.LogVo.<init>] [INFO] 日志实例已初始化...
[2020-03-15 16:27:32:162] [vo.logVo.LogVo.<init>] [INFO] 日志实例已初始化...
[2020-03-15 16:27:32:163] [vo.logVo.LogVo.<init>] [INFO] 日志实例已初始化...
[2020-03-15 16:27:32:163] [vo.logVo.LogVo.<init>] [INFO] 日志实例已初始化...
[2020-03-15 16:27:32:164] [vo.logVo.LogVo.<init>] [INFO] 日志实例已初始化...
[2020-03-15 16:27:32:164] [vo.logVo.LogVo.<init>] [INFO] 日志实例已初始化...
[2020-03-15 16:27:32:166] [vo.logVo.LogVo.<init>] [INFO] 日志实例已初始化...
[2020-03-15 16:27:32:167] [vo.logVo.LogVo.<init>] [INFO] 日志实例已初始化...
[2020-03-15 16:27:32:168] [vo.logVo.LogVo.<init>] [INFO] 日志实例已初始化...
[2020-03-15 16:27:32:168] [vo.logVo.LogVo.<init>] [INFO] 日志实例已初始化...
[2020-03-15 16:27:32:169] [vo.logVo.LogVo.<init>] [INFO] 日志实例已初始化...
[2020-03-15 16:27:32:170] [vo.logVo.LogVo.<init>] [INFO] 日志实例已初始化...
[2020-03-15 16:27:32:171] [vo.logVo.LogVo.<init>] [INFO] 日志实例已初始化...
[2020-03-15 16:27:32:171] [vo.logVo.LogVo.<init>] [INFO] 日志实例已初始化...
[2020-03-15 16:27:32:171] [vo.logVo.LogVo.<init>] [INFO] 日志实例已初始化...
[2020-03-15 16:27:32:172] [vo.logVo.LogVo.<init>] [INFO] 日志实例已初始化...
[2020-03-15 16:27:32:172] [vo.logVo.LogVo.<init>] [INFO] 日志实例已初始化...
[2020-03-15 16:27:32:173] [vo.logVo.LogVo.<init>] [INFO] 日志实例已初始化...
[2020-03-15 16:27:32:173] [vo.logVo.LogVo.<init>] [INFO] 日志实例已初始化...
[2020-03-15 16:27:32:175] [vo.logVo.LogVo.<init>] [INFO] 日志实例已初始化...
[2020-03-15 16:27:32:176] [vo.logVo.LogVo.<init>] [INFO] 日志实例已初始化...
[2020-03-15 16:27:32:177] [vo.logVo.LogVo.<init>] [INFO] 日志实例已初始化...
[2020-03-15 16:27:32:177] [vo.logVo.LogVo.<init>] [INFO] 日志实例已初始化...
[2020-03-15 16:27:32:178] [vo.logVo.LogVo.<init>] [INFO] 日志实例已初始化...
[2020-03-15 16:27:32:178] [vo.logVo.LogVo.<init>] [INFO] 日志实例已初始化...
[2020-03-15 16:27:32:178] [vo.logVo.LogVo.<init>] [INFO] 日志实例已初始化...
[2020-03-15 16:27:32:179] [vo.logVo.LogVo.<init>] [INFO] 日志实例已初始化...
[2020-03-15 16:27:32:179] [vo.logVo.LogVo.<init>] [INFO] 日志实例已初始化...
[2020-03-15 16:27:32:180] [vo.logVo.LogVo.<init>] [INFO] 日志实例已初始化...
[2020-03-15 16:27:32:180] [vo.logVo.LogVo.<init>] [INFO] 日志实例已初始化...
[2020-03-15 16:27:32:180] [vo.logVo.LogVo.<init>] [INFO] 日志实例已初始化...
[2020-03-15 16:27:32:180] [vo.logVo.LogVo.<init>] [INFO] 日志实例已初始化...
[2020-03-15 16:27:32:181] [vo.logVo.LogVo.<init>] [INFO] 日志实例已初始化...
[2020-03-15 16:27:32:181] [vo.logVo.LogVo.<init>] [INFO] 日志实例已初始化...
[2020-03-15 16:27:32:181] [vo.logVo.LogVo.<init>] [INFO] 日志实例已初始化...
[2020-03-15 16:27:32:182] [vo.logVo.LogVo.<init>] [INFO] 日志实例已初始化...
[2020-03-15 16:27:32:182] [vo.logVo.LogVo.<init>] [INFO] 日志实例已初始化...
[2020-03-15 16:27:32:182] [vo.logVo.LogVo.<init>] [INFO] 日志实例已初始化...
[2020-03-15 16:27:32:182] [vo.logVo.LogVo.<init>] [INFO] 日志实例已初始化...
[2020-03-15 16:27:32:183] [vo.logVo.LogVo.<init>] [INFO] 日志实例已初始化...
[2020-03-15 16:27:32:183] [vo.logVo.LogVo.<init>] [INFO] 日志实例已初始化...
[2020-03-15 16:27:32:183] [vo.logVo.LogVo.<init>] [INFO] 日志实例已初始化...
[2020-03-15 16:27:32:184] [vo.logVo.LogVo.<init>] [INFO] 日志实例已初始化...
[2020-03-15 16:27:32:184] [vo.logVo.LogVo.<init>] [INFO] 日志实例已初始化...
[2020-03-15 16:27:32:184] [vo.logVo.LogVo.<init>] [INFO] 日志实例已初始化...
[2020-03-15 16:27:32:184] [vo.logVo.LogVo.<init>] [INFO] 日志实例已初始化...
[2020-03-15 16:27:32:185] [vo.logVo.LogVo.<init>] [INFO] 日志实例已初始化...
[2020-03-15 16:27:32:185] [vo.logVo.LogVo.<init>] [INFO] 日志实例已初始化...
[2020-03-15 16:27:32:186] [vo.logVo.LogVo.<init>] [INFO] 日志实例已初始化...
[2020-03-15 16:27:32:186] [vo.logVo.LogVo.<init>] [INFO] 日志实例已初始化...
[2020-03-15 16:27:32:186] [vo.logVo.LogVo.<init>] [INFO] 日志实例已初始化...
[2020-03-15 16:27:32:187] [vo.logVo.LogVo.<init>] [INFO] 日志实例已初始化...
[2020-03-15 16:27:32:187] [vo.logVo.LogVo.<init>] [INFO] 日志实例已初始化...
[2020-03-15 16:27:32:188] [vo.logVo.LogVo.<init>] [INFO] 日志实例已初始化...
[2020-03-15 16:27:32:188] [vo.logVo.LogVo.<init>] [INFO] 日志实例已初始化...
[2020-03-15 16:27:32:189] [vo.logVo.LogVo.<init>] [INFO] 日志实例已初始化...
[2020-03-15 16:27:32:189] [vo.logVo.LogVo.<init>] [INFO] 日志实例已初始化...
[2020-03-15 16:27:32:190] [vo.logVo.LogVo.<init>] [INFO] 日志实例已初始化...
[2020-03-15 16:27:32:191] [vo.logVo.LogVo.<init>] [INFO] 日志实例已初始化...
[2020-03-15 16:27:32:191] [vo.logVo.LogVo.<init>] [INFO] 日志实例已初始化...
[2020-03-15 16:27:32:192] [vo.logVo.LogVo.<init>] [INFO] 日志实例已初始化...
[2020-03-15 16:27:32:194] [vo.logVo.LogVo.<init>] [INFO] 日志实例已初始化...
[2020-03-15 16:27:32:194] [vo.logVo.LogVo.<init>] [INFO] 日志实例已初始化...
[2020-03-15 16:27:32:195] [vo.logVo.LogVo.<init>] [INFO] 日志实例已初始化...
[2020-03-15 16:27:32:196] [vo.logVo.LogVo.<init>] [INFO] 日志实例已初始化...
[2020-03-15 16:27:32:197] [vo.logVo.LogVo.<init>] [INFO] 日志实例已初始化...
[2020-03-15 16:27:32:198] [vo.logVo.LogVo.<init>] [INFO] 日志实例已初始化...
[2020-03-15 16:27:32:198] [vo.logVo.LogVo.<init>] [INFO] 日志实例已初始化...
[2020-03-15 16:27:32:199] [vo.logVo.LogVo.<init>] [INFO] 日志实例已初始化...
[2020-03-15 16:27:32:199] [vo.logVo.LogVo.<init>] [INFO] 日志实例已初始化...
[2020-03-15 16:27:32:200] [vo.logVo.LogVo.<init>] [INFO] 日志实例已初始化...
[2020-03-15 16:27:32:201] [vo.logVo.LogVo.<init>] [INFO] 日志实例已初始化...
[2020-03-15 16:27:32:201] [vo.logVo.LogVo.<init>] [INFO] 日志实例已初始化...
[2020-03-15 16:27:32:202] [vo.logVo.LogVo.<init>] [INFO] 日志实例已初始化...
[2020-03-15 16:27:32:202] [vo.logVo.LogVo.<init>] [INFO] 日志实例已初始化...
[2020-03-15 16:27:32:203] [vo.logVo.LogVo.<init>] [INFO] 日志实例已初始化...
[2020-03-15 16:27:32:203] [vo.logVo.LogVo.<init>] [INFO] 日志实例已初始化...
[2020-03-15 16:27:32:203] [vo.logVo.LogVo.<init>] [INFO] 日志实例已初始化...
[2020-03-15 16:27:32:203] [vo.logVo.LogVo.<init>] [INFO] 日志实例已初始化...
[2020-03-15 16:27:32:204] [vo.logVo.LogVo.<init>] [INFO] 日志实例已初始化...
[2020-03-15 16:27:32:204] [vo.logVo.LogVo.<init>] [INFO] 日志实例已初始化...
[2020-03-15 16:27:32:204] [vo.logVo.LogVo.<init>] [INFO] 日志实例已初始化...
[2020-03-15 16:27:32:205] [vo.logVo.LogVo.<init>] [INFO] 日志实例已初始化...
[2020-03-15 16:27:32:205] [vo.logVo.LogVo.<init>] [INFO] 日志实例已初始化...
[2020-03-15 16:27:32:205] [vo.logVo.LogVo.<init>] [INFO] 日志实例已初始化...
[2020-03-15 16:27:32:206] [vo.logVo.LogVo.<init>] [INFO] 日志实例已初始化...
[2020-03-15 16:27:32:207] [vo.logVo.LogVo.<init>] [INFO] 日志实例已初始化...
[2020-03-15 16:27:32:209] [vo.logVo.LogVo.<init>] [INFO] 日志实例已初始化...
[2020-03-15 16:27:32:210] [vo.logVo.LogVo.<init>] [INFO] 日志实例已初始化...
[2020-03-15 16:27:32:211] [vo.logVo.LogVo.<init>] [INFO] 日志实例已初始化...
[2020-03-15 16:27:32:211] [vo.logVo.LogVo.<init>] [INFO] 日志实例已初始化...
[2020-03-15 16:27:32:212] [vo.logVo.LogVo.<init>] [INFO] 日志实例已初始化...
[2020-03-15 16:27:32:212] [vo.logVo.LogVo.<init>] [INFO] 日志实例已初始化...
[2020-03-15 16:27:32:213] [vo.logVo.LogVo.<init>] [INFO] 日志实例已初始化...
[2020-03-15 16:27:32:213] [vo.logVo.LogVo.<init>] [INFO] 日志实例已初始化...
[2020-03-15 16:27:32:214] [vo.logVo.LogVo.<init>] [INFO] 日志实例已初始化...
[2020-03-15 16:27:32:214] [vo.logVo.LogVo.<init>] [INFO] 日志实例已初始化...
[2020-03-15 16:27:32:215] [vo.logVo.LogVo.<init>] [INFO] 日志实例已初始化...
[2020-03-15 16:27:32:215] [vo.logVo.LogVo.<init>] [INFO] 日志实例已初始化...
[2020-03-15 16:27:32:216] [vo.logVo.LogVo.<init>] [INFO] 日志实例已初始化...
[2020-03-15 16:27:32:216] [vo.logVo.LogVo.<init>] [INFO] 日志实例已初始化...
[2020-03-15 16:27:32:216] [vo.logVo.LogVo.<init>] [INFO] 日志实例已初始化...
[2020-03-15 16:27:32:217] [vo.logVo.LogVo.<init>] [INFO] 日志实例已初始化...
[2020-03-15 16:27:32:217] [vo.logVo.LogVo.<init>] [INFO] 日志实例已初始化...
[2020-03-15 16:27:32:217] [vo.logVo.LogVo.<init>] [INFO] 日志实例已初始化...
[2020-03-15 16:27:32:218] [vo.logVo.LogVo.<init>] [INFO] 日志实例已初始化...
[2020-03-15 16:27:32:218] [vo.logVo.LogVo.<init>] [INFO] 日志实例已初始化...
[2020-03-15 16:27:32:218] [vo.logVo.LogVo.<init>] [INFO] 日志实例已初始化...
[2020-03-15 16:27:32:219] [vo.logVo.LogVo.<init>] [INFO] 日志实例已初始化...
[2020-03-15 16:27:32:219] [vo.logVo.LogVo.<init>] [INFO] 日志实例已初始化...
[2020-03-15 16:27:32:219] [vo.logVo.LogVo.<init>] [INFO] 日志实例已初始化...
[2020-03-15 16:27:32:220] [vo.logVo.LogVo.<init>] [INFO] 日志实例已初始化...
[2020-03-15 16:27:32:220] [vo.logVo.LogVo.<init>] [INFO] 日志实例已初始化...
[2020-03-15 16:27:32:220] [vo.logVo.LogVo.<init>] [INFO] 日志实例已初始化...
[2020-03-15 16:27:32:221] [vo.logVo.LogVo.<init>] [INFO] 日志实例已初始化...
[2020-03-15 16:27:32:221] [vo.logVo.LogVo.<init>] [INFO] 日志实例已初始化...
[2020-03-15 16:27:32:223] [vo.logVo.LogVo.<init>] [INFO] 日志实例已初始化...
[2020-03-15 16:27:32:225] [vo.logVo.LogVo.<init>] [INFO] 日志实例已初始化...
[2020-03-15 16:27:32:227] [vo.logVo.LogVo.<init>] [INFO] 日志实例已初始化...
[2020-03-15 16:27:32:228] [vo.logVo.LogVo.<init>] [INFO] 日志实例已初始化...
[2020-03-15 16:27:32:229] [vo.logVo.LogVo.<init>] [INFO] 日志实例已初始化...
[2020-03-15 16:27:32:229] [vo.logVo.LogVo.<init>] [INFO] 日志实例已初始化...
[2020-03-15 16:27:32:230] [vo.logVo.LogVo.<init>] [INFO] 日志实例已初始化...
[2020-03-15 16:27:32:231] [vo.logVo.LogVo.<init>] [INFO] 日志实例已初始化...
[2020-03-15 16:27:32:232] [vo.logVo.LogVo.<init>] [INFO] 日志实例已初始化...
[2020-03-15 16:27:32:233] [vo.logVo.LogVo.<init>] [INFO] 日志实例已初始化...
[2020-03-15 16:27:32:233] [vo.logVo.LogVo.<init>] [INFO] 日志实例已初始化...
[2020-03-15 16:27:32:234] [vo.logVo.LogVo.<init>] [INFO] 日志实例已初始化...
[2020-03-15 16:27:32:234] [vo.logVo.LogVo.<init>] [INFO] 日志实例已初始化...
[2020-03-15 16:27:32:235] [vo.logVo.LogVo.<init>] [INFO] 日志实例已初始化...
[2020-03-15 16:27:32:235] [vo.logVo.LogVo.<init>] [INFO] 日志实例已初始化...
[2020-03-15 16:27:32:236] [vo.logVo.LogVo.<init>] [INFO] 日志实例已初始化...
[2020-03-15 16:27:32:237] [vo.logVo.LogVo.<init>] [INFO] 日志实例已初始化...
[2020-03-15 16:27:32:237] [vo.logVo.LogVo.<init>] [INFO] 日志实例已初始化...
[2020-03-15 16:27:32:238] [vo.logVo.LogVo.<init>] [INFO] 日志实例已初始化...
[2020-03-15 16:27:32:238] [vo.logVo.LogVo.<init>] [INFO] 日志实例已初始化...
[2020-03-15 16:27:32:239] [vo.logVo.LogVo.<init>] [INFO] 日志实例已初始化...
[2020-03-15 16:27:32:239] [vo.logVo.LogVo.<init>] [INFO] 日志实例已初始化...
[2020-03-15 16:27:32:240] [vo.logVo.LogVo.<init>] [INFO] 日志实例已初始化...
[2020-03-15 16:27:32:242] [vo.logVo.LogVo.<init>] [INFO] 日志实例已初始化...
[2020-03-15 16:27:32:242] [vo.logVo.LogVo.<init>] [INFO] 日志实例已初始化...
[2020-03-15 16:27:32:243] [vo.logVo.LogVo.<init>] [INFO] 日志实例已初始化...
[2020-03-15 16:27:32:243] [vo.logVo.LogVo.<init>] [INFO] 日志实例已初始化...
[2020-03-15 16:27:32:243] [vo.logVo.LogVo.<init>] [INFO] 日志实例已初始化...
[2020-03-15 16:27:32:244] [vo.logVo.LogVo.<init>] [INFO] 日志实例已初始化...
[2020-03-15 16:27:32:244] [vo.logVo.LogVo.<init>] [INFO] 日志实例已初始化...
[2020-03-15 16:27:32:244] [vo.logVo.LogVo.<init>] [INFO] 日志实例已初始化...
[2020-03-15 16:27:32:245] [vo.logVo.LogVo.<init>] [INFO] 日志实例已初始化...
[2020-03-15 16:27:32:245] [vo.logVo.LogVo.<init>] [INFO] 日志实例已初始化...
[2020-03-15 16:27:32:245] [vo.logVo.LogVo.<init>] [INFO] 日志实例已初始化...
[2020-03-15 16:27:32:246] [vo.logVo.LogVo.<init>] [INFO] 日志实例已初始化...
[2020-03-15 16:27:32:246] [vo.logVo.LogVo.<init>] [INFO] 日志实例已初始化...
[2020-03-15 16:27:32:247] [vo.logVo.LogVo.<init>] [INFO] 日志实例已初始化...
[2020-03-15 16:27:32:247] [vo.logVo.LogVo.<init>] [INFO] 日志实例已初始化...
[2020-03-15 16:27:32:247] [vo.logVo.LogVo.<init>] [INFO] 日志实例已初始化...
[2020-03-15 16:27:32:247] [vo.logVo.LogVo.<init>] [INFO] 日志实例已初始化...
[2020-03-15 16:27:32:248] [vo.logVo.LogVo.<init>] [INFO] 日志实例已初始化...
[2020-03-15 16:27:32:248] [vo.logVo.LogVo.<init>] [INFO] 日志实例已初始化...
[2020-03-15 16:27:32:248] [vo.logVo.LogVo.<init>] [INFO] 日志实例已初始化...
[2020-03-15 16:27:32:249] [vo.logVo.LogVo.<init>] [INFO] 日志实例已初始化...
[2020-03-15 16:27:32:249] [vo.logVo.LogVo.<init>] [INFO] 日志实例已初始化...
[2020-03-15 16:27:32:249] [vo.logVo.LogVo.<init>] [INFO] 日志实例已初始化...
[2020-03-15 16:27:32:250] [vo.logVo.LogVo.<init>] [INFO] 日志实例已初始化...
[2020-03-15 16:27:32:250] [vo.logVo.LogVo.<init>] [INFO] 日志实例已初始化...
[2020-03-15 16:27:32:250] [vo.logVo.LogVo.<init>] [INFO] 日志实例已初始化...
[2020-03-15 16:27:32:251] [vo.logVo.LogVo.<init>] [INFO] 日志实例已初始化...
[2020-03-15 16:27:32:251] [vo.logVo.LogVo.<init>] [INFO] 日志实例已初始化...
[2020-03-15 16:27:32:251] [vo.logVo.LogVo.<init>] [INFO] 日志实例已初始化...
[2020-03-15 16:27:32:252] [vo.logVo.LogVo.<init>] [INFO] 日志实例已初始化...
[2020-03-15 16:27:32:252] [vo.logVo.LogVo.<init>] [INFO] 日志实例已初始化...
[2020-03-15 16:27:32:253] [vo.logVo.LogVo.<init>] [INFO] 日志实例已初始化...
[2020-03-15 16:27:32:253] [vo.logVo.LogVo.<init>] [INFO] 日志实例已初始化...
[2020-03-15 16:27:32:253] [vo.logVo.LogVo.<init>] [INFO] 日志实例已初始化...
[2020-03-15 16:27:32:254] [vo.logVo.LogVo.<init>] [INFO] 日志实例已初始化...
[2020-03-15 16:27:32:254] [vo.logVo.LogVo.<init>] [INFO] 日志实例已初始化...
[2020-03-15 16:27:32:254] [vo.logVo.LogVo.<init>] [INFO] 日志实例已初始化...
[2020-03-15 16:27:32:255] [vo.logVo.LogVo.<init>] [INFO] 日志实例已初始化...
[2020-03-15 16:27:32:255] [vo.logVo.LogVo.<init>] [INFO] 日志实例已初始化...
[2020-03-15 16:27:32:255] [vo.logVo.LogVo.<init>] [INFO] 日志实例已初始化...
[2020-03-15 16:27:32:256] [vo.logVo.LogVo.<init>] [INFO] 日志实例已初始化...
[2020-03-15 16:27:32:257] [vo.logVo.LogVo.<init>] [INFO] 日志实例已初始化...
[2020-03-15 16:27:32:258] [vo.logVo.LogVo.<init>] [INFO] 日志实例已初始化...
[2020-03-15 16:27:32:259] [vo.logVo.LogVo.<init>] [INFO] 日志实例已初始化...
[2020-03-15 16:27:32:260] [vo.logVo.LogVo.<init>] [INFO] 日志实例已初始化...
[2020-03-15 16:27:32:261] [vo.logVo.LogVo.<init>] [INFO] 日志实例已初始化...
[2020-03-15 16:27:32:262] [vo.logVo.LogVo.<init>] [INFO] 日志实例已初始化...
[2020-03-15 16:27:32:262] [vo.logVo.LogVo.<init>] [INFO] 日志实例已初始化...
[2020-03-15 16:27:32:263] [vo.logVo.LogVo.<init>] [INFO] 日志实例已初始化...
[2020-03-15 16:27:32:263] [vo.logVo.LogVo.<init>] [INFO] 日志实例已初始化...
[2020-03-15 16:27:32:264] [vo.logVo.LogVo.<init>] [INFO] 日志实例已初始化...
[2020-03-15 16:27:32:265] [vo.logVo.LogVo.<init>] [INFO] 日志实例已初始化...
[2020-03-15 16:27:32:265] [vo.logVo.LogVo.<init>] [INFO] 日志实例已初始化...
[2020-03-15 16:27:32:266] [vo.logVo.LogVo.<init>] [INFO] 日志实例已初始化...
[2020-03-15 16:27:32:268] [vo.logVo.LogVo.<init>] [INFO] 日志实例已初始化...
[2020-03-15 16:27:32:269] [vo.logVo.LogVo.<init>] [INFO] 日志实例已初始化...
[2020-03-15 16:27:32:269] [vo.logVo.LogVo.<init>] [INFO] 日志实例已初始化...
[2020-03-15 16:27:32:271] [vo.logVo.LogVo.<init>] [INFO] 日志实例已初始化...
[2020-03-15 16:27:32:272] [vo.logVo.LogVo.<init>] [INFO] 日志实例已初始化...
[2020-03-15 16:27:32:272] [vo.logVo.LogVo.<init>] [INFO] 日志实例已初始化...
[2020-03-15 16:27:32:274] [vo.logVo.LogVo.<init>] [INFO] 日志实例已初始化...
[2020-03-15 16:27:32:275] [vo.logVo.LogVo.<init>] [INFO] 日志实例已初始化...
[2020-03-15 16:27:32:275] [vo.logVo.LogVo.<init>] [INFO] 日志实例已初始化...
[2020-03-15 16:27:32:276] [vo.logVo.LogVo.<init>] [INFO] 日志实例已初始化...
[2020-03-15 16:27:32:278] [vo.logVo.LogVo.<init>] [INFO] 日志实例已初始化...
[2020-03-15 16:27:32:279] [vo.logVo.LogVo.<init>] [INFO] 日志实例已初始化...
[2020-03-15 16:27:32:279] [vo.logVo.LogVo.<init>] [INFO] 日志实例已初始化...
[2020-03-15 16:27:32:280] [vo.logVo.LogVo.<init>] [INFO] 日志实例已初始化...
[2020-03-15 16:27:32:280] [vo.logVo.LogVo.<init>] [INFO] 日志实例已初始化...
[2020-03-15 16:27:32:281] [vo.logVo.LogVo.<init>] [INFO] 日志实例已初始化...
[2020-03-15 16:27:32:281] [vo.logVo.LogVo.<init>] [INFO] 日志实例已初始化...
[2020-03-15 16:27:32:282] [vo.logVo.LogVo.<init>] [INFO] 日志实例已初始化...
[2020-03-15 16:27:32:283] [vo.logVo.LogVo.<init>] [INFO] 日志实例已初始化...
[2020-03-15 16:27:32:283] [vo.logVo.LogVo.<init>] [INFO] 日志实例已初始化...
[2020-03-15 16:27:32:284] [vo.logVo.LogVo.<init>] [INFO] 日志实例已初始化...
[2020-03-15 16:27:32:284] [vo.logVo.LogVo.<init>] [INFO] 日志实例已初始化...
[2020-03-15 16:27:32:285] [vo.logVo.LogVo.<init>] [INFO] 日志实例已初始化...
[2020-03-15 16:27:32:285] [vo.logVo.LogVo.<init>] [INFO] 日志实例已初始化...
[2020-03-15 16:27:32:286] [vo.logVo.LogVo.<init>] [INFO] 日志实例已初始化...
[2020-03-15 16:27:32:286] [vo.logVo.LogVo.<init>] [INFO] 日志实例已初始化...
[2020-03-15 16:27:32:287] [vo.logVo.LogVo.<init>] [INFO] 日志实例已初始化...
[2020-03-15 16:27:32:287] [vo.logVo.LogVo.<init>] [INFO] 日志实例已初始化...
[2020-03-15 16:27:32:288] [vo.logVo.LogVo.<init>] [INFO] 日志实例已初始化...
[2020-03-15 16:27:32:288] [vo.logVo.LogVo.<init>] [INFO] 日志实例已初始化...
[2020-03-15 16:27:32:289] [vo.logVo.LogVo.<init>] [INFO] 日志实例已初始化...
[2020-03-15 16:27:32:289] [vo.logVo.LogVo.<init>] [INFO] 日志实例已初始化...
[2020-03-15 16:27:32:291] [vo.logVo.LogVo.<init>] [INFO] 日志实例已初始化...
[2020-03-15 16:27:32:292] [vo.logVo.LogVo.<init>] [INFO] 日志实例已初始化...
[2020-03-15 16:27:32:293] [vo.logVo.LogVo.<init>] [INFO] 日志实例已初始化...
[2020-03-15 16:27:32:294] [vo.logVo.LogVo.<init>] [INFO] 日志实例已初始化...
[2020-03-15 16:27:32:294] [vo.logVo.LogVo.<init>] [INFO] 日志实例已初始化...
[2020-03-15 16:27:32:295] [vo.logVo.LogVo.<init>] [INFO] 日志实例已初始化...
[2020-03-15 16:27:32:295] [vo.logVo.LogVo.<init>] [INFO] 日志实例已初始化...
[2020-03-15 16:27:32:296] [vo.logVo.LogVo.<init>] [INFO] 日志实例已初始化...
[2020-03-15 16:27:32:296] [vo.logVo.LogVo.<init>] [INFO] 日志实例已初始化...
[2020-03-15 16:27:32:296] [vo.logVo.LogVo.<init>] [INFO] 日志实例已初始化...
[2020-03-15 16:27:32:297] [vo.logVo.LogVo.<init>] [INFO] 日志实例已初始化...
[2020-03-15 16:27:32:298] [vo.logVo.LogVo.<init>] [INFO] 日志实例已初始化...
[2020-03-15 16:27:32:298] [vo.logVo.LogVo.<init>] [INFO] 日志实例已初始化...
[2020-03-15 16:27:32:299] [vo.logVo.LogVo.<init>] [INFO] 日志实例已初始化...
[2020-03-15 16:27:32:299] [vo.logVo.LogVo.<init>] [INFO] 日志实例已初始化...
[2020-03-15 16:27:32:300] [vo.logVo.LogVo.<init>] [INFO] 日志实例已初始化...
[2020-03-15 16:27:32:300] [vo.logVo.LogVo.<init>] [INFO] 日志实例已初始化...
[2020-03-15 16:27:32:301] [vo.logVo.LogVo.<init>] [INFO] 日志实例已初始化...
[2020-03-15 16:27:32:301] [vo.logVo.LogVo.<init>] [INFO] 日志实例已初始化...
[2020-03-15 16:27:32:302] [vo.logVo.LogVo.<init>] [INFO] 日志实例已初始化...
[2020-03-15 16:27:32:302] [vo.logVo.LogVo.<init>] [INFO] 日志实例已初始化...
[2020-03-15 16:27:32:303] [vo.logVo.LogVo.<init>] [INFO] 日志实例已初始化...
[2020-03-15 16:27:32:303] [vo.logVo.LogVo.<init>] [INFO] 日志实例已初始化...
[2020-03-15 16:27:32:304] [vo.logVo.LogVo.<init>] [INFO] 日志实例已初始化...
[2020-03-15 16:27:32:305] [vo.logVo.LogVo.<init>] [INFO] 日志实例已初始化...
[2020-03-15 16:27:32:306] [vo.logVo.LogVo.<init>] [INFO] 日志实例已初始化...
[2020-03-15 16:27:32:307] [vo.logVo.LogVo.<init>] [INFO] 日志实例已初始化...
[2020-03-15 16:27:32:308] [vo.logVo.LogVo.<init>] [INFO] 日志实例已初始化...
[2020-03-15 16:27:32:308] [vo.logVo.LogVo.<init>] [INFO] 日志实例已初始化...
[2020-03-15 16:27:32:309] [vo.logVo.LogVo.<init>] [INFO] 日志实例已初始化...
[2020-03-15 16:27:32:309] [vo.logVo.LogVo.<init>] [INFO] 日志实例已初始化...
[2020-03-15 16:27:32:309] [vo.logVo.LogVo.<init>] [INFO] 日志实例已初始化...
[2020-03-15 16:27:32:310] [vo.logVo.LogVo.<init>] [INFO] 日志实例已初始化...
[2020-03-15 16:27:32:310] [vo.logVo.LogVo.<init>] [INFO] 日志实例已初始化...
[2020-03-15 16:27:32:310] [vo.logVo.LogVo.<init>] [INFO] 日志实例已初始化...
[2020-03-15 16:27:32:311] [vo.logVo.LogVo.<init>] [INFO] 日志实例已初始化...
[2020-03-15 16:27:32:311] [vo.logVo.LogVo.<init>] [INFO] 日志实例已初始化...
[2020-03-15 16:27:32:312] [vo.logVo.LogVo.<init>] [INFO] 日志实例已初始化...
[2020-03-15 16:27:32:312] [vo.logVo.LogVo.<init>] [INFO] 日志实例已初始化...
[2020-03-15 16:27:32:313] [vo.logVo.LogVo.<init>] [INFO] 日志实例已初始化...
[2020-03-15 16:27:32:314] [vo.logVo.LogVo.<init>] [INFO] 日志实例已初始化...
[2020-03-15 16:27:32:314] [vo.logVo.LogVo.<init>] [INFO] 日志实例已初始化...
[2020-03-15 16:27:32:314] [vo.logVo.LogVo.<init>] [INFO] 日志实例已初始化...
[2020-03-15 16:27:32:315] [vo.logVo.LogVo.<init>] [INFO] 日志实例已初始化...
[2020-03-15 16:27:32:315] [vo.logVo.LogVo.<init>] [INFO] 日志实例已初始化...
[2020-03-15 16:27:32:316] [vo.logVo.LogVo.<init>] [INFO] 日志实例已初始化...
[2020-03-15 16:27:32:317] [vo.logVo.LogVo.<init>] [INFO] 日志实例已初始化...
[2020-03-15 16:27:32:317] [vo.logVo.LogVo.<init>] [INFO] 日志实例已初始化...
[2020-03-15 16:27:32:318] [vo.logVo.LogVo.<init>] [INFO] 日志实例已初始化...
[2020-03-15 16:27:32:318] [vo.logVo.LogVo.<init>] [INFO] 日志实例已初始化...
[2020-03-15 16:27:32:318] [vo.logVo.LogVo.<init>] [INFO] 日志实例已初始化...
[2020-03-15 16:27:32:319] [vo.logVo.LogVo.<init>] [INFO] 日志实例已初始化...
[2020-03-15 16:27:32:319] [vo.logVo.LogVo.<init>] [INFO] 日志实例已初始化...
[2020-03-15 16:27:32:320] [vo.logVo.LogVo.<init>] [INFO] 日志实例已初始化...
[2020-03-15 16:27:32:320] [vo.logVo.LogVo.<init>] [INFO] 日志实例已初始化...
[2020-03-15 16:27:32:321] [vo.logVo.LogVo.<init>] [INFO] 日志实例已初始化...
[2020-03-15 16:27:32:322] [vo.logVo.LogVo.<init>] [INFO] 日志实例已初始化...
[2020-03-15 16:27:32:323] [vo.logVo.LogVo.<init>] [INFO] 日志实例已初始化...
[2020-03-15 16:27:32:324] [vo.logVo.LogVo.<init>] [INFO] 日志实例已初始化...
[2020-03-15 16:27:32:325] [vo.logVo.LogVo.<init>] [INFO] 日志实例已初始化...
[2020-03-15 16:27:32:325] [vo.logVo.LogVo.<init>] [INFO] 日志实例已初始化...
[2020-03-15 16:27:32:326] [vo.logVo.LogVo.<init>] [INFO] 日志实例已初始化...
[2020-03-15 16:27:32:327] [vo.logVo.LogVo.<init>] [INFO] 日志实例已初始化...
[2020-03-15 16:27:32:328] [vo.logVo.LogVo.<init>] [INFO] 日志实例已初始化...
[2020-03-15 16:27:32:329] [vo.logVo.LogVo.<init>] [INFO] 日志实例已初始化...
[2020-03-15 16:27:32:330] [vo.logVo.LogVo.<init>] [INFO] 日志实例已初始化...
[2020-03-15 16:27:32:331] [vo.logVo.LogVo.<init>] [INFO] 日志实例已初始化...
[2020-03-15 16:27:32:331] [vo.logVo.LogVo.<init>] [INFO] 日志实例已初始化...
[2020-03-15 16:27:32:332] [vo.logVo.LogVo.<init>] [INFO] 日志实例已初始化...
[2020-03-15 16:27:32:333] [vo.logVo.LogVo.<init>] [INFO] 日志实例已初始化...
[2020-03-15 16:27:33:585] [vo.logVo.LogVo.<init>] [INFO] 日志实例已初始化...
[2020-03-15 16:27:33:599] [vo.logVo.LogVo.<init>] [INFO] 日志实例已初始化...
[2020-03-15 16:27:33:622] [vo.logVo.LogVo.<init>] [INFO] 日志实例已初始化...
[2020-03-15 16:27:33:623] [vo.logVo.LogVo.<init>] [INFO] 日志实例已初始化...
[2020-03-15 16:27:33:623] [vo.logVo.LogVo.<init>] [INFO] 日志实例已初始化...
[2020-03-15 16:27:33:624] [vo.logVo.LogVo.<init>] [INFO] 日志实例已初始化...
[2020-03-15 16:27:33:624] [vo.logVo.LogVo.<init>] [INFO] 日志实例已初始化...
[2020-03-15 16:27:33:624] [vo.logVo.LogVo.<init>] [INFO] 日志实例已初始化...
[2020-03-15 16:27:33:625] [vo.logVo.LogVo.<init>] [INFO] 日志实例已初始化...
[2020-03-15 16:27:33:625] [vo.logVo.LogVo.<init>] [INFO] 日志实例已初始化...
[2020-03-15 16:27:33:625] [vo.logVo.LogVo.<init>] [INFO] 日志实例已初始化...
[2020-03-15 16:27:33:626] [vo.logVo.LogVo.<init>] [INFO] 日志实例已初始化...
[2020-03-15 16:27:33:626] [vo.logVo.LogVo.<init>] [INFO] 日志实例已初始化...
[2020-03-15 16:27:33:626] [vo.logVo.LogVo.<init>] [INFO] 日志实例已初始化...
[2020-03-15 16:27:33:626] [vo.logVo.LogVo.<init>] [INFO] 日志实例已初始化...
[2020-03-15 16:27:33:627] [vo.logVo.LogVo.<init>] [INFO] 日志实例已初始化...
[2020-03-15 16:27:33:627] [vo.logVo.LogVo.<init>] [INFO] 日志实例已初始化...
[2020-03-15 16:27:33:627] [vo.logVo.LogVo.<init>] [INFO] 日志实例已初始化...
[2020-03-15 16:27:33:627] [vo.logVo.LogVo.<init>] [INFO] 日志实例已初始化...
[2020-03-15 16:27:33:628] [vo.logVo.LogVo.<init>] [INFO] 日志实例已初始化...
[2020-03-15 16:27:33:628] [vo.logVo.LogVo.<init>] [INFO] 日志实例已初始化...
[2020-03-15 16:27:33:628] [vo.logVo.LogVo.<init>] [INFO] 日志实例已初始化...
[2020-03-15 16:27:33:629] [vo.logVo.LogVo.<init>] [INFO] 日志实例已初始化...
[2020-03-15 16:27:33:629] [vo.logVo.LogVo.<init>] [INFO] 日志实例已初始化...
[2020-03-15 16:27:33:629] [vo.logVo.LogVo.<init>] [INFO] 日志实例已初始化...
[2020-03-15 16:27:33:629] [vo.logVo.LogVo.<init>] [INFO] 日志实例已初始化...
[2020-03-15 16:27:33:630] [vo.logVo.LogVo.<init>] [INFO] 日志实例已初始化...
[2020-03-15 16:27:33:630] [vo.logVo.LogVo.<init>] [INFO] 日志实例已初始化...
[2020-03-15 16:27:33:631] [vo.logVo.LogVo.<init>] [INFO] 日志实例已初始化...
[2020-03-15 16:27:33:631] [vo.logVo.LogVo.<init>] [INFO] 日志实例已初始化...
[2020-03-15 16:27:33:631] [vo.logVo.LogVo.<init>] [INFO] 日志实例已初始化...
[2020-03-15 16:27:33:632] [vo.logVo.LogVo.<init>] [INFO] 日志实例已初始化...
[2020-03-15 16:27:33:632] [vo.logVo.LogVo.<init>] [INFO] 日志实例已初始化...
[2020-03-15 16:27:33:632] [vo.logVo.LogVo.<init>] [INFO] 日志实例已初始化...
[2020-03-15 16:27:33:633] [vo.logVo.LogVo.<init>] [INFO] 日志实例已初始化...
[2020-03-15 16:27:33:633] [vo.logVo.LogVo.<init>] [INFO] 日志实例已初始化...
[2020-03-15 16:27:33:634] [vo.logVo.LogVo.<init>] [INFO] 日志实例已初始化...
[2020-03-15 16:27:33:634] [vo.logVo.LogVo.<init>] [INFO] 日志实例已初始化...
[2020-03-15 16:27:33:635] [vo.logVo.LogVo.<init>] [INFO] 日志实例已初始化...
[2020-03-15 16:27:33:635] [vo.logVo.LogVo.<init>] [INFO] 日志实例已初始化...
[2020-03-15 16:27:33:635] [vo.logVo.LogVo.<init>] [INFO] 日志实例已初始化...
[2020-03-15 16:27:33:636] [vo.logVo.LogVo.<init>] [INFO] 日志实例已初始化...
[2020-03-15 16:27:33:636] [vo.logVo.LogVo.<init>] [INFO] 日志实例已初始化...
[2020-03-15 16:27:33:637] [vo.logVo.LogVo.<init>] [INFO] 日志实例已初始化...
[2020-03-15 16:27:33:637] [vo.logVo.LogVo.<init>] [INFO] 日志实例已初始化...
[2020-03-15 16:27:33:637] [vo.logVo.LogVo.<init>] [INFO] 日志实例已初始化...
[2020-03-15 16:27:33:638] [vo.logVo.LogVo.<init>] [INFO] 日志实例已初始化...
[2020-03-15 16:27:33:638] [vo.logVo.LogVo.<init>] [INFO] 日志实例已初始化...
[2020-03-15 16:27:33:639] [vo.logVo.LogVo.<init>] [INFO] 日志实例已初始化...
[2020-03-15 16:27:33:639] [vo.logVo.LogVo.<init>] [INFO] 日志实例已初始化...
[2020-03-15 16:27:33:639] [vo.logVo.LogVo.<init>] [INFO] 日志实例已初始化...
[2020-03-15 16:27:33:640] [vo.logVo.LogVo.<init>] [INFO] 日志实例已初始化...
[2020-03-15 16:27:33:640] [vo.logVo.LogVo.<init>] [INFO] 日志实例已初始化...
[2020-03-15 16:27:33:640] [vo.logVo.LogVo.<init>] [INFO] 日志实例已初始化...
[2020-03-15 16:27:33:640] [vo.logVo.LogVo.<init>] [INFO] 日志实例已初始化...
[2020-03-15 16:27:33:641] [vo.logVo.LogVo.<init>] [INFO] 日志实例已初始化...
[2020-03-15 16:27:33:641] [vo.logVo.LogVo.<init>] [INFO] 日志实例已初始化...
[2020-03-15 16:27:33:641] [vo.logVo.LogVo.<init>] [INFO] 日志实例已初始化...
[2020-03-15 16:27:33:642] [vo.logVo.LogVo.<init>] [INFO] 日志实例已初始化...
[2020-03-15 16:27:33:642] [vo.logVo.LogVo.<init>] [INFO] 日志实例已初始化...
[2020-03-15 16:27:33:643] [vo.logVo.LogVo.<init>] [INFO] 日志实例已初始化...
[2020-03-15 16:27:33:643] [vo.logVo.LogVo.<init>] [INFO] 日志实例已初始化...
[2020-03-15 16:27:33:644] [vo.logVo.LogVo.<init>] [INFO] 日志实例已初始化...
[2020-03-15 16:27:33:644] [vo.logVo.LogVo.<init>] [INFO] 日志实例已初始化...
[2020-03-15 16:27:33:645] [vo.logVo.LogVo.<init>] [INFO] 日志实例已初始化...
[2020-03-15 16:27:33:646] [vo.logVo.LogVo.<init>] [INFO] 日志实例已初始化...
[2020-03-15 16:27:33:646] [vo.logVo.LogVo.<init>] [INFO] 日志实例已初始化...
[2020-03-15 16:27:33:647] [vo.logVo.LogVo.<init>] [INFO] 日志实例已初始化...
[2020-03-15 16:27:33:647] [vo.logVo.LogVo.<init>] [INFO] 日志实例已初始化...
[2020-03-15 16:27:33:647] [vo.logVo.LogVo.<init>] [INFO] 日志实例已初始化...
[2020-03-15 16:27:33:647] [vo.logVo.LogVo.<init>] [INFO] 日志实例已初始化...
[2020-03-15 16:27:33:648] [vo.logVo.LogVo.<init>] [INFO] 日志实例已初始化...
[2020-03-15 16:27:33:648] [vo.logVo.LogVo.<init>] [INFO] 日志实例已初始化...
[2020-03-15 16:27:33:648] [vo.logVo.LogVo.<init>] [INFO] 日志实例已初始化...
[2020-03-15 16:27:33:649] [vo.logVo.LogVo.<init>] [INFO] 日志实例已初始化...
[2020-03-15 16:27:33:649] [vo.logVo.LogVo.<init>] [INFO] 日志实例已初始化...
[2020-03-15 16:27:33:650] [vo.logVo.LogVo.<init>] [INFO] 日志实例已初始化...
[2020-03-15 16:27:33:651] [vo.logVo.LogVo.<init>] [INFO] 日志实例已初始化...
[2020-03-15 16:27:33:651] [vo.logVo.LogVo.<init>] [INFO] 日志实例已初始化...
[2020-03-15 16:27:33:652] [vo.logVo.LogVo.<init>] [INFO] 日志实例已初始化...
[2020-03-15 16:27:33:652] [vo.logVo.LogVo.<init>] [INFO] 日志实例已初始化...
[2020-03-15 16:27:33:652] [vo.logVo.LogVo.<init>] [INFO] 日志实例已初始化...
[2020-03-15 16:27:33:653] [vo.logVo.LogVo.<init>] [INFO] 日志实例已初始化...
[2020-03-15 16:27:33:653] [vo.logVo.LogVo.<init>] [INFO] 日志实例已初始化...
[2020-03-15 16:27:33:653] [vo.logVo.LogVo.<init>] [INFO] 日志实例已初始化...
[2020-03-15 16:27:33:654] [vo.logVo.LogVo.<init>] [INFO] 日志实例已初始化...
[2020-03-15 16:27:33:654] [vo.logVo.LogVo.<init>] [INFO] 日志实例已初始化...
[2020-03-15 16:27:33:654] [vo.logVo.LogVo.<init>] [INFO] 日志实例已初始化...
[2020-03-15 16:27:33:654] [vo.logVo.LogVo.<init>] [INFO] 日志实例已初始化...
[2020-03-15 16:27:33:655] [vo.logVo.LogVo.<init>] [INFO] 日志实例已初始化...
[2020-03-15 16:27:33:655] [vo.logVo.LogVo.<init>] [INFO] 日志实例已初始化...
[2020-03-15 16:27:33:656] [vo.logVo.LogVo.<init>] [INFO] 日志实例已初始化...
[2020-03-15 16:27:33:656] [vo.logVo.LogVo.<init>] [INFO] 日志实例已初始化...
[2020-03-15 16:27:33:657] [vo.logVo.LogVo.<init>] [INFO] 日志实例已初始化...
[2020-03-15 16:27:33:657] [vo.logVo.LogVo.<init>] [INFO] 日志实例已初始化...
[2020-03-15 16:27:33:657] [vo.logVo.LogVo.<init>] [INFO] 日志实例已初始化...
[2020-03-15 16:27:33:658] [vo.logVo.LogVo.<init>] [INFO] 日志实例已初始化...
[2020-03-15 16:27:33:658] [vo.logVo.LogVo.<init>] [INFO] 日志实例已初始化...
[2020-03-15 16:27:33:658] [vo.logVo.LogVo.<init>] [INFO] 日志实例已初始化...
[2020-03-15 16:27:33:658] [vo.logVo.LogVo.<init>] [INFO] 日志实例已初始化...
[2020-03-15 16:27:33:659] [vo.logVo.LogVo.<init>] [INFO] 日志实例已初始化...
[2020-03-15 16:27:33:659] [vo.logVo.LogVo.<init>] [INFO] 日志实例已初始化...
[2020-03-15 16:27:33:659] [vo.logVo.LogVo.<init>] [INFO] 日志实例已初始化...
[2020-03-15 16:27:33:660] [vo.logVo.LogVo.<init>] [INFO] 日志实例已初始化...
[2020-03-15 16:27:33:660] [vo.logVo.LogVo.<init>] [INFO] 日志实例已初始化...
[2020-03-15 16:27:33:660] [vo.logVo.LogVo.<init>] [INFO] 日志实例已初始化...
[2020-03-15 16:27:33:661] [vo.logVo.LogVo.<init>] [INFO] 日志实例已初始化...
[2020-03-15 16:27:33:661] [vo.logVo.LogVo.<init>] [INFO] 日志实例已初始化...
[2020-03-15 16:27:33:661] [vo.logVo.LogVo.<init>] [INFO] 日志实例已初始化...
[2020-03-15 16:27:33:662] [vo.logVo.LogVo.<init>] [INFO] 日志实例已初始化...
[2020-03-15 16:27:33:662] [vo.logVo.LogVo.<init>] [INFO] 日志实例已初始化...
[2020-03-15 16:27:33:662] [vo.logVo.LogVo.<init>] [INFO] 日志实例已初始化...
[2020-03-15 16:27:33:663] [vo.logVo.LogVo.<init>] [INFO] 日志实例已初始化...
[2020-03-15 16:27:33:663] [vo.logVo.LogVo.<init>] [INFO] 日志实例已初始化...
[2020-03-15 16:27:33:664] [vo.logVo.LogVo.<init>] [INFO] 日志实例已初始化...
[2020-03-15 16:27:33:664] [vo.logVo.LogVo.<init>] [INFO] 日志实例已初始化...
[2020-03-15 16:27:33:665] [vo.logVo.LogVo.<init>] [INFO] 日志实例已初始化...
[2020-03-15 16:27:33:666] [vo.logVo.LogVo.<init>] [INFO] 日志实例已初始化...
[2020-03-15 16:27:33:666] [vo.logVo.LogVo.<init>] [INFO] 日志实例已初始化...
[2020-03-15 16:27:33:667] [vo.logVo.LogVo.<init>] [INFO] 日志实例已初始化...
[2020-03-15 16:27:33:668] [vo.logVo.LogVo.<init>] [INFO] 日志实例已初始化...
[2020-03-15 16:27:33:668] [vo.logVo.LogVo.<init>] [INFO] 日志实例已初始化...
[2020-03-15 16:27:33:669] [vo.logVo.LogVo.<init>] [INFO] 日志实例已初始化...
[2020-03-15 16:27:33:670] [vo.logVo.LogVo.<init>] [INFO] 日志实例已初始化...
[2020-03-15 16:27:33:670] [vo.logVo.LogVo.<init>] [INFO] 日志实例已初始化...
[2020-03-15 16:27:33:670] [vo.logVo.LogVo.<init>] [INFO] 日志实例已初始化...
[2020-03-15 16:27:33:671] [vo.logVo.LogVo.<init>] [INFO] 日志实例已初始化...
[2020-03-15 16:27:33:671] [vo.logVo.LogVo.<init>] [INFO] 日志实例已初始化...
[2020-03-15 16:27:33:671] [vo.logVo.LogVo.<init>] [INFO] 日志实例已初始化...
[2020-03-15 16:27:33:672] [vo.logVo.LogVo.<init>] [INFO] 日志实例已初始化...
[2020-03-15 16:27:33:672] [vo.logVo.LogVo.<init>] [INFO] 日志实例已初始化...
[2020-03-15 16:27:33:673] [vo.logVo.LogVo.<init>] [INFO] 日志实例已初始化...
[2020-03-15 16:27:33:673] [vo.logVo.LogVo.<init>] [INFO] 日志实例已初始化...
[2020-03-15 16:27:33:674] [vo.logVo.LogVo.<init>] [INFO] 日志实例已初始化...
[2020-03-15 16:27:33:674] [vo.logVo.LogVo.<init>] [INFO] 日志实例已初始化...
[2020-03-15 16:27:33:674] [vo.logVo.LogVo.<init>] [INFO] 日志实例已初始化...
[2020-03-15 16:27:33:675] [vo.logVo.LogVo.<init>] [INFO] 日志实例已初始化...
[2020-03-15 16:27:33:676] [vo.logVo.LogVo.<init>] [INFO] 日志实例已初始化...
[2020-03-15 16:27:33:677] [vo.logVo.LogVo.<init>] [INFO] 日志实例已初始化...
[2020-03-15 16:27:33:678] [vo.logVo.LogVo.<init>] [INFO] 日志实例已初始化...
[2020-03-15 16:27:33:678] [vo.logVo.LogVo.<init>] [INFO] 日志实例已初始化...
[2020-03-15 16:27:33:679] [vo.logVo.LogVo.<init>] [INFO] 日志实例已初始化...
[2020-03-15 16:27:33:680] [vo.logVo.LogVo.<init>] [INFO] 日志实例已初始化...
[2020-03-15 16:27:33:680] [vo.logVo.LogVo.<init>] [INFO] 日志实例已初始化...
[2020-03-15 16:27:33:681] [vo.logVo.LogVo.<init>] [INFO] 日志实例已初始化...
[2020-03-15 16:27:33:682] [vo.logVo.LogVo.<init>] [INFO] 日志实例已初始化...
[2020-03-15 16:27:33:683] [vo.logVo.LogVo.<init>] [INFO] 日志实例已初始化...
[2020-03-15 16:27:33:683] [vo.logVo.LogVo.<init>] [INFO] 日志实例已初始化...
[2020-03-15 16:27:33:684] [vo.logVo.LogVo.<init>] [INFO] 日志实例已初始化...
[2020-03-15 16:27:33:684] [vo.logVo.LogVo.<init>] [INFO] 日志实例已初始化...
[2020-03-15 16:27:33:684] [vo.logVo.LogVo.<init>] [INFO] 日志实例已初始化...
[2020-03-15 16:27:33:685] [vo.logVo.LogVo.<init>] [INFO] 日志实例已初始化...
[2020-03-15 16:27:33:685] [vo.logVo.LogVo.<init>] [INFO] 日志实例已初始化...
[2020-03-15 16:27:33:685] [vo.logVo.LogVo.<init>] [INFO] 日志实例已初始化...
[2020-03-15 16:27:33:685] [vo.logVo.LogVo.<init>] [INFO] 日志实例已初始化...
[2020-03-15 16:27:33:686] [vo.logVo.LogVo.<init>] [INFO] 日志实例已初始化...
[2020-03-15 16:27:33:686] [vo.logVo.LogVo.<init>] [INFO] 日志实例已初始化...
[2020-03-15 16:27:33:686] [vo.logVo.LogVo.<init>] [INFO] 日志实例已初始化...
[2020-03-15 16:27:33:687] [vo.logVo.LogVo.<init>] [INFO] 日志实例已初始化...
[2020-03-15 16:27:33:687] [vo.logVo.LogVo.<init>] [INFO] 日志实例已初始化...
[2020-03-15 16:27:33:687] [vo.logVo.LogVo.<init>] [INFO] 日志实例已初始化...
[2020-03-15 16:27:33:687] [vo.logVo.LogVo.<init>] [INFO] 日志实例已初始化...
[2020-03-15 16:27:33:688] [vo.logVo.LogVo.<init>] [INFO] 日志实例已初始化...
[2020-03-15 16:27:33:688] [vo.logVo.LogVo.<init>] [INFO] 日志实例已初始化...
[2020-03-15 16:27:33:689] [vo.logVo.LogVo.<init>] [INFO] 日志实例已初始化...
[2020-03-15 16:27:33:689] [vo.logVo.LogVo.<init>] [INFO] 日志实例已初始化...
[2020-03-15 16:27:33:689] [vo.logVo.LogVo.<init>] [INFO] 日志实例已初始化...
[2020-03-15 16:27:33:690] [vo.logVo.LogVo.<init>] [INFO] 日志实例已初始化...
[2020-03-15 16:27:33:691] [vo.logVo.LogVo.<init>] [INFO] 日志实例已初始化...
[2020-03-15 16:27:33:691] [vo.logVo.LogVo.<init>] [INFO] 日志实例已初始化...
[2020-03-15 16:27:33:691] [vo.logVo.LogVo.<init>] [INFO] 日志实例已初始化...
[2020-03-15 16:27:33:692] [vo.logVo.LogVo.<init>] [INFO] 日志实例已初始化...
[2020-03-15 16:27:33:693] [vo.logVo.LogVo.<init>] [INFO] 日志实例已初始化...
[2020-03-15 16:27:33:694] [vo.logVo.LogVo.<init>] [INFO] 日志实例已初始化...
[2020-03-15 16:27:33:694] [vo.logVo.LogVo.<init>] [INFO] 日志实例已初始化...
[2020-03-15 16:27:33:695] [vo.logVo.LogVo.<init>] [INFO] 日志实例已初始化...
[2020-03-15 16:27:33:695] [vo.logVo.LogVo.<init>] [INFO] 日志实例已初始化...
[2020-03-15 16:27:33:696] [vo.logVo.LogVo.<init>] [INFO] 日志实例已初始化...
[2020-03-15 16:27:33:697] [vo.logVo.LogVo.<init>] [INFO] 日志实例已初始化...
[2020-03-15 16:27:33:698] [vo.logVo.LogVo.<init>] [INFO] 日志实例已初始化...
[2020-03-15 16:27:33:699] [vo.logVo.LogVo.<init>] [INFO] 日志实例已初始化...
[2020-03-15 16:27:33:699] [vo.logVo.LogVo.<init>] [INFO] 日志实例已初始化...
[2020-03-15 16:27:33:699] [vo.logVo.LogVo.<init>] [INFO] 日志实例已初始化...
[2020-03-15 16:27:33:700] [vo.logVo.LogVo.<init>] [INFO] 日志实例已初始化...
[2020-03-15 16:27:33:700] [vo.logVo.LogVo.<init>] [INFO] 日志实例已初始化...
[2020-03-15 16:27:33:700] [vo.logVo.LogVo.<init>] [INFO] 日志实例已初始化...
[2020-03-15 16:27:33:701] [vo.logVo.LogVo.<init>] [INFO] 日志实例已初始化...
[2020-03-15 16:27:33:701] [vo.logVo.LogVo.<init>] [INFO] 日志实例已初始化...
[2020-03-15 16:27:33:701] [vo.logVo.LogVo.<init>] [INFO] 日志实例已初始化...
[2020-03-15 16:27:33:702] [vo.logVo.LogVo.<init>] [INFO] 日志实例已初始化...
[2020-03-15 16:27:33:702] [vo.logVo.LogVo.<init>] [INFO] 日志实例已初始化...
[2020-03-15 16:27:33:702] [vo.logVo.LogVo.<init>] [INFO] 日志实例已初始化...
[2020-03-15 16:27:33:703] [vo.logVo.LogVo.<init>] [INFO] 日志实例已初始化...
[2020-03-15 16:27:33:703] [vo.logVo.LogVo.<init>] [INFO] 日志实例已初始化...
[2020-03-15 16:27:33:703] [vo.logVo.LogVo.<init>] [INFO] 日志实例已初始化...
[2020-03-15 16:27:33:704] [vo.logVo.LogVo.<init>] [INFO] 日志实例已初始化...
[2020-03-15 16:27:33:704] [vo.logVo.LogVo.<init>] [INFO] 日志实例已初始化...
[2020-03-15 16:27:33:704] [vo.logVo.LogVo.<init>] [INFO] 日志实例已初始化...
[2020-03-15 16:27:33:705] [vo.logVo.LogVo.<init>] [INFO] 日志实例已初始化...
[2020-03-15 16:27:33:706] [vo.logVo.LogVo.<init>] [INFO] 日志实例已初始化...
[2020-03-15 16:27:33:706] [vo.logVo.LogVo.<init>] [INFO] 日志实例已初始化...
[2020-03-15 16:27:33:707] [vo.logVo.LogVo.<init>] [INFO] 日志实例已初始化...
[2020-03-15 16:27:33:707] [vo.logVo.LogVo.<init>] [INFO] 日志实例已初始化...
[2020-03-15 16:27:33:709] [vo.logVo.LogVo.<init>] [INFO] 日志实例已初始化...
[2020-03-15 16:27:33:710] [vo.logVo.LogVo.<init>] [INFO] 日志实例已初始化...
[2020-03-15 16:27:33:710] [vo.logVo.LogVo.<init>] [INFO] 日志实例已初始化...
[2020-03-15 16:27:33:711] [vo.logVo.LogVo.<init>] [INFO] 日志实例已初始化...
[2020-03-15 16:27:33:711] [vo.logVo.LogVo.<init>] [INFO] 日志实例已初始化...
[2020-03-15 16:27:33:712] [vo.logVo.LogVo.<init>] [INFO] 日志实例已初始化...
[2020-03-15 16:27:33:712] [vo.logVo.LogVo.<init>] [INFO] 日志实例已初始化...
[2020-03-15 16:27:33:713] [vo.logVo.LogVo.<init>] [INFO] 日志实例已初始化...
[2020-03-15 16:27:33:713] [vo.logVo.LogVo.<init>] [INFO] 日志实例已初始化...
[2020-03-15 16:27:33:714] [vo.logVo.LogVo.<init>] [INFO] 日志实例已初始化...
[2020-03-15 16:27:33:714] [vo.logVo.LogVo.<init>] [INFO] 日志实例已初始化...
[2020-03-15 16:27:33:715] [vo.logVo.LogVo.<init>] [INFO] 日志实例已初始化...
[2020-03-15 16:27:33:716] [vo.logVo.LogVo.<init>] [INFO] 日志实例已初始化...
[2020-03-15 16:27:33:717] [vo.logVo.LogVo.<init>] [INFO] 日志实例已初始化...
[2020-03-15 16:27:33:717] [vo.logVo.LogVo.<init>] [INFO] 日志实例已初始化...
[2020-03-15 16:27:33:718] [vo.logVo.LogVo.<init>] [INFO] 日志实例已初始化...
[2020-03-15 16:27:33:718] [vo.logVo.LogVo.<init>] [INFO] 日志实例已初始化...
[2020-03-15 16:27:33:719] [vo.logVo.LogVo.<init>] [INFO] 日志实例已初始化...
[2020-03-15 16:27:33:719] [vo.logVo.LogVo.<init>] [INFO] 日志实例已初始化...
[2020-03-15 16:27:33:720] [vo.logVo.LogVo.<init>] [INFO] 日志实例已初始化...
[2020-03-15 16:27:33:720] [vo.logVo.LogVo.<init>] [INFO] 日志实例已初始化...
[2020-03-15 16:27:33:725] [vo.logVo.LogVo.<init>] [INFO] 日志实例已初始化...
[2020-03-15 16:27:33:725] [vo.logVo.LogVo.<init>] [INFO] 日志实例已初始化...
[2020-03-15 16:27:33:726] [vo.logVo.LogVo.<init>] [INFO] 日志实例已初始化...
[2020-03-15 16:27:33:726] [vo.logVo.LogVo.<init>] [INFO] 日志实例已初始化...
[2020-03-15 16:27:33:727] [vo.logVo.LogVo.<init>] [INFO] 日志实例已初始化...
[2020-03-15 16:27:33:728] [vo.logVo.LogVo.<init>] [INFO] 日志实例已初始化...
[2020-03-15 16:27:33:729] [vo.logVo.LogVo.<init>] [INFO] 日志实例已初始化...
[2020-03-15 16:27:33:729] [vo.logVo.LogVo.<init>] [INFO] 日志实例已初始化...
[2020-03-15 16:27:33:730] [vo.logVo.LogVo.<init>] [INFO] 日志实例已初始化...
[2020-03-15 16:27:33:732] [vo.logVo.LogVo.<init>] [INFO] 日志实例已初始化...
[2020-03-15 16:27:33:733] [vo.logVo.LogVo.<init>] [INFO] 日志实例已初始化...
[2020-03-15 16:27:33:734] [vo.logVo.LogVo.<init>] [INFO] 日志实例已初始化...
[2020-03-15 16:27:33:736] [vo.logVo.LogVo.<init>] [INFO] 日志实例已初始化...
[2020-03-15 16:27:33:736] [vo.logVo.LogVo.<init>] [INFO] 日志实例已初始化...
[2020-03-15 16:27:33:736] [vo.logVo.LogVo.<init>] [INFO] 日志实例已初始化...
[2020-03-15 16:27:33:737] [vo.logVo.LogVo.<init>] [INFO] 日志实例已初始化...
[2020-03-15 16:27:33:737] [vo.logVo.LogVo.<init>] [INFO] 日志实例已初始化...
[2020-03-15 16:27:33:738] [vo.logVo.LogVo.<init>] [INFO] 日志实例已初始化...
[2020-03-15 16:27:33:740] [vo.logVo.LogVo.<init>] [INFO] 日志实例已初始化...
[2020-03-15 16:27:33:741] [vo.logVo.LogVo.<init>] [INFO] 日志实例已初始化...
[2020-03-15 16:27:33:742] [vo.logVo.LogVo.<init>] [INFO] 日志实例已初始化...
[2020-03-15 16:27:33:742] [vo.logVo.LogVo.<init>] [INFO] 日志实例已初始化...
[2020-03-15 16:27:33:743] [vo.logVo.LogVo.<init>] [INFO] 日志实例已初始化...
[2020-03-15 16:27:33:743] [vo.logVo.LogVo.<init>] [INFO] 日志实例已初始化...
[2020-03-15 16:27:33:744] [vo.logVo.LogVo.<init>] [INFO] 日志实例已初始化...
[2020-03-15 16:27:33:744] [vo.logVo.LogVo.<init>] [INFO] 日志实例已初始化...
[2020-03-15 16:27:33:744] [vo.logVo.LogVo.<init>] [INFO] 日志实例已初始化...
[2020-03-15 16:27:33:745] [vo.logVo.LogVo.<init>] [INFO] 日志实例已初始化...
[2020-03-15 16:27:33:745] [vo.logVo.LogVo.<init>] [INFO] 日志实例已初始化...
[2020-03-15 16:27:33:745] [vo.logVo.LogVo.<init>] [INFO] 日志实例已初始化...
[2020-03-15 16:27:33:746] [vo.logVo.LogVo.<init>] [INFO] 日志实例已初始化...
[2020-03-15 16:27:33:747] [vo.logVo.LogVo.<init>] [INFO] 日志实例已初始化...
[2020-03-15 16:27:33:748] [vo.logVo.LogVo.<init>] [INFO] 日志实例已初始化...
[2020-03-15 16:27:33:748] [vo.logVo.LogVo.<init>] [INFO] 日志实例已初始化...
[2020-03-15 16:27:33:749] [vo.logVo.LogVo.<init>] [INFO] 日志实例已初始化...
[2020-03-15 16:27:33:750] [vo.logVo.LogVo.<init>] [INFO] 日志实例已初始化...
[2020-03-15 16:27:33:750] [vo.logVo.LogVo.<init>] [INFO] 日志实例已初始化...
[2020-03-15 16:27:33:751] [vo.logVo.LogVo.<init>] [INFO] 日志实例已初始化...
[2020-03-15 16:27:33:751] [vo.logVo.LogVo.<init>] [INFO] 日志实例已初始化...
[2020-03-15 16:27:33:751] [vo.logVo.LogVo.<init>] [INFO] 日志实例已初始化...
[2020-03-15 16:27:33:752] [vo.logVo.LogVo.<init>] [INFO] 日志实例已初始化...
[2020-03-15 16:27:33:752] [vo.logVo.LogVo.<init>] [INFO] 日志实例已初始化...
[2020-03-15 16:27:33:752] [vo.logVo.LogVo.<init>] [INFO] 日志实例已初始化...
[2020-03-15 16:27:33:753] [vo.logVo.LogVo.<init>] [INFO] 日志实例已初始化...
[2020-03-15 16:27:33:753] [vo.logVo.LogVo.<init>] [INFO] 日志实例已初始化...
[2020-03-15 16:27:33:753] [vo.logVo.LogVo.<init>] [INFO] 日志实例已初始化...
[2020-03-15 16:27:33:760] [vo.logVo.LogVo.<init>] [INFO] 日志实例已初始化...
[2020-03-15 16:27:33:761] [vo.logVo.LogVo.<init>] [INFO] 日志实例已初始化...
[2020-03-15 16:27:33:761] [vo.logVo.LogVo.<init>] [INFO] 日志实例已初始化...
[2020-03-15 16:27:33:762] [vo.logVo.LogVo.<init>] [INFO] 日志实例已初始化...
[2020-03-15 16:27:33:762] [vo.logVo.LogVo.<init>] [INFO] 日志实例已初始化...
[2020-03-15 16:27:33:763] [vo.logVo.LogVo.<init>] [INFO] 日志实例已初始化...
[2020-03-15 16:27:33:764] [vo.logVo.LogVo.<init>] [INFO] 日志实例已初始化...
[2020-03-15 16:27:33:764] [vo.logVo.LogVo.<init>] [INFO] 日志实例已初始化...
[2020-03-15 16:27:33:764] [vo.logVo.LogVo.<init>] [INFO] 日志实例已初始化...
[2020-03-15 16:27:33:764] [vo.logVo.LogVo.<init>] [INFO] 日志实例已初始化...
[2020-03-15 16:27:33:765] [vo.logVo.LogVo.<init>] [INFO] 日志实例已初始化...
[2020-03-15 16:27:33:765] [vo.logVo.LogVo.<init>] [INFO] 日志实例已初始化...
[2020-03-15 16:27:33:765] [vo.logVo.LogVo.<init>] [INFO] 日志实例已初始化...
[2020-03-15 16:27:33:766] [vo.logVo.LogVo.<init>] [INFO] 日志实例已初始化...
[2020-03-15 16:27:33:766] [vo.logVo.LogVo.<init>] [INFO] 日志实例已初始化...
[2020-03-15 16:27:33:766] [vo.logVo.LogVo.<init>] [INFO] 日志实例已初始化...
[2020-03-15 16:27:33:767] [vo.logVo.LogVo.<init>] [INFO] 日志实例已初始化...
[2020-03-15 16:27:33:767] [vo.logVo.LogVo.<init>] [INFO] 日志实例已初始化...
[2020-03-15 16:27:33:767] [vo.logVo.LogVo.<init>] [INFO] 日志实例已初始化...
[2020-03-15 16:27:33:767] [vo.logVo.LogVo.<init>] [INFO] 日志实例已初始化...
[2020-03-15 16:27:33:768] [vo.logVo.LogVo.<init>] [INFO] 日志实例已初始化...
[2020-03-15 16:27:33:768] [vo.logVo.LogVo.<init>] [INFO] 日志实例已初始化...
[2020-03-15 16:27:33:768] [vo.logVo.LogVo.<init>] [INFO] 日志实例已初始化...
[2020-03-15 16:27:33:769] [vo.logVo.LogVo.<init>] [INFO] 日志实例已初始化...
[2020-03-15 16:27:33:769] [vo.logVo.LogVo.<init>] [INFO] 日志实例已初始化...
[2020-03-15 16:27:33:769] [vo.logVo.LogVo.<init>] [INFO] 日志实例已初始化...
[2020-03-15 16:27:33:769] [vo.logVo.LogVo.<init>] [INFO] 日志实例已初始化...
[2020-03-15 16:27:33:771] [vo.logVo.LogVo.<init>] [INFO] 日志实例已初始化...
[2020-03-15 16:27:33:772] [vo.logVo.LogVo.<init>] [INFO] 日志实例已初始化...
[2020-03-15 16:27:33:773] [vo.logVo.LogVo.<init>] [INFO] 日志实例已初始化...
[2020-03-15 16:27:33:773] [vo.logVo.LogVo.<init>] [INFO] 日志实例已初始化...
[2020-03-15 16:27:33:774] [vo.logVo.LogVo.<init>] [INFO] 日志实例已初始化...
[2020-03-15 16:27:33:774] [vo.logVo.LogVo.<init>] [INFO] 日志实例已初始化...
[2020-03-15 16:27:33:775] [vo.logVo.LogVo.<init>] [INFO] 日志实例已初始化...
[2020-03-15 16:27:33:775] [vo.logVo.LogVo.<init>] [INFO] 日志实例已初始化...
[2020-03-15 16:27:33:776] [vo.logVo.LogVo.<init>] [INFO] 日志实例已初始化...
[2020-03-15 16:27:33:776] [vo.logVo.LogVo.<init>] [INFO] 日志实例已初始化...
[2020-03-15 16:27:33:776] [vo.logVo.LogVo.<init>] [INFO] 日志实例已初始化...
[2020-03-15 16:27:33:777] [vo.logVo.LogVo.<init>] [INFO] 日志实例已初始化...
[2020-03-15 16:27:33:778] [vo.logVo.LogVo.<init>] [INFO] 日志实例已初始化...
[2020-03-15 16:27:33:778] [vo.logVo.LogVo.<init>] [INFO] 日志实例已初始化...
[2020-03-15 16:27:33:779] [vo.logVo.LogVo.<init>] [INFO] 日志实例已初始化...
[2020-03-15 16:27:33:780] [vo.logVo.LogVo.<init>] [INFO] 日志实例已初始化...
[2020-03-15 16:27:33:780] [vo.logVo.LogVo.<init>] [INFO] 日志实例已初始化...
[2020-03-15 16:27:33:780] [vo.logVo.LogVo.<init>] [INFO] 日志实例已初始化...
[2020-03-15 16:27:33:781] [vo.logVo.LogVo.<init>] [INFO] 日志实例已初始化...
[2020-03-15 16:27:33:782] [vo.logVo.LogVo.<init>] [INFO] 日志实例已初始化...
[2020-03-15 16:27:33:782] [vo.logVo.LogVo.<init>] [INFO] 日志实例已初始化...
[2020-03-15 16:27:33:783] [vo.logVo.LogVo.<init>] [INFO] 日志实例已初始化...
[2020-03-15 16:27:33:783] [vo.logVo.LogVo.<init>] [INFO] 日志实例已初始化...
[2020-03-15 16:27:33:784] [vo.logVo.LogVo.<init>] [INFO] 日志实例已初始化...
[2020-03-15 16:27:33:785] [vo.logVo.LogVo.<init>] [INFO] 日志实例已初始化...
[2020-03-15 16:27:33:787] [vo.logVo.LogVo.<init>] [INFO] 日志实例已初始化...
[2020-03-15 16:27:33:789] [vo.logVo.LogVo.<init>] [INFO] 日志实例已初始化...
[2020-03-15 16:27:33:790] [vo.logVo.LogVo.<init>] [INFO] 日志实例已初始化...
[2020-03-15 16:27:33:791] [vo.logVo.LogVo.<init>] [INFO] 日志实例已初始化...
[2020-03-15 16:27:33:792] [vo.logVo.LogVo.<init>] [INFO] 日志实例已初始化...
[2020-03-15 16:27:33:793] [vo.logVo.LogVo.<init>] [INFO] 日志实例已初始化...
[2020-03-15 16:27:33:794] [vo.logVo.LogVo.<init>] [INFO] 日志实例已初始化...
[2020-03-15 16:27:33:795] [vo.logVo.LogVo.<init>] [INFO] 日志实例已初始化...
[2020-03-15 16:27:33:796] [vo.logVo.LogVo.<init>] [INFO] 日志实例已初始化...
[2020-03-15 16:27:33:796] [vo.logVo.LogVo.<init>] [INFO] 日志实例已初始化...
[2020-03-15 16:27:33:797] [vo.logVo.LogVo.<init>] [INFO] 日志实例已初始化...
[2020-03-15 16:27:33:797] [vo.logVo.LogVo.<init>] [INFO] 日志实例已初始化...
[2020-03-15 16:27:33:798] [vo.logVo.LogVo.<init>] [INFO] 日志实例已初始化...
[2020-03-15 16:27:33:798] [vo.logVo.LogVo.<init>] [INFO] 日志实例已初始化...
[2020-03-15 16:27:33:799] [vo.logVo.LogVo.<init>] [INFO] 日志实例已初始化...
[2020-03-15 16:27:33:799] [vo.logVo.LogVo.<init>] [INFO] 日志实例已初始化...
[2020-03-15 16:27:33:799] [vo.logVo.LogVo.<init>] [INFO] 日志实例已初始化...
[2020-03-15 16:27:33:800] [vo.logVo.LogVo.<init>] [INFO] 日志实例已初始化...
[2020-03-15 16:27:33:800] [vo.logVo.LogVo.<init>] [INFO] 日志实例已初始化...
[2020-03-15 16:27:33:801] [vo.logVo.LogVo.<init>] [INFO] 日志实例已初始化...
[2020-03-15 16:27:33:801] [vo.logVo.LogVo.<init>] [INFO] 日志实例已初始化...
[2020-03-15 16:27:33:802] [vo.logVo.LogVo.<init>] [INFO] 日志实例已初始化...
[2020-03-15 16:27:33:802] [vo.logVo.LogVo.<init>] [INFO] 日志实例已初始化...
[2020-03-15 16:27:33:803] [vo.logVo.LogVo.<init>] [INFO] 日志实例已初始化...
[2020-03-15 16:27:33:803] [vo.logVo.LogVo.<init>] [INFO] 日志实例已初始化...
[2020-03-15 16:27:33:804] [vo.logVo.LogVo.<init>] [INFO] 日志实例已初始化...
[2020-03-15 16:27:33:804] [vo.logVo.LogVo.<init>] [INFO] 日志实例已初始化...
[2020-03-15 16:27:33:808] [vo.logVo.LogVo.<init>] [INFO] 日志实例已初始化...
[2020-03-15 16:27:33:808] [vo.logVo.LogVo.<init>] [INFO] 日志实例已初始化...
[2020-03-15 16:27:33:809] [vo.logVo.LogVo.<init>] [INFO] 日志实例已初始化...
[2020-03-15 16:27:33:809] [vo.logVo.LogVo.<init>] [INFO] 日志实例已初始化...
[2020-03-15 16:27:33:810] [vo.logVo.LogVo.<init>] [INFO] 日志实例已初始化...
[2020-03-15 16:27:33:810] [vo.logVo.LogVo.<init>] [INFO] 日志实例已初始化...
[2020-03-15 16:27:33:810] [vo.logVo.LogVo.<init>] [INFO] 日志实例已初始化...
[2020-03-15 16:27:33:811] [vo.logVo.LogVo.<init>] [INFO] 日志实例已初始化...
[2020-03-15 16:27:33:812] [vo.logVo.LogVo.<init>] [INFO] 日志实例已初始化...
[2020-03-15 16:27:35:734] [vo.logVo.LogVo.<init>] [INFO] 日志实例已初始化...
[2020-03-15 16:27:35:735] [vo.logVo.LogVo.<init>] [INFO] 日志实例已初始化...
[2020-03-15 16:27:35:735] [vo.logVo.LogVo.<init>] [INFO] 日志实例已初始化...
[2020-03-15 16:27:35:736] [vo.logVo.LogVo.<init>] [INFO] 日志实例已初始化...
[2020-03-15 16:27:35:737] [vo.logVo.LogVo.<init>] [INFO] 日志实例已初始化...
[2020-03-15 16:27:35:737] [vo.logVo.LogVo.<init>] [INFO] 日志实例已初始化...
[2020-03-15 16:27:35:738] [vo.logVo.LogVo.<init>] [INFO] 日志实例已初始化...
[2020-03-15 16:27:35:739] [vo.logVo.LogVo.<init>] [INFO] 日志实例已初始化...
[2020-03-15 16:27:35:739] [vo.logVo.LogVo.<init>] [INFO] 日志实例已初始化...
[2020-03-15 16:27:35:740] [vo.logVo.LogVo.<init>] [INFO] 日志实例已初始化...
[2020-03-15 16:27:35:741] [vo.logVo.LogVo.<init>] [INFO] 日志实例已初始化...
[2020-03-15 16:27:35:741] [vo.logVo.LogVo.<init>] [INFO] 日志实例已初始化...
[2020-03-15 16:27:35:742] [vo.logVo.LogVo.<init>] [INFO] 日志实例已初始化...
[2020-03-15 16:27:35:742] [vo.logVo.LogVo.<init>] [INFO] 日志实例已初始化...
[2020-03-15 16:27:35:742] [vo.logVo.LogVo.<init>] [INFO] 日志实例已初始化...
[2020-03-15 16:27:35:743] [vo.logVo.LogVo.<init>] [INFO] 日志实例已初始化...
[2020-03-15 16:27:35:743] [vo.logVo.LogVo.<init>] [INFO] 日志实例已初始化...
[2020-03-15 16:27:35:744] [vo.logVo.LogVo.<init>] [INFO] 日志实例已初始化...
[2020-03-15 16:27:35:744] [vo.logVo.LogVo.<init>] [INFO] 日志实例已初始化...
[2020-03-15 16:27:35:745] [vo.logVo.LogVo.<init>] [INFO] 日志实例已初始化...
[2020-03-15 16:27:35:745] [vo.logVo.LogVo.<init>] [INFO] 日志实例已初始化...
[2020-03-15 16:27:35:746] [vo.logVo.LogVo.<init>] [INFO] 日志实例已初始化...
[2020-03-15 16:27:35:746] [vo.logVo.LogVo.<init>] [INFO] 日志实例已初始化...
[2020-03-15 16:27:35:746] [vo.logVo.LogVo.<init>] [INFO] 日志实例已初始化...
[2020-03-15 16:27:35:747] [vo.logVo.LogVo.<init>] [INFO] 日志实例已初始化...
[2020-03-15 16:27:35:747] [vo.logVo.LogVo.<init>] [INFO] 日志实例已初始化...
[2020-03-15 16:27:35:748] [vo.logVo.LogVo.<init>] [INFO] 日志实例已初始化...
[2020-03-15 16:27:35:748] [vo.logVo.LogVo.<init>] [INFO] 日志实例已初始化...
[2020-03-15 16:27:35:749] [vo.logVo.LogVo.<init>] [INFO] 日志实例已初始化...
[2020-03-15 16:27:35:749] [vo.logVo.LogVo.<init>] [INFO] 日志实例已初始化...
[2020-03-15 16:27:35:750] [vo.logVo.LogVo.<init>] [INFO] 日志实例已初始化...
[2020-03-15 16:27:35:750] [vo.logVo.LogVo.<init>] [INFO] 日志实例已初始化...
[2020-03-15 16:27:35:750] [vo.logVo.LogVo.<init>] [INFO] 日志实例已初始化...
[2020-03-15 16:27:35:751] [vo.logVo.LogVo.<init>] [INFO] 日志实例已初始化...
[2020-03-15 16:27:35:751] [vo.logVo.LogVo.<init>] [INFO] 日志实例已初始化...
[2020-03-15 16:27:35:752] [vo.logVo.LogVo.<init>] [INFO] 日志实例已初始化...
[2020-03-15 16:27:35:752] [vo.logVo.LogVo.<init>] [INFO] 日志实例已初始化...
[2020-03-15 16:27:35:753] [vo.logVo.LogVo.<init>] [INFO] 日志实例已初始化...
[2020-03-15 16:27:35:753] [vo.logVo.LogVo.<init>] [INFO] 日志实例已初始化...
[2020-03-15 16:27:35:754] [vo.logVo.LogVo.<init>] [INFO] 日志实例已初始化...
[2020-03-15 16:27:35:755] [vo.logVo.LogVo.<init>] [INFO] 日志实例已初始化...
[2020-03-15 16:27:35:755] [vo.logVo.LogVo.<init>] [INFO] 日志实例已初始化...
[2020-03-15 16:27:35:755] [vo.logVo.LogVo.<init>] [INFO] 日志实例已初始化...
[2020-03-15 16:27:35:756] [vo.logVo.LogVo.<init>] [INFO] 日志实例已初始化...
[2020-03-15 16:27:35:757] [vo.logVo.LogVo.<init>] [INFO] 日志实例已初始化...
[2020-03-15 16:27:35:757] [vo.logVo.LogVo.<init>] [INFO] 日志实例已初始化...
[2020-03-15 16:27:35:758] [vo.logVo.LogVo.<init>] [INFO] 日志实例已初始化...
[2020-03-15 16:27:35:758] [vo.logVo.LogVo.<init>] [INFO] 日志实例已初始化...
[2020-03-15 16:27:35:759] [vo.logVo.LogVo.<init>] [INFO] 日志实例已初始化...
[2020-03-15 16:27:35:760] [vo.logVo.LogVo.<init>] [INFO] 日志实例已初始化...
[2020-03-15 16:27:35:761] [vo.logVo.LogVo.<init>] [INFO] 日志实例已初始化...
[2020-03-15 16:27:35:762] [vo.logVo.LogVo.<init>] [INFO] 日志实例已初始化...
[2020-03-15 16:27:35:763] [vo.logVo.LogVo.<init>] [INFO] 日志实例已初始化...
[2020-03-15 16:27:35:763] [vo.logVo.LogVo.<init>] [INFO] 日志实例已初始化...
[2020-03-15 16:27:35:764] [vo.logVo.LogVo.<init>] [INFO] 日志实例已初始化...
[2020-03-15 16:27:35:764] [vo.logVo.LogVo.<init>] [INFO] 日志实例已初始化...
[2020-03-15 16:27:35:765] [vo.logVo.LogVo.<init>] [INFO] 日志实例已初始化...
[2020-03-15 16:27:35:765] [vo.logVo.LogVo.<init>] [INFO] 日志实例已初始化...
[2020-03-15 16:27:35:766] [vo.logVo.LogVo.<init>] [INFO] 日志实例已初始化...
[2020-03-15 16:27:35:766] [vo.logVo.LogVo.<init>] [INFO] 日志实例已初始化...
[2020-03-15 16:27:35:767] [vo.logVo.LogVo.<init>] [INFO] 日志实例已初始化...
[2020-03-15 16:27:35:767] [vo.logVo.LogVo.<init>] [INFO] 日志实例已初始化...
[2020-03-15 16:27:35:768] [vo.logVo.LogVo.<init>] [INFO] 日志实例已初始化...
[2020-03-15 16:27:35:768] [vo.logVo.LogVo.<init>] [INFO] 日志实例已初始化...
[2020-03-15 16:27:35:768] [vo.logVo.LogVo.<init>] [INFO] 日志实例已初始化...
[2020-03-15 16:27:35:769] [vo.logVo.LogVo.<init>] [INFO] 日志实例已初始化...
[2020-03-15 16:27:35:769] [vo.logVo.LogVo.<init>] [INFO] 日志实例已初始化...
[2020-03-15 16:27:35:770] [vo.logVo.LogVo.<init>] [INFO] 日志实例已初始化...
[2020-03-15 16:27:35:770] [vo.logVo.LogVo.<init>] [INFO] 日志实例已初始化...
[2020-03-15 16:27:35:771] [vo.logVo.LogVo.<init>] [INFO] 日志实例已初始化...
[2020-03-15 16:27:35:772] [vo.logVo.LogVo.<init>] [INFO] 日志实例已初始化...
[2020-03-15 16:27:35:772] [vo.logVo.LogVo.<init>] [INFO] 日志实例已初始化...
[2020-03-15 16:27:35:773] [vo.logVo.LogVo.<init>] [INFO] 日志实例已初始化...
[2020-03-15 16:27:35:773] [vo.logVo.LogVo.<init>] [INFO] 日志实例已初始化...
[2020-03-15 16:27:35:773] [vo.logVo.LogVo.<init>] [INFO] 日志实例已初始化...
[2020-03-15 16:27:35:774] [vo.logVo.LogVo.<init>] [INFO] 日志实例已初始化...
[2020-03-15 16:27:35:774] [vo.logVo.LogVo.<init>] [INFO] 日志实例已初始化...
[2020-03-15 16:27:35:775] [vo.logVo.LogVo.<init>] [INFO] 日志实例已初始化...
[2020-03-15 16:27:35:775] [vo.logVo.LogVo.<init>] [INFO] 日志实例已初始化...
[2020-03-15 16:27:35:776] [vo.logVo.LogVo.<init>] [INFO] 日志实例已初始化...
[2020-03-15 16:27:35:776] [vo.logVo.LogVo.<init>] [INFO] 日志实例已初始化...
[2020-03-15 16:27:35:776] [vo.logVo.LogVo.<init>] [INFO] 日志实例已初始化...
[2020-03-15 16:27:35:777] [vo.logVo.LogVo.<init>] [INFO] 日志实例已初始化...
[2020-03-15 16:27:35:777] [vo.logVo.LogVo.<init>] [INFO] 日志实例已初始化...
[2020-03-15 16:27:35:778] [vo.logVo.LogVo.<init>] [INFO] 日志实例已初始化...
[2020-03-15 16:27:35:779] [vo.logVo.LogVo.<init>] [INFO] 日志实例已初始化...
[2020-03-15 16:27:35:780] [vo.logVo.LogVo.<init>] [INFO] 日志实例已初始化...
[2020-03-15 16:27:35:780] [vo.logVo.LogVo.<init>] [INFO] 日志实例已初始化...
[2020-03-15 16:27:35:782] [vo.logVo.LogVo.<init>] [INFO] 日志实例已初始化...
[2020-03-15 16:27:35:782] [vo.logVo.LogVo.<init>] [INFO] 日志实例已初始化...
[2020-03-15 16:27:35:783] [vo.logVo.LogVo.<init>] [INFO] 日志实例已初始化...
[2020-03-15 16:27:35:783] [vo.logVo.LogVo.<init>] [INFO] 日志实例已初始化...
[2020-03-15 16:27:35:784] [vo.logVo.LogVo.<init>] [INFO] 日志实例已初始化...
[2020-03-15 16:27:35:784] [vo.logVo.LogVo.<init>] [INFO] 日志实例已初始化...
[2020-03-15 16:27:35:785] [vo.logVo.LogVo.<init>] [INFO] 日志实例已初始化...
[2020-03-15 16:27:35:785] [vo.logVo.LogVo.<init>] [INFO] 日志实例已初始化...
[2020-03-15 16:27:35:786] [vo.logVo.LogVo.<init>] [INFO] 日志实例已初始化...
[2020-03-15 16:27:35:788] [vo.logVo.LogVo.<init>] [INFO] 日志实例已初始化...
[2020-03-15 16:27:35:789] [vo.logVo.LogVo.<init>] [INFO] 日志实例已初始化...
[2020-03-15 16:27:35:790] [vo.logVo.LogVo.<init>] [INFO] 日志实例已初始化...
[2020-03-15 16:27:35:790] [vo.logVo.LogVo.<init>] [INFO] 日志实例已初始化...
[2020-03-15 16:27:35:790] [vo.logVo.LogVo.<init>] [INFO] 日志实例已初始化...
[2020-03-15 16:27:35:791] [vo.logVo.LogVo.<init>] [INFO] 日志实例已初始化...
[2020-03-15 16:27:35:791] [vo.logVo.LogVo.<init>] [INFO] 日志实例已初始化...
[2020-03-15 16:27:35:791] [vo.logVo.LogVo.<init>] [INFO] 日志实例已初始化...
[2020-03-15 16:27:35:791] [vo.logVo.LogVo.<init>] [INFO] 日志实例已初始化...
[2020-03-15 16:27:35:792] [vo.logVo.LogVo.<init>] [INFO] 日志实例已初始化...
[2020-03-15 16:27:35:792] [vo.logVo.LogVo.<init>] [INFO] 日志实例已初始化...
[2020-03-15 16:27:35:793] [vo.logVo.LogVo.<init>] [INFO] 日志实例已初始化...
[2020-03-15 16:27:35:793] [vo.logVo.LogVo.<init>] [INFO] 日志实例已初始化...
[2020-03-15 16:27:35:794] [vo.logVo.LogVo.<init>] [INFO] 日志实例已初始化...
[2020-03-15 16:27:35:794] [vo.logVo.LogVo.<init>] [INFO] 日志实例已初始化...
[2020-03-15 16:27:35:794] [vo.logVo.LogVo.<init>] [INFO] 日志实例已初始化...
[2020-03-15 16:27:35:795] [vo.logVo.LogVo.<init>] [INFO] 日志实例已初始化...
[2020-03-15 16:27:35:795] [vo.logVo.LogVo.<init>] [INFO] 日志实例已初始化...
[2020-03-15 16:27:35:796] [vo.logVo.LogVo.<init>] [INFO] 日志实例已初始化...
[2020-03-15 16:27:35:796] [vo.logVo.LogVo.<init>] [INFO] 日志实例已初始化...
[2020-03-15 16:27:35:797] [vo.logVo.LogVo.<init>] [INFO] 日志实例已初始化...
[2020-03-15 16:27:35:797] [vo.logVo.LogVo.<init>] [INFO] 日志实例已初始化...
[2020-03-15 16:27:35:798] [vo.logVo.LogVo.<init>] [INFO] 日志实例已初始化...
[2020-03-15 16:27:35:798] [vo.logVo.LogVo.<init>] [INFO] 日志实例已初始化...
[2020-03-15 16:27:35:798] [vo.logVo.LogVo.<init>] [INFO] 日志实例已初始化...
[2020-03-15 16:27:35:799] [vo.logVo.LogVo.<init>] [INFO] 日志实例已初始化...
[2020-03-15 16:27:35:799] [vo.logVo.LogVo.<init>] [INFO] 日志实例已初始化...
[2020-03-15 16:27:35:799] [vo.logVo.LogVo.<init>] [INFO] 日志实例已初始化...
[2020-03-15 16:27:35:800] [vo.logVo.LogVo.<init>] [INFO] 日志实例已初始化...
[2020-03-15 16:27:35:800] [vo.logVo.LogVo.<init>] [INFO] 日志实例已初始化...
[2020-03-15 16:27:35:800] [vo.logVo.LogVo.<init>] [INFO] 日志实例已初始化...
[2020-03-15 16:27:35:801] [vo.logVo.LogVo.<init>] [INFO] 日志实例已初始化...
[2020-03-15 16:27:35:801] [vo.logVo.LogVo.<init>] [INFO] 日志实例已初始化...
[2020-03-15 16:27:35:801] [vo.logVo.LogVo.<init>] [INFO] 日志实例已初始化...
[2020-03-15 16:27:35:801] [vo.logVo.LogVo.<init>] [INFO] 日志实例已初始化...
[2020-03-15 16:27:35:802] [vo.logVo.LogVo.<init>] [INFO] 日志实例已初始化...
[2020-03-15 16:27:35:802] [vo.logVo.LogVo.<init>] [INFO] 日志实例已初始化...
[2020-03-15 16:27:35:802] [vo.logVo.LogVo.<init>] [INFO] 日志实例已初始化...
[2020-03-15 16:27:35:802] [vo.logVo.LogVo.<init>] [INFO] 日志实例已初始化...
[2020-03-15 16:27:35:803] [vo.logVo.LogVo.<init>] [INFO] 日志实例已初始化...
[2020-03-15 16:27:35:805] [vo.logVo.LogVo.<init>] [INFO] 日志实例已初始化...
[2020-03-15 16:27:35:805] [vo.logVo.LogVo.<init>] [INFO] 日志实例已初始化...
[2020-03-15 16:27:35:806] [vo.logVo.LogVo.<init>] [INFO] 日志实例已初始化...
[2020-03-15 16:27:35:807] [vo.logVo.LogVo.<init>] [INFO] 日志实例已初始化...
[2020-03-15 16:27:35:808] [vo.logVo.LogVo.<init>] [INFO] 日志实例已初始化...
[2020-03-15 16:27:35:808] [vo.logVo.LogVo.<init>] [INFO] 日志实例已初始化...
[2020-03-15 16:27:35:809] [vo.logVo.LogVo.<init>] [INFO] 日志实例已初始化...
[2020-03-15 16:27:35:809] [vo.logVo.LogVo.<init>] [INFO] 日志实例已初始化...
[2020-03-15 16:27:35:810] [vo.logVo.LogVo.<init>] [INFO] 日志实例已初始化...
[2020-03-15 16:27:35:810] [vo.logVo.LogVo.<init>] [INFO] 日志实例已初始化...
[2020-03-15 16:27:35:811] [vo.logVo.LogVo.<init>] [INFO] 日志实例已初始化...
[2020-03-15 16:27:35:812] [vo.logVo.LogVo.<init>] [INFO] 日志实例已初始化...
[2020-03-15 16:27:35:812] [vo.logVo.LogVo.<init>] [INFO] 日志实例已初始化...
[2020-03-15 16:27:35:813] [vo.logVo.LogVo.<init>] [INFO] 日志实例已初始化...
[2020-03-15 16:27:35:813] [vo.logVo.LogVo.<init>] [INFO] 日志实例已初始化...
[2020-03-15 16:27:35:814] [vo.logVo.LogVo.<init>] [INFO] 日志实例已初始化...
[2020-03-15 16:27:35:814] [vo.logVo.LogVo.<init>] [INFO] 日志实例已初始化...
[2020-03-15 16:27:35:815] [vo.logVo.LogVo.<init>] [INFO] 日志实例已初始化...
[2020-03-15 16:27:35:815] [vo.logVo.LogVo.<init>] [INFO] 日志实例已初始化...
[2020-03-15 16:27:35:816] [vo.logVo.LogVo.<init>] [INFO] 日志实例已初始化...
[2020-03-15 16:27:35:816] [vo.logVo.LogVo.<init>] [INFO] 日志实例已初始化...
[2020-03-15 16:27:35:817] [vo.logVo.LogVo.<init>] [INFO] 日志实例已初始化...
[2020-03-15 16:27:35:818] [vo.logVo.LogVo.<init>] [INFO] 日志实例已初始化...
[2020-03-15 16:27:35:818] [vo.logVo.LogVo.<init>] [INFO] 日志实例已初始化...
[2020-03-15 16:27:35:822] [vo.logVo.LogVo.<init>] [INFO] 日志实例已初始化...
[2020-03-15 16:27:35:822] [vo.logVo.LogVo.<init>] [INFO] 日志实例已初始化...
[2020-03-15 16:27:35:823] [vo.logVo.LogVo.<init>] [INFO] 日志实例已初始化...
[2020-03-15 16:27:35:824] [vo.logVo.LogVo.<init>] [INFO] 日志实例已初始化...
[2020-03-15 16:27:35:824] [vo.logVo.LogVo.<init>] [INFO] 日志实例已初始化...
[2020-03-15 16:27:35:825] [vo.logVo.LogVo.<init>] [INFO] 日志实例已初始化...
[2020-03-15 16:27:35:826] [vo.logVo.LogVo.<init>] [INFO] 日志实例已初始化...
[2020-03-15 16:27:35:826] [vo.logVo.LogVo.<init>] [INFO] 日志实例已初始化...
[2020-03-15 16:27:35:827] [vo.logVo.LogVo.<init>] [INFO] 日志实例已初始化...
[2020-03-15 16:27:35:827] [vo.logVo.LogVo.<init>] [INFO] 日志实例已初始化...
[2020-03-15 16:27:35:828] [vo.logVo.LogVo.<init>] [INFO] 日志实例已初始化...
[2020-03-15 16:27:35:828] [vo.logVo.LogVo.<init>] [INFO] 日志实例已初始化...
[2020-03-15 16:27:35:829] [vo.logVo.LogVo.<init>] [INFO] 日志实例已初始化...
[2020-03-15 16:27:35:829] [vo.logVo.LogVo.<init>] [INFO] 日志实例已初始化...
[2020-03-15 16:27:35:830] [vo.logVo.LogVo.<init>] [INFO] 日志实例已初始化...
[2020-03-15 16:27:35:830] [vo.logVo.LogVo.<init>] [INFO] 日志实例已初始化...
[2020-03-15 16:27:35:830] [vo.logVo.LogVo.<init>] [INFO] 日志实例已初始化...
[2020-03-15 16:27:35:831] [vo.logVo.LogVo.<init>] [INFO] 日志实例已初始化...
[2020-03-15 16:27:35:831] [vo.logVo.LogVo.<init>] [INFO] 日志实例已初始化...
[2020-03-15 16:27:35:831] [vo.logVo.LogVo.<init>] [INFO] 日志实例已初始化...
[2020-03-15 16:27:35:832] [vo.logVo.LogVo.<init>] [INFO] 日志实例已初始化...
[2020-03-15 16:27:35:832] [vo.logVo.LogVo.<init>] [INFO] 日志实例已初始化...
[2020-03-15 16:27:35:833] [vo.logVo.LogVo.<init>] [INFO] 日志实例已初始化...
[2020-03-15 16:27:35:833] [vo.logVo.LogVo.<init>] [INFO] 日志实例已初始化...
[2020-03-15 16:27:35:835] [vo.logVo.LogVo.<init>] [INFO] 日志实例已初始化...
[2020-03-15 16:27:35:836] [vo.logVo.LogVo.<init>] [INFO] 日志实例已初始化...
[2020-03-15 16:27:35:836] [vo.logVo.LogVo.<init>] [INFO] 日志实例已初始化...
[2020-03-15 16:27:35:837] [vo.logVo.LogVo.<init>] [INFO] 日志实例已初始化...
[2020-03-15 16:27:35:837] [vo.logVo.LogVo.<init>] [INFO] 日志实例已初始化...
[2020-03-15 16:27:35:838] [vo.logVo.LogVo.<init>] [INFO] 日志实例已初始化...
[2020-03-15 16:27:35:839] [vo.logVo.LogVo.<init>] [INFO] 日志实例已初始化...
[2020-03-15 16:27:35:839] [vo.logVo.LogVo.<init>] [INFO] 日志实例已初始化...
[2020-03-15 16:27:35:840] [vo.logVo.LogVo.<init>] [INFO] 日志实例已初始化...
[2020-03-15 16:27:35:840] [vo.logVo.LogVo.<init>] [INFO] 日志实例已初始化...
[2020-03-15 16:27:35:841] [vo.logVo.LogVo.<init>] [INFO] 日志实例已初始化...
[2020-03-15 16:27:35:841] [vo.logVo.LogVo.<init>] [INFO] 日志实例已初始化...
[2020-03-15 16:27:35:842] [vo.logVo.LogVo.<init>] [INFO] 日志实例已初始化...
[2020-03-15 16:27:35:842] [vo.logVo.LogVo.<init>] [INFO] 日志实例已初始化...
[2020-03-15 16:27:35:842] [vo.logVo.LogVo.<init>] [INFO] 日志实例已初始化...
[2020-03-15 16:27:35:843] [vo.logVo.LogVo.<init>] [INFO] 日志实例已初始化...
[2020-03-15 16:27:35:843] [vo.logVo.LogVo.<init>] [INFO] 日志实例已初始化...
[2020-03-15 16:27:35:844] [vo.logVo.LogVo.<init>] [INFO] 日志实例已初始化...
[2020-03-15 16:27:35:844] [vo.logVo.LogVo.<init>] [INFO] 日志实例已初始化...
[2020-03-15 16:27:35:844] [vo.logVo.LogVo.<init>] [INFO] 日志实例已初始化...
[2020-03-15 16:27:35:845] [vo.logVo.LogVo.<init>] [INFO] 日志实例已初始化...
[2020-03-15 16:27:35:845] [vo.logVo.LogVo.<init>] [INFO] 日志实例已初始化...
[2020-03-15 16:27:35:845] [vo.logVo.LogVo.<init>] [INFO] 日志实例已初始化...
[2020-03-15 16:27:35:846] [vo.logVo.LogVo.<init>] [INFO] 日志实例已初始化...
[2020-03-15 16:27:35:846] [vo.logVo.LogVo.<init>] [INFO] 日志实例已初始化...
[2020-03-15 16:27:35:846] [vo.logVo.LogVo.<init>] [INFO] 日志实例已初始化...
[2020-03-15 16:27:35:847] [vo.logVo.LogVo.<init>] [INFO] 日志实例已初始化...
[2020-03-15 16:27:35:847] [vo.logVo.LogVo.<init>] [INFO] 日志实例已初始化...
[2020-03-15 16:27:35:847] [vo.logVo.LogVo.<init>] [INFO] 日志实例已初始化...
[2020-03-15 16:27:35:847] [vo.logVo.LogVo.<init>] [INFO] 日志实例已初始化...
[2020-03-15 16:27:35:848] [vo.logVo.LogVo.<init>] [INFO] 日志实例已初始化...
[2020-03-15 16:27:35:848] [vo.logVo.LogVo.<init>] [INFO] 日志实例已初始化...
[2020-03-15 16:27:35:848] [vo.logVo.LogVo.<init>] [INFO] 日志实例已初始化...
[2020-03-15 16:27:35:849] [vo.logVo.LogVo.<init>] [INFO] 日志实例已初始化...
[2020-03-15 16:27:35:849] [vo.logVo.LogVo.<init>] [INFO] 日志实例已初始化...
[2020-03-15 16:27:35:850] [vo.logVo.LogVo.<init>] [INFO] 日志实例已初始化...
[2020-03-15 16:27:35:850] [vo.logVo.LogVo.<init>] [INFO] 日志实例已初始化...
[2020-03-15 16:27:35:851] [vo.logVo.LogVo.<init>] [INFO] 日志实例已初始化...
[2020-03-15 16:27:35:851] [vo.logVo.LogVo.<init>] [INFO] 日志实例已初始化...
[2020-03-15 16:27:35:852] [vo.logVo.LogVo.<init>] [INFO] 日志实例已初始化...
[2020-03-15 16:27:35:853] [vo.logVo.LogVo.<init>] [INFO] 日志实例已初始化...
[2020-03-15 16:27:35:854] [vo.logVo.LogVo.<init>] [INFO] 日志实例已初始化...
[2020-03-15 16:27:35:855] [vo.logVo.LogVo.<init>] [INFO] 日志实例已初始化...
[2020-03-15 16:27:35:855] [vo.logVo.LogVo.<init>] [INFO] 日志实例已初始化...
[2020-03-15 16:27:35:856] [vo.logVo.LogVo.<init>] [INFO] 日志实例已初始化...
[2020-03-15 16:27:35:857] [vo.logVo.LogVo.<init>] [INFO] 日志实例已初始化...
[2020-03-15 16:27:35:858] [vo.logVo.LogVo.<init>] [INFO] 日志实例已初始化...
[2020-03-15 16:27:35:859] [vo.logVo.LogVo.<init>] [INFO] 日志实例已初始化...
[2020-03-15 16:27:35:860] [vo.logVo.LogVo.<init>] [INFO] 日志实例已初始化...
[2020-03-15 16:27:35:861] [vo.logVo.LogVo.<init>] [INFO] 日志实例已初始化...
[2020-03-15 16:27:35:861] [vo.logVo.LogVo.<init>] [INFO] 日志实例已初始化...
[2020-03-15 16:27:35:862] [vo.logVo.LogVo.<init>] [INFO] 日志实例已初始化...
[2020-03-15 16:27:35:863] [vo.logVo.LogVo.<init>] [INFO] 日志实例已初始化...
[2020-03-15 16:27:35:863] [vo.logVo.LogVo.<init>] [INFO] 日志实例已初始化...
[2020-03-15 16:27:35:864] [vo.logVo.LogVo.<init>] [INFO] 日志实例已初始化...
[2020-03-15 16:27:35:865] [vo.logVo.LogVo.<init>] [INFO] 日志实例已初始化...
[2020-03-15 16:27:35:868] [vo.logVo.LogVo.<init>] [INFO] 日志实例已初始化...
[2020-03-15 16:27:35:869] [vo.logVo.LogVo.<init>] [INFO] 日志实例已初始化...
[2020-03-15 16:27:35:872] [vo.logVo.LogVo.<init>] [INFO] 日志实例已初始化...
[2020-03-15 16:27:35:873] [vo.logVo.LogVo.<init>] [INFO] 日志实例已初始化...
[2020-03-15 16:27:35:873] [vo.logVo.LogVo.<init>] [INFO] 日志实例已初始化...
[2020-03-15 16:27:35:874] [vo.logVo.LogVo.<init>] [INFO] 日志实例已初始化...
[2020-03-15 16:27:35:875] [vo.logVo.LogVo.<init>] [INFO] 日志实例已初始化...
[2020-03-15 16:27:35:875] [vo.logVo.LogVo.<init>] [INFO] 日志实例已初始化...
[2020-03-15 16:27:35:875] [vo.logVo.LogVo.<init>] [INFO] 日志实例已初始化...
[2020-03-15 16:27:35:876] [vo.logVo.LogVo.<init>] [INFO] 日志实例已初始化...
[2020-03-15 16:27:35:876] [vo.logVo.LogVo.<init>] [INFO] 日志实例已初始化...
[2020-03-15 16:27:35:877] [vo.logVo.LogVo.<init>] [INFO] 日志实例已初始化...
[2020-03-15 16:27:35:877] [vo.logVo.LogVo.<init>] [INFO] 日志实例已初始化...
[2020-03-15 16:27:35:877] [vo.logVo.LogVo.<init>] [INFO] 日志实例已初始化...
[2020-03-15 16:27:35:878] [vo.logVo.LogVo.<init>] [INFO] 日志实例已初始化...
[2020-03-15 16:27:35:878] [vo.logVo.LogVo.<init>] [INFO] 日志实例已初始化...
[2020-03-15 16:27:35:878] [vo.logVo.LogVo.<init>] [INFO] 日志实例已初始化...
[2020-03-15 16:27:35:878] [vo.logVo.LogVo.<init>] [INFO] 日志实例已初始化...
[2020-03-15 16:27:35:879] [vo.logVo.LogVo.<init>] [INFO] 日志实例已初始化...
[2020-03-15 16:27:35:879] [vo.logVo.LogVo.<init>] [INFO] 日志实例已初始化...
[2020-03-15 16:27:35:879] [vo.logVo.LogVo.<init>] [INFO] 日志实例已初始化...
[2020-03-15 16:27:35:880] [vo.logVo.LogVo.<init>] [INFO] 日志实例已初始化...
[2020-03-15 16:27:35:880] [vo.logVo.LogVo.<init>] [INFO] 日志实例已初始化...
[2020-03-15 16:27:35:880] [vo.logVo.LogVo.<init>] [INFO] 日志实例已初始化...
[2020-03-15 16:27:35:881] [vo.logVo.LogVo.<init>] [INFO] 日志实例已初始化...
[2020-03-15 16:27:35:882] [vo.logVo.LogVo.<init>] [INFO] 日志实例已初始化...
[2020-03-15 16:27:35:882] [vo.logVo.LogVo.<init>] [INFO] 日志实例已初始化...
[2020-03-15 16:27:35:883] [vo.logVo.LogVo.<init>] [INFO] 日志实例已初始化...
[2020-03-15 16:27:35:883] [vo.logVo.LogVo.<init>] [INFO] 日志实例已初始化...
[2020-03-15 16:27:35:884] [vo.logVo.LogVo.<init>] [INFO] 日志实例已初始化...
[2020-03-15 16:27:35:885] [vo.logVo.LogVo.<init>] [INFO] 日志实例已初始化...
[2020-03-15 16:27:35:887] [vo.logVo.LogVo.<init>] [INFO] 日志实例已初始化...
[2020-03-15 16:27:35:888] [vo.logVo.LogVo.<init>] [INFO] 日志实例已初始化...
[2020-03-15 16:27:35:889] [vo.logVo.LogVo.<init>] [INFO] 日志实例已初始化...
[2020-03-15 16:27:35:889] [vo.logVo.LogVo.<init>] [INFO] 日志实例已初始化...
[2020-03-15 16:27:35:890] [vo.logVo.LogVo.<init>] [INFO] 日志实例已初始化...
[2020-03-15 16:27:35:890] [vo.logVo.LogVo.<init>] [INFO] 日志实例已初始化...
[2020-03-15 16:27:35:891] [vo.logVo.LogVo.<init>] [INFO] 日志实例已初始化...
[2020-03-15 16:27:35:891] [vo.logVo.LogVo.<init>] [INFO] 日志实例已初始化...
[2020-03-15 16:27:35:892] [vo.logVo.LogVo.<init>] [INFO] 日志实例已初始化...
[2020-03-15 16:27:35:893] [vo.logVo.LogVo.<init>] [INFO] 日志实例已初始化...
[2020-03-15 16:27:35:893] [vo.logVo.LogVo.<init>] [INFO] 日志实例已初始化...
[2020-03-15 16:27:35:894] [vo.logVo.LogVo.<init>] [INFO] 日志实例已初始化...
[2020-03-15 16:27:35:894] [vo.logVo.LogVo.<init>] [INFO] 日志实例已初始化...
[2020-03-15 16:27:35:895] [vo.logVo.LogVo.<init>] [INFO] 日志实例已初始化...
[2020-03-15 16:27:35:896] [vo.logVo.LogVo.<init>] [INFO] 日志实例已初始化...
[2020-03-15 16:27:35:897] [vo.logVo.LogVo.<init>] [INFO] 日志实例已初始化...
[2020-03-15 16:27:35:898] [vo.logVo.LogVo.<init>] [INFO] 日志实例已初始化...
[2020-03-15 16:27:35:898] [vo.logVo.LogVo.<init>] [INFO] 日志实例已初始化...
[2020-03-15 16:27:35:899] [vo.logVo.LogVo.<init>] [INFO] 日志实例已初始化...
[2020-03-15 16:27:35:900] [vo.logVo.LogVo.<init>] [INFO] 日志实例已初始化...
[2020-03-15 16:27:35:900] [vo.logVo.LogVo.<init>] [INFO] 日志实例已初始化...
[2020-03-15 16:27:35:902] [vo.logVo.LogVo.<init>] [INFO] 日志实例已初始化...
[2020-03-15 16:27:35:902] [vo.logVo.LogVo.<init>] [INFO] 日志实例已初始化...
[2020-03-15 16:27:35:906] [vo.logVo.LogVo.<init>] [INFO] 日志实例已初始化...
[2020-03-15 16:27:35:908] [vo.logVo.LogVo.<init>] [INFO] 日志实例已初始化...
[2020-03-15 16:27:35:909] [vo.logVo.LogVo.<init>] [INFO] 日志实例已初始化...
[2020-03-15 16:27:35:909] [vo.logVo.LogVo.<init>] [INFO] 日志实例已初始化...
[2020-03-15 16:27:35:910] [vo.logVo.LogVo.<init>] [INFO] 日志实例已初始化...
[2020-03-15 16:27:35:910] [vo.logVo.LogVo.<init>] [INFO] 日志实例已初始化...
[2020-03-15 16:27:35:911] [vo.logVo.LogVo.<init>] [INFO] 日志实例已初始化...
[2020-03-15 16:27:35:911] [vo.logVo.LogVo.<init>] [INFO] 日志实例已初始化...
[2020-03-15 16:27:35:912] [vo.logVo.LogVo.<init>] [INFO] 日志实例已初始化...
[2020-03-15 16:27:35:912] [vo.logVo.LogVo.<init>] [INFO] 日志实例已初始化...
[2020-03-15 16:27:35:912] [vo.logVo.LogVo.<init>] [INFO] 日志实例已初始化...
[2020-03-15 16:27:35:913] [vo.logVo.LogVo.<init>] [INFO] 日志实例已初始化...
[2020-03-15 16:27:35:913] [vo.logVo.LogVo.<init>] [INFO] 日志实例已初始化...
[2020-03-15 16:27:35:914] [vo.logVo.LogVo.<init>] [INFO] 日志实例已初始化...
[2020-03-15 16:27:35:914] [vo.logVo.LogVo.<init>] [INFO] 日志实例已初始化...
[2020-03-15 16:27:35:915] [vo.logVo.LogVo.<init>] [INFO] 日志实例已初始化...
[2020-03-15 16:27:35:916] [vo.logVo.LogVo.<init>] [INFO] 日志实例已初始化...
[2020-03-15 16:27:35:916] [vo.logVo.LogVo.<init>] [INFO] 日志实例已初始化...
[2020-03-15 16:27:35:917] [vo.logVo.LogVo.<init>] [INFO] 日志实例已初始化...
[2020-03-15 16:27:35:917] [vo.logVo.LogVo.<init>] [INFO] 日志实例已初始化...
[2020-03-15 16:27:35:917] [vo.logVo.LogVo.<init>] [INFO] 日志实例已初始化...
[2020-03-15 16:27:35:919] [vo.logVo.LogVo.<init>] [INFO] 日志实例已初始化...
[2020-03-15 16:27:35:921] [vo.logVo.LogVo.<init>] [INFO] 日志实例已初始化...
[2020-03-15 16:27:35:922] [vo.logVo.LogVo.<init>] [INFO] 日志实例已初始化...
[2020-03-15 16:27:35:924] [vo.logVo.LogVo.<init>] [INFO] 日志实例已初始化...
[2020-03-15 16:27:35:924] [vo.logVo.LogVo.<init>] [INFO] 日志实例已初始化...
[2020-03-15 16:27:35:925] [vo.logVo.LogVo.<init>] [INFO] 日志实例已初始化...
[2020-03-15 16:27:35:925] [vo.logVo.LogVo.<init>] [INFO] 日志实例已初始化...
[2020-03-15 16:27:35:926] [vo.logVo.LogVo.<init>] [INFO] 日志实例已初始化...
[2020-03-15 16:27:35:926] [vo.logVo.LogVo.<init>] [INFO] 日志实例已初始化...
[2020-03-15 16:27:35:928] [vo.logVo.LogVo.<init>] [INFO] 日志实例已初始化...
[2020-03-15 16:27:35:929] [vo.logVo.LogVo.<init>] [INFO] 日志实例已初始化...
[2020-03-15 16:27:35:930] [vo.logVo.LogVo.<init>] [INFO] 日志实例已初始化...
[2020-03-15 16:27:35:930] [vo.logVo.LogVo.<init>] [INFO] 日志实例已初始化...
[2020-03-15 16:27:35:931] [vo.logVo.LogVo.<init>] [INFO] 日志实例已初始化...
[2020-03-15 16:27:35:932] [vo.logVo.LogVo.<init>] [INFO] 日志实例已初始化...
[2020-03-15 16:27:35:932] [vo.logVo.LogVo.<init>] [INFO] 日志实例已初始化...
[2020-03-15 16:27:35:933] [vo.logVo.LogVo.<init>] [INFO] 日志实例已初始化...
[2020-03-15 16:27:35:933] [vo.logVo.LogVo.<init>] [INFO] 日志实例已初始化...
[2020-03-15 16:27:35:934] [vo.logVo.LogVo.<init>] [INFO] 日志实例已初始化...
[2020-03-15 16:27:35:934] [vo.logVo.LogVo.<init>] [INFO] 日志实例已初始化...
[2020-03-15 16:27:35:935] [vo.logVo.LogVo.<init>] [INFO] 日志实例已初始化...
[2020-03-15 16:27:35:936] [vo.logVo.LogVo.<init>] [INFO] 日志实例已初始化...
[2020-03-15 16:27:35:937] [vo.logVo.LogVo.<init>] [INFO] 日志实例已初始化...
[2020-03-15 16:27:35:938] [vo.logVo.LogVo.<init>] [INFO] 日志实例已初始化...
[2020-03-15 16:27:35:939] [vo.logVo.LogVo.<init>] [INFO] 日志实例已初始化...
[2020-03-15 16:27:35:940] [vo.logVo.LogVo.<init>] [INFO] 日志实例已初始化...
[2020-03-15 16:27:35:940] [vo.logVo.LogVo.<init>] [INFO] 日志实例已初始化...
[2020-03-15 16:27:35:941] [vo.logVo.LogVo.<init>] [INFO] 日志实例已初始化...
[2020-03-15 16:27:35:942] [vo.logVo.LogVo.<init>] [INFO] 日志实例已初始化...
[2020-03-15 16:27:35:954] [vo.logVo.LogVo.<init>] [INFO] 日志实例已初始化...
[2020-03-15 16:27:35:954] [vo.logVo.LogVo.<init>] [INFO] 日志实例已初始化...
[2020-03-15 16:27:35:955] [vo.logVo.LogVo.<init>] [INFO] 日志实例已初始化...
[2020-03-15 16:27:35:955] [vo.logVo.LogVo.<init>] [INFO] 日志实例已初始化...
[2020-03-15 16:27:35:956] [vo.logVo.LogVo.<init>] [INFO] 日志实例已初始化...
[2020-03-15 16:27:35:956] [vo.logVo.LogVo.<init>] [INFO] 日志实例已初始化...
[2020-03-15 16:27:35:957] [vo.logVo.LogVo.<init>] [INFO] 日志实例已初始化...
[2020-03-15 16:27:35:957] [vo.logVo.LogVo.<init>] [INFO] 日志实例已初始化...
[2020-03-15 16:27:35:957] [vo.logVo.LogVo.<init>] [INFO] 日志实例已初始化...
[2020-03-15 16:27:35:958] [vo.logVo.LogVo.<init>] [INFO] 日志实例已初始化...
[2020-03-15 16:27:35:958] [vo.logVo.LogVo.<init>] [INFO] 日志实例已初始化...
[2020-03-15 16:27:35:978] [vo.logVo.LogVo.<init>] [INFO] 日志实例已初始化...
[2020-03-15 16:27:35:988] [vo.logVo.LogVo.<init>] [INFO] 日志实例已初始化...
[2020-03-15 16:27:36:354] [vo.logVo.LogVo.<init>] [INFO] 日志实例已初始化...
[2020-03-15 16:27:36:378] [vo.logVo.LogVo.<init>] [INFO] 日志实例已初始化...
[2020-03-15 16:27:36:395] [vo.logVo.LogVo.<init>] [INFO] 日志实例已初始化...
[2020-03-15 16:27:36:396] [vo.logVo.LogVo.<init>] [INFO] 日志实例已初始化...
[2020-03-15 16:27:36:396] [vo.logVo.LogVo.<init>] [INFO] 日志实例已初始化...
[2020-03-15 16:27:36:397] [vo.logVo.LogVo.<init>] [INFO] 日志实例已初始化...
[2020-03-15 16:27:36:397] [vo.logVo.LogVo.<init>] [INFO] 日志实例已初始化...
[2020-03-15 16:27:36:398] [vo.logVo.LogVo.<init>] [INFO] 日志实例已初始化...
[2020-03-15 16:27:36:399] [vo.logVo.LogVo.<init>] [INFO] 日志实例已初始化...
[2020-03-15 16:27:36:399] [vo.logVo.LogVo.<init>] [INFO] 日志实例已初始化...
[2020-03-15 16:27:36:400] [vo.logVo.LogVo.<init>] [INFO] 日志实例已初始化...
[2020-03-15 16:27:36:400] [vo.logVo.LogVo.<init>] [INFO] 日志实例已初始化...
[2020-03-15 16:27:36:401] [vo.logVo.LogVo.<init>] [INFO] 日志实例已初始化...
[2020-03-15 16:27:36:402] [vo.logVo.LogVo.<init>] [INFO] 日志实例已初始化...
[2020-03-15 16:27:36:403] [vo.logVo.LogVo.<init>] [INFO] 日志实例已初始化...
[2020-03-15 16:27:36:403] [vo.logVo.LogVo.<init>] [INFO] 日志实例已初始化...
[2020-03-15 16:27:36:404] [vo.logVo.LogVo.<init>] [INFO] 日志实例已初始化...
[2020-03-15 16:27:36:405] [vo.logVo.LogVo.<init>] [INFO] 日志实例已初始化...
[2020-03-15 16:27:36:405] [vo.logVo.LogVo.<init>] [INFO] 日志实例已初始化...
[2020-03-15 16:27:36:406] [vo.logVo.LogVo.<init>] [INFO] 日志实例已初始化...
[2020-03-15 16:27:36:406] [vo.logVo.LogVo.<init>] [INFO] 日志实例已初始化...
[2020-03-15 16:27:36:407] [vo.logVo.LogVo.<init>] [INFO] 日志实例已初始化...
[2020-03-15 16:27:36:408] [vo.logVo.LogVo.<init>] [INFO] 日志实例已初始化...
[2020-03-15 16:27:36:408] [vo.logVo.LogVo.<init>] [INFO] 日志实例已初始化...
[2020-03-15 16:27:36:409] [vo.logVo.LogVo.<init>] [INFO] 日志实例已初始化...
[2020-03-15 16:27:36:411] [vo.logVo.LogVo.<init>] [INFO] 日志实例已初始化...
[2020-03-15 16:27:36:412] [vo.logVo.LogVo.<init>] [INFO] 日志实例已初始化...
[2020-03-15 16:27:36:412] [vo.logVo.LogVo.<init>] [INFO] 日志实例已初始化...
[2020-03-15 16:27:36:413] [vo.logVo.LogVo.<init>] [INFO] 日志实例已初始化...
[2020-03-15 16:27:36:414] [vo.logVo.LogVo.<init>] [INFO] 日志实例已初始化...
[2020-03-15 16:27:36:415] [vo.logVo.LogVo.<init>] [INFO] 日志实例已初始化...
[2020-03-15 16:27:36:416] [vo.logVo.LogVo.<init>] [INFO] 日志实例已初始化...
[2020-03-15 16:27:36:417] [vo.logVo.LogVo.<init>] [INFO] 日志实例已初始化...
[2020-03-15 16:27:36:418] [vo.logVo.LogVo.<init>] [INFO] 日志实例已初始化...
[2020-03-15 16:27:36:419] [vo.logVo.LogVo.<init>] [INFO] 日志实例已初始化...
[2020-03-15 16:27:36:420] [vo.logVo.LogVo.<init>] [INFO] 日志实例已初始化...
[2020-03-15 16:27:36:420] [vo.logVo.LogVo.<init>] [INFO] 日志实例已初始化...
[2020-03-15 16:27:36:421] [vo.logVo.LogVo.<init>] [INFO] 日志实例已初始化...
[2020-03-15 16:27:36:422] [vo.logVo.LogVo.<init>] [INFO] 日志实例已初始化...
[2020-03-15 16:27:36:423] [vo.logVo.LogVo.<init>] [INFO] 日志实例已初始化...
[2020-03-15 16:27:36:423] [vo.logVo.LogVo.<init>] [INFO] 日志实例已初始化...
[2020-03-15 16:27:36:424] [vo.logVo.LogVo.<init>] [INFO] 日志实例已初始化...
[2020-03-15 16:27:36:425] [vo.logVo.LogVo.<init>] [INFO] 日志实例已初始化...
[2020-03-15 16:27:36:425] [vo.logVo.LogVo.<init>] [INFO] 日志实例已初始化...
[2020-03-15 16:27:36:427] [vo.logVo.LogVo.<init>] [INFO] 日志实例已初始化...
[2020-03-15 16:27:36:427] [vo.logVo.LogVo.<init>] [INFO] 日志实例已初始化...
[2020-03-15 16:27:36:428] [vo.logVo.LogVo.<init>] [INFO] 日志实例已初始化...
[2020-03-15 16:27:36:429] [vo.logVo.LogVo.<init>] [INFO] 日志实例已初始化...
[2020-03-15 16:27:36:430] [vo.logVo.LogVo.<init>] [INFO] 日志实例已初始化...
[2020-03-15 16:27:36:430] [vo.logVo.LogVo.<init>] [INFO] 日志实例已初始化...
[2020-03-15 16:27:36:431] [vo.logVo.LogVo.<init>] [INFO] 日志实例已初始化...
[2020-03-15 16:27:36:431] [vo.logVo.LogVo.<init>] [INFO] 日志实例已初始化...
[2020-03-15 16:27:36:432] [vo.logVo.LogVo.<init>] [INFO] 日志实例已初始化...
[2020-03-15 16:27:36:432] [vo.logVo.LogVo.<init>] [INFO] 日志实例已初始化...
[2020-03-15 16:27:36:433] [vo.logVo.LogVo.<init>] [INFO] 日志实例已初始化...
[2020-03-15 16:27:36:434] [vo.logVo.LogVo.<init>] [INFO] 日志实例已初始化...
[2020-03-15 16:27:36:434] [vo.logVo.LogVo.<init>] [INFO] 日志实例已初始化...
[2020-03-15 16:27:36:436] [vo.logVo.LogVo.<init>] [INFO] 日志实例已初始化...
[2020-03-15 16:27:36:436] [vo.logVo.LogVo.<init>] [INFO] 日志实例已初始化...
[2020-03-15 16:27:36:437] [vo.logVo.LogVo.<init>] [INFO] 日志实例已初始化...
[2020-03-15 16:27:36:438] [vo.logVo.LogVo.<init>] [INFO] 日志实例已初始化...
[2020-03-15 16:27:36:439] [vo.logVo.LogVo.<init>] [INFO] 日志实例已初始化...
[2020-03-15 16:27:36:440] [vo.logVo.LogVo.<init>] [INFO] 日志实例已初始化...
[2020-03-15 16:27:36:465] [vo.logVo.LogVo.<init>] [INFO] 日志实例已初始化...
[2020-03-15 16:27:36:465] [vo.logVo.LogVo.<init>] [INFO] 日志实例已初始化...
[2020-03-15 16:27:36:471] [vo.logVo.LogVo.<init>] [INFO] 日志实例已初始化...
[2020-03-15 16:27:36:473] [vo.logVo.LogVo.<init>] [INFO] 日志实例已初始化...
[2020-03-15 16:27:36:483] [vo.logVo.LogVo.<init>] [INFO] 日志实例已初始化...
[2020-03-15 16:27:36:483] [vo.logVo.LogVo.<init>] [INFO] 日志实例已初始化...
[2020-03-15 16:27:36:484] [vo.logVo.LogVo.<init>] [INFO] 日志实例已初始化...
[2020-03-15 16:27:36:484] [vo.logVo.LogVo.<init>] [INFO] 日志实例已初始化...
[2020-03-15 16:27:36:487] [vo.logVo.LogVo.<init>] [INFO] 日志实例已初始化...
[2020-03-15 16:27:36:489] [vo.logVo.LogVo.<init>] [INFO] 日志实例已初始化...
[2020-03-15 16:27:36:489] [vo.logVo.LogVo.<init>] [INFO] 日志实例已初始化...
[2020-03-15 16:27:36:490] [vo.logVo.LogVo.<init>] [INFO] 日志实例已初始化...
[2020-03-15 16:27:36:491] [vo.logVo.LogVo.<init>] [INFO] 日志实例已初始化...
[2020-03-15 16:27:36:491] [vo.logVo.LogVo.<init>] [INFO] 日志实例已初始化...
[2020-03-15 16:27:36:492] [vo.logVo.LogVo.<init>] [INFO] 日志实例已初始化...
[2020-03-15 16:27:36:493] [vo.logVo.LogVo.<init>] [INFO] 日志实例已初始化...
[2020-03-15 16:27:36:493] [vo.logVo.LogVo.<init>] [INFO] 日志实例已初始化...
[2020-03-15 16:27:36:494] [vo.logVo.LogVo.<init>] [INFO] 日志实例已初始化...
[2020-03-15 16:27:36:495] [vo.logVo.LogVo.<init>] [INFO] 日志实例已初始化...
[2020-03-15 16:27:36:495] [vo.logVo.LogVo.<init>] [INFO] 日志实例已初始化...
[2020-03-15 16:27:36:496] [vo.logVo.LogVo.<init>] [INFO] 日志实例已初始化...
[2020-03-15 16:27:36:496] [vo.logVo.LogVo.<init>] [INFO] 日志实例已初始化...
[2020-03-15 16:27:36:497] [vo.logVo.LogVo.<init>] [INFO] 日志实例已初始化...
[2020-03-15 16:27:36:497] [vo.logVo.LogVo.<init>] [INFO] 日志实例已初始化...
[2020-03-15 16:27:36:498] [vo.logVo.LogVo.<init>] [INFO] 日志实例已初始化...
[2020-03-15 16:27:36:498] [vo.logVo.LogVo.<init>] [INFO] 日志实例已初始化...
[2020-03-15 16:27:36:499] [vo.logVo.LogVo.<init>] [INFO] 日志实例已初始化...
[2020-03-15 16:27:36:499] [vo.logVo.LogVo.<init>] [INFO] 日志实例已初始化...
[2020-03-15 16:27:36:500] [vo.logVo.LogVo.<init>] [INFO] 日志实例已初始化...
[2020-03-15 16:27:36:501] [vo.logVo.LogVo.<init>] [INFO] 日志实例已初始化...
[2020-03-15 16:27:36:502] [vo.logVo.LogVo.<init>] [INFO] 日志实例已初始化...
[2020-03-15 16:27:36:503] [vo.logVo.LogVo.<init>] [INFO] 日志实例已初始化...
[2020-03-15 16:27:36:503] [vo.logVo.LogVo.<init>] [INFO] 日志实例已初始化...
[2020-03-15 16:27:36:511] [vo.logVo.LogVo.<init>] [INFO] 日志实例已初始化...
[2020-03-15 16:27:36:512] [vo.logVo.LogVo.<init>] [INFO] 日志实例已初始化...
[2020-03-15 16:27:36:512] [vo.logVo.LogVo.<init>] [INFO] 日志实例已初始化...
[2020-03-15 16:27:36:513] [vo.logVo.LogVo.<init>] [INFO] 日志实例已初始化...
[2020-03-15 16:27:36:514] [vo.logVo.LogVo.<init>] [INFO] 日志实例已初始化...
[2020-03-15 16:27:36:515] [vo.logVo.LogVo.<init>] [INFO] 日志实例已初始化...
[2020-03-15 16:27:36:516] [vo.logVo.LogVo.<init>] [INFO] 日志实例已初始化...
[2020-03-15 16:27:36:517] [vo.logVo.LogVo.<init>] [INFO] 日志实例已初始化...
[2020-03-15 16:27:36:517] [vo.logVo.LogVo.<init>] [INFO] 日志实例已初始化...
[2020-03-15 16:27:36:518] [vo.logVo.LogVo.<init>] [INFO] 日志实例已初始化...
[2020-03-15 16:27:36:519] [vo.logVo.LogVo.<init>] [INFO] 日志实例已初始化...
[2020-03-15 16:27:36:519] [vo.logVo.LogVo.<init>] [INFO] 日志实例已初始化...
[2020-03-15 16:27:36:526] [vo.logVo.LogVo.<init>] [INFO] 日志实例已初始化...
[2020-03-15 16:27:36:527] [vo.logVo.LogVo.<init>] [INFO] 日志实例已初始化...
[2020-03-15 16:27:36:527] [vo.logVo.LogVo.<init>] [INFO] 日志实例已初始化...
[2020-03-15 16:27:36:528] [vo.logVo.LogVo.<init>] [INFO] 日志实例已初始化...
[2020-03-15 16:27:36:528] [vo.logVo.LogVo.<init>] [INFO] 日志实例已初始化...
[2020-03-15 16:27:36:529] [vo.logVo.LogVo.<init>] [INFO] 日志实例已初始化...
[2020-03-15 16:27:36:530] [vo.logVo.LogVo.<init>] [INFO] 日志实例已初始化...
[2020-03-15 16:27:36:531] [vo.logVo.LogVo.<init>] [INFO] 日志实例已初始化...
[2020-03-15 16:27:36:532] [vo.logVo.LogVo.<init>] [INFO] 日志实例已初始化...
[2020-03-15 16:27:36:533] [vo.logVo.LogVo.<init>] [INFO] 日志实例已初始化...
[2020-03-15 16:27:36:533] [vo.logVo.LogVo.<init>] [INFO] 日志实例已初始化...
[2020-03-15 16:27:36:534] [vo.logVo.LogVo.<init>] [INFO] 日志实例已初始化...
[2020-03-15 16:27:36:534] [vo.logVo.LogVo.<init>] [INFO] 日志实例已初始化...
[2020-03-15 16:27:36:537] [vo.logVo.LogVo.<init>] [INFO] 日志实例已初始化...
[2020-03-15 16:27:36:537] [vo.logVo.LogVo.<init>] [INFO] 日志实例已初始化...
[2020-03-15 16:27:36:538] [vo.logVo.LogVo.<init>] [INFO] 日志实例已初始化...
[2020-03-15 16:27:36:539] [vo.logVo.LogVo.<init>] [INFO] 日志实例已初始化...
[2020-03-15 16:27:36:539] [vo.logVo.LogVo.<init>] [INFO] 日志实例已初始化...
[2020-03-15 16:27:36:540] [vo.logVo.LogVo.<init>] [INFO] 日志实例已初始化...
[2020-03-15 16:27:36:540] [vo.logVo.LogVo.<init>] [INFO] 日志实例已初始化...
[2020-03-15 16:27:36:541] [vo.logVo.LogVo.<init>] [INFO] 日志实例已初始化...
[2020-03-15 16:27:36:541] [vo.logVo.LogVo.<init>] [INFO] 日志实例已初始化...
[2020-03-15 16:27:36:542] [vo.logVo.LogVo.<init>] [INFO] 日志实例已初始化...
[2020-03-15 16:27:36:542] [vo.logVo.LogVo.<init>] [INFO] 日志实例已初始化...
[2020-03-15 16:27:36:543] [vo.logVo.LogVo.<init>] [INFO] 日志实例已初始化...
[2020-03-15 16:27:36:543] [vo.logVo.LogVo.<init>] [INFO] 日志实例已初始化...
[2020-03-15 16:27:36:544] [vo.logVo.LogVo.<init>] [INFO] 日志实例已初始化...
[2020-03-15 16:27:36:544] [vo.logVo.LogVo.<init>] [INFO] 日志实例已初始化...
[2020-03-15 16:27:36:545] [vo.logVo.LogVo.<init>] [INFO] 日志实例已初始化...
[2020-03-15 16:27:36:545] [vo.logVo.LogVo.<init>] [INFO] 日志实例已初始化...
[2020-03-15 16:27:36:546] [vo.logVo.LogVo.<init>] [INFO] 日志实例已初始化...
[2020-03-15 16:27:36:546] [vo.logVo.LogVo.<init>] [INFO] 日志实例已初始化...
[2020-03-15 16:27:36:546] [vo.logVo.LogVo.<init>] [INFO] 日志实例已初始化...
[2020-03-15 16:27:36:547] [vo.logVo.LogVo.<init>] [INFO] 日志实例已初始化...
[2020-03-15 16:27:36:547] [vo.logVo.LogVo.<init>] [INFO] 日志实例已初始化...
[2020-03-15 16:27:36:548] [vo.logVo.LogVo.<init>] [INFO] 日志实例已初始化...
[2020-03-15 16:27:36:548] [vo.logVo.LogVo.<init>] [INFO] 日志实例已初始化...
[2020-03-15 16:27:36:548] [vo.logVo.LogVo.<init>] [INFO] 日志实例已初始化...
[2020-03-15 16:27:36:549] [vo.logVo.LogVo.<init>] [INFO] 日志实例已初始化...
[2020-03-15 16:27:36:549] [vo.logVo.LogVo.<init>] [INFO] 日志实例已初始化...
[2020-03-15 16:27:36:550] [vo.logVo.LogVo.<init>] [INFO] 日志实例已初始化...
[2020-03-15 16:27:36:550] [vo.logVo.LogVo.<init>] [INFO] 日志实例已初始化...
[2020-03-15 16:27:36:551] [vo.logVo.LogVo.<init>] [INFO] 日志实例已初始化...
[2020-03-15 16:27:36:553] [vo.logVo.LogVo.<init>] [INFO] 日志实例已初始化...
[2020-03-15 16:27:36:554] [vo.logVo.LogVo.<init>] [INFO] 日志实例已初始化...
[2020-03-15 16:27:36:555] [vo.logVo.LogVo.<init>] [INFO] 日志实例已初始化...
[2020-03-15 16:27:36:555] [vo.logVo.LogVo.<init>] [INFO] 日志实例已初始化...
[2020-03-15 16:27:36:555] [vo.logVo.LogVo.<init>] [INFO] 日志实例已初始化...
[2020-03-15 16:27:36:556] [vo.logVo.LogVo.<init>] [INFO] 日志实例已初始化...
[2020-03-15 16:27:36:557] [vo.logVo.LogVo.<init>] [INFO] 日志实例已初始化...
[2020-03-15 16:27:36:557] [vo.logVo.LogVo.<init>] [INFO] 日志实例已初始化...
[2020-03-15 16:27:36:557] [vo.logVo.LogVo.<init>] [INFO] 日志实例已初始化...
[2020-03-15 16:27:36:558] [vo.logVo.LogVo.<init>] [INFO] 日志实例已初始化...
[2020-03-15 16:27:36:558] [vo.logVo.LogVo.<init>] [INFO] 日志实例已初始化...
[2020-03-15 16:27:36:559] [vo.logVo.LogVo.<init>] [INFO] 日志实例已初始化...
[2020-03-15 16:27:36:559] [vo.logVo.LogVo.<init>] [INFO] 日志实例已初始化...
[2020-03-15 16:27:36:559] [vo.logVo.LogVo.<init>] [INFO] 日志实例已初始化...
[2020-03-15 16:27:36:560] [vo.logVo.LogVo.<init>] [INFO] 日志实例已初始化...
[2020-03-15 16:27:36:560] [vo.logVo.LogVo.<init>] [INFO] 日志实例已初始化...
[2020-03-15 16:27:36:561] [vo.logVo.LogVo.<init>] [INFO] 日志实例已初始化...
[2020-03-15 16:27:36:561] [vo.logVo.LogVo.<init>] [INFO] 日志实例已初始化...
[2020-03-15 16:27:36:562] [vo.logVo.LogVo.<init>] [INFO] 日志实例已初始化...
[2020-03-15 16:27:36:562] [vo.logVo.LogVo.<init>] [INFO] 日志实例已初始化...
[2020-03-15 16:27:36:562] [vo.logVo.LogVo.<init>] [INFO] 日志实例已初始化...
[2020-03-15 16:27:36:563] [vo.logVo.LogVo.<init>] [INFO] 日志实例已初始化...
[2020-03-15 16:27:36:563] [vo.logVo.LogVo.<init>] [INFO] 日志实例已初始化...
[2020-03-15 16:27:36:563] [vo.logVo.LogVo.<init>] [INFO] 日志实例已初始化...
[2020-03-15 16:27:36:564] [vo.logVo.LogVo.<init>] [INFO] 日志实例已初始化...
[2020-03-15 16:27:36:564] [vo.logVo.LogVo.<init>] [INFO] 日志实例已初始化...
[2020-03-15 16:27:36:565] [vo.logVo.LogVo.<init>] [INFO] 日志实例已初始化...
[2020-03-15 16:27:36:565] [vo.logVo.LogVo.<init>] [INFO] 日志实例已初始化...
[2020-03-15 16:27:36:565] [vo.logVo.LogVo.<init>] [INFO] 日志实例已初始化...
[2020-03-15 16:27:36:566] [vo.logVo.LogVo.<init>] [INFO] 日志实例已初始化...
[2020-03-15 16:27:36:566] [vo.logVo.LogVo.<init>] [INFO] 日志实例已初始化...
[2020-03-15 16:27:36:568] [vo.logVo.LogVo.<init>] [INFO] 日志实例已初始化...
[2020-03-15 16:27:36:570] [vo.logVo.LogVo.<init>] [INFO] 日志实例已初始化...
[2020-03-15 16:27:36:571] [vo.logVo.LogVo.<init>] [INFO] 日志实例已初始化...
[2020-03-15 16:27:36:572] [vo.logVo.LogVo.<init>] [INFO] 日志实例已初始化...
[2020-03-15 16:27:36:573] [vo.logVo.LogVo.<init>] [INFO] 日志实例已初始化...
[2020-03-15 16:27:36:574] [vo.logVo.LogVo.<init>] [INFO] 日志实例已初始化...
[2020-03-15 16:27:36:575] [vo.logVo.LogVo.<init>] [INFO] 日志实例已初始化...
[2020-03-15 16:27:36:576] [vo.logVo.LogVo.<init>] [INFO] 日志实例已初始化...
[2020-03-15 16:27:36:576] [vo.logVo.LogVo.<init>] [INFO] 日志实例已初始化...
[2020-03-15 16:27:36:577] [vo.logVo.LogVo.<init>] [INFO] 日志实例已初始化...
[2020-03-15 16:27:36:577] [vo.logVo.LogVo.<init>] [INFO] 日志实例已初始化...
[2020-03-15 16:27:36:578] [vo.logVo.LogVo.<init>] [INFO] 日志实例已初始化...
[2020-03-15 16:27:36:578] [vo.logVo.LogVo.<init>] [INFO] 日志实例已初始化...
[2020-03-15 16:27:36:579] [vo.logVo.LogVo.<init>] [INFO] 日志实例已初始化...
[2020-03-15 16:27:36:580] [vo.logVo.LogVo.<init>] [INFO] 日志实例已初始化...
[2020-03-15 16:27:36:580] [vo.logVo.LogVo.<init>] [INFO] 日志实例已初始化...
[2020-03-15 16:27:36:580] [vo.logVo.LogVo.<init>] [INFO] 日志实例已初始化...
[2020-03-15 16:27:36:581] [vo.logVo.LogVo.<init>] [INFO] 日志实例已初始化...
[2020-03-15 16:27:36:581] [vo.logVo.LogVo.<init>] [INFO] 日志实例已初始化...
[2020-03-15 16:27:36:582] [vo.logVo.LogVo.<init>] [INFO] 日志实例已初始化...
[2020-03-15 16:27:36:582] [vo.logVo.LogVo.<init>] [INFO] 日志实例已初始化...
[2020-03-15 16:27:36:583] [vo.logVo.LogVo.<init>] [INFO] 日志实例已初始化...
[2020-03-15 16:27:36:583] [vo.logVo.LogVo.<init>] [INFO] 日志实例已初始化...
[2020-03-15 16:27:36:583] [vo.logVo.LogVo.<init>] [INFO] 日志实例已初始化...
[2020-03-15 16:27:36:583] [vo.logVo.LogVo.<init>] [INFO] 日志实例已初始化...
[2020-03-15 16:27:36:584] [vo.logVo.LogVo.<init>] [INFO] 日志实例已初始化...
[2020-03-15 16:27:36:584] [vo.logVo.LogVo.<init>] [INFO] 日志实例已初始化...
[2020-03-15 16:27:36:584] [vo.logVo.LogVo.<init>] [INFO] 日志实例已初始化...
[2020-03-15 16:27:36:585] [vo.logVo.LogVo.<init>] [INFO] 日志实例已初始化...
[2020-03-15 16:27:36:588] [vo.logVo.LogVo.<init>] [INFO] 日志实例已初始化...
[2020-03-15 16:27:36:588] [vo.logVo.LogVo.<init>] [INFO] 日志实例已初始化...
[2020-03-15 16:27:36:589] [vo.logVo.LogVo.<init>] [INFO] 日志实例已初始化...
[2020-03-15 16:27:36:589] [vo.logVo.LogVo.<init>] [INFO] 日志实例已初始化...
[2020-03-15 16:27:36:590] [vo.logVo.LogVo.<init>] [INFO] 日志实例已初始化...
[2020-03-15 16:27:36:591] [vo.logVo.LogVo.<init>] [INFO] 日志实例已初始化...
[2020-03-15 16:27:36:591] [vo.logVo.LogVo.<init>] [INFO] 日志实例已初始化...
[2020-03-15 16:27:36:592] [vo.logVo.LogVo.<init>] [INFO] 日志实例已初始化...
[2020-03-15 16:27:36:592] [vo.logVo.LogVo.<init>] [INFO] 日志实例已初始化...
[2020-03-15 16:27:36:592] [vo.logVo.LogVo.<init>] [INFO] 日志实例已初始化...
[2020-03-15 16:27:36:593] [vo.logVo.LogVo.<init>] [INFO] 日志实例已初始化...
[2020-03-15 16:27:36:593] [vo.logVo.LogVo.<init>] [INFO] 日志实例已初始化...
[2020-03-15 16:27:36:594] [vo.logVo.LogVo.<init>] [INFO] 日志实例已初始化...
[2020-03-15 16:27:36:594] [vo.logVo.LogVo.<init>] [INFO] 日志实例已初始化...
[2020-03-15 16:27:36:595] [vo.logVo.LogVo.<init>] [INFO] 日志实例已初始化...
[2020-03-15 16:27:36:595] [vo.logVo.LogVo.<init>] [INFO] 日志实例已初始化...
[2020-03-15 16:27:36:596] [vo.logVo.LogVo.<init>] [INFO] 日志实例已初始化...
[2020-03-15 16:27:36:596] [vo.logVo.LogVo.<init>] [INFO] 日志实例已初始化...
[2020-03-15 16:27:36:597] [vo.logVo.LogVo.<init>] [INFO] 日志实例已初始化...
[2020-03-15 16:27:36:597] [vo.logVo.LogVo.<init>] [INFO] 日志实例已初始化...
[2020-03-15 16:27:36:598] [vo.logVo.LogVo.<init>] [INFO] 日志实例已初始化...
[2020-03-15 16:27:36:598] [vo.logVo.LogVo.<init>] [INFO] 日志实例已初始化...
[2020-03-15 16:27:36:599] [vo.logVo.LogVo.<init>] [INFO] 日志实例已初始化...
[2020-03-15 16:27:36:599] [vo.logVo.LogVo.<init>] [INFO] 日志实例已初始化...
[2020-03-15 16:27:36:600] [vo.logVo.LogVo.<init>] [INFO] 日志实例已初始化...
[2020-03-15 16:27:36:600] [vo.logVo.LogVo.<init>] [INFO] 日志实例已初始化...
[2020-03-15 16:27:36:601] [vo.logVo.LogVo.<init>] [INFO] 日志实例已初始化...
[2020-03-15 16:27:36:601] [vo.logVo.LogVo.<init>] [INFO] 日志实例已初始化...
[2020-03-15 16:27:36:603] [vo.logVo.LogVo.<init>] [INFO] 日志实例已初始化...
[2020-03-15 16:27:36:604] [vo.logVo.LogVo.<init>] [INFO] 日志实例已初始化...
[2020-03-15 16:27:36:605] [vo.logVo.LogVo.<init>] [INFO] 日志实例已初始化...
[2020-03-15 16:27:36:605] [vo.logVo.LogVo.<init>] [INFO] 日志实例已初始化...
[2020-03-15 16:27:36:606] [vo.logVo.LogVo.<init>] [INFO] 日志实例已初始化...
[2020-03-15 16:27:36:606] [vo.logVo.LogVo.<init>] [INFO] 日志实例已初始化...
[2020-03-15 16:27:36:606] [vo.logVo.LogVo.<init>] [INFO] 日志实例已初始化...
[2020-03-15 16:27:36:607] [vo.logVo.LogVo.<init>] [INFO] 日志实例已初始化...
[2020-03-15 16:27:36:607] [vo.logVo.LogVo.<init>] [INFO] 日志实例已初始化...
[2020-03-15 16:27:36:607] [vo.logVo.LogVo.<init>] [INFO] 日志实例已初始化...
[2020-03-15 16:27:36:608] [vo.logVo.LogVo.<init>] [INFO] 日志实例已初始化...
[2020-03-15 16:27:36:608] [vo.logVo.LogVo.<init>] [INFO] 日志实例已初始化...
[2020-03-15 16:27:36:608] [vo.logVo.LogVo.<init>] [INFO] 日志实例已初始化...
[2020-03-15 16:27:36:608] [vo.logVo.LogVo.<init>] [INFO] 日志实例已初始化...
[2020-03-15 16:27:36:609] [vo.logVo.LogVo.<init>] [INFO] 日志实例已初始化...
[2020-03-15 16:27:36:609] [vo.logVo.LogVo.<init>] [INFO] 日志实例已初始化...
[2020-03-15 16:27:36:609] [vo.logVo.LogVo.<init>] [INFO] 日志实例已初始化...
[2020-03-15 16:27:36:610] [vo.logVo.LogVo.<init>] [INFO] 日志实例已初始化...
[2020-03-15 16:27:36:610] [vo.logVo.LogVo.<init>] [INFO] 日志实例已初始化...
[2020-03-15 16:27:36:610] [vo.logVo.LogVo.<init>] [INFO] 日志实例已初始化...
[2020-03-15 16:27:36:611] [vo.logVo.LogVo.<init>] [INFO] 日志实例已初始化...
[2020-03-15 16:27:36:611] [vo.logVo.LogVo.<init>] [INFO] 日志实例已初始化...
[2020-03-15 16:27:36:612] [vo.logVo.LogVo.<init>] [INFO] 日志实例已初始化...
[2020-03-15 16:27:36:613] [vo.logVo.LogVo.<init>] [INFO] 日志实例已初始化...
[2020-03-15 16:27:36:614] [vo.logVo.LogVo.<init>] [INFO] 日志实例已初始化...
[2020-03-15 16:27:36:615] [vo.logVo.LogVo.<init>] [INFO] 日志实例已初始化...
[2020-03-15 16:27:36:615] [vo.logVo.LogVo.<init>] [INFO] 日志实例已初始化...
[2020-03-15 16:27:36:616] [vo.logVo.LogVo.<init>] [INFO] 日志实例已初始化...
[2020-03-15 16:27:36:616] [vo.logVo.LogVo.<init>] [INFO] 日志实例已初始化...
[2020-03-15 16:27:36:617] [vo.logVo.LogVo.<init>] [INFO] 日志实例已初始化...
[2020-03-15 16:27:36:617] [vo.logVo.LogVo.<init>] [INFO] 日志实例已初始化...
[2020-03-15 16:27:36:617] [vo.logVo.LogVo.<init>] [INFO] 日志实例已初始化...
[2020-03-15 16:27:36:618] [vo.logVo.LogVo.<init>] [INFO] 日志实例已初始化...
[2020-03-15 16:27:36:620] [vo.logVo.LogVo.<init>] [INFO] 日志实例已初始化...
[2020-03-15 16:27:36:621] [vo.logVo.LogVo.<init>] [INFO] 日志实例已初始化...
[2020-03-15 16:27:36:622] [vo.logVo.LogVo.<init>] [INFO] 日志实例已初始化...
[2020-03-15 16:27:36:622] [vo.logVo.LogVo.<init>] [INFO] 日志实例已初始化...
[2020-03-15 16:27:36:623] [vo.logVo.LogVo.<init>] [INFO] 日志实例已初始化...
[2020-03-15 16:27:36:623] [vo.logVo.LogVo.<init>] [INFO] 日志实例已初始化...
[2020-03-15 16:27:36:624] [vo.logVo.LogVo.<init>] [INFO] 日志实例已初始化...
[2020-03-15 16:27:36:624] [vo.logVo.LogVo.<init>] [INFO] 日志实例已初始化...
[2020-03-15 16:27:36:625] [vo.logVo.LogVo.<init>] [INFO] 日志实例已初始化...
[2020-03-15 16:27:36:625] [vo.logVo.LogVo.<init>] [INFO] 日志实例已初始化...
[2020-03-15 16:27:36:626] [vo.logVo.LogVo.<init>] [INFO] 日志实例已初始化...
[2020-03-15 16:27:36:627] [vo.logVo.LogVo.<init>] [INFO] 日志实例已初始化...
[2020-03-15 16:27:36:627] [vo.logVo.LogVo.<init>] [INFO] 日志实例已初始化...
[2020-03-15 16:27:36:628] [vo.logVo.LogVo.<init>] [INFO] 日志实例已初始化...
[2020-03-15 16:27:36:629] [vo.logVo.LogVo.<init>] [INFO] 日志实例已初始化...
[2020-03-15 16:27:36:629] [vo.logVo.LogVo.<init>] [INFO] 日志实例已初始化...
[2020-03-15 16:27:36:630] [vo.logVo.LogVo.<init>] [INFO] 日志实例已初始化...
[2020-03-15 16:27:36:630] [vo.logVo.LogVo.<init>] [INFO] 日志实例已初始化...
[2020-03-15 16:27:36:631] [vo.logVo.LogVo.<init>] [INFO] 日志实例已初始化...
[2020-03-15 16:27:36:631] [vo.logVo.LogVo.<init>] [INFO] 日志实例已初始化...
[2020-03-15 16:27:36:632] [vo.logVo.LogVo.<init>] [INFO] 日志实例已初始化...
[2020-03-15 16:27:36:632] [vo.logVo.LogVo.<init>] [INFO] 日志实例已初始化...
[2020-03-15 16:27:36:633] [vo.logVo.LogVo.<init>] [INFO] 日志实例已初始化...
[2020-03-15 16:27:36:634] [vo.logVo.LogVo.<init>] [INFO] 日志实例已初始化...
[2020-03-15 16:27:36:634] [vo.logVo.LogVo.<init>] [INFO] 日志实例已初始化...
[2020-03-15 16:27:36:635] [vo.logVo.LogVo.<init>] [INFO] 日志实例已初始化...
[2020-03-15 16:27:36:636] [vo.logVo.LogVo.<init>] [INFO] 日志实例已初始化...
[2020-03-15 16:27:36:636] [vo.logVo.LogVo.<init>] [INFO] 日志实例已初始化...
[2020-03-15 16:27:36:637] [vo.logVo.LogVo.<init>] [INFO] 日志实例已初始化...
[2020-03-15 16:27:36:637] [vo.logVo.LogVo.<init>] [INFO] 日志实例已初始化...
[2020-03-15 16:27:36:638] [vo.logVo.LogVo.<init>] [INFO] 日志实例已初始化...
[2020-03-15 16:27:36:638] [vo.logVo.LogVo.<init>] [INFO] 日志实例已初始化...
[2020-03-15 16:27:36:639] [vo.logVo.LogVo.<init>] [INFO] 日志实例已初始化...
[2020-03-15 16:27:36:639] [vo.logVo.LogVo.<init>] [INFO] 日志实例已初始化...
[2020-03-15 16:27:36:640] [vo.logVo.LogVo.<init>] [INFO] 日志实例已初始化...
[2020-03-15 16:27:36:640] [vo.logVo.LogVo.<init>] [INFO] 日志实例已初始化...
[2020-03-15 16:27:36:641] [vo.logVo.LogVo.<init>] [INFO] 日志实例已初始化...
[2020-03-15 16:27:36:641] [vo.logVo.LogVo.<init>] [INFO] 日志实例已初始化...
[2020-03-15 16:27:36:642] [vo.logVo.LogVo.<init>] [INFO] 日志实例已初始化...
[2020-03-15 16:27:36:642] [vo.logVo.LogVo.<init>] [INFO] 日志实例已初始化...
[2020-03-15 16:27:36:643] [vo.logVo.LogVo.<init>] [INFO] 日志实例已初始化...
[2020-03-15 16:27:36:643] [vo.logVo.LogVo.<init>] [INFO] 日志实例已初始化...
[2020-03-15 16:27:36:643] [vo.logVo.LogVo.<init>] [INFO] 日志实例已初始化...
[2020-03-15 16:27:36:644] [vo.logVo.LogVo.<init>] [INFO] 日志实例已初始化...
[2020-03-15 16:27:36:644] [vo.logVo.LogVo.<init>] [INFO] 日志实例已初始化...
[2020-03-15 16:27:36:646] [vo.logVo.LogVo.<init>] [INFO] 日志实例已初始化...
[2020-03-15 16:27:36:646] [vo.logVo.LogVo.<init>] [INFO] 日志实例已初始化...
[2020-03-15 16:27:36:647] [vo.logVo.LogVo.<init>] [INFO] 日志实例已初始化...
[2020-03-15 16:27:36:647] [vo.logVo.LogVo.<init>] [INFO] 日志实例已初始化...
[2020-03-15 16:27:36:647] [vo.logVo.LogVo.<init>] [INFO] 日志实例已初始化...
[2020-03-15 16:27:36:648] [vo.logVo.LogVo.<init>] [INFO] 日志实例已初始化...
[2020-03-15 16:27:36:648] [vo.logVo.LogVo.<init>] [INFO] 日志实例已初始化...
[2020-03-15 16:27:36:649] [vo.logVo.LogVo.<init>] [INFO] 日志实例已初始化...
[2020-03-15 16:27:36:649] [vo.logVo.LogVo.<init>] [INFO] 日志实例已初始化...
[2020-03-15 16:27:36:650] [vo.logVo.LogVo.<init>] [INFO] 日志实例已初始化...
[2020-03-15 16:27:36:650] [vo.logVo.LogVo.<init>] [INFO] 日志实例已初始化...
[2020-03-15 16:27:36:651] [vo.logVo.LogVo.<init>] [INFO] 日志实例已初始化...
[2020-03-15 16:27:36:652] [vo.logVo.LogVo.<init>] [INFO] 日志实例已初始化...
[2020-03-15 16:27:36:653] [vo.logVo.LogVo.<init>] [INFO] 日志实例已初始化...
[2020-03-15 16:27:36:654] [vo.logVo.LogVo.<init>] [INFO] 日志实例已初始化...
[2020-03-15 16:27:36:654] [vo.logVo.LogVo.<init>] [INFO] 日志实例已初始化...
[2020-03-15 16:27:36:655] [vo.logVo.LogVo.<init>] [INFO] 日志实例已初始化...
[2020-03-15 16:27:36:655] [vo.logVo.LogVo.<init>] [INFO] 日志实例已初始化...
[2020-03-15 16:27:36:656] [vo.logVo.LogVo.<init>] [INFO] 日志实例已初始化...
[2020-03-15 16:27:36:657] [vo.logVo.LogVo.<init>] [INFO] 日志实例已初始化...
[2020-03-15 16:27:36:657] [vo.logVo.LogVo.<init>] [INFO] 日志实例已初始化...
[2020-03-15 16:27:36:657] [vo.logVo.LogVo.<init>] [INFO] 日志实例已初始化...
[2020-03-15 16:27:36:658] [vo.logVo.LogVo.<init>] [INFO] 日志实例已初始化...
[2020-03-15 16:27:36:658] [vo.logVo.LogVo.<init>] [INFO] 日志实例已初始化...
[2020-03-15 16:27:36:660] [vo.logVo.LogVo.<init>] [INFO] 日志实例已初始化...
[2020-03-15 16:27:36:662] [vo.logVo.LogVo.<init>] [INFO] 日志实例已初始化...
[2020-03-15 16:27:36:663] [vo.logVo.LogVo.<init>] [INFO] 日志实例已初始化...
[2020-03-15 16:27:36:663] [vo.logVo.LogVo.<init>] [INFO] 日志实例已初始化...
[2020-03-15 16:27:36:664] [vo.logVo.LogVo.<init>] [INFO] 日志实例已初始化...
[2020-03-15 16:27:36:664] [vo.logVo.LogVo.<init>] [INFO] 日志实例已初始化...
[2020-03-15 16:27:36:665] [vo.logVo.LogVo.<init>] [INFO] 日志实例已初始化...
[2020-03-15 16:27:36:665] [vo.logVo.LogVo.<init>] [INFO] 日志实例已初始化...
[2020-03-15 16:27:36:665] [vo.logVo.LogVo.<init>] [INFO] 日志实例已初始化...
[2020-03-15 16:27:36:666] [vo.logVo.LogVo.<init>] [INFO] 日志实例已初始化...
[2020-03-15 16:27:36:667] [vo.logVo.LogVo.<init>] [INFO] 日志实例已初始化...
[2020-03-15 16:27:36:667] [vo.logVo.LogVo.<init>] [INFO] 日志实例已初始化...
[2020-03-15 16:27:36:668] [vo.logVo.LogVo.<init>] [INFO] 日志实例已初始化...
[2020-03-15 16:27:36:668] [vo.logVo.LogVo.<init>] [INFO] 日志实例已初始化...
[2020-03-15 16:27:36:669] [vo.logVo.LogVo.<init>] [INFO] 日志实例已初始化...
[2020-03-15 16:27:36:669] [vo.logVo.LogVo.<init>] [INFO] 日志实例已初始化...
[2020-03-15 16:27:36:670] [vo.logVo.LogVo.<init>] [INFO] 日志实例已初始化...
[2020-03-15 16:27:38:262] [vo.logVo.LogVo.<init>] [INFO] 日志实例已初始化...
[2020-03-15 16:27:38:263] [vo.logVo.LogVo.<init>] [INFO] 日志实例已初始化...
[2020-03-15 16:27:38:264] [vo.logVo.LogVo.<init>] [INFO] 日志实例已初始化...
[2020-03-15 16:27:38:264] [vo.logVo.LogVo.<init>] [INFO] 日志实例已初始化...
[2020-03-15 16:27:38:264] [vo.logVo.LogVo.<init>] [INFO] 日志实例已初始化...
[2020-03-15 16:27:38:265] [vo.logVo.LogVo.<init>] [INFO] 日志实例已初始化...
[2020-03-15 16:27:38:265] [vo.logVo.LogVo.<init>] [INFO] 日志实例已初始化...
[2020-03-15 16:27:38:265] [vo.logVo.LogVo.<init>] [INFO] 日志实例已初始化...
[2020-03-15 16:27:38:265] [vo.logVo.LogVo.<init>] [INFO] 日志实例已初始化...
[2020-03-15 16:27:38:266] [vo.logVo.LogVo.<init>] [INFO] 日志实例已初始化...
[2020-03-15 16:27:38:266] [vo.logVo.LogVo.<init>] [INFO] 日志实例已初始化...
[2020-03-15 16:27:38:266] [vo.logVo.LogVo.<init>] [INFO] 日志实例已初始化...
[2020-03-15 16:27:38:267] [vo.logVo.LogVo.<init>] [INFO] 日志实例已初始化...
[2020-03-15 16:27:38:267] [vo.logVo.LogVo.<init>] [INFO] 日志实例已初始化...
[2020-03-15 16:27:38:268] [vo.logVo.LogVo.<init>] [INFO] 日志实例已初始化...
[2020-03-15 16:27:38:269] [vo.logVo.LogVo.<init>] [INFO] 日志实例已初始化...
[2020-03-15 16:27:38:269] [vo.logVo.LogVo.<init>] [INFO] 日志实例已初始化...
[2020-03-15 16:27:38:270] [vo.logVo.LogVo.<init>] [INFO] 日志实例已初始化...
[2020-03-15 16:27:38:271] [vo.logVo.LogVo.<init>] [INFO] 日志实例已初始化...
[2020-03-15 16:27:38:272] [vo.logVo.LogVo.<init>] [INFO] 日志实例已初始化...
[2020-03-15 16:27:38:272] [vo.logVo.LogVo.<init>] [INFO] 日志实例已初始化...
[2020-03-15 16:27:38:273] [vo.logVo.LogVo.<init>] [INFO] 日志实例已初始化...
[2020-03-15 16:27:38:274] [vo.logVo.LogVo.<init>] [INFO] 日志实例已初始化...
[2020-03-15 16:27:38:274] [vo.logVo.LogVo.<init>] [INFO] 日志实例已初始化...
[2020-03-15 16:27:38:275] [vo.logVo.LogVo.<init>] [INFO] 日志实例已初始化...
[2020-03-15 16:27:38:275] [vo.logVo.LogVo.<init>] [INFO] 日志实例已初始化...
[2020-03-15 16:27:38:276] [vo.logVo.LogVo.<init>] [INFO] 日志实例已初始化...
[2020-03-15 16:27:38:276] [vo.logVo.LogVo.<init>] [INFO] 日志实例已初始化...
[2020-03-15 16:27:38:276] [vo.logVo.LogVo.<init>] [INFO] 日志实例已初始化...
[2020-03-15 16:27:38:277] [vo.logVo.LogVo.<init>] [INFO] 日志实例已初始化...
[2020-03-15 16:27:38:277] [vo.logVo.LogVo.<init>] [INFO] 日志实例已初始化...
[2020-03-15 16:27:38:277] [vo.logVo.LogVo.<init>] [INFO] 日志实例已初始化...
[2020-03-15 16:27:38:278] [vo.logVo.LogVo.<init>] [INFO] 日志实例已初始化...
[2020-03-15 16:27:38:278] [vo.logVo.LogVo.<init>] [INFO] 日志实例已初始化...
[2020-03-15 16:27:38:278] [vo.logVo.LogVo.<init>] [INFO] 日志实例已初始化...
[2020-03-15 16:27:38:279] [vo.logVo.LogVo.<init>] [INFO] 日志实例已初始化...
[2020-03-15 16:27:38:279] [vo.logVo.LogVo.<init>] [INFO] 日志实例已初始化...
[2020-03-15 16:27:38:279] [vo.logVo.LogVo.<init>] [INFO] 日志实例已初始化...
[2020-03-15 16:27:38:279] [vo.logVo.LogVo.<init>] [INFO] 日志实例已初始化...
[2020-03-15 16:27:38:280] [vo.logVo.LogVo.<init>] [INFO] 日志实例已初始化...
[2020-03-15 16:27:38:280] [vo.logVo.LogVo.<init>] [INFO] 日志实例已初始化...
[2020-03-15 16:27:38:280] [vo.logVo.LogVo.<init>] [INFO] 日志实例已初始化...
[2020-03-15 16:27:38:280] [vo.logVo.LogVo.<init>] [INFO] 日志实例已初始化...
[2020-03-15 16:27:38:281] [vo.logVo.LogVo.<init>] [INFO] 日志实例已初始化...
[2020-03-15 16:27:38:281] [vo.logVo.LogVo.<init>] [INFO] 日志实例已初始化...
[2020-03-15 16:27:38:281] [vo.logVo.LogVo.<init>] [INFO] 日志实例已初始化...
[2020-03-15 16:27:38:281] [vo.logVo.LogVo.<init>] [INFO] 日志实例已初始化...
[2020-03-15 16:27:38:282] [vo.logVo.LogVo.<init>] [INFO] 日志实例已初始化...
[2020-03-15 16:27:38:282] [vo.logVo.LogVo.<init>] [INFO] 日志实例已初始化...
[2020-03-15 16:27:38:282] [vo.logVo.LogVo.<init>] [INFO] 日志实例已初始化...
[2020-03-15 16:27:38:283] [vo.logVo.LogVo.<init>] [INFO] 日志实例已初始化...
[2020-03-15 16:27:38:284] [vo.logVo.LogVo.<init>] [INFO] 日志实例已初始化...
[2020-03-15 16:27:38:284] [vo.logVo.LogVo.<init>] [INFO] 日志实例已初始化...
[2020-03-15 16:27:38:285] [vo.logVo.LogVo.<init>] [INFO] 日志实例已初始化...
[2020-03-15 16:27:38:287] [vo.logVo.LogVo.<init>] [INFO] 日志实例已初始化...
[2020-03-15 16:27:38:287] [vo.logVo.LogVo.<init>] [INFO] 日志实例已初始化...
[2020-03-15 16:27:38:288] [vo.logVo.LogVo.<init>] [INFO] 日志实例已初始化...
[2020-03-15 16:27:38:288] [vo.logVo.LogVo.<init>] [INFO] 日志实例已初始化...
[2020-03-15 16:27:38:288] [vo.logVo.LogVo.<init>] [INFO] 日志实例已初始化...
[2020-03-15 16:27:38:288] [vo.logVo.LogVo.<init>] [INFO] 日志实例已初始化...
[2020-03-15 16:27:38:289] [vo.logVo.LogVo.<init>] [INFO] 日志实例已初始化...
[2020-03-15 16:27:38:289] [vo.logVo.LogVo.<init>] [INFO] 日志实例已初始化...
[2020-03-15 16:27:38:289] [vo.logVo.LogVo.<init>] [INFO] 日志实例已初始化...
[2020-03-15 16:27:38:290] [vo.logVo.LogVo.<init>] [INFO] 日志实例已初始化...
[2020-03-15 16:27:38:290] [vo.logVo.LogVo.<init>] [INFO] 日志实例已初始化...
[2020-03-15 16:27:38:290] [vo.logVo.LogVo.<init>] [INFO] 日志实例已初始化...
[2020-03-15 16:27:38:291] [vo.logVo.LogVo.<init>] [INFO] 日志实例已初始化...
[2020-03-15 16:27:38:291] [vo.logVo.LogVo.<init>] [INFO] 日志实例已初始化...
[2020-03-15 16:27:38:291] [vo.logVo.LogVo.<init>] [INFO] 日志实例已初始化...
[2020-03-15 16:27:38:292] [vo.logVo.LogVo.<init>] [INFO] 日志实例已初始化...
[2020-03-15 16:27:38:292] [vo.logVo.LogVo.<init>] [INFO] 日志实例已初始化...
[2020-03-15 16:27:38:292] [vo.logVo.LogVo.<init>] [INFO] 日志实例已初始化...
[2020-03-15 16:27:38:293] [vo.logVo.LogVo.<init>] [INFO] 日志实例已初始化...
[2020-03-15 16:27:38:293] [vo.logVo.LogVo.<init>] [INFO] 日志实例已初始化...
[2020-03-15 16:27:38:293] [vo.logVo.LogVo.<init>] [INFO] 日志实例已初始化...
[2020-03-15 16:27:38:293] [vo.logVo.LogVo.<init>] [INFO] 日志实例已初始化...
[2020-03-15 16:27:38:294] [vo.logVo.LogVo.<init>] [INFO] 日志实例已初始化...
[2020-03-15 16:27:38:294] [vo.logVo.LogVo.<init>] [INFO] 日志实例已初始化...
[2020-03-15 16:27:38:294] [vo.logVo.LogVo.<init>] [INFO] 日志实例已初始化...
[2020-03-15 16:27:38:295] [vo.logVo.LogVo.<init>] [INFO] 日志实例已初始化...
[2020-03-15 16:27:38:295] [vo.logVo.LogVo.<init>] [INFO] 日志实例已初始化...
[2020-03-15 16:27:38:295] [vo.logVo.LogVo.<init>] [INFO] 日志实例已初始化...
[2020-03-15 16:27:38:296] [vo.logVo.LogVo.<init>] [INFO] 日志实例已初始化...
[2020-03-15 16:27:38:296] [vo.logVo.LogVo.<init>] [INFO] 日志实例已初始化...
[2020-03-15 16:27:38:296] [vo.logVo.LogVo.<init>] [INFO] 日志实例已初始化...
[2020-03-15 16:27:38:296] [vo.logVo.LogVo.<init>] [INFO] 日志实例已初始化...
[2020-03-15 16:27:38:297] [vo.logVo.LogVo.<init>] [INFO] 日志实例已初始化...
[2020-03-15 16:27:38:297] [vo.logVo.LogVo.<init>] [INFO] 日志实例已初始化...
[2020-03-15 16:27:38:297] [vo.logVo.LogVo.<init>] [INFO] 日志实例已初始化...
[2020-03-15 16:27:38:298] [vo.logVo.LogVo.<init>] [INFO] 日志实例已初始化...
[2020-03-15 16:27:38:298] [vo.logVo.LogVo.<init>] [INFO] 日志实例已初始化...
[2020-03-15 16:27:38:298] [vo.logVo.LogVo.<init>] [INFO] 日志实例已初始化...
[2020-03-15 16:27:38:298] [vo.logVo.LogVo.<init>] [INFO] 日志实例已初始化...
[2020-03-15 16:27:38:299] [vo.logVo.LogVo.<init>] [INFO] 日志实例已初始化...
[2020-03-15 16:27:38:299] [vo.logVo.LogVo.<init>] [INFO] 日志实例已初始化...
[2020-03-15 16:27:38:299] [vo.logVo.LogVo.<init>] [INFO] 日志实例已初始化...
[2020-03-15 16:27:38:300] [vo.logVo.LogVo.<init>] [INFO] 日志实例已初始化...
[2020-03-15 16:27:38:303] [vo.logVo.LogVo.<init>] [INFO] 日志实例已初始化...
[2020-03-15 16:27:38:303] [vo.logVo.LogVo.<init>] [INFO] 日志实例已初始化...
[2020-03-15 16:27:38:304] [vo.logVo.LogVo.<init>] [INFO] 日志实例已初始化...
[2020-03-15 16:27:38:304] [vo.logVo.LogVo.<init>] [INFO] 日志实例已初始化...
[2020-03-15 16:27:38:305] [vo.logVo.LogVo.<init>] [INFO] 日志实例已初始化...
[2020-03-15 16:27:38:306] [vo.logVo.LogVo.<init>] [INFO] 日志实例已初始化...
[2020-03-15 16:27:38:306] [vo.logVo.LogVo.<init>] [INFO] 日志实例已初始化...
[2020-03-15 16:27:38:306] [vo.logVo.LogVo.<init>] [INFO] 日志实例已初始化...
[2020-03-15 16:27:38:307] [vo.logVo.LogVo.<init>] [INFO] 日志实例已初始化...
[2020-03-15 16:27:38:308] [vo.logVo.LogVo.<init>] [INFO] 日志实例已初始化...
[2020-03-15 16:27:38:308] [vo.logVo.LogVo.<init>] [INFO] 日志实例已初始化...
[2020-03-15 16:27:38:309] [vo.logVo.LogVo.<init>] [INFO] 日志实例已初始化...
[2020-03-15 16:27:38:309] [vo.logVo.LogVo.<init>] [INFO] 日志实例已初始化...
[2020-03-15 16:27:38:310] [vo.logVo.LogVo.<init>] [INFO] 日志实例已初始化...
[2020-03-15 16:27:38:310] [vo.logVo.LogVo.<init>] [INFO] 日志实例已初始化...
[2020-03-15 16:27:38:310] [vo.logVo.LogVo.<init>] [INFO] 日志实例已初始化...
[2020-03-15 16:27:38:311] [vo.logVo.LogVo.<init>] [INFO] 日志实例已初始化...
[2020-03-15 16:27:38:311] [vo.logVo.LogVo.<init>] [INFO] 日志实例已初始化...
[2020-03-15 16:27:38:311] [vo.logVo.LogVo.<init>] [INFO] 日志实例已初始化...
[2020-03-15 16:27:38:312] [vo.logVo.LogVo.<init>] [INFO] 日志实例已初始化...
[2020-03-15 16:27:38:312] [vo.logVo.LogVo.<init>] [INFO] 日志实例已初始化...
[2020-03-15 16:27:38:312] [vo.logVo.LogVo.<init>] [INFO] 日志实例已初始化...
[2020-03-15 16:27:38:312] [vo.logVo.LogVo.<init>] [INFO] 日志实例已初始化...
[2020-03-15 16:27:38:313] [vo.logVo.LogVo.<init>] [INFO] 日志实例已初始化...
[2020-03-15 16:27:38:313] [vo.logVo.LogVo.<init>] [INFO] 日志实例已初始化...
[2020-03-15 16:27:38:313] [vo.logVo.LogVo.<init>] [INFO] 日志实例已初始化...
[2020-03-15 16:27:38:314] [vo.logVo.LogVo.<init>] [INFO] 日志实例已初始化...
[2020-03-15 16:27:38:314] [vo.logVo.LogVo.<init>] [INFO] 日志实例已初始化...
[2020-03-15 16:27:38:314] [vo.logVo.LogVo.<init>] [INFO] 日志实例已初始化...
[2020-03-15 16:27:38:314] [vo.logVo.LogVo.<init>] [INFO] 日志实例已初始化...
[2020-03-15 16:27:38:315] [vo.logVo.LogVo.<init>] [INFO] 日志实例已初始化...
[2020-03-15 16:27:38:315] [vo.logVo.LogVo.<init>] [INFO] 日志实例已初始化...
[2020-03-15 16:27:38:315] [vo.logVo.LogVo.<init>] [INFO] 日志实例已初始化...
[2020-03-15 16:27:38:316] [vo.logVo.LogVo.<init>] [INFO] 日志实例已初始化...
[2020-03-15 16:27:38:316] [vo.logVo.LogVo.<init>] [INFO] 日志实例已初始化...
[2020-03-15 16:27:38:319] [vo.logVo.LogVo.<init>] [INFO] 日志实例已初始化...
[2020-03-15 16:27:38:320] [vo.logVo.LogVo.<init>] [INFO] 日志实例已初始化...
[2020-03-15 16:27:38:321] [vo.logVo.LogVo.<init>] [INFO] 日志实例已初始化...
[2020-03-15 16:27:38:322] [vo.logVo.LogVo.<init>] [INFO] 日志实例已初始化...
[2020-03-15 16:27:38:323] [vo.logVo.LogVo.<init>] [INFO] 日志实例已初始化...
[2020-03-15 16:27:38:323] [vo.logVo.LogVo.<init>] [INFO] 日志实例已初始化...
[2020-03-15 16:27:38:324] [vo.logVo.LogVo.<init>] [INFO] 日志实例已初始化...
[2020-03-15 16:27:38:325] [vo.logVo.LogVo.<init>] [INFO] 日志实例已初始化...
[2020-03-15 16:27:38:326] [vo.logVo.LogVo.<init>] [INFO] 日志实例已初始化...
[2020-03-15 16:27:38:326] [vo.logVo.LogVo.<init>] [INFO] 日志实例已初始化...
[2020-03-15 16:27:38:327] [vo.logVo.LogVo.<init>] [INFO] 日志实例已初始化...
[2020-03-15 16:27:38:328] [vo.logVo.LogVo.<init>] [INFO] 日志实例已初始化...
[2020-03-15 16:27:38:328] [vo.logVo.LogVo.<init>] [INFO] 日志实例已初始化...
[2020-03-15 16:27:38:328] [vo.logVo.LogVo.<init>] [INFO] 日志实例已初始化...
[2020-03-15 16:27:38:329] [vo.logVo.LogVo.<init>] [INFO] 日志实例已初始化...
[2020-03-15 16:27:38:329] [vo.logVo.LogVo.<init>] [INFO] 日志实例已初始化...
[2020-03-15 16:27:38:329] [vo.logVo.LogVo.<init>] [INFO] 日志实例已初始化...
[2020-03-15 16:27:38:330] [vo.logVo.LogVo.<init>] [INFO] 日志实例已初始化...
[2020-03-15 16:27:38:330] [vo.logVo.LogVo.<init>] [INFO] 日志实例已初始化...
[2020-03-15 16:27:38:330] [vo.logVo.LogVo.<init>] [INFO] 日志实例已初始化...
[2020-03-15 16:27:38:330] [vo.logVo.LogVo.<init>] [INFO] 日志实例已初始化...
[2020-03-15 16:27:38:331] [vo.logVo.LogVo.<init>] [INFO] 日志实例已初始化...
[2020-03-15 16:27:38:331] [vo.logVo.LogVo.<init>] [INFO] 日志实例已初始化...
[2020-03-15 16:27:38:331] [vo.logVo.LogVo.<init>] [INFO] 日志实例已初始化...
[2020-03-15 16:27:38:332] [vo.logVo.LogVo.<init>] [INFO] 日志实例已初始化...
[2020-03-15 16:27:38:332] [vo.logVo.LogVo.<init>] [INFO] 日志实例已初始化...
[2020-03-15 16:27:38:332] [vo.logVo.LogVo.<init>] [INFO] 日志实例已初始化...
[2020-03-15 16:27:38:333] [vo.logVo.LogVo.<init>] [INFO] 日志实例已初始化...
[2020-03-15 16:27:38:336] [vo.logVo.LogVo.<init>] [INFO] 日志实例已初始化...
[2020-03-15 16:27:38:337] [vo.logVo.LogVo.<init>] [INFO] 日志实例已初始化...
[2020-03-15 16:27:38:337] [vo.logVo.LogVo.<init>] [INFO] 日志实例已初始化...
[2020-03-15 16:27:38:338] [vo.logVo.LogVo.<init>] [INFO] 日志实例已初始化...
[2020-03-15 16:27:38:339] [vo.logVo.LogVo.<init>] [INFO] 日志实例已初始化...
[2020-03-15 16:27:38:339] [vo.logVo.LogVo.<init>] [INFO] 日志实例已初始化...
[2020-03-15 16:27:38:340] [vo.logVo.LogVo.<init>] [INFO] 日志实例已初始化...
[2020-03-15 16:27:38:340] [vo.logVo.LogVo.<init>] [INFO] 日志实例已初始化...
[2020-03-15 16:27:38:340] [vo.logVo.LogVo.<init>] [INFO] 日志实例已初始化...
[2020-03-15 16:27:38:341] [vo.logVo.LogVo.<init>] [INFO] 日志实例已初始化...
[2020-03-15 16:27:38:341] [vo.logVo.LogVo.<init>] [INFO] 日志实例已初始化...
[2020-03-15 16:27:38:341] [vo.logVo.LogVo.<init>] [INFO] 日志实例已初始化...
[2020-03-15 16:27:38:341] [vo.logVo.LogVo.<init>] [INFO] 日志实例已初始化...
[2020-03-15 16:27:38:342] [vo.logVo.LogVo.<init>] [INFO] 日志实例已初始化...
[2020-03-15 16:27:38:342] [vo.logVo.LogVo.<init>] [INFO] 日志实例已初始化...
[2020-03-15 16:27:38:342] [vo.logVo.LogVo.<init>] [INFO] 日志实例已初始化...
[2020-03-15 16:27:38:343] [vo.logVo.LogVo.<init>] [INFO] 日志实例已初始化...
[2020-03-15 16:27:38:343] [vo.logVo.LogVo.<init>] [INFO] 日志实例已初始化...
[2020-03-15 16:27:38:343] [vo.logVo.LogVo.<init>] [INFO] 日志实例已初始化...
[2020-03-15 16:27:38:343] [vo.logVo.LogVo.<init>] [INFO] 日志实例已初始化...
[2020-03-15 16:27:38:344] [vo.logVo.LogVo.<init>] [INFO] 日志实例已初始化...
[2020-03-15 16:27:38:344] [vo.logVo.LogVo.<init>] [INFO] 日志实例已初始化...
[2020-03-15 16:27:38:344] [vo.logVo.LogVo.<init>] [INFO] 日志实例已初始化...
[2020-03-15 16:27:38:345] [vo.logVo.LogVo.<init>] [INFO] 日志实例已初始化...
[2020-03-15 16:27:38:345] [vo.logVo.LogVo.<init>] [INFO] 日志实例已初始化...
[2020-03-15 16:27:38:345] [vo.logVo.LogVo.<init>] [INFO] 日志实例已初始化...
[2020-03-15 16:27:38:345] [vo.logVo.LogVo.<init>] [INFO] 日志实例已初始化...
[2020-03-15 16:27:38:346] [vo.logVo.LogVo.<init>] [INFO] 日志实例已初始化...
[2020-03-15 16:27:38:346] [vo.logVo.LogVo.<init>] [INFO] 日志实例已初始化...
[2020-03-15 16:27:38:346] [vo.logVo.LogVo.<init>] [INFO] 日志实例已初始化...
[2020-03-15 16:27:38:347] [vo.logVo.LogVo.<init>] [INFO] 日志实例已初始化...
[2020-03-15 16:27:38:347] [vo.logVo.LogVo.<init>] [INFO] 日志实例已初始化...
[2020-03-15 16:27:38:347] [vo.logVo.LogVo.<init>] [INFO] 日志实例已初始化...
[2020-03-15 16:27:38:348] [vo.logVo.LogVo.<init>] [INFO] 日志实例已初始化...
[2020-03-15 16:27:38:352] [vo.logVo.LogVo.<init>] [INFO] 日志实例已初始化...
[2020-03-15 16:27:38:353] [vo.logVo.LogVo.<init>] [INFO] 日志实例已初始化...
[2020-03-15 16:27:38:353] [vo.logVo.LogVo.<init>] [INFO] 日志实例已初始化...
[2020-03-15 16:27:38:354] [vo.logVo.LogVo.<init>] [INFO] 日志实例已初始化...
[2020-03-15 16:27:38:355] [vo.logVo.LogVo.<init>] [INFO] 日志实例已初始化...
[2020-03-15 16:27:38:355] [vo.logVo.LogVo.<init>] [INFO] 日志实例已初始化...
[2020-03-15 16:27:38:356] [vo.logVo.LogVo.<init>] [INFO] 日志实例已初始化...
[2020-03-15 16:27:38:357] [vo.logVo.LogVo.<init>] [INFO] 日志实例已初始化...
[2020-03-15 16:27:38:357] [vo.logVo.LogVo.<init>] [INFO] 日志实例已初始化...
[2020-03-15 16:27:38:358] [vo.logVo.LogVo.<init>] [INFO] 日志实例已初始化...
[2020-03-15 16:27:38:358] [vo.logVo.LogVo.<init>] [INFO] 日志实例已初始化...
[2020-03-15 16:27:38:359] [vo.logVo.LogVo.<init>] [INFO] 日志实例已初始化...
[2020-03-15 16:27:38:359] [vo.logVo.LogVo.<init>] [INFO] 日志实例已初始化...
[2020-03-15 16:27:38:360] [vo.logVo.LogVo.<init>] [INFO] 日志实例已初始化...
[2020-03-15 16:27:38:361] [vo.logVo.LogVo.<init>] [INFO] 日志实例已初始化...
[2020-03-15 16:27:38:361] [vo.logVo.LogVo.<init>] [INFO] 日志实例已初始化...
[2020-03-15 16:27:38:362] [vo.logVo.LogVo.<init>] [INFO] 日志实例已初始化...
[2020-03-15 16:27:38:364] [vo.logVo.LogVo.<init>] [INFO] 日志实例已初始化...
[2020-03-15 16:27:38:364] [vo.logVo.LogVo.<init>] [INFO] 日志实例已初始化...
[2020-03-15 16:27:38:365] [vo.logVo.LogVo.<init>] [INFO] 日志实例已初始化...
[2020-03-15 16:27:38:365] [vo.logVo.LogVo.<init>] [INFO] 日志实例已初始化...
[2020-03-15 16:27:38:366] [vo.logVo.LogVo.<init>] [INFO] 日志实例已初始化...
[2020-03-15 16:27:38:366] [vo.logVo.LogVo.<init>] [INFO] 日志实例已初始化...
[2020-03-15 16:27:38:369] [vo.logVo.LogVo.<init>] [INFO] 日志实例已初始化...
[2020-03-15 16:27:38:369] [vo.logVo.LogVo.<init>] [INFO] 日志实例已初始化...
[2020-03-15 16:27:38:370] [vo.logVo.LogVo.<init>] [INFO] 日志实例已初始化...
[2020-03-15 16:27:38:370] [vo.logVo.LogVo.<init>] [INFO] 日志实例已初始化...
[2020-03-15 16:27:38:371] [vo.logVo.LogVo.<init>] [INFO] 日志实例已初始化...
[2020-03-15 16:27:38:372] [vo.logVo.LogVo.<init>] [INFO] 日志实例已初始化...
[2020-03-15 16:27:38:372] [vo.logVo.LogVo.<init>] [INFO] 日志实例已初始化...
[2020-03-15 16:27:38:373] [vo.logVo.LogVo.<init>] [INFO] 日志实例已初始化...
[2020-03-15 16:27:38:373] [vo.logVo.LogVo.<init>] [INFO] 日志实例已初始化...
[2020-03-15 16:27:38:374] [vo.logVo.LogVo.<init>] [INFO] 日志实例已初始化...
[2020-03-15 16:27:38:374] [vo.logVo.LogVo.<init>] [INFO] 日志实例已初始化...
[2020-03-15 16:27:38:374] [vo.logVo.LogVo.<init>] [INFO] 日志实例已初始化...
[2020-03-15 16:27:38:375] [vo.logVo.LogVo.<init>] [INFO] 日志实例已初始化...
[2020-03-15 16:27:38:375] [vo.logVo.LogVo.<init>] [INFO] 日志实例已初始化...
[2020-03-15 16:27:38:375] [vo.logVo.LogVo.<init>] [INFO] 日志实例已初始化...
[2020-03-15 16:27:38:376] [vo.logVo.LogVo.<init>] [INFO] 日志实例已初始化...
[2020-03-15 16:27:38:376] [vo.logVo.LogVo.<init>] [INFO] 日志实例已初始化...
[2020-03-15 16:27:38:376] [vo.logVo.LogVo.<init>] [INFO] 日志实例已初始化...
[2020-03-15 16:27:38:377] [vo.logVo.LogVo.<init>] [INFO] 日志实例已初始化...
[2020-03-15 16:27:38:377] [vo.logVo.LogVo.<init>] [INFO] 日志实例已初始化...
[2020-03-15 16:27:38:377] [vo.logVo.LogVo.<init>] [INFO] 日志实例已初始化...
[2020-03-15 16:27:38:377] [vo.logVo.LogVo.<init>] [INFO] 日志实例已初始化...
[2020-03-15 16:27:38:378] [vo.logVo.LogVo.<init>] [INFO] 日志实例已初始化...
[2020-03-15 16:27:38:378] [vo.logVo.LogVo.<init>] [INFO] 日志实例已初始化...
[2020-03-15 16:27:38:378] [vo.logVo.LogVo.<init>] [INFO] 日志实例已初始化...
[2020-03-15 16:27:38:379] [vo.logVo.LogVo.<init>] [INFO] 日志实例已初始化...
[2020-03-15 16:27:38:380] [vo.logVo.LogVo.<init>] [INFO] 日志实例已初始化...
[2020-03-15 16:27:38:381] [vo.logVo.LogVo.<init>] [INFO] 日志实例已初始化...
[2020-03-15 16:27:38:382] [vo.logVo.LogVo.<init>] [INFO] 日志实例已初始化...
[2020-03-15 16:27:38:383] [vo.logVo.LogVo.<init>] [INFO] 日志实例已初始化...
[2020-03-15 16:27:38:386] [vo.logVo.LogVo.<init>] [INFO] 日志实例已初始化...
[2020-03-15 16:27:38:386] [vo.logVo.LogVo.<init>] [INFO] 日志实例已初始化...
[2020-03-15 16:27:38:387] [vo.logVo.LogVo.<init>] [INFO] 日志实例已初始化...
[2020-03-15 16:27:38:388] [vo.logVo.LogVo.<init>] [INFO] 日志实例已初始化...
[2020-03-15 16:27:38:388] [vo.logVo.LogVo.<init>] [INFO] 日志实例已初始化...
[2020-03-15 16:27:38:388] [vo.logVo.LogVo.<init>] [INFO] 日志实例已初始化...
[2020-03-15 16:27:38:389] [vo.logVo.LogVo.<init>] [INFO] 日志实例已初始化...
[2020-03-15 16:27:38:389] [vo.logVo.LogVo.<init>] [INFO] 日志实例已初始化...
[2020-03-15 16:27:38:390] [vo.logVo.LogVo.<init>] [INFO] 日志实例已初始化...
[2020-03-15 16:27:38:390] [vo.logVo.LogVo.<init>] [INFO] 日志实例已初始化...
[2020-03-15 16:27:38:390] [vo.logVo.LogVo.<init>] [INFO] 日志实例已初始化...
[2020-03-15 16:27:38:391] [vo.logVo.LogVo.<init>] [INFO] 日志实例已初始化...
[2020-03-15 16:27:38:391] [vo.logVo.LogVo.<init>] [INFO] 日志实例已初始化...
[2020-03-15 16:27:38:392] [vo.logVo.LogVo.<init>] [INFO] 日志实例已初始化...
[2020-03-15 16:27:38:392] [vo.logVo.LogVo.<init>] [INFO] 日志实例已初始化...
[2020-03-15 16:27:38:393] [vo.logVo.LogVo.<init>] [INFO] 日志实例已初始化...
[2020-03-15 16:27:38:393] [vo.logVo.LogVo.<init>] [INFO] 日志实例已初始化...
[2020-03-15 16:27:38:393] [vo.logVo.LogVo.<init>] [INFO] 日志实例已初始化...
[2020-03-15 16:27:38:394] [vo.logVo.LogVo.<init>] [INFO] 日志实例已初始化...
[2020-03-15 16:27:38:394] [vo.logVo.LogVo.<init>] [INFO] 日志实例已初始化...
[2020-03-15 16:27:38:394] [vo.logVo.LogVo.<init>] [INFO] 日志实例已初始化...
[2020-03-15 16:27:38:396] [vo.logVo.LogVo.<init>] [INFO] 日志实例已初始化...
[2020-03-15 16:27:38:397] [vo.logVo.LogVo.<init>] [INFO] 日志实例已初始化...
[2020-03-15 16:27:38:397] [vo.logVo.LogVo.<init>] [INFO] 日志实例已初始化...
[2020-03-15 16:27:38:398] [vo.logVo.LogVo.<init>] [INFO] 日志实例已初始化...
[2020-03-15 16:27:38:398] [vo.logVo.LogVo.<init>] [INFO] 日志实例已初始化...
[2020-03-15 16:27:38:398] [vo.logVo.LogVo.<init>] [INFO] 日志实例已初始化...
[2020-03-15 16:27:38:398] [vo.logVo.LogVo.<init>] [INFO] 日志实例已初始化...
[2020-03-15 16:27:38:399] [vo.logVo.LogVo.<init>] [INFO] 日志实例已初始化...
[2020-03-15 16:27:38:399] [vo.logVo.LogVo.<init>] [INFO] 日志实例已初始化...
[2020-03-15 16:27:38:399] [vo.logVo.LogVo.<init>] [INFO] 日志实例已初始化...
[2020-03-15 16:27:38:400] [vo.logVo.LogVo.<init>] [INFO] 日志实例已初始化...
[2020-03-15 16:27:38:401] [vo.logVo.LogVo.<init>] [INFO] 日志实例已初始化...
[2020-03-15 16:27:38:402] [vo.logVo.LogVo.<init>] [INFO] 日志实例已初始化...
[2020-03-15 16:27:38:403] [vo.logVo.LogVo.<init>] [INFO] 日志实例已初始化...
[2020-03-15 16:27:38:403] [vo.logVo.LogVo.<init>] [INFO] 日志实例已初始化...
[2020-03-15 16:27:38:404] [vo.logVo.LogVo.<init>] [INFO] 日志实例已初始化...
[2020-03-15 16:27:38:404] [vo.logVo.LogVo.<init>] [INFO] 日志实例已初始化...
[2020-03-15 16:27:38:405] [vo.logVo.LogVo.<init>] [INFO] 日志实例已初始化...
[2020-03-15 16:27:38:405] [vo.logVo.LogVo.<init>] [INFO] 日志实例已初始化...
[2020-03-15 16:27:38:406] [vo.logVo.LogVo.<init>] [INFO] 日志实例已初始化...
[2020-03-15 16:27:38:406] [vo.logVo.LogVo.<init>] [INFO] 日志实例已初始化...
[2020-03-15 16:27:38:407] [vo.logVo.LogVo.<init>] [INFO] 日志实例已初始化...
[2020-03-15 16:27:38:407] [vo.logVo.LogVo.<init>] [INFO] 日志实例已初始化...
[2020-03-15 16:27:38:407] [vo.logVo.LogVo.<init>] [INFO] 日志实例已初始化...
[2020-03-15 16:27:38:408] [vo.logVo.LogVo.<init>] [INFO] 日志实例已初始化...
[2020-03-15 16:27:38:408] [vo.logVo.LogVo.<init>] [INFO] 日志实例已初始化...
[2020-03-15 16:27:38:409] [vo.logVo.LogVo.<init>] [INFO] 日志实例已初始化...
[2020-03-15 16:27:38:409] [vo.logVo.LogVo.<init>] [INFO] 日志实例已初始化...
[2020-03-15 16:27:38:409] [vo.logVo.LogVo.<init>] [INFO] 日志实例已初始化...
[2020-03-15 16:27:38:410] [vo.logVo.LogVo.<init>] [INFO] 日志实例已初始化...
[2020-03-15 16:27:38:410] [vo.logVo.LogVo.<init>] [INFO] 日志实例已初始化...
[2020-03-15 16:27:38:411] [vo.logVo.LogVo.<init>] [INFO] 日志实例已初始化...
[2020-03-15 16:27:38:411] [vo.logVo.LogVo.<init>] [INFO] 日志实例已初始化...
[2020-03-15 16:27:38:412] [vo.logVo.LogVo.<init>] [INFO] 日志实例已初始化...
[2020-03-15 16:27:38:412] [vo.logVo.LogVo.<init>] [INFO] 日志实例已初始化...
[2020-03-15 16:27:38:412] [vo.logVo.LogVo.<init>] [INFO] 日志实例已初始化...
[2020-03-15 16:27:38:413] [vo.logVo.LogVo.<init>] [INFO] 日志实例已初始化...
[2020-03-15 16:27:38:414] [vo.logVo.LogVo.<init>] [INFO] 日志实例已初始化...
[2020-03-15 16:27:38:414] [vo.logVo.LogVo.<init>] [INFO] 日志实例已初始化...
[2020-03-15 16:27:38:415] [vo.logVo.LogVo.<init>] [INFO] 日志实例已初始化...
[2020-03-15 16:27:38:416] [vo.logVo.LogVo.<init>] [INFO] 日志实例已初始化...
[2020-03-15 16:27:38:416] [vo.logVo.LogVo.<init>] [INFO] 日志实例已初始化...
[2020-03-15 16:27:38:419] [vo.logVo.LogVo.<init>] [INFO] 日志实例已初始化...
[2020-03-15 16:27:38:420] [vo.logVo.LogVo.<init>] [INFO] 日志实例已初始化...
[2020-03-15 16:27:38:421] [vo.logVo.LogVo.<init>] [INFO] 日志实例已初始化...
[2020-03-15 16:27:38:421] [vo.logVo.LogVo.<init>] [INFO] 日志实例已初始化...
[2020-03-15 16:27:38:422] [vo.logVo.LogVo.<init>] [INFO] 日志实例已初始化...
[2020-03-15 16:27:38:422] [vo.logVo.LogVo.<init>] [INFO] 日志实例已初始化...
[2020-03-15 16:27:38:423] [vo.logVo.LogVo.<init>] [INFO] 日志实例已初始化...
[2020-03-15 16:27:38:423] [vo.logVo.LogVo.<init>] [INFO] 日志实例已初始化...
[2020-03-15 16:27:38:424] [vo.logVo.LogVo.<init>] [INFO] 日志实例已初始化...
[2020-03-15 16:27:38:424] [vo.logVo.LogVo.<init>] [INFO] 日志实例已初始化...
[2020-03-15 16:27:38:425] [vo.logVo.LogVo.<init>] [INFO] 日志实例已初始化...
[2020-03-15 16:27:38:425] [vo.logVo.LogVo.<init>] [INFO] 日志实例已初始化...
[2020-03-15 16:27:38:426] [vo.logVo.LogVo.<init>] [INFO] 日志实例已初始化...
[2020-03-15 16:27:38:427] [vo.logVo.LogVo.<init>] [INFO] 日志实例已初始化...
[2020-03-15 16:27:38:428] [vo.logVo.LogVo.<init>] [INFO] 日志实例已初始化...
[2020-03-15 16:27:38:430] [vo.logVo.LogVo.<init>] [INFO] 日志实例已初始化...
[2020-03-15 16:27:38:431] [vo.logVo.LogVo.<init>] [INFO] 日志实例已初始化...
[2020-03-15 16:27:38:431] [vo.logVo.LogVo.<init>] [INFO] 日志实例已初始化...
[2020-03-15 16:27:38:432] [vo.logVo.LogVo.<init>] [INFO] 日志实例已初始化...
[2020-03-15 16:27:38:432] [vo.logVo.LogVo.<init>] [INFO] 日志实例已初始化...
[2020-03-15 16:27:38:432] [vo.logVo.LogVo.<init>] [INFO] 日志实例已初始化...
[2020-03-15 16:27:38:433] [vo.logVo.LogVo.<init>] [INFO] 日志实例已初始化...
[2020-03-15 16:27:38:434] [vo.logVo.LogVo.<init>] [INFO] 日志实例已初始化...
[2020-03-15 16:27:38:435] [vo.logVo.LogVo.<init>] [INFO] 日志实例已初始化...
[2020-03-15 16:27:38:436] [vo.logVo.LogVo.<init>] [INFO] 日志实例已初始化...
[2020-03-15 16:27:38:436] [vo.logVo.LogVo.<init>] [INFO] 日志实例已初始化...
[2020-03-15 16:27:38:437] [vo.logVo.LogVo.<init>] [INFO] 日志实例已初始化...
[2020-03-15 16:27:38:437] [vo.logVo.LogVo.<init>] [INFO] 日志实例已初始化...
[2020-03-15 16:27:38:438] [vo.logVo.LogVo.<init>] [INFO] 日志实例已初始化...
[2020-03-15 16:27:38:438] [vo.logVo.LogVo.<init>] [INFO] 日志实例已初始化...
[2020-03-15 16:27:38:439] [vo.logVo.LogVo.<init>] [INFO] 日志实例已初始化...
[2020-03-15 16:27:38:439] [vo.logVo.LogVo.<init>] [INFO] 日志实例已初始化...
[2020-03-15 16:27:38:439] [vo.logVo.LogVo.<init>] [INFO] 日志实例已初始化...
[2020-03-15 16:27:38:440] [vo.logVo.LogVo.<init>] [INFO] 日志实例已初始化...
[2020-03-15 16:27:38:440] [vo.logVo.LogVo.<init>] [INFO] 日志实例已初始化...
[2020-03-15 16:27:38:441] [vo.logVo.LogVo.<init>] [INFO] 日志实例已初始化...
[2020-03-15 16:27:38:442] [vo.logVo.LogVo.<init>] [INFO] 日志实例已初始化...
[2020-03-15 16:27:38:443] [vo.logVo.LogVo.<init>] [INFO] 日志实例已初始化...
[2020-03-15 16:27:38:443] [vo.logVo.LogVo.<init>] [INFO] 日志实例已初始化...
[2020-03-15 16:27:38:445] [vo.logVo.LogVo.<init>] [INFO] 日志实例已初始化...
[2020-03-15 16:27:38:445] [vo.logVo.LogVo.<init>] [INFO] 日志实例已初始化...
[2020-03-15 16:27:38:448] [vo.logVo.LogVo.<init>] [INFO] 日志实例已初始化...
[2020-03-15 16:27:38:448] [vo.logVo.LogVo.<init>] [INFO] 日志实例已初始化...
[2020-03-15 16:27:38:449] [vo.logVo.LogVo.<init>] [INFO] 日志实例已初始化...
[2020-03-15 16:27:38:450] [vo.logVo.LogVo.<init>] [INFO] 日志实例已初始化...
[2020-03-15 16:27:38:451] [vo.logVo.LogVo.<init>] [INFO] 日志实例已初始化...
[2020-03-15 16:27:38:462] [vo.logVo.LogVo.<init>] [INFO] 日志实例已初始化...
[2020-03-15 16:27:38:468] [vo.logVo.LogVo.<init>] [INFO] 日志实例已初始化...
[2020-03-15 16:27:38:642] [vo.logVo.LogVo.<init>] [INFO] 日志实例已初始化...
[2020-03-15 16:27:38:650] [vo.logVo.LogVo.<init>] [INFO] 日志实例已初始化...
[2020-03-15 16:27:38:669] [vo.logVo.LogVo.<init>] [INFO] 日志实例已初始化...
[2020-03-15 16:27:38:670] [vo.logVo.LogVo.<init>] [INFO] 日志实例已初始化...
[2020-03-15 16:27:38:671] [vo.logVo.LogVo.<init>] [INFO] 日志实例已初始化...
[2020-03-15 16:27:38:671] [vo.logVo.LogVo.<init>] [INFO] 日志实例已初始化...
[2020-03-15 16:27:38:672] [vo.logVo.LogVo.<init>] [INFO] 日志实例已初始化...
[2020-03-15 16:27:38:673] [vo.logVo.LogVo.<init>] [INFO] 日志实例已初始化...
[2020-03-15 16:27:38:673] [vo.logVo.LogVo.<init>] [INFO] 日志实例已初始化...
[2020-03-15 16:27:38:674] [vo.logVo.LogVo.<init>] [INFO] 日志实例已初始化...
[2020-03-15 16:27:38:674] [vo.logVo.LogVo.<init>] [INFO] 日志实例已初始化...
[2020-03-15 16:27:38:675] [vo.logVo.LogVo.<init>] [INFO] 日志实例已初始化...
[2020-03-15 16:27:38:675] [vo.logVo.LogVo.<init>] [INFO] 日志实例已初始化...
[2020-03-15 16:27:38:676] [vo.logVo.LogVo.<init>] [INFO] 日志实例已初始化...
[2020-03-15 16:27:38:676] [vo.logVo.LogVo.<init>] [INFO] 日志实例已初始化...
[2020-03-15 16:27:38:677] [vo.logVo.LogVo.<init>] [INFO] 日志实例已初始化...
[2020-03-15 16:27:38:677] [vo.logVo.LogVo.<init>] [INFO] 日志实例已初始化...
[2020-03-15 16:27:38:678] [vo.logVo.LogVo.<init>] [INFO] 日志实例已初始化...
[2020-03-15 16:27:38:679] [vo.logVo.LogVo.<init>] [INFO] 日志实例已初始化...
[2020-03-15 16:27:38:679] [vo.logVo.LogVo.<init>] [INFO] 日志实例已初始化...
[2020-03-15 16:27:38:680] [vo.logVo.LogVo.<init>] [INFO] 日志实例已初始化...
[2020-03-15 16:27:38:681] [vo.logVo.LogVo.<init>] [INFO] 日志实例已初始化...
[2020-03-15 16:27:38:681] [vo.logVo.LogVo.<init>] [INFO] 日志实例已初始化...
[2020-03-15 16:27:38:682] [vo.logVo.LogVo.<init>] [INFO] 日志实例已初始化...
[2020-03-15 16:27:38:682] [vo.logVo.LogVo.<init>] [INFO] 日志实例已初始化...
[2020-03-15 16:27:38:683] [vo.logVo.LogVo.<init>] [INFO] 日志实例已初始化...
[2020-03-15 16:27:38:684] [vo.logVo.LogVo.<init>] [INFO] 日志实例已初始化...
[2020-03-15 16:27:38:684] [vo.logVo.LogVo.<init>] [INFO] 日志实例已初始化...
[2020-03-15 16:27:38:684] [vo.logVo.LogVo.<init>] [INFO] 日志实例已初始化...
[2020-03-15 16:27:38:685] [vo.logVo.LogVo.<init>] [INFO] 日志实例已初始化...
[2020-03-15 16:27:38:685] [vo.logVo.LogVo.<init>] [INFO] 日志实例已初始化...
[2020-03-15 16:27:38:686] [vo.logVo.LogVo.<init>] [INFO] 日志实例已初始化...
[2020-03-15 16:27:38:686] [vo.logVo.LogVo.<init>] [INFO] 日志实例已初始化...
[2020-03-15 16:27:38:687] [vo.logVo.LogVo.<init>] [INFO] 日志实例已初始化...
[2020-03-15 16:27:38:688] [vo.logVo.LogVo.<init>] [INFO] 日志实例已初始化...
[2020-03-15 16:27:38:688] [vo.logVo.LogVo.<init>] [INFO] 日志实例已初始化...
[2020-03-15 16:27:38:688] [vo.logVo.LogVo.<init>] [INFO] 日志实例已初始化...
[2020-03-15 16:27:38:689] [vo.logVo.LogVo.<init>] [INFO] 日志实例已初始化...
[2020-03-15 16:27:38:690] [vo.logVo.LogVo.<init>] [INFO] 日志实例已初始化...
[2020-03-15 16:27:38:690] [vo.logVo.LogVo.<init>] [INFO] 日志实例已初始化...
[2020-03-15 16:27:38:691] [vo.logVo.LogVo.<init>] [INFO] 日志实例已初始化...
[2020-03-15 16:27:38:691] [vo.logVo.LogVo.<init>] [INFO] 日志实例已初始化...
[2020-03-15 16:27:38:692] [vo.logVo.LogVo.<init>] [INFO] 日志实例已初始化...
[2020-03-15 16:27:38:694] [vo.logVo.LogVo.<init>] [INFO] 日志实例已初始化...
[2020-03-15 16:27:38:695] [vo.logVo.LogVo.<init>] [INFO] 日志实例已初始化...
[2020-03-15 16:27:38:696] [vo.logVo.LogVo.<init>] [INFO] 日志实例已初始化...
[2020-03-15 16:27:38:697] [vo.logVo.LogVo.<init>] [INFO] 日志实例已初始化...
[2020-03-15 16:27:38:698] [vo.logVo.LogVo.<init>] [INFO] 日志实例已初始化...
[2020-03-15 16:27:38:698] [vo.logVo.LogVo.<init>] [INFO] 日志实例已初始化...
[2020-03-15 16:27:38:699] [vo.logVo.LogVo.<init>] [INFO] 日志实例已初始化...
[2020-03-15 16:27:38:701] [vo.logVo.LogVo.<init>] [INFO] 日志实例已初始化...
[2020-03-15 16:27:38:702] [vo.logVo.LogVo.<init>] [INFO] 日志实例已初始化...
[2020-03-15 16:27:38:702] [vo.logVo.LogVo.<init>] [INFO] 日志实例已初始化...
[2020-03-15 16:27:38:703] [vo.logVo.LogVo.<init>] [INFO] 日志实例已初始化...
[2020-03-15 16:27:38:703] [vo.logVo.LogVo.<init>] [INFO] 日志实例已初始化...
[2020-03-15 16:27:38:703] [vo.logVo.LogVo.<init>] [INFO] 日志实例已初始化...
[2020-03-15 16:27:38:704] [vo.logVo.LogVo.<init>] [INFO] 日志实例已初始化...
[2020-03-15 16:27:38:704] [vo.logVo.LogVo.<init>] [INFO] 日志实例已初始化...
[2020-03-15 16:27:38:705] [vo.logVo.LogVo.<init>] [INFO] 日志实例已初始化...
[2020-03-15 16:27:38:705] [vo.logVo.LogVo.<init>] [INFO] 日志实例已初始化...
[2020-03-15 16:27:38:705] [vo.logVo.LogVo.<init>] [INFO] 日志实例已初始化...
[2020-03-15 16:27:38:706] [vo.logVo.LogVo.<init>] [INFO] 日志实例已初始化...
[2020-03-15 16:27:38:706] [vo.logVo.LogVo.<init>] [INFO] 日志实例已初始化...
[2020-03-15 16:27:38:709] [vo.logVo.LogVo.<init>] [INFO] 日志实例已初始化...
[2020-03-15 16:27:38:710] [vo.logVo.LogVo.<init>] [INFO] 日志实例已初始化...
[2020-03-15 16:27:38:711] [vo.logVo.LogVo.<init>] [INFO] 日志实例已初始化...
[2020-03-15 16:27:38:712] [vo.logVo.LogVo.<init>] [INFO] 日志实例已初始化...
[2020-03-15 16:27:38:712] [vo.logVo.LogVo.<init>] [INFO] 日志实例已初始化...
[2020-03-15 16:27:38:713] [vo.logVo.LogVo.<init>] [INFO] 日志实例已初始化...
[2020-03-15 16:27:38:714] [vo.logVo.LogVo.<init>] [INFO] 日志实例已初始化...
[2020-03-15 16:27:38:714] [vo.logVo.LogVo.<init>] [INFO] 日志实例已初始化...
[2020-03-15 16:27:38:715] [vo.logVo.LogVo.<init>] [INFO] 日志实例已初始化...
[2020-03-15 16:27:38:715] [vo.logVo.LogVo.<init>] [INFO] 日志实例已初始化...
[2020-03-15 16:27:38:716] [vo.logVo.LogVo.<init>] [INFO] 日志实例已初始化...
[2020-03-15 16:27:38:718] [vo.logVo.LogVo.<init>] [INFO] 日志实例已初始化...
[2020-03-15 16:27:38:719] [vo.logVo.LogVo.<init>] [INFO] 日志实例已初始化...
[2020-03-15 16:27:38:719] [vo.logVo.LogVo.<init>] [INFO] 日志实例已初始化...
[2020-03-15 16:27:38:720] [vo.logVo.LogVo.<init>] [INFO] 日志实例已初始化...
[2020-03-15 16:27:38:720] [vo.logVo.LogVo.<init>] [INFO] 日志实例已初始化...
[2020-03-15 16:27:38:720] [vo.logVo.LogVo.<init>] [INFO] 日志实例已初始化...
[2020-03-15 16:27:38:721] [vo.logVo.LogVo.<init>] [INFO] 日志实例已初始化...
[2020-03-15 16:27:38:721] [vo.logVo.LogVo.<init>] [INFO] 日志实例已初始化...
[2020-03-15 16:27:38:721] [vo.logVo.LogVo.<init>] [INFO] 日志实例已初始化...
[2020-03-15 16:27:38:722] [vo.logVo.LogVo.<init>] [INFO] 日志实例已初始化...
[2020-03-15 16:27:38:722] [vo.logVo.LogVo.<init>] [INFO] 日志实例已初始化...
[2020-03-15 16:27:38:723] [vo.logVo.LogVo.<init>] [INFO] 日志实例已初始化...
[2020-03-15 16:27:38:724] [vo.logVo.LogVo.<init>] [INFO] 日志实例已初始化...
[2020-03-15 16:27:38:724] [vo.logVo.LogVo.<init>] [INFO] 日志实例已初始化...
[2020-03-15 16:27:38:725] [vo.logVo.LogVo.<init>] [INFO] 日志实例已初始化...
[2020-03-15 16:27:38:725] [vo.logVo.LogVo.<init>] [INFO] 日志实例已初始化...
[2020-03-15 16:27:38:725] [vo.logVo.LogVo.<init>] [INFO] 日志实例已初始化...
[2020-03-15 16:27:38:726] [vo.logVo.LogVo.<init>] [INFO] 日志实例已初始化...
[2020-03-15 16:27:38:726] [vo.logVo.LogVo.<init>] [INFO] 日志实例已初始化...
[2020-03-15 16:27:38:727] [vo.logVo.LogVo.<init>] [INFO] 日志实例已初始化...
[2020-03-15 16:27:38:728] [vo.logVo.LogVo.<init>] [INFO] 日志实例已初始化...
[2020-03-15 16:27:38:728] [vo.logVo.LogVo.<init>] [INFO] 日志实例已初始化...
[2020-03-15 16:27:38:729] [vo.logVo.LogVo.<init>] [INFO] 日志实例已初始化...
[2020-03-15 16:27:38:729] [vo.logVo.LogVo.<init>] [INFO] 日志实例已初始化...
[2020-03-15 16:27:38:730] [vo.logVo.LogVo.<init>] [INFO] 日志实例已初始化...
[2020-03-15 16:27:38:730] [vo.logVo.LogVo.<init>] [INFO] 日志实例已初始化...
[2020-03-15 16:27:38:731] [vo.logVo.LogVo.<init>] [INFO] 日志实例已初始化...
[2020-03-15 16:27:38:732] [vo.logVo.LogVo.<init>] [INFO] 日志实例已初始化...
[2020-03-15 16:27:38:732] [vo.logVo.LogVo.<init>] [INFO] 日志实例已初始化...
[2020-03-15 16:27:38:734] [vo.logVo.LogVo.<init>] [INFO] 日志实例已初始化...
[2020-03-15 16:27:38:735] [vo.logVo.LogVo.<init>] [INFO] 日志实例已初始化...
[2020-03-15 16:27:38:735] [vo.logVo.LogVo.<init>] [INFO] 日志实例已初始化...
[2020-03-15 16:27:38:736] [vo.logVo.LogVo.<init>] [INFO] 日志实例已初始化...
[2020-03-15 16:27:38:736] [vo.logVo.LogVo.<init>] [INFO] 日志实例已初始化...
[2020-03-15 16:27:38:737] [vo.logVo.LogVo.<init>] [INFO] 日志实例已初始化...
[2020-03-15 16:27:38:737] [vo.logVo.LogVo.<init>] [INFO] 日志实例已初始化...
[2020-03-15 16:27:38:739] [vo.logVo.LogVo.<init>] [INFO] 日志实例已初始化...
[2020-03-15 16:27:38:739] [vo.logVo.LogVo.<init>] [INFO] 日志实例已初始化...
[2020-03-15 16:27:38:740] [vo.logVo.LogVo.<init>] [INFO] 日志实例已初始化...
[2020-03-15 16:27:38:741] [vo.logVo.LogVo.<init>] [INFO] 日志实例已初始化...
[2020-03-15 16:27:38:742] [vo.logVo.LogVo.<init>] [INFO] 日志实例已初始化...
[2020-03-15 16:27:38:743] [vo.logVo.LogVo.<init>] [INFO] 日志实例已初始化...
[2020-03-15 16:27:38:743] [vo.logVo.LogVo.<init>] [INFO] 日志实例已初始化...
[2020-03-15 16:27:38:744] [vo.logVo.LogVo.<init>] [INFO] 日志实例已初始化...
[2020-03-15 16:27:38:744] [vo.logVo.LogVo.<init>] [INFO] 日志实例已初始化...
[2020-03-15 16:27:38:747] [vo.logVo.LogVo.<init>] [INFO] 日志实例已初始化...
[2020-03-15 16:27:38:747] [vo.logVo.LogVo.<init>] [INFO] 日志实例已初始化...
[2020-03-15 16:27:38:748] [vo.logVo.LogVo.<init>] [INFO] 日志实例已初始化...
[2020-03-15 16:27:38:749] [vo.logVo.LogVo.<init>] [INFO] 日志实例已初始化...
[2020-03-15 16:27:38:750] [vo.logVo.LogVo.<init>] [INFO] 日志实例已初始化...
[2020-03-15 16:27:38:751] [vo.logVo.LogVo.<init>] [INFO] 日志实例已初始化...
[2020-03-15 16:27:38:751] [vo.logVo.LogVo.<init>] [INFO] 日志实例已初始化...
[2020-03-15 16:27:38:752] [vo.logVo.LogVo.<init>] [INFO] 日志实例已初始化...
[2020-03-15 16:27:38:752] [vo.logVo.LogVo.<init>] [INFO] 日志实例已初始化...
[2020-03-15 16:27:38:759] [vo.logVo.LogVo.<init>] [INFO] 日志实例已初始化...
[2020-03-15 16:27:38:760] [vo.logVo.LogVo.<init>] [INFO] 日志实例已初始化...
[2020-03-15 16:27:38:760] [vo.logVo.LogVo.<init>] [INFO] 日志实例已初始化...
[2020-03-15 16:27:38:761] [vo.logVo.LogVo.<init>] [INFO] 日志实例已初始化...
[2020-03-15 16:27:38:761] [vo.logVo.LogVo.<init>] [INFO] 日志实例已初始化...
[2020-03-15 16:27:38:762] [vo.logVo.LogVo.<init>] [INFO] 日志实例已初始化...
[2020-03-15 16:27:38:762] [vo.logVo.LogVo.<init>] [INFO] 日志实例已初始化...
[2020-03-15 16:27:38:762] [vo.logVo.LogVo.<init>] [INFO] 日志实例已初始化...
[2020-03-15 16:27:38:763] [vo.logVo.LogVo.<init>] [INFO] 日志实例已初始化...
[2020-03-15 16:27:38:763] [vo.logVo.LogVo.<init>] [INFO] 日志实例已初始化...
[2020-03-15 16:27:38:763] [vo.logVo.LogVo.<init>] [INFO] 日志实例已初始化...
[2020-03-15 16:27:38:764] [vo.logVo.LogVo.<init>] [INFO] 日志实例已初始化...
[2020-03-15 16:27:38:764] [vo.logVo.LogVo.<init>] [INFO] 日志实例已初始化...
[2020-03-15 16:27:38:765] [vo.logVo.LogVo.<init>] [INFO] 日志实例已初始化...
[2020-03-15 16:27:38:765] [vo.logVo.LogVo.<init>] [INFO] 日志实例已初始化...
[2020-03-15 16:27:38:765] [vo.logVo.LogVo.<init>] [INFO] 日志实例已初始化...
[2020-03-15 16:27:38:766] [vo.logVo.LogVo.<init>] [INFO] 日志实例已初始化...
[2020-03-15 16:27:38:766] [vo.logVo.LogVo.<init>] [INFO] 日志实例已初始化...
[2020-03-15 16:27:38:767] [vo.logVo.LogVo.<init>] [INFO] 日志实例已初始化...
[2020-03-15 16:27:38:767] [vo.logVo.LogVo.<init>] [INFO] 日志实例已初始化...
[2020-03-15 16:27:38:767] [vo.logVo.LogVo.<init>] [INFO] 日志实例已初始化...
[2020-03-15 16:27:38:768] [vo.logVo.LogVo.<init>] [INFO] 日志实例已初始化...
[2020-03-15 16:27:38:768] [vo.logVo.LogVo.<init>] [INFO] 日志实例已初始化...
[2020-03-15 16:27:38:769] [vo.logVo.LogVo.<init>] [INFO] 日志实例已初始化...
[2020-03-15 16:27:38:769] [vo.logVo.LogVo.<init>] [INFO] 日志实例已初始化...
[2020-03-15 16:27:38:769] [vo.logVo.LogVo.<init>] [INFO] 日志实例已初始化...
[2020-03-15 16:27:38:770] [vo.logVo.LogVo.<init>] [INFO] 日志实例已初始化...
[2020-03-15 16:27:38:771] [vo.logVo.LogVo.<init>] [INFO] 日志实例已初始化...
[2020-03-15 16:27:38:775] [vo.logVo.LogVo.<init>] [INFO] 日志实例已初始化...
[2020-03-15 16:27:38:775] [vo.logVo.LogVo.<init>] [INFO] 日志实例已初始化...
[2020-03-15 16:27:38:778] [vo.logVo.LogVo.<init>] [INFO] 日志实例已初始化...
[2020-03-15 16:27:38:778] [vo.logVo.LogVo.<init>] [INFO] 日志实例已初始化...
[2020-03-15 16:27:38:779] [vo.logVo.LogVo.<init>] [INFO] 日志实例已初始化...
[2020-03-15 16:27:38:779] [vo.logVo.LogVo.<init>] [INFO] 日志实例已初始化...
[2020-03-15 16:27:38:780] [vo.logVo.LogVo.<init>] [INFO] 日志实例已初始化...
[2020-03-15 16:27:38:781] [vo.logVo.LogVo.<init>] [INFO] 日志实例已初始化...
[2020-03-15 16:27:38:781] [vo.logVo.LogVo.<init>] [INFO] 日志实例已初始化...
[2020-03-15 16:27:38:782] [vo.logVo.LogVo.<init>] [INFO] 日志实例已初始化...
[2020-03-15 16:27:38:782] [vo.logVo.LogVo.<init>] [INFO] 日志实例已初始化...
[2020-03-15 16:27:38:784] [vo.logVo.LogVo.<init>] [INFO] 日志实例已初始化...
[2020-03-15 16:27:38:784] [vo.logVo.LogVo.<init>] [INFO] 日志实例已初始化...
[2020-03-15 16:27:38:785] [vo.logVo.LogVo.<init>] [INFO] 日志实例已初始化...
[2020-03-15 16:27:38:786] [vo.logVo.LogVo.<init>] [INFO] 日志实例已初始化...
[2020-03-15 16:27:38:787] [vo.logVo.LogVo.<init>] [INFO] 日志实例已初始化...
[2020-03-15 16:27:38:787] [vo.logVo.LogVo.<init>] [INFO] 日志实例已初始化...
[2020-03-15 16:27:38:788] [vo.logVo.LogVo.<init>] [INFO] 日志实例已初始化...
[2020-03-15 16:27:38:789] [vo.logVo.LogVo.<init>] [INFO] 日志实例已初始化...
[2020-03-15 16:27:38:789] [vo.logVo.LogVo.<init>] [INFO] 日志实例已初始化...
[2020-03-15 16:27:38:791] [vo.logVo.LogVo.<init>] [INFO] 日志实例已初始化...
[2020-03-15 16:27:38:792] [vo.logVo.LogVo.<init>] [INFO] 日志实例已初始化...
[2020-03-15 16:27:38:793] [vo.logVo.LogVo.<init>] [INFO] 日志实例已初始化...
[2020-03-15 16:27:38:794] [vo.logVo.LogVo.<init>] [INFO] 日志实例已初始化...
[2020-03-15 16:27:38:794] [vo.logVo.LogVo.<init>] [INFO] 日志实例已初始化...
[2020-03-15 16:27:38:795] [vo.logVo.LogVo.<init>] [INFO] 日志实例已初始化...
[2020-03-15 16:27:38:795] [vo.logVo.LogVo.<init>] [INFO] 日志实例已初始化...
[2020-03-15 16:27:38:795] [vo.logVo.LogVo.<init>] [INFO] 日志实例已初始化...
[2020-03-15 16:27:38:796] [vo.logVo.LogVo.<init>] [INFO] 日志实例已初始化...
[2020-03-15 16:27:38:796] [vo.logVo.LogVo.<init>] [INFO] 日志实例已初始化...
[2020-03-15 16:27:38:797] [vo.logVo.LogVo.<init>] [INFO] 日志实例已初始化...
[2020-03-15 16:27:38:797] [vo.logVo.LogVo.<init>] [INFO] 日志实例已初始化...
[2020-03-15 16:27:38:798] [vo.logVo.LogVo.<init>] [INFO] 日志实例已初始化...
[2020-03-15 16:27:38:798] [vo.logVo.LogVo.<init>] [INFO] 日志实例已初始化...
[2020-03-15 16:27:38:799] [vo.logVo.LogVo.<init>] [INFO] 日志实例已初始化...
[2020-03-15 16:27:38:799] [vo.logVo.LogVo.<init>] [INFO] 日志实例已初始化...
[2020-03-15 16:27:38:800] [vo.logVo.LogVo.<init>] [INFO] 日志实例已初始化...
[2020-03-15 16:27:38:800] [vo.logVo.LogVo.<init>] [INFO] 日志实例已初始化...
[2020-03-15 16:27:38:801] [vo.logVo.LogVo.<init>] [INFO] 日志实例已初始化...
[2020-03-15 16:27:38:801] [vo.logVo.LogVo.<init>] [INFO] 日志实例已初始化...
[2020-03-15 16:27:38:804] [vo.logVo.LogVo.<init>] [INFO] 日志实例已初始化...
[2020-03-15 16:27:38:805] [vo.logVo.LogVo.<init>] [INFO] 日志实例已初始化...
[2020-03-15 16:27:38:805] [vo.logVo.LogVo.<init>] [INFO] 日志实例已初始化...
[2020-03-15 16:27:38:806] [vo.logVo.LogVo.<init>] [INFO] 日志实例已初始化...
[2020-03-15 16:27:38:806] [vo.logVo.LogVo.<init>] [INFO] 日志实例已初始化...
[2020-03-15 16:27:38:807] [vo.logVo.LogVo.<init>] [INFO] 日志实例已初始化...
[2020-03-15 16:27:38:807] [vo.logVo.LogVo.<init>] [INFO] 日志实例已初始化...
[2020-03-15 16:27:38:808] [vo.logVo.LogVo.<init>] [INFO] 日志实例已初始化...
[2020-03-15 16:27:38:808] [vo.logVo.LogVo.<init>] [INFO] 日志实例已初始化...
[2020-03-15 16:27:38:809] [vo.logVo.LogVo.<init>] [INFO] 日志实例已初始化...
[2020-03-15 16:27:38:809] [vo.logVo.LogVo.<init>] [INFO] 日志实例已初始化...
[2020-03-15 16:27:38:809] [vo.logVo.LogVo.<init>] [INFO] 日志实例已初始化...
[2020-03-15 16:27:38:810] [vo.logVo.LogVo.<init>] [INFO] 日志实例已初始化...
[2020-03-15 16:27:38:810] [vo.logVo.LogVo.<init>] [INFO] 日志实例已初始化...
[2020-03-15 16:27:38:811] [vo.logVo.LogVo.<init>] [INFO] 日志实例已初始化...
[2020-03-15 16:27:38:811] [vo.logVo.LogVo.<init>] [INFO] 日志实例已初始化...
[2020-03-15 16:27:38:811] [vo.logVo.LogVo.<init>] [INFO] 日志实例已初始化...
[2020-03-15 16:27:38:812] [vo.logVo.LogVo.<init>] [INFO] 日志实例已初始化...
[2020-03-15 16:27:38:812] [vo.logVo.LogVo.<init>] [INFO] 日志实例已初始化...
[2020-03-15 16:27:38:813] [vo.logVo.LogVo.<init>] [INFO] 日志实例已初始化...
[2020-03-15 16:27:38:813] [vo.logVo.LogVo.<init>] [INFO] 日志实例已初始化...
[2020-03-15 16:27:38:814] [vo.logVo.LogVo.<init>] [INFO] 日志实例已初始化...
[2020-03-15 16:27:38:814] [vo.logVo.LogVo.<init>] [INFO] 日志实例已初始化...
[2020-03-15 16:27:38:814] [vo.logVo.LogVo.<init>] [INFO] 日志实例已初始化...
[2020-03-15 16:27:38:815] [vo.logVo.LogVo.<init>] [INFO] 日志实例已初始化...
[2020-03-15 16:27:38:815] [vo.logVo.LogVo.<init>] [INFO] 日志实例已初始化...
[2020-03-15 16:27:38:816] [vo.logVo.LogVo.<init>] [INFO] 日志实例已初始化...
[2020-03-15 16:27:38:816] [vo.logVo.LogVo.<init>] [INFO] 日志实例已初始化...
[2020-03-15 16:27:38:817] [vo.logVo.LogVo.<init>] [INFO] 日志实例已初始化...
[2020-03-15 16:27:38:819] [vo.logVo.LogVo.<init>] [INFO] 日志实例已初始化...
[2020-03-15 16:27:38:819] [vo.logVo.LogVo.<init>] [INFO] 日志实例已初始化...
[2020-03-15 16:27:38:820] [vo.logVo.LogVo.<init>] [INFO] 日志实例已初始化...
[2020-03-15 16:27:38:821] [vo.logVo.LogVo.<init>] [INFO] 日志实例已初始化...
[2020-03-15 16:27:38:822] [vo.logVo.LogVo.<init>] [INFO] 日志实例已初始化...
[2020-03-15 16:27:38:822] [vo.logVo.LogVo.<init>] [INFO] 日志实例已初始化...
[2020-03-15 16:27:38:823] [vo.logVo.LogVo.<init>] [INFO] 日志实例已初始化...
[2020-03-15 16:27:38:824] [vo.logVo.LogVo.<init>] [INFO] 日志实例已初始化...
[2020-03-15 16:27:38:825] [vo.logVo.LogVo.<init>] [INFO] 日志实例已初始化...
[2020-03-15 16:27:38:825] [vo.logVo.LogVo.<init>] [INFO] 日志实例已初始化...
[2020-03-15 16:27:38:826] [vo.logVo.LogVo.<init>] [INFO] 日志实例已初始化...
[2020-03-15 16:27:38:826] [vo.logVo.LogVo.<init>] [INFO] 日志实例已初始化...
[2020-03-15 16:27:38:827] [vo.logVo.LogVo.<init>] [INFO] 日志实例已初始化...
[2020-03-15 16:27:38:827] [vo.logVo.LogVo.<init>] [INFO] 日志实例已初始化...
[2020-03-15 16:27:38:828] [vo.logVo.LogVo.<init>] [INFO] 日志实例已初始化...
[2020-03-15 16:27:38:828] [vo.logVo.LogVo.<init>] [INFO] 日志实例已初始化...
[2020-03-15 16:27:38:829] [vo.logVo.LogVo.<init>] [INFO] 日志实例已初始化...
[2020-03-15 16:27:38:829] [vo.logVo.LogVo.<init>] [INFO] 日志实例已初始化...
[2020-03-15 16:27:38:830] [vo.logVo.LogVo.<init>] [INFO] 日志实例已初始化...
[2020-03-15 16:27:38:830] [vo.logVo.LogVo.<init>] [INFO] 日志实例已初始化...
[2020-03-15 16:27:38:831] [vo.logVo.LogVo.<init>] [INFO] 日志实例已初始化...
[2020-03-15 16:27:38:831] [vo.logVo.LogVo.<init>] [INFO] 日志实例已初始化...
[2020-03-15 16:27:38:832] [vo.logVo.LogVo.<init>] [INFO] 日志实例已初始化...
[2020-03-15 16:27:38:833] [vo.logVo.LogVo.<init>] [INFO] 日志实例已初始化...
[2020-03-15 16:27:38:834] [vo.logVo.LogVo.<init>] [INFO] 日志实例已初始化...
[2020-03-15 16:27:38:835] [vo.logVo.LogVo.<init>] [INFO] 日志实例已初始化...
[2020-03-15 16:27:38:835] [vo.logVo.LogVo.<init>] [INFO] 日志实例已初始化...
[2020-03-15 16:27:38:836] [vo.logVo.LogVo.<init>] [INFO] 日志实例已初始化...
[2020-03-15 16:27:38:836] [vo.logVo.LogVo.<init>] [INFO] 日志实例已初始化...
[2020-03-15 16:27:38:836] [vo.logVo.LogVo.<init>] [INFO] 日志实例已初始化...
[2020-03-15 16:27:38:837] [vo.logVo.LogVo.<init>] [INFO] 日志实例已初始化...
[2020-03-15 16:27:38:837] [vo.logVo.LogVo.<init>] [INFO] 日志实例已初始化...
[2020-03-15 16:27:38:838] [vo.logVo.LogVo.<init>] [INFO] 日志实例已初始化...
[2020-03-15 16:27:38:838] [vo.logVo.LogVo.<init>] [INFO] 日志实例已初始化...
[2020-03-15 16:27:38:838] [vo.logVo.LogVo.<init>] [INFO] 日志实例已初始化...
[2020-03-15 16:27:38:839] [vo.logVo.LogVo.<init>] [INFO] 日志实例已初始化...
[2020-03-15 16:27:38:839] [vo.logVo.LogVo.<init>] [INFO] 日志实例已初始化...
[2020-03-15 16:27:38:840] [vo.logVo.LogVo.<init>] [INFO] 日志实例已初始化...
[2020-03-15 16:27:38:840] [vo.logVo.LogVo.<init>] [INFO] 日志实例已初始化...
[2020-03-15 16:27:38:840] [vo.logVo.LogVo.<init>] [INFO] 日志实例已初始化...
[2020-03-15 16:27:38:841] [vo.logVo.LogVo.<init>] [INFO] 日志实例已初始化...
[2020-03-15 16:27:38:841] [vo.logVo.LogVo.<init>] [INFO] 日志实例已初始化...
[2020-03-15 16:27:38:841] [vo.logVo.LogVo.<init>] [INFO] 日志实例已初始化...
[2020-03-15 16:27:38:842] [vo.logVo.LogVo.<init>] [INFO] 日志实例已初始化...
[2020-03-15 16:27:38:842] [vo.logVo.LogVo.<init>] [INFO] 日志实例已初始化...
[2020-03-15 16:27:38:842] [vo.logVo.LogVo.<init>] [INFO] 日志实例已初始化...
[2020-03-15 16:27:38:843] [vo.logVo.LogVo.<init>] [INFO] 日志实例已初始化...
[2020-03-15 16:27:38:843] [vo.logVo.LogVo.<init>] [INFO] 日志实例已初始化...
[2020-03-15 16:27:38:844] [vo.logVo.LogVo.<init>] [INFO] 日志实例已初始化...
[2020-03-15 16:27:38:844] [vo.logVo.LogVo.<init>] [INFO] 日志实例已初始化...
[2020-03-15 16:27:38:844] [vo.logVo.LogVo.<init>] [INFO] 日志实例已初始化...
[2020-03-15 16:27:38:845] [vo.logVo.LogVo.<init>] [INFO] 日志实例已初始化...
[2020-03-15 16:27:38:845] [vo.logVo.LogVo.<init>] [INFO] 日志实例已初始化...
[2020-03-15 16:27:38:846] [vo.logVo.LogVo.<init>] [INFO] 日志实例已初始化...
[2020-03-15 16:27:38:847] [vo.logVo.LogVo.<init>] [INFO] 日志实例已初始化...
[2020-03-15 16:27:38:847] [vo.logVo.LogVo.<init>] [INFO] 日志实例已初始化...
[2020-03-15 16:27:38:848] [vo.logVo.LogVo.<init>] [INFO] 日志实例已初始化...
[2020-03-15 16:27:38:848] [vo.logVo.LogVo.<init>] [INFO] 日志实例已初始化...
[2020-03-15 16:27:38:850] [vo.logVo.LogVo.<init>] [INFO] 日志实例已初始化...
[2020-03-15 16:27:38:851] [vo.logVo.LogVo.<init>] [INFO] 日志实例已初始化...
[2020-03-15 16:27:38:851] [vo.logVo.LogVo.<init>] [INFO] 日志实例已初始化...
[2020-03-15 16:27:38:852] [vo.logVo.LogVo.<init>] [INFO] 日志实例已初始化...
[2020-03-15 16:27:38:852] [vo.logVo.LogVo.<init>] [INFO] 日志实例已初始化...
[2020-03-15 16:27:38:853] [vo.logVo.LogVo.<init>] [INFO] 日志实例已初始化...
[2020-03-15 16:27:38:853] [vo.logVo.LogVo.<init>] [INFO] 日志实例已初始化...
[2020-03-15 16:27:38:854] [vo.logVo.LogVo.<init>] [INFO] 日志实例已初始化...
[2020-03-15 16:27:38:854] [vo.logVo.LogVo.<init>] [INFO] 日志实例已初始化...
[2020-03-15 16:27:38:854] [vo.logVo.LogVo.<init>] [INFO] 日志实例已初始化...
[2020-03-15 16:27:38:855] [vo.logVo.LogVo.<init>] [INFO] 日志实例已初始化...
[2020-03-15 16:27:38:855] [vo.logVo.LogVo.<init>] [INFO] 日志实例已初始化...
[2020-03-15 16:27:38:856] [vo.logVo.LogVo.<init>] [INFO] 日志实例已初始化...
[2020-03-15 16:27:38:856] [vo.logVo.LogVo.<init>] [INFO] 日志实例已初始化...
[2020-03-15 16:27:38:857] [vo.logVo.LogVo.<init>] [INFO] 日志实例已初始化...
[2020-03-15 16:27:38:857] [vo.logVo.LogVo.<init>] [INFO] 日志实例已初始化...
[2020-03-15 16:27:38:858] [vo.logVo.LogVo.<init>] [INFO] 日志实例已初始化...
[2020-03-15 16:27:38:858] [vo.logVo.LogVo.<init>] [INFO] 日志实例已初始化...
[2020-03-15 16:27:38:859] [vo.logVo.LogVo.<init>] [INFO] 日志实例已初始化...
[2020-03-15 16:27:38:860] [vo.logVo.LogVo.<init>] [INFO] 日志实例已初始化...
[2020-03-15 16:27:38:860] [vo.logVo.LogVo.<init>] [INFO] 日志实例已初始化...
[2020-03-15 16:27:38:860] [vo.logVo.LogVo.<init>] [INFO] 日志实例已初始化...
[2020-03-15 16:27:38:861] [vo.logVo.LogVo.<init>] [INFO] 日志实例已初始化...
[2020-03-15 16:27:38:861] [vo.logVo.LogVo.<init>] [INFO] 日志实例已初始化...
[2020-03-15 16:27:38:862] [vo.logVo.LogVo.<init>] [INFO] 日志实例已初始化...
[2020-03-15 16:27:38:862] [vo.logVo.LogVo.<init>] [INFO] 日志实例已初始化...
[2020-03-15 16:27:38:863] [vo.logVo.LogVo.<init>] [INFO] 日志实例已初始化...
[2020-03-15 16:27:38:863] [vo.logVo.LogVo.<init>] [INFO] 日志实例已初始化...
[2020-03-15 16:27:38:868] [vo.logVo.LogVo.<init>] [INFO] 日志实例已初始化...
[2020-03-15 16:27:38:869] [vo.logVo.LogVo.<init>] [INFO] 日志实例已初始化...
[2020-03-15 16:27:38:869] [vo.logVo.LogVo.<init>] [INFO] 日志实例已初始化...
[2020-03-15 16:27:38:869] [vo.logVo.LogVo.<init>] [INFO] 日志实例已初始化...
[2020-03-15 16:27:38:870] [vo.logVo.LogVo.<init>] [INFO] 日志实例已初始化...
[2020-03-15 16:27:38:870] [vo.logVo.LogVo.<init>] [INFO] 日志实例已初始化...
[2020-03-15 16:27:38:871] [vo.logVo.LogVo.<init>] [INFO] 日志实例已初始化...
[2020-03-15 16:27:38:871] [vo.logVo.LogVo.<init>] [INFO] 日志实例已初始化...
[2020-03-15 16:27:38:871] [vo.logVo.LogVo.<init>] [INFO] 日志实例已初始化...
[2020-03-15 16:27:38:872] [vo.logVo.LogVo.<init>] [INFO] 日志实例已初始化...
[2020-03-15 16:27:38:872] [vo.logVo.LogVo.<init>] [INFO] 日志实例已初始化...
[2020-03-15 16:27:38:873] [vo.logVo.LogVo.<init>] [INFO] 日志实例已初始化...
[2020-03-15 16:27:38:873] [vo.logVo.LogVo.<init>] [INFO] 日志实例已初始化...
[2020-03-15 16:27:38:873] [vo.logVo.LogVo.<init>] [INFO] 日志实例已初始化...
[2020-03-15 16:27:38:874] [vo.logVo.LogVo.<init>] [INFO] 日志实例已初始化...
[2020-03-15 16:27:38:874] [vo.logVo.LogVo.<init>] [INFO] 日志实例已初始化...
[2020-03-15 16:27:38:875] [vo.logVo.LogVo.<init>] [INFO] 日志实例已初始化...
[2020-03-15 16:27:38:875] [vo.logVo.LogVo.<init>] [INFO] 日志实例已初始化...
[2020-03-15 16:27:38:875] [vo.logVo.LogVo.<init>] [INFO] 日志实例已初始化...
[2020-03-15 16:27:38:876] [vo.logVo.LogVo.<init>] [INFO] 日志实例已初始化...
[2020-03-15 16:27:38:876] [vo.logVo.LogVo.<init>] [INFO] 日志实例已初始化...
[2020-03-15 16:27:38:877] [vo.logVo.LogVo.<init>] [INFO] 日志实例已初始化...
[2020-03-15 16:27:38:877] [vo.logVo.LogVo.<init>] [INFO] 日志实例已初始化...
[2020-03-15 16:27:38:877] [vo.logVo.LogVo.<init>] [INFO] 日志实例已初始化...
[2020-03-15 16:27:38:878] [vo.logVo.LogVo.<init>] [INFO] 日志实例已初始化...
[2020-03-15 16:27:38:878] [vo.logVo.LogVo.<init>] [INFO] 日志实例已初始化...
[2020-03-15 16:27:38:878] [vo.logVo.LogVo.<init>] [INFO] 日志实例已初始化...
[2020-03-15 16:27:38:879] [vo.logVo.LogVo.<init>] [INFO] 日志实例已初始化...
[2020-03-15 16:27:38:879] [vo.logVo.LogVo.<init>] [INFO] 日志实例已初始化...
[2020-03-15 16:27:38:879] [vo.logVo.LogVo.<init>] [INFO] 日志实例已初始化...
[2020-03-15 16:27:38:879] [vo.logVo.LogVo.<init>] [INFO] 日志实例已初始化...
[2020-03-15 16:27:38:880] [vo.logVo.LogVo.<init>] [INFO] 日志实例已初始化...
[2020-03-15 16:27:38:881] [vo.logVo.LogVo.<init>] [INFO] 日志实例已初始化...
[2020-03-15 16:27:38:882] [vo.logVo.LogVo.<init>] [INFO] 日志实例已初始化...
[2020-03-15 16:27:38:883] [vo.logVo.LogVo.<init>] [INFO] 日志实例已初始化...
[2020-03-15 16:27:38:884] [vo.logVo.LogVo.<init>] [INFO] 日志实例已初始化...
[2020-03-15 16:27:38:885] [vo.logVo.LogVo.<init>] [INFO] 日志实例已初始化...
[2020-03-15 16:27:38:885] [vo.logVo.LogVo.<init>] [INFO] 日志实例已初始化...
[2020-03-15 16:27:38:886] [vo.logVo.LogVo.<init>] [INFO] 日志实例已初始化...
[2020-03-15 16:27:38:886] [vo.logVo.LogVo.<init>] [INFO] 日志实例已初始化...
[2020-03-15 16:27:38:887] [vo.logVo.LogVo.<init>] [INFO] 日志实例已初始化...
[2020-03-15 16:27:38:887] [vo.logVo.LogVo.<init>] [INFO] 日志实例已初始化...
[2020-03-15 16:27:38:888] [vo.logVo.LogVo.<init>] [INFO] 日志实例已初始化...
[2020-03-15 16:27:38:888] [vo.logVo.LogVo.<init>] [INFO] 日志实例已初始化...
[2020-03-15 16:27:38:888] [vo.logVo.LogVo.<init>] [INFO] 日志实例已初始化...
[2020-03-15 16:27:38:889] [vo.logVo.LogVo.<init>] [INFO] 日志实例已初始化...
[2020-03-15 16:27:38:889] [vo.logVo.LogVo.<init>] [INFO] 日志实例已初始化...
[2020-03-15 16:27:41:220] [vo.logVo.LogVo.<init>] [INFO] 日志实例已初始化...
[2020-03-15 16:27:41:221] [vo.logVo.LogVo.<init>] [INFO] 日志实例已初始化...
[2020-03-15 16:27:41:221] [vo.logVo.LogVo.<init>] [INFO] 日志实例已初始化...
[2020-03-15 16:27:41:221] [vo.logVo.LogVo.<init>] [INFO] 日志实例已初始化...
[2020-03-15 16:27:41:222] [vo.logVo.LogVo.<init>] [INFO] 日志实例已初始化...
[2020-03-15 16:27:41:222] [vo.logVo.LogVo.<init>] [INFO] 日志实例已初始化...
[2020-03-15 16:27:41:223] [vo.logVo.LogVo.<init>] [INFO] 日志实例已初始化...
[2020-03-15 16:27:41:223] [vo.logVo.LogVo.<init>] [INFO] 日志实例已初始化...
[2020-03-15 16:27:41:224] [vo.logVo.LogVo.<init>] [INFO] 日志实例已初始化...
[2020-03-15 16:27:41:224] [vo.logVo.LogVo.<init>] [INFO] 日志实例已初始化...
[2020-03-15 16:27:41:225] [vo.logVo.LogVo.<init>] [INFO] 日志实例已初始化...
[2020-03-15 16:27:41:226] [vo.logVo.LogVo.<init>] [INFO] 日志实例已初始化...
[2020-03-15 16:27:41:226] [vo.logVo.LogVo.<init>] [INFO] 日志实例已初始化...
[2020-03-15 16:27:41:226] [vo.logVo.LogVo.<init>] [INFO] 日志实例已初始化...
[2020-03-15 16:27:41:227] [vo.logVo.LogVo.<init>] [INFO] 日志实例已初始化...
[2020-03-15 16:27:41:227] [vo.logVo.LogVo.<init>] [INFO] 日志实例已初始化...
[2020-03-15 16:27:41:230] [vo.logVo.LogVo.<init>] [INFO] 日志实例已初始化...
[2020-03-15 16:27:41:231] [vo.logVo.LogVo.<init>] [INFO] 日志实例已初始化...
[2020-03-15 16:27:41:232] [vo.logVo.LogVo.<init>] [INFO] 日志实例已初始化...
[2020-03-15 16:27:41:233] [vo.logVo.LogVo.<init>] [INFO] 日志实例已初始化...
[2020-03-15 16:27:41:234] [vo.logVo.LogVo.<init>] [INFO] 日志实例已初始化...
[2020-03-15 16:27:41:234] [vo.logVo.LogVo.<init>] [INFO] 日志实例已初始化...
[2020-03-15 16:27:41:234] [vo.logVo.LogVo.<init>] [INFO] 日志实例已初始化...
[2020-03-15 16:27:41:235] [vo.logVo.LogVo.<init>] [INFO] 日志实例已初始化...
[2020-03-15 16:27:41:235] [vo.logVo.LogVo.<init>] [INFO] 日志实例已初始化...
[2020-03-15 16:27:41:235] [vo.logVo.LogVo.<init>] [INFO] 日志实例已初始化...
[2020-03-15 16:27:41:236] [vo.logVo.LogVo.<init>] [INFO] 日志实例已初始化...
[2020-03-15 16:27:41:236] [vo.logVo.LogVo.<init>] [INFO] 日志实例已初始化...
[2020-03-15 16:27:41:236] [vo.logVo.LogVo.<init>] [INFO] 日志实例已初始化...
[2020-03-15 16:27:41:236] [vo.logVo.LogVo.<init>] [INFO] 日志实例已初始化...
[2020-03-15 16:27:41:237] [vo.logVo.LogVo.<init>] [INFO] 日志实例已初始化...
[2020-03-15 16:27:41:237] [vo.logVo.LogVo.<init>] [INFO] 日志实例已初始化...
[2020-03-15 16:27:41:237] [vo.logVo.LogVo.<init>] [INFO] 日志实例已初始化...
[2020-03-15 16:27:41:238] [vo.logVo.LogVo.<init>] [INFO] 日志实例已初始化...
[2020-03-15 16:27:41:238] [vo.logVo.LogVo.<init>] [INFO] 日志实例已初始化...
[2020-03-15 16:27:41:238] [vo.logVo.LogVo.<init>] [INFO] 日志实例已初始化...
[2020-03-15 16:27:41:239] [vo.logVo.LogVo.<init>] [INFO] 日志实例已初始化...
[2020-03-15 16:27:41:239] [vo.logVo.LogVo.<init>] [INFO] 日志实例已初始化...
[2020-03-15 16:27:41:240] [vo.logVo.LogVo.<init>] [INFO] 日志实例已初始化...
[2020-03-15 16:27:41:241] [vo.logVo.LogVo.<init>] [INFO] 日志实例已初始化...
[2020-03-15 16:27:41:241] [vo.logVo.LogVo.<init>] [INFO] 日志实例已初始化...
[2020-03-15 16:27:41:241] [vo.logVo.LogVo.<init>] [INFO] 日志实例已初始化...
[2020-03-15 16:27:41:242] [vo.logVo.LogVo.<init>] [INFO] 日志实例已初始化...
[2020-03-15 16:27:41:243] [vo.logVo.LogVo.<init>] [INFO] 日志实例已初始化...
[2020-03-15 16:27:41:243] [vo.logVo.LogVo.<init>] [INFO] 日志实例已初始化...
[2020-03-15 16:27:41:243] [vo.logVo.LogVo.<init>] [INFO] 日志实例已初始化...
[2020-03-15 16:27:41:243] [vo.logVo.LogVo.<init>] [INFO] 日志实例已初始化...
[2020-03-15 16:27:41:244] [vo.logVo.LogVo.<init>] [INFO] 日志实例已初始化...
[2020-03-15 16:27:41:244] [vo.logVo.LogVo.<init>] [INFO] 日志实例已初始化...
[2020-03-15 16:27:41:244] [vo.logVo.LogVo.<init>] [INFO] 日志实例已初始化...
[2020-03-15 16:27:41:244] [vo.logVo.LogVo.<init>] [INFO] 日志实例已初始化...
[2020-03-15 16:27:41:245] [vo.logVo.LogVo.<init>] [INFO] 日志实例已初始化...
[2020-03-15 16:27:41:245] [vo.logVo.LogVo.<init>] [INFO] 日志实例已初始化...
[2020-03-15 16:27:41:245] [vo.logVo.LogVo.<init>] [INFO] 日志实例已初始化...
[2020-03-15 16:27:41:245] [vo.logVo.LogVo.<init>] [INFO] 日志实例已初始化...
[2020-03-15 16:27:41:246] [vo.logVo.LogVo.<init>] [INFO] 日志实例已初始化...
[2020-03-15 16:27:41:246] [vo.logVo.LogVo.<init>] [INFO] 日志实例已初始化...
[2020-03-15 16:27:41:247] [vo.logVo.LogVo.<init>] [INFO] 日志实例已初始化...
[2020-03-15 16:27:41:247] [vo.logVo.LogVo.<init>] [INFO] 日志实例已初始化...
[2020-03-15 16:27:41:247] [vo.logVo.LogVo.<init>] [INFO] 日志实例已初始化...
[2020-03-15 16:27:41:248] [vo.logVo.LogVo.<init>] [INFO] 日志实例已初始化...
[2020-03-15 16:27:41:248] [vo.logVo.LogVo.<init>] [INFO] 日志实例已初始化...
[2020-03-15 16:27:41:249] [vo.logVo.LogVo.<init>] [INFO] 日志实例已初始化...
[2020-03-15 16:27:41:249] [vo.logVo.LogVo.<init>] [INFO] 日志实例已初始化...
[2020-03-15 16:27:41:250] [vo.logVo.LogVo.<init>] [INFO] 日志实例已初始化...
[2020-03-15 16:27:41:250] [vo.logVo.LogVo.<init>] [INFO] 日志实例已初始化...
[2020-03-15 16:27:41:250] [vo.logVo.LogVo.<init>] [INFO] 日志实例已初始化...
[2020-03-15 16:27:41:251] [vo.logVo.LogVo.<init>] [INFO] 日志实例已初始化...
[2020-03-15 16:27:41:251] [vo.logVo.LogVo.<init>] [INFO] 日志实例已初始化...
[2020-03-15 16:27:41:252] [vo.logVo.LogVo.<init>] [INFO] 日志实例已初始化...
[2020-03-15 16:27:41:252] [vo.logVo.LogVo.<init>] [INFO] 日志实例已初始化...
[2020-03-15 16:27:41:252] [vo.logVo.LogVo.<init>] [INFO] 日志实例已初始化...
[2020-03-15 16:27:41:253] [vo.logVo.LogVo.<init>] [INFO] 日志实例已初始化...
[2020-03-15 16:27:41:253] [vo.logVo.LogVo.<init>] [INFO] 日志实例已初始化...
[2020-03-15 16:27:41:254] [vo.logVo.LogVo.<init>] [INFO] 日志实例已初始化...
[2020-03-15 16:27:41:254] [vo.logVo.LogVo.<init>] [INFO] 日志实例已初始化...
[2020-03-15 16:27:41:254] [vo.logVo.LogVo.<init>] [INFO] 日志实例已初始化...
[2020-03-15 16:27:41:255] [vo.logVo.LogVo.<init>] [INFO] 日志实例已初始化...
[2020-03-15 16:27:41:255] [vo.logVo.LogVo.<init>] [INFO] 日志实例已初始化...
[2020-03-15 16:27:41:256] [vo.logVo.LogVo.<init>] [INFO] 日志实例已初始化...
[2020-03-15 16:27:41:256] [vo.logVo.LogVo.<init>] [INFO] 日志实例已初始化...
[2020-03-15 16:27:41:256] [vo.logVo.LogVo.<init>] [INFO] 日志实例已初始化...
[2020-03-15 16:27:41:257] [vo.logVo.LogVo.<init>] [INFO] 日志实例已初始化...
[2020-03-15 16:27:41:257] [vo.logVo.LogVo.<init>] [INFO] 日志实例已初始化...
[2020-03-15 16:27:41:258] [vo.logVo.LogVo.<init>] [INFO] 日志实例已初始化...
[2020-03-15 16:27:41:258] [vo.logVo.LogVo.<init>] [INFO] 日志实例已初始化...
[2020-03-15 16:27:41:259] [vo.logVo.LogVo.<init>] [INFO] 日志实例已初始化...
[2020-03-15 16:27:41:259] [vo.logVo.LogVo.<init>] [INFO] 日志实例已初始化...
[2020-03-15 16:27:41:260] [vo.logVo.LogVo.<init>] [INFO] 日志实例已初始化...
[2020-03-15 16:27:41:261] [vo.logVo.LogVo.<init>] [INFO] 日志实例已初始化...
[2020-03-15 16:27:41:261] [vo.logVo.LogVo.<init>] [INFO] 日志实例已初始化...
[2020-03-15 16:27:41:262] [vo.logVo.LogVo.<init>] [INFO] 日志实例已初始化...
[2020-03-15 16:27:41:263] [vo.logVo.LogVo.<init>] [INFO] 日志实例已初始化...
[2020-03-15 16:27:41:263] [vo.logVo.LogVo.<init>] [INFO] 日志实例已初始化...
[2020-03-15 16:27:41:264] [vo.logVo.LogVo.<init>] [INFO] 日志实例已初始化...
[2020-03-15 16:27:41:265] [vo.logVo.LogVo.<init>] [INFO] 日志实例已初始化...
[2020-03-15 16:27:41:265] [vo.logVo.LogVo.<init>] [INFO] 日志实例已初始化...
[2020-03-15 16:27:41:266] [vo.logVo.LogVo.<init>] [INFO] 日志实例已初始化...
[2020-03-15 16:27:41:269] [vo.logVo.LogVo.<init>] [INFO] 日志实例已初始化...
[2020-03-15 16:27:41:269] [vo.logVo.LogVo.<init>] [INFO] 日志实例已初始化...
[2020-03-15 16:27:41:270] [vo.logVo.LogVo.<init>] [INFO] 日志实例已初始化...
[2020-03-15 16:27:41:270] [vo.logVo.LogVo.<init>] [INFO] 日志实例已初始化...
[2020-03-15 16:27:41:270] [vo.logVo.LogVo.<init>] [INFO] 日志实例已初始化...
[2020-03-15 16:27:41:271] [vo.logVo.LogVo.<init>] [INFO] 日志实例已初始化...
[2020-03-15 16:27:41:271] [vo.logVo.LogVo.<init>] [INFO] 日志实例已初始化...
[2020-03-15 16:27:41:272] [vo.logVo.LogVo.<init>] [INFO] 日志实例已初始化...
[2020-03-15 16:27:41:272] [vo.logVo.LogVo.<init>] [INFO] 日志实例已初始化...
[2020-03-15 16:27:41:272] [vo.logVo.LogVo.<init>] [INFO] 日志实例已初始化...
[2020-03-15 16:27:41:273] [vo.logVo.LogVo.<init>] [INFO] 日志实例已初始化...
[2020-03-15 16:27:41:274] [vo.logVo.LogVo.<init>] [INFO] 日志实例已初始化...
[2020-03-15 16:27:41:275] [vo.logVo.LogVo.<init>] [INFO] 日志实例已初始化...
[2020-03-15 16:27:41:275] [vo.logVo.LogVo.<init>] [INFO] 日志实例已初始化...
[2020-03-15 16:27:41:276] [vo.logVo.LogVo.<init>] [INFO] 日志实例已初始化...
[2020-03-15 16:27:41:276] [vo.logVo.LogVo.<init>] [INFO] 日志实例已初始化...
[2020-03-15 16:27:41:277] [vo.logVo.LogVo.<init>] [INFO] 日志实例已初始化...
[2020-03-15 16:27:41:278] [vo.logVo.LogVo.<init>] [INFO] 日志实例已初始化...
[2020-03-15 16:27:41:278] [vo.logVo.LogVo.<init>] [INFO] 日志实例已初始化...
[2020-03-15 16:27:41:279] [vo.logVo.LogVo.<init>] [INFO] 日志实例已初始化...
[2020-03-15 16:27:41:280] [vo.logVo.LogVo.<init>] [INFO] 日志实例已初始化...
[2020-03-15 16:27:41:281] [vo.logVo.LogVo.<init>] [INFO] 日志实例已初始化...
[2020-03-15 16:27:41:282] [vo.logVo.LogVo.<init>] [INFO] 日志实例已初始化...
[2020-03-15 16:27:41:283] [vo.logVo.LogVo.<init>] [INFO] 日志实例已初始化...
[2020-03-15 16:27:41:284] [vo.logVo.LogVo.<init>] [INFO] 日志实例已初始化...
[2020-03-15 16:27:41:284] [vo.logVo.LogVo.<init>] [INFO] 日志实例已初始化...
[2020-03-15 16:27:41:285] [vo.logVo.LogVo.<init>] [INFO] 日志实例已初始化...
[2020-03-15 16:27:41:285] [vo.logVo.LogVo.<init>] [INFO] 日志实例已初始化...
[2020-03-15 16:27:41:285] [vo.logVo.LogVo.<init>] [INFO] 日志实例已初始化...
[2020-03-15 16:27:41:285] [vo.logVo.LogVo.<init>] [INFO] 日志实例已初始化...
[2020-03-15 16:27:41:286] [vo.logVo.LogVo.<init>] [INFO] 日志实例已初始化...
[2020-03-15 16:27:41:287] [vo.logVo.LogVo.<init>] [INFO] 日志实例已初始化...
[2020-03-15 16:27:41:287] [vo.logVo.LogVo.<init>] [INFO] 日志实例已初始化...
[2020-03-15 16:27:41:288] [vo.logVo.LogVo.<init>] [INFO] 日志实例已初始化...
[2020-03-15 16:27:41:288] [vo.logVo.LogVo.<init>] [INFO] 日志实例已初始化...
[2020-03-15 16:27:41:288] [vo.logVo.LogVo.<init>] [INFO] 日志实例已初始化...
[2020-03-15 16:27:41:288] [vo.logVo.LogVo.<init>] [INFO] 日志实例已初始化...
[2020-03-15 16:27:41:289] [vo.logVo.LogVo.<init>] [INFO] 日志实例已初始化...
[2020-03-15 16:27:41:289] [vo.logVo.LogVo.<init>] [INFO] 日志实例已初始化...
[2020-03-15 16:27:41:289] [vo.logVo.LogVo.<init>] [INFO] 日志实例已初始化...
[2020-03-15 16:27:41:289] [vo.logVo.LogVo.<init>] [INFO] 日志实例已初始化...
[2020-03-15 16:27:41:290] [vo.logVo.LogVo.<init>] [INFO] 日志实例已初始化...
[2020-03-15 16:27:41:290] [vo.logVo.LogVo.<init>] [INFO] 日志实例已初始化...
[2020-03-15 16:27:41:290] [vo.logVo.LogVo.<init>] [INFO] 日志实例已初始化...
[2020-03-15 16:27:41:290] [vo.logVo.LogVo.<init>] [INFO] 日志实例已初始化...
[2020-03-15 16:27:41:291] [vo.logVo.LogVo.<init>] [INFO] 日志实例已初始化...
[2020-03-15 16:27:41:291] [vo.logVo.LogVo.<init>] [INFO] 日志实例已初始化...
[2020-03-15 16:27:41:291] [vo.logVo.LogVo.<init>] [INFO] 日志实例已初始化...
[2020-03-15 16:27:41:291] [vo.logVo.LogVo.<init>] [INFO] 日志实例已初始化...
[2020-03-15 16:27:41:292] [vo.logVo.LogVo.<init>] [INFO] 日志实例已初始化...
[2020-03-15 16:27:41:292] [vo.logVo.LogVo.<init>] [INFO] 日志实例已初始化...
[2020-03-15 16:27:41:292] [vo.logVo.LogVo.<init>] [INFO] 日志实例已初始化...
[2020-03-15 16:27:41:292] [vo.logVo.LogVo.<init>] [INFO] 日志实例已初始化...
[2020-03-15 16:27:41:293] [vo.logVo.LogVo.<init>] [INFO] 日志实例已初始化...
[2020-03-15 16:27:41:293] [vo.logVo.LogVo.<init>] [INFO] 日志实例已初始化...
[2020-03-15 16:27:41:293] [vo.logVo.LogVo.<init>] [INFO] 日志实例已初始化...
[2020-03-15 16:27:41:293] [vo.logVo.LogVo.<init>] [INFO] 日志实例已初始化...
[2020-03-15 16:27:41:293] [vo.logVo.LogVo.<init>] [INFO] 日志实例已初始化...
[2020-03-15 16:27:41:294] [vo.logVo.LogVo.<init>] [INFO] 日志实例已初始化...
[2020-03-15 16:27:41:294] [vo.logVo.LogVo.<init>] [INFO] 日志实例已初始化...
[2020-03-15 16:27:41:294] [vo.logVo.LogVo.<init>] [INFO] 日志实例已初始化...
[2020-03-15 16:27:41:294] [vo.logVo.LogVo.<init>] [INFO] 日志实例已初始化...
[2020-03-15 16:27:41:295] [vo.logVo.LogVo.<init>] [INFO] 日志实例已初始化...
[2020-03-15 16:27:41:295] [vo.logVo.LogVo.<init>] [INFO] 日志实例已初始化...
[2020-03-15 16:27:41:295] [vo.logVo.LogVo.<init>] [INFO] 日志实例已初始化...
[2020-03-15 16:27:41:295] [vo.logVo.LogVo.<init>] [INFO] 日志实例已初始化...
[2020-03-15 16:27:41:296] [vo.logVo.LogVo.<init>] [INFO] 日志实例已初始化...
[2020-03-15 16:27:41:296] [vo.logVo.LogVo.<init>] [INFO] 日志实例已初始化...
[2020-03-15 16:27:41:296] [vo.logVo.LogVo.<init>] [INFO] 日志实例已初始化...
[2020-03-15 16:27:41:296] [vo.logVo.LogVo.<init>] [INFO] 日志实例已初始化...
[2020-03-15 16:27:41:296] [vo.logVo.LogVo.<init>] [INFO] 日志实例已初始化...
[2020-03-15 16:27:41:297] [vo.logVo.LogVo.<init>] [INFO] 日志实例已初始化...
[2020-03-15 16:27:41:297] [vo.logVo.LogVo.<init>] [INFO] 日志实例已初始化...
[2020-03-15 16:27:41:297] [vo.logVo.LogVo.<init>] [INFO] 日志实例已初始化...
[2020-03-15 16:27:41:297] [vo.logVo.LogVo.<init>] [INFO] 日志实例已初始化...
[2020-03-15 16:27:41:298] [vo.logVo.LogVo.<init>] [INFO] 日志实例已初始化...
[2020-03-15 16:27:41:299] [vo.logVo.LogVo.<init>] [INFO] 日志实例已初始化...
[2020-03-15 16:27:41:299] [vo.logVo.LogVo.<init>] [INFO] 日志实例已初始化...
[2020-03-15 16:27:41:300] [vo.logVo.LogVo.<init>] [INFO] 日志实例已初始化...
[2020-03-15 16:27:41:300] [vo.logVo.LogVo.<init>] [INFO] 日志实例已初始化...
[2020-03-15 16:27:41:300] [vo.logVo.LogVo.<init>] [INFO] 日志实例已初始化...
[2020-03-15 16:27:41:301] [vo.logVo.LogVo.<init>] [INFO] 日志实例已初始化...
[2020-03-15 16:27:41:301] [vo.logVo.LogVo.<init>] [INFO] 日志实例已初始化...
[2020-03-15 16:27:41:302] [vo.logVo.LogVo.<init>] [INFO] 日志实例已初始化...
[2020-03-15 16:27:41:302] [vo.logVo.LogVo.<init>] [INFO] 日志实例已初始化...
[2020-03-15 16:27:41:303] [vo.logVo.LogVo.<init>] [INFO] 日志实例已初始化...
[2020-03-15 16:27:41:304] [vo.logVo.LogVo.<init>] [INFO] 日志实例已初始化...
[2020-03-15 16:27:41:304] [vo.logVo.LogVo.<init>] [INFO] 日志实例已初始化...
[2020-03-15 16:27:41:304] [vo.logVo.LogVo.<init>] [INFO] 日志实例已初始化...
[2020-03-15 16:27:41:304] [vo.logVo.LogVo.<init>] [INFO] 日志实例已初始化...
[2020-03-15 16:27:41:305] [vo.logVo.LogVo.<init>] [INFO] 日志实例已初始化...
[2020-03-15 16:27:41:305] [vo.logVo.LogVo.<init>] [INFO] 日志实例已初始化...
[2020-03-15 16:27:41:305] [vo.logVo.LogVo.<init>] [INFO] 日志实例已初始化...
[2020-03-15 16:27:41:306] [vo.logVo.LogVo.<init>] [INFO] 日志实例已初始化...
[2020-03-15 16:27:41:306] [vo.logVo.LogVo.<init>] [INFO] 日志实例已初始化...
[2020-03-15 16:27:41:306] [vo.logVo.LogVo.<init>] [INFO] 日志实例已初始化...
[2020-03-15 16:27:41:307] [vo.logVo.LogVo.<init>] [INFO] 日志实例已初始化...
[2020-03-15 16:27:41:307] [vo.logVo.LogVo.<init>] [INFO] 日志实例已初始化...
[2020-03-15 16:27:41:308] [vo.logVo.LogVo.<init>] [INFO] 日志实例已初始化...
[2020-03-15 16:27:41:308] [vo.logVo.LogVo.<init>] [INFO] 日志实例已初始化...
[2020-03-15 16:27:41:308] [vo.logVo.LogVo.<init>] [INFO] 日志实例已初始化...
[2020-03-15 16:27:41:308] [vo.logVo.LogVo.<init>] [INFO] 日志实例已初始化...
[2020-03-15 16:27:41:309] [vo.logVo.LogVo.<init>] [INFO] 日志实例已初始化...
[2020-03-15 16:27:41:309] [vo.logVo.LogVo.<init>] [INFO] 日志实例已初始化...
[2020-03-15 16:27:41:309] [vo.logVo.LogVo.<init>] [INFO] 日志实例已初始化...
[2020-03-15 16:27:41:310] [vo.logVo.LogVo.<init>] [INFO] 日志实例已初始化...
[2020-03-15 16:27:41:310] [vo.logVo.LogVo.<init>] [INFO] 日志实例已初始化...
[2020-03-15 16:27:41:310] [vo.logVo.LogVo.<init>] [INFO] 日志实例已初始化...
[2020-03-15 16:27:41:310] [vo.logVo.LogVo.<init>] [INFO] 日志实例已初始化...
[2020-03-15 16:27:41:311] [vo.logVo.LogVo.<init>] [INFO] 日志实例已初始化...
[2020-03-15 16:27:41:311] [vo.logVo.LogVo.<init>] [INFO] 日志实例已初始化...
[2020-03-15 16:27:41:311] [vo.logVo.LogVo.<init>] [INFO] 日志实例已初始化...
[2020-03-15 16:27:41:311] [vo.logVo.LogVo.<init>] [INFO] 日志实例已初始化...
[2020-03-15 16:27:41:312] [vo.logVo.LogVo.<init>] [INFO] 日志实例已初始化...
[2020-03-15 16:27:41:312] [vo.logVo.LogVo.<init>] [INFO] 日志实例已初始化...
[2020-03-15 16:27:41:312] [vo.logVo.LogVo.<init>] [INFO] 日志实例已初始化...
[2020-03-15 16:27:41:313] [vo.logVo.LogVo.<init>] [INFO] 日志实例已初始化...
[2020-03-15 16:27:41:313] [vo.logVo.LogVo.<init>] [INFO] 日志实例已初始化...
[2020-03-15 16:27:41:313] [vo.logVo.LogVo.<init>] [INFO] 日志实例已初始化...
[2020-03-15 16:27:41:313] [vo.logVo.LogVo.<init>] [INFO] 日志实例已初始化...
[2020-03-15 16:27:41:314] [vo.logVo.LogVo.<init>] [INFO] 日志实例已初始化...
[2020-03-15 16:27:41:314] [vo.logVo.LogVo.<init>] [INFO] 日志实例已初始化...
[2020-03-15 16:27:41:314] [vo.logVo.LogVo.<init>] [INFO] 日志实例已初始化...
[2020-03-15 16:27:41:315] [vo.logVo.LogVo.<init>] [INFO] 日志实例已初始化...
[2020-03-15 16:27:41:315] [vo.logVo.LogVo.<init>] [INFO] 日志实例已初始化...
[2020-03-15 16:27:41:316] [vo.logVo.LogVo.<init>] [INFO] 日志实例已初始化...
[2020-03-15 16:27:41:316] [vo.logVo.LogVo.<init>] [INFO] 日志实例已初始化...
[2020-03-15 16:27:41:317] [vo.logVo.LogVo.<init>] [INFO] 日志实例已初始化...
[2020-03-15 16:27:41:317] [vo.logVo.LogVo.<init>] [INFO] 日志实例已初始化...
[2020-03-15 16:27:41:318] [vo.logVo.LogVo.<init>] [INFO] 日志实例已初始化...
[2020-03-15 16:27:41:318] [vo.logVo.LogVo.<init>] [INFO] 日志实例已初始化...
[2020-03-15 16:27:41:319] [vo.logVo.LogVo.<init>] [INFO] 日志实例已初始化...
[2020-03-15 16:27:41:319] [vo.logVo.LogVo.<init>] [INFO] 日志实例已初始化...
[2020-03-15 16:27:41:319] [vo.logVo.LogVo.<init>] [INFO] 日志实例已初始化...
[2020-03-15 16:27:41:320] [vo.logVo.LogVo.<init>] [INFO] 日志实例已初始化...
[2020-03-15 16:27:41:320] [vo.logVo.LogVo.<init>] [INFO] 日志实例已初始化...
[2020-03-15 16:27:41:321] [vo.logVo.LogVo.<init>] [INFO] 日志实例已初始化...
[2020-03-15 16:27:41:321] [vo.logVo.LogVo.<init>] [INFO] 日志实例已初始化...
[2020-03-15 16:27:41:322] [vo.logVo.LogVo.<init>] [INFO] 日志实例已初始化...
[2020-03-15 16:27:41:322] [vo.logVo.LogVo.<init>] [INFO] 日志实例已初始化...
[2020-03-15 16:27:41:322] [vo.logVo.LogVo.<init>] [INFO] 日志实例已初始化...
[2020-03-15 16:27:41:323] [vo.logVo.LogVo.<init>] [INFO] 日志实例已初始化...
[2020-03-15 16:27:41:323] [vo.logVo.LogVo.<init>] [INFO] 日志实例已初始化...
[2020-03-15 16:27:41:323] [vo.logVo.LogVo.<init>] [INFO] 日志实例已初始化...
[2020-03-15 16:27:41:324] [vo.logVo.LogVo.<init>] [INFO] 日志实例已初始化...
[2020-03-15 16:27:41:324] [vo.logVo.LogVo.<init>] [INFO] 日志实例已初始化...
[2020-03-15 16:27:41:325] [vo.logVo.LogVo.<init>] [INFO] 日志实例已初始化...
[2020-03-15 16:27:41:325] [vo.logVo.LogVo.<init>] [INFO] 日志实例已初始化...
[2020-03-15 16:27:41:325] [vo.logVo.LogVo.<init>] [INFO] 日志实例已初始化...
[2020-03-15 16:27:41:326] [vo.logVo.LogVo.<init>] [INFO] 日志实例已初始化...
[2020-03-15 16:27:41:326] [vo.logVo.LogVo.<init>] [INFO] 日志实例已初始化...
[2020-03-15 16:27:41:326] [vo.logVo.LogVo.<init>] [INFO] 日志实例已初始化...
[2020-03-15 16:27:41:326] [vo.logVo.LogVo.<init>] [INFO] 日志实例已初始化...
[2020-03-15 16:27:41:327] [vo.logVo.LogVo.<init>] [INFO] 日志实例已初始化...
[2020-03-15 16:27:41:327] [vo.logVo.LogVo.<init>] [INFO] 日志实例已初始化...
[2020-03-15 16:27:41:327] [vo.logVo.LogVo.<init>] [INFO] 日志实例已初始化...
[2020-03-15 16:27:41:327] [vo.logVo.LogVo.<init>] [INFO] 日志实例已初始化...
[2020-03-15 16:27:41:328] [vo.logVo.LogVo.<init>] [INFO] 日志实例已初始化...
[2020-03-15 16:27:41:328] [vo.logVo.LogVo.<init>] [INFO] 日志实例已初始化...
[2020-03-15 16:27:41:328] [vo.logVo.LogVo.<init>] [INFO] 日志实例已初始化...
[2020-03-15 16:27:41:328] [vo.logVo.LogVo.<init>] [INFO] 日志实例已初始化...
[2020-03-15 16:27:41:328] [vo.logVo.LogVo.<init>] [INFO] 日志实例已初始化...
[2020-03-15 16:27:41:329] [vo.logVo.LogVo.<init>] [INFO] 日志实例已初始化...
[2020-03-15 16:27:41:329] [vo.logVo.LogVo.<init>] [INFO] 日志实例已初始化...
[2020-03-15 16:27:41:329] [vo.logVo.LogVo.<init>] [INFO] 日志实例已初始化...
[2020-03-15 16:27:41:329] [vo.logVo.LogVo.<init>] [INFO] 日志实例已初始化...
[2020-03-15 16:27:41:330] [vo.logVo.LogVo.<init>] [INFO] 日志实例已初始化...
[2020-03-15 16:27:41:330] [vo.logVo.LogVo.<init>] [INFO] 日志实例已初始化...
[2020-03-15 16:27:41:330] [vo.logVo.LogVo.<init>] [INFO] 日志实例已初始化...
[2020-03-15 16:27:41:330] [vo.logVo.LogVo.<init>] [INFO] 日志实例已初始化...
[2020-03-15 16:27:41:331] [vo.logVo.LogVo.<init>] [INFO] 日志实例已初始化...
[2020-03-15 16:27:41:331] [vo.logVo.LogVo.<init>] [INFO] 日志实例已初始化...
[2020-03-15 16:27:41:332] [vo.logVo.LogVo.<init>] [INFO] 日志实例已初始化...
[2020-03-15 16:27:41:332] [vo.logVo.LogVo.<init>] [INFO] 日志实例已初始化...
[2020-03-15 16:27:41:333] [vo.logVo.LogVo.<init>] [INFO] 日志实例已初始化...
[2020-03-15 16:27:41:333] [vo.logVo.LogVo.<init>] [INFO] 日志实例已初始化...
[2020-03-15 16:27:41:333] [vo.logVo.LogVo.<init>] [INFO] 日志实例已初始化...
[2020-03-15 16:27:41:334] [vo.logVo.LogVo.<init>] [INFO] 日志实例已初始化...
[2020-03-15 16:27:41:334] [vo.logVo.LogVo.<init>] [INFO] 日志实例已初始化...
[2020-03-15 16:27:41:334] [vo.logVo.LogVo.<init>] [INFO] 日志实例已初始化...
[2020-03-15 16:27:41:334] [vo.logVo.LogVo.<init>] [INFO] 日志实例已初始化...
[2020-03-15 16:27:41:335] [vo.logVo.LogVo.<init>] [INFO] 日志实例已初始化...
[2020-03-15 16:27:41:335] [vo.logVo.LogVo.<init>] [INFO] 日志实例已初始化...
[2020-03-15 16:27:41:335] [vo.logVo.LogVo.<init>] [INFO] 日志实例已初始化...
[2020-03-15 16:27:41:335] [vo.logVo.LogVo.<init>] [INFO] 日志实例已初始化...
[2020-03-15 16:27:41:336] [vo.logVo.LogVo.<init>] [INFO] 日志实例已初始化...
[2020-03-15 16:27:41:336] [vo.logVo.LogVo.<init>] [INFO] 日志实例已初始化...
[2020-03-15 16:27:41:336] [vo.logVo.LogVo.<init>] [INFO] 日志实例已初始化...
[2020-03-15 16:27:41:336] [vo.logVo.LogVo.<init>] [INFO] 日志实例已初始化...
[2020-03-15 16:27:41:337] [vo.logVo.LogVo.<init>] [INFO] 日志实例已初始化...
[2020-03-15 16:27:41:337] [vo.logVo.LogVo.<init>] [INFO] 日志实例已初始化...
[2020-03-15 16:27:41:338] [vo.logVo.LogVo.<init>] [INFO] 日志实例已初始化...
[2020-03-15 16:27:41:338] [vo.logVo.LogVo.<init>] [INFO] 日志实例已初始化...
[2020-03-15 16:27:41:339] [vo.logVo.LogVo.<init>] [INFO] 日志实例已初始化...
[2020-03-15 16:27:41:340] [vo.logVo.LogVo.<init>] [INFO] 日志实例已初始化...
[2020-03-15 16:27:41:340] [vo.logVo.LogVo.<init>] [INFO] 日志实例已初始化...
[2020-03-15 16:27:41:341] [vo.logVo.LogVo.<init>] [INFO] 日志实例已初始化...
[2020-03-15 16:27:41:342] [vo.logVo.LogVo.<init>] [INFO] 日志实例已初始化...
[2020-03-15 16:27:41:342] [vo.logVo.LogVo.<init>] [INFO] 日志实例已初始化...
[2020-03-15 16:27:41:343] [vo.logVo.LogVo.<init>] [INFO] 日志实例已初始化...
[2020-03-15 16:27:41:344] [vo.logVo.LogVo.<init>] [INFO] 日志实例已初始化...
[2020-03-15 16:27:41:344] [vo.logVo.LogVo.<init>] [INFO] 日志实例已初始化...
[2020-03-15 16:27:41:345] [vo.logVo.LogVo.<init>] [INFO] 日志实例已初始化...
[2020-03-15 16:27:41:345] [vo.logVo.LogVo.<init>] [INFO] 日志实例已初始化...
[2020-03-15 16:27:41:345] [vo.logVo.LogVo.<init>] [INFO] 日志实例已初始化...
[2020-03-15 16:27:41:346] [vo.logVo.LogVo.<init>] [INFO] 日志实例已初始化...
[2020-03-15 16:27:41:346] [vo.logVo.LogVo.<init>] [INFO] 日志实例已初始化...
[2020-03-15 16:27:41:347] [vo.logVo.LogVo.<init>] [INFO] 日志实例已初始化...
[2020-03-15 16:27:41:347] [vo.logVo.LogVo.<init>] [INFO] 日志实例已初始化...
[2020-03-15 16:27:41:348] [vo.logVo.LogVo.<init>] [INFO] 日志实例已初始化...
[2020-03-15 16:27:41:349] [vo.logVo.LogVo.<init>] [INFO] 日志实例已初始化...
[2020-03-15 16:27:41:350] [vo.logVo.LogVo.<init>] [INFO] 日志实例已初始化...
[2020-03-15 16:27:41:350] [vo.logVo.LogVo.<init>] [INFO] 日志实例已初始化...
[2020-03-15 16:27:41:350] [vo.logVo.LogVo.<init>] [INFO] 日志实例已初始化...
[2020-03-15 16:27:41:351] [vo.logVo.LogVo.<init>] [INFO] 日志实例已初始化...
[2020-03-15 16:27:41:351] [vo.logVo.LogVo.<init>] [INFO] 日志实例已初始化...
[2020-03-15 16:27:41:351] [vo.logVo.LogVo.<init>] [INFO] 日志实例已初始化...
[2020-03-15 16:27:41:352] [vo.logVo.LogVo.<init>] [INFO] 日志实例已初始化...
[2020-03-15 16:27:41:352] [vo.logVo.LogVo.<init>] [INFO] 日志实例已初始化...
[2020-03-15 16:27:41:352] [vo.logVo.LogVo.<init>] [INFO] 日志实例已初始化...
[2020-03-15 16:27:41:352] [vo.logVo.LogVo.<init>] [INFO] 日志实例已初始化...
[2020-03-15 16:27:41:353] [vo.logVo.LogVo.<init>] [INFO] 日志实例已初始化...
[2020-03-15 16:27:41:353] [vo.logVo.LogVo.<init>] [INFO] 日志实例已初始化...
[2020-03-15 16:27:41:353] [vo.logVo.LogVo.<init>] [INFO] 日志实例已初始化...
[2020-03-15 16:27:41:353] [vo.logVo.LogVo.<init>] [INFO] 日志实例已初始化...
[2020-03-15 16:27:41:354] [vo.logVo.LogVo.<init>] [INFO] 日志实例已初始化...
[2020-03-15 16:27:41:354] [vo.logVo.LogVo.<init>] [INFO] 日志实例已初始化...
[2020-03-15 16:27:41:354] [vo.logVo.LogVo.<init>] [INFO] 日志实例已初始化...
[2020-03-15 16:27:41:354] [vo.logVo.LogVo.<init>] [INFO] 日志实例已初始化...
[2020-03-15 16:27:41:355] [vo.logVo.LogVo.<init>] [INFO] 日志实例已初始化...
[2020-03-15 16:27:41:355] [vo.logVo.LogVo.<init>] [INFO] 日志实例已初始化...
[2020-03-15 16:27:41:355] [vo.logVo.LogVo.<init>] [INFO] 日志实例已初始化...
[2020-03-15 16:27:41:356] [vo.logVo.LogVo.<init>] [INFO] 日志实例已初始化...
[2020-03-15 16:27:41:356] [vo.logVo.LogVo.<init>] [INFO] 日志实例已初始化...
[2020-03-15 16:27:41:356] [vo.logVo.LogVo.<init>] [INFO] 日志实例已初始化...
[2020-03-15 16:27:41:356] [vo.logVo.LogVo.<init>] [INFO] 日志实例已初始化...
[2020-03-15 16:27:41:356] [vo.logVo.LogVo.<init>] [INFO] 日志实例已初始化...
[2020-03-15 16:27:41:357] [vo.logVo.LogVo.<init>] [INFO] 日志实例已初始化...
[2020-03-15 16:27:41:357] [vo.logVo.LogVo.<init>] [INFO] 日志实例已初始化...
[2020-03-15 16:27:41:358] [vo.logVo.LogVo.<init>] [INFO] 日志实例已初始化...
[2020-03-15 16:27:41:358] [vo.logVo.LogVo.<init>] [INFO] 日志实例已初始化...
[2020-03-15 16:27:41:358] [vo.logVo.LogVo.<init>] [INFO] 日志实例已初始化...
[2020-03-15 16:27:41:358] [vo.logVo.LogVo.<init>] [INFO] 日志实例已初始化...
[2020-03-15 16:27:41:358] [vo.logVo.LogVo.<init>] [INFO] 日志实例已初始化...
[2020-03-15 16:27:41:359] [vo.logVo.LogVo.<init>] [INFO] 日志实例已初始化...
[2020-03-15 16:27:41:359] [vo.logVo.LogVo.<init>] [INFO] 日志实例已初始化...
[2020-03-15 16:27:41:359] [vo.logVo.LogVo.<init>] [INFO] 日志实例已初始化...
[2020-03-15 16:27:41:359] [vo.logVo.LogVo.<init>] [INFO] 日志实例已初始化...
[2020-03-15 16:27:41:360] [vo.logVo.LogVo.<init>] [INFO] 日志实例已初始化...
[2020-03-15 16:27:41:360] [vo.logVo.LogVo.<init>] [INFO] 日志实例已初始化...
[2020-03-15 16:27:41:360] [vo.logVo.LogVo.<init>] [INFO] 日志实例已初始化...
[2020-03-15 16:27:41:360] [vo.logVo.LogVo.<init>] [INFO] 日志实例已初始化...
[2020-03-15 16:27:41:361] [vo.logVo.LogVo.<init>] [INFO] 日志实例已初始化...
[2020-03-15 16:27:41:361] [vo.logVo.LogVo.<init>] [INFO] 日志实例已初始化...
[2020-03-15 16:27:41:361] [vo.logVo.LogVo.<init>] [INFO] 日志实例已初始化...
[2020-03-15 16:27:41:361] [vo.logVo.LogVo.<init>] [INFO] 日志实例已初始化...
[2020-03-15 16:27:41:361] [vo.logVo.LogVo.<init>] [INFO] 日志实例已初始化...
[2020-03-15 16:27:41:362] [vo.logVo.LogVo.<init>] [INFO] 日志实例已初始化...
[2020-03-15 16:27:41:369] [vo.logVo.LogVo.<init>] [INFO] 日志实例已初始化...
[2020-03-15 16:27:41:374] [vo.logVo.LogVo.<init>] [INFO] 日志实例已初始化...
[2020-03-15 16:27:41:560] [vo.logVo.LogVo.<init>] [INFO] 日志实例已初始化...
[2020-03-15 16:27:41:577] [vo.logVo.LogVo.<init>] [INFO] 日志实例已初始化...
[2020-03-15 16:27:41:591] [vo.logVo.LogVo.<init>] [INFO] 日志实例已初始化...
[2020-03-15 16:27:41:592] [vo.logVo.LogVo.<init>] [INFO] 日志实例已初始化...
[2020-03-15 16:27:41:592] [vo.logVo.LogVo.<init>] [INFO] 日志实例已初始化...
[2020-03-15 16:27:41:592] [vo.logVo.LogVo.<init>] [INFO] 日志实例已初始化...
[2020-03-15 16:27:41:592] [vo.logVo.LogVo.<init>] [INFO] 日志实例已初始化...
[2020-03-15 16:27:41:593] [vo.logVo.LogVo.<init>] [INFO] 日志实例已初始化...
[2020-03-15 16:27:41:593] [vo.logVo.LogVo.<init>] [INFO] 日志实例已初始化...
[2020-03-15 16:27:41:593] [vo.logVo.LogVo.<init>] [INFO] 日志实例已初始化...
[2020-03-15 16:27:41:593] [vo.logVo.LogVo.<init>] [INFO] 日志实例已初始化...
[2020-03-15 16:27:41:594] [vo.logVo.LogVo.<init>] [INFO] 日志实例已初始化...
[2020-03-15 16:27:41:594] [vo.logVo.LogVo.<init>] [INFO] 日志实例已初始化...
[2020-03-15 16:27:41:595] [vo.logVo.LogVo.<init>] [INFO] 日志实例已初始化...
[2020-03-15 16:27:41:595] [vo.logVo.LogVo.<init>] [INFO] 日志实例已初始化...
[2020-03-15 16:27:41:595] [vo.logVo.LogVo.<init>] [INFO] 日志实例已初始化...
[2020-03-15 16:27:41:596] [vo.logVo.LogVo.<init>] [INFO] 日志实例已初始化...
[2020-03-15 16:27:41:596] [vo.logVo.LogVo.<init>] [INFO] 日志实例已初始化...
[2020-03-15 16:27:41:596] [vo.logVo.LogVo.<init>] [INFO] 日志实例已初始化...
[2020-03-15 16:27:41:597] [vo.logVo.LogVo.<init>] [INFO] 日志实例已初始化...
[2020-03-15 16:27:41:598] [vo.logVo.LogVo.<init>] [INFO] 日志实例已初始化...
[2020-03-15 16:27:41:599] [vo.logVo.LogVo.<init>] [INFO] 日志实例已初始化...
[2020-03-15 16:27:41:599] [vo.logVo.LogVo.<init>] [INFO] 日志实例已初始化...
[2020-03-15 16:27:41:599] [vo.logVo.LogVo.<init>] [INFO] 日志实例已初始化...
[2020-03-15 16:27:41:600] [vo.logVo.LogVo.<init>] [INFO] 日志实例已初始化...
[2020-03-15 16:27:41:600] [vo.logVo.LogVo.<init>] [INFO] 日志实例已初始化...
[2020-03-15 16:27:41:600] [vo.logVo.LogVo.<init>] [INFO] 日志实例已初始化...
[2020-03-15 16:27:41:600] [vo.logVo.LogVo.<init>] [INFO] 日志实例已初始化...
[2020-03-15 16:27:41:601] [vo.logVo.LogVo.<init>] [INFO] 日志实例已初始化...
[2020-03-15 16:27:41:601] [vo.logVo.LogVo.<init>] [INFO] 日志实例已初始化...
[2020-03-15 16:27:41:601] [vo.logVo.LogVo.<init>] [INFO] 日志实例已初始化...
[2020-03-15 16:27:41:601] [vo.logVo.LogVo.<init>] [INFO] 日志实例已初始化...
[2020-03-15 16:27:41:602] [vo.logVo.LogVo.<init>] [INFO] 日志实例已初始化...
[2020-03-15 16:27:41:602] [vo.logVo.LogVo.<init>] [INFO] 日志实例已初始化...
[2020-03-15 16:27:41:603] [vo.logVo.LogVo.<init>] [INFO] 日志实例已初始化...
[2020-03-15 16:27:41:603] [vo.logVo.LogVo.<init>] [INFO] 日志实例已初始化...
[2020-03-15 16:27:41:604] [vo.logVo.LogVo.<init>] [INFO] 日志实例已初始化...
[2020-03-15 16:27:41:604] [vo.logVo.LogVo.<init>] [INFO] 日志实例已初始化...
[2020-03-15 16:27:41:605] [vo.logVo.LogVo.<init>] [INFO] 日志实例已初始化...
[2020-03-15 16:27:41:605] [vo.logVo.LogVo.<init>] [INFO] 日志实例已初始化...
[2020-03-15 16:27:41:606] [vo.logVo.LogVo.<init>] [INFO] 日志实例已初始化...
[2020-03-15 16:27:41:606] [vo.logVo.LogVo.<init>] [INFO] 日志实例已初始化...
[2020-03-15 16:27:41:606] [vo.logVo.LogVo.<init>] [INFO] 日志实例已初始化...
[2020-03-15 16:27:41:606] [vo.logVo.LogVo.<init>] [INFO] 日志实例已初始化...
[2020-03-15 16:27:41:607] [vo.logVo.LogVo.<init>] [INFO] 日志实例已初始化...
[2020-03-15 16:27:41:607] [vo.logVo.LogVo.<init>] [INFO] 日志实例已初始化...
[2020-03-15 16:27:41:607] [vo.logVo.LogVo.<init>] [INFO] 日志实例已初始化...
[2020-03-15 16:27:41:608] [vo.logVo.LogVo.<init>] [INFO] 日志实例已初始化...
[2020-03-15 16:27:41:608] [vo.logVo.LogVo.<init>] [INFO] 日志实例已初始化...
[2020-03-15 16:27:41:609] [vo.logVo.LogVo.<init>] [INFO] 日志实例已初始化...
[2020-03-15 16:27:41:609] [vo.logVo.LogVo.<init>] [INFO] 日志实例已初始化...
[2020-03-15 16:27:41:609] [vo.logVo.LogVo.<init>] [INFO] 日志实例已初始化...
[2020-03-15 16:27:41:610] [vo.logVo.LogVo.<init>] [INFO] 日志实例已初始化...
[2020-03-15 16:27:41:610] [vo.logVo.LogVo.<init>] [INFO] 日志实例已初始化...
[2020-03-15 16:27:41:611] [vo.logVo.LogVo.<init>] [INFO] 日志实例已初始化...
[2020-03-15 16:27:41:611] [vo.logVo.LogVo.<init>] [INFO] 日志实例已初始化...
[2020-03-15 16:27:41:611] [vo.logVo.LogVo.<init>] [INFO] 日志实例已初始化...
[2020-03-15 16:27:41:612] [vo.logVo.LogVo.<init>] [INFO] 日志实例已初始化...
[2020-03-15 16:27:41:612] [vo.logVo.LogVo.<init>] [INFO] 日志实例已初始化...
[2020-03-15 16:27:41:612] [vo.logVo.LogVo.<init>] [INFO] 日志实例已初始化...
[2020-03-15 16:27:41:613] [vo.logVo.LogVo.<init>] [INFO] 日志实例已初始化...
[2020-03-15 16:27:41:613] [vo.logVo.LogVo.<init>] [INFO] 日志实例已初始化...
[2020-03-15 16:27:41:615] [vo.logVo.LogVo.<init>] [INFO] 日志实例已初始化...
[2020-03-15 16:27:41:616] [vo.logVo.LogVo.<init>] [INFO] 日志实例已初始化...
[2020-03-15 16:27:41:616] [vo.logVo.LogVo.<init>] [INFO] 日志实例已初始化...
[2020-03-15 16:27:41:617] [vo.logVo.LogVo.<init>] [INFO] 日志实例已初始化...
[2020-03-15 16:27:41:617] [vo.logVo.LogVo.<init>] [INFO] 日志实例已初始化...
[2020-03-15 16:27:41:618] [vo.logVo.LogVo.<init>] [INFO] 日志实例已初始化...
[2020-03-15 16:27:41:618] [vo.logVo.LogVo.<init>] [INFO] 日志实例已初始化...
[2020-03-15 16:27:41:618] [vo.logVo.LogVo.<init>] [INFO] 日志实例已初始化...
[2020-03-15 16:27:41:619] [vo.logVo.LogVo.<init>] [INFO] 日志实例已初始化...
[2020-03-15 16:27:41:619] [vo.logVo.LogVo.<init>] [INFO] 日志实例已初始化...
[2020-03-15 16:27:41:620] [vo.logVo.LogVo.<init>] [INFO] 日志实例已初始化...
[2020-03-15 16:27:41:620] [vo.logVo.LogVo.<init>] [INFO] 日志实例已初始化...
[2020-03-15 16:27:41:620] [vo.logVo.LogVo.<init>] [INFO] 日志实例已初始化...
[2020-03-15 16:27:41:621] [vo.logVo.LogVo.<init>] [INFO] 日志实例已初始化...
[2020-03-15 16:27:41:621] [vo.logVo.LogVo.<init>] [INFO] 日志实例已初始化...
[2020-03-15 16:27:41:621] [vo.logVo.LogVo.<init>] [INFO] 日志实例已初始化...
[2020-03-15 16:27:41:621] [vo.logVo.LogVo.<init>] [INFO] 日志实例已初始化...
[2020-03-15 16:27:41:622] [vo.logVo.LogVo.<init>] [INFO] 日志实例已初始化...
[2020-03-15 16:27:41:622] [vo.logVo.LogVo.<init>] [INFO] 日志实例已初始化...
[2020-03-15 16:27:41:622] [vo.logVo.LogVo.<init>] [INFO] 日志实例已初始化...
[2020-03-15 16:27:41:622] [vo.logVo.LogVo.<init>] [INFO] 日志实例已初始化...
[2020-03-15 16:27:41:623] [vo.logVo.LogVo.<init>] [INFO] 日志实例已初始化...
[2020-03-15 16:27:41:623] [vo.logVo.LogVo.<init>] [INFO] 日志实例已初始化...
[2020-03-15 16:27:41:623] [vo.logVo.LogVo.<init>] [INFO] 日志实例已初始化...
[2020-03-15 16:27:41:624] [vo.logVo.LogVo.<init>] [INFO] 日志实例已初始化...
[2020-03-15 16:27:41:624] [vo.logVo.LogVo.<init>] [INFO] 日志实例已初始化...
[2020-03-15 16:27:41:624] [vo.logVo.LogVo.<init>] [INFO] 日志实例已初始化...
[2020-03-15 16:27:41:624] [vo.logVo.LogVo.<init>] [INFO] 日志实例已初始化...
[2020-03-15 16:27:41:625] [vo.logVo.LogVo.<init>] [INFO] 日志实例已初始化...
[2020-03-15 16:27:41:625] [vo.logVo.LogVo.<init>] [INFO] 日志实例已初始化...
[2020-03-15 16:27:41:625] [vo.logVo.LogVo.<init>] [INFO] 日志实例已初始化...
[2020-03-15 16:27:41:626] [vo.logVo.LogVo.<init>] [INFO] 日志实例已初始化...
[2020-03-15 16:27:41:626] [vo.logVo.LogVo.<init>] [INFO] 日志实例已初始化...
[2020-03-15 16:27:41:626] [vo.logVo.LogVo.<init>] [INFO] 日志实例已初始化...
[2020-03-15 16:27:41:627] [vo.logVo.LogVo.<init>] [INFO] 日志实例已初始化...
[2020-03-15 16:27:41:628] [vo.logVo.LogVo.<init>] [INFO] 日志实例已初始化...
[2020-03-15 16:27:41:628] [vo.logVo.LogVo.<init>] [INFO] 日志实例已初始化...
[2020-03-15 16:27:41:628] [vo.logVo.LogVo.<init>] [INFO] 日志实例已初始化...
[2020-03-15 16:27:41:629] [vo.logVo.LogVo.<init>] [INFO] 日志实例已初始化...
[2020-03-15 16:27:41:629] [vo.logVo.LogVo.<init>] [INFO] 日志实例已初始化...
[2020-03-15 16:27:41:630] [vo.logVo.LogVo.<init>] [INFO] 日志实例已初始化...
[2020-03-15 16:27:41:631] [vo.logVo.LogVo.<init>] [INFO] 日志实例已初始化...
[2020-03-15 16:27:41:632] [vo.logVo.LogVo.<init>] [INFO] 日志实例已初始化...
[2020-03-15 16:27:41:632] [vo.logVo.LogVo.<init>] [INFO] 日志实例已初始化...
[2020-03-15 16:27:41:633] [vo.logVo.LogVo.<init>] [INFO] 日志实例已初始化...
[2020-03-15 16:27:41:633] [vo.logVo.LogVo.<init>] [INFO] 日志实例已初始化...
[2020-03-15 16:27:41:633] [vo.logVo.LogVo.<init>] [INFO] 日志实例已初始化...
[2020-03-15 16:27:41:634] [vo.logVo.LogVo.<init>] [INFO] 日志实例已初始化...
[2020-03-15 16:27:41:634] [vo.logVo.LogVo.<init>] [INFO] 日志实例已初始化...
[2020-03-15 16:27:41:634] [vo.logVo.LogVo.<init>] [INFO] 日志实例已初始化...
[2020-03-15 16:27:41:635] [vo.logVo.LogVo.<init>] [INFO] 日志实例已初始化...
[2020-03-15 16:27:41:635] [vo.logVo.LogVo.<init>] [INFO] 日志实例已初始化...
[2020-03-15 16:27:41:636] [vo.logVo.LogVo.<init>] [INFO] 日志实例已初始化...
[2020-03-15 16:27:41:636] [vo.logVo.LogVo.<init>] [INFO] 日志实例已初始化...
[2020-03-15 16:27:41:637] [vo.logVo.LogVo.<init>] [INFO] 日志实例已初始化...
[2020-03-15 16:27:41:637] [vo.logVo.LogVo.<init>] [INFO] 日志实例已初始化...
[2020-03-15 16:27:41:637] [vo.logVo.LogVo.<init>] [INFO] 日志实例已初始化...
[2020-03-15 16:27:41:638] [vo.logVo.LogVo.<init>] [INFO] 日志实例已初始化...
[2020-03-15 16:27:41:638] [vo.logVo.LogVo.<init>] [INFO] 日志实例已初始化...
[2020-03-15 16:27:41:638] [vo.logVo.LogVo.<init>] [INFO] 日志实例已初始化...
[2020-03-15 16:27:41:638] [vo.logVo.LogVo.<init>] [INFO] 日志实例已初始化...
[2020-03-15 16:27:41:639] [vo.logVo.LogVo.<init>] [INFO] 日志实例已初始化...
[2020-03-15 16:27:41:639] [vo.logVo.LogVo.<init>] [INFO] 日志实例已初始化...
[2020-03-15 16:27:41:639] [vo.logVo.LogVo.<init>] [INFO] 日志实例已初始化...
[2020-03-15 16:27:41:639] [vo.logVo.LogVo.<init>] [INFO] 日志实例已初始化...
[2020-03-15 16:27:41:639] [vo.logVo.LogVo.<init>] [INFO] 日志实例已初始化...
[2020-03-15 16:27:41:640] [vo.logVo.LogVo.<init>] [INFO] 日志实例已初始化...
[2020-03-15 16:27:41:640] [vo.logVo.LogVo.<init>] [INFO] 日志实例已初始化...
[2020-03-15 16:27:41:640] [vo.logVo.LogVo.<init>] [INFO] 日志实例已初始化...
[2020-03-15 16:27:41:640] [vo.logVo.LogVo.<init>] [INFO] 日志实例已初始化...
[2020-03-15 16:27:41:641] [vo.logVo.LogVo.<init>] [INFO] 日志实例已初始化...
[2020-03-15 16:27:41:641] [vo.logVo.LogVo.<init>] [INFO] 日志实例已初始化...
[2020-03-15 16:27:41:641] [vo.logVo.LogVo.<init>] [INFO] 日志实例已初始化...
[2020-03-15 16:27:41:641] [vo.logVo.LogVo.<init>] [INFO] 日志实例已初始化...
[2020-03-15 16:27:41:642] [vo.logVo.LogVo.<init>] [INFO] 日志实例已初始化...
[2020-03-15 16:27:41:642] [vo.logVo.LogVo.<init>] [INFO] 日志实例已初始化...
[2020-03-15 16:27:41:642] [vo.logVo.LogVo.<init>] [INFO] 日志实例已初始化...
[2020-03-15 16:27:41:643] [vo.logVo.LogVo.<init>] [INFO] 日志实例已初始化...
[2020-03-15 16:27:41:643] [vo.logVo.LogVo.<init>] [INFO] 日志实例已初始化...
[2020-03-15 16:27:41:643] [vo.logVo.LogVo.<init>] [INFO] 日志实例已初始化...
[2020-03-15 16:27:41:643] [vo.logVo.LogVo.<init>] [INFO] 日志实例已初始化...
[2020-03-15 16:27:41:644] [vo.logVo.LogVo.<init>] [INFO] 日志实例已初始化...
[2020-03-15 16:27:41:644] [vo.logVo.LogVo.<init>] [INFO] 日志实例已初始化...
[2020-03-15 16:27:41:644] [vo.logVo.LogVo.<init>] [INFO] 日志实例已初始化...
[2020-03-15 16:27:41:644] [vo.logVo.LogVo.<init>] [INFO] 日志实例已初始化...
[2020-03-15 16:27:41:645] [vo.logVo.LogVo.<init>] [INFO] 日志实例已初始化...
[2020-03-15 16:27:41:645] [vo.logVo.LogVo.<init>] [INFO] 日志实例已初始化...
[2020-03-15 16:27:41:646] [vo.logVo.LogVo.<init>] [INFO] 日志实例已初始化...
[2020-03-15 16:27:41:646] [vo.logVo.LogVo.<init>] [INFO] 日志实例已初始化...
[2020-03-15 16:27:41:647] [vo.logVo.LogVo.<init>] [INFO] 日志实例已初始化...
[2020-03-15 16:27:41:647] [vo.logVo.LogVo.<init>] [INFO] 日志实例已初始化...
[2020-03-15 16:27:41:647] [vo.logVo.LogVo.<init>] [INFO] 日志实例已初始化...
[2020-03-15 16:27:41:647] [vo.logVo.LogVo.<init>] [INFO] 日志实例已初始化...
[2020-03-15 16:27:41:648] [vo.logVo.LogVo.<init>] [INFO] 日志实例已初始化...
[2020-03-15 16:27:41:648] [vo.logVo.LogVo.<init>] [INFO] 日志实例已初始化...
[2020-03-15 16:27:41:648] [vo.logVo.LogVo.<init>] [INFO] 日志实例已初始化...
[2020-03-15 16:27:41:648] [vo.logVo.LogVo.<init>] [INFO] 日志实例已初始化...
[2020-03-15 16:27:41:649] [vo.logVo.LogVo.<init>] [INFO] 日志实例已初始化...
[2020-03-15 16:27:41:649] [vo.logVo.LogVo.<init>] [INFO] 日志实例已初始化...
[2020-03-15 16:27:41:649] [vo.logVo.LogVo.<init>] [INFO] 日志实例已初始化...
[2020-03-15 16:27:41:649] [vo.logVo.LogVo.<init>] [INFO] 日志实例已初始化...
[2020-03-15 16:27:41:650] [vo.logVo.LogVo.<init>] [INFO] 日志实例已初始化...
[2020-03-15 16:27:41:650] [vo.logVo.LogVo.<init>] [INFO] 日志实例已初始化...
[2020-03-15 16:27:41:650] [vo.logVo.LogVo.<init>] [INFO] 日志实例已初始化...
[2020-03-15 16:27:41:650] [vo.logVo.LogVo.<init>] [INFO] 日志实例已初始化...
[2020-03-15 16:27:41:651] [vo.logVo.LogVo.<init>] [INFO] 日志实例已初始化...
[2020-03-15 16:27:41:651] [vo.logVo.LogVo.<init>] [INFO] 日志实例已初始化...
[2020-03-15 16:27:41:651] [vo.logVo.LogVo.<init>] [INFO] 日志实例已初始化...
[2020-03-15 16:27:41:651] [vo.logVo.LogVo.<init>] [INFO] 日志实例已初始化...
[2020-03-15 16:27:41:652] [vo.logVo.LogVo.<init>] [INFO] 日志实例已初始化...
[2020-03-15 16:27:41:652] [vo.logVo.LogVo.<init>] [INFO] 日志实例已初始化...
[2020-03-15 16:27:41:652] [vo.logVo.LogVo.<init>] [INFO] 日志实例已初始化...
[2020-03-15 16:27:41:652] [vo.logVo.LogVo.<init>] [INFO] 日志实例已初始化...
[2020-03-15 16:27:41:652] [vo.logVo.LogVo.<init>] [INFO] 日志实例已初始化...
[2020-03-15 16:27:41:653] [vo.logVo.LogVo.<init>] [INFO] 日志实例已初始化...
[2020-03-15 16:27:41:653] [vo.logVo.LogVo.<init>] [INFO] 日志实例已初始化...
[2020-03-15 16:27:41:653] [vo.logVo.LogVo.<init>] [INFO] 日志实例已初始化...
[2020-03-15 16:27:41:653] [vo.logVo.LogVo.<init>] [INFO] 日志实例已初始化...
[2020-03-15 16:27:41:654] [vo.logVo.LogVo.<init>] [INFO] 日志实例已初始化...
[2020-03-15 16:27:41:654] [vo.logVo.LogVo.<init>] [INFO] 日志实例已初始化...
[2020-03-15 16:27:41:654] [vo.logVo.LogVo.<init>] [INFO] 日志实例已初始化...
[2020-03-15 16:27:41:654] [vo.logVo.LogVo.<init>] [INFO] 日志实例已初始化...
[2020-03-15 16:27:41:654] [vo.logVo.LogVo.<init>] [INFO] 日志实例已初始化...
[2020-03-15 16:27:41:655] [vo.logVo.LogVo.<init>] [INFO] 日志实例已初始化...
[2020-03-15 16:27:41:655] [vo.logVo.LogVo.<init>] [INFO] 日志实例已初始化...
[2020-03-15 16:27:41:655] [vo.logVo.LogVo.<init>] [INFO] 日志实例已初始化...
[2020-03-15 16:27:41:655] [vo.logVo.LogVo.<init>] [INFO] 日志实例已初始化...
[2020-03-15 16:27:41:656] [vo.logVo.LogVo.<init>] [INFO] 日志实例已初始化...
[2020-03-15 16:27:41:656] [vo.logVo.LogVo.<init>] [INFO] 日志实例已初始化...
[2020-03-15 16:27:41:656] [vo.logVo.LogVo.<init>] [INFO] 日志实例已初始化...
[2020-03-15 16:27:41:656] [vo.logVo.LogVo.<init>] [INFO] 日志实例已初始化...
[2020-03-15 16:27:41:657] [vo.logVo.LogVo.<init>] [INFO] 日志实例已初始化...
[2020-03-15 16:27:41:657] [vo.logVo.LogVo.<init>] [INFO] 日志实例已初始化...
[2020-03-15 16:27:41:657] [vo.logVo.LogVo.<init>] [INFO] 日志实例已初始化...
[2020-03-15 16:27:41:657] [vo.logVo.LogVo.<init>] [INFO] 日志实例已初始化...
[2020-03-15 16:27:41:657] [vo.logVo.LogVo.<init>] [INFO] 日志实例已初始化...
[2020-03-15 16:27:41:658] [vo.logVo.LogVo.<init>] [INFO] 日志实例已初始化...
[2020-03-15 16:27:41:658] [vo.logVo.LogVo.<init>] [INFO] 日志实例已初始化...
[2020-03-15 16:27:41:658] [vo.logVo.LogVo.<init>] [INFO] 日志实例已初始化...
[2020-03-15 16:27:41:659] [vo.logVo.LogVo.<init>] [INFO] 日志实例已初始化...
[2020-03-15 16:27:41:659] [vo.logVo.LogVo.<init>] [INFO] 日志实例已初始化...
[2020-03-15 16:27:41:659] [vo.logVo.LogVo.<init>] [INFO] 日志实例已初始化...
[2020-03-15 16:27:41:659] [vo.logVo.LogVo.<init>] [INFO] 日志实例已初始化...
[2020-03-15 16:27:41:659] [vo.logVo.LogVo.<init>] [INFO] 日志实例已初始化...
[2020-03-15 16:27:41:660] [vo.logVo.LogVo.<init>] [INFO] 日志实例已初始化...
[2020-03-15 16:27:41:660] [vo.logVo.LogVo.<init>] [INFO] 日志实例已初始化...
[2020-03-15 16:27:41:660] [vo.logVo.LogVo.<init>] [INFO] 日志实例已初始化...
[2020-03-15 16:27:41:660] [vo.logVo.LogVo.<init>] [INFO] 日志实例已初始化...
[2020-03-15 16:27:41:661] [vo.logVo.LogVo.<init>] [INFO] 日志实例已初始化...
[2020-03-15 16:27:41:661] [vo.logVo.LogVo.<init>] [INFO] 日志实例已初始化...
[2020-03-15 16:27:41:661] [vo.logVo.LogVo.<init>] [INFO] 日志实例已初始化...
[2020-03-15 16:27:41:662] [vo.logVo.LogVo.<init>] [INFO] 日志实例已初始化...
[2020-03-15 16:27:41:662] [vo.logVo.LogVo.<init>] [INFO] 日志实例已初始化...
[2020-03-15 16:27:41:662] [vo.logVo.LogVo.<init>] [INFO] 日志实例已初始化...
[2020-03-15 16:27:41:663] [vo.logVo.LogVo.<init>] [INFO] 日志实例已初始化...
[2020-03-15 16:27:41:663] [vo.logVo.LogVo.<init>] [INFO] 日志实例已初始化...
[2020-03-15 16:27:41:664] [vo.logVo.LogVo.<init>] [INFO] 日志实例已初始化...
[2020-03-15 16:27:41:664] [vo.logVo.LogVo.<init>] [INFO] 日志实例已初始化...
[2020-03-15 16:27:41:665] [vo.logVo.LogVo.<init>] [INFO] 日志实例已初始化...
[2020-03-15 16:27:41:665] [vo.logVo.LogVo.<init>] [INFO] 日志实例已初始化...
[2020-03-15 16:27:41:666] [vo.logVo.LogVo.<init>] [INFO] 日志实例已初始化...
[2020-03-15 16:27:41:666] [vo.logVo.LogVo.<init>] [INFO] 日志实例已初始化...
[2020-03-15 16:27:41:667] [vo.logVo.LogVo.<init>] [INFO] 日志实例已初始化...
[2020-03-15 16:27:41:667] [vo.logVo.LogVo.<init>] [INFO] 日志实例已初始化...
[2020-03-15 16:27:41:668] [vo.logVo.LogVo.<init>] [INFO] 日志实例已初始化...
[2020-03-15 16:27:41:668] [vo.logVo.LogVo.<init>] [INFO] 日志实例已初始化...
[2020-03-15 16:27:41:669] [vo.logVo.LogVo.<init>] [INFO] 日志实例已初始化...
[2020-03-15 16:27:41:669] [vo.logVo.LogVo.<init>] [INFO] 日志实例已初始化...
[2020-03-15 16:27:41:669] [vo.logVo.LogVo.<init>] [INFO] 日志实例已初始化...
[2020-03-15 16:27:41:670] [vo.logVo.LogVo.<init>] [INFO] 日志实例已初始化...
[2020-03-15 16:27:41:670] [vo.logVo.LogVo.<init>] [INFO] 日志实例已初始化...
[2020-03-15 16:27:41:670] [vo.logVo.LogVo.<init>] [INFO] 日志实例已初始化...
[2020-03-15 16:27:41:671] [vo.logVo.LogVo.<init>] [INFO] 日志实例已初始化...
[2020-03-15 16:27:41:671] [vo.logVo.LogVo.<init>] [INFO] 日志实例已初始化...
[2020-03-15 16:27:41:671] [vo.logVo.LogVo.<init>] [INFO] 日志实例已初始化...
[2020-03-15 16:27:41:671] [vo.logVo.LogVo.<init>] [INFO] 日志实例已初始化...
[2020-03-15 16:27:41:672] [vo.logVo.LogVo.<init>] [INFO] 日志实例已初始化...
[2020-03-15 16:27:41:672] [vo.logVo.LogVo.<init>] [INFO] 日志实例已初始化...
[2020-03-15 16:27:41:672] [vo.logVo.LogVo.<init>] [INFO] 日志实例已初始化...
[2020-03-15 16:27:41:672] [vo.logVo.LogVo.<init>] [INFO] 日志实例已初始化...
[2020-03-15 16:27:41:672] [vo.logVo.LogVo.<init>] [INFO] 日志实例已初始化...
[2020-03-15 16:27:41:673] [vo.logVo.LogVo.<init>] [INFO] 日志实例已初始化...
[2020-03-15 16:27:41:673] [vo.logVo.LogVo.<init>] [INFO] 日志实例已初始化...
[2020-03-15 16:27:41:673] [vo.logVo.LogVo.<init>] [INFO] 日志实例已初始化...
[2020-03-15 16:27:41:673] [vo.logVo.LogVo.<init>] [INFO] 日志实例已初始化...
[2020-03-15 16:27:41:674] [vo.logVo.LogVo.<init>] [INFO] 日志实例已初始化...
[2020-03-15 16:27:41:674] [vo.logVo.LogVo.<init>] [INFO] 日志实例已初始化...
[2020-03-15 16:27:41:674] [vo.logVo.LogVo.<init>] [INFO] 日志实例已初始化...
[2020-03-15 16:27:41:674] [vo.logVo.LogVo.<init>] [INFO] 日志实例已初始化...
[2020-03-15 16:27:41:675] [vo.logVo.LogVo.<init>] [INFO] 日志实例已初始化...
[2020-03-15 16:27:41:675] [vo.logVo.LogVo.<init>] [INFO] 日志实例已初始化...
[2020-03-15 16:27:41:675] [vo.logVo.LogVo.<init>] [INFO] 日志实例已初始化...
[2020-03-15 16:27:41:675] [vo.logVo.LogVo.<init>] [INFO] 日志实例已初始化...
[2020-03-15 16:27:41:676] [vo.logVo.LogVo.<init>] [INFO] 日志实例已初始化...
[2020-03-15 16:27:41:676] [vo.logVo.LogVo.<init>] [INFO] 日志实例已初始化...
[2020-03-15 16:27:41:677] [vo.logVo.LogVo.<init>] [INFO] 日志实例已初始化...
[2020-03-15 16:27:41:677] [vo.logVo.LogVo.<init>] [INFO] 日志实例已初始化...
[2020-03-15 16:27:41:678] [vo.logVo.LogVo.<init>] [INFO] 日志实例已初始化...
[2020-03-15 16:27:41:678] [vo.logVo.LogVo.<init>] [INFO] 日志实例已初始化...
[2020-03-15 16:27:41:679] [vo.logVo.LogVo.<init>] [INFO] 日志实例已初始化...
[2020-03-15 16:27:41:679] [vo.logVo.LogVo.<init>] [INFO] 日志实例已初始化...
[2020-03-15 16:27:41:679] [vo.logVo.LogVo.<init>] [INFO] 日志实例已初始化...
[2020-03-15 16:27:41:679] [vo.logVo.LogVo.<init>] [INFO] 日志实例已初始化...
[2020-03-15 16:27:41:679] [vo.logVo.LogVo.<init>] [INFO] 日志实例已初始化...
[2020-03-15 16:27:41:680] [vo.logVo.LogVo.<init>] [INFO] 日志实例已初始化...
[2020-03-15 16:27:41:680] [vo.logVo.LogVo.<init>] [INFO] 日志实例已初始化...
[2020-03-15 16:27:41:680] [vo.logVo.LogVo.<init>] [INFO] 日志实例已初始化...
[2020-03-15 16:27:41:681] [vo.logVo.LogVo.<init>] [INFO] 日志实例已初始化...
[2020-03-15 16:27:41:681] [vo.logVo.LogVo.<init>] [INFO] 日志实例已初始化...
[2020-03-15 16:27:41:681] [vo.logVo.LogVo.<init>] [INFO] 日志实例已初始化...
[2020-03-15 16:27:41:681] [vo.logVo.LogVo.<init>] [INFO] 日志实例已初始化...
[2020-03-15 16:27:41:682] [vo.logVo.LogVo.<init>] [INFO] 日志实例已初始化...
[2020-03-15 16:27:41:682] [vo.logVo.LogVo.<init>] [INFO] 日志实例已初始化...
[2020-03-15 16:27:41:682] [vo.logVo.LogVo.<init>] [INFO] 日志实例已初始化...
[2020-03-15 16:27:41:683] [vo.logVo.LogVo.<init>] [INFO] 日志实例已初始化...
[2020-03-15 16:27:41:683] [vo.logVo.LogVo.<init>] [INFO] 日志实例已初始化...
[2020-03-15 16:27:41:683] [vo.logVo.LogVo.<init>] [INFO] 日志实例已初始化...
[2020-03-15 16:27:41:683] [vo.logVo.LogVo.<init>] [INFO] 日志实例已初始化...
[2020-03-15 16:27:41:684] [vo.logVo.LogVo.<init>] [INFO] 日志实例已初始化...
[2020-03-15 16:27:41:684] [vo.logVo.LogVo.<init>] [INFO] 日志实例已初始化...
[2020-03-15 16:27:41:684] [vo.logVo.LogVo.<init>] [INFO] 日志实例已初始化...
[2020-03-15 16:27:41:684] [vo.logVo.LogVo.<init>] [INFO] 日志实例已初始化...
[2020-03-15 16:27:41:684] [vo.logVo.LogVo.<init>] [INFO] 日志实例已初始化...
[2020-03-15 16:27:41:685] [vo.logVo.LogVo.<init>] [INFO] 日志实例已初始化...
[2020-03-15 16:27:41:685] [vo.logVo.LogVo.<init>] [INFO] 日志实例已初始化...
[2020-03-15 16:27:41:685] [vo.logVo.LogVo.<init>] [INFO] 日志实例已初始化...
[2020-03-15 16:27:41:685] [vo.logVo.LogVo.<init>] [INFO] 日志实例已初始化...
[2020-03-15 16:27:41:686] [vo.logVo.LogVo.<init>] [INFO] 日志实例已初始化...
[2020-03-15 16:27:41:686] [vo.logVo.LogVo.<init>] [INFO] 日志实例已初始化...
[2020-03-15 16:27:41:686] [vo.logVo.LogVo.<init>] [INFO] 日志实例已初始化...
[2020-03-15 16:27:41:686] [vo.logVo.LogVo.<init>] [INFO] 日志实例已初始化...
[2020-03-15 16:27:41:687] [vo.logVo.LogVo.<init>] [INFO] 日志实例已初始化...
[2020-03-15 16:27:41:687] [vo.logVo.LogVo.<init>] [INFO] 日志实例已初始化...
[2020-03-15 16:27:41:687] [vo.logVo.LogVo.<init>] [INFO] 日志实例已初始化...
[2020-03-15 16:27:41:687] [vo.logVo.LogVo.<init>] [INFO] 日志实例已初始化...
[2020-03-15 16:27:41:687] [vo.logVo.LogVo.<init>] [INFO] 日志实例已初始化...
[2020-03-15 16:27:41:688] [vo.logVo.LogVo.<init>] [INFO] 日志实例已初始化...
[2020-03-15 16:27:41:688] [vo.logVo.LogVo.<init>] [INFO] 日志实例已初始化...
[2020-03-15 16:27:41:688] [vo.logVo.LogVo.<init>] [INFO] 日志实例已初始化...
[2020-03-15 16:27:41:688] [vo.logVo.LogVo.<init>] [INFO] 日志实例已初始化...
[2020-03-15 16:27:41:689] [vo.logVo.LogVo.<init>] [INFO] 日志实例已初始化...
[2020-03-15 16:27:41:689] [vo.logVo.LogVo.<init>] [INFO] 日志实例已初始化...
[2020-03-15 16:27:41:689] [vo.logVo.LogVo.<init>] [INFO] 日志实例已初始化...
[2020-03-15 16:27:41:689] [vo.logVo.LogVo.<init>] [INFO] 日志实例已初始化...
[2020-03-15 16:27:41:690] [vo.logVo.LogVo.<init>] [INFO] 日志实例已初始化...
[2020-03-15 16:27:41:690] [vo.logVo.LogVo.<init>] [INFO] 日志实例已初始化...
[2020-03-15 16:27:41:690] [vo.logVo.LogVo.<init>] [INFO] 日志实例已初始化...
[2020-03-15 16:27:41:690] [vo.logVo.LogVo.<init>] [INFO] 日志实例已初始化...
[2020-03-15 16:27:41:690] [vo.logVo.LogVo.<init>] [INFO] 日志实例已初始化...
[2020-03-15 16:27:41:691] [vo.logVo.LogVo.<init>] [INFO] 日志实例已初始化...
[2020-03-15 16:27:41:691] [vo.logVo.LogVo.<init>] [INFO] 日志实例已初始化...
[2020-03-15 16:27:41:691] [vo.logVo.LogVo.<init>] [INFO] 日志实例已初始化...
[2020-03-15 16:27:41:692] [vo.logVo.LogVo.<init>] [INFO] 日志实例已初始化...
[2020-03-15 16:27:41:692] [vo.logVo.LogVo.<init>] [INFO] 日志实例已初始化...
[2020-03-15 16:27:41:693] [vo.logVo.LogVo.<init>] [INFO] 日志实例已初始化...
[2020-03-15 16:27:41:693] [vo.logVo.LogVo.<init>] [INFO] 日志实例已初始化...
[2020-03-15 16:27:41:694] [vo.logVo.LogVo.<init>] [INFO] 日志实例已初始化...
[2020-03-15 16:27:41:694] [vo.logVo.LogVo.<init>] [INFO] 日志实例已初始化...
[2020-03-15 16:27:41:695] [vo.logVo.LogVo.<init>] [INFO] 日志实例已初始化...
[2020-03-15 16:27:41:695] [vo.logVo.LogVo.<init>] [INFO] 日志实例已初始化...
[2020-03-15 16:27:41:695] [vo.logVo.LogVo.<init>] [INFO] 日志实例已初始化...
[2020-03-15 16:27:41:696] [vo.logVo.LogVo.<init>] [INFO] 日志实例已初始化...
[2020-03-15 16:27:41:696] [vo.logVo.LogVo.<init>] [INFO] 日志实例已初始化...
[2020-03-15 16:27:41:696] [vo.logVo.LogVo.<init>] [INFO] 日志实例已初始化...
[2020-03-15 16:27:41:697] [vo.logVo.LogVo.<init>] [INFO] 日志实例已初始化...
[2020-03-15 16:27:41:697] [vo.logVo.LogVo.<init>] [INFO] 日志实例已初始化...
[2020-03-15 16:27:41:697] [vo.logVo.LogVo.<init>] [INFO] 日志实例已初始化...
[2020-03-15 16:27:41:698] [vo.logVo.LogVo.<init>] [INFO] 日志实例已初始化...
[2020-03-15 16:27:41:698] [vo.logVo.LogVo.<init>] [INFO] 日志实例已初始化...
[2020-03-15 16:27:41:698] [vo.logVo.LogVo.<init>] [INFO] 日志实例已初始化...
[2020-03-15 16:27:41:698] [vo.logVo.LogVo.<init>] [INFO] 日志实例已初始化...
[2020-03-15 16:27:41:699] [vo.logVo.LogVo.<init>] [INFO] 日志实例已初始化...
[2020-03-15 16:27:41:699] [vo.logVo.LogVo.<init>] [INFO] 日志实例已初始化...
[2020-03-15 16:27:41:699] [vo.logVo.LogVo.<init>] [INFO] 日志实例已初始化...
[2020-03-15 16:27:41:699] [vo.logVo.LogVo.<init>] [INFO] 日志实例已初始化...
[2020-03-15 16:27:41:700] [vo.logVo.LogVo.<init>] [INFO] 日志实例已初始化...
[2020-03-15 16:27:41:700] [vo.logVo.LogVo.<init>] [INFO] 日志实例已初始化...
[2020-03-15 16:27:41:700] [vo.logVo.LogVo.<init>] [INFO] 日志实例已初始化...
[2020-03-15 16:27:41:701] [vo.logVo.LogVo.<init>] [INFO] 日志实例已初始化...
[2020-03-15 16:27:41:701] [vo.logVo.LogVo.<init>] [INFO] 日志实例已初始化...
[2020-03-15 16:27:41:701] [vo.logVo.LogVo.<init>] [INFO] 日志实例已初始化...
[2020-03-15 16:27:41:701] [vo.logVo.LogVo.<init>] [INFO] 日志实例已初始化...
[2020-03-15 16:27:41:702] [vo.logVo.LogVo.<init>] [INFO] 日志实例已初始化...
[2020-03-15 16:27:41:702] [vo.logVo.LogVo.<init>] [INFO] 日志实例已初始化...
[2020-03-15 16:27:41:702] [vo.logVo.LogVo.<init>] [INFO] 日志实例已初始化...
[2020-03-15 16:27:41:702] [vo.logVo.LogVo.<init>] [INFO] 日志实例已初始化...
[2020-03-15 16:27:41:703] [vo.logVo.LogVo.<init>] [INFO] 日志实例已初始化...
[2020-03-15 16:27:41:703] [vo.logVo.LogVo.<init>] [INFO] 日志实例已初始化...
[2020-03-15 16:27:41:703] [vo.logVo.LogVo.<init>] [INFO] 日志实例已初始化...
[2020-03-15 16:27:41:703] [vo.logVo.LogVo.<init>] [INFO] 日志实例已初始化...
[2020-03-15 16:27:41:703] [vo.logVo.LogVo.<init>] [INFO] 日志实例已初始化...
[2020-03-15 16:27:41:704] [vo.logVo.LogVo.<init>] [INFO] 日志实例已初始化...
[2020-03-15 16:27:41:704] [vo.logVo.LogVo.<init>] [INFO] 日志实例已初始化...
[2020-03-15 16:27:41:704] [vo.logVo.LogVo.<init>] [INFO] 日志实例已初始化...
[2020-03-15 16:27:41:704] [vo.logVo.LogVo.<init>] [INFO] 日志实例已初始化...
[2020-03-15 16:27:41:705] [vo.logVo.LogVo.<init>] [INFO] 日志实例已初始化...
[2020-03-15 16:29:25:280] [util.MyApplicationContextAnnotion.<init>] [INFO] 获取上下文工具类初始化成功!
[2020-03-15 16:29:25:719] [aop.AnnotationCommenAop.<init>] [INFO] 注解式切面已初始化...
[2020-03-15 16:29:27:708] [vo.logVo.LogVo.<init>] [INFO] 日志实例已初始化...
[2020-03-15 16:29:28:665] [aop.ConfigCommenAop.<init>] [INFO] 切面已初始化...
[2020-03-15 16:29:28:739] [vo.logVo.LogVo.<init>] [INFO] 日志实例已初始化...
[2020-03-15 16:32:30:134] [util.MyApplicationContextAnnotion.<init>] [INFO] 获取上下文工具类初始化成功!
[2020-03-15 16:32:30:472] [aop.AnnotationCommenAop.<init>] [INFO] 注解式切面已初始化...
[2020-03-15 16:32:31:972] [vo.logVo.LogVo.<init>] [INFO] 日志实例已初始化...
[2020-03-15 16:32:32:515] [aop.ConfigCommenAop.<init>] [INFO] 切面已初始化...
[2020-03-15 16:32:32:557] [vo.logVo.LogVo.<init>] [INFO] 日志实例已初始化...
[2020-03-15 17:18:06:956] [util.MyApplicationContextAnnotion.<init>] [INFO] 获取上下文工具类初始化成功!
[2020-03-15 17:18:07:347] [aop.AnnotationCommenAop.<init>] [INFO] 注解式切面已初始化...
[2020-03-15 17:18:09:192] [vo.logVo.LogVo.<init>] [INFO] 日志实例已初始化...
[2020-03-15 17:18:09:688] [aop.ConfigCommenAop.<init>] [INFO] 切面已初始化...
[2020-03-15 17:18:09:730] [vo.logVo.LogVo.<init>] [INFO] 日志实例已初始化...
[2020-03-15 17:20:11:365] [util.MyApplicationContextAnnotion.<init>] [INFO] 获取上下文工具类初始化成功!
[2020-03-15 17:20:11:741] [aop.AnnotationCommenAop.<init>] [INFO] 注解式切面已初始化...
[2020-03-15 17:20:13:403] [vo.logVo.LogVo.<init>] [INFO] 日志实例已初始化...
[2020-03-15 17:20:13:951] [aop.ConfigCommenAop.<init>] [INFO] 切面已初始化...
[2020-03-15 17:20:14:012] [vo.logVo.LogVo.<init>] [INFO] 日志实例已初始化...
[2020-03-15 17:22:23:801] [util.MyApplicationContextAnnotion.<init>] [INFO] 获取上下文工具类初始化成功!
[2020-03-15 17:22:24:153] [aop.AnnotationCommenAop.<init>] [INFO] 注解式切面已初始化...
[2020-03-15 17:22:25:888] [vo.logVo.LogVo.<init>] [INFO] 日志实例已初始化...
[2020-03-15 17:22:26:348] [aop.ConfigCommenAop.<init>] [INFO] 切面已初始化...
[2020-03-15 17:22:26:396] [vo.logVo.LogVo.<init>] [INFO] 日志实例已初始化...
[2020-03-15 17:24:16:150] [util.MyApplicationContextAnnotion.<init>] [INFO] 获取上下文工具类初始化成功!
[2020-03-15 17:24:16:633] [aop.AnnotationCommenAop.<init>] [INFO] 注解式切面已初始化...
[2020-03-15 17:24:18:392] [vo.logVo.LogVo.<init>] [INFO] 日志实例已初始化...
[2020-03-15 17:24:19:048] [aop.ConfigCommenAop.<init>] [INFO] 切面已初始化...
[2020-03-15 17:24:19:104] [vo.logVo.LogVo.<init>] [INFO] 日志实例已初始化...
[2020-03-15 17:25:50:706] [util.MyApplicationContextAnnotion.<init>] [INFO] 获取上下文工具类初始化成功!
[2020-03-15 17:25:51:065] [aop.AnnotationCommenAop.<init>] [INFO] 注解式切面已初始化...
[2020-03-15 17:25:52:666] [vo.logVo.LogVo.<init>] [INFO] 日志实例已初始化...
[2020-03-15 17:25:53:132] [aop.ConfigCommenAop.<init>] [INFO] 切面已初始化...
[2020-03-15 17:25:53:178] [vo.logVo.LogVo.<init>] [INFO] 日志实例已初始化...
[2020-03-15 17:44:14:806] [util.MyApplicationContextAnnotion.<init>] [INFO] 获取上下文工具类初始化成功!
[2020-03-15 17:44:15:220] [aop.AnnotationCommenAop.<init>] [INFO] 注解式切面已初始化...
[2020-03-15 17:44:17:493] [vo.logVo.LogVo.<init>] [INFO] 日志实例已初始化...
[2020-03-15 17:44:18:080] [aop.ConfigCommenAop.<init>] [INFO] 切面已初始化...
[2020-03-15 17:44:18:141] [vo.logVo.LogVo.<init>] [INFO] 日志实例已初始化...
[2020-03-15 17:44:44:178] [util.MyApplicationContextAnnotion.<init>] [INFO] 获取上下文工具类初始化成功!
[2020-03-15 17:44:44:577] [aop.AnnotationCommenAop.<init>] [INFO] 注解式切面已初始化...
[2020-03-15 17:44:46:562] [vo.logVo.LogVo.<init>] [INFO] 日志实例已初始化...
[2020-03-15 17:44:47:189] [aop.ConfigCommenAop.<init>] [INFO] 切面已初始化...
[2020-03-15 17:44:47:256] [vo.logVo.LogVo.<init>] [INFO] 日志实例已初始化...
[2020-03-15 17:48:12:967] [util.MyApplicationContextAnnotion.<init>] [INFO] 获取上下文工具类初始化成功!
[2020-03-15 17:48:13:311] [aop.AnnotationCommenAop.<init>] [INFO] 注解式切面已初始化...
[2020-03-15 17:48:15:114] [vo.logVo.LogVo.<init>] [INFO] 日志实例已初始化...
[2020-03-15 17:48:15:653] [aop.ConfigCommenAop.<init>] [INFO] 切面已初始化...
[2020-03-15 17:48:15:699] [vo.logVo.LogVo.<init>] [INFO] 日志实例已初始化...
[2020-03-15 17:48:42:590] [vo.logVo.LogVo.<init>] [INFO] 日志实例已初始化...
[2020-03-15 17:48:42:597] [vo.logVo.LogVo.<init>] [INFO] 日志实例已初始化...
[2020-03-15 17:48:42:598] [vo.logVo.LogVo.<init>] [INFO] 日志实例已初始化...
[2020-03-15 17:48:42:599] [vo.logVo.LogVo.<init>] [INFO] 日志实例已初始化...
[2020-03-15 17:48:42:600] [vo.logVo.LogVo.<init>] [INFO] 日志实例已初始化...
[2020-03-15 17:48:42:603] [vo.logVo.LogVo.<init>] [INFO] 日志实例已初始化...
[2020-03-15 17:48:42:605] [vo.logVo.LogVo.<init>] [INFO] 日志实例已初始化...
[2020-03-15 17:48:42:607] [vo.logVo.LogVo.<init>] [INFO] 日志实例已初始化...
[2020-03-15 17:48:42:608] [vo.logVo.LogVo.<init>] [INFO] 日志实例已初始化...
[2020-03-15 17:48:42:610] [vo.logVo.LogVo.<init>] [INFO] 日志实例已初始化...
[2020-03-15 17:48:42:611] [vo.logVo.LogVo.<init>] [INFO] 日志实例已初始化...
[2020-03-15 17:48:42:612] [vo.logVo.LogVo.<init>] [INFO] 日志实例已初始化...
[2020-03-15 17:48:42:613] [vo.logVo.LogVo.<init>] [INFO] 日志实例已初始化...
[2020-03-15 17:48:42:615] [vo.logVo.LogVo.<init>] [INFO] 日志实例已初始化...
[2020-03-15 17:48:42:616] [vo.logVo.LogVo.<init>] [INFO] 日志实例已初始化...
[2020-03-15 17:48:42:619] [vo.logVo.LogVo.<init>] [INFO] 日志实例已初始化...
[2020-03-15 17:48:42:623] [vo.logVo.LogVo.<init>] [INFO] 日志实例已初始化...
[2020-03-15 17:48:42:625] [vo.logVo.LogVo.<init>] [INFO] 日志实例已初始化...
[2020-03-15 17:48:42:626] [vo.logVo.LogVo.<init>] [INFO] 日志实例已初始化...
[2020-03-15 17:48:42:627] [vo.logVo.LogVo.<init>] [INFO] 日志实例已初始化...
[2020-03-15 17:48:42:628] [vo.logVo.LogVo.<init>] [INFO] 日志实例已初始化...
[2020-03-15 17:48:42:628] [vo.logVo.LogVo.<init>] [INFO] 日志实例已初始化...
[2020-03-15 17:48:42:629] [vo.logVo.LogVo.<init>] [INFO] 日志实例已初始化...
[2020-03-15 17:48:42:630] [vo.logVo.LogVo.<init>] [INFO] 日志实例已初始化...
[2020-03-15 17:48:42:631] [vo.logVo.LogVo.<init>] [INFO] 日志实例已初始化...
[2020-03-15 17:48:42:632] [vo.logVo.LogVo.<init>] [INFO] 日志实例已初始化...
[2020-03-15 17:48:42:633] [vo.logVo.LogVo.<init>] [INFO] 日志实例已初始化...
[2020-03-15 17:48:42:633] [vo.logVo.LogVo.<init>] [INFO] 日志实例已初始化...
[2020-03-15 17:48:42:634] [vo.logVo.LogVo.<init>] [INFO] 日志实例已初始化...
[2020-03-15 17:48:42:635] [vo.logVo.LogVo.<init>] [INFO] 日志实例已初始化...
[2020-03-15 17:48:42:635] [vo.logVo.LogVo.<init>] [INFO] 日志实例已初始化...
[2020-03-15 17:48:42:636] [vo.logVo.LogVo.<init>] [INFO] 日志实例已初始化...
[2020-03-15 17:48:42:636] [vo.logVo.LogVo.<init>] [INFO] 日志实例已初始化...
[2020-03-15 17:48:42:636] [vo.logVo.LogVo.<init>] [INFO] 日志实例已初始化...
[2020-03-15 17:48:42:637] [vo.logVo.LogVo.<init>] [INFO] 日志实例已初始化...
[2020-03-15 17:48:42:638] [vo.logVo.LogVo.<init>] [INFO] 日志实例已初始化...
[2020-03-15 17:48:42:639] [vo.logVo.LogVo.<init>] [INFO] 日志实例已初始化...
[2020-03-15 17:48:42:639] [vo.logVo.LogVo.<init>] [INFO] 日志实例已初始化...
[2020-03-15 17:48:42:640] [vo.logVo.LogVo.<init>] [INFO] 日志实例已初始化...
[2020-03-15 17:48:42:641] [vo.logVo.LogVo.<init>] [INFO] 日志实例已初始化...
[2020-03-15 17:48:42:641] [vo.logVo.LogVo.<init>] [INFO] 日志实例已初始化...
[2020-03-15 17:48:42:642] [vo.logVo.LogVo.<init>] [INFO] 日志实例已初始化...
[2020-03-15 17:48:42:642] [vo.logVo.LogVo.<init>] [INFO] 日志实例已初始化...
[2020-03-15 17:48:42:643] [vo.logVo.LogVo.<init>] [INFO] 日志实例已初始化...
[2020-03-15 17:48:42:644] [vo.logVo.LogVo.<init>] [INFO] 日志实例已初始化...
[2020-03-15 17:48:42:644] [vo.logVo.LogVo.<init>] [INFO] 日志实例已初始化...
[2020-03-15 17:48:42:645] [vo.logVo.LogVo.<init>] [INFO] 日志实例已初始化...
[2020-03-15 17:48:42:645] [vo.logVo.LogVo.<init>] [INFO] 日志实例已初始化...
[2020-03-15 17:48:42:646] [vo.logVo.LogVo.<init>] [INFO] 日志实例已初始化...
[2020-03-15 17:48:42:647] [vo.logVo.LogVo.<init>] [INFO] 日志实例已初始化...
[2020-03-15 17:48:42:647] [vo.logVo.LogVo.<init>] [INFO] 日志实例已初始化...
[2020-03-15 17:48:42:649] [vo.logVo.LogVo.<init>] [INFO] 日志实例已初始化...
[2020-03-15 17:48:42:650] [vo.logVo.LogVo.<init>] [INFO] 日志实例已初始化...
[2020-03-15 17:48:42:652] [vo.logVo.LogVo.<init>] [INFO] 日志实例已初始化...
[2020-03-15 17:48:42:654] [vo.logVo.LogVo.<init>] [INFO] 日志实例已初始化...
[2020-03-15 17:48:42:655] [vo.logVo.LogVo.<init>] [INFO] 日志实例已初始化...
[2020-03-15 17:48:42:656] [vo.logVo.LogVo.<init>] [INFO] 日志实例已初始化...
[2020-03-15 17:48:42:657] [vo.logVo.LogVo.<init>] [INFO] 日志实例已初始化...
[2020-03-15 17:48:42:658] [vo.logVo.LogVo.<init>] [INFO] 日志实例已初始化...
[2020-03-15 17:48:42:660] [vo.logVo.LogVo.<init>] [INFO] 日志实例已初始化...
[2020-03-15 17:48:42:661] [vo.logVo.LogVo.<init>] [INFO] 日志实例已初始化...
[2020-03-15 17:48:42:662] [vo.logVo.LogVo.<init>] [INFO] 日志实例已初始化...
[2020-03-15 17:48:42:663] [vo.logVo.LogVo.<init>] [INFO] 日志实例已初始化...
[2020-03-15 17:48:42:664] [vo.logVo.LogVo.<init>] [INFO] 日志实例已初始化...
[2020-03-15 17:48:42:665] [vo.logVo.LogVo.<init>] [INFO] 日志实例已初始化...
[2020-03-15 17:48:42:666] [vo.logVo.LogVo.<init>] [INFO] 日志实例已初始化...
[2020-03-15 17:48:42:667] [vo.logVo.LogVo.<init>] [INFO] 日志实例已初始化...
[2020-03-15 17:48:42:667] [vo.logVo.LogVo.<init>] [INFO] 日志实例已初始化...
[2020-03-15 17:48:42:669] [vo.logVo.LogVo.<init>] [INFO] 日志实例已初始化...
[2020-03-15 17:48:42:670] [vo.logVo.LogVo.<init>] [INFO] 日志实例已初始化...
[2020-03-15 17:48:42:671] [vo.logVo.LogVo.<init>] [INFO] 日志实例已初始化...
[2020-03-15 17:48:42:672] [vo.logVo.LogVo.<init>] [INFO] 日志实例已初始化...
[2020-03-15 17:48:42:673] [vo.logVo.LogVo.<init>] [INFO] 日志实例已初始化...
[2020-03-15 17:48:42:674] [vo.logVo.LogVo.<init>] [INFO] 日志实例已初始化...
[2020-03-15 17:48:42:674] [vo.logVo.LogVo.<init>] [INFO] 日志实例已初始化...
[2020-03-15 17:48:42:675] [vo.logVo.LogVo.<init>] [INFO] 日志实例已初始化...
[2020-03-15 17:48:42:676] [vo.logVo.LogVo.<init>] [INFO] 日志实例已初始化...
[2020-03-15 17:48:42:677] [vo.logVo.LogVo.<init>] [INFO] 日志实例已初始化...
[2020-03-15 17:48:42:679] [vo.logVo.LogVo.<init>] [INFO] 日志实例已初始化...
[2020-03-15 17:48:42:680] [vo.logVo.LogVo.<init>] [INFO] 日志实例已初始化...
[2020-03-15 17:48:42:681] [vo.logVo.LogVo.<init>] [INFO] 日志实例已初始化...
[2020-03-15 17:48:42:682] [vo.logVo.LogVo.<init>] [INFO] 日志实例已初始化...
[2020-03-15 17:48:42:683] [vo.logVo.LogVo.<init>] [INFO] 日志实例已初始化...
[2020-03-15 17:48:42:684] [vo.logVo.LogVo.<init>] [INFO] 日志实例已初始化...
[2020-03-15 17:48:42:685] [vo.logVo.LogVo.<init>] [INFO] 日志实例已初始化...
[2020-03-15 17:48:42:686] [vo.logVo.LogVo.<init>] [INFO] 日志实例已初始化...
[2020-03-15 17:48:42:687] [vo.logVo.LogVo.<init>] [INFO] 日志实例已初始化...
[2020-03-15 17:48:42:688] [vo.logVo.LogVo.<init>] [INFO] 日志实例已初始化...
[2020-03-15 17:48:42:688] [vo.logVo.LogVo.<init>] [INFO] 日志实例已初始化...
[2020-03-15 17:48:42:689] [vo.logVo.LogVo.<init>] [INFO] 日志实例已初始化...
[2020-03-15 17:48:42:690] [vo.logVo.LogVo.<init>] [INFO] 日志实例已初始化...
[2020-03-15 17:48:42:690] [vo.logVo.LogVo.<init>] [INFO] 日志实例已初始化...
[2020-03-15 17:48:42:691] [vo.logVo.LogVo.<init>] [INFO] 日志实例已初始化...
[2020-03-15 17:48:42:692] [vo.logVo.LogVo.<init>] [INFO] 日志实例已初始化...
[2020-03-15 17:48:42:693] [vo.logVo.LogVo.<init>] [INFO] 日志实例已初始化...
[2020-03-15 17:48:42:693] [vo.logVo.LogVo.<init>] [INFO] 日志实例已初始化...
[2020-03-15 17:48:42:694] [vo.logVo.LogVo.<init>] [INFO] 日志实例已初始化...
[2020-03-15 17:48:42:694] [vo.logVo.LogVo.<init>] [INFO] 日志实例已初始化...
[2020-03-15 17:48:42:695] [vo.logVo.LogVo.<init>] [INFO] 日志实例已初始化...
[2020-03-15 17:48:42:696] [vo.logVo.LogVo.<init>] [INFO] 日志实例已初始化...
[2020-03-15 17:48:42:696] [vo.logVo.LogVo.<init>] [INFO] 日志实例已初始化...
[2020-03-15 17:48:42:697] [vo.logVo.LogVo.<init>] [INFO] 日志实例已初始化...
[2020-03-15 17:48:42:699] [vo.logVo.LogVo.<init>] [INFO] 日志实例已初始化...
[2020-03-15 17:48:42:700] [vo.logVo.LogVo.<init>] [INFO] 日志实例已初始化...
[2020-03-15 17:48:42:700] [vo.logVo.LogVo.<init>] [INFO] 日志实例已初始化...
[2020-03-15 17:48:42:701] [vo.logVo.LogVo.<init>] [INFO] 日志实例已初始化...
[2020-03-15 17:48:42:702] [vo.logVo.LogVo.<init>] [INFO] 日志实例已初始化...
[2020-03-15 17:48:42:703] [vo.logVo.LogVo.<init>] [INFO] 日志实例已初始化...
[2020-03-15 17:48:42:703] [vo.logVo.LogVo.<init>] [INFO] 日志实例已初始化...
[2020-03-15 17:48:42:704] [vo.logVo.LogVo.<init>] [INFO] 日志实例已初始化...
[2020-03-15 17:48:42:704] [vo.logVo.LogVo.<init>] [INFO] 日志实例已初始化...
[2020-03-15 17:48:42:705] [vo.logVo.LogVo.<init>] [INFO] 日志实例已初始化...
[2020-03-15 17:48:42:707] [vo.logVo.LogVo.<init>] [INFO] 日志实例已初始化...
[2020-03-15 17:48:42:708] [vo.logVo.LogVo.<init>] [INFO] 日志实例已初始化...
[2020-03-15 17:48:42:708] [vo.logVo.LogVo.<init>] [INFO] 日志实例已初始化...
[2020-03-15 17:48:42:710] [vo.logVo.LogVo.<init>] [INFO] 日志实例已初始化...
[2020-03-15 17:48:42:711] [vo.logVo.LogVo.<init>] [INFO] 日志实例已初始化...
[2020-03-15 17:48:42:712] [vo.logVo.LogVo.<init>] [INFO] 日志实例已初始化...
[2020-03-15 17:48:42:713] [vo.logVo.LogVo.<init>] [INFO] 日志实例已初始化...
[2020-03-15 17:48:42:714] [vo.logVo.LogVo.<init>] [INFO] 日志实例已初始化...
[2020-03-15 17:48:42:715] [vo.logVo.LogVo.<init>] [INFO] 日志实例已初始化...
[2020-03-15 17:48:42:716] [vo.logVo.LogVo.<init>] [INFO] 日志实例已初始化...
[2020-03-15 17:48:42:717] [vo.logVo.LogVo.<init>] [INFO] 日志实例已初始化...
[2020-03-15 17:48:42:718] [vo.logVo.LogVo.<init>] [INFO] 日志实例已初始化...
[2020-03-15 17:48:42:720] [vo.logVo.LogVo.<init>] [INFO] 日志实例已初始化...
[2020-03-15 17:48:42:726] [vo.logVo.LogVo.<init>] [INFO] 日志实例已初始化...
[2020-03-15 17:48:42:729] [vo.logVo.LogVo.<init>] [INFO] 日志实例已初始化...
[2020-03-15 17:48:42:730] [vo.logVo.LogVo.<init>] [INFO] 日志实例已初始化...
[2020-03-15 17:48:42:733] [vo.logVo.LogVo.<init>] [INFO] 日志实例已初始化...
[2020-03-15 17:48:42:734] [vo.logVo.LogVo.<init>] [INFO] 日志实例已初始化...
[2020-03-15 17:48:42:735] [vo.logVo.LogVo.<init>] [INFO] 日志实例已初始化...
[2020-03-15 17:48:42:736] [vo.logVo.LogVo.<init>] [INFO] 日志实例已初始化...
[2020-03-15 17:48:42:740] [vo.logVo.LogVo.<init>] [INFO] 日志实例已初始化...
[2020-03-15 17:48:42:741] [vo.logVo.LogVo.<init>] [INFO] 日志实例已初始化...
[2020-03-15 17:48:42:743] [vo.logVo.LogVo.<init>] [INFO] 日志实例已初始化...
[2020-03-15 17:48:42:745] [vo.logVo.LogVo.<init>] [INFO] 日志实例已初始化...
[2020-03-15 17:48:42:746] [vo.logVo.LogVo.<init>] [INFO] 日志实例已初始化...
[2020-03-15 17:48:42:748] [vo.logVo.LogVo.<init>] [INFO] 日志实例已初始化...
[2020-03-15 17:48:42:750] [vo.logVo.LogVo.<init>] [INFO] 日志实例已初始化...
[2020-03-15 17:48:42:751] [vo.logVo.LogVo.<init>] [INFO] 日志实例已初始化...
[2020-03-15 17:48:42:752] [vo.logVo.LogVo.<init>] [INFO] 日志实例已初始化...
[2020-03-15 17:48:42:753] [vo.logVo.LogVo.<init>] [INFO] 日志实例已初始化...
[2020-03-15 17:48:42:753] [vo.logVo.LogVo.<init>] [INFO] 日志实例已初始化...
[2020-03-15 17:48:42:754] [vo.logVo.LogVo.<init>] [INFO] 日志实例已初始化...
[2020-03-15 17:48:42:756] [vo.logVo.LogVo.<init>] [INFO] 日志实例已初始化...
[2020-03-15 17:48:42:758] [vo.logVo.LogVo.<init>] [INFO] 日志实例已初始化...
[2020-03-15 17:48:42:759] [vo.logVo.LogVo.<init>] [INFO] 日志实例已初始化...
[2020-03-15 17:48:42:760] [vo.logVo.LogVo.<init>] [INFO] 日志实例已初始化...
[2020-03-15 17:48:42:761] [vo.logVo.LogVo.<init>] [INFO] 日志实例已初始化...
[2020-03-15 17:48:42:762] [vo.logVo.LogVo.<init>] [INFO] 日志实例已初始化...
[2020-03-15 17:48:42:764] [vo.logVo.LogVo.<init>] [INFO] 日志实例已初始化...
[2020-03-15 17:48:42:765] [vo.logVo.LogVo.<init>] [INFO] 日志实例已初始化...
[2020-03-15 17:48:42:766] [vo.logVo.LogVo.<init>] [INFO] 日志实例已初始化...
[2020-03-15 17:48:42:766] [vo.logVo.LogVo.<init>] [INFO] 日志实例已初始化...
[2020-03-15 17:48:42:767] [vo.logVo.LogVo.<init>] [INFO] 日志实例已初始化...
[2020-03-15 17:48:42:767] [vo.logVo.LogVo.<init>] [INFO] 日志实例已初始化...
[2020-03-15 17:48:42:768] [vo.logVo.LogVo.<init>] [INFO] 日志实例已初始化...
[2020-03-15 17:48:42:769] [vo.logVo.LogVo.<init>] [INFO] 日志实例已初始化...
[2020-03-15 17:48:42:769] [vo.logVo.LogVo.<init>] [INFO] 日志实例已初始化...
[2020-03-15 17:48:42:782] [vo.logVo.LogVo.<init>] [INFO] 日志实例已初始化...
[2020-03-15 17:48:42:783] [vo.logVo.LogVo.<init>] [INFO] 日志实例已初始化...
[2020-03-15 17:48:42:785] [vo.logVo.LogVo.<init>] [INFO] 日志实例已初始化...
[2020-03-15 17:48:42:785] [vo.logVo.LogVo.<init>] [INFO] 日志实例已初始化...
[2020-03-15 17:48:42:786] [vo.logVo.LogVo.<init>] [INFO] 日志实例已初始化...
[2020-03-15 17:48:42:790] [vo.logVo.LogVo.<init>] [INFO] 日志实例已初始化...
[2020-03-15 17:48:42:792] [vo.logVo.LogVo.<init>] [INFO] 日志实例已初始化...
[2020-03-15 17:48:42:797] [vo.logVo.LogVo.<init>] [INFO] 日志实例已初始化...
[2020-03-15 17:48:42:798] [vo.logVo.LogVo.<init>] [INFO] 日志实例已初始化...
[2020-03-15 17:48:42:799] [vo.logVo.LogVo.<init>] [INFO] 日志实例已初始化...
[2020-03-15 17:48:42:801] [vo.logVo.LogVo.<init>] [INFO] 日志实例已初始化...
[2020-03-15 17:48:42:802] [vo.logVo.LogVo.<init>] [INFO] 日志实例已初始化...
[2020-03-15 17:48:42:803] [vo.logVo.LogVo.<init>] [INFO] 日志实例已初始化...
[2020-03-15 17:48:42:805] [vo.logVo.LogVo.<init>] [INFO] 日志实例已初始化...
[2020-03-15 17:48:42:807] [vo.logVo.LogVo.<init>] [INFO] 日志实例已初始化...
[2020-03-15 17:48:42:808] [vo.logVo.LogVo.<init>] [INFO] 日志实例已初始化...
[2020-03-15 17:48:42:809] [vo.logVo.LogVo.<init>] [INFO] 日志实例已初始化...
[2020-03-15 17:48:42:811] [vo.logVo.LogVo.<init>] [INFO] 日志实例已初始化...
[2020-03-15 17:48:42:813] [vo.logVo.LogVo.<init>] [INFO] 日志实例已初始化...
[2020-03-15 17:48:42:813] [vo.logVo.LogVo.<init>] [INFO] 日志实例已初始化...
[2020-03-15 17:48:42:814] [vo.logVo.LogVo.<init>] [INFO] 日志实例已初始化...
[2020-03-15 17:48:42:815] [vo.logVo.LogVo.<init>] [INFO] 日志实例已初始化...
[2020-03-15 17:48:42:815] [vo.logVo.LogVo.<init>] [INFO] 日志实例已初始化...
[2020-03-15 17:48:42:816] [vo.logVo.LogVo.<init>] [INFO] 日志实例已初始化...
[2020-03-15 17:48:42:816] [vo.logVo.LogVo.<init>] [INFO] 日志实例已初始化...
[2020-03-15 17:48:42:817] [vo.logVo.LogVo.<init>] [INFO] 日志实例已初始化...
[2020-03-15 17:48:42:817] [vo.logVo.LogVo.<init>] [INFO] 日志实例已初始化...
[2020-03-15 17:48:42:818] [vo.logVo.LogVo.<init>] [INFO] 日志实例已初始化...
[2020-03-15 17:48:42:819] [vo.logVo.LogVo.<init>] [INFO] 日志实例已初始化...
[2020-03-15 17:48:42:826] [vo.logVo.LogVo.<init>] [INFO] 日志实例已初始化...
[2020-03-15 17:48:42:829] [vo.logVo.LogVo.<init>] [INFO] 日志实例已初始化...
[2020-03-15 17:48:42:830] [vo.logVo.LogVo.<init>] [INFO] 日志实例已初始化...
[2020-03-15 17:48:42:831] [vo.logVo.LogVo.<init>] [INFO] 日志实例已初始化...
[2020-03-15 17:48:42:831] [vo.logVo.LogVo.<init>] [INFO] 日志实例已初始化...
[2020-03-15 17:48:42:832] [vo.logVo.LogVo.<init>] [INFO] 日志实例已初始化...
[2020-03-15 17:48:42:833] [vo.logVo.LogVo.<init>] [INFO] 日志实例已初始化...
[2020-03-15 17:48:42:833] [vo.logVo.LogVo.<init>] [INFO] 日志实例已初始化...
[2020-03-15 17:48:42:834] [vo.logVo.LogVo.<init>] [INFO] 日志实例已初始化...
[2020-03-15 17:48:42:834] [vo.logVo.LogVo.<init>] [INFO] 日志实例已初始化...
[2020-03-15 17:48:42:835] [vo.logVo.LogVo.<init>] [INFO] 日志实例已初始化...
[2020-03-15 17:48:42:838] [vo.logVo.LogVo.<init>] [INFO] 日志实例已初始化...
[2020-03-15 17:48:42:840] [vo.logVo.LogVo.<init>] [INFO] 日志实例已初始化...
[2020-03-15 17:48:42:841] [vo.logVo.LogVo.<init>] [INFO] 日志实例已初始化...
[2020-03-15 17:48:42:842] [vo.logVo.LogVo.<init>] [INFO] 日志实例已初始化...
[2020-03-15 17:48:42:843] [vo.logVo.LogVo.<init>] [INFO] 日志实例已初始化...
[2020-03-15 17:48:42:844] [vo.logVo.LogVo.<init>] [INFO] 日志实例已初始化...
[2020-03-15 17:48:42:845] [vo.logVo.LogVo.<init>] [INFO] 日志实例已初始化...
[2020-03-15 17:48:42:846] [vo.logVo.LogVo.<init>] [INFO] 日志实例已初始化...
[2020-03-15 17:48:42:846] [vo.logVo.LogVo.<init>] [INFO] 日志实例已初始化...
[2020-03-15 17:48:42:847] [vo.logVo.LogVo.<init>] [INFO] 日志实例已初始化...
[2020-03-15 17:48:42:848] [vo.logVo.LogVo.<init>] [INFO] 日志实例已初始化...
[2020-03-15 17:48:42:849] [vo.logVo.LogVo.<init>] [INFO] 日志实例已初始化...
[2020-03-15 17:48:42:849] [vo.logVo.LogVo.<init>] [INFO] 日志实例已初始化...
[2020-03-15 17:48:42:850] [vo.logVo.LogVo.<init>] [INFO] 日志实例已初始化...
[2020-03-15 17:48:42:851] [vo.logVo.LogVo.<init>] [INFO] 日志实例已初始化...
[2020-03-15 17:48:42:856] [vo.logVo.LogVo.<init>] [INFO] 日志实例已初始化...
[2020-03-15 17:48:42:857] [vo.logVo.LogVo.<init>] [INFO] 日志实例已初始化...
[2020-03-15 17:48:42:858] [vo.logVo.LogVo.<init>] [INFO] 日志实例已初始化...
[2020-03-15 17:48:42:859] [vo.logVo.LogVo.<init>] [INFO] 日志实例已初始化...
[2020-03-15 17:48:42:859] [vo.logVo.LogVo.<init>] [INFO] 日志实例已初始化...
[2020-03-15 17:48:42:860] [vo.logVo.LogVo.<init>] [INFO] 日志实例已初始化...
[2020-03-15 17:48:42:860] [vo.logVo.LogVo.<init>] [INFO] 日志实例已初始化...
[2020-03-15 17:48:42:861] [vo.logVo.LogVo.<init>] [INFO] 日志实例已初始化...
[2020-03-15 17:48:42:861] [vo.logVo.LogVo.<init>] [INFO] 日志实例已初始化...
[2020-03-15 17:48:42:862] [vo.logVo.LogVo.<init>] [INFO] 日志实例已初始化...
[2020-03-15 17:48:42:862] [vo.logVo.LogVo.<init>] [INFO] 日志实例已初始化...
[2020-03-15 17:48:42:863] [vo.logVo.LogVo.<init>] [INFO] 日志实例已初始化...
[2020-03-15 17:48:42:863] [vo.logVo.LogVo.<init>] [INFO] 日志实例已初始化...
[2020-03-15 17:48:42:864] [vo.logVo.LogVo.<init>] [INFO] 日志实例已初始化...
[2020-03-15 17:48:42:864] [vo.logVo.LogVo.<init>] [INFO] 日志实例已初始化...
[2020-03-15 17:48:42:865] [vo.logVo.LogVo.<init>] [INFO] 日志实例已初始化...
[2020-03-15 17:48:42:866] [vo.logVo.LogVo.<init>] [INFO] 日志实例已初始化...
[2020-03-15 17:48:42:866] [vo.logVo.LogVo.<init>] [INFO] 日志实例已初始化...
[2020-03-15 17:48:42:867] [vo.logVo.LogVo.<init>] [INFO] 日志实例已初始化...
[2020-03-15 17:48:42:867] [vo.logVo.LogVo.<init>] [INFO] 日志实例已初始化...
[2020-03-15 17:48:42:870] [vo.logVo.LogVo.<init>] [INFO] 日志实例已初始化...
[2020-03-15 17:48:42:874] [vo.logVo.LogVo.<init>] [INFO] 日志实例已初始化...
[2020-03-15 17:48:42:876] [vo.logVo.LogVo.<init>] [INFO] 日志实例已初始化...
[2020-03-15 17:48:42:878] [vo.logVo.LogVo.<init>] [INFO] 日志实例已初始化...
[2020-03-15 17:48:42:879] [vo.logVo.LogVo.<init>] [INFO] 日志实例已初始化...
[2020-03-15 17:48:42:880] [vo.logVo.LogVo.<init>] [INFO] 日志实例已初始化...
[2020-03-15 17:48:42:880] [vo.logVo.LogVo.<init>] [INFO] 日志实例已初始化...
[2020-03-15 17:48:42:881] [vo.logVo.LogVo.<init>] [INFO] 日志实例已初始化...
[2020-03-15 17:48:42:881] [vo.logVo.LogVo.<init>] [INFO] 日志实例已初始化...
[2020-03-15 17:48:42:883] [vo.logVo.LogVo.<init>] [INFO] 日志实例已初始化...
[2020-03-15 17:48:42:884] [vo.logVo.LogVo.<init>] [INFO] 日志实例已初始化...
[2020-03-15 17:48:42:884] [vo.logVo.LogVo.<init>] [INFO] 日志实例已初始化...
[2020-03-15 17:48:42:885] [vo.logVo.LogVo.<init>] [INFO] 日志实例已初始化...
[2020-03-15 17:48:42:886] [vo.logVo.LogVo.<init>] [INFO] 日志实例已初始化...
[2020-03-15 17:48:42:887] [vo.logVo.LogVo.<init>] [INFO] 日志实例已初始化...
[2020-03-15 17:48:42:887] [vo.logVo.LogVo.<init>] [INFO] 日志实例已初始化...
[2020-03-15 17:48:42:889] [vo.logVo.LogVo.<init>] [INFO] 日志实例已初始化...
[2020-03-15 17:48:42:890] [vo.logVo.LogVo.<init>] [INFO] 日志实例已初始化...
[2020-03-15 17:48:42:890] [vo.logVo.LogVo.<init>] [INFO] 日志实例已初始化...
[2020-03-15 17:48:42:891] [vo.logVo.LogVo.<init>] [INFO] 日志实例已初始化...
[2020-03-15 17:48:42:892] [vo.logVo.LogVo.<init>] [INFO] 日志实例已初始化...
[2020-03-15 17:48:42:893] [vo.logVo.LogVo.<init>] [INFO] 日志实例已初始化...
[2020-03-15 17:48:42:893] [vo.logVo.LogVo.<init>] [INFO] 日志实例已初始化...
[2020-03-15 17:48:42:894] [vo.logVo.LogVo.<init>] [INFO] 日志实例已初始化...
[2020-03-15 17:48:42:894] [vo.logVo.LogVo.<init>] [INFO] 日志实例已初始化...
[2020-03-15 17:48:42:895] [vo.logVo.LogVo.<init>] [INFO] 日志实例已初始化...
[2020-03-15 17:48:42:895] [vo.logVo.LogVo.<init>] [INFO] 日志实例已初始化...
[2020-03-15 17:48:42:895] [vo.logVo.LogVo.<init>] [INFO] 日志实例已初始化...
[2020-03-15 17:48:42:897] [vo.logVo.LogVo.<init>] [INFO] 日志实例已初始化...
[2020-03-15 17:48:42:898] [vo.logVo.LogVo.<init>] [INFO] 日志实例已初始化...
[2020-03-15 17:48:42:899] [vo.logVo.LogVo.<init>] [INFO] 日志实例已初始化...
[2020-03-15 17:48:42:900] [vo.logVo.LogVo.<init>] [INFO] 日志实例已初始化...
[2020-03-15 17:48:42:900] [vo.logVo.LogVo.<init>] [INFO] 日志实例已初始化...
[2020-03-15 17:48:42:901] [vo.logVo.LogVo.<init>] [INFO] 日志实例已初始化...
[2020-03-15 17:48:42:901] [vo.logVo.LogVo.<init>] [INFO] 日志实例已初始化...
[2020-03-15 17:48:42:902] [vo.logVo.LogVo.<init>] [INFO] 日志实例已初始化...
[2020-03-15 17:48:42:903] [vo.logVo.LogVo.<init>] [INFO] 日志实例已初始化...
[2020-03-15 17:48:42:904] [vo.logVo.LogVo.<init>] [INFO] 日志实例已初始化...
[2020-03-15 17:48:42:905] [vo.logVo.LogVo.<init>] [INFO] 日志实例已初始化...
[2020-03-15 17:48:42:906] [vo.logVo.LogVo.<init>] [INFO] 日志实例已初始化...
[2020-03-15 17:48:42:906] [vo.logVo.LogVo.<init>] [INFO] 日志实例已初始化...
[2020-03-15 17:48:42:907] [vo.logVo.LogVo.<init>] [INFO] 日志实例已初始化...
[2020-03-15 17:48:42:909] [vo.logVo.LogVo.<init>] [INFO] 日志实例已初始化...
[2020-03-15 17:48:42:909] [vo.logVo.LogVo.<init>] [INFO] 日志实例已初始化...
[2020-03-15 17:48:42:910] [vo.logVo.LogVo.<init>] [INFO] 日志实例已初始化...
[2020-03-15 17:48:42:910] [vo.logVo.LogVo.<init>] [INFO] 日志实例已初始化...
[2020-03-15 17:48:42:911] [vo.logVo.LogVo.<init>] [INFO] 日志实例已初始化...
[2020-03-15 17:48:42:913] [vo.logVo.LogVo.<init>] [INFO] 日志实例已初始化...
[2020-03-15 17:48:42:913] [vo.logVo.LogVo.<init>] [INFO] 日志实例已初始化...
[2020-03-15 17:48:42:914] [vo.logVo.LogVo.<init>] [INFO] 日志实例已初始化...
[2020-03-15 17:48:42:915] [vo.logVo.LogVo.<init>] [INFO] 日志实例已初始化...
[2020-03-15 17:48:42:915] [vo.logVo.LogVo.<init>] [INFO] 日志实例已初始化...
[2020-03-15 17:48:42:916] [vo.logVo.LogVo.<init>] [INFO] 日志实例已初始化...
[2020-03-15 17:48:42:916] [vo.logVo.LogVo.<init>] [INFO] 日志实例已初始化...
[2020-03-15 17:48:42:917] [vo.logVo.LogVo.<init>] [INFO] 日志实例已初始化...
[2020-03-15 17:48:42:918] [vo.logVo.LogVo.<init>] [INFO] 日志实例已初始化...
[2020-03-15 17:48:42:919] [vo.logVo.LogVo.<init>] [INFO] 日志实例已初始化...
[2020-03-15 17:48:42:919] [vo.logVo.LogVo.<init>] [INFO] 日志实例已初始化...
[2020-03-15 17:48:42:920] [vo.logVo.LogVo.<init>] [INFO] 日志实例已初始化...
[2020-03-15 17:48:42:923] [vo.logVo.LogVo.<init>] [INFO] 日志实例已初始化...
[2020-03-15 17:48:42:924] [vo.logVo.LogVo.<init>] [INFO] 日志实例已初始化...
[2020-03-15 17:48:42:925] [vo.logVo.LogVo.<init>] [INFO] 日志实例已初始化...
[2020-03-15 17:48:42:926] [vo.logVo.LogVo.<init>] [INFO] 日志实例已初始化...
[2020-03-15 17:48:42:927] [vo.logVo.LogVo.<init>] [INFO] 日志实例已初始化...
[2020-03-15 17:48:42:928] [vo.logVo.LogVo.<init>] [INFO] 日志实例已初始化...
[2020-03-15 17:48:42:929] [vo.logVo.LogVo.<init>] [INFO] 日志实例已初始化...
[2020-03-15 17:48:42:930] [vo.logVo.LogVo.<init>] [INFO] 日志实例已初始化...
[2020-03-15 17:48:42:931] [vo.logVo.LogVo.<init>] [INFO] 日志实例已初始化...
[2020-03-15 17:48:42:933] [vo.logVo.LogVo.<init>] [INFO] 日志实例已初始化...
[2020-03-15 17:48:42:934] [vo.logVo.LogVo.<init>] [INFO] 日志实例已初始化...
[2020-03-15 17:48:42:935] [vo.logVo.LogVo.<init>] [INFO] 日志实例已初始化...
[2020-03-15 17:48:42:936] [vo.logVo.LogVo.<init>] [INFO] 日志实例已初始化...
[2020-03-15 17:48:42:936] [vo.logVo.LogVo.<init>] [INFO] 日志实例已初始化...
[2020-03-15 17:48:42:937] [vo.logVo.LogVo.<init>] [INFO] 日志实例已初始化...
[2020-03-15 17:48:42:938] [vo.logVo.LogVo.<init>] [INFO] 日志实例已初始化...
[2020-03-15 17:48:42:939] [vo.logVo.LogVo.<init>] [INFO] 日志实例已初始化...
[2020-03-15 17:48:42:940] [vo.logVo.LogVo.<init>] [INFO] 日志实例已初始化...
[2020-03-15 17:48:42:940] [vo.logVo.LogVo.<init>] [INFO] 日志实例已初始化...
[2020-03-15 17:48:42:941] [vo.logVo.LogVo.<init>] [INFO] 日志实例已初始化...
[2020-03-15 17:48:42:941] [vo.logVo.LogVo.<init>] [INFO] 日志实例已初始化...
[2020-03-15 17:48:42:942] [vo.logVo.LogVo.<init>] [INFO] 日志实例已初始化...
[2020-03-15 17:48:42:942] [vo.logVo.LogVo.<init>] [INFO] 日志实例已初始化...
[2020-03-15 17:48:42:944] [vo.logVo.LogVo.<init>] [INFO] 日志实例已初始化...
[2020-03-15 17:48:42:944] [vo.logVo.LogVo.<init>] [INFO] 日志实例已初始化...
[2020-03-15 17:48:42:945] [vo.logVo.LogVo.<init>] [INFO] 日志实例已初始化...
[2020-03-15 17:48:42:946] [vo.logVo.LogVo.<init>] [INFO] 日志实例已初始化...
[2020-03-15 17:48:42:946] [vo.logVo.LogVo.<init>] [INFO] 日志实例已初始化...
[2020-03-15 17:48:42:947] [vo.logVo.LogVo.<init>] [INFO] 日志实例已初始化...
[2020-03-15 17:48:42:947] [vo.logVo.LogVo.<init>] [INFO] 日志实例已初始化...
[2020-03-15 17:48:42:948] [vo.logVo.LogVo.<init>] [INFO] 日志实例已初始化...
[2020-03-15 17:48:42:949] [vo.logVo.LogVo.<init>] [INFO] 日志实例已初始化...
[2020-03-15 17:48:42:949] [vo.logVo.LogVo.<init>] [INFO] 日志实例已初始化...
[2020-03-15 17:48:42:950] [vo.logVo.LogVo.<init>] [INFO] 日志实例已初始化...
[2020-03-15 17:48:42:950] [vo.logVo.LogVo.<init>] [INFO] 日志实例已初始化...
[2020-03-15 17:48:42:951] [vo.logVo.LogVo.<init>] [INFO] 日志实例已初始化...
[2020-03-15 17:48:42:951] [vo.logVo.LogVo.<init>] [INFO] 日志实例已初始化...
[2020-03-15 17:48:42:952] [vo.logVo.LogVo.<init>] [INFO] 日志实例已初始化...
[2020-03-15 17:48:42:953] [vo.logVo.LogVo.<init>] [INFO] 日志实例已初始化...
[2020-03-15 17:48:42:953] [vo.logVo.LogVo.<init>] [INFO] 日志实例已初始化...
[2020-03-15 17:48:42:954] [vo.logVo.LogVo.<init>] [INFO] 日志实例已初始化...
[2020-03-15 17:48:42:955] [vo.logVo.LogVo.<init>] [INFO] 日志实例已初始化...
[2020-03-15 17:48:42:956] [vo.logVo.LogVo.<init>] [INFO] 日志实例已初始化...
[2020-03-15 17:48:42:957] [vo.logVo.LogVo.<init>] [INFO] 日志实例已初始化...
[2020-03-15 17:48:42:957] [vo.logVo.LogVo.<init>] [INFO] 日志实例已初始化...
[2020-03-15 17:48:42:958] [vo.logVo.LogVo.<init>] [INFO] 日志实例已初始化...
[2020-03-15 17:48:42:960] [vo.logVo.LogVo.<init>] [INFO] 日志实例已初始化...
[2020-03-15 17:48:42:961] [vo.logVo.LogVo.<init>] [INFO] 日志实例已初始化...
[2020-03-15 17:48:42:961] [vo.logVo.LogVo.<init>] [INFO] 日志实例已初始化...
[2020-03-15 17:48:42:962] [vo.logVo.LogVo.<init>] [INFO] 日志实例已初始化...
[2020-03-15 17:48:42:963] [vo.logVo.LogVo.<init>] [INFO] 日志实例已初始化...
[2020-03-15 17:48:42:964] [vo.logVo.LogVo.<init>] [INFO] 日志实例已初始化...
[2020-03-15 17:48:42:964] [vo.logVo.LogVo.<init>] [INFO] 日志实例已初始化...
[2020-03-15 17:48:42:965] [vo.logVo.LogVo.<init>] [INFO] 日志实例已初始化...
[2020-03-15 17:48:42:965] [vo.logVo.LogVo.<init>] [INFO] 日志实例已初始化...
[2020-03-15 17:48:42:965] [vo.logVo.LogVo.<init>] [INFO] 日志实例已初始化...
[2020-03-15 17:48:42:966] [vo.logVo.LogVo.<init>] [INFO] 日志实例已初始化...
[2020-03-15 17:48:42:966] [vo.logVo.LogVo.<init>] [INFO] 日志实例已初始化...
[2020-03-15 17:48:42:967] [vo.logVo.LogVo.<init>] [INFO] 日志实例已初始化...
[2020-03-15 17:48:42:967] [vo.logVo.LogVo.<init>] [INFO] 日志实例已初始化...
[2020-03-15 17:48:42:968] [vo.logVo.LogVo.<init>] [INFO] 日志实例已初始化...
[2020-03-15 17:48:42:969] [vo.logVo.LogVo.<init>] [INFO] 日志实例已初始化...
[2020-03-15 17:48:42:969] [vo.logVo.LogVo.<init>] [INFO] 日志实例已初始化...
[2020-03-15 17:48:43:027] [vo.logVo.LogVo.<init>] [INFO] 日志实例已初始化...
[2020-03-15 17:48:43:037] [vo.logVo.LogVo.<init>] [INFO] 日志实例已初始化...
[2020-03-15 17:48:46:016] [vo.logVo.LogVo.<init>] [INFO] 日志实例已初始化...
[2020-03-15 17:48:46:017] [vo.logVo.LogVo.<init>] [INFO] 日志实例已初始化...
[2020-03-15 17:48:46:018] [vo.logVo.LogVo.<init>] [INFO] 日志实例已初始化...
[2020-03-15 17:48:46:019] [vo.logVo.LogVo.<init>] [INFO] 日志实例已初始化...
[2020-03-15 17:48:46:021] [vo.logVo.LogVo.<init>] [INFO] 日志实例已初始化...
[2020-03-15 17:48:46:022] [vo.logVo.LogVo.<init>] [INFO] 日志实例已初始化...
[2020-03-15 17:48:46:023] [vo.logVo.LogVo.<init>] [INFO] 日志实例已初始化...
[2020-03-15 17:48:46:023] [vo.logVo.LogVo.<init>] [INFO] 日志实例已初始化...
[2020-03-15 17:48:46:024] [vo.logVo.LogVo.<init>] [INFO] 日志实例已初始化...
[2020-03-15 17:48:46:025] [vo.logVo.LogVo.<init>] [INFO] 日志实例已初始化...
[2020-03-15 17:48:46:025] [vo.logVo.LogVo.<init>] [INFO] 日志实例已初始化...
[2020-03-15 17:48:46:026] [vo.logVo.LogVo.<init>] [INFO] 日志实例已初始化...
[2020-03-15 17:48:46:026] [vo.logVo.LogVo.<init>] [INFO] 日志实例已初始化...
[2020-03-15 17:48:46:028] [vo.logVo.LogVo.<init>] [INFO] 日志实例已初始化...
[2020-03-15 17:48:46:028] [vo.logVo.LogVo.<init>] [INFO] 日志实例已初始化...
[2020-03-15 17:48:46:029] [vo.logVo.LogVo.<init>] [INFO] 日志实例已初始化...
[2020-03-15 17:48:46:030] [vo.logVo.LogVo.<init>] [INFO] 日志实例已初始化...
[2020-03-15 17:48:46:031] [vo.logVo.LogVo.<init>] [INFO] 日志实例已初始化...
[2020-03-15 17:48:46:032] [vo.logVo.LogVo.<init>] [INFO] 日志实例已初始化...
[2020-03-15 17:48:46:033] [vo.logVo.LogVo.<init>] [INFO] 日志实例已初始化...
[2020-03-15 17:48:46:036] [vo.logVo.LogVo.<init>] [INFO] 日志实例已初始化...
[2020-03-15 17:48:46:037] [vo.logVo.LogVo.<init>] [INFO] 日志实例已初始化...
[2020-03-15 17:48:46:040] [vo.logVo.LogVo.<init>] [INFO] 日志实例已初始化...
[2020-03-15 17:48:46:042] [vo.logVo.LogVo.<init>] [INFO] 日志实例已初始化...
[2020-03-15 17:48:46:043] [vo.logVo.LogVo.<init>] [INFO] 日志实例已初始化...
[2020-03-15 17:48:46:045] [vo.logVo.LogVo.<init>] [INFO] 日志实例已初始化...
[2020-03-15 17:48:46:046] [vo.logVo.LogVo.<init>] [INFO] 日志实例已初始化...
[2020-03-15 17:48:46:047] [vo.logVo.LogVo.<init>] [INFO] 日志实例已初始化...
[2020-03-15 17:48:46:048] [vo.logVo.LogVo.<init>] [INFO] 日志实例已初始化...
[2020-03-15 17:48:46:049] [vo.logVo.LogVo.<init>] [INFO] 日志实例已初始化...
[2020-03-15 17:48:46:049] [vo.logVo.LogVo.<init>] [INFO] 日志实例已初始化...
[2020-03-15 17:48:46:050] [vo.logVo.LogVo.<init>] [INFO] 日志实例已初始化...
[2020-03-15 17:48:46:051] [vo.logVo.LogVo.<init>] [INFO] 日志实例已初始化...
[2020-03-15 17:48:46:053] [vo.logVo.LogVo.<init>] [INFO] 日志实例已初始化...
[2020-03-15 17:48:46:054] [vo.logVo.LogVo.<init>] [INFO] 日志实例已初始化...
[2020-03-15 17:48:46:055] [vo.logVo.LogVo.<init>] [INFO] 日志实例已初始化...
[2020-03-15 17:48:46:056] [vo.logVo.LogVo.<init>] [INFO] 日志实例已初始化...
[2020-03-15 17:48:46:057] [vo.logVo.LogVo.<init>] [INFO] 日志实例已初始化...
[2020-03-15 17:48:46:059] [vo.logVo.LogVo.<init>] [INFO] 日志实例已初始化...
[2020-03-15 17:48:46:061] [vo.logVo.LogVo.<init>] [INFO] 日志实例已初始化...
[2020-03-15 17:48:46:062] [vo.logVo.LogVo.<init>] [INFO] 日志实例已初始化...
[2020-03-15 17:48:46:063] [vo.logVo.LogVo.<init>] [INFO] 日志实例已初始化...
[2020-03-15 17:48:46:063] [vo.logVo.LogVo.<init>] [INFO] 日志实例已初始化...
[2020-03-15 17:48:46:064] [vo.logVo.LogVo.<init>] [INFO] 日志实例已初始化...
[2020-03-15 17:48:46:065] [vo.logVo.LogVo.<init>] [INFO] 日志实例已初始化...
[2020-03-15 17:48:46:066] [vo.logVo.LogVo.<init>] [INFO] 日志实例已初始化...
[2020-03-15 17:48:46:066] [vo.logVo.LogVo.<init>] [INFO] 日志实例已初始化...
[2020-03-15 17:48:46:067] [vo.logVo.LogVo.<init>] [INFO] 日志实例已初始化...
[2020-03-15 17:48:46:069] [vo.logVo.LogVo.<init>] [INFO] 日志实例已初始化...
[2020-03-15 17:48:46:069] [vo.logVo.LogVo.<init>] [INFO] 日志实例已初始化...
[2020-03-15 17:48:46:070] [vo.logVo.LogVo.<init>] [INFO] 日志实例已初始化...
[2020-03-15 17:48:46:071] [vo.logVo.LogVo.<init>] [INFO] 日志实例已初始化...
[2020-03-15 17:48:46:072] [vo.logVo.LogVo.<init>] [INFO] 日志实例已初始化...
[2020-03-15 17:48:46:073] [vo.logVo.LogVo.<init>] [INFO] 日志实例已初始化...
[2020-03-15 17:48:46:073] [vo.logVo.LogVo.<init>] [INFO] 日志实例已初始化...
[2020-03-15 17:48:46:074] [vo.logVo.LogVo.<init>] [INFO] 日志实例已初始化...
[2020-03-15 17:48:46:076] [vo.logVo.LogVo.<init>] [INFO] 日志实例已初始化...
[2020-03-15 17:48:46:077] [vo.logVo.LogVo.<init>] [INFO] 日志实例已初始化...
[2020-03-15 17:48:46:077] [vo.logVo.LogVo.<init>] [INFO] 日志实例已初始化...
[2020-03-15 17:48:46:078] [vo.logVo.LogVo.<init>] [INFO] 日志实例已初始化...
[2020-03-15 17:48:46:079] [vo.logVo.LogVo.<init>] [INFO] 日志实例已初始化...
[2020-03-15 17:48:46:080] [vo.logVo.LogVo.<init>] [INFO] 日志实例已初始化...
[2020-03-15 17:48:46:080] [vo.logVo.LogVo.<init>] [INFO] 日志实例已初始化...
[2020-03-15 17:48:46:081] [vo.logVo.LogVo.<init>] [INFO] 日志实例已初始化...
[2020-03-15 17:48:46:082] [vo.logVo.LogVo.<init>] [INFO] 日志实例已初始化...
[2020-03-15 17:48:46:083] [vo.logVo.LogVo.<init>] [INFO] 日志实例已初始化...
[2020-03-15 17:48:46:085] [vo.logVo.LogVo.<init>] [INFO] 日志实例已初始化...
[2020-03-15 17:48:46:086] [vo.logVo.LogVo.<init>] [INFO] 日志实例已初始化...
[2020-03-15 17:48:46:087] [vo.logVo.LogVo.<init>] [INFO] 日志实例已初始化...
[2020-03-15 17:48:46:088] [vo.logVo.LogVo.<init>] [INFO] 日志实例已初始化...
[2020-03-15 17:48:46:088] [vo.logVo.LogVo.<init>] [INFO] 日志实例已初始化...
[2020-03-15 17:48:46:089] [vo.logVo.LogVo.<init>] [INFO] 日志实例已初始化...
[2020-03-15 17:48:46:090] [vo.logVo.LogVo.<init>] [INFO] 日志实例已初始化...
[2020-03-15 17:48:46:090] [vo.logVo.LogVo.<init>] [INFO] 日志实例已初始化...
[2020-03-15 17:48:46:091] [vo.logVo.LogVo.<init>] [INFO] 日志实例已初始化...
[2020-03-15 17:48:46:092] [vo.logVo.LogVo.<init>] [INFO] 日志实例已初始化...
[2020-03-15 17:48:46:092] [vo.logVo.LogVo.<init>] [INFO] 日志实例已初始化...
[2020-03-15 17:48:46:093] [vo.logVo.LogVo.<init>] [INFO] 日志实例已初始化...
[2020-03-15 17:48:46:093] [vo.logVo.LogVo.<init>] [INFO] 日志实例已初始化...
[2020-03-15 17:48:46:094] [vo.logVo.LogVo.<init>] [INFO] 日志实例已初始化...
[2020-03-15 17:48:46:095] [vo.logVo.LogVo.<init>] [INFO] 日志实例已初始化...
[2020-03-15 17:48:46:095] [vo.logVo.LogVo.<init>] [INFO] 日志实例已初始化...
[2020-03-15 17:48:46:095] [vo.logVo.LogVo.<init>] [INFO] 日志实例已初始化...
[2020-03-15 17:48:46:096] [vo.logVo.LogVo.<init>] [INFO] 日志实例已初始化...
[2020-03-15 17:48:46:096] [vo.logVo.LogVo.<init>] [INFO] 日志实例已初始化...
[2020-03-15 17:48:46:097] [vo.logVo.LogVo.<init>] [INFO] 日志实例已初始化...
[2020-03-15 17:48:46:097] [vo.logVo.LogVo.<init>] [INFO] 日志实例已初始化...
[2020-03-15 17:48:46:098] [vo.logVo.LogVo.<init>] [INFO] 日志实例已初始化...
[2020-03-15 17:48:46:098] [vo.logVo.LogVo.<init>] [INFO] 日志实例已初始化...
[2020-03-15 17:48:46:098] [vo.logVo.LogVo.<init>] [INFO] 日志实例已初始化...
[2020-03-15 17:48:46:099] [vo.logVo.LogVo.<init>] [INFO] 日志实例已初始化...
[2020-03-15 17:48:46:099] [vo.logVo.LogVo.<init>] [INFO] 日志实例已初始化...
[2020-03-15 17:48:46:100] [vo.logVo.LogVo.<init>] [INFO] 日志实例已初始化...
[2020-03-15 17:48:46:100] [vo.logVo.LogVo.<init>] [INFO] 日志实例已初始化...
[2020-03-15 17:48:46:103] [vo.logVo.LogVo.<init>] [INFO] 日志实例已初始化...
[2020-03-15 17:48:46:103] [vo.logVo.LogVo.<init>] [INFO] 日志实例已初始化...
[2020-03-15 17:48:46:104] [vo.logVo.LogVo.<init>] [INFO] 日志实例已初始化...
[2020-03-15 17:48:46:104] [vo.logVo.LogVo.<init>] [INFO] 日志实例已初始化...
[2020-03-15 17:48:46:105] [vo.logVo.LogVo.<init>] [INFO] 日志实例已初始化...
[2020-03-15 17:48:46:105] [vo.logVo.LogVo.<init>] [INFO] 日志实例已初始化...
[2020-03-15 17:48:46:106] [vo.logVo.LogVo.<init>] [INFO] 日志实例已初始化...
[2020-03-15 17:48:46:106] [vo.logVo.LogVo.<init>] [INFO] 日志实例已初始化...
[2020-03-15 17:48:46:107] [vo.logVo.LogVo.<init>] [INFO] 日志实例已初始化...
[2020-03-15 17:48:46:108] [vo.logVo.LogVo.<init>] [INFO] 日志实例已初始化...
[2020-03-15 17:48:46:109] [vo.logVo.LogVo.<init>] [INFO] 日志实例已初始化...
[2020-03-15 17:48:46:109] [vo.logVo.LogVo.<init>] [INFO] 日志实例已初始化...
[2020-03-15 17:48:46:110] [vo.logVo.LogVo.<init>] [INFO] 日志实例已初始化...
[2020-03-15 17:48:46:110] [vo.logVo.LogVo.<init>] [INFO] 日志实例已初始化...
[2020-03-15 17:48:46:111] [vo.logVo.LogVo.<init>] [INFO] 日志实例已初始化...
[2020-03-15 17:48:46:111] [vo.logVo.LogVo.<init>] [INFO] 日志实例已初始化...
[2020-03-15 17:48:46:111] [vo.logVo.LogVo.<init>] [INFO] 日志实例已初始化...
[2020-03-15 17:48:46:112] [vo.logVo.LogVo.<init>] [INFO] 日志实例已初始化...
[2020-03-15 17:48:46:112] [vo.logVo.LogVo.<init>] [INFO] 日志实例已初始化...
[2020-03-15 17:48:46:113] [vo.logVo.LogVo.<init>] [INFO] 日志实例已初始化...
[2020-03-15 17:48:46:114] [vo.logVo.LogVo.<init>] [INFO] 日志实例已初始化...
[2020-03-15 17:48:46:114] [vo.logVo.LogVo.<init>] [INFO] 日志实例已初始化...
[2020-03-15 17:48:46:114] [vo.logVo.LogVo.<init>] [INFO] 日志实例已初始化...
[2020-03-15 17:48:46:115] [vo.logVo.LogVo.<init>] [INFO] 日志实例已初始化...
[2020-03-15 17:48:46:116] [vo.logVo.LogVo.<init>] [INFO] 日志实例已初始化...
[2020-03-15 17:48:46:116] [vo.logVo.LogVo.<init>] [INFO] 日志实例已初始化...
[2020-03-15 17:48:46:117] [vo.logVo.LogVo.<init>] [INFO] 日志实例已初始化...
[2020-03-15 17:48:46:118] [vo.logVo.LogVo.<init>] [INFO] 日志实例已初始化...
[2020-03-15 17:48:46:119] [vo.logVo.LogVo.<init>] [INFO] 日志实例已初始化...
[2020-03-15 17:48:46:121] [vo.logVo.LogVo.<init>] [INFO] 日志实例已初始化...
[2020-03-15 17:48:46:122] [vo.logVo.LogVo.<init>] [INFO] 日志实例已初始化...
[2020-03-15 17:48:46:123] [vo.logVo.LogVo.<init>] [INFO] 日志实例已初始化...
[2020-03-15 17:48:46:124] [vo.logVo.LogVo.<init>] [INFO] 日志实例已初始化...
[2020-03-15 17:48:46:125] [vo.logVo.LogVo.<init>] [INFO] 日志实例已初始化...
[2020-03-15 17:48:46:126] [vo.logVo.LogVo.<init>] [INFO] 日志实例已初始化...
[2020-03-15 17:48:46:128] [vo.logVo.LogVo.<init>] [INFO] 日志实例已初始化...
[2020-03-15 17:48:46:128] [vo.logVo.LogVo.<init>] [INFO] 日志实例已初始化...
[2020-03-15 17:48:46:129] [vo.logVo.LogVo.<init>] [INFO] 日志实例已初始化...
[2020-03-15 17:48:46:130] [vo.logVo.LogVo.<init>] [INFO] 日志实例已初始化...
[2020-03-15 17:48:46:131] [vo.logVo.LogVo.<init>] [INFO] 日志实例已初始化...
[2020-03-15 17:48:46:133] [vo.logVo.LogVo.<init>] [INFO] 日志实例已初始化...
[2020-03-15 17:48:46:136] [vo.logVo.LogVo.<init>] [INFO] 日志实例已初始化...
[2020-03-15 17:48:46:137] [vo.logVo.LogVo.<init>] [INFO] 日志实例已初始化...
[2020-03-15 17:48:46:138] [vo.logVo.LogVo.<init>] [INFO] 日志实例已初始化...
[2020-03-15 17:48:46:140] [vo.logVo.LogVo.<init>] [INFO] 日志实例已初始化...
[2020-03-15 17:48:46:141] [vo.logVo.LogVo.<init>] [INFO] 日志实例已初始化...
[2020-03-15 17:48:46:143] [vo.logVo.LogVo.<init>] [INFO] 日志实例已初始化...
[2020-03-15 17:48:46:143] [vo.logVo.LogVo.<init>] [INFO] 日志实例已初始化...
[2020-03-15 17:48:46:144] [vo.logVo.LogVo.<init>] [INFO] 日志实例已初始化...
[2020-03-15 17:48:46:145] [vo.logVo.LogVo.<init>] [INFO] 日志实例已初始化...
[2020-03-15 17:48:46:145] [vo.logVo.LogVo.<init>] [INFO] 日志实例已初始化...
[2020-03-15 17:48:46:146] [vo.logVo.LogVo.<init>] [INFO] 日志实例已初始化...
[2020-03-15 17:48:46:148] [vo.logVo.LogVo.<init>] [INFO] 日志实例已初始化...
[2020-03-15 17:48:46:149] [vo.logVo.LogVo.<init>] [INFO] 日志实例已初始化...
[2020-03-15 17:48:46:154] [vo.logVo.LogVo.<init>] [INFO] 日志实例已初始化...
[2020-03-15 17:48:46:155] [vo.logVo.LogVo.<init>] [INFO] 日志实例已初始化...
[2020-03-15 17:48:46:160] [vo.logVo.LogVo.<init>] [INFO] 日志实例已初始化...
[2020-03-15 17:48:46:161] [vo.logVo.LogVo.<init>] [INFO] 日志实例已初始化...
[2020-03-15 17:48:46:162] [vo.logVo.LogVo.<init>] [INFO] 日志实例已初始化...
[2020-03-15 17:48:46:162] [vo.logVo.LogVo.<init>] [INFO] 日志实例已初始化...
[2020-03-15 17:48:46:163] [vo.logVo.LogVo.<init>] [INFO] 日志实例已初始化...
[2020-03-15 17:48:46:163] [vo.logVo.LogVo.<init>] [INFO] 日志实例已初始化...
[2020-03-15 17:48:46:164] [vo.logVo.LogVo.<init>] [INFO] 日志实例已初始化...
[2020-03-15 17:48:46:164] [vo.logVo.LogVo.<init>] [INFO] 日志实例已初始化...
[2020-03-15 17:48:46:165] [vo.logVo.LogVo.<init>] [INFO] 日志实例已初始化...
[2020-03-15 17:48:46:165] [vo.logVo.LogVo.<init>] [INFO] 日志实例已初始化...
[2020-03-15 17:48:46:165] [vo.logVo.LogVo.<init>] [INFO] 日志实例已初始化...
[2020-03-15 17:48:46:166] [vo.logVo.LogVo.<init>] [INFO] 日志实例已初始化...
[2020-03-15 17:48:46:166] [vo.logVo.LogVo.<init>] [INFO] 日志实例已初始化...
[2020-03-15 17:48:46:166] [vo.logVo.LogVo.<init>] [INFO] 日志实例已初始化...
[2020-03-15 17:48:46:167] [vo.logVo.LogVo.<init>] [INFO] 日志实例已初始化...
[2020-03-15 17:48:46:169] [vo.logVo.LogVo.<init>] [INFO] 日志实例已初始化...
[2020-03-15 17:48:46:170] [vo.logVo.LogVo.<init>] [INFO] 日志实例已初始化...
[2020-03-15 17:48:46:170] [vo.logVo.LogVo.<init>] [INFO] 日志实例已初始化...
[2020-03-15 17:48:46:171] [vo.logVo.LogVo.<init>] [INFO] 日志实例已初始化...
[2020-03-15 17:48:46:171] [vo.logVo.LogVo.<init>] [INFO] 日志实例已初始化...
[2020-03-15 17:48:46:172] [vo.logVo.LogVo.<init>] [INFO] 日志实例已初始化...
[2020-03-15 17:48:46:172] [vo.logVo.LogVo.<init>] [INFO] 日志实例已初始化...
[2020-03-15 17:48:46:173] [vo.logVo.LogVo.<init>] [INFO] 日志实例已初始化...
[2020-03-15 17:48:46:173] [vo.logVo.LogVo.<init>] [INFO] 日志实例已初始化...
[2020-03-15 17:48:46:174] [vo.logVo.LogVo.<init>] [INFO] 日志实例已初始化...
[2020-03-15 17:48:46:174] [vo.logVo.LogVo.<init>] [INFO] 日志实例已初始化...
[2020-03-15 17:48:46:175] [vo.logVo.LogVo.<init>] [INFO] 日志实例已初始化...
[2020-03-15 17:48:46:175] [vo.logVo.LogVo.<init>] [INFO] 日志实例已初始化...
[2020-03-15 17:48:46:176] [vo.logVo.LogVo.<init>] [INFO] 日志实例已初始化...
[2020-03-15 17:48:46:176] [vo.logVo.LogVo.<init>] [INFO] 日志实例已初始化...
[2020-03-15 17:48:46:177] [vo.logVo.LogVo.<init>] [INFO] 日志实例已初始化...
[2020-03-15 17:48:46:177] [vo.logVo.LogVo.<init>] [INFO] 日志实例已初始化...
[2020-03-15 17:48:46:178] [vo.logVo.LogVo.<init>] [INFO] 日志实例已初始化...
[2020-03-15 17:48:46:178] [vo.logVo.LogVo.<init>] [INFO] 日志实例已初始化...
[2020-03-15 17:48:46:179] [vo.logVo.LogVo.<init>] [INFO] 日志实例已初始化...
[2020-03-15 17:48:46:180] [vo.logVo.LogVo.<init>] [INFO] 日志实例已初始化...
[2020-03-15 17:48:46:180] [vo.logVo.LogVo.<init>] [INFO] 日志实例已初始化...
[2020-03-15 17:48:46:181] [vo.logVo.LogVo.<init>] [INFO] 日志实例已初始化...
[2020-03-15 17:48:46:181] [vo.logVo.LogVo.<init>] [INFO] 日志实例已初始化...
[2020-03-15 17:48:46:182] [vo.logVo.LogVo.<init>] [INFO] 日志实例已初始化...
[2020-03-15 17:48:46:183] [vo.logVo.LogVo.<init>] [INFO] 日志实例已初始化...
[2020-03-15 17:48:46:184] [vo.logVo.LogVo.<init>] [INFO] 日志实例已初始化...
[2020-03-15 17:48:46:187] [vo.logVo.LogVo.<init>] [INFO] 日志实例已初始化...
[2020-03-15 17:48:46:188] [vo.logVo.LogVo.<init>] [INFO] 日志实例已初始化...
[2020-03-15 17:48:46:189] [vo.logVo.LogVo.<init>] [INFO] 日志实例已初始化...
[2020-03-15 17:48:46:189] [vo.logVo.LogVo.<init>] [INFO] 日志实例已初始化...
[2020-03-15 17:48:46:190] [vo.logVo.LogVo.<init>] [INFO] 日志实例已初始化...
[2020-03-15 17:48:46:191] [vo.logVo.LogVo.<init>] [INFO] 日志实例已初始化...
[2020-03-15 17:48:46:191] [vo.logVo.LogVo.<init>] [INFO] 日志实例已初始化...
[2020-03-15 17:48:46:192] [vo.logVo.LogVo.<init>] [INFO] 日志实例已初始化...
[2020-03-15 17:48:46:192] [vo.logVo.LogVo.<init>] [INFO] 日志实例已初始化...
[2020-03-15 17:48:46:193] [vo.logVo.LogVo.<init>] [INFO] 日志实例已初始化...
[2020-03-15 17:48:46:193] [vo.logVo.LogVo.<init>] [INFO] 日志实例已初始化...
[2020-03-15 17:48:46:193] [vo.logVo.LogVo.<init>] [INFO] 日志实例已初始化...
[2020-03-15 17:48:46:196] [vo.logVo.LogVo.<init>] [INFO] 日志实例已初始化...
[2020-03-15 17:48:46:199] [vo.logVo.LogVo.<init>] [INFO] 日志实例已初始化...
[2020-03-15 17:48:46:200] [vo.logVo.LogVo.<init>] [INFO] 日志实例已初始化...
[2020-03-15 17:48:46:203] [vo.logVo.LogVo.<init>] [INFO] 日志实例已初始化...
[2020-03-15 17:48:46:204] [vo.logVo.LogVo.<init>] [INFO] 日志实例已初始化...
[2020-03-15 17:48:46:204] [vo.logVo.LogVo.<init>] [INFO] 日志实例已初始化...
[2020-03-15 17:48:46:205] [vo.logVo.LogVo.<init>] [INFO] 日志实例已初始化...
[2020-03-15 17:48:46:206] [vo.logVo.LogVo.<init>] [INFO] 日志实例已初始化...
[2020-03-15 17:48:46:206] [vo.logVo.LogVo.<init>] [INFO] 日志实例已初始化...
[2020-03-15 17:48:46:207] [vo.logVo.LogVo.<init>] [INFO] 日志实例已初始化...
[2020-03-15 17:48:46:207] [vo.logVo.LogVo.<init>] [INFO] 日志实例已初始化...
[2020-03-15 17:48:46:208] [vo.logVo.LogVo.<init>] [INFO] 日志实例已初始化...
[2020-03-15 17:48:46:208] [vo.logVo.LogVo.<init>] [INFO] 日志实例已初始化...
[2020-03-15 17:48:46:209] [vo.logVo.LogVo.<init>] [INFO] 日志实例已初始化...
[2020-03-15 17:48:46:210] [vo.logVo.LogVo.<init>] [INFO] 日志实例已初始化...
[2020-03-15 17:48:46:211] [vo.logVo.LogVo.<init>] [INFO] 日志实例已初始化...
[2020-03-15 17:48:46:212] [vo.logVo.LogVo.<init>] [INFO] 日志实例已初始化...
[2020-03-15 17:48:46:212] [vo.logVo.LogVo.<init>] [INFO] 日志实例已初始化...
[2020-03-15 17:48:46:213] [vo.logVo.LogVo.<init>] [INFO] 日志实例已初始化...
[2020-03-15 17:48:46:213] [vo.logVo.LogVo.<init>] [INFO] 日志实例已初始化...
[2020-03-15 17:48:46:214] [vo.logVo.LogVo.<init>] [INFO] 日志实例已初始化...
[2020-03-15 17:48:46:214] [vo.logVo.LogVo.<init>] [INFO] 日志实例已初始化...
[2020-03-15 17:48:46:214] [vo.logVo.LogVo.<init>] [INFO] 日志实例已初始化...
[2020-03-15 17:48:46:215] [vo.logVo.LogVo.<init>] [INFO] 日志实例已初始化...
[2020-03-15 17:48:46:215] [vo.logVo.LogVo.<init>] [INFO] 日志实例已初始化...
[2020-03-15 17:48:46:215] [vo.logVo.LogVo.<init>] [INFO] 日志实例已初始化...
[2020-03-15 17:48:46:216] [vo.logVo.LogVo.<init>] [INFO] 日志实例已初始化...
[2020-03-15 17:48:46:216] [vo.logVo.LogVo.<init>] [INFO] 日志实例已初始化...
[2020-03-15 17:48:46:216] [vo.logVo.LogVo.<init>] [INFO] 日志实例已初始化...
[2020-03-15 17:48:46:217] [vo.logVo.LogVo.<init>] [INFO] 日志实例已初始化...
[2020-03-15 17:48:46:218] [vo.logVo.LogVo.<init>] [INFO] 日志实例已初始化...
[2020-03-15 17:48:46:219] [vo.logVo.LogVo.<init>] [INFO] 日志实例已初始化...
[2020-03-15 17:48:46:220] [vo.logVo.LogVo.<init>] [INFO] 日志实例已初始化...
[2020-03-15 17:48:46:220] [vo.logVo.LogVo.<init>] [INFO] 日志实例已初始化...
[2020-03-15 17:48:46:221] [vo.logVo.LogVo.<init>] [INFO] 日志实例已初始化...
[2020-03-15 17:48:46:222] [vo.logVo.LogVo.<init>] [INFO] 日志实例已初始化...
[2020-03-15 17:48:46:222] [vo.logVo.LogVo.<init>] [INFO] 日志实例已初始化...
[2020-03-15 17:48:46:225] [vo.logVo.LogVo.<init>] [INFO] 日志实例已初始化...
[2020-03-15 17:48:46:225] [vo.logVo.LogVo.<init>] [INFO] 日志实例已初始化...
[2020-03-15 17:48:46:226] [vo.logVo.LogVo.<init>] [INFO] 日志实例已初始化...
[2020-03-15 17:48:46:226] [vo.logVo.LogVo.<init>] [INFO] 日志实例已初始化...
[2020-03-15 17:48:46:228] [vo.logVo.LogVo.<init>] [INFO] 日志实例已初始化...
[2020-03-15 17:48:46:230] [vo.logVo.LogVo.<init>] [INFO] 日志实例已初始化...
[2020-03-15 17:48:46:231] [vo.logVo.LogVo.<init>] [INFO] 日志实例已初始化...
[2020-03-15 17:48:46:232] [vo.logVo.LogVo.<init>] [INFO] 日志实例已初始化...
[2020-03-15 17:48:46:233] [vo.logVo.LogVo.<init>] [INFO] 日志实例已初始化...
[2020-03-15 17:48:46:233] [vo.logVo.LogVo.<init>] [INFO] 日志实例已初始化...
[2020-03-15 17:48:46:234] [vo.logVo.LogVo.<init>] [INFO] 日志实例已初始化...
[2020-03-15 17:48:46:237] [vo.logVo.LogVo.<init>] [INFO] 日志实例已初始化...
[2020-03-15 17:48:46:238] [vo.logVo.LogVo.<init>] [INFO] 日志实例已初始化...
[2020-03-15 17:48:46:240] [vo.logVo.LogVo.<init>] [INFO] 日志实例已初始化...
[2020-03-15 17:48:46:241] [vo.logVo.LogVo.<init>] [INFO] 日志实例已初始化...
[2020-03-15 17:48:46:253] [vo.logVo.LogVo.<init>] [INFO] 日志实例已初始化...
[2020-03-15 17:48:46:254] [vo.logVo.LogVo.<init>] [INFO] 日志实例已初始化...
[2020-03-15 17:48:46:254] [vo.logVo.LogVo.<init>] [INFO] 日志实例已初始化...
[2020-03-15 17:48:46:254] [vo.logVo.LogVo.<init>] [INFO] 日志实例已初始化...
[2020-03-15 17:48:46:259] [vo.logVo.LogVo.<init>] [INFO] 日志实例已初始化...
[2020-03-15 17:48:46:260] [vo.logVo.LogVo.<init>] [INFO] 日志实例已初始化...
[2020-03-15 17:48:46:261] [vo.logVo.LogVo.<init>] [INFO] 日志实例已初始化...
[2020-03-15 17:48:46:263] [vo.logVo.LogVo.<init>] [INFO] 日志实例已初始化...
[2020-03-15 17:48:46:264] [vo.logVo.LogVo.<init>] [INFO] 日志实例已初始化...
[2020-03-15 17:48:46:265] [vo.logVo.LogVo.<init>] [INFO] 日志实例已初始化...
[2020-03-15 17:48:46:265] [vo.logVo.LogVo.<init>] [INFO] 日志实例已初始化...
[2020-03-15 17:48:46:266] [vo.logVo.LogVo.<init>] [INFO] 日志实例已初始化...
[2020-03-15 17:48:46:268] [vo.logVo.LogVo.<init>] [INFO] 日志实例已初始化...
[2020-03-15 17:48:46:269] [vo.logVo.LogVo.<init>] [INFO] 日志实例已初始化...
[2020-03-15 17:48:46:270] [vo.logVo.LogVo.<init>] [INFO] 日志实例已初始化...
[2020-03-15 17:48:46:272] [vo.logVo.LogVo.<init>] [INFO] 日志实例已初始化...
[2020-03-15 17:48:46:273] [vo.logVo.LogVo.<init>] [INFO] 日志实例已初始化...
[2020-03-15 17:48:46:274] [vo.logVo.LogVo.<init>] [INFO] 日志实例已初始化...
[2020-03-15 17:48:46:274] [vo.logVo.LogVo.<init>] [INFO] 日志实例已初始化...
[2020-03-15 17:48:46:276] [vo.logVo.LogVo.<init>] [INFO] 日志实例已初始化...
[2020-03-15 17:48:46:277] [vo.logVo.LogVo.<init>] [INFO] 日志实例已初始化...
[2020-03-15 17:48:46:277] [vo.logVo.LogVo.<init>] [INFO] 日志实例已初始化...
[2020-03-15 17:48:46:278] [vo.logVo.LogVo.<init>] [INFO] 日志实例已初始化...
[2020-03-15 17:48:46:279] [vo.logVo.LogVo.<init>] [INFO] 日志实例已初始化...
[2020-03-15 17:48:46:279] [vo.logVo.LogVo.<init>] [INFO] 日志实例已初始化...
[2020-03-15 17:48:46:280] [vo.logVo.LogVo.<init>] [INFO] 日志实例已初始化...
[2020-03-15 17:48:46:281] [vo.logVo.LogVo.<init>] [INFO] 日志实例已初始化...
[2020-03-15 17:48:46:282] [vo.logVo.LogVo.<init>] [INFO] 日志实例已初始化...
[2020-03-15 17:48:46:283] [vo.logVo.LogVo.<init>] [INFO] 日志实例已初始化...
[2020-03-15 17:48:46:284] [vo.logVo.LogVo.<init>] [INFO] 日志实例已初始化...
[2020-03-15 17:48:46:285] [vo.logVo.LogVo.<init>] [INFO] 日志实例已初始化...
[2020-03-15 17:48:46:286] [vo.logVo.LogVo.<init>] [INFO] 日志实例已初始化...
[2020-03-15 17:48:46:287] [vo.logVo.LogVo.<init>] [INFO] 日志实例已初始化...
[2020-03-15 17:48:46:288] [vo.logVo.LogVo.<init>] [INFO] 日志实例已初始化...
[2020-03-15 17:48:46:288] [vo.logVo.LogVo.<init>] [INFO] 日志实例已初始化...
[2020-03-15 17:48:46:289] [vo.logVo.LogVo.<init>] [INFO] 日志实例已初始化...
[2020-03-15 17:48:46:290] [vo.logVo.LogVo.<init>] [INFO] 日志实例已初始化...
[2020-03-15 17:48:46:291] [vo.logVo.LogVo.<init>] [INFO] 日志实例已初始化...
[2020-03-15 17:48:46:293] [vo.logVo.LogVo.<init>] [INFO] 日志实例已初始化...
[2020-03-15 17:48:46:295] [vo.logVo.LogVo.<init>] [INFO] 日志实例已初始化...
[2020-03-15 17:48:46:297] [vo.logVo.LogVo.<init>] [INFO] 日志实例已初始化...
[2020-03-15 17:48:46:298] [vo.logVo.LogVo.<init>] [INFO] 日志实例已初始化...
[2020-03-15 17:48:46:298] [vo.logVo.LogVo.<init>] [INFO] 日志实例已初始化...
[2020-03-15 17:48:46:299] [vo.logVo.LogVo.<init>] [INFO] 日志实例已初始化...
[2020-03-15 17:48:46:300] [vo.logVo.LogVo.<init>] [INFO] 日志实例已初始化...
[2020-03-15 17:48:46:303] [vo.logVo.LogVo.<init>] [INFO] 日志实例已初始化...
[2020-03-15 17:48:46:311] [vo.logVo.LogVo.<init>] [INFO] 日志实例已初始化...
[2020-03-15 17:48:46:320] [vo.logVo.LogVo.<init>] [INFO] 日志实例已初始化...
[2020-03-15 17:48:46:321] [vo.logVo.LogVo.<init>] [INFO] 日志实例已初始化...
[2020-03-15 17:48:46:322] [vo.logVo.LogVo.<init>] [INFO] 日志实例已初始化...
[2020-03-15 17:48:46:322] [vo.logVo.LogVo.<init>] [INFO] 日志实例已初始化...
[2020-03-15 17:48:46:324] [vo.logVo.LogVo.<init>] [INFO] 日志实例已初始化...
[2020-03-15 17:48:46:325] [vo.logVo.LogVo.<init>] [INFO] 日志实例已初始化...
[2020-03-15 17:48:46:325] [vo.logVo.LogVo.<init>] [INFO] 日志实例已初始化...
[2020-03-15 17:48:46:325] [vo.logVo.LogVo.<init>] [INFO] 日志实例已初始化...
[2020-03-15 17:48:46:326] [vo.logVo.LogVo.<init>] [INFO] 日志实例已初始化...
[2020-03-15 17:48:46:327] [vo.logVo.LogVo.<init>] [INFO] 日志实例已初始化...
[2020-03-15 17:48:46:327] [vo.logVo.LogVo.<init>] [INFO] 日志实例已初始化...
[2020-03-15 17:48:46:328] [vo.logVo.LogVo.<init>] [INFO] 日志实例已初始化...
[2020-03-15 17:48:46:328] [vo.logVo.LogVo.<init>] [INFO] 日志实例已初始化...
[2020-03-15 17:48:46:329] [vo.logVo.LogVo.<init>] [INFO] 日志实例已初始化...
[2020-03-15 17:48:46:329] [vo.logVo.LogVo.<init>] [INFO] 日志实例已初始化...
[2020-03-15 17:48:46:330] [vo.logVo.LogVo.<init>] [INFO] 日志实例已初始化...
[2020-03-15 17:48:46:330] [vo.logVo.LogVo.<init>] [INFO] 日志实例已初始化...
[2020-03-15 17:48:46:331] [vo.logVo.LogVo.<init>] [INFO] 日志实例已初始化...
[2020-03-15 17:48:46:332] [vo.logVo.LogVo.<init>] [INFO] 日志实例已初始化...
[2020-03-15 17:48:46:332] [vo.logVo.LogVo.<init>] [INFO] 日志实例已初始化...
[2020-03-15 17:48:46:336] [vo.logVo.LogVo.<init>] [INFO] 日志实例已初始化...
[2020-03-15 17:48:46:337] [vo.logVo.LogVo.<init>] [INFO] 日志实例已初始化...
[2020-03-15 17:48:46:338] [vo.logVo.LogVo.<init>] [INFO] 日志实例已初始化...
[2020-03-15 17:48:46:338] [vo.logVo.LogVo.<init>] [INFO] 日志实例已初始化...
[2020-03-15 17:48:46:339] [vo.logVo.LogVo.<init>] [INFO] 日志实例已初始化...
[2020-03-15 17:48:46:339] [vo.logVo.LogVo.<init>] [INFO] 日志实例已初始化...
[2020-03-15 17:48:46:340] [vo.logVo.LogVo.<init>] [INFO] 日志实例已初始化...
[2020-03-15 17:48:46:340] [vo.logVo.LogVo.<init>] [INFO] 日志实例已初始化...
[2020-03-15 17:48:46:341] [vo.logVo.LogVo.<init>] [INFO] 日志实例已初始化...
[2020-03-15 17:48:46:342] [vo.logVo.LogVo.<init>] [INFO] 日志实例已初始化...
[2020-03-15 17:48:46:342] [vo.logVo.LogVo.<init>] [INFO] 日志实例已初始化...
[2020-03-15 17:48:46:343] [vo.logVo.LogVo.<init>] [INFO] 日志实例已初始化...
[2020-03-15 17:48:46:344] [vo.logVo.LogVo.<init>] [INFO] 日志实例已初始化...
[2020-03-15 17:48:46:344] [vo.logVo.LogVo.<init>] [INFO] 日志实例已初始化...
[2020-03-15 17:48:46:345] [vo.logVo.LogVo.<init>] [INFO] 日志实例已初始化...
[2020-03-15 17:48:46:346] [vo.logVo.LogVo.<init>] [INFO] 日志实例已初始化...
[2020-03-15 17:48:46:346] [vo.logVo.LogVo.<init>] [INFO] 日志实例已初始化...
[2020-03-15 17:48:46:346] [vo.logVo.LogVo.<init>] [INFO] 日志实例已初始化...
[2020-03-15 17:48:46:347] [vo.logVo.LogVo.<init>] [INFO] 日志实例已初始化...
[2020-03-15 17:48:46:348] [vo.logVo.LogVo.<init>] [INFO] 日志实例已初始化...
[2020-03-15 17:48:46:352] [vo.logVo.LogVo.<init>] [INFO] 日志实例已初始化...
[2020-03-15 17:48:46:354] [vo.logVo.LogVo.<init>] [INFO] 日志实例已初始化...
[2020-03-15 17:48:46:355] [vo.logVo.LogVo.<init>] [INFO] 日志实例已初始化...
[2020-03-15 17:48:46:356] [vo.logVo.LogVo.<init>] [INFO] 日志实例已初始化...
[2020-03-15 17:48:46:357] [vo.logVo.LogVo.<init>] [INFO] 日志实例已初始化...
[2020-03-15 17:48:46:357] [vo.logVo.LogVo.<init>] [INFO] 日志实例已初始化...
[2020-03-15 17:48:46:358] [vo.logVo.LogVo.<init>] [INFO] 日志实例已初始化...
[2020-03-15 17:48:46:359] [vo.logVo.LogVo.<init>] [INFO] 日志实例已初始化...
[2020-03-15 17:48:46:359] [vo.logVo.LogVo.<init>] [INFO] 日志实例已初始化...
[2020-03-15 17:48:46:360] [vo.logVo.LogVo.<init>] [INFO] 日志实例已初始化...
[2020-03-15 17:48:46:360] [vo.logVo.LogVo.<init>] [INFO] 日志实例已初始化...
[2020-03-15 17:48:46:360] [vo.logVo.LogVo.<init>] [INFO] 日志实例已初始化...
[2020-03-15 17:48:46:361] [vo.logVo.LogVo.<init>] [INFO] 日志实例已初始化...
[2020-03-15 17:48:46:391] [vo.logVo.LogVo.<init>] [INFO] 日志实例已初始化...
[2020-03-15 17:48:46:399] [vo.logVo.LogVo.<init>] [INFO] 日志实例已初始化...
[2020-03-15 17:48:46:659] [vo.logVo.LogVo.<init>] [INFO] 日志实例已初始化...
[2020-03-15 17:48:46:689] [vo.logVo.LogVo.<init>] [INFO] 日志实例已初始化...
[2020-03-15 17:48:46:716] [vo.logVo.LogVo.<init>] [INFO] 日志实例已初始化...
[2020-03-15 17:48:46:717] [vo.logVo.LogVo.<init>] [INFO] 日志实例已初始化...
[2020-03-15 17:48:46:719] [vo.logVo.LogVo.<init>] [INFO] 日志实例已初始化...
[2020-03-15 17:48:46:719] [vo.logVo.LogVo.<init>] [INFO] 日志实例已初始化...
[2020-03-15 17:48:46:720] [vo.logVo.LogVo.<init>] [INFO] 日志实例已初始化...
[2020-03-15 17:48:46:720] [vo.logVo.LogVo.<init>] [INFO] 日志实例已初始化...
[2020-03-15 17:48:46:721] [vo.logVo.LogVo.<init>] [INFO] 日志实例已初始化...
[2020-03-15 17:48:46:722] [vo.logVo.LogVo.<init>] [INFO] 日志实例已初始化...
[2020-03-15 17:48:46:722] [vo.logVo.LogVo.<init>] [INFO] 日志实例已初始化...
[2020-03-15 17:48:46:723] [vo.logVo.LogVo.<init>] [INFO] 日志实例已初始化...
[2020-03-15 17:48:46:723] [vo.logVo.LogVo.<init>] [INFO] 日志实例已初始化...
[2020-03-15 17:48:46:724] [vo.logVo.LogVo.<init>] [INFO] 日志实例已初始化...
[2020-03-15 17:48:46:725] [vo.logVo.LogVo.<init>] [INFO] 日志实例已初始化...
[2020-03-15 17:48:46:725] [vo.logVo.LogVo.<init>] [INFO] 日志实例已初始化...
[2020-03-15 17:48:46:726] [vo.logVo.LogVo.<init>] [INFO] 日志实例已初始化...
[2020-03-15 17:48:46:726] [vo.logVo.LogVo.<init>] [INFO] 日志实例已初始化...
[2020-03-15 17:48:46:727] [vo.logVo.LogVo.<init>] [INFO] 日志实例已初始化...
[2020-03-15 17:48:46:727] [vo.logVo.LogVo.<init>] [INFO] 日志实例已初始化...
[2020-03-15 17:48:46:728] [vo.logVo.LogVo.<init>] [INFO] 日志实例已初始化...
[2020-03-15 17:48:46:728] [vo.logVo.LogVo.<init>] [INFO] 日志实例已初始化...
[2020-03-15 17:48:46:728] [vo.logVo.LogVo.<init>] [INFO] 日志实例已初始化...
[2020-03-15 17:48:46:729] [vo.logVo.LogVo.<init>] [INFO] 日志实例已初始化...
[2020-03-15 17:48:46:729] [vo.logVo.LogVo.<init>] [INFO] 日志实例已初始化...
[2020-03-15 17:48:46:730] [vo.logVo.LogVo.<init>] [INFO] 日志实例已初始化...
[2020-03-15 17:48:46:731] [vo.logVo.LogVo.<init>] [INFO] 日志实例已初始化...
[2020-03-15 17:48:46:732] [vo.logVo.LogVo.<init>] [INFO] 日志实例已初始化...
[2020-03-15 17:48:46:732] [vo.logVo.LogVo.<init>] [INFO] 日志实例已初始化...
[2020-03-15 17:48:46:733] [vo.logVo.LogVo.<init>] [INFO] 日志实例已初始化...
[2020-03-15 17:48:46:734] [vo.logVo.LogVo.<init>] [INFO] 日志实例已初始化...
[2020-03-15 17:48:46:735] [vo.logVo.LogVo.<init>] [INFO] 日志实例已初始化...
[2020-03-15 17:48:46:735] [vo.logVo.LogVo.<init>] [INFO] 日志实例已初始化...
[2020-03-15 17:48:46:736] [vo.logVo.LogVo.<init>] [INFO] 日志实例已初始化...
[2020-03-15 17:48:46:737] [vo.logVo.LogVo.<init>] [INFO] 日志实例已初始化...
[2020-03-15 17:48:46:737] [vo.logVo.LogVo.<init>] [INFO] 日志实例已初始化...
[2020-03-15 17:48:46:738] [vo.logVo.LogVo.<init>] [INFO] 日志实例已初始化...
[2020-03-15 17:48:46:738] [vo.logVo.LogVo.<init>] [INFO] 日志实例已初始化...
[2020-03-15 17:48:46:740] [vo.logVo.LogVo.<init>] [INFO] 日志实例已初始化...
[2020-03-15 17:48:46:740] [vo.logVo.LogVo.<init>] [INFO] 日志实例已初始化...
[2020-03-15 17:48:46:741] [vo.logVo.LogVo.<init>] [INFO] 日志实例已初始化...
[2020-03-15 17:48:46:745] [vo.logVo.LogVo.<init>] [INFO] 日志实例已初始化...
[2020-03-15 17:48:46:746] [vo.logVo.LogVo.<init>] [INFO] 日志实例已初始化...
[2020-03-15 17:48:46:746] [vo.logVo.LogVo.<init>] [INFO] 日志实例已初始化...
[2020-03-15 17:48:46:747] [vo.logVo.LogVo.<init>] [INFO] 日志实例已初始化...
[2020-03-15 17:48:46:747] [vo.logVo.LogVo.<init>] [INFO] 日志实例已初始化...
[2020-03-15 17:48:46:748] [vo.logVo.LogVo.<init>] [INFO] 日志实例已初始化...
[2020-03-15 17:48:46:749] [vo.logVo.LogVo.<init>] [INFO] 日志实例已初始化...
[2020-03-15 17:48:46:750] [vo.logVo.LogVo.<init>] [INFO] 日志实例已初始化...
[2020-03-15 17:48:46:751] [vo.logVo.LogVo.<init>] [INFO] 日志实例已初始化...
[2020-03-15 17:48:46:751] [vo.logVo.LogVo.<init>] [INFO] 日志实例已初始化...
[2020-03-15 17:48:46:752] [vo.logVo.LogVo.<init>] [INFO] 日志实例已初始化...
[2020-03-15 17:48:46:753] [vo.logVo.LogVo.<init>] [INFO] 日志实例已初始化...
[2020-03-15 17:48:46:754] [vo.logVo.LogVo.<init>] [INFO] 日志实例已初始化...
[2020-03-15 17:48:46:755] [vo.logVo.LogVo.<init>] [INFO] 日志实例已初始化...
[2020-03-15 17:48:46:755] [vo.logVo.LogVo.<init>] [INFO] 日志实例已初始化...
[2020-03-15 17:48:46:756] [vo.logVo.LogVo.<init>] [INFO] 日志实例已初始化...
[2020-03-15 17:48:46:756] [vo.logVo.LogVo.<init>] [INFO] 日志实例已初始化...
[2020-03-15 17:48:46:757] [vo.logVo.LogVo.<init>] [INFO] 日志实例已初始化...
[2020-03-15 17:48:46:757] [vo.logVo.LogVo.<init>] [INFO] 日志实例已初始化...
[2020-03-15 17:48:46:758] [vo.logVo.LogVo.<init>] [INFO] 日志实例已初始化...
[2020-03-15 17:48:46:758] [vo.logVo.LogVo.<init>] [INFO] 日志实例已初始化...
[2020-03-15 17:48:46:759] [vo.logVo.LogVo.<init>] [INFO] 日志实例已初始化...
[2020-03-15 17:48:46:760] [vo.logVo.LogVo.<init>] [INFO] 日志实例已初始化...
[2020-03-15 17:48:46:760] [vo.logVo.LogVo.<init>] [INFO] 日志实例已初始化...
[2020-03-15 17:48:46:761] [vo.logVo.LogVo.<init>] [INFO] 日志实例已初始化...
[2020-03-15 17:48:46:762] [vo.logVo.LogVo.<init>] [INFO] 日志实例已初始化...
[2020-03-15 17:48:46:763] [vo.logVo.LogVo.<init>] [INFO] 日志实例已初始化...
[2020-03-15 17:48:46:763] [vo.logVo.LogVo.<init>] [INFO] 日志实例已初始化...
[2020-03-15 17:48:46:764] [vo.logVo.LogVo.<init>] [INFO] 日志实例已初始化...
[2020-03-15 17:48:46:764] [vo.logVo.LogVo.<init>] [INFO] 日志实例已初始化...
[2020-03-15 17:48:46:765] [vo.logVo.LogVo.<init>] [INFO] 日志实例已初始化...
[2020-03-15 17:48:46:765] [vo.logVo.LogVo.<init>] [INFO] 日志实例已初始化...
[2020-03-15 17:48:46:766] [vo.logVo.LogVo.<init>] [INFO] 日志实例已初始化...
[2020-03-15 17:48:46:767] [vo.logVo.LogVo.<init>] [INFO] 日志实例已初始化...
[2020-03-15 17:48:46:768] [vo.logVo.LogVo.<init>] [INFO] 日志实例已初始化...
[2020-03-15 17:48:46:768] [vo.logVo.LogVo.<init>] [INFO] 日志实例已初始化...
[2020-03-15 17:48:46:771] [vo.logVo.LogVo.<init>] [INFO] 日志实例已初始化...
[2020-03-15 17:48:46:772] [vo.logVo.LogVo.<init>] [INFO] 日志实例已初始化...
[2020-03-15 17:48:46:773] [vo.logVo.LogVo.<init>] [INFO] 日志实例已初始化...
[2020-03-15 17:48:46:775] [vo.logVo.LogVo.<init>] [INFO] 日志实例已初始化...
[2020-03-15 17:48:46:775] [vo.logVo.LogVo.<init>] [INFO] 日志实例已初始化...
[2020-03-15 17:48:46:776] [vo.logVo.LogVo.<init>] [INFO] 日志实例已初始化...
[2020-03-15 17:48:46:776] [vo.logVo.LogVo.<init>] [INFO] 日志实例已初始化...
[2020-03-15 17:48:46:777] [vo.logVo.LogVo.<init>] [INFO] 日志实例已初始化...
[2020-03-15 17:48:46:777] [vo.logVo.LogVo.<init>] [INFO] 日志实例已初始化...
[2020-03-15 17:48:46:777] [vo.logVo.LogVo.<init>] [INFO] 日志实例已初始化...
[2020-03-15 17:48:46:778] [vo.logVo.LogVo.<init>] [INFO] 日志实例已初始化...
[2020-03-15 17:48:46:778] [vo.logVo.LogVo.<init>] [INFO] 日志实例已初始化...
[2020-03-15 17:48:46:779] [vo.logVo.LogVo.<init>] [INFO] 日志实例已初始化...
[2020-03-15 17:48:46:780] [vo.logVo.LogVo.<init>] [INFO] 日志实例已初始化...
[2020-03-15 17:48:46:780] [vo.logVo.LogVo.<init>] [INFO] 日志实例已初始化...
[2020-03-15 17:48:46:781] [vo.logVo.LogVo.<init>] [INFO] 日志实例已初始化...
[2020-03-15 17:48:46:781] [vo.logVo.LogVo.<init>] [INFO] 日志实例已初始化...
[2020-03-15 17:48:46:782] [vo.logVo.LogVo.<init>] [INFO] 日志实例已初始化...
[2020-03-15 17:48:46:783] [vo.logVo.LogVo.<init>] [INFO] 日志实例已初始化...
[2020-03-15 17:48:46:784] [vo.logVo.LogVo.<init>] [INFO] 日志实例已初始化...
[2020-03-15 17:48:46:786] [vo.logVo.LogVo.<init>] [INFO] 日志实例已初始化...
[2020-03-15 17:48:46:787] [vo.logVo.LogVo.<init>] [INFO] 日志实例已初始化...
[2020-03-15 17:48:46:787] [vo.logVo.LogVo.<init>] [INFO] 日志实例已初始化...
[2020-03-15 17:48:46:788] [vo.logVo.LogVo.<init>] [INFO] 日志实例已初始化...
[2020-03-15 17:48:46:789] [vo.logVo.LogVo.<init>] [INFO] 日志实例已初始化...
[2020-03-15 17:48:46:789] [vo.logVo.LogVo.<init>] [INFO] 日志实例已初始化...
[2020-03-15 17:48:46:790] [vo.logVo.LogVo.<init>] [INFO] 日志实例已初始化...
[2020-03-15 17:48:46:790] [vo.logVo.LogVo.<init>] [INFO] 日志实例已初始化...
[2020-03-15 17:48:46:791] [vo.logVo.LogVo.<init>] [INFO] 日志实例已初始化...
[2020-03-15 17:48:46:791] [vo.logVo.LogVo.<init>] [INFO] 日志实例已初始化...
[2020-03-15 17:48:46:792] [vo.logVo.LogVo.<init>] [INFO] 日志实例已初始化...
[2020-03-15 17:48:46:792] [vo.logVo.LogVo.<init>] [INFO] 日志实例已初始化...
[2020-03-15 17:48:46:793] [vo.logVo.LogVo.<init>] [INFO] 日志实例已初始化...
[2020-03-15 17:48:46:793] [vo.logVo.LogVo.<init>] [INFO] 日志实例已初始化...
[2020-03-15 17:48:46:794] [vo.logVo.LogVo.<init>] [INFO] 日志实例已初始化...
[2020-03-15 17:48:46:794] [vo.logVo.LogVo.<init>] [INFO] 日志实例已初始化...
[2020-03-15 17:48:46:795] [vo.logVo.LogVo.<init>] [INFO] 日志实例已初始化...
[2020-03-15 17:48:46:795] [vo.logVo.LogVo.<init>] [INFO] 日志实例已初始化...
[2020-03-15 17:48:46:796] [vo.logVo.LogVo.<init>] [INFO] 日志实例已初始化...
[2020-03-15 17:48:46:796] [vo.logVo.LogVo.<init>] [INFO] 日志实例已初始化...
[2020-03-15 17:48:46:797] [vo.logVo.LogVo.<init>] [INFO] 日志实例已初始化...
[2020-03-15 17:48:46:798] [vo.logVo.LogVo.<init>] [INFO] 日志实例已初始化...
[2020-03-15 17:48:46:798] [vo.logVo.LogVo.<init>] [INFO] 日志实例已初始化...
[2020-03-15 17:48:46:799] [vo.logVo.LogVo.<init>] [INFO] 日志实例已初始化...
[2020-03-15 17:48:46:799] [vo.logVo.LogVo.<init>] [INFO] 日志实例已初始化...
[2020-03-15 17:48:46:800] [vo.logVo.LogVo.<init>] [INFO] 日志实例已初始化...
[2020-03-15 17:48:46:800] [vo.logVo.LogVo.<init>] [INFO] 日志实例已初始化...
[2020-03-15 17:48:46:801] [vo.logVo.LogVo.<init>] [INFO] 日志实例已初始化...
[2020-03-15 17:48:46:802] [vo.logVo.LogVo.<init>] [INFO] 日志实例已初始化...
[2020-03-15 17:48:46:803] [vo.logVo.LogVo.<init>] [INFO] 日志实例已初始化...
[2020-03-15 17:48:46:804] [vo.logVo.LogVo.<init>] [INFO] 日志实例已初始化...
[2020-03-15 17:48:46:804] [vo.logVo.LogVo.<init>] [INFO] 日志实例已初始化...
[2020-03-15 17:48:46:805] [vo.logVo.LogVo.<init>] [INFO] 日志实例已初始化...
[2020-03-15 17:48:46:806] [vo.logVo.LogVo.<init>] [INFO] 日志实例已初始化...
[2020-03-15 17:48:46:806] [vo.logVo.LogVo.<init>] [INFO] 日志实例已初始化...
[2020-03-15 17:48:46:807] [vo.logVo.LogVo.<init>] [INFO] 日志实例已初始化...
[2020-03-15 17:48:46:808] [vo.logVo.LogVo.<init>] [INFO] 日志实例已初始化...
[2020-03-15 17:48:46:809] [vo.logVo.LogVo.<init>] [INFO] 日志实例已初始化...
[2020-03-15 17:48:46:809] [vo.logVo.LogVo.<init>] [INFO] 日志实例已初始化...
[2020-03-15 17:48:46:810] [vo.logVo.LogVo.<init>] [INFO] 日志实例已初始化...
[2020-03-15 17:48:46:811] [vo.logVo.LogVo.<init>] [INFO] 日志实例已初始化...
[2020-03-15 17:48:46:812] [vo.logVo.LogVo.<init>] [INFO] 日志实例已初始化...
[2020-03-15 17:48:46:812] [vo.logVo.LogVo.<init>] [INFO] 日志实例已初始化...
[2020-03-15 17:48:46:813] [vo.logVo.LogVo.<init>] [INFO] 日志实例已初始化...
[2020-03-15 17:48:46:813] [vo.logVo.LogVo.<init>] [INFO] 日志实例已初始化...
[2020-03-15 17:48:46:814] [vo.logVo.LogVo.<init>] [INFO] 日志实例已初始化...
[2020-03-15 17:48:46:815] [vo.logVo.LogVo.<init>] [INFO] 日志实例已初始化...
[2020-03-15 17:48:46:815] [vo.logVo.LogVo.<init>] [INFO] 日志实例已初始化...
[2020-03-15 17:48:46:816] [vo.logVo.LogVo.<init>] [INFO] 日志实例已初始化...
[2020-03-15 17:48:46:816] [vo.logVo.LogVo.<init>] [INFO] 日志实例已初始化...
[2020-03-15 17:48:46:817] [vo.logVo.LogVo.<init>] [INFO] 日志实例已初始化...
[2020-03-15 17:48:46:818] [vo.logVo.LogVo.<init>] [INFO] 日志实例已初始化...
[2020-03-15 17:48:46:819] [vo.logVo.LogVo.<init>] [INFO] 日志实例已初始化...
[2020-03-15 17:48:46:819] [vo.logVo.LogVo.<init>] [INFO] 日志实例已初始化...
[2020-03-15 17:48:46:820] [vo.logVo.LogVo.<init>] [INFO] 日志实例已初始化...
[2020-03-15 17:48:46:820] [vo.logVo.LogVo.<init>] [INFO] 日志实例已初始化...
[2020-03-15 17:48:46:821] [vo.logVo.LogVo.<init>] [INFO] 日志实例已初始化...
[2020-03-15 17:48:46:821] [vo.logVo.LogVo.<init>] [INFO] 日志实例已初始化...
[2020-03-15 17:48:46:822] [vo.logVo.LogVo.<init>] [INFO] 日志实例已初始化...
[2020-03-15 17:48:46:823] [vo.logVo.LogVo.<init>] [INFO] 日志实例已初始化...
[2020-03-15 17:48:46:823] [vo.logVo.LogVo.<init>] [INFO] 日志实例已初始化...
[2020-03-15 17:48:46:824] [vo.logVo.LogVo.<init>] [INFO] 日志实例已初始化...
[2020-03-15 17:48:46:825] [vo.logVo.LogVo.<init>] [INFO] 日志实例已初始化...
[2020-03-15 17:48:46:825] [vo.logVo.LogVo.<init>] [INFO] 日志实例已初始化...
[2020-03-15 17:48:46:826] [vo.logVo.LogVo.<init>] [INFO] 日志实例已初始化...
[2020-03-15 17:48:46:826] [vo.logVo.LogVo.<init>] [INFO] 日志实例已初始化...
[2020-03-15 17:48:46:827] [vo.logVo.LogVo.<init>] [INFO] 日志实例已初始化...
[2020-03-15 17:48:46:827] [vo.logVo.LogVo.<init>] [INFO] 日志实例已初始化...
[2020-03-15 17:48:46:828] [vo.logVo.LogVo.<init>] [INFO] 日志实例已初始化...
[2020-03-15 17:48:46:828] [vo.logVo.LogVo.<init>] [INFO] 日志实例已初始化...
[2020-03-15 17:48:46:829] [vo.logVo.LogVo.<init>] [INFO] 日志实例已初始化...
[2020-03-15 17:48:46:829] [vo.logVo.LogVo.<init>] [INFO] 日志实例已初始化...
[2020-03-15 17:48:46:830] [vo.logVo.LogVo.<init>] [INFO] 日志实例已初始化...
[2020-03-15 17:48:46:830] [vo.logVo.LogVo.<init>] [INFO] 日志实例已初始化...
[2020-03-15 17:48:46:831] [vo.logVo.LogVo.<init>] [INFO] 日志实例已初始化...
[2020-03-15 17:48:46:831] [vo.logVo.LogVo.<init>] [INFO] 日志实例已初始化...
[2020-03-15 17:48:46:832] [vo.logVo.LogVo.<init>] [INFO] 日志实例已初始化...
[2020-03-15 17:48:46:832] [vo.logVo.LogVo.<init>] [INFO] 日志实例已初始化...
[2020-03-15 17:48:46:832] [vo.logVo.LogVo.<init>] [INFO] 日志实例已初始化...
[2020-03-15 17:48:46:833] [vo.logVo.LogVo.<init>] [INFO] 日志实例已初始化...
[2020-03-15 17:48:46:833] [vo.logVo.LogVo.<init>] [INFO] 日志实例已初始化...
[2020-03-15 17:48:46:834] [vo.logVo.LogVo.<init>] [INFO] 日志实例已初始化...
[2020-03-15 17:48:46:835] [vo.logVo.LogVo.<init>] [INFO] 日志实例已初始化...
[2020-03-15 17:48:46:836] [vo.logVo.LogVo.<init>] [INFO] 日志实例已初始化...
[2020-03-15 17:48:46:837] [vo.logVo.LogVo.<init>] [INFO] 日志实例已初始化...
[2020-03-15 17:48:46:837] [vo.logVo.LogVo.<init>] [INFO] 日志实例已初始化...
[2020-03-15 17:48:46:838] [vo.logVo.LogVo.<init>] [INFO] 日志实例已初始化...
[2020-03-15 17:48:46:838] [vo.logVo.LogVo.<init>] [INFO] 日志实例已初始化...
[2020-03-15 17:48:46:838] [vo.logVo.LogVo.<init>] [INFO] 日志实例已初始化...
[2020-03-15 17:48:46:839] [vo.logVo.LogVo.<init>] [INFO] 日志实例已初始化...
[2020-03-15 17:48:46:839] [vo.logVo.LogVo.<init>] [INFO] 日志实例已初始化...
[2020-03-15 17:48:46:840] [vo.logVo.LogVo.<init>] [INFO] 日志实例已初始化...
[2020-03-15 17:48:46:841] [vo.logVo.LogVo.<init>] [INFO] 日志实例已初始化...
[2020-03-15 17:48:46:841] [vo.logVo.LogVo.<init>] [INFO] 日志实例已初始化...
[2020-03-15 17:48:46:841] [vo.logVo.LogVo.<init>] [INFO] 日志实例已初始化...
[2020-03-15 17:48:46:843] [vo.logVo.LogVo.<init>] [INFO] 日志实例已初始化...
[2020-03-15 17:48:46:843] [vo.logVo.LogVo.<init>] [INFO] 日志实例已初始化...
[2020-03-15 17:48:46:844] [vo.logVo.LogVo.<init>] [INFO] 日志实例已初始化...
[2020-03-15 17:48:46:844] [vo.logVo.LogVo.<init>] [INFO] 日志实例已初始化...
[2020-03-15 17:48:46:845] [vo.logVo.LogVo.<init>] [INFO] 日志实例已初始化...
[2020-03-15 17:48:46:845] [vo.logVo.LogVo.<init>] [INFO] 日志实例已初始化...
[2020-03-15 17:48:46:846] [vo.logVo.LogVo.<init>] [INFO] 日志实例已初始化...
[2020-03-15 17:48:46:846] [vo.logVo.LogVo.<init>] [INFO] 日志实例已初始化...
[2020-03-15 17:48:46:847] [vo.logVo.LogVo.<init>] [INFO] 日志实例已初始化...
[2020-03-15 17:48:46:847] [vo.logVo.LogVo.<init>] [INFO] 日志实例已初始化...
[2020-03-15 17:48:46:848] [vo.logVo.LogVo.<init>] [INFO] 日志实例已初始化...
[2020-03-15 17:48:46:848] [vo.logVo.LogVo.<init>] [INFO] 日志实例已初始化...
[2020-03-15 17:48:46:848] [vo.logVo.LogVo.<init>] [INFO] 日志实例已初始化...
[2020-03-15 17:48:46:849] [vo.logVo.LogVo.<init>] [INFO] 日志实例已初始化...
[2020-03-15 17:48:46:851] [vo.logVo.LogVo.<init>] [INFO] 日志实例已初始化...
[2020-03-15 17:48:46:852] [vo.logVo.LogVo.<init>] [INFO] 日志实例已初始化...
[2020-03-15 17:48:46:853] [vo.logVo.LogVo.<init>] [INFO] 日志实例已初始化...
[2020-03-15 17:48:46:854] [vo.logVo.LogVo.<init>] [INFO] 日志实例已初始化...
[2020-03-15 17:48:46:854] [vo.logVo.LogVo.<init>] [INFO] 日志实例已初始化...
[2020-03-15 17:48:46:855] [vo.logVo.LogVo.<init>] [INFO] 日志实例已初始化...
[2020-03-15 17:48:46:855] [vo.logVo.LogVo.<init>] [INFO] 日志实例已初始化...
[2020-03-15 17:48:46:856] [vo.logVo.LogVo.<init>] [INFO] 日志实例已初始化...
[2020-03-15 17:48:46:857] [vo.logVo.LogVo.<init>] [INFO] 日志实例已初始化...
[2020-03-15 17:48:46:857] [vo.logVo.LogVo.<init>] [INFO] 日志实例已初始化...
[2020-03-15 17:48:46:858] [vo.logVo.LogVo.<init>] [INFO] 日志实例已初始化...
[2020-03-15 17:48:46:859] [vo.logVo.LogVo.<init>] [INFO] 日志实例已初始化...
[2020-03-15 17:48:46:859] [vo.logVo.LogVo.<init>] [INFO] 日志实例已初始化...
[2020-03-15 17:48:46:860] [vo.logVo.LogVo.<init>] [INFO] 日志实例已初始化...
[2020-03-15 17:48:46:861] [vo.logVo.LogVo.<init>] [INFO] 日志实例已初始化...
[2020-03-15 17:48:46:861] [vo.logVo.LogVo.<init>] [INFO] 日志实例已初始化...
[2020-03-15 17:48:46:862] [vo.logVo.LogVo.<init>] [INFO] 日志实例已初始化...
[2020-03-15 17:48:46:862] [vo.logVo.LogVo.<init>] [INFO] 日志实例已初始化...
[2020-03-15 17:48:46:863] [vo.logVo.LogVo.<init>] [INFO] 日志实例已初始化...
[2020-03-15 17:48:46:863] [vo.logVo.LogVo.<init>] [INFO] 日志实例已初始化...
[2020-03-15 17:48:46:864] [vo.logVo.LogVo.<init>] [INFO] 日志实例已初始化...
[2020-03-15 17:48:46:865] [vo.logVo.LogVo.<init>] [INFO] 日志实例已初始化...
[2020-03-15 17:48:46:865] [vo.logVo.LogVo.<init>] [INFO] 日志实例已初始化...
[2020-03-15 17:48:46:867] [vo.logVo.LogVo.<init>] [INFO] 日志实例已初始化...
[2020-03-15 17:48:46:867] [vo.logVo.LogVo.<init>] [INFO] 日志实例已初始化...
[2020-03-15 17:48:46:868] [vo.logVo.LogVo.<init>] [INFO] 日志实例已初始化...
[2020-03-15 17:48:46:869] [vo.logVo.LogVo.<init>] [INFO] 日志实例已初始化...
[2020-03-15 17:48:46:869] [vo.logVo.LogVo.<init>] [INFO] 日志实例已初始化...
[2020-03-15 17:48:46:870] [vo.logVo.LogVo.<init>] [INFO] 日志实例已初始化...
[2020-03-15 17:48:46:873] [vo.logVo.LogVo.<init>] [INFO] 日志实例已初始化...
[2020-03-15 17:48:46:874] [vo.logVo.LogVo.<init>] [INFO] 日志实例已初始化...
[2020-03-15 17:48:46:875] [vo.logVo.LogVo.<init>] [INFO] 日志实例已初始化...
[2020-03-15 17:48:46:876] [vo.logVo.LogVo.<init>] [INFO] 日志实例已初始化...
[2020-03-15 17:48:46:876] [vo.logVo.LogVo.<init>] [INFO] 日志实例已初始化...
[2020-03-15 17:48:46:877] [vo.logVo.LogVo.<init>] [INFO] 日志实例已初始化...
[2020-03-15 17:48:46:878] [vo.logVo.LogVo.<init>] [INFO] 日志实例已初始化...
[2020-03-15 17:48:46:878] [vo.logVo.LogVo.<init>] [INFO] 日志实例已初始化...
[2020-03-15 17:48:46:879] [vo.logVo.LogVo.<init>] [INFO] 日志实例已初始化...
[2020-03-15 17:48:46:880] [vo.logVo.LogVo.<init>] [INFO] 日志实例已初始化...
[2020-03-15 17:48:46:881] [vo.logVo.LogVo.<init>] [INFO] 日志实例已初始化...
[2020-03-15 17:48:46:883] [vo.logVo.LogVo.<init>] [INFO] 日志实例已初始化...
[2020-03-15 17:48:46:884] [vo.logVo.LogVo.<init>] [INFO] 日志实例已初始化...
[2020-03-15 17:48:46:885] [vo.logVo.LogVo.<init>] [INFO] 日志实例已初始化...
[2020-03-15 17:48:46:885] [vo.logVo.LogVo.<init>] [INFO] 日志实例已初始化...
[2020-03-15 17:48:46:886] [vo.logVo.LogVo.<init>] [INFO] 日志实例已初始化...
[2020-03-15 17:48:46:887] [vo.logVo.LogVo.<init>] [INFO] 日志实例已初始化...
[2020-03-15 17:48:46:888] [vo.logVo.LogVo.<init>] [INFO] 日志实例已初始化...
[2020-03-15 17:48:46:888] [vo.logVo.LogVo.<init>] [INFO] 日志实例已初始化...
[2020-03-15 17:48:46:888] [vo.logVo.LogVo.<init>] [INFO] 日志实例已初始化...
[2020-03-15 17:48:46:888] [vo.logVo.LogVo.<init>] [INFO] 日志实例已初始化...
[2020-03-15 17:48:46:889] [vo.logVo.LogVo.<init>] [INFO] 日志实例已初始化...
[2020-03-15 17:48:46:889] [vo.logVo.LogVo.<init>] [INFO] 日志实例已初始化...
[2020-03-15 17:48:46:890] [vo.logVo.LogVo.<init>] [INFO] 日志实例已初始化...
[2020-03-15 17:48:46:890] [vo.logVo.LogVo.<init>] [INFO] 日志实例已初始化...
[2020-03-15 17:48:46:891] [vo.logVo.LogVo.<init>] [INFO] 日志实例已初始化...
[2020-03-15 17:48:46:891] [vo.logVo.LogVo.<init>] [INFO] 日志实例已初始化...
[2020-03-15 17:48:46:891] [vo.logVo.LogVo.<init>] [INFO] 日志实例已初始化...
[2020-03-15 17:48:46:892] [vo.logVo.LogVo.<init>] [INFO] 日志实例已初始化...
[2020-03-15 17:48:46:892] [vo.logVo.LogVo.<init>] [INFO] 日志实例已初始化...
[2020-03-15 17:48:46:893] [vo.logVo.LogVo.<init>] [INFO] 日志实例已初始化...
[2020-03-15 17:48:46:893] [vo.logVo.LogVo.<init>] [INFO] 日志实例已初始化...
[2020-03-15 17:48:46:894] [vo.logVo.LogVo.<init>] [INFO] 日志实例已初始化...
[2020-03-15 17:48:46:895] [vo.logVo.LogVo.<init>] [INFO] 日志实例已初始化...
[2020-03-15 17:48:46:895] [vo.logVo.LogVo.<init>] [INFO] 日志实例已初始化...
[2020-03-15 17:48:46:896] [vo.logVo.LogVo.<init>] [INFO] 日志实例已初始化...
[2020-03-15 17:48:46:896] [vo.logVo.LogVo.<init>] [INFO] 日志实例已初始化...
[2020-03-15 17:48:46:897] [vo.logVo.LogVo.<init>] [INFO] 日志实例已初始化...
[2020-03-15 17:48:46:898] [vo.logVo.LogVo.<init>] [INFO] 日志实例已初始化...
[2020-03-15 17:48:46:898] [vo.logVo.LogVo.<init>] [INFO] 日志实例已初始化...
[2020-03-15 17:48:46:899] [vo.logVo.LogVo.<init>] [INFO] 日志实例已初始化...
[2020-03-15 17:48:46:899] [vo.logVo.LogVo.<init>] [INFO] 日志实例已初始化...
[2020-03-15 17:48:46:901] [vo.logVo.LogVo.<init>] [INFO] 日志实例已初始化...
[2020-03-15 17:48:46:902] [vo.logVo.LogVo.<init>] [INFO] 日志实例已初始化...
[2020-03-15 17:48:46:903] [vo.logVo.LogVo.<init>] [INFO] 日志实例已初始化...
[2020-03-15 17:48:46:903] [vo.logVo.LogVo.<init>] [INFO] 日志实例已初始化...
[2020-03-15 17:48:46:904] [vo.logVo.LogVo.<init>] [INFO] 日志实例已初始化...
[2020-03-15 17:48:46:904] [vo.logVo.LogVo.<init>] [INFO] 日志实例已初始化...
[2020-03-15 17:48:46:905] [vo.logVo.LogVo.<init>] [INFO] 日志实例已初始化...
[2020-03-15 17:48:46:905] [vo.logVo.LogVo.<init>] [INFO] 日志实例已初始化...
[2020-03-15 17:48:46:906] [vo.logVo.LogVo.<init>] [INFO] 日志实例已初始化...
[2020-03-15 17:48:46:907] [vo.logVo.LogVo.<init>] [INFO] 日志实例已初始化...
[2020-03-15 17:48:46:907] [vo.logVo.LogVo.<init>] [INFO] 日志实例已初始化...
[2020-03-15 17:48:46:908] [vo.logVo.LogVo.<init>] [INFO] 日志实例已初始化...
[2020-03-15 17:48:46:908] [vo.logVo.LogVo.<init>] [INFO] 日志实例已初始化...
[2020-03-15 17:48:46:909] [vo.logVo.LogVo.<init>] [INFO] 日志实例已初始化...
[2020-03-15 17:48:46:910] [vo.logVo.LogVo.<init>] [INFO] 日志实例已初始化...
[2020-03-15 17:48:46:910] [vo.logVo.LogVo.<init>] [INFO] 日志实例已初始化...
[2020-03-15 17:48:46:910] [vo.logVo.LogVo.<init>] [INFO] 日志实例已初始化...
[2020-03-15 17:48:46:911] [vo.logVo.LogVo.<init>] [INFO] 日志实例已初始化...
[2020-03-15 17:48:46:915] [vo.logVo.LogVo.<init>] [INFO] 日志实例已初始化...
[2020-03-15 17:48:46:915] [vo.logVo.LogVo.<init>] [INFO] 日志实例已初始化...
[2020-03-15 17:48:46:916] [vo.logVo.LogVo.<init>] [INFO] 日志实例已初始化...
[2020-03-15 17:48:46:917] [vo.logVo.LogVo.<init>] [INFO] 日志实例已初始化...
[2020-03-15 17:48:46:918] [vo.logVo.LogVo.<init>] [INFO] 日志实例已初始化...
[2020-03-15 17:48:46:919] [vo.logVo.LogVo.<init>] [INFO] 日志实例已初始化...
[2020-03-15 17:48:46:920] [vo.logVo.LogVo.<init>] [INFO] 日志实例已初始化...
[2020-03-15 17:48:46:922] [vo.logVo.LogVo.<init>] [INFO] 日志实例已初始化...
[2020-03-15 17:48:46:922] [vo.logVo.LogVo.<init>] [INFO] 日志实例已初始化...
[2020-03-15 17:48:46:923] [vo.logVo.LogVo.<init>] [INFO] 日志实例已初始化...
[2020-03-15 17:48:46:923] [vo.logVo.LogVo.<init>] [INFO] 日志实例已初始化...
[2020-03-15 17:48:46:924] [vo.logVo.LogVo.<init>] [INFO] 日志实例已初始化...
[2020-03-15 17:48:46:924] [vo.logVo.LogVo.<init>] [INFO] 日志实例已初始化...
[2020-03-15 17:48:46:925] [vo.logVo.LogVo.<init>] [INFO] 日志实例已初始化...
[2020-03-15 17:48:46:926] [vo.logVo.LogVo.<init>] [INFO] 日志实例已初始化...
[2020-03-15 17:48:46:927] [vo.logVo.LogVo.<init>] [INFO] 日志实例已初始化...
[2020-03-15 17:48:46:928] [vo.logVo.LogVo.<init>] [INFO] 日志实例已初始化...
[2020-03-15 17:48:46:930] [vo.logVo.LogVo.<init>] [INFO] 日志实例已初始化...
[2020-03-15 17:48:46:936] [vo.logVo.LogVo.<init>] [INFO] 日志实例已初始化...
[2020-03-15 17:48:46:937] [vo.logVo.LogVo.<init>] [INFO] 日志实例已初始化...
[2020-03-15 17:48:46:937] [vo.logVo.LogVo.<init>] [INFO] 日志实例已初始化...
[2020-03-15 17:48:46:938] [vo.logVo.LogVo.<init>] [INFO] 日志实例已初始化...
[2020-03-15 17:48:46:939] [vo.logVo.LogVo.<init>] [INFO] 日志实例已初始化...
[2020-03-15 17:48:46:939] [vo.logVo.LogVo.<init>] [INFO] 日志实例已初始化...
[2020-03-15 17:48:46:940] [vo.logVo.LogVo.<init>] [INFO] 日志实例已初始化...
[2020-03-15 17:48:46:941] [vo.logVo.LogVo.<init>] [INFO] 日志实例已初始化...
[2020-03-15 17:48:46:941] [vo.logVo.LogVo.<init>] [INFO] 日志实例已初始化...
[2020-03-15 17:48:46:942] [vo.logVo.LogVo.<init>] [INFO] 日志实例已初始化...
[2020-03-15 17:48:46:943] [vo.logVo.LogVo.<init>] [INFO] 日志实例已初始化...
[2020-03-15 17:48:46:943] [vo.logVo.LogVo.<init>] [INFO] 日志实例已初始化...
[2020-03-15 17:48:46:944] [vo.logVo.LogVo.<init>] [INFO] 日志实例已初始化...
[2020-03-15 17:48:46:944] [vo.logVo.LogVo.<init>] [INFO] 日志实例已初始化...
[2020-03-15 17:48:46:945] [vo.logVo.LogVo.<init>] [INFO] 日志实例已初始化...
[2020-03-15 17:48:46:945] [vo.logVo.LogVo.<init>] [INFO] 日志实例已初始化...
[2020-03-15 17:48:46:946] [vo.logVo.LogVo.<init>] [INFO] 日志实例已初始化...
[2020-03-15 17:48:46:946] [vo.logVo.LogVo.<init>] [INFO] 日志实例已初始化...
[2020-03-15 17:48:46:946] [vo.logVo.LogVo.<init>] [INFO] 日志实例已初始化...
[2020-03-15 17:48:46:947] [vo.logVo.LogVo.<init>] [INFO] 日志实例已初始化...
[2020-03-15 17:48:46:947] [vo.logVo.LogVo.<init>] [INFO] 日志实例已初始化...
[2020-03-15 17:48:46:947] [vo.logVo.LogVo.<init>] [INFO] 日志实例已初始化...
[2020-03-15 17:48:46:948] [vo.logVo.LogVo.<init>] [INFO] 日志实例已初始化...
[2020-03-15 17:48:46:948] [vo.logVo.LogVo.<init>] [INFO] 日志实例已初始化...
[2020-03-15 17:48:46:948] [vo.logVo.LogVo.<init>] [INFO] 日志实例已初始化...
[2020-03-15 17:48:46:949] [vo.logVo.LogVo.<init>] [INFO] 日志实例已初始化...
[2020-03-15 17:48:46:951] [vo.logVo.LogVo.<init>] [INFO] 日志实例已初始化...
[2020-03-15 17:48:46:952] [vo.logVo.LogVo.<init>] [INFO] 日志实例已初始化...
[2020-03-15 17:48:46:953] [vo.logVo.LogVo.<init>] [INFO] 日志实例已初始化...
[2020-03-15 17:48:46:953] [vo.logVo.LogVo.<init>] [INFO] 日志实例已初始化...
[2020-03-15 17:48:46:954] [vo.logVo.LogVo.<init>] [INFO] 日志实例已初始化...
[2020-03-15 17:48:46:954] [vo.logVo.LogVo.<init>] [INFO] 日志实例已初始化...
[2020-03-15 17:48:46:954] [vo.logVo.LogVo.<init>] [INFO] 日志实例已初始化...
[2020-03-15 17:48:46:954] [vo.logVo.LogVo.<init>] [INFO] 日志实例已初始化...
[2020-03-15 17:48:46:955] [vo.logVo.LogVo.<init>] [INFO] 日志实例已初始化...
[2020-03-15 17:48:46:955] [vo.logVo.LogVo.<init>] [INFO] 日志实例已初始化...
[2020-03-15 17:48:46:956] [vo.logVo.LogVo.<init>] [INFO] 日志实例已初始化...
[2020-03-15 17:48:46:956] [vo.logVo.LogVo.<init>] [INFO] 日志实例已初始化...
[2020-03-15 17:48:46:956] [vo.logVo.LogVo.<init>] [INFO] 日志实例已初始化...
[2020-03-15 17:48:46:957] [vo.logVo.LogVo.<init>] [INFO] 日志实例已初始化...
[2020-03-15 17:48:46:957] [vo.logVo.LogVo.<init>] [INFO] 日志实例已初始化...
[2020-03-15 17:48:46:958] [vo.logVo.LogVo.<init>] [INFO] 日志实例已初始化...
[2020-03-15 17:48:46:958] [vo.logVo.LogVo.<init>] [INFO] 日志实例已初始化...
[2020-03-15 17:48:46:959] [vo.logVo.LogVo.<init>] [INFO] 日志实例已初始化...
[2020-03-15 17:48:46:959] [vo.logVo.LogVo.<init>] [INFO] 日志实例已初始化...
[2020-03-15 21:26:34:366] [util.MyApplicationContextAnnotion.<init>] [INFO] 获取上下文工具类初始化成功!
[2020-03-15 21:26:34:811] [aop.AnnotationCommenAop.<init>] [INFO] 注解式切面已初始化...
[2020-03-15 21:26:37:128] [vo.logVo.LogVo.<init>] [INFO] 日志实例已初始化...
[2020-03-15 21:26:37:738] [aop.ConfigCommenAop.<init>] [INFO] 切面已初始化...
[2020-03-15 21:26:37:791] [vo.logVo.LogVo.<init>] [INFO] 日志实例已初始化...
[2020-03-15 21:28:17:330] [util.MyApplicationContextAnnotion.<init>] [INFO] 获取上下文工具类初始化成功!
[2020-03-15 21:28:17:764] [aop.AnnotationCommenAop.<init>] [INFO] 注解式切面已初始化...
[2020-03-15 21:28:19:389] [vo.logVo.LogVo.<init>] [INFO] 日志实例已初始化...
[2020-03-15 21:28:20:027] [aop.ConfigCommenAop.<init>] [INFO] 切面已初始化...
[2020-03-15 21:28:20:086] [vo.logVo.LogVo.<init>] [INFO] 日志实例已初始化...
[2020-03-15 21:40:13:989] [util.MyApplicationContextAnnotion.<init>] [INFO] 获取上下文工具类初始化成功!
[2020-03-15 21:40:14:347] [aop.AnnotationCommenAop.<init>] [INFO] 注解式切面已初始化...
[2020-03-15 21:40:16:142] [vo.logVo.LogVo.<init>] [INFO] 日志实例已初始化...
[2020-03-15 21:40:16:613] [aop.ConfigCommenAop.<init>] [INFO] 切面已初始化...
[2020-03-15 21:40:16:658] [vo.logVo.LogVo.<init>] [INFO] 日志实例已初始化...
[2020-03-15 21:41:43:235] [util.MyApplicationContextAnnotion.<init>] [INFO] 获取上下文工具类初始化成功!
[2020-03-15 21:41:43:613] [aop.AnnotationCommenAop.<init>] [INFO] 注解式切面已初始化...
[2020-03-15 21:41:45:191] [vo.logVo.LogVo.<init>] [INFO] 日志实例已初始化...
[2020-03-15 21:41:45:692] [aop.ConfigCommenAop.<init>] [INFO] 切面已初始化...
[2020-03-15 21:41:45:746] [vo.logVo.LogVo.<init>] [INFO] 日志实例已初始化...
[2020-03-15 21:43:08:728] [util.MyApplicationContextAnnotion.<init>] [INFO] 获取上下文工具类初始化成功!
[2020-03-15 21:43:09:180] [aop.AnnotationCommenAop.<init>] [INFO] 注解式切面已初始化...
[2020-03-15 21:43:10:794] [vo.logVo.LogVo.<init>] [INFO] 日志实例已初始化...
[2020-03-15 21:43:11:311] [aop.ConfigCommenAop.<init>] [INFO] 切面已初始化...
[2020-03-15 21:43:11:346] [vo.logVo.LogVo.<init>] [INFO] 日志实例已初始化...
[2020-03-15 22:23:04:873] [util.MyApplicationContextAnnotion.<init>] [INFO] 获取上下文工具类初始化成功!
[2020-03-15 22:23:05:296] [aop.AnnotationCommenAop.<init>] [INFO] 注解式切面已初始化...
[2020-03-15 22:23:07:571] [vo.logVo.LogVo.<init>] [INFO] 日志实例已初始化...
[2020-03-15 22:23:08:155] [aop.ConfigCommenAop.<init>] [INFO] 切面已初始化...
[2020-03-15 22:23:08:205] [vo.logVo.LogVo.<init>] [INFO] 日志实例已初始化...
[2020-03-15 23:44:33:229] [util.MyApplicationContextAnnotion.<init>] [INFO] 获取上下文工具类初始化成功!
[2020-03-15 23:44:33:659] [aop.AnnotationCommenAop.<init>] [INFO] 注解式切面已初始化...
[2020-03-15 23:44:35:389] [vo.logVo.LogVo.<init>] [INFO] 日志实例已初始化...
[2020-03-15 23:44:35:924] [aop.ConfigCommenAop.<init>] [INFO] 切面已初始化...
[2020-03-15 23:44:35:974] [vo.logVo.LogVo.<init>] [INFO] 日志实例已初始化...
[2020-03-15 23:47:51:495] [vo.logVo.LogVo.<init>] [INFO] 日志实例已初始化...
[2020-03-15 23:47:51:503] [vo.logVo.LogVo.<init>] [INFO] 日志实例已初始化...
[2020-03-15 23:47:51:504] [vo.logVo.LogVo.<init>] [INFO] 日志实例已初始化...
[2020-03-15 23:47:51:505] [vo.logVo.LogVo.<init>] [INFO] 日志实例已初始化...
[2020-03-15 23:47:51:506] [vo.logVo.LogVo.<init>] [INFO] 日志实例已初始化...
[2020-03-15 23:47:51:508] [vo.logVo.LogVo.<init>] [INFO] 日志实例已初始化...
[2020-03-15 23:47:51:510] [vo.logVo.LogVo.<init>] [INFO] 日志实例已初始化...
[2020-03-15 23:47:51:511] [vo.logVo.LogVo.<init>] [INFO] 日志实例已初始化...
[2020-03-15 23:47:51:512] [vo.logVo.LogVo.<init>] [INFO] 日志实例已初始化...
[2020-03-15 23:47:51:514] [vo.logVo.LogVo.<init>] [INFO] 日志实例已初始化...
[2020-03-15 23:47:51:515] [vo.logVo.LogVo.<init>] [INFO] 日志实例已初始化...
[2020-03-15 23:47:51:516] [vo.logVo.LogVo.<init>] [INFO] 日志实例已初始化...
[2020-03-15 23:47:51:517] [vo.logVo.LogVo.<init>] [INFO] 日志实例已初始化...
[2020-03-15 23:47:51:519] [vo.logVo.LogVo.<init>] [INFO] 日志实例已初始化...
[2020-03-15 23:47:51:520] [vo.logVo.LogVo.<init>] [INFO] 日志实例已初始化...
[2020-03-15 23:47:51:520] [vo.logVo.LogVo.<init>] [INFO] 日志实例已初始化...
[2020-03-15 23:47:51:523] [vo.logVo.LogVo.<init>] [INFO] 日志实例已初始化...
[2020-03-15 23:47:51:525] [vo.logVo.LogVo.<init>] [INFO] 日志实例已初始化...
[2020-03-15 23:47:51:527] [vo.logVo.LogVo.<init>] [INFO] 日志实例已初始化...
[2020-03-15 23:47:51:527] [vo.logVo.LogVo.<init>] [INFO] 日志实例已初始化...
[2020-03-15 23:47:51:528] [vo.logVo.LogVo.<init>] [INFO] 日志实例已初始化...
[2020-03-15 23:47:51:528] [vo.logVo.LogVo.<init>] [INFO] 日志实例已初始化...
[2020-03-15 23:47:51:529] [vo.logVo.LogVo.<init>] [INFO] 日志实例已初始化...
[2020-03-15 23:47:51:529] [vo.logVo.LogVo.<init>] [INFO] 日志实例已初始化...
[2020-03-15 23:47:51:530] [vo.logVo.LogVo.<init>] [INFO] 日志实例已初始化...
[2020-03-15 23:47:51:530] [vo.logVo.LogVo.<init>] [INFO] 日志实例已初始化...
[2020-03-15 23:47:51:531] [vo.logVo.LogVo.<init>] [INFO] 日志实例已初始化...
[2020-03-15 23:47:51:531] [vo.logVo.LogVo.<init>] [INFO] 日志实例已初始化...
[2020-03-15 23:47:51:532] [vo.logVo.LogVo.<init>] [INFO] 日志实例已初始化...
[2020-03-15 23:47:51:532] [vo.logVo.LogVo.<init>] [INFO] 日志实例已初始化...
[2020-03-15 23:47:51:533] [vo.logVo.LogVo.<init>] [INFO] 日志实例已初始化...
[2020-03-15 23:47:51:533] [vo.logVo.LogVo.<init>] [INFO] 日志实例已初始化...
[2020-03-15 23:47:51:534] [vo.logVo.LogVo.<init>] [INFO] 日志实例已初始化...
[2020-03-15 23:47:51:534] [vo.logVo.LogVo.<init>] [INFO] 日志实例已初始化...
[2020-03-15 23:47:51:535] [vo.logVo.LogVo.<init>] [INFO] 日志实例已初始化...
[2020-03-15 23:47:51:536] [vo.logVo.LogVo.<init>] [INFO] 日志实例已初始化...
[2020-03-15 23:47:51:537] [vo.logVo.LogVo.<init>] [INFO] 日志实例已初始化...
[2020-03-15 23:47:51:539] [vo.logVo.LogVo.<init>] [INFO] 日志实例已初始化...
[2020-03-15 23:47:51:541] [vo.logVo.LogVo.<init>] [INFO] 日志实例已初始化...
[2020-03-15 23:47:51:543] [vo.logVo.LogVo.<init>] [INFO] 日志实例已初始化...
[2020-03-15 23:47:51:545] [vo.logVo.LogVo.<init>] [INFO] 日志实例已初始化...
[2020-03-15 23:47:51:546] [vo.logVo.LogVo.<init>] [INFO] 日志实例已初始化...
[2020-03-15 23:47:51:547] [vo.logVo.LogVo.<init>] [INFO] 日志实例已初始化...
[2020-03-15 23:47:51:547] [vo.logVo.LogVo.<init>] [INFO] 日志实例已初始化...
[2020-03-15 23:47:51:548] [vo.logVo.LogVo.<init>] [INFO] 日志实例已初始化...
[2020-03-15 23:47:51:549] [vo.logVo.LogVo.<init>] [INFO] 日志实例已初始化...
[2020-03-15 23:47:51:550] [vo.logVo.LogVo.<init>] [INFO] 日志实例已初始化...
[2020-03-15 23:47:51:551] [vo.logVo.LogVo.<init>] [INFO] 日志实例已初始化...
[2020-03-15 23:47:51:551] [vo.logVo.LogVo.<init>] [INFO] 日志实例已初始化...
[2020-03-15 23:47:51:552] [vo.logVo.LogVo.<init>] [INFO] 日志实例已初始化...
[2020-03-15 23:47:51:552] [vo.logVo.LogVo.<init>] [INFO] 日志实例已初始化...
[2020-03-15 23:47:51:553] [vo.logVo.LogVo.<init>] [INFO] 日志实例已初始化...
[2020-03-15 23:47:51:554] [vo.logVo.LogVo.<init>] [INFO] 日志实例已初始化...
[2020-03-15 23:47:51:556] [vo.logVo.LogVo.<init>] [INFO] 日志实例已初始化...
[2020-03-15 23:47:51:564] [vo.logVo.LogVo.<init>] [INFO] 日志实例已初始化...
[2020-03-15 23:47:51:565] [vo.logVo.LogVo.<init>] [INFO] 日志实例已初始化...
[2020-03-15 23:47:51:568] [vo.logVo.LogVo.<init>] [INFO] 日志实例已初始化...
[2020-03-15 23:47:51:571] [vo.logVo.LogVo.<init>] [INFO] 日志实例已初始化...
[2020-03-15 23:47:51:573] [vo.logVo.LogVo.<init>] [INFO] 日志实例已初始化...
[2020-03-15 23:47:51:579] [vo.logVo.LogVo.<init>] [INFO] 日志实例已初始化...
[2020-03-15 23:47:51:580] [vo.logVo.LogVo.<init>] [INFO] 日志实例已初始化...
[2020-03-15 23:47:51:582] [vo.logVo.LogVo.<init>] [INFO] 日志实例已初始化...
[2020-03-15 23:47:51:583] [vo.logVo.LogVo.<init>] [INFO] 日志实例已初始化...
[2020-03-15 23:47:51:584] [vo.logVo.LogVo.<init>] [INFO] 日志实例已初始化...
[2020-03-15 23:47:51:586] [vo.logVo.LogVo.<init>] [INFO] 日志实例已初始化...
[2020-03-15 23:47:51:587] [vo.logVo.LogVo.<init>] [INFO] 日志实例已初始化...
[2020-03-15 23:47:51:589] [vo.logVo.LogVo.<init>] [INFO] 日志实例已初始化...
[2020-03-15 23:47:51:590] [vo.logVo.LogVo.<init>] [INFO] 日志实例已初始化...
[2020-03-15 23:47:51:591] [vo.logVo.LogVo.<init>] [INFO] 日志实例已初始化...
[2020-03-15 23:47:51:592] [vo.logVo.LogVo.<init>] [INFO] 日志实例已初始化...
[2020-03-15 23:47:51:594] [vo.logVo.LogVo.<init>] [INFO] 日志实例已初始化...
[2020-03-15 23:47:51:595] [vo.logVo.LogVo.<init>] [INFO] 日志实例已初始化...
[2020-03-15 23:47:51:596] [vo.logVo.LogVo.<init>] [INFO] 日志实例已初始化...
[2020-03-15 23:47:51:597] [vo.logVo.LogVo.<init>] [INFO] 日志实例已初始化...
[2020-03-15 23:47:51:597] [vo.logVo.LogVo.<init>] [INFO] 日志实例已初始化...
[2020-03-15 23:47:51:598] [vo.logVo.LogVo.<init>] [INFO] 日志实例已初始化...
[2020-03-15 23:47:51:600] [vo.logVo.LogVo.<init>] [INFO] 日志实例已初始化...
[2020-03-15 23:47:51:600] [vo.logVo.LogVo.<init>] [INFO] 日志实例已初始化...
[2020-03-15 23:47:51:601] [vo.logVo.LogVo.<init>] [INFO] 日志实例已初始化...
[2020-03-15 23:47:51:601] [vo.logVo.LogVo.<init>] [INFO] 日志实例已初始化...
[2020-03-15 23:47:51:602] [vo.logVo.LogVo.<init>] [INFO] 日志实例已初始化...
[2020-03-15 23:47:51:602] [vo.logVo.LogVo.<init>] [INFO] 日志实例已初始化...
[2020-03-15 23:47:51:603] [vo.logVo.LogVo.<init>] [INFO] 日志实例已初始化...
[2020-03-15 23:47:51:603] [vo.logVo.LogVo.<init>] [INFO] 日志实例已初始化...
[2020-03-15 23:47:51:604] [vo.logVo.LogVo.<init>] [INFO] 日志实例已初始化...
[2020-03-15 23:47:51:605] [vo.logVo.LogVo.<init>] [INFO] 日志实例已初始化...
[2020-03-15 23:47:51:606] [vo.logVo.LogVo.<init>] [INFO] 日志实例已初始化...
[2020-03-15 23:47:51:607] [vo.logVo.LogVo.<init>] [INFO] 日志实例已初始化...
[2020-03-15 23:47:51:609] [vo.logVo.LogVo.<init>] [INFO] 日志实例已初始化...
[2020-03-15 23:47:51:609] [vo.logVo.LogVo.<init>] [INFO] 日志实例已初始化...
[2020-03-15 23:47:51:610] [vo.logVo.LogVo.<init>] [INFO] 日志实例已初始化...
[2020-03-15 23:47:51:611] [vo.logVo.LogVo.<init>] [INFO] 日志实例已初始化...
[2020-03-15 23:47:51:611] [vo.logVo.LogVo.<init>] [INFO] 日志实例已初始化...
[2020-03-15 23:47:51:612] [vo.logVo.LogVo.<init>] [INFO] 日志实例已初始化...
[2020-03-15 23:47:51:612] [vo.logVo.LogVo.<init>] [INFO] 日志实例已初始化...
[2020-03-15 23:47:51:613] [vo.logVo.LogVo.<init>] [INFO] 日志实例已初始化...
[2020-03-15 23:47:51:613] [vo.logVo.LogVo.<init>] [INFO] 日志实例已初始化...
[2020-03-15 23:47:51:614] [vo.logVo.LogVo.<init>] [INFO] 日志实例已初始化...
[2020-03-15 23:47:51:615] [vo.logVo.LogVo.<init>] [INFO] 日志实例已初始化...
[2020-03-15 23:47:51:617] [vo.logVo.LogVo.<init>] [INFO] 日志实例已初始化...
[2020-03-15 23:47:51:617] [vo.logVo.LogVo.<init>] [INFO] 日志实例已初始化...
[2020-03-15 23:47:51:618] [vo.logVo.LogVo.<init>] [INFO] 日志实例已初始化...
[2020-03-15 23:47:51:618] [vo.logVo.LogVo.<init>] [INFO] 日志实例已初始化...
[2020-03-15 23:47:51:619] [vo.logVo.LogVo.<init>] [INFO] 日志实例已初始化...
[2020-03-15 23:47:51:619] [vo.logVo.LogVo.<init>] [INFO] 日志实例已初始化...
[2020-03-15 23:47:51:620] [vo.logVo.LogVo.<init>] [INFO] 日志实例已初始化...
[2020-03-15 23:47:51:621] [vo.logVo.LogVo.<init>] [INFO] 日志实例已初始化...
[2020-03-15 23:47:51:622] [vo.logVo.LogVo.<init>] [INFO] 日志实例已初始化...
[2020-03-15 23:47:51:623] [vo.logVo.LogVo.<init>] [INFO] 日志实例已初始化...
[2020-03-15 23:47:51:625] [vo.logVo.LogVo.<init>] [INFO] 日志实例已初始化...
[2020-03-15 23:47:51:626] [vo.logVo.LogVo.<init>] [INFO] 日志实例已初始化...
[2020-03-15 23:47:51:627] [vo.logVo.LogVo.<init>] [INFO] 日志实例已初始化...
[2020-03-15 23:47:51:628] [vo.logVo.LogVo.<init>] [INFO] 日志实例已初始化...
[2020-03-15 23:47:51:628] [vo.logVo.LogVo.<init>] [INFO] 日志实例已初始化...
[2020-03-15 23:47:51:629] [vo.logVo.LogVo.<init>] [INFO] 日志实例已初始化...
[2020-03-15 23:47:51:631] [vo.logVo.LogVo.<init>] [INFO] 日志实例已初始化...
[2020-03-15 23:47:51:632] [vo.logVo.LogVo.<init>] [INFO] 日志实例已初始化...
[2020-03-15 23:47:51:634] [vo.logVo.LogVo.<init>] [INFO] 日志实例已初始化...
[2020-03-15 23:47:51:637] [vo.logVo.LogVo.<init>] [INFO] 日志实例已初始化...
[2020-03-15 23:47:51:638] [vo.logVo.LogVo.<init>] [INFO] 日志实例已初始化...
[2020-03-15 23:47:51:655] [vo.logVo.LogVo.<init>] [INFO] 日志实例已初始化...
[2020-03-15 23:47:51:670] [vo.logVo.LogVo.<init>] [INFO] 日志实例已初始化...
[2020-03-15 23:47:51:673] [vo.logVo.LogVo.<init>] [INFO] 日志实例已初始化...
[2020-03-15 23:47:51:678] [vo.logVo.LogVo.<init>] [INFO] 日志实例已初始化...
[2020-03-15 23:47:51:679] [vo.logVo.LogVo.<init>] [INFO] 日志实例已初始化...
[2020-03-15 23:47:51:680] [vo.logVo.LogVo.<init>] [INFO] 日志实例已初始化...
[2020-03-15 23:47:51:683] [vo.logVo.LogVo.<init>] [INFO] 日志实例已初始化...
[2020-03-15 23:47:51:684] [vo.logVo.LogVo.<init>] [INFO] 日志实例已初始化...
[2020-03-15 23:47:51:686] [vo.logVo.LogVo.<init>] [INFO] 日志实例已初始化...
[2020-03-15 23:47:51:687] [vo.logVo.LogVo.<init>] [INFO] 日志实例已初始化...
[2020-03-15 23:47:51:688] [vo.logVo.LogVo.<init>] [INFO] 日志实例已初始化...
[2020-03-15 23:47:51:688] [vo.logVo.LogVo.<init>] [INFO] 日志实例已初始化...
[2020-03-15 23:47:51:690] [vo.logVo.LogVo.<init>] [INFO] 日志实例已初始化...
[2020-03-15 23:47:51:691] [vo.logVo.LogVo.<init>] [INFO] 日志实例已初始化...
[2020-03-15 23:47:51:692] [vo.logVo.LogVo.<init>] [INFO] 日志实例已初始化...
[2020-03-15 23:47:51:693] [vo.logVo.LogVo.<init>] [INFO] 日志实例已初始化...
[2020-03-15 23:47:51:695] [vo.logVo.LogVo.<init>] [INFO] 日志实例已初始化...
[2020-03-15 23:47:51:696] [vo.logVo.LogVo.<init>] [INFO] 日志实例已初始化...
[2020-03-15 23:47:51:697] [vo.logVo.LogVo.<init>] [INFO] 日志实例已初始化...
[2020-03-15 23:47:51:698] [vo.logVo.LogVo.<init>] [INFO] 日志实例已初始化...
[2020-03-15 23:47:51:699] [vo.logVo.LogVo.<init>] [INFO] 日志实例已初始化...
[2020-03-15 23:47:51:700] [vo.logVo.LogVo.<init>] [INFO] 日志实例已初始化...
[2020-03-15 23:47:51:711] [vo.logVo.LogVo.<init>] [INFO] 日志实例已初始化...
[2020-03-15 23:47:51:712] [vo.logVo.LogVo.<init>] [INFO] 日志实例已初始化...
[2020-03-15 23:47:51:713] [vo.logVo.LogVo.<init>] [INFO] 日志实例已初始化...
[2020-03-15 23:47:51:717] [vo.logVo.LogVo.<init>] [INFO] 日志实例已初始化...
[2020-03-15 23:47:51:718] [vo.logVo.LogVo.<init>] [INFO] 日志实例已初始化...
[2020-03-15 23:47:51:719] [vo.logVo.LogVo.<init>] [INFO] 日志实例已初始化...
[2020-03-15 23:47:51:720] [vo.logVo.LogVo.<init>] [INFO] 日志实例已初始化...
[2020-03-15 23:47:51:726] [vo.logVo.LogVo.<init>] [INFO] 日志实例已初始化...
[2020-03-15 23:47:51:727] [vo.logVo.LogVo.<init>] [INFO] 日志实例已初始化...
[2020-03-15 23:47:51:729] [vo.logVo.LogVo.<init>] [INFO] 日志实例已初始化...
[2020-03-15 23:47:51:730] [vo.logVo.LogVo.<init>] [INFO] 日志实例已初始化...
[2020-03-15 23:47:51:732] [vo.logVo.LogVo.<init>] [INFO] 日志实例已初始化...
[2020-03-15 23:47:51:734] [vo.logVo.LogVo.<init>] [INFO] 日志实例已初始化...
[2020-03-15 23:47:51:737] [vo.logVo.LogVo.<init>] [INFO] 日志实例已初始化...
[2020-03-15 23:47:51:738] [vo.logVo.LogVo.<init>] [INFO] 日志实例已初始化...
[2020-03-15 23:47:51:744] [vo.logVo.LogVo.<init>] [INFO] 日志实例已初始化...
[2020-03-15 23:47:51:745] [vo.logVo.LogVo.<init>] [INFO] 日志实例已初始化...
[2020-03-15 23:47:51:746] [vo.logVo.LogVo.<init>] [INFO] 日志实例已初始化...
[2020-03-15 23:47:51:747] [vo.logVo.LogVo.<init>] [INFO] 日志实例已初始化...
[2020-03-15 23:47:51:751] [vo.logVo.LogVo.<init>] [INFO] 日志实例已初始化...
[2020-03-15 23:47:51:752] [vo.logVo.LogVo.<init>] [INFO] 日志实例已初始化...
[2020-03-15 23:47:51:753] [vo.logVo.LogVo.<init>] [INFO] 日志实例已初始化...
[2020-03-15 23:47:51:755] [vo.logVo.LogVo.<init>] [INFO] 日志实例已初始化...
[2020-03-15 23:47:51:757] [vo.logVo.LogVo.<init>] [INFO] 日志实例已初始化...
[2020-03-15 23:47:51:760] [vo.logVo.LogVo.<init>] [INFO] 日志实例已初始化...
[2020-03-15 23:47:51:767] [vo.logVo.LogVo.<init>] [INFO] 日志实例已初始化...
[2020-03-15 23:47:51:769] [vo.logVo.LogVo.<init>] [INFO] 日志实例已初始化...
[2020-03-15 23:47:51:770] [vo.logVo.LogVo.<init>] [INFO] 日志实例已初始化...
[2020-03-15 23:47:51:771] [vo.logVo.LogVo.<init>] [INFO] 日志实例已初始化...
[2020-03-15 23:47:51:771] [vo.logVo.LogVo.<init>] [INFO] 日志实例已初始化...
[2020-03-15 23:47:51:772] [vo.logVo.LogVo.<init>] [INFO] 日志实例已初始化...
[2020-03-15 23:47:51:776] [vo.logVo.LogVo.<init>] [INFO] 日志实例已初始化...
[2020-03-15 23:47:51:777] [vo.logVo.LogVo.<init>] [INFO] 日志实例已初始化...
[2020-03-15 23:47:51:779] [vo.logVo.LogVo.<init>] [INFO] 日志实例已初始化...
[2020-03-15 23:47:51:780] [vo.logVo.LogVo.<init>] [INFO] 日志实例已初始化...
[2020-03-15 23:47:51:781] [vo.logVo.LogVo.<init>] [INFO] 日志实例已初始化...
[2020-03-15 23:47:51:781] [vo.logVo.LogVo.<init>] [INFO] 日志实例已初始化...
[2020-03-15 23:47:51:782] [vo.logVo.LogVo.<init>] [INFO] 日志实例已初始化...
[2020-03-15 23:47:51:782] [vo.logVo.LogVo.<init>] [INFO] 日志实例已初始化...
[2020-03-15 23:47:51:783] [vo.logVo.LogVo.<init>] [INFO] 日志实例已初始化...
[2020-03-15 23:47:51:783] [vo.logVo.LogVo.<init>] [INFO] 日志实例已初始化...
[2020-03-15 23:47:51:784] [vo.logVo.LogVo.<init>] [INFO] 日志实例已初始化...
[2020-03-15 23:47:51:784] [vo.logVo.LogVo.<init>] [INFO] 日志实例已初始化...
[2020-03-15 23:47:51:785] [vo.logVo.LogVo.<init>] [INFO] 日志实例已初始化...
[2020-03-15 23:47:51:786] [vo.logVo.LogVo.<init>] [INFO] 日志实例已初始化...
[2020-03-15 23:47:51:787] [vo.logVo.LogVo.<init>] [INFO] 日志实例已初始化...
[2020-03-15 23:47:51:788] [vo.logVo.LogVo.<init>] [INFO] 日志实例已初始化...
[2020-03-15 23:47:51:790] [vo.logVo.LogVo.<init>] [INFO] 日志实例已初始化...
[2020-03-15 23:47:51:793] [vo.logVo.LogVo.<init>] [INFO] 日志实例已初始化...
[2020-03-15 23:47:51:794] [vo.logVo.LogVo.<init>] [INFO] 日志实例已初始化...
[2020-03-15 23:47:51:795] [vo.logVo.LogVo.<init>] [INFO] 日志实例已初始化...
[2020-03-15 23:47:51:795] [vo.logVo.LogVo.<init>] [INFO] 日志实例已初始化...
[2020-03-15 23:47:51:796] [vo.logVo.LogVo.<init>] [INFO] 日志实例已初始化...
[2020-03-15 23:47:51:797] [vo.logVo.LogVo.<init>] [INFO] 日志实例已初始化...
[2020-03-15 23:47:51:798] [vo.logVo.LogVo.<init>] [INFO] 日志实例已初始化...
[2020-03-15 23:47:51:798] [vo.logVo.LogVo.<init>] [INFO] 日志实例已初始化...
[2020-03-15 23:47:51:799] [vo.logVo.LogVo.<init>] [INFO] 日志实例已初始化...
[2020-03-15 23:47:51:799] [vo.logVo.LogVo.<init>] [INFO] 日志实例已初始化...
[2020-03-15 23:47:51:800] [vo.logVo.LogVo.<init>] [INFO] 日志实例已初始化...
[2020-03-15 23:47:51:800] [vo.logVo.LogVo.<init>] [INFO] 日志实例已初始化...
[2020-03-15 23:47:51:801] [vo.logVo.LogVo.<init>] [INFO] 日志实例已初始化...
[2020-03-15 23:47:51:801] [vo.logVo.LogVo.<init>] [INFO] 日志实例已初始化...
[2020-03-15 23:47:51:802] [vo.logVo.LogVo.<init>] [INFO] 日志实例已初始化...
[2020-03-15 23:47:51:802] [vo.logVo.LogVo.<init>] [INFO] 日志实例已初始化...
[2020-03-15 23:47:51:802] [vo.logVo.LogVo.<init>] [INFO] 日志实例已初始化...
[2020-03-15 23:47:51:803] [vo.logVo.LogVo.<init>] [INFO] 日志实例已初始化...
[2020-03-15 23:47:51:804] [vo.logVo.LogVo.<init>] [INFO] 日志实例已初始化...
[2020-03-15 23:47:51:806] [vo.logVo.LogVo.<init>] [INFO] 日志实例已初始化...
[2020-03-15 23:47:51:807] [vo.logVo.LogVo.<init>] [INFO] 日志实例已初始化...
[2020-03-15 23:47:51:809] [vo.logVo.LogVo.<init>] [INFO] 日志实例已初始化...
[2020-03-15 23:47:51:810] [vo.logVo.LogVo.<init>] [INFO] 日志实例已初始化...
[2020-03-15 23:47:51:810] [vo.logVo.LogVo.<init>] [INFO] 日志实例已初始化...
[2020-03-15 23:47:51:811] [vo.logVo.LogVo.<init>] [INFO] 日志实例已初始化...
[2020-03-15 23:47:51:812] [vo.logVo.LogVo.<init>] [INFO] 日志实例已初始化...
[2020-03-15 23:47:51:812] [vo.logVo.LogVo.<init>] [INFO] 日志实例已初始化...
[2020-03-15 23:47:51:813] [vo.logVo.LogVo.<init>] [INFO] 日志实例已初始化...
[2020-03-15 23:47:51:813] [vo.logVo.LogVo.<init>] [INFO] 日志实例已初始化...
[2020-03-15 23:47:51:814] [vo.logVo.LogVo.<init>] [INFO] 日志实例已初始化...
[2020-03-15 23:47:51:814] [vo.logVo.LogVo.<init>] [INFO] 日志实例已初始化...
[2020-03-15 23:47:51:815] [vo.logVo.LogVo.<init>] [INFO] 日志实例已初始化...
[2020-03-15 23:47:51:815] [vo.logVo.LogVo.<init>] [INFO] 日志实例已初始化...
[2020-03-15 23:47:51:815] [vo.logVo.LogVo.<init>] [INFO] 日志实例已初始化...
[2020-03-15 23:47:51:816] [vo.logVo.LogVo.<init>] [INFO] 日志实例已初始化...
[2020-03-15 23:47:51:816] [vo.logVo.LogVo.<init>] [INFO] 日志实例已初始化...
[2020-03-15 23:47:51:817] [vo.logVo.LogVo.<init>] [INFO] 日志实例已初始化...
[2020-03-15 23:47:51:818] [vo.logVo.LogVo.<init>] [INFO] 日志实例已初始化...
[2020-03-15 23:47:51:819] [vo.logVo.LogVo.<init>] [INFO] 日志实例已初始化...
[2020-03-15 23:47:51:821] [vo.logVo.LogVo.<init>] [INFO] 日志实例已初始化...
[2020-03-15 23:47:51:821] [vo.logVo.LogVo.<init>] [INFO] 日志实例已初始化...
[2020-03-15 23:47:51:823] [vo.logVo.LogVo.<init>] [INFO] 日志实例已初始化...
[2020-03-15 23:47:51:824] [vo.logVo.LogVo.<init>] [INFO] 日志实例已初始化...
[2020-03-15 23:47:51:826] [vo.logVo.LogVo.<init>] [INFO] 日志实例已初始化...
[2020-03-15 23:47:51:827] [vo.logVo.LogVo.<init>] [INFO] 日志实例已初始化...
[2020-03-15 23:47:51:827] [vo.logVo.LogVo.<init>] [INFO] 日志实例已初始化...
[2020-03-15 23:47:51:828] [vo.logVo.LogVo.<init>] [INFO] 日志实例已初始化...
[2020-03-15 23:47:51:829] [vo.logVo.LogVo.<init>] [INFO] 日志实例已初始化...
[2020-03-15 23:47:51:830] [vo.logVo.LogVo.<init>] [INFO] 日志实例已初始化...
[2020-03-15 23:47:51:830] [vo.logVo.LogVo.<init>] [INFO] 日志实例已初始化...
[2020-03-15 23:47:51:831] [vo.logVo.LogVo.<init>] [INFO] 日志实例已初始化...
[2020-03-15 23:47:51:832] [vo.logVo.LogVo.<init>] [INFO] 日志实例已初始化...
[2020-03-15 23:47:51:832] [vo.logVo.LogVo.<init>] [INFO] 日志实例已初始化...
[2020-03-15 23:47:51:833] [vo.logVo.LogVo.<init>] [INFO] 日志实例已初始化...
[2020-03-15 23:47:51:833] [vo.logVo.LogVo.<init>] [INFO] 日志实例已初始化...
[2020-03-15 23:47:51:835] [vo.logVo.LogVo.<init>] [INFO] 日志实例已初始化...
[2020-03-15 23:47:51:836] [vo.logVo.LogVo.<init>] [INFO] 日志实例已初始化...
[2020-03-15 23:47:51:837] [vo.logVo.LogVo.<init>] [INFO] 日志实例已初始化...
[2020-03-15 23:47:51:838] [vo.logVo.LogVo.<init>] [INFO] 日志实例已初始化...
[2020-03-15 23:47:51:839] [vo.logVo.LogVo.<init>] [INFO] 日志实例已初始化...
[2020-03-15 23:47:51:840] [vo.logVo.LogVo.<init>] [INFO] 日志实例已初始化...
[2020-03-15 23:47:51:842] [vo.logVo.LogVo.<init>] [INFO] 日志实例已初始化...
[2020-03-15 23:47:51:843] [vo.logVo.LogVo.<init>] [INFO] 日志实例已初始化...
[2020-03-15 23:47:51:844] [vo.logVo.LogVo.<init>] [INFO] 日志实例已初始化...
[2020-03-15 23:47:51:846] [vo.logVo.LogVo.<init>] [INFO] 日志实例已初始化...
[2020-03-15 23:47:51:847] [vo.logVo.LogVo.<init>] [INFO] 日志实例已初始化...
[2020-03-15 23:47:51:848] [vo.logVo.LogVo.<init>] [INFO] 日志实例已初始化...
[2020-03-15 23:47:51:851] [vo.logVo.LogVo.<init>] [INFO] 日志实例已初始化...
[2020-03-15 23:47:51:854] [vo.logVo.LogVo.<init>] [INFO] 日志实例已初始化...
[2020-03-15 23:47:51:855] [vo.logVo.LogVo.<init>] [INFO] 日志实例已初始化...
[2020-03-15 23:47:51:856] [vo.logVo.LogVo.<init>] [INFO] 日志实例已初始化...
[2020-03-15 23:47:51:859] [vo.logVo.LogVo.<init>] [INFO] 日志实例已初始化...
[2020-03-15 23:47:51:860] [vo.logVo.LogVo.<init>] [INFO] 日志实例已初始化...
[2020-03-15 23:47:51:861] [vo.logVo.LogVo.<init>] [INFO] 日志实例已初始化...
[2020-03-15 23:47:51:862] [vo.logVo.LogVo.<init>] [INFO] 日志实例已初始化...
[2020-03-15 23:47:51:862] [vo.logVo.LogVo.<init>] [INFO] 日志实例已初始化...
[2020-03-15 23:47:51:863] [vo.logVo.LogVo.<init>] [INFO] 日志实例已初始化...
[2020-03-15 23:47:51:863] [vo.logVo.LogVo.<init>] [INFO] 日志实例已初始化...
[2020-03-15 23:47:51:864] [vo.logVo.LogVo.<init>] [INFO] 日志实例已初始化...
[2020-03-15 23:47:51:866] [vo.logVo.LogVo.<init>] [INFO] 日志实例已初始化...
[2020-03-15 23:47:51:867] [vo.logVo.LogVo.<init>] [INFO] 日志实例已初始化...
[2020-03-15 23:47:51:869] [vo.logVo.LogVo.<init>] [INFO] 日志实例已初始化...
[2020-03-15 23:47:51:870] [vo.logVo.LogVo.<init>] [INFO] 日志实例已初始化...
[2020-03-15 23:47:51:870] [vo.logVo.LogVo.<init>] [INFO] 日志实例已初始化...
[2020-03-15 23:47:51:872] [vo.logVo.LogVo.<init>] [INFO] 日志实例已初始化...
[2020-03-15 23:47:51:873] [vo.logVo.LogVo.<init>] [INFO] 日志实例已初始化...
[2020-03-15 23:47:51:876] [vo.logVo.LogVo.<init>] [INFO] 日志实例已初始化...
[2020-03-15 23:47:51:877] [vo.logVo.LogVo.<init>] [INFO] 日志实例已初始化...
[2020-03-15 23:47:51:878] [vo.logVo.LogVo.<init>] [INFO] 日志实例已初始化...
[2020-03-15 23:47:51:878] [vo.logVo.LogVo.<init>] [INFO] 日志实例已初始化...
[2020-03-15 23:47:51:879] [vo.logVo.LogVo.<init>] [INFO] 日志实例已初始化...
[2020-03-15 23:47:51:880] [vo.logVo.LogVo.<init>] [INFO] 日志实例已初始化...
[2020-03-15 23:47:51:880] [vo.logVo.LogVo.<init>] [INFO] 日志实例已初始化...
[2020-03-15 23:47:51:881] [vo.logVo.LogVo.<init>] [INFO] 日志实例已初始化...
[2020-03-15 23:47:51:882] [vo.logVo.LogVo.<init>] [INFO] 日志实例已初始化...
[2020-03-15 23:47:51:883] [vo.logVo.LogVo.<init>] [INFO] 日志实例已初始化...
[2020-03-15 23:47:51:885] [vo.logVo.LogVo.<init>] [INFO] 日志实例已初始化...
[2020-03-15 23:47:51:885] [vo.logVo.LogVo.<init>] [INFO] 日志实例已初始化...
[2020-03-15 23:47:51:888] [vo.logVo.LogVo.<init>] [INFO] 日志实例已初始化...
[2020-03-15 23:47:51:891] [vo.logVo.LogVo.<init>] [INFO] 日志实例已初始化...
[2020-03-15 23:47:51:892] [vo.logVo.LogVo.<init>] [INFO] 日志实例已初始化...
[2020-03-15 23:47:51:893] [vo.logVo.LogVo.<init>] [INFO] 日志实例已初始化...
[2020-03-15 23:47:51:894] [vo.logVo.LogVo.<init>] [INFO] 日志实例已初始化...
[2020-03-15 23:47:51:895] [vo.logVo.LogVo.<init>] [INFO] 日志实例已初始化...
[2020-03-15 23:47:51:896] [vo.logVo.LogVo.<init>] [INFO] 日志实例已初始化...
[2020-03-15 23:47:51:897] [vo.logVo.LogVo.<init>] [INFO] 日志实例已初始化...
[2020-03-15 23:47:51:899] [vo.logVo.LogVo.<init>] [INFO] 日志实例已初始化...
[2020-03-15 23:47:51:899] [vo.logVo.LogVo.<init>] [INFO] 日志实例已初始化...
[2020-03-15 23:47:51:900] [vo.logVo.LogVo.<init>] [INFO] 日志实例已初始化...
[2020-03-15 23:47:51:901] [vo.logVo.LogVo.<init>] [INFO] 日志实例已初始化...
[2020-03-15 23:47:51:902] [vo.logVo.LogVo.<init>] [INFO] 日志实例已初始化...
[2020-03-15 23:47:51:903] [vo.logVo.LogVo.<init>] [INFO] 日志实例已初始化...
[2020-03-15 23:47:51:904] [vo.logVo.LogVo.<init>] [INFO] 日志实例已初始化...
[2020-03-15 23:47:51:906] [vo.logVo.LogVo.<init>] [INFO] 日志实例已初始化...
[2020-03-15 23:47:51:908] [vo.logVo.LogVo.<init>] [INFO] 日志实例已初始化...
[2020-03-15 23:47:51:909] [vo.logVo.LogVo.<init>] [INFO] 日志实例已初始化...
[2020-03-15 23:47:51:910] [vo.logVo.LogVo.<init>] [INFO] 日志实例已初始化...
[2020-03-15 23:47:51:910] [vo.logVo.LogVo.<init>] [INFO] 日志实例已初始化...
[2020-03-15 23:47:51:911] [vo.logVo.LogVo.<init>] [INFO] 日志实例已初始化...
[2020-03-15 23:47:51:912] [vo.logVo.LogVo.<init>] [INFO] 日志实例已初始化...
[2020-03-15 23:47:51:913] [vo.logVo.LogVo.<init>] [INFO] 日志实例已初始化...
[2020-03-15 23:47:51:915] [vo.logVo.LogVo.<init>] [INFO] 日志实例已初始化...
[2020-03-15 23:47:51:915] [vo.logVo.LogVo.<init>] [INFO] 日志实例已初始化...
[2020-03-15 23:47:51:916] [vo.logVo.LogVo.<init>] [INFO] 日志实例已初始化...
[2020-03-15 23:47:51:917] [vo.logVo.LogVo.<init>] [INFO] 日志实例已初始化...
[2020-03-15 23:47:51:918] [vo.logVo.LogVo.<init>] [INFO] 日志实例已初始化...
[2020-03-15 23:47:51:918] [vo.logVo.LogVo.<init>] [INFO] 日志实例已初始化...
[2020-03-15 23:47:51:919] [vo.logVo.LogVo.<init>] [INFO] 日志实例已初始化...
[2020-03-15 23:47:51:919] [vo.logVo.LogVo.<init>] [INFO] 日志实例已初始化...
[2020-03-15 23:47:51:920] [vo.logVo.LogVo.<init>] [INFO] 日志实例已初始化...
[2020-03-15 23:47:51:920] [vo.logVo.LogVo.<init>] [INFO] 日志实例已初始化...
[2020-03-15 23:47:51:920] [vo.logVo.LogVo.<init>] [INFO] 日志实例已初始化...
[2020-03-15 23:47:51:921] [vo.logVo.LogVo.<init>] [INFO] 日志实例已初始化...
[2020-03-15 23:47:51:921] [vo.logVo.LogVo.<init>] [INFO] 日志实例已初始化...
[2020-03-15 23:47:51:922] [vo.logVo.LogVo.<init>] [INFO] 日志实例已初始化...
[2020-03-15 23:47:51:923] [vo.logVo.LogVo.<init>] [INFO] 日志实例已初始化...
[2020-03-15 23:47:51:926] [vo.logVo.LogVo.<init>] [INFO] 日志实例已初始化...
[2020-03-15 23:47:51:927] [vo.logVo.LogVo.<init>] [INFO] 日志实例已初始化...
[2020-03-15 23:47:51:927] [vo.logVo.LogVo.<init>] [INFO] 日志实例已初始化...
[2020-03-15 23:47:51:927] [vo.logVo.LogVo.<init>] [INFO] 日志实例已初始化...
[2020-03-15 23:47:51:928] [vo.logVo.LogVo.<init>] [INFO] 日志实例已初始化...
[2020-03-15 23:47:51:928] [vo.logVo.LogVo.<init>] [INFO] 日志实例已初始化...
[2020-03-15 23:47:51:929] [vo.logVo.LogVo.<init>] [INFO] 日志实例已初始化...
[2020-03-15 23:47:51:929] [vo.logVo.LogVo.<init>] [INFO] 日志实例已初始化...
[2020-03-15 23:47:51:929] [vo.logVo.LogVo.<init>] [INFO] 日志实例已初始化...
[2020-03-15 23:47:51:930] [vo.logVo.LogVo.<init>] [INFO] 日志实例已初始化...
[2020-03-15 23:47:51:931] [vo.logVo.LogVo.<init>] [INFO] 日志实例已初始化...
[2020-03-15 23:47:51:932] [vo.logVo.LogVo.<init>] [INFO] 日志实例已初始化...
[2020-03-15 23:47:51:932] [vo.logVo.LogVo.<init>] [INFO] 日志实例已初始化...
[2020-03-15 23:47:51:933] [vo.logVo.LogVo.<init>] [INFO] 日志实例已初始化...
[2020-03-15 23:47:51:933] [vo.logVo.LogVo.<init>] [INFO] 日志实例已初始化...
[2020-03-15 23:47:51:934] [vo.logVo.LogVo.<init>] [INFO] 日志实例已初始化...
[2020-03-15 23:47:51:934] [vo.logVo.LogVo.<init>] [INFO] 日志实例已初始化...
[2020-03-15 23:47:51:935] [vo.logVo.LogVo.<init>] [INFO] 日志实例已初始化...
[2020-03-15 23:47:51:935] [vo.logVo.LogVo.<init>] [INFO] 日志实例已初始化...
[2020-03-15 23:47:51:936] [vo.logVo.LogVo.<init>] [INFO] 日志实例已初始化...
[2020-03-15 23:47:51:936] [vo.logVo.LogVo.<init>] [INFO] 日志实例已初始化...
[2020-03-15 23:47:51:936] [vo.logVo.LogVo.<init>] [INFO] 日志实例已初始化...
[2020-03-15 23:47:51:937] [vo.logVo.LogVo.<init>] [INFO] 日志实例已初始化...
[2020-03-15 23:47:51:938] [vo.logVo.LogVo.<init>] [INFO] 日志实例已初始化...
[2020-03-15 23:47:51:938] [vo.logVo.LogVo.<init>] [INFO] 日志实例已初始化...
[2020-03-15 23:47:51:942] [vo.logVo.LogVo.<init>] [INFO] 日志实例已初始化...
[2020-03-15 23:47:51:943] [vo.logVo.LogVo.<init>] [INFO] 日志实例已初始化...
[2020-03-15 23:47:51:945] [vo.logVo.LogVo.<init>] [INFO] 日志实例已初始化...
[2020-03-15 23:47:51:946] [vo.logVo.LogVo.<init>] [INFO] 日志实例已初始化...
[2020-03-15 23:47:51:951] [vo.logVo.LogVo.<init>] [INFO] 日志实例已初始化...
[2020-03-15 23:47:52:019] [vo.logVo.LogVo.<init>] [INFO] 日志实例已初始化...
[2020-03-15 23:47:52:034] [vo.logVo.LogVo.<init>] [INFO] 日志实例已初始化...
[2020-03-15 23:48:00:910] [aop.AnnotationCommenAop.writeLog] [INFO] 开始保存操作日志...
[2020-03-15 23:48:01:298] [aop.AnnotationCommenAop.writeLog] [INFO] 保存操作日志成功.
[2020-03-15 23:48:01:302] [aop.AnnotationCommenAop.writeLog] [INFO] 开始保存操作日志...
[2020-03-15 23:48:01:323] [vo.logVo.LogVo.<init>] [INFO] 日志实例已初始化...
[2020-03-15 23:48:01:324] [vo.logVo.LogVo.<init>] [INFO] 日志实例已初始化...
[2020-03-15 23:48:01:325] [vo.logVo.LogVo.<init>] [INFO] 日志实例已初始化...
[2020-03-15 23:48:01:326] [vo.logVo.LogVo.<init>] [INFO] 日志实例已初始化...
[2020-03-15 23:48:01:327] [vo.logVo.LogVo.<init>] [INFO] 日志实例已初始化...
[2020-03-15 23:48:01:328] [vo.logVo.LogVo.<init>] [INFO] 日志实例已初始化...
[2020-03-15 23:48:01:329] [vo.logVo.LogVo.<init>] [INFO] 日志实例已初始化...
[2020-03-15 23:48:01:329] [vo.logVo.LogVo.<init>] [INFO] 日志实例已初始化...
[2020-03-15 23:48:01:330] [vo.logVo.LogVo.<init>] [INFO] 日志实例已初始化...
[2020-03-15 23:48:01:331] [vo.logVo.LogVo.<init>] [INFO] 日志实例已初始化...
[2020-03-15 23:48:01:332] [vo.logVo.LogVo.<init>] [INFO] 日志实例已初始化...
[2020-03-15 23:48:01:333] [vo.logVo.LogVo.<init>] [INFO] 日志实例已初始化...
[2020-03-15 23:48:01:334] [vo.logVo.LogVo.<init>] [INFO] 日志实例已初始化...
[2020-03-15 23:48:01:335] [vo.logVo.LogVo.<init>] [INFO] 日志实例已初始化...
[2020-03-15 23:48:01:336] [vo.logVo.LogVo.<init>] [INFO] 日志实例已初始化...
[2020-03-15 23:48:01:336] [vo.logVo.LogVo.<init>] [INFO] 日志实例已初始化...
[2020-03-15 23:48:01:337] [vo.logVo.LogVo.<init>] [INFO] 日志实例已初始化...
[2020-03-15 23:48:01:338] [vo.logVo.LogVo.<init>] [INFO] 日志实例已初始化...
[2020-03-15 23:48:01:339] [vo.logVo.LogVo.<init>] [INFO] 日志实例已初始化...
[2020-03-15 23:48:01:340] [vo.logVo.LogVo.<init>] [INFO] 日志实例已初始化...
[2020-03-15 23:48:01:340] [vo.logVo.LogVo.<init>] [INFO] 日志实例已初始化...
[2020-03-15 23:48:01:341] [vo.logVo.LogVo.<init>] [INFO] 日志实例已初始化...
[2020-03-15 23:48:01:342] [vo.logVo.LogVo.<init>] [INFO] 日志实例已初始化...
[2020-03-15 23:48:01:343] [vo.logVo.LogVo.<init>] [INFO] 日志实例已初始化...
[2020-03-15 23:48:01:343] [vo.logVo.LogVo.<init>] [INFO] 日志实例已初始化...
[2020-03-15 23:48:01:344] [vo.logVo.LogVo.<init>] [INFO] 日志实例已初始化...
[2020-03-15 23:48:01:345] [vo.logVo.LogVo.<init>] [INFO] 日志实例已初始化...
[2020-03-15 23:48:01:346] [vo.logVo.LogVo.<init>] [INFO] 日志实例已初始化...
[2020-03-15 23:48:01:346] [vo.logVo.LogVo.<init>] [INFO] 日志实例已初始化...
[2020-03-15 23:48:01:347] [vo.logVo.LogVo.<init>] [INFO] 日志实例已初始化...
[2020-03-15 23:48:01:347] [vo.logVo.LogVo.<init>] [INFO] 日志实例已初始化...
[2020-03-15 23:48:01:351] [vo.logVo.LogVo.<init>] [INFO] 日志实例已初始化...
[2020-03-15 23:48:01:353] [vo.logVo.LogVo.<init>] [INFO] 日志实例已初始化...
[2020-03-15 23:48:01:354] [vo.logVo.LogVo.<init>] [INFO] 日志实例已初始化...
[2020-03-15 23:48:01:355] [vo.logVo.LogVo.<init>] [INFO] 日志实例已初始化...
[2020-03-15 23:48:01:356] [vo.logVo.LogVo.<init>] [INFO] 日志实例已初始化...
[2020-03-15 23:48:01:357] [vo.logVo.LogVo.<init>] [INFO] 日志实例已初始化...
[2020-03-15 23:48:01:358] [vo.logVo.LogVo.<init>] [INFO] 日志实例已初始化...
[2020-03-15 23:48:01:359] [vo.logVo.LogVo.<init>] [INFO] 日志实例已初始化...
[2020-03-15 23:48:01:359] [vo.logVo.LogVo.<init>] [INFO] 日志实例已初始化...
[2020-03-15 23:48:01:360] [vo.logVo.LogVo.<init>] [INFO] 日志实例已初始化...
[2020-03-15 23:48:01:361] [vo.logVo.LogVo.<init>] [INFO] 日志实例已初始化...
[2020-03-15 23:48:01:362] [vo.logVo.LogVo.<init>] [INFO] 日志实例已初始化...
[2020-03-15 23:48:01:370] [vo.logVo.LogVo.<init>] [INFO] 日志实例已初始化...
[2020-03-15 23:48:01:371] [vo.logVo.LogVo.<init>] [INFO] 日志实例已初始化...
[2020-03-15 23:48:01:372] [vo.logVo.LogVo.<init>] [INFO] 日志实例已初始化...
[2020-03-15 23:48:01:372] [vo.logVo.LogVo.<init>] [INFO] 日志实例已初始化...
[2020-03-15 23:48:01:373] [vo.logVo.LogVo.<init>] [INFO] 日志实例已初始化...
[2020-03-15 23:48:01:373] [vo.logVo.LogVo.<init>] [INFO] 日志实例已初始化...
[2020-03-15 23:48:01:374] [vo.logVo.LogVo.<init>] [INFO] 日志实例已初始化...
[2020-03-15 23:48:01:375] [vo.logVo.LogVo.<init>] [INFO] 日志实例已初始化...
[2020-03-15 23:48:01:376] [vo.logVo.LogVo.<init>] [INFO] 日志实例已初始化...
[2020-03-15 23:48:01:376] [vo.logVo.LogVo.<init>] [INFO] 日志实例已初始化...
[2020-03-15 23:48:01:377] [vo.logVo.LogVo.<init>] [INFO] 日志实例已初始化...
[2020-03-15 23:48:01:378] [vo.logVo.LogVo.<init>] [INFO] 日志实例已初始化...
[2020-03-15 23:48:01:379] [vo.logVo.LogVo.<init>] [INFO] 日志实例已初始化...
[2020-03-15 23:48:01:382] [vo.logVo.LogVo.<init>] [INFO] 日志实例已初始化...
[2020-03-15 23:48:01:383] [vo.logVo.LogVo.<init>] [INFO] 日志实例已初始化...
[2020-03-15 23:48:01:384] [vo.logVo.LogVo.<init>] [INFO] 日志实例已初始化...
[2020-03-15 23:48:01:386] [vo.logVo.LogVo.<init>] [INFO] 日志实例已初始化...
[2020-03-15 23:48:01:387] [vo.logVo.LogVo.<init>] [INFO] 日志实例已初始化...
[2020-03-15 23:48:01:388] [vo.logVo.LogVo.<init>] [INFO] 日志实例已初始化...
[2020-03-15 23:48:01:388] [vo.logVo.LogVo.<init>] [INFO] 日志实例已初始化...
[2020-03-15 23:48:01:389] [vo.logVo.LogVo.<init>] [INFO] 日志实例已初始化...
[2020-03-15 23:48:01:392] [vo.logVo.LogVo.<init>] [INFO] 日志实例已初始化...
[2020-03-15 23:48:01:392] [vo.logVo.LogVo.<init>] [INFO] 日志实例已初始化...
[2020-03-15 23:48:01:393] [vo.logVo.LogVo.<init>] [INFO] 日志实例已初始化...
[2020-03-15 23:48:01:393] [vo.logVo.LogVo.<init>] [INFO] 日志实例已初始化...
[2020-03-15 23:48:01:394] [vo.logVo.LogVo.<init>] [INFO] 日志实例已初始化...
[2020-03-15 23:48:01:394] [vo.logVo.LogVo.<init>] [INFO] 日志实例已初始化...
[2020-03-15 23:48:01:397] [vo.logVo.LogVo.<init>] [INFO] 日志实例已初始化...
[2020-03-15 23:48:01:401] [vo.logVo.LogVo.<init>] [INFO] 日志实例已初始化...
[2020-03-15 23:48:01:402] [vo.logVo.LogVo.<init>] [INFO] 日志实例已初始化...
[2020-03-15 23:48:01:403] [vo.logVo.LogVo.<init>] [INFO] 日志实例已初始化...
[2020-03-15 23:48:01:403] [vo.logVo.LogVo.<init>] [INFO] 日志实例已初始化...
[2020-03-15 23:48:01:404] [vo.logVo.LogVo.<init>] [INFO] 日志实例已初始化...
[2020-03-15 23:48:01:406] [vo.logVo.LogVo.<init>] [INFO] 日志实例已初始化...
[2020-03-15 23:48:01:407] [vo.logVo.LogVo.<init>] [INFO] 日志实例已初始化...
[2020-03-15 23:48:01:408] [vo.logVo.LogVo.<init>] [INFO] 日志实例已初始化...
[2020-03-15 23:48:01:409] [vo.logVo.LogVo.<init>] [INFO] 日志实例已初始化...
[2020-03-15 23:48:01:410] [vo.logVo.LogVo.<init>] [INFO] 日志实例已初始化...
[2020-03-15 23:48:01:411] [vo.logVo.LogVo.<init>] [INFO] 日志实例已初始化...
[2020-03-15 23:48:01:411] [vo.logVo.LogVo.<init>] [INFO] 日志实例已初始化...
[2020-03-15 23:48:01:412] [vo.logVo.LogVo.<init>] [INFO] 日志实例已初始化...
[2020-03-15 23:48:01:413] [vo.logVo.LogVo.<init>] [INFO] 日志实例已初始化...
[2020-03-15 23:48:01:418] [vo.logVo.LogVo.<init>] [INFO] 日志实例已初始化...
[2020-03-15 23:48:01:419] [vo.logVo.LogVo.<init>] [INFO] 日志实例已初始化...
[2020-03-15 23:48:01:419] [vo.logVo.LogVo.<init>] [INFO] 日志实例已初始化...
[2020-03-15 23:48:01:420] [vo.logVo.LogVo.<init>] [INFO] 日志实例已初始化...
[2020-03-15 23:48:01:421] [vo.logVo.LogVo.<init>] [INFO] 日志实例已初始化...
[2020-03-15 23:48:01:421] [vo.logVo.LogVo.<init>] [INFO] 日志实例已初始化...
[2020-03-15 23:48:01:421] [vo.logVo.LogVo.<init>] [INFO] 日志实例已初始化...
[2020-03-15 23:48:01:422] [vo.logVo.LogVo.<init>] [INFO] 日志实例已初始化...
[2020-03-15 23:48:01:422] [vo.logVo.LogVo.<init>] [INFO] 日志实例已初始化...
[2020-03-15 23:48:01:422] [vo.logVo.LogVo.<init>] [INFO] 日志实例已初始化...
[2020-03-15 23:48:01:423] [vo.logVo.LogVo.<init>] [INFO] 日志实例已初始化...
[2020-03-15 23:48:01:423] [vo.logVo.LogVo.<init>] [INFO] 日志实例已初始化...
[2020-03-15 23:48:01:424] [vo.logVo.LogVo.<init>] [INFO] 日志实例已初始化...
[2020-03-15 23:48:01:424] [vo.logVo.LogVo.<init>] [INFO] 日志实例已初始化...
[2020-03-15 23:48:01:425] [vo.logVo.LogVo.<init>] [INFO] 日志实例已初始化...
[2020-03-15 23:48:01:426] [vo.logVo.LogVo.<init>] [INFO] 日志实例已初始化...
[2020-03-15 23:48:01:426] [vo.logVo.LogVo.<init>] [INFO] 日志实例已初始化...
[2020-03-15 23:48:01:427] [vo.logVo.LogVo.<init>] [INFO] 日志实例已初始化...
[2020-03-15 23:48:01:428] [vo.logVo.LogVo.<init>] [INFO] 日志实例已初始化...
[2020-03-15 23:48:01:429] [vo.logVo.LogVo.<init>] [INFO] 日志实例已初始化...
[2020-03-15 23:48:01:430] [vo.logVo.LogVo.<init>] [INFO] 日志实例已初始化...
[2020-03-15 23:48:01:430] [vo.logVo.LogVo.<init>] [INFO] 日志实例已初始化...
[2020-03-15 23:48:01:432] [vo.logVo.LogVo.<init>] [INFO] 日志实例已初始化...
[2020-03-15 23:48:01:434] [vo.logVo.LogVo.<init>] [INFO] 日志实例已初始化...
[2020-03-15 23:48:01:435] [vo.logVo.LogVo.<init>] [INFO] 日志实例已初始化...
[2020-03-15 23:48:01:436] [vo.logVo.LogVo.<init>] [INFO] 日志实例已初始化...
[2020-03-15 23:48:01:436] [vo.logVo.LogVo.<init>] [INFO] 日志实例已初始化...
[2020-03-15 23:48:01:437] [vo.logVo.LogVo.<init>] [INFO] 日志实例已初始化...
[2020-03-15 23:48:01:438] [vo.logVo.LogVo.<init>] [INFO] 日志实例已初始化...
[2020-03-15 23:48:01:438] [vo.logVo.LogVo.<init>] [INFO] 日志实例已初始化...
[2020-03-15 23:48:01:439] [vo.logVo.LogVo.<init>] [INFO] 日志实例已初始化...
[2020-03-15 23:48:01:440] [vo.logVo.LogVo.<init>] [INFO] 日志实例已初始化...
[2020-03-15 23:48:01:441] [vo.logVo.LogVo.<init>] [INFO] 日志实例已初始化...
[2020-03-15 23:48:01:442] [vo.logVo.LogVo.<init>] [INFO] 日志实例已初始化...
[2020-03-15 23:48:01:443] [vo.logVo.LogVo.<init>] [INFO] 日志实例已初始化...
[2020-03-15 23:48:01:443] [vo.logVo.LogVo.<init>] [INFO] 日志实例已初始化...
[2020-03-15 23:48:01:450] [vo.logVo.LogVo.<init>] [INFO] 日志实例已初始化...
[2020-03-15 23:48:01:451] [vo.logVo.LogVo.<init>] [INFO] 日志实例已初始化...
[2020-03-15 23:48:01:452] [vo.logVo.LogVo.<init>] [INFO] 日志实例已初始化...
[2020-03-15 23:48:01:454] [vo.logVo.LogVo.<init>] [INFO] 日志实例已初始化...
[2020-03-15 23:48:01:457] [vo.logVo.LogVo.<init>] [INFO] 日志实例已初始化...
[2020-03-15 23:48:01:462] [vo.logVo.LogVo.<init>] [INFO] 日志实例已初始化...
[2020-03-15 23:48:01:463] [vo.logVo.LogVo.<init>] [INFO] 日志实例已初始化...
[2020-03-15 23:48:01:467] [vo.logVo.LogVo.<init>] [INFO] 日志实例已初始化...
[2020-03-15 23:48:01:468] [vo.logVo.LogVo.<init>] [INFO] 日志实例已初始化...
[2020-03-15 23:48:01:469] [vo.logVo.LogVo.<init>] [INFO] 日志实例已初始化...
[2020-03-15 23:48:01:469] [vo.logVo.LogVo.<init>] [INFO] 日志实例已初始化...
[2020-03-15 23:48:01:471] [vo.logVo.LogVo.<init>] [INFO] 日志实例已初始化...
[2020-03-15 23:48:01:471] [vo.logVo.LogVo.<init>] [INFO] 日志实例已初始化...
[2020-03-15 23:48:01:472] [vo.logVo.LogVo.<init>] [INFO] 日志实例已初始化...
[2020-03-15 23:48:01:473] [vo.logVo.LogVo.<init>] [INFO] 日志实例已初始化...
[2020-03-15 23:48:01:476] [vo.logVo.LogVo.<init>] [INFO] 日志实例已初始化...
[2020-03-15 23:48:01:477] [vo.logVo.LogVo.<init>] [INFO] 日志实例已初始化...
[2020-03-15 23:48:01:479] [vo.logVo.LogVo.<init>] [INFO] 日志实例已初始化...
[2020-03-15 23:48:01:483] [vo.logVo.LogVo.<init>] [INFO] 日志实例已初始化...
[2020-03-15 23:48:01:484] [vo.logVo.LogVo.<init>] [INFO] 日志实例已初始化...
[2020-03-15 23:48:01:485] [vo.logVo.LogVo.<init>] [INFO] 日志实例已初始化...
[2020-03-15 23:48:01:486] [vo.logVo.LogVo.<init>] [INFO] 日志实例已初始化...
[2020-03-15 23:48:01:487] [vo.logVo.LogVo.<init>] [INFO] 日志实例已初始化...
[2020-03-15 23:48:01:488] [vo.logVo.LogVo.<init>] [INFO] 日志实例已初始化...
[2020-03-15 23:48:01:489] [vo.logVo.LogVo.<init>] [INFO] 日志实例已初始化...
[2020-03-15 23:48:01:494] [vo.logVo.LogVo.<init>] [INFO] 日志实例已初始化...
[2020-03-15 23:48:01:499] [vo.logVo.LogVo.<init>] [INFO] 日志实例已初始化...
[2020-03-15 23:48:01:500] [vo.logVo.LogVo.<init>] [INFO] 日志实例已初始化...
[2020-03-15 23:48:01:501] [vo.logVo.LogVo.<init>] [INFO] 日志实例已初始化...
[2020-03-15 23:48:01:502] [vo.logVo.LogVo.<init>] [INFO] 日志实例已初始化...
[2020-03-15 23:48:01:502] [vo.logVo.LogVo.<init>] [INFO] 日志实例已初始化...
[2020-03-15 23:48:01:503] [vo.logVo.LogVo.<init>] [INFO] 日志实例已初始化...
[2020-03-15 23:48:01:503] [vo.logVo.LogVo.<init>] [INFO] 日志实例已初始化...
[2020-03-15 23:48:01:504] [vo.logVo.LogVo.<init>] [INFO] 日志实例已初始化...
[2020-03-15 23:48:01:504] [vo.logVo.LogVo.<init>] [INFO] 日志实例已初始化...
[2020-03-15 23:48:01:505] [vo.logVo.LogVo.<init>] [INFO] 日志实例已初始化...
[2020-03-15 23:48:01:506] [vo.logVo.LogVo.<init>] [INFO] 日志实例已初始化...
[2020-03-15 23:48:01:506] [vo.logVo.LogVo.<init>] [INFO] 日志实例已初始化...
[2020-03-15 23:48:01:508] [vo.logVo.LogVo.<init>] [INFO] 日志实例已初始化...
[2020-03-15 23:48:01:509] [vo.logVo.LogVo.<init>] [INFO] 日志实例已初始化...
[2020-03-15 23:48:01:510] [vo.logVo.LogVo.<init>] [INFO] 日志实例已初始化...
[2020-03-15 23:48:01:511] [vo.logVo.LogVo.<init>] [INFO] 日志实例已初始化...
[2020-03-15 23:48:01:513] [vo.logVo.LogVo.<init>] [INFO] 日志实例已初始化...
[2020-03-15 23:48:01:515] [vo.logVo.LogVo.<init>] [INFO] 日志实例已初始化...
[2020-03-15 23:48:01:517] [vo.logVo.LogVo.<init>] [INFO] 日志实例已初始化...
[2020-03-15 23:48:01:518] [vo.logVo.LogVo.<init>] [INFO] 日志实例已初始化...
[2020-03-15 23:48:01:519] [vo.logVo.LogVo.<init>] [INFO] 日志实例已初始化...
[2020-03-15 23:48:01:519] [vo.logVo.LogVo.<init>] [INFO] 日志实例已初始化...
[2020-03-15 23:48:01:520] [vo.logVo.LogVo.<init>] [INFO] 日志实例已初始化...
[2020-03-15 23:48:01:521] [vo.logVo.LogVo.<init>] [INFO] 日志实例已初始化...
[2020-03-15 23:48:01:522] [vo.logVo.LogVo.<init>] [INFO] 日志实例已初始化...
[2020-03-15 23:48:01:522] [vo.logVo.LogVo.<init>] [INFO] 日志实例已初始化...
[2020-03-15 23:48:01:524] [vo.logVo.LogVo.<init>] [INFO] 日志实例已初始化...
[2020-03-15 23:48:01:525] [vo.logVo.LogVo.<init>] [INFO] 日志实例已初始化...
[2020-03-15 23:48:01:526] [vo.logVo.LogVo.<init>] [INFO] 日志实例已初始化...
[2020-03-15 23:48:01:527] [vo.logVo.LogVo.<init>] [INFO] 日志实例已初始化...
[2020-03-15 23:48:01:528] [vo.logVo.LogVo.<init>] [INFO] 日志实例已初始化...
[2020-03-15 23:48:01:528] [vo.logVo.LogVo.<init>] [INFO] 日志实例已初始化...
[2020-03-15 23:48:01:529] [vo.logVo.LogVo.<init>] [INFO] 日志实例已初始化...
[2020-03-15 23:48:01:529] [vo.logVo.LogVo.<init>] [INFO] 日志实例已初始化...
[2020-03-15 23:48:01:532] [vo.logVo.LogVo.<init>] [INFO] 日志实例已初始化...
[2020-03-15 23:48:01:533] [vo.logVo.LogVo.<init>] [INFO] 日志实例已初始化...
[2020-03-15 23:48:01:534] [vo.logVo.LogVo.<init>] [INFO] 日志实例已初始化...
[2020-03-15 23:48:01:535] [vo.logVo.LogVo.<init>] [INFO] 日志实例已初始化...
[2020-03-15 23:48:01:537] [vo.logVo.LogVo.<init>] [INFO] 日志实例已初始化...
[2020-03-15 23:48:01:538] [vo.logVo.LogVo.<init>] [INFO] 日志实例已初始化...
[2020-03-15 23:48:01:539] [vo.logVo.LogVo.<init>] [INFO] 日志实例已初始化...
[2020-03-15 23:48:01:539] [vo.logVo.LogVo.<init>] [INFO] 日志实例已初始化...
[2020-03-15 23:48:01:540] [vo.logVo.LogVo.<init>] [INFO] 日志实例已初始化...
[2020-03-15 23:48:01:541] [vo.logVo.LogVo.<init>] [INFO] 日志实例已初始化...
[2020-03-15 23:48:01:541] [vo.logVo.LogVo.<init>] [INFO] 日志实例已初始化...
[2020-03-15 23:48:01:543] [vo.logVo.LogVo.<init>] [INFO] 日志实例已初始化...
[2020-03-15 23:48:01:544] [vo.logVo.LogVo.<init>] [INFO] 日志实例已初始化...
[2020-03-15 23:48:01:545] [vo.logVo.LogVo.<init>] [INFO] 日志实例已初始化...
[2020-03-15 23:48:01:546] [vo.logVo.LogVo.<init>] [INFO] 日志实例已初始化...
[2020-03-15 23:48:01:547] [vo.logVo.LogVo.<init>] [INFO] 日志实例已初始化...
[2020-03-15 23:48:01:549] [vo.logVo.LogVo.<init>] [INFO] 日志实例已初始化...
[2020-03-15 23:48:01:550] [vo.logVo.LogVo.<init>] [INFO] 日志实例已初始化...
[2020-03-15 23:48:01:551] [vo.logVo.LogVo.<init>] [INFO] 日志实例已初始化...
[2020-03-15 23:48:01:552] [vo.logVo.LogVo.<init>] [INFO] 日志实例已初始化...
[2020-03-15 23:48:01:552] [vo.logVo.LogVo.<init>] [INFO] 日志实例已初始化...
[2020-03-15 23:48:01:553] [vo.logVo.LogVo.<init>] [INFO] 日志实例已初始化...
[2020-03-15 23:48:01:553] [vo.logVo.LogVo.<init>] [INFO] 日志实例已初始化...
[2020-03-15 23:48:01:557] [vo.logVo.LogVo.<init>] [INFO] 日志实例已初始化...
[2020-03-15 23:48:01:558] [vo.logVo.LogVo.<init>] [INFO] 日志实例已初始化...
[2020-03-15 23:48:01:559] [vo.logVo.LogVo.<init>] [INFO] 日志实例已初始化...
[2020-03-15 23:48:01:560] [vo.logVo.LogVo.<init>] [INFO] 日志实例已初始化...
[2020-03-15 23:48:01:561] [vo.logVo.LogVo.<init>] [INFO] 日志实例已初始化...
[2020-03-15 23:48:01:561] [vo.logVo.LogVo.<init>] [INFO] 日志实例已初始化...
[2020-03-15 23:48:01:562] [vo.logVo.LogVo.<init>] [INFO] 日志实例已初始化...
[2020-03-15 23:48:01:563] [vo.logVo.LogVo.<init>] [INFO] 日志实例已初始化...
[2020-03-15 23:48:01:564] [vo.logVo.LogVo.<init>] [INFO] 日志实例已初始化...
[2020-03-15 23:48:01:564] [vo.logVo.LogVo.<init>] [INFO] 日志实例已初始化...
[2020-03-15 23:48:01:566] [vo.logVo.LogVo.<init>] [INFO] 日志实例已初始化...
[2020-03-15 23:48:01:567] [vo.logVo.LogVo.<init>] [INFO] 日志实例已初始化...
[2020-03-15 23:48:01:568] [vo.logVo.LogVo.<init>] [INFO] 日志实例已初始化...
[2020-03-15 23:48:01:569] [vo.logVo.LogVo.<init>] [INFO] 日志实例已初始化...
[2020-03-15 23:48:01:569] [vo.logVo.LogVo.<init>] [INFO] 日志实例已初始化...
[2020-03-15 23:48:01:570] [vo.logVo.LogVo.<init>] [INFO] 日志实例已初始化...
[2020-03-15 23:48:01:570] [vo.logVo.LogVo.<init>] [INFO] 日志实例已初始化...
[2020-03-15 23:48:01:571] [vo.logVo.LogVo.<init>] [INFO] 日志实例已初始化...
[2020-03-15 23:48:01:572] [vo.logVo.LogVo.<init>] [INFO] 日志实例已初始化...
[2020-03-15 23:48:01:573] [vo.logVo.LogVo.<init>] [INFO] 日志实例已初始化...
[2020-03-15 23:48:01:574] [vo.logVo.LogVo.<init>] [INFO] 日志实例已初始化...
[2020-03-15 23:48:01:575] [vo.logVo.LogVo.<init>] [INFO] 日志实例已初始化...
[2020-03-15 23:48:01:576] [vo.logVo.LogVo.<init>] [INFO] 日志实例已初始化...
[2020-03-15 23:48:01:577] [vo.logVo.LogVo.<init>] [INFO] 日志实例已初始化...
[2020-03-15 23:48:01:577] [vo.logVo.LogVo.<init>] [INFO] 日志实例已初始化...
[2020-03-15 23:48:01:579] [vo.logVo.LogVo.<init>] [INFO] 日志实例已初始化...
[2020-03-15 23:48:01:583] [vo.logVo.LogVo.<init>] [INFO] 日志实例已初始化...
[2020-03-15 23:48:01:584] [vo.logVo.LogVo.<init>] [INFO] 日志实例已初始化...
[2020-03-15 23:48:01:584] [vo.logVo.LogVo.<init>] [INFO] 日志实例已初始化...
[2020-03-15 23:48:01:586] [vo.logVo.LogVo.<init>] [INFO] 日志实例已初始化...
[2020-03-15 23:48:01:587] [vo.logVo.LogVo.<init>] [INFO] 日志实例已初始化...
[2020-03-15 23:48:01:589] [vo.logVo.LogVo.<init>] [INFO] 日志实例已初始化...
[2020-03-15 23:48:01:589] [vo.logVo.LogVo.<init>] [INFO] 日志实例已初始化...
[2020-03-15 23:48:01:590] [vo.logVo.LogVo.<init>] [INFO] 日志实例已初始化...
[2020-03-15 23:48:01:591] [vo.logVo.LogVo.<init>] [INFO] 日志实例已初始化...
[2020-03-15 23:48:01:592] [vo.logVo.LogVo.<init>] [INFO] 日志实例已初始化...
[2020-03-15 23:48:01:593] [vo.logVo.LogVo.<init>] [INFO] 日志实例已初始化...
[2020-03-15 23:48:01:593] [vo.logVo.LogVo.<init>] [INFO] 日志实例已初始化...
[2020-03-15 23:48:01:594] [vo.logVo.LogVo.<init>] [INFO] 日志实例已初始化...
[2020-03-15 23:48:01:594] [vo.logVo.LogVo.<init>] [INFO] 日志实例已初始化...
[2020-03-15 23:48:01:595] [vo.logVo.LogVo.<init>] [INFO] 日志实例已初始化...
[2020-03-15 23:48:01:595] [vo.logVo.LogVo.<init>] [INFO] 日志实例已初始化...
[2020-03-15 23:48:01:596] [vo.logVo.LogVo.<init>] [INFO] 日志实例已初始化...
[2020-03-15 23:48:01:597] [vo.logVo.LogVo.<init>] [INFO] 日志实例已初始化...
[2020-03-15 23:48:01:598] [vo.logVo.LogVo.<init>] [INFO] 日志实例已初始化...
[2020-03-15 23:48:01:599] [vo.logVo.LogVo.<init>] [INFO] 日志实例已初始化...
[2020-03-15 23:48:01:601] [vo.logVo.LogVo.<init>] [INFO] 日志实例已初始化...
[2020-03-15 23:48:01:603] [vo.logVo.LogVo.<init>] [INFO] 日志实例已初始化...
[2020-03-15 23:48:01:604] [vo.logVo.LogVo.<init>] [INFO] 日志实例已初始化...
[2020-03-15 23:48:01:608] [vo.logVo.LogVo.<init>] [INFO] 日志实例已初始化...
[2020-03-15 23:48:01:609] [vo.logVo.LogVo.<init>] [INFO] 日志实例已初始化...
[2020-03-15 23:48:01:609] [vo.logVo.LogVo.<init>] [INFO] 日志实例已初始化...
[2020-03-15 23:48:01:610] [vo.logVo.LogVo.<init>] [INFO] 日志实例已初始化...
[2020-03-15 23:48:01:610] [vo.logVo.LogVo.<init>] [INFO] 日志实例已初始化...
[2020-03-15 23:48:01:611] [vo.logVo.LogVo.<init>] [INFO] 日志实例已初始化...
[2020-03-15 23:48:01:611] [vo.logVo.LogVo.<init>] [INFO] 日志实例已初始化...
[2020-03-15 23:48:01:612] [vo.logVo.LogVo.<init>] [INFO] 日志实例已初始化...
[2020-03-15 23:48:01:613] [vo.logVo.LogVo.<init>] [INFO] 日志实例已初始化...
[2020-03-15 23:48:01:613] [vo.logVo.LogVo.<init>] [INFO] 日志实例已初始化...
[2020-03-15 23:48:01:616] [vo.logVo.LogVo.<init>] [INFO] 日志实例已初始化...
[2020-03-15 23:48:01:618] [vo.logVo.LogVo.<init>] [INFO] 日志实例已初始化...
[2020-03-15 23:48:01:619] [vo.logVo.LogVo.<init>] [INFO] 日志实例已初始化...
[2020-03-15 23:48:01:620] [vo.logVo.LogVo.<init>] [INFO] 日志实例已初始化...
[2020-03-15 23:48:01:620] [vo.logVo.LogVo.<init>] [INFO] 日志实例已初始化...
[2020-03-15 23:48:01:621] [vo.logVo.LogVo.<init>] [INFO] 日志实例已初始化...
[2020-03-15 23:48:01:621] [vo.logVo.LogVo.<init>] [INFO] 日志实例已初始化...
[2020-03-15 23:48:01:622] [vo.logVo.LogVo.<init>] [INFO] 日志实例已初始化...
[2020-03-15 23:48:01:623] [vo.logVo.LogVo.<init>] [INFO] 日志实例已初始化...
[2020-03-15 23:48:01:623] [vo.logVo.LogVo.<init>] [INFO] 日志实例已初始化...
[2020-03-15 23:48:01:624] [vo.logVo.LogVo.<init>] [INFO] 日志实例已初始化...
[2020-03-15 23:48:01:625] [vo.logVo.LogVo.<init>] [INFO] 日志实例已初始化...
[2020-03-15 23:48:01:625] [vo.logVo.LogVo.<init>] [INFO] 日志实例已初始化...
[2020-03-15 23:48:01:626] [vo.logVo.LogVo.<init>] [INFO] 日志实例已初始化...
[2020-03-15 23:48:01:627] [vo.logVo.LogVo.<init>] [INFO] 日志实例已初始化...
[2020-03-15 23:48:01:627] [vo.logVo.LogVo.<init>] [INFO] 日志实例已初始化...
[2020-03-15 23:48:01:628] [vo.logVo.LogVo.<init>] [INFO] 日志实例已初始化...
[2020-03-15 23:48:01:628] [vo.logVo.LogVo.<init>] [INFO] 日志实例已初始化...
[2020-03-15 23:48:01:629] [vo.logVo.LogVo.<init>] [INFO] 日志实例已初始化...
[2020-03-15 23:48:01:629] [vo.logVo.LogVo.<init>] [INFO] 日志实例已初始化...
[2020-03-15 23:48:01:630] [vo.logVo.LogVo.<init>] [INFO] 日志实例已初始化...
[2020-03-15 23:48:01:632] [vo.logVo.LogVo.<init>] [INFO] 日志实例已初始化...
[2020-03-15 23:48:01:633] [vo.logVo.LogVo.<init>] [INFO] 日志实例已初始化...
[2020-03-15 23:48:01:634] [vo.logVo.LogVo.<init>] [INFO] 日志实例已初始化...
[2020-03-15 23:48:01:636] [vo.logVo.LogVo.<init>] [INFO] 日志实例已初始化...
[2020-03-15 23:48:01:637] [vo.logVo.LogVo.<init>] [INFO] 日志实例已初始化...
[2020-03-15 23:48:01:637] [vo.logVo.LogVo.<init>] [INFO] 日志实例已初始化...
[2020-03-15 23:48:01:638] [vo.logVo.LogVo.<init>] [INFO] 日志实例已初始化...
[2020-03-15 23:48:01:639] [vo.logVo.LogVo.<init>] [INFO] 日志实例已初始化...
[2020-03-15 23:48:01:640] [vo.logVo.LogVo.<init>] [INFO] 日志实例已初始化...
[2020-03-15 23:48:01:641] [vo.logVo.LogVo.<init>] [INFO] 日志实例已初始化...
[2020-03-15 23:48:01:643] [vo.logVo.LogVo.<init>] [INFO] 日志实例已初始化...
[2020-03-15 23:48:01:644] [vo.logVo.LogVo.<init>] [INFO] 日志实例已初始化...
[2020-03-15 23:48:01:645] [vo.logVo.LogVo.<init>] [INFO] 日志实例已初始化...
[2020-03-15 23:48:01:648] [vo.logVo.LogVo.<init>] [INFO] 日志实例已初始化...
[2020-03-15 23:48:01:649] [vo.logVo.LogVo.<init>] [INFO] 日志实例已初始化...
[2020-03-15 23:48:01:649] [vo.logVo.LogVo.<init>] [INFO] 日志实例已初始化...
[2020-03-15 23:48:01:651] [vo.logVo.LogVo.<init>] [INFO] 日志实例已初始化...
[2020-03-15 23:48:01:652] [vo.logVo.LogVo.<init>] [INFO] 日志实例已初始化...
[2020-03-15 23:48:01:653] [vo.logVo.LogVo.<init>] [INFO] 日志实例已初始化...
[2020-03-15 23:48:01:653] [vo.logVo.LogVo.<init>] [INFO] 日志实例已初始化...
[2020-03-15 23:48:01:654] [vo.logVo.LogVo.<init>] [INFO] 日志实例已初始化...
[2020-03-15 23:48:01:655] [vo.logVo.LogVo.<init>] [INFO] 日志实例已初始化...
[2020-03-15 23:48:01:656] [vo.logVo.LogVo.<init>] [INFO] 日志实例已初始化...
[2020-03-15 23:48:01:657] [vo.logVo.LogVo.<init>] [INFO] 日志实例已初始化...
[2020-03-15 23:48:01:658] [vo.logVo.LogVo.<init>] [INFO] 日志实例已初始化...
[2020-03-15 23:48:01:659] [vo.logVo.LogVo.<init>] [INFO] 日志实例已初始化...
[2020-03-15 23:48:01:659] [vo.logVo.LogVo.<init>] [INFO] 日志实例已初始化...
[2020-03-15 23:48:01:670] [vo.logVo.LogVo.<init>] [INFO] 日志实例已初始化...
[2020-03-15 23:48:01:671] [vo.logVo.LogVo.<init>] [INFO] 日志实例已初始化...
[2020-03-15 23:48:01:672] [vo.logVo.LogVo.<init>] [INFO] 日志实例已初始化...
[2020-03-15 23:48:01:673] [vo.logVo.LogVo.<init>] [INFO] 日志实例已初始化...
[2020-03-15 23:48:01:673] [vo.logVo.LogVo.<init>] [INFO] 日志实例已初始化...
[2020-03-15 23:48:01:674] [vo.logVo.LogVo.<init>] [INFO] 日志实例已初始化...
[2020-03-15 23:48:01:675] [vo.logVo.LogVo.<init>] [INFO] 日志实例已初始化...
[2020-03-15 23:48:01:676] [vo.logVo.LogVo.<init>] [INFO] 日志实例已初始化...
[2020-03-15 23:48:01:678] [vo.logVo.LogVo.<init>] [INFO] 日志实例已初始化...
[2020-03-15 23:48:01:679] [vo.logVo.LogVo.<init>] [INFO] 日志实例已初始化...
[2020-03-15 23:48:01:680] [vo.logVo.LogVo.<init>] [INFO] 日志实例已初始化...
[2020-03-15 23:48:01:683] [vo.logVo.LogVo.<init>] [INFO] 日志实例已初始化...
[2020-03-15 23:48:01:684] [vo.logVo.LogVo.<init>] [INFO] 日志实例已初始化...
[2020-03-15 23:48:01:686] [vo.logVo.LogVo.<init>] [INFO] 日志实例已初始化...
[2020-03-15 23:48:01:686] [vo.logVo.LogVo.<init>] [INFO] 日志实例已初始化...
[2020-03-15 23:48:01:687] [vo.logVo.LogVo.<init>] [INFO] 日志实例已初始化...
[2020-03-15 23:48:01:688] [vo.logVo.LogVo.<init>] [INFO] 日志实例已初始化...
[2020-03-15 23:48:01:688] [vo.logVo.LogVo.<init>] [INFO] 日志实例已初始化...
[2020-03-15 23:48:01:690] [vo.logVo.LogVo.<init>] [INFO] 日志实例已初始化...
[2020-03-15 23:48:01:690] [vo.logVo.LogVo.<init>] [INFO] 日志实例已初始化...
[2020-03-15 23:48:01:691] [vo.logVo.LogVo.<init>] [INFO] 日志实例已初始化...
[2020-03-15 23:48:01:692] [vo.logVo.LogVo.<init>] [INFO] 日志实例已初始化...
[2020-03-15 23:48:01:692] [vo.logVo.LogVo.<init>] [INFO] 日志实例已初始化...
[2020-03-15 23:48:01:693] [vo.logVo.LogVo.<init>] [INFO] 日志实例已初始化...
[2020-03-15 23:48:01:694] [vo.logVo.LogVo.<init>] [INFO] 日志实例已初始化...
[2020-03-15 23:48:01:697] [vo.logVo.LogVo.<init>] [INFO] 日志实例已初始化...
[2020-03-15 23:48:01:699] [vo.logVo.LogVo.<init>] [INFO] 日志实例已初始化...
[2020-03-15 23:48:01:701] [vo.logVo.LogVo.<init>] [INFO] 日志实例已初始化...
[2020-03-15 23:48:01:702] [vo.logVo.LogVo.<init>] [INFO] 日志实例已初始化...
[2020-03-15 23:48:01:703] [vo.logVo.LogVo.<init>] [INFO] 日志实例已初始化...
[2020-03-15 23:48:01:704] [vo.logVo.LogVo.<init>] [INFO] 日志实例已初始化...
[2020-03-15 23:48:01:706] [vo.logVo.LogVo.<init>] [INFO] 日志实例已初始化...
[2020-03-15 23:48:01:707] [vo.logVo.LogVo.<init>] [INFO] 日志实例已初始化...
[2020-03-15 23:48:01:708] [vo.logVo.LogVo.<init>] [INFO] 日志实例已初始化...
[2020-03-15 23:48:01:708] [vo.logVo.LogVo.<init>] [INFO] 日志实例已初始化...
[2020-03-15 23:48:01:709] [vo.logVo.LogVo.<init>] [INFO] 日志实例已初始化...
[2020-03-15 23:48:01:709] [vo.logVo.LogVo.<init>] [INFO] 日志实例已初始化...
[2020-03-15 23:48:01:709] [vo.logVo.LogVo.<init>] [INFO] 日志实例已初始化...
[2020-03-15 23:48:01:710] [vo.logVo.LogVo.<init>] [INFO] 日志实例已初始化...
[2020-03-15 23:48:01:711] [vo.logVo.LogVo.<init>] [INFO] 日志实例已初始化...
[2020-03-15 23:48:01:711] [vo.logVo.LogVo.<init>] [INFO] 日志实例已初始化...
[2020-03-15 23:48:01:717] [vo.logVo.LogVo.<init>] [INFO] 日志实例已初始化...
[2020-03-15 23:48:01:718] [vo.logVo.LogVo.<init>] [INFO] 日志实例已初始化...
[2020-03-15 23:48:01:719] [vo.logVo.LogVo.<init>] [INFO] 日志实例已初始化...
[2020-03-15 23:48:01:720] [vo.logVo.LogVo.<init>] [INFO] 日志实例已初始化...
[2020-03-15 23:48:01:746] [vo.logVo.LogVo.<init>] [INFO] 日志实例已初始化...
[2020-03-15 23:48:01:760] [vo.logVo.LogVo.<init>] [INFO] 日志实例已初始化...
[2020-03-15 23:48:01:900] [aop.AnnotationCommenAop.writeLog] [INFO] 保存操作日志成功.
[2020-03-15 23:48:05:899] [aop.AnnotationCommenAop.writeLog] [INFO] 开始保存操作日志...
[2020-03-15 23:48:05:926] [aop.AnnotationCommenAop.writeLog] [INFO] 保存操作日志成功.
[2020-03-15 23:48:05:928] [aop.AnnotationCommenAop.writeLog] [INFO] 开始保存操作日志...
[2020-03-15 23:48:05:937] [vo.logVo.LogVo.<init>] [INFO] 日志实例已初始化...
[2020-03-15 23:48:05:937] [vo.logVo.LogVo.<init>] [INFO] 日志实例已初始化...
[2020-03-15 23:48:05:938] [vo.logVo.LogVo.<init>] [INFO] 日志实例已初始化...
[2020-03-15 23:48:05:939] [vo.logVo.LogVo.<init>] [INFO] 日志实例已初始化...
[2020-03-15 23:48:05:939] [vo.logVo.LogVo.<init>] [INFO] 日志实例已初始化...
[2020-03-15 23:48:05:940] [vo.logVo.LogVo.<init>] [INFO] 日志实例已初始化...
[2020-03-15 23:48:05:941] [vo.logVo.LogVo.<init>] [INFO] 日志实例已初始化...
[2020-03-15 23:48:05:941] [vo.logVo.LogVo.<init>] [INFO] 日志实例已初始化...
[2020-03-15 23:48:05:942] [vo.logVo.LogVo.<init>] [INFO] 日志实例已初始化...
[2020-03-15 23:48:05:944] [vo.logVo.LogVo.<init>] [INFO] 日志实例已初始化...
[2020-03-15 23:48:05:945] [vo.logVo.LogVo.<init>] [INFO] 日志实例已初始化...
[2020-03-15 23:48:05:948] [vo.logVo.LogVo.<init>] [INFO] 日志实例已初始化...
[2020-03-15 23:48:05:949] [vo.logVo.LogVo.<init>] [INFO] 日志实例已初始化...
[2020-03-15 23:48:05:950] [vo.logVo.LogVo.<init>] [INFO] 日志实例已初始化...
[2020-03-15 23:48:05:951] [vo.logVo.LogVo.<init>] [INFO] 日志实例已初始化...
[2020-03-15 23:48:05:952] [vo.logVo.LogVo.<init>] [INFO] 日志实例已初始化...
[2020-03-15 23:48:05:952] [vo.logVo.LogVo.<init>] [INFO] 日志实例已初始化...
[2020-03-15 23:48:05:953] [vo.logVo.LogVo.<init>] [INFO] 日志实例已初始化...
[2020-03-15 23:48:05:954] [vo.logVo.LogVo.<init>] [INFO] 日志实例已初始化...
[2020-03-15 23:48:05:955] [vo.logVo.LogVo.<init>] [INFO] 日志实例已初始化...
[2020-03-15 23:48:05:955] [vo.logVo.LogVo.<init>] [INFO] 日志实例已初始化...
[2020-03-15 23:48:05:956] [vo.logVo.LogVo.<init>] [INFO] 日志实例已初始化...
[2020-03-15 23:48:05:957] [vo.logVo.LogVo.<init>] [INFO] 日志实例已初始化...
[2020-03-15 23:48:05:960] [vo.logVo.LogVo.<init>] [INFO] 日志实例已初始化...
[2020-03-15 23:48:05:961] [vo.logVo.LogVo.<init>] [INFO] 日志实例已初始化...
[2020-03-15 23:48:05:962] [vo.logVo.LogVo.<init>] [INFO] 日志实例已初始化...
[2020-03-15 23:48:05:963] [vo.logVo.LogVo.<init>] [INFO] 日志实例已初始化...
[2020-03-15 23:48:05:966] [vo.logVo.LogVo.<init>] [INFO] 日志实例已初始化...
[2020-03-15 23:48:05:966] [vo.logVo.LogVo.<init>] [INFO] 日志实例已初始化...
[2020-03-15 23:48:05:967] [vo.logVo.LogVo.<init>] [INFO] 日志实例已初始化...
[2020-03-15 23:48:05:968] [vo.logVo.LogVo.<init>] [INFO] 日志实例已初始化...
[2020-03-15 23:48:05:969] [vo.logVo.LogVo.<init>] [INFO] 日志实例已初始化...
[2020-03-15 23:48:05:970] [vo.logVo.LogVo.<init>] [INFO] 日志实例已初始化...
[2020-03-15 23:48:05:971] [vo.logVo.LogVo.<init>] [INFO] 日志实例已初始化...
[2020-03-15 23:48:05:971] [vo.logVo.LogVo.<init>] [INFO] 日志实例已初始化...
[2020-03-15 23:48:05:972] [vo.logVo.LogVo.<init>] [INFO] 日志实例已初始化...
[2020-03-15 23:48:05:972] [vo.logVo.LogVo.<init>] [INFO] 日志实例已初始化...
[2020-03-15 23:48:05:973] [vo.logVo.LogVo.<init>] [INFO] 日志实例已初始化...
[2020-03-15 23:48:05:973] [vo.logVo.LogVo.<init>] [INFO] 日志实例已初始化...
[2020-03-15 23:48:05:974] [vo.logVo.LogVo.<init>] [INFO] 日志实例已初始化...
[2020-03-15 23:48:05:975] [vo.logVo.LogVo.<init>] [INFO] 日志实例已初始化...
[2020-03-15 23:48:05:975] [vo.logVo.LogVo.<init>] [INFO] 日志实例已初始化...
[2020-03-15 23:48:05:976] [vo.logVo.LogVo.<init>] [INFO] 日志实例已初始化...
[2020-03-15 23:48:05:976] [vo.logVo.LogVo.<init>] [INFO] 日志实例已初始化...
[2020-03-15 23:48:05:977] [vo.logVo.LogVo.<init>] [INFO] 日志实例已初始化...
[2020-03-15 23:48:05:978] [vo.logVo.LogVo.<init>] [INFO] 日志实例已初始化...
[2020-03-15 23:48:05:979] [vo.logVo.LogVo.<init>] [INFO] 日志实例已初始化...
[2020-03-15 23:48:05:981] [vo.logVo.LogVo.<init>] [INFO] 日志实例已初始化...
[2020-03-15 23:48:05:982] [vo.logVo.LogVo.<init>] [INFO] 日志实例已初始化...
[2020-03-15 23:48:05:983] [vo.logVo.LogVo.<init>] [INFO] 日志实例已初始化...
[2020-03-15 23:48:05:984] [vo.logVo.LogVo.<init>] [INFO] 日志实例已初始化...
[2020-03-15 23:48:05:985] [vo.logVo.LogVo.<init>] [INFO] 日志实例已初始化...
[2020-03-15 23:48:05:985] [vo.logVo.LogVo.<init>] [INFO] 日志实例已初始化...
[2020-03-15 23:48:05:991] [vo.logVo.LogVo.<init>] [INFO] 日志实例已初始化...
[2020-03-15 23:48:05:994] [vo.logVo.LogVo.<init>] [INFO] 日志实例已初始化...
[2020-03-15 23:48:05:998] [vo.logVo.LogVo.<init>] [INFO] 日志实例已初始化...
[2020-03-15 23:48:05:999] [vo.logVo.LogVo.<init>] [INFO] 日志实例已初始化...
[2020-03-15 23:48:05:999] [vo.logVo.LogVo.<init>] [INFO] 日志实例已初始化...
[2020-03-15 23:48:06:000] [vo.logVo.LogVo.<init>] [INFO] 日志实例已初始化...
[2020-03-15 23:48:06:000] [vo.logVo.LogVo.<init>] [INFO] 日志实例已初始化...
[2020-03-15 23:48:06:001] [vo.logVo.LogVo.<init>] [INFO] 日志实例已初始化...
[2020-03-15 23:48:06:001] [vo.logVo.LogVo.<init>] [INFO] 日志实例已初始化...
[2020-03-15 23:48:06:001] [vo.logVo.LogVo.<init>] [INFO] 日志实例已初始化...
[2020-03-15 23:48:06:002] [vo.logVo.LogVo.<init>] [INFO] 日志实例已初始化...
[2020-03-15 23:48:06:003] [vo.logVo.LogVo.<init>] [INFO] 日志实例已初始化...
[2020-03-15 23:48:06:004] [vo.logVo.LogVo.<init>] [INFO] 日志实例已初始化...
[2020-03-15 23:48:06:005] [vo.logVo.LogVo.<init>] [INFO] 日志实例已初始化...
[2020-03-15 23:48:06:006] [vo.logVo.LogVo.<init>] [INFO] 日志实例已初始化...
[2020-03-15 23:48:06:007] [vo.logVo.LogVo.<init>] [INFO] 日志实例已初始化...
[2020-03-15 23:48:06:015] [vo.logVo.LogVo.<init>] [INFO] 日志实例已初始化...
[2020-03-15 23:48:06:015] [vo.logVo.LogVo.<init>] [INFO] 日志实例已初始化...
[2020-03-15 23:48:06:016] [vo.logVo.LogVo.<init>] [INFO] 日志实例已初始化...
[2020-03-15 23:48:06:017] [vo.logVo.LogVo.<init>] [INFO] 日志实例已初始化...
[2020-03-15 23:48:06:017] [vo.logVo.LogVo.<init>] [INFO] 日志实例已初始化...
[2020-03-15 23:48:06:018] [vo.logVo.LogVo.<init>] [INFO] 日志实例已初始化...
[2020-03-15 23:48:06:019] [vo.logVo.LogVo.<init>] [INFO] 日志实例已初始化...
[2020-03-15 23:48:06:019] [vo.logVo.LogVo.<init>] [INFO] 日志实例已初始化...
[2020-03-15 23:48:06:021] [vo.logVo.LogVo.<init>] [INFO] 日志实例已初始化...
[2020-03-15 23:48:06:021] [vo.logVo.LogVo.<init>] [INFO] 日志实例已初始化...
[2020-03-15 23:48:06:021] [vo.logVo.LogVo.<init>] [INFO] 日志实例已初始化...
[2020-03-15 23:48:06:022] [vo.logVo.LogVo.<init>] [INFO] 日志实例已初始化...
[2020-03-15 23:48:06:023] [vo.logVo.LogVo.<init>] [INFO] 日志实例已初始化...
[2020-03-15 23:48:06:023] [vo.logVo.LogVo.<init>] [INFO] 日志实例已初始化...
[2020-03-15 23:48:06:024] [vo.logVo.LogVo.<init>] [INFO] 日志实例已初始化...
[2020-03-15 23:48:06:025] [vo.logVo.LogVo.<init>] [INFO] 日志实例已初始化...
[2020-03-15 23:48:06:027] [vo.logVo.LogVo.<init>] [INFO] 日志实例已初始化...
[2020-03-15 23:48:06:028] [vo.logVo.LogVo.<init>] [INFO] 日志实例已初始化...
[2020-03-15 23:48:06:028] [vo.logVo.LogVo.<init>] [INFO] 日志实例已初始化...
[2020-03-15 23:48:06:029] [vo.logVo.LogVo.<init>] [INFO] 日志实例已初始化...
[2020-03-15 23:48:06:029] [vo.logVo.LogVo.<init>] [INFO] 日志实例已初始化...
[2020-03-15 23:48:06:030] [vo.logVo.LogVo.<init>] [INFO] 日志实例已初始化...
[2020-03-15 23:48:06:030] [vo.logVo.LogVo.<init>] [INFO] 日志实例已初始化...
[2020-03-15 23:48:06:033] [vo.logVo.LogVo.<init>] [INFO] 日志实例已初始化...
[2020-03-15 23:48:06:034] [vo.logVo.LogVo.<init>] [INFO] 日志实例已初始化...
[2020-03-15 23:48:06:035] [vo.logVo.LogVo.<init>] [INFO] 日志实例已初始化...
[2020-03-15 23:48:06:035] [vo.logVo.LogVo.<init>] [INFO] 日志实例已初始化...
[2020-03-15 23:48:06:035] [vo.logVo.LogVo.<init>] [INFO] 日志实例已初始化...
[2020-03-15 23:48:06:036] [vo.logVo.LogVo.<init>] [INFO] 日志实例已初始化...
[2020-03-15 23:48:06:036] [vo.logVo.LogVo.<init>] [INFO] 日志实例已初始化...
[2020-03-15 23:48:06:036] [vo.logVo.LogVo.<init>] [INFO] 日志实例已初始化...
[2020-03-15 23:48:06:037] [vo.logVo.LogVo.<init>] [INFO] 日志实例已初始化...
[2020-03-15 23:48:06:037] [vo.logVo.LogVo.<init>] [INFO] 日志实例已初始化...
[2020-03-15 23:48:06:038] [vo.logVo.LogVo.<init>] [INFO] 日志实例已初始化...
[2020-03-15 23:48:06:038] [vo.logVo.LogVo.<init>] [INFO] 日志实例已初始化...
[2020-03-15 23:48:06:039] [vo.logVo.LogVo.<init>] [INFO] 日志实例已初始化...
[2020-03-15 23:48:06:039] [vo.logVo.LogVo.<init>] [INFO] 日志实例已初始化...
[2020-03-15 23:48:06:040] [vo.logVo.LogVo.<init>] [INFO] 日志实例已初始化...
[2020-03-15 23:48:06:040] [vo.logVo.LogVo.<init>] [INFO] 日志实例已初始化...
[2020-03-15 23:48:06:042] [vo.logVo.LogVo.<init>] [INFO] 日志实例已初始化...
[2020-03-15 23:48:06:045] [vo.logVo.LogVo.<init>] [INFO] 日志实例已初始化...
[2020-03-15 23:48:06:046] [vo.logVo.LogVo.<init>] [INFO] 日志实例已初始化...
[2020-03-15 23:48:06:046] [vo.logVo.LogVo.<init>] [INFO] 日志实例已初始化...
[2020-03-15 23:48:06:046] [vo.logVo.LogVo.<init>] [INFO] 日志实例已初始化...
[2020-03-15 23:48:06:047] [vo.logVo.LogVo.<init>] [INFO] 日志实例已初始化...
[2020-03-15 23:48:06:047] [vo.logVo.LogVo.<init>] [INFO] 日志实例已初始化...
[2020-03-15 23:48:06:048] [vo.logVo.LogVo.<init>] [INFO] 日志实例已初始化...
[2020-03-15 23:48:06:048] [vo.logVo.LogVo.<init>] [INFO] 日志实例已初始化...
[2020-03-15 23:48:06:049] [vo.logVo.LogVo.<init>] [INFO] 日志实例已初始化...
[2020-03-15 23:48:06:049] [vo.logVo.LogVo.<init>] [INFO] 日志实例已初始化...
[2020-03-15 23:48:06:050] [vo.logVo.LogVo.<init>] [INFO] 日志实例已初始化...
[2020-03-15 23:48:06:050] [vo.logVo.LogVo.<init>] [INFO] 日志实例已初始化...
[2020-03-15 23:48:06:051] [vo.logVo.LogVo.<init>] [INFO] 日志实例已初始化...
[2020-03-15 23:48:06:052] [vo.logVo.LogVo.<init>] [INFO] 日志实例已初始化...
[2020-03-15 23:48:06:053] [vo.logVo.LogVo.<init>] [INFO] 日志实例已初始化...
[2020-03-15 23:48:06:053] [vo.logVo.LogVo.<init>] [INFO] 日志实例已初始化...
[2020-03-15 23:48:06:054] [vo.logVo.LogVo.<init>] [INFO] 日志实例已初始化...
[2020-03-15 23:48:06:054] [vo.logVo.LogVo.<init>] [INFO] 日志实例已初始化...
[2020-03-15 23:48:06:055] [vo.logVo.LogVo.<init>] [INFO] 日志实例已初始化...
[2020-03-15 23:48:06:055] [vo.logVo.LogVo.<init>] [INFO] 日志实例已初始化...
[2020-03-15 23:48:06:056] [vo.logVo.LogVo.<init>] [INFO] 日志实例已初始化...
[2020-03-15 23:48:06:056] [vo.logVo.LogVo.<init>] [INFO] 日志实例已初始化...
[2020-03-15 23:48:06:057] [vo.logVo.LogVo.<init>] [INFO] 日志实例已初始化...
[2020-03-15 23:48:06:057] [vo.logVo.LogVo.<init>] [INFO] 日志实例已初始化...
[2020-03-15 23:48:06:058] [vo.logVo.LogVo.<init>] [INFO] 日志实例已初始化...
[2020-03-15 23:48:06:060] [vo.logVo.LogVo.<init>] [INFO] 日志实例已初始化...
[2020-03-15 23:48:06:061] [vo.logVo.LogVo.<init>] [INFO] 日志实例已初始化...
[2020-03-15 23:48:06:061] [vo.logVo.LogVo.<init>] [INFO] 日志实例已初始化...
[2020-03-15 23:48:06:061] [vo.logVo.LogVo.<init>] [INFO] 日志实例已初始化...
[2020-03-15 23:48:06:062] [vo.logVo.LogVo.<init>] [INFO] 日志实例已初始化...
[2020-03-15 23:48:06:062] [vo.logVo.LogVo.<init>] [INFO] 日志实例已初始化...
[2020-03-15 23:48:06:062] [vo.logVo.LogVo.<init>] [INFO] 日志实例已初始化...
[2020-03-15 23:48:06:063] [vo.logVo.LogVo.<init>] [INFO] 日志实例已初始化...
[2020-03-15 23:48:06:063] [vo.logVo.LogVo.<init>] [INFO] 日志实例已初始化...
[2020-03-15 23:48:06:063] [vo.logVo.LogVo.<init>] [INFO] 日志实例已初始化...
[2020-03-15 23:48:06:064] [vo.logVo.LogVo.<init>] [INFO] 日志实例已初始化...
[2020-03-15 23:48:06:064] [vo.logVo.LogVo.<init>] [INFO] 日志实例已初始化...
[2020-03-15 23:48:06:064] [vo.logVo.LogVo.<init>] [INFO] 日志实例已初始化...
[2020-03-15 23:48:06:065] [vo.logVo.LogVo.<init>] [INFO] 日志实例已初始化...
[2020-03-15 23:48:06:065] [vo.logVo.LogVo.<init>] [INFO] 日志实例已初始化...
[2020-03-15 23:48:06:066] [vo.logVo.LogVo.<init>] [INFO] 日志实例已初始化...
[2020-03-15 23:48:06:066] [vo.logVo.LogVo.<init>] [INFO] 日志实例已初始化...
[2020-03-15 23:48:06:068] [vo.logVo.LogVo.<init>] [INFO] 日志实例已初始化...
[2020-03-15 23:48:06:069] [vo.logVo.LogVo.<init>] [INFO] 日志实例已初始化...
[2020-03-15 23:48:06:070] [vo.logVo.LogVo.<init>] [INFO] 日志实例已初始化...
[2020-03-15 23:48:06:071] [vo.logVo.LogVo.<init>] [INFO] 日志实例已初始化...
[2020-03-15 23:48:06:072] [vo.logVo.LogVo.<init>] [INFO] 日志实例已初始化...
[2020-03-15 23:48:06:074] [vo.logVo.LogVo.<init>] [INFO] 日志实例已初始化...
[2020-03-15 23:48:06:076] [vo.logVo.LogVo.<init>] [INFO] 日志实例已初始化...
[2020-03-15 23:48:06:078] [vo.logVo.LogVo.<init>] [INFO] 日志实例已初始化...
[2020-03-15 23:48:06:078] [vo.logVo.LogVo.<init>] [INFO] 日志实例已初始化...
[2020-03-15 23:48:06:078] [vo.logVo.LogVo.<init>] [INFO] 日志实例已初始化...
[2020-03-15 23:48:06:079] [vo.logVo.LogVo.<init>] [INFO] 日志实例已初始化...
[2020-03-15 23:48:06:079] [vo.logVo.LogVo.<init>] [INFO] 日志实例已初始化...
[2020-03-15 23:48:06:079] [vo.logVo.LogVo.<init>] [INFO] 日志实例已初始化...
[2020-03-15 23:48:06:080] [vo.logVo.LogVo.<init>] [INFO] 日志实例已初始化...
[2020-03-15 23:48:06:080] [vo.logVo.LogVo.<init>] [INFO] 日志实例已初始化...
[2020-03-15 23:48:06:080] [vo.logVo.LogVo.<init>] [INFO] 日志实例已初始化...
[2020-03-15 23:48:06:081] [vo.logVo.LogVo.<init>] [INFO] 日志实例已初始化...
[2020-03-15 23:48:06:081] [vo.logVo.LogVo.<init>] [INFO] 日志实例已初始化...
[2020-03-15 23:48:06:081] [vo.logVo.LogVo.<init>] [INFO] 日志实例已初始化...
[2020-03-15 23:48:06:081] [vo.logVo.LogVo.<init>] [INFO] 日志实例已初始化...
[2020-03-15 23:48:06:082] [vo.logVo.LogVo.<init>] [INFO] 日志实例已初始化...
[2020-03-15 23:48:06:082] [vo.logVo.LogVo.<init>] [INFO] 日志实例已初始化...
[2020-03-15 23:48:06:083] [vo.logVo.LogVo.<init>] [INFO] 日志实例已初始化...
[2020-03-15 23:48:06:083] [vo.logVo.LogVo.<init>] [INFO] 日志实例已初始化...
[2020-03-15 23:48:06:083] [vo.logVo.LogVo.<init>] [INFO] 日志实例已初始化...
[2020-03-15 23:48:06:084] [vo.logVo.LogVo.<init>] [INFO] 日志实例已初始化...
[2020-03-15 23:48:06:085] [vo.logVo.LogVo.<init>] [INFO] 日志实例已初始化...
[2020-03-15 23:48:06:085] [vo.logVo.LogVo.<init>] [INFO] 日志实例已初始化...
[2020-03-15 23:48:06:086] [vo.logVo.LogVo.<init>] [INFO] 日志实例已初始化...
[2020-03-15 23:48:06:086] [vo.logVo.LogVo.<init>] [INFO] 日志实例已初始化...
[2020-03-15 23:48:06:086] [vo.logVo.LogVo.<init>] [INFO] 日志实例已初始化...
[2020-03-15 23:48:06:087] [vo.logVo.LogVo.<init>] [INFO] 日志实例已初始化...
[2020-03-15 23:48:06:087] [vo.logVo.LogVo.<init>] [INFO] 日志实例已初始化...
[2020-03-15 23:48:06:087] [vo.logVo.LogVo.<init>] [INFO] 日志实例已初始化...
[2020-03-15 23:48:06:088] [vo.logVo.LogVo.<init>] [INFO] 日志实例已初始化...
[2020-03-15 23:48:06:089] [vo.logVo.LogVo.<init>] [INFO] 日志实例已初始化...
[2020-03-15 23:48:06:090] [vo.logVo.LogVo.<init>] [INFO] 日志实例已初始化...
[2020-03-15 23:48:06:091] [vo.logVo.LogVo.<init>] [INFO] 日志实例已初始化...
[2020-03-15 23:48:06:092] [vo.logVo.LogVo.<init>] [INFO] 日志实例已初始化...
[2020-03-15 23:48:06:093] [vo.logVo.LogVo.<init>] [INFO] 日志实例已初始化...
[2020-03-15 23:48:06:095] [vo.logVo.LogVo.<init>] [INFO] 日志实例已初始化...
[2020-03-15 23:48:06:097] [vo.logVo.LogVo.<init>] [INFO] 日志实例已初始化...
[2020-03-15 23:48:06:098] [vo.logVo.LogVo.<init>] [INFO] 日志实例已初始化...
[2020-03-15 23:48:06:099] [vo.logVo.LogVo.<init>] [INFO] 日志实例已初始化...
[2020-03-15 23:48:06:099] [vo.logVo.LogVo.<init>] [INFO] 日志实例已初始化...
[2020-03-15 23:48:06:100] [vo.logVo.LogVo.<init>] [INFO] 日志实例已初始化...
[2020-03-15 23:48:06:101] [vo.logVo.LogVo.<init>] [INFO] 日志实例已初始化...
[2020-03-15 23:48:06:102] [vo.logVo.LogVo.<init>] [INFO] 日志实例已初始化...
[2020-03-15 23:48:06:103] [vo.logVo.LogVo.<init>] [INFO] 日志实例已初始化...
[2020-03-15 23:48:06:104] [vo.logVo.LogVo.<init>] [INFO] 日志实例已初始化...
[2020-03-15 23:48:06:105] [vo.logVo.LogVo.<init>] [INFO] 日志实例已初始化...
[2020-03-15 23:48:06:106] [vo.logVo.LogVo.<init>] [INFO] 日志实例已初始化...
[2020-03-15 23:48:06:106] [vo.logVo.LogVo.<init>] [INFO] 日志实例已初始化...
[2020-03-15 23:48:06:107] [vo.logVo.LogVo.<init>] [INFO] 日志实例已初始化...
[2020-03-15 23:48:06:108] [vo.logVo.LogVo.<init>] [INFO] 日志实例已初始化...
[2020-03-15 23:48:06:109] [vo.logVo.LogVo.<init>] [INFO] 日志实例已初始化...
[2020-03-15 23:48:06:110] [vo.logVo.LogVo.<init>] [INFO] 日志实例已初始化...
[2020-03-15 23:48:06:111] [vo.logVo.LogVo.<init>] [INFO] 日志实例已初始化...
[2020-03-15 23:48:06:112] [vo.logVo.LogVo.<init>] [INFO] 日志实例已初始化...
[2020-03-15 23:48:06:112] [vo.logVo.LogVo.<init>] [INFO] 日志实例已初始化...
[2020-03-15 23:48:06:113] [vo.logVo.LogVo.<init>] [INFO] 日志实例已初始化...
[2020-03-15 23:48:06:114] [vo.logVo.LogVo.<init>] [INFO] 日志实例已初始化...
[2020-03-15 23:48:06:114] [vo.logVo.LogVo.<init>] [INFO] 日志实例已初始化...
[2020-03-15 23:48:06:115] [vo.logVo.LogVo.<init>] [INFO] 日志实例已初始化...
[2020-03-15 23:48:06:115] [vo.logVo.LogVo.<init>] [INFO] 日志实例已初始化...
[2020-03-15 23:48:06:116] [vo.logVo.LogVo.<init>] [INFO] 日志实例已初始化...
[2020-03-15 23:48:06:116] [vo.logVo.LogVo.<init>] [INFO] 日志实例已初始化...
[2020-03-15 23:48:06:116] [vo.logVo.LogVo.<init>] [INFO] 日志实例已初始化...
[2020-03-15 23:48:06:117] [vo.logVo.LogVo.<init>] [INFO] 日志实例已初始化...
[2020-03-15 23:48:06:117] [vo.logVo.LogVo.<init>] [INFO] 日志实例已初始化...
[2020-03-15 23:48:06:117] [vo.logVo.LogVo.<init>] [INFO] 日志实例已初始化...
[2020-03-15 23:48:06:118] [vo.logVo.LogVo.<init>] [INFO] 日志实例已初始化...
[2020-03-15 23:48:06:119] [vo.logVo.LogVo.<init>] [INFO] 日志实例已初始化...
[2020-03-15 23:48:06:119] [vo.logVo.LogVo.<init>] [INFO] 日志实例已初始化...
[2020-03-15 23:48:06:120] [vo.logVo.LogVo.<init>] [INFO] 日志实例已初始化...
[2020-03-15 23:48:06:120] [vo.logVo.LogVo.<init>] [INFO] 日志实例已初始化...
[2020-03-15 23:48:06:121] [vo.logVo.LogVo.<init>] [INFO] 日志实例已初始化...
[2020-03-15 23:48:06:122] [vo.logVo.LogVo.<init>] [INFO] 日志实例已初始化...
[2020-03-15 23:48:06:122] [vo.logVo.LogVo.<init>] [INFO] 日志实例已初始化...
[2020-03-15 23:48:06:123] [vo.logVo.LogVo.<init>] [INFO] 日志实例已初始化...
[2020-03-15 23:48:06:123] [vo.logVo.LogVo.<init>] [INFO] 日志实例已初始化...
[2020-03-15 23:48:06:124] [vo.logVo.LogVo.<init>] [INFO] 日志实例已初始化...
[2020-03-15 23:48:06:125] [vo.logVo.LogVo.<init>] [INFO] 日志实例已初始化...
[2020-03-15 23:48:06:127] [vo.logVo.LogVo.<init>] [INFO] 日志实例已初始化...
[2020-03-15 23:48:06:128] [vo.logVo.LogVo.<init>] [INFO] 日志实例已初始化...
[2020-03-15 23:48:06:129] [vo.logVo.LogVo.<init>] [INFO] 日志实例已初始化...
[2020-03-15 23:48:06:130] [vo.logVo.LogVo.<init>] [INFO] 日志实例已初始化...
[2020-03-15 23:48:06:132] [vo.logVo.LogVo.<init>] [INFO] 日志实例已初始化...
[2020-03-15 23:48:06:133] [vo.logVo.LogVo.<init>] [INFO] 日志实例已初始化...
[2020-03-15 23:48:06:137] [vo.logVo.LogVo.<init>] [INFO] 日志实例已初始化...
[2020-03-15 23:48:06:138] [vo.logVo.LogVo.<init>] [INFO] 日志实例已初始化...
[2020-03-15 23:48:06:138] [vo.logVo.LogVo.<init>] [INFO] 日志实例已初始化...
[2020-03-15 23:48:06:139] [vo.logVo.LogVo.<init>] [INFO] 日志实例已初始化...
[2020-03-15 23:48:06:139] [vo.logVo.LogVo.<init>] [INFO] 日志实例已初始化...
[2020-03-15 23:48:06:140] [vo.logVo.LogVo.<init>] [INFO] 日志实例已初始化...
[2020-03-15 23:48:06:140] [vo.logVo.LogVo.<init>] [INFO] 日志实例已初始化...
[2020-03-15 23:48:06:141] [vo.logVo.LogVo.<init>] [INFO] 日志实例已初始化...
[2020-03-15 23:48:06:144] [vo.logVo.LogVo.<init>] [INFO] 日志实例已初始化...
[2020-03-15 23:48:06:145] [vo.logVo.LogVo.<init>] [INFO] 日志实例已初始化...
[2020-03-15 23:48:06:146] [vo.logVo.LogVo.<init>] [INFO] 日志实例已初始化...
[2020-03-15 23:48:06:147] [vo.logVo.LogVo.<init>] [INFO] 日志实例已初始化...
[2020-03-15 23:48:06:147] [vo.logVo.LogVo.<init>] [INFO] 日志实例已初始化...
[2020-03-15 23:48:06:148] [vo.logVo.LogVo.<init>] [INFO] 日志实例已初始化...
[2020-03-15 23:48:06:149] [vo.logVo.LogVo.<init>] [INFO] 日志实例已初始化...
[2020-03-15 23:48:06:150] [vo.logVo.LogVo.<init>] [INFO] 日志实例已初始化...
[2020-03-15 23:48:06:151] [vo.logVo.LogVo.<init>] [INFO] 日志实例已初始化...
[2020-03-15 23:48:06:151] [vo.logVo.LogVo.<init>] [INFO] 日志实例已初始化...
[2020-03-15 23:48:06:152] [vo.logVo.LogVo.<init>] [INFO] 日志实例已初始化...
[2020-03-15 23:48:06:153] [vo.logVo.LogVo.<init>] [INFO] 日志实例已初始化...
[2020-03-15 23:48:06:153] [vo.logVo.LogVo.<init>] [INFO] 日志实例已初始化...
[2020-03-15 23:48:06:154] [vo.logVo.LogVo.<init>] [INFO] 日志实例已初始化...
[2020-03-15 23:48:06:155] [vo.logVo.LogVo.<init>] [INFO] 日志实例已初始化...
[2020-03-15 23:48:06:155] [vo.logVo.LogVo.<init>] [INFO] 日志实例已初始化...
[2020-03-15 23:48:06:157] [vo.logVo.LogVo.<init>] [INFO] 日志实例已初始化...
[2020-03-15 23:48:06:162] [vo.logVo.LogVo.<init>] [INFO] 日志实例已初始化...
[2020-03-15 23:48:06:163] [vo.logVo.LogVo.<init>] [INFO] 日志实例已初始化...
[2020-03-15 23:48:06:165] [vo.logVo.LogVo.<init>] [INFO] 日志实例已初始化...
[2020-03-15 23:48:06:166] [vo.logVo.LogVo.<init>] [INFO] 日志实例已初始化...
[2020-03-15 23:48:06:166] [vo.logVo.LogVo.<init>] [INFO] 日志实例已初始化...
[2020-03-15 23:48:06:167] [vo.logVo.LogVo.<init>] [INFO] 日志实例已初始化...
[2020-03-15 23:48:06:169] [vo.logVo.LogVo.<init>] [INFO] 日志实例已初始化...
[2020-03-15 23:48:06:170] [vo.logVo.LogVo.<init>] [INFO] 日志实例已初始化...
[2020-03-15 23:48:06:170] [vo.logVo.LogVo.<init>] [INFO] 日志实例已初始化...
[2020-03-15 23:48:06:171] [vo.logVo.LogVo.<init>] [INFO] 日志实例已初始化...
[2020-03-15 23:48:06:172] [vo.logVo.LogVo.<init>] [INFO] 日志实例已初始化...
[2020-03-15 23:48:06:172] [vo.logVo.LogVo.<init>] [INFO] 日志实例已初始化...
[2020-03-15 23:48:06:173] [vo.logVo.LogVo.<init>] [INFO] 日志实例已初始化...
[2020-03-15 23:48:06:173] [vo.logVo.LogVo.<init>] [INFO] 日志实例已初始化...
[2020-03-15 23:48:06:174] [vo.logVo.LogVo.<init>] [INFO] 日志实例已初始化...
[2020-03-15 23:48:06:175] [vo.logVo.LogVo.<init>] [INFO] 日志实例已初始化...
[2020-03-15 23:48:06:178] [vo.logVo.LogVo.<init>] [INFO] 日志实例已初始化...
[2020-03-15 23:48:06:179] [vo.logVo.LogVo.<init>] [INFO] 日志实例已初始化...
[2020-03-15 23:48:06:180] [vo.logVo.LogVo.<init>] [INFO] 日志实例已初始化...
[2020-03-15 23:48:06:181] [vo.logVo.LogVo.<init>] [INFO] 日志实例已初始化...
[2020-03-15 23:48:06:181] [vo.logVo.LogVo.<init>] [INFO] 日志实例已初始化...
[2020-03-15 23:48:06:182] [vo.logVo.LogVo.<init>] [INFO] 日志实例已初始化...
[2020-03-15 23:48:06:183] [vo.logVo.LogVo.<init>] [INFO] 日志实例已初始化...
[2020-03-15 23:48:06:183] [vo.logVo.LogVo.<init>] [INFO] 日志实例已初始化...
[2020-03-15 23:48:06:184] [vo.logVo.LogVo.<init>] [INFO] 日志实例已初始化...
[2020-03-15 23:48:06:184] [vo.logVo.LogVo.<init>] [INFO] 日志实例已初始化...
[2020-03-15 23:48:06:185] [vo.logVo.LogVo.<init>] [INFO] 日志实例已初始化...
[2020-03-15 23:48:06:186] [vo.logVo.LogVo.<init>] [INFO] 日志实例已初始化...
[2020-03-15 23:48:06:187] [vo.logVo.LogVo.<init>] [INFO] 日志实例已初始化...
[2020-03-15 23:48:06:187] [vo.logVo.LogVo.<init>] [INFO] 日志实例已初始化...
[2020-03-15 23:48:06:188] [vo.logVo.LogVo.<init>] [INFO] 日志实例已初始化...
[2020-03-15 23:48:06:189] [vo.logVo.LogVo.<init>] [INFO] 日志实例已初始化...
[2020-03-15 23:48:06:189] [vo.logVo.LogVo.<init>] [INFO] 日志实例已初始化...
[2020-03-15 23:48:06:190] [vo.logVo.LogVo.<init>] [INFO] 日志实例已初始化...
[2020-03-15 23:48:06:190] [vo.logVo.LogVo.<init>] [INFO] 日志实例已初始化...
[2020-03-15 23:48:06:191] [vo.logVo.LogVo.<init>] [INFO] 日志实例已初始化...
[2020-03-15 23:48:06:191] [vo.logVo.LogVo.<init>] [INFO] 日志实例已初始化...
[2020-03-15 23:48:06:192] [vo.logVo.LogVo.<init>] [INFO] 日志实例已初始化...
[2020-03-15 23:48:06:196] [vo.logVo.LogVo.<init>] [INFO] 日志实例已初始化...
[2020-03-15 23:48:06:197] [vo.logVo.LogVo.<init>] [INFO] 日志实例已初始化...
[2020-03-15 23:48:06:198] [vo.logVo.LogVo.<init>] [INFO] 日志实例已初始化...
[2020-03-15 23:48:06:199] [vo.logVo.LogVo.<init>] [INFO] 日志实例已初始化...
[2020-03-15 23:48:06:200] [vo.logVo.LogVo.<init>] [INFO] 日志实例已初始化...
[2020-03-15 23:48:06:201] [vo.logVo.LogVo.<init>] [INFO] 日志实例已初始化...
[2020-03-15 23:48:06:202] [vo.logVo.LogVo.<init>] [INFO] 日志实例已初始化...
[2020-03-15 23:48:06:205] [vo.logVo.LogVo.<init>] [INFO] 日志实例已初始化...
[2020-03-15 23:48:06:206] [vo.logVo.LogVo.<init>] [INFO] 日志实例已初始化...
[2020-03-15 23:48:06:207] [vo.logVo.LogVo.<init>] [INFO] 日志实例已初始化...
[2020-03-15 23:48:06:212] [vo.logVo.LogVo.<init>] [INFO] 日志实例已初始化...
[2020-03-15 23:48:06:213] [vo.logVo.LogVo.<init>] [INFO] 日志实例已初始化...
[2020-03-15 23:48:06:214] [vo.logVo.LogVo.<init>] [INFO] 日志实例已初始化...
[2020-03-15 23:48:06:215] [vo.logVo.LogVo.<init>] [INFO] 日志实例已初始化...
[2020-03-15 23:48:06:216] [vo.logVo.LogVo.<init>] [INFO] 日志实例已初始化...
[2020-03-15 23:48:06:217] [vo.logVo.LogVo.<init>] [INFO] 日志实例已初始化...
[2020-03-15 23:48:06:218] [vo.logVo.LogVo.<init>] [INFO] 日志实例已初始化...
[2020-03-15 23:48:06:219] [vo.logVo.LogVo.<init>] [INFO] 日志实例已初始化...
[2020-03-15 23:48:06:219] [vo.logVo.LogVo.<init>] [INFO] 日志实例已初始化...
[2020-03-15 23:48:06:220] [vo.logVo.LogVo.<init>] [INFO] 日志实例已初始化...
[2020-03-15 23:48:06:220] [vo.logVo.LogVo.<init>] [INFO] 日志实例已初始化...
[2020-03-15 23:48:06:221] [vo.logVo.LogVo.<init>] [INFO] 日志实例已初始化...
[2020-03-15 23:48:06:221] [vo.logVo.LogVo.<init>] [INFO] 日志实例已初始化...
[2020-03-15 23:48:06:222] [vo.logVo.LogVo.<init>] [INFO] 日志实例已初始化...
[2020-03-15 23:48:06:222] [vo.logVo.LogVo.<init>] [INFO] 日志实例已初始化...
[2020-03-15 23:48:06:223] [vo.logVo.LogVo.<init>] [INFO] 日志实例已初始化...
[2020-03-15 23:48:06:223] [vo.logVo.LogVo.<init>] [INFO] 日志实例已初始化...
[2020-03-15 23:48:06:224] [vo.logVo.LogVo.<init>] [INFO] 日志实例已初始化...
[2020-03-15 23:48:06:224] [vo.logVo.LogVo.<init>] [INFO] 日志实例已初始化...
[2020-03-15 23:48:06:224] [vo.logVo.LogVo.<init>] [INFO] 日志实例已初始化...
[2020-03-15 23:48:06:225] [vo.logVo.LogVo.<init>] [INFO] 日志实例已初始化...
[2020-03-15 23:48:06:227] [vo.logVo.LogVo.<init>] [INFO] 日志实例已初始化...
[2020-03-15 23:48:06:228] [vo.logVo.LogVo.<init>] [INFO] 日志实例已初始化...
[2020-03-15 23:48:06:228] [vo.logVo.LogVo.<init>] [INFO] 日志实例已初始化...
[2020-03-15 23:48:06:229] [vo.logVo.LogVo.<init>] [INFO] 日志实例已初始化...
[2020-03-15 23:48:06:229] [vo.logVo.LogVo.<init>] [INFO] 日志实例已初始化...
[2020-03-15 23:48:06:230] [vo.logVo.LogVo.<init>] [INFO] 日志实例已初始化...
[2020-03-15 23:48:06:231] [vo.logVo.LogVo.<init>] [INFO] 日志实例已初始化...
[2020-03-15 23:48:06:232] [vo.logVo.LogVo.<init>] [INFO] 日志实例已初始化...
[2020-03-15 23:48:06:232] [vo.logVo.LogVo.<init>] [INFO] 日志实例已初始化...
[2020-03-15 23:48:06:233] [vo.logVo.LogVo.<init>] [INFO] 日志实例已初始化...
[2020-03-15 23:48:06:233] [vo.logVo.LogVo.<init>] [INFO] 日志实例已初始化...
[2020-03-15 23:48:06:234] [vo.logVo.LogVo.<init>] [INFO] 日志实例已初始化...
[2020-03-15 23:48:06:234] [vo.logVo.LogVo.<init>] [INFO] 日志实例已初始化...
[2020-03-15 23:48:06:235] [vo.logVo.LogVo.<init>] [INFO] 日志实例已初始化...
[2020-03-15 23:48:06:235] [vo.logVo.LogVo.<init>] [INFO] 日志实例已初始化...
[2020-03-15 23:48:06:236] [vo.logVo.LogVo.<init>] [INFO] 日志实例已初始化...
[2020-03-15 23:48:06:236] [vo.logVo.LogVo.<init>] [INFO] 日志实例已初始化...
[2020-03-15 23:48:06:236] [vo.logVo.LogVo.<init>] [INFO] 日志实例已初始化...
[2020-03-15 23:48:06:237] [vo.logVo.LogVo.<init>] [INFO] 日志实例已初始化...
[2020-03-15 23:48:06:237] [vo.logVo.LogVo.<init>] [INFO] 日志实例已初始化...
[2020-03-15 23:48:06:237] [vo.logVo.LogVo.<init>] [INFO] 日志实例已初始化...
[2020-03-15 23:48:06:238] [vo.logVo.LogVo.<init>] [INFO] 日志实例已初始化...
[2020-03-15 23:48:06:265] [vo.logVo.LogVo.<init>] [INFO] 日志实例已初始化...
[2020-03-15 23:48:06:273] [vo.logVo.LogVo.<init>] [INFO] 日志实例已初始化...
[2020-03-15 23:48:06:480] [aop.AnnotationCommenAop.writeLog] [INFO] 保存操作日志成功.
[2020-03-15 23:48:10:420] [aop.AnnotationCommenAop.writeLog] [INFO] 开始保存操作日志...
[2020-03-15 23:48:11:172] [aop.AnnotationCommenAop.writeLog] [INFO] 保存操作日志成功.
[2020-03-15 23:48:11:173] [aop.AnnotationCommenAop.writeLog] [INFO] 开始保存操作日志...
[2020-03-15 23:48:11:180] [vo.logVo.LogVo.<init>] [INFO] 日志实例已初始化...
[2020-03-15 23:48:11:180] [vo.logVo.LogVo.<init>] [INFO] 日志实例已初始化...
[2020-03-15 23:48:11:181] [vo.logVo.LogVo.<init>] [INFO] 日志实例已初始化...
[2020-03-15 23:48:11:181] [vo.logVo.LogVo.<init>] [INFO] 日志实例已初始化...
[2020-03-15 23:48:11:181] [vo.logVo.LogVo.<init>] [INFO] 日志实例已初始化...
[2020-03-15 23:48:11:182] [vo.logVo.LogVo.<init>] [INFO] 日志实例已初始化...
[2020-03-15 23:48:11:182] [vo.logVo.LogVo.<init>] [INFO] 日志实例已初始化...
[2020-03-15 23:48:11:182] [vo.logVo.LogVo.<init>] [INFO] 日志实例已初始化...
[2020-03-15 23:48:11:183] [vo.logVo.LogVo.<init>] [INFO] 日志实例已初始化...
[2020-03-15 23:48:11:183] [vo.logVo.LogVo.<init>] [INFO] 日志实例已初始化...
[2020-03-15 23:48:11:183] [vo.logVo.LogVo.<init>] [INFO] 日志实例已初始化...
[2020-03-15 23:48:11:184] [vo.logVo.LogVo.<init>] [INFO] 日志实例已初始化...
[2020-03-15 23:48:11:184] [vo.logVo.LogVo.<init>] [INFO] 日志实例已初始化...
[2020-03-15 23:48:11:184] [vo.logVo.LogVo.<init>] [INFO] 日志实例已初始化...
[2020-03-15 23:48:11:184] [vo.logVo.LogVo.<init>] [INFO] 日志实例已初始化...
[2020-03-15 23:48:11:185] [vo.logVo.LogVo.<init>] [INFO] 日志实例已初始化...
[2020-03-15 23:48:11:185] [vo.logVo.LogVo.<init>] [INFO] 日志实例已初始化...
[2020-03-15 23:48:11:185] [vo.logVo.LogVo.<init>] [INFO] 日志实例已初始化...
[2020-03-15 23:48:11:185] [vo.logVo.LogVo.<init>] [INFO] 日志实例已初始化...
[2020-03-15 23:48:11:186] [vo.logVo.LogVo.<init>] [INFO] 日志实例已初始化...
[2020-03-15 23:48:11:186] [vo.logVo.LogVo.<init>] [INFO] 日志实例已初始化...
[2020-03-15 23:48:11:186] [vo.logVo.LogVo.<init>] [INFO] 日志实例已初始化...
[2020-03-15 23:48:11:187] [vo.logVo.LogVo.<init>] [INFO] 日志实例已初始化...
[2020-03-15 23:48:11:187] [vo.logVo.LogVo.<init>] [INFO] 日志实例已初始化...
[2020-03-15 23:48:11:188] [vo.logVo.LogVo.<init>] [INFO] 日志实例已初始化...
[2020-03-15 23:48:11:188] [vo.logVo.LogVo.<init>] [INFO] 日志实例已初始化...
[2020-03-15 23:48:11:189] [vo.logVo.LogVo.<init>] [INFO] 日志实例已初始化...
[2020-03-15 23:48:11:190] [vo.logVo.LogVo.<init>] [INFO] 日志实例已初始化...
[2020-03-15 23:48:11:191] [vo.logVo.LogVo.<init>] [INFO] 日志实例已初始化...
[2020-03-15 23:48:11:192] [vo.logVo.LogVo.<init>] [INFO] 日志实例已初始化...
[2020-03-15 23:48:11:193] [vo.logVo.LogVo.<init>] [INFO] 日志实例已初始化...
[2020-03-15 23:48:11:194] [vo.logVo.LogVo.<init>] [INFO] 日志实例已初始化...
[2020-03-15 23:48:11:194] [vo.logVo.LogVo.<init>] [INFO] 日志实例已初始化...
[2020-03-15 23:48:11:195] [vo.logVo.LogVo.<init>] [INFO] 日志实例已初始化...
[2020-03-15 23:48:11:196] [vo.logVo.LogVo.<init>] [INFO] 日志实例已初始化...
[2020-03-15 23:48:11:196] [vo.logVo.LogVo.<init>] [INFO] 日志实例已初始化...
[2020-03-15 23:48:11:197] [vo.logVo.LogVo.<init>] [INFO] 日志实例已初始化...
[2020-03-15 23:48:11:197] [vo.logVo.LogVo.<init>] [INFO] 日志实例已初始化...
[2020-03-15 23:48:11:198] [vo.logVo.LogVo.<init>] [INFO] 日志实例已初始化...
[2020-03-15 23:48:11:198] [vo.logVo.LogVo.<init>] [INFO] 日志实例已初始化...
[2020-03-15 23:48:11:199] [vo.logVo.LogVo.<init>] [INFO] 日志实例已初始化...
[2020-03-15 23:48:11:199] [vo.logVo.LogVo.<init>] [INFO] 日志实例已初始化...
[2020-03-15 23:48:11:199] [vo.logVo.LogVo.<init>] [INFO] 日志实例已初始化...
[2020-03-15 23:48:11:200] [vo.logVo.LogVo.<init>] [INFO] 日志实例已初始化...
[2020-03-15 23:48:11:200] [vo.logVo.LogVo.<init>] [INFO] 日志实例已初始化...
[2020-03-15 23:48:11:200] [vo.logVo.LogVo.<init>] [INFO] 日志实例已初始化...
[2020-03-15 23:48:11:201] [vo.logVo.LogVo.<init>] [INFO] 日志实例已初始化...
[2020-03-15 23:48:11:201] [vo.logVo.LogVo.<init>] [INFO] 日志实例已初始化...
[2020-03-15 23:48:11:201] [vo.logVo.LogVo.<init>] [INFO] 日志实例已初始化...
[2020-03-15 23:48:11:201] [vo.logVo.LogVo.<init>] [INFO] 日志实例已初始化...
[2020-03-15 23:48:11:202] [vo.logVo.LogVo.<init>] [INFO] 日志实例已初始化...
[2020-03-15 23:48:11:202] [vo.logVo.LogVo.<init>] [INFO] 日志实例已初始化...
[2020-03-15 23:48:11:202] [vo.logVo.LogVo.<init>] [INFO] 日志实例已初始化...
[2020-03-15 23:48:11:203] [vo.logVo.LogVo.<init>] [INFO] 日志实例已初始化...
[2020-03-15 23:48:11:203] [vo.logVo.LogVo.<init>] [INFO] 日志实例已初始化...
[2020-03-15 23:48:11:204] [vo.logVo.LogVo.<init>] [INFO] 日志实例已初始化...
[2020-03-15 23:48:11:205] [vo.logVo.LogVo.<init>] [INFO] 日志实例已初始化...
[2020-03-15 23:48:11:205] [vo.logVo.LogVo.<init>] [INFO] 日志实例已初始化...
[2020-03-15 23:48:11:207] [vo.logVo.LogVo.<init>] [INFO] 日志实例已初始化...
[2020-03-15 23:48:11:207] [vo.logVo.LogVo.<init>] [INFO] 日志实例已初始化...
[2020-03-15 23:48:11:208] [vo.logVo.LogVo.<init>] [INFO] 日志实例已初始化...
[2020-03-15 23:48:11:208] [vo.logVo.LogVo.<init>] [INFO] 日志实例已初始化...
[2020-03-15 23:48:11:208] [vo.logVo.LogVo.<init>] [INFO] 日志实例已初始化...
[2020-03-15 23:48:11:209] [vo.logVo.LogVo.<init>] [INFO] 日志实例已初始化...
[2020-03-15 23:48:11:209] [vo.logVo.LogVo.<init>] [INFO] 日志实例已初始化...
[2020-03-15 23:48:11:209] [vo.logVo.LogVo.<init>] [INFO] 日志实例已初始化...
[2020-03-15 23:48:11:209] [vo.logVo.LogVo.<init>] [INFO] 日志实例已初始化...
[2020-03-15 23:48:11:209] [vo.logVo.LogVo.<init>] [INFO] 日志实例已初始化...
[2020-03-15 23:48:11:209] [vo.logVo.LogVo.<init>] [INFO] 日志实例已初始化...
[2020-03-15 23:48:11:209] [vo.logVo.LogVo.<init>] [INFO] 日志实例已初始化...
[2020-03-15 23:48:11:211] [vo.logVo.LogVo.<init>] [INFO] 日志实例已初始化...
[2020-03-15 23:48:11:211] [vo.logVo.LogVo.<init>] [INFO] 日志实例已初始化...
[2020-03-15 23:48:11:211] [vo.logVo.LogVo.<init>] [INFO] 日志实例已初始化...
[2020-03-15 23:48:11:212] [vo.logVo.LogVo.<init>] [INFO] 日志实例已初始化...
[2020-03-15 23:48:11:212] [vo.logVo.LogVo.<init>] [INFO] 日志实例已初始化...
[2020-03-15 23:48:11:213] [vo.logVo.LogVo.<init>] [INFO] 日志实例已初始化...
[2020-03-15 23:48:11:213] [vo.logVo.LogVo.<init>] [INFO] 日志实例已初始化...
[2020-03-15 23:48:11:214] [vo.logVo.LogVo.<init>] [INFO] 日志实例已初始化...
[2020-03-15 23:48:11:214] [vo.logVo.LogVo.<init>] [INFO] 日志实例已初始化...
[2020-03-15 23:48:11:215] [vo.logVo.LogVo.<init>] [INFO] 日志实例已初始化...
[2020-03-15 23:48:11:215] [vo.logVo.LogVo.<init>] [INFO] 日志实例已初始化...
[2020-03-15 23:48:11:216] [vo.logVo.LogVo.<init>] [INFO] 日志实例已初始化...
[2020-03-15 23:48:11:216] [vo.logVo.LogVo.<init>] [INFO] 日志实例已初始化...
[2020-03-15 23:48:11:217] [vo.logVo.LogVo.<init>] [INFO] 日志实例已初始化...
[2020-03-15 23:48:11:218] [vo.logVo.LogVo.<init>] [INFO] 日志实例已初始化...
[2020-03-15 23:48:11:218] [vo.logVo.LogVo.<init>] [INFO] 日志实例已初始化...
[2020-03-15 23:48:11:219] [vo.logVo.LogVo.<init>] [INFO] 日志实例已初始化...
[2020-03-15 23:48:11:219] [vo.logVo.LogVo.<init>] [INFO] 日志实例已初始化...
[2020-03-15 23:48:11:220] [vo.logVo.LogVo.<init>] [INFO] 日志实例已初始化...
[2020-03-15 23:48:11:220] [vo.logVo.LogVo.<init>] [INFO] 日志实例已初始化...
[2020-03-15 23:48:11:221] [vo.logVo.LogVo.<init>] [INFO] 日志实例已初始化...
[2020-03-15 23:48:11:221] [vo.logVo.LogVo.<init>] [INFO] 日志实例已初始化...
[2020-03-15 23:48:11:222] [vo.logVo.LogVo.<init>] [INFO] 日志实例已初始化...
[2020-03-15 23:48:11:223] [vo.logVo.LogVo.<init>] [INFO] 日志实例已初始化...
[2020-03-15 23:48:11:223] [vo.logVo.LogVo.<init>] [INFO] 日志实例已初始化...
[2020-03-15 23:48:11:224] [vo.logVo.LogVo.<init>] [INFO] 日志实例已初始化...
[2020-03-15 23:48:11:225] [vo.logVo.LogVo.<init>] [INFO] 日志实例已初始化...
[2020-03-15 23:48:11:227] [vo.logVo.LogVo.<init>] [INFO] 日志实例已初始化...
[2020-03-15 23:48:11:227] [vo.logVo.LogVo.<init>] [INFO] 日志实例已初始化...
[2020-03-15 23:48:11:229] [vo.logVo.LogVo.<init>] [INFO] 日志实例已初始化...
[2020-03-15 23:48:11:229] [vo.logVo.LogVo.<init>] [INFO] 日志实例已初始化...
[2020-03-15 23:48:11:230] [vo.logVo.LogVo.<init>] [INFO] 日志实例已初始化...
[2020-03-15 23:48:11:231] [vo.logVo.LogVo.<init>] [INFO] 日志实例已初始化...
[2020-03-15 23:48:11:231] [vo.logVo.LogVo.<init>] [INFO] 日志实例已初始化...
[2020-03-15 23:48:11:232] [vo.logVo.LogVo.<init>] [INFO] 日志实例已初始化...
[2020-03-15 23:48:11:232] [vo.logVo.LogVo.<init>] [INFO] 日志实例已初始化...
[2020-03-15 23:48:11:233] [vo.logVo.LogVo.<init>] [INFO] 日志实例已初始化...
[2020-03-15 23:48:11:233] [vo.logVo.LogVo.<init>] [INFO] 日志实例已初始化...
[2020-03-15 23:48:11:234] [vo.logVo.LogVo.<init>] [INFO] 日志实例已初始化...
[2020-03-15 23:48:11:234] [vo.logVo.LogVo.<init>] [INFO] 日志实例已初始化...
[2020-03-15 23:48:11:234] [vo.logVo.LogVo.<init>] [INFO] 日志实例已初始化...
[2020-03-15 23:48:11:234] [vo.logVo.LogVo.<init>] [INFO] 日志实例已初始化...
[2020-03-15 23:48:11:235] [vo.logVo.LogVo.<init>] [INFO] 日志实例已初始化...
[2020-03-15 23:48:11:235] [vo.logVo.LogVo.<init>] [INFO] 日志实例已初始化...
[2020-03-15 23:48:11:235] [vo.logVo.LogVo.<init>] [INFO] 日志实例已初始化...
[2020-03-15 23:48:11:235] [vo.logVo.LogVo.<init>] [INFO] 日志实例已初始化...
[2020-03-15 23:48:11:236] [vo.logVo.LogVo.<init>] [INFO] 日志实例已初始化...
[2020-03-15 23:48:11:237] [vo.logVo.LogVo.<init>] [INFO] 日志实例已初始化...
[2020-03-15 23:48:11:238] [vo.logVo.LogVo.<init>] [INFO] 日志实例已初始化...
[2020-03-15 23:48:11:238] [vo.logVo.LogVo.<init>] [INFO] 日志实例已初始化...
[2020-03-15 23:48:11:238] [vo.logVo.LogVo.<init>] [INFO] 日志实例已初始化...
[2020-03-15 23:48:11:239] [vo.logVo.LogVo.<init>] [INFO] 日志实例已初始化...
[2020-03-15 23:48:11:239] [vo.logVo.LogVo.<init>] [INFO] 日志实例已初始化...
[2020-03-15 23:48:11:239] [vo.logVo.LogVo.<init>] [INFO] 日志实例已初始化...
[2020-03-15 23:48:11:240] [vo.logVo.LogVo.<init>] [INFO] 日志实例已初始化...
[2020-03-15 23:48:11:240] [vo.logVo.LogVo.<init>] [INFO] 日志实例已初始化...
[2020-03-15 23:48:11:240] [vo.logVo.LogVo.<init>] [INFO] 日志实例已初始化...
[2020-03-15 23:48:11:241] [vo.logVo.LogVo.<init>] [INFO] 日志实例已初始化...
[2020-03-15 23:48:11:241] [vo.logVo.LogVo.<init>] [INFO] 日志实例已初始化...
[2020-03-15 23:48:11:242] [vo.logVo.LogVo.<init>] [INFO] 日志实例已初始化...
[2020-03-15 23:48:11:242] [vo.logVo.LogVo.<init>] [INFO] 日志实例已初始化...
[2020-03-15 23:48:11:243] [vo.logVo.LogVo.<init>] [INFO] 日志实例已初始化...
[2020-03-15 23:48:11:243] [vo.logVo.LogVo.<init>] [INFO] 日志实例已初始化...
[2020-03-15 23:48:11:244] [vo.logVo.LogVo.<init>] [INFO] 日志实例已初始化...
[2020-03-15 23:48:11:244] [vo.logVo.LogVo.<init>] [INFO] 日志实例已初始化...
[2020-03-15 23:48:11:245] [vo.logVo.LogVo.<init>] [INFO] 日志实例已初始化...
[2020-03-15 23:48:11:245] [vo.logVo.LogVo.<init>] [INFO] 日志实例已初始化...
[2020-03-15 23:48:11:246] [vo.logVo.LogVo.<init>] [INFO] 日志实例已初始化...
[2020-03-15 23:48:11:246] [vo.logVo.LogVo.<init>] [INFO] 日志实例已初始化...
[2020-03-15 23:48:11:247] [vo.logVo.LogVo.<init>] [INFO] 日志实例已初始化...
[2020-03-15 23:48:11:247] [vo.logVo.LogVo.<init>] [INFO] 日志实例已初始化...
[2020-03-15 23:48:11:247] [vo.logVo.LogVo.<init>] [INFO] 日志实例已初始化...
[2020-03-15 23:48:11:248] [vo.logVo.LogVo.<init>] [INFO] 日志实例已初始化...
[2020-03-15 23:48:11:248] [vo.logVo.LogVo.<init>] [INFO] 日志实例已初始化...
[2020-03-15 23:48:11:249] [vo.logVo.LogVo.<init>] [INFO] 日志实例已初始化...
[2020-03-15 23:48:11:249] [vo.logVo.LogVo.<init>] [INFO] 日志实例已初始化...
[2020-03-15 23:48:11:250] [vo.logVo.LogVo.<init>] [INFO] 日志实例已初始化...
[2020-03-15 23:48:11:250] [vo.logVo.LogVo.<init>] [INFO] 日志实例已初始化...
[2020-03-15 23:48:11:251] [vo.logVo.LogVo.<init>] [INFO] 日志实例已初始化...
[2020-03-15 23:48:11:251] [vo.logVo.LogVo.<init>] [INFO] 日志实例已初始化...
[2020-03-15 23:48:11:252] [vo.logVo.LogVo.<init>] [INFO] 日志实例已初始化...
[2020-03-15 23:48:11:252] [vo.logVo.LogVo.<init>] [INFO] 日志实例已初始化...
[2020-03-15 23:48:11:253] [vo.logVo.LogVo.<init>] [INFO] 日志实例已初始化...
[2020-03-15 23:48:11:254] [vo.logVo.LogVo.<init>] [INFO] 日志实例已初始化...
[2020-03-15 23:48:11:255] [vo.logVo.LogVo.<init>] [INFO] 日志实例已初始化...
[2020-03-15 23:48:11:257] [vo.logVo.LogVo.<init>] [INFO] 日志实例已初始化...
[2020-03-15 23:48:11:258] [vo.logVo.LogVo.<init>] [INFO] 日志实例已初始化...
[2020-03-15 23:48:11:259] [vo.logVo.LogVo.<init>] [INFO] 日志实例已初始化...
[2020-03-15 23:48:11:260] [vo.logVo.LogVo.<init>] [INFO] 日志实例已初始化...
[2020-03-15 23:48:11:261] [vo.logVo.LogVo.<init>] [INFO] 日志实例已初始化...
[2020-03-15 23:48:11:262] [vo.logVo.LogVo.<init>] [INFO] 日志实例已初始化...
[2020-03-15 23:48:11:263] [vo.logVo.LogVo.<init>] [INFO] 日志实例已初始化...
[2020-03-15 23:48:11:265] [vo.logVo.LogVo.<init>] [INFO] 日志实例已初始化...
[2020-03-15 23:48:11:266] [vo.logVo.LogVo.<init>] [INFO] 日志实例已初始化...
[2020-03-15 23:48:11:267] [vo.logVo.LogVo.<init>] [INFO] 日志实例已初始化...
[2020-03-15 23:48:11:267] [vo.logVo.LogVo.<init>] [INFO] 日志实例已初始化...
[2020-03-15 23:48:11:268] [vo.logVo.LogVo.<init>] [INFO] 日志实例已初始化...
[2020-03-15 23:48:11:269] [vo.logVo.LogVo.<init>] [INFO] 日志实例已初始化...
[2020-03-15 23:48:11:272] [vo.logVo.LogVo.<init>] [INFO] 日志实例已初始化...
[2020-03-15 23:48:11:273] [vo.logVo.LogVo.<init>] [INFO] 日志实例已初始化...
[2020-03-15 23:48:11:276] [vo.logVo.LogVo.<init>] [INFO] 日志实例已初始化...
[2020-03-15 23:48:11:277] [vo.logVo.LogVo.<init>] [INFO] 日志实例已初始化...
[2020-03-15 23:48:11:278] [vo.logVo.LogVo.<init>] [INFO] 日志实例已初始化...
[2020-03-15 23:48:11:279] [vo.logVo.LogVo.<init>] [INFO] 日志实例已初始化...
[2020-03-15 23:48:11:281] [vo.logVo.LogVo.<init>] [INFO] 日志实例已初始化...
[2020-03-15 23:48:11:283] [vo.logVo.LogVo.<init>] [INFO] 日志实例已初始化...
[2020-03-15 23:48:11:285] [vo.logVo.LogVo.<init>] [INFO] 日志实例已初始化...
[2020-03-15 23:48:11:289] [vo.logVo.LogVo.<init>] [INFO] 日志实例已初始化...
[2020-03-15 23:48:11:290] [vo.logVo.LogVo.<init>] [INFO] 日志实例已初始化...
[2020-03-15 23:48:11:291] [vo.logVo.LogVo.<init>] [INFO] 日志实例已初始化...
[2020-03-15 23:48:11:291] [vo.logVo.LogVo.<init>] [INFO] 日志实例已初始化...
[2020-03-15 23:48:11:292] [vo.logVo.LogVo.<init>] [INFO] 日志实例已初始化...
[2020-03-15 23:48:11:292] [vo.logVo.LogVo.<init>] [INFO] 日志实例已初始化...
[2020-03-15 23:48:11:292] [vo.logVo.LogVo.<init>] [INFO] 日志实例已初始化...
[2020-03-15 23:48:11:293] [vo.logVo.LogVo.<init>] [INFO] 日志实例已初始化...
[2020-03-15 23:48:11:293] [vo.logVo.LogVo.<init>] [INFO] 日志实例已初始化...
[2020-03-15 23:48:11:293] [vo.logVo.LogVo.<init>] [INFO] 日志实例已初始化...
[2020-03-15 23:48:11:294] [vo.logVo.LogVo.<init>] [INFO] 日志实例已初始化...
[2020-03-15 23:48:11:295] [vo.logVo.LogVo.<init>] [INFO] 日志实例已初始化...
[2020-03-15 23:48:11:295] [vo.logVo.LogVo.<init>] [INFO] 日志实例已初始化...
[2020-03-15 23:48:11:296] [vo.logVo.LogVo.<init>] [INFO] 日志实例已初始化...
[2020-03-15 23:48:11:296] [vo.logVo.LogVo.<init>] [INFO] 日志实例已初始化...
[2020-03-15 23:48:11:296] [vo.logVo.LogVo.<init>] [INFO] 日志实例已初始化...
[2020-03-15 23:48:11:297] [vo.logVo.LogVo.<init>] [INFO] 日志实例已初始化...
[2020-03-15 23:48:11:297] [vo.logVo.LogVo.<init>] [INFO] 日志实例已初始化...
[2020-03-15 23:48:11:297] [vo.logVo.LogVo.<init>] [INFO] 日志实例已初始化...
[2020-03-15 23:48:11:298] [vo.logVo.LogVo.<init>] [INFO] 日志实例已初始化...
[2020-03-15 23:48:11:298] [vo.logVo.LogVo.<init>] [INFO] 日志实例已初始化...
[2020-03-15 23:48:11:298] [vo.logVo.LogVo.<init>] [INFO] 日志实例已初始化...
[2020-03-15 23:48:11:299] [vo.logVo.LogVo.<init>] [INFO] 日志实例已初始化...
[2020-03-15 23:48:11:299] [vo.logVo.LogVo.<init>] [INFO] 日志实例已初始化...
[2020-03-15 23:48:11:299] [vo.logVo.LogVo.<init>] [INFO] 日志实例已初始化...
[2020-03-15 23:48:11:300] [vo.logVo.LogVo.<init>] [INFO] 日志实例已初始化...
[2020-03-15 23:48:11:300] [vo.logVo.LogVo.<init>] [INFO] 日志实例已初始化...
[2020-03-15 23:48:11:300] [vo.logVo.LogVo.<init>] [INFO] 日志实例已初始化...
[2020-03-15 23:48:11:301] [vo.logVo.LogVo.<init>] [INFO] 日志实例已初始化...
[2020-03-15 23:48:11:301] [vo.logVo.LogVo.<init>] [INFO] 日志实例已初始化...
[2020-03-15 23:48:11:301] [vo.logVo.LogVo.<init>] [INFO] 日志实例已初始化...
[2020-03-15 23:48:11:303] [vo.logVo.LogVo.<init>] [INFO] 日志实例已初始化...
[2020-03-15 23:48:11:306] [vo.logVo.LogVo.<init>] [INFO] 日志实例已初始化...
[2020-03-15 23:48:11:307] [vo.logVo.LogVo.<init>] [INFO] 日志实例已初始化...
[2020-03-15 23:48:11:308] [vo.logVo.LogVo.<init>] [INFO] 日志实例已初始化...
[2020-03-15 23:48:11:309] [vo.logVo.LogVo.<init>] [INFO] 日志实例已初始化...
[2020-03-15 23:48:11:309] [vo.logVo.LogVo.<init>] [INFO] 日志实例已初始化...
[2020-03-15 23:48:11:310] [vo.logVo.LogVo.<init>] [INFO] 日志实例已初始化...
[2020-03-15 23:48:11:311] [vo.logVo.LogVo.<init>] [INFO] 日志实例已初始化...
[2020-03-15 23:48:11:311] [vo.logVo.LogVo.<init>] [INFO] 日志实例已初始化...
[2020-03-15 23:48:11:312] [vo.logVo.LogVo.<init>] [INFO] 日志实例已初始化...
[2020-03-15 23:48:11:312] [vo.logVo.LogVo.<init>] [INFO] 日志实例已初始化...
[2020-03-15 23:48:11:313] [vo.logVo.LogVo.<init>] [INFO] 日志实例已初始化...
[2020-03-15 23:48:11:313] [vo.logVo.LogVo.<init>] [INFO] 日志实例已初始化...
[2020-03-15 23:48:11:313] [vo.logVo.LogVo.<init>] [INFO] 日志实例已初始化...
[2020-03-15 23:48:11:314] [vo.logVo.LogVo.<init>] [INFO] 日志实例已初始化...
[2020-03-15 23:48:11:315] [vo.logVo.LogVo.<init>] [INFO] 日志实例已初始化...
[2020-03-15 23:48:11:315] [vo.logVo.LogVo.<init>] [INFO] 日志实例已初始化...
[2020-03-15 23:48:11:315] [vo.logVo.LogVo.<init>] [INFO] 日志实例已初始化...
[2020-03-15 23:48:11:316] [vo.logVo.LogVo.<init>] [INFO] 日志实例已初始化...
[2020-03-15 23:48:11:316] [vo.logVo.LogVo.<init>] [INFO] 日志实例已初始化...
[2020-03-15 23:48:11:316] [vo.logVo.LogVo.<init>] [INFO] 日志实例已初始化...
[2020-03-15 23:48:11:316] [vo.logVo.LogVo.<init>] [INFO] 日志实例已初始化...
[2020-03-15 23:48:11:317] [vo.logVo.LogVo.<init>] [INFO] 日志实例已初始化...
[2020-03-15 23:48:11:317] [vo.logVo.LogVo.<init>] [INFO] 日志实例已初始化...
[2020-03-15 23:48:11:318] [vo.logVo.LogVo.<init>] [INFO] 日志实例已初始化...
[2020-03-15 23:48:11:319] [vo.logVo.LogVo.<init>] [INFO] 日志实例已初始化...
[2020-03-15 23:48:11:319] [vo.logVo.LogVo.<init>] [INFO] 日志实例已初始化...
[2020-03-15 23:48:11:323] [vo.logVo.LogVo.<init>] [INFO] 日志实例已初始化...
[2020-03-15 23:48:11:324] [vo.logVo.LogVo.<init>] [INFO] 日志实例已初始化...
[2020-03-15 23:48:11:325] [vo.logVo.LogVo.<init>] [INFO] 日志实例已初始化...
[2020-03-15 23:48:11:326] [vo.logVo.LogVo.<init>] [INFO] 日志实例已初始化...
[2020-03-15 23:48:11:326] [vo.logVo.LogVo.<init>] [INFO] 日志实例已初始化...
[2020-03-15 23:48:11:327] [vo.logVo.LogVo.<init>] [INFO] 日志实例已初始化...
[2020-03-15 23:48:11:327] [vo.logVo.LogVo.<init>] [INFO] 日志实例已初始化...
[2020-03-15 23:48:11:327] [vo.logVo.LogVo.<init>] [INFO] 日志实例已初始化...
[2020-03-15 23:48:11:328] [vo.logVo.LogVo.<init>] [INFO] 日志实例已初始化...
[2020-03-15 23:48:11:328] [vo.logVo.LogVo.<init>] [INFO] 日志实例已初始化...
[2020-03-15 23:48:11:328] [vo.logVo.LogVo.<init>] [INFO] 日志实例已初始化...
[2020-03-15 23:48:11:328] [vo.logVo.LogVo.<init>] [INFO] 日志实例已初始化...
[2020-03-15 23:48:11:329] [vo.logVo.LogVo.<init>] [INFO] 日志实例已初始化...
[2020-03-15 23:48:11:329] [vo.logVo.LogVo.<init>] [INFO] 日志实例已初始化...
[2020-03-15 23:48:11:329] [vo.logVo.LogVo.<init>] [INFO] 日志实例已初始化...
[2020-03-15 23:48:11:330] [vo.logVo.LogVo.<init>] [INFO] 日志实例已初始化...
[2020-03-15 23:48:11:330] [vo.logVo.LogVo.<init>] [INFO] 日志实例已初始化...
[2020-03-15 23:48:11:330] [vo.logVo.LogVo.<init>] [INFO] 日志实例已初始化...
[2020-03-15 23:48:11:331] [vo.logVo.LogVo.<init>] [INFO] 日志实例已初始化...
[2020-03-15 23:48:11:331] [vo.logVo.LogVo.<init>] [INFO] 日志实例已初始化...
[2020-03-15 23:48:11:331] [vo.logVo.LogVo.<init>] [INFO] 日志实例已初始化...
[2020-03-15 23:48:11:332] [vo.logVo.LogVo.<init>] [INFO] 日志实例已初始化...
[2020-03-15 23:48:11:333] [vo.logVo.LogVo.<init>] [INFO] 日志实例已初始化...
[2020-03-15 23:48:11:333] [vo.logVo.LogVo.<init>] [INFO] 日志实例已初始化...
[2020-03-15 23:48:11:334] [vo.logVo.LogVo.<init>] [INFO] 日志实例已初始化...
[2020-03-15 23:48:11:335] [vo.logVo.LogVo.<init>] [INFO] 日志实例已初始化...
[2020-03-15 23:48:11:336] [vo.logVo.LogVo.<init>] [INFO] 日志实例已初始化...
[2020-03-15 23:48:11:338] [vo.logVo.LogVo.<init>] [INFO] 日志实例已初始化...
[2020-03-15 23:48:11:339] [vo.logVo.LogVo.<init>] [INFO] 日志实例已初始化...
[2020-03-15 23:48:11:342] [vo.logVo.LogVo.<init>] [INFO] 日志实例已初始化...
[2020-03-15 23:48:11:343] [vo.logVo.LogVo.<init>] [INFO] 日志实例已初始化...
[2020-03-15 23:48:11:343] [vo.logVo.LogVo.<init>] [INFO] 日志实例已初始化...
[2020-03-15 23:48:11:344] [vo.logVo.LogVo.<init>] [INFO] 日志实例已初始化...
[2020-03-15 23:48:11:345] [vo.logVo.LogVo.<init>] [INFO] 日志实例已初始化...
[2020-03-15 23:48:11:346] [vo.logVo.LogVo.<init>] [INFO] 日志实例已初始化...
[2020-03-15 23:48:11:346] [vo.logVo.LogVo.<init>] [INFO] 日志实例已初始化...
[2020-03-15 23:48:11:348] [vo.logVo.LogVo.<init>] [INFO] 日志实例已初始化...
[2020-03-15 23:48:11:351] [vo.logVo.LogVo.<init>] [INFO] 日志实例已初始化...
[2020-03-15 23:48:11:352] [vo.logVo.LogVo.<init>] [INFO] 日志实例已初始化...
[2020-03-15 23:48:11:352] [vo.logVo.LogVo.<init>] [INFO] 日志实例已初始化...
[2020-03-15 23:48:11:354] [vo.logVo.LogVo.<init>] [INFO] 日志实例已初始化...
[2020-03-15 23:48:11:356] [vo.logVo.LogVo.<init>] [INFO] 日志实例已初始化...
[2020-03-15 23:48:11:358] [vo.logVo.LogVo.<init>] [INFO] 日志实例已初始化...
[2020-03-15 23:48:11:358] [vo.logVo.LogVo.<init>] [INFO] 日志实例已初始化...
[2020-03-15 23:48:11:359] [vo.logVo.LogVo.<init>] [INFO] 日志实例已初始化...
[2020-03-15 23:48:11:359] [vo.logVo.LogVo.<init>] [INFO] 日志实例已初始化...
[2020-03-15 23:48:11:360] [vo.logVo.LogVo.<init>] [INFO] 日志实例已初始化...
[2020-03-15 23:48:11:360] [vo.logVo.LogVo.<init>] [INFO] 日志实例已初始化...
[2020-03-15 23:48:11:361] [vo.logVo.LogVo.<init>] [INFO] 日志实例已初始化...
[2020-03-15 23:48:11:362] [vo.logVo.LogVo.<init>] [INFO] 日志实例已初始化...
[2020-03-15 23:48:11:362] [vo.logVo.LogVo.<init>] [INFO] 日志实例已初始化...
[2020-03-15 23:48:11:365] [vo.logVo.LogVo.<init>] [INFO] 日志实例已初始化...
[2020-03-15 23:48:11:366] [vo.logVo.LogVo.<init>] [INFO] 日志实例已初始化...
[2020-03-15 23:48:11:367] [vo.logVo.LogVo.<init>] [INFO] 日志实例已初始化...
[2020-03-15 23:48:11:367] [vo.logVo.LogVo.<init>] [INFO] 日志实例已初始化...
[2020-03-15 23:48:11:369] [vo.logVo.LogVo.<init>] [INFO] 日志实例已初始化...
[2020-03-15 23:48:11:372] [vo.logVo.LogVo.<init>] [INFO] 日志实例已初始化...
[2020-03-15 23:48:11:374] [vo.logVo.LogVo.<init>] [INFO] 日志实例已初始化...
[2020-03-15 23:48:11:375] [vo.logVo.LogVo.<init>] [INFO] 日志实例已初始化...
[2020-03-15 23:48:11:375] [vo.logVo.LogVo.<init>] [INFO] 日志实例已初始化...
[2020-03-15 23:48:11:376] [vo.logVo.LogVo.<init>] [INFO] 日志实例已初始化...
[2020-03-15 23:48:11:377] [vo.logVo.LogVo.<init>] [INFO] 日志实例已初始化...
[2020-03-15 23:48:11:377] [vo.logVo.LogVo.<init>] [INFO] 日志实例已初始化...
[2020-03-15 23:48:11:378] [vo.logVo.LogVo.<init>] [INFO] 日志实例已初始化...
[2020-03-15 23:48:11:378] [vo.logVo.LogVo.<init>] [INFO] 日志实例已初始化...
[2020-03-15 23:48:11:379] [vo.logVo.LogVo.<init>] [INFO] 日志实例已初始化...
[2020-03-15 23:48:11:381] [vo.logVo.LogVo.<init>] [INFO] 日志实例已初始化...
[2020-03-15 23:48:11:382] [vo.logVo.LogVo.<init>] [INFO] 日志实例已初始化...
[2020-03-15 23:48:11:382] [vo.logVo.LogVo.<init>] [INFO] 日志实例已初始化...
[2020-03-15 23:48:11:383] [vo.logVo.LogVo.<init>] [INFO] 日志实例已初始化...
[2020-03-15 23:48:11:385] [vo.logVo.LogVo.<init>] [INFO] 日志实例已初始化...
[2020-03-15 23:48:11:386] [vo.logVo.LogVo.<init>] [INFO] 日志实例已初始化...
[2020-03-15 23:48:11:389] [vo.logVo.LogVo.<init>] [INFO] 日志实例已初始化...
[2020-03-15 23:48:11:391] [vo.logVo.LogVo.<init>] [INFO] 日志实例已初始化...
[2020-03-15 23:48:11:391] [vo.logVo.LogVo.<init>] [INFO] 日志实例已初始化...
[2020-03-15 23:48:11:391] [vo.logVo.LogVo.<init>] [INFO] 日志实例已初始化...
[2020-03-15 23:48:11:392] [vo.logVo.LogVo.<init>] [INFO] 日志实例已初始化...
[2020-03-15 23:48:11:392] [vo.logVo.LogVo.<init>] [INFO] 日志实例已初始化...
[2020-03-15 23:48:11:392] [vo.logVo.LogVo.<init>] [INFO] 日志实例已初始化...
[2020-03-15 23:48:11:393] [vo.logVo.LogVo.<init>] [INFO] 日志实例已初始化...
[2020-03-15 23:48:11:395] [vo.logVo.LogVo.<init>] [INFO] 日志实例已初始化...
[2020-03-15 23:48:11:396] [vo.logVo.LogVo.<init>] [INFO] 日志实例已初始化...
[2020-03-15 23:48:11:399] [vo.logVo.LogVo.<init>] [INFO] 日志实例已初始化...
[2020-03-15 23:48:11:400] [vo.logVo.LogVo.<init>] [INFO] 日志实例已初始化...
[2020-03-15 23:48:11:400] [vo.logVo.LogVo.<init>] [INFO] 日志实例已初始化...
[2020-03-15 23:48:11:401] [vo.logVo.LogVo.<init>] [INFO] 日志实例已初始化...
[2020-03-15 23:48:11:402] [vo.logVo.LogVo.<init>] [INFO] 日志实例已初始化...
[2020-03-15 23:48:11:402] [vo.logVo.LogVo.<init>] [INFO] 日志实例已初始化...
[2020-03-15 23:48:11:403] [vo.logVo.LogVo.<init>] [INFO] 日志实例已初始化...
[2020-03-15 23:48:11:408] [vo.logVo.LogVo.<init>] [INFO] 日志实例已初始化...
[2020-03-15 23:48:11:409] [vo.logVo.LogVo.<init>] [INFO] 日志实例已初始化...
[2020-03-15 23:48:11:410] [vo.logVo.LogVo.<init>] [INFO] 日志实例已初始化...
[2020-03-15 23:48:11:410] [vo.logVo.LogVo.<init>] [INFO] 日志实例已初始化...
[2020-03-15 23:48:11:411] [vo.logVo.LogVo.<init>] [INFO] 日志实例已初始化...
[2020-03-15 23:48:11:411] [vo.logVo.LogVo.<init>] [INFO] 日志实例已初始化...
[2020-03-15 23:48:11:412] [vo.logVo.LogVo.<init>] [INFO] 日志实例已初始化...
[2020-03-15 23:48:11:412] [vo.logVo.LogVo.<init>] [INFO] 日志实例已初始化...
[2020-03-15 23:48:11:413] [vo.logVo.LogVo.<init>] [INFO] 日志实例已初始化...
[2020-03-15 23:48:11:415] [vo.logVo.LogVo.<init>] [INFO] 日志实例已初始化...
[2020-03-15 23:48:11:416] [vo.logVo.LogVo.<init>] [INFO] 日志实例已初始化...
[2020-03-15 23:48:11:417] [vo.logVo.LogVo.<init>] [INFO] 日志实例已初始化...
[2020-03-15 23:48:11:417] [vo.logVo.LogVo.<init>] [INFO] 日志实例已初始化...
[2020-03-15 23:48:11:418] [vo.logVo.LogVo.<init>] [INFO] 日志实例已初始化...
[2020-03-15 23:48:11:418] [vo.logVo.LogVo.<init>] [INFO] 日志实例已初始化...
[2020-03-15 23:48:11:418] [vo.logVo.LogVo.<init>] [INFO] 日志实例已初始化...
[2020-03-15 23:48:11:419] [vo.logVo.LogVo.<init>] [INFO] 日志实例已初始化...
[2020-03-15 23:48:11:419] [vo.logVo.LogVo.<init>] [INFO] 日志实例已初始化...
[2020-03-15 23:48:11:419] [vo.logVo.LogVo.<init>] [INFO] 日志实例已初始化...
[2020-03-15 23:48:11:420] [vo.logVo.LogVo.<init>] [INFO] 日志实例已初始化...
[2020-03-15 23:48:11:423] [vo.logVo.LogVo.<init>] [INFO] 日志实例已初始化...
[2020-03-15 23:48:11:424] [vo.logVo.LogVo.<init>] [INFO] 日志实例已初始化...
[2020-03-15 23:48:11:424] [vo.logVo.LogVo.<init>] [INFO] 日志实例已初始化...
[2020-03-15 23:48:11:425] [vo.logVo.LogVo.<init>] [INFO] 日志实例已初始化...
[2020-03-15 23:48:11:426] [vo.logVo.LogVo.<init>] [INFO] 日志实例已初始化...
[2020-03-15 23:48:11:427] [vo.logVo.LogVo.<init>] [INFO] 日志实例已初始化...
[2020-03-15 23:48:11:428] [vo.logVo.LogVo.<init>] [INFO] 日志实例已初始化...
[2020-03-15 23:48:11:428] [vo.logVo.LogVo.<init>] [INFO] 日志实例已初始化...
[2020-03-15 23:48:11:429] [vo.logVo.LogVo.<init>] [INFO] 日志实例已初始化...
[2020-03-15 23:48:11:430] [vo.logVo.LogVo.<init>] [INFO] 日志实例已初始化...
[2020-03-15 23:48:11:431] [vo.logVo.LogVo.<init>] [INFO] 日志实例已初始化...
[2020-03-15 23:48:11:432] [vo.logVo.LogVo.<init>] [INFO] 日志实例已初始化...
[2020-03-15 23:48:11:454] [vo.logVo.LogVo.<init>] [INFO] 日志实例已初始化...
[2020-03-15 23:48:11:463] [vo.logVo.LogVo.<init>] [INFO] 日志实例已初始化...
[2020-03-15 23:48:11:939] [aop.AnnotationCommenAop.writeLog] [INFO] 保存操作日志成功.
[2020-03-15 23:48:16:148] [aop.AnnotationCommenAop.writeLog] [INFO] 开始保存操作日志...
[2020-03-15 23:48:16:256] [aop.AnnotationCommenAop.writeLog] [INFO] 保存操作日志成功.
[2020-03-15 23:48:16:257] [aop.AnnotationCommenAop.writeLog] [INFO] 开始保存操作日志...
[2020-03-15 23:48:16:272] [vo.logVo.LogVo.<init>] [INFO] 日志实例已初始化...
[2020-03-15 23:48:16:272] [vo.logVo.LogVo.<init>] [INFO] 日志实例已初始化...
[2020-03-15 23:48:16:273] [vo.logVo.LogVo.<init>] [INFO] 日志实例已初始化...
[2020-03-15 23:48:16:274] [vo.logVo.LogVo.<init>] [INFO] 日志实例已初始化...
[2020-03-15 23:48:16:274] [vo.logVo.LogVo.<init>] [INFO] 日志实例已初始化...
[2020-03-15 23:48:16:275] [vo.logVo.LogVo.<init>] [INFO] 日志实例已初始化...
[2020-03-15 23:48:16:276] [vo.logVo.LogVo.<init>] [INFO] 日志实例已初始化...
[2020-03-15 23:48:16:277] [vo.logVo.LogVo.<init>] [INFO] 日志实例已初始化...
[2020-03-15 23:48:16:277] [vo.logVo.LogVo.<init>] [INFO] 日志实例已初始化...
[2020-03-15 23:48:16:278] [vo.logVo.LogVo.<init>] [INFO] 日志实例已初始化...
[2020-03-15 23:48:16:278] [vo.logVo.LogVo.<init>] [INFO] 日志实例已初始化...
[2020-03-15 23:48:16:279] [vo.logVo.LogVo.<init>] [INFO] 日志实例已初始化...
[2020-03-15 23:48:16:280] [vo.logVo.LogVo.<init>] [INFO] 日志实例已初始化...
[2020-03-15 23:48:16:280] [vo.logVo.LogVo.<init>] [INFO] 日志实例已初始化...
[2020-03-15 23:48:16:280] [vo.logVo.LogVo.<init>] [INFO] 日志实例已初始化...
[2020-03-15 23:48:16:281] [vo.logVo.LogVo.<init>] [INFO] 日志实例已初始化...
[2020-03-15 23:48:16:281] [vo.logVo.LogVo.<init>] [INFO] 日志实例已初始化...
[2020-03-15 23:48:16:281] [vo.logVo.LogVo.<init>] [INFO] 日志实例已初始化...
[2020-03-15 23:48:16:282] [vo.logVo.LogVo.<init>] [INFO] 日志实例已初始化...
[2020-03-15 23:48:16:283] [vo.logVo.LogVo.<init>] [INFO] 日志实例已初始化...
[2020-03-15 23:48:16:284] [vo.logVo.LogVo.<init>] [INFO] 日志实例已初始化...
[2020-03-15 23:48:16:285] [vo.logVo.LogVo.<init>] [INFO] 日志实例已初始化...
[2020-03-15 23:48:16:286] [vo.logVo.LogVo.<init>] [INFO] 日志实例已初始化...
[2020-03-15 23:48:16:286] [vo.logVo.LogVo.<init>] [INFO] 日志实例已初始化...
[2020-03-15 23:48:16:287] [vo.logVo.LogVo.<init>] [INFO] 日志实例已初始化...
[2020-03-15 23:48:16:288] [vo.logVo.LogVo.<init>] [INFO] 日志实例已初始化...
[2020-03-15 23:48:16:288] [vo.logVo.LogVo.<init>] [INFO] 日志实例已初始化...
[2020-03-15 23:48:16:288] [vo.logVo.LogVo.<init>] [INFO] 日志实例已初始化...
[2020-03-15 23:48:16:289] [vo.logVo.LogVo.<init>] [INFO] 日志实例已初始化...
[2020-03-15 23:48:16:289] [vo.logVo.LogVo.<init>] [INFO] 日志实例已初始化...
[2020-03-15 23:48:16:289] [vo.logVo.LogVo.<init>] [INFO] 日志实例已初始化...
[2020-03-15 23:48:16:290] [vo.logVo.LogVo.<init>] [INFO] 日志实例已初始化...
[2020-03-15 23:48:16:290] [vo.logVo.LogVo.<init>] [INFO] 日志实例已初始化...
[2020-03-15 23:48:16:290] [vo.logVo.LogVo.<init>] [INFO] 日志实例已初始化...
[2020-03-15 23:48:16:291] [vo.logVo.LogVo.<init>] [INFO] 日志实例已初始化...
[2020-03-15 23:48:16:291] [vo.logVo.LogVo.<init>] [INFO] 日志实例已初始化...
[2020-03-15 23:48:16:291] [vo.logVo.LogVo.<init>] [INFO] 日志实例已初始化...
[2020-03-15 23:48:16:291] [vo.logVo.LogVo.<init>] [INFO] 日志实例已初始化...
[2020-03-15 23:48:16:292] [vo.logVo.LogVo.<init>] [INFO] 日志实例已初始化...
[2020-03-15 23:48:16:292] [vo.logVo.LogVo.<init>] [INFO] 日志实例已初始化...
[2020-03-15 23:48:16:293] [vo.logVo.LogVo.<init>] [INFO] 日志实例已初始化...
[2020-03-15 23:48:16:293] [vo.logVo.LogVo.<init>] [INFO] 日志实例已初始化...
[2020-03-15 23:48:16:293] [vo.logVo.LogVo.<init>] [INFO] 日志实例已初始化...
[2020-03-15 23:48:16:294] [vo.logVo.LogVo.<init>] [INFO] 日志实例已初始化...
[2020-03-15 23:48:16:294] [vo.logVo.LogVo.<init>] [INFO] 日志实例已初始化...
[2020-03-15 23:48:16:294] [vo.logVo.LogVo.<init>] [INFO] 日志实例已初始化...
[2020-03-15 23:48:16:295] [vo.logVo.LogVo.<init>] [INFO] 日志实例已初始化...
[2020-03-15 23:48:16:295] [vo.logVo.LogVo.<init>] [INFO] 日志实例已初始化...
[2020-03-15 23:48:16:295] [vo.logVo.LogVo.<init>] [INFO] 日志实例已初始化...
[2020-03-15 23:48:16:295] [vo.logVo.LogVo.<init>] [INFO] 日志实例已初始化...
[2020-03-15 23:48:16:296] [vo.logVo.LogVo.<init>] [INFO] 日志实例已初始化...
[2020-03-15 23:48:16:296] [vo.logVo.LogVo.<init>] [INFO] 日志实例已初始化...
[2020-03-15 23:48:16:296] [vo.logVo.LogVo.<init>] [INFO] 日志实例已初始化...
[2020-03-15 23:48:16:297] [vo.logVo.LogVo.<init>] [INFO] 日志实例已初始化...
[2020-03-15 23:48:16:297] [vo.logVo.LogVo.<init>] [INFO] 日志实例已初始化...
[2020-03-15 23:48:16:297] [vo.logVo.LogVo.<init>] [INFO] 日志实例已初始化...
[2020-03-15 23:48:16:297] [vo.logVo.LogVo.<init>] [INFO] 日志实例已初始化...
[2020-03-15 23:48:16:298] [vo.logVo.LogVo.<init>] [INFO] 日志实例已初始化...
[2020-03-15 23:48:16:298] [vo.logVo.LogVo.<init>] [INFO] 日志实例已初始化...
[2020-03-15 23:48:16:298] [vo.logVo.LogVo.<init>] [INFO] 日志实例已初始化...
[2020-03-15 23:48:16:299] [vo.logVo.LogVo.<init>] [INFO] 日志实例已初始化...
[2020-03-15 23:48:16:299] [vo.logVo.LogVo.<init>] [INFO] 日志实例已初始化...
[2020-03-15 23:48:16:300] [vo.logVo.LogVo.<init>] [INFO] 日志实例已初始化...
[2020-03-15 23:48:16:300] [vo.logVo.LogVo.<init>] [INFO] 日志实例已初始化...
[2020-03-15 23:48:16:301] [vo.logVo.LogVo.<init>] [INFO] 日志实例已初始化...
[2020-03-15 23:48:16:302] [vo.logVo.LogVo.<init>] [INFO] 日志实例已初始化...
[2020-03-15 23:48:16:302] [vo.logVo.LogVo.<init>] [INFO] 日志实例已初始化...
[2020-03-15 23:48:16:303] [vo.logVo.LogVo.<init>] [INFO] 日志实例已初始化...
[2020-03-15 23:48:16:304] [vo.logVo.LogVo.<init>] [INFO] 日志实例已初始化...
[2020-03-15 23:48:16:304] [vo.logVo.LogVo.<init>] [INFO] 日志实例已初始化...
[2020-03-15 23:48:16:305] [vo.logVo.LogVo.<init>] [INFO] 日志实例已初始化...
[2020-03-15 23:48:16:305] [vo.logVo.LogVo.<init>] [INFO] 日志实例已初始化...
[2020-03-15 23:48:16:305] [vo.logVo.LogVo.<init>] [INFO] 日志实例已初始化...
[2020-03-15 23:48:16:306] [vo.logVo.LogVo.<init>] [INFO] 日志实例已初始化...
[2020-03-15 23:48:16:306] [vo.logVo.LogVo.<init>] [INFO] 日志实例已初始化...
[2020-03-15 23:48:16:306] [vo.logVo.LogVo.<init>] [INFO] 日志实例已初始化...
[2020-03-15 23:48:16:306] [vo.logVo.LogVo.<init>] [INFO] 日志实例已初始化...
[2020-03-15 23:48:16:307] [vo.logVo.LogVo.<init>] [INFO] 日志实例已初始化...
[2020-03-15 23:48:16:307] [vo.logVo.LogVo.<init>] [INFO] 日志实例已初始化...
[2020-03-15 23:48:16:307] [vo.logVo.LogVo.<init>] [INFO] 日志实例已初始化...
[2020-03-15 23:48:16:308] [vo.logVo.LogVo.<init>] [INFO] 日志实例已初始化...
[2020-03-15 23:48:16:308] [vo.logVo.LogVo.<init>] [INFO] 日志实例已初始化...
[2020-03-15 23:48:16:308] [vo.logVo.LogVo.<init>] [INFO] 日志实例已初始化...
[2020-03-15 23:48:16:308] [vo.logVo.LogVo.<init>] [INFO] 日志实例已初始化...
[2020-03-15 23:48:16:309] [vo.logVo.LogVo.<init>] [INFO] 日志实例已初始化...
[2020-03-15 23:48:16:310] [vo.logVo.LogVo.<init>] [INFO] 日志实例已初始化...
[2020-03-15 23:48:16:310] [vo.logVo.LogVo.<init>] [INFO] 日志实例已初始化...
[2020-03-15 23:48:16:311] [vo.logVo.LogVo.<init>] [INFO] 日志实例已初始化...
[2020-03-15 23:48:16:311] [vo.logVo.LogVo.<init>] [INFO] 日志实例已初始化...
[2020-03-15 23:48:16:311] [vo.logVo.LogVo.<init>] [INFO] 日志实例已初始化...
[2020-03-15 23:48:16:312] [vo.logVo.LogVo.<init>] [INFO] 日志实例已初始化...
[2020-03-15 23:48:16:312] [vo.logVo.LogVo.<init>] [INFO] 日志实例已初始化...
[2020-03-15 23:48:16:313] [vo.logVo.LogVo.<init>] [INFO] 日志实例已初始化...
[2020-03-15 23:48:16:313] [vo.logVo.LogVo.<init>] [INFO] 日志实例已初始化...
[2020-03-15 23:48:16:314] [vo.logVo.LogVo.<init>] [INFO] 日志实例已初始化...
[2020-03-15 23:48:16:314] [vo.logVo.LogVo.<init>] [INFO] 日志实例已初始化...
[2020-03-15 23:48:16:315] [vo.logVo.LogVo.<init>] [INFO] 日志实例已初始化...
[2020-03-15 23:48:16:316] [vo.logVo.LogVo.<init>] [INFO] 日志实例已初始化...
[2020-03-15 23:48:16:317] [vo.logVo.LogVo.<init>] [INFO] 日志实例已初始化...
[2020-03-15 23:48:16:319] [vo.logVo.LogVo.<init>] [INFO] 日志实例已初始化...
[2020-03-15 23:48:16:320] [vo.logVo.LogVo.<init>] [INFO] 日志实例已初始化...
[2020-03-15 23:48:16:320] [vo.logVo.LogVo.<init>] [INFO] 日志实例已初始化...
[2020-03-15 23:48:16:321] [vo.logVo.LogVo.<init>] [INFO] 日志实例已初始化...
[2020-03-15 23:48:16:322] [vo.logVo.LogVo.<init>] [INFO] 日志实例已初始化...
[2020-03-15 23:48:16:322] [vo.logVo.LogVo.<init>] [INFO] 日志实例已初始化...
[2020-03-15 23:48:16:323] [vo.logVo.LogVo.<init>] [INFO] 日志实例已初始化...
[2020-03-15 23:48:16:324] [vo.logVo.LogVo.<init>] [INFO] 日志实例已初始化...
[2020-03-15 23:48:16:325] [vo.logVo.LogVo.<init>] [INFO] 日志实例已初始化...
[2020-03-15 23:48:16:325] [vo.logVo.LogVo.<init>] [INFO] 日志实例已初始化...
[2020-03-15 23:48:16:328] [vo.logVo.LogVo.<init>] [INFO] 日志实例已初始化...
[2020-03-15 23:48:16:328] [vo.logVo.LogVo.<init>] [INFO] 日志实例已初始化...
[2020-03-15 23:48:16:329] [vo.logVo.LogVo.<init>] [INFO] 日志实例已初始化...
[2020-03-15 23:48:16:329] [vo.logVo.LogVo.<init>] [INFO] 日志实例已初始化...
[2020-03-15 23:48:16:329] [vo.logVo.LogVo.<init>] [INFO] 日志实例已初始化...
[2020-03-15 23:48:16:330] [vo.logVo.LogVo.<init>] [INFO] 日志实例已初始化...
[2020-03-15 23:48:16:330] [vo.logVo.LogVo.<init>] [INFO] 日志实例已初始化...
[2020-03-15 23:48:16:330] [vo.logVo.LogVo.<init>] [INFO] 日志实例已初始化...
[2020-03-15 23:48:16:331] [vo.logVo.LogVo.<init>] [INFO] 日志实例已初始化...
[2020-03-15 23:48:16:333] [vo.logVo.LogVo.<init>] [INFO] 日志实例已初始化...
[2020-03-15 23:48:16:337] [vo.logVo.LogVo.<init>] [INFO] 日志实例已初始化...
[2020-03-15 23:48:16:338] [vo.logVo.LogVo.<init>] [INFO] 日志实例已初始化...
[2020-03-15 23:48:16:338] [vo.logVo.LogVo.<init>] [INFO] 日志实例已初始化...
[2020-03-15 23:48:16:339] [vo.logVo.LogVo.<init>] [INFO] 日志实例已初始化...
[2020-03-15 23:48:16:339] [vo.logVo.LogVo.<init>] [INFO] 日志实例已初始化...
[2020-03-15 23:48:16:340] [vo.logVo.LogVo.<init>] [INFO] 日志实例已初始化...
[2020-03-15 23:48:16:340] [vo.logVo.LogVo.<init>] [INFO] 日志实例已初始化...
[2020-03-15 23:48:16:340] [vo.logVo.LogVo.<init>] [INFO] 日志实例已初始化...
[2020-03-15 23:48:16:341] [vo.logVo.LogVo.<init>] [INFO] 日志实例已初始化...
[2020-03-15 23:48:16:341] [vo.logVo.LogVo.<init>] [INFO] 日志实例已初始化...
[2020-03-15 23:48:16:341] [vo.logVo.LogVo.<init>] [INFO] 日志实例已初始化...
[2020-03-15 23:48:16:341] [vo.logVo.LogVo.<init>] [INFO] 日志实例已初始化...
[2020-03-15 23:48:16:342] [vo.logVo.LogVo.<init>] [INFO] 日志实例已初始化...
[2020-03-15 23:48:16:342] [vo.logVo.LogVo.<init>] [INFO] 日志实例已初始化...
[2020-03-15 23:48:16:342] [vo.logVo.LogVo.<init>] [INFO] 日志实例已初始化...
[2020-03-15 23:48:16:343] [vo.logVo.LogVo.<init>] [INFO] 日志实例已初始化...
[2020-03-15 23:48:16:343] [vo.logVo.LogVo.<init>] [INFO] 日志实例已初始化...
[2020-03-15 23:48:16:343] [vo.logVo.LogVo.<init>] [INFO] 日志实例已初始化...
[2020-03-15 23:48:16:344] [vo.logVo.LogVo.<init>] [INFO] 日志实例已初始化...
[2020-03-15 23:48:16:344] [vo.logVo.LogVo.<init>] [INFO] 日志实例已初始化...
[2020-03-15 23:48:16:344] [vo.logVo.LogVo.<init>] [INFO] 日志实例已初始化...
[2020-03-15 23:48:16:344] [vo.logVo.LogVo.<init>] [INFO] 日志实例已初始化...
[2020-03-15 23:48:16:345] [vo.logVo.LogVo.<init>] [INFO] 日志实例已初始化...
[2020-03-15 23:48:16:345] [vo.logVo.LogVo.<init>] [INFO] 日志实例已初始化...
[2020-03-15 23:48:16:345] [vo.logVo.LogVo.<init>] [INFO] 日志实例已初始化...
[2020-03-15 23:48:16:345] [vo.logVo.LogVo.<init>] [INFO] 日志实例已初始化...
[2020-03-15 23:48:16:346] [vo.logVo.LogVo.<init>] [INFO] 日志实例已初始化...
[2020-03-15 23:48:16:346] [vo.logVo.LogVo.<init>] [INFO] 日志实例已初始化...
[2020-03-15 23:48:16:346] [vo.logVo.LogVo.<init>] [INFO] 日志实例已初始化...
[2020-03-15 23:48:16:347] [vo.logVo.LogVo.<init>] [INFO] 日志实例已初始化...
[2020-03-15 23:48:16:347] [vo.logVo.LogVo.<init>] [INFO] 日志实例已初始化...
[2020-03-15 23:48:16:348] [vo.logVo.LogVo.<init>] [INFO] 日志实例已初始化...
[2020-03-15 23:48:16:350] [vo.logVo.LogVo.<init>] [INFO] 日志实例已初始化...
[2020-03-15 23:48:16:353] [vo.logVo.LogVo.<init>] [INFO] 日志实例已初始化...
[2020-03-15 23:48:16:354] [vo.logVo.LogVo.<init>] [INFO] 日志实例已初始化...
[2020-03-15 23:48:16:355] [vo.logVo.LogVo.<init>] [INFO] 日志实例已初始化...
[2020-03-15 23:48:16:356] [vo.logVo.LogVo.<init>] [INFO] 日志实例已初始化...
[2020-03-15 23:48:16:357] [vo.logVo.LogVo.<init>] [INFO] 日志实例已初始化...
[2020-03-15 23:48:16:358] [vo.logVo.LogVo.<init>] [INFO] 日志实例已初始化...
[2020-03-15 23:48:16:358] [vo.logVo.LogVo.<init>] [INFO] 日志实例已初始化...
[2020-03-15 23:48:16:359] [vo.logVo.LogVo.<init>] [INFO] 日志实例已初始化...
[2020-03-15 23:48:16:359] [vo.logVo.LogVo.<init>] [INFO] 日志实例已初始化...
[2020-03-15 23:48:16:360] [vo.logVo.LogVo.<init>] [INFO] 日志实例已初始化...
[2020-03-15 23:48:16:360] [vo.logVo.LogVo.<init>] [INFO] 日志实例已初始化...
[2020-03-15 23:48:16:360] [vo.logVo.LogVo.<init>] [INFO] 日志实例已初始化...
[2020-03-15 23:48:16:361] [vo.logVo.LogVo.<init>] [INFO] 日志实例已初始化...
[2020-03-15 23:48:16:361] [vo.logVo.LogVo.<init>] [INFO] 日志实例已初始化...
[2020-03-15 23:48:16:362] [vo.logVo.LogVo.<init>] [INFO] 日志实例已初始化...
[2020-03-15 23:48:16:362] [vo.logVo.LogVo.<init>] [INFO] 日志实例已初始化...
[2020-03-15 23:48:16:363] [vo.logVo.LogVo.<init>] [INFO] 日志实例已初始化...
[2020-03-15 23:48:16:368] [vo.logVo.LogVo.<init>] [INFO] 日志实例已初始化...
[2020-03-15 23:48:16:370] [vo.logVo.LogVo.<init>] [INFO] 日志实例已初始化...
[2020-03-15 23:48:16:371] [vo.logVo.LogVo.<init>] [INFO] 日志实例已初始化...
[2020-03-15 23:48:16:372] [vo.logVo.LogVo.<init>] [INFO] 日志实例已初始化...
[2020-03-15 23:48:16:374] [vo.logVo.LogVo.<init>] [INFO] 日志实例已初始化...
[2020-03-15 23:48:16:374] [vo.logVo.LogVo.<init>] [INFO] 日志实例已初始化...
[2020-03-15 23:48:16:375] [vo.logVo.LogVo.<init>] [INFO] 日志实例已初始化...
[2020-03-15 23:48:16:376] [vo.logVo.LogVo.<init>] [INFO] 日志实例已初始化...
[2020-03-15 23:48:16:376] [vo.logVo.LogVo.<init>] [INFO] 日志实例已初始化...
[2020-03-15 23:48:16:377] [vo.logVo.LogVo.<init>] [INFO] 日志实例已初始化...
[2020-03-15 23:48:16:377] [vo.logVo.LogVo.<init>] [INFO] 日志实例已初始化...
[2020-03-15 23:48:16:378] [vo.logVo.LogVo.<init>] [INFO] 日志实例已初始化...
[2020-03-15 23:48:16:379] [vo.logVo.LogVo.<init>] [INFO] 日志实例已初始化...
[2020-03-15 23:48:16:380] [vo.logVo.LogVo.<init>] [INFO] 日志实例已初始化...
[2020-03-15 23:48:16:381] [vo.logVo.LogVo.<init>] [INFO] 日志实例已初始化...
[2020-03-15 23:48:16:384] [vo.logVo.LogVo.<init>] [INFO] 日志实例已初始化...
[2020-03-15 23:48:16:387] [vo.logVo.LogVo.<init>] [INFO] 日志实例已初始化...
[2020-03-15 23:48:16:387] [vo.logVo.LogVo.<init>] [INFO] 日志实例已初始化...
[2020-03-15 23:48:16:389] [vo.logVo.LogVo.<init>] [INFO] 日志实例已初始化...
[2020-03-15 23:48:16:389] [vo.logVo.LogVo.<init>] [INFO] 日志实例已初始化...
[2020-03-15 23:48:16:395] [vo.logVo.LogVo.<init>] [INFO] 日志实例已初始化...
[2020-03-15 23:48:16:396] [vo.logVo.LogVo.<init>] [INFO] 日志实例已初始化...
[2020-03-15 23:48:16:397] [vo.logVo.LogVo.<init>] [INFO] 日志实例已初始化...
[2020-03-15 23:48:16:404] [vo.logVo.LogVo.<init>] [INFO] 日志实例已初始化...
[2020-03-15 23:48:16:405] [vo.logVo.LogVo.<init>] [INFO] 日志实例已初始化...
[2020-03-15 23:48:16:406] [vo.logVo.LogVo.<init>] [INFO] 日志实例已初始化...
[2020-03-15 23:48:16:407] [vo.logVo.LogVo.<init>] [INFO] 日志实例已初始化...
[2020-03-15 23:48:16:408] [vo.logVo.LogVo.<init>] [INFO] 日志实例已初始化...
[2020-03-15 23:48:16:410] [vo.logVo.LogVo.<init>] [INFO] 日志实例已初始化...
[2020-03-15 23:48:16:411] [vo.logVo.LogVo.<init>] [INFO] 日志实例已初始化...
[2020-03-15 23:48:16:412] [vo.logVo.LogVo.<init>] [INFO] 日志实例已初始化...
[2020-03-15 23:48:16:412] [vo.logVo.LogVo.<init>] [INFO] 日志实例已初始化...
[2020-03-15 23:48:16:419] [vo.logVo.LogVo.<init>] [INFO] 日志实例已初始化...
[2020-03-15 23:48:16:420] [vo.logVo.LogVo.<init>] [INFO] 日志实例已初始化...
[2020-03-15 23:48:16:420] [vo.logVo.LogVo.<init>] [INFO] 日志实例已初始化...
[2020-03-15 23:48:16:421] [vo.logVo.LogVo.<init>] [INFO] 日志实例已初始化...
[2020-03-15 23:48:16:421] [vo.logVo.LogVo.<init>] [INFO] 日志实例已初始化...
[2020-03-15 23:48:16:422] [vo.logVo.LogVo.<init>] [INFO] 日志实例已初始化...
[2020-03-15 23:48:16:422] [vo.logVo.LogVo.<init>] [INFO] 日志实例已初始化...
[2020-03-15 23:48:16:423] [vo.logVo.LogVo.<init>] [INFO] 日志实例已初始化...
[2020-03-15 23:48:16:423] [vo.logVo.LogVo.<init>] [INFO] 日志实例已初始化...
[2020-03-15 23:48:16:424] [vo.logVo.LogVo.<init>] [INFO] 日志实例已初始化...
[2020-03-15 23:48:16:424] [vo.logVo.LogVo.<init>] [INFO] 日志实例已初始化...
[2020-03-15 23:48:16:425] [vo.logVo.LogVo.<init>] [INFO] 日志实例已初始化...
[2020-03-15 23:48:16:425] [vo.logVo.LogVo.<init>] [INFO] 日志实例已初始化...
[2020-03-15 23:48:16:428] [vo.logVo.LogVo.<init>] [INFO] 日志实例已初始化...
[2020-03-15 23:48:16:429] [vo.logVo.LogVo.<init>] [INFO] 日志实例已初始化...
[2020-03-15 23:48:16:430] [vo.logVo.LogVo.<init>] [INFO] 日志实例已初始化...
[2020-03-15 23:48:16:430] [vo.logVo.LogVo.<init>] [INFO] 日志实例已初始化...
[2020-03-15 23:48:16:431] [vo.logVo.LogVo.<init>] [INFO] 日志实例已初始化...
[2020-03-15 23:48:16:435] [vo.logVo.LogVo.<init>] [INFO] 日志实例已初始化...
[2020-03-15 23:48:16:436] [vo.logVo.LogVo.<init>] [INFO] 日志实例已初始化...
[2020-03-15 23:48:16:436] [vo.logVo.LogVo.<init>] [INFO] 日志实例已初始化...
[2020-03-15 23:48:16:436] [vo.logVo.LogVo.<init>] [INFO] 日志实例已初始化...
[2020-03-15 23:48:16:437] [vo.logVo.LogVo.<init>] [INFO] 日志实例已初始化...
[2020-03-15 23:48:16:437] [vo.logVo.LogVo.<init>] [INFO] 日志实例已初始化...
[2020-03-15 23:48:16:437] [vo.logVo.LogVo.<init>] [INFO] 日志实例已初始化...
[2020-03-15 23:48:16:438] [vo.logVo.LogVo.<init>] [INFO] 日志实例已初始化...
[2020-03-15 23:48:16:438] [vo.logVo.LogVo.<init>] [INFO] 日志实例已初始化...
[2020-03-15 23:48:16:438] [vo.logVo.LogVo.<init>] [INFO] 日志实例已初始化...
[2020-03-15 23:48:16:439] [vo.logVo.LogVo.<init>] [INFO] 日志实例已初始化...
[2020-03-15 23:48:16:439] [vo.logVo.LogVo.<init>] [INFO] 日志实例已初始化...
[2020-03-15 23:48:16:439] [vo.logVo.LogVo.<init>] [INFO] 日志实例已初始化...
[2020-03-15 23:48:16:440] [vo.logVo.LogVo.<init>] [INFO] 日志实例已初始化...
[2020-03-15 23:48:16:440] [vo.logVo.LogVo.<init>] [INFO] 日志实例已初始化...
[2020-03-15 23:48:16:440] [vo.logVo.LogVo.<init>] [INFO] 日志实例已初始化...
[2020-03-15 23:48:16:441] [vo.logVo.LogVo.<init>] [INFO] 日志实例已初始化...
[2020-03-15 23:48:16:441] [vo.logVo.LogVo.<init>] [INFO] 日志实例已初始化...
[2020-03-15 23:48:16:441] [vo.logVo.LogVo.<init>] [INFO] 日志实例已初始化...
[2020-03-15 23:48:16:442] [vo.logVo.LogVo.<init>] [INFO] 日志实例已初始化...
[2020-03-15 23:48:16:443] [vo.logVo.LogVo.<init>] [INFO] 日志实例已初始化...
[2020-03-15 23:48:16:444] [vo.logVo.LogVo.<init>] [INFO] 日志实例已初始化...
[2020-03-15 23:48:16:445] [vo.logVo.LogVo.<init>] [INFO] 日志实例已初始化...
[2020-03-15 23:48:16:446] [vo.logVo.LogVo.<init>] [INFO] 日志实例已初始化...
[2020-03-15 23:48:16:446] [vo.logVo.LogVo.<init>] [INFO] 日志实例已初始化...
[2020-03-15 23:48:16:447] [vo.logVo.LogVo.<init>] [INFO] 日志实例已初始化...
[2020-03-15 23:48:16:448] [vo.logVo.LogVo.<init>] [INFO] 日志实例已初始化...
[2020-03-15 23:48:16:449] [vo.logVo.LogVo.<init>] [INFO] 日志实例已初始化...
[2020-03-15 23:48:16:450] [vo.logVo.LogVo.<init>] [INFO] 日志实例已初始化...
[2020-03-15 23:48:16:451] [vo.logVo.LogVo.<init>] [INFO] 日志实例已初始化...
[2020-03-15 23:48:16:452] [vo.logVo.LogVo.<init>] [INFO] 日志实例已初始化...
[2020-03-15 23:48:16:453] [vo.logVo.LogVo.<init>] [INFO] 日志实例已初始化...
[2020-03-15 23:48:16:453] [vo.logVo.LogVo.<init>] [INFO] 日志实例已初始化...
[2020-03-15 23:48:16:454] [vo.logVo.LogVo.<init>] [INFO] 日志实例已初始化...
[2020-03-15 23:48:16:454] [vo.logVo.LogVo.<init>] [INFO] 日志实例已初始化...
[2020-03-15 23:48:16:455] [vo.logVo.LogVo.<init>] [INFO] 日志实例已初始化...
[2020-03-15 23:48:16:455] [vo.logVo.LogVo.<init>] [INFO] 日志实例已初始化...
[2020-03-15 23:48:16:456] [vo.logVo.LogVo.<init>] [INFO] 日志实例已初始化...
[2020-03-15 23:48:16:456] [vo.logVo.LogVo.<init>] [INFO] 日志实例已初始化...
[2020-03-15 23:48:16:456] [vo.logVo.LogVo.<init>] [INFO] 日志实例已初始化...
[2020-03-15 23:48:16:457] [vo.logVo.LogVo.<init>] [INFO] 日志实例已初始化...
[2020-03-15 23:48:16:457] [vo.logVo.LogVo.<init>] [INFO] 日志实例已初始化...
[2020-03-15 23:48:16:458] [vo.logVo.LogVo.<init>] [INFO] 日志实例已初始化...
[2020-03-15 23:48:16:459] [vo.logVo.LogVo.<init>] [INFO] 日志实例已初始化...
[2020-03-15 23:48:16:459] [vo.logVo.LogVo.<init>] [INFO] 日志实例已初始化...
[2020-03-15 23:48:16:460] [vo.logVo.LogVo.<init>] [INFO] 日志实例已初始化...
[2020-03-15 23:48:16:460] [vo.logVo.LogVo.<init>] [INFO] 日志实例已初始化...
[2020-03-15 23:48:16:460] [vo.logVo.LogVo.<init>] [INFO] 日志实例已初始化...
[2020-03-15 23:48:16:461] [vo.logVo.LogVo.<init>] [INFO] 日志实例已初始化...
[2020-03-15 23:48:16:461] [vo.logVo.LogVo.<init>] [INFO] 日志实例已初始化...
[2020-03-15 23:48:16:462] [vo.logVo.LogVo.<init>] [INFO] 日志实例已初始化...
[2020-03-15 23:48:16:462] [vo.logVo.LogVo.<init>] [INFO] 日志实例已初始化...
[2020-03-15 23:48:16:463] [vo.logVo.LogVo.<init>] [INFO] 日志实例已初始化...
[2020-03-15 23:48:16:464] [vo.logVo.LogVo.<init>] [INFO] 日志实例已初始化...
[2020-03-15 23:48:16:464] [vo.logVo.LogVo.<init>] [INFO] 日志实例已初始化...
[2020-03-15 23:48:16:465] [vo.logVo.LogVo.<init>] [INFO] 日志实例已初始化...
[2020-03-15 23:48:16:466] [vo.logVo.LogVo.<init>] [INFO] 日志实例已初始化...
[2020-03-15 23:48:16:467] [vo.logVo.LogVo.<init>] [INFO] 日志实例已初始化...
[2020-03-15 23:48:16:468] [vo.logVo.LogVo.<init>] [INFO] 日志实例已初始化...
[2020-03-15 23:48:16:469] [vo.logVo.LogVo.<init>] [INFO] 日志实例已初始化...
[2020-03-15 23:48:16:470] [vo.logVo.LogVo.<init>] [INFO] 日志实例已初始化...
[2020-03-15 23:48:16:470] [vo.logVo.LogVo.<init>] [INFO] 日志实例已初始化...
[2020-03-15 23:48:16:470] [vo.logVo.LogVo.<init>] [INFO] 日志实例已初始化...
[2020-03-15 23:48:16:470] [vo.logVo.LogVo.<init>] [INFO] 日志实例已初始化...
[2020-03-15 23:48:16:471] [vo.logVo.LogVo.<init>] [INFO] 日志实例已初始化...
[2020-03-15 23:48:16:471] [vo.logVo.LogVo.<init>] [INFO] 日志实例已初始化...
[2020-03-15 23:48:16:471] [vo.logVo.LogVo.<init>] [INFO] 日志实例已初始化...
[2020-03-15 23:48:16:472] [vo.logVo.LogVo.<init>] [INFO] 日志实例已初始化...
[2020-03-15 23:48:16:472] [vo.logVo.LogVo.<init>] [INFO] 日志实例已初始化...
[2020-03-15 23:48:16:472] [vo.logVo.LogVo.<init>] [INFO] 日志实例已初始化...
[2020-03-15 23:48:16:472] [vo.logVo.LogVo.<init>] [INFO] 日志实例已初始化...
[2020-03-15 23:48:16:473] [vo.logVo.LogVo.<init>] [INFO] 日志实例已初始化...
[2020-03-15 23:48:16:473] [vo.logVo.LogVo.<init>] [INFO] 日志实例已初始化...
[2020-03-15 23:48:16:473] [vo.logVo.LogVo.<init>] [INFO] 日志实例已初始化...
[2020-03-15 23:48:16:474] [vo.logVo.LogVo.<init>] [INFO] 日志实例已初始化...
[2020-03-15 23:48:16:474] [vo.logVo.LogVo.<init>] [INFO] 日志实例已初始化...
[2020-03-15 23:48:16:474] [vo.logVo.LogVo.<init>] [INFO] 日志实例已初始化...
[2020-03-15 23:48:16:475] [vo.logVo.LogVo.<init>] [INFO] 日志实例已初始化...
[2020-03-15 23:48:16:475] [vo.logVo.LogVo.<init>] [INFO] 日志实例已初始化...
[2020-03-15 23:48:16:475] [vo.logVo.LogVo.<init>] [INFO] 日志实例已初始化...
[2020-03-15 23:48:16:476] [vo.logVo.LogVo.<init>] [INFO] 日志实例已初始化...
[2020-03-15 23:48:16:476] [vo.logVo.LogVo.<init>] [INFO] 日志实例已初始化...
[2020-03-15 23:48:16:476] [vo.logVo.LogVo.<init>] [INFO] 日志实例已初始化...
[2020-03-15 23:48:16:476] [vo.logVo.LogVo.<init>] [INFO] 日志实例已初始化...
[2020-03-15 23:48:16:477] [vo.logVo.LogVo.<init>] [INFO] 日志实例已初始化...
[2020-03-15 23:48:16:477] [vo.logVo.LogVo.<init>] [INFO] 日志实例已初始化...
[2020-03-15 23:48:16:478] [vo.logVo.LogVo.<init>] [INFO] 日志实例已初始化...
[2020-03-15 23:48:16:478] [vo.logVo.LogVo.<init>] [INFO] 日志实例已初始化...
[2020-03-15 23:48:16:479] [vo.logVo.LogVo.<init>] [INFO] 日志实例已初始化...
[2020-03-15 23:48:16:479] [vo.logVo.LogVo.<init>] [INFO] 日志实例已初始化...
[2020-03-15 23:48:16:480] [vo.logVo.LogVo.<init>] [INFO] 日志实例已初始化...
[2020-03-15 23:48:16:480] [vo.logVo.LogVo.<init>] [INFO] 日志实例已初始化...
[2020-03-15 23:48:16:481] [vo.logVo.LogVo.<init>] [INFO] 日志实例已初始化...
[2020-03-15 23:48:16:481] [vo.logVo.LogVo.<init>] [INFO] 日志实例已初始化...
[2020-03-15 23:48:16:482] [vo.logVo.LogVo.<init>] [INFO] 日志实例已初始化...
[2020-03-15 23:48:16:483] [vo.logVo.LogVo.<init>] [INFO] 日志实例已初始化...
[2020-03-15 23:48:16:484] [vo.logVo.LogVo.<init>] [INFO] 日志实例已初始化...
[2020-03-15 23:48:16:485] [vo.logVo.LogVo.<init>] [INFO] 日志实例已初始化...
[2020-03-15 23:48:16:486] [vo.logVo.LogVo.<init>] [INFO] 日志实例已初始化...
[2020-03-15 23:48:16:487] [vo.logVo.LogVo.<init>] [INFO] 日志实例已初始化...
[2020-03-15 23:48:16:487] [vo.logVo.LogVo.<init>] [INFO] 日志实例已初始化...
[2020-03-15 23:48:16:488] [vo.logVo.LogVo.<init>] [INFO] 日志实例已初始化...
[2020-03-15 23:48:16:488] [vo.logVo.LogVo.<init>] [INFO] 日志实例已初始化...
[2020-03-15 23:48:16:488] [vo.logVo.LogVo.<init>] [INFO] 日志实例已初始化...
[2020-03-15 23:48:16:489] [vo.logVo.LogVo.<init>] [INFO] 日志实例已初始化...
[2020-03-15 23:48:16:489] [vo.logVo.LogVo.<init>] [INFO] 日志实例已初始化...
[2020-03-15 23:48:16:489] [vo.logVo.LogVo.<init>] [INFO] 日志实例已初始化...
[2020-03-15 23:48:16:489] [vo.logVo.LogVo.<init>] [INFO] 日志实例已初始化...
[2020-03-15 23:48:16:490] [vo.logVo.LogVo.<init>] [INFO] 日志实例已初始化...
[2020-03-15 23:48:16:490] [vo.logVo.LogVo.<init>] [INFO] 日志实例已初始化...
[2020-03-15 23:48:16:490] [vo.logVo.LogVo.<init>] [INFO] 日志实例已初始化...
[2020-03-15 23:48:16:491] [vo.logVo.LogVo.<init>] [INFO] 日志实例已初始化...
[2020-03-15 23:48:16:491] [vo.logVo.LogVo.<init>] [INFO] 日志实例已初始化...
[2020-03-15 23:48:16:491] [vo.logVo.LogVo.<init>] [INFO] 日志实例已初始化...
[2020-03-15 23:48:16:491] [vo.logVo.LogVo.<init>] [INFO] 日志实例已初始化...
[2020-03-15 23:48:16:492] [vo.logVo.LogVo.<init>] [INFO] 日志实例已初始化...
[2020-03-15 23:48:16:493] [vo.logVo.LogVo.<init>] [INFO] 日志实例已初始化...
[2020-03-15 23:48:16:495] [vo.logVo.LogVo.<init>] [INFO] 日志实例已初始化...
[2020-03-15 23:48:16:495] [vo.logVo.LogVo.<init>] [INFO] 日志实例已初始化...
[2020-03-15 23:48:16:496] [vo.logVo.LogVo.<init>] [INFO] 日志实例已初始化...
[2020-03-15 23:48:16:496] [vo.logVo.LogVo.<init>] [INFO] 日志实例已初始化...
[2020-03-15 23:48:16:497] [vo.logVo.LogVo.<init>] [INFO] 日志实例已初始化...
[2020-03-15 23:48:16:498] [vo.logVo.LogVo.<init>] [INFO] 日志实例已初始化...
[2020-03-15 23:48:16:499] [vo.logVo.LogVo.<init>] [INFO] 日志实例已初始化...
[2020-03-15 23:48:16:500] [vo.logVo.LogVo.<init>] [INFO] 日志实例已初始化...
[2020-03-15 23:48:16:504] [vo.logVo.LogVo.<init>] [INFO] 日志实例已初始化...
[2020-03-15 23:48:16:504] [vo.logVo.LogVo.<init>] [INFO] 日志实例已初始化...
[2020-03-15 23:48:16:505] [vo.logVo.LogVo.<init>] [INFO] 日志实例已初始化...
[2020-03-15 23:48:16:508] [vo.logVo.LogVo.<init>] [INFO] 日志实例已初始化...
[2020-03-15 23:48:16:509] [vo.logVo.LogVo.<init>] [INFO] 日志实例已初始化...
[2020-03-15 23:48:16:513] [vo.logVo.LogVo.<init>] [INFO] 日志实例已初始化...
[2020-03-15 23:48:16:514] [vo.logVo.LogVo.<init>] [INFO] 日志实例已初始化...
[2020-03-15 23:48:16:514] [vo.logVo.LogVo.<init>] [INFO] 日志实例已初始化...
[2020-03-15 23:48:16:518] [vo.logVo.LogVo.<init>] [INFO] 日志实例已初始化...
[2020-03-15 23:48:16:518] [vo.logVo.LogVo.<init>] [INFO] 日志实例已初始化...
[2020-03-15 23:48:16:519] [vo.logVo.LogVo.<init>] [INFO] 日志实例已初始化...
[2020-03-15 23:48:16:520] [vo.logVo.LogVo.<init>] [INFO] 日志实例已初始化...
[2020-03-15 23:48:16:534] [vo.logVo.LogVo.<init>] [INFO] 日志实例已初始化...
[2020-03-15 23:48:16:539] [vo.logVo.LogVo.<init>] [INFO] 日志实例已初始化...
[2020-03-15 23:48:16:814] [aop.AnnotationCommenAop.writeLog] [INFO] 保存操作日志成功.
[2020-03-15 23:53:45:874] [vo.logVo.LogVo.<init>] [INFO] 日志实例已初始化...
[2020-03-15 23:53:45:874] [vo.logVo.LogVo.<init>] [INFO] 日志实例已初始化...
[2020-03-15 23:53:45:875] [vo.logVo.LogVo.<init>] [INFO] 日志实例已初始化...
[2020-03-15 23:53:45:875] [vo.logVo.LogVo.<init>] [INFO] 日志实例已初始化...
[2020-03-15 23:53:45:876] [vo.logVo.LogVo.<init>] [INFO] 日志实例已初始化...
[2020-03-15 23:53:45:877] [vo.logVo.LogVo.<init>] [INFO] 日志实例已初始化...
[2020-03-15 23:53:45:878] [vo.logVo.LogVo.<init>] [INFO] 日志实例已初始化...
[2020-03-15 23:53:45:879] [vo.logVo.LogVo.<init>] [INFO] 日志实例已初始化...
[2020-03-15 23:53:45:880] [vo.logVo.LogVo.<init>] [INFO] 日志实例已初始化...
[2020-03-15 23:53:45:880] [vo.logVo.LogVo.<init>] [INFO] 日志实例已初始化...
[2020-03-15 23:53:45:881] [vo.logVo.LogVo.<init>] [INFO] 日志实例已初始化...
[2020-03-15 23:53:45:882] [vo.logVo.LogVo.<init>] [INFO] 日志实例已初始化...
[2020-03-15 23:53:45:882] [vo.logVo.LogVo.<init>] [INFO] 日志实例已初始化...
[2020-03-15 23:53:45:883] [vo.logVo.LogVo.<init>] [INFO] 日志实例已初始化...
[2020-03-15 23:53:45:883] [vo.logVo.LogVo.<init>] [INFO] 日志实例已初始化...
[2020-03-15 23:53:45:884] [vo.logVo.LogVo.<init>] [INFO] 日志实例已初始化...
[2020-03-15 23:53:45:884] [vo.logVo.LogVo.<init>] [INFO] 日志实例已初始化...
[2020-03-15 23:53:45:884] [vo.logVo.LogVo.<init>] [INFO] 日志实例已初始化...
[2020-03-15 23:53:45:885] [vo.logVo.LogVo.<init>] [INFO] 日志实例已初始化...
[2020-03-15 23:53:45:885] [vo.logVo.LogVo.<init>] [INFO] 日志实例已初始化...
[2020-03-15 23:53:45:886] [vo.logVo.LogVo.<init>] [INFO] 日志实例已初始化...
[2020-03-15 23:53:45:886] [vo.logVo.LogVo.<init>] [INFO] 日志实例已初始化...
[2020-03-15 23:53:45:887] [vo.logVo.LogVo.<init>] [INFO] 日志实例已初始化...
[2020-03-15 23:53:45:888] [vo.logVo.LogVo.<init>] [INFO] 日志实例已初始化...
[2020-03-15 23:53:45:888] [vo.logVo.LogVo.<init>] [INFO] 日志实例已初始化...
[2020-03-15 23:53:45:889] [vo.logVo.LogVo.<init>] [INFO] 日志实例已初始化...
[2020-03-15 23:53:45:889] [vo.logVo.LogVo.<init>] [INFO] 日志实例已初始化...
[2020-03-15 23:53:45:889] [vo.logVo.LogVo.<init>] [INFO] 日志实例已初始化...
[2020-03-15 23:53:45:890] [vo.logVo.LogVo.<init>] [INFO] 日志实例已初始化...
[2020-03-15 23:53:45:890] [vo.logVo.LogVo.<init>] [INFO] 日志实例已初始化...
[2020-03-15 23:53:45:890] [vo.logVo.LogVo.<init>] [INFO] 日志实例已初始化...
[2020-03-15 23:53:45:890] [vo.logVo.LogVo.<init>] [INFO] 日志实例已初始化...
[2020-03-15 23:53:45:891] [vo.logVo.LogVo.<init>] [INFO] 日志实例已初始化...
[2020-03-15 23:53:45:891] [vo.logVo.LogVo.<init>] [INFO] 日志实例已初始化...
[2020-03-15 23:53:45:891] [vo.logVo.LogVo.<init>] [INFO] 日志实例已初始化...
[2020-03-15 23:53:45:891] [vo.logVo.LogVo.<init>] [INFO] 日志实例已初始化...
[2020-03-15 23:53:45:892] [vo.logVo.LogVo.<init>] [INFO] 日志实例已初始化...
[2020-03-15 23:53:45:892] [vo.logVo.LogVo.<init>] [INFO] 日志实例已初始化...
[2020-03-15 23:53:45:893] [vo.logVo.LogVo.<init>] [INFO] 日志实例已初始化...
[2020-03-15 23:53:45:893] [vo.logVo.LogVo.<init>] [INFO] 日志实例已初始化...
[2020-03-15 23:53:45:894] [vo.logVo.LogVo.<init>] [INFO] 日志实例已初始化...
[2020-03-15 23:53:45:895] [vo.logVo.LogVo.<init>] [INFO] 日志实例已初始化...
[2020-03-15 23:53:45:895] [vo.logVo.LogVo.<init>] [INFO] 日志实例已初始化...
[2020-03-15 23:53:45:896] [vo.logVo.LogVo.<init>] [INFO] 日志实例已初始化...
[2020-03-15 23:53:45:896] [vo.logVo.LogVo.<init>] [INFO] 日志实例已初始化...
[2020-03-15 23:53:45:897] [vo.logVo.LogVo.<init>] [INFO] 日志实例已初始化...
[2020-03-15 23:53:45:897] [vo.logVo.LogVo.<init>] [INFO] 日志实例已初始化...
[2020-03-15 23:53:45:897] [vo.logVo.LogVo.<init>] [INFO] 日志实例已初始化...
[2020-03-15 23:53:45:897] [vo.logVo.LogVo.<init>] [INFO] 日志实例已初始化...
[2020-03-15 23:53:45:898] [vo.logVo.LogVo.<init>] [INFO] 日志实例已初始化...
[2020-03-15 23:53:45:898] [vo.logVo.LogVo.<init>] [INFO] 日志实例已初始化...
[2020-03-15 23:53:45:898] [vo.logVo.LogVo.<init>] [INFO] 日志实例已初始化...
[2020-03-15 23:53:45:898] [vo.logVo.LogVo.<init>] [INFO] 日志实例已初始化...
[2020-03-15 23:53:45:899] [vo.logVo.LogVo.<init>] [INFO] 日志实例已初始化...
[2020-03-15 23:53:45:899] [vo.logVo.LogVo.<init>] [INFO] 日志实例已初始化...
[2020-03-15 23:53:45:899] [vo.logVo.LogVo.<init>] [INFO] 日志实例已初始化...
[2020-03-15 23:53:45:899] [vo.logVo.LogVo.<init>] [INFO] 日志实例已初始化...
[2020-03-15 23:53:45:900] [vo.logVo.LogVo.<init>] [INFO] 日志实例已初始化...
[2020-03-15 23:53:45:901] [vo.logVo.LogVo.<init>] [INFO] 日志实例已初始化...
[2020-03-15 23:53:45:901] [vo.logVo.LogVo.<init>] [INFO] 日志实例已初始化...
[2020-03-15 23:53:45:901] [vo.logVo.LogVo.<init>] [INFO] 日志实例已初始化...
[2020-03-15 23:53:45:902] [vo.logVo.LogVo.<init>] [INFO] 日志实例已初始化...
[2020-03-15 23:53:45:902] [vo.logVo.LogVo.<init>] [INFO] 日志实例已初始化...
[2020-03-15 23:53:45:902] [vo.logVo.LogVo.<init>] [INFO] 日志实例已初始化...
[2020-03-15 23:53:45:903] [vo.logVo.LogVo.<init>] [INFO] 日志实例已初始化...
[2020-03-15 23:53:45:903] [vo.logVo.LogVo.<init>] [INFO] 日志实例已初始化...
[2020-03-15 23:53:45:903] [vo.logVo.LogVo.<init>] [INFO] 日志实例已初始化...
[2020-03-15 23:53:45:903] [vo.logVo.LogVo.<init>] [INFO] 日志实例已初始化...
[2020-03-15 23:53:45:904] [vo.logVo.LogVo.<init>] [INFO] 日志实例已初始化...
[2020-03-15 23:53:45:904] [vo.logVo.LogVo.<init>] [INFO] 日志实例已初始化...
[2020-03-15 23:53:45:904] [vo.logVo.LogVo.<init>] [INFO] 日志实例已初始化...
[2020-03-15 23:53:45:905] [vo.logVo.LogVo.<init>] [INFO] 日志实例已初始化...
[2020-03-15 23:53:45:905] [vo.logVo.LogVo.<init>] [INFO] 日志实例已初始化...
[2020-03-15 23:53:45:906] [vo.logVo.LogVo.<init>] [INFO] 日志实例已初始化...
[2020-03-15 23:53:45:906] [vo.logVo.LogVo.<init>] [INFO] 日志实例已初始化...
[2020-03-15 23:53:45:906] [vo.logVo.LogVo.<init>] [INFO] 日志实例已初始化...
[2020-03-15 23:53:45:907] [vo.logVo.LogVo.<init>] [INFO] 日志实例已初始化...
[2020-03-15 23:53:45:907] [vo.logVo.LogVo.<init>] [INFO] 日志实例已初始化...
[2020-03-15 23:53:45:908] [vo.logVo.LogVo.<init>] [INFO] 日志实例已初始化...
[2020-03-15 23:53:45:908] [vo.logVo.LogVo.<init>] [INFO] 日志实例已初始化...
[2020-03-15 23:53:45:909] [vo.logVo.LogVo.<init>] [INFO] 日志实例已初始化...
[2020-03-15 23:53:45:909] [vo.logVo.LogVo.<init>] [INFO] 日志实例已初始化...
[2020-03-15 23:53:45:911] [vo.logVo.LogVo.<init>] [INFO] 日志实例已初始化...
[2020-03-15 23:53:45:912] [vo.logVo.LogVo.<init>] [INFO] 日志实例已初始化...
[2020-03-15 23:53:45:913] [vo.logVo.LogVo.<init>] [INFO] 日志实例已初始化...
[2020-03-15 23:53:45:913] [vo.logVo.LogVo.<init>] [INFO] 日志实例已初始化...
[2020-03-15 23:53:45:914] [vo.logVo.LogVo.<init>] [INFO] 日志实例已初始化...
[2020-03-15 23:53:45:914] [vo.logVo.LogVo.<init>] [INFO] 日志实例已初始化...
[2020-03-15 23:53:45:914] [vo.logVo.LogVo.<init>] [INFO] 日志实例已初始化...
[2020-03-15 23:53:45:914] [vo.logVo.LogVo.<init>] [INFO] 日志实例已初始化...
[2020-03-15 23:53:45:915] [vo.logVo.LogVo.<init>] [INFO] 日志实例已初始化...
[2020-03-15 23:53:45:915] [vo.logVo.LogVo.<init>] [INFO] 日志实例已初始化...
[2020-03-15 23:53:45:916] [vo.logVo.LogVo.<init>] [INFO] 日志实例已初始化...
[2020-03-15 23:53:45:916] [vo.logVo.LogVo.<init>] [INFO] 日志实例已初始化...
[2020-03-15 23:53:45:917] [vo.logVo.LogVo.<init>] [INFO] 日志实例已初始化...
[2020-03-15 23:53:45:917] [vo.logVo.LogVo.<init>] [INFO] 日志实例已初始化...
[2020-03-15 23:53:45:918] [vo.logVo.LogVo.<init>] [INFO] 日志实例已初始化...
[2020-03-15 23:53:45:918] [vo.logVo.LogVo.<init>] [INFO] 日志实例已初始化...
[2020-03-15 23:53:45:918] [vo.logVo.LogVo.<init>] [INFO] 日志实例已初始化...
[2020-03-15 23:53:45:919] [vo.logVo.LogVo.<init>] [INFO] 日志实例已初始化...
[2020-03-15 23:53:45:919] [vo.logVo.LogVo.<init>] [INFO] 日志实例已初始化...
[2020-03-15 23:53:45:919] [vo.logVo.LogVo.<init>] [INFO] 日志实例已初始化...
[2020-03-15 23:53:45:920] [vo.logVo.LogVo.<init>] [INFO] 日志实例已初始化...
[2020-03-15 23:53:45:921] [vo.logVo.LogVo.<init>] [INFO] 日志实例已初始化...
[2020-03-15 23:53:45:921] [vo.logVo.LogVo.<init>] [INFO] 日志实例已初始化...
[2020-03-15 23:53:45:921] [vo.logVo.LogVo.<init>] [INFO] 日志实例已初始化...
[2020-03-15 23:53:45:922] [vo.logVo.LogVo.<init>] [INFO] 日志实例已初始化...
[2020-03-15 23:53:45:923] [vo.logVo.LogVo.<init>] [INFO] 日志实例已初始化...
[2020-03-15 23:53:45:923] [vo.logVo.LogVo.<init>] [INFO] 日志实例已初始化...
[2020-03-15 23:53:45:923] [vo.logVo.LogVo.<init>] [INFO] 日志实例已初始化...
[2020-03-15 23:53:45:924] [vo.logVo.LogVo.<init>] [INFO] 日志实例已初始化...
[2020-03-15 23:53:45:924] [vo.logVo.LogVo.<init>] [INFO] 日志实例已初始化...
[2020-03-15 23:53:45:924] [vo.logVo.LogVo.<init>] [INFO] 日志实例已初始化...
[2020-03-15 23:53:45:924] [vo.logVo.LogVo.<init>] [INFO] 日志实例已初始化...
[2020-03-15 23:53:45:925] [vo.logVo.LogVo.<init>] [INFO] 日志实例已初始化...
[2020-03-15 23:53:45:926] [vo.logVo.LogVo.<init>] [INFO] 日志实例已初始化...
[2020-03-15 23:53:45:927] [vo.logVo.LogVo.<init>] [INFO] 日志实例已初始化...
[2020-03-15 23:53:45:929] [vo.logVo.LogVo.<init>] [INFO] 日志实例已初始化...
[2020-03-15 23:53:45:930] [vo.logVo.LogVo.<init>] [INFO] 日志实例已初始化...
[2020-03-15 23:53:45:931] [vo.logVo.LogVo.<init>] [INFO] 日志实例已初始化...
[2020-03-15 23:53:45:931] [vo.logVo.LogVo.<init>] [INFO] 日志实例已初始化...
[2020-03-15 23:53:45:931] [vo.logVo.LogVo.<init>] [INFO] 日志实例已初始化...
[2020-03-15 23:53:45:932] [vo.logVo.LogVo.<init>] [INFO] 日志实例已初始化...
[2020-03-15 23:53:45:932] [vo.logVo.LogVo.<init>] [INFO] 日志实例已初始化...
[2020-03-15 23:53:45:932] [vo.logVo.LogVo.<init>] [INFO] 日志实例已初始化...
[2020-03-15 23:53:45:932] [vo.logVo.LogVo.<init>] [INFO] 日志实例已初始化...
[2020-03-15 23:53:45:933] [vo.logVo.LogVo.<init>] [INFO] 日志实例已初始化...
[2020-03-15 23:53:45:933] [vo.logVo.LogVo.<init>] [INFO] 日志实例已初始化...
[2020-03-15 23:53:45:933] [vo.logVo.LogVo.<init>] [INFO] 日志实例已初始化...
[2020-03-15 23:53:45:933] [vo.logVo.LogVo.<init>] [INFO] 日志实例已初始化...
[2020-03-15 23:53:45:933] [vo.logVo.LogVo.<init>] [INFO] 日志实例已初始化...
[2020-03-15 23:53:45:934] [vo.logVo.LogVo.<init>] [INFO] 日志实例已初始化...
[2020-03-15 23:53:45:934] [vo.logVo.LogVo.<init>] [INFO] 日志实例已初始化...
[2020-03-15 23:53:45:934] [vo.logVo.LogVo.<init>] [INFO] 日志实例已初始化...
[2020-03-15 23:53:45:934] [vo.logVo.LogVo.<init>] [INFO] 日志实例已初始化...
[2020-03-15 23:53:45:935] [vo.logVo.LogVo.<init>] [INFO] 日志实例已初始化...
[2020-03-15 23:53:45:935] [vo.logVo.LogVo.<init>] [INFO] 日志实例已初始化...
[2020-03-15 23:53:45:935] [vo.logVo.LogVo.<init>] [INFO] 日志实例已初始化...
[2020-03-15 23:53:45:935] [vo.logVo.LogVo.<init>] [INFO] 日志实例已初始化...
[2020-03-15 23:53:45:936] [vo.logVo.LogVo.<init>] [INFO] 日志实例已初始化...
[2020-03-15 23:53:45:936] [vo.logVo.LogVo.<init>] [INFO] 日志实例已初始化...
[2020-03-15 23:53:45:936] [vo.logVo.LogVo.<init>] [INFO] 日志实例已初始化...
[2020-03-15 23:53:45:937] [vo.logVo.LogVo.<init>] [INFO] 日志实例已初始化...
[2020-03-15 23:53:45:937] [vo.logVo.LogVo.<init>] [INFO] 日志实例已初始化...
[2020-03-15 23:53:45:937] [vo.logVo.LogVo.<init>] [INFO] 日志实例已初始化...
[2020-03-15 23:53:45:937] [vo.logVo.LogVo.<init>] [INFO] 日志实例已初始化...
[2020-03-15 23:53:45:938] [vo.logVo.LogVo.<init>] [INFO] 日志实例已初始化...
[2020-03-15 23:53:45:938] [vo.logVo.LogVo.<init>] [INFO] 日志实例已初始化...
[2020-03-15 23:53:45:938] [vo.logVo.LogVo.<init>] [INFO] 日志实例已初始化...
[2020-03-15 23:53:45:938] [vo.logVo.LogVo.<init>] [INFO] 日志实例已初始化...
[2020-03-15 23:53:45:939] [vo.logVo.LogVo.<init>] [INFO] 日志实例已初始化...
[2020-03-15 23:53:45:939] [vo.logVo.LogVo.<init>] [INFO] 日志实例已初始化...
[2020-03-15 23:53:45:939] [vo.logVo.LogVo.<init>] [INFO] 日志实例已初始化...
[2020-03-15 23:53:45:939] [vo.logVo.LogVo.<init>] [INFO] 日志实例已初始化...
[2020-03-15 23:53:45:939] [vo.logVo.LogVo.<init>] [INFO] 日志实例已初始化...
[2020-03-15 23:53:45:940] [vo.logVo.LogVo.<init>] [INFO] 日志实例已初始化...
[2020-03-15 23:53:45:940] [vo.logVo.LogVo.<init>] [INFO] 日志实例已初始化...
[2020-03-15 23:53:45:940] [vo.logVo.LogVo.<init>] [INFO] 日志实例已初始化...
[2020-03-15 23:53:45:941] [vo.logVo.LogVo.<init>] [INFO] 日志实例已初始化...
[2020-03-15 23:53:45:941] [vo.logVo.LogVo.<init>] [INFO] 日志实例已初始化...
[2020-03-15 23:53:45:941] [vo.logVo.LogVo.<init>] [INFO] 日志实例已初始化...
[2020-03-15 23:53:45:941] [vo.logVo.LogVo.<init>] [INFO] 日志实例已初始化...
[2020-03-15 23:53:45:942] [vo.logVo.LogVo.<init>] [INFO] 日志实例已初始化...
[2020-03-15 23:53:45:942] [vo.logVo.LogVo.<init>] [INFO] 日志实例已初始化...
[2020-03-15 23:53:45:943] [vo.logVo.LogVo.<init>] [INFO] 日志实例已初始化...
[2020-03-15 23:53:45:944] [vo.logVo.LogVo.<init>] [INFO] 日志实例已初始化...
[2020-03-15 23:53:45:945] [vo.logVo.LogVo.<init>] [INFO] 日志实例已初始化...
[2020-03-15 23:53:45:945] [vo.logVo.LogVo.<init>] [INFO] 日志实例已初始化...
[2020-03-15 23:53:45:946] [vo.logVo.LogVo.<init>] [INFO] 日志实例已初始化...
[2020-03-15 23:53:45:946] [vo.logVo.LogVo.<init>] [INFO] 日志实例已初始化...
[2020-03-15 23:53:45:947] [vo.logVo.LogVo.<init>] [INFO] 日志实例已初始化...
[2020-03-15 23:53:45:948] [vo.logVo.LogVo.<init>] [INFO] 日志实例已初始化...
[2020-03-15 23:53:45:948] [vo.logVo.LogVo.<init>] [INFO] 日志实例已初始化...
[2020-03-15 23:53:45:948] [vo.logVo.LogVo.<init>] [INFO] 日志实例已初始化...
[2020-03-15 23:53:45:949] [vo.logVo.LogVo.<init>] [INFO] 日志实例已初始化...
[2020-03-15 23:53:45:950] [vo.logVo.LogVo.<init>] [INFO] 日志实例已初始化...
[2020-03-15 23:53:45:950] [vo.logVo.LogVo.<init>] [INFO] 日志实例已初始化...
[2020-03-15 23:53:45:950] [vo.logVo.LogVo.<init>] [INFO] 日志实例已初始化...
[2020-03-15 23:53:45:951] [vo.logVo.LogVo.<init>] [INFO] 日志实例已初始化...
[2020-03-15 23:53:45:951] [vo.logVo.LogVo.<init>] [INFO] 日志实例已初始化...
[2020-03-15 23:53:45:951] [vo.logVo.LogVo.<init>] [INFO] 日志实例已初始化...
[2020-03-15 23:53:45:952] [vo.logVo.LogVo.<init>] [INFO] 日志实例已初始化...
[2020-03-15 23:53:45:952] [vo.logVo.LogVo.<init>] [INFO] 日志实例已初始化...
[2020-03-15 23:53:45:952] [vo.logVo.LogVo.<init>] [INFO] 日志实例已初始化...
[2020-03-15 23:53:45:952] [vo.logVo.LogVo.<init>] [INFO] 日志实例已初始化...
[2020-03-15 23:53:45:953] [vo.logVo.LogVo.<init>] [INFO] 日志实例已初始化...
[2020-03-15 23:53:45:953] [vo.logVo.LogVo.<init>] [INFO] 日志实例已初始化...
[2020-03-15 23:53:45:953] [vo.logVo.LogVo.<init>] [INFO] 日志实例已初始化...
[2020-03-15 23:53:45:954] [vo.logVo.LogVo.<init>] [INFO] 日志实例已初始化...
[2020-03-15 23:53:45:954] [vo.logVo.LogVo.<init>] [INFO] 日志实例已初始化...
[2020-03-15 23:53:45:954] [vo.logVo.LogVo.<init>] [INFO] 日志实例已初始化...
[2020-03-15 23:53:45:954] [vo.logVo.LogVo.<init>] [INFO] 日志实例已初始化...
[2020-03-15 23:53:45:955] [vo.logVo.LogVo.<init>] [INFO] 日志实例已初始化...
[2020-03-15 23:53:45:955] [vo.logVo.LogVo.<init>] [INFO] 日志实例已初始化...
[2020-03-15 23:53:45:955] [vo.logVo.LogVo.<init>] [INFO] 日志实例已初始化...
[2020-03-15 23:53:45:955] [vo.logVo.LogVo.<init>] [INFO] 日志实例已初始化...
[2020-03-15 23:53:45:956] [vo.logVo.LogVo.<init>] [INFO] 日志实例已初始化...
[2020-03-15 23:53:45:956] [vo.logVo.LogVo.<init>] [INFO] 日志实例已初始化...
[2020-03-15 23:53:45:956] [vo.logVo.LogVo.<init>] [INFO] 日志实例已初始化...
[2020-03-15 23:53:45:956] [vo.logVo.LogVo.<init>] [INFO] 日志实例已初始化...
[2020-03-15 23:53:45:957] [vo.logVo.LogVo.<init>] [INFO] 日志实例已初始化...
[2020-03-15 23:53:45:957] [vo.logVo.LogVo.<init>] [INFO] 日志实例已初始化...
[2020-03-15 23:53:45:957] [vo.logVo.LogVo.<init>] [INFO] 日志实例已初始化...
[2020-03-15 23:53:45:958] [vo.logVo.LogVo.<init>] [INFO] 日志实例已初始化...
[2020-03-15 23:53:45:959] [vo.logVo.LogVo.<init>] [INFO] 日志实例已初始化...
[2020-03-15 23:53:45:959] [vo.logVo.LogVo.<init>] [INFO] 日志实例已初始化...
[2020-03-15 23:53:45:960] [vo.logVo.LogVo.<init>] [INFO] 日志实例已初始化...
[2020-03-15 23:53:45:961] [vo.logVo.LogVo.<init>] [INFO] 日志实例已初始化...
[2020-03-15 23:53:45:962] [vo.logVo.LogVo.<init>] [INFO] 日志实例已初始化...
[2020-03-15 23:53:45:963] [vo.logVo.LogVo.<init>] [INFO] 日志实例已初始化...
[2020-03-15 23:53:45:964] [vo.logVo.LogVo.<init>] [INFO] 日志实例已初始化...
[2020-03-15 23:53:45:965] [vo.logVo.LogVo.<init>] [INFO] 日志实例已初始化...
[2020-03-15 23:53:45:966] [vo.logVo.LogVo.<init>] [INFO] 日志实例已初始化...
[2020-03-15 23:53:45:967] [vo.logVo.LogVo.<init>] [INFO] 日志实例已初始化...
[2020-03-15 23:53:45:967] [vo.logVo.LogVo.<init>] [INFO] 日志实例已初始化...
[2020-03-15 23:53:45:967] [vo.logVo.LogVo.<init>] [INFO] 日志实例已初始化...
[2020-03-15 23:53:45:968] [vo.logVo.LogVo.<init>] [INFO] 日志实例已初始化...
[2020-03-15 23:53:45:968] [vo.logVo.LogVo.<init>] [INFO] 日志实例已初始化...
[2020-03-15 23:53:45:968] [vo.logVo.LogVo.<init>] [INFO] 日志实例已初始化...
[2020-03-15 23:53:45:969] [vo.logVo.LogVo.<init>] [INFO] 日志实例已初始化...
[2020-03-15 23:53:45:969] [vo.logVo.LogVo.<init>] [INFO] 日志实例已初始化...
[2020-03-15 23:53:45:969] [vo.logVo.LogVo.<init>] [INFO] 日志实例已初始化...
[2020-03-15 23:53:45:970] [vo.logVo.LogVo.<init>] [INFO] 日志实例已初始化...
[2020-03-15 23:53:45:970] [vo.logVo.LogVo.<init>] [INFO] 日志实例已初始化...
[2020-03-15 23:53:45:971] [vo.logVo.LogVo.<init>] [INFO] 日志实例已初始化...
[2020-03-15 23:53:45:971] [vo.logVo.LogVo.<init>] [INFO] 日志实例已初始化...
[2020-03-15 23:53:45:973] [vo.logVo.LogVo.<init>] [INFO] 日志实例已初始化...
[2020-03-15 23:53:45:974] [vo.logVo.LogVo.<init>] [INFO] 日志实例已初始化...
[2020-03-15 23:53:45:974] [vo.logVo.LogVo.<init>] [INFO] 日志实例已初始化...
[2020-03-15 23:53:45:975] [vo.logVo.LogVo.<init>] [INFO] 日志实例已初始化...
[2020-03-15 23:53:45:978] [vo.logVo.LogVo.<init>] [INFO] 日志实例已初始化...
[2020-03-15 23:53:45:979] [vo.logVo.LogVo.<init>] [INFO] 日志实例已初始化...
[2020-03-15 23:53:45:981] [vo.logVo.LogVo.<init>] [INFO] 日志实例已初始化...
[2020-03-15 23:53:45:982] [vo.logVo.LogVo.<init>] [INFO] 日志实例已初始化...
[2020-03-15 23:53:45:983] [vo.logVo.LogVo.<init>] [INFO] 日志实例已初始化...
[2020-03-15 23:53:45:983] [vo.logVo.LogVo.<init>] [INFO] 日志实例已初始化...
[2020-03-15 23:53:45:984] [vo.logVo.LogVo.<init>] [INFO] 日志实例已初始化...
[2020-03-15 23:53:45:984] [vo.logVo.LogVo.<init>] [INFO] 日志实例已初始化...
[2020-03-15 23:53:45:985] [vo.logVo.LogVo.<init>] [INFO] 日志实例已初始化...
[2020-03-15 23:53:45:985] [vo.logVo.LogVo.<init>] [INFO] 日志实例已初始化...
[2020-03-15 23:53:45:986] [vo.logVo.LogVo.<init>] [INFO] 日志实例已初始化...
[2020-03-15 23:53:45:986] [vo.logVo.LogVo.<init>] [INFO] 日志实例已初始化...
[2020-03-15 23:53:45:986] [vo.logVo.LogVo.<init>] [INFO] 日志实例已初始化...
[2020-03-15 23:53:45:987] [vo.logVo.LogVo.<init>] [INFO] 日志实例已初始化...
[2020-03-15 23:53:45:987] [vo.logVo.LogVo.<init>] [INFO] 日志实例已初始化...
[2020-03-15 23:53:45:988] [vo.logVo.LogVo.<init>] [INFO] 日志实例已初始化...
[2020-03-15 23:53:45:988] [vo.logVo.LogVo.<init>] [INFO] 日志实例已初始化...
[2020-03-15 23:53:45:989] [vo.logVo.LogVo.<init>] [INFO] 日志实例已初始化...
[2020-03-15 23:53:45:989] [vo.logVo.LogVo.<init>] [INFO] 日志实例已初始化...
[2020-03-15 23:53:45:989] [vo.logVo.LogVo.<init>] [INFO] 日志实例已初始化...
[2020-03-15 23:53:45:990] [vo.logVo.LogVo.<init>] [INFO] 日志实例已初始化...
[2020-03-15 23:53:45:991] [vo.logVo.LogVo.<init>] [INFO] 日志实例已初始化...
[2020-03-15 23:53:45:991] [vo.logVo.LogVo.<init>] [INFO] 日志实例已初始化...
[2020-03-15 23:53:45:992] [vo.logVo.LogVo.<init>] [INFO] 日志实例已初始化...
[2020-03-15 23:53:45:994] [vo.logVo.LogVo.<init>] [INFO] 日志实例已初始化...
[2020-03-15 23:53:45:995] [vo.logVo.LogVo.<init>] [INFO] 日志实例已初始化...
[2020-03-15 23:53:45:996] [vo.logVo.LogVo.<init>] [INFO] 日志实例已初始化...
[2020-03-15 23:53:45:997] [vo.logVo.LogVo.<init>] [INFO] 日志实例已初始化...
[2020-03-15 23:53:45:997] [vo.logVo.LogVo.<init>] [INFO] 日志实例已初始化...
[2020-03-15 23:53:45:998] [vo.logVo.LogVo.<init>] [INFO] 日志实例已初始化...
[2020-03-15 23:53:45:998] [vo.logVo.LogVo.<init>] [INFO] 日志实例已初始化...
[2020-03-15 23:53:45:998] [vo.logVo.LogVo.<init>] [INFO] 日志实例已初始化...
[2020-03-15 23:53:45:998] [vo.logVo.LogVo.<init>] [INFO] 日志实例已初始化...
[2020-03-15 23:53:45:998] [vo.logVo.LogVo.<init>] [INFO] 日志实例已初始化...
[2020-03-15 23:53:45:999] [vo.logVo.LogVo.<init>] [INFO] 日志实例已初始化...
[2020-03-15 23:53:45:999] [vo.logVo.LogVo.<init>] [INFO] 日志实例已初始化...
[2020-03-15 23:53:45:999] [vo.logVo.LogVo.<init>] [INFO] 日志实例已初始化...
[2020-03-15 23:53:45:999] [vo.logVo.LogVo.<init>] [INFO] 日志实例已初始化...
[2020-03-15 23:53:46:000] [vo.logVo.LogVo.<init>] [INFO] 日志实例已初始化...
[2020-03-15 23:53:46:000] [vo.logVo.LogVo.<init>] [INFO] 日志实例已初始化...
[2020-03-15 23:53:46:000] [vo.logVo.LogVo.<init>] [INFO] 日志实例已初始化...
[2020-03-15 23:53:46:000] [vo.logVo.LogVo.<init>] [INFO] 日志实例已初始化...
[2020-03-15 23:53:46:001] [vo.logVo.LogVo.<init>] [INFO] 日志实例已初始化...
[2020-03-15 23:53:46:001] [vo.logVo.LogVo.<init>] [INFO] 日志实例已初始化...
[2020-03-15 23:53:46:001] [vo.logVo.LogVo.<init>] [INFO] 日志实例已初始化...
[2020-03-15 23:53:46:001] [vo.logVo.LogVo.<init>] [INFO] 日志实例已初始化...
[2020-03-15 23:53:46:002] [vo.logVo.LogVo.<init>] [INFO] 日志实例已初始化...
[2020-03-15 23:53:46:002] [vo.logVo.LogVo.<init>] [INFO] 日志实例已初始化...
[2020-03-15 23:53:46:002] [vo.logVo.LogVo.<init>] [INFO] 日志实例已初始化...
[2020-03-15 23:53:46:002] [vo.logVo.LogVo.<init>] [INFO] 日志实例已初始化...
[2020-03-15 23:53:46:003] [vo.logVo.LogVo.<init>] [INFO] 日志实例已初始化...
[2020-03-15 23:53:46:003] [vo.logVo.LogVo.<init>] [INFO] 日志实例已初始化...
[2020-03-15 23:53:46:003] [vo.logVo.LogVo.<init>] [INFO] 日志实例已初始化...
[2020-03-15 23:53:46:003] [vo.logVo.LogVo.<init>] [INFO] 日志实例已初始化...
[2020-03-15 23:53:46:004] [vo.logVo.LogVo.<init>] [INFO] 日志实例已初始化...
[2020-03-15 23:53:46:004] [vo.logVo.LogVo.<init>] [INFO] 日志实例已初始化...
[2020-03-15 23:53:46:004] [vo.logVo.LogVo.<init>] [INFO] 日志实例已初始化...
[2020-03-15 23:53:46:005] [vo.logVo.LogVo.<init>] [INFO] 日志实例已初始化...
[2020-03-15 23:53:46:006] [vo.logVo.LogVo.<init>] [INFO] 日志实例已初始化...
[2020-03-15 23:53:46:009] [vo.logVo.LogVo.<init>] [INFO] 日志实例已初始化...
[2020-03-15 23:53:46:011] [vo.logVo.LogVo.<init>] [INFO] 日志实例已初始化...
[2020-03-15 23:53:46:014] [vo.logVo.LogVo.<init>] [INFO] 日志实例已初始化...
[2020-03-15 23:53:46:015] [vo.logVo.LogVo.<init>] [INFO] 日志实例已初始化...
[2020-03-15 23:53:46:018] [vo.logVo.LogVo.<init>] [INFO] 日志实例已初始化...
[2020-03-15 23:53:46:020] [vo.logVo.LogVo.<init>] [INFO] 日志实例已初始化...
[2020-03-15 23:53:46:020] [vo.logVo.LogVo.<init>] [INFO] 日志实例已初始化...
[2020-03-15 23:53:46:021] [vo.logVo.LogVo.<init>] [INFO] 日志实例已初始化...
[2020-03-15 23:53:46:022] [vo.logVo.LogVo.<init>] [INFO] 日志实例已初始化...
[2020-03-15 23:53:46:023] [vo.logVo.LogVo.<init>] [INFO] 日志实例已初始化...
[2020-03-15 23:53:46:024] [vo.logVo.LogVo.<init>] [INFO] 日志实例已初始化...
[2020-03-15 23:53:46:025] [vo.logVo.LogVo.<init>] [INFO] 日志实例已初始化...
[2020-03-15 23:53:46:027] [vo.logVo.LogVo.<init>] [INFO] 日志实例已初始化...
[2020-03-15 23:53:46:029] [vo.logVo.LogVo.<init>] [INFO] 日志实例已初始化...
[2020-03-15 23:53:46:030] [vo.logVo.LogVo.<init>] [INFO] 日志实例已初始化...
[2020-03-15 23:53:46:031] [vo.logVo.LogVo.<init>] [INFO] 日志实例已初始化...
[2020-03-15 23:53:46:031] [vo.logVo.LogVo.<init>] [INFO] 日志实例已初始化...
[2020-03-15 23:53:46:032] [vo.logVo.LogVo.<init>] [INFO] 日志实例已初始化...
[2020-03-15 23:53:46:032] [vo.logVo.LogVo.<init>] [INFO] 日志实例已初始化...
[2020-03-15 23:53:46:032] [vo.logVo.LogVo.<init>] [INFO] 日志实例已初始化...
[2020-03-15 23:53:46:033] [vo.logVo.LogVo.<init>] [INFO] 日志实例已初始化...
[2020-03-15 23:53:46:033] [vo.logVo.LogVo.<init>] [INFO] 日志实例已初始化...
[2020-03-15 23:53:46:033] [vo.logVo.LogVo.<init>] [INFO] 日志实例已初始化...
[2020-03-15 23:53:46:033] [vo.logVo.LogVo.<init>] [INFO] 日志实例已初始化...
[2020-03-15 23:53:46:034] [vo.logVo.LogVo.<init>] [INFO] 日志实例已初始化...
[2020-03-15 23:53:46:035] [vo.logVo.LogVo.<init>] [INFO] 日志实例已初始化...
[2020-03-15 23:53:46:035] [vo.logVo.LogVo.<init>] [INFO] 日志实例已初始化...
[2020-03-15 23:53:46:038] [vo.logVo.LogVo.<init>] [INFO] 日志实例已初始化...
[2020-03-15 23:53:46:039] [vo.logVo.LogVo.<init>] [INFO] 日志实例已初始化...
[2020-03-15 23:53:46:040] [vo.logVo.LogVo.<init>] [INFO] 日志实例已初始化...
[2020-03-15 23:53:46:040] [vo.logVo.LogVo.<init>] [INFO] 日志实例已初始化...
[2020-03-15 23:53:46:041] [vo.logVo.LogVo.<init>] [INFO] 日志实例已初始化...
[2020-03-15 23:53:46:043] [vo.logVo.LogVo.<init>] [INFO] 日志实例已初始化...
[2020-03-15 23:53:46:044] [vo.logVo.LogVo.<init>] [INFO] 日志实例已初始化...
[2020-03-15 23:53:46:046] [vo.logVo.LogVo.<init>] [INFO] 日志实例已初始化...
[2020-03-15 23:53:46:047] [vo.logVo.LogVo.<init>] [INFO] 日志实例已初始化...
[2020-03-15 23:53:46:048] [vo.logVo.LogVo.<init>] [INFO] 日志实例已初始化...
[2020-03-15 23:53:46:048] [vo.logVo.LogVo.<init>] [INFO] 日志实例已初始化...
[2020-03-15 23:53:46:049] [vo.logVo.LogVo.<init>] [INFO] 日志实例已初始化...
[2020-03-15 23:53:46:050] [vo.logVo.LogVo.<init>] [INFO] 日志实例已初始化...
[2020-03-15 23:53:46:050] [vo.logVo.LogVo.<init>] [INFO] 日志实例已初始化...
[2020-03-15 23:53:46:051] [vo.logVo.LogVo.<init>] [INFO] 日志实例已初始化...
[2020-03-15 23:53:46:052] [vo.logVo.LogVo.<init>] [INFO] 日志实例已初始化...
[2020-03-15 23:53:46:054] [vo.logVo.LogVo.<init>] [INFO] 日志实例已初始化...
[2020-03-15 23:53:46:055] [vo.logVo.LogVo.<init>] [INFO] 日志实例已初始化...
[2020-03-15 23:53:46:055] [vo.logVo.LogVo.<init>] [INFO] 日志实例已初始化...
[2020-03-15 23:53:46:056] [vo.logVo.LogVo.<init>] [INFO] 日志实例已初始化...
[2020-03-15 23:53:46:057] [vo.logVo.LogVo.<init>] [INFO] 日志实例已初始化...
[2020-03-15 23:53:46:057] [vo.logVo.LogVo.<init>] [INFO] 日志实例已初始化...
[2020-03-15 23:53:46:057] [vo.logVo.LogVo.<init>] [INFO] 日志实例已初始化...
[2020-03-15 23:53:46:058] [vo.logVo.LogVo.<init>] [INFO] 日志实例已初始化...
[2020-03-15 23:53:46:058] [vo.logVo.LogVo.<init>] [INFO] 日志实例已初始化...
[2020-03-15 23:53:46:059] [vo.logVo.LogVo.<init>] [INFO] 日志实例已初始化...
[2020-03-15 23:53:46:062] [vo.logVo.LogVo.<init>] [INFO] 日志实例已初始化...
[2020-03-15 23:53:46:063] [vo.logVo.LogVo.<init>] [INFO] 日志实例已初始化...
[2020-03-15 23:53:46:064] [vo.logVo.LogVo.<init>] [INFO] 日志实例已初始化...
[2020-03-15 23:53:46:064] [vo.logVo.LogVo.<init>] [INFO] 日志实例已初始化...
[2020-03-15 23:53:46:064] [vo.logVo.LogVo.<init>] [INFO] 日志实例已初始化...
[2020-03-15 23:53:46:065] [vo.logVo.LogVo.<init>] [INFO] 日志实例已初始化...
[2020-03-15 23:53:46:065] [vo.logVo.LogVo.<init>] [INFO] 日志实例已初始化...
[2020-03-15 23:53:46:066] [vo.logVo.LogVo.<init>] [INFO] 日志实例已初始化...
[2020-03-15 23:53:46:066] [vo.logVo.LogVo.<init>] [INFO] 日志实例已初始化...
[2020-03-15 23:53:46:066] [vo.logVo.LogVo.<init>] [INFO] 日志实例已初始化...
[2020-03-15 23:53:46:067] [vo.logVo.LogVo.<init>] [INFO] 日志实例已初始化...
[2020-03-15 23:53:46:068] [vo.logVo.LogVo.<init>] [INFO] 日志实例已初始化...
[2020-03-15 23:53:46:069] [vo.logVo.LogVo.<init>] [INFO] 日志实例已初始化...
[2020-03-15 23:53:46:069] [vo.logVo.LogVo.<init>] [INFO] 日志实例已初始化...
[2020-03-15 23:53:46:089] [vo.logVo.LogVo.<init>] [INFO] 日志实例已初始化...
[2020-03-15 23:53:46:099] [vo.logVo.LogVo.<init>] [INFO] 日志实例已初始化...
[2020-03-15 23:56:20:540] [aop.AnnotationCommenAop.writeLog] [INFO] 开始保存操作日志...
[2020-03-15 23:56:20:566] [aop.AnnotationCommenAop.writeLog] [INFO] 保存操作日志成功.
[2020-03-15 23:56:20:567] [aop.AnnotationCommenAop.writeLog] [INFO] 开始保存操作日志...
[2020-03-15 23:56:20:580] [vo.logVo.LogVo.<init>] [INFO] 日志实例已初始化...
[2020-03-15 23:56:20:580] [vo.logVo.LogVo.<init>] [INFO] 日志实例已初始化...
[2020-03-15 23:56:20:581] [vo.logVo.LogVo.<init>] [INFO] 日志实例已初始化...
[2020-03-15 23:56:20:582] [vo.logVo.LogVo.<init>] [INFO] 日志实例已初始化...
[2020-03-15 23:56:20:583] [vo.logVo.LogVo.<init>] [INFO] 日志实例已初始化...
[2020-03-15 23:56:20:584] [vo.logVo.LogVo.<init>] [INFO] 日志实例已初始化...
[2020-03-15 23:56:20:585] [vo.logVo.LogVo.<init>] [INFO] 日志实例已初始化...
[2020-03-15 23:56:20:586] [vo.logVo.LogVo.<init>] [INFO] 日志实例已初始化...
[2020-03-15 23:56:20:586] [vo.logVo.LogVo.<init>] [INFO] 日志实例已初始化...
[2020-03-15 23:56:20:587] [vo.logVo.LogVo.<init>] [INFO] 日志实例已初始化...
[2020-03-15 23:56:20:588] [vo.logVo.LogVo.<init>] [INFO] 日志实例已初始化...
[2020-03-15 23:56:20:588] [vo.logVo.LogVo.<init>] [INFO] 日志实例已初始化...
[2020-03-15 23:56:20:589] [vo.logVo.LogVo.<init>] [INFO] 日志实例已初始化...
[2020-03-15 23:56:20:589] [vo.logVo.LogVo.<init>] [INFO] 日志实例已初始化...
[2020-03-15 23:56:20:590] [vo.logVo.LogVo.<init>] [INFO] 日志实例已初始化...
[2020-03-15 23:56:20:591] [vo.logVo.LogVo.<init>] [INFO] 日志实例已初始化...
[2020-03-15 23:56:20:592] [vo.logVo.LogVo.<init>] [INFO] 日志实例已初始化...
[2020-03-15 23:56:20:593] [vo.logVo.LogVo.<init>] [INFO] 日志实例已初始化...
[2020-03-15 23:56:20:593] [vo.logVo.LogVo.<init>] [INFO] 日志实例已初始化...
[2020-03-15 23:56:20:594] [vo.logVo.LogVo.<init>] [INFO] 日志实例已初始化...
[2020-03-15 23:56:20:595] [vo.logVo.LogVo.<init>] [INFO] 日志实例已初始化...
[2020-03-15 23:56:20:595] [vo.logVo.LogVo.<init>] [INFO] 日志实例已初始化...
[2020-03-15 23:56:20:596] [vo.logVo.LogVo.<init>] [INFO] 日志实例已初始化...
[2020-03-15 23:56:20:597] [vo.logVo.LogVo.<init>] [INFO] 日志实例已初始化...
[2020-03-15 23:56:20:597] [vo.logVo.LogVo.<init>] [INFO] 日志实例已初始化...
[2020-03-15 23:56:20:598] [vo.logVo.LogVo.<init>] [INFO] 日志实例已初始化...
[2020-03-15 23:56:20:598] [vo.logVo.LogVo.<init>] [INFO] 日志实例已初始化...
[2020-03-15 23:56:20:600] [vo.logVo.LogVo.<init>] [INFO] 日志实例已初始化...
[2020-03-15 23:56:20:601] [vo.logVo.LogVo.<init>] [INFO] 日志实例已初始化...
[2020-03-15 23:56:20:602] [vo.logVo.LogVo.<init>] [INFO] 日志实例已初始化...
[2020-03-15 23:56:20:603] [vo.logVo.LogVo.<init>] [INFO] 日志实例已初始化...
[2020-03-15 23:56:20:604] [vo.logVo.LogVo.<init>] [INFO] 日志实例已初始化...
[2020-03-15 23:56:20:604] [vo.logVo.LogVo.<init>] [INFO] 日志实例已初始化...
[2020-03-15 23:56:20:605] [vo.logVo.LogVo.<init>] [INFO] 日志实例已初始化...
[2020-03-15 23:56:20:606] [vo.logVo.LogVo.<init>] [INFO] 日志实例已初始化...
[2020-03-15 23:56:20:606] [vo.logVo.LogVo.<init>] [INFO] 日志实例已初始化...
[2020-03-15 23:56:20:607] [vo.logVo.LogVo.<init>] [INFO] 日志实例已初始化...
[2020-03-15 23:56:20:608] [vo.logVo.LogVo.<init>] [INFO] 日志实例已初始化...
[2020-03-15 23:56:20:609] [vo.logVo.LogVo.<init>] [INFO] 日志实例已初始化...
[2020-03-15 23:56:20:610] [vo.logVo.LogVo.<init>] [INFO] 日志实例已初始化...
[2020-03-15 23:56:20:611] [vo.logVo.LogVo.<init>] [INFO] 日志实例已初始化...
[2020-03-15 23:56:20:611] [vo.logVo.LogVo.<init>] [INFO] 日志实例已初始化...
[2020-03-15 23:56:20:612] [vo.logVo.LogVo.<init>] [INFO] 日志实例已初始化...
[2020-03-15 23:56:20:613] [vo.logVo.LogVo.<init>] [INFO] 日志实例已初始化...
[2020-03-15 23:56:20:614] [vo.logVo.LogVo.<init>] [INFO] 日志实例已初始化...
[2020-03-15 23:56:20:615] [vo.logVo.LogVo.<init>] [INFO] 日志实例已初始化...
[2020-03-15 23:56:20:616] [vo.logVo.LogVo.<init>] [INFO] 日志实例已初始化...
[2020-03-15 23:56:20:616] [vo.logVo.LogVo.<init>] [INFO] 日志实例已初始化...
[2020-03-15 23:56:20:617] [vo.logVo.LogVo.<init>] [INFO] 日志实例已初始化...
[2020-03-15 23:56:20:618] [vo.logVo.LogVo.<init>] [INFO] 日志实例已初始化...
[2020-03-15 23:56:20:619] [vo.logVo.LogVo.<init>] [INFO] 日志实例已初始化...
[2020-03-15 23:56:20:619] [vo.logVo.LogVo.<init>] [INFO] 日志实例已初始化...
[2020-03-15 23:56:20:620] [vo.logVo.LogVo.<init>] [INFO] 日志实例已初始化...
[2020-03-15 23:56:20:621] [vo.logVo.LogVo.<init>] [INFO] 日志实例已初始化...
[2020-03-15 23:56:20:621] [vo.logVo.LogVo.<init>] [INFO] 日志实例已初始化...
[2020-03-15 23:56:20:622] [vo.logVo.LogVo.<init>] [INFO] 日志实例已初始化...
[2020-03-15 23:56:20:623] [vo.logVo.LogVo.<init>] [INFO] 日志实例已初始化...
[2020-03-15 23:56:20:625] [vo.logVo.LogVo.<init>] [INFO] 日志实例已初始化...
[2020-03-15 23:56:20:626] [vo.logVo.LogVo.<init>] [INFO] 日志实例已初始化...
[2020-03-15 23:56:20:627] [vo.logVo.LogVo.<init>] [INFO] 日志实例已初始化...
[2020-03-15 23:56:20:628] [vo.logVo.LogVo.<init>] [INFO] 日志实例已初始化...
[2020-03-15 23:56:20:628] [vo.logVo.LogVo.<init>] [INFO] 日志实例已初始化...
[2020-03-15 23:56:20:629] [vo.logVo.LogVo.<init>] [INFO] 日志实例已初始化...
[2020-03-15 23:56:20:630] [vo.logVo.LogVo.<init>] [INFO] 日志实例已初始化...
[2020-03-15 23:56:20:631] [vo.logVo.LogVo.<init>] [INFO] 日志实例已初始化...
[2020-03-15 23:56:20:632] [vo.logVo.LogVo.<init>] [INFO] 日志实例已初始化...
[2020-03-15 23:56:20:632] [vo.logVo.LogVo.<init>] [INFO] 日志实例已初始化...
[2020-03-15 23:56:20:633] [vo.logVo.LogVo.<init>] [INFO] 日志实例已初始化...
[2020-03-15 23:56:20:634] [vo.logVo.LogVo.<init>] [INFO] 日志实例已初始化...
[2020-03-15 23:56:20:635] [vo.logVo.LogVo.<init>] [INFO] 日志实例已初始化...
[2020-03-15 23:56:20:637] [vo.logVo.LogVo.<init>] [INFO] 日志实例已初始化...
[2020-03-15 23:56:20:639] [vo.logVo.LogVo.<init>] [INFO] 日志实例已初始化...
[2020-03-15 23:56:20:640] [vo.logVo.LogVo.<init>] [INFO] 日志实例已初始化...
[2020-03-15 23:56:20:642] [vo.logVo.LogVo.<init>] [INFO] 日志实例已初始化...
[2020-03-15 23:56:20:643] [vo.logVo.LogVo.<init>] [INFO] 日志实例已初始化...
[2020-03-15 23:56:20:644] [vo.logVo.LogVo.<init>] [INFO] 日志实例已初始化...
[2020-03-15 23:56:20:645] [vo.logVo.LogVo.<init>] [INFO] 日志实例已初始化...
[2020-03-15 23:56:20:646] [vo.logVo.LogVo.<init>] [INFO] 日志实例已初始化...
[2020-03-15 23:56:20:647] [vo.logVo.LogVo.<init>] [INFO] 日志实例已初始化...
[2020-03-15 23:56:20:649] [vo.logVo.LogVo.<init>] [INFO] 日志实例已初始化...
[2020-03-15 23:56:20:650] [vo.logVo.LogVo.<init>] [INFO] 日志实例已初始化...
[2020-03-15 23:56:20:651] [vo.logVo.LogVo.<init>] [INFO] 日志实例已初始化...
[2020-03-15 23:56:20:652] [vo.logVo.LogVo.<init>] [INFO] 日志实例已初始化...
[2020-03-15 23:56:20:652] [vo.logVo.LogVo.<init>] [INFO] 日志实例已初始化...
[2020-03-15 23:56:20:653] [vo.logVo.LogVo.<init>] [INFO] 日志实例已初始化...
[2020-03-15 23:56:20:654] [vo.logVo.LogVo.<init>] [INFO] 日志实例已初始化...
[2020-03-15 23:56:20:655] [vo.logVo.LogVo.<init>] [INFO] 日志实例已初始化...
[2020-03-15 23:56:20:656] [vo.logVo.LogVo.<init>] [INFO] 日志实例已初始化...
[2020-03-15 23:56:20:657] [vo.logVo.LogVo.<init>] [INFO] 日志实例已初始化...
[2020-03-15 23:56:20:659] [vo.logVo.LogVo.<init>] [INFO] 日志实例已初始化...
[2020-03-15 23:56:20:660] [vo.logVo.LogVo.<init>] [INFO] 日志实例已初始化...
[2020-03-15 23:56:20:660] [vo.logVo.LogVo.<init>] [INFO] 日志实例已初始化...
[2020-03-15 23:56:20:666] [vo.logVo.LogVo.<init>] [INFO] 日志实例已初始化...
[2020-03-15 23:56:20:667] [vo.logVo.LogVo.<init>] [INFO] 日志实例已初始化...
[2020-03-15 23:56:20:668] [vo.logVo.LogVo.<init>] [INFO] 日志实例已初始化...
[2020-03-15 23:56:20:668] [vo.logVo.LogVo.<init>] [INFO] 日志实例已初始化...
[2020-03-15 23:56:20:669] [vo.logVo.LogVo.<init>] [INFO] 日志实例已初始化...
[2020-03-15 23:56:20:669] [vo.logVo.LogVo.<init>] [INFO] 日志实例已初始化...
[2020-03-15 23:56:20:670] [vo.logVo.LogVo.<init>] [INFO] 日志实例已初始化...
[2020-03-15 23:56:20:670] [vo.logVo.LogVo.<init>] [INFO] 日志实例已初始化...
[2020-03-15 23:56:20:671] [vo.logVo.LogVo.<init>] [INFO] 日志实例已初始化...
[2020-03-15 23:56:20:671] [vo.logVo.LogVo.<init>] [INFO] 日志实例已初始化...
[2020-03-15 23:56:20:672] [vo.logVo.LogVo.<init>] [INFO] 日志实例已初始化...
[2020-03-15 23:56:20:673] [vo.logVo.LogVo.<init>] [INFO] 日志实例已初始化...
[2020-03-15 23:56:20:674] [vo.logVo.LogVo.<init>] [INFO] 日志实例已初始化...
[2020-03-15 23:56:20:674] [vo.logVo.LogVo.<init>] [INFO] 日志实例已初始化...
[2020-03-15 23:56:20:675] [vo.logVo.LogVo.<init>] [INFO] 日志实例已初始化...
[2020-03-15 23:56:20:676] [vo.logVo.LogVo.<init>] [INFO] 日志实例已初始化...
[2020-03-15 23:56:20:677] [vo.logVo.LogVo.<init>] [INFO] 日志实例已初始化...
[2020-03-15 23:56:20:678] [vo.logVo.LogVo.<init>] [INFO] 日志实例已初始化...
[2020-03-15 23:56:20:679] [vo.logVo.LogVo.<init>] [INFO] 日志实例已初始化...
[2020-03-15 23:56:20:680] [vo.logVo.LogVo.<init>] [INFO] 日志实例已初始化...
[2020-03-15 23:56:20:681] [vo.logVo.LogVo.<init>] [INFO] 日志实例已初始化...
[2020-03-15 23:56:20:682] [vo.logVo.LogVo.<init>] [INFO] 日志实例已初始化...
[2020-03-15 23:56:20:683] [vo.logVo.LogVo.<init>] [INFO] 日志实例已初始化...
[2020-03-15 23:56:20:685] [vo.logVo.LogVo.<init>] [INFO] 日志实例已初始化...
[2020-03-15 23:56:20:686] [vo.logVo.LogVo.<init>] [INFO] 日志实例已初始化...
[2020-03-15 23:56:20:687] [vo.logVo.LogVo.<init>] [INFO] 日志实例已初始化...
[2020-03-15 23:56:20:687] [vo.logVo.LogVo.<init>] [INFO] 日志实例已初始化...
[2020-03-15 23:56:20:688] [vo.logVo.LogVo.<init>] [INFO] 日志实例已初始化...
[2020-03-15 23:56:20:689] [vo.logVo.LogVo.<init>] [INFO] 日志实例已初始化...
[2020-03-15 23:56:20:690] [vo.logVo.LogVo.<init>] [INFO] 日志实例已初始化...
[2020-03-15 23:56:20:691] [vo.logVo.LogVo.<init>] [INFO] 日志实例已初始化...
[2020-03-15 23:56:20:691] [vo.logVo.LogVo.<init>] [INFO] 日志实例已初始化...
[2020-03-15 23:56:20:692] [vo.logVo.LogVo.<init>] [INFO] 日志实例已初始化...
[2020-03-15 23:56:20:695] [vo.logVo.LogVo.<init>] [INFO] 日志实例已初始化...
[2020-03-15 23:56:20:697] [vo.logVo.LogVo.<init>] [INFO] 日志实例已初始化...
[2020-03-15 23:56:20:698] [vo.logVo.LogVo.<init>] [INFO] 日志实例已初始化...
[2020-03-15 23:56:20:700] [vo.logVo.LogVo.<init>] [INFO] 日志实例已初始化...
[2020-03-15 23:56:20:701] [vo.logVo.LogVo.<init>] [INFO] 日志实例已初始化...
[2020-03-15 23:56:20:702] [vo.logVo.LogVo.<init>] [INFO] 日志实例已初始化...
[2020-03-15 23:56:20:703] [vo.logVo.LogVo.<init>] [INFO] 日志实例已初始化...
[2020-03-15 23:56:20:703] [vo.logVo.LogVo.<init>] [INFO] 日志实例已初始化...
[2020-03-15 23:56:20:704] [vo.logVo.LogVo.<init>] [INFO] 日志实例已初始化...
[2020-03-15 23:56:20:705] [vo.logVo.LogVo.<init>] [INFO] 日志实例已初始化...
[2020-03-15 23:56:20:705] [vo.logVo.LogVo.<init>] [INFO] 日志实例已初始化...
[2020-03-15 23:56:20:706] [vo.logVo.LogVo.<init>] [INFO] 日志实例已初始化...
[2020-03-15 23:56:20:706] [vo.logVo.LogVo.<init>] [INFO] 日志实例已初始化...
[2020-03-15 23:56:20:709] [vo.logVo.LogVo.<init>] [INFO] 日志实例已初始化...
[2020-03-15 23:56:20:711] [vo.logVo.LogVo.<init>] [INFO] 日志实例已初始化...
[2020-03-15 23:56:20:712] [vo.logVo.LogVo.<init>] [INFO] 日志实例已初始化...
[2020-03-15 23:56:20:713] [vo.logVo.LogVo.<init>] [INFO] 日志实例已初始化...
[2020-03-15 23:56:20:714] [vo.logVo.LogVo.<init>] [INFO] 日志实例已初始化...
[2020-03-15 23:56:20:714] [vo.logVo.LogVo.<init>] [INFO] 日志实例已初始化...
[2020-03-15 23:56:20:715] [vo.logVo.LogVo.<init>] [INFO] 日志实例已初始化...
[2020-03-15 23:56:20:716] [vo.logVo.LogVo.<init>] [INFO] 日志实例已初始化...
[2020-03-15 23:56:20:717] [vo.logVo.LogVo.<init>] [INFO] 日志实例已初始化...
[2020-03-15 23:56:20:717] [vo.logVo.LogVo.<init>] [INFO] 日志实例已初始化...
[2020-03-15 23:56:20:718] [vo.logVo.LogVo.<init>] [INFO] 日志实例已初始化...
[2020-03-15 23:56:20:718] [vo.logVo.LogVo.<init>] [INFO] 日志实例已初始化...
[2020-03-15 23:56:20:719] [vo.logVo.LogVo.<init>] [INFO] 日志实例已初始化...
[2020-03-15 23:56:20:719] [vo.logVo.LogVo.<init>] [INFO] 日志实例已初始化...
[2020-03-15 23:56:20:720] [vo.logVo.LogVo.<init>] [INFO] 日志实例已初始化...
[2020-03-15 23:56:20:721] [vo.logVo.LogVo.<init>] [INFO] 日志实例已初始化...
[2020-03-15 23:56:20:721] [vo.logVo.LogVo.<init>] [INFO] 日志实例已初始化...
[2020-03-15 23:56:20:722] [vo.logVo.LogVo.<init>] [INFO] 日志实例已初始化...
[2020-03-15 23:56:20:722] [vo.logVo.LogVo.<init>] [INFO] 日志实例已初始化...
[2020-03-15 23:56:20:722] [vo.logVo.LogVo.<init>] [INFO] 日志实例已初始化...
[2020-03-15 23:56:20:782] [vo.logVo.LogVo.<init>] [INFO] 日志实例已初始化...
[2020-03-15 23:56:20:783] [vo.logVo.LogVo.<init>] [INFO] 日志实例已初始化...
[2020-03-15 23:56:20:785] [vo.logVo.LogVo.<init>] [INFO] 日志实例已初始化...
[2020-03-15 23:56:20:785] [vo.logVo.LogVo.<init>] [INFO] 日志实例已初始化...
[2020-03-15 23:56:20:786] [vo.logVo.LogVo.<init>] [INFO] 日志实例已初始化...
[2020-03-15 23:56:20:786] [vo.logVo.LogVo.<init>] [INFO] 日志实例已初始化...
[2020-03-15 23:56:20:787] [vo.logVo.LogVo.<init>] [INFO] 日志实例已初始化...
[2020-03-15 23:56:20:796] [vo.logVo.LogVo.<init>] [INFO] 日志实例已初始化...
[2020-03-15 23:56:20:797] [vo.logVo.LogVo.<init>] [INFO] 日志实例已初始化...
[2020-03-15 23:56:20:800] [vo.logVo.LogVo.<init>] [INFO] 日志实例已初始化...
[2020-03-15 23:56:20:811] [vo.logVo.LogVo.<init>] [INFO] 日志实例已初始化...
[2020-03-15 23:56:20:812] [vo.logVo.LogVo.<init>] [INFO] 日志实例已初始化...
[2020-03-15 23:56:20:813] [vo.logVo.LogVo.<init>] [INFO] 日志实例已初始化...
[2020-03-15 23:56:20:813] [vo.logVo.LogVo.<init>] [INFO] 日志实例已初始化...
[2020-03-15 23:56:20:814] [vo.logVo.LogVo.<init>] [INFO] 日志实例已初始化...
[2020-03-15 23:56:20:815] [vo.logVo.LogVo.<init>] [INFO] 日志实例已初始化...
[2020-03-15 23:56:20:816] [vo.logVo.LogVo.<init>] [INFO] 日志实例已初始化...
[2020-03-15 23:56:20:819] [vo.logVo.LogVo.<init>] [INFO] 日志实例已初始化...
[2020-03-15 23:56:20:820] [vo.logVo.LogVo.<init>] [INFO] 日志实例已初始化...
[2020-03-15 23:56:20:822] [vo.logVo.LogVo.<init>] [INFO] 日志实例已初始化...
[2020-03-15 23:56:20:830] [vo.logVo.LogVo.<init>] [INFO] 日志实例已初始化...
[2020-03-15 23:56:20:831] [vo.logVo.LogVo.<init>] [INFO] 日志实例已初始化...
[2020-03-15 23:56:20:833] [vo.logVo.LogVo.<init>] [INFO] 日志实例已初始化...
[2020-03-15 23:56:20:839] [vo.logVo.LogVo.<init>] [INFO] 日志实例已初始化...
[2020-03-15 23:56:20:848] [vo.logVo.LogVo.<init>] [INFO] 日志实例已初始化...
[2020-03-15 23:56:20:854] [vo.logVo.LogVo.<init>] [INFO] 日志实例已初始化...
[2020-03-15 23:56:20:855] [vo.logVo.LogVo.<init>] [INFO] 日志实例已初始化...
[2020-03-15 23:56:20:862] [vo.logVo.LogVo.<init>] [INFO] 日志实例已初始化...
[2020-03-15 23:56:20:864] [vo.logVo.LogVo.<init>] [INFO] 日志实例已初始化...
[2020-03-15 23:56:20:864] [vo.logVo.LogVo.<init>] [INFO] 日志实例已初始化...
[2020-03-15 23:56:20:880] [vo.logVo.LogVo.<init>] [INFO] 日志实例已初始化...
[2020-03-15 23:56:20:888] [vo.logVo.LogVo.<init>] [INFO] 日志实例已初始化...
[2020-03-15 23:56:20:888] [vo.logVo.LogVo.<init>] [INFO] 日志实例已初始化...
[2020-03-15 23:56:20:889] [vo.logVo.LogVo.<init>] [INFO] 日志实例已初始化...
[2020-03-15 23:56:20:891] [vo.logVo.LogVo.<init>] [INFO] 日志实例已初始化...
[2020-03-15 23:56:20:892] [vo.logVo.LogVo.<init>] [INFO] 日志实例已初始化...
[2020-03-15 23:56:20:893] [vo.logVo.LogVo.<init>] [INFO] 日志实例已初始化...
[2020-03-15 23:56:20:895] [vo.logVo.LogVo.<init>] [INFO] 日志实例已初始化...
[2020-03-15 23:56:20:909] [vo.logVo.LogVo.<init>] [INFO] 日志实例已初始化...
[2020-03-15 23:56:20:917] [vo.logVo.LogVo.<init>] [INFO] 日志实例已初始化...
[2020-03-15 23:56:20:917] [vo.logVo.LogVo.<init>] [INFO] 日志实例已初始化...
[2020-03-15 23:56:20:918] [vo.logVo.LogVo.<init>] [INFO] 日志实例已初始化...
[2020-03-15 23:56:20:920] [vo.logVo.LogVo.<init>] [INFO] 日志实例已初始化...
[2020-03-15 23:56:20:921] [vo.logVo.LogVo.<init>] [INFO] 日志实例已初始化...
[2020-03-15 23:56:20:922] [vo.logVo.LogVo.<init>] [INFO] 日志实例已初始化...
[2020-03-15 23:56:20:923] [vo.logVo.LogVo.<init>] [INFO] 日志实例已初始化...
[2020-03-15 23:56:20:930] [vo.logVo.LogVo.<init>] [INFO] 日志实例已初始化...
[2020-03-15 23:56:20:931] [vo.logVo.LogVo.<init>] [INFO] 日志实例已初始化...
[2020-03-15 23:56:20:932] [vo.logVo.LogVo.<init>] [INFO] 日志实例已初始化...
[2020-03-15 23:56:20:933] [vo.logVo.LogVo.<init>] [INFO] 日志实例已初始化...
[2020-03-15 23:56:20:933] [vo.logVo.LogVo.<init>] [INFO] 日志实例已初始化...
[2020-03-15 23:56:20:935] [vo.logVo.LogVo.<init>] [INFO] 日志实例已初始化...
[2020-03-15 23:56:20:936] [vo.logVo.LogVo.<init>] [INFO] 日志实例已初始化...
[2020-03-15 23:56:20:937] [vo.logVo.LogVo.<init>] [INFO] 日志实例已初始化...
[2020-03-15 23:56:20:938] [vo.logVo.LogVo.<init>] [INFO] 日志实例已初始化...
[2020-03-15 23:56:20:939] [vo.logVo.LogVo.<init>] [INFO] 日志实例已初始化...
[2020-03-15 23:56:20:943] [vo.logVo.LogVo.<init>] [INFO] 日志实例已初始化...
[2020-03-15 23:56:20:943] [vo.logVo.LogVo.<init>] [INFO] 日志实例已初始化...
[2020-03-15 23:56:20:953] [vo.logVo.LogVo.<init>] [INFO] 日志实例已初始化...
[2020-03-15 23:56:20:956] [vo.logVo.LogVo.<init>] [INFO] 日志实例已初始化...
[2020-03-15 23:56:20:957] [vo.logVo.LogVo.<init>] [INFO] 日志实例已初始化...
[2020-03-15 23:56:20:959] [vo.logVo.LogVo.<init>] [INFO] 日志实例已初始化...
[2020-03-15 23:56:20:960] [vo.logVo.LogVo.<init>] [INFO] 日志实例已初始化...
[2020-03-15 23:56:20:968] [vo.logVo.LogVo.<init>] [INFO] 日志实例已初始化...
[2020-03-15 23:56:20:969] [vo.logVo.LogVo.<init>] [INFO] 日志实例已初始化...
[2020-03-15 23:56:20:970] [vo.logVo.LogVo.<init>] [INFO] 日志实例已初始化...
[2020-03-15 23:56:20:970] [vo.logVo.LogVo.<init>] [INFO] 日志实例已初始化...
[2020-03-15 23:56:20:971] [vo.logVo.LogVo.<init>] [INFO] 日志实例已初始化...
[2020-03-15 23:56:20:971] [vo.logVo.LogVo.<init>] [INFO] 日志实例已初始化...
[2020-03-15 23:56:20:972] [vo.logVo.LogVo.<init>] [INFO] 日志实例已初始化...
[2020-03-15 23:56:20:972] [vo.logVo.LogVo.<init>] [INFO] 日志实例已初始化...
[2020-03-15 23:56:20:980] [vo.logVo.LogVo.<init>] [INFO] 日志实例已初始化...
[2020-03-15 23:56:20:980] [vo.logVo.LogVo.<init>] [INFO] 日志实例已初始化...
[2020-03-15 23:56:20:981] [vo.logVo.LogVo.<init>] [INFO] 日志实例已初始化...
[2020-03-15 23:56:20:981] [vo.logVo.LogVo.<init>] [INFO] 日志实例已初始化...
[2020-03-15 23:56:20:983] [vo.logVo.LogVo.<init>] [INFO] 日志实例已初始化...
[2020-03-15 23:56:20:983] [vo.logVo.LogVo.<init>] [INFO] 日志实例已初始化...
[2020-03-15 23:56:20:984] [vo.logVo.LogVo.<init>] [INFO] 日志实例已初始化...
[2020-03-15 23:56:20:997] [vo.logVo.LogVo.<init>] [INFO] 日志实例已初始化...
[2020-03-15 23:56:20:999] [vo.logVo.LogVo.<init>] [INFO] 日志实例已初始化...
[2020-03-15 23:56:20:999] [vo.logVo.LogVo.<init>] [INFO] 日志实例已初始化...
[2020-03-15 23:56:21:001] [vo.logVo.LogVo.<init>] [INFO] 日志实例已初始化...
[2020-03-15 23:56:21:001] [vo.logVo.LogVo.<init>] [INFO] 日志实例已初始化...
[2020-03-15 23:56:21:003] [vo.logVo.LogVo.<init>] [INFO] 日志实例已初始化...
[2020-03-15 23:56:21:007] [vo.logVo.LogVo.<init>] [INFO] 日志实例已初始化...
[2020-03-15 23:56:21:012] [vo.logVo.LogVo.<init>] [INFO] 日志实例已初始化...
[2020-03-15 23:56:21:014] [vo.logVo.LogVo.<init>] [INFO] 日志实例已初始化...
[2020-03-15 23:56:21:016] [vo.logVo.LogVo.<init>] [INFO] 日志实例已初始化...
[2020-03-15 23:56:21:017] [vo.logVo.LogVo.<init>] [INFO] 日志实例已初始化...
[2020-03-15 23:56:21:019] [vo.logVo.LogVo.<init>] [INFO] 日志实例已初始化...
[2020-03-15 23:56:21:021] [vo.logVo.LogVo.<init>] [INFO] 日志实例已初始化...
[2020-03-15 23:56:21:021] [vo.logVo.LogVo.<init>] [INFO] 日志实例已初始化...
[2020-03-15 23:56:21:022] [vo.logVo.LogVo.<init>] [INFO] 日志实例已初始化...
[2020-03-15 23:56:21:023] [vo.logVo.LogVo.<init>] [INFO] 日志实例已初始化...
[2020-03-15 23:56:21:024] [vo.logVo.LogVo.<init>] [INFO] 日志实例已初始化...
[2020-03-15 23:56:21:029] [vo.logVo.LogVo.<init>] [INFO] 日志实例已初始化...
[2020-03-15 23:56:21:030] [vo.logVo.LogVo.<init>] [INFO] 日志实例已初始化...
[2020-03-15 23:56:21:031] [vo.logVo.LogVo.<init>] [INFO] 日志实例已初始化...
[2020-03-15 23:56:21:031] [vo.logVo.LogVo.<init>] [INFO] 日志实例已初始化...
[2020-03-15 23:56:21:032] [vo.logVo.LogVo.<init>] [INFO] 日志实例已初始化...
[2020-03-15 23:56:21:032] [vo.logVo.LogVo.<init>] [INFO] 日志实例已初始化...
[2020-03-15 23:56:21:034] [vo.logVo.LogVo.<init>] [INFO] 日志实例已初始化...
[2020-03-15 23:56:21:035] [vo.logVo.LogVo.<init>] [INFO] 日志实例已初始化...
[2020-03-15 23:56:21:036] [vo.logVo.LogVo.<init>] [INFO] 日志实例已初始化...
[2020-03-15 23:56:21:037] [vo.logVo.LogVo.<init>] [INFO] 日志实例已初始化...
[2020-03-15 23:56:21:037] [vo.logVo.LogVo.<init>] [INFO] 日志实例已初始化...
[2020-03-15 23:56:21:038] [vo.logVo.LogVo.<init>] [INFO] 日志实例已初始化...
[2020-03-15 23:56:21:038] [vo.logVo.LogVo.<init>] [INFO] 日志实例已初始化...
[2020-03-15 23:56:21:039] [vo.logVo.LogVo.<init>] [INFO] 日志实例已初始化...
[2020-03-15 23:56:21:041] [vo.logVo.LogVo.<init>] [INFO] 日志实例已初始化...
[2020-03-15 23:56:21:047] [vo.logVo.LogVo.<init>] [INFO] 日志实例已初始化...
[2020-03-15 23:56:21:048] [vo.logVo.LogVo.<init>] [INFO] 日志实例已初始化...
[2020-03-15 23:56:21:049] [vo.logVo.LogVo.<init>] [INFO] 日志实例已初始化...
[2020-03-15 23:56:21:049] [vo.logVo.LogVo.<init>] [INFO] 日志实例已初始化...
[2020-03-15 23:56:21:050] [vo.logVo.LogVo.<init>] [INFO] 日志实例已初始化...
[2020-03-15 23:56:21:051] [vo.logVo.LogVo.<init>] [INFO] 日志实例已初始化...
[2020-03-15 23:56:21:052] [vo.logVo.LogVo.<init>] [INFO] 日志实例已初始化...
[2020-03-15 23:56:21:055] [vo.logVo.LogVo.<init>] [INFO] 日志实例已初始化...
[2020-03-15 23:56:21:056] [vo.logVo.LogVo.<init>] [INFO] 日志实例已初始化...
[2020-03-15 23:56:21:062] [vo.logVo.LogVo.<init>] [INFO] 日志实例已初始化...
[2020-03-15 23:56:21:062] [vo.logVo.LogVo.<init>] [INFO] 日志实例已初始化...
[2020-03-15 23:56:21:080] [vo.logVo.LogVo.<init>] [INFO] 日志实例已初始化...
[2020-03-15 23:56:21:081] [vo.logVo.LogVo.<init>] [INFO] 日志实例已初始化...
[2020-03-15 23:56:21:081] [vo.logVo.LogVo.<init>] [INFO] 日志实例已初始化...
[2020-03-15 23:56:21:082] [vo.logVo.LogVo.<init>] [INFO] 日志实例已初始化...
[2020-03-15 23:56:21:082] [vo.logVo.LogVo.<init>] [INFO] 日志实例已初始化...
[2020-03-15 23:56:21:084] [vo.logVo.LogVo.<init>] [INFO] 日志实例已初始化...
[2020-03-15 23:56:21:086] [vo.logVo.LogVo.<init>] [INFO] 日志实例已初始化...
[2020-03-15 23:56:21:087] [vo.logVo.LogVo.<init>] [INFO] 日志实例已初始化...
[2020-03-15 23:56:21:088] [vo.logVo.LogVo.<init>] [INFO] 日志实例已初始化...
[2020-03-15 23:56:21:096] [vo.logVo.LogVo.<init>] [INFO] 日志实例已初始化...
[2020-03-15 23:56:21:097] [vo.logVo.LogVo.<init>] [INFO] 日志实例已初始化...
[2020-03-15 23:56:21:098] [vo.logVo.LogVo.<init>] [INFO] 日志实例已初始化...
[2020-03-15 23:56:21:101] [vo.logVo.LogVo.<init>] [INFO] 日志实例已初始化...
[2020-03-15 23:56:21:102] [vo.logVo.LogVo.<init>] [INFO] 日志实例已初始化...
[2020-03-15 23:56:21:102] [vo.logVo.LogVo.<init>] [INFO] 日志实例已初始化...
[2020-03-15 23:56:21:103] [vo.logVo.LogVo.<init>] [INFO] 日志实例已初始化...
[2020-03-15 23:56:21:104] [vo.logVo.LogVo.<init>] [INFO] 日志实例已初始化...
[2020-03-15 23:56:21:104] [vo.logVo.LogVo.<init>] [INFO] 日志实例已初始化...
[2020-03-15 23:56:21:110] [vo.logVo.LogVo.<init>] [INFO] 日志实例已初始化...
[2020-03-15 23:56:21:111] [vo.logVo.LogVo.<init>] [INFO] 日志实例已初始化...
[2020-03-15 23:56:21:111] [vo.logVo.LogVo.<init>] [INFO] 日志实例已初始化...
[2020-03-15 23:56:21:112] [vo.logVo.LogVo.<init>] [INFO] 日志实例已初始化...
[2020-03-15 23:56:21:112] [vo.logVo.LogVo.<init>] [INFO] 日志实例已初始化...
[2020-03-15 23:56:21:113] [vo.logVo.LogVo.<init>] [INFO] 日志实例已初始化...
[2020-03-15 23:56:21:113] [vo.logVo.LogVo.<init>] [INFO] 日志实例已初始化...
[2020-03-15 23:56:21:115] [vo.logVo.LogVo.<init>] [INFO] 日志实例已初始化...
[2020-03-15 23:56:21:116] [vo.logVo.LogVo.<init>] [INFO] 日志实例已初始化...
[2020-03-15 23:56:21:117] [vo.logVo.LogVo.<init>] [INFO] 日志实例已初始化...
[2020-03-15 23:56:21:118] [vo.logVo.LogVo.<init>] [INFO] 日志实例已初始化...
[2020-03-15 23:56:21:119] [vo.logVo.LogVo.<init>] [INFO] 日志实例已初始化...
[2020-03-15 23:56:21:120] [vo.logVo.LogVo.<init>] [INFO] 日志实例已初始化...
[2020-03-15 23:56:21:121] [vo.logVo.LogVo.<init>] [INFO] 日志实例已初始化...
[2020-03-15 23:56:21:125] [vo.logVo.LogVo.<init>] [INFO] 日志实例已初始化...
[2020-03-15 23:56:21:126] [vo.logVo.LogVo.<init>] [INFO] 日志实例已初始化...
[2020-03-15 23:56:21:127] [vo.logVo.LogVo.<init>] [INFO] 日志实例已初始化...
[2020-03-15 23:56:21:128] [vo.logVo.LogVo.<init>] [INFO] 日志实例已初始化...
[2020-03-15 23:56:21:129] [vo.logVo.LogVo.<init>] [INFO] 日志实例已初始化...
[2020-03-15 23:56:21:130] [vo.logVo.LogVo.<init>] [INFO] 日志实例已初始化...
[2020-03-15 23:56:21:130] [vo.logVo.LogVo.<init>] [INFO] 日志实例已初始化...
[2020-03-15 23:56:21:132] [vo.logVo.LogVo.<init>] [INFO] 日志实例已初始化...
[2020-03-15 23:56:21:133] [vo.logVo.LogVo.<init>] [INFO] 日志实例已初始化...
[2020-03-15 23:56:21:136] [vo.logVo.LogVo.<init>] [INFO] 日志实例已初始化...
[2020-03-15 23:56:21:136] [vo.logVo.LogVo.<init>] [INFO] 日志实例已初始化...
[2020-03-15 23:56:21:138] [vo.logVo.LogVo.<init>] [INFO] 日志实例已初始化...
[2020-03-15 23:56:21:139] [vo.logVo.LogVo.<init>] [INFO] 日志实例已初始化...
[2020-03-15 23:56:21:144] [vo.logVo.LogVo.<init>] [INFO] 日志实例已初始化...
[2020-03-15 23:56:21:147] [vo.logVo.LogVo.<init>] [INFO] 日志实例已初始化...
[2020-03-15 23:56:21:149] [vo.logVo.LogVo.<init>] [INFO] 日志实例已初始化...
[2020-03-15 23:56:21:150] [vo.logVo.LogVo.<init>] [INFO] 日志实例已初始化...
[2020-03-15 23:56:21:150] [vo.logVo.LogVo.<init>] [INFO] 日志实例已初始化...
[2020-03-15 23:56:21:152] [vo.logVo.LogVo.<init>] [INFO] 日志实例已初始化...
[2020-03-15 23:56:21:153] [vo.logVo.LogVo.<init>] [INFO] 日志实例已初始化...
[2020-03-15 23:56:21:154] [vo.logVo.LogVo.<init>] [INFO] 日志实例已初始化...
[2020-03-15 23:56:21:155] [vo.logVo.LogVo.<init>] [INFO] 日志实例已初始化...
[2020-03-15 23:56:21:160] [vo.logVo.LogVo.<init>] [INFO] 日志实例已初始化...
[2020-03-15 23:56:21:162] [vo.logVo.LogVo.<init>] [INFO] 日志实例已初始化...
[2020-03-15 23:56:21:162] [vo.logVo.LogVo.<init>] [INFO] 日志实例已初始化...
[2020-03-15 23:56:21:163] [vo.logVo.LogVo.<init>] [INFO] 日志实例已初始化...
[2020-03-15 23:56:21:164] [vo.logVo.LogVo.<init>] [INFO] 日志实例已初始化...
[2020-03-15 23:56:21:165] [vo.logVo.LogVo.<init>] [INFO] 日志实例已初始化...
[2020-03-15 23:56:21:166] [vo.logVo.LogVo.<init>] [INFO] 日志实例已初始化...
[2020-03-15 23:56:21:166] [vo.logVo.LogVo.<init>] [INFO] 日志实例已初始化...
[2020-03-15 23:56:21:167] [vo.logVo.LogVo.<init>] [INFO] 日志实例已初始化...
[2020-03-15 23:56:21:167] [vo.logVo.LogVo.<init>] [INFO] 日志实例已初始化...
[2020-03-15 23:56:21:168] [vo.logVo.LogVo.<init>] [INFO] 日志实例已初始化...
[2020-03-15 23:56:21:169] [vo.logVo.LogVo.<init>] [INFO] 日志实例已初始化...
[2020-03-15 23:56:21:169] [vo.logVo.LogVo.<init>] [INFO] 日志实例已初始化...
[2020-03-15 23:56:21:170] [vo.logVo.LogVo.<init>] [INFO] 日志实例已初始化...
[2020-03-15 23:56:21:170] [vo.logVo.LogVo.<init>] [INFO] 日志实例已初始化...
[2020-03-15 23:56:21:171] [vo.logVo.LogVo.<init>] [INFO] 日志实例已初始化...
[2020-03-15 23:56:21:172] [vo.logVo.LogVo.<init>] [INFO] 日志实例已初始化...
[2020-03-15 23:56:21:172] [vo.logVo.LogVo.<init>] [INFO] 日志实例已初始化...
[2020-03-15 23:56:21:173] [vo.logVo.LogVo.<init>] [INFO] 日志实例已初始化...
[2020-03-15 23:56:21:174] [vo.logVo.LogVo.<init>] [INFO] 日志实例已初始化...
[2020-03-15 23:56:21:177] [vo.logVo.LogVo.<init>] [INFO] 日志实例已初始化...
[2020-03-15 23:56:21:177] [vo.logVo.LogVo.<init>] [INFO] 日志实例已初始化...
[2020-03-15 23:56:21:178] [vo.logVo.LogVo.<init>] [INFO] 日志实例已初始化...
[2020-03-15 23:56:21:192] [vo.logVo.LogVo.<init>] [INFO] 日志实例已初始化...
[2020-03-15 23:56:21:203] [vo.logVo.LogVo.<init>] [INFO] 日志实例已初始化...
[2020-03-15 23:56:21:439] [aop.AnnotationCommenAop.writeLog] [INFO] 保存操作日志成功.
[2020-03-15 23:56:22:798] [aop.AnnotationCommenAop.writeLog] [INFO] 开始保存操作日志...
[2020-03-15 23:56:22:828] [aop.AnnotationCommenAop.writeLog] [INFO] 保存操作日志成功.
[2020-03-15 23:56:22:829] [aop.AnnotationCommenAop.writeLog] [INFO] 开始保存操作日志...
[2020-03-15 23:56:22:836] [vo.logVo.LogVo.<init>] [INFO] 日志实例已初始化...
[2020-03-15 23:56:22:837] [vo.logVo.LogVo.<init>] [INFO] 日志实例已初始化...
[2020-03-15 23:56:22:838] [vo.logVo.LogVo.<init>] [INFO] 日志实例已初始化...
[2020-03-15 23:56:22:839] [vo.logVo.LogVo.<init>] [INFO] 日志实例已初始化...
[2020-03-15 23:56:22:839] [vo.logVo.LogVo.<init>] [INFO] 日志实例已初始化...
[2020-03-15 23:56:22:840] [vo.logVo.LogVo.<init>] [INFO] 日志实例已初始化...
[2020-03-15 23:56:22:841] [vo.logVo.LogVo.<init>] [INFO] 日志实例已初始化...
[2020-03-15 23:56:22:841] [vo.logVo.LogVo.<init>] [INFO] 日志实例已初始化...
[2020-03-15 23:56:22:842] [vo.logVo.LogVo.<init>] [INFO] 日志实例已初始化...
[2020-03-15 23:56:22:843] [vo.logVo.LogVo.<init>] [INFO] 日志实例已初始化...
[2020-03-15 23:56:22:845] [vo.logVo.LogVo.<init>] [INFO] 日志实例已初始化...
[2020-03-15 23:56:22:845] [vo.logVo.LogVo.<init>] [INFO] 日志实例已初始化...
[2020-03-15 23:56:22:846] [vo.logVo.LogVo.<init>] [INFO] 日志实例已初始化...
[2020-03-15 23:56:22:847] [vo.logVo.LogVo.<init>] [INFO] 日志实例已初始化...
[2020-03-15 23:56:22:847] [vo.logVo.LogVo.<init>] [INFO] 日志实例已初始化...
[2020-03-15 23:56:22:848] [vo.logVo.LogVo.<init>] [INFO] 日志实例已初始化...
[2020-03-15 23:56:22:848] [vo.logVo.LogVo.<init>] [INFO] 日志实例已初始化...
[2020-03-15 23:56:22:849] [vo.logVo.LogVo.<init>] [INFO] 日志实例已初始化...
[2020-03-15 23:56:22:850] [vo.logVo.LogVo.<init>] [INFO] 日志实例已初始化...
[2020-03-15 23:56:22:851] [vo.logVo.LogVo.<init>] [INFO] 日志实例已初始化...
[2020-03-15 23:56:22:851] [vo.logVo.LogVo.<init>] [INFO] 日志实例已初始化...
[2020-03-15 23:56:22:853] [vo.logVo.LogVo.<init>] [INFO] 日志实例已初始化...
[2020-03-15 23:56:22:853] [vo.logVo.LogVo.<init>] [INFO] 日志实例已初始化...
[2020-03-15 23:56:22:854] [vo.logVo.LogVo.<init>] [INFO] 日志实例已初始化...
[2020-03-15 23:56:22:854] [vo.logVo.LogVo.<init>] [INFO] 日志实例已初始化...
[2020-03-15 23:56:22:855] [vo.logVo.LogVo.<init>] [INFO] 日志实例已初始化...
[2020-03-15 23:56:22:856] [vo.logVo.LogVo.<init>] [INFO] 日志实例已初始化...
[2020-03-15 23:56:22:856] [vo.logVo.LogVo.<init>] [INFO] 日志实例已初始化...
[2020-03-15 23:56:22:857] [vo.logVo.LogVo.<init>] [INFO] 日志实例已初始化...
[2020-03-15 23:56:22:857] [vo.logVo.LogVo.<init>] [INFO] 日志实例已初始化...
[2020-03-15 23:56:22:858] [vo.logVo.LogVo.<init>] [INFO] 日志实例已初始化...
[2020-03-15 23:56:22:859] [vo.logVo.LogVo.<init>] [INFO] 日志实例已初始化...
[2020-03-15 23:56:22:860] [vo.logVo.LogVo.<init>] [INFO] 日志实例已初始化...
[2020-03-15 23:56:22:861] [vo.logVo.LogVo.<init>] [INFO] 日志实例已初始化...
[2020-03-15 23:56:22:861] [vo.logVo.LogVo.<init>] [INFO] 日志实例已初始化...
[2020-03-15 23:56:22:862] [vo.logVo.LogVo.<init>] [INFO] 日志实例已初始化...
[2020-03-15 23:56:22:863] [vo.logVo.LogVo.<init>] [INFO] 日志实例已初始化...
[2020-03-15 23:56:22:865] [vo.logVo.LogVo.<init>] [INFO] 日志实例已初始化...
[2020-03-15 23:56:22:866] [vo.logVo.LogVo.<init>] [INFO] 日志实例已初始化...
[2020-03-15 23:56:22:867] [vo.logVo.LogVo.<init>] [INFO] 日志实例已初始化...
[2020-03-15 23:56:22:870] [vo.logVo.LogVo.<init>] [INFO] 日志实例已初始化...
[2020-03-15 23:56:22:871] [vo.logVo.LogVo.<init>] [INFO] 日志实例已初始化...
[2020-03-15 23:56:22:872] [vo.logVo.LogVo.<init>] [INFO] 日志实例已初始化...
[2020-03-15 23:56:22:873] [vo.logVo.LogVo.<init>] [INFO] 日志实例已初始化...
[2020-03-15 23:56:22:874] [vo.logVo.LogVo.<init>] [INFO] 日志实例已初始化...
[2020-03-15 23:56:22:875] [vo.logVo.LogVo.<init>] [INFO] 日志实例已初始化...
[2020-03-15 23:56:22:876] [vo.logVo.LogVo.<init>] [INFO] 日志实例已初始化...
[2020-03-15 23:56:22:879] [vo.logVo.LogVo.<init>] [INFO] 日志实例已初始化...
[2020-03-15 23:56:22:880] [vo.logVo.LogVo.<init>] [INFO] 日志实例已初始化...
[2020-03-15 23:56:22:881] [vo.logVo.LogVo.<init>] [INFO] 日志实例已初始化...
[2020-03-15 23:56:22:883] [vo.logVo.LogVo.<init>] [INFO] 日志实例已初始化...
[2020-03-15 23:56:22:886] [vo.logVo.LogVo.<init>] [INFO] 日志实例已初始化...
[2020-03-15 23:56:22:887] [vo.logVo.LogVo.<init>] [INFO] 日志实例已初始化...
[2020-03-15 23:56:22:888] [vo.logVo.LogVo.<init>] [INFO] 日志实例已初始化...
[2020-03-15 23:56:22:889] [vo.logVo.LogVo.<init>] [INFO] 日志实例已初始化...
[2020-03-15 23:56:22:891] [vo.logVo.LogVo.<init>] [INFO] 日志实例已初始化...
[2020-03-15 23:56:22:891] [vo.logVo.LogVo.<init>] [INFO] 日志实例已初始化...
[2020-03-15 23:56:22:893] [vo.logVo.LogVo.<init>] [INFO] 日志实例已初始化...
[2020-03-15 23:56:22:895] [vo.logVo.LogVo.<init>] [INFO] 日志实例已初始化...
[2020-03-15 23:56:22:896] [vo.logVo.LogVo.<init>] [INFO] 日志实例已初始化...
[2020-03-15 23:56:22:897] [vo.logVo.LogVo.<init>] [INFO] 日志实例已初始化...
[2020-03-15 23:56:22:898] [vo.logVo.LogVo.<init>] [INFO] 日志实例已初始化...
[2020-03-15 23:56:22:898] [vo.logVo.LogVo.<init>] [INFO] 日志实例已初始化...
[2020-03-15 23:56:22:899] [vo.logVo.LogVo.<init>] [INFO] 日志实例已初始化...
[2020-03-15 23:56:22:900] [vo.logVo.LogVo.<init>] [INFO] 日志实例已初始化...
[2020-03-15 23:56:22:901] [vo.logVo.LogVo.<init>] [INFO] 日志实例已初始化...
[2020-03-15 23:56:22:902] [vo.logVo.LogVo.<init>] [INFO] 日志实例已初始化...
[2020-03-15 23:56:22:903] [vo.logVo.LogVo.<init>] [INFO] 日志实例已初始化...
[2020-03-15 23:56:22:903] [vo.logVo.LogVo.<init>] [INFO] 日志实例已初始化...
[2020-03-15 23:56:22:904] [vo.logVo.LogVo.<init>] [INFO] 日志实例已初始化...
[2020-03-15 23:56:22:904] [vo.logVo.LogVo.<init>] [INFO] 日志实例已初始化...
[2020-03-15 23:56:22:905] [vo.logVo.LogVo.<init>] [INFO] 日志实例已初始化...
[2020-03-15 23:56:22:906] [vo.logVo.LogVo.<init>] [INFO] 日志实例已初始化...
[2020-03-15 23:56:22:906] [vo.logVo.LogVo.<init>] [INFO] 日志实例已初始化...
[2020-03-15 23:56:22:907] [vo.logVo.LogVo.<init>] [INFO] 日志实例已初始化...
[2020-03-15 23:56:22:912] [vo.logVo.LogVo.<init>] [INFO] 日志实例已初始化...
[2020-03-15 23:56:22:915] [vo.logVo.LogVo.<init>] [INFO] 日志实例已初始化...
[2020-03-15 23:56:22:916] [vo.logVo.LogVo.<init>] [INFO] 日志实例已初始化...
[2020-03-15 23:56:22:917] [vo.logVo.LogVo.<init>] [INFO] 日志实例已初始化...
[2020-03-15 23:56:22:917] [vo.logVo.LogVo.<init>] [INFO] 日志实例已初始化...
[2020-03-15 23:56:22:917] [vo.logVo.LogVo.<init>] [INFO] 日志实例已初始化...
[2020-03-15 23:56:22:918] [vo.logVo.LogVo.<init>] [INFO] 日志实例已初始化...
[2020-03-15 23:56:22:919] [vo.logVo.LogVo.<init>] [INFO] 日志实例已初始化...
[2020-03-15 23:56:22:919] [vo.logVo.LogVo.<init>] [INFO] 日志实例已初始化...
[2020-03-15 23:56:22:920] [vo.logVo.LogVo.<init>] [INFO] 日志实例已初始化...
[2020-03-15 23:56:22:920] [vo.logVo.LogVo.<init>] [INFO] 日志实例已初始化...
[2020-03-15 23:56:22:920] [vo.logVo.LogVo.<init>] [INFO] 日志实例已初始化...
[2020-03-15 23:56:22:921] [vo.logVo.LogVo.<init>] [INFO] 日志实例已初始化...
[2020-03-15 23:56:22:923] [vo.logVo.LogVo.<init>] [INFO] 日志实例已初始化...
[2020-03-15 23:56:22:923] [vo.logVo.LogVo.<init>] [INFO] 日志实例已初始化...
[2020-03-15 23:56:22:924] [vo.logVo.LogVo.<init>] [INFO] 日志实例已初始化...
[2020-03-15 23:56:22:925] [vo.logVo.LogVo.<init>] [INFO] 日志实例已初始化...
[2020-03-15 23:56:22:926] [vo.logVo.LogVo.<init>] [INFO] 日志实例已初始化...
[2020-03-15 23:56:22:927] [vo.logVo.LogVo.<init>] [INFO] 日志实例已初始化...
[2020-03-15 23:56:22:927] [vo.logVo.LogVo.<init>] [INFO] 日志实例已初始化...
[2020-03-15 23:56:22:928] [vo.logVo.LogVo.<init>] [INFO] 日志实例已初始化...
[2020-03-15 23:56:22:928] [vo.logVo.LogVo.<init>] [INFO] 日志实例已初始化...
[2020-03-15 23:56:22:929] [vo.logVo.LogVo.<init>] [INFO] 日志实例已初始化...
[2020-03-15 23:56:22:929] [vo.logVo.LogVo.<init>] [INFO] 日志实例已初始化...
[2020-03-15 23:56:22:930] [vo.logVo.LogVo.<init>] [INFO] 日志实例已初始化...
[2020-03-15 23:56:22:931] [vo.logVo.LogVo.<init>] [INFO] 日志实例已初始化...
[2020-03-15 23:56:22:931] [vo.logVo.LogVo.<init>] [INFO] 日志实例已初始化...
[2020-03-15 23:56:22:932] [vo.logVo.LogVo.<init>] [INFO] 日志实例已初始化...
[2020-03-15 23:56:22:933] [vo.logVo.LogVo.<init>] [INFO] 日志实例已初始化...
[2020-03-15 23:56:22:933] [vo.logVo.LogVo.<init>] [INFO] 日志实例已初始化...
[2020-03-15 23:56:22:935] [vo.logVo.LogVo.<init>] [INFO] 日志实例已初始化...
[2020-03-15 23:56:22:936] [vo.logVo.LogVo.<init>] [INFO] 日志实例已初始化...
[2020-03-15 23:56:22:937] [vo.logVo.LogVo.<init>] [INFO] 日志实例已初始化...
[2020-03-15 23:56:22:937] [vo.logVo.LogVo.<init>] [INFO] 日志实例已初始化...
[2020-03-15 23:56:22:938] [vo.logVo.LogVo.<init>] [INFO] 日志实例已初始化...
[2020-03-15 23:56:22:939] [vo.logVo.LogVo.<init>] [INFO] 日志实例已初始化...
[2020-03-15 23:56:22:939] [vo.logVo.LogVo.<init>] [INFO] 日志实例已初始化...
[2020-03-15 23:56:22:940] [vo.logVo.LogVo.<init>] [INFO] 日志实例已初始化...
[2020-03-15 23:56:22:940] [vo.logVo.LogVo.<init>] [INFO] 日志实例已初始化...
[2020-03-15 23:56:22:941] [vo.logVo.LogVo.<init>] [INFO] 日志实例已初始化...
[2020-03-15 23:56:22:949] [vo.logVo.LogVo.<init>] [INFO] 日志实例已初始化...
[2020-03-15 23:56:22:949] [vo.logVo.LogVo.<init>] [INFO] 日志实例已初始化...
[2020-03-15 23:56:22:964] [vo.logVo.LogVo.<init>] [INFO] 日志实例已初始化...
[2020-03-15 23:56:22:965] [vo.logVo.LogVo.<init>] [INFO] 日志实例已初始化...
[2020-03-15 23:56:22:966] [vo.logVo.LogVo.<init>] [INFO] 日志实例已初始化...
[2020-03-15 23:56:22:966] [vo.logVo.LogVo.<init>] [INFO] 日志实例已初始化...
[2020-03-15 23:56:22:967] [vo.logVo.LogVo.<init>] [INFO] 日志实例已初始化...
[2020-03-15 23:56:22:968] [vo.logVo.LogVo.<init>] [INFO] 日志实例已初始化...
[2020-03-15 23:56:22:968] [vo.logVo.LogVo.<init>] [INFO] 日志实例已初始化...
[2020-03-15 23:56:22:969] [vo.logVo.LogVo.<init>] [INFO] 日志实例已初始化...
[2020-03-15 23:56:22:970] [vo.logVo.LogVo.<init>] [INFO] 日志实例已初始化...
[2020-03-15 23:56:22:970] [vo.logVo.LogVo.<init>] [INFO] 日志实例已初始化...
[2020-03-15 23:56:22:971] [vo.logVo.LogVo.<init>] [INFO] 日志实例已初始化...
[2020-03-15 23:56:22:972] [vo.logVo.LogVo.<init>] [INFO] 日志实例已初始化...
[2020-03-15 23:56:22:972] [vo.logVo.LogVo.<init>] [INFO] 日志实例已初始化...
[2020-03-15 23:56:22:973] [vo.logVo.LogVo.<init>] [INFO] 日志实例已初始化...
[2020-03-15 23:56:22:974] [vo.logVo.LogVo.<init>] [INFO] 日志实例已初始化...
[2020-03-15 23:56:22:976] [vo.logVo.LogVo.<init>] [INFO] 日志实例已初始化...
[2020-03-15 23:56:22:976] [vo.logVo.LogVo.<init>] [INFO] 日志实例已初始化...
[2020-03-15 23:56:22:977] [vo.logVo.LogVo.<init>] [INFO] 日志实例已初始化...
[2020-03-15 23:56:22:978] [vo.logVo.LogVo.<init>] [INFO] 日志实例已初始化...
[2020-03-15 23:56:22:979] [vo.logVo.LogVo.<init>] [INFO] 日志实例已初始化...
[2020-03-15 23:56:22:979] [vo.logVo.LogVo.<init>] [INFO] 日志实例已初始化...
[2020-03-15 23:56:22:980] [vo.logVo.LogVo.<init>] [INFO] 日志实例已初始化...
[2020-03-15 23:56:22:981] [vo.logVo.LogVo.<init>] [INFO] 日志实例已初始化...
[2020-03-15 23:56:22:982] [vo.logVo.LogVo.<init>] [INFO] 日志实例已初始化...
[2020-03-15 23:56:22:983] [vo.logVo.LogVo.<init>] [INFO] 日志实例已初始化...
[2020-03-15 23:56:22:984] [vo.logVo.LogVo.<init>] [INFO] 日志实例已初始化...
[2020-03-15 23:56:22:985] [vo.logVo.LogVo.<init>] [INFO] 日志实例已初始化...
[2020-03-15 23:56:22:985] [vo.logVo.LogVo.<init>] [INFO] 日志实例已初始化...
[2020-03-15 23:56:22:986] [vo.logVo.LogVo.<init>] [INFO] 日志实例已初始化...
[2020-03-15 23:56:22:986] [vo.logVo.LogVo.<init>] [INFO] 日志实例已初始化...
[2020-03-15 23:56:22:986] [vo.logVo.LogVo.<init>] [INFO] 日志实例已初始化...
[2020-03-15 23:56:22:987] [vo.logVo.LogVo.<init>] [INFO] 日志实例已初始化...
[2020-03-15 23:56:22:987] [vo.logVo.LogVo.<init>] [INFO] 日志实例已初始化...
[2020-03-15 23:56:22:987] [vo.logVo.LogVo.<init>] [INFO] 日志实例已初始化...
[2020-03-15 23:56:22:988] [vo.logVo.LogVo.<init>] [INFO] 日志实例已初始化...
[2020-03-15 23:56:22:988] [vo.logVo.LogVo.<init>] [INFO] 日志实例已初始化...
[2020-03-15 23:56:22:989] [vo.logVo.LogVo.<init>] [INFO] 日志实例已初始化...
[2020-03-15 23:56:22:991] [vo.logVo.LogVo.<init>] [INFO] 日志实例已初始化...
[2020-03-15 23:56:22:992] [vo.logVo.LogVo.<init>] [INFO] 日志实例已初始化...
[2020-03-15 23:56:22:993] [vo.logVo.LogVo.<init>] [INFO] 日志实例已初始化...
[2020-03-15 23:56:22:993] [vo.logVo.LogVo.<init>] [INFO] 日志实例已初始化...
[2020-03-15 23:56:22:993] [vo.logVo.LogVo.<init>] [INFO] 日志实例已初始化...
[2020-03-15 23:56:22:994] [vo.logVo.LogVo.<init>] [INFO] 日志实例已初始化...
[2020-03-15 23:56:22:994] [vo.logVo.LogVo.<init>] [INFO] 日志实例已初始化...
[2020-03-15 23:56:22:994] [vo.logVo.LogVo.<init>] [INFO] 日志实例已初始化...
[2020-03-15 23:56:22:995] [vo.logVo.LogVo.<init>] [INFO] 日志实例已初始化...
[2020-03-15 23:56:22:995] [vo.logVo.LogVo.<init>] [INFO] 日志实例已初始化...
[2020-03-15 23:56:22:995] [vo.logVo.LogVo.<init>] [INFO] 日志实例已初始化...
[2020-03-15 23:56:22:995] [vo.logVo.LogVo.<init>] [INFO] 日志实例已初始化...
[2020-03-15 23:56:22:996] [vo.logVo.LogVo.<init>] [INFO] 日志实例已初始化...
[2020-03-15 23:56:22:996] [vo.logVo.LogVo.<init>] [INFO] 日志实例已初始化...
[2020-03-15 23:56:22:997] [vo.logVo.LogVo.<init>] [INFO] 日志实例已初始化...
[2020-03-15 23:56:22:997] [vo.logVo.LogVo.<init>] [INFO] 日志实例已初始化...
[2020-03-15 23:56:22:997] [vo.logVo.LogVo.<init>] [INFO] 日志实例已初始化...
[2020-03-15 23:56:22:998] [vo.logVo.LogVo.<init>] [INFO] 日志实例已初始化...
[2020-03-15 23:56:22:998] [vo.logVo.LogVo.<init>] [INFO] 日志实例已初始化...
[2020-03-15 23:56:22:998] [vo.logVo.LogVo.<init>] [INFO] 日志实例已初始化...
[2020-03-15 23:56:22:999] [vo.logVo.LogVo.<init>] [INFO] 日志实例已初始化...
[2020-03-15 23:56:22:999] [vo.logVo.LogVo.<init>] [INFO] 日志实例已初始化...
[2020-03-15 23:56:22:999] [vo.logVo.LogVo.<init>] [INFO] 日志实例已初始化...
[2020-03-15 23:56:22:999] [vo.logVo.LogVo.<init>] [INFO] 日志实例已初始化...
[2020-03-15 23:56:23:000] [vo.logVo.LogVo.<init>] [INFO] 日志实例已初始化...
[2020-03-15 23:56:23:000] [vo.logVo.LogVo.<init>] [INFO] 日志实例已初始化...
[2020-03-15 23:56:23:000] [vo.logVo.LogVo.<init>] [INFO] 日志实例已初始化...
[2020-03-15 23:56:23:001] [vo.logVo.LogVo.<init>] [INFO] 日志实例已初始化...
[2020-03-15 23:56:23:001] [vo.logVo.LogVo.<init>] [INFO] 日志实例已初始化...
[2020-03-15 23:56:23:001] [vo.logVo.LogVo.<init>] [INFO] 日志实例已初始化...
[2020-03-15 23:56:23:002] [vo.logVo.LogVo.<init>] [INFO] 日志实例已初始化...
[2020-03-15 23:56:23:002] [vo.logVo.LogVo.<init>] [INFO] 日志实例已初始化...
[2020-03-15 23:56:23:002] [vo.logVo.LogVo.<init>] [INFO] 日志实例已初始化...
[2020-03-15 23:56:23:002] [vo.logVo.LogVo.<init>] [INFO] 日志实例已初始化...
[2020-03-15 23:56:23:003] [vo.logVo.LogVo.<init>] [INFO] 日志实例已初始化...
[2020-03-15 23:56:23:003] [vo.logVo.LogVo.<init>] [INFO] 日志实例已初始化...
[2020-03-15 23:56:23:007] [vo.logVo.LogVo.<init>] [INFO] 日志实例已初始化...
[2020-03-15 23:56:23:008] [vo.logVo.LogVo.<init>] [INFO] 日志实例已初始化...
[2020-03-15 23:56:23:011] [vo.logVo.LogVo.<init>] [INFO] 日志实例已初始化...
[2020-03-15 23:56:23:011] [vo.logVo.LogVo.<init>] [INFO] 日志实例已初始化...
[2020-03-15 23:56:23:016] [vo.logVo.LogVo.<init>] [INFO] 日志实例已初始化...
[2020-03-15 23:56:23:017] [vo.logVo.LogVo.<init>] [INFO] 日志实例已初始化...
[2020-03-15 23:56:23:018] [vo.logVo.LogVo.<init>] [INFO] 日志实例已初始化...
[2020-03-15 23:56:23:018] [vo.logVo.LogVo.<init>] [INFO] 日志实例已初始化...
[2020-03-15 23:56:23:019] [vo.logVo.LogVo.<init>] [INFO] 日志实例已初始化...
[2020-03-15 23:56:23:019] [vo.logVo.LogVo.<init>] [INFO] 日志实例已初始化...
[2020-03-15 23:56:23:020] [vo.logVo.LogVo.<init>] [INFO] 日志实例已初始化...
[2020-03-15 23:56:23:021] [vo.logVo.LogVo.<init>] [INFO] 日志实例已初始化...
[2020-03-15 23:56:23:025] [vo.logVo.LogVo.<init>] [INFO] 日志实例已初始化...
[2020-03-15 23:56:23:026] [vo.logVo.LogVo.<init>] [INFO] 日志实例已初始化...
[2020-03-15 23:56:23:027] [vo.logVo.LogVo.<init>] [INFO] 日志实例已初始化...
[2020-03-15 23:56:23:028] [vo.logVo.LogVo.<init>] [INFO] 日志实例已初始化...
[2020-03-15 23:56:23:029] [vo.logVo.LogVo.<init>] [INFO] 日志实例已初始化...
[2020-03-15 23:56:23:029] [vo.logVo.LogVo.<init>] [INFO] 日志实例已初始化...
[2020-03-15 23:56:23:030] [vo.logVo.LogVo.<init>] [INFO] 日志实例已初始化...
[2020-03-15 23:56:23:030] [vo.logVo.LogVo.<init>] [INFO] 日志实例已初始化...
[2020-03-15 23:56:23:031] [vo.logVo.LogVo.<init>] [INFO] 日志实例已初始化...
[2020-03-15 23:56:23:031] [vo.logVo.LogVo.<init>] [INFO] 日志实例已初始化...
[2020-03-15 23:56:23:032] [vo.logVo.LogVo.<init>] [INFO] 日志实例已初始化...
[2020-03-15 23:56:23:034] [vo.logVo.LogVo.<init>] [INFO] 日志实例已初始化...
[2020-03-15 23:56:23:037] [vo.logVo.LogVo.<init>] [INFO] 日志实例已初始化...
[2020-03-15 23:56:23:039] [vo.logVo.LogVo.<init>] [INFO] 日志实例已初始化...
[2020-03-15 23:56:23:041] [vo.logVo.LogVo.<init>] [INFO] 日志实例已初始化...
[2020-03-15 23:56:23:041] [vo.logVo.LogVo.<init>] [INFO] 日志实例已初始化...
[2020-03-15 23:56:23:042] [vo.logVo.LogVo.<init>] [INFO] 日志实例已初始化...
[2020-03-15 23:56:23:042] [vo.logVo.LogVo.<init>] [INFO] 日志实例已初始化...
[2020-03-15 23:56:23:042] [vo.logVo.LogVo.<init>] [INFO] 日志实例已初始化...
[2020-03-15 23:56:23:043] [vo.logVo.LogVo.<init>] [INFO] 日志实例已初始化...
[2020-03-15 23:56:23:043] [vo.logVo.LogVo.<init>] [INFO] 日志实例已初始化...
[2020-03-15 23:56:23:043] [vo.logVo.LogVo.<init>] [INFO] 日志实例已初始化...
[2020-03-15 23:56:23:044] [vo.logVo.LogVo.<init>] [INFO] 日志实例已初始化...
[2020-03-15 23:56:23:045] [vo.logVo.LogVo.<init>] [INFO] 日志实例已初始化...
[2020-03-15 23:56:23:046] [vo.logVo.LogVo.<init>] [INFO] 日志实例已初始化...
[2020-03-15 23:56:23:046] [vo.logVo.LogVo.<init>] [INFO] 日志实例已初始化...
[2020-03-15 23:56:23:047] [vo.logVo.LogVo.<init>] [INFO] 日志实例已初始化...
[2020-03-15 23:56:23:047] [vo.logVo.LogVo.<init>] [INFO] 日志实例已初始化...
[2020-03-15 23:56:23:047] [vo.logVo.LogVo.<init>] [INFO] 日志实例已初始化...
[2020-03-15 23:56:23:048] [vo.logVo.LogVo.<init>] [INFO] 日志实例已初始化...
[2020-03-15 23:56:23:049] [vo.logVo.LogVo.<init>] [INFO] 日志实例已初始化...
[2020-03-15 23:56:23:049] [vo.logVo.LogVo.<init>] [INFO] 日志实例已初始化...
[2020-03-15 23:56:23:050] [vo.logVo.LogVo.<init>] [INFO] 日志实例已初始化...
[2020-03-15 23:56:23:050] [vo.logVo.LogVo.<init>] [INFO] 日志实例已初始化...
[2020-03-15 23:56:23:051] [vo.logVo.LogVo.<init>] [INFO] 日志实例已初始化...
[2020-03-15 23:56:23:051] [vo.logVo.LogVo.<init>] [INFO] 日志实例已初始化...
[2020-03-15 23:56:23:051] [vo.logVo.LogVo.<init>] [INFO] 日志实例已初始化...
[2020-03-15 23:56:23:052] [vo.logVo.LogVo.<init>] [INFO] 日志实例已初始化...
[2020-03-15 23:56:23:052] [vo.logVo.LogVo.<init>] [INFO] 日志实例已初始化...
[2020-03-15 23:56:23:053] [vo.logVo.LogVo.<init>] [INFO] 日志实例已初始化...
[2020-03-15 23:56:23:053] [vo.logVo.LogVo.<init>] [INFO] 日志实例已初始化...
[2020-03-15 23:56:23:054] [vo.logVo.LogVo.<init>] [INFO] 日志实例已初始化...
[2020-03-15 23:56:23:059] [vo.logVo.LogVo.<init>] [INFO] 日志实例已初始化...
[2020-03-15 23:56:23:060] [vo.logVo.LogVo.<init>] [INFO] 日志实例已初始化...
[2020-03-15 23:56:23:060] [vo.logVo.LogVo.<init>] [INFO] 日志实例已初始化...
[2020-03-15 23:56:23:061] [vo.logVo.LogVo.<init>] [INFO] 日志实例已初始化...
[2020-03-15 23:56:23:061] [vo.logVo.LogVo.<init>] [INFO] 日志实例已初始化...
[2020-03-15 23:56:23:062] [vo.logVo.LogVo.<init>] [INFO] 日志实例已初始化...
[2020-03-15 23:56:23:062] [vo.logVo.LogVo.<init>] [INFO] 日志实例已初始化...
[2020-03-15 23:56:23:063] [vo.logVo.LogVo.<init>] [INFO] 日志实例已初始化...
[2020-03-15 23:56:23:063] [vo.logVo.LogVo.<init>] [INFO] 日志实例已初始化...
[2020-03-15 23:56:23:063] [vo.logVo.LogVo.<init>] [INFO] 日志实例已初始化...
[2020-03-15 23:56:23:063] [vo.logVo.LogVo.<init>] [INFO] 日志实例已初始化...
[2020-03-15 23:56:23:064] [vo.logVo.LogVo.<init>] [INFO] 日志实例已初始化...
[2020-03-15 23:56:23:064] [vo.logVo.LogVo.<init>] [INFO] 日志实例已初始化...
[2020-03-15 23:56:23:064] [vo.logVo.LogVo.<init>] [INFO] 日志实例已初始化...
[2020-03-15 23:56:23:065] [vo.logVo.LogVo.<init>] [INFO] 日志实例已初始化...
[2020-03-15 23:56:23:065] [vo.logVo.LogVo.<init>] [INFO] 日志实例已初始化...
[2020-03-15 23:56:23:066] [vo.logVo.LogVo.<init>] [INFO] 日志实例已初始化...
[2020-03-15 23:56:23:066] [vo.logVo.LogVo.<init>] [INFO] 日志实例已初始化...
[2020-03-15 23:56:23:066] [vo.logVo.LogVo.<init>] [INFO] 日志实例已初始化...
[2020-03-15 23:56:23:067] [vo.logVo.LogVo.<init>] [INFO] 日志实例已初始化...
[2020-03-15 23:56:23:067] [vo.logVo.LogVo.<init>] [INFO] 日志实例已初始化...
[2020-03-15 23:56:23:067] [vo.logVo.LogVo.<init>] [INFO] 日志实例已初始化...
[2020-03-15 23:56:23:067] [vo.logVo.LogVo.<init>] [INFO] 日志实例已初始化...
[2020-03-15 23:56:23:068] [vo.logVo.LogVo.<init>] [INFO] 日志实例已初始化...
[2020-03-15 23:56:23:068] [vo.logVo.LogVo.<init>] [INFO] 日志实例已初始化...
[2020-03-15 23:56:23:068] [vo.logVo.LogVo.<init>] [INFO] 日志实例已初始化...
[2020-03-15 23:56:23:069] [vo.logVo.LogVo.<init>] [INFO] 日志实例已初始化...
[2020-03-15 23:56:23:069] [vo.logVo.LogVo.<init>] [INFO] 日志实例已初始化...
[2020-03-15 23:56:23:070] [vo.logVo.LogVo.<init>] [INFO] 日志实例已初始化...
[2020-03-15 23:56:23:071] [vo.logVo.LogVo.<init>] [INFO] 日志实例已初始化...
[2020-03-15 23:56:23:074] [vo.logVo.LogVo.<init>] [INFO] 日志实例已初始化...
[2020-03-15 23:56:23:076] [vo.logVo.LogVo.<init>] [INFO] 日志实例已初始化...
[2020-03-15 23:56:23:076] [vo.logVo.LogVo.<init>] [INFO] 日志实例已初始化...
[2020-03-15 23:56:23:077] [vo.logVo.LogVo.<init>] [INFO] 日志实例已初始化...
[2020-03-15 23:56:23:078] [vo.logVo.LogVo.<init>] [INFO] 日志实例已初始化...
[2020-03-15 23:56:23:078] [vo.logVo.LogVo.<init>] [INFO] 日志实例已初始化...
[2020-03-15 23:56:23:080] [vo.logVo.LogVo.<init>] [INFO] 日志实例已初始化...
[2020-03-15 23:56:23:081] [vo.logVo.LogVo.<init>] [INFO] 日志实例已初始化...
[2020-03-15 23:56:23:082] [vo.logVo.LogVo.<init>] [INFO] 日志实例已初始化...
[2020-03-15 23:56:23:082] [vo.logVo.LogVo.<init>] [INFO] 日志实例已初始化...
[2020-03-15 23:56:23:083] [vo.logVo.LogVo.<init>] [INFO] 日志实例已初始化...
[2020-03-15 23:56:23:083] [vo.logVo.LogVo.<init>] [INFO] 日志实例已初始化...
[2020-03-15 23:56:23:084] [vo.logVo.LogVo.<init>] [INFO] 日志实例已初始化...
[2020-03-15 23:56:23:084] [vo.logVo.LogVo.<init>] [INFO] 日志实例已初始化...
[2020-03-15 23:56:23:085] [vo.logVo.LogVo.<init>] [INFO] 日志实例已初始化...
[2020-03-15 23:56:23:085] [vo.logVo.LogVo.<init>] [INFO] 日志实例已初始化...
[2020-03-15 23:56:23:086] [vo.logVo.LogVo.<init>] [INFO] 日志实例已初始化...
[2020-03-15 23:56:23:086] [vo.logVo.LogVo.<init>] [INFO] 日志实例已初始化...
[2020-03-15 23:56:23:087] [vo.logVo.LogVo.<init>] [INFO] 日志实例已初始化...
[2020-03-15 23:56:23:089] [vo.logVo.LogVo.<init>] [INFO] 日志实例已初始化...
[2020-03-15 23:56:23:090] [vo.logVo.LogVo.<init>] [INFO] 日志实例已初始化...
[2020-03-15 23:56:23:091] [vo.logVo.LogVo.<init>] [INFO] 日志实例已初始化...
[2020-03-15 23:56:23:091] [vo.logVo.LogVo.<init>] [INFO] 日志实例已初始化...
[2020-03-15 23:56:23:092] [vo.logVo.LogVo.<init>] [INFO] 日志实例已初始化...
[2020-03-15 23:56:23:093] [vo.logVo.LogVo.<init>] [INFO] 日志实例已初始化...
[2020-03-15 23:56:23:094] [vo.logVo.LogVo.<init>] [INFO] 日志实例已初始化...
[2020-03-15 23:56:23:096] [vo.logVo.LogVo.<init>] [INFO] 日志实例已初始化...
[2020-03-15 23:56:23:097] [vo.logVo.LogVo.<init>] [INFO] 日志实例已初始化...
[2020-03-15 23:56:23:098] [vo.logVo.LogVo.<init>] [INFO] 日志实例已初始化...
[2020-03-15 23:56:23:099] [vo.logVo.LogVo.<init>] [INFO] 日志实例已初始化...
[2020-03-15 23:56:23:100] [vo.logVo.LogVo.<init>] [INFO] 日志实例已初始化...
[2020-03-15 23:56:23:103] [vo.logVo.LogVo.<init>] [INFO] 日志实例已初始化...
[2020-03-15 23:56:23:103] [vo.logVo.LogVo.<init>] [INFO] 日志实例已初始化...
[2020-03-15 23:56:23:109] [vo.logVo.LogVo.<init>] [INFO] 日志实例已初始化...
[2020-03-15 23:56:23:110] [vo.logVo.LogVo.<init>] [INFO] 日志实例已初始化...
[2020-03-15 23:56:23:111] [vo.logVo.LogVo.<init>] [INFO] 日志实例已初始化...
[2020-03-15 23:56:23:111] [vo.logVo.LogVo.<init>] [INFO] 日志实例已初始化...
[2020-03-15 23:56:23:112] [vo.logVo.LogVo.<init>] [INFO] 日志实例已初始化...
[2020-03-15 23:56:23:113] [vo.logVo.LogVo.<init>] [INFO] 日志实例已初始化...
[2020-03-15 23:56:23:113] [vo.logVo.LogVo.<init>] [INFO] 日志实例已初始化...
[2020-03-15 23:56:23:117] [vo.logVo.LogVo.<init>] [INFO] 日志实例已初始化...
[2020-03-15 23:56:23:118] [vo.logVo.LogVo.<init>] [INFO] 日志实例已初始化...
[2020-03-15 23:56:23:118] [vo.logVo.LogVo.<init>] [INFO] 日志实例已初始化...
[2020-03-15 23:56:23:119] [vo.logVo.LogVo.<init>] [INFO] 日志实例已初始化...
[2020-03-15 23:56:23:119] [vo.logVo.LogVo.<init>] [INFO] 日志实例已初始化...
[2020-03-15 23:56:23:120] [vo.logVo.LogVo.<init>] [INFO] 日志实例已初始化...
[2020-03-15 23:56:23:121] [vo.logVo.LogVo.<init>] [INFO] 日志实例已初始化...
[2020-03-15 23:56:23:126] [vo.logVo.LogVo.<init>] [INFO] 日志实例已初始化...
[2020-03-15 23:56:23:127] [vo.logVo.LogVo.<init>] [INFO] 日志实例已初始化...
[2020-03-15 23:56:23:128] [vo.logVo.LogVo.<init>] [INFO] 日志实例已初始化...
[2020-03-15 23:56:23:128] [vo.logVo.LogVo.<init>] [INFO] 日志实例已初始化...
[2020-03-15 23:56:23:129] [vo.logVo.LogVo.<init>] [INFO] 日志实例已初始化...
[2020-03-15 23:56:23:129] [vo.logVo.LogVo.<init>] [INFO] 日志实例已初始化...
[2020-03-15 23:56:23:129] [vo.logVo.LogVo.<init>] [INFO] 日志实例已初始化...
[2020-03-15 23:56:23:130] [vo.logVo.LogVo.<init>] [INFO] 日志实例已初始化...
[2020-03-15 23:56:23:131] [vo.logVo.LogVo.<init>] [INFO] 日志实例已初始化...
[2020-03-15 23:56:23:131] [vo.logVo.LogVo.<init>] [INFO] 日志实例已初始化...
[2020-03-15 23:56:23:132] [vo.logVo.LogVo.<init>] [INFO] 日志实例已初始化...
[2020-03-15 23:56:23:135] [vo.logVo.LogVo.<init>] [INFO] 日志实例已初始化...
[2020-03-15 23:56:23:136] [vo.logVo.LogVo.<init>] [INFO] 日志实例已初始化...
[2020-03-15 23:56:23:136] [vo.logVo.LogVo.<init>] [INFO] 日志实例已初始化...
[2020-03-15 23:56:23:142] [vo.logVo.LogVo.<init>] [INFO] 日志实例已初始化...
[2020-03-15 23:56:23:143] [vo.logVo.LogVo.<init>] [INFO] 日志实例已初始化...
[2020-03-15 23:56:23:143] [vo.logVo.LogVo.<init>] [INFO] 日志实例已初始化...
[2020-03-15 23:56:23:144] [vo.logVo.LogVo.<init>] [INFO] 日志实例已初始化...
[2020-03-15 23:56:23:145] [vo.logVo.LogVo.<init>] [INFO] 日志实例已初始化...
[2020-03-15 23:56:23:146] [vo.logVo.LogVo.<init>] [INFO] 日志实例已初始化...
[2020-03-15 23:56:23:147] [vo.logVo.LogVo.<init>] [INFO] 日志实例已初始化...
[2020-03-15 23:56:23:149] [vo.logVo.LogVo.<init>] [INFO] 日志实例已初始化...
[2020-03-15 23:56:23:150] [vo.logVo.LogVo.<init>] [INFO] 日志实例已初始化...
[2020-03-15 23:56:23:151] [vo.logVo.LogVo.<init>] [INFO] 日志实例已初始化...
[2020-03-15 23:56:23:153] [vo.logVo.LogVo.<init>] [INFO] 日志实例已初始化...
[2020-03-15 23:56:23:159] [vo.logVo.LogVo.<init>] [INFO] 日志实例已初始化...
[2020-03-15 23:56:23:159] [vo.logVo.LogVo.<init>] [INFO] 日志实例已初始化...
[2020-03-15 23:56:23:160] [vo.logVo.LogVo.<init>] [INFO] 日志实例已初始化...
[2020-03-15 23:56:23:160] [vo.logVo.LogVo.<init>] [INFO] 日志实例已初始化...
[2020-03-15 23:56:23:163] [vo.logVo.LogVo.<init>] [INFO] 日志实例已初始化...
[2020-03-15 23:56:23:163] [vo.logVo.LogVo.<init>] [INFO] 日志实例已初始化...
[2020-03-15 23:56:23:165] [vo.logVo.LogVo.<init>] [INFO] 日志实例已初始化...
[2020-03-15 23:56:23:166] [vo.logVo.LogVo.<init>] [INFO] 日志实例已初始化...
[2020-03-15 23:56:23:167] [vo.logVo.LogVo.<init>] [INFO] 日志实例已初始化...
[2020-03-15 23:56:23:169] [vo.logVo.LogVo.<init>] [INFO] 日志实例已初始化...
[2020-03-15 23:56:23:214] [vo.logVo.LogVo.<init>] [INFO] 日志实例已初始化...
[2020-03-15 23:56:23:220] [vo.logVo.LogVo.<init>] [INFO] 日志实例已初始化...
[2020-03-15 23:56:23:365] [aop.AnnotationCommenAop.writeLog] [INFO] 保存操作日志成功.
[2020-03-16 00:05:40:318] [util.filter.StrutsFilter.destroy] [INFO] filter has been destoyed...
[2020-03-16 15:29:22:697] [util.MyApplicationContextAnnotion.<init>] [INFO] 获取上下文工具类初始化成功!
[2020-03-16 15:29:23:031] [aop.AnnotationCommenAop.<init>] [INFO] 注解式切面已初始化...
[2020-03-16 15:29:25:048] [vo.logVo.LogVo.<init>] [INFO] 日志实例已初始化...
[2020-03-16 15:29:25:629] [aop.ConfigCommenAop.<init>] [INFO] 切面已初始化...
[2020-03-16 15:29:25:677] [vo.logVo.LogVo.<init>] [INFO] 日志实例已初始化...
[2020-03-16 17:42:46:767] [util.MyApplicationContextAnnotion.<init>] [INFO] 获取上下文工具类初始化成功!
[2020-03-16 17:42:47:129] [aop.AnnotationCommenAop.<init>] [INFO] 注解式切面已初始化...
[2020-03-16 17:42:48:938] [vo.logVo.LogVo.<init>] [INFO] 日志实例已初始化...
[2020-03-16 17:42:49:481] [aop.ConfigCommenAop.<init>] [INFO] 切面已初始化...
[2020-03-16 17:42:49:517] [vo.logVo.LogVo.<init>] [INFO] 日志实例已初始化...
[2020-03-16 17:57:30:646] [util.MyApplicationContextAnnotion.<init>] [INFO] 获取上下文工具类初始化成功!
[2020-03-16 17:57:30:950] [aop.AnnotationCommenAop.<init>] [INFO] 注解式切面已初始化...
[2020-03-16 17:57:32:204] [vo.logVo.LogVo.<init>] [INFO] 日志实例已初始化...
[2020-03-16 17:57:32:625] [aop.ConfigCommenAop.<init>] [INFO] 切面已初始化...
[2020-03-16 17:57:32:665] [vo.logVo.LogVo.<init>] [INFO] 日志实例已初始化...
[2020-03-16 18:21:27:441] [util.MyApplicationContextAnnotion.<init>] [INFO] 获取上下文工具类初始化成功!
[2020-03-16 18:21:27:753] [aop.AnnotationCommenAop.<init>] [INFO] 注解式切面已初始化...
[2020-03-16 18:21:29:243] [vo.logVo.LogVo.<init>] [INFO] 日志实例已初始化...
[2020-03-16 18:21:29:753] [aop.ConfigCommenAop.<init>] [INFO] 切面已初始化...
[2020-03-16 18:21:29:802] [vo.logVo.LogVo.<init>] [INFO] 日志实例已初始化...
[2020-03-16 18:23:54:095] [util.filter.StrutsFilter.destroy] [INFO] filter has been destoyed...
[2020-03-16 22:25:26:588] [util.MyApplicationContextAnnotion.<init>] [INFO] 获取上下文工具类初始化成功!
[2020-03-16 22:25:26:918] [aop.AnnotationCommenAop.<init>] [INFO] 注解式切面已初始化...
[2020-03-16 22:25:28:552] [vo.logVo.LogVo.<init>] [INFO] 日志实例已初始化...
[2020-03-16 22:25:29:022] [aop.ConfigCommenAop.<init>] [INFO] 切面已初始化...
[2020-03-16 22:25:29:053] [vo.logVo.LogVo.<init>] [INFO] 日志实例已初始化...
[2020-03-16 23:01:52:158] [util.filter.StrutsFilter.destroy] [INFO] filter has been destoyed...
[2020-03-16 23:02:35:946] [util.MyApplicationContextAnnotion.<init>] [INFO] 获取上下文工具类初始化成功!
[2020-03-16 23:02:36:219] [aop.AnnotationCommenAop.<init>] [INFO] 注解式切面已初始化...
[2020-03-16 23:02:37:588] [vo.logVo.LogVo.<init>] [INFO] 日志实例已初始化...
[2020-03-16 23:02:38:101] [aop.ConfigCommenAop.<init>] [INFO] 切面已初始化...
[2020-03-16 23:02:38:148] [vo.logVo.LogVo.<init>] [INFO] 日志实例已初始化...
[2020-03-16 23:09:23:782] [util.filter.StrutsFilter.destroy] [INFO] filter has been destoyed...
[2020-03-16 23:09:50:950] [util.MyApplicationContextAnnotion.<init>] [INFO] 获取上下文工具类初始化成功!
[2020-03-16 23:09:51:436] [aop.AnnotationCommenAop.<init>] [INFO] 注解式切面已初始化...
[2020-03-16 23:09:52:805] [vo.logVo.LogVo.<init>] [INFO] 日志实例已初始化...
[2020-03-16 23:09:53:321] [aop.ConfigCommenAop.<init>] [INFO] 切面已初始化...
[2020-03-16 23:09:53:368] [vo.logVo.LogVo.<init>] [INFO] 日志实例已初始化...
[2020-03-16 23:13:35:576] [util.MyApplicationContextAnnotion.<init>] [INFO] 获取上下文工具类初始化成功!
[2020-03-16 23:13:35:875] [aop.AnnotationCommenAop.<init>] [INFO] 注解式切面已初始化...
[2020-03-16 23:13:37:341] [vo.logVo.LogVo.<init>] [INFO] 日志实例已初始化...
[2020-03-16 23:13:37:802] [aop.ConfigCommenAop.<init>] [INFO] 切面已初始化...
[2020-03-16 23:13:37:850] [vo.logVo.LogVo.<init>] [INFO] 日志实例已初始化...
[2020-03-16 23:32:04:715] [util.MyApplicationContextAnnotion.<init>] [INFO] 获取上下文工具类初始化成功!
[2020-03-16 23:32:05:058] [aop.AnnotationCommenAop.<init>] [INFO] 注解式切面已初始化...
[2020-03-16 23:32:06:366] [vo.logVo.LogVo.<init>] [INFO] 日志实例已初始化...
[2020-03-16 23:32:06:762] [aop.ConfigCommenAop.<init>] [INFO] 切面已初始化...
[2020-03-16 23:32:06:805] [vo.logVo.LogVo.<init>] [INFO] 日志实例已初始化...
[2020-03-16 23:49:20:874] [util.filter.StrutsFilter.destroy] [INFO] filter has been destoyed...
[2020-03-16 23:52:30:655] [util.MyApplicationContextAnnotion.<init>] [INFO] 获取上下文工具类初始化成功!
[2020-03-16 23:52:30:972] [aop.AnnotationCommenAop.<init>] [INFO] 注解式切面已初始化...
[2020-03-16 23:52:32:294] [vo.logVo.LogVo.<init>] [INFO] 日志实例已初始化...
[2020-03-16 23:52:32:733] [aop.ConfigCommenAop.<init>] [INFO] 切面已初始化...
[2020-03-16 23:52:32:765] [vo.logVo.LogVo.<init>] [INFO] 日志实例已初始化...
[2020-03-17 00:01:37:261] [util.filter.StrutsFilter.destroy] [INFO] filter has been destoyed...
[2020-03-17 00:02:38:436] [util.MyApplicationContextAnnotion.<init>] [INFO] 获取上下文工具类初始化成功!
[2020-03-17 00:02:38:769] [aop.AnnotationCommenAop.<init>] [INFO] 注解式切面已初始化...
[2020-03-17 00:02:40:166] [vo.logVo.LogVo.<init>] [INFO] 日志实例已初始化...
[2020-03-17 00:02:40:627] [aop.ConfigCommenAop.<init>] [INFO] 切面已初始化...
[2020-03-17 00:02:40:674] [vo.logVo.LogVo.<init>] [INFO] 日志实例已初始化...
[2020-03-17 00:07:41:335] [util.MyApplicationContextAnnotion.<init>] [INFO] 获取上下文工具类初始化成功!
[2020-03-17 00:07:41:653] [aop.AnnotationCommenAop.<init>] [INFO] 注解式切面已初始化...
[2020-03-17 00:07:43:001] [vo.logVo.LogVo.<init>] [INFO] 日志实例已初始化...
[2020-03-17 00:07:43:442] [aop.ConfigCommenAop.<init>] [INFO] 切面已初始化...
[2020-03-17 00:07:43:473] [vo.logVo.LogVo.<init>] [INFO] 日志实例已初始化...
[2020-03-17 00:12:00:758] [util.filter.StrutsFilter.destroy] [INFO] filter has been destoyed...
[2020-03-17 00:12:50:541] [util.MyApplicationContextAnnotion.<init>] [INFO] 获取上下文工具类初始化成功!
[2020-03-17 00:12:50:964] [aop.AnnotationCommenAop.<init>] [INFO] 注解式切面已初始化...
[2020-03-17 00:12:52:794] [vo.logVo.LogVo.<init>] [INFO] 日志实例已初始化...
[2020-03-17 00:12:53:203] [aop.ConfigCommenAop.<init>] [INFO] 切面已初始化...
[2020-03-17 00:12:53:249] [vo.logVo.LogVo.<init>] [INFO] 日志实例已初始化...
[2020-03-17 00:14:51:827] [util.filter.StrutsFilter.destroy] [INFO] filter has been destoyed...
[2020-03-17 00:16:04:575] [util.MyApplicationContextAnnotion.<init>] [INFO] 获取上下文工具类初始化成功!
[2020-03-17 00:16:04:863] [aop.AnnotationCommenAop.<init>] [INFO] 注解式切面已初始化...
[2020-03-17 00:16:06:356] [vo.logVo.LogVo.<init>] [INFO] 日志实例已初始化...
[2020-03-17 00:16:06:752] [aop.ConfigCommenAop.<init>] [INFO] 切面已初始化...
[2020-03-17 00:16:06:797] [vo.logVo.LogVo.<init>] [INFO] 日志实例已初始化...
[2020-03-17 00:19:59:431] [util.filter.StrutsFilter.destroy] [INFO] filter has been destoyed...
[2020-03-17 00:20:14:106] [util.MyApplicationContextAnnotion.<init>] [INFO] 获取上下文工具类初始化成功!
[2020-03-17 00:20:14:407] [aop.AnnotationCommenAop.<init>] [INFO] 注解式切面已初始化...
[2020-03-17 00:20:15:662] [vo.logVo.LogVo.<init>] [INFO] 日志实例已初始化...
[2020-03-17 00:20:16:081] [aop.ConfigCommenAop.<init>] [INFO] 切面已初始化...
[2020-03-17 00:20:16:122] [vo.logVo.LogVo.<init>] [INFO] 日志实例已初始化...
[2020-03-17 00:22:52:254] [util.filter.StrutsFilter.destroy] [INFO] filter has been destoyed...
[2020-03-17 00:23:27:436] [util.MyApplicationContextAnnotion.<init>] [INFO] 获取上下文工具类初始化成功!
[2020-03-17 00:23:27:752] [aop.AnnotationCommenAop.<init>] [INFO] 注解式切面已初始化...
[2020-03-17 00:23:29:041] [vo.logVo.LogVo.<init>] [INFO] 日志实例已初始化...
[2020-03-17 00:23:29:507] [aop.ConfigCommenAop.<init>] [INFO] 切面已初始化...
[2020-03-17 00:23:29:632] [vo.logVo.LogVo.<init>] [INFO] 日志实例已初始化...
[2020-03-17 00:25:57:787] [util.filter.StrutsFilter.destroy] [INFO] filter has been destoyed...
[2020-03-17 00:26:14:896] [util.MyApplicationContextAnnotion.<init>] [INFO] 获取上下文工具类初始化成功!
[2020-03-17 00:26:15:632] [aop.AnnotationCommenAop.<init>] [INFO] 注解式切面已初始化...
[2020-03-17 00:26:17:663] [vo.logVo.LogVo.<init>] [INFO] 日志实例已初始化...
[2020-03-17 00:26:18:092] [aop.ConfigCommenAop.<init>] [INFO] 切面已初始化...
[2020-03-17 00:26:18:143] [vo.logVo.LogVo.<init>] [INFO] 日志实例已初始化...
[2020-03-17 00:29:36:422] [util.filter.StrutsFilter.destroy] [INFO] filter has been destoyed...
[2020-03-17 00:29:53:902] [util.MyApplicationContextAnnotion.<init>] [INFO] 获取上下文工具类初始化成功!
[2020-03-17 00:29:54:320] [aop.AnnotationCommenAop.<init>] [INFO] 注解式切面已初始化...
[2020-03-17 00:29:55:553] [vo.logVo.LogVo.<init>] [INFO] 日志实例已初始化...
[2020-03-17 00:29:55:974] [aop.ConfigCommenAop.<init>] [INFO] 切面已初始化...
[2020-03-17 00:29:56:017] [vo.logVo.LogVo.<init>] [INFO] 日志实例已初始化...
[2020-03-17 00:35:05:611] [util.filter.StrutsFilter.destroy] [INFO] filter has been destoyed...
[2020-03-17 00:36:15:010] [util.MyApplicationContextAnnotion.<init>] [INFO] 获取上下文工具类初始化成功!
[2020-03-17 00:36:15:346] [aop.AnnotationCommenAop.<init>] [INFO] 注解式切面已初始化...
[2020-03-17 00:36:16:606] [vo.logVo.LogVo.<init>] [INFO] 日志实例已初始化...
[2020-03-17 00:36:17:015] [aop.ConfigCommenAop.<init>] [INFO] 切面已初始化...
[2020-03-17 00:36:17:071] [vo.logVo.LogVo.<init>] [INFO] 日志实例已初始化...
[2020-03-17 00:39:22:905] [util.filter.StrutsFilter.destroy] [INFO] filter has been destoyed...
[2020-03-17 00:39:41:420] [util.MyApplicationContextAnnotion.<init>] [INFO] 获取上下文工具类初始化成功!
[2020-03-17 00:39:41:746] [aop.AnnotationCommenAop.<init>] [INFO] 注解式切面已初始化...
[2020-03-17 00:39:43:020] [vo.logVo.LogVo.<init>] [INFO] 日志实例已初始化...
[2020-03-17 00:39:43:434] [aop.ConfigCommenAop.<init>] [INFO] 切面已初始化...
[2020-03-17 00:39:43:481] [vo.logVo.LogVo.<init>] [INFO] 日志实例已初始化...
[2020-03-17 09:53:46:578] [util.MyApplicationContextAnnotion.<init>] [INFO] 获取上下文工具类初始化成功!
[2020-03-17 09:53:46:898] [aop.AnnotationCommenAop.<init>] [INFO] 注解式切面已初始化...
[2020-03-17 09:53:48:685] [vo.logVo.LogVo.<init>] [INFO] 日志实例已初始化...
[2020-03-17 09:53:49:203] [aop.ConfigCommenAop.<init>] [INFO] 切面已初始化...
[2020-03-17 09:53:49:268] [vo.logVo.LogVo.<init>] [INFO] 日志实例已初始化...
[2020-03-17 22:47:54:413] [util.MyApplicationContextAnnotion.<init>] [INFO] 获取上下文工具类初始化成功!
[2020-03-17 22:47:54:754] [aop.AnnotationCommenAop.<init>] [INFO] 注解式切面已初始化...
[2020-03-17 22:47:56:584] [vo.logVo.LogVo.<init>] [INFO] 日志实例已初始化...
[2020-03-17 22:47:57:018] [aop.ConfigCommenAop.<init>] [INFO] 切面已初始化...
[2020-03-17 22:47:57:060] [vo.logVo.LogVo.<init>] [INFO] 日志实例已初始化...
[2020-03-17 23:27:28:024] [util.MyApplicationContextAnnotion.<init>] [INFO] 获取上下文工具类初始化成功!
[2020-03-17 23:27:28:475] [aop.AnnotationCommenAop.<init>] [INFO] 注解式切面已初始化...
[2020-03-17 23:27:30:161] [vo.logVo.LogVo.<init>] [INFO] 日志实例已初始化...
[2020-03-17 23:27:30:639] [aop.ConfigCommenAop.<init>] [INFO] 切面已初始化...
[2020-03-17 23:27:30:681] [vo.logVo.LogVo.<init>] [INFO] 日志实例已初始化...
[2020-03-17 23:30:12:020] [util.filter.StrutsFilter.destroy] [INFO] filter has been destoyed...
[2020-03-17 23:30:40:010] [util.MyApplicationContextAnnotion.<init>] [INFO] 获取上下文工具类初始化成功!
[2020-03-17 23:30:40:363] [aop.AnnotationCommenAop.<init>] [INFO] 注解式切面已初始化...
[2020-03-17 23:30:41:942] [vo.logVo.LogVo.<init>] [INFO] 日志实例已初始化...
[2020-03-17 23:30:42:455] [aop.ConfigCommenAop.<init>] [INFO] 切面已初始化...
[2020-03-17 23:30:42:503] [vo.logVo.LogVo.<init>] [INFO] 日志实例已初始化...
[2020-03-17 23:31:31:962] [util.filter.StrutsFilter.destroy] [INFO] filter has been destoyed...
[2020-03-17 23:32:48:415] [util.MyApplicationContextAnnotion.<init>] [INFO] 获取上下文工具类初始化成功!
[2020-03-17 23:32:48:769] [aop.AnnotationCommenAop.<init>] [INFO] 注解式切面已初始化...
[2020-03-17 23:32:50:182] [vo.logVo.LogVo.<init>] [INFO] 日志实例已初始化...
[2020-03-17 23:32:50:754] [aop.ConfigCommenAop.<init>] [INFO] 切面已初始化...
[2020-03-17 23:32:50:821] [vo.logVo.LogVo.<init>] [INFO] 日志实例已初始化...
[2020-03-17 23:34:24:865] [util.MyApplicationContextAnnotion.<init>] [INFO] 获取上下文工具类初始化成功!
[2020-03-17 23:34:25:207] [aop.AnnotationCommenAop.<init>] [INFO] 注解式切面已初始化...
[2020-03-17 23:34:26:651] [vo.logVo.LogVo.<init>] [INFO] 日志实例已初始化...
[2020-03-17 23:34:27:103] [aop.ConfigCommenAop.<init>] [INFO] 切面已初始化...
[2020-03-17 23:34:27:154] [vo.logVo.LogVo.<init>] [INFO] 日志实例已初始化...
[2020-03-17 23:35:33:146] [util.MyApplicationContextAnnotion.<init>] [INFO] 获取上下文工具类初始化成功!
[2020-03-17 23:35:33:449] [aop.AnnotationCommenAop.<init>] [INFO] 注解式切面已初始化...
[2020-03-17 23:35:34:781] [vo.logVo.LogVo.<init>] [INFO] 日志实例已初始化...
[2020-03-17 23:35:35:242] [aop.ConfigCommenAop.<init>] [INFO] 切面已初始化...
[2020-03-17 23:35:35:289] [vo.logVo.LogVo.<init>] [INFO] 日志实例已初始化...
[2020-03-17 23:38:35:288] [util.filter.StrutsFilter.destroy] [INFO] filter has been destoyed...
[2020-03-17 23:42:35:292] [util.MyApplicationContextAnnotion.<init>] [INFO] 获取上下文工具类初始化成功!
[2020-03-17 23:42:35:751] [aop.AnnotationCommenAop.<init>] [INFO] 注解式切面已初始化...
[2020-03-17 23:42:37:750] [vo.logVo.LogVo.<init>] [INFO] 日志实例已初始化...
[2020-03-17 23:42:38:495] [aop.ConfigCommenAop.<init>] [INFO] 切面已初始化...
[2020-03-17 23:42:38:582] [vo.logVo.LogVo.<init>] [INFO] 日志实例已初始化...
[2020-03-17 23:50:42:015] [util.filter.StrutsFilter.destroy] [INFO] filter has been destoyed...
[2020-03-17 23:51:20:852] [util.MyApplicationContextAnnotion.<init>] [INFO] 获取上下文工具类初始化成功!
[2020-03-17 23:51:21:183] [aop.AnnotationCommenAop.<init>] [INFO] 注解式切面已初始化...
[2020-03-17 23:51:22:798] [vo.logVo.LogVo.<init>] [INFO] 日志实例已初始化...
[2020-03-17 23:51:23:273] [aop.ConfigCommenAop.<init>] [INFO] 切面已初始化...
[2020-03-17 23:51:23:312] [vo.logVo.LogVo.<init>] [INFO] 日志实例已初始化...
[2020-03-17 23:52:40:317] [util.filter.StrutsFilter.destroy] [INFO] filter has been destoyed...
[2020-03-17 23:56:47:266] [util.MyApplicationContextAnnotion.<init>] [INFO] 获取上下文工具类初始化成功!
[2020-03-17 23:56:47:582] [aop.AnnotationCommenAop.<init>] [INFO] 注解式切面已初始化...
[2020-03-17 23:56:49:013] [vo.logVo.LogVo.<init>] [INFO] 日志实例已初始化...
[2020-03-17 23:56:49:476] [aop.ConfigCommenAop.<init>] [INFO] 切面已初始化...
[2020-03-17 23:56:49:529] [vo.logVo.LogVo.<init>] [INFO] 日志实例已初始化...
[2020-03-18 00:09:17:055] [util.MyApplicationContextAnnotion.<init>] [INFO] 获取上下文工具类初始化成功!
[2020-03-18 00:09:17:410] [aop.AnnotationCommenAop.<init>] [INFO] 注解式切面已初始化...
[2020-03-18 00:09:19:746] [vo.logVo.LogVo.<init>] [INFO] 日志实例已初始化...
[2020-03-18 00:09:20:568] [aop.ConfigCommenAop.<init>] [INFO] 切面已初始化...
[2020-03-18 00:09:20:638] [vo.logVo.LogVo.<init>] [INFO] 日志实例已初始化...
[2020-03-18 00:19:51:606] [util.MyApplicationContextAnnotion.<init>] [INFO] 获取上下文工具类初始化成功!
[2020-03-18 00:19:51:976] [aop.AnnotationCommenAop.<init>] [INFO] 注解式切面已初始化...
[2020-03-18 00:19:53:672] [vo.logVo.LogVo.<init>] [INFO] 日志实例已初始化...
[2020-03-18 00:19:54:244] [aop.ConfigCommenAop.<init>] [INFO] 切面已初始化...
[2020-03-18 00:19:54:285] [vo.logVo.LogVo.<init>] [INFO] 日志实例已初始化...
[2020-03-18 00:24:30:872] [util.filter.StrutsFilter.destroy] [INFO] filter has been destoyed...
[2020-03-18 00:26:04:205] [util.MyApplicationContextAnnotion.<init>] [INFO] 获取上下文工具类初始化成功!
[2020-03-18 00:26:04:639] [aop.AnnotationCommenAop.<init>] [INFO] 注解式切面已初始化...
[2020-03-18 00:26:06:241] [vo.logVo.LogVo.<init>] [INFO] 日志实例已初始化...
[2020-03-18 00:26:06:744] [aop.ConfigCommenAop.<init>] [INFO] 切面已初始化...
[2020-03-18 00:26:06:779] [vo.logVo.LogVo.<init>] [INFO] 日志实例已初始化...
[2020-03-18 00:30:20:049] [util.MyApplicationContextAnnotion.<init>] [INFO] 获取上下文工具类初始化成功!
[2020-03-18 00:30:20:453] [aop.AnnotationCommenAop.<init>] [INFO] 注解式切面已初始化...
[2020-03-18 00:30:22:066] [vo.logVo.LogVo.<init>] [INFO] 日志实例已初始化...
[2020-03-18 00:30:22:505] [aop.ConfigCommenAop.<init>] [INFO] 切面已初始化...
[2020-03-18 00:30:22:542] [vo.logVo.LogVo.<init>] [INFO] 日志实例已初始化...
[2020-03-18 00:32:27:433] [util.filter.StrutsFilter.destroy] [INFO] filter has been destoyed...
[2020-03-18 00:32:33:552] [util.MyApplicationContextAnnotion.<init>] [INFO] 获取上下文工具类初始化成功!
[2020-03-18 00:32:33:843] [aop.AnnotationCommenAop.<init>] [INFO] 注解式切面已初始化...
[2020-03-18 00:32:35:327] [vo.logVo.LogVo.<init>] [INFO] 日志实例已初始化...
[2020-03-18 00:32:35:763] [aop.ConfigCommenAop.<init>] [INFO] 切面已初始化...
[2020-03-18 00:32:35:802] [vo.logVo.LogVo.<init>] [INFO] 日志实例已初始化...
[2020-03-18 00:32:49:205] [util.filter.StrutsFilter.destroy] [INFO] filter has been destoyed...
[2020-03-18 00:32:54:918] [util.MyApplicationContextAnnotion.<init>] [INFO] 获取上下文工具类初始化成功!
[2020-03-18 00:32:55:245] [aop.AnnotationCommenAop.<init>] [INFO] 注解式切面已初始化...
[2020-03-18 00:32:56:950] [vo.logVo.LogVo.<init>] [INFO] 日志实例已初始化...
[2020-03-18 00:32:57:487] [aop.ConfigCommenAop.<init>] [INFO] 切面已初始化...
[2020-03-18 00:32:57:528] [vo.logVo.LogVo.<init>] [INFO] 日志实例已初始化...
[2020-03-18 00:35:51:153] [util.filter.StrutsFilter.destroy] [INFO] filter has been destoyed...
[2020-03-18 00:37:20:392] [util.MyApplicationContextAnnotion.<init>] [INFO] 获取上下文工具类初始化成功!
[2020-03-18 00:37:20:789] [aop.AnnotationCommenAop.<init>] [INFO] 注解式切面已初始化...
[2020-03-18 00:37:22:414] [vo.logVo.LogVo.<init>] [INFO] 日志实例已初始化...
[2020-03-18 00:37:23:051] [aop.ConfigCommenAop.<init>] [INFO] 切面已初始化...
[2020-03-18 00:37:23:115] [vo.logVo.LogVo.<init>] [INFO] 日志实例已初始化...
[2020-03-18 00:40:26:087] [util.MyApplicationContextAnnotion.<init>] [INFO] 获取上下文工具类初始化成功!
[2020-03-18 00:40:26:490] [aop.AnnotationCommenAop.<init>] [INFO] 注解式切面已初始化...
[2020-03-18 00:40:27:924] [vo.logVo.LogVo.<init>] [INFO] 日志实例已初始化...
[2020-03-18 00:40:28:409] [aop.ConfigCommenAop.<init>] [INFO] 切面已初始化...
[2020-03-18 00:40:28:459] [vo.logVo.LogVo.<init>] [INFO] 日志实例已初始化...
[2020-03-18 00:40:28:469] [webservice.WebServiceInterface.<init>] [INFO] spring管理web service
[2020-03-18 00:40:57:220] [webservice.TestWebService.main] [INFO] 客户端调用成功!
[2020-03-18 00:47:18:439] [util.filter.StrutsFilter.destroy] [INFO] filter has been destoyed...
[2020-03-18 00:47:46:098] [util.MyApplicationContextAnnotion.<init>] [INFO] 获取上下文工具类初始化成功!
[2020-03-18 00:47:46:409] [aop.AnnotationCommenAop.<init>] [INFO] 注解式切面已初始化...
[2020-03-18 00:47:47:760] [vo.logVo.LogVo.<init>] [INFO] 日志实例已初始化...
[2020-03-18 00:47:48:313] [aop.ConfigCommenAop.<init>] [INFO] 切面已初始化...
[2020-03-18 00:47:48:378] [vo.logVo.LogVo.<init>] [INFO] 日志实例已初始化...
[2020-03-18 00:47:48:390] [webservice.WebServiceInterface.<init>] [INFO] spring管理web service
[2020-03-18 00:49:59:099] [util.MyApplicationContextAnnotion.<init>] [INFO] 获取上下文工具类初始化成功!
[2020-03-18 00:49:59:574] [aop.AnnotationCommenAop.<init>] [INFO] 注解式切面已初始化...
[2020-03-18 00:50:01:519] [vo.logVo.LogVo.<init>] [INFO] 日志实例已初始化...
[2020-03-18 00:50:02:069] [aop.ConfigCommenAop.<init>] [INFO] 切面已初始化...
[2020-03-18 00:50:02:141] [vo.logVo.LogVo.<init>] [INFO] 日志实例已初始化...
[2020-03-18 00:50:02:150] [webservice.WebServiceInterface.<init>] [INFO] spring管理web service
[2020-03-18 00:52:03:368] [util.filter.StrutsFilter.destroy] [INFO] filter has been destoyed...
[2020-03-18 00:53:26:939] [util.MyApplicationContextAnnotion.<init>] [INFO] 获取上下文工具类初始化成功!
[2020-03-18 00:53:27:395] [aop.AnnotationCommenAop.<init>] [INFO] 注解式切面已初始化...
[2020-03-18 00:53:28:829] [vo.logVo.LogVo.<init>] [INFO] 日志实例已初始化...
[2020-03-18 00:53:29:284] [aop.ConfigCommenAop.<init>] [INFO] 切面已初始化...
[2020-03-18 00:53:29:319] [vo.logVo.LogVo.<init>] [INFO] 日志实例已初始化...
[2020-03-18 00:53:29:328] [webservice.WebServiceInterface.<init>] [INFO] spring管理web service
[2020-03-18 00:54:44:802] [util.MyApplicationContextAnnotion.<init>] [INFO] 获取上下文工具类初始化成功!
[2020-03-18 00:54:45:356] [aop.AnnotationCommenAop.<init>] [INFO] 注解式切面已初始化...
[2020-03-18 00:54:47:076] [vo.logVo.LogVo.<init>] [INFO] 日志实例已初始化...
[2020-03-18 00:54:47:592] [aop.ConfigCommenAop.<init>] [INFO] 切面已初始化...
[2020-03-18 00:54:47:638] [vo.logVo.LogVo.<init>] [INFO] 日志实例已初始化...
[2020-03-18 00:54:47:647] [webservice.WebServiceInterface.<init>] [INFO] spring管理web service
[2020-03-18 00:56:08:456] [webservice.WebServiceInterface.testWebService2] [INFO] 无参、无返回值方法
[2020-03-18 00:56:08:485] [webservice.TestWebService.main] [INFO] null
[2020-03-18 00:57:54:633] [webservice.WebServiceInterface.testWebService2] [INFO] 无参、无返回值方法
[2020-03-18 00:57:54:653] [webservice.TestWebService.main] [INFO] null
[2020-03-18 01:01:36:828] [util.MyApplicationContextAnnotion.<init>] [INFO] 获取上下文工具类初始化成功!
[2020-03-18 01:01:37:183] [aop.AnnotationCommenAop.<init>] [INFO] 注解式切面已初始化...
[2020-03-18 01:01:38:669] [vo.logVo.LogVo.<init>] [INFO] 日志实例已初始化...
[2020-03-18 01:01:39:073] [aop.ConfigCommenAop.<init>] [INFO] 切面已初始化...
[2020-03-18 01:01:39:119] [vo.logVo.LogVo.<init>] [INFO] 日志实例已初始化...
[2020-03-18 01:01:39:128] [webservice.WebServiceInterface.<init>] [INFO] spring管理web service
[2020-03-18 01:02:02:411] [webservice.WebServiceInterface.testWebService2] [INFO] 无参、无返回值方法
[2020-03-18 01:02:02:450] [webservice.TestWebService.main] [INFO] null
[2020-03-18 01:02:50:920] [util.MyApplicationContextAnnotion.<init>] [INFO] 获取上下文工具类初始化成功!
[2020-03-18 01:02:51:354] [aop.AnnotationCommenAop.<init>] [INFO] 注解式切面已初始化...
[2020-03-18 01:02:52:893] [vo.logVo.LogVo.<init>] [INFO] 日志实例已初始化...
[2020-03-18 01:02:53:387] [aop.ConfigCommenAop.<init>] [INFO] 切面已初始化...
[2020-03-18 01:02:53:426] [vo.logVo.LogVo.<init>] [INFO] 日志实例已初始化...
[2020-03-18 01:02:53:437] [webservice.WebServiceInterface.<init>] [INFO] spring管理web service
[2020-03-18 01:03:16:183] [webservice.WebServiceInterface.testWebService2] [INFO] 无参、无返回值方法
[2020-03-18 01:03:16:240] [webservice.TestWebService.main] [INFO] null
[2020-03-18 01:15:00:291] [util.MyApplicationContextAnnotion.<init>] [INFO] 获取上下文工具类初始化成功!
[2020-03-18 01:15:00:620] [aop.AnnotationCommenAop.<init>] [INFO] 注解式切面已初始化...
[2020-03-18 01:15:02:075] [vo.logVo.LogVo.<init>] [INFO] 日志实例已初始化...
[2020-03-18 01:15:02:515] [aop.ConfigCommenAop.<init>] [INFO] 切面已初始化...
[2020-03-18 01:15:02:566] [vo.logVo.LogVo.<init>] [INFO] 日志实例已初始化...
[2020-03-18 01:15:02:578] [webservice.WebServiceInterface.<init>] [INFO] spring管理web service
[2020-03-18 01:15:45:180] [webservice.TestWebService.main] [INFO] null
[2020-03-18 01:16:22:565] [webservice.TestWebService.main] [INFO] 客户端调用成功!
[2020-03-18 01:25:15:344] [util.filter.StrutsFilter.destroy] [INFO] filter has been destoyed...
[2020-03-18 01:26:02:705] [util.MyApplicationContextAnnotion.<init>] [INFO] 获取上下文工具类初始化成功!
[2020-03-18 01:26:03:095] [aop.AnnotationCommenAop.<init>] [INFO] 注解式切面已初始化...
[2020-03-18 01:26:04:614] [vo.logVo.LogVo.<init>] [INFO] 日志实例已初始化...
[2020-03-18 01:26:05:140] [aop.ConfigCommenAop.<init>] [INFO] 切面已初始化...
[2020-03-18 01:26:05:205] [vo.logVo.LogVo.<init>] [INFO] 日志实例已初始化...
[2020-03-18 01:26:05:216] [webservice.WebServiceInterface.<init>] [INFO] spring管理web service
[2020-03-18 01:31:18:641] [util.filter.StrutsFilter.destroy] [INFO] filter has been destoyed...
[2020-03-18 01:31:55:332] [util.MyApplicationContextAnnotion.<init>] [INFO] 获取上下文工具类初始化成功!
[2020-03-18 01:31:55:653] [aop.AnnotationCommenAop.<init>] [INFO] 注解式切面已初始化...
[2020-03-18 01:31:57:158] [vo.logVo.LogVo.<init>] [INFO] 日志实例已初始化...
[2020-03-18 01:31:57:604] [aop.ConfigCommenAop.<init>] [INFO] 切面已初始化...
[2020-03-18 01:31:57:643] [vo.logVo.LogVo.<init>] [INFO] 日志实例已初始化...
[2020-03-18 01:31:57:651] [webservice.WebServiceInterface.<init>] [INFO] spring管理web service
[2020-03-18 01:35:35:767] [util.MyApplicationContextAnnotion.<init>] [INFO] 获取上下文工具类初始化成功!
[2020-03-18 01:35:36:514] [aop.AnnotationCommenAop.<init>] [INFO] 注解式切面已初始化...
[2020-03-18 01:35:39:112] [vo.logVo.LogVo.<init>] [INFO] 日志实例已初始化...
[2020-03-18 01:35:39:565] [aop.ConfigCommenAop.<init>] [INFO] 切面已初始化...
[2020-03-18 01:35:39:654] [vo.logVo.LogVo.<init>] [INFO] 日志实例已初始化...
[2020-03-18 01:35:39:670] [webservice.WebServiceInterface.<init>] [INFO] spring管理web service
[2020-03-18 01:37:07:084] [util.MyApplicationContextAnnotion.<init>] [INFO] 获取上下文工具类初始化成功!
[2020-03-18 01:37:07:465] [aop.AnnotationCommenAop.<init>] [INFO] 注解式切面已初始化...
[2020-03-18 01:37:09:483] [vo.logVo.LogVo.<init>] [INFO] 日志实例已初始化...
[2020-03-18 01:37:10:437] [aop.ConfigCommenAop.<init>] [INFO] 切面已初始化...
[2020-03-18 01:37:10:528] [vo.logVo.LogVo.<init>] [INFO] 日志实例已初始化...
[2020-03-18 01:37:47:308] [util.filter.StrutsFilter.destroy] [INFO] filter has been destoyed...
[2020-03-18 01:38:05:467] [util.MyApplicationContextAnnotion.<init>] [INFO] 获取上下文工具类初始化成功!
[2020-03-18 01:38:05:869] [aop.AnnotationCommenAop.<init>] [INFO] 注解式切面已初始化...
[2020-03-18 01:38:07:417] [vo.logVo.LogVo.<init>] [INFO] 日志实例已初始化...
[2020-03-18 01:38:07:870] [aop.ConfigCommenAop.<init>] [INFO] 切面已初始化...
[2020-03-18 01:38:07:910] [vo.logVo.LogVo.<init>] [INFO] 日志实例已初始化...
[2020-03-18 01:38:26:631] [util.filter.StrutsFilter.destroy] [INFO] filter has been destoyed...
[2020-03-18 01:38:46:789] [util.MyApplicationContextAnnotion.<init>] [INFO] 获取上下文工具类初始化成功!
[2020-03-18 01:38:47:141] [aop.AnnotationCommenAop.<init>] [INFO] 注解式切面已初始化...
[2020-03-18 01:38:48:636] [vo.logVo.LogVo.<init>] [INFO] 日志实例已初始化...
[2020-03-18 01:38:49:096] [aop.ConfigCommenAop.<init>] [INFO] 切面已初始化...
[2020-03-18 01:38:49:148] [vo.logVo.LogVo.<init>] [INFO] 日志实例已初始化...
[2020-03-18 23:40:30:179] [util.MyApplicationContextAnnotion.<init>] [INFO] 获取上下文工具类初始化成功!
[2020-03-18 23:40:30:672] [aop.AnnotationCommenAop.<init>] [INFO] 注解式切面已初始化...
[2020-03-18 23:40:32:572] [vo.logVo.LogVo.<init>] [INFO] 日志实例已初始化...
[2020-03-18 23:40:33:063] [aop.ConfigCommenAop.<init>] [INFO] 切面已初始化...
[2020-03-18 23:40:33:114] [vo.logVo.LogVo.<init>] [INFO] 日志实例已初始化...
[2020-03-18 23:41:23:547] [util.MyApplicationContextAnnotion.<init>] [INFO] 获取上下文工具类初始化成功!
[2020-03-18 23:41:23:917] [aop.AnnotationCommenAop.<init>] [INFO] 注解式切面已初始化...
[2020-03-18 23:41:25:610] [vo.logVo.LogVo.<init>] [INFO] 日志实例已初始化...
[2020-03-18 23:41:26:101] [aop.ConfigCommenAop.<init>] [INFO] 切面已初始化...
[2020-03-18 23:41:26:147] [vo.logVo.LogVo.<init>] [INFO] 日志实例已初始化...
[2020-03-18 23:42:45:423] [util.MyApplicationContextAnnotion.<init>] [INFO] 获取上下文工具类初始化成功!
[2020-03-18 23:42:46:001] [aop.AnnotationCommenAop.<init>] [INFO] 注解式切面已初始化...
[2020-03-18 23:42:48:268] [vo.logVo.LogVo.<init>] [INFO] 日志实例已初始化...
[2020-03-18 23:42:48:864] [aop.ConfigCommenAop.<init>] [INFO] 切面已初始化...
[2020-03-18 23:42:48:907] [vo.logVo.LogVo.<init>] [INFO] 日志实例已初始化...
[2020-03-18 23:48:08:688] [util.MyApplicationContextAnnotion.<init>] [INFO] 获取上下文工具类初始化成功!
[2020-03-18 23:48:09:029] [aop.AnnotationCommenAop.<init>] [INFO] 注解式切面已初始化...
[2020-03-18 23:48:10:397] [vo.logVo.LogVo.<init>] [INFO] 日志实例已初始化...
[2020-03-18 23:48:10:826] [aop.ConfigCommenAop.<init>] [INFO] 切面已初始化...
[2020-03-18 23:48:10:870] [vo.logVo.LogVo.<init>] [INFO] 日志实例已初始化...
[2020-03-18 23:48:45:697] [webservice.WebServiceInterface.<init>] [INFO] spring管理web service
[2020-03-18 23:49:06:804] [webservice.WebServiceInterface.<init>] [INFO] spring管理web service
[2020-03-18 23:49:06:867] [webservice.TestWebService.main] [INFO] 客户端调用成功!
[2020-03-18 23:49:24:664] [webservice.WebServiceInterface.<init>] [INFO] spring管理web service
[2020-03-18 23:49:24:694] [webservice.TestWebService.main] [INFO] 客户端调用成功!
[2020-03-19 00:06:13:227] [util.MyApplicationContextAnnotion.<init>] [INFO] 获取上下文工具类初始化成功!
[2020-03-19 00:06:13:557] [aop.AnnotationCommenAop.<init>] [INFO] 注解式切面已初始化...
[2020-03-19 00:06:15:130] [vo.logVo.LogVo.<init>] [INFO] 日志实例已初始化...
[2020-03-19 00:06:15:573] [aop.ConfigCommenAop.<init>] [INFO] 切面已初始化...
[2020-03-19 00:06:15:616] [vo.logVo.LogVo.<init>] [INFO] 日志实例已初始化...
[2020-03-19 00:07:03:936] [webservice.WebServiceInterface.<init>] [INFO] spring管理web service
[2020-03-19 00:07:33:169] [util.filter.StrutsFilter.destroy] [INFO] filter has been destoyed...
[2020-03-19 00:07:39:625] [util.MyApplicationContextAnnotion.<init>] [INFO] 获取上下文工具类初始化成功!
[2020-03-19 00:07:39:959] [aop.AnnotationCommenAop.<init>] [INFO] 注解式切面已初始化...
[2020-03-19 00:07:41:305] [vo.logVo.LogVo.<init>] [INFO] 日志实例已初始化...
[2020-03-19 00:07:41:934] [aop.ConfigCommenAop.<init>] [INFO] 切面已初始化...
[2020-03-19 00:07:42:001] [vo.logVo.LogVo.<init>] [INFO] 日志实例已初始化...
[2020-03-19 00:07:57:395] [webservice.WebServiceInterface.<init>] [INFO] spring管理web service
[2020-03-19 00:09:15:786] [util.MyApplicationContextAnnotion.<init>] [INFO] 获取上下文工具类初始化成功!
[2020-03-19 00:09:16:219] [aop.AnnotationCommenAop.<init>] [INFO] 注解式切面已初始化...
[2020-03-19 00:09:17:933] [vo.logVo.LogVo.<init>] [INFO] 日志实例已初始化...
[2020-03-19 00:09:18:461] [aop.ConfigCommenAop.<init>] [INFO] 切面已初始化...
[2020-03-19 00:09:18:507] [vo.logVo.LogVo.<init>] [INFO] 日志实例已初始化...
[2020-03-19 00:11:30:901] [webservice.WebServiceInterface.<init>] [INFO] spring管理web service
[2020-03-19 00:11:30:982] [webservice.TestWebService.main] [INFO] 客户端调用成功!
[2020-03-19 00:12:24:876] [webservice.WebServiceInterface.<init>] [INFO] spring管理web service
[2020-03-19 00:12:24:877] [webservice.WebServiceInterface.testWebService2] [INFO] 无参、无返回值方法
[2020-03-19 00:12:24:920] [webservice.TestWebService.main] [INFO] null
[2020-03-19 01:19:58:621] [util.MyApplicationContextAnnotion.<init>] [INFO] 获取上下文工具类初始化成功!
[2020-03-19 01:19:58:956] [aop.AnnotationCommenAop.<init>] [INFO] 注解式切面已初始化...
[2020-03-19 01:20:00:441] [vo.logVo.LogVo.<init>] [INFO] 日志实例已初始化...
[2020-03-19 01:20:00:882] [aop.ConfigCommenAop.<init>] [INFO] 切面已初始化...
[2020-03-19 01:20:00:924] [vo.logVo.LogVo.<init>] [INFO] 日志实例已初始化...
[2020-03-19 01:23:07:645] [webservice.WebServiceInterface.<init>] [INFO] spring管理web service1
[2020-03-19 01:23:07:721] [webservice.TestWebService.main] [INFO] 客户端调用成功!,测试1
[2020-03-19 01:23:36:897] [webservice.WebServiceInterface.<init>] [INFO] spring管理web service1
[2020-03-19 01:23:36:898] [webservice.WebServiceInterface.testWebService2] [INFO] 无参、无返回值方法,测试1
[2020-03-19 01:23:36:932] [webservice.TestWebService.main] [INFO] null
[2020-03-19 01:24:06:351] [webservice.WebServiceInterface.<init>] [INFO] spring管理web service1
[2020-03-19 01:24:06:357] [webservice.WebServiceInterface.testWebService2] [INFO] 无参、无返回值方法,测试1
[2020-03-19 01:24:06:374] [webservice.TestWebService.main] [INFO] null
[2020-03-19 01:26:10:525] [webservice.WebServiceInterface.<init>] [INFO] spring管理web service2
[2020-03-19 01:26:10:559] [webservice.TestWebService.main] [INFO] 客户端调用成功!,测试2
[2020-03-19 01:26:22:213] [webservice.WebServiceInterface.<init>] [INFO] spring管理web service2
[2020-03-19 01:26:22:218] [webservice.WebServiceInterface.testWebService4] [INFO] 无参、无返回值方法,测试2
[2020-03-19 01:26:53:206] [webservice.WebServiceInterface.<init>] [INFO] spring管理web service2
[2020-03-19 01:26:53:214] [webservice.WebServiceInterface.testWebService4] [INFO] 无参、无返回值方法,测试2
[2020-03-19 01:30:32:222] [webservice.WebServiceInterface.<init>] [INFO] spring管理web service2
[2020-03-19 01:30:32:228] [webservice.WebServiceInterface.testWebService4] [INFO] 无参、无返回值方法,测试2
[2020-03-19 01:41:16:921] [util.MyApplicationContextAnnotion.<init>] [INFO] 获取上下文工具类初始化成功!
[2020-03-19 01:41:17:297] [aop.AnnotationCommenAop.<init>] [INFO] 注解式切面已初始化...
[2020-03-19 01:41:18:724] [vo.logVo.LogVo.<init>] [INFO] 日志实例已初始化...
[2020-03-19 01:41:19:177] [aop.ConfigCommenAop.<init>] [INFO] 切面已初始化...
[2020-03-19 01:41:19:225] [vo.logVo.LogVo.<init>] [INFO] 日志实例已初始化...
[2020-03-19 01:41:19:238] [webservice.WebServiceInterface.<init>] [INFO] spring管理web service1
[2020-03-19 01:42:54:252] [webservice.TestWebService.main] [INFO] null,测试1
[2020-03-19 01:43:11:314] [webservice.TestWebService.main] [INFO] 客户端调用成功!,测试1
[2020-03-19 01:43:28:762] [webservice.WebServiceInterface.testWebService2] [INFO] 无参、无返回值方法,测试1
[2020-03-19 01:43:59:224] [webservice.WebServiceInterface.testWebService2] [INFO] 无参、无返回值方法,测试1
[2020-03-25 00:07:59:145] [util.MyApplicationContextAnnotion.<init>] [INFO] 获取上下文工具类初始化成功!
[2020-03-25 00:07:59:568] [aop.AnnotationCommenAop.<init>] [INFO] 注解式切面已初始化...
[2020-03-25 00:08:01:084] [vo.logVo.LogVo.<init>] [INFO] 日志实例已初始化...
[2020-03-25 00:08:01:671] [aop.ConfigCommenAop.<init>] [INFO] 切面已初始化...
[2020-03-25 00:08:01:726] [vo.logVo.LogVo.<init>] [INFO] 日志实例已初始化...
[2020-03-25 00:08:01:741] [webservice.WebServiceInterface.<init>] [INFO] spring管理web service1
[2020-03-25 00:27:42:780] [webservice.WebServiceInterface.testWebService2] [INFO] 无参、无返回值方法,测试1
[2020-04-12 16:11:33:157] [util.MyApplicationContextAnnotion.<init>] [INFO] 获取上下文工具类初始化成功!
[2020-04-12 16:11:33:589] [aop.AnnotationCommenAop.<init>] [INFO] 注解式切面已初始化...
[2020-04-12 16:11:35:133] [vo.logVo.LogVo.<init>] [INFO] 日志实例已初始化...
[2020-04-12 16:11:35:891] [aop.ConfigCommenAop.<init>] [INFO] 切面已初始化...
[2020-04-12 16:11:35:959] [vo.logVo.LogVo.<init>] [INFO] 日志实例已初始化...
[2020-04-12 16:11:35:976] [webservice.WebServiceInterface.<init>] [INFO] spring管理web service1
[2020-04-12 16:13:22:435] [vo.logVo.LogVo.<init>] [INFO] 日志实例已初始化...
[2020-04-12 16:13:22:442] [vo.logVo.LogVo.<init>] [INFO] 日志实例已初始化...
[2020-04-12 16:13:22:444] [vo.logVo.LogVo.<init>] [INFO] 日志实例已初始化...
[2020-04-12 16:13:22:445] [vo.logVo.LogVo.<init>] [INFO] 日志实例已初始化...
[2020-04-12 16:13:22:446] [vo.logVo.LogVo.<init>] [INFO] 日志实例已初始化...
[2020-04-12 16:13:22:447] [vo.logVo.LogVo.<init>] [INFO] 日志实例已初始化...
[2020-04-12 16:13:22:448] [vo.logVo.LogVo.<init>] [INFO] 日志实例已初始化...
[2020-04-12 16:13:22:449] [vo.logVo.LogVo.<init>] [INFO] 日志实例已初始化...
[2020-04-12 16:13:22:450] [vo.logVo.LogVo.<init>] [INFO] 日志实例已初始化...
[2020-04-12 16:13:22:451] [vo.logVo.LogVo.<init>] [INFO] 日志实例已初始化...
[2020-04-12 16:13:22:451] [vo.logVo.LogVo.<init>] [INFO] 日志实例已初始化...
[2020-04-12 16:13:22:452] [vo.logVo.LogVo.<init>] [INFO] 日志实例已初始化...
[2020-04-12 16:13:22:453] [vo.logVo.LogVo.<init>] [INFO] 日志实例已初始化...
[2020-04-12 16:13:22:457] [vo.logVo.LogVo.<init>] [INFO] 日志实例已初始化...
[2020-04-12 16:13:22:458] [vo.logVo.LogVo.<init>] [INFO] 日志实例已初始化...
[2020-04-12 16:13:22:466] [vo.logVo.LogVo.<init>] [INFO] 日志实例已初始化...
[2020-04-12 16:13:22:468] [vo.logVo.LogVo.<init>] [INFO] 日志实例已初始化...
[2020-04-12 16:13:22:474] [vo.logVo.LogVo.<init>] [INFO] 日志实例已初始化...
[2020-04-12 16:13:22:476] [vo.logVo.LogVo.<init>] [INFO] 日志实例已初始化...
[2020-04-12 16:13:22:477] [vo.logVo.LogVo.<init>] [INFO] 日志实例已初始化...
[2020-04-12 16:13:22:480] [vo.logVo.LogVo.<init>] [INFO] 日志实例已初始化...
[2020-04-12 16:13:22:481] [vo.logVo.LogVo.<init>] [INFO] 日志实例已初始化...
[2020-04-12 16:13:22:483] [vo.logVo.LogVo.<init>] [INFO] 日志实例已初始化...
[2020-04-12 16:13:22:484] [vo.logVo.LogVo.<init>] [INFO] 日志实例已初始化...
[2020-04-12 16:13:22:485] [vo.logVo.LogVo.<init>] [INFO] 日志实例已初始化...
[2020-04-12 16:13:22:486] [vo.logVo.LogVo.<init>] [INFO] 日志实例已初始化...
[2020-04-12 16:13:22:487] [vo.logVo.LogVo.<init>] [INFO] 日志实例已初始化...
[2020-04-12 16:13:22:488] [vo.logVo.LogVo.<init>] [INFO] 日志实例已初始化...
[2020-04-12 16:13:22:489] [vo.logVo.LogVo.<init>] [INFO] 日志实例已初始化...
[2020-04-12 16:13:22:490] [vo.logVo.LogVo.<init>] [INFO] 日志实例已初始化...
[2020-04-12 16:13:22:491] [vo.logVo.LogVo.<init>] [INFO] 日志实例已初始化...
[2020-04-12 16:13:22:492] [vo.logVo.LogVo.<init>] [INFO] 日志实例已初始化...
[2020-04-12 16:13:22:493] [vo.logVo.LogVo.<init>] [INFO] 日志实例已初始化...
[2020-04-12 16:13:22:494] [vo.logVo.LogVo.<init>] [INFO] 日志实例已初始化...
[2020-04-12 16:13:22:495] [vo.logVo.LogVo.<init>] [INFO] 日志实例已初始化...
[2020-04-12 16:13:22:496] [vo.logVo.LogVo.<init>] [INFO] 日志实例已初始化...
[2020-04-12 16:13:22:498] [vo.logVo.LogVo.<init>] [INFO] 日志实例已初始化...
[2020-04-12 16:13:22:500] [vo.logVo.LogVo.<init>] [INFO] 日志实例已初始化...
[2020-04-12 16:13:22:501] [vo.logVo.LogVo.<init>] [INFO] 日志实例已初始化...
[2020-04-12 16:13:22:502] [vo.logVo.LogVo.<init>] [INFO] 日志实例已初始化...
[2020-04-12 16:13:22:503] [vo.logVo.LogVo.<init>] [INFO] 日志实例已初始化...
[2020-04-12 16:13:22:505] [vo.logVo.LogVo.<init>] [INFO] 日志实例已初始化...
[2020-04-12 16:13:22:506] [vo.logVo.LogVo.<init>] [INFO] 日志实例已初始化...
[2020-04-12 16:13:22:507] [vo.logVo.LogVo.<init>] [INFO] 日志实例已初始化...
[2020-04-12 16:13:22:508] [vo.logVo.LogVo.<init>] [INFO] 日志实例已初始化...
[2020-04-12 16:13:22:511] [vo.logVo.LogVo.<init>] [INFO] 日志实例已初始化...
[2020-04-12 16:13:22:512] [vo.logVo.LogVo.<init>] [INFO] 日志实例已初始化...
[2020-04-12 16:13:22:513] [vo.logVo.LogVo.<init>] [INFO] 日志实例已初始化...
[2020-04-12 16:13:22:514] [vo.logVo.LogVo.<init>] [INFO] 日志实例已初始化...
[2020-04-12 16:13:22:515] [vo.logVo.LogVo.<init>] [INFO] 日志实例已初始化...
[2020-04-12 16:13:22:516] [vo.logVo.LogVo.<init>] [INFO] 日志实例已初始化...
[2020-04-12 16:13:22:517] [vo.logVo.LogVo.<init>] [INFO] 日志实例已初始化...
[2020-04-12 16:13:22:518] [vo.logVo.LogVo.<init>] [INFO] 日志实例已初始化...
[2020-04-12 16:13:22:520] [vo.logVo.LogVo.<init>] [INFO] 日志实例已初始化...
[2020-04-12 16:13:22:521] [vo.logVo.LogVo.<init>] [INFO] 日志实例已初始化...
[2020-04-12 16:13:22:522] [vo.logVo.LogVo.<init>] [INFO] 日志实例已初始化...
[2020-04-12 16:13:22:524] [vo.logVo.LogVo.<init>] [INFO] 日志实例已初始化...
[2020-04-12 16:13:22:527] [vo.logVo.LogVo.<init>] [INFO] 日志实例已初始化...
[2020-04-12 16:13:22:532] [vo.logVo.LogVo.<init>] [INFO] 日志实例已初始化...
[2020-04-12 16:13:22:532] [vo.logVo.LogVo.<init>] [INFO] 日志实例已初始化...
[2020-04-12 16:13:22:534] [vo.logVo.LogVo.<init>] [INFO] 日志实例已初始化...
[2020-04-12 16:13:22:534] [vo.logVo.LogVo.<init>] [INFO] 日志实例已初始化...
[2020-04-12 16:13:22:536] [vo.logVo.LogVo.<init>] [INFO] 日志实例已初始化...
[2020-04-12 16:13:22:537] [vo.logVo.LogVo.<init>] [INFO] 日志实例已初始化...
[2020-04-12 16:13:22:540] [vo.logVo.LogVo.<init>] [INFO] 日志实例已初始化...
[2020-04-12 16:13:22:541] [vo.logVo.LogVo.<init>] [INFO] 日志实例已初始化...
[2020-04-12 16:13:22:544] [vo.logVo.LogVo.<init>] [INFO] 日志实例已初始化...
[2020-04-12 16:13:22:550] [vo.logVo.LogVo.<init>] [INFO] 日志实例已初始化...
[2020-04-12 16:13:22:551] [vo.logVo.LogVo.<init>] [INFO] 日志实例已初始化...
[2020-04-12 16:13:22:552] [vo.logVo.LogVo.<init>] [INFO] 日志实例已初始化...
[2020-04-12 16:13:22:552] [vo.logVo.LogVo.<init>] [INFO] 日志实例已初始化...
[2020-04-12 16:13:22:553] [vo.logVo.LogVo.<init>] [INFO] 日志实例已初始化...
[2020-04-12 16:13:22:554] [vo.logVo.LogVo.<init>] [INFO] 日志实例已初始化...
[2020-04-12 16:13:22:554] [vo.logVo.LogVo.<init>] [INFO] 日志实例已初始化...
[2020-04-12 16:13:22:555] [vo.logVo.LogVo.<init>] [INFO] 日志实例已初始化...
[2020-04-12 16:13:22:556] [vo.logVo.LogVo.<init>] [INFO] 日志实例已初始化...
[2020-04-12 16:13:22:558] [vo.logVo.LogVo.<init>] [INFO] 日志实例已初始化...
[2020-04-12 16:13:22:560] [vo.logVo.LogVo.<init>] [INFO] 日志实例已初始化...
[2020-04-12 16:13:22:561] [vo.logVo.LogVo.<init>] [INFO] 日志实例已初始化...
[2020-04-12 16:13:22:561] [vo.logVo.LogVo.<init>] [INFO] 日志实例已初始化...
[2020-04-12 16:13:22:562] [vo.logVo.LogVo.<init>] [INFO] 日志实例已初始化...
[2020-04-12 16:13:22:564] [vo.logVo.LogVo.<init>] [INFO] 日志实例已初始化...
[2020-04-12 16:13:22:565] [vo.logVo.LogVo.<init>] [INFO] 日志实例已初始化...
[2020-04-12 16:13:22:566] [vo.logVo.LogVo.<init>] [INFO] 日志实例已初始化...
[2020-04-12 16:13:22:567] [vo.logVo.LogVo.<init>] [INFO] 日志实例已初始化...
[2020-04-12 16:13:22:568] [vo.logVo.LogVo.<init>] [INFO] 日志实例已初始化...
[2020-04-12 16:13:22:569] [vo.logVo.LogVo.<init>] [INFO] 日志实例已初始化...
[2020-04-12 16:13:22:570] [vo.logVo.LogVo.<init>] [INFO] 日志实例已初始化...
[2020-04-12 16:13:22:570] [vo.logVo.LogVo.<init>] [INFO] 日志实例已初始化...
[2020-04-12 16:13:22:571] [vo.logVo.LogVo.<init>] [INFO] 日志实例已初始化...
[2020-04-12 16:13:22:572] [vo.logVo.LogVo.<init>] [INFO] 日志实例已初始化...
[2020-04-12 16:13:22:573] [vo.logVo.LogVo.<init>] [INFO] 日志实例已初始化...
[2020-04-12 16:13:22:573] [vo.logVo.LogVo.<init>] [INFO] 日志实例已初始化...
[2020-04-12 16:13:22:574] [vo.logVo.LogVo.<init>] [INFO] 日志实例已初始化...
[2020-04-12 16:13:22:575] [vo.logVo.LogVo.<init>] [INFO] 日志实例已初始化...
[2020-04-12 16:13:22:576] [vo.logVo.LogVo.<init>] [INFO] 日志实例已初始化...
[2020-04-12 16:13:22:577] [vo.logVo.LogVo.<init>] [INFO] 日志实例已初始化...
[2020-04-12 16:13:22:578] [vo.logVo.LogVo.<init>] [INFO] 日志实例已初始化...
[2020-04-12 16:13:22:579] [vo.logVo.LogVo.<init>] [INFO] 日志实例已初始化...
[2020-04-12 16:13:22:580] [vo.logVo.LogVo.<init>] [INFO] 日志实例已初始化...
[2020-04-12 16:13:22:580] [vo.logVo.LogVo.<init>] [INFO] 日志实例已初始化...
[2020-04-12 16:13:22:581] [vo.logVo.LogVo.<init>] [INFO] 日志实例已初始化...
[2020-04-12 16:13:22:582] [vo.logVo.LogVo.<init>] [INFO] 日志实例已初始化...
[2020-04-12 16:13:22:582] [vo.logVo.LogVo.<init>] [INFO] 日志实例已初始化...
[2020-04-12 16:13:22:583] [vo.logVo.LogVo.<init>] [INFO] 日志实例已初始化...
[2020-04-12 16:13:22:584] [vo.logVo.LogVo.<init>] [INFO] 日志实例已初始化...
[2020-04-12 16:13:22:584] [vo.logVo.LogVo.<init>] [INFO] 日志实例已初始化...
[2020-04-12 16:13:22:585] [vo.logVo.LogVo.<init>] [INFO] 日志实例已初始化...
[2020-04-12 16:13:22:585] [vo.logVo.LogVo.<init>] [INFO] 日志实例已初始化...
[2020-04-12 16:13:22:586] [vo.logVo.LogVo.<init>] [INFO] 日志实例已初始化...
[2020-04-12 16:13:22:586] [vo.logVo.LogVo.<init>] [INFO] 日志实例已初始化...
[2020-04-12 16:13:22:587] [vo.logVo.LogVo.<init>] [INFO] 日志实例已初始化...
[2020-04-12 16:13:22:588] [vo.logVo.LogVo.<init>] [INFO] 日志实例已初始化...
[2020-04-12 16:13:22:588] [vo.logVo.LogVo.<init>] [INFO] 日志实例已初始化...
[2020-04-12 16:13:22:589] [vo.logVo.LogVo.<init>] [INFO] 日志实例已初始化...
[2020-04-12 16:13:22:590] [vo.logVo.LogVo.<init>] [INFO] 日志实例已初始化...
[2020-04-12 16:13:22:590] [vo.logVo.LogVo.<init>] [INFO] 日志实例已初始化...
[2020-04-12 16:13:22:591] [vo.logVo.LogVo.<init>] [INFO] 日志实例已初始化...
[2020-04-12 16:13:22:591] [vo.logVo.LogVo.<init>] [INFO] 日志实例已初始化...
[2020-04-12 16:13:22:592] [vo.logVo.LogVo.<init>] [INFO] 日志实例已初始化...
[2020-04-12 16:13:22:593] [vo.logVo.LogVo.<init>] [INFO] 日志实例已初始化...
[2020-04-12 16:13:22:594] [vo.logVo.LogVo.<init>] [INFO] 日志实例已初始化...
[2020-04-12 16:13:22:595] [vo.logVo.LogVo.<init>] [INFO] 日志实例已初始化...
[2020-04-12 16:13:22:596] [vo.logVo.LogVo.<init>] [INFO] 日志实例已初始化...
[2020-04-12 16:13:22:597] [vo.logVo.LogVo.<init>] [INFO] 日志实例已初始化...
[2020-04-12 16:13:22:599] [vo.logVo.LogVo.<init>] [INFO] 日志实例已初始化...
[2020-04-12 16:13:22:600] [vo.logVo.LogVo.<init>] [INFO] 日志实例已初始化...
[2020-04-12 16:13:22:601] [vo.logVo.LogVo.<init>] [INFO] 日志实例已初始化...
[2020-04-12 16:13:22:602] [vo.logVo.LogVo.<init>] [INFO] 日志实例已初始化...
[2020-04-12 16:13:22:603] [vo.logVo.LogVo.<init>] [INFO] 日志实例已初始化...
[2020-04-12 16:13:22:604] [vo.logVo.LogVo.<init>] [INFO] 日志实例已初始化...
[2020-04-12 16:13:22:605] [vo.logVo.LogVo.<init>] [INFO] 日志实例已初始化...
[2020-04-12 16:13:22:606] [vo.logVo.LogVo.<init>] [INFO] 日志实例已初始化...
[2020-04-12 16:13:22:606] [vo.logVo.LogVo.<init>] [INFO] 日志实例已初始化...
[2020-04-12 16:13:22:607] [vo.logVo.LogVo.<init>] [INFO] 日志实例已初始化...
[2020-04-12 16:13:22:608] [vo.logVo.LogVo.<init>] [INFO] 日志实例已初始化...
[2020-04-12 16:13:22:608] [vo.logVo.LogVo.<init>] [INFO] 日志实例已初始化...
[2020-04-12 16:13:22:610] [vo.logVo.LogVo.<init>] [INFO] 日志实例已初始化...
[2020-04-12 16:13:22:610] [vo.logVo.LogVo.<init>] [INFO] 日志实例已初始化...
[2020-04-12 16:13:22:611] [vo.logVo.LogVo.<init>] [INFO] 日志实例已初始化...
[2020-04-12 16:13:22:611] [vo.logVo.LogVo.<init>] [INFO] 日志实例已初始化...
[2020-04-12 16:13:22:612] [vo.logVo.LogVo.<init>] [INFO] 日志实例已初始化...
[2020-04-12 16:13:22:612] [vo.logVo.LogVo.<init>] [INFO] 日志实例已初始化...
[2020-04-12 16:13:22:613] [vo.logVo.LogVo.<init>] [INFO] 日志实例已初始化...
[2020-04-12 16:13:22:613] [vo.logVo.LogVo.<init>] [INFO] 日志实例已初始化...
[2020-04-12 16:13:22:613] [vo.logVo.LogVo.<init>] [INFO] 日志实例已初始化...
[2020-04-12 16:13:22:614] [vo.logVo.LogVo.<init>] [INFO] 日志实例已初始化...
[2020-04-12 16:13:22:615] [vo.logVo.LogVo.<init>] [INFO] 日志实例已初始化...
[2020-04-12 16:13:22:615] [vo.logVo.LogVo.<init>] [INFO] 日志实例已初始化...
[2020-04-12 16:13:22:616] [vo.logVo.LogVo.<init>] [INFO] 日志实例已初始化...
[2020-04-12 16:13:22:616] [vo.logVo.LogVo.<init>] [INFO] 日志实例已初始化...
[2020-04-12 16:13:22:617] [vo.logVo.LogVo.<init>] [INFO] 日志实例已初始化...
[2020-04-12 16:13:22:617] [vo.logVo.LogVo.<init>] [INFO] 日志实例已初始化...
[2020-04-12 16:13:22:618] [vo.logVo.LogVo.<init>] [INFO] 日志实例已初始化...
[2020-04-12 16:13:22:618] [vo.logVo.LogVo.<init>] [INFO] 日志实例已初始化...
[2020-04-12 16:13:22:618] [vo.logVo.LogVo.<init>] [INFO] 日志实例已初始化...
[2020-04-12 16:13:22:619] [vo.logVo.LogVo.<init>] [INFO] 日志实例已初始化...
[2020-04-12 16:13:22:619] [vo.logVo.LogVo.<init>] [INFO] 日志实例已初始化...
[2020-04-12 16:13:22:620] [vo.logVo.LogVo.<init>] [INFO] 日志实例已初始化...
[2020-04-12 16:13:22:620] [vo.logVo.LogVo.<init>] [INFO] 日志实例已初始化...
[2020-04-12 16:13:22:620] [vo.logVo.LogVo.<init>] [INFO] 日志实例已初始化...
[2020-04-12 16:13:22:621] [vo.logVo.LogVo.<init>] [INFO] 日志实例已初始化...
[2020-04-12 16:13:22:622] [vo.logVo.LogVo.<init>] [INFO] 日志实例已初始化...
[2020-04-12 16:13:22:623] [vo.logVo.LogVo.<init>] [INFO] 日志实例已初始化...
[2020-04-12 16:13:22:624] [vo.logVo.LogVo.<init>] [INFO] 日志实例已初始化...
[2020-04-12 16:13:22:626] [vo.logVo.LogVo.<init>] [INFO] 日志实例已初始化...
[2020-04-12 16:13:22:627] [vo.logVo.LogVo.<init>] [INFO] 日志实例已初始化...
[2020-04-12 16:13:22:627] [vo.logVo.LogVo.<init>] [INFO] 日志实例已初始化...
[2020-04-12 16:13:22:628] [vo.logVo.LogVo.<init>] [INFO] 日志实例已初始化...
[2020-04-12 16:13:22:629] [vo.logVo.LogVo.<init>] [INFO] 日志实例已初始化...
[2020-04-12 16:13:22:630] [vo.logVo.LogVo.<init>] [INFO] 日志实例已初始化...
[2020-04-12 16:13:22:630] [vo.logVo.LogVo.<init>] [INFO] 日志实例已初始化...
[2020-04-12 16:13:22:631] [vo.logVo.LogVo.<init>] [INFO] 日志实例已初始化...
[2020-04-12 16:13:22:632] [vo.logVo.LogVo.<init>] [INFO] 日志实例已初始化...
[2020-04-12 16:13:22:632] [vo.logVo.LogVo.<init>] [INFO] 日志实例已初始化...
[2020-04-12 16:13:22:634] [vo.logVo.LogVo.<init>] [INFO] 日志实例已初始化...
[2020-04-12 16:13:22:634] [vo.logVo.LogVo.<init>] [INFO] 日志实例已初始化...
[2020-04-12 16:13:22:635] [vo.logVo.LogVo.<init>] [INFO] 日志实例已初始化...
[2020-04-12 16:13:22:635] [vo.logVo.LogVo.<init>] [INFO] 日志实例已初始化...
[2020-04-12 16:13:22:635] [vo.logVo.LogVo.<init>] [INFO] 日志实例已初始化...
[2020-04-12 16:13:22:636] [vo.logVo.LogVo.<init>] [INFO] 日志实例已初始化...
[2020-04-12 16:13:22:636] [vo.logVo.LogVo.<init>] [INFO] 日志实例已初始化...
[2020-04-12 16:13:22:636] [vo.logVo.LogVo.<init>] [INFO] 日志实例已初始化...
[2020-04-12 16:13:22:638] [vo.logVo.LogVo.<init>] [INFO] 日志实例已初始化...
[2020-04-12 16:13:22:638] [vo.logVo.LogVo.<init>] [INFO] 日志实例已初始化...
[2020-04-12 16:13:22:639] [vo.logVo.LogVo.<init>] [INFO] 日志实例已初始化...
[2020-04-12 16:13:22:639] [vo.logVo.LogVo.<init>] [INFO] 日志实例已初始化...
[2020-04-12 16:13:22:639] [vo.logVo.LogVo.<init>] [INFO] 日志实例已初始化...
[2020-04-12 16:13:22:640] [vo.logVo.LogVo.<init>] [INFO] 日志实例已初始化...
[2020-04-12 16:13:22:640] [vo.logVo.LogVo.<init>] [INFO] 日志实例已初始化...
[2020-04-12 16:13:22:641] [vo.logVo.LogVo.<init>] [INFO] 日志实例已初始化...
[2020-04-12 16:13:22:642] [vo.logVo.LogVo.<init>] [INFO] 日志实例已初始化...
[2020-04-12 16:13:22:643] [vo.logVo.LogVo.<init>] [INFO] 日志实例已初始化...
[2020-04-12 16:13:22:644] [vo.logVo.LogVo.<init>] [INFO] 日志实例已初始化...
[2020-04-12 16:13:22:645] [vo.logVo.LogVo.<init>] [INFO] 日志实例已初始化...
[2020-04-12 16:13:22:645] [vo.logVo.LogVo.<init>] [INFO] 日志实例已初始化...
[2020-04-12 16:13:22:645] [vo.logVo.LogVo.<init>] [INFO] 日志实例已初始化...
[2020-04-12 16:13:22:646] [vo.logVo.LogVo.<init>] [INFO] 日志实例已初始化...
[2020-04-12 16:13:22:646] [vo.logVo.LogVo.<init>] [INFO] 日志实例已初始化...
[2020-04-12 16:13:22:647] [vo.logVo.LogVo.<init>] [INFO] 日志实例已初始化...
[2020-04-12 16:13:22:647] [vo.logVo.LogVo.<init>] [INFO] 日志实例已初始化...
[2020-04-12 16:13:22:648] [vo.logVo.LogVo.<init>] [INFO] 日志实例已初始化...
[2020-04-12 16:13:22:648] [vo.logVo.LogVo.<init>] [INFO] 日志实例已初始化...
[2020-04-12 16:13:22:649] [vo.logVo.LogVo.<init>] [INFO] 日志实例已初始化...
[2020-04-12 16:13:22:650] [vo.logVo.LogVo.<init>] [INFO] 日志实例已初始化...
[2020-04-12 16:13:22:651] [vo.logVo.LogVo.<init>] [INFO] 日志实例已初始化...
[2020-04-12 16:13:22:652] [vo.logVo.LogVo.<init>] [INFO] 日志实例已初始化...
[2020-04-12 16:13:22:653] [vo.logVo.LogVo.<init>] [INFO] 日志实例已初始化...
[2020-04-12 16:13:22:654] [vo.logVo.LogVo.<init>] [INFO] 日志实例已初始化...
[2020-04-12 16:13:22:655] [vo.logVo.LogVo.<init>] [INFO] 日志实例已初始化...
[2020-04-12 16:13:22:656] [vo.logVo.LogVo.<init>] [INFO] 日志实例已初始化...
[2020-04-12 16:13:22:657] [vo.logVo.LogVo.<init>] [INFO] 日志实例已初始化...
[2020-04-12 16:13:22:658] [vo.logVo.LogVo.<init>] [INFO] 日志实例已初始化...
[2020-04-12 16:13:22:659] [vo.logVo.LogVo.<init>] [INFO] 日志实例已初始化...
[2020-04-12 16:13:22:660] [vo.logVo.LogVo.<init>] [INFO] 日志实例已初始化...
[2020-04-12 16:13:22:660] [vo.logVo.LogVo.<init>] [INFO] 日志实例已初始化...
[2020-04-12 16:13:22:661] [vo.logVo.LogVo.<init>] [INFO] 日志实例已初始化...
[2020-04-12 16:13:22:661] [vo.logVo.LogVo.<init>] [INFO] 日志实例已初始化...
[2020-04-12 16:13:22:662] [vo.logVo.LogVo.<init>] [INFO] 日志实例已初始化...
[2020-04-12 16:13:22:662] [vo.logVo.LogVo.<init>] [INFO] 日志实例已初始化...
[2020-04-12 16:13:22:663] [vo.logVo.LogVo.<init>] [INFO] 日志实例已初始化...
[2020-04-12 16:13:22:663] [vo.logVo.LogVo.<init>] [INFO] 日志实例已初始化...
[2020-04-12 16:13:22:664] [vo.logVo.LogVo.<init>] [INFO] 日志实例已初始化...
[2020-04-12 16:13:22:665] [vo.logVo.LogVo.<init>] [INFO] 日志实例已初始化...
[2020-04-12 16:13:22:666] [vo.logVo.LogVo.<init>] [INFO] 日志实例已初始化...
[2020-04-12 16:13:22:667] [vo.logVo.LogVo.<init>] [INFO] 日志实例已初始化...
[2020-04-12 16:13:22:667] [vo.logVo.LogVo.<init>] [INFO] 日志实例已初始化...
[2020-04-12 16:13:22:668] [vo.logVo.LogVo.<init>] [INFO] 日志实例已初始化...
[2020-04-12 16:13:22:668] [vo.logVo.LogVo.<init>] [INFO] 日志实例已初始化...
[2020-04-12 16:13:22:669] [vo.logVo.LogVo.<init>] [INFO] 日志实例已初始化...
[2020-04-12 16:13:22:669] [vo.logVo.LogVo.<init>] [INFO] 日志实例已初始化...
[2020-04-12 16:13:22:670] [vo.logVo.LogVo.<init>] [INFO] 日志实例已初始化...
[2020-04-12 16:13:22:671] [vo.logVo.LogVo.<init>] [INFO] 日志实例已初始化...
[2020-04-12 16:13:22:671] [vo.logVo.LogVo.<init>] [INFO] 日志实例已初始化...
[2020-04-12 16:13:22:672] [vo.logVo.LogVo.<init>] [INFO] 日志实例已初始化...
[2020-04-12 16:13:22:672] [vo.logVo.LogVo.<init>] [INFO] 日志实例已初始化...
[2020-04-12 16:13:22:672] [vo.logVo.LogVo.<init>] [INFO] 日志实例已初始化...
[2020-04-12 16:13:22:673] [vo.logVo.LogVo.<init>] [INFO] 日志实例已初始化...
[2020-04-12 16:13:22:673] [vo.logVo.LogVo.<init>] [INFO] 日志实例已初始化...
[2020-04-12 16:13:22:674] [vo.logVo.LogVo.<init>] [INFO] 日志实例已初始化...
[2020-04-12 16:13:22:674] [vo.logVo.LogVo.<init>] [INFO] 日志实例已初始化...
[2020-04-12 16:13:22:675] [vo.logVo.LogVo.<init>] [INFO] 日志实例已初始化...
[2020-04-12 16:13:22:676] [vo.logVo.LogVo.<init>] [INFO] 日志实例已初始化...
[2020-04-12 16:13:22:677] [vo.logVo.LogVo.<init>] [INFO] 日志实例已初始化...
[2020-04-12 16:13:22:677] [vo.logVo.LogVo.<init>] [INFO] 日志实例已初始化...
[2020-04-12 16:13:22:678] [vo.logVo.LogVo.<init>] [INFO] 日志实例已初始化...
[2020-04-12 16:13:22:678] [vo.logVo.LogVo.<init>] [INFO] 日志实例已初始化...
[2020-04-12 16:13:22:679] [vo.logVo.LogVo.<init>] [INFO] 日志实例已初始化...
[2020-04-12 16:13:22:679] [vo.logVo.LogVo.<init>] [INFO] 日志实例已初始化...
[2020-04-12 16:13:22:679] [vo.logVo.LogVo.<init>] [INFO] 日志实例已初始化...
[2020-04-12 16:13:22:680] [vo.logVo.LogVo.<init>] [INFO] 日志实例已初始化...
[2020-04-12 16:13:22:680] [vo.logVo.LogVo.<init>] [INFO] 日志实例已初始化...
[2020-04-12 16:13:22:681] [vo.logVo.LogVo.<init>] [INFO] 日志实例已初始化...
[2020-04-12 16:13:22:682] [vo.logVo.LogVo.<init>] [INFO] 日志实例已初始化...
[2020-04-12 16:13:22:683] [vo.logVo.LogVo.<init>] [INFO] 日志实例已初始化...
[2020-04-12 16:13:22:683] [vo.logVo.LogVo.<init>] [INFO] 日志实例已初始化...
[2020-04-12 16:13:22:684] [vo.logVo.LogVo.<init>] [INFO] 日志实例已初始化...
[2020-04-12 16:13:22:685] [vo.logVo.LogVo.<init>] [INFO] 日志实例已初始化...
[2020-04-12 16:13:22:685] [vo.logVo.LogVo.<init>] [INFO] 日志实例已初始化...
[2020-04-12 16:13:22:686] [vo.logVo.LogVo.<init>] [INFO] 日志实例已初始化...
[2020-04-12 16:13:22:687] [vo.logVo.LogVo.<init>] [INFO] 日志实例已初始化...
[2020-04-12 16:13:22:687] [vo.logVo.LogVo.<init>] [INFO] 日志实例已初始化...
[2020-04-12 16:13:22:688] [vo.logVo.LogVo.<init>] [INFO] 日志实例已初始化...
[2020-04-12 16:13:22:689] [vo.logVo.LogVo.<init>] [INFO] 日志实例已初始化...
[2020-04-12 16:13:22:689] [vo.logVo.LogVo.<init>] [INFO] 日志实例已初始化...
[2020-04-12 16:13:22:690] [vo.logVo.LogVo.<init>] [INFO] 日志实例已初始化...
[2020-04-12 16:13:22:691] [vo.logVo.LogVo.<init>] [INFO] 日志实例已初始化...
[2020-04-12 16:13:22:691] [vo.logVo.LogVo.<init>] [INFO] 日志实例已初始化...
[2020-04-12 16:13:22:692] [vo.logVo.LogVo.<init>] [INFO] 日志实例已初始化...
[2020-04-12 16:13:22:693] [vo.logVo.LogVo.<init>] [INFO] 日志实例已初始化...
[2020-04-12 16:13:22:694] [vo.logVo.LogVo.<init>] [INFO] 日志实例已初始化...
[2020-04-12 16:13:22:695] [vo.logVo.LogVo.<init>] [INFO] 日志实例已初始化...
[2020-04-12 16:13:22:695] [vo.logVo.LogVo.<init>] [INFO] 日志实例已初始化...
[2020-04-12 16:13:22:696] [vo.logVo.LogVo.<init>] [INFO] 日志实例已初始化...
[2020-04-12 16:13:22:696] [vo.logVo.LogVo.<init>] [INFO] 日志实例已初始化...
[2020-04-12 16:13:22:697] [vo.logVo.LogVo.<init>] [INFO] 日志实例已初始化...
[2020-04-12 16:13:22:698] [vo.logVo.LogVo.<init>] [INFO] 日志实例已初始化...
[2020-04-12 16:13:22:699] [vo.logVo.LogVo.<init>] [INFO] 日志实例已初始化...
[2020-04-12 16:13:22:699] [vo.logVo.LogVo.<init>] [INFO] 日志实例已初始化...
[2020-04-12 16:13:22:700] [vo.logVo.LogVo.<init>] [INFO] 日志实例已初始化...
[2020-04-12 16:13:22:700] [vo.logVo.LogVo.<init>] [INFO] 日志实例已初始化...
[2020-04-12 16:13:22:701] [vo.logVo.LogVo.<init>] [INFO] 日志实例已初始化...
[2020-04-12 16:13:22:701] [vo.logVo.LogVo.<init>] [INFO] 日志实例已初始化...
[2020-04-12 16:13:22:702] [vo.logVo.LogVo.<init>] [INFO] 日志实例已初始化...
[2020-04-12 16:13:22:702] [vo.logVo.LogVo.<init>] [INFO] 日志实例已初始化...
[2020-04-12 16:13:22:702] [vo.logVo.LogVo.<init>] [INFO] 日志实例已初始化...
[2020-04-12 16:13:22:703] [vo.logVo.LogVo.<init>] [INFO] 日志实例已初始化...
[2020-04-12 16:13:22:704] [vo.logVo.LogVo.<init>] [INFO] 日志实例已初始化...
[2020-04-12 16:13:22:705] [vo.logVo.LogVo.<init>] [INFO] 日志实例已初始化...
[2020-04-12 16:13:22:706] [vo.logVo.LogVo.<init>] [INFO] 日志实例已初始化...
[2020-04-12 16:13:22:707] [vo.logVo.LogVo.<init>] [INFO] 日志实例已初始化...
[2020-04-12 16:13:22:710] [vo.logVo.LogVo.<init>] [INFO] 日志实例已初始化...
[2020-04-12 16:13:22:710] [vo.logVo.LogVo.<init>] [INFO] 日志实例已初始化...
[2020-04-12 16:13:22:711] [vo.logVo.LogVo.<init>] [INFO] 日志实例已初始化...
[2020-04-12 16:13:22:712] [vo.logVo.LogVo.<init>] [INFO] 日志实例已初始化...
[2020-04-12 16:13:22:718] [vo.logVo.LogVo.<init>] [INFO] 日志实例已初始化...
[2020-04-12 16:13:22:719] [vo.logVo.LogVo.<init>] [INFO] 日志实例已初始化...
[2020-04-12 16:13:22:720] [vo.logVo.LogVo.<init>] [INFO] 日志实例已初始化...
[2020-04-12 16:13:22:721] [vo.logVo.LogVo.<init>] [INFO] 日志实例已初始化...
[2020-04-12 16:13:22:723] [vo.logVo.LogVo.<init>] [INFO] 日志实例已初始化...
[2020-04-12 16:13:22:724] [vo.logVo.LogVo.<init>] [INFO] 日志实例已初始化...
[2020-04-12 16:13:22:725] [vo.logVo.LogVo.<init>] [INFO] 日志实例已初始化...
[2020-04-12 16:13:22:727] [vo.logVo.LogVo.<init>] [INFO] 日志实例已初始化...
[2020-04-12 16:13:22:727] [vo.logVo.LogVo.<init>] [INFO] 日志实例已初始化...
[2020-04-12 16:13:22:728] [vo.logVo.LogVo.<init>] [INFO] 日志实例已初始化...
[2020-04-12 16:13:22:729] [vo.logVo.LogVo.<init>] [INFO] 日志实例已初始化...
[2020-04-12 16:13:22:730] [vo.logVo.LogVo.<init>] [INFO] 日志实例已初始化...
[2020-04-12 16:13:22:730] [vo.logVo.LogVo.<init>] [INFO] 日志实例已初始化...
[2020-04-12 16:13:22:734] [vo.logVo.LogVo.<init>] [INFO] 日志实例已初始化...
[2020-04-12 16:13:22:735] [vo.logVo.LogVo.<init>] [INFO] 日志实例已初始化...
[2020-04-12 16:13:22:736] [vo.logVo.LogVo.<init>] [INFO] 日志实例已初始化...
[2020-04-12 16:13:22:737] [vo.logVo.LogVo.<init>] [INFO] 日志实例已初始化...
[2020-04-12 16:13:22:738] [vo.logVo.LogVo.<init>] [INFO] 日志实例已初始化...
[2020-04-12 16:13:22:738] [vo.logVo.LogVo.<init>] [INFO] 日志实例已初始化...
[2020-04-12 16:13:22:740] [vo.logVo.LogVo.<init>] [INFO] 日志实例已初始化...
[2020-04-12 16:13:22:740] [vo.logVo.LogVo.<init>] [INFO] 日志实例已初始化...
[2020-04-12 16:13:22:741] [vo.logVo.LogVo.<init>] [INFO] 日志实例已初始化...
[2020-04-12 16:13:22:745] [vo.logVo.LogVo.<init>] [INFO] 日志实例已初始化...
[2020-04-12 16:13:22:745] [vo.logVo.LogVo.<init>] [INFO] 日志实例已初始化...
[2020-04-12 16:13:22:746] [vo.logVo.LogVo.<init>] [INFO] 日志实例已初始化...
[2020-04-12 16:13:22:746] [vo.logVo.LogVo.<init>] [INFO] 日志实例已初始化...
[2020-04-12 16:13:22:747] [vo.logVo.LogVo.<init>] [INFO] 日志实例已初始化...
[2020-04-12 16:13:22:747] [vo.logVo.LogVo.<init>] [INFO] 日志实例已初始化...
[2020-04-12 16:13:22:748] [vo.logVo.LogVo.<init>] [INFO] 日志实例已初始化...
[2020-04-12 16:13:22:749] [vo.logVo.LogVo.<init>] [INFO] 日志实例已初始化...
[2020-04-12 16:13:22:749] [vo.logVo.LogVo.<init>] [INFO] 日志实例已初始化...
[2020-04-12 16:13:22:750] [vo.logVo.LogVo.<init>] [INFO] 日志实例已初始化...
[2020-04-12 16:13:22:750] [vo.logVo.LogVo.<init>] [INFO] 日志实例已初始化...
[2020-04-12 16:13:22:751] [vo.logVo.LogVo.<init>] [INFO] 日志实例已初始化...
[2020-04-12 16:13:22:752] [vo.logVo.LogVo.<init>] [INFO] 日志实例已初始化...
[2020-04-12 16:13:22:753] [vo.logVo.LogVo.<init>] [INFO] 日志实例已初始化...
[2020-04-12 16:13:22:754] [vo.logVo.LogVo.<init>] [INFO] 日志实例已初始化...
[2020-04-12 16:13:22:755] [vo.logVo.LogVo.<init>] [INFO] 日志实例已初始化...
[2020-04-12 16:13:22:756] [vo.logVo.LogVo.<init>] [INFO] 日志实例已初始化...
[2020-04-12 16:13:22:756] [vo.logVo.LogVo.<init>] [INFO] 日志实例已初始化...
[2020-04-12 16:13:22:757] [vo.logVo.LogVo.<init>] [INFO] 日志实例已初始化...
[2020-04-12 16:13:22:760] [vo.logVo.LogVo.<init>] [INFO] 日志实例已初始化...
[2020-04-12 16:13:22:761] [vo.logVo.LogVo.<init>] [INFO] 日志实例已初始化...
[2020-04-12 16:13:22:762] [vo.logVo.LogVo.<init>] [INFO] 日志实例已初始化...
[2020-04-12 16:13:22:764] [vo.logVo.LogVo.<init>] [INFO] 日志实例已初始化...
[2020-04-12 16:13:22:765] [vo.logVo.LogVo.<init>] [INFO] 日志实例已初始化...
[2020-04-12 16:13:22:765] [vo.logVo.LogVo.<init>] [INFO] 日志实例已初始化...
[2020-04-12 16:13:22:766] [vo.logVo.LogVo.<init>] [INFO] 日志实例已初始化...
[2020-04-12 16:13:22:767] [vo.logVo.LogVo.<init>] [INFO] 日志实例已初始化...
[2020-04-12 16:13:22:767] [vo.logVo.LogVo.<init>] [INFO] 日志实例已初始化...
[2020-04-12 16:13:22:768] [vo.logVo.LogVo.<init>] [INFO] 日志实例已初始化...
[2020-04-12 16:13:22:769] [vo.logVo.LogVo.<init>] [INFO] 日志实例已初始化...
[2020-04-12 16:13:22:769] [vo.logVo.LogVo.<init>] [INFO] 日志实例已初始化...
[2020-04-12 16:13:22:770] [vo.logVo.LogVo.<init>] [INFO] 日志实例已初始化...
[2020-04-12 16:13:22:771] [vo.logVo.LogVo.<init>] [INFO] 日志实例已初始化...
[2020-04-12 16:13:22:772] [vo.logVo.LogVo.<init>] [INFO] 日志实例已初始化...
[2020-04-12 16:13:22:773] [vo.logVo.LogVo.<init>] [INFO] 日志实例已初始化...
[2020-04-12 16:13:22:774] [vo.logVo.LogVo.<init>] [INFO] 日志实例已初始化...
[2020-04-12 16:13:22:777] [vo.logVo.LogVo.<init>] [INFO] 日志实例已初始化...
[2020-04-12 16:13:22:778] [vo.logVo.LogVo.<init>] [INFO] 日志实例已初始化...
[2020-04-12 16:13:22:779] [vo.logVo.LogVo.<init>] [INFO] 日志实例已初始化...
[2020-04-12 16:13:22:780] [vo.logVo.LogVo.<init>] [INFO] 日志实例已初始化...
[2020-04-12 16:13:22:780] [vo.logVo.LogVo.<init>] [INFO] 日志实例已初始化...
[2020-04-12 16:13:22:781] [vo.logVo.LogVo.<init>] [INFO] 日志实例已初始化...
[2020-04-12 16:13:22:781] [vo.logVo.LogVo.<init>] [INFO] 日志实例已初始化...
[2020-04-12 16:13:22:782] [vo.logVo.LogVo.<init>] [INFO] 日志实例已初始化...
[2020-04-12 16:13:22:783] [vo.logVo.LogVo.<init>] [INFO] 日志实例已初始化...
[2020-04-12 16:13:22:784] [vo.logVo.LogVo.<init>] [INFO] 日志实例已初始化...
[2020-04-12 16:13:22:785] [vo.logVo.LogVo.<init>] [INFO] 日志实例已初始化...
[2020-04-12 16:13:22:786] [vo.logVo.LogVo.<init>] [INFO] 日志实例已初始化...
[2020-04-12 16:13:22:787] [vo.logVo.LogVo.<init>] [INFO] 日志实例已初始化...
[2020-04-12 16:13:22:788] [vo.logVo.LogVo.<init>] [INFO] 日志实例已初始化...
[2020-04-12 16:13:22:789] [vo.logVo.LogVo.<init>] [INFO] 日志实例已初始化...
[2020-04-12 16:13:22:791] [vo.logVo.LogVo.<init>] [INFO] 日志实例已初始化...
[2020-04-12 16:13:22:793] [vo.logVo.LogVo.<init>] [INFO] 日志实例已初始化...
[2020-04-12 16:13:22:794] [vo.logVo.LogVo.<init>] [INFO] 日志实例已初始化...
[2020-04-12 16:13:22:795] [vo.logVo.LogVo.<init>] [INFO] 日志实例已初始化...
[2020-04-12 16:13:22:796] [vo.logVo.LogVo.<init>] [INFO] 日志实例已初始化...
[2020-04-12 16:13:22:797] [vo.logVo.LogVo.<init>] [INFO] 日志实例已初始化...
[2020-04-12 16:13:22:798] [vo.logVo.LogVo.<init>] [INFO] 日志实例已初始化...
[2020-04-12 16:13:22:799] [vo.logVo.LogVo.<init>] [INFO] 日志实例已初始化...
[2020-04-12 16:13:22:800] [vo.logVo.LogVo.<init>] [INFO] 日志实例已初始化...
[2020-04-12 16:13:22:801] [vo.logVo.LogVo.<init>] [INFO] 日志实例已初始化...
[2020-04-12 16:13:22:802] [vo.logVo.LogVo.<init>] [INFO] 日志实例已初始化...
[2020-04-12 16:13:22:803] [vo.logVo.LogVo.<init>] [INFO] 日志实例已初始化...
[2020-04-12 16:13:22:805] [vo.logVo.LogVo.<init>] [INFO] 日志实例已初始化...
[2020-04-12 16:13:22:810] [vo.logVo.LogVo.<init>] [INFO] 日志实例已初始化...
[2020-04-12 16:13:22:811] [vo.logVo.LogVo.<init>] [INFO] 日志实例已初始化...
[2020-04-12 16:13:22:812] [vo.logVo.LogVo.<init>] [INFO] 日志实例已初始化...
[2020-04-12 16:13:22:813] [vo.logVo.LogVo.<init>] [INFO] 日志实例已初始化...
[2020-04-12 16:13:22:814] [vo.logVo.LogVo.<init>] [INFO] 日志实例已初始化...
[2020-04-12 16:13:22:815] [vo.logVo.LogVo.<init>] [INFO] 日志实例已初始化...
[2020-04-12 16:13:22:815] [vo.logVo.LogVo.<init>] [INFO] 日志实例已初始化...
[2020-04-12 16:13:22:816] [vo.logVo.LogVo.<init>] [INFO] 日志实例已初始化...
[2020-04-12 16:13:22:816] [vo.logVo.LogVo.<init>] [INFO] 日志实例已初始化...
[2020-04-12 16:13:22:817] [vo.logVo.LogVo.<init>] [INFO] 日志实例已初始化...
[2020-04-12 16:13:22:903] [vo.logVo.LogVo.<init>] [INFO] 日志实例已初始化...
[2020-04-12 16:13:22:940] [vo.logVo.LogVo.<init>] [INFO] 日志实例已初始化...
[2020-04-12 16:19:18:344] [util.MyApplicationContextAnnotion.<init>] [INFO] 获取上下文工具类初始化成功!
[2020-04-12 16:19:18:678] [aop.AnnotationCommenAop.<init>] [INFO] 注解式切面已初始化...
[2020-04-12 16:19:20:044] [vo.logVo.LogVo.<init>] [INFO] 日志实例已初始化...
[2020-04-12 16:19:20:575] [aop.ConfigCommenAop.<init>] [INFO] 切面已初始化...
[2020-04-12 16:19:20:623] [vo.logVo.LogVo.<init>] [INFO] 日志实例已初始化...
[2020-04-12 16:19:20:636] [webservice.WebServiceInterface.<init>] [INFO] spring管理web service1
[2020-04-12 16:20:25:131] [vo.logVo.LogVo.<init>] [INFO] 日志实例已初始化...
[2020-04-12 16:20:25:148] [vo.logVo.LogVo.<init>] [INFO] 日志实例已初始化...
[2020-04-12 16:20:25:149] [vo.logVo.LogVo.<init>] [INFO] 日志实例已初始化...
[2020-04-12 16:20:25:150] [vo.logVo.LogVo.<init>] [INFO] 日志实例已初始化...
[2020-04-12 16:20:25:151] [vo.logVo.LogVo.<init>] [INFO] 日志实例已初始化...
[2020-04-12 16:20:25:154] [vo.logVo.LogVo.<init>] [INFO] 日志实例已初始化...
[2020-04-12 16:20:25:156] [vo.logVo.LogVo.<init>] [INFO] 日志实例已初始化...
[2020-04-12 16:20:25:157] [vo.logVo.LogVo.<init>] [INFO] 日志实例已初始化...
[2020-04-12 16:20:25:158] [vo.logVo.LogVo.<init>] [INFO] 日志实例已初始化...
[2020-04-12 16:20:25:159] [vo.logVo.LogVo.<init>] [INFO] 日志实例已初始化...
[2020-04-12 16:20:25:161] [vo.logVo.LogVo.<init>] [INFO] 日志实例已初始化...
[2020-04-12 16:20:25:163] [vo.logVo.LogVo.<init>] [INFO] 日志实例已初始化...
[2020-04-12 16:20:25:165] [vo.logVo.LogVo.<init>] [INFO] 日志实例已初始化...
[2020-04-12 16:20:25:166] [vo.logVo.LogVo.<init>] [INFO] 日志实例已初始化...
[2020-04-12 16:20:25:168] [vo.logVo.LogVo.<init>] [INFO] 日志实例已初始化...
[2020-04-12 16:20:25:171] [vo.logVo.LogVo.<init>] [INFO] 日志实例已初始化...
[2020-04-12 16:20:25:173] [vo.logVo.LogVo.<init>] [INFO] 日志实例已初始化...
[2020-04-12 16:20:25:174] [vo.logVo.LogVo.<init>] [INFO] 日志实例已初始化...
[2020-04-12 16:20:25:175] [vo.logVo.LogVo.<init>] [INFO] 日志实例已初始化...
[2020-04-12 16:20:25:178] [vo.logVo.LogVo.<init>] [INFO] 日志实例已初始化...
[2020-04-12 16:20:25:200] [vo.logVo.LogVo.<init>] [INFO] 日志实例已初始化...
[2020-04-12 16:20:25:202] [vo.logVo.LogVo.<init>] [INFO] 日志实例已初始化...
[2020-04-12 16:20:25:203] [vo.logVo.LogVo.<init>] [INFO] 日志实例已初始化...
[2020-04-12 16:20:25:205] [vo.logVo.LogVo.<init>] [INFO] 日志实例已初始化...
[2020-04-12 16:20:25:208] [vo.logVo.LogVo.<init>] [INFO] 日志实例已初始化...
[2020-04-12 16:20:25:210] [vo.logVo.LogVo.<init>] [INFO] 日志实例已初始化...
[2020-04-12 16:20:25:213] [vo.logVo.LogVo.<init>] [INFO] 日志实例已初始化...
[2020-04-12 16:20:25:215] [vo.logVo.LogVo.<init>] [INFO] 日志实例已初始化...
[2020-04-12 16:20:25:217] [vo.logVo.LogVo.<init>] [INFO] 日志实例已初始化...
[2020-04-12 16:20:25:218] [vo.logVo.LogVo.<init>] [INFO] 日志实例已初始化...
[2020-04-12 16:20:25:218] [vo.logVo.LogVo.<init>] [INFO] 日志实例已初始化...
[2020-04-12 16:20:25:219] [vo.logVo.LogVo.<init>] [INFO] 日志实例已初始化...
[2020-04-12 16:20:25:219] [vo.logVo.LogVo.<init>] [INFO] 日志实例已初始化...
[2020-04-12 16:20:25:220] [vo.logVo.LogVo.<init>] [INFO] 日志实例已初始化...
[2020-04-12 16:20:25:220] [vo.logVo.LogVo.<init>] [INFO] 日志实例已初始化...
[2020-04-12 16:20:25:221] [vo.logVo.LogVo.<init>] [INFO] 日志实例已初始化...
[2020-04-12 16:20:25:223] [vo.logVo.LogVo.<init>] [INFO] 日志实例已初始化...
[2020-04-12 16:20:25:225] [vo.logVo.LogVo.<init>] [INFO] 日志实例已初始化...
[2020-04-12 16:20:25:227] [vo.logVo.LogVo.<init>] [INFO] 日志实例已初始化...
[2020-04-12 16:20:25:228] [vo.logVo.LogVo.<init>] [INFO] 日志实例已初始化...
[2020-04-12 16:20:25:230] [vo.logVo.LogVo.<init>] [INFO] 日志实例已初始化...
[2020-04-12 16:20:25:232] [vo.logVo.LogVo.<init>] [INFO] 日志实例已初始化...
[2020-04-12 16:20:25:232] [vo.logVo.LogVo.<init>] [INFO] 日志实例已初始化...
[2020-04-12 16:20:25:235] [vo.logVo.LogVo.<init>] [INFO] 日志实例已初始化...
[2020-04-12 16:20:25:236] [vo.logVo.LogVo.<init>] [INFO] 日志实例已初始化...
[2020-04-12 16:20:25:237] [vo.logVo.LogVo.<init>] [INFO] 日志实例已初始化...
[2020-04-12 16:20:25:238] [vo.logVo.LogVo.<init>] [INFO] 日志实例已初始化...
[2020-04-12 16:20:25:240] [vo.logVo.LogVo.<init>] [INFO] 日志实例已初始化...
[2020-04-12 16:20:25:242] [vo.logVo.LogVo.<init>] [INFO] 日志实例已初始化...
[2020-04-12 16:20:25:243] [vo.logVo.LogVo.<init>] [INFO] 日志实例已初始化...
[2020-04-12 16:20:25:243] [vo.logVo.LogVo.<init>] [INFO] 日志实例已初始化...
[2020-04-12 16:20:25:244] [vo.logVo.LogVo.<init>] [INFO] 日志实例已初始化...
[2020-04-12 16:20:25:247] [vo.logVo.LogVo.<init>] [INFO] 日志实例已初始化...
[2020-04-12 16:20:25:248] [vo.logVo.LogVo.<init>] [INFO] 日志实例已初始化...
[2020-04-12 16:20:25:249] [vo.logVo.LogVo.<init>] [INFO] 日志实例已初始化...
[2020-04-12 16:20:25:251] [vo.logVo.LogVo.<init>] [INFO] 日志实例已初始化...
[2020-04-12 16:20:25:252] [vo.logVo.LogVo.<init>] [INFO] 日志实例已初始化...
[2020-04-12 16:20:25:253] [vo.logVo.LogVo.<init>] [INFO] 日志实例已初始化...
[2020-04-12 16:20:25:254] [vo.logVo.LogVo.<init>] [INFO] 日志实例已初始化...
[2020-04-12 16:20:25:255] [vo.logVo.LogVo.<init>] [INFO] 日志实例已初始化...
[2020-04-12 16:20:25:256] [vo.logVo.LogVo.<init>] [INFO] 日志实例已初始化...
[2020-04-12 16:20:25:257] [vo.logVo.LogVo.<init>] [INFO] 日志实例已初始化...
[2020-04-12 16:20:25:258] [vo.logVo.LogVo.<init>] [INFO] 日志实例已初始化...
[2020-04-12 16:20:25:260] [vo.logVo.LogVo.<init>] [INFO] 日志实例已初始化...
[2020-04-12 16:20:25:260] [vo.logVo.LogVo.<init>] [INFO] 日志实例已初始化...
[2020-04-12 16:20:25:264] [vo.logVo.LogVo.<init>] [INFO] 日志实例已初始化...
[2020-04-12 16:20:25:265] [vo.logVo.LogVo.<init>] [INFO] 日志实例已初始化...
[2020-04-12 16:20:25:266] [vo.logVo.LogVo.<init>] [INFO] 日志实例已初始化...
[2020-04-12 16:20:25:267] [vo.logVo.LogVo.<init>] [INFO] 日志实例已初始化...
[2020-04-12 16:20:25:268] [vo.logVo.LogVo.<init>] [INFO] 日志实例已初始化...
[2020-04-12 16:20:25:268] [vo.logVo.LogVo.<init>] [INFO] 日志实例已初始化...
[2020-04-12 16:20:25:269] [vo.logVo.LogVo.<init>] [INFO] 日志实例已初始化...
[2020-04-12 16:20:25:270] [vo.logVo.LogVo.<init>] [INFO] 日志实例已初始化...
[2020-04-12 16:20:25:270] [vo.logVo.LogVo.<init>] [INFO] 日志实例已初始化...
[2020-04-12 16:20:25:271] [vo.logVo.LogVo.<init>] [INFO] 日志实例已初始化...
[2020-04-12 16:20:25:271] [vo.logVo.LogVo.<init>] [INFO] 日志实例已初始化...
[2020-04-12 16:20:25:272] [vo.logVo.LogVo.<init>] [INFO] 日志实例已初始化...
[2020-04-12 16:20:25:273] [vo.logVo.LogVo.<init>] [INFO] 日志实例已初始化...
[2020-04-12 16:20:25:274] [vo.logVo.LogVo.<init>] [INFO] 日志实例已初始化...
[2020-04-12 16:20:25:276] [vo.logVo.LogVo.<init>] [INFO] 日志实例已初始化...
[2020-04-12 16:20:25:277] [vo.logVo.LogVo.<init>] [INFO] 日志实例已初始化...
[2020-04-12 16:20:25:278] [vo.logVo.LogVo.<init>] [INFO] 日志实例已初始化...
[2020-04-12 16:20:25:278] [vo.logVo.LogVo.<init>] [INFO] 日志实例已初始化...
[2020-04-12 16:20:25:279] [vo.logVo.LogVo.<init>] [INFO] 日志实例已初始化...
[2020-04-12 16:20:25:280] [vo.logVo.LogVo.<init>] [INFO] 日志实例已初始化...
[2020-04-12 16:20:25:281] [vo.logVo.LogVo.<init>] [INFO] 日志实例已初始化...
[2020-04-12 16:20:25:281] [vo.logVo.LogVo.<init>] [INFO] 日志实例已初始化...
[2020-04-12 16:20:25:283] [vo.logVo.LogVo.<init>] [INFO] 日志实例已初始化...
[2020-04-12 16:20:25:283] [vo.logVo.LogVo.<init>] [INFO] 日志实例已初始化...
[2020-04-12 16:20:25:285] [vo.logVo.LogVo.<init>] [INFO] 日志实例已初始化...
[2020-04-12 16:20:25:286] [vo.logVo.LogVo.<init>] [INFO] 日志实例已初始化...
[2020-04-12 16:20:25:287] [vo.logVo.LogVo.<init>] [INFO] 日志实例已初始化...
[2020-04-12 16:20:25:287] [vo.logVo.LogVo.<init>] [INFO] 日志实例已初始化...
[2020-04-12 16:20:25:288] [vo.logVo.LogVo.<init>] [INFO] 日志实例已初始化...
[2020-04-12 16:20:25:288] [vo.logVo.LogVo.<init>] [INFO] 日志实例已初始化...
[2020-04-12 16:20:25:289] [vo.logVo.LogVo.<init>] [INFO] 日志实例已初始化...
[2020-04-12 16:20:25:290] [vo.logVo.LogVo.<init>] [INFO] 日志实例已初始化...
[2020-04-12 16:20:25:292] [vo.logVo.LogVo.<init>] [INFO] 日志实例已初始化...
[2020-04-12 16:20:25:294] [vo.logVo.LogVo.<init>] [INFO] 日志实例已初始化...
[2020-04-12 16:20:25:295] [vo.logVo.LogVo.<init>] [INFO] 日志实例已初始化...
[2020-04-12 16:20:25:298] [vo.logVo.LogVo.<init>] [INFO] 日志实例已初始化...
[2020-04-12 16:20:25:300] [vo.logVo.LogVo.<init>] [INFO] 日志实例已初始化...
[2020-04-12 16:20:25:301] [vo.logVo.LogVo.<init>] [INFO] 日志实例已初始化...
[2020-04-12 16:20:25:303] [vo.logVo.LogVo.<init>] [INFO] 日志实例已初始化...
[2020-04-12 16:20:25:305] [vo.logVo.LogVo.<init>] [INFO] 日志实例已初始化...
[2020-04-12 16:20:25:309] [vo.logVo.LogVo.<init>] [INFO] 日志实例已初始化...
[2020-04-12 16:20:25:310] [vo.logVo.LogVo.<init>] [INFO] 日志实例已初始化...
[2020-04-12 16:20:25:311] [vo.logVo.LogVo.<init>] [INFO] 日志实例已初始化...
[2020-04-12 16:20:25:314] [vo.logVo.LogVo.<init>] [INFO] 日志实例已初始化...
[2020-04-12 16:20:25:316] [vo.logVo.LogVo.<init>] [INFO] 日志实例已初始化...
[2020-04-12 16:20:25:318] [vo.logVo.LogVo.<init>] [INFO] 日志实例已初始化...
[2020-04-12 16:20:25:319] [vo.logVo.LogVo.<init>] [INFO] 日志实例已初始化...
[2020-04-12 16:20:25:320] [vo.logVo.LogVo.<init>] [INFO] 日志实例已初始化...
[2020-04-12 16:20:25:332] [vo.logVo.LogVo.<init>] [INFO] 日志实例已初始化...
[2020-04-12 16:20:25:333] [vo.logVo.LogVo.<init>] [INFO] 日志实例已初始化...
[2020-04-12 16:20:25:339] [vo.logVo.LogVo.<init>] [INFO] 日志实例已初始化...
[2020-04-12 16:20:25:340] [vo.logVo.LogVo.<init>] [INFO] 日志实例已初始化...
[2020-04-12 16:20:25:342] [vo.logVo.LogVo.<init>] [INFO] 日志实例已初始化...
[2020-04-12 16:20:25:343] [vo.logVo.LogVo.<init>] [INFO] 日志实例已初始化...
[2020-04-12 16:20:25:343] [vo.logVo.LogVo.<init>] [INFO] 日志实例已初始化...
[2020-04-12 16:20:25:344] [vo.logVo.LogVo.<init>] [INFO] 日志实例已初始化...
[2020-04-12 16:20:25:347] [vo.logVo.LogVo.<init>] [INFO] 日志实例已初始化...
[2020-04-12 16:20:25:348] [vo.logVo.LogVo.<init>] [INFO] 日志实例已初始化...
[2020-04-12 16:20:25:350] [vo.logVo.LogVo.<init>] [INFO] 日志实例已初始化...
[2020-04-12 16:20:25:351] [vo.logVo.LogVo.<init>] [INFO] 日志实例已初始化...
[2020-04-12 16:20:25:352] [vo.logVo.LogVo.<init>] [INFO] 日志实例已初始化...
[2020-04-12 16:20:25:354] [vo.logVo.LogVo.<init>] [INFO] 日志实例已初始化...
[2020-04-12 16:20:25:356] [vo.logVo.LogVo.<init>] [INFO] 日志实例已初始化...
[2020-04-12 16:20:25:357] [vo.logVo.LogVo.<init>] [INFO] 日志实例已初始化...
[2020-04-12 16:20:25:358] [vo.logVo.LogVo.<init>] [INFO] 日志实例已初始化...
[2020-04-12 16:20:25:359] [vo.logVo.LogVo.<init>] [INFO] 日志实例已初始化...
[2020-04-12 16:20:25:360] [vo.logVo.LogVo.<init>] [INFO] 日志实例已初始化...
[2020-04-12 16:20:25:361] [vo.logVo.LogVo.<init>] [INFO] 日志实例已初始化...
[2020-04-12 16:20:25:363] [vo.logVo.LogVo.<init>] [INFO] 日志实例已初始化...
[2020-04-12 16:20:25:364] [vo.logVo.LogVo.<init>] [INFO] 日志实例已初始化...
[2020-04-12 16:20:25:365] [vo.logVo.LogVo.<init>] [INFO] 日志实例已初始化...
[2020-04-12 16:20:25:367] [vo.logVo.LogVo.<init>] [INFO] 日志实例已初始化...
[2020-04-12 16:20:25:369] [vo.logVo.LogVo.<init>] [INFO] 日志实例已初始化...
[2020-04-12 16:20:25:370] [vo.logVo.LogVo.<init>] [INFO] 日志实例已初始化...
[2020-04-12 16:20:25:371] [vo.logVo.LogVo.<init>] [INFO] 日志实例已初始化...
[2020-04-12 16:20:25:372] [vo.logVo.LogVo.<init>] [INFO] 日志实例已初始化...
[2020-04-12 16:20:25:373] [vo.logVo.LogVo.<init>] [INFO] 日志实例已初始化...
[2020-04-12 16:20:25:374] [vo.logVo.LogVo.<init>] [INFO] 日志实例已初始化...
[2020-04-12 16:20:25:375] [vo.logVo.LogVo.<init>] [INFO] 日志实例已初始化...
[2020-04-12 16:20:25:384] [vo.logVo.LogVo.<init>] [INFO] 日志实例已初始化...
[2020-04-12 16:20:25:388] [vo.logVo.LogVo.<init>] [INFO] 日志实例已初始化...
[2020-04-12 16:20:25:390] [vo.logVo.LogVo.<init>] [INFO] 日志实例已初始化...
[2020-04-12 16:20:25:392] [vo.logVo.LogVo.<init>] [INFO] 日志实例已初始化...
[2020-04-12 16:20:25:394] [vo.logVo.LogVo.<init>] [INFO] 日志实例已初始化...
[2020-04-12 16:20:25:395] [vo.logVo.LogVo.<init>] [INFO] 日志实例已初始化...
[2020-04-12 16:20:25:397] [vo.logVo.LogVo.<init>] [INFO] 日志实例已初始化...
[2020-04-12 16:20:25:398] [vo.logVo.LogVo.<init>] [INFO] 日志实例已初始化...
[2020-04-12 16:20:25:410] [vo.logVo.LogVo.<init>] [INFO] 日志实例已初始化...
[2020-04-12 16:20:25:411] [vo.logVo.LogVo.<init>] [INFO] 日志实例已初始化...
[2020-04-12 16:20:25:412] [vo.logVo.LogVo.<init>] [INFO] 日志实例已初始化...
[2020-04-12 16:20:25:413] [vo.logVo.LogVo.<init>] [INFO] 日志实例已初始化...
[2020-04-12 16:20:25:415] [vo.logVo.LogVo.<init>] [INFO] 日志实例已初始化...
[2020-04-12 16:20:25:418] [vo.logVo.LogVo.<init>] [INFO] 日志实例已初始化...
[2020-04-12 16:20:25:437] [vo.logVo.LogVo.<init>] [INFO] 日志实例已初始化...
[2020-04-12 16:20:25:439] [vo.logVo.LogVo.<init>] [INFO] 日志实例已初始化...
[2020-04-12 16:20:25:440] [vo.logVo.LogVo.<init>] [INFO] 日志实例已初始化...
[2020-04-12 16:20:25:444] [vo.logVo.LogVo.<init>] [INFO] 日志实例已初始化...
[2020-04-12 16:20:25:445] [vo.logVo.LogVo.<init>] [INFO] 日志实例已初始化...
[2020-04-12 16:20:25:448] [vo.logVo.LogVo.<init>] [INFO] 日志实例已初始化...
[2020-04-12 16:20:25:448] [vo.logVo.LogVo.<init>] [INFO] 日志实例已初始化...
[2020-04-12 16:20:25:453] [vo.logVo.LogVo.<init>] [INFO] 日志实例已初始化...
[2020-04-12 16:20:25:455] [vo.logVo.LogVo.<init>] [INFO] 日志实例已初始化...
[2020-04-12 16:20:25:456] [vo.logVo.LogVo.<init>] [INFO] 日志实例已初始化...
[2020-04-12 16:20:25:466] [vo.logVo.LogVo.<init>] [INFO] 日志实例已初始化...
[2020-04-12 16:20:25:468] [vo.logVo.LogVo.<init>] [INFO] 日志实例已初始化...
[2020-04-12 16:20:25:468] [vo.logVo.LogVo.<init>] [INFO] 日志实例已初始化...
[2020-04-12 16:20:25:469] [vo.logVo.LogVo.<init>] [INFO] 日志实例已初始化...
[2020-04-12 16:20:25:470] [vo.logVo.LogVo.<init>] [INFO] 日志实例已初始化...
[2020-04-12 16:20:25:472] [vo.logVo.LogVo.<init>] [INFO] 日志实例已初始化...
[2020-04-12 16:20:25:474] [vo.logVo.LogVo.<init>] [INFO] 日志实例已初始化...
[2020-04-12 16:20:25:475] [vo.logVo.LogVo.<init>] [INFO] 日志实例已初始化...
[2020-04-12 16:20:25:482] [vo.logVo.LogVo.<init>] [INFO] 日志实例已初始化...
[2020-04-12 16:20:25:484] [vo.logVo.LogVo.<init>] [INFO] 日志实例已初始化...
[2020-04-12 16:20:25:485] [vo.logVo.LogVo.<init>] [INFO] 日志实例已初始化...
[2020-04-12 16:20:25:491] [vo.logVo.LogVo.<init>] [INFO] 日志实例已初始化...
[2020-04-12 16:20:25:493] [vo.logVo.LogVo.<init>] [INFO] 日志实例已初始化...
[2020-04-12 16:20:25:494] [vo.logVo.LogVo.<init>] [INFO] 日志实例已初始化...
[2020-04-12 16:20:25:498] [vo.logVo.LogVo.<init>] [INFO] 日志实例已初始化...
[2020-04-12 16:20:25:499] [vo.logVo.LogVo.<init>] [INFO] 日志实例已初始化...
[2020-04-12 16:20:25:501] [vo.logVo.LogVo.<init>] [INFO] 日志实例已初始化...
[2020-04-12 16:20:25:503] [vo.logVo.LogVo.<init>] [INFO] 日志实例已初始化...
[2020-04-12 16:20:25:504] [vo.logVo.LogVo.<init>] [INFO] 日志实例已初始化...
[2020-04-12 16:20:25:508] [vo.logVo.LogVo.<init>] [INFO] 日志实例已初始化...
[2020-04-12 16:20:25:512] [vo.logVo.LogVo.<init>] [INFO] 日志实例已初始化...
[2020-04-12 16:20:25:516] [vo.logVo.LogVo.<init>] [INFO] 日志实例已初始化...
[2020-04-12 16:20:25:518] [vo.logVo.LogVo.<init>] [INFO] 日志实例已初始化...
[2020-04-12 16:20:25:519] [vo.logVo.LogVo.<init>] [INFO] 日志实例已初始化...
[2020-04-12 16:20:25:521] [vo.logVo.LogVo.<init>] [INFO] 日志实例已初始化...
[2020-04-12 16:20:25:523] [vo.logVo.LogVo.<init>] [INFO] 日志实例已初始化...
[2020-04-12 16:20:25:524] [vo.logVo.LogVo.<init>] [INFO] 日志实例已初始化...
[2020-04-12 16:20:25:525] [vo.logVo.LogVo.<init>] [INFO] 日志实例已初始化...
[2020-04-12 16:20:25:550] [vo.logVo.LogVo.<init>] [INFO] 日志实例已初始化...
[2020-04-12 16:20:25:553] [vo.logVo.LogVo.<init>] [INFO] 日志实例已初始化...
[2020-04-12 16:20:25:554] [vo.logVo.LogVo.<init>] [INFO] 日志实例已初始化...
[2020-04-12 16:20:25:555] [vo.logVo.LogVo.<init>] [INFO] 日志实例已初始化...
[2020-04-12 16:20:25:556] [vo.logVo.LogVo.<init>] [INFO] 日志实例已初始化...
[2020-04-12 16:20:25:557] [vo.logVo.LogVo.<init>] [INFO] 日志实例已初始化...
[2020-04-12 16:20:25:558] [vo.logVo.LogVo.<init>] [INFO] 日志实例已初始化...
[2020-04-12 16:20:25:559] [vo.logVo.LogVo.<init>] [INFO] 日志实例已初始化...
[2020-04-12 16:20:25:560] [vo.logVo.LogVo.<init>] [INFO] 日志实例已初始化...
[2020-04-12 16:20:25:561] [vo.logVo.LogVo.<init>] [INFO] 日志实例已初始化...
[2020-04-12 16:20:25:562] [vo.logVo.LogVo.<init>] [INFO] 日志实例已初始化...
[2020-04-12 16:20:25:564] [vo.logVo.LogVo.<init>] [INFO] 日志实例已初始化...
[2020-04-12 16:20:25:565] [vo.logVo.LogVo.<init>] [INFO] 日志实例已初始化...
[2020-04-12 16:20:25:566] [vo.logVo.LogVo.<init>] [INFO] 日志实例已初始化...
[2020-04-12 16:20:25:566] [vo.logVo.LogVo.<init>] [INFO] 日志实例已初始化...
[2020-04-12 16:20:25:569] [vo.logVo.LogVo.<init>] [INFO] 日志实例已初始化...
[2020-04-12 16:20:25:569] [vo.logVo.LogVo.<init>] [INFO] 日志实例已初始化...
[2020-04-12 16:20:25:571] [vo.logVo.LogVo.<init>] [INFO] 日志实例已初始化...
[2020-04-12 16:20:25:571] [vo.logVo.LogVo.<init>] [INFO] 日志实例已初始化...
[2020-04-12 16:20:25:572] [vo.logVo.LogVo.<init>] [INFO] 日志实例已初始化...
[2020-04-12 16:20:25:574] [vo.logVo.LogVo.<init>] [INFO] 日志实例已初始化...
[2020-04-12 16:20:25:575] [vo.logVo.LogVo.<init>] [INFO] 日志实例已初始化...
[2020-04-12 16:20:25:576] [vo.logVo.LogVo.<init>] [INFO] 日志实例已初始化...
[2020-04-12 16:20:25:577] [vo.logVo.LogVo.<init>] [INFO] 日志实例已初始化...
[2020-04-12 16:20:25:579] [vo.logVo.LogVo.<init>] [INFO] 日志实例已初始化...
[2020-04-12 16:20:25:580] [vo.logVo.LogVo.<init>] [INFO] 日志实例已初始化...
[2020-04-12 16:20:25:582] [vo.logVo.LogVo.<init>] [INFO] 日志实例已初始化...
[2020-04-12 16:20:25:583] [vo.logVo.LogVo.<init>] [INFO] 日志实例已初始化...
[2020-04-12 16:20:25:584] [vo.logVo.LogVo.<init>] [INFO] 日志实例已初始化...
[2020-04-12 16:20:25:585] [vo.logVo.LogVo.<init>] [INFO] 日志实例已初始化...
[2020-04-12 16:20:25:601] [vo.logVo.LogVo.<init>] [INFO] 日志实例已初始化...
[2020-04-12 16:20:25:602] [vo.logVo.LogVo.<init>] [INFO] 日志实例已初始化...
[2020-04-12 16:20:25:603] [vo.logVo.LogVo.<init>] [INFO] 日志实例已初始化...
[2020-04-12 16:20:25:604] [vo.logVo.LogVo.<init>] [INFO] 日志实例已初始化...
[2020-04-12 16:20:25:605] [vo.logVo.LogVo.<init>] [INFO] 日志实例已初始化...
[2020-04-12 16:20:25:607] [vo.logVo.LogVo.<init>] [INFO] 日志实例已初始化...
[2020-04-12 16:20:25:608] [vo.logVo.LogVo.<init>] [INFO] 日志实例已初始化...
[2020-04-12 16:20:25:610] [vo.logVo.LogVo.<init>] [INFO] 日志实例已初始化...
[2020-04-12 16:20:25:612] [vo.logVo.LogVo.<init>] [INFO] 日志实例已初始化...
[2020-04-12 16:20:25:613] [vo.logVo.LogVo.<init>] [INFO] 日志实例已初始化...
[2020-04-12 16:20:25:614] [vo.logVo.LogVo.<init>] [INFO] 日志实例已初始化...
[2020-04-12 16:20:25:620] [vo.logVo.LogVo.<init>] [INFO] 日志实例已初始化...
[2020-04-12 16:20:25:621] [vo.logVo.LogVo.<init>] [INFO] 日志实例已初始化...
[2020-04-12 16:20:25:623] [vo.logVo.LogVo.<init>] [INFO] 日志实例已初始化...
[2020-04-12 16:20:25:624] [vo.logVo.LogVo.<init>] [INFO] 日志实例已初始化...
[2020-04-12 16:20:25:629] [vo.logVo.LogVo.<init>] [INFO] 日志实例已初始化...
[2020-04-12 16:20:25:631] [vo.logVo.LogVo.<init>] [INFO] 日志实例已初始化...
[2020-04-12 16:20:25:633] [vo.logVo.LogVo.<init>] [INFO] 日志实例已初始化...
[2020-04-12 16:20:25:635] [vo.logVo.LogVo.<init>] [INFO] 日志实例已初始化...
[2020-04-12 16:20:25:639] [vo.logVo.LogVo.<init>] [INFO] 日志实例已初始化...
[2020-04-12 16:20:25:640] [vo.logVo.LogVo.<init>] [INFO] 日志实例已初始化...
[2020-04-12 16:20:25:643] [vo.logVo.LogVo.<init>] [INFO] 日志实例已初始化...
[2020-04-12 16:20:25:644] [vo.logVo.LogVo.<init>] [INFO] 日志实例已初始化...
[2020-04-12 16:20:25:647] [vo.logVo.LogVo.<init>] [INFO] 日志实例已初始化...
[2020-04-12 16:20:25:648] [vo.logVo.LogVo.<init>] [INFO] 日志实例已初始化...
[2020-04-12 16:20:25:649] [vo.logVo.LogVo.<init>] [INFO] 日志实例已初始化...
[2020-04-12 16:20:25:650] [vo.logVo.LogVo.<init>] [INFO] 日志实例已初始化...
[2020-04-12 16:20:25:652] [vo.logVo.LogVo.<init>] [INFO] 日志实例已初始化...
[2020-04-12 16:20:25:654] [vo.logVo.LogVo.<init>] [INFO] 日志实例已初始化...
[2020-04-12 16:20:25:656] [vo.logVo.LogVo.<init>] [INFO] 日志实例已初始化...
[2020-04-12 16:20:25:657] [vo.logVo.LogVo.<init>] [INFO] 日志实例已初始化...
[2020-04-12 16:20:25:658] [vo.logVo.LogVo.<init>] [INFO] 日志实例已初始化...
[2020-04-12 16:20:25:659] [vo.logVo.LogVo.<init>] [INFO] 日志实例已初始化...
[2020-04-12 16:20:25:660] [vo.logVo.LogVo.<init>] [INFO] 日志实例已初始化...
[2020-04-12 16:20:25:660] [vo.logVo.LogVo.<init>] [INFO] 日志实例已初始化...
[2020-04-12 16:20:25:660] [vo.logVo.LogVo.<init>] [INFO] 日志实例已初始化...
[2020-04-12 16:20:25:661] [vo.logVo.LogVo.<init>] [INFO] 日志实例已初始化...
[2020-04-12 16:20:25:663] [vo.logVo.LogVo.<init>] [INFO] 日志实例已初始化...
[2020-04-12 16:20:25:664] [vo.logVo.LogVo.<init>] [INFO] 日志实例已初始化...
[2020-04-12 16:20:25:665] [vo.logVo.LogVo.<init>] [INFO] 日志实例已初始化...
[2020-04-12 16:20:25:666] [vo.logVo.LogVo.<init>] [INFO] 日志实例已初始化...
[2020-04-12 16:20:25:666] [vo.logVo.LogVo.<init>] [INFO] 日志实例已初始化...
[2020-04-12 16:20:25:667] [vo.logVo.LogVo.<init>] [INFO] 日志实例已初始化...
[2020-04-12 16:20:25:667] [vo.logVo.LogVo.<init>] [INFO] 日志实例已初始化...
[2020-04-12 16:20:25:668] [vo.logVo.LogVo.<init>] [INFO] 日志实例已初始化...
[2020-04-12 16:20:25:669] [vo.logVo.LogVo.<init>] [INFO] 日志实例已初始化...
[2020-04-12 16:20:25:669] [vo.logVo.LogVo.<init>] [INFO] 日志实例已初始化...
[2020-04-12 16:20:25:670] [vo.logVo.LogVo.<init>] [INFO] 日志实例已初始化...
[2020-04-12 16:20:25:671] [vo.logVo.LogVo.<init>] [INFO] 日志实例已初始化...
[2020-04-12 16:20:25:672] [vo.logVo.LogVo.<init>] [INFO] 日志实例已初始化...
[2020-04-12 16:20:25:673] [vo.logVo.LogVo.<init>] [INFO] 日志实例已初始化...
[2020-04-12 16:20:25:673] [vo.logVo.LogVo.<init>] [INFO] 日志实例已初始化...
[2020-04-12 16:20:25:673] [vo.logVo.LogVo.<init>] [INFO] 日志实例已初始化...
[2020-04-12 16:20:25:674] [vo.logVo.LogVo.<init>] [INFO] 日志实例已初始化...
[2020-04-12 16:20:25:674] [vo.logVo.LogVo.<init>] [INFO] 日志实例已初始化...
[2020-04-12 16:20:25:674] [vo.logVo.LogVo.<init>] [INFO] 日志实例已初始化...
[2020-04-12 16:20:25:675] [vo.logVo.LogVo.<init>] [INFO] 日志实例已初始化...
[2020-04-12 16:20:25:675] [vo.logVo.LogVo.<init>] [INFO] 日志实例已初始化...
[2020-04-12 16:20:25:676] [vo.logVo.LogVo.<init>] [INFO] 日志实例已初始化...
[2020-04-12 16:20:25:677] [vo.logVo.LogVo.<init>] [INFO] 日志实例已初始化...
[2020-04-12 16:20:25:678] [vo.logVo.LogVo.<init>] [INFO] 日志实例已初始化...
[2020-04-12 16:20:25:681] [vo.logVo.LogVo.<init>] [INFO] 日志实例已初始化...
[2020-04-12 16:20:25:682] [vo.logVo.LogVo.<init>] [INFO] 日志实例已初始化...
[2020-04-12 16:20:25:683] [vo.logVo.LogVo.<init>] [INFO] 日志实例已初始化...
[2020-04-12 16:20:25:683] [vo.logVo.LogVo.<init>] [INFO] 日志实例已初始化...
[2020-04-12 16:20:25:684] [vo.logVo.LogVo.<init>] [INFO] 日志实例已初始化...
[2020-04-12 16:20:25:685] [vo.logVo.LogVo.<init>] [INFO] 日志实例已初始化...
[2020-04-12 16:20:25:686] [vo.logVo.LogVo.<init>] [INFO] 日志实例已初始化...
[2020-04-12 16:20:25:686] [vo.logVo.LogVo.<init>] [INFO] 日志实例已初始化...
[2020-04-12 16:20:25:690] [vo.logVo.LogVo.<init>] [INFO] 日志实例已初始化...
[2020-04-12 16:20:25:690] [vo.logVo.LogVo.<init>] [INFO] 日志实例已初始化...
[2020-04-12 16:20:25:691] [vo.logVo.LogVo.<init>] [INFO] 日志实例已初始化...
[2020-04-12 16:20:25:691] [vo.logVo.LogVo.<init>] [INFO] 日志实例已初始化...
[2020-04-12 16:20:25:692] [vo.logVo.LogVo.<init>] [INFO] 日志实例已初始化...
[2020-04-12 16:20:25:693] [vo.logVo.LogVo.<init>] [INFO] 日志实例已初始化...
[2020-04-12 16:20:25:694] [vo.logVo.LogVo.<init>] [INFO] 日志实例已初始化...
[2020-04-12 16:20:25:697] [vo.logVo.LogVo.<init>] [INFO] 日志实例已初始化...
[2020-04-12 16:20:25:698] [vo.logVo.LogVo.<init>] [INFO] 日志实例已初始化...
[2020-04-12 16:20:25:700] [vo.logVo.LogVo.<init>] [INFO] 日志实例已初始化...
[2020-04-12 16:20:25:700] [vo.logVo.LogVo.<init>] [INFO] 日志实例已初始化...
[2020-04-12 16:20:25:701] [vo.logVo.LogVo.<init>] [INFO] 日志实例已初始化...
[2020-04-12 16:20:25:701] [vo.logVo.LogVo.<init>] [INFO] 日志实例已初始化...
[2020-04-12 16:20:25:702] [vo.logVo.LogVo.<init>] [INFO] 日志实例已初始化...
[2020-04-12 16:20:25:702] [vo.logVo.LogVo.<init>] [INFO] 日志实例已初始化...
[2020-04-12 16:20:25:702] [vo.logVo.LogVo.<init>] [INFO] 日志实例已初始化...
[2020-04-12 16:20:25:703] [vo.logVo.LogVo.<init>] [INFO] 日志实例已初始化...
[2020-04-12 16:20:25:703] [vo.logVo.LogVo.<init>] [INFO] 日志实例已初始化...
[2020-04-12 16:20:25:704] [vo.logVo.LogVo.<init>] [INFO] 日志实例已初始化...
[2020-04-12 16:20:25:704] [vo.logVo.LogVo.<init>] [INFO] 日志实例已初始化...
[2020-04-12 16:20:25:704] [vo.logVo.LogVo.<init>] [INFO] 日志实例已初始化...
[2020-04-12 16:20:25:705] [vo.logVo.LogVo.<init>] [INFO] 日志实例已初始化...
[2020-04-12 16:20:25:705] [vo.logVo.LogVo.<init>] [INFO] 日志实例已初始化...
[2020-04-12 16:20:25:705] [vo.logVo.LogVo.<init>] [INFO] 日志实例已初始化...
[2020-04-12 16:20:25:706] [vo.logVo.LogVo.<init>] [INFO] 日志实例已初始化...
[2020-04-12 16:20:25:707] [vo.logVo.LogVo.<init>] [INFO] 日志实例已初始化...
[2020-04-12 16:20:25:707] [vo.logVo.LogVo.<init>] [INFO] 日志实例已初始化...
[2020-04-12 16:20:25:708] [vo.logVo.LogVo.<init>] [INFO] 日志实例已初始化...
[2020-04-12 16:20:25:708] [vo.logVo.LogVo.<init>] [INFO] 日志实例已初始化...
[2020-04-12 16:20:25:708] [vo.logVo.LogVo.<init>] [INFO] 日志实例已初始化...
[2020-04-12 16:20:25:709] [vo.logVo.LogVo.<init>] [INFO] 日志实例已初始化...
[2020-04-12 16:20:25:709] [vo.logVo.LogVo.<init>] [INFO] 日志实例已初始化...
[2020-04-12 16:20:25:709] [vo.logVo.LogVo.<init>] [INFO] 日志实例已初始化...
[2020-04-12 16:20:25:710] [vo.logVo.LogVo.<init>] [INFO] 日志实例已初始化...
[2020-04-12 16:20:25:710] [vo.logVo.LogVo.<init>] [INFO] 日志实例已初始化...
[2020-04-12 16:20:25:711] [vo.logVo.LogVo.<init>] [INFO] 日志实例已初始化...
[2020-04-12 16:20:25:712] [vo.logVo.LogVo.<init>] [INFO] 日志实例已初始化...
[2020-04-12 16:20:25:713] [vo.logVo.LogVo.<init>] [INFO] 日志实例已初始化...
[2020-04-12 16:20:25:713] [vo.logVo.LogVo.<init>] [INFO] 日志实例已初始化...
[2020-04-12 16:20:25:714] [vo.logVo.LogVo.<init>] [INFO] 日志实例已初始化...
[2020-04-12 16:20:25:715] [vo.logVo.LogVo.<init>] [INFO] 日志实例已初始化...
[2020-04-12 16:20:25:717] [vo.logVo.LogVo.<init>] [INFO] 日志实例已初始化...
[2020-04-12 16:20:25:718] [vo.logVo.LogVo.<init>] [INFO] 日志实例已初始化...
[2020-04-12 16:20:25:719] [vo.logVo.LogVo.<init>] [INFO] 日志实例已初始化...
[2020-04-12 16:20:25:720] [vo.logVo.LogVo.<init>] [INFO] 日志实例已初始化...
[2020-04-12 16:20:25:721] [vo.logVo.LogVo.<init>] [INFO] 日志实例已初始化...
[2020-04-12 16:20:25:722] [vo.logVo.LogVo.<init>] [INFO] 日志实例已初始化...
[2020-04-12 16:20:25:724] [vo.logVo.LogVo.<init>] [INFO] 日志实例已初始化...
[2020-04-12 16:20:25:724] [vo.logVo.LogVo.<init>] [INFO] 日志实例已初始化...
[2020-04-12 16:20:25:725] [vo.logVo.LogVo.<init>] [INFO] 日志实例已初始化...
[2020-04-12 16:20:25:726] [vo.logVo.LogVo.<init>] [INFO] 日志实例已初始化...
[2020-04-12 16:20:25:727] [vo.logVo.LogVo.<init>] [INFO] 日志实例已初始化...
[2020-04-12 16:20:25:729] [vo.logVo.LogVo.<init>] [INFO] 日志实例已初始化...
[2020-04-12 16:20:25:730] [vo.logVo.LogVo.<init>] [INFO] 日志实例已初始化...
[2020-04-12 16:20:25:733] [vo.logVo.LogVo.<init>] [INFO] 日志实例已初始化...
[2020-04-12 16:20:25:734] [vo.logVo.LogVo.<init>] [INFO] 日志实例已初始化...
[2020-04-12 16:20:25:736] [vo.logVo.LogVo.<init>] [INFO] 日志实例已初始化...
[2020-04-12 16:20:25:737] [vo.logVo.LogVo.<init>] [INFO] 日志实例已初始化...
[2020-04-12 16:20:25:738] [vo.logVo.LogVo.<init>] [INFO] 日志实例已初始化...
[2020-04-12 16:20:25:738] [vo.logVo.LogVo.<init>] [INFO] 日志实例已初始化...
[2020-04-12 16:20:25:739] [vo.logVo.LogVo.<init>] [INFO] 日志实例已初始化...
[2020-04-12 16:20:25:740] [vo.logVo.LogVo.<init>] [INFO] 日志实例已初始化...
[2020-04-12 16:20:25:741] [vo.logVo.LogVo.<init>] [INFO] 日志实例已初始化...
[2020-04-12 16:20:25:741] [vo.logVo.LogVo.<init>] [INFO] 日志实例已初始化...
[2020-04-12 16:20:25:742] [vo.logVo.LogVo.<init>] [INFO] 日志实例已初始化...
[2020-04-12 16:20:25:744] [vo.logVo.LogVo.<init>] [INFO] 日志实例已初始化...
[2020-04-12 16:20:25:745] [vo.logVo.LogVo.<init>] [INFO] 日志实例已初始化...
[2020-04-12 16:20:25:745] [vo.logVo.LogVo.<init>] [INFO] 日志实例已初始化...
[2020-04-12 16:20:25:746] [vo.logVo.LogVo.<init>] [INFO] 日志实例已初始化...
[2020-04-12 16:20:25:748] [vo.logVo.LogVo.<init>] [INFO] 日志实例已初始化...
[2020-04-12 16:20:25:749] [vo.logVo.LogVo.<init>] [INFO] 日志实例已初始化...
[2020-04-12 16:20:25:750] [vo.logVo.LogVo.<init>] [INFO] 日志实例已初始化...
[2020-04-12 16:20:25:750] [vo.logVo.LogVo.<init>] [INFO] 日志实例已初始化...
[2020-04-12 16:20:25:751] [vo.logVo.LogVo.<init>] [INFO] 日志实例已初始化...
[2020-04-12 16:20:25:751] [vo.logVo.LogVo.<init>] [INFO] 日志实例已初始化...
[2020-04-12 16:20:25:752] [vo.logVo.LogVo.<init>] [INFO] 日志实例已初始化...
[2020-04-12 16:20:25:752] [vo.logVo.LogVo.<init>] [INFO] 日志实例已初始化...
[2020-04-12 16:20:25:752] [vo.logVo.LogVo.<init>] [INFO] 日志实例已初始化...
[2020-04-12 16:20:25:753] [vo.logVo.LogVo.<init>] [INFO] 日志实例已初始化...
[2020-04-12 16:20:25:753] [vo.logVo.LogVo.<init>] [INFO] 日志实例已初始化...
[2020-04-12 16:20:25:754] [vo.logVo.LogVo.<init>] [INFO] 日志实例已初始化...
[2020-04-12 16:20:25:754] [vo.logVo.LogVo.<init>] [INFO] 日志实例已初始化...
[2020-04-12 16:20:25:755] [vo.logVo.LogVo.<init>] [INFO] 日志实例已初始化...
[2020-04-12 16:20:25:756] [vo.logVo.LogVo.<init>] [INFO] 日志实例已初始化...
[2020-04-12 16:20:25:757] [vo.logVo.LogVo.<init>] [INFO] 日志实例已初始化...
[2020-04-12 16:20:25:759] [vo.logVo.LogVo.<init>] [INFO] 日志实例已初始化...
[2020-04-12 16:20:25:760] [vo.logVo.LogVo.<init>] [INFO] 日志实例已初始化...
[2020-04-12 16:20:25:761] [vo.logVo.LogVo.<init>] [INFO] 日志实例已初始化...
[2020-04-12 16:20:25:762] [vo.logVo.LogVo.<init>] [INFO] 日志实例已初始化...
[2020-04-12 16:20:25:763] [vo.logVo.LogVo.<init>] [INFO] 日志实例已初始化...
[2020-04-12 16:20:25:763] [vo.logVo.LogVo.<init>] [INFO] 日志实例已初始化...
[2020-04-12 16:20:25:764] [vo.logVo.LogVo.<init>] [INFO] 日志实例已初始化...
[2020-04-12 16:20:25:764] [vo.logVo.LogVo.<init>] [INFO] 日志实例已初始化...
[2020-04-12 16:20:25:764] [vo.logVo.LogVo.<init>] [INFO] 日志实例已初始化...
[2020-04-12 16:20:25:765] [vo.logVo.LogVo.<init>] [INFO] 日志实例已初始化...
[2020-04-12 16:20:25:765] [vo.logVo.LogVo.<init>] [INFO] 日志实例已初始化...
[2020-04-12 16:20:25:837] [vo.logVo.LogVo.<init>] [INFO] 日志实例已初始化...
[2020-04-12 16:20:25:858] [vo.logVo.LogVo.<init>] [INFO] 日志实例已初始化...
[2020-04-12 16:33:05:892] [util.MyApplicationContextAnnotion.<init>] [INFO] 获取上下文工具类初始化成功!
[2020-04-12 16:33:06:254] [aop.AnnotationCommenAop.<init>] [INFO] 注解式切面已初始化...
[2020-04-12 16:33:07:733] [vo.logVo.LogVo.<init>] [INFO] 日志实例已初始化...
[2020-04-12 16:33:08:334] [aop.ConfigCommenAop.<init>] [INFO] 切面已初始化...
[2020-04-12 16:33:08:379] [vo.logVo.LogVo.<init>] [INFO] 日志实例已初始化...
[2020-04-12 16:33:08:390] [webservice.WebServiceInterface.<init>] [INFO] spring管理web service1
[2020-04-12 16:34:19:281] [vo.logVo.LogVo.<init>] [INFO] 日志实例已初始化...
[2020-04-12 16:34:19:289] [vo.logVo.LogVo.<init>] [INFO] 日志实例已初始化...
[2020-04-12 16:34:19:291] [vo.logVo.LogVo.<init>] [INFO] 日志实例已初始化...
[2020-04-12 16:34:19:292] [vo.logVo.LogVo.<init>] [INFO] 日志实例已初始化...
[2020-04-12 16:34:19:293] [vo.logVo.LogVo.<init>] [INFO] 日志实例已初始化...
[2020-04-12 16:34:19:294] [vo.logVo.LogVo.<init>] [INFO] 日志实例已初始化...
[2020-04-12 16:34:19:295] [vo.logVo.LogVo.<init>] [INFO] 日志实例已初始化...
[2020-04-12 16:34:19:296] [vo.logVo.LogVo.<init>] [INFO] 日志实例已初始化...
[2020-04-12 16:34:19:298] [vo.logVo.LogVo.<init>] [INFO] 日志实例已初始化...
[2020-04-12 16:34:19:300] [vo.logVo.LogVo.<init>] [INFO] 日志实例已初始化...
[2020-04-12 16:34:19:301] [vo.logVo.LogVo.<init>] [INFO] 日志实例已初始化...
[2020-04-12 16:34:19:302] [vo.logVo.LogVo.<init>] [INFO] 日志实例已初始化...
[2020-04-12 16:34:19:304] [vo.logVo.LogVo.<init>] [INFO] 日志实例已初始化...
[2020-04-12 16:34:19:306] [vo.logVo.LogVo.<init>] [INFO] 日志实例已初始化...
[2020-04-12 16:34:19:308] [vo.logVo.LogVo.<init>] [INFO] 日志实例已初始化...
[2020-04-12 16:34:19:309] [vo.logVo.LogVo.<init>] [INFO] 日志实例已初始化...
[2020-04-12 16:34:19:311] [vo.logVo.LogVo.<init>] [INFO] 日志实例已初始化...
[2020-04-12 16:34:19:312] [vo.logVo.LogVo.<init>] [INFO] 日志实例已初始化...
[2020-04-12 16:34:19:313] [vo.logVo.LogVo.<init>] [INFO] 日志实例已初始化...
[2020-04-12 16:34:19:314] [vo.logVo.LogVo.<init>] [INFO] 日志实例已初始化...
[2020-04-12 16:34:19:314] [vo.logVo.LogVo.<init>] [INFO] 日志实例已初始化...
[2020-04-12 16:34:19:315] [vo.logVo.LogVo.<init>] [INFO] 日志实例已初始化...
[2020-04-12 16:34:19:316] [vo.logVo.LogVo.<init>] [INFO] 日志实例已初始化...
[2020-04-12 16:34:19:317] [vo.logVo.LogVo.<init>] [INFO] 日志实例已初始化...
[2020-04-12 16:34:19:318] [vo.logVo.LogVo.<init>] [INFO] 日志实例已初始化...
[2020-04-12 16:34:19:319] [vo.logVo.LogVo.<init>] [INFO] 日志实例已初始化...
[2020-04-12 16:34:19:320] [vo.logVo.LogVo.<init>] [INFO] 日志实例已初始化...
[2020-04-12 16:34:19:322] [vo.logVo.LogVo.<init>] [INFO] 日志实例已初始化...
[2020-04-12 16:34:19:323] [vo.logVo.LogVo.<init>] [INFO] 日志实例已初始化...
[2020-04-12 16:34:19:324] [vo.logVo.LogVo.<init>] [INFO] 日志实例已初始化...
[2020-04-12 16:34:19:325] [vo.logVo.LogVo.<init>] [INFO] 日志实例已初始化...
[2020-04-12 16:34:19:326] [vo.logVo.LogVo.<init>] [INFO] 日志实例已初始化...
[2020-04-12 16:34:19:327] [vo.logVo.LogVo.<init>] [INFO] 日志实例已初始化...
[2020-04-12 16:34:19:328] [vo.logVo.LogVo.<init>] [INFO] 日志实例已初始化...
[2020-04-12 16:34:19:329] [vo.logVo.LogVo.<init>] [INFO] 日志实例已初始化...
[2020-04-12 16:34:19:332] [vo.logVo.LogVo.<init>] [INFO] 日志实例已初始化...
[2020-04-12 16:34:19:333] [vo.logVo.LogVo.<init>] [INFO] 日志实例已初始化...
[2020-04-12 16:34:19:335] [vo.logVo.LogVo.<init>] [INFO] 日志实例已初始化...
[2020-04-12 16:34:19:337] [vo.logVo.LogVo.<init>] [INFO] 日志实例已初始化...
[2020-04-12 16:34:19:339] [vo.logVo.LogVo.<init>] [INFO] 日志实例已初始化...
[2020-04-12 16:34:19:340] [vo.logVo.LogVo.<init>] [INFO] 日志实例已初始化...
[2020-04-12 16:34:19:341] [vo.logVo.LogVo.<init>] [INFO] 日志实例已初始化...
[2020-04-12 16:34:19:342] [vo.logVo.LogVo.<init>] [INFO] 日志实例已初始化...
[2020-04-12 16:34:19:343] [vo.logVo.LogVo.<init>] [INFO] 日志实例已初始化...
[2020-04-12 16:34:19:344] [vo.logVo.LogVo.<init>] [INFO] 日志实例已初始化...
[2020-04-12 16:34:19:345] [vo.logVo.LogVo.<init>] [INFO] 日志实例已初始化...
[2020-04-12 16:34:19:346] [vo.logVo.LogVo.<init>] [INFO] 日志实例已初始化...
[2020-04-12 16:34:19:348] [vo.logVo.LogVo.<init>] [INFO] 日志实例已初始化...
[2020-04-12 16:34:19:349] [vo.logVo.LogVo.<init>] [INFO] 日志实例已初始化...
[2020-04-12 16:34:19:350] [vo.logVo.LogVo.<init>] [INFO] 日志实例已初始化...
[2020-04-12 16:34:19:351] [vo.logVo.LogVo.<init>] [INFO] 日志实例已初始化...
[2020-04-12 16:34:19:353] [vo.logVo.LogVo.<init>] [INFO] 日志实例已初始化...
[2020-04-12 16:34:19:355] [vo.logVo.LogVo.<init>] [INFO] 日志实例已初始化...
[2020-04-12 16:34:19:356] [vo.logVo.LogVo.<init>] [INFO] 日志实例已初始化...
[2020-04-12 16:34:19:357] [vo.logVo.LogVo.<init>] [INFO] 日志实例已初始化...
[2020-04-12 16:34:19:358] [vo.logVo.LogVo.<init>] [INFO] 日志实例已初始化...
[2020-04-12 16:34:19:359] [vo.logVo.LogVo.<init>] [INFO] 日志实例已初始化...
[2020-04-12 16:34:19:361] [vo.logVo.LogVo.<init>] [INFO] 日志实例已初始化...
[2020-04-12 16:34:19:362] [vo.logVo.LogVo.<init>] [INFO] 日志实例已初始化...
[2020-04-12 16:34:19:365] [vo.logVo.LogVo.<init>] [INFO] 日志实例已初始化...
[2020-04-12 16:34:19:366] [vo.logVo.LogVo.<init>] [INFO] 日志实例已初始化...
[2020-04-12 16:34:19:368] [vo.logVo.LogVo.<init>] [INFO] 日志实例已初始化...
[2020-04-12 16:34:19:369] [vo.logVo.LogVo.<init>] [INFO] 日志实例已初始化...
[2020-04-12 16:34:19:370] [vo.logVo.LogVo.<init>] [INFO] 日志实例已初始化...
[2020-04-12 16:34:19:371] [vo.logVo.LogVo.<init>] [INFO] 日志实例已初始化...
[2020-04-12 16:34:19:372] [vo.logVo.LogVo.<init>] [INFO] 日志实例已初始化...
[2020-04-12 16:34:19:373] [vo.logVo.LogVo.<init>] [INFO] 日志实例已初始化...
[2020-04-12 16:34:19:373] [vo.logVo.LogVo.<init>] [INFO] 日志实例已初始化...
[2020-04-12 16:34:19:374] [vo.logVo.LogVo.<init>] [INFO] 日志实例已初始化...
[2020-04-12 16:34:19:375] [vo.logVo.LogVo.<init>] [INFO] 日志实例已初始化...
[2020-04-12 16:34:19:376] [vo.logVo.LogVo.<init>] [INFO] 日志实例已初始化...
[2020-04-12 16:34:19:377] [vo.logVo.LogVo.<init>] [INFO] 日志实例已初始化...
[2020-04-12 16:34:19:378] [vo.logVo.LogVo.<init>] [INFO] 日志实例已初始化...
[2020-04-12 16:34:19:378] [vo.logVo.LogVo.<init>] [INFO] 日志实例已初始化...
[2020-04-12 16:34:19:379] [vo.logVo.LogVo.<init>] [INFO] 日志实例已初始化...
[2020-04-12 16:34:19:380] [vo.logVo.LogVo.<init>] [INFO] 日志实例已初始化...
[2020-04-12 16:34:19:381] [vo.logVo.LogVo.<init>] [INFO] 日志实例已初始化...
[2020-04-12 16:34:19:383] [vo.logVo.LogVo.<init>] [INFO] 日志实例已初始化...
[2020-04-12 16:34:19:384] [vo.logVo.LogVo.<init>] [INFO] 日志实例已初始化...
[2020-04-12 16:34:19:384] [vo.logVo.LogVo.<init>] [INFO] 日志实例已初始化...
[2020-04-12 16:34:19:385] [vo.logVo.LogVo.<init>] [INFO] 日志实例已初始化...
[2020-04-12 16:34:19:386] [vo.logVo.LogVo.<init>] [INFO] 日志实例已初始化...
[2020-04-12 16:34:19:386] [vo.logVo.LogVo.<init>] [INFO] 日志实例已初始化...
[2020-04-12 16:34:19:387] [vo.logVo.LogVo.<init>] [INFO] 日志实例已初始化...
[2020-04-12 16:34:19:387] [vo.logVo.LogVo.<init>] [INFO] 日志实例已初始化...
[2020-04-12 16:34:19:388] [vo.logVo.LogVo.<init>] [INFO] 日志实例已初始化...
[2020-04-12 16:34:19:388] [vo.logVo.LogVo.<init>] [INFO] 日志实例已初始化...
[2020-04-12 16:34:19:389] [vo.logVo.LogVo.<init>] [INFO] 日志实例已初始化...
[2020-04-12 16:34:19:389] [vo.logVo.LogVo.<init>] [INFO] 日志实例已初始化...
[2020-04-12 16:34:19:390] [vo.logVo.LogVo.<init>] [INFO] 日志实例已初始化...
[2020-04-12 16:34:19:390] [vo.logVo.LogVo.<init>] [INFO] 日志实例已初始化...
[2020-04-12 16:34:19:391] [vo.logVo.LogVo.<init>] [INFO] 日志实例已初始化...
[2020-04-12 16:34:19:391] [vo.logVo.LogVo.<init>] [INFO] 日志实例已初始化...
[2020-04-12 16:34:19:392] [vo.logVo.LogVo.<init>] [INFO] 日志实例已初始化...
[2020-04-12 16:34:19:393] [vo.logVo.LogVo.<init>] [INFO] 日志实例已初始化...
[2020-04-12 16:34:19:393] [vo.logVo.LogVo.<init>] [INFO] 日志实例已初始化...
[2020-04-12 16:34:19:394] [vo.logVo.LogVo.<init>] [INFO] 日志实例已初始化...
[2020-04-12 16:34:19:395] [vo.logVo.LogVo.<init>] [INFO] 日志实例已初始化...
[2020-04-12 16:34:19:396] [vo.logVo.LogVo.<init>] [INFO] 日志实例已初始化...
[2020-04-12 16:34:19:397] [vo.logVo.LogVo.<init>] [INFO] 日志实例已初始化...
[2020-04-12 16:34:19:398] [vo.logVo.LogVo.<init>] [INFO] 日志实例已初始化...
[2020-04-12 16:34:19:399] [vo.logVo.LogVo.<init>] [INFO] 日志实例已初始化...
[2020-04-12 16:34:19:399] [vo.logVo.LogVo.<init>] [INFO] 日志实例已初始化...
[2020-04-12 16:34:19:400] [vo.logVo.LogVo.<init>] [INFO] 日志实例已初始化...
[2020-04-12 16:34:19:401] [vo.logVo.LogVo.<init>] [INFO] 日志实例已初始化...
[2020-04-12 16:34:19:401] [vo.logVo.LogVo.<init>] [INFO] 日志实例已初始化...
[2020-04-12 16:34:19:402] [vo.logVo.LogVo.<init>] [INFO] 日志实例已初始化...
[2020-04-12 16:34:19:403] [vo.logVo.LogVo.<init>] [INFO] 日志实例已初始化...
[2020-04-12 16:34:19:403] [vo.logVo.LogVo.<init>] [INFO] 日志实例已初始化...
[2020-04-12 16:34:19:404] [vo.logVo.LogVo.<init>] [INFO] 日志实例已初始化...
[2020-04-12 16:34:19:404] [vo.logVo.LogVo.<init>] [INFO] 日志实例已初始化...
[2020-04-12 16:34:19:405] [vo.logVo.LogVo.<init>] [INFO] 日志实例已初始化...
[2020-04-12 16:34:19:406] [vo.logVo.LogVo.<init>] [INFO] 日志实例已初始化...
[2020-04-12 16:34:19:406] [vo.logVo.LogVo.<init>] [INFO] 日志实例已初始化...
[2020-04-12 16:34:19:408] [vo.logVo.LogVo.<init>] [INFO] 日志实例已初始化...
[2020-04-12 16:34:19:408] [vo.logVo.LogVo.<init>] [INFO] 日志实例已初始化...
[2020-04-12 16:34:19:409] [vo.logVo.LogVo.<init>] [INFO] 日志实例已初始化...
[2020-04-12 16:34:19:410] [vo.logVo.LogVo.<init>] [INFO] 日志实例已初始化...
[2020-04-12 16:34:19:411] [vo.logVo.LogVo.<init>] [INFO] 日志实例已初始化...
[2020-04-12 16:34:19:412] [vo.logVo.LogVo.<init>] [INFO] 日志实例已初始化...
[2020-04-12 16:34:19:412] [vo.logVo.LogVo.<init>] [INFO] 日志实例已初始化...
[2020-04-12 16:34:19:414] [vo.logVo.LogVo.<init>] [INFO] 日志实例已初始化...
[2020-04-12 16:34:19:417] [vo.logVo.LogVo.<init>] [INFO] 日志实例已初始化...
[2020-04-12 16:34:19:418] [vo.logVo.LogVo.<init>] [INFO] 日志实例已初始化...
[2020-04-12 16:34:19:420] [vo.logVo.LogVo.<init>] [INFO] 日志实例已初始化...
[2020-04-12 16:34:19:421] [vo.logVo.LogVo.<init>] [INFO] 日志实例已初始化...
[2020-04-12 16:34:19:422] [vo.logVo.LogVo.<init>] [INFO] 日志实例已初始化...
[2020-04-12 16:34:19:423] [vo.logVo.LogVo.<init>] [INFO] 日志实例已初始化...
[2020-04-12 16:34:19:425] [vo.logVo.LogVo.<init>] [INFO] 日志实例已初始化...
[2020-04-12 16:34:19:426] [vo.logVo.LogVo.<init>] [INFO] 日志实例已初始化...
[2020-04-12 16:34:19:427] [vo.logVo.LogVo.<init>] [INFO] 日志实例已初始化...
[2020-04-12 16:34:19:428] [vo.logVo.LogVo.<init>] [INFO] 日志实例已初始化...
[2020-04-12 16:34:19:429] [vo.logVo.LogVo.<init>] [INFO] 日志实例已初始化...
[2020-04-12 16:34:19:431] [vo.logVo.LogVo.<init>] [INFO] 日志实例已初始化...
[2020-04-12 16:34:19:431] [vo.logVo.LogVo.<init>] [INFO] 日志实例已初始化...
[2020-04-12 16:34:19:432] [vo.logVo.LogVo.<init>] [INFO] 日志实例已初始化...
[2020-04-12 16:34:19:433] [vo.logVo.LogVo.<init>] [INFO] 日志实例已初始化...
[2020-04-12 16:34:19:434] [vo.logVo.LogVo.<init>] [INFO] 日志实例已初始化...
[2020-04-12 16:34:19:434] [vo.logVo.LogVo.<init>] [INFO] 日志实例已初始化...
[2020-04-12 16:34:19:435] [vo.logVo.LogVo.<init>] [INFO] 日志实例已初始化...
[2020-04-12 16:34:19:436] [vo.logVo.LogVo.<init>] [INFO] 日志实例已初始化...
[2020-04-12 16:34:19:438] [vo.logVo.LogVo.<init>] [INFO] 日志实例已初始化...
[2020-04-12 16:34:19:439] [vo.logVo.LogVo.<init>] [INFO] 日志实例已初始化...
[2020-04-12 16:34:19:439] [vo.logVo.LogVo.<init>] [INFO] 日志实例已初始化...
[2020-04-12 16:34:19:440] [vo.logVo.LogVo.<init>] [INFO] 日志实例已初始化...
[2020-04-12 16:34:19:440] [vo.logVo.LogVo.<init>] [INFO] 日志实例已初始化...
[2020-04-12 16:34:19:441] [vo.logVo.LogVo.<init>] [INFO] 日志实例已初始化...
[2020-04-12 16:34:19:442] [vo.logVo.LogVo.<init>] [INFO] 日志实例已初始化...
[2020-04-12 16:34:19:442] [vo.logVo.LogVo.<init>] [INFO] 日志实例已初始化...
[2020-04-12 16:34:19:443] [vo.logVo.LogVo.<init>] [INFO] 日志实例已初始化...
[2020-04-12 16:34:19:444] [vo.logVo.LogVo.<init>] [INFO] 日志实例已初始化...
[2020-04-12 16:34:19:445] [vo.logVo.LogVo.<init>] [INFO] 日志实例已初始化...
[2020-04-12 16:34:19:446] [vo.logVo.LogVo.<init>] [INFO] 日志实例已初始化...
[2020-04-12 16:34:19:449] [vo.logVo.LogVo.<init>] [INFO] 日志实例已初始化...
[2020-04-12 16:34:19:450] [vo.logVo.LogVo.<init>] [INFO] 日志实例已初始化...
[2020-04-12 16:34:19:451] [vo.logVo.LogVo.<init>] [INFO] 日志实例已初始化...
[2020-04-12 16:34:19:452] [vo.logVo.LogVo.<init>] [INFO] 日志实例已初始化...
[2020-04-12 16:34:19:453] [vo.logVo.LogVo.<init>] [INFO] 日志实例已初始化...
[2020-04-12 16:34:19:453] [vo.logVo.LogVo.<init>] [INFO] 日志实例已初始化...
[2020-04-12 16:34:19:454] [vo.logVo.LogVo.<init>] [INFO] 日志实例已初始化...
[2020-04-12 16:34:19:454] [vo.logVo.LogVo.<init>] [INFO] 日志实例已初始化...
[2020-04-12 16:34:19:455] [vo.logVo.LogVo.<init>] [INFO] 日志实例已初始化...
[2020-04-12 16:34:19:456] [vo.logVo.LogVo.<init>] [INFO] 日志实例已初始化...
[2020-04-12 16:34:19:457] [vo.logVo.LogVo.<init>] [INFO] 日志实例已初始化...
[2020-04-12 16:34:19:458] [vo.logVo.LogVo.<init>] [INFO] 日志实例已初始化...
[2020-04-12 16:34:19:459] [vo.logVo.LogVo.<init>] [INFO] 日志实例已初始化...
[2020-04-12 16:34:19:460] [vo.logVo.LogVo.<init>] [INFO] 日志实例已初始化...
[2020-04-12 16:34:19:461] [vo.logVo.LogVo.<init>] [INFO] 日志实例已初始化...
[2020-04-12 16:34:19:464] [vo.logVo.LogVo.<init>] [INFO] 日志实例已初始化...
[2020-04-12 16:34:19:465] [vo.logVo.LogVo.<init>] [INFO] 日志实例已初始化...
[2020-04-12 16:34:19:466] [vo.logVo.LogVo.<init>] [INFO] 日志实例已初始化...
[2020-04-12 16:34:19:467] [vo.logVo.LogVo.<init>] [INFO] 日志实例已初始化...
[2020-04-12 16:34:19:468] [vo.logVo.LogVo.<init>] [INFO] 日志实例已初始化...
[2020-04-12 16:34:19:469] [vo.logVo.LogVo.<init>] [INFO] 日志实例已初始化...
[2020-04-12 16:34:19:469] [vo.logVo.LogVo.<init>] [INFO] 日志实例已初始化...
[2020-04-12 16:34:19:470] [vo.logVo.LogVo.<init>] [INFO] 日志实例已初始化...
[2020-04-12 16:34:19:470] [vo.logVo.LogVo.<init>] [INFO] 日志实例已初始化...
[2020-04-12 16:34:19:471] [vo.logVo.LogVo.<init>] [INFO] 日志实例已初始化...
[2020-04-12 16:34:19:471] [vo.logVo.LogVo.<init>] [INFO] 日志实例已初始化...
[2020-04-12 16:34:19:472] [vo.logVo.LogVo.<init>] [INFO] 日志实例已初始化...
[2020-04-12 16:34:19:473] [vo.logVo.LogVo.<init>] [INFO] 日志实例已初始化...
[2020-04-12 16:34:19:473] [vo.logVo.LogVo.<init>] [INFO] 日志实例已初始化...
[2020-04-12 16:34:19:473] [vo.logVo.LogVo.<init>] [INFO] 日志实例已初始化...
[2020-04-12 16:34:19:474] [vo.logVo.LogVo.<init>] [INFO] 日志实例已初始化...
[2020-04-12 16:34:19:475] [vo.logVo.LogVo.<init>] [INFO] 日志实例已初始化...
[2020-04-12 16:34:19:475] [vo.logVo.LogVo.<init>] [INFO] 日志实例已初始化...
[2020-04-12 16:34:19:476] [vo.logVo.LogVo.<init>] [INFO] 日志实例已初始化...
[2020-04-12 16:34:19:477] [vo.logVo.LogVo.<init>] [INFO] 日志实例已初始化...
[2020-04-12 16:34:19:477] [vo.logVo.LogVo.<init>] [INFO] 日志实例已初始化...
[2020-04-12 16:34:19:478] [vo.logVo.LogVo.<init>] [INFO] 日志实例已初始化...
[2020-04-12 16:34:19:479] [vo.logVo.LogVo.<init>] [INFO] 日志实例已初始化...
[2020-04-12 16:34:19:480] [vo.logVo.LogVo.<init>] [INFO] 日志实例已初始化...
[2020-04-12 16:34:19:481] [vo.logVo.LogVo.<init>] [INFO] 日志实例已初始化...
[2020-04-12 16:34:19:482] [vo.logVo.LogVo.<init>] [INFO] 日志实例已初始化...
[2020-04-12 16:34:19:482] [vo.logVo.LogVo.<init>] [INFO] 日志实例已初始化...
[2020-04-12 16:34:19:483] [vo.logVo.LogVo.<init>] [INFO] 日志实例已初始化...
[2020-04-12 16:34:19:483] [vo.logVo.LogVo.<init>] [INFO] 日志实例已初始化...
[2020-04-12 16:34:19:483] [vo.logVo.LogVo.<init>] [INFO] 日志实例已初始化...
[2020-04-12 16:34:19:484] [vo.logVo.LogVo.<init>] [INFO] 日志实例已初始化...
[2020-04-12 16:34:19:484] [vo.logVo.LogVo.<init>] [INFO] 日志实例已初始化...
[2020-04-12 16:34:19:484] [vo.logVo.LogVo.<init>] [INFO] 日志实例已初始化...
[2020-04-12 16:34:19:485] [vo.logVo.LogVo.<init>] [INFO] 日志实例已初始化...
[2020-04-12 16:34:19:486] [vo.logVo.LogVo.<init>] [INFO] 日志实例已初始化...
[2020-04-12 16:34:19:486] [vo.logVo.LogVo.<init>] [INFO] 日志实例已初始化...
[2020-04-12 16:34:19:487] [vo.logVo.LogVo.<init>] [INFO] 日志实例已初始化...
[2020-04-12 16:34:19:487] [vo.logVo.LogVo.<init>] [INFO] 日志实例已初始化...
[2020-04-12 16:34:19:488] [vo.logVo.LogVo.<init>] [INFO] 日志实例已初始化...
[2020-04-12 16:34:19:488] [vo.logVo.LogVo.<init>] [INFO] 日志实例已初始化...
[2020-04-12 16:34:19:489] [vo.logVo.LogVo.<init>] [INFO] 日志实例已初始化...
[2020-04-12 16:34:19:489] [vo.logVo.LogVo.<init>] [INFO] 日志实例已初始化...
[2020-04-12 16:34:19:490] [vo.logVo.LogVo.<init>] [INFO] 日志实例已初始化...
[2020-04-12 16:34:19:490] [vo.logVo.LogVo.<init>] [INFO] 日志实例已初始化...
[2020-04-12 16:34:19:490] [vo.logVo.LogVo.<init>] [INFO] 日志实例已初始化...
[2020-04-12 16:34:19:491] [vo.logVo.LogVo.<init>] [INFO] 日志实例已初始化...
[2020-04-12 16:34:19:491] [vo.logVo.LogVo.<init>] [INFO] 日志实例已初始化...
[2020-04-12 16:34:19:492] [vo.logVo.LogVo.<init>] [INFO] 日志实例已初始化...
[2020-04-12 16:34:19:493] [vo.logVo.LogVo.<init>] [INFO] 日志实例已初始化...
[2020-04-12 16:34:19:494] [vo.logVo.LogVo.<init>] [INFO] 日志实例已初始化...
[2020-04-12 16:34:19:494] [vo.logVo.LogVo.<init>] [INFO] 日志实例已初始化...
[2020-04-12 16:34:19:495] [vo.logVo.LogVo.<init>] [INFO] 日志实例已初始化...
[2020-04-12 16:34:19:495] [vo.logVo.LogVo.<init>] [INFO] 日志实例已初始化...
[2020-04-12 16:34:19:496] [vo.logVo.LogVo.<init>] [INFO] 日志实例已初始化...
[2020-04-12 16:34:19:496] [vo.logVo.LogVo.<init>] [INFO] 日志实例已初始化...
[2020-04-12 16:34:19:497] [vo.logVo.LogVo.<init>] [INFO] 日志实例已初始化...
[2020-04-12 16:34:19:497] [vo.logVo.LogVo.<init>] [INFO] 日志实例已初始化...
[2020-04-12 16:34:19:498] [vo.logVo.LogVo.<init>] [INFO] 日志实例已初始化...
[2020-04-12 16:34:19:498] [vo.logVo.LogVo.<init>] [INFO] 日志实例已初始化...
[2020-04-12 16:34:19:499] [vo.logVo.LogVo.<init>] [INFO] 日志实例已初始化...
[2020-04-12 16:34:19:499] [vo.logVo.LogVo.<init>] [INFO] 日志实例已初始化...
[2020-04-12 16:34:19:500] [vo.logVo.LogVo.<init>] [INFO] 日志实例已初始化...
[2020-04-12 16:34:19:500] [vo.logVo.LogVo.<init>] [INFO] 日志实例已初始化...
[2020-04-12 16:34:19:501] [vo.logVo.LogVo.<init>] [INFO] 日志实例已初始化...
[2020-04-12 16:34:19:501] [vo.logVo.LogVo.<init>] [INFO] 日志实例已初始化...
[2020-04-12 16:34:19:502] [vo.logVo.LogVo.<init>] [INFO] 日志实例已初始化...
[2020-04-12 16:34:19:503] [vo.logVo.LogVo.<init>] [INFO] 日志实例已初始化...
[2020-04-12 16:34:19:504] [vo.logVo.LogVo.<init>] [INFO] 日志实例已初始化...
[2020-04-12 16:34:19:504] [vo.logVo.LogVo.<init>] [INFO] 日志实例已初始化...
[2020-04-12 16:34:19:505] [vo.logVo.LogVo.<init>] [INFO] 日志实例已初始化...
[2020-04-12 16:34:19:506] [vo.logVo.LogVo.<init>] [INFO] 日志实例已初始化...
[2020-04-12 16:34:19:506] [vo.logVo.LogVo.<init>] [INFO] 日志实例已初始化...
[2020-04-12 16:34:19:507] [vo.logVo.LogVo.<init>] [INFO] 日志实例已初始化...
[2020-04-12 16:34:19:507] [vo.logVo.LogVo.<init>] [INFO] 日志实例已初始化...
[2020-04-12 16:34:19:508] [vo.logVo.LogVo.<init>] [INFO] 日志实例已初始化...
[2020-04-12 16:34:19:508] [vo.logVo.LogVo.<init>] [INFO] 日志实例已初始化...
[2020-04-12 16:34:19:509] [vo.logVo.LogVo.<init>] [INFO] 日志实例已初始化...
[2020-04-12 16:34:19:510] [vo.logVo.LogVo.<init>] [INFO] 日志实例已初始化...
[2020-04-12 16:34:19:510] [vo.logVo.LogVo.<init>] [INFO] 日志实例已初始化...
[2020-04-12 16:34:19:511] [vo.logVo.LogVo.<init>] [INFO] 日志实例已初始化...
[2020-04-12 16:34:19:511] [vo.logVo.LogVo.<init>] [INFO] 日志实例已初始化...
[2020-04-12 16:34:19:512] [vo.logVo.LogVo.<init>] [INFO] 日志实例已初始化...
[2020-04-12 16:34:19:512] [vo.logVo.LogVo.<init>] [INFO] 日志实例已初始化...
[2020-04-12 16:34:19:513] [vo.logVo.LogVo.<init>] [INFO] 日志实例已初始化...
[2020-04-12 16:34:19:514] [vo.logVo.LogVo.<init>] [INFO] 日志实例已初始化...
[2020-04-12 16:34:19:515] [vo.logVo.LogVo.<init>] [INFO] 日志实例已初始化...
[2020-04-12 16:34:19:515] [vo.logVo.LogVo.<init>] [INFO] 日志实例已初始化...
[2020-04-12 16:34:19:516] [vo.logVo.LogVo.<init>] [INFO] 日志实例已初始化...
[2020-04-12 16:34:19:517] [vo.logVo.LogVo.<init>] [INFO] 日志实例已初始化...
[2020-04-12 16:34:19:517] [vo.logVo.LogVo.<init>] [INFO] 日志实例已初始化...
[2020-04-12 16:34:19:518] [vo.logVo.LogVo.<init>] [INFO] 日志实例已初始化...
[2020-04-12 16:34:19:519] [vo.logVo.LogVo.<init>] [INFO] 日志实例已初始化...
[2020-04-12 16:34:19:520] [vo.logVo.LogVo.<init>] [INFO] 日志实例已初始化...
[2020-04-12 16:34:19:520] [vo.logVo.LogVo.<init>] [INFO] 日志实例已初始化...
[2020-04-12 16:34:19:521] [vo.logVo.LogVo.<init>] [INFO] 日志实例已初始化...
[2020-04-12 16:34:19:522] [vo.logVo.LogVo.<init>] [INFO] 日志实例已初始化...
[2020-04-12 16:34:19:522] [vo.logVo.LogVo.<init>] [INFO] 日志实例已初始化...
[2020-04-12 16:34:19:523] [vo.logVo.LogVo.<init>] [INFO] 日志实例已初始化...
[2020-04-12 16:34:19:524] [vo.logVo.LogVo.<init>] [INFO] 日志实例已初始化...
[2020-04-12 16:34:19:524] [vo.logVo.LogVo.<init>] [INFO] 日志实例已初始化...
[2020-04-12 16:34:19:525] [vo.logVo.LogVo.<init>] [INFO] 日志实例已初始化...
[2020-04-12 16:34:19:526] [vo.logVo.LogVo.<init>] [INFO] 日志实例已初始化...
[2020-04-12 16:34:19:528] [vo.logVo.LogVo.<init>] [INFO] 日志实例已初始化...
[2020-04-12 16:34:19:529] [vo.logVo.LogVo.<init>] [INFO] 日志实例已初始化...
[2020-04-12 16:34:19:534] [vo.logVo.LogVo.<init>] [INFO] 日志实例已初始化...
[2020-04-12 16:34:19:535] [vo.logVo.LogVo.<init>] [INFO] 日志实例已初始化...
[2020-04-12 16:34:19:535] [vo.logVo.LogVo.<init>] [INFO] 日志实例已初始化...
[2020-04-12 16:34:19:537] [vo.logVo.LogVo.<init>] [INFO] 日志实例已初始化...
[2020-04-12 16:34:19:538] [vo.logVo.LogVo.<init>] [INFO] 日志实例已初始化...
[2020-04-12 16:34:19:539] [vo.logVo.LogVo.<init>] [INFO] 日志实例已初始化...
[2020-04-12 16:34:19:539] [vo.logVo.LogVo.<init>] [INFO] 日志实例已初始化...
[2020-04-12 16:34:19:541] [vo.logVo.LogVo.<init>] [INFO] 日志实例已初始化...
[2020-04-12 16:34:19:542] [vo.logVo.LogVo.<init>] [INFO] 日志实例已初始化...
[2020-04-12 16:34:19:543] [vo.logVo.LogVo.<init>] [INFO] 日志实例已初始化...
[2020-04-12 16:34:19:544] [vo.logVo.LogVo.<init>] [INFO] 日志实例已初始化...
[2020-04-12 16:34:19:544] [vo.logVo.LogVo.<init>] [INFO] 日志实例已初始化...
[2020-04-12 16:34:19:545] [vo.logVo.LogVo.<init>] [INFO] 日志实例已初始化...
[2020-04-12 16:34:19:546] [vo.logVo.LogVo.<init>] [INFO] 日志实例已初始化...
[2020-04-12 16:34:19:547] [vo.logVo.LogVo.<init>] [INFO] 日志实例已初始化...
[2020-04-12 16:34:19:548] [vo.logVo.LogVo.<init>] [INFO] 日志实例已初始化...
[2020-04-12 16:34:19:549] [vo.logVo.LogVo.<init>] [INFO] 日志实例已初始化...
[2020-04-12 16:34:19:550] [vo.logVo.LogVo.<init>] [INFO] 日志实例已初始化...
[2020-04-12 16:34:19:551] [vo.logVo.LogVo.<init>] [INFO] 日志实例已初始化...
[2020-04-12 16:34:19:552] [vo.logVo.LogVo.<init>] [INFO] 日志实例已初始化...
[2020-04-12 16:34:19:553] [vo.logVo.LogVo.<init>] [INFO] 日志实例已初始化...
[2020-04-12 16:34:19:554] [vo.logVo.LogVo.<init>] [INFO] 日志实例已初始化...
[2020-04-12 16:34:19:554] [vo.logVo.LogVo.<init>] [INFO] 日志实例已初始化...
[2020-04-12 16:34:19:555] [vo.logVo.LogVo.<init>] [INFO] 日志实例已初始化...
[2020-04-12 16:34:19:555] [vo.logVo.LogVo.<init>] [INFO] 日志实例已初始化...
[2020-04-12 16:34:19:556] [vo.logVo.LogVo.<init>] [INFO] 日志实例已初始化...
[2020-04-12 16:34:19:556] [vo.logVo.LogVo.<init>] [INFO] 日志实例已初始化...
[2020-04-12 16:34:19:557] [vo.logVo.LogVo.<init>] [INFO] 日志实例已初始化...
[2020-04-12 16:34:19:557] [vo.logVo.LogVo.<init>] [INFO] 日志实例已初始化...
[2020-04-12 16:34:19:558] [vo.logVo.LogVo.<init>] [INFO] 日志实例已初始化...
[2020-04-12 16:34:19:558] [vo.logVo.LogVo.<init>] [INFO] 日志实例已初始化...
[2020-04-12 16:34:19:558] [vo.logVo.LogVo.<init>] [INFO] 日志实例已初始化...
[2020-04-12 16:34:19:559] [vo.logVo.LogVo.<init>] [INFO] 日志实例已初始化...
[2020-04-12 16:34:19:559] [vo.logVo.LogVo.<init>] [INFO] 日志实例已初始化...
[2020-04-12 16:34:19:559] [vo.logVo.LogVo.<init>] [INFO] 日志实例已初始化...
[2020-04-12 16:34:19:560] [vo.logVo.LogVo.<init>] [INFO] 日志实例已初始化...
[2020-04-12 16:34:19:560] [vo.logVo.LogVo.<init>] [INFO] 日志实例已初始化...
[2020-04-12 16:34:19:560] [vo.logVo.LogVo.<init>] [INFO] 日志实例已初始化...
[2020-04-12 16:34:19:561] [vo.logVo.LogVo.<init>] [INFO] 日志实例已初始化...
[2020-04-12 16:34:19:561] [vo.logVo.LogVo.<init>] [INFO] 日志实例已初始化...
[2020-04-12 16:34:19:561] [vo.logVo.LogVo.<init>] [INFO] 日志实例已初始化...
[2020-04-12 16:34:19:561] [vo.logVo.LogVo.<init>] [INFO] 日志实例已初始化...
[2020-04-12 16:34:19:562] [vo.logVo.LogVo.<init>] [INFO] 日志实例已初始化...
[2020-04-12 16:34:19:562] [vo.logVo.LogVo.<init>] [INFO] 日志实例已初始化...
[2020-04-12 16:34:19:563] [vo.logVo.LogVo.<init>] [INFO] 日志实例已初始化...
[2020-04-12 16:34:19:563] [vo.logVo.LogVo.<init>] [INFO] 日志实例已初始化...
[2020-04-12 16:34:19:564] [vo.logVo.LogVo.<init>] [INFO] 日志实例已初始化...
[2020-04-12 16:34:19:565] [vo.logVo.LogVo.<init>] [INFO] 日志实例已初始化...
[2020-04-12 16:34:19:565] [vo.logVo.LogVo.<init>] [INFO] 日志实例已初始化...
[2020-04-12 16:34:19:565] [vo.logVo.LogVo.<init>] [INFO] 日志实例已初始化...
[2020-04-12 16:34:19:566] [vo.logVo.LogVo.<init>] [INFO] 日志实例已初始化...
[2020-04-12 16:34:19:567] [vo.logVo.LogVo.<init>] [INFO] 日志实例已初始化...
[2020-04-12 16:34:19:567] [vo.logVo.LogVo.<init>] [INFO] 日志实例已初始化...
[2020-04-12 16:34:19:568] [vo.logVo.LogVo.<init>] [INFO] 日志实例已初始化...
[2020-04-12 16:34:19:568] [vo.logVo.LogVo.<init>] [INFO] 日志实例已初始化...
[2020-04-12 16:34:19:569] [vo.logVo.LogVo.<init>] [INFO] 日志实例已初始化...
[2020-04-12 16:34:19:569] [vo.logVo.LogVo.<init>] [INFO] 日志实例已初始化...
[2020-04-12 16:34:19:570] [vo.logVo.LogVo.<init>] [INFO] 日志实例已初始化...
[2020-04-12 16:34:19:570] [vo.logVo.LogVo.<init>] [INFO] 日志实例已初始化...
[2020-04-12 16:34:19:570] [vo.logVo.LogVo.<init>] [INFO] 日志实例已初始化...
[2020-04-12 16:34:19:571] [vo.logVo.LogVo.<init>] [INFO] 日志实例已初始化...
[2020-04-12 16:34:19:571] [vo.logVo.LogVo.<init>] [INFO] 日志实例已初始化...
[2020-04-12 16:34:19:572] [vo.logVo.LogVo.<init>] [INFO] 日志实例已初始化...
[2020-04-12 16:34:19:572] [vo.logVo.LogVo.<init>] [INFO] 日志实例已初始化...
[2020-04-12 16:34:19:573] [vo.logVo.LogVo.<init>] [INFO] 日志实例已初始化...
[2020-04-12 16:34:19:573] [vo.logVo.LogVo.<init>] [INFO] 日志实例已初始化...
[2020-04-12 16:34:19:573] [vo.logVo.LogVo.<init>] [INFO] 日志实例已初始化...
[2020-04-12 16:34:19:574] [vo.logVo.LogVo.<init>] [INFO] 日志实例已初始化...
[2020-04-12 16:34:19:574] [vo.logVo.LogVo.<init>] [INFO] 日志实例已初始化...
[2020-04-12 16:34:19:575] [vo.logVo.LogVo.<init>] [INFO] 日志实例已初始化...
[2020-04-12 16:34:19:575] [vo.logVo.LogVo.<init>] [INFO] 日志实例已初始化...
[2020-04-12 16:34:19:575] [vo.logVo.LogVo.<init>] [INFO] 日志实例已初始化...
[2020-04-12 16:34:19:576] [vo.logVo.LogVo.<init>] [INFO] 日志实例已初始化...
[2020-04-12 16:34:19:576] [vo.logVo.LogVo.<init>] [INFO] 日志实例已初始化...
[2020-04-12 16:34:19:576] [vo.logVo.LogVo.<init>] [INFO] 日志实例已初始化...
[2020-04-12 16:34:19:577] [vo.logVo.LogVo.<init>] [INFO] 日志实例已初始化...
[2020-04-12 16:34:19:578] [vo.logVo.LogVo.<init>] [INFO] 日志实例已初始化...
[2020-04-12 16:34:19:578] [vo.logVo.LogVo.<init>] [INFO] 日志实例已初始化...
[2020-04-12 16:34:19:579] [vo.logVo.LogVo.<init>] [INFO] 日志实例已初始化...
[2020-04-12 16:34:19:579] [vo.logVo.LogVo.<init>] [INFO] 日志实例已初始化...
[2020-04-12 16:34:19:580] [vo.logVo.LogVo.<init>] [INFO] 日志实例已初始化...
[2020-04-12 16:34:19:580] [vo.logVo.LogVo.<init>] [INFO] 日志实例已初始化...
[2020-04-12 16:34:19:581] [vo.logVo.LogVo.<init>] [INFO] 日志实例已初始化...
[2020-04-12 16:34:19:582] [vo.logVo.LogVo.<init>] [INFO] 日志实例已初始化...
[2020-04-12 16:34:19:583] [vo.logVo.LogVo.<init>] [INFO] 日志实例已初始化...
[2020-04-12 16:34:19:584] [vo.logVo.LogVo.<init>] [INFO] 日志实例已初始化...
[2020-04-12 16:34:19:585] [vo.logVo.LogVo.<init>] [INFO] 日志实例已初始化...
[2020-04-12 16:34:19:585] [vo.logVo.LogVo.<init>] [INFO] 日志实例已初始化...
[2020-04-12 16:34:19:585] [vo.logVo.LogVo.<init>] [INFO] 日志实例已初始化...
[2020-04-12 16:34:19:586] [vo.logVo.LogVo.<init>] [INFO] 日志实例已初始化...
[2020-04-12 16:34:19:586] [vo.logVo.LogVo.<init>] [INFO] 日志实例已初始化...
[2020-04-12 16:34:19:589] [vo.logVo.LogVo.<init>] [INFO] 日志实例已初始化...
[2020-04-12 16:34:19:590] [vo.logVo.LogVo.<init>] [INFO] 日志实例已初始化...
[2020-04-12 16:34:19:592] [vo.logVo.LogVo.<init>] [INFO] 日志实例已初始化...
[2020-04-12 16:34:19:593] [vo.logVo.LogVo.<init>] [INFO] 日志实例已初始化...
[2020-04-12 16:34:19:594] [vo.logVo.LogVo.<init>] [INFO] 日志实例已初始化...
[2020-04-12 16:34:19:594] [vo.logVo.LogVo.<init>] [INFO] 日志实例已初始化...
[2020-04-12 16:34:19:595] [vo.logVo.LogVo.<init>] [INFO] 日志实例已初始化...
[2020-04-12 16:34:19:595] [vo.logVo.LogVo.<init>] [INFO] 日志实例已初始化...
[2020-04-12 16:34:19:596] [vo.logVo.LogVo.<init>] [INFO] 日志实例已初始化...
[2020-04-12 16:34:19:597] [vo.logVo.LogVo.<init>] [INFO] 日志实例已初始化...
[2020-04-12 16:34:19:598] [vo.logVo.LogVo.<init>] [INFO] 日志实例已初始化...
[2020-04-12 16:34:19:599] [vo.logVo.LogVo.<init>] [INFO] 日志实例已初始化...
[2020-04-12 16:34:19:599] [vo.logVo.LogVo.<init>] [INFO] 日志实例已初始化...
[2020-04-12 16:34:19:600] [vo.logVo.LogVo.<init>] [INFO] 日志实例已初始化...
[2020-04-12 16:34:19:601] [vo.logVo.LogVo.<init>] [INFO] 日志实例已初始化...
[2020-04-12 16:34:19:602] [vo.logVo.LogVo.<init>] [INFO] 日志实例已初始化...
[2020-04-12 16:34:19:603] [vo.logVo.LogVo.<init>] [INFO] 日志实例已初始化...
[2020-04-12 16:34:19:604] [vo.logVo.LogVo.<init>] [INFO] 日志实例已初始化...
[2020-04-12 16:34:19:605] [vo.logVo.LogVo.<init>] [INFO] 日志实例已初始化...
[2020-04-12 16:34:19:606] [vo.logVo.LogVo.<init>] [INFO] 日志实例已初始化...
[2020-04-12 16:34:19:607] [vo.logVo.LogVo.<init>] [INFO] 日志实例已初始化...
[2020-04-12 16:34:19:608] [vo.logVo.LogVo.<init>] [INFO] 日志实例已初始化...
[2020-04-12 16:34:19:609] [vo.logVo.LogVo.<init>] [INFO] 日志实例已初始化...
[2020-04-12 16:34:19:610] [vo.logVo.LogVo.<init>] [INFO] 日志实例已初始化...
[2020-04-12 16:34:19:610] [vo.logVo.LogVo.<init>] [INFO] 日志实例已初始化...
[2020-04-12 16:34:19:611] [vo.logVo.LogVo.<init>] [INFO] 日志实例已初始化...
[2020-04-12 16:34:19:611] [vo.logVo.LogVo.<init>] [INFO] 日志实例已初始化...
[2020-04-12 16:34:19:613] [vo.logVo.LogVo.<init>] [INFO] 日志实例已初始化...
[2020-04-12 16:34:19:698] [vo.logVo.LogVo.<init>] [INFO] 日志实例已初始化...
[2020-04-12 16:34:19:717] [vo.logVo.LogVo.<init>] [INFO] 日志实例已初始化...
[2020-04-12 16:35:40:376] [util.MyApplicationContextAnnotion.<init>] [INFO] 获取上下文工具类初始化成功!
[2020-04-12 16:35:40:747] [aop.AnnotationCommenAop.<init>] [INFO] 注解式切面已初始化...
[2020-04-12 16:35:42:566] [vo.logVo.LogVo.<init>] [INFO] 日志实例已初始化...
[2020-04-12 16:35:43:254] [aop.ConfigCommenAop.<init>] [INFO] 切面已初始化...
[2020-04-12 16:35:43:308] [vo.logVo.LogVo.<init>] [INFO] 日志实例已初始化...
[2020-04-12 16:35:43:318] [webservice.WebServiceInterface.<init>] [INFO] spring管理web service1
[2020-04-12 16:38:23:966] [vo.logVo.LogVo.<init>] [INFO] 日志实例已初始化...
[2020-04-12 16:38:23:973] [vo.logVo.LogVo.<init>] [INFO] 日志实例已初始化...
[2020-04-12 16:38:23:974] [vo.logVo.LogVo.<init>] [INFO] 日志实例已初始化...
[2020-04-12 16:38:23:976] [vo.logVo.LogVo.<init>] [INFO] 日志实例已初始化...
[2020-04-12 16:38:23:976] [vo.logVo.LogVo.<init>] [INFO] 日志实例已初始化...
[2020-04-12 16:38:23:978] [vo.logVo.LogVo.<init>] [INFO] 日志实例已初始化...
[2020-04-12 16:38:23:979] [vo.logVo.LogVo.<init>] [INFO] 日志实例已初始化...
[2020-04-12 16:38:23:980] [vo.logVo.LogVo.<init>] [INFO] 日志实例已初始化...
[2020-04-12 16:38:23:981] [vo.logVo.LogVo.<init>] [INFO] 日志实例已初始化...
[2020-04-12 16:38:23:982] [vo.logVo.LogVo.<init>] [INFO] 日志实例已初始化...
[2020-04-12 16:38:23:983] [vo.logVo.LogVo.<init>] [INFO] 日志实例已初始化...
[2020-04-12 16:38:23:984] [vo.logVo.LogVo.<init>] [INFO] 日志实例已初始化...
[2020-04-12 16:38:23:985] [vo.logVo.LogVo.<init>] [INFO] 日志实例已初始化...
[2020-04-12 16:38:23:992] [vo.logVo.LogVo.<init>] [INFO] 日志实例已初始化...
[2020-04-12 16:38:23:993] [vo.logVo.LogVo.<init>] [INFO] 日志实例已初始化...
[2020-04-12 16:38:23:995] [vo.logVo.LogVo.<init>] [INFO] 日志实例已初始化...
[2020-04-12 16:38:23:998] [vo.logVo.LogVo.<init>] [INFO] 日志实例已初始化...
[2020-04-12 16:38:24:000] [vo.logVo.LogVo.<init>] [INFO] 日志实例已初始化...
[2020-04-12 16:38:24:002] [vo.logVo.LogVo.<init>] [INFO] 日志实例已初始化...
[2020-04-12 16:38:24:003] [vo.logVo.LogVo.<init>] [INFO] 日志实例已初始化...
[2020-04-12 16:38:24:005] [vo.logVo.LogVo.<init>] [INFO] 日志实例已初始化...
[2020-04-12 16:38:24:007] [vo.logVo.LogVo.<init>] [INFO] 日志实例已初始化...
[2020-04-12 16:38:24:009] [vo.logVo.LogVo.<init>] [INFO] 日志实例已初始化...
[2020-04-12 16:38:24:012] [vo.logVo.LogVo.<init>] [INFO] 日志实例已初始化...
[2020-04-12 16:38:24:013] [vo.logVo.LogVo.<init>] [INFO] 日志实例已初始化...
[2020-04-12 16:38:24:014] [vo.logVo.LogVo.<init>] [INFO] 日志实例已初始化...
[2020-04-12 16:38:24:015] [vo.logVo.LogVo.<init>] [INFO] 日志实例已初始化...
[2020-04-12 16:38:24:015] [vo.logVo.LogVo.<init>] [INFO] 日志实例已初始化...
[2020-04-12 16:38:24:016] [vo.logVo.LogVo.<init>] [INFO] 日志实例已初始化...
[2020-04-12 16:38:24:018] [vo.logVo.LogVo.<init>] [INFO] 日志实例已初始化...
[2020-04-12 16:38:24:019] [vo.logVo.LogVo.<init>] [INFO] 日志实例已初始化...
[2020-04-12 16:38:24:020] [vo.logVo.LogVo.<init>] [INFO] 日志实例已初始化...
[2020-04-12 16:38:24:021] [vo.logVo.LogVo.<init>] [INFO] 日志实例已初始化...
[2020-04-12 16:38:24:022] [vo.logVo.LogVo.<init>] [INFO] 日志实例已初始化...
[2020-04-12 16:38:24:024] [vo.logVo.LogVo.<init>] [INFO] 日志实例已初始化...
[2020-04-12 16:38:24:028] [vo.logVo.LogVo.<init>] [INFO] 日志实例已初始化...
[2020-04-12 16:38:24:029] [vo.logVo.LogVo.<init>] [INFO] 日志实例已初始化...
[2020-04-12 16:38:24:031] [vo.logVo.LogVo.<init>] [INFO] 日志实例已初始化...
[2020-04-12 16:38:24:032] [vo.logVo.LogVo.<init>] [INFO] 日志实例已初始化...
[2020-04-12 16:38:24:034] [vo.logVo.LogVo.<init>] [INFO] 日志实例已初始化...
[2020-04-12 16:38:24:038] [vo.logVo.LogVo.<init>] [INFO] 日志实例已初始化...
[2020-04-12 16:38:24:039] [vo.logVo.LogVo.<init>] [INFO] 日志实例已初始化...
[2020-04-12 16:38:24:044] [vo.logVo.LogVo.<init>] [INFO] 日志实例已初始化...
[2020-04-12 16:38:24:045] [vo.logVo.LogVo.<init>] [INFO] 日志实例已初始化...
[2020-04-12 16:38:24:046] [vo.logVo.LogVo.<init>] [INFO] 日志实例已初始化...
[2020-04-12 16:38:24:048] [vo.logVo.LogVo.<init>] [INFO] 日志实例已初始化...
[2020-04-12 16:38:24:049] [vo.logVo.LogVo.<init>] [INFO] 日志实例已初始化...
[2020-04-12 16:38:24:050] [vo.logVo.LogVo.<init>] [INFO] 日志实例已初始化...
[2020-04-12 16:38:24:052] [vo.logVo.LogVo.<init>] [INFO] 日志实例已初始化...
[2020-04-12 16:38:24:053] [vo.logVo.LogVo.<init>] [INFO] 日志实例已初始化...
[2020-04-12 16:38:24:054] [vo.logVo.LogVo.<init>] [INFO] 日志实例已初始化...
[2020-04-12 16:38:24:055] [vo.logVo.LogVo.<init>] [INFO] 日志实例已初始化...
[2020-04-12 16:38:24:058] [vo.logVo.LogVo.<init>] [INFO] 日志实例已初始化...
[2020-04-12 16:38:24:060] [vo.logVo.LogVo.<init>] [INFO] 日志实例已初始化...
[2020-04-12 16:38:24:061] [vo.logVo.LogVo.<init>] [INFO] 日志实例已初始化...
[2020-04-12 16:38:24:061] [vo.logVo.LogVo.<init>] [INFO] 日志实例已初始化...
[2020-04-12 16:38:24:062] [vo.logVo.LogVo.<init>] [INFO] 日志实例已初始化...
[2020-04-12 16:38:24:063] [vo.logVo.LogVo.<init>] [INFO] 日志实例已初始化...
[2020-04-12 16:38:24:064] [vo.logVo.LogVo.<init>] [INFO] 日志实例已初始化...
[2020-04-12 16:38:24:067] [vo.logVo.LogVo.<init>] [INFO] 日志实例已初始化...
[2020-04-12 16:38:24:068] [vo.logVo.LogVo.<init>] [INFO] 日志实例已初始化...
[2020-04-12 16:38:24:069] [vo.logVo.LogVo.<init>] [INFO] 日志实例已初始化...
[2020-04-12 16:38:24:070] [vo.logVo.LogVo.<init>] [INFO] 日志实例已初始化...
[2020-04-12 16:38:24:071] [vo.logVo.LogVo.<init>] [INFO] 日志实例已初始化...
[2020-04-12 16:38:24:073] [vo.logVo.LogVo.<init>] [INFO] 日志实例已初始化...
[2020-04-12 16:38:24:075] [vo.logVo.LogVo.<init>] [INFO] 日志实例已初始化...
[2020-04-12 16:38:24:076] [vo.logVo.LogVo.<init>] [INFO] 日志实例已初始化...
[2020-04-12 16:38:24:077] [vo.logVo.LogVo.<init>] [INFO] 日志实例已初始化...
[2020-04-12 16:38:24:078] [vo.logVo.LogVo.<init>] [INFO] 日志实例已初始化...
[2020-04-12 16:38:24:079] [vo.logVo.LogVo.<init>] [INFO] 日志实例已初始化...
[2020-04-12 16:38:24:080] [vo.logVo.LogVo.<init>] [INFO] 日志实例已初始化...
[2020-04-12 16:38:24:081] [vo.logVo.LogVo.<init>] [INFO] 日志实例已初始化...
[2020-04-12 16:38:24:083] [vo.logVo.LogVo.<init>] [INFO] 日志实例已初始化...
[2020-04-12 16:38:24:084] [vo.logVo.LogVo.<init>] [INFO] 日志实例已初始化...
[2020-04-12 16:38:24:085] [vo.logVo.LogVo.<init>] [INFO] 日志实例已初始化...
[2020-04-12 16:38:24:085] [vo.logVo.LogVo.<init>] [INFO] 日志实例已初始化...
[2020-04-12 16:38:24:086] [vo.logVo.LogVo.<init>] [INFO] 日志实例已初始化...
[2020-04-12 16:38:24:088] [vo.logVo.LogVo.<init>] [INFO] 日志实例已初始化...
[2020-04-12 16:38:24:089] [vo.logVo.LogVo.<init>] [INFO] 日志实例已初始化...
[2020-04-12 16:38:24:091] [vo.logVo.LogVo.<init>] [INFO] 日志实例已初始化...
[2020-04-12 16:38:24:092] [vo.logVo.LogVo.<init>] [INFO] 日志实例已初始化...
[2020-04-12 16:38:24:093] [vo.logVo.LogVo.<init>] [INFO] 日志实例已初始化...
[2020-04-12 16:38:24:094] [vo.logVo.LogVo.<init>] [INFO] 日志实例已初始化...
[2020-04-12 16:38:24:095] [vo.logVo.LogVo.<init>] [INFO] 日志实例已初始化...
[2020-04-12 16:38:24:096] [vo.logVo.LogVo.<init>] [INFO] 日志实例已初始化...
[2020-04-12 16:38:24:097] [vo.logVo.LogVo.<init>] [INFO] 日志实例已初始化...
[2020-04-12 16:38:24:098] [vo.logVo.LogVo.<init>] [INFO] 日志实例已初始化...
[2020-04-12 16:38:24:099] [vo.logVo.LogVo.<init>] [INFO] 日志实例已初始化...
[2020-04-12 16:38:24:100] [vo.logVo.LogVo.<init>] [INFO] 日志实例已初始化...
[2020-04-12 16:38:24:100] [vo.logVo.LogVo.<init>] [INFO] 日志实例已初始化...
[2020-04-12 16:38:24:101] [vo.logVo.LogVo.<init>] [INFO] 日志实例已初始化...
[2020-04-12 16:38:24:102] [vo.logVo.LogVo.<init>] [INFO] 日志实例已初始化...
[2020-04-12 16:38:24:102] [vo.logVo.LogVo.<init>] [INFO] 日志实例已初始化...
[2020-04-12 16:38:24:103] [vo.logVo.LogVo.<init>] [INFO] 日志实例已初始化...
[2020-04-12 16:38:24:104] [vo.logVo.LogVo.<init>] [INFO] 日志实例已初始化...
[2020-04-12 16:38:24:105] [vo.logVo.LogVo.<init>] [INFO] 日志实例已初始化...
[2020-04-12 16:38:24:107] [vo.logVo.LogVo.<init>] [INFO] 日志实例已初始化...
[2020-04-12 16:38:24:108] [vo.logVo.LogVo.<init>] [INFO] 日志实例已初始化...
[2020-04-12 16:38:24:109] [vo.logVo.LogVo.<init>] [INFO] 日志实例已初始化...
[2020-04-12 16:38:24:109] [vo.logVo.LogVo.<init>] [INFO] 日志实例已初始化...
[2020-04-12 16:38:24:110] [vo.logVo.LogVo.<init>] [INFO] 日志实例已初始化...
[2020-04-12 16:38:24:111] [vo.logVo.LogVo.<init>] [INFO] 日志实例已初始化...
[2020-04-12 16:38:24:112] [vo.logVo.LogVo.<init>] [INFO] 日志实例已初始化...
[2020-04-12 16:38:24:112] [vo.logVo.LogVo.<init>] [INFO] 日志实例已初始化...
[2020-04-12 16:38:24:113] [vo.logVo.LogVo.<init>] [INFO] 日志实例已初始化...
[2020-04-12 16:38:24:115] [vo.logVo.LogVo.<init>] [INFO] 日志实例已初始化...
[2020-04-12 16:38:24:115] [vo.logVo.LogVo.<init>] [INFO] 日志实例已初始化...
[2020-04-12 16:38:24:116] [vo.logVo.LogVo.<init>] [INFO] 日志实例已初始化...
[2020-04-12 16:38:24:117] [vo.logVo.LogVo.<init>] [INFO] 日志实例已初始化...
[2020-04-12 16:38:24:118] [vo.logVo.LogVo.<init>] [INFO] 日志实例已初始化...
[2020-04-12 16:38:24:119] [vo.logVo.LogVo.<init>] [INFO] 日志实例已初始化...
[2020-04-12 16:38:24:120] [vo.logVo.LogVo.<init>] [INFO] 日志实例已初始化...
[2020-04-12 16:38:24:121] [vo.logVo.LogVo.<init>] [INFO] 日志实例已初始化...
[2020-04-12 16:38:24:122] [vo.logVo.LogVo.<init>] [INFO] 日志实例已初始化...
[2020-04-12 16:38:24:125] [vo.logVo.LogVo.<init>] [INFO] 日志实例已初始化...
[2020-04-12 16:38:24:127] [vo.logVo.LogVo.<init>] [INFO] 日志实例已初始化...
[2020-04-12 16:38:24:128] [vo.logVo.LogVo.<init>] [INFO] 日志实例已初始化...
[2020-04-12 16:38:24:129] [vo.logVo.LogVo.<init>] [INFO] 日志实例已初始化...
[2020-04-12 16:38:24:130] [vo.logVo.LogVo.<init>] [INFO] 日志实例已初始化...
[2020-04-12 16:38:24:131] [vo.logVo.LogVo.<init>] [INFO] 日志实例已初始化...
[2020-04-12 16:38:24:132] [vo.logVo.LogVo.<init>] [INFO] 日志实例已初始化...
[2020-04-12 16:38:24:132] [vo.logVo.LogVo.<init>] [INFO] 日志实例已初始化...
[2020-04-12 16:38:24:133] [vo.logVo.LogVo.<init>] [INFO] 日志实例已初始化...
[2020-04-12 16:38:24:134] [vo.logVo.LogVo.<init>] [INFO] 日志实例已初始化...
[2020-04-12 16:38:24:135] [vo.logVo.LogVo.<init>] [INFO] 日志实例已初始化...
[2020-04-12 16:38:24:138] [vo.logVo.LogVo.<init>] [INFO] 日志实例已初始化...
[2020-04-12 16:38:24:140] [vo.logVo.LogVo.<init>] [INFO] 日志实例已初始化...
[2020-04-12 16:38:24:142] [vo.logVo.LogVo.<init>] [INFO] 日志实例已初始化...
[2020-04-12 16:38:24:143] [vo.logVo.LogVo.<init>] [INFO] 日志实例已初始化...
[2020-04-12 16:38:24:144] [vo.logVo.LogVo.<init>] [INFO] 日志实例已初始化...
[2020-04-12 16:38:24:145] [vo.logVo.LogVo.<init>] [INFO] 日志实例已初始化...
[2020-04-12 16:38:24:145] [vo.logVo.LogVo.<init>] [INFO] 日志实例已初始化...
[2020-04-12 16:38:24:146] [vo.logVo.LogVo.<init>] [INFO] 日志实例已初始化...
[2020-04-12 16:38:24:147] [vo.logVo.LogVo.<init>] [INFO] 日志实例已初始化...
[2020-04-12 16:38:24:147] [vo.logVo.LogVo.<init>] [INFO] 日志实例已初始化...
[2020-04-12 16:38:24:148] [vo.logVo.LogVo.<init>] [INFO] 日志实例已初始化...
[2020-04-12 16:38:24:148] [vo.logVo.LogVo.<init>] [INFO] 日志实例已初始化...
[2020-04-12 16:38:24:148] [vo.logVo.LogVo.<init>] [INFO] 日志实例已初始化...
[2020-04-12 16:38:24:149] [vo.logVo.LogVo.<init>] [INFO] 日志实例已初始化...
[2020-04-12 16:38:24:150] [vo.logVo.LogVo.<init>] [INFO] 日志实例已初始化...
[2020-04-12 16:38:24:151] [vo.logVo.LogVo.<init>] [INFO] 日志实例已初始化...
[2020-04-12 16:38:24:151] [vo.logVo.LogVo.<init>] [INFO] 日志实例已初始化...
[2020-04-12 16:38:24:151] [vo.logVo.LogVo.<init>] [INFO] 日志实例已初始化...
[2020-04-12 16:38:24:152] [vo.logVo.LogVo.<init>] [INFO] 日志实例已初始化...
[2020-04-12 16:38:24:153] [vo.logVo.LogVo.<init>] [INFO] 日志实例已初始化...
[2020-04-12 16:38:24:154] [vo.logVo.LogVo.<init>] [INFO] 日志实例已初始化...
[2020-04-12 16:38:24:155] [vo.logVo.LogVo.<init>] [INFO] 日志实例已初始化...
[2020-04-12 16:38:24:157] [vo.logVo.LogVo.<init>] [INFO] 日志实例已初始化...
[2020-04-12 16:38:24:158] [vo.logVo.LogVo.<init>] [INFO] 日志实例已初始化...
[2020-04-12 16:38:24:159] [vo.logVo.LogVo.<init>] [INFO] 日志实例已初始化...
[2020-04-12 16:38:24:159] [vo.logVo.LogVo.<init>] [INFO] 日志实例已初始化...
[2020-04-12 16:38:24:160] [vo.logVo.LogVo.<init>] [INFO] 日志实例已初始化...
[2020-04-12 16:38:24:160] [vo.logVo.LogVo.<init>] [INFO] 日志实例已初始化...
[2020-04-12 16:38:24:161] [vo.logVo.LogVo.<init>] [INFO] 日志实例已初始化...
[2020-04-12 16:38:24:161] [vo.logVo.LogVo.<init>] [INFO] 日志实例已初始化...
[2020-04-12 16:38:24:162] [vo.logVo.LogVo.<init>] [INFO] 日志实例已初始化...
[2020-04-12 16:38:24:162] [vo.logVo.LogVo.<init>] [INFO] 日志实例已初始化...
[2020-04-12 16:38:24:163] [vo.logVo.LogVo.<init>] [INFO] 日志实例已初始化...
[2020-04-12 16:38:24:163] [vo.logVo.LogVo.<init>] [INFO] 日志实例已初始化...
[2020-04-12 16:38:24:164] [vo.logVo.LogVo.<init>] [INFO] 日志实例已初始化...
[2020-04-12 16:38:24:165] [vo.logVo.LogVo.<init>] [INFO] 日志实例已初始化...
[2020-04-12 16:38:24:176] [vo.logVo.LogVo.<init>] [INFO] 日志实例已初始化...
[2020-04-12 16:38:24:178] [vo.logVo.LogVo.<init>] [INFO] 日志实例已初始化...
[2020-04-12 16:38:24:179] [vo.logVo.LogVo.<init>] [INFO] 日志实例已初始化...
[2020-04-12 16:38:24:180] [vo.logVo.LogVo.<init>] [INFO] 日志实例已初始化...
[2020-04-12 16:38:24:181] [vo.logVo.LogVo.<init>] [INFO] 日志实例已初始化...
[2020-04-12 16:38:24:182] [vo.logVo.LogVo.<init>] [INFO] 日志实例已初始化...
[2020-04-12 16:38:24:185] [vo.logVo.LogVo.<init>] [INFO] 日志实例已初始化...
[2020-04-12 16:38:24:187] [vo.logVo.LogVo.<init>] [INFO] 日志实例已初始化...
[2020-04-12 16:38:24:188] [vo.logVo.LogVo.<init>] [INFO] 日志实例已初始化...
[2020-04-12 16:38:24:189] [vo.logVo.LogVo.<init>] [INFO] 日志实例已初始化...
[2020-04-12 16:38:24:190] [vo.logVo.LogVo.<init>] [INFO] 日志实例已初始化...
[2020-04-12 16:38:24:191] [vo.logVo.LogVo.<init>] [INFO] 日志实例已初始化...
[2020-04-12 16:38:24:192] [vo.logVo.LogVo.<init>] [INFO] 日志实例已初始化...
[2020-04-12 16:38:24:192] [vo.logVo.LogVo.<init>] [INFO] 日志实例已初始化...
[2020-04-12 16:38:24:193] [vo.logVo.LogVo.<init>] [INFO] 日志实例已初始化...
[2020-04-12 16:38:24:194] [vo.logVo.LogVo.<init>] [INFO] 日志实例已初始化...
[2020-04-12 16:38:24:195] [vo.logVo.LogVo.<init>] [INFO] 日志实例已初始化...
[2020-04-12 16:38:24:195] [vo.logVo.LogVo.<init>] [INFO] 日志实例已初始化...
[2020-04-12 16:38:24:196] [vo.logVo.LogVo.<init>] [INFO] 日志实例已初始化...
[2020-04-12 16:38:24:196] [vo.logVo.LogVo.<init>] [INFO] 日志实例已初始化...
[2020-04-12 16:38:24:196] [vo.logVo.LogVo.<init>] [INFO] 日志实例已初始化...
[2020-04-12 16:38:24:197] [vo.logVo.LogVo.<init>] [INFO] 日志实例已初始化...
[2020-04-12 16:38:24:198] [vo.logVo.LogVo.<init>] [INFO] 日志实例已初始化...
[2020-04-12 16:38:24:199] [vo.logVo.LogVo.<init>] [INFO] 日志实例已初始化...
[2020-04-12 16:38:24:199] [vo.logVo.LogVo.<init>] [INFO] 日志实例已初始化...
[2020-04-12 16:38:24:200] [vo.logVo.LogVo.<init>] [INFO] 日志实例已初始化...
[2020-04-12 16:38:24:200] [vo.logVo.LogVo.<init>] [INFO] 日志实例已初始化...
[2020-04-12 16:38:24:200] [vo.logVo.LogVo.<init>] [INFO] 日志实例已初始化...
[2020-04-12 16:38:24:201] [vo.logVo.LogVo.<init>] [INFO] 日志实例已初始化...
[2020-04-12 16:38:24:202] [vo.logVo.LogVo.<init>] [INFO] 日志实例已初始化...
[2020-04-12 16:38:24:203] [vo.logVo.LogVo.<init>] [INFO] 日志实例已初始化...
[2020-04-12 16:38:24:203] [vo.logVo.LogVo.<init>] [INFO] 日志实例已初始化...
[2020-04-12 16:38:24:204] [vo.logVo.LogVo.<init>] [INFO] 日志实例已初始化...
[2020-04-12 16:38:24:205] [vo.logVo.LogVo.<init>] [INFO] 日志实例已初始化...
[2020-04-12 16:38:24:205] [vo.logVo.LogVo.<init>] [INFO] 日志实例已初始化...
[2020-04-12 16:38:24:205] [vo.logVo.LogVo.<init>] [INFO] 日志实例已初始化...
[2020-04-12 16:38:24:207] [vo.logVo.LogVo.<init>] [INFO] 日志实例已初始化...
[2020-04-12 16:38:24:208] [vo.logVo.LogVo.<init>] [INFO] 日志实例已初始化...
[2020-04-12 16:38:24:209] [vo.logVo.LogVo.<init>] [INFO] 日志实例已初始化...
[2020-04-12 16:38:24:209] [vo.logVo.LogVo.<init>] [INFO] 日志实例已初始化...
[2020-04-12 16:38:24:210] [vo.logVo.LogVo.<init>] [INFO] 日志实例已初始化...
[2020-04-12 16:38:24:211] [vo.logVo.LogVo.<init>] [INFO] 日志实例已初始化...
[2020-04-12 16:38:24:211] [vo.logVo.LogVo.<init>] [INFO] 日志实例已初始化...
[2020-04-12 16:38:24:212] [vo.logVo.LogVo.<init>] [INFO] 日志实例已初始化...
[2020-04-12 16:38:24:213] [vo.logVo.LogVo.<init>] [INFO] 日志实例已初始化...
[2020-04-12 16:38:24:214] [vo.logVo.LogVo.<init>] [INFO] 日志实例已初始化...
[2020-04-12 16:38:24:214] [vo.logVo.LogVo.<init>] [INFO] 日志实例已初始化...
[2020-04-12 16:38:24:215] [vo.logVo.LogVo.<init>] [INFO] 日志实例已初始化...
[2020-04-12 16:38:24:215] [vo.logVo.LogVo.<init>] [INFO] 日志实例已初始化...
[2020-04-12 16:38:24:216] [vo.logVo.LogVo.<init>] [INFO] 日志实例已初始化...
[2020-04-12 16:38:24:217] [vo.logVo.LogVo.<init>] [INFO] 日志实例已初始化...
[2020-04-12 16:38:24:217] [vo.logVo.LogVo.<init>] [INFO] 日志实例已初始化...
[2020-04-12 16:38:24:218] [vo.logVo.LogVo.<init>] [INFO] 日志实例已初始化...
[2020-04-12 16:38:24:220] [vo.logVo.LogVo.<init>] [INFO] 日志实例已初始化...
[2020-04-12 16:38:24:220] [vo.logVo.LogVo.<init>] [INFO] 日志实例已初始化...
[2020-04-12 16:38:24:221] [vo.logVo.LogVo.<init>] [INFO] 日志实例已初始化...
[2020-04-12 16:38:24:222] [vo.logVo.LogVo.<init>] [INFO] 日志实例已初始化...
[2020-04-12 16:38:24:223] [vo.logVo.LogVo.<init>] [INFO] 日志实例已初始化...
[2020-04-12 16:38:24:224] [vo.logVo.LogVo.<init>] [INFO] 日志实例已初始化...
[2020-04-12 16:38:24:225] [vo.logVo.LogVo.<init>] [INFO] 日志实例已初始化...
[2020-04-12 16:38:24:226] [vo.logVo.LogVo.<init>] [INFO] 日志实例已初始化...
[2020-04-12 16:38:24:227] [vo.logVo.LogVo.<init>] [INFO] 日志实例已初始化...
[2020-04-12 16:38:24:227] [vo.logVo.LogVo.<init>] [INFO] 日志实例已初始化...
[2020-04-12 16:38:24:228] [vo.logVo.LogVo.<init>] [INFO] 日志实例已初始化...
[2020-04-12 16:38:24:228] [vo.logVo.LogVo.<init>] [INFO] 日志实例已初始化...
[2020-04-12 16:38:24:229] [vo.logVo.LogVo.<init>] [INFO] 日志实例已初始化...
[2020-04-12 16:38:24:230] [vo.logVo.LogVo.<init>] [INFO] 日志实例已初始化...
[2020-04-12 16:38:24:231] [vo.logVo.LogVo.<init>] [INFO] 日志实例已初始化...
[2020-04-12 16:38:24:232] [vo.logVo.LogVo.<init>] [INFO] 日志实例已初始化...
[2020-04-12 16:38:24:232] [vo.logVo.LogVo.<init>] [INFO] 日志实例已初始化...
[2020-04-12 16:38:24:233] [vo.logVo.LogVo.<init>] [INFO] 日志实例已初始化...
[2020-04-12 16:38:24:234] [vo.logVo.LogVo.<init>] [INFO] 日志实例已初始化...
[2020-04-12 16:38:24:234] [vo.logVo.LogVo.<init>] [INFO] 日志实例已初始化...
[2020-04-12 16:38:24:235] [vo.logVo.LogVo.<init>] [INFO] 日志实例已初始化...
[2020-04-12 16:38:24:235] [vo.logVo.LogVo.<init>] [INFO] 日志实例已初始化...
[2020-04-12 16:38:24:236] [vo.logVo.LogVo.<init>] [INFO] 日志实例已初始化...
[2020-04-12 16:38:24:236] [vo.logVo.LogVo.<init>] [INFO] 日志实例已初始化...
[2020-04-12 16:38:24:237] [vo.logVo.LogVo.<init>] [INFO] 日志实例已初始化...
[2020-04-12 16:38:24:237] [vo.logVo.LogVo.<init>] [INFO] 日志实例已初始化...
[2020-04-12 16:38:24:238] [vo.logVo.LogVo.<init>] [INFO] 日志实例已初始化...
[2020-04-12 16:38:24:238] [vo.logVo.LogVo.<init>] [INFO] 日志实例已初始化...
[2020-04-12 16:38:24:239] [vo.logVo.LogVo.<init>] [INFO] 日志实例已初始化...
[2020-04-12 16:38:24:240] [vo.logVo.LogVo.<init>] [INFO] 日志实例已初始化...
[2020-04-12 16:38:24:241] [vo.logVo.LogVo.<init>] [INFO] 日志实例已初始化...
[2020-04-12 16:38:24:242] [vo.logVo.LogVo.<init>] [INFO] 日志实例已初始化...
[2020-04-12 16:38:24:243] [vo.logVo.LogVo.<init>] [INFO] 日志实例已初始化...
[2020-04-12 16:38:24:243] [vo.logVo.LogVo.<init>] [INFO] 日志实例已初始化...
[2020-04-12 16:38:24:244] [vo.logVo.LogVo.<init>] [INFO] 日志实例已初始化...
[2020-04-12 16:38:24:245] [vo.logVo.LogVo.<init>] [INFO] 日志实例已初始化...
[2020-04-12 16:38:24:245] [vo.logVo.LogVo.<init>] [INFO] 日志实例已初始化...
[2020-04-12 16:38:24:246] [vo.logVo.LogVo.<init>] [INFO] 日志实例已初始化...
[2020-04-12 16:38:24:247] [vo.logVo.LogVo.<init>] [INFO] 日志实例已初始化...
[2020-04-12 16:38:24:248] [vo.logVo.LogVo.<init>] [INFO] 日志实例已初始化...
[2020-04-12 16:38:24:248] [vo.logVo.LogVo.<init>] [INFO] 日志实例已初始化...
[2020-04-12 16:38:24:249] [vo.logVo.LogVo.<init>] [INFO] 日志实例已初始化...
[2020-04-12 16:38:24:251] [vo.logVo.LogVo.<init>] [INFO] 日志实例已初始化...
[2020-04-12 16:38:24:251] [vo.logVo.LogVo.<init>] [INFO] 日志实例已初始化...
[2020-04-12 16:38:24:252] [vo.logVo.LogVo.<init>] [INFO] 日志实例已初始化...
[2020-04-12 16:38:24:253] [vo.logVo.LogVo.<init>] [INFO] 日志实例已初始化...
[2020-04-12 16:38:24:254] [vo.logVo.LogVo.<init>] [INFO] 日志实例已初始化...
[2020-04-12 16:38:24:258] [vo.logVo.LogVo.<init>] [INFO] 日志实例已初始化...
[2020-04-12 16:38:24:260] [vo.logVo.LogVo.<init>] [INFO] 日志实例已初始化...
[2020-04-12 16:38:24:260] [vo.logVo.LogVo.<init>] [INFO] 日志实例已初始化...
[2020-04-12 16:38:24:263] [vo.logVo.LogVo.<init>] [INFO] 日志实例已初始化...
[2020-04-12 16:38:24:264] [vo.logVo.LogVo.<init>] [INFO] 日志实例已初始化...
[2020-04-12 16:38:24:265] [vo.logVo.LogVo.<init>] [INFO] 日志实例已初始化...
[2020-04-12 16:38:24:267] [vo.logVo.LogVo.<init>] [INFO] 日志实例已初始化...
[2020-04-12 16:38:24:268] [vo.logVo.LogVo.<init>] [INFO] 日志实例已初始化...
[2020-04-12 16:38:24:270] [vo.logVo.LogVo.<init>] [INFO] 日志实例已初始化...
[2020-04-12 16:38:24:271] [vo.logVo.LogVo.<init>] [INFO] 日志实例已初始化...
[2020-04-12 16:38:24:285] [vo.logVo.LogVo.<init>] [INFO] 日志实例已初始化...
[2020-04-12 16:38:24:287] [vo.logVo.LogVo.<init>] [INFO] 日志实例已初始化...
[2020-04-12 16:38:24:288] [vo.logVo.LogVo.<init>] [INFO] 日志实例已初始化...
[2020-04-12 16:38:24:293] [vo.logVo.LogVo.<init>] [INFO] 日志实例已初始化...
[2020-04-12 16:38:24:294] [vo.logVo.LogVo.<init>] [INFO] 日志实例已初始化...
[2020-04-12 16:38:24:295] [vo.logVo.LogVo.<init>] [INFO] 日志实例已初始化...
[2020-04-12 16:38:24:296] [vo.logVo.LogVo.<init>] [INFO] 日志实例已初始化...
[2020-04-12 16:38:24:298] [vo.logVo.LogVo.<init>] [INFO] 日志实例已初始化...
[2020-04-12 16:38:24:299] [vo.logVo.LogVo.<init>] [INFO] 日志实例已初始化...
[2020-04-12 16:38:24:300] [vo.logVo.LogVo.<init>] [INFO] 日志实例已初始化...
[2020-04-12 16:38:24:301] [vo.logVo.LogVo.<init>] [INFO] 日志实例已初始化...
[2020-04-12 16:38:24:302] [vo.logVo.LogVo.<init>] [INFO] 日志实例已初始化...
[2020-04-12 16:38:24:302] [vo.logVo.LogVo.<init>] [INFO] 日志实例已初始化...
[2020-04-12 16:38:24:303] [vo.logVo.LogVo.<init>] [INFO] 日志实例已初始化...
[2020-04-12 16:38:24:304] [vo.logVo.LogVo.<init>] [INFO] 日志实例已初始化...
[2020-04-12 16:38:24:325] [vo.logVo.LogVo.<init>] [INFO] 日志实例已初始化...
[2020-04-12 16:38:24:327] [vo.logVo.LogVo.<init>] [INFO] 日志实例已初始化...
[2020-04-12 16:38:24:329] [vo.logVo.LogVo.<init>] [INFO] 日志实例已初始化...
[2020-04-12 16:38:24:330] [vo.logVo.LogVo.<init>] [INFO] 日志实例已初始化...
[2020-04-12 16:38:24:331] [vo.logVo.LogVo.<init>] [INFO] 日志实例已初始化...
[2020-04-12 16:38:24:332] [vo.logVo.LogVo.<init>] [INFO] 日志实例已初始化...
[2020-04-12 16:38:24:332] [vo.logVo.LogVo.<init>] [INFO] 日志实例已初始化...
[2020-04-12 16:38:24:333] [vo.logVo.LogVo.<init>] [INFO] 日志实例已初始化...
[2020-04-12 16:38:24:334] [vo.logVo.LogVo.<init>] [INFO] 日志实例已初始化...
[2020-04-12 16:38:24:335] [vo.logVo.LogVo.<init>] [INFO] 日志实例已初始化...
[2020-04-12 16:38:24:337] [vo.logVo.LogVo.<init>] [INFO] 日志实例已初始化...
[2020-04-12 16:38:24:338] [vo.logVo.LogVo.<init>] [INFO] 日志实例已初始化...
[2020-04-12 16:38:24:342] [vo.logVo.LogVo.<init>] [INFO] 日志实例已初始化...
[2020-04-12 16:38:24:343] [vo.logVo.LogVo.<init>] [INFO] 日志实例已初始化...
[2020-04-12 16:38:24:345] [vo.logVo.LogVo.<init>] [INFO] 日志实例已初始化...
[2020-04-12 16:38:24:346] [vo.logVo.LogVo.<init>] [INFO] 日志实例已初始化...
[2020-04-12 16:38:24:347] [vo.logVo.LogVo.<init>] [INFO] 日志实例已初始化...
[2020-04-12 16:38:24:347] [vo.logVo.LogVo.<init>] [INFO] 日志实例已初始化...
[2020-04-12 16:38:24:348] [vo.logVo.LogVo.<init>] [INFO] 日志实例已初始化...
[2020-04-12 16:38:24:348] [vo.logVo.LogVo.<init>] [INFO] 日志实例已初始化...
[2020-04-12 16:38:24:349] [vo.logVo.LogVo.<init>] [INFO] 日志实例已初始化...
[2020-04-12 16:38:24:349] [vo.logVo.LogVo.<init>] [INFO] 日志实例已初始化...
[2020-04-12 16:38:24:350] [vo.logVo.LogVo.<init>] [INFO] 日志实例已初始化...
[2020-04-12 16:38:24:351] [vo.logVo.LogVo.<init>] [INFO] 日志实例已初始化...
[2020-04-12 16:38:24:352] [vo.logVo.LogVo.<init>] [INFO] 日志实例已初始化...
[2020-04-12 16:38:24:352] [vo.logVo.LogVo.<init>] [INFO] 日志实例已初始化...
[2020-04-12 16:38:24:353] [vo.logVo.LogVo.<init>] [INFO] 日志实例已初始化...
[2020-04-12 16:38:24:354] [vo.logVo.LogVo.<init>] [INFO] 日志实例已初始化...
[2020-04-12 16:38:24:354] [vo.logVo.LogVo.<init>] [INFO] 日志实例已初始化...
[2020-04-12 16:38:24:355] [vo.logVo.LogVo.<init>] [INFO] 日志实例已初始化...
[2020-04-12 16:38:24:356] [vo.logVo.LogVo.<init>] [INFO] 日志实例已初始化...
[2020-04-12 16:38:24:358] [vo.logVo.LogVo.<init>] [INFO] 日志实例已初始化...
[2020-04-12 16:38:24:358] [vo.logVo.LogVo.<init>] [INFO] 日志实例已初始化...
[2020-04-12 16:38:24:359] [vo.logVo.LogVo.<init>] [INFO] 日志实例已初始化...
[2020-04-12 16:38:24:360] [vo.logVo.LogVo.<init>] [INFO] 日志实例已初始化...
[2020-04-12 16:38:24:360] [vo.logVo.LogVo.<init>] [INFO] 日志实例已初始化...
[2020-04-12 16:38:24:361] [vo.logVo.LogVo.<init>] [INFO] 日志实例已初始化...
[2020-04-12 16:38:24:362] [vo.logVo.LogVo.<init>] [INFO] 日志实例已初始化...
[2020-04-12 16:38:24:362] [vo.logVo.LogVo.<init>] [INFO] 日志实例已初始化...
[2020-04-12 16:38:24:363] [vo.logVo.LogVo.<init>] [INFO] 日志实例已初始化...
[2020-04-12 16:38:24:363] [vo.logVo.LogVo.<init>] [INFO] 日志实例已初始化...
[2020-04-12 16:38:24:364] [vo.logVo.LogVo.<init>] [INFO] 日志实例已初始化...
[2020-04-12 16:38:24:364] [vo.logVo.LogVo.<init>] [INFO] 日志实例已初始化...
[2020-04-12 16:38:24:365] [vo.logVo.LogVo.<init>] [INFO] 日志实例已初始化...
[2020-04-12 16:38:24:365] [vo.logVo.LogVo.<init>] [INFO] 日志实例已初始化...
[2020-04-12 16:38:24:365] [vo.logVo.LogVo.<init>] [INFO] 日志实例已初始化...
[2020-04-12 16:38:24:366] [vo.logVo.LogVo.<init>] [INFO] 日志实例已初始化...
[2020-04-12 16:38:24:366] [vo.logVo.LogVo.<init>] [INFO] 日志实例已初始化...
[2020-04-12 16:38:24:367] [vo.logVo.LogVo.<init>] [INFO] 日志实例已初始化...
[2020-04-12 16:38:24:367] [vo.logVo.LogVo.<init>] [INFO] 日志实例已初始化...
[2020-04-12 16:38:24:368] [vo.logVo.LogVo.<init>] [INFO] 日志实例已初始化...
[2020-04-12 16:38:24:368] [vo.logVo.LogVo.<init>] [INFO] 日志实例已初始化...
[2020-04-12 16:38:24:369] [vo.logVo.LogVo.<init>] [INFO] 日志实例已初始化...
[2020-04-12 16:38:24:369] [vo.logVo.LogVo.<init>] [INFO] 日志实例已初始化...
[2020-04-12 16:38:24:369] [vo.logVo.LogVo.<init>] [INFO] 日志实例已初始化...
[2020-04-12 16:38:24:370] [vo.logVo.LogVo.<init>] [INFO] 日志实例已初始化...
[2020-04-12 16:38:24:371] [vo.logVo.LogVo.<init>] [INFO] 日志实例已初始化...
[2020-04-12 16:38:24:371] [vo.logVo.LogVo.<init>] [INFO] 日志实例已初始化...
[2020-04-12 16:38:24:371] [vo.logVo.LogVo.<init>] [INFO] 日志实例已初始化...
[2020-04-12 16:38:24:372] [vo.logVo.LogVo.<init>] [INFO] 日志实例已初始化...
[2020-04-12 16:38:24:372] [vo.logVo.LogVo.<init>] [INFO] 日志实例已初始化...
[2020-04-12 16:38:24:372] [vo.logVo.LogVo.<init>] [INFO] 日志实例已初始化...
[2020-04-12 16:38:24:373] [vo.logVo.LogVo.<init>] [INFO] 日志实例已初始化...
[2020-04-12 16:38:24:374] [vo.logVo.LogVo.<init>] [INFO] 日志实例已初始化...
[2020-04-12 16:38:24:374] [vo.logVo.LogVo.<init>] [INFO] 日志实例已初始化...
[2020-04-12 16:38:24:375] [vo.logVo.LogVo.<init>] [INFO] 日志实例已初始化...
[2020-04-12 16:38:24:375] [vo.logVo.LogVo.<init>] [INFO] 日志实例已初始化...
[2020-04-12 16:38:24:376] [vo.logVo.LogVo.<init>] [INFO] 日志实例已初始化...
[2020-04-12 16:38:24:376] [vo.logVo.LogVo.<init>] [INFO] 日志实例已初始化...
[2020-04-12 16:38:24:376] [vo.logVo.LogVo.<init>] [INFO] 日志实例已初始化...
[2020-04-12 16:38:24:377] [vo.logVo.LogVo.<init>] [INFO] 日志实例已初始化...
[2020-04-12 16:38:24:378] [vo.logVo.LogVo.<init>] [INFO] 日志实例已初始化...
[2020-04-12 16:38:24:379] [vo.logVo.LogVo.<init>] [INFO] 日志实例已初始化...
[2020-04-12 16:38:24:380] [vo.logVo.LogVo.<init>] [INFO] 日志实例已初始化...
[2020-04-12 16:38:24:381] [vo.logVo.LogVo.<init>] [INFO] 日志实例已初始化...
[2020-04-12 16:38:24:381] [vo.logVo.LogVo.<init>] [INFO] 日志实例已初始化...
[2020-04-12 16:38:24:382] [vo.logVo.LogVo.<init>] [INFO] 日志实例已初始化...
[2020-04-12 16:38:24:383] [vo.logVo.LogVo.<init>] [INFO] 日志实例已初始化...
[2020-04-12 16:38:24:383] [vo.logVo.LogVo.<init>] [INFO] 日志实例已初始化...
[2020-04-12 16:38:24:385] [vo.logVo.LogVo.<init>] [INFO] 日志实例已初始化...
[2020-04-12 16:38:24:387] [vo.logVo.LogVo.<init>] [INFO] 日志实例已初始化...
[2020-04-12 16:38:24:388] [vo.logVo.LogVo.<init>] [INFO] 日志实例已初始化...
[2020-04-12 16:38:24:389] [vo.logVo.LogVo.<init>] [INFO] 日志实例已初始化...
[2020-04-12 16:38:24:390] [vo.logVo.LogVo.<init>] [INFO] 日志实例已初始化...
[2020-04-12 16:38:24:390] [vo.logVo.LogVo.<init>] [INFO] 日志实例已初始化...
[2020-04-12 16:38:24:391] [vo.logVo.LogVo.<init>] [INFO] 日志实例已初始化...
[2020-04-12 16:38:24:392] [vo.logVo.LogVo.<init>] [INFO] 日志实例已初始化...
[2020-04-12 16:38:24:392] [vo.logVo.LogVo.<init>] [INFO] 日志实例已初始化...
[2020-04-12 16:38:24:393] [vo.logVo.LogVo.<init>] [INFO] 日志实例已初始化...
[2020-04-12 16:38:24:393] [vo.logVo.LogVo.<init>] [INFO] 日志实例已初始化...
[2020-04-12 16:38:24:393] [vo.logVo.LogVo.<init>] [INFO] 日志实例已初始化...
[2020-04-12 16:38:24:394] [vo.logVo.LogVo.<init>] [INFO] 日志实例已初始化...
[2020-04-12 16:38:24:395] [vo.logVo.LogVo.<init>] [INFO] 日志实例已初始化...
[2020-04-12 16:38:24:395] [vo.logVo.LogVo.<init>] [INFO] 日志实例已初始化...
[2020-04-12 16:38:24:396] [vo.logVo.LogVo.<init>] [INFO] 日志实例已初始化...
[2020-04-12 16:38:24:397] [vo.logVo.LogVo.<init>] [INFO] 日志实例已初始化...
[2020-04-12 16:38:24:398] [vo.logVo.LogVo.<init>] [INFO] 日志实例已初始化...
[2020-04-12 16:38:24:398] [vo.logVo.LogVo.<init>] [INFO] 日志实例已初始化...
[2020-04-12 16:38:24:399] [vo.logVo.LogVo.<init>] [INFO] 日志实例已初始化...
[2020-04-12 16:38:24:400] [vo.logVo.LogVo.<init>] [INFO] 日志实例已初始化...
[2020-04-12 16:38:24:401] [vo.logVo.LogVo.<init>] [INFO] 日志实例已初始化...
[2020-04-12 16:38:24:402] [vo.logVo.LogVo.<init>] [INFO] 日志实例已初始化...
[2020-04-12 16:38:24:404] [vo.logVo.LogVo.<init>] [INFO] 日志实例已初始化...
[2020-04-12 16:38:24:405] [vo.logVo.LogVo.<init>] [INFO] 日志实例已初始化...
[2020-04-12 16:38:24:407] [vo.logVo.LogVo.<init>] [INFO] 日志实例已初始化...
[2020-04-12 16:38:24:477] [vo.logVo.LogVo.<init>] [INFO] 日志实例已初始化...
[2020-04-12 16:38:24:499] [vo.logVo.LogVo.<init>] [INFO] 日志实例已初始化...
[2020-04-12 16:38:52:138] [vo.logVo.LogVo.<init>] [INFO] 日志实例已初始化...
[2020-04-12 16:38:52:140] [vo.logVo.LogVo.<init>] [INFO] 日志实例已初始化...
[2020-04-12 16:38:52:141] [vo.logVo.LogVo.<init>] [INFO] 日志实例已初始化...
[2020-04-12 16:38:52:141] [vo.logVo.LogVo.<init>] [INFO] 日志实例已初始化...
[2020-04-12 16:38:52:142] [vo.logVo.LogVo.<init>] [INFO] 日志实例已初始化...
[2020-04-12 16:38:52:142] [vo.logVo.LogVo.<init>] [INFO] 日志实例已初始化...
[2020-04-12 16:38:52:143] [vo.logVo.LogVo.<init>] [INFO] 日志实例已初始化...
[2020-04-12 16:38:52:143] [vo.logVo.LogVo.<init>] [INFO] 日志实例已初始化...
[2020-04-12 16:38:52:143] [vo.logVo.LogVo.<init>] [INFO] 日志实例已初始化...
[2020-04-12 16:38:52:144] [vo.logVo.LogVo.<init>] [INFO] 日志实例已初始化...
[2020-04-12 16:38:52:144] [vo.logVo.LogVo.<init>] [INFO] 日志实例已初始化...
[2020-04-12 16:38:52:144] [vo.logVo.LogVo.<init>] [INFO] 日志实例已初始化...
[2020-04-12 16:38:52:145] [vo.logVo.LogVo.<init>] [INFO] 日志实例已初始化...
[2020-04-12 16:38:52:145] [vo.logVo.LogVo.<init>] [INFO] 日志实例已初始化...
[2020-04-12 16:38:52:145] [vo.logVo.LogVo.<init>] [INFO] 日志实例已初始化...
[2020-04-12 16:38:52:146] [vo.logVo.LogVo.<init>] [INFO] 日志实例已初始化...
[2020-04-12 16:38:52:147] [vo.logVo.LogVo.<init>] [INFO] 日志实例已初始化...
[2020-04-12 16:38:52:147] [vo.logVo.LogVo.<init>] [INFO] 日志实例已初始化...
[2020-04-12 16:38:52:148] [vo.logVo.LogVo.<init>] [INFO] 日志实例已初始化...
[2020-04-12 16:38:52:148] [vo.logVo.LogVo.<init>] [INFO] 日志实例已初始化...
[2020-04-12 16:38:52:149] [vo.logVo.LogVo.<init>] [INFO] 日志实例已初始化...
[2020-04-12 16:38:52:149] [vo.logVo.LogVo.<init>] [INFO] 日志实例已初始化...
[2020-04-12 16:38:52:150] [vo.logVo.LogVo.<init>] [INFO] 日志实例已初始化...
[2020-04-12 16:38:52:150] [vo.logVo.LogVo.<init>] [INFO] 日志实例已初始化...
[2020-04-12 16:38:52:150] [vo.logVo.LogVo.<init>] [INFO] 日志实例已初始化...
[2020-04-12 16:38:52:151] [vo.logVo.LogVo.<init>] [INFO] 日志实例已初始化...
[2020-04-12 16:38:52:152] [vo.logVo.LogVo.<init>] [INFO] 日志实例已初始化...
[2020-04-12 16:38:52:152] [vo.logVo.LogVo.<init>] [INFO] 日志实例已初始化...
[2020-04-12 16:38:52:153] [vo.logVo.LogVo.<init>] [INFO] 日志实例已初始化...
[2020-04-12 16:38:52:153] [vo.logVo.LogVo.<init>] [INFO] 日志实例已初始化...
[2020-04-12 16:38:52:153] [vo.logVo.LogVo.<init>] [INFO] 日志实例已初始化...
[2020-04-12 16:38:52:154] [vo.logVo.LogVo.<init>] [INFO] 日志实例已初始化...
[2020-04-12 16:38:52:154] [vo.logVo.LogVo.<init>] [INFO] 日志实例已初始化...
[2020-04-12 16:38:52:155] [vo.logVo.LogVo.<init>] [INFO] 日志实例已初始化...
[2020-04-12 16:38:52:156] [vo.logVo.LogVo.<init>] [INFO] 日志实例已初始化...
[2020-04-12 16:38:52:156] [vo.logVo.LogVo.<init>] [INFO] 日志实例已初始化...
[2020-04-12 16:38:52:157] [vo.logVo.LogVo.<init>] [INFO] 日志实例已初始化...
[2020-04-12 16:38:52:157] [vo.logVo.LogVo.<init>] [INFO] 日志实例已初始化...
[2020-04-12 16:38:52:157] [vo.logVo.LogVo.<init>] [INFO] 日志实例已初始化...
[2020-04-12 16:38:52:158] [vo.logVo.LogVo.<init>] [INFO] 日志实例已初始化...
[2020-04-12 16:38:52:158] [vo.logVo.LogVo.<init>] [INFO] 日志实例已初始化...
[2020-04-12 16:38:52:159] [vo.logVo.LogVo.<init>] [INFO] 日志实例已初始化...
[2020-04-12 16:38:52:159] [vo.logVo.LogVo.<init>] [INFO] 日志实例已初始化...
[2020-04-12 16:38:52:159] [vo.logVo.LogVo.<init>] [INFO] 日志实例已初始化...
[2020-04-12 16:38:52:159] [vo.logVo.LogVo.<init>] [INFO] 日志实例已初始化...
[2020-04-12 16:38:52:160] [vo.logVo.LogVo.<init>] [INFO] 日志实例已初始化...
[2020-04-12 16:38:52:160] [vo.logVo.LogVo.<init>] [INFO] 日志实例已初始化...
[2020-04-12 16:38:52:160] [vo.logVo.LogVo.<init>] [INFO] 日志实例已初始化...
[2020-04-12 16:38:52:161] [vo.logVo.LogVo.<init>] [INFO] 日志实例已初始化...
[2020-04-12 16:38:52:161] [vo.logVo.LogVo.<init>] [INFO] 日志实例已初始化...
[2020-04-12 16:38:52:161] [vo.logVo.LogVo.<init>] [INFO] 日志实例已初始化...
[2020-04-12 16:38:52:161] [vo.logVo.LogVo.<init>] [INFO] 日志实例已初始化...
[2020-04-12 16:38:52:162] [vo.logVo.LogVo.<init>] [INFO] 日志实例已初始化...
[2020-04-12 16:38:52:162] [vo.logVo.LogVo.<init>] [INFO] 日志实例已初始化...
[2020-04-12 16:38:52:163] [vo.logVo.LogVo.<init>] [INFO] 日志实例已初始化...
[2020-04-12 16:38:52:163] [vo.logVo.LogVo.<init>] [INFO] 日志实例已初始化...
[2020-04-12 16:38:52:164] [vo.logVo.LogVo.<init>] [INFO] 日志实例已初始化...
[2020-04-12 16:38:52:165] [vo.logVo.LogVo.<init>] [INFO] 日志实例已初始化...
[2020-04-12 16:38:52:165] [vo.logVo.LogVo.<init>] [INFO] 日志实例已初始化...
[2020-04-12 16:38:52:166] [vo.logVo.LogVo.<init>] [INFO] 日志实例已初始化...
[2020-04-12 16:38:52:166] [vo.logVo.LogVo.<init>] [INFO] 日志实例已初始化...
[2020-04-12 16:38:52:167] [vo.logVo.LogVo.<init>] [INFO] 日志实例已初始化...
[2020-04-12 16:38:52:167] [vo.logVo.LogVo.<init>] [INFO] 日志实例已初始化...
[2020-04-12 16:38:52:167] [vo.logVo.LogVo.<init>] [INFO] 日志实例已初始化...
[2020-04-12 16:38:52:168] [vo.logVo.LogVo.<init>] [INFO] 日志实例已初始化...
[2020-04-12 16:38:52:168] [vo.logVo.LogVo.<init>] [INFO] 日志实例已初始化...
[2020-04-12 16:38:52:169] [vo.logVo.LogVo.<init>] [INFO] 日志实例已初始化...
[2020-04-12 16:38:52:169] [vo.logVo.LogVo.<init>] [INFO] 日志实例已初始化...
[2020-04-12 16:38:52:169] [vo.logVo.LogVo.<init>] [INFO] 日志实例已初始化...
[2020-04-12 16:38:52:169] [vo.logVo.LogVo.<init>] [INFO] 日志实例已初始化...
[2020-04-12 16:38:52:170] [vo.logVo.LogVo.<init>] [INFO] 日志实例已初始化...
[2020-04-12 16:38:52:170] [vo.logVo.LogVo.<init>] [INFO] 日志实例已初始化...
[2020-04-12 16:38:52:170] [vo.logVo.LogVo.<init>] [INFO] 日志实例已初始化...
[2020-04-12 16:38:52:171] [vo.logVo.LogVo.<init>] [INFO] 日志实例已初始化...
[2020-04-12 16:38:52:171] [vo.logVo.LogVo.<init>] [INFO] 日志实例已初始化...
[2020-04-12 16:38:52:171] [vo.logVo.LogVo.<init>] [INFO] 日志实例已初始化...
[2020-04-12 16:38:52:172] [vo.logVo.LogVo.<init>] [INFO] 日志实例已初始化...
[2020-04-12 16:38:52:172] [vo.logVo.LogVo.<init>] [INFO] 日志实例已初始化...
[2020-04-12 16:38:52:172] [vo.logVo.LogVo.<init>] [INFO] 日志实例已初始化...
[2020-04-12 16:38:52:173] [vo.logVo.LogVo.<init>] [INFO] 日志实例已初始化...
[2020-04-12 16:38:52:173] [vo.logVo.LogVo.<init>] [INFO] 日志实例已初始化...
[2020-04-12 16:38:52:174] [vo.logVo.LogVo.<init>] [INFO] 日志实例已初始化...
[2020-04-12 16:38:52:174] [vo.logVo.LogVo.<init>] [INFO] 日志实例已初始化...
[2020-04-12 16:38:52:175] [vo.logVo.LogVo.<init>] [INFO] 日志实例已初始化...
[2020-04-12 16:38:52:175] [vo.logVo.LogVo.<init>] [INFO] 日志实例已初始化...
[2020-04-12 16:38:52:175] [vo.logVo.LogVo.<init>] [INFO] 日志实例已初始化...
[2020-04-12 16:38:52:176] [vo.logVo.LogVo.<init>] [INFO] 日志实例已初始化...
[2020-04-12 16:38:52:176] [vo.logVo.LogVo.<init>] [INFO] 日志实例已初始化...
[2020-04-12 16:38:52:177] [vo.logVo.LogVo.<init>] [INFO] 日志实例已初始化...
[2020-04-12 16:38:52:178] [vo.logVo.LogVo.<init>] [INFO] 日志实例已初始化...
[2020-04-12 16:38:52:178] [vo.logVo.LogVo.<init>] [INFO] 日志实例已初始化...
[2020-04-12 16:38:52:179] [vo.logVo.LogVo.<init>] [INFO] 日志实例已初始化...
[2020-04-12 16:38:52:180] [vo.logVo.LogVo.<init>] [INFO] 日志实例已初始化...
[2020-04-12 16:38:52:181] [vo.logVo.LogVo.<init>] [INFO] 日志实例已初始化...
[2020-04-12 16:38:52:182] [vo.logVo.LogVo.<init>] [INFO] 日志实例已初始化...
[2020-04-12 16:38:52:183] [vo.logVo.LogVo.<init>] [INFO] 日志实例已初始化...
[2020-04-12 16:38:52:184] [vo.logVo.LogVo.<init>] [INFO] 日志实例已初始化...
[2020-04-12 16:38:52:185] [vo.logVo.LogVo.<init>] [INFO] 日志实例已初始化...
[2020-04-12 16:38:52:186] [vo.logVo.LogVo.<init>] [INFO] 日志实例已初始化...
[2020-04-12 16:38:52:186] [vo.logVo.LogVo.<init>] [INFO] 日志实例已初始化...
[2020-04-12 16:38:52:187] [vo.logVo.LogVo.<init>] [INFO] 日志实例已初始化...
[2020-04-12 16:38:52:187] [vo.logVo.LogVo.<init>] [INFO] 日志实例已初始化...
[2020-04-12 16:38:52:188] [vo.logVo.LogVo.<init>] [INFO] 日志实例已初始化...
[2020-04-12 16:38:52:188] [vo.logVo.LogVo.<init>] [INFO] 日志实例已初始化...
[2020-04-12 16:38:52:189] [vo.logVo.LogVo.<init>] [INFO] 日志实例已初始化...
[2020-04-12 16:38:52:189] [vo.logVo.LogVo.<init>] [INFO] 日志实例已初始化...
[2020-04-12 16:38:52:190] [vo.logVo.LogVo.<init>] [INFO] 日志实例已初始化...
[2020-04-12 16:38:52:190] [vo.logVo.LogVo.<init>] [INFO] 日志实例已初始化...
[2020-04-12 16:38:52:191] [vo.logVo.LogVo.<init>] [INFO] 日志实例已初始化...
[2020-04-12 16:38:52:193] [vo.logVo.LogVo.<init>] [INFO] 日志实例已初始化...
[2020-04-12 16:38:52:193] [vo.logVo.LogVo.<init>] [INFO] 日志实例已初始化...
[2020-04-12 16:38:52:194] [vo.logVo.LogVo.<init>] [INFO] 日志实例已初始化...
[2020-04-12 16:38:52:194] [vo.logVo.LogVo.<init>] [INFO] 日志实例已初始化...
[2020-04-12 16:38:52:194] [vo.logVo.LogVo.<init>] [INFO] 日志实例已初始化...
[2020-04-12 16:38:52:198] [vo.logVo.LogVo.<init>] [INFO] 日志实例已初始化...
[2020-04-12 16:38:52:199] [vo.logVo.LogVo.<init>] [INFO] 日志实例已初始化...
[2020-04-12 16:38:52:200] [vo.logVo.LogVo.<init>] [INFO] 日志实例已初始化...
[2020-04-12 16:38:52:201] [vo.logVo.LogVo.<init>] [INFO] 日志实例已初始化...
[2020-04-12 16:38:52:201] [vo.logVo.LogVo.<init>] [INFO] 日志实例已初始化...
[2020-04-12 16:38:52:202] [vo.logVo.LogVo.<init>] [INFO] 日志实例已初始化...
[2020-04-12 16:38:52:203] [vo.logVo.LogVo.<init>] [INFO] 日志实例已初始化...
[2020-04-12 16:38:52:204] [vo.logVo.LogVo.<init>] [INFO] 日志实例已初始化...
[2020-04-12 16:38:52:204] [vo.logVo.LogVo.<init>] [INFO] 日志实例已初始化...
[2020-04-12 16:38:52:205] [vo.logVo.LogVo.<init>] [INFO] 日志实例已初始化...
[2020-04-12 16:38:52:206] [vo.logVo.LogVo.<init>] [INFO] 日志实例已初始化...
[2020-04-12 16:38:52:207] [vo.logVo.LogVo.<init>] [INFO] 日志实例已初始化...
[2020-04-12 16:38:52:208] [vo.logVo.LogVo.<init>] [INFO] 日志实例已初始化...
[2020-04-12 16:38:52:209] [vo.logVo.LogVo.<init>] [INFO] 日志实例已初始化...
[2020-04-12 16:38:52:209] [vo.logVo.LogVo.<init>] [INFO] 日志实例已初始化...
[2020-04-12 16:38:52:210] [vo.logVo.LogVo.<init>] [INFO] 日志实例已初始化...
[2020-04-12 16:38:52:211] [vo.logVo.LogVo.<init>] [INFO] 日志实例已初始化...
[2020-04-12 16:38:52:216] [vo.logVo.LogVo.<init>] [INFO] 日志实例已初始化...
[2020-04-12 16:38:52:217] [vo.logVo.LogVo.<init>] [INFO] 日志实例已初始化...
[2020-04-12 16:38:52:218] [vo.logVo.LogVo.<init>] [INFO] 日志实例已初始化...
[2020-04-12 16:38:52:219] [vo.logVo.LogVo.<init>] [INFO] 日志实例已初始化...
[2020-04-12 16:38:52:219] [vo.logVo.LogVo.<init>] [INFO] 日志实例已初始化...
[2020-04-12 16:38:52:220] [vo.logVo.LogVo.<init>] [INFO] 日志实例已初始化...
[2020-04-12 16:38:52:221] [vo.logVo.LogVo.<init>] [INFO] 日志实例已初始化...
[2020-04-12 16:38:52:221] [vo.logVo.LogVo.<init>] [INFO] 日志实例已初始化...
[2020-04-12 16:38:52:222] [vo.logVo.LogVo.<init>] [INFO] 日志实例已初始化...
[2020-04-12 16:38:52:223] [vo.logVo.LogVo.<init>] [INFO] 日志实例已初始化...
[2020-04-12 16:38:52:223] [vo.logVo.LogVo.<init>] [INFO] 日志实例已初始化...
[2020-04-12 16:38:52:224] [vo.logVo.LogVo.<init>] [INFO] 日志实例已初始化...
[2020-04-12 16:38:52:225] [vo.logVo.LogVo.<init>] [INFO] 日志实例已初始化...
[2020-04-12 16:38:52:225] [vo.logVo.LogVo.<init>] [INFO] 日志实例已初始化...
[2020-04-12 16:38:52:226] [vo.logVo.LogVo.<init>] [INFO] 日志实例已初始化...
[2020-04-12 16:38:52:226] [vo.logVo.LogVo.<init>] [INFO] 日志实例已初始化...
[2020-04-12 16:38:52:227] [vo.logVo.LogVo.<init>] [INFO] 日志实例已初始化...
[2020-04-12 16:38:52:228] [vo.logVo.LogVo.<init>] [INFO] 日志实例已初始化...
[2020-04-12 16:38:52:228] [vo.logVo.LogVo.<init>] [INFO] 日志实例已初始化...
[2020-04-12 16:38:52:229] [vo.logVo.LogVo.<init>] [INFO] 日志实例已初始化...
[2020-04-12 16:38:52:230] [vo.logVo.LogVo.<init>] [INFO] 日志实例已初始化...
[2020-04-12 16:38:52:231] [vo.logVo.LogVo.<init>] [INFO] 日志实例已初始化...
[2020-04-12 16:38:52:232] [vo.logVo.LogVo.<init>] [INFO] 日志实例已初始化...
[2020-04-12 16:38:52:233] [vo.logVo.LogVo.<init>] [INFO] 日志实例已初始化...
[2020-04-12 16:38:52:234] [vo.logVo.LogVo.<init>] [INFO] 日志实例已初始化...
[2020-04-12 16:38:52:234] [vo.logVo.LogVo.<init>] [INFO] 日志实例已初始化...
[2020-04-12 16:38:52:235] [vo.logVo.LogVo.<init>] [INFO] 日志实例已初始化...
[2020-04-12 16:38:52:235] [vo.logVo.LogVo.<init>] [INFO] 日志实例已初始化...
[2020-04-12 16:38:52:236] [vo.logVo.LogVo.<init>] [INFO] 日志实例已初始化...
[2020-04-12 16:38:52:237] [vo.logVo.LogVo.<init>] [INFO] 日志实例已初始化...
[2020-04-12 16:38:52:238] [vo.logVo.LogVo.<init>] [INFO] 日志实例已初始化...
[2020-04-12 16:38:52:238] [vo.logVo.LogVo.<init>] [INFO] 日志实例已初始化...
[2020-04-12 16:38:52:239] [vo.logVo.LogVo.<init>] [INFO] 日志实例已初始化...
[2020-04-12 16:38:52:239] [vo.logVo.LogVo.<init>] [INFO] 日志实例已初始化...
[2020-04-12 16:38:52:240] [vo.logVo.LogVo.<init>] [INFO] 日志实例已初始化...
[2020-04-12 16:38:52:240] [vo.logVo.LogVo.<init>] [INFO] 日志实例已初始化...
[2020-04-12 16:38:52:241] [vo.logVo.LogVo.<init>] [INFO] 日志实例已初始化...
[2020-04-12 16:38:52:241] [vo.logVo.LogVo.<init>] [INFO] 日志实例已初始化...
[2020-04-12 16:38:52:241] [vo.logVo.LogVo.<init>] [INFO] 日志实例已初始化...
[2020-04-12 16:38:52:242] [vo.logVo.LogVo.<init>] [INFO] 日志实例已初始化...
[2020-04-12 16:38:52:242] [vo.logVo.LogVo.<init>] [INFO] 日志实例已初始化...
[2020-04-12 16:38:52:243] [vo.logVo.LogVo.<init>] [INFO] 日志实例已初始化...
[2020-04-12 16:38:52:244] [vo.logVo.LogVo.<init>] [INFO] 日志实例已初始化...
[2020-04-12 16:38:52:245] [vo.logVo.LogVo.<init>] [INFO] 日志实例已初始化...
[2020-04-12 16:38:52:246] [vo.logVo.LogVo.<init>] [INFO] 日志实例已初始化...
[2020-04-12 16:38:52:247] [vo.logVo.LogVo.<init>] [INFO] 日志实例已初始化...
[2020-04-12 16:38:52:248] [vo.logVo.LogVo.<init>] [INFO] 日志实例已初始化...
[2020-04-12 16:38:52:248] [vo.logVo.LogVo.<init>] [INFO] 日志实例已初始化...
[2020-04-12 16:38:52:249] [vo.logVo.LogVo.<init>] [INFO] 日志实例已初始化...
[2020-04-12 16:38:52:249] [vo.logVo.LogVo.<init>] [INFO] 日志实例已初始化...
[2020-04-12 16:38:52:250] [vo.logVo.LogVo.<init>] [INFO] 日志实例已初始化...
[2020-04-12 16:38:52:250] [vo.logVo.LogVo.<init>] [INFO] 日志实例已初始化...
[2020-04-12 16:38:52:251] [vo.logVo.LogVo.<init>] [INFO] 日志实例已初始化...
[2020-04-12 16:38:52:251] [vo.logVo.LogVo.<init>] [INFO] 日志实例已初始化...
[2020-04-12 16:38:52:252] [vo.logVo.LogVo.<init>] [INFO] 日志实例已初始化...
[2020-04-12 16:38:52:252] [vo.logVo.LogVo.<init>] [INFO] 日志实例已初始化...
[2020-04-12 16:38:52:253] [vo.logVo.LogVo.<init>] [INFO] 日志实例已初始化...
[2020-04-12 16:38:52:253] [vo.logVo.LogVo.<init>] [INFO] 日志实例已初始化...
[2020-04-12 16:38:52:253] [vo.logVo.LogVo.<init>] [INFO] 日志实例已初始化...
[2020-04-12 16:38:52:254] [vo.logVo.LogVo.<init>] [INFO] 日志实例已初始化...
[2020-04-12 16:38:52:254] [vo.logVo.LogVo.<init>] [INFO] 日志实例已初始化...
[2020-04-12 16:38:52:255] [vo.logVo.LogVo.<init>] [INFO] 日志实例已初始化...
[2020-04-12 16:38:52:255] [vo.logVo.LogVo.<init>] [INFO] 日志实例已初始化...
[2020-04-12 16:38:52:255] [vo.logVo.LogVo.<init>] [INFO] 日志实例已初始化...
[2020-04-12 16:38:52:256] [vo.logVo.LogVo.<init>] [INFO] 日志实例已初始化...
[2020-04-12 16:38:52:256] [vo.logVo.LogVo.<init>] [INFO] 日志实例已初始化...
[2020-04-12 16:38:52:257] [vo.logVo.LogVo.<init>] [INFO] 日志实例已初始化...
[2020-04-12 16:38:52:257] [vo.logVo.LogVo.<init>] [INFO] 日志实例已初始化...
[2020-04-12 16:38:52:257] [vo.logVo.LogVo.<init>] [INFO] 日志实例已初始化...
[2020-04-12 16:38:52:258] [vo.logVo.LogVo.<init>] [INFO] 日志实例已初始化...
[2020-04-12 16:38:52:258] [vo.logVo.LogVo.<init>] [INFO] 日志实例已初始化...
[2020-04-12 16:38:52:259] [vo.logVo.LogVo.<init>] [INFO] 日志实例已初始化...
[2020-04-12 16:38:52:259] [vo.logVo.LogVo.<init>] [INFO] 日志实例已初始化...
[2020-04-12 16:38:52:260] [vo.logVo.LogVo.<init>] [INFO] 日志实例已初始化...
[2020-04-12 16:38:52:261] [vo.logVo.LogVo.<init>] [INFO] 日志实例已初始化...
[2020-04-12 16:38:52:261] [vo.logVo.LogVo.<init>] [INFO] 日志实例已初始化...
[2020-04-12 16:38:52:262] [vo.logVo.LogVo.<init>] [INFO] 日志实例已初始化...
[2020-04-12 16:38:52:263] [vo.logVo.LogVo.<init>] [INFO] 日志实例已初始化...
[2020-04-12 16:38:52:264] [vo.logVo.LogVo.<init>] [INFO] 日志实例已初始化...
[2020-04-12 16:38:52:265] [vo.logVo.LogVo.<init>] [INFO] 日志实例已初始化...
[2020-04-12 16:38:52:266] [vo.logVo.LogVo.<init>] [INFO] 日志实例已初始化...
[2020-04-12 16:38:52:267] [vo.logVo.LogVo.<init>] [INFO] 日志实例已初始化...
[2020-04-12 16:38:52:268] [vo.logVo.LogVo.<init>] [INFO] 日志实例已初始化...
[2020-04-12 16:38:52:269] [vo.logVo.LogVo.<init>] [INFO] 日志实例已初始化...
[2020-04-12 16:38:52:269] [vo.logVo.LogVo.<init>] [INFO] 日志实例已初始化...
[2020-04-12 16:38:52:270] [vo.logVo.LogVo.<init>] [INFO] 日志实例已初始化...
[2020-04-12 16:38:52:271] [vo.logVo.LogVo.<init>] [INFO] 日志实例已初始化...
[2020-04-12 16:38:52:271] [vo.logVo.LogVo.<init>] [INFO] 日志实例已初始化...
[2020-04-12 16:38:52:272] [vo.logVo.LogVo.<init>] [INFO] 日志实例已初始化...
[2020-04-12 16:38:52:273] [vo.logVo.LogVo.<init>] [INFO] 日志实例已初始化...
[2020-04-12 16:38:52:275] [vo.logVo.LogVo.<init>] [INFO] 日志实例已初始化...
[2020-04-12 16:38:52:276] [vo.logVo.LogVo.<init>] [INFO] 日志实例已初始化...
[2020-04-12 16:38:52:277] [vo.logVo.LogVo.<init>] [INFO] 日志实例已初始化...
[2020-04-12 16:38:52:277] [vo.logVo.LogVo.<init>] [INFO] 日志实例已初始化...
[2020-04-12 16:38:52:278] [vo.logVo.LogVo.<init>] [INFO] 日志实例已初始化...
[2020-04-12 16:38:52:279] [vo.logVo.LogVo.<init>] [INFO] 日志实例已初始化...
[2020-04-12 16:38:52:280] [vo.logVo.LogVo.<init>] [INFO] 日志实例已初始化...
[2020-04-12 16:38:52:282] [vo.logVo.LogVo.<init>] [INFO] 日志实例已初始化...
[2020-04-12 16:38:52:282] [vo.logVo.LogVo.<init>] [INFO] 日志实例已初始化...
[2020-04-12 16:38:52:283] [vo.logVo.LogVo.<init>] [INFO] 日志实例已初始化...
[2020-04-12 16:38:52:284] [vo.logVo.LogVo.<init>] [INFO] 日志实例已初始化...
[2020-04-12 16:38:52:285] [vo.logVo.LogVo.<init>] [INFO] 日志实例已初始化...
[2020-04-12 16:38:52:285] [vo.logVo.LogVo.<init>] [INFO] 日志实例已初始化...
[2020-04-12 16:38:52:286] [vo.logVo.LogVo.<init>] [INFO] 日志实例已初始化...
[2020-04-12 16:38:52:287] [vo.logVo.LogVo.<init>] [INFO] 日志实例已初始化...
[2020-04-12 16:38:52:287] [vo.logVo.LogVo.<init>] [INFO] 日志实例已初始化...
[2020-04-12 16:38:52:288] [vo.logVo.LogVo.<init>] [INFO] 日志实例已初始化...
[2020-04-12 16:38:52:288] [vo.logVo.LogVo.<init>] [INFO] 日志实例已初始化...
[2020-04-12 16:38:52:289] [vo.logVo.LogVo.<init>] [INFO] 日志实例已初始化...
[2020-04-12 16:38:52:290] [vo.logVo.LogVo.<init>] [INFO] 日志实例已初始化...
[2020-04-12 16:38:52:292] [vo.logVo.LogVo.<init>] [INFO] 日志实例已初始化...
[2020-04-12 16:38:52:293] [vo.logVo.LogVo.<init>] [INFO] 日志实例已初始化...
[2020-04-12 16:38:52:294] [vo.logVo.LogVo.<init>] [INFO] 日志实例已初始化...
[2020-04-12 16:38:52:294] [vo.logVo.LogVo.<init>] [INFO] 日志实例已初始化...
[2020-04-12 16:38:52:295] [vo.logVo.LogVo.<init>] [INFO] 日志实例已初始化...
[2020-04-12 16:38:52:296] [vo.logVo.LogVo.<init>] [INFO] 日志实例已初始化...
[2020-04-12 16:38:52:297] [vo.logVo.LogVo.<init>] [INFO] 日志实例已初始化...
[2020-04-12 16:38:52:297] [vo.logVo.LogVo.<init>] [INFO] 日志实例已初始化...
[2020-04-12 16:38:52:298] [vo.logVo.LogVo.<init>] [INFO] 日志实例已初始化...
[2020-04-12 16:38:52:298] [vo.logVo.LogVo.<init>] [INFO] 日志实例已初始化...
[2020-04-12 16:38:52:299] [vo.logVo.LogVo.<init>] [INFO] 日志实例已初始化...
[2020-04-12 16:38:52:299] [vo.logVo.LogVo.<init>] [INFO] 日志实例已初始化...
[2020-04-12 16:38:52:299] [vo.logVo.LogVo.<init>] [INFO] 日志实例已初始化...
[2020-04-12 16:38:52:300] [vo.logVo.LogVo.<init>] [INFO] 日志实例已初始化...
[2020-04-12 16:38:52:300] [vo.logVo.LogVo.<init>] [INFO] 日志实例已初始化...
[2020-04-12 16:38:52:300] [vo.logVo.LogVo.<init>] [INFO] 日志实例已初始化...
[2020-04-12 16:38:52:301] [vo.logVo.LogVo.<init>] [INFO] 日志实例已初始化...
[2020-04-12 16:38:52:301] [vo.logVo.LogVo.<init>] [INFO] 日志实例已初始化...
[2020-04-12 16:38:52:302] [vo.logVo.LogVo.<init>] [INFO] 日志实例已初始化...
[2020-04-12 16:38:52:302] [vo.logVo.LogVo.<init>] [INFO] 日志实例已初始化...
[2020-04-12 16:38:52:302] [vo.logVo.LogVo.<init>] [INFO] 日志实例已初始化...
[2020-04-12 16:38:52:303] [vo.logVo.LogVo.<init>] [INFO] 日志实例已初始化...
[2020-04-12 16:38:52:303] [vo.logVo.LogVo.<init>] [INFO] 日志实例已初始化...
[2020-04-12 16:38:52:303] [vo.logVo.LogVo.<init>] [INFO] 日志实例已初始化...
[2020-04-12 16:38:52:304] [vo.logVo.LogVo.<init>] [INFO] 日志实例已初始化...
[2020-04-12 16:38:52:304] [vo.logVo.LogVo.<init>] [INFO] 日志实例已初始化...
[2020-04-12 16:38:52:307] [vo.logVo.LogVo.<init>] [INFO] 日志实例已初始化...
[2020-04-12 16:38:52:308] [vo.logVo.LogVo.<init>] [INFO] 日志实例已初始化...
[2020-04-12 16:38:52:308] [vo.logVo.LogVo.<init>] [INFO] 日志实例已初始化...
[2020-04-12 16:38:52:309] [vo.logVo.LogVo.<init>] [INFO] 日志实例已初始化...
[2020-04-12 16:38:52:310] [vo.logVo.LogVo.<init>] [INFO] 日志实例已初始化...
[2020-04-12 16:38:52:310] [vo.logVo.LogVo.<init>] [INFO] 日志实例已初始化...
[2020-04-12 16:38:52:311] [vo.logVo.LogVo.<init>] [INFO] 日志实例已初始化...
[2020-04-12 16:38:52:311] [vo.logVo.LogVo.<init>] [INFO] 日志实例已初始化...
[2020-04-12 16:38:52:312] [vo.logVo.LogVo.<init>] [INFO] 日志实例已初始化...
[2020-04-12 16:38:52:313] [vo.logVo.LogVo.<init>] [INFO] 日志实例已初始化...
[2020-04-12 16:38:52:314] [vo.logVo.LogVo.<init>] [INFO] 日志实例已初始化...
[2020-04-12 16:38:52:314] [vo.logVo.LogVo.<init>] [INFO] 日志实例已初始化...
[2020-04-12 16:38:52:314] [vo.logVo.LogVo.<init>] [INFO] 日志实例已初始化...
[2020-04-12 16:38:52:315] [vo.logVo.LogVo.<init>] [INFO] 日志实例已初始化...
[2020-04-12 16:38:52:315] [vo.logVo.LogVo.<init>] [INFO] 日志实例已初始化...
[2020-04-12 16:38:52:316] [vo.logVo.LogVo.<init>] [INFO] 日志实例已初始化...
[2020-04-12 16:38:52:316] [vo.logVo.LogVo.<init>] [INFO] 日志实例已初始化...
[2020-04-12 16:38:52:317] [vo.logVo.LogVo.<init>] [INFO] 日志实例已初始化...
[2020-04-12 16:38:52:318] [vo.logVo.LogVo.<init>] [INFO] 日志实例已初始化...
[2020-04-12 16:38:52:319] [vo.logVo.LogVo.<init>] [INFO] 日志实例已初始化...
[2020-04-12 16:38:52:319] [vo.logVo.LogVo.<init>] [INFO] 日志实例已初始化...
[2020-04-12 16:38:52:320] [vo.logVo.LogVo.<init>] [INFO] 日志实例已初始化...
[2020-04-12 16:38:52:321] [vo.logVo.LogVo.<init>] [INFO] 日志实例已初始化...
[2020-04-12 16:38:52:322] [vo.logVo.LogVo.<init>] [INFO] 日志实例已初始化...
[2020-04-12 16:38:52:322] [vo.logVo.LogVo.<init>] [INFO] 日志实例已初始化...
[2020-04-12 16:38:52:323] [vo.logVo.LogVo.<init>] [INFO] 日志实例已初始化...
[2020-04-12 16:38:52:324] [vo.logVo.LogVo.<init>] [INFO] 日志实例已初始化...
[2020-04-12 16:38:52:324] [vo.logVo.LogVo.<init>] [INFO] 日志实例已初始化...
[2020-04-12 16:38:52:325] [vo.logVo.LogVo.<init>] [INFO] 日志实例已初始化...
[2020-04-12 16:38:52:326] [vo.logVo.LogVo.<init>] [INFO] 日志实例已初始化...
[2020-04-12 16:38:52:326] [vo.logVo.LogVo.<init>] [INFO] 日志实例已初始化...
[2020-04-12 16:38:52:327] [vo.logVo.LogVo.<init>] [INFO] 日志实例已初始化...
[2020-04-12 16:38:52:327] [vo.logVo.LogVo.<init>] [INFO] 日志实例已初始化...
[2020-04-12 16:38:52:328] [vo.logVo.LogVo.<init>] [INFO] 日志实例已初始化...
[2020-04-12 16:38:52:329] [vo.logVo.LogVo.<init>] [INFO] 日志实例已初始化...
[2020-04-12 16:38:52:329] [vo.logVo.LogVo.<init>] [INFO] 日志实例已初始化...
[2020-04-12 16:38:52:330] [vo.logVo.LogVo.<init>] [INFO] 日志实例已初始化...
[2020-04-12 16:38:52:331] [vo.logVo.LogVo.<init>] [INFO] 日志实例已初始化...
[2020-04-12 16:38:52:331] [vo.logVo.LogVo.<init>] [INFO] 日志实例已初始化...
[2020-04-12 16:38:52:332] [vo.logVo.LogVo.<init>] [INFO] 日志实例已初始化...
[2020-04-12 16:38:52:332] [vo.logVo.LogVo.<init>] [INFO] 日志实例已初始化...
[2020-04-12 16:38:52:333] [vo.logVo.LogVo.<init>] [INFO] 日志实例已初始化...
[2020-04-12 16:38:52:333] [vo.logVo.LogVo.<init>] [INFO] 日志实例已初始化...
[2020-04-12 16:38:52:334] [vo.logVo.LogVo.<init>] [INFO] 日志实例已初始化...
[2020-04-12 16:38:52:334] [vo.logVo.LogVo.<init>] [INFO] 日志实例已初始化...
[2020-04-12 16:38:52:335] [vo.logVo.LogVo.<init>] [INFO] 日志实例已初始化...
[2020-04-12 16:38:52:336] [vo.logVo.LogVo.<init>] [INFO] 日志实例已初始化...
[2020-04-12 16:38:52:336] [vo.logVo.LogVo.<init>] [INFO] 日志实例已初始化...
[2020-04-12 16:38:52:337] [vo.logVo.LogVo.<init>] [INFO] 日志实例已初始化...
[2020-04-12 16:38:52:338] [vo.logVo.LogVo.<init>] [INFO] 日志实例已初始化...
[2020-04-12 16:38:52:338] [vo.logVo.LogVo.<init>] [INFO] 日志实例已初始化...
[2020-04-12 16:38:52:339] [vo.logVo.LogVo.<init>] [INFO] 日志实例已初始化...
[2020-04-12 16:38:52:340] [vo.logVo.LogVo.<init>] [INFO] 日志实例已初始化...
[2020-04-12 16:38:52:340] [vo.logVo.LogVo.<init>] [INFO] 日志实例已初始化...
[2020-04-12 16:38:52:341] [vo.logVo.LogVo.<init>] [INFO] 日志实例已初始化...
[2020-04-12 16:38:52:341] [vo.logVo.LogVo.<init>] [INFO] 日志实例已初始化...
[2020-04-12 16:38:52:342] [vo.logVo.LogVo.<init>] [INFO] 日志实例已初始化...
[2020-04-12 16:38:52:342] [vo.logVo.LogVo.<init>] [INFO] 日志实例已初始化...
[2020-04-12 16:38:52:342] [vo.logVo.LogVo.<init>] [INFO] 日志实例已初始化...
[2020-04-12 16:38:52:343] [vo.logVo.LogVo.<init>] [INFO] 日志实例已初始化...
[2020-04-12 16:38:52:343] [vo.logVo.LogVo.<init>] [INFO] 日志实例已初始化...
[2020-04-12 16:38:52:344] [vo.logVo.LogVo.<init>] [INFO] 日志实例已初始化...
[2020-04-12 16:38:52:344] [vo.logVo.LogVo.<init>] [INFO] 日志实例已初始化...
[2020-04-12 16:38:52:345] [vo.logVo.LogVo.<init>] [INFO] 日志实例已初始化...
[2020-04-12 16:38:52:346] [vo.logVo.LogVo.<init>] [INFO] 日志实例已初始化...
[2020-04-12 16:38:52:347] [vo.logVo.LogVo.<init>] [INFO] 日志实例已初始化...
[2020-04-12 16:38:52:347] [vo.logVo.LogVo.<init>] [INFO] 日志实例已初始化...
[2020-04-12 16:38:52:348] [vo.logVo.LogVo.<init>] [INFO] 日志实例已初始化...
[2020-04-12 16:38:52:349] [vo.logVo.LogVo.<init>] [INFO] 日志实例已初始化...
[2020-04-12 16:38:52:349] [vo.logVo.LogVo.<init>] [INFO] 日志实例已初始化...
[2020-04-12 16:38:52:350] [vo.logVo.LogVo.<init>] [INFO] 日志实例已初始化...
[2020-04-12 16:38:52:351] [vo.logVo.LogVo.<init>] [INFO] 日志实例已初始化...
[2020-04-12 16:38:52:351] [vo.logVo.LogVo.<init>] [INFO] 日志实例已初始化...
[2020-04-12 16:38:52:352] [vo.logVo.LogVo.<init>] [INFO] 日志实例已初始化...
[2020-04-12 16:38:52:352] [vo.logVo.LogVo.<init>] [INFO] 日志实例已初始化...
[2020-04-12 16:38:52:353] [vo.logVo.LogVo.<init>] [INFO] 日志实例已初始化...
[2020-04-12 16:38:52:353] [vo.logVo.LogVo.<init>] [INFO] 日志实例已初始化...
[2020-04-12 16:38:52:354] [vo.logVo.LogVo.<init>] [INFO] 日志实例已初始化...
[2020-04-12 16:38:52:354] [vo.logVo.LogVo.<init>] [INFO] 日志实例已初始化...
[2020-04-12 16:38:52:355] [vo.logVo.LogVo.<init>] [INFO] 日志实例已初始化...
[2020-04-12 16:38:52:355] [vo.logVo.LogVo.<init>] [INFO] 日志实例已初始化...
[2020-04-12 16:38:52:356] [vo.logVo.LogVo.<init>] [INFO] 日志实例已初始化...
[2020-04-12 16:38:52:357] [vo.logVo.LogVo.<init>] [INFO] 日志实例已初始化...
[2020-04-12 16:38:52:357] [vo.logVo.LogVo.<init>] [INFO] 日志实例已初始化...
[2020-04-12 16:38:52:358] [vo.logVo.LogVo.<init>] [INFO] 日志实例已初始化...
[2020-04-12 16:38:52:358] [vo.logVo.LogVo.<init>] [INFO] 日志实例已初始化...
[2020-04-12 16:38:52:359] [vo.logVo.LogVo.<init>] [INFO] 日志实例已初始化...
[2020-04-12 16:38:52:359] [vo.logVo.LogVo.<init>] [INFO] 日志实例已初始化...
[2020-04-12 16:38:52:359] [vo.logVo.LogVo.<init>] [INFO] 日志实例已初始化...
[2020-04-12 16:38:52:359] [vo.logVo.LogVo.<init>] [INFO] 日志实例已初始化...
[2020-04-12 16:38:52:360] [vo.logVo.LogVo.<init>] [INFO] 日志实例已初始化...
[2020-04-12 16:38:52:360] [vo.logVo.LogVo.<init>] [INFO] 日志实例已初始化...
[2020-04-12 16:38:52:360] [vo.logVo.LogVo.<init>] [INFO] 日志实例已初始化...
[2020-04-12 16:38:52:361] [vo.logVo.LogVo.<init>] [INFO] 日志实例已初始化...
[2020-04-12 16:38:52:361] [vo.logVo.LogVo.<init>] [INFO] 日志实例已初始化...
[2020-04-12 16:38:52:361] [vo.logVo.LogVo.<init>] [INFO] 日志实例已初始化...
[2020-04-12 16:38:52:362] [vo.logVo.LogVo.<init>] [INFO] 日志实例已初始化...
[2020-04-12 16:38:52:363] [vo.logVo.LogVo.<init>] [INFO] 日志实例已初始化...
[2020-04-12 16:38:52:363] [vo.logVo.LogVo.<init>] [INFO] 日志实例已初始化...
[2020-04-12 16:38:52:363] [vo.logVo.LogVo.<init>] [INFO] 日志实例已初始化...
[2020-04-12 16:38:52:364] [vo.logVo.LogVo.<init>] [INFO] 日志实例已初始化...
[2020-04-12 16:38:52:364] [vo.logVo.LogVo.<init>] [INFO] 日志实例已初始化...
[2020-04-12 16:38:52:364] [vo.logVo.LogVo.<init>] [INFO] 日志实例已初始化...
[2020-04-12 16:38:52:365] [vo.logVo.LogVo.<init>] [INFO] 日志实例已初始化...
[2020-04-12 16:38:52:365] [vo.logVo.LogVo.<init>] [INFO] 日志实例已初始化...
[2020-04-12 16:38:52:365] [vo.logVo.LogVo.<init>] [INFO] 日志实例已初始化...
[2020-04-12 16:38:52:365] [vo.logVo.LogVo.<init>] [INFO] 日志实例已初始化...
[2020-04-12 16:38:52:366] [vo.logVo.LogVo.<init>] [INFO] 日志实例已初始化...
[2020-04-12 16:38:52:366] [vo.logVo.LogVo.<init>] [INFO] 日志实例已初始化...
[2020-04-12 16:38:52:366] [vo.logVo.LogVo.<init>] [INFO] 日志实例已初始化...
[2020-04-12 16:38:52:367] [vo.logVo.LogVo.<init>] [INFO] 日志实例已初始化...
[2020-04-12 16:38:52:367] [vo.logVo.LogVo.<init>] [INFO] 日志实例已初始化...
[2020-04-12 16:38:52:367] [vo.logVo.LogVo.<init>] [INFO] 日志实例已初始化...
[2020-04-12 16:38:52:368] [vo.logVo.LogVo.<init>] [INFO] 日志实例已初始化...
[2020-04-12 16:38:52:368] [vo.logVo.LogVo.<init>] [INFO] 日志实例已初始化...
[2020-04-12 16:38:52:368] [vo.logVo.LogVo.<init>] [INFO] 日志实例已初始化...
[2020-04-12 16:38:52:369] [vo.logVo.LogVo.<init>] [INFO] 日志实例已初始化...
[2020-04-12 16:38:52:369] [vo.logVo.LogVo.<init>] [INFO] 日志实例已初始化...
[2020-04-12 16:38:52:369] [vo.logVo.LogVo.<init>] [INFO] 日志实例已初始化...
[2020-04-12 16:38:52:370] [vo.logVo.LogVo.<init>] [INFO] 日志实例已初始化...
[2020-04-12 16:38:52:370] [vo.logVo.LogVo.<init>] [INFO] 日志实例已初始化...
[2020-04-12 16:38:52:370] [vo.logVo.LogVo.<init>] [INFO] 日志实例已初始化...
[2020-04-12 16:38:52:371] [vo.logVo.LogVo.<init>] [INFO] 日志实例已初始化...
[2020-04-12 16:38:52:371] [vo.logVo.LogVo.<init>] [INFO] 日志实例已初始化...
[2020-04-12 16:38:52:399] [vo.logVo.LogVo.<init>] [INFO] 日志实例已初始化...
[2020-04-12 16:38:52:407] [vo.logVo.LogVo.<init>] [INFO] 日志实例已初始化...
[2020-04-12 16:39:37:145] [vo.logVo.LogVo.<init>] [INFO] 日志实例已初始化...
[2020-04-12 16:39:37:146] [vo.logVo.LogVo.<init>] [INFO] 日志实例已初始化...
[2020-04-12 16:39:37:146] [vo.logVo.LogVo.<init>] [INFO] 日志实例已初始化...
[2020-04-12 16:39:37:147] [vo.logVo.LogVo.<init>] [INFO] 日志实例已初始化...
[2020-04-12 16:39:37:148] [vo.logVo.LogVo.<init>] [INFO] 日志实例已初始化...
[2020-04-12 16:39:37:148] [vo.logVo.LogVo.<init>] [INFO] 日志实例已初始化...
[2020-04-12 16:39:37:149] [vo.logVo.LogVo.<init>] [INFO] 日志实例已初始化...
[2020-04-12 16:39:37:150] [vo.logVo.LogVo.<init>] [INFO] 日志实例已初始化...
[2020-04-12 16:39:37:150] [vo.logVo.LogVo.<init>] [INFO] 日志实例已初始化...
[2020-04-12 16:39:37:151] [vo.logVo.LogVo.<init>] [INFO] 日志实例已初始化...
[2020-04-12 16:39:37:151] [vo.logVo.LogVo.<init>] [INFO] 日志实例已初始化...
[2020-04-12 16:39:37:153] [vo.logVo.LogVo.<init>] [INFO] 日志实例已初始化...
[2020-04-12 16:39:37:154] [vo.logVo.LogVo.<init>] [INFO] 日志实例已初始化...
[2020-04-12 16:39:37:155] [vo.logVo.LogVo.<init>] [INFO] 日志实例已初始化...
[2020-04-12 16:39:37:155] [vo.logVo.LogVo.<init>] [INFO] 日志实例已初始化...
[2020-04-12 16:39:37:155] [vo.logVo.LogVo.<init>] [INFO] 日志实例已初始化...
[2020-04-12 16:39:37:156] [vo.logVo.LogVo.<init>] [INFO] 日志实例已初始化...
[2020-04-12 16:39:37:156] [vo.logVo.LogVo.<init>] [INFO] 日志实例已初始化...
[2020-04-12 16:39:37:157] [vo.logVo.LogVo.<init>] [INFO] 日志实例已初始化...
[2020-04-12 16:39:37:157] [vo.logVo.LogVo.<init>] [INFO] 日志实例已初始化...
[2020-04-12 16:39:37:158] [vo.logVo.LogVo.<init>] [INFO] 日志实例已初始化...
[2020-04-12 16:39:37:158] [vo.logVo.LogVo.<init>] [INFO] 日志实例已初始化...
[2020-04-12 16:39:37:159] [vo.logVo.LogVo.<init>] [INFO] 日志实例已初始化...
[2020-04-12 16:39:37:160] [vo.logVo.LogVo.<init>] [INFO] 日志实例已初始化...
[2020-04-12 16:39:37:160] [vo.logVo.LogVo.<init>] [INFO] 日志实例已初始化...
[2020-04-12 16:39:37:161] [vo.logVo.LogVo.<init>] [INFO] 日志实例已初始化...
[2020-04-12 16:39:37:162] [vo.logVo.LogVo.<init>] [INFO] 日志实例已初始化...
[2020-04-12 16:39:37:162] [vo.logVo.LogVo.<init>] [INFO] 日志实例已初始化...
[2020-04-12 16:39:37:163] [vo.logVo.LogVo.<init>] [INFO] 日志实例已初始化...
[2020-04-12 16:39:37:163] [vo.logVo.LogVo.<init>] [INFO] 日志实例已初始化...
[2020-04-12 16:39:37:164] [vo.logVo.LogVo.<init>] [INFO] 日志实例已初始化...
[2020-04-12 16:39:37:165] [vo.logVo.LogVo.<init>] [INFO] 日志实例已初始化...
[2020-04-12 16:39:37:165] [vo.logVo.LogVo.<init>] [INFO] 日志实例已初始化...
[2020-04-12 16:39:37:166] [vo.logVo.LogVo.<init>] [INFO] 日志实例已初始化...
[2020-04-12 16:39:37:166] [vo.logVo.LogVo.<init>] [INFO] 日志实例已初始化...
[2020-04-12 16:39:37:167] [vo.logVo.LogVo.<init>] [INFO] 日志实例已初始化...
[2020-04-12 16:39:37:168] [vo.logVo.LogVo.<init>] [INFO] 日志实例已初始化...
[2020-04-12 16:39:37:168] [vo.logVo.LogVo.<init>] [INFO] 日志实例已初始化...
[2020-04-12 16:39:37:169] [vo.logVo.LogVo.<init>] [INFO] 日志实例已初始化...
[2020-04-12 16:39:37:169] [vo.logVo.LogVo.<init>] [INFO] 日志实例已初始化...
[2020-04-12 16:39:37:171] [vo.logVo.LogVo.<init>] [INFO] 日志实例已初始化...
[2020-04-12 16:39:37:172] [vo.logVo.LogVo.<init>] [INFO] 日志实例已初始化...
[2020-04-12 16:39:37:172] [vo.logVo.LogVo.<init>] [INFO] 日志实例已初始化...
[2020-04-12 16:39:37:173] [vo.logVo.LogVo.<init>] [INFO] 日志实例已初始化...
[2020-04-12 16:39:37:174] [vo.logVo.LogVo.<init>] [INFO] 日志实例已初始化...
[2020-04-12 16:39:37:174] [vo.logVo.LogVo.<init>] [INFO] 日志实例已初始化...
[2020-04-12 16:39:37:175] [vo.logVo.LogVo.<init>] [INFO] 日志实例已初始化...
[2020-04-12 16:39:37:175] [vo.logVo.LogVo.<init>] [INFO] 日志实例已初始化...
[2020-04-12 16:39:37:176] [vo.logVo.LogVo.<init>] [INFO] 日志实例已初始化...
[2020-04-12 16:39:37:176] [vo.logVo.LogVo.<init>] [INFO] 日志实例已初始化...
[2020-04-12 16:39:37:177] [vo.logVo.LogVo.<init>] [INFO] 日志实例已初始化...
[2020-04-12 16:39:37:178] [vo.logVo.LogVo.<init>] [INFO] 日志实例已初始化...
[2020-04-12 16:39:37:178] [vo.logVo.LogVo.<init>] [INFO] 日志实例已初始化...
[2020-04-12 16:39:37:179] [vo.logVo.LogVo.<init>] [INFO] 日志实例已初始化...
[2020-04-12 16:39:37:180] [vo.logVo.LogVo.<init>] [INFO] 日志实例已初始化...
[2020-04-12 16:39:37:180] [vo.logVo.LogVo.<init>] [INFO] 日志实例已初始化...
[2020-04-12 16:39:37:180] [vo.logVo.LogVo.<init>] [INFO] 日志实例已初始化...
[2020-04-12 16:39:37:182] [vo.logVo.LogVo.<init>] [INFO] 日志实例已初始化...
[2020-04-12 16:39:37:183] [vo.logVo.LogVo.<init>] [INFO] 日志实例已初始化...
[2020-04-12 16:39:37:183] [vo.logVo.LogVo.<init>] [INFO] 日志实例已初始化...
[2020-04-12 16:39:37:184] [vo.logVo.LogVo.<init>] [INFO] 日志实例已初始化...
[2020-04-12 16:39:37:185] [vo.logVo.LogVo.<init>] [INFO] 日志实例已初始化...
[2020-04-12 16:39:37:186] [vo.logVo.LogVo.<init>] [INFO] 日志实例已初始化...
[2020-04-12 16:39:37:187] [vo.logVo.LogVo.<init>] [INFO] 日志实例已初始化...
[2020-04-12 16:39:37:188] [vo.logVo.LogVo.<init>] [INFO] 日志实例已初始化...
[2020-04-12 16:39:37:189] [vo.logVo.LogVo.<init>] [INFO] 日志实例已初始化...
[2020-04-12 16:39:37:190] [vo.logVo.LogVo.<init>] [INFO] 日志实例已初始化...
[2020-04-12 16:39:37:190] [vo.logVo.LogVo.<init>] [INFO] 日志实例已初始化...
[2020-04-12 16:39:37:191] [vo.logVo.LogVo.<init>] [INFO] 日志实例已初始化...
[2020-04-12 16:39:37:192] [vo.logVo.LogVo.<init>] [INFO] 日志实例已初始化...
[2020-04-12 16:39:37:192] [vo.logVo.LogVo.<init>] [INFO] 日志实例已初始化...
[2020-04-12 16:39:37:193] [vo.logVo.LogVo.<init>] [INFO] 日志实例已初始化...
[2020-04-12 16:39:37:196] [vo.logVo.LogVo.<init>] [INFO] 日志实例已初始化...
[2020-04-12 16:39:37:197] [vo.logVo.LogVo.<init>] [INFO] 日志实例已初始化...
[2020-04-12 16:39:37:198] [vo.logVo.LogVo.<init>] [INFO] 日志实例已初始化...
[2020-04-12 16:39:37:198] [vo.logVo.LogVo.<init>] [INFO] 日志实例已初始化...
[2020-04-12 16:39:37:199] [vo.logVo.LogVo.<init>] [INFO] 日志实例已初始化...
[2020-04-12 16:39:37:199] [vo.logVo.LogVo.<init>] [INFO] 日志实例已初始化...
[2020-04-12 16:39:37:199] [vo.logVo.LogVo.<init>] [INFO] 日志实例已初始化...
[2020-04-12 16:39:37:200] [vo.logVo.LogVo.<init>] [INFO] 日志实例已初始化...
[2020-04-12 16:39:37:200] [vo.logVo.LogVo.<init>] [INFO] 日志实例已初始化...
[2020-04-12 16:39:37:201] [vo.logVo.LogVo.<init>] [INFO] 日志实例已初始化...
[2020-04-12 16:39:37:202] [vo.logVo.LogVo.<init>] [INFO] 日志实例已初始化...
[2020-04-12 16:39:37:202] [vo.logVo.LogVo.<init>] [INFO] 日志实例已初始化...
[2020-04-12 16:39:37:203] [vo.logVo.LogVo.<init>] [INFO] 日志实例已初始化...
[2020-04-12 16:39:37:203] [vo.logVo.LogVo.<init>] [INFO] 日志实例已初始化...
[2020-04-12 16:39:37:204] [vo.logVo.LogVo.<init>] [INFO] 日志实例已初始化...
[2020-04-12 16:39:37:204] [vo.logVo.LogVo.<init>] [INFO] 日志实例已初始化...
[2020-04-12 16:39:37:205] [vo.logVo.LogVo.<init>] [INFO] 日志实例已初始化...
[2020-04-12 16:39:37:205] [vo.logVo.LogVo.<init>] [INFO] 日志实例已初始化...
[2020-04-12 16:39:37:206] [vo.logVo.LogVo.<init>] [INFO] 日志实例已初始化...
[2020-04-12 16:39:37:207] [vo.logVo.LogVo.<init>] [INFO] 日志实例已初始化...
[2020-04-12 16:39:37:207] [vo.logVo.LogVo.<init>] [INFO] 日志实例已初始化...
[2020-04-12 16:39:37:208] [vo.logVo.LogVo.<init>] [INFO] 日志实例已初始化...
[2020-04-12 16:39:37:208] [vo.logVo.LogVo.<init>] [INFO] 日志实例已初始化...
[2020-04-12 16:39:37:209] [vo.logVo.LogVo.<init>] [INFO] 日志实例已初始化...
[2020-04-12 16:39:37:209] [vo.logVo.LogVo.<init>] [INFO] 日志实例已初始化...
[2020-04-12 16:39:37:210] [vo.logVo.LogVo.<init>] [INFO] 日志实例已初始化...
[2020-04-12 16:39:37:210] [vo.logVo.LogVo.<init>] [INFO] 日志实例已初始化...
[2020-04-12 16:39:37:211] [vo.logVo.LogVo.<init>] [INFO] 日志实例已初始化...
[2020-04-12 16:39:37:211] [vo.logVo.LogVo.<init>] [INFO] 日志实例已初始化...
[2020-04-12 16:39:37:212] [vo.logVo.LogVo.<init>] [INFO] 日志实例已初始化...
[2020-04-12 16:39:37:213] [vo.logVo.LogVo.<init>] [INFO] 日志实例已初始化...
[2020-04-12 16:39:37:214] [vo.logVo.LogVo.<init>] [INFO] 日志实例已初始化...
[2020-04-12 16:39:37:215] [vo.logVo.LogVo.<init>] [INFO] 日志实例已初始化...
[2020-04-12 16:39:37:215] [vo.logVo.LogVo.<init>] [INFO] 日志实例已初始化...
[2020-04-12 16:39:37:216] [vo.logVo.LogVo.<init>] [INFO] 日志实例已初始化...
[2020-04-12 16:39:37:216] [vo.logVo.LogVo.<init>] [INFO] 日志实例已初始化...
[2020-04-12 16:39:37:216] [vo.logVo.LogVo.<init>] [INFO] 日志实例已初始化...
[2020-04-12 16:39:37:217] [vo.logVo.LogVo.<init>] [INFO] 日志实例已初始化...
[2020-04-12 16:39:37:218] [vo.logVo.LogVo.<init>] [INFO] 日志实例已初始化...
[2020-04-12 16:39:37:218] [vo.logVo.LogVo.<init>] [INFO] 日志实例已初始化...
[2020-04-12 16:39:37:219] [vo.logVo.LogVo.<init>] [INFO] 日志实例已初始化...
[2020-04-12 16:39:37:219] [vo.logVo.LogVo.<init>] [INFO] 日志实例已初始化...
[2020-04-12 16:39:37:220] [vo.logVo.LogVo.<init>] [INFO] 日志实例已初始化...
[2020-04-12 16:39:37:221] [vo.logVo.LogVo.<init>] [INFO] 日志实例已初始化...
[2020-04-12 16:39:37:221] [vo.logVo.LogVo.<init>] [INFO] 日志实例已初始化...
[2020-04-12 16:39:37:222] [vo.logVo.LogVo.<init>] [INFO] 日志实例已初始化...
[2020-04-12 16:39:37:222] [vo.logVo.LogVo.<init>] [INFO] 日志实例已初始化...
[2020-04-12 16:39:37:223] [vo.logVo.LogVo.<init>] [INFO] 日志实例已初始化...
[2020-04-12 16:39:37:223] [vo.logVo.LogVo.<init>] [INFO] 日志实例已初始化...
[2020-04-12 16:39:37:223] [vo.logVo.LogVo.<init>] [INFO] 日志实例已初始化...
[2020-04-12 16:39:37:224] [vo.logVo.LogVo.<init>] [INFO] 日志实例已初始化...
[2020-04-12 16:39:37:224] [vo.logVo.LogVo.<init>] [INFO] 日志实例已初始化...
[2020-04-12 16:39:37:224] [vo.logVo.LogVo.<init>] [INFO] 日志实例已初始化...
[2020-04-12 16:39:37:225] [vo.logVo.LogVo.<init>] [INFO] 日志实例已初始化...
[2020-04-12 16:39:37:225] [vo.logVo.LogVo.<init>] [INFO] 日志实例已初始化...
[2020-04-12 16:39:37:226] [vo.logVo.LogVo.<init>] [INFO] 日志实例已初始化...
[2020-04-12 16:39:37:226] [vo.logVo.LogVo.<init>] [INFO] 日志实例已初始化...
[2020-04-12 16:39:37:228] [vo.logVo.LogVo.<init>] [INFO] 日志实例已初始化...
[2020-04-12 16:39:37:228] [vo.logVo.LogVo.<init>] [INFO] 日志实例已初始化...
[2020-04-12 16:39:37:229] [vo.logVo.LogVo.<init>] [INFO] 日志实例已初始化...
[2020-04-12 16:39:37:229] [vo.logVo.LogVo.<init>] [INFO] 日志实例已初始化...
[2020-04-12 16:39:37:230] [vo.logVo.LogVo.<init>] [INFO] 日志实例已初始化...
[2020-04-12 16:39:37:230] [vo.logVo.LogVo.<init>] [INFO] 日志实例已初始化...
[2020-04-12 16:39:37:231] [vo.logVo.LogVo.<init>] [INFO] 日志实例已初始化...
[2020-04-12 16:39:37:231] [vo.logVo.LogVo.<init>] [INFO] 日志实例已初始化...
[2020-04-12 16:39:37:232] [vo.logVo.LogVo.<init>] [INFO] 日志实例已初始化...
[2020-04-12 16:39:37:232] [vo.logVo.LogVo.<init>] [INFO] 日志实例已初始化...
[2020-04-12 16:39:37:233] [vo.logVo.LogVo.<init>] [INFO] 日志实例已初始化...
[2020-04-12 16:39:37:233] [vo.logVo.LogVo.<init>] [INFO] 日志实例已初始化...
[2020-04-12 16:39:37:234] [vo.logVo.LogVo.<init>] [INFO] 日志实例已初始化...
[2020-04-12 16:39:37:234] [vo.logVo.LogVo.<init>] [INFO] 日志实例已初始化...
[2020-04-12 16:39:37:234] [vo.logVo.LogVo.<init>] [INFO] 日志实例已初始化...
[2020-04-12 16:39:37:235] [vo.logVo.LogVo.<init>] [INFO] 日志实例已初始化...
[2020-04-12 16:39:37:235] [vo.logVo.LogVo.<init>] [INFO] 日志实例已初始化...
[2020-04-12 16:39:37:236] [vo.logVo.LogVo.<init>] [INFO] 日志实例已初始化...
[2020-04-12 16:39:37:236] [vo.logVo.LogVo.<init>] [INFO] 日志实例已初始化...
[2020-04-12 16:39:37:237] [vo.logVo.LogVo.<init>] [INFO] 日志实例已初始化...
[2020-04-12 16:39:37:237] [vo.logVo.LogVo.<init>] [INFO] 日志实例已初始化...
[2020-04-12 16:39:37:238] [vo.logVo.LogVo.<init>] [INFO] 日志实例已初始化...
[2020-04-12 16:39:37:238] [vo.logVo.LogVo.<init>] [INFO] 日志实例已初始化...
[2020-04-12 16:39:37:238] [vo.logVo.LogVo.<init>] [INFO] 日志实例已初始化...
[2020-04-12 16:39:37:239] [vo.logVo.LogVo.<init>] [INFO] 日志实例已初始化...
[2020-04-12 16:39:37:239] [vo.logVo.LogVo.<init>] [INFO] 日志实例已初始化...
[2020-04-12 16:39:37:240] [vo.logVo.LogVo.<init>] [INFO] 日志实例已初始化...
[2020-04-12 16:39:37:240] [vo.logVo.LogVo.<init>] [INFO] 日志实例已初始化...
[2020-04-12 16:39:37:241] [vo.logVo.LogVo.<init>] [INFO] 日志实例已初始化...
[2020-04-12 16:39:37:241] [vo.logVo.LogVo.<init>] [INFO] 日志实例已初始化...
[2020-04-12 16:39:37:242] [vo.logVo.LogVo.<init>] [INFO] 日志实例已初始化...
[2020-04-12 16:39:37:242] [vo.logVo.LogVo.<init>] [INFO] 日志实例已初始化...
[2020-04-12 16:39:37:242] [vo.logVo.LogVo.<init>] [INFO] 日志实例已初始化...
[2020-04-12 16:39:37:243] [vo.logVo.LogVo.<init>] [INFO] 日志实例已初始化...
[2020-04-12 16:39:37:243] [vo.logVo.LogVo.<init>] [INFO] 日志实例已初始化...
[2020-04-12 16:39:37:243] [vo.logVo.LogVo.<init>] [INFO] 日志实例已初始化...
[2020-04-12 16:39:37:244] [vo.logVo.LogVo.<init>] [INFO] 日志实例已初始化...
[2020-04-12 16:39:37:244] [vo.logVo.LogVo.<init>] [INFO] 日志实例已初始化...
[2020-04-12 16:39:37:245] [vo.logVo.LogVo.<init>] [INFO] 日志实例已初始化...
[2020-04-12 16:39:37:245] [vo.logVo.LogVo.<init>] [INFO] 日志实例已初始化...
[2020-04-12 16:39:37:245] [vo.logVo.LogVo.<init>] [INFO] 日志实例已初始化...
[2020-04-12 16:39:37:246] [vo.logVo.LogVo.<init>] [INFO] 日志实例已初始化...
[2020-04-12 16:39:37:246] [vo.logVo.LogVo.<init>] [INFO] 日志实例已初始化...
[2020-04-12 16:39:37:246] [vo.logVo.LogVo.<init>] [INFO] 日志实例已初始化...
[2020-04-12 16:39:37:246] [vo.logVo.LogVo.<init>] [INFO] 日志实例已初始化...
[2020-04-12 16:39:37:247] [vo.logVo.LogVo.<init>] [INFO] 日志实例已初始化...
[2020-04-12 16:39:37:247] [vo.logVo.LogVo.<init>] [INFO] 日志实例已初始化...
[2020-04-12 16:39:37:248] [vo.logVo.LogVo.<init>] [INFO] 日志实例已初始化...
[2020-04-12 16:39:37:248] [vo.logVo.LogVo.<init>] [INFO] 日志实例已初始化...
[2020-04-12 16:39:37:249] [vo.logVo.LogVo.<init>] [INFO] 日志实例已初始化...
[2020-04-12 16:39:37:249] [vo.logVo.LogVo.<init>] [INFO] 日志实例已初始化...
[2020-04-12 16:39:37:249] [vo.logVo.LogVo.<init>] [INFO] 日志实例已初始化...
[2020-04-12 16:39:37:250] [vo.logVo.LogVo.<init>] [INFO] 日志实例已初始化...
[2020-04-12 16:39:37:250] [vo.logVo.LogVo.<init>] [INFO] 日志实例已初始化...
[2020-04-12 16:39:37:250] [vo.logVo.LogVo.<init>] [INFO] 日志实例已初始化...
[2020-04-12 16:39:37:251] [vo.logVo.LogVo.<init>] [INFO] 日志实例已初始化...
[2020-04-12 16:39:37:251] [vo.logVo.LogVo.<init>] [INFO] 日志实例已初始化...
[2020-04-12 16:39:37:251] [vo.logVo.LogVo.<init>] [INFO] 日志实例已初始化...
[2020-04-12 16:39:37:252] [vo.logVo.LogVo.<init>] [INFO] 日志实例已初始化...
[2020-04-12 16:39:37:252] [vo.logVo.LogVo.<init>] [INFO] 日志实例已初始化...
[2020-04-12 16:39:37:253] [vo.logVo.LogVo.<init>] [INFO] 日志实例已初始化...
[2020-04-12 16:39:37:253] [vo.logVo.LogVo.<init>] [INFO] 日志实例已初始化...
[2020-04-12 16:39:37:253] [vo.logVo.LogVo.<init>] [INFO] 日志实例已初始化...
[2020-04-12 16:39:37:254] [vo.logVo.LogVo.<init>] [INFO] 日志实例已初始化...
[2020-04-12 16:39:37:254] [vo.logVo.LogVo.<init>] [INFO] 日志实例已初始化...
[2020-04-12 16:39:37:255] [vo.logVo.LogVo.<init>] [INFO] 日志实例已初始化...
[2020-04-12 16:39:37:255] [vo.logVo.LogVo.<init>] [INFO] 日志实例已初始化...
[2020-04-12 16:39:37:256] [vo.logVo.LogVo.<init>] [INFO] 日志实例已初始化...
[2020-04-12 16:39:37:256] [vo.logVo.LogVo.<init>] [INFO] 日志实例已初始化...
[2020-04-12 16:39:37:257] [vo.logVo.LogVo.<init>] [INFO] 日志实例已初始化...
[2020-04-12 16:39:37:257] [vo.logVo.LogVo.<init>] [INFO] 日志实例已初始化...
[2020-04-12 16:39:37:257] [vo.logVo.LogVo.<init>] [INFO] 日志实例已初始化...
[2020-04-12 16:39:37:258] [vo.logVo.LogVo.<init>] [INFO] 日志实例已初始化...
[2020-04-12 16:39:37:259] [vo.logVo.LogVo.<init>] [INFO] 日志实例已初始化...
[2020-04-12 16:39:37:259] [vo.logVo.LogVo.<init>] [INFO] 日志实例已初始化...
[2020-04-12 16:39:37:259] [vo.logVo.LogVo.<init>] [INFO] 日志实例已初始化...
[2020-04-12 16:39:37:260] [vo.logVo.LogVo.<init>] [INFO] 日志实例已初始化...
[2020-04-12 16:39:37:261] [vo.logVo.LogVo.<init>] [INFO] 日志实例已初始化...
[2020-04-12 16:39:37:261] [vo.logVo.LogVo.<init>] [INFO] 日志实例已初始化...
[2020-04-12 16:39:37:261] [vo.logVo.LogVo.<init>] [INFO] 日志实例已初始化...
[2020-04-12 16:39:37:262] [vo.logVo.LogVo.<init>] [INFO] 日志实例已初始化...
[2020-04-12 16:39:37:262] [vo.logVo.LogVo.<init>] [INFO] 日志实例已初始化...
[2020-04-12 16:39:37:262] [vo.logVo.LogVo.<init>] [INFO] 日志实例已初始化...
[2020-04-12 16:39:37:263] [vo.logVo.LogVo.<init>] [INFO] 日志实例已初始化...
[2020-04-12 16:39:37:263] [vo.logVo.LogVo.<init>] [INFO] 日志实例已初始化...
[2020-04-12 16:39:37:263] [vo.logVo.LogVo.<init>] [INFO] 日志实例已初始化...
[2020-04-12 16:39:37:264] [vo.logVo.LogVo.<init>] [INFO] 日志实例已初始化...
[2020-04-12 16:39:37:264] [vo.logVo.LogVo.<init>] [INFO] 日志实例已初始化...
[2020-04-12 16:39:37:265] [vo.logVo.LogVo.<init>] [INFO] 日志实例已初始化...
[2020-04-12 16:39:37:265] [vo.logVo.LogVo.<init>] [INFO] 日志实例已初始化...
[2020-04-12 16:39:37:265] [vo.logVo.LogVo.<init>] [INFO] 日志实例已初始化...
[2020-04-12 16:39:37:266] [vo.logVo.LogVo.<init>] [INFO] 日志实例已初始化...
[2020-04-12 16:39:37:266] [vo.logVo.LogVo.<init>] [INFO] 日志实例已初始化...
[2020-04-12 16:39:37:266] [vo.logVo.LogVo.<init>] [INFO] 日志实例已初始化...
[2020-04-12 16:39:37:267] [vo.logVo.LogVo.<init>] [INFO] 日志实例已初始化...
[2020-04-12 16:39:37:267] [vo.logVo.LogVo.<init>] [INFO] 日志实例已初始化...
[2020-04-12 16:39:37:267] [vo.logVo.LogVo.<init>] [INFO] 日志实例已初始化...
[2020-04-12 16:39:37:268] [vo.logVo.LogVo.<init>] [INFO] 日志实例已初始化...
[2020-04-12 16:39:37:268] [vo.logVo.LogVo.<init>] [INFO] 日志实例已初始化...
[2020-04-12 16:39:37:269] [vo.logVo.LogVo.<init>] [INFO] 日志实例已初始化...
[2020-04-12 16:39:37:269] [vo.logVo.LogVo.<init>] [INFO] 日志实例已初始化...
[2020-04-12 16:39:37:270] [vo.logVo.LogVo.<init>] [INFO] 日志实例已初始化...
[2020-04-12 16:39:37:270] [vo.logVo.LogVo.<init>] [INFO] 日志实例已初始化...
[2020-04-12 16:39:37:270] [vo.logVo.LogVo.<init>] [INFO] 日志实例已初始化...
[2020-04-12 16:39:37:271] [vo.logVo.LogVo.<init>] [INFO] 日志实例已初始化...
[2020-04-12 16:39:37:271] [vo.logVo.LogVo.<init>] [INFO] 日志实例已初始化...
[2020-04-12 16:39:37:272] [vo.logVo.LogVo.<init>] [INFO] 日志实例已初始化...
[2020-04-12 16:39:37:272] [vo.logVo.LogVo.<init>] [INFO] 日志实例已初始化...
[2020-04-12 16:39:37:272] [vo.logVo.LogVo.<init>] [INFO] 日志实例已初始化...
[2020-04-12 16:39:37:273] [vo.logVo.LogVo.<init>] [INFO] 日志实例已初始化...
[2020-04-12 16:39:37:273] [vo.logVo.LogVo.<init>] [INFO] 日志实例已初始化...
[2020-04-12 16:39:37:274] [vo.logVo.LogVo.<init>] [INFO] 日志实例已初始化...
[2020-04-12 16:39:37:274] [vo.logVo.LogVo.<init>] [INFO] 日志实例已初始化...
[2020-04-12 16:39:37:274] [vo.logVo.LogVo.<init>] [INFO] 日志实例已初始化...
[2020-04-12 16:39:37:274] [vo.logVo.LogVo.<init>] [INFO] 日志实例已初始化...
[2020-04-12 16:39:37:275] [vo.logVo.LogVo.<init>] [INFO] 日志实例已初始化...
[2020-04-12 16:39:37:275] [vo.logVo.LogVo.<init>] [INFO] 日志实例已初始化...
[2020-04-12 16:39:37:275] [vo.logVo.LogVo.<init>] [INFO] 日志实例已初始化...
[2020-04-12 16:39:37:276] [vo.logVo.LogVo.<init>] [INFO] 日志实例已初始化...
[2020-04-12 16:39:37:276] [vo.logVo.LogVo.<init>] [INFO] 日志实例已初始化...
[2020-04-12 16:39:37:276] [vo.logVo.LogVo.<init>] [INFO] 日志实例已初始化...
[2020-04-12 16:39:37:277] [vo.logVo.LogVo.<init>] [INFO] 日志实例已初始化...
[2020-04-12 16:39:37:277] [vo.logVo.LogVo.<init>] [INFO] 日志实例已初始化...
[2020-04-12 16:39:37:278] [vo.logVo.LogVo.<init>] [INFO] 日志实例已初始化...
[2020-04-12 16:39:37:278] [vo.logVo.LogVo.<init>] [INFO] 日志实例已初始化...
[2020-04-12 16:39:37:278] [vo.logVo.LogVo.<init>] [INFO] 日志实例已初始化...
[2020-04-12 16:39:37:279] [vo.logVo.LogVo.<init>] [INFO] 日志实例已初始化...
[2020-04-12 16:39:37:279] [vo.logVo.LogVo.<init>] [INFO] 日志实例已初始化...
[2020-04-12 16:39:37:280] [vo.logVo.LogVo.<init>] [INFO] 日志实例已初始化...
[2020-04-12 16:39:37:280] [vo.logVo.LogVo.<init>] [INFO] 日志实例已初始化...
[2020-04-12 16:39:37:280] [vo.logVo.LogVo.<init>] [INFO] 日志实例已初始化...
[2020-04-12 16:39:37:281] [vo.logVo.LogVo.<init>] [INFO] 日志实例已初始化...
[2020-04-12 16:39:37:281] [vo.logVo.LogVo.<init>] [INFO] 日志实例已初始化...
[2020-04-12 16:39:37:281] [vo.logVo.LogVo.<init>] [INFO] 日志实例已初始化...
[2020-04-12 16:39:37:282] [vo.logVo.LogVo.<init>] [INFO] 日志实例已初始化...
[2020-04-12 16:39:37:283] [vo.logVo.LogVo.<init>] [INFO] 日志实例已初始化...
[2020-04-12 16:39:37:284] [vo.logVo.LogVo.<init>] [INFO] 日志实例已初始化...
[2020-04-12 16:39:37:284] [vo.logVo.LogVo.<init>] [INFO] 日志实例已初始化...
[2020-04-12 16:39:37:285] [vo.logVo.LogVo.<init>] [INFO] 日志实例已初始化...
[2020-04-12 16:39:37:287] [vo.logVo.LogVo.<init>] [INFO] 日志实例已初始化...
[2020-04-12 16:39:37:288] [vo.logVo.LogVo.<init>] [INFO] 日志实例已初始化...
[2020-04-12 16:39:37:289] [vo.logVo.LogVo.<init>] [INFO] 日志实例已初始化...
[2020-04-12 16:39:37:289] [vo.logVo.LogVo.<init>] [INFO] 日志实例已初始化...
[2020-04-12 16:39:37:290] [vo.logVo.LogVo.<init>] [INFO] 日志实例已初始化...
[2020-04-12 16:39:37:292] [vo.logVo.LogVo.<init>] [INFO] 日志实例已初始化...
[2020-04-12 16:39:37:292] [vo.logVo.LogVo.<init>] [INFO] 日志实例已初始化...
[2020-04-12 16:39:37:293] [vo.logVo.LogVo.<init>] [INFO] 日志实例已初始化...
[2020-04-12 16:39:37:294] [vo.logVo.LogVo.<init>] [INFO] 日志实例已初始化...
[2020-04-12 16:39:37:294] [vo.logVo.LogVo.<init>] [INFO] 日志实例已初始化...
[2020-04-12 16:39:37:294] [vo.logVo.LogVo.<init>] [INFO] 日志实例已初始化...
[2020-04-12 16:39:37:295] [vo.logVo.LogVo.<init>] [INFO] 日志实例已初始化...
[2020-04-12 16:39:37:295] [vo.logVo.LogVo.<init>] [INFO] 日志实例已初始化...
[2020-04-12 16:39:37:296] [vo.logVo.LogVo.<init>] [INFO] 日志实例已初始化...
[2020-04-12 16:39:37:296] [vo.logVo.LogVo.<init>] [INFO] 日志实例已初始化...
[2020-04-12 16:39:37:297] [vo.logVo.LogVo.<init>] [INFO] 日志实例已初始化...
[2020-04-12 16:39:37:297] [vo.logVo.LogVo.<init>] [INFO] 日志实例已初始化...
[2020-04-12 16:39:37:298] [vo.logVo.LogVo.<init>] [INFO] 日志实例已初始化...
[2020-04-12 16:39:37:298] [vo.logVo.LogVo.<init>] [INFO] 日志实例已初始化...
[2020-04-12 16:39:37:299] [vo.logVo.LogVo.<init>] [INFO] 日志实例已初始化...
[2020-04-12 16:39:37:299] [vo.logVo.LogVo.<init>] [INFO] 日志实例已初始化...
[2020-04-12 16:39:37:300] [vo.logVo.LogVo.<init>] [INFO] 日志实例已初始化...
[2020-04-12 16:39:37:300] [vo.logVo.LogVo.<init>] [INFO] 日志实例已初始化...
[2020-04-12 16:39:37:301] [vo.logVo.LogVo.<init>] [INFO] 日志实例已初始化...
[2020-04-12 16:39:37:302] [vo.logVo.LogVo.<init>] [INFO] 日志实例已初始化...
[2020-04-12 16:39:37:303] [vo.logVo.LogVo.<init>] [INFO] 日志实例已初始化...
[2020-04-12 16:39:37:304] [vo.logVo.LogVo.<init>] [INFO] 日志实例已初始化...
[2020-04-12 16:39:37:306] [vo.logVo.LogVo.<init>] [INFO] 日志实例已初始化...
[2020-04-12 16:39:37:307] [vo.logVo.LogVo.<init>] [INFO] 日志实例已初始化...
[2020-04-12 16:39:37:308] [vo.logVo.LogVo.<init>] [INFO] 日志实例已初始化...
[2020-04-12 16:39:37:309] [vo.logVo.LogVo.<init>] [INFO] 日志实例已初始化...
[2020-04-12 16:39:37:309] [vo.logVo.LogVo.<init>] [INFO] 日志实例已初始化...
[2020-04-12 16:39:37:310] [vo.logVo.LogVo.<init>] [INFO] 日志实例已初始化...
[2020-04-12 16:39:37:310] [vo.logVo.LogVo.<init>] [INFO] 日志实例已初始化...
[2020-04-12 16:39:37:311] [vo.logVo.LogVo.<init>] [INFO] 日志实例已初始化...
[2020-04-12 16:39:37:311] [vo.logVo.LogVo.<init>] [INFO] 日志实例已初始化...
[2020-04-12 16:39:37:312] [vo.logVo.LogVo.<init>] [INFO] 日志实例已初始化...
[2020-04-12 16:39:37:312] [vo.logVo.LogVo.<init>] [INFO] 日志实例已初始化...
[2020-04-12 16:39:37:313] [vo.logVo.LogVo.<init>] [INFO] 日志实例已初始化...
[2020-04-12 16:39:37:314] [vo.logVo.LogVo.<init>] [INFO] 日志实例已初始化...
[2020-04-12 16:39:37:315] [vo.logVo.LogVo.<init>] [INFO] 日志实例已初始化...
[2020-04-12 16:39:37:315] [vo.logVo.LogVo.<init>] [INFO] 日志实例已初始化...
[2020-04-12 16:39:37:315] [vo.logVo.LogVo.<init>] [INFO] 日志实例已初始化...
[2020-04-12 16:39:37:316] [vo.logVo.LogVo.<init>] [INFO] 日志实例已初始化...
[2020-04-12 16:39:37:316] [vo.logVo.LogVo.<init>] [INFO] 日志实例已初始化...
[2020-04-12 16:39:37:317] [vo.logVo.LogVo.<init>] [INFO] 日志实例已初始化...
[2020-04-12 16:39:37:317] [vo.logVo.LogVo.<init>] [INFO] 日志实例已初始化...
[2020-04-12 16:39:37:318] [vo.logVo.LogVo.<init>] [INFO] 日志实例已初始化...
[2020-04-12 16:39:37:319] [vo.logVo.LogVo.<init>] [INFO] 日志实例已初始化...
[2020-04-12 16:39:37:320] [vo.logVo.LogVo.<init>] [INFO] 日志实例已初始化...
[2020-04-12 16:39:37:321] [vo.logVo.LogVo.<init>] [INFO] 日志实例已初始化...
[2020-04-12 16:39:37:321] [vo.logVo.LogVo.<init>] [INFO] 日志实例已初始化...
[2020-04-12 16:39:37:322] [vo.logVo.LogVo.<init>] [INFO] 日志实例已初始化...
[2020-04-12 16:39:37:323] [vo.logVo.LogVo.<init>] [INFO] 日志实例已初始化...
[2020-04-12 16:39:37:324] [vo.logVo.LogVo.<init>] [INFO] 日志实例已初始化...
[2020-04-12 16:39:37:324] [vo.logVo.LogVo.<init>] [INFO] 日志实例已初始化...
[2020-04-12 16:39:37:325] [vo.logVo.LogVo.<init>] [INFO] 日志实例已初始化...
[2020-04-12 16:39:37:325] [vo.logVo.LogVo.<init>] [INFO] 日志实例已初始化...
[2020-04-12 16:39:37:326] [vo.logVo.LogVo.<init>] [INFO] 日志实例已初始化...
[2020-04-12 16:39:37:326] [vo.logVo.LogVo.<init>] [INFO] 日志实例已初始化...
[2020-04-12 16:39:37:327] [vo.logVo.LogVo.<init>] [INFO] 日志实例已初始化...
[2020-04-12 16:39:37:327] [vo.logVo.LogVo.<init>] [INFO] 日志实例已初始化...
[2020-04-12 16:39:37:328] [vo.logVo.LogVo.<init>] [INFO] 日志实例已初始化...
[2020-04-12 16:39:37:328] [vo.logVo.LogVo.<init>] [INFO] 日志实例已初始化...
[2020-04-12 16:39:37:329] [vo.logVo.LogVo.<init>] [INFO] 日志实例已初始化...
[2020-04-12 16:39:37:330] [vo.logVo.LogVo.<init>] [INFO] 日志实例已初始化...
[2020-04-12 16:39:37:330] [vo.logVo.LogVo.<init>] [INFO] 日志实例已初始化...
[2020-04-12 16:39:37:331] [vo.logVo.LogVo.<init>] [INFO] 日志实例已初始化...
[2020-04-12 16:39:37:331] [vo.logVo.LogVo.<init>] [INFO] 日志实例已初始化...
[2020-04-12 16:39:37:332] [vo.logVo.LogVo.<init>] [INFO] 日志实例已初始化...
[2020-04-12 16:39:37:332] [vo.logVo.LogVo.<init>] [INFO] 日志实例已初始化...
[2020-04-12 16:39:37:333] [vo.logVo.LogVo.<init>] [INFO] 日志实例已初始化...
[2020-04-12 16:39:37:333] [vo.logVo.LogVo.<init>] [INFO] 日志实例已初始化...
[2020-04-12 16:39:37:334] [vo.logVo.LogVo.<init>] [INFO] 日志实例已初始化...
[2020-04-12 16:39:37:334] [vo.logVo.LogVo.<init>] [INFO] 日志实例已初始化...
[2020-04-12 16:39:37:335] [vo.logVo.LogVo.<init>] [INFO] 日志实例已初始化...
[2020-04-12 16:39:37:335] [vo.logVo.LogVo.<init>] [INFO] 日志实例已初始化...
[2020-04-12 16:39:37:336] [vo.logVo.LogVo.<init>] [INFO] 日志实例已初始化...
[2020-04-12 16:39:37:337] [vo.logVo.LogVo.<init>] [INFO] 日志实例已初始化...
[2020-04-12 16:39:37:337] [vo.logVo.LogVo.<init>] [INFO] 日志实例已初始化...
[2020-04-12 16:39:37:338] [vo.logVo.LogVo.<init>] [INFO] 日志实例已初始化...
[2020-04-12 16:39:37:339] [vo.logVo.LogVo.<init>] [INFO] 日志实例已初始化...
[2020-04-12 16:39:37:339] [vo.logVo.LogVo.<init>] [INFO] 日志实例已初始化...
[2020-04-12 16:39:37:340] [vo.logVo.LogVo.<init>] [INFO] 日志实例已初始化...
[2020-04-12 16:39:37:340] [vo.logVo.LogVo.<init>] [INFO] 日志实例已初始化...
[2020-04-12 16:39:37:341] [vo.logVo.LogVo.<init>] [INFO] 日志实例已初始化...
[2020-04-12 16:39:37:341] [vo.logVo.LogVo.<init>] [INFO] 日志实例已初始化...
[2020-04-12 16:39:37:342] [vo.logVo.LogVo.<init>] [INFO] 日志实例已初始化...
[2020-04-12 16:39:37:342] [vo.logVo.LogVo.<init>] [INFO] 日志实例已初始化...
[2020-04-12 16:39:37:343] [vo.logVo.LogVo.<init>] [INFO] 日志实例已初始化...
[2020-04-12 16:39:37:344] [vo.logVo.LogVo.<init>] [INFO] 日志实例已初始化...
[2020-04-12 16:39:37:344] [vo.logVo.LogVo.<init>] [INFO] 日志实例已初始化...
[2020-04-12 16:39:37:345] [vo.logVo.LogVo.<init>] [INFO] 日志实例已初始化...
[2020-04-12 16:39:37:346] [vo.logVo.LogVo.<init>] [INFO] 日志实例已初始化...
[2020-04-12 16:39:37:346] [vo.logVo.LogVo.<init>] [INFO] 日志实例已初始化...
[2020-04-12 16:39:37:347] [vo.logVo.LogVo.<init>] [INFO] 日志实例已初始化...
[2020-04-12 16:39:37:347] [vo.logVo.LogVo.<init>] [INFO] 日志实例已初始化...
[2020-04-12 16:39:37:348] [vo.logVo.LogVo.<init>] [INFO] 日志实例已初始化...
[2020-04-12 16:39:37:348] [vo.logVo.LogVo.<init>] [INFO] 日志实例已初始化...
[2020-04-12 16:39:37:349] [vo.logVo.LogVo.<init>] [INFO] 日志实例已初始化...
[2020-04-12 16:39:37:349] [vo.logVo.LogVo.<init>] [INFO] 日志实例已初始化...
[2020-04-12 16:39:37:349] [vo.logVo.LogVo.<init>] [INFO] 日志实例已初始化...
[2020-04-12 16:39:37:350] [vo.logVo.LogVo.<init>] [INFO] 日志实例已初始化...
[2020-04-12 16:39:37:351] [vo.logVo.LogVo.<init>] [INFO] 日志实例已初始化...
[2020-04-12 16:39:37:351] [vo.logVo.LogVo.<init>] [INFO] 日志实例已初始化...
[2020-04-12 16:39:37:351] [vo.logVo.LogVo.<init>] [INFO] 日志实例已初始化...
[2020-04-12 16:39:37:353] [vo.logVo.LogVo.<init>] [INFO] 日志实例已初始化...
[2020-04-12 16:39:37:353] [vo.logVo.LogVo.<init>] [INFO] 日志实例已初始化...
[2020-04-12 16:39:37:354] [vo.logVo.LogVo.<init>] [INFO] 日志实例已初始化...
[2020-04-12 16:39:37:355] [vo.logVo.LogVo.<init>] [INFO] 日志实例已初始化...
[2020-04-12 16:39:37:355] [vo.logVo.LogVo.<init>] [INFO] 日志实例已初始化...
[2020-04-12 16:39:37:356] [vo.logVo.LogVo.<init>] [INFO] 日志实例已初始化...
[2020-04-12 16:39:37:356] [vo.logVo.LogVo.<init>] [INFO] 日志实例已初始化...
[2020-04-12 16:39:37:357] [vo.logVo.LogVo.<init>] [INFO] 日志实例已初始化...
[2020-04-12 16:39:37:357] [vo.logVo.LogVo.<init>] [INFO] 日志实例已初始化...
[2020-04-12 16:39:37:358] [vo.logVo.LogVo.<init>] [INFO] 日志实例已初始化...
[2020-04-12 16:39:37:358] [vo.logVo.LogVo.<init>] [INFO] 日志实例已初始化...
[2020-04-12 16:39:37:359] [vo.logVo.LogVo.<init>] [INFO] 日志实例已初始化...
[2020-04-12 16:39:37:359] [vo.logVo.LogVo.<init>] [INFO] 日志实例已初始化...
[2020-04-12 16:39:37:360] [vo.logVo.LogVo.<init>] [INFO] 日志实例已初始化...
[2020-04-12 16:39:37:360] [vo.logVo.LogVo.<init>] [INFO] 日志实例已初始化...
[2020-04-12 16:39:37:361] [vo.logVo.LogVo.<init>] [INFO] 日志实例已初始化...
[2020-04-12 16:39:37:361] [vo.logVo.LogVo.<init>] [INFO] 日志实例已初始化...
[2020-04-12 16:39:37:392] [vo.logVo.LogVo.<init>] [INFO] 日志实例已初始化...
[2020-04-12 16:39:37:400] [vo.logVo.LogVo.<init>] [INFO] 日志实例已初始化...
[2020-04-12 16:40:12:552] [vo.logVo.LogVo.<init>] [INFO] 日志实例已初始化...
[2020-04-12 16:40:12:580] [vo.logVo.LogVo.<init>] [INFO] 日志实例已初始化...
[2020-04-12 16:40:12:606] [vo.logVo.LogVo.<init>] [INFO] 日志实例已初始化...
[2020-04-12 16:40:12:629] [vo.logVo.LogVo.<init>] [INFO] 日志实例已初始化...
[2020-04-12 16:40:12:649] [vo.logVo.LogVo.<init>] [INFO] 日志实例已初始化...
[2020-04-12 16:40:12:671] [vo.logVo.LogVo.<init>] [INFO] 日志实例已初始化...
[2020-04-12 16:40:12:692] [vo.logVo.LogVo.<init>] [INFO] 日志实例已初始化...
[2020-04-12 16:40:12:715] [vo.logVo.LogVo.<init>] [INFO] 日志实例已初始化...
[2020-04-12 16:40:12:736] [vo.logVo.LogVo.<init>] [INFO] 日志实例已初始化...
[2020-04-12 16:40:12:753] [vo.logVo.LogVo.<init>] [INFO] 日志实例已初始化...
[2020-04-12 16:40:12:771] [vo.logVo.LogVo.<init>] [INFO] 日志实例已初始化...
[2020-04-12 16:40:12:790] [vo.logVo.LogVo.<init>] [INFO] 日志实例已初始化...
[2020-04-12 16:40:12:811] [vo.logVo.LogVo.<init>] [INFO] 日志实例已初始化...
[2020-04-12 16:40:12:825] [vo.logVo.LogVo.<init>] [INFO] 日志实例已初始化...
[2020-04-12 16:40:12:843] [vo.logVo.LogVo.<init>] [INFO] 日志实例已初始化...
[2020-04-12 16:40:12:859] [vo.logVo.LogVo.<init>] [INFO] 日志实例已初始化...
[2020-04-12 16:40:12:877] [vo.logVo.LogVo.<init>] [INFO] 日志实例已初始化...
[2020-04-12 16:40:12:892] [vo.logVo.LogVo.<init>] [INFO] 日志实例已初始化...
[2020-04-12 16:40:12:910] [vo.logVo.LogVo.<init>] [INFO] 日志实例已初始化...
[2020-04-12 16:40:12:927] [vo.logVo.LogVo.<init>] [INFO] 日志实例已初始化...
[2020-04-12 16:40:12:939] [vo.logVo.LogVo.<init>] [INFO] 日志实例已初始化...
[2020-04-12 16:40:12:951] [vo.logVo.LogVo.<init>] [INFO] 日志实例已初始化...
[2020-04-12 16:40:12:965] [vo.logVo.LogVo.<init>] [INFO] 日志实例已初始化...
[2020-04-12 16:40:12:979] [vo.logVo.LogVo.<init>] [INFO] 日志实例已初始化...
[2020-04-12 16:40:12:995] [vo.logVo.LogVo.<init>] [INFO] 日志实例已初始化...
[2020-04-12 16:40:13:012] [vo.logVo.LogVo.<init>] [INFO] 日志实例已初始化...
[2020-04-12 16:40:13:024] [vo.logVo.LogVo.<init>] [INFO] 日志实例已初始化...
[2020-04-12 16:40:13:036] [vo.logVo.LogVo.<init>] [INFO] 日志实例已初始化...
[2020-04-12 16:40:13:051] [vo.logVo.LogVo.<init>] [INFO] 日志实例已初始化...
[2020-04-12 16:40:13:065] [vo.logVo.LogVo.<init>] [INFO] 日志实例已初始化...
[2020-04-12 16:40:13:078] [vo.logVo.LogVo.<init>] [INFO] 日志实例已初始化...
[2020-04-12 16:40:13:089] [vo.logVo.LogVo.<init>] [INFO] 日志实例已初始化...
[2020-04-12 16:40:13:103] [vo.logVo.LogVo.<init>] [INFO] 日志实例已初始化...
[2020-04-12 16:40:13:117] [vo.logVo.LogVo.<init>] [INFO] 日志实例已初始化...
[2020-04-12 16:40:13:133] [vo.logVo.LogVo.<init>] [INFO] 日志实例已初始化...
[2020-04-12 16:40:13:167] [vo.logVo.LogVo.<init>] [INFO] 日志实例已初始化...
[2020-04-12 16:40:13:180] [vo.logVo.LogVo.<init>] [INFO] 日志实例已初始化...
[2020-04-12 16:40:13:191] [vo.logVo.LogVo.<init>] [INFO] 日志实例已初始化...
[2020-04-12 16:40:13:208] [vo.logVo.LogVo.<init>] [INFO] 日志实例已初始化...
[2020-04-12 16:40:13:228] [vo.logVo.LogVo.<init>] [INFO] 日志实例已初始化...
[2020-04-12 16:40:13:242] [vo.logVo.LogVo.<init>] [INFO] 日志实例已初始化...
[2020-04-12 16:40:13:256] [vo.logVo.LogVo.<init>] [INFO] 日志实例已初始化...
[2020-04-12 16:40:13:269] [vo.logVo.LogVo.<init>] [INFO] 日志实例已初始化...
[2020-04-12 16:40:13:285] [vo.logVo.LogVo.<init>] [INFO] 日志实例已初始化...
[2020-04-12 16:40:13:298] [vo.logVo.LogVo.<init>] [INFO] 日志实例已初始化...
[2020-04-12 16:40:13:311] [vo.logVo.LogVo.<init>] [INFO] 日志实例已初始化...
[2020-04-12 16:40:13:327] [vo.logVo.LogVo.<init>] [INFO] 日志实例已初始化...
[2020-04-12 16:40:13:340] [vo.logVo.LogVo.<init>] [INFO] 日志实例已初始化...
[2020-04-12 16:40:13:356] [vo.logVo.LogVo.<init>] [INFO] 日志实例已初始化...
[2020-04-12 16:40:13:368] [vo.logVo.LogVo.<init>] [INFO] 日志实例已初始化...
[2020-04-12 16:40:13:380] [vo.logVo.LogVo.<init>] [INFO] 日志实例已初始化...
[2020-04-12 16:40:13:395] [vo.logVo.LogVo.<init>] [INFO] 日志实例已初始化...
[2020-04-12 16:40:13:410] [vo.logVo.LogVo.<init>] [INFO] 日志实例已初始化...
[2020-04-12 16:40:13:423] [vo.logVo.LogVo.<init>] [INFO] 日志实例已初始化...
[2020-04-12 16:40:13:436] [vo.logVo.LogVo.<init>] [INFO] 日志实例已初始化...
[2020-04-12 16:40:13:447] [vo.logVo.LogVo.<init>] [INFO] 日志实例已初始化...
[2020-04-12 16:40:13:462] [vo.logVo.LogVo.<init>] [INFO] 日志实例已初始化...
[2020-04-12 16:40:13:478] [vo.logVo.LogVo.<init>] [INFO] 日志实例已初始化...
[2020-04-12 16:40:13:491] [vo.logVo.LogVo.<init>] [INFO] 日志实例已初始化...
[2020-04-12 16:40:13:503] [vo.logVo.LogVo.<init>] [INFO] 日志实例已初始化...
[2020-04-12 16:40:13:515] [vo.logVo.LogVo.<init>] [INFO] 日志实例已初始化...
[2020-04-12 16:40:13:531] [vo.logVo.LogVo.<init>] [INFO] 日志实例已初始化...
[2020-04-12 16:40:13:548] [vo.logVo.LogVo.<init>] [INFO] 日志实例已初始化...
[2020-04-12 16:40:13:571] [vo.logVo.LogVo.<init>] [INFO] 日志实例已初始化...
[2020-04-12 16:40:13:592] [vo.logVo.LogVo.<init>] [INFO] 日志实例已初始化...
[2020-04-12 16:40:13:615] [vo.logVo.LogVo.<init>] [INFO] 日志实例已初始化...
[2020-04-12 16:40:13:634] [vo.logVo.LogVo.<init>] [INFO] 日志实例已初始化...
[2020-04-12 16:40:13:652] [vo.logVo.LogVo.<init>] [INFO] 日志实例已初始化...
[2020-04-12 16:40:13:668] [vo.logVo.LogVo.<init>] [INFO] 日志实例已初始化...
[2020-04-12 16:40:13:686] [vo.logVo.LogVo.<init>] [INFO] 日志实例已初始化...
[2020-04-12 16:40:13:709] [vo.logVo.LogVo.<init>] [INFO] 日志实例已初始化...
[2020-04-12 16:40:13:729] [vo.logVo.LogVo.<init>] [INFO] 日志实例已初始化...
[2020-04-12 16:40:13:749] [vo.logVo.LogVo.<init>] [INFO] 日志实例已初始化...
[2020-04-12 16:40:13:784] [vo.logVo.LogVo.<init>] [INFO] 日志实例已初始化...
[2020-04-12 16:40:13:831] [vo.logVo.LogVo.<init>] [INFO] 日志实例已初始化...
[2020-04-12 16:40:13:851] [vo.logVo.LogVo.<init>] [INFO] 日志实例已初始化...
[2020-04-12 16:40:13:869] [vo.logVo.LogVo.<init>] [INFO] 日志实例已初始化...
[2020-04-12 16:40:13:883] [vo.logVo.LogVo.<init>] [INFO] 日志实例已初始化...
[2020-04-12 16:40:13:898] [vo.logVo.LogVo.<init>] [INFO] 日志实例已初始化...
[2020-04-12 16:40:13:915] [vo.logVo.LogVo.<init>] [INFO] 日志实例已初始化...
[2020-04-12 16:40:13:934] [vo.logVo.LogVo.<init>] [INFO] 日志实例已初始化...
[2020-04-12 16:40:13:950] [vo.logVo.LogVo.<init>] [INFO] 日志实例已初始化...
[2020-04-12 16:40:13:965] [vo.logVo.LogVo.<init>] [INFO] 日志实例已初始化...
[2020-04-12 16:40:13:981] [vo.logVo.LogVo.<init>] [INFO] 日志实例已初始化...
[2020-04-12 16:40:13:998] [vo.logVo.LogVo.<init>] [INFO] 日志实例已初始化...
[2020-04-12 16:40:14:013] [vo.logVo.LogVo.<init>] [INFO] 日志实例已初始化...
[2020-04-12 16:40:14:029] [vo.logVo.LogVo.<init>] [INFO] 日志实例已初始化...
[2020-04-12 16:40:14:046] [vo.logVo.LogVo.<init>] [INFO] 日志实例已初始化...
[2020-04-12 16:40:14:062] [vo.logVo.LogVo.<init>] [INFO] 日志实例已初始化...
[2020-04-12 16:40:14:080] [vo.logVo.LogVo.<init>] [INFO] 日志实例已初始化...
[2020-04-12 16:40:14:096] [vo.logVo.LogVo.<init>] [INFO] 日志实例已初始化...
[2020-04-12 16:40:14:112] [vo.logVo.LogVo.<init>] [INFO] 日志实例已初始化...
[2020-04-12 16:40:14:129] [vo.logVo.LogVo.<init>] [INFO] 日志实例已初始化...
[2020-04-12 16:40:14:145] [vo.logVo.LogVo.<init>] [INFO] 日志实例已初始化...
[2020-04-12 16:40:14:161] [vo.logVo.LogVo.<init>] [INFO] 日志实例已初始化...
[2020-04-12 16:40:14:179] [vo.logVo.LogVo.<init>] [INFO] 日志实例已初始化...
[2020-04-12 16:40:14:193] [vo.logVo.LogVo.<init>] [INFO] 日志实例已初始化...
[2020-04-12 16:40:14:208] [vo.logVo.LogVo.<init>] [INFO] 日志实例已初始化...
[2020-04-12 16:40:14:226] [vo.logVo.LogVo.<init>] [INFO] 日志实例已初始化...
[2020-04-12 16:40:14:243] [vo.logVo.LogVo.<init>] [INFO] 日志实例已初始化...
[2020-04-12 16:40:14:259] [vo.logVo.LogVo.<init>] [INFO] 日志实例已初始化...
[2020-04-12 16:40:14:272] [vo.logVo.LogVo.<init>] [INFO] 日志实例已初始化...
[2020-04-12 16:40:14:285] [vo.logVo.LogVo.<init>] [INFO] 日志实例已初始化...
[2020-04-12 16:40:14:298] [vo.logVo.LogVo.<init>] [INFO] 日志实例已初始化...
[2020-04-12 16:40:14:312] [vo.logVo.LogVo.<init>] [INFO] 日志实例已初始化...
[2020-04-12 16:40:14:327] [vo.logVo.LogVo.<init>] [INFO] 日志实例已初始化...
[2020-04-12 16:40:14:342] [vo.logVo.LogVo.<init>] [INFO] 日志实例已初始化...
[2020-04-12 16:40:14:355] [vo.logVo.LogVo.<init>] [INFO] 日志实例已初始化...
[2020-04-12 16:40:14:370] [vo.logVo.LogVo.<init>] [INFO] 日志实例已初始化...
[2020-04-12 16:40:14:384] [vo.logVo.LogVo.<init>] [INFO] 日志实例已初始化...
[2020-04-12 16:40:14:405] [vo.logVo.LogVo.<init>] [INFO] 日志实例已初始化...
[2020-04-12 16:40:14:422] [vo.logVo.LogVo.<init>] [INFO] 日志实例已初始化...
[2020-04-12 16:40:14:440] [vo.logVo.LogVo.<init>] [INFO] 日志实例已初始化...
[2020-04-12 16:40:14:452] [vo.logVo.LogVo.<init>] [INFO] 日志实例已初始化...
[2020-04-12 16:40:14:464] [vo.logVo.LogVo.<init>] [INFO] 日志实例已初始化...
[2020-04-12 16:40:14:477] [vo.logVo.LogVo.<init>] [INFO] 日志实例已初始化...
[2020-04-12 16:40:14:491] [vo.logVo.LogVo.<init>] [INFO] 日志实例已初始化...
[2020-04-12 16:40:14:505] [vo.logVo.LogVo.<init>] [INFO] 日志实例已初始化...
[2020-04-12 16:40:14:517] [vo.logVo.LogVo.<init>] [INFO] 日志实例已初始化...
[2020-04-12 16:40:14:530] [vo.logVo.LogVo.<init>] [INFO] 日志实例已初始化...
[2020-04-12 16:40:14:544] [vo.logVo.LogVo.<init>] [INFO] 日志实例已初始化...
[2020-04-12 16:40:14:558] [vo.logVo.LogVo.<init>] [INFO] 日志实例已初始化...
[2020-04-12 16:40:14:571] [vo.logVo.LogVo.<init>] [INFO] 日志实例已初始化...
[2020-04-12 16:40:14:583] [vo.logVo.LogVo.<init>] [INFO] 日志实例已初始化...
[2020-04-12 16:40:14:596] [vo.logVo.LogVo.<init>] [INFO] 日志实例已初始化...
[2020-04-12 16:40:14:610] [vo.logVo.LogVo.<init>] [INFO] 日志实例已初始化...
[2020-04-12 16:40:14:623] [vo.logVo.LogVo.<init>] [INFO] 日志实例已初始化...
[2020-04-12 16:40:14:635] [vo.logVo.LogVo.<init>] [INFO] 日志实例已初始化...
[2020-04-12 16:40:14:646] [vo.logVo.LogVo.<init>] [INFO] 日志实例已初始化...
[2020-04-12 16:40:14:661] [vo.logVo.LogVo.<init>] [INFO] 日志实例已初始化...
[2020-04-12 16:40:14:675] [vo.logVo.LogVo.<init>] [INFO] 日志实例已初始化...
[2020-04-12 16:40:14:689] [vo.logVo.LogVo.<init>] [INFO] 日志实例已初始化...
[2020-04-12 16:40:14:703] [vo.logVo.LogVo.<init>] [INFO] 日志实例已初始化...
[2020-04-12 16:40:14:714] [vo.logVo.LogVo.<init>] [INFO] 日志实例已初始化...
[2020-04-12 16:40:14:726] [vo.logVo.LogVo.<init>] [INFO] 日志实例已初始化...
[2020-04-12 16:40:14:739] [vo.logVo.LogVo.<init>] [INFO] 日志实例已初始化...
[2020-04-12 16:40:14:753] [vo.logVo.LogVo.<init>] [INFO] 日志实例已初始化...
[2020-04-12 16:40:14:769] [vo.logVo.LogVo.<init>] [INFO] 日志实例已初始化...
[2020-04-12 16:40:14:782] [vo.logVo.LogVo.<init>] [INFO] 日志实例已初始化...
[2020-04-12 16:40:14:795] [vo.logVo.LogVo.<init>] [INFO] 日志实例已初始化...
[2020-04-12 16:40:14:807] [vo.logVo.LogVo.<init>] [INFO] 日志实例已初始化...
[2020-04-12 16:40:14:821] [vo.logVo.LogVo.<init>] [INFO] 日志实例已初始化...
[2020-04-12 16:40:14:836] [vo.logVo.LogVo.<init>] [INFO] 日志实例已初始化...
[2020-04-12 16:40:14:852] [vo.logVo.LogVo.<init>] [INFO] 日志实例已初始化...
[2020-04-12 16:40:14:865] [vo.logVo.LogVo.<init>] [INFO] 日志实例已初始化...
[2020-04-12 16:40:14:879] [vo.logVo.LogVo.<init>] [INFO] 日志实例已初始化...
[2020-04-12 16:40:14:897] [vo.logVo.LogVo.<init>] [INFO] 日志实例已初始化...
[2020-04-12 16:40:14:913] [vo.logVo.LogVo.<init>] [INFO] 日志实例已初始化...
[2020-04-12 16:40:14:929] [vo.logVo.LogVo.<init>] [INFO] 日志实例已初始化...
[2020-04-12 16:40:14:942] [vo.logVo.LogVo.<init>] [INFO] 日志实例已初始化...
[2020-04-12 16:40:14:953] [vo.logVo.LogVo.<init>] [INFO] 日志实例已初始化...
[2020-04-12 16:40:14:966] [vo.logVo.LogVo.<init>] [INFO] 日志实例已初始化...
[2020-04-12 16:40:14:979] [vo.logVo.LogVo.<init>] [INFO] 日志实例已初始化...
[2020-04-12 16:40:14:997] [vo.logVo.LogVo.<init>] [INFO] 日志实例已初始化...
[2020-04-12 16:40:15:016] [vo.logVo.LogVo.<init>] [INFO] 日志实例已初始化...
[2020-04-12 16:40:15:029] [vo.logVo.LogVo.<init>] [INFO] 日志实例已初始化...
[2020-04-12 16:40:15:040] [vo.logVo.LogVo.<init>] [INFO] 日志实例已初始化...
[2020-04-12 16:40:15:050] [vo.logVo.LogVo.<init>] [INFO] 日志实例已初始化...
[2020-04-12 16:40:15:061] [vo.logVo.LogVo.<init>] [INFO] 日志实例已初始化...
[2020-04-12 16:40:15:071] [vo.logVo.LogVo.<init>] [INFO] 日志实例已初始化...
[2020-04-12 16:40:15:081] [vo.logVo.LogVo.<init>] [INFO] 日志实例已初始化...
[2020-04-12 16:40:15:092] [vo.logVo.LogVo.<init>] [INFO] 日志实例已初始化...
[2020-04-12 16:40:15:102] [vo.logVo.LogVo.<init>] [INFO] 日志实例已初始化...
[2020-04-12 16:40:15:112] [vo.logVo.LogVo.<init>] [INFO] 日志实例已初始化...
[2020-04-12 16:40:15:122] [vo.logVo.LogVo.<init>] [INFO] 日志实例已初始化...
[2020-04-12 16:40:15:132] [vo.logVo.LogVo.<init>] [INFO] 日志实例已初始化...
[2020-04-12 16:40:15:142] [vo.logVo.LogVo.<init>] [INFO] 日志实例已初始化...
[2020-04-12 16:40:15:152] [vo.logVo.LogVo.<init>] [INFO] 日志实例已初始化...
[2020-04-12 16:40:15:162] [vo.logVo.LogVo.<init>] [INFO] 日志实例已初始化...
[2020-04-12 16:40:15:173] [vo.logVo.LogVo.<init>] [INFO] 日志实例已初始化...
[2020-04-12 16:40:15:185] [vo.logVo.LogVo.<init>] [INFO] 日志实例已初始化...
[2020-04-12 16:40:15:195] [vo.logVo.LogVo.<init>] [INFO] 日志实例已初始化...
[2020-04-12 16:40:15:204] [vo.logVo.LogVo.<init>] [INFO] 日志实例已初始化...
[2020-04-12 16:40:15:214] [vo.logVo.LogVo.<init>] [INFO] 日志实例已初始化...
[2020-04-12 16:40:15:224] [vo.logVo.LogVo.<init>] [INFO] 日志实例已初始化...
[2020-04-12 16:40:15:233] [vo.logVo.LogVo.<init>] [INFO] 日志实例已初始化...
[2020-04-12 16:40:15:243] [vo.logVo.LogVo.<init>] [INFO] 日志实例已初始化...
[2020-04-12 16:40:15:253] [vo.logVo.LogVo.<init>] [INFO] 日志实例已初始化...
[2020-04-12 16:40:15:263] [vo.logVo.LogVo.<init>] [INFO] 日志实例已初始化...
[2020-04-12 16:40:15:273] [vo.logVo.LogVo.<init>] [INFO] 日志实例已初始化...
[2020-04-12 16:40:15:283] [vo.logVo.LogVo.<init>] [INFO] 日志实例已初始化...
[2020-04-12 16:40:15:293] [vo.logVo.LogVo.<init>] [INFO] 日志实例已初始化...
[2020-04-12 16:40:15:303] [vo.logVo.LogVo.<init>] [INFO] 日志实例已初始化...
[2020-04-12 16:40:15:314] [vo.logVo.LogVo.<init>] [INFO] 日志实例已初始化...
[2020-04-12 16:40:15:324] [vo.logVo.LogVo.<init>] [INFO] 日志实例已初始化...
[2020-04-12 16:40:15:333] [vo.logVo.LogVo.<init>] [INFO] 日志实例已初始化...
[2020-04-12 16:40:15:344] [vo.logVo.LogVo.<init>] [INFO] 日志实例已初始化...
[2020-04-12 16:40:15:354] [vo.logVo.LogVo.<init>] [INFO] 日志实例已初始化...
[2020-04-12 16:40:15:365] [vo.logVo.LogVo.<init>] [INFO] 日志实例已初始化...
[2020-04-12 16:40:15:374] [vo.logVo.LogVo.<init>] [INFO] 日志实例已初始化...
[2020-04-12 16:40:15:384] [vo.logVo.LogVo.<init>] [INFO] 日志实例已初始化...
[2020-04-12 16:40:15:395] [vo.logVo.LogVo.<init>] [INFO] 日志实例已初始化...
[2020-04-12 16:40:15:405] [vo.logVo.LogVo.<init>] [INFO] 日志实例已初始化...
[2020-04-12 16:40:15:415] [vo.logVo.LogVo.<init>] [INFO] 日志实例已初始化...
[2020-04-12 16:40:15:425] [vo.logVo.LogVo.<init>] [INFO] 日志实例已初始化...
[2020-04-12 16:40:15:437] [vo.logVo.LogVo.<init>] [INFO] 日志实例已初始化...
[2020-04-12 16:40:15:447] [vo.logVo.LogVo.<init>] [INFO] 日志实例已初始化...
[2020-04-12 16:40:15:456] [vo.logVo.LogVo.<init>] [INFO] 日志实例已初始化...
[2020-04-12 16:40:15:466] [vo.logVo.LogVo.<init>] [INFO] 日志实例已初始化...
[2020-04-12 16:40:15:475] [vo.logVo.LogVo.<init>] [INFO] 日志实例已初始化...
[2020-04-12 16:40:15:486] [vo.logVo.LogVo.<init>] [INFO] 日志实例已初始化...
[2020-04-12 16:40:15:497] [vo.logVo.LogVo.<init>] [INFO] 日志实例已初始化...
[2020-04-12 16:40:15:509] [vo.logVo.LogVo.<init>] [INFO] 日志实例已初始化...
[2020-04-12 16:40:15:519] [vo.logVo.LogVo.<init>] [INFO] 日志实例已初始化...
[2020-04-12 16:40:15:529] [vo.logVo.LogVo.<init>] [INFO] 日志实例已初始化...
[2020-04-12 16:40:15:540] [vo.logVo.LogVo.<init>] [INFO] 日志实例已初始化...
[2020-04-12 16:40:15:551] [vo.logVo.LogVo.<init>] [INFO] 日志实例已初始化...
[2020-04-12 16:40:15:561] [vo.logVo.LogVo.<init>] [INFO] 日志实例已初始化...
[2020-04-12 16:40:15:571] [vo.logVo.LogVo.<init>] [INFO] 日志实例已初始化...
[2020-04-12 16:40:15:582] [vo.logVo.LogVo.<init>] [INFO] 日志实例已初始化...
[2020-04-12 16:40:15:594] [vo.logVo.LogVo.<init>] [INFO] 日志实例已初始化...
[2020-04-12 16:40:15:605] [vo.logVo.LogVo.<init>] [INFO] 日志实例已初始化...
[2020-04-12 16:40:15:616] [vo.logVo.LogVo.<init>] [INFO] 日志实例已初始化...
[2020-04-12 16:40:15:626] [vo.logVo.LogVo.<init>] [INFO] 日志实例已初始化...
[2020-04-12 16:40:15:637] [vo.logVo.LogVo.<init>] [INFO] 日志实例已初始化...
[2020-04-12 16:40:15:646] [vo.logVo.LogVo.<init>] [INFO] 日志实例已初始化...
[2020-04-12 16:40:15:657] [vo.logVo.LogVo.<init>] [INFO] 日志实例已初始化...
[2020-04-12 16:40:15:668] [vo.logVo.LogVo.<init>] [INFO] 日志实例已初始化...
[2020-04-12 16:40:15:677] [vo.logVo.LogVo.<init>] [INFO] 日志实例已初始化...
[2020-04-12 16:40:15:688] [vo.logVo.LogVo.<init>] [INFO] 日志实例已初始化...
[2020-04-12 16:40:15:701] [vo.logVo.LogVo.<init>] [INFO] 日志实例已初始化...
[2020-04-12 16:40:15:711] [vo.logVo.LogVo.<init>] [INFO] 日志实例已初始化...
[2020-04-12 16:40:15:722] [vo.logVo.LogVo.<init>] [INFO] 日志实例已初始化...
[2020-04-12 16:40:15:732] [vo.logVo.LogVo.<init>] [INFO] 日志实例已初始化...
[2020-04-12 16:40:15:742] [vo.logVo.LogVo.<init>] [INFO] 日志实例已初始化...
[2020-04-12 16:40:15:753] [vo.logVo.LogVo.<init>] [INFO] 日志实例已初始化...
[2020-04-12 16:40:15:763] [vo.logVo.LogVo.<init>] [INFO] 日志实例已初始化...
[2020-04-12 16:40:15:774] [vo.logVo.LogVo.<init>] [INFO] 日志实例已初始化...
[2020-04-12 16:40:15:786] [vo.logVo.LogVo.<init>] [INFO] 日志实例已初始化...
[2020-04-12 16:40:15:795] [vo.logVo.LogVo.<init>] [INFO] 日志实例已初始化...
[2020-04-12 16:40:15:805] [vo.logVo.LogVo.<init>] [INFO] 日志实例已初始化...
[2020-04-12 16:40:15:816] [vo.logVo.LogVo.<init>] [INFO] 日志实例已初始化...
[2020-04-12 16:40:15:826] [vo.logVo.LogVo.<init>] [INFO] 日志实例已初始化...
[2020-04-12 16:40:15:840] [vo.logVo.LogVo.<init>] [INFO] 日志实例已初始化...
[2020-04-12 16:40:15:850] [vo.logVo.LogVo.<init>] [INFO] 日志实例已初始化...
[2020-04-12 16:40:15:860] [vo.logVo.LogVo.<init>] [INFO] 日志实例已初始化...
[2020-04-12 16:40:15:872] [vo.logVo.LogVo.<init>] [INFO] 日志实例已初始化...
[2020-04-12 16:40:15:883] [vo.logVo.LogVo.<init>] [INFO] 日志实例已初始化...
[2020-04-12 16:40:15:893] [vo.logVo.LogVo.<init>] [INFO] 日志实例已初始化...
[2020-04-12 16:40:15:903] [vo.logVo.LogVo.<init>] [INFO] 日志实例已初始化...
[2020-04-12 16:40:15:913] [vo.logVo.LogVo.<init>] [INFO] 日志实例已初始化...
[2020-04-12 16:40:15:924] [vo.logVo.LogVo.<init>] [INFO] 日志实例已初始化...
[2020-04-12 16:40:15:934] [vo.logVo.LogVo.<init>] [INFO] 日志实例已初始化...
[2020-04-12 16:40:15:943] [vo.logVo.LogVo.<init>] [INFO] 日志实例已初始化...
[2020-04-12 16:40:15:955] [vo.logVo.LogVo.<init>] [INFO] 日志实例已初始化...
[2020-04-12 16:40:15:965] [vo.logVo.LogVo.<init>] [INFO] 日志实例已初始化...
[2020-04-12 16:40:15:974] [vo.logVo.LogVo.<init>] [INFO] 日志实例已初始化...
[2020-04-12 16:40:15:985] [vo.logVo.LogVo.<init>] [INFO] 日志实例已初始化...
[2020-04-12 16:40:15:996] [vo.logVo.LogVo.<init>] [INFO] 日志实例已初始化...
[2020-04-12 16:40:16:007] [vo.logVo.LogVo.<init>] [INFO] 日志实例已初始化...
[2020-04-12 16:40:16:017] [vo.logVo.LogVo.<init>] [INFO] 日志实例已初始化...
[2020-04-12 16:40:16:027] [vo.logVo.LogVo.<init>] [INFO] 日志实例已初始化...
[2020-04-12 16:40:16:038] [vo.logVo.LogVo.<init>] [INFO] 日志实例已初始化...
[2020-04-12 16:40:16:048] [vo.logVo.LogVo.<init>] [INFO] 日志实例已初始化...
[2020-04-12 16:40:16:058] [vo.logVo.LogVo.<init>] [INFO] 日志实例已初始化...
[2020-04-12 16:40:16:067] [vo.logVo.LogVo.<init>] [INFO] 日志实例已初始化...
[2020-04-12 16:40:16:078] [vo.logVo.LogVo.<init>] [INFO] 日志实例已初始化...
[2020-04-12 16:40:16:088] [vo.logVo.LogVo.<init>] [INFO] 日志实例已初始化...
[2020-04-12 16:40:16:100] [vo.logVo.LogVo.<init>] [INFO] 日志实例已初始化...
[2020-04-12 16:40:16:109] [vo.logVo.LogVo.<init>] [INFO] 日志实例已初始化...
[2020-04-12 16:40:16:119] [vo.logVo.LogVo.<init>] [INFO] 日志实例已初始化...
[2020-04-12 16:40:16:131] [vo.logVo.LogVo.<init>] [INFO] 日志实例已初始化...
[2020-04-12 16:40:16:141] [vo.logVo.LogVo.<init>] [INFO] 日志实例已初始化...
[2020-04-12 16:40:16:150] [vo.logVo.LogVo.<init>] [INFO] 日志实例已初始化...
[2020-04-12 16:40:16:160] [vo.logVo.LogVo.<init>] [INFO] 日志实例已初始化...
[2020-04-12 16:40:16:171] [vo.logVo.LogVo.<init>] [INFO] 日志实例已初始化...
[2020-04-12 16:40:16:181] [vo.logVo.LogVo.<init>] [INFO] 日志实例已初始化...
[2020-04-12 16:40:16:191] [vo.logVo.LogVo.<init>] [INFO] 日志实例已初始化...
[2020-04-12 16:40:16:202] [vo.logVo.LogVo.<init>] [INFO] 日志实例已初始化...
[2020-04-12 16:40:16:215] [vo.logVo.LogVo.<init>] [INFO] 日志实例已初始化...
[2020-04-12 16:40:16:225] [vo.logVo.LogVo.<init>] [INFO] 日志实例已初始化...
[2020-04-12 16:40:16:236] [vo.logVo.LogVo.<init>] [INFO] 日志实例已初始化...
[2020-04-12 16:40:16:246] [vo.logVo.LogVo.<init>] [INFO] 日志实例已初始化...
[2020-04-12 16:40:16:259] [vo.logVo.LogVo.<init>] [INFO] 日志实例已初始化...
[2020-04-12 16:40:16:271] [vo.logVo.LogVo.<init>] [INFO] 日志实例已初始化...
[2020-04-12 16:40:16:283] [vo.logVo.LogVo.<init>] [INFO] 日志实例已初始化...
[2020-04-12 16:40:16:294] [vo.logVo.LogVo.<init>] [INFO] 日志实例已初始化...
[2020-04-12 16:40:16:306] [vo.logVo.LogVo.<init>] [INFO] 日志实例已初始化...
[2020-04-12 16:40:16:317] [vo.logVo.LogVo.<init>] [INFO] 日志实例已初始化...
[2020-04-12 16:40:16:327] [vo.logVo.LogVo.<init>] [INFO] 日志实例已初始化...
[2020-04-12 16:40:16:337] [vo.logVo.LogVo.<init>] [INFO] 日志实例已初始化...
[2020-04-12 16:40:16:347] [vo.logVo.LogVo.<init>] [INFO] 日志实例已初始化...
[2020-04-12 16:40:16:357] [vo.logVo.LogVo.<init>] [INFO] 日志实例已初始化...
[2020-04-12 16:40:16:367] [vo.logVo.LogVo.<init>] [INFO] 日志实例已初始化...
[2020-04-12 16:40:16:377] [vo.logVo.LogVo.<init>] [INFO] 日志实例已初始化...
[2020-04-12 16:40:16:388] [vo.logVo.LogVo.<init>] [INFO] 日志实例已初始化...
[2020-04-12 16:40:16:397] [vo.logVo.LogVo.<init>] [INFO] 日志实例已初始化...
[2020-04-12 16:40:16:408] [vo.logVo.LogVo.<init>] [INFO] 日志实例已初始化...
[2020-04-12 16:40:16:418] [vo.logVo.LogVo.<init>] [INFO] 日志实例已初始化...
[2020-04-12 16:40:16:430] [vo.logVo.LogVo.<init>] [INFO] 日志实例已初始化...
[2020-04-12 16:40:16:446] [vo.logVo.LogVo.<init>] [INFO] 日志实例已初始化...
[2020-04-12 16:40:16:458] [vo.logVo.LogVo.<init>] [INFO] 日志实例已初始化...
[2020-04-12 16:40:16:470] [vo.logVo.LogVo.<init>] [INFO] 日志实例已初始化...
[2020-04-12 16:40:16:480] [vo.logVo.LogVo.<init>] [INFO] 日志实例已初始化...
[2020-04-12 16:40:16:490] [vo.logVo.LogVo.<init>] [INFO] 日志实例已初始化...
[2020-04-12 16:40:16:501] [vo.logVo.LogVo.<init>] [INFO] 日志实例已初始化...
[2020-04-12 16:40:16:512] [vo.logVo.LogVo.<init>] [INFO] 日志实例已初始化...
[2020-04-12 16:40:16:524] [vo.logVo.LogVo.<init>] [INFO] 日志实例已初始化...
[2020-04-12 16:40:16:534] [vo.logVo.LogVo.<init>] [INFO] 日志实例已初始化...
[2020-04-12 16:40:16:544] [vo.logVo.LogVo.<init>] [INFO] 日志实例已初始化...
[2020-04-12 16:40:16:557] [vo.logVo.LogVo.<init>] [INFO] 日志实例已初始化...
[2020-04-12 16:40:16:567] [vo.logVo.LogVo.<init>] [INFO] 日志实例已初始化...
[2020-04-12 16:40:16:578] [vo.logVo.LogVo.<init>] [INFO] 日志实例已初始化...
[2020-04-12 16:40:16:588] [vo.logVo.LogVo.<init>] [INFO] 日志实例已初始化...
[2020-04-12 16:40:16:598] [vo.logVo.LogVo.<init>] [INFO] 日志实例已初始化...
[2020-04-12 16:40:16:609] [vo.logVo.LogVo.<init>] [INFO] 日志实例已初始化...
[2020-04-12 16:40:16:619] [vo.logVo.LogVo.<init>] [INFO] 日志实例已初始化...
[2020-04-12 16:40:16:629] [vo.logVo.LogVo.<init>] [INFO] 日志实例已初始化...
[2020-04-12 16:40:16:640] [vo.logVo.LogVo.<init>] [INFO] 日志实例已初始化...
[2020-04-12 16:40:16:651] [vo.logVo.LogVo.<init>] [INFO] 日志实例已初始化...
[2020-04-12 16:40:16:662] [vo.logVo.LogVo.<init>] [INFO] 日志实例已初始化...
[2020-04-12 16:40:16:673] [vo.logVo.LogVo.<init>] [INFO] 日志实例已初始化...
[2020-04-12 16:40:16:683] [vo.logVo.LogVo.<init>] [INFO] 日志实例已初始化...
[2020-04-12 16:40:16:693] [vo.logVo.LogVo.<init>] [INFO] 日志实例已初始化...
[2020-04-12 16:40:16:703] [vo.logVo.LogVo.<init>] [INFO] 日志实例已初始化...
[2020-04-12 16:40:16:714] [vo.logVo.LogVo.<init>] [INFO] 日志实例已初始化...
[2020-04-12 16:40:16:723] [vo.logVo.LogVo.<init>] [INFO] 日志实例已初始化...
[2020-04-12 16:40:16:735] [vo.logVo.LogVo.<init>] [INFO] 日志实例已初始化...
[2020-04-12 16:40:16:746] [vo.logVo.LogVo.<init>] [INFO] 日志实例已初始化...
[2020-04-12 16:40:16:757] [vo.logVo.LogVo.<init>] [INFO] 日志实例已初始化...
[2020-04-12 16:40:16:769] [vo.logVo.LogVo.<init>] [INFO] 日志实例已初始化...
[2020-04-12 16:40:16:780] [vo.logVo.LogVo.<init>] [INFO] 日志实例已初始化...
[2020-04-12 16:40:16:790] [vo.logVo.LogVo.<init>] [INFO] 日志实例已初始化...
[2020-04-12 16:40:16:800] [vo.logVo.LogVo.<init>] [INFO] 日志实例已初始化...
[2020-04-12 16:40:16:811] [vo.logVo.LogVo.<init>] [INFO] 日志实例已初始化...
[2020-04-12 16:40:16:823] [vo.logVo.LogVo.<init>] [INFO] 日志实例已初始化...
[2020-04-12 16:40:16:834] [vo.logVo.LogVo.<init>] [INFO] 日志实例已初始化...
[2020-04-12 16:40:16:865] [vo.logVo.LogVo.<init>] [INFO] 日志实例已初始化...
[2020-04-12 16:40:16:911] [vo.logVo.LogVo.<init>] [INFO] 日志实例已初始化...
[2020-04-12 16:40:16:923] [vo.logVo.LogVo.<init>] [INFO] 日志实例已初始化...
[2020-04-12 16:40:16:937] [vo.logVo.LogVo.<init>] [INFO] 日志实例已初始化...
[2020-04-12 16:40:16:953] [vo.logVo.LogVo.<init>] [INFO] 日志实例已初始化...
[2020-04-12 16:40:16:968] [vo.logVo.LogVo.<init>] [INFO] 日志实例已初始化...
[2020-04-12 16:40:16:979] [vo.logVo.LogVo.<init>] [INFO] 日志实例已初始化...
[2020-04-12 16:40:16:989] [vo.logVo.LogVo.<init>] [INFO] 日志实例已初始化...
[2020-04-12 16:40:17:001] [vo.logVo.LogVo.<init>] [INFO] 日志实例已初始化...
[2020-04-12 16:40:17:012] [vo.logVo.LogVo.<init>] [INFO] 日志实例已初始化...
[2020-04-12 16:40:17:023] [vo.logVo.LogVo.<init>] [INFO] 日志实例已初始化...
[2020-04-12 16:40:17:033] [vo.logVo.LogVo.<init>] [INFO] 日志实例已初始化...
[2020-04-12 16:40:17:044] [vo.logVo.LogVo.<init>] [INFO] 日志实例已初始化...
[2020-04-12 16:40:17:053] [vo.logVo.LogVo.<init>] [INFO] 日志实例已初始化...
[2020-04-12 16:40:17:064] [vo.logVo.LogVo.<init>] [INFO] 日志实例已初始化...
[2020-04-12 16:40:17:074] [vo.logVo.LogVo.<init>] [INFO] 日志实例已初始化...
[2020-04-12 16:40:17:088] [vo.logVo.LogVo.<init>] [INFO] 日志实例已初始化...
[2020-04-12 16:40:17:099] [vo.logVo.LogVo.<init>] [INFO] 日志实例已初始化...
[2020-04-12 16:40:17:108] [vo.logVo.LogVo.<init>] [INFO] 日志实例已初始化...
[2020-04-12 16:40:17:118] [vo.logVo.LogVo.<init>] [INFO] 日志实例已初始化...
[2020-04-12 16:40:17:128] [vo.logVo.LogVo.<init>] [INFO] 日志实例已初始化...
[2020-04-12 16:40:17:139] [vo.logVo.LogVo.<init>] [INFO] 日志实例已初始化...
[2020-04-12 16:40:17:148] [vo.logVo.LogVo.<init>] [INFO] 日志实例已初始化...
[2020-04-12 16:40:17:159] [vo.logVo.LogVo.<init>] [INFO] 日志实例已初始化...
[2020-04-12 16:40:17:170] [vo.logVo.LogVo.<init>] [INFO] 日志实例已初始化...
[2020-04-12 16:40:17:180] [vo.logVo.LogVo.<init>] [INFO] 日志实例已初始化...
[2020-04-12 16:40:17:191] [vo.logVo.LogVo.<init>] [INFO] 日志实例已初始化...
[2020-04-12 16:40:17:201] [vo.logVo.LogVo.<init>] [INFO] 日志实例已初始化...
[2020-04-12 16:40:17:210] [vo.logVo.LogVo.<init>] [INFO] 日志实例已初始化...
[2020-04-12 16:40:17:222] [vo.logVo.LogVo.<init>] [INFO] 日志实例已初始化...
[2020-04-12 16:40:17:233] [vo.logVo.LogVo.<init>] [INFO] 日志实例已初始化...
[2020-04-12 16:40:17:242] [vo.logVo.LogVo.<init>] [INFO] 日志实例已初始化...
[2020-04-12 16:40:17:257] [vo.logVo.LogVo.<init>] [INFO] 日志实例已初始化...
[2020-04-12 16:40:17:269] [vo.logVo.LogVo.<init>] [INFO] 日志实例已初始化...
[2020-04-12 16:40:17:279] [vo.logVo.LogVo.<init>] [INFO] 日志实例已初始化...
[2020-04-12 16:40:17:288] [vo.logVo.LogVo.<init>] [INFO] 日志实例已初始化...
[2020-04-12 16:40:17:299] [vo.logVo.LogVo.<init>] [INFO] 日志实例已初始化...
[2020-04-12 16:40:17:311] [vo.logVo.LogVo.<init>] [INFO] 日志实例已初始化...
[2020-04-12 16:40:17:320] [vo.logVo.LogVo.<init>] [INFO] 日志实例已初始化...
[2020-04-12 16:40:17:330] [vo.logVo.LogVo.<init>] [INFO] 日志实例已初始化...
[2020-04-12 16:40:17:340] [vo.logVo.LogVo.<init>] [INFO] 日志实例已初始化...
[2020-04-12 16:40:17:351] [vo.logVo.LogVo.<init>] [INFO] 日志实例已初始化...
[2020-04-12 16:40:17:361] [vo.logVo.LogVo.<init>] [INFO] 日志实例已初始化...
[2020-04-12 16:40:17:371] [vo.logVo.LogVo.<init>] [INFO] 日志实例已初始化...
[2020-04-12 16:40:17:381] [vo.logVo.LogVo.<init>] [INFO] 日志实例已初始化...
[2020-04-12 16:40:17:391] [vo.logVo.LogVo.<init>] [INFO] 日志实例已初始化...
[2020-04-12 16:40:17:401] [vo.logVo.LogVo.<init>] [INFO] 日志实例已初始化...
[2020-04-12 16:40:17:410] [vo.logVo.LogVo.<init>] [INFO] 日志实例已初始化...
[2020-04-12 16:40:17:421] [vo.logVo.LogVo.<init>] [INFO] 日志实例已初始化...
[2020-04-12 16:40:17:433] [vo.logVo.LogVo.<init>] [INFO] 日志实例已初始化...
[2020-04-12 16:40:17:442] [vo.logVo.LogVo.<init>] [INFO] 日志实例已初始化...
[2020-04-12 16:40:17:452] [vo.logVo.LogVo.<init>] [INFO] 日志实例已初始化...
[2020-04-12 16:40:17:462] [vo.logVo.LogVo.<init>] [INFO] 日志实例已初始化...
[2020-04-12 16:40:17:472] [vo.logVo.LogVo.<init>] [INFO] 日志实例已初始化...
[2020-04-12 16:40:17:482] [vo.logVo.LogVo.<init>] [INFO] 日志实例已初始化...
[2020-04-12 16:40:17:492] [vo.logVo.LogVo.<init>] [INFO] 日志实例已初始化...
[2020-04-12 16:40:17:502] [vo.logVo.LogVo.<init>] [INFO] 日志实例已初始化...
[2020-04-12 16:40:17:512] [vo.logVo.LogVo.<init>] [INFO] 日志实例已初始化...
[2020-04-12 16:40:17:523] [vo.logVo.LogVo.<init>] [INFO] 日志实例已初始化...
[2020-04-12 16:40:17:534] [vo.logVo.LogVo.<init>] [INFO] 日志实例已初始化...
[2020-04-12 16:40:17:543] [vo.logVo.LogVo.<init>] [INFO] 日志实例已初始化...
[2020-04-12 16:40:17:553] [vo.logVo.LogVo.<init>] [INFO] 日志实例已初始化...
[2020-04-12 16:40:17:563] [vo.logVo.LogVo.<init>] [INFO] 日志实例已初始化...
[2020-04-12 16:40:17:574] [vo.logVo.LogVo.<init>] [INFO] 日志实例已初始化...
[2020-04-12 16:40:19:359] [vo.logVo.LogVo.<init>] [INFO] 日志实例已初始化...
[2020-04-12 16:40:19:711] [vo.logVo.LogVo.<init>] [INFO] 日志实例已初始化...
[2020-04-12 16:45:04:076] [util.MyApplicationContextAnnotion.<init>] [INFO] 获取上下文工具类初始化成功!
[2020-04-12 16:45:04:398] [aop.AnnotationCommenAop.<init>] [INFO] 注解式切面已初始化...
[2020-04-12 16:45:05:818] [vo.logVo.LogVo.<init>] [INFO] 日志实例已初始化...
[2020-04-12 16:45:06:331] [aop.ConfigCommenAop.<init>] [INFO] 切面已初始化...
[2020-04-12 16:45:06:388] [vo.logVo.LogVo.<init>] [INFO] 日志实例已初始化...
[2020-04-12 16:45:06:396] [webservice.WebServiceInterface.<init>] [INFO] spring管理web service1
[2020-04-12 16:46:07:141] [vo.logVo.LogVo.<init>] [INFO] 日志实例已初始化...
[2020-04-12 16:46:07:630] [vo.logVo.LogVo.<init>] [INFO] 日志实例已初始化...
[2020-04-12 16:46:07:641] [vo.logVo.LogVo.<init>] [INFO] 日志实例已初始化...
[2020-04-12 16:46:07:666] [vo.logVo.LogVo.<init>] [INFO] 日志实例已初始化...
[2020-04-12 16:46:07:686] [vo.logVo.LogVo.<init>] [INFO] 日志实例已初始化...
[2020-04-12 16:46:07:709] [vo.logVo.LogVo.<init>] [INFO] 日志实例已初始化...
[2020-04-12 16:46:07:715] [vo.logVo.LogVo.<init>] [INFO] 日志实例已初始化...
[2020-04-12 16:46:07:719] [vo.logVo.LogVo.<init>] [INFO] 日志实例已初始化...
[2020-04-12 16:46:07:735] [vo.logVo.LogVo.<init>] [INFO] 日志实例已初始化...
[2020-04-12 16:46:07:745] [vo.logVo.LogVo.<init>] [INFO] 日志实例已初始化...
[2020-04-12 16:46:07:749] [vo.logVo.LogVo.<init>] [INFO] 日志实例已初始化...
[2020-04-12 16:46:07:753] [vo.logVo.LogVo.<init>] [INFO] 日志实例已初始化...
[2020-04-12 16:46:07:757] [vo.logVo.LogVo.<init>] [INFO] 日志实例已初始化...
[2020-04-12 16:46:07:764] [vo.logVo.LogVo.<init>] [INFO] 日志实例已初始化...
[2020-04-12 16:46:07:767] [vo.logVo.LogVo.<init>] [INFO] 日志实例已初始化...
[2020-04-12 16:46:07:770] [vo.logVo.LogVo.<init>] [INFO] 日志实例已初始化...
[2020-04-12 16:46:07:775] [vo.logVo.LogVo.<init>] [INFO] 日志实例已初始化...
[2020-04-12 16:46:07:777] [vo.logVo.LogVo.<init>] [INFO] 日志实例已初始化...
[2020-04-12 16:46:07:780] [vo.logVo.LogVo.<init>] [INFO] 日志实例已初始化...
[2020-04-12 16:46:07:782] [vo.logVo.LogVo.<init>] [INFO] 日志实例已初始化...
[2020-04-12 16:46:07:784] [vo.logVo.LogVo.<init>] [INFO] 日志实例已初始化...
[2020-04-12 16:46:07:787] [vo.logVo.LogVo.<init>] [INFO] 日志实例已初始化...
[2020-04-12 16:46:07:789] [vo.logVo.LogVo.<init>] [INFO] 日志实例已初始化...
[2020-04-12 16:46:07:792] [vo.logVo.LogVo.<init>] [INFO] 日志实例已初始化...
[2020-04-12 16:46:07:795] [vo.logVo.LogVo.<init>] [INFO] 日志实例已初始化...
[2020-04-12 16:46:07:798] [vo.logVo.LogVo.<init>] [INFO] 日志实例已初始化...
[2020-04-12 16:46:07:801] [vo.logVo.LogVo.<init>] [INFO] 日志实例已初始化...
[2020-04-12 16:46:07:804] [vo.logVo.LogVo.<init>] [INFO] 日志实例已初始化...
[2020-04-12 16:46:07:805] [vo.logVo.LogVo.<init>] [INFO] 日志实例已初始化...
[2020-04-12 16:46:07:809] [vo.logVo.LogVo.<init>] [INFO] 日志实例已初始化...
[2020-04-12 16:46:07:811] [vo.logVo.LogVo.<init>] [INFO] 日志实例已初始化...
[2020-04-12 16:46:07:813] [vo.logVo.LogVo.<init>] [INFO] 日志实例已初始化...
[2020-04-12 16:46:07:816] [vo.logVo.LogVo.<init>] [INFO] 日志实例已初始化...
[2020-04-12 16:46:07:818] [vo.logVo.LogVo.<init>] [INFO] 日志实例已初始化...
[2020-04-12 16:46:07:821] [vo.logVo.LogVo.<init>] [INFO] 日志实例已初始化...
[2020-04-12 16:46:07:822] [vo.logVo.LogVo.<init>] [INFO] 日志实例已初始化...
[2020-04-12 16:46:07:825] [vo.logVo.LogVo.<init>] [INFO] 日志实例已初始化...
[2020-04-12 16:46:07:830] [vo.logVo.LogVo.<init>] [INFO] 日志实例已初始化...
[2020-04-12 16:46:07:832] [vo.logVo.LogVo.<init>] [INFO] 日志实例已初始化...
[2020-04-12 16:46:07:834] [vo.logVo.LogVo.<init>] [INFO] 日志实例已初始化...
[2020-04-12 16:46:07:837] [vo.logVo.LogVo.<init>] [INFO] 日志实例已初始化...
[2020-04-12 16:46:07:840] [vo.logVo.LogVo.<init>] [INFO] 日志实例已初始化...
[2020-04-12 16:46:07:842] [vo.logVo.LogVo.<init>] [INFO] 日志实例已初始化...
[2020-04-12 16:46:07:844] [vo.logVo.LogVo.<init>] [INFO] 日志实例已初始化...
[2020-04-12 16:46:07:846] [vo.logVo.LogVo.<init>] [INFO] 日志实例已初始化...
[2020-04-12 16:46:07:849] [vo.logVo.LogVo.<init>] [INFO] 日志实例已初始化...
[2020-04-12 16:46:07:851] [vo.logVo.LogVo.<init>] [INFO] 日志实例已初始化...
[2020-04-12 16:46:07:854] [vo.logVo.LogVo.<init>] [INFO] 日志实例已初始化...
[2020-04-12 16:46:07:856] [vo.logVo.LogVo.<init>] [INFO] 日志实例已初始化...
[2020-04-12 16:46:07:858] [vo.logVo.LogVo.<init>] [INFO] 日志实例已初始化...
[2020-04-12 16:46:07:860] [vo.logVo.LogVo.<init>] [INFO] 日志实例已初始化...
[2020-04-12 16:46:07:861] [vo.logVo.LogVo.<init>] [INFO] 日志实例已初始化...
[2020-04-12 16:46:07:863] [vo.logVo.LogVo.<init>] [INFO] 日志实例已初始化...
[2020-04-12 16:46:07:865] [vo.logVo.LogVo.<init>] [INFO] 日志实例已初始化...
[2020-04-12 16:46:07:867] [vo.logVo.LogVo.<init>] [INFO] 日志实例已初始化...
[2020-04-12 16:46:07:869] [vo.logVo.LogVo.<init>] [INFO] 日志实例已初始化...
[2020-04-12 16:46:07:872] [vo.logVo.LogVo.<init>] [INFO] 日志实例已初始化...
[2020-04-12 16:46:07:874] [vo.logVo.LogVo.<init>] [INFO] 日志实例已初始化...
[2020-04-12 16:46:07:875] [vo.logVo.LogVo.<init>] [INFO] 日志实例已初始化...
[2020-04-12 16:46:07:877] [vo.logVo.LogVo.<init>] [INFO] 日志实例已初始化...
[2020-04-12 16:46:07:879] [vo.logVo.LogVo.<init>] [INFO] 日志实例已初始化...
[2020-04-12 16:46:07:881] [vo.logVo.LogVo.<init>] [INFO] 日志实例已初始化...
[2020-04-12 16:46:07:883] [vo.logVo.LogVo.<init>] [INFO] 日志实例已初始化...
[2020-04-12 16:46:07:884] [vo.logVo.LogVo.<init>] [INFO] 日志实例已初始化...
[2020-04-12 16:46:07:887] [vo.logVo.LogVo.<init>] [INFO] 日志实例已初始化...
[2020-04-12 16:46:07:888] [vo.logVo.LogVo.<init>] [INFO] 日志实例已初始化...
[2020-04-12 16:46:07:891] [vo.logVo.LogVo.<init>] [INFO] 日志实例已初始化...
[2020-04-12 16:46:07:894] [vo.logVo.LogVo.<init>] [INFO] 日志实例已初始化...
[2020-04-12 16:46:07:899] [vo.logVo.LogVo.<init>] [INFO] 日志实例已初始化...
[2020-04-12 16:46:07:904] [vo.logVo.LogVo.<init>] [INFO] 日志实例已初始化...
[2020-04-12 16:46:07:908] [vo.logVo.LogVo.<init>] [INFO] 日志实例已初始化...
[2020-04-12 16:46:07:913] [vo.logVo.LogVo.<init>] [INFO] 日志实例已初始化...
[2020-04-12 16:46:07:917] [vo.logVo.LogVo.<init>] [INFO] 日志实例已初始化...
[2020-04-12 16:46:07:920] [vo.logVo.LogVo.<init>] [INFO] 日志实例已初始化...
[2020-04-12 16:46:07:927] [vo.logVo.LogVo.<init>] [INFO] 日志实例已初始化...
[2020-04-12 16:46:07:933] [vo.logVo.LogVo.<init>] [INFO] 日志实例已初始化...
[2020-04-12 16:46:07:935] [vo.logVo.LogVo.<init>] [INFO] 日志实例已初始化...
[2020-04-12 16:46:07:938] [vo.logVo.LogVo.<init>] [INFO] 日志实例已初始化...
[2020-04-12 16:46:07:940] [vo.logVo.LogVo.<init>] [INFO] 日志实例已初始化...
[2020-04-12 16:46:07:942] [vo.logVo.LogVo.<init>] [INFO] 日志实例已初始化...
[2020-04-12 16:46:07:944] [vo.logVo.LogVo.<init>] [INFO] 日志实例已初始化...
[2020-04-12 16:46:07:947] [vo.logVo.LogVo.<init>] [INFO] 日志实例已初始化...
[2020-04-12 16:46:07:952] [vo.logVo.LogVo.<init>] [INFO] 日志实例已初始化...
[2020-04-12 16:46:07:958] [vo.logVo.LogVo.<init>] [INFO] 日志实例已初始化...
[2020-04-12 16:46:07:961] [vo.logVo.LogVo.<init>] [INFO] 日志实例已初始化...
[2020-04-12 16:46:07:964] [vo.logVo.LogVo.<init>] [INFO] 日志实例已初始化...
[2020-04-12 16:46:07:966] [vo.logVo.LogVo.<init>] [INFO] 日志实例已初始化...
[2020-04-12 16:46:07:970] [vo.logVo.LogVo.<init>] [INFO] 日志实例已初始化...
[2020-04-12 16:46:07:972] [vo.logVo.LogVo.<init>] [INFO] 日志实例已初始化...
[2020-04-12 16:46:07:975] [vo.logVo.LogVo.<init>] [INFO] 日志实例已初始化...
[2020-04-12 16:46:07:977] [vo.logVo.LogVo.<init>] [INFO] 日志实例已初始化...
[2020-04-12 16:46:07:979] [vo.logVo.LogVo.<init>] [INFO] 日志实例已初始化...
[2020-04-12 16:46:07:981] [vo.logVo.LogVo.<init>] [INFO] 日志实例已初始化...
[2020-04-12 16:46:07:983] [vo.logVo.LogVo.<init>] [INFO] 日志实例已初始化...
[2020-04-12 16:46:07:987] [vo.logVo.LogVo.<init>] [INFO] 日志实例已初始化...
[2020-04-12 16:46:07:989] [vo.logVo.LogVo.<init>] [INFO] 日志实例已初始化...
[2020-04-12 16:46:07:991] [vo.logVo.LogVo.<init>] [INFO] 日志实例已初始化...
[2020-04-12 16:46:07:992] [vo.logVo.LogVo.<init>] [INFO] 日志实例已初始化...
[2020-04-12 16:46:07:995] [vo.logVo.LogVo.<init>] [INFO] 日志实例已初始化...
[2020-04-12 16:46:07:998] [vo.logVo.LogVo.<init>] [INFO] 日志实例已初始化...
[2020-04-12 16:46:07:999] [vo.logVo.LogVo.<init>] [INFO] 日志实例已初始化...
[2020-04-12 16:46:08:003] [vo.logVo.LogVo.<init>] [INFO] 日志实例已初始化...
[2020-04-12 16:46:08:005] [vo.logVo.LogVo.<init>] [INFO] 日志实例已初始化...
[2020-04-12 16:46:08:009] [vo.logVo.LogVo.<init>] [INFO] 日志实例已初始化...
[2020-04-12 16:46:08:011] [vo.logVo.LogVo.<init>] [INFO] 日志实例已初始化...
[2020-04-12 16:46:08:014] [vo.logVo.LogVo.<init>] [INFO] 日志实例已初始化...
[2020-04-12 16:46:08:017] [vo.logVo.LogVo.<init>] [INFO] 日志实例已初始化...
[2020-04-12 16:46:08:020] [vo.logVo.LogVo.<init>] [INFO] 日志实例已初始化...
[2020-04-12 16:46:08:022] [vo.logVo.LogVo.<init>] [INFO] 日志实例已初始化...
[2020-04-12 16:46:08:026] [vo.logVo.LogVo.<init>] [INFO] 日志实例已初始化...
[2020-04-12 16:46:08:028] [vo.logVo.LogVo.<init>] [INFO] 日志实例已初始化...
[2020-04-12 16:46:08:030] [vo.logVo.LogVo.<init>] [INFO] 日志实例已初始化...
[2020-04-12 16:46:08:032] [vo.logVo.LogVo.<init>] [INFO] 日志实例已初始化...
[2020-04-12 16:46:08:033] [vo.logVo.LogVo.<init>] [INFO] 日志实例已初始化...
[2020-04-12 16:46:08:036] [vo.logVo.LogVo.<init>] [INFO] 日志实例已初始化...
[2020-04-12 16:46:08:038] [vo.logVo.LogVo.<init>] [INFO] 日志实例已初始化...
[2020-04-12 16:46:08:040] [vo.logVo.LogVo.<init>] [INFO] 日志实例已初始化...
[2020-04-12 16:46:08:042] [vo.logVo.LogVo.<init>] [INFO] 日志实例已初始化...
[2020-04-12 16:46:08:044] [vo.logVo.LogVo.<init>] [INFO] 日志实例已初始化...
[2020-04-12 16:46:08:045] [vo.logVo.LogVo.<init>] [INFO] 日志实例已初始化...
[2020-04-12 16:46:08:047] [vo.logVo.LogVo.<init>] [INFO] 日志实例已初始化...
[2020-04-12 16:46:08:049] [vo.logVo.LogVo.<init>] [INFO] 日志实例已初始化...
[2020-04-12 16:46:08:051] [vo.logVo.LogVo.<init>] [INFO] 日志实例已初始化...
[2020-04-12 16:46:08:053] [vo.logVo.LogVo.<init>] [INFO] 日志实例已初始化...
[2020-04-12 16:46:08:055] [vo.logVo.LogVo.<init>] [INFO] 日志实例已初始化...
[2020-04-12 16:46:08:057] [vo.logVo.LogVo.<init>] [INFO] 日志实例已初始化...
[2020-04-12 16:46:08:060] [vo.logVo.LogVo.<init>] [INFO] 日志实例已初始化...
[2020-04-12 16:46:08:062] [vo.logVo.LogVo.<init>] [INFO] 日志实例已初始化...
[2020-04-12 16:46:08:064] [vo.logVo.LogVo.<init>] [INFO] 日志实例已初始化...
[2020-04-12 16:46:08:066] [vo.logVo.LogVo.<init>] [INFO] 日志实例已初始化...
[2020-04-12 16:46:08:068] [vo.logVo.LogVo.<init>] [INFO] 日志实例已初始化...
[2020-04-12 16:46:08:070] [vo.logVo.LogVo.<init>] [INFO] 日志实例已初始化...
[2020-04-12 16:46:08:072] [vo.logVo.LogVo.<init>] [INFO] 日志实例已初始化...
[2020-04-12 16:46:08:074] [vo.logVo.LogVo.<init>] [INFO] 日志实例已初始化...
[2020-04-12 16:46:08:076] [vo.logVo.LogVo.<init>] [INFO] 日志实例已初始化...
[2020-04-12 16:46:08:080] [vo.logVo.LogVo.<init>] [INFO] 日志实例已初始化...
[2020-04-12 16:46:08:083] [vo.logVo.LogVo.<init>] [INFO] 日志实例已初始化...
[2020-04-12 16:46:08:087] [vo.logVo.LogVo.<init>] [INFO] 日志实例已初始化...
[2020-04-12 16:46:08:090] [vo.logVo.LogVo.<init>] [INFO] 日志实例已初始化...
[2020-04-12 16:46:08:093] [vo.logVo.LogVo.<init>] [INFO] 日志实例已初始化...
[2020-04-12 16:46:08:095] [vo.logVo.LogVo.<init>] [INFO] 日志实例已初始化...
[2020-04-12 16:46:08:098] [vo.logVo.LogVo.<init>] [INFO] 日志实例已初始化...
[2020-04-12 16:46:08:101] [vo.logVo.LogVo.<init>] [INFO] 日志实例已初始化...
[2020-04-12 16:46:08:103] [vo.logVo.LogVo.<init>] [INFO] 日志实例已初始化...
[2020-04-12 16:46:08:105] [vo.logVo.LogVo.<init>] [INFO] 日志实例已初始化...
[2020-04-12 16:46:08:107] [vo.logVo.LogVo.<init>] [INFO] 日志实例已初始化...
[2020-04-12 16:46:08:109] [vo.logVo.LogVo.<init>] [INFO] 日志实例已初始化...
[2020-04-12 16:46:08:111] [vo.logVo.LogVo.<init>] [INFO] 日志实例已初始化...
[2020-04-12 16:46:08:113] [vo.logVo.LogVo.<init>] [INFO] 日志实例已初始化...
[2020-04-12 16:46:08:114] [vo.logVo.LogVo.<init>] [INFO] 日志实例已初始化...
[2020-04-12 16:46:08:116] [vo.logVo.LogVo.<init>] [INFO] 日志实例已初始化...
[2020-04-12 16:46:08:118] [vo.logVo.LogVo.<init>] [INFO] 日志实例已初始化...
[2020-04-12 16:46:08:121] [vo.logVo.LogVo.<init>] [INFO] 日志实例已初始化...
[2020-04-12 16:46:08:123] [vo.logVo.LogVo.<init>] [INFO] 日志实例已初始化...
[2020-04-12 16:46:08:125] [vo.logVo.LogVo.<init>] [INFO] 日志实例已初始化...
[2020-04-12 16:46:08:128] [vo.logVo.LogVo.<init>] [INFO] 日志实例已初始化...
[2020-04-12 16:46:08:129] [vo.logVo.LogVo.<init>] [INFO] 日志实例已初始化...
[2020-04-12 16:46:08:132] [vo.logVo.LogVo.<init>] [INFO] 日志实例已初始化...
[2020-04-12 16:46:08:133] [vo.logVo.LogVo.<init>] [INFO] 日志实例已初始化...
[2020-04-12 16:46:08:135] [vo.logVo.LogVo.<init>] [INFO] 日志实例已初始化...
[2020-04-12 16:46:08:137] [vo.logVo.LogVo.<init>] [INFO] 日志实例已初始化...
[2020-04-12 16:46:08:139] [vo.logVo.LogVo.<init>] [INFO] 日志实例已初始化...
[2020-04-12 16:46:08:141] [vo.logVo.LogVo.<init>] [INFO] 日志实例已初始化...
[2020-04-12 16:46:08:142] [vo.logVo.LogVo.<init>] [INFO] 日志实例已初始化...
[2020-04-12 16:46:08:144] [vo.logVo.LogVo.<init>] [INFO] 日志实例已初始化...
[2020-04-12 16:46:08:149] [vo.logVo.LogVo.<init>] [INFO] 日志实例已初始化...
[2020-04-12 16:46:08:153] [vo.logVo.LogVo.<init>] [INFO] 日志实例已初始化...
[2020-04-12 16:46:08:156] [vo.logVo.LogVo.<init>] [INFO] 日志实例已初始化...
[2020-04-12 16:46:08:160] [vo.logVo.LogVo.<init>] [INFO] 日志实例已初始化...
[2020-04-12 16:46:08:162] [vo.logVo.LogVo.<init>] [INFO] 日志实例已初始化...
[2020-04-12 16:46:08:165] [vo.logVo.LogVo.<init>] [INFO] 日志实例已初始化...
[2020-04-12 16:46:08:171] [vo.logVo.LogVo.<init>] [INFO] 日志实例已初始化...
[2020-04-12 16:46:08:175] [vo.logVo.LogVo.<init>] [INFO] 日志实例已初始化...
[2020-04-12 16:46:08:178] [vo.logVo.LogVo.<init>] [INFO] 日志实例已初始化...
[2020-04-12 16:46:08:181] [vo.logVo.LogVo.<init>] [INFO] 日志实例已初始化...
[2020-04-12 16:46:08:184] [vo.logVo.LogVo.<init>] [INFO] 日志实例已初始化...
[2020-04-12 16:46:08:186] [vo.logVo.LogVo.<init>] [INFO] 日志实例已初始化...
[2020-04-12 16:46:08:189] [vo.logVo.LogVo.<init>] [INFO] 日志实例已初始化...
[2020-04-12 16:46:08:191] [vo.logVo.LogVo.<init>] [INFO] 日志实例已初始化...
[2020-04-12 16:46:08:193] [vo.logVo.LogVo.<init>] [INFO] 日志实例已初始化...
[2020-04-12 16:46:08:195] [vo.logVo.LogVo.<init>] [INFO] 日志实例已初始化...
[2020-04-12 16:46:08:197] [vo.logVo.LogVo.<init>] [INFO] 日志实例已初始化...
[2020-04-12 16:46:08:199] [vo.logVo.LogVo.<init>] [INFO] 日志实例已初始化...
[2020-04-12 16:46:08:202] [vo.logVo.LogVo.<init>] [INFO] 日志实例已初始化...
[2020-04-12 16:46:08:205] [vo.logVo.LogVo.<init>] [INFO] 日志实例已初始化...
[2020-04-12 16:46:08:210] [vo.logVo.LogVo.<init>] [INFO] 日志实例已初始化...
[2020-04-12 16:46:08:214] [vo.logVo.LogVo.<init>] [INFO] 日志实例已初始化...
[2020-04-12 16:46:08:218] [vo.logVo.LogVo.<init>] [INFO] 日志实例已初始化...
[2020-04-12 16:46:08:221] [vo.logVo.LogVo.<init>] [INFO] 日志实例已初始化...
[2020-04-12 16:46:08:224] [vo.logVo.LogVo.<init>] [INFO] 日志实例已初始化...
[2020-04-12 16:46:08:226] [vo.logVo.LogVo.<init>] [INFO] 日志实例已初始化...
[2020-04-12 16:46:08:229] [vo.logVo.LogVo.<init>] [INFO] 日志实例已初始化...
[2020-04-12 16:46:08:231] [vo.logVo.LogVo.<init>] [INFO] 日志实例已初始化...
[2020-04-12 16:46:08:233] [vo.logVo.LogVo.<init>] [INFO] 日志实例已初始化...
[2020-04-12 16:46:08:234] [vo.logVo.LogVo.<init>] [INFO] 日志实例已初始化...
[2020-04-12 16:46:08:237] [vo.logVo.LogVo.<init>] [INFO] 日志实例已初始化...
[2020-04-12 16:46:08:240] [vo.logVo.LogVo.<init>] [INFO] 日志实例已初始化...
[2020-04-12 16:46:08:242] [vo.logVo.LogVo.<init>] [INFO] 日志实例已初始化...
[2020-04-12 16:46:08:244] [vo.logVo.LogVo.<init>] [INFO] 日志实例已初始化...
[2020-04-12 16:46:08:246] [vo.logVo.LogVo.<init>] [INFO] 日志实例已初始化...
[2020-04-12 16:46:08:248] [vo.logVo.LogVo.<init>] [INFO] 日志实例已初始化...
[2020-04-12 16:46:08:250] [vo.logVo.LogVo.<init>] [INFO] 日志实例已初始化...
[2020-04-12 16:46:08:253] [vo.logVo.LogVo.<init>] [INFO] 日志实例已初始化...
[2020-04-12 16:46:08:255] [vo.logVo.LogVo.<init>] [INFO] 日志实例已初始化...
[2020-04-12 16:46:08:257] [vo.logVo.LogVo.<init>] [INFO] 日志实例已初始化...
[2020-04-12 16:46:08:259] [vo.logVo.LogVo.<init>] [INFO] 日志实例已初始化...
[2020-04-12 16:46:08:262] [vo.logVo.LogVo.<init>] [INFO] 日志实例已初始化...
[2020-04-12 16:46:08:264] [vo.logVo.LogVo.<init>] [INFO] 日志实例已初始化...
[2020-04-12 16:46:08:266] [vo.logVo.LogVo.<init>] [INFO] 日志实例已初始化...
[2020-04-12 16:46:08:268] [vo.logVo.LogVo.<init>] [INFO] 日志实例已初始化...
[2020-04-12 16:46:08:270] [vo.logVo.LogVo.<init>] [INFO] 日志实例已初始化...
[2020-04-12 16:46:08:272] [vo.logVo.LogVo.<init>] [INFO] 日志实例已初始化...
[2020-04-12 16:46:08:274] [vo.logVo.LogVo.<init>] [INFO] 日志实例已初始化...
[2020-04-12 16:46:08:275] [vo.logVo.LogVo.<init>] [INFO] 日志实例已初始化...
[2020-04-12 16:46:08:277] [vo.logVo.LogVo.<init>] [INFO] 日志实例已初始化...
[2020-04-12 16:46:08:279] [vo.logVo.LogVo.<init>] [INFO] 日志实例已初始化...
[2020-04-12 16:46:08:282] [vo.logVo.LogVo.<init>] [INFO] 日志实例已初始化...
[2020-04-12 16:46:08:283] [vo.logVo.LogVo.<init>] [INFO] 日志实例已初始化...
[2020-04-12 16:46:08:285] [vo.logVo.LogVo.<init>] [INFO] 日志实例已初始化...
[2020-04-12 16:46:08:288] [vo.logVo.LogVo.<init>] [INFO] 日志实例已初始化...
[2020-04-12 16:46:08:290] [vo.logVo.LogVo.<init>] [INFO] 日志实例已初始化...
[2020-04-12 16:46:08:291] [vo.logVo.LogVo.<init>] [INFO] 日志实例已初始化...
[2020-04-12 16:46:08:293] [vo.logVo.LogVo.<init>] [INFO] 日志实例已初始化...
[2020-04-12 16:46:08:295] [vo.logVo.LogVo.<init>] [INFO] 日志实例已初始化...
[2020-04-12 16:46:08:297] [vo.logVo.LogVo.<init>] [INFO] 日志实例已初始化...
[2020-04-12 16:46:08:299] [vo.logVo.LogVo.<init>] [INFO] 日志实例已初始化...
[2020-04-12 16:46:08:301] [vo.logVo.LogVo.<init>] [INFO] 日志实例已初始化...
[2020-04-12 16:46:08:303] [vo.logVo.LogVo.<init>] [INFO] 日志实例已初始化...
[2020-04-12 16:46:08:305] [vo.logVo.LogVo.<init>] [INFO] 日志实例已初始化...
[2020-04-12 16:46:08:307] [vo.logVo.LogVo.<init>] [INFO] 日志实例已初始化...
[2020-04-12 16:46:08:309] [vo.logVo.LogVo.<init>] [INFO] 日志实例已初始化...
[2020-04-12 16:46:08:311] [vo.logVo.LogVo.<init>] [INFO] 日志实例已初始化...
[2020-04-12 16:46:08:313] [vo.logVo.LogVo.<init>] [INFO] 日志实例已初始化...
[2020-04-12 16:46:08:316] [vo.logVo.LogVo.<init>] [INFO] 日志实例已初始化...
[2020-04-12 16:46:08:318] [vo.logVo.LogVo.<init>] [INFO] 日志实例已初始化...
[2020-04-12 16:46:08:321] [vo.logVo.LogVo.<init>] [INFO] 日志实例已初始化...
[2020-04-12 16:46:08:324] [vo.logVo.LogVo.<init>] [INFO] 日志实例已初始化...
[2020-04-12 16:46:08:326] [vo.logVo.LogVo.<init>] [INFO] 日志实例已初始化...
[2020-04-12 16:46:08:328] [vo.logVo.LogVo.<init>] [INFO] 日志实例已初始化...
[2020-04-12 16:46:08:330] [vo.logVo.LogVo.<init>] [INFO] 日志实例已初始化...
[2020-04-12 16:46:08:332] [vo.logVo.LogVo.<init>] [INFO] 日志实例已初始化...
[2020-04-12 16:46:08:334] [vo.logVo.LogVo.<init>] [INFO] 日志实例已初始化...
[2020-04-12 16:46:08:336] [vo.logVo.LogVo.<init>] [INFO] 日志实例已初始化...
[2020-04-12 16:46:08:339] [vo.logVo.LogVo.<init>] [INFO] 日志实例已初始化...
[2020-04-12 16:46:08:340] [vo.logVo.LogVo.<init>] [INFO] 日志实例已初始化...
[2020-04-12 16:46:08:342] [vo.logVo.LogVo.<init>] [INFO] 日志实例已初始化...
[2020-04-12 16:46:08:344] [vo.logVo.LogVo.<init>] [INFO] 日志实例已初始化...
[2020-04-12 16:46:08:347] [vo.logVo.LogVo.<init>] [INFO] 日志实例已初始化...
[2020-04-12 16:46:08:349] [vo.logVo.LogVo.<init>] [INFO] 日志实例已初始化...
[2020-04-12 16:46:08:351] [vo.logVo.LogVo.<init>] [INFO] 日志实例已初始化...
[2020-04-12 16:46:08:353] [vo.logVo.LogVo.<init>] [INFO] 日志实例已初始化...
[2020-04-12 16:46:08:355] [vo.logVo.LogVo.<init>] [INFO] 日志实例已初始化...
[2020-04-12 16:46:08:357] [vo.logVo.LogVo.<init>] [INFO] 日志实例已初始化...
[2020-04-12 16:46:08:358] [vo.logVo.LogVo.<init>] [INFO] 日志实例已初始化...
[2020-04-12 16:46:08:360] [vo.logVo.LogVo.<init>] [INFO] 日志实例已初始化...
[2020-04-12 16:46:08:362] [vo.logVo.LogVo.<init>] [INFO] 日志实例已初始化...
[2020-04-12 16:46:08:363] [vo.logVo.LogVo.<init>] [INFO] 日志实例已初始化...
[2020-04-12 16:46:08:366] [vo.logVo.LogVo.<init>] [INFO] 日志实例已初始化...
[2020-04-12 16:46:08:371] [vo.logVo.LogVo.<init>] [INFO] 日志实例已初始化...
[2020-04-12 16:46:08:374] [vo.logVo.LogVo.<init>] [INFO] 日志实例已初始化...
[2020-04-12 16:46:08:378] [vo.logVo.LogVo.<init>] [INFO] 日志实例已初始化...
[2020-04-12 16:46:08:380] [vo.logVo.LogVo.<init>] [INFO] 日志实例已初始化...
[2020-04-12 16:46:08:383] [vo.logVo.LogVo.<init>] [INFO] 日志实例已初始化...
[2020-04-12 16:46:08:385] [vo.logVo.LogVo.<init>] [INFO] 日志实例已初始化...
[2020-04-12 16:46:08:390] [vo.logVo.LogVo.<init>] [INFO] 日志实例已初始化...
[2020-04-12 16:46:08:392] [vo.logVo.LogVo.<init>] [INFO] 日志实例已初始化...
[2020-04-12 16:46:08:394] [vo.logVo.LogVo.<init>] [INFO] 日志实例已初始化...
[2020-04-12 16:46:08:396] [vo.logVo.LogVo.<init>] [INFO] 日志实例已初始化...
[2020-04-12 16:46:08:397] [vo.logVo.LogVo.<init>] [INFO] 日志实例已初始化...
[2020-04-12 16:46:08:399] [vo.logVo.LogVo.<init>] [INFO] 日志实例已初始化...
[2020-04-12 16:46:08:401] [vo.logVo.LogVo.<init>] [INFO] 日志实例已初始化...
[2020-04-12 16:46:08:403] [vo.logVo.LogVo.<init>] [INFO] 日志实例已初始化...
[2020-04-12 16:46:08:405] [vo.logVo.LogVo.<init>] [INFO] 日志实例已初始化...
[2020-04-12 16:46:08:408] [vo.logVo.LogVo.<init>] [INFO] 日志实例已初始化...
[2020-04-12 16:46:08:410] [vo.logVo.LogVo.<init>] [INFO] 日志实例已初始化...
[2020-04-12 16:46:08:411] [vo.logVo.LogVo.<init>] [INFO] 日志实例已初始化...
[2020-04-12 16:46:08:413] [vo.logVo.LogVo.<init>] [INFO] 日志实例已初始化...
[2020-04-12 16:46:08:415] [vo.logVo.LogVo.<init>] [INFO] 日志实例已初始化...
[2020-04-12 16:46:08:416] [vo.logVo.LogVo.<init>] [INFO] 日志实例已初始化...
[2020-04-12 16:46:08:418] [vo.logVo.LogVo.<init>] [INFO] 日志实例已初始化...
[2020-04-12 16:46:08:420] [vo.logVo.LogVo.<init>] [INFO] 日志实例已初始化...
[2020-04-12 16:46:08:423] [vo.logVo.LogVo.<init>] [INFO] 日志实例已初始化...
[2020-04-12 16:46:08:425] [vo.logVo.LogVo.<init>] [INFO] 日志实例已初始化...
[2020-04-12 16:46:08:428] [vo.logVo.LogVo.<init>] [INFO] 日志实例已初始化...
[2020-04-12 16:46:08:430] [vo.logVo.LogVo.<init>] [INFO] 日志实例已初始化...
[2020-04-12 16:46:08:432] [vo.logVo.LogVo.<init>] [INFO] 日志实例已初始化...
[2020-04-12 16:46:08:434] [vo.logVo.LogVo.<init>] [INFO] 日志实例已初始化...
[2020-04-12 16:46:08:436] [vo.logVo.LogVo.<init>] [INFO] 日志实例已初始化...
[2020-04-12 16:46:08:438] [vo.logVo.LogVo.<init>] [INFO] 日志实例已初始化...
[2020-04-12 16:46:08:440] [vo.logVo.LogVo.<init>] [INFO] 日志实例已初始化...
[2020-04-12 16:46:08:442] [vo.logVo.LogVo.<init>] [INFO] 日志实例已初始化...
[2020-04-12 16:46:08:443] [vo.logVo.LogVo.<init>] [INFO] 日志实例已初始化...
[2020-04-12 16:46:08:445] [vo.logVo.LogVo.<init>] [INFO] 日志实例已初始化...
[2020-04-12 16:46:08:446] [vo.logVo.LogVo.<init>] [INFO] 日志实例已初始化...
[2020-04-12 16:46:08:448] [vo.logVo.LogVo.<init>] [INFO] 日志实例已初始化...
[2020-04-12 16:46:08:449] [vo.logVo.LogVo.<init>] [INFO] 日志实例已初始化...
[2020-04-12 16:46:08:451] [vo.logVo.LogVo.<init>] [INFO] 日志实例已初始化...
[2020-04-12 16:46:08:453] [vo.logVo.LogVo.<init>] [INFO] 日志实例已初始化...
[2020-04-12 16:46:08:455] [vo.logVo.LogVo.<init>] [INFO] 日志实例已初始化...
[2020-04-12 16:46:08:457] [vo.logVo.LogVo.<init>] [INFO] 日志实例已初始化...
[2020-04-12 16:46:08:458] [vo.logVo.LogVo.<init>] [INFO] 日志实例已初始化...
[2020-04-12 16:46:08:460] [vo.logVo.LogVo.<init>] [INFO] 日志实例已初始化...
[2020-04-12 16:46:08:462] [vo.logVo.LogVo.<init>] [INFO] 日志实例已初始化...
[2020-04-12 16:46:08:463] [vo.logVo.LogVo.<init>] [INFO] 日志实例已初始化...
[2020-04-12 16:46:08:465] [vo.logVo.LogVo.<init>] [INFO] 日志实例已初始化...
[2020-04-12 16:46:08:466] [vo.logVo.LogVo.<init>] [INFO] 日志实例已初始化...
[2020-04-12 16:46:08:468] [vo.logVo.LogVo.<init>] [INFO] 日志实例已初始化...
[2020-04-12 16:46:08:471] [vo.logVo.LogVo.<init>] [INFO] 日志实例已初始化...
[2020-04-12 16:46:08:473] [vo.logVo.LogVo.<init>] [INFO] 日志实例已初始化...
[2020-04-12 16:46:08:476] [vo.logVo.LogVo.<init>] [INFO] 日志实例已初始化...
[2020-04-12 16:46:08:478] [vo.logVo.LogVo.<init>] [INFO] 日志实例已初始化...
[2020-04-12 16:46:08:480] [vo.logVo.LogVo.<init>] [INFO] 日志实例已初始化...
[2020-04-12 16:46:08:481] [vo.logVo.LogVo.<init>] [INFO] 日志实例已初始化...
[2020-04-12 16:46:08:483] [vo.logVo.LogVo.<init>] [INFO] 日志实例已初始化...
[2020-04-12 16:46:08:485] [vo.logVo.LogVo.<init>] [INFO] 日志实例已初始化...
[2020-04-12 16:46:08:486] [vo.logVo.LogVo.<init>] [INFO] 日志实例已初始化...
[2020-04-12 16:46:08:488] [vo.logVo.LogVo.<init>] [INFO] 日志实例已初始化...
[2020-04-12 16:46:08:490] [vo.logVo.LogVo.<init>] [INFO] 日志实例已初始化...
[2020-04-12 16:46:08:492] [vo.logVo.LogVo.<init>] [INFO] 日志实例已初始化...
[2020-04-12 16:46:08:493] [vo.logVo.LogVo.<init>] [INFO] 日志实例已初始化...
[2020-04-12 16:46:08:495] [vo.logVo.LogVo.<init>] [INFO] 日志实例已初始化...
[2020-04-12 16:46:08:498] [vo.logVo.LogVo.<init>] [INFO] 日志实例已初始化...
[2020-04-12 16:46:08:500] [vo.logVo.LogVo.<init>] [INFO] 日志实例已初始化...
[2020-04-12 16:46:08:501] [vo.logVo.LogVo.<init>] [INFO] 日志实例已初始化...
[2020-04-12 16:46:08:504] [vo.logVo.LogVo.<init>] [INFO] 日志实例已初始化...
[2020-04-12 16:46:08:505] [vo.logVo.LogVo.<init>] [INFO] 日志实例已初始化...
[2020-04-12 16:46:08:507] [vo.logVo.LogVo.<init>] [INFO] 日志实例已初始化...
[2020-04-12 16:46:08:510] [vo.logVo.LogVo.<init>] [INFO] 日志实例已初始化...
[2020-04-12 16:46:08:512] [vo.logVo.LogVo.<init>] [INFO] 日志实例已初始化...
[2020-04-12 16:46:08:514] [vo.logVo.LogVo.<init>] [INFO] 日志实例已初始化...
[2020-04-12 16:46:08:516] [vo.logVo.LogVo.<init>] [INFO] 日志实例已初始化...
[2020-04-12 16:46:08:517] [vo.logVo.LogVo.<init>] [INFO] 日志实例已初始化...
[2020-04-12 16:46:08:519] [vo.logVo.LogVo.<init>] [INFO] 日志实例已初始化...
[2020-04-12 16:46:08:521] [vo.logVo.LogVo.<init>] [INFO] 日志实例已初始化...
[2020-04-12 16:46:08:522] [vo.logVo.LogVo.<init>] [INFO] 日志实例已初始化...
[2020-04-12 16:46:08:524] [vo.logVo.LogVo.<init>] [INFO] 日志实例已初始化...
[2020-04-12 16:46:08:527] [vo.logVo.LogVo.<init>] [INFO] 日志实例已初始化...
[2020-04-12 16:46:08:529] [vo.logVo.LogVo.<init>] [INFO] 日志实例已初始化...
[2020-04-12 16:46:08:531] [vo.logVo.LogVo.<init>] [INFO] 日志实例已初始化...
[2020-04-12 16:46:08:533] [vo.logVo.LogVo.<init>] [INFO] 日志实例已初始化...
[2020-04-12 16:46:08:535] [vo.logVo.LogVo.<init>] [INFO] 日志实例已初始化...
[2020-04-12 16:46:08:537] [vo.logVo.LogVo.<init>] [INFO] 日志实例已初始化...
[2020-04-12 16:46:08:540] [vo.logVo.LogVo.<init>] [INFO] 日志实例已初始化...
[2020-04-12 16:46:08:544] [vo.logVo.LogVo.<init>] [INFO] 日志实例已初始化...
[2020-04-12 16:46:08:546] [vo.logVo.LogVo.<init>] [INFO] 日志实例已初始化...
[2020-04-12 16:46:08:548] [vo.logVo.LogVo.<init>] [INFO] 日志实例已初始化...
[2020-04-12 16:46:08:550] [vo.logVo.LogVo.<init>] [INFO] 日志实例已初始化...
[2020-04-12 16:46:08:552] [vo.logVo.LogVo.<init>] [INFO] 日志实例已初始化...
[2020-04-12 16:46:08:555] [vo.logVo.LogVo.<init>] [INFO] 日志实例已初始化...
[2020-04-12 16:46:08:557] [vo.logVo.LogVo.<init>] [INFO] 日志实例已初始化...
[2020-04-12 16:46:08:560] [vo.logVo.LogVo.<init>] [INFO] 日志实例已初始化...
[2020-04-12 16:46:08:562] [vo.logVo.LogVo.<init>] [INFO] 日志实例已初始化...
[2020-04-12 16:46:08:563] [vo.logVo.LogVo.<init>] [INFO] 日志实例已初始化...
[2020-04-12 16:46:08:565] [vo.logVo.LogVo.<init>] [INFO] 日志实例已初始化...
[2020-04-12 16:46:08:566] [vo.logVo.LogVo.<init>] [INFO] 日志实例已初始化...
[2020-04-12 16:46:08:568] [vo.logVo.LogVo.<init>] [INFO] 日志实例已初始化...
[2020-04-12 16:46:08:570] [vo.logVo.LogVo.<init>] [INFO] 日志实例已初始化...
[2020-04-12 16:46:08:573] [vo.logVo.LogVo.<init>] [INFO] 日志实例已初始化...
[2020-04-12 16:46:08:574] [vo.logVo.LogVo.<init>] [INFO] 日志实例已初始化...
[2020-04-12 16:46:08:576] [vo.logVo.LogVo.<init>] [INFO] 日志实例已初始化...
[2020-04-12 16:46:08:578] [vo.logVo.LogVo.<init>] [INFO] 日志实例已初始化...
[2020-04-12 16:46:08:580] [vo.logVo.LogVo.<init>] [INFO] 日志实例已初始化...
[2020-04-12 16:46:08:581] [vo.logVo.LogVo.<init>] [INFO] 日志实例已初始化...
[2020-04-12 16:46:08:583] [vo.logVo.LogVo.<init>] [INFO] 日志实例已初始化...
[2020-04-12 16:46:08:584] [vo.logVo.LogVo.<init>] [INFO] 日志实例已初始化...
[2020-04-12 16:46:08:586] [vo.logVo.LogVo.<init>] [INFO] 日志实例已初始化...
[2020-04-12 16:46:08:588] [vo.logVo.LogVo.<init>] [INFO] 日志实例已初始化...
[2020-04-12 16:46:08:590] [vo.logVo.LogVo.<init>] [INFO] 日志实例已初始化...
[2020-04-12 16:46:08:592] [vo.logVo.LogVo.<init>] [INFO] 日志实例已初始化...
[2020-04-12 16:46:08:593] [vo.logVo.LogVo.<init>] [INFO] 日志实例已初始化...
[2020-04-12 16:46:08:595] [vo.logVo.LogVo.<init>] [INFO] 日志实例已初始化...
[2020-04-12 16:46:08:599] [vo.logVo.LogVo.<init>] [INFO] 日志实例已初始化...
[2020-04-12 16:46:08:602] [vo.logVo.LogVo.<init>] [INFO] 日志实例已初始化...
[2020-04-12 16:46:08:605] [vo.logVo.LogVo.<init>] [INFO] 日志实例已初始化...
[2020-04-12 16:46:08:607] [vo.logVo.LogVo.<init>] [INFO] 日志实例已初始化...
[2020-04-12 16:46:08:611] [vo.logVo.LogVo.<init>] [INFO] 日志实例已初始化...
[2020-04-12 16:46:08:613] [vo.logVo.LogVo.<init>] [INFO] 日志实例已初始化...
[2020-04-12 16:46:08:615] [vo.logVo.LogVo.<init>] [INFO] 日志实例已初始化...
[2020-04-12 16:46:08:617] [vo.logVo.LogVo.<init>] [INFO] 日志实例已初始化...
[2020-04-12 16:46:08:618] [vo.logVo.LogVo.<init>] [INFO] 日志实例已初始化...
[2020-04-12 16:46:08:621] [vo.logVo.LogVo.<init>] [INFO] 日志实例已初始化...
[2020-04-12 16:46:08:623] [vo.logVo.LogVo.<init>] [INFO] 日志实例已初始化...
[2020-04-12 16:46:08:625] [vo.logVo.LogVo.<init>] [INFO] 日志实例已初始化...
[2020-04-12 16:46:08:627] [vo.logVo.LogVo.<init>] [INFO] 日志实例已初始化...
[2020-04-12 16:46:08:629] [vo.logVo.LogVo.<init>] [INFO] 日志实例已初始化...
[2020-04-12 16:46:08:630] [vo.logVo.LogVo.<init>] [INFO] 日志实例已初始化...
[2020-04-12 16:46:08:633] [vo.logVo.LogVo.<init>] [INFO] 日志实例已初始化...
[2020-04-12 16:46:08:634] [vo.logVo.LogVo.<init>] [INFO] 日志实例已初始化...
[2020-04-12 16:46:08:637] [vo.logVo.LogVo.<init>] [INFO] 日志实例已初始化...
[2020-04-12 16:46:08:638] [vo.logVo.LogVo.<init>] [INFO] 日志实例已初始化...
[2020-04-12 16:46:08:640] [vo.logVo.LogVo.<init>] [INFO] 日志实例已初始化...
[2020-04-12 16:46:08:989] [vo.logVo.LogVo.<init>] [INFO] 日志实例已初始化...
[2020-04-12 16:46:09:145] [vo.logVo.LogVo.<init>] [INFO] 日志实例已初始化...
[2020-04-12 16:46:58:204] [vo.logVo.LogVo.<init>] [INFO] 日志实例已初始化...
[2020-04-12 16:46:58:236] [vo.logVo.LogVo.<init>] [INFO] 日志实例已初始化...
[2020-04-12 16:46:58:258] [vo.logVo.LogVo.<init>] [INFO] 日志实例已初始化...
[2020-04-12 16:46:58:276] [vo.logVo.LogVo.<init>] [INFO] 日志实例已初始化...
[2020-04-12 16:46:58:298] [vo.logVo.LogVo.<init>] [INFO] 日志实例已初始化...
[2020-04-12 16:46:58:315] [vo.logVo.LogVo.<init>] [INFO] 日志实例已初始化...
[2020-04-12 16:46:58:341] [vo.logVo.LogVo.<init>] [INFO] 日志实例已初始化...
[2020-04-12 16:46:58:364] [vo.logVo.LogVo.<init>] [INFO] 日志实例已初始化...
[2020-04-12 16:46:58:381] [vo.logVo.LogVo.<init>] [INFO] 日志实例已初始化...
[2020-04-12 16:46:58:402] [vo.logVo.LogVo.<init>] [INFO] 日志实例已初始化...
[2020-04-12 16:46:58:417] [vo.logVo.LogVo.<init>] [INFO] 日志实例已初始化...
[2020-04-12 16:46:58:444] [vo.logVo.LogVo.<init>] [INFO] 日志实例已初始化...
[2020-04-12 16:46:58:468] [vo.logVo.LogVo.<init>] [INFO] 日志实例已初始化...
[2020-04-12 16:46:58:489] [vo.logVo.LogVo.<init>] [INFO] 日志实例已初始化...
[2020-04-12 16:46:58:506] [vo.logVo.LogVo.<init>] [INFO] 日志实例已初始化...
[2020-04-12 16:46:58:528] [vo.logVo.LogVo.<init>] [INFO] 日志实例已初始化...
[2020-04-12 16:46:58:555] [vo.logVo.LogVo.<init>] [INFO] 日志实例已初始化...
[2020-04-12 16:46:58:575] [vo.logVo.LogVo.<init>] [INFO] 日志实例已初始化...
[2020-04-12 16:46:58:592] [vo.logVo.LogVo.<init>] [INFO] 日志实例已初始化...
[2020-04-12 16:46:58:628] [vo.logVo.LogVo.<init>] [INFO] 日志实例已初始化...
[2020-04-12 16:46:58:659] [vo.logVo.LogVo.<init>] [INFO] 日志实例已初始化...
[2020-04-12 16:46:58:682] [vo.logVo.LogVo.<init>] [INFO] 日志实例已初始化...
[2020-04-12 16:46:58:704] [vo.logVo.LogVo.<init>] [INFO] 日志实例已初始化...
[2020-04-12 16:46:58:732] [vo.logVo.LogVo.<init>] [INFO] 日志实例已初始化...
[2020-04-12 16:46:58:763] [vo.logVo.LogVo.<init>] [INFO] 日志实例已初始化...
[2020-04-12 16:46:58:782] [vo.logVo.LogVo.<init>] [INFO] 日志实例已初始化...
[2020-04-12 16:46:58:815] [vo.logVo.LogVo.<init>] [INFO] 日志实例已初始化...
[2020-04-12 16:46:58:840] [vo.logVo.LogVo.<init>] [INFO] 日志实例已初始化...
[2020-04-12 16:46:58:865] [vo.logVo.LogVo.<init>] [INFO] 日志实例已初始化...
[2020-04-12 16:46:58:895] [vo.logVo.LogVo.<init>] [INFO] 日志实例已初始化...
[2020-04-12 16:46:58:930] [vo.logVo.LogVo.<init>] [INFO] 日志实例已初始化...
[2020-04-12 16:46:58:951] [vo.logVo.LogVo.<init>] [INFO] 日志实例已初始化...
[2020-04-12 16:46:58:972] [vo.logVo.LogVo.<init>] [INFO] 日志实例已初始化...
[2020-04-12 16:46:59:000] [vo.logVo.LogVo.<init>] [INFO] 日志实例已初始化...
[2020-04-12 16:46:59:043] [vo.logVo.LogVo.<init>] [INFO] 日志实例已初始化...
[2020-04-12 16:46:59:071] [vo.logVo.LogVo.<init>] [INFO] 日志实例已初始化...
[2020-04-12 16:46:59:109] [vo.logVo.LogVo.<init>] [INFO] 日志实例已初始化...
[2020-04-12 16:46:59:150] [vo.logVo.LogVo.<init>] [INFO] 日志实例已初始化...
[2020-04-12 16:46:59:173] [vo.logVo.LogVo.<init>] [INFO] 日志实例已初始化...
[2020-04-12 16:46:59:194] [vo.logVo.LogVo.<init>] [INFO] 日志实例已初始化...
[2020-04-12 16:46:59:215] [vo.logVo.LogVo.<init>] [INFO] 日志实例已初始化...
[2020-04-12 16:46:59:236] [vo.logVo.LogVo.<init>] [INFO] 日志实例已初始化...
[2020-04-12 16:46:59:252] [vo.logVo.LogVo.<init>] [INFO] 日志实例已初始化...
[2020-04-12 16:46:59:275] [vo.logVo.LogVo.<init>] [INFO] 日志实例已初始化...
[2020-04-12 16:46:59:292] [vo.logVo.LogVo.<init>] [INFO] 日志实例已初始化...
[2020-04-12 16:46:59:312] [vo.logVo.LogVo.<init>] [INFO] 日志实例已初始化...
[2020-04-12 16:46:59:343] [vo.logVo.LogVo.<init>] [INFO] 日志实例已初始化...
[2020-04-12 16:46:59:378] [vo.logVo.LogVo.<init>] [INFO] 日志实例已初始化...
[2020-04-12 16:46:59:407] [vo.logVo.LogVo.<init>] [INFO] 日志实例已初始化...
[2020-04-12 16:46:59:428] [vo.logVo.LogVo.<init>] [INFO] 日志实例已初始化...
[2020-04-12 16:46:59:452] [vo.logVo.LogVo.<init>] [INFO] 日志实例已初始化...
[2020-04-12 16:46:59:471] [vo.logVo.LogVo.<init>] [INFO] 日志实例已初始化...
[2020-04-12 16:46:59:489] [vo.logVo.LogVo.<init>] [INFO] 日志实例已初始化...
[2020-04-12 16:46:59:505] [vo.logVo.LogVo.<init>] [INFO] 日志实例已初始化...
[2020-04-12 16:46:59:527] [vo.logVo.LogVo.<init>] [INFO] 日志实例已初始化...
[2020-04-12 16:46:59:545] [vo.logVo.LogVo.<init>] [INFO] 日志实例已初始化...
[2020-04-12 16:46:59:565] [vo.logVo.LogVo.<init>] [INFO] 日志实例已初始化...
[2020-04-12 16:46:59:586] [vo.logVo.LogVo.<init>] [INFO] 日志实例已初始化...
[2020-04-12 16:46:59:606] [vo.logVo.LogVo.<init>] [INFO] 日志实例已初始化...
[2020-04-12 16:46:59:646] [vo.logVo.LogVo.<init>] [INFO] 日志实例已初始化...
[2020-04-12 16:46:59:703] [vo.logVo.LogVo.<init>] [INFO] 日志实例已初始化...
[2020-04-12 16:46:59:744] [vo.logVo.LogVo.<init>] [INFO] 日志实例已初始化...
[2020-04-12 16:46:59:778] [vo.logVo.LogVo.<init>] [INFO] 日志实例已初始化...
[2020-04-12 16:46:59:804] [vo.logVo.LogVo.<init>] [INFO] 日志实例已初始化...
[2020-04-12 16:46:59:820] [vo.logVo.LogVo.<init>] [INFO] 日志实例已初始化...
[2020-04-12 16:46:59:843] [vo.logVo.LogVo.<init>] [INFO] 日志实例已初始化...
[2020-04-12 16:46:59:866] [vo.logVo.LogVo.<init>] [INFO] 日志实例已初始化...
[2020-04-12 16:46:59:893] [vo.logVo.LogVo.<init>] [INFO] 日志实例已初始化...
[2020-04-12 16:46:59:919] [vo.logVo.LogVo.<init>] [INFO] 日志实例已初始化...
[2020-04-12 16:46:59:947] [vo.logVo.LogVo.<init>] [INFO] 日志实例已初始化...
[2020-04-12 16:46:59:964] [vo.logVo.LogVo.<init>] [INFO] 日志实例已初始化...
[2020-04-12 16:46:59:983] [vo.logVo.LogVo.<init>] [INFO] 日志实例已初始化...
[2020-04-12 16:47:00:016] [vo.logVo.LogVo.<init>] [INFO] 日志实例已初始化...
[2020-04-12 16:47:00:075] [vo.logVo.LogVo.<init>] [INFO] 日志实例已初始化...
[2020-04-12 16:47:00:116] [vo.logVo.LogVo.<init>] [INFO] 日志实例已初始化...
[2020-04-12 16:47:00:137] [vo.logVo.LogVo.<init>] [INFO] 日志实例已初始化...
[2020-04-12 16:47:00:159] [vo.logVo.LogVo.<init>] [INFO] 日志实例已初始化...
[2020-04-12 16:47:00:183] [vo.logVo.LogVo.<init>] [INFO] 日志实例已初始化...
[2020-04-12 16:47:00:205] [vo.logVo.LogVo.<init>] [INFO] 日志实例已初始化...
[2020-04-12 16:47:00:222] [vo.logVo.LogVo.<init>] [INFO] 日志实例已初始化...
[2020-04-12 16:47:00:241] [vo.logVo.LogVo.<init>] [INFO] 日志实例已初始化...
[2020-04-12 16:47:00:259] [vo.logVo.LogVo.<init>] [INFO] 日志实例已初始化...
[2020-04-12 16:47:00:279] [vo.logVo.LogVo.<init>] [INFO] 日志实例已初始化...
[2020-04-12 16:47:00:312] [vo.logVo.LogVo.<init>] [INFO] 日志实例已初始化...
[2020-04-12 16:47:00:333] [vo.logVo.LogVo.<init>] [INFO] 日志实例已初始化...
[2020-04-12 16:47:00:358] [vo.logVo.LogVo.<init>] [INFO] 日志实例已初始化...
[2020-04-12 16:47:00:381] [vo.logVo.LogVo.<init>] [INFO] 日志实例已初始化...
[2020-04-12 16:47:00:407] [vo.logVo.LogVo.<init>] [INFO] 日志实例已初始化...
[2020-04-12 16:47:00:430] [vo.logVo.LogVo.<init>] [INFO] 日志实例已初始化...
[2020-04-12 16:47:00:450] [vo.logVo.LogVo.<init>] [INFO] 日志实例已初始化...
[2020-04-12 16:47:00:483] [vo.logVo.LogVo.<init>] [INFO] 日志实例已初始化...
[2020-04-12 16:47:00:510] [vo.logVo.LogVo.<init>] [INFO] 日志实例已初始化...
[2020-04-12 16:47:00:536] [vo.logVo.LogVo.<init>] [INFO] 日志实例已初始化...
[2020-04-12 16:47:00:564] [vo.logVo.LogVo.<init>] [INFO] 日志实例已初始化...
[2020-04-12 16:47:00:578] [vo.logVo.LogVo.<init>] [INFO] 日志实例已初始化...
[2020-04-12 16:47:00:592] [vo.logVo.LogVo.<init>] [INFO] 日志实例已初始化...
[2020-04-12 16:47:00:606] [vo.logVo.LogVo.<init>] [INFO] 日志实例已初始化...
[2020-04-12 16:47:00:620] [vo.logVo.LogVo.<init>] [INFO] 日志实例已初始化...
[2020-04-12 16:47:00:633] [vo.logVo.LogVo.<init>] [INFO] 日志实例已初始化...
[2020-04-12 16:47:00:651] [vo.logVo.LogVo.<init>] [INFO] 日志实例已初始化...
[2020-04-12 16:47:00:693] [vo.logVo.LogVo.<init>] [INFO] 日志实例已初始化...
[2020-04-12 16:47:00:716] [vo.logVo.LogVo.<init>] [INFO] 日志实例已初始化...
[2020-04-12 16:47:00:744] [vo.logVo.LogVo.<init>] [INFO] 日志实例已初始化...
[2020-04-12 16:47:00:769] [vo.logVo.LogVo.<init>] [INFO] 日志实例已初始化...
[2020-04-12 16:47:00:808] [vo.logVo.LogVo.<init>] [INFO] 日志实例已初始化...
[2020-04-12 16:47:00:825] [vo.logVo.LogVo.<init>] [INFO] 日志实例已初始化...
[2020-04-12 16:47:00:852] [vo.logVo.LogVo.<init>] [INFO] 日志实例已初始化...
[2020-04-12 16:47:00:877] [vo.logVo.LogVo.<init>] [INFO] 日志实例已初始化...
[2020-04-12 16:47:00:893] [vo.logVo.LogVo.<init>] [INFO] 日志实例已初始化...
[2020-04-12 16:47:00:931] [vo.logVo.LogVo.<init>] [INFO] 日志实例已初始化...
[2020-04-12 16:47:00:952] [vo.logVo.LogVo.<init>] [INFO] 日志实例已初始化...
[2020-04-12 16:47:01:000] [vo.logVo.LogVo.<init>] [INFO] 日志实例已初始化...
[2020-04-12 16:47:01:080] [vo.logVo.LogVo.<init>] [INFO] 日志实例已初始化...
[2020-04-12 16:47:01:295] [vo.logVo.LogVo.<init>] [INFO] 日志实例已初始化...
[2020-04-12 16:47:01:385] [vo.logVo.LogVo.<init>] [INFO] 日志实例已初始化...
[2020-04-12 16:47:01:419] [vo.logVo.LogVo.<init>] [INFO] 日志实例已初始化...
[2020-04-12 16:47:01:492] [vo.logVo.LogVo.<init>] [INFO] 日志实例已初始化...
[2020-04-12 16:47:01:560] [vo.logVo.LogVo.<init>] [INFO] 日志实例已初始化...
[2020-04-12 16:47:01:582] [vo.logVo.LogVo.<init>] [INFO] 日志实例已初始化...
[2020-04-12 16:47:01:662] [vo.logVo.LogVo.<init>] [INFO] 日志实例已初始化...
[2020-04-12 16:47:01:688] [vo.logVo.LogVo.<init>] [INFO] 日志实例已初始化...
[2020-04-12 16:47:01:763] [vo.logVo.LogVo.<init>] [INFO] 日志实例已初始化...
[2020-04-12 16:47:01:795] [vo.logVo.LogVo.<init>] [INFO] 日志实例已初始化...
[2020-04-12 16:47:01:845] [vo.logVo.LogVo.<init>] [INFO] 日志实例已初始化...
[2020-04-12 16:47:02:123] [vo.logVo.LogVo.<init>] [INFO] 日志实例已初始化...
[2020-04-12 16:47:02:157] [vo.logVo.LogVo.<init>] [INFO] 日志实例已初始化...
[2020-04-12 16:47:02:263] [vo.logVo.LogVo.<init>] [INFO] 日志实例已初始化...
[2020-04-12 16:47:02:289] [vo.logVo.LogVo.<init>] [INFO] 日志实例已初始化...
[2020-04-12 16:47:02:386] [vo.logVo.LogVo.<init>] [INFO] 日志实例已初始化...
[2020-04-12 16:47:02:409] [vo.logVo.LogVo.<init>] [INFO] 日志实例已初始化...
[2020-04-12 16:47:02:605] [vo.logVo.LogVo.<init>] [INFO] 日志实例已初始化...
[2020-04-12 16:47:02:674] [vo.logVo.LogVo.<init>] [INFO] 日志实例已初始化...
[2020-04-12 16:47:02:714] [vo.logVo.LogVo.<init>] [INFO] 日志实例已初始化...
[2020-04-12 16:47:02:767] [vo.logVo.LogVo.<init>] [INFO] 日志实例已初始化...
[2020-04-12 16:47:02:808] [vo.logVo.LogVo.<init>] [INFO] 日志实例已初始化...
[2020-04-12 16:47:02:829] [vo.logVo.LogVo.<init>] [INFO] 日志实例已初始化...
[2020-04-12 16:47:02:869] [vo.logVo.LogVo.<init>] [INFO] 日志实例已初始化...
[2020-04-12 16:47:02:889] [vo.logVo.LogVo.<init>] [INFO] 日志实例已初始化...
[2020-04-12 16:47:02:933] [vo.logVo.LogVo.<init>] [INFO] 日志实例已初始化...
[2020-04-12 16:47:03:029] [vo.logVo.LogVo.<init>] [INFO] 日志实例已初始化...
[2020-04-12 16:47:03:177] [vo.logVo.LogVo.<init>] [INFO] 日志实例已初始化...
[2020-04-12 16:47:03:234] [vo.logVo.LogVo.<init>] [INFO] 日志实例已初始化...
[2020-04-12 16:47:03:253] [vo.logVo.LogVo.<init>] [INFO] 日志实例已初始化...
[2020-04-12 16:47:03:378] [vo.logVo.LogVo.<init>] [INFO] 日志实例已初始化...
[2020-04-12 16:47:03:400] [vo.logVo.LogVo.<init>] [INFO] 日志实例已初始化...
[2020-04-12 16:47:03:469] [vo.logVo.LogVo.<init>] [INFO] 日志实例已初始化...
[2020-04-12 16:47:03:491] [vo.logVo.LogVo.<init>] [INFO] 日志实例已初始化...
[2020-04-12 16:47:03:537] [vo.logVo.LogVo.<init>] [INFO] 日志实例已初始化...
[2020-04-12 16:47:03:563] [vo.logVo.LogVo.<init>] [INFO] 日志实例已初始化...
[2020-04-12 16:47:03:585] [vo.logVo.LogVo.<init>] [INFO] 日志实例已初始化...
[2020-04-12 16:47:03:612] [vo.logVo.LogVo.<init>] [INFO] 日志实例已初始化...
[2020-04-12 16:47:03:631] [vo.logVo.LogVo.<init>] [INFO] 日志实例已初始化...
[2020-04-12 16:47:03:650] [vo.logVo.LogVo.<init>] [INFO] 日志实例已初始化...
[2020-04-12 16:47:03:671] [vo.logVo.LogVo.<init>] [INFO] 日志实例已初始化...
[2020-04-12 16:47:03:695] [vo.logVo.LogVo.<init>] [INFO] 日志实例已初始化...
[2020-04-12 16:47:03:716] [vo.logVo.LogVo.<init>] [INFO] 日志实例已初始化...
[2020-04-12 16:47:03:752] [vo.logVo.LogVo.<init>] [INFO] 日志实例已初始化...
[2020-04-12 16:47:03:789] [vo.logVo.LogVo.<init>] [INFO] 日志实例已初始化...
[2020-04-12 16:47:03:810] [vo.logVo.LogVo.<init>] [INFO] 日志实例已初始化...
[2020-04-12 16:47:03:840] [vo.logVo.LogVo.<init>] [INFO] 日志实例已初始化...
[2020-04-12 16:47:03:860] [vo.logVo.LogVo.<init>] [INFO] 日志实例已初始化...
[2020-04-12 16:47:03:897] [vo.logVo.LogVo.<init>] [INFO] 日志实例已初始化...
[2020-04-12 16:47:03:927] [vo.logVo.LogVo.<init>] [INFO] 日志实例已初始化...
[2020-04-12 16:47:03:947] [vo.logVo.LogVo.<init>] [INFO] 日志实例已初始化...
[2020-04-12 16:47:03:982] [vo.logVo.LogVo.<init>] [INFO] 日志实例已初始化...
[2020-04-12 16:47:04:005] [vo.logVo.LogVo.<init>] [INFO] 日志实例已初始化...
[2020-04-12 16:47:04:039] [vo.logVo.LogVo.<init>] [INFO] 日志实例已初始化...
[2020-04-12 16:47:04:061] [vo.logVo.LogVo.<init>] [INFO] 日志实例已初始化...
[2020-04-12 16:47:04:101] [vo.logVo.LogVo.<init>] [INFO] 日志实例已初始化...
[2020-04-12 16:47:04:122] [vo.logVo.LogVo.<init>] [INFO] 日志实例已初始化...
[2020-04-12 16:47:04:141] [vo.logVo.LogVo.<init>] [INFO] 日志实例已初始化...
[2020-04-12 16:47:04:169] [vo.logVo.LogVo.<init>] [INFO] 日志实例已初始化...
[2020-04-12 16:47:04:188] [vo.logVo.LogVo.<init>] [INFO] 日志实例已初始化...
[2020-04-12 16:47:04:208] [vo.logVo.LogVo.<init>] [INFO] 日志实例已初始化...
[2020-04-12 16:47:04:211] [vo.logVo.LogVo.<init>] [INFO] 日志实例已初始化...
[2020-04-12 16:47:04:215] [vo.logVo.LogVo.<init>] [INFO] 日志实例已初始化...
[2020-04-12 16:47:04:218] [vo.logVo.LogVo.<init>] [INFO] 日志实例已初始化...
[2020-04-12 16:47:04:221] [vo.logVo.LogVo.<init>] [INFO] 日志实例已初始化...
[2020-04-12 16:47:04:225] [vo.logVo.LogVo.<init>] [INFO] 日志实例已初始化...
[2020-04-12 16:47:04:228] [vo.logVo.LogVo.<init>] [INFO] 日志实例已初始化...
[2020-04-12 16:47:04:232] [vo.logVo.LogVo.<init>] [INFO] 日志实例已初始化...
[2020-04-12 16:47:04:239] [vo.logVo.LogVo.<init>] [INFO] 日志实例已初始化...
[2020-04-12 16:47:04:242] [vo.logVo.LogVo.<init>] [INFO] 日志实例已初始化...
[2020-04-12 16:47:04:245] [vo.logVo.LogVo.<init>] [INFO] 日志实例已初始化...
[2020-04-12 16:47:04:248] [vo.logVo.LogVo.<init>] [INFO] 日志实例已初始化...
[2020-04-12 16:47:04:252] [vo.logVo.LogVo.<init>] [INFO] 日志实例已初始化...
[2020-04-12 16:47:04:255] [vo.logVo.LogVo.<init>] [INFO] 日志实例已初始化...
[2020-04-12 16:47:04:258] [vo.logVo.LogVo.<init>] [INFO] 日志实例已初始化...
[2020-04-12 16:47:04:261] [vo.logVo.LogVo.<init>] [INFO] 日志实例已初始化...
[2020-04-12 16:47:04:265] [vo.logVo.LogVo.<init>] [INFO] 日志实例已初始化...
[2020-04-12 16:47:04:268] [vo.logVo.LogVo.<init>] [INFO] 日志实例已初始化...
[2020-04-12 16:47:04:273] [vo.logVo.LogVo.<init>] [INFO] 日志实例已初始化...
[2020-04-12 16:47:04:278] [vo.logVo.LogVo.<init>] [INFO] 日志实例已初始化...
[2020-04-12 16:47:04:282] [vo.logVo.LogVo.<init>] [INFO] 日志实例已初始化...
[2020-04-12 16:47:04:288] [vo.logVo.LogVo.<init>] [INFO] 日志实例已初始化...
[2020-04-12 16:47:04:292] [vo.logVo.LogVo.<init>] [INFO] 日志实例已初始化...
[2020-04-12 16:47:04:295] [vo.logVo.LogVo.<init>] [INFO] 日志实例已初始化...
[2020-04-12 16:47:04:299] [vo.logVo.LogVo.<init>] [INFO] 日志实例已初始化...
[2020-04-12 16:47:04:303] [vo.logVo.LogVo.<init>] [INFO] 日志实例已初始化...
[2020-04-12 16:47:04:306] [vo.logVo.LogVo.<init>] [INFO] 日志实例已初始化...
[2020-04-12 16:47:04:311] [vo.logVo.LogVo.<init>] [INFO] 日志实例已初始化...
[2020-04-12 16:47:04:316] [vo.logVo.LogVo.<init>] [INFO] 日志实例已初始化...
[2020-04-12 16:47:04:319] [vo.logVo.LogVo.<init>] [INFO] 日志实例已初始化...
[2020-04-12 16:47:04:322] [vo.logVo.LogVo.<init>] [INFO] 日志实例已初始化...
[2020-04-12 16:47:04:326] [vo.logVo.LogVo.<init>] [INFO] 日志实例已初始化...
[2020-04-12 16:47:04:329] [vo.logVo.LogVo.<init>] [INFO] 日志实例已初始化...
[2020-04-12 16:47:04:333] [vo.logVo.LogVo.<init>] [INFO] 日志实例已初始化...
[2020-04-12 16:47:04:338] [vo.logVo.LogVo.<init>] [INFO] 日志实例已初始化...
[2020-04-12 16:47:04:342] [vo.logVo.LogVo.<init>] [INFO] 日志实例已初始化...
[2020-04-12 16:47:04:345] [vo.logVo.LogVo.<init>] [INFO] 日志实例已初始化...
[2020-04-12 16:47:04:350] [vo.logVo.LogVo.<init>] [INFO] 日志实例已初始化...
[2020-04-12 16:47:04:353] [vo.logVo.LogVo.<init>] [INFO] 日志实例已初始化...
[2020-04-12 16:47:04:356] [vo.logVo.LogVo.<init>] [INFO] 日志实例已初始化...
[2020-04-12 16:47:04:359] [vo.logVo.LogVo.<init>] [INFO] 日志实例已初始化...
[2020-04-12 16:47:04:362] [vo.logVo.LogVo.<init>] [INFO] 日志实例已初始化...
[2020-04-12 16:47:04:366] [vo.logVo.LogVo.<init>] [INFO] 日志实例已初始化...
[2020-04-12 16:47:04:369] [vo.logVo.LogVo.<init>] [INFO] 日志实例已初始化...
[2020-04-12 16:47:04:372] [vo.logVo.LogVo.<init>] [INFO] 日志实例已初始化...
[2020-04-12 16:47:04:375] [vo.logVo.LogVo.<init>] [INFO] 日志实例已初始化...
[2020-04-12 16:47:04:379] [vo.logVo.LogVo.<init>] [INFO] 日志实例已初始化...
[2020-04-12 16:47:04:384] [vo.logVo.LogVo.<init>] [INFO] 日志实例已初始化...
[2020-04-12 16:47:04:389] [vo.logVo.LogVo.<init>] [INFO] 日志实例已初始化...
[2020-04-12 16:47:04:392] [vo.logVo.LogVo.<init>] [INFO] 日志实例已初始化...
[2020-04-12 16:47:04:395] [vo.logVo.LogVo.<init>] [INFO] 日志实例已初始化...
[2020-04-12 16:47:04:400] [vo.logVo.LogVo.<init>] [INFO] 日志实例已初始化...
[2020-04-12 16:47:04:403] [vo.logVo.LogVo.<init>] [INFO] 日志实例已初始化...
[2020-04-12 16:47:04:406] [vo.logVo.LogVo.<init>] [INFO] 日志实例已初始化...
[2020-04-12 16:47:04:411] [vo.logVo.LogVo.<init>] [INFO] 日志实例已初始化...
[2020-04-12 16:47:04:414] [vo.logVo.LogVo.<init>] [INFO] 日志实例已初始化...
[2020-04-12 16:47:04:418] [vo.logVo.LogVo.<init>] [INFO] 日志实例已初始化...
[2020-04-12 16:47:04:423] [vo.logVo.LogVo.<init>] [INFO] 日志实例已初始化...
[2020-04-12 16:47:04:427] [vo.logVo.LogVo.<init>] [INFO] 日志实例已初始化...
[2020-04-12 16:47:04:432] [vo.logVo.LogVo.<init>] [INFO] 日志实例已初始化...
[2020-04-12 16:47:04:435] [vo.logVo.LogVo.<init>] [INFO] 日志实例已初始化...
[2020-04-12 16:47:04:440] [vo.logVo.LogVo.<init>] [INFO] 日志实例已初始化...
[2020-04-12 16:47:04:443] [vo.logVo.LogVo.<init>] [INFO] 日志实例已初始化...
[2020-04-12 16:47:04:448] [vo.logVo.LogVo.<init>] [INFO] 日志实例已初始化...
[2020-04-12 16:47:04:451] [vo.logVo.LogVo.<init>] [INFO] 日志实例已初始化...
[2020-04-12 16:47:04:455] [vo.logVo.LogVo.<init>] [INFO] 日志实例已初始化...
[2020-04-12 16:47:04:464] [vo.logVo.LogVo.<init>] [INFO] 日志实例已初始化...
[2020-04-12 16:47:04:469] [vo.logVo.LogVo.<init>] [INFO] 日志实例已初始化...
[2020-04-12 16:47:04:472] [vo.logVo.LogVo.<init>] [INFO] 日志实例已初始化...
[2020-04-12 16:47:04:476] [vo.logVo.LogVo.<init>] [INFO] 日志实例已初始化...
[2020-04-12 16:47:04:480] [vo.logVo.LogVo.<init>] [INFO] 日志实例已初始化...
[2020-04-12 16:47:04:484] [vo.logVo.LogVo.<init>] [INFO] 日志实例已初始化...
[2020-04-12 16:47:04:488] [vo.logVo.LogVo.<init>] [INFO] 日志实例已初始化...
[2020-04-12 16:47:04:491] [vo.logVo.LogVo.<init>] [INFO] 日志实例已初始化...
[2020-04-12 16:47:04:495] [vo.logVo.LogVo.<init>] [INFO] 日志实例已初始化...
[2020-04-12 16:47:04:499] [vo.logVo.LogVo.<init>] [INFO] 日志实例已初始化...
[2020-04-12 16:47:04:502] [vo.logVo.LogVo.<init>] [INFO] 日志实例已初始化...
[2020-04-12 16:47:04:506] [vo.logVo.LogVo.<init>] [INFO] 日志实例已初始化...
[2020-04-12 16:47:04:509] [vo.logVo.LogVo.<init>] [INFO] 日志实例已初始化...
[2020-04-12 16:47:04:512] [vo.logVo.LogVo.<init>] [INFO] 日志实例已初始化...
[2020-04-12 16:47:04:516] [vo.logVo.LogVo.<init>] [INFO] 日志实例已初始化...
[2020-04-12 16:47:04:519] [vo.logVo.LogVo.<init>] [INFO] 日志实例已初始化...
[2020-04-12 16:47:04:523] [vo.logVo.LogVo.<init>] [INFO] 日志实例已初始化...
[2020-04-12 16:47:04:526] [vo.logVo.LogVo.<init>] [INFO] 日志实例已初始化...
[2020-04-12 16:47:04:529] [vo.logVo.LogVo.<init>] [INFO] 日志实例已初始化...
[2020-04-12 16:47:04:533] [vo.logVo.LogVo.<init>] [INFO] 日志实例已初始化...
[2020-04-12 16:47:04:537] [vo.logVo.LogVo.<init>] [INFO] 日志实例已初始化...
[2020-04-12 16:47:04:540] [vo.logVo.LogVo.<init>] [INFO] 日志实例已初始化...
[2020-04-12 16:47:04:543] [vo.logVo.LogVo.<init>] [INFO] 日志实例已初始化...
[2020-04-12 16:47:04:547] [vo.logVo.LogVo.<init>] [INFO] 日志实例已初始化...
[2020-04-12 16:47:04:550] [vo.logVo.LogVo.<init>] [INFO] 日志实例已初始化...
[2020-04-12 16:47:04:553] [vo.logVo.LogVo.<init>] [INFO] 日志实例已初始化...
[2020-04-12 16:47:04:557] [vo.logVo.LogVo.<init>] [INFO] 日志实例已初始化...
[2020-04-12 16:47:04:561] [vo.logVo.LogVo.<init>] [INFO] 日志实例已初始化...
[2020-04-12 16:47:04:572] [vo.logVo.LogVo.<init>] [INFO] 日志实例已初始化...
[2020-04-12 16:47:04:576] [vo.logVo.LogVo.<init>] [INFO] 日志实例已初始化...
[2020-04-12 16:47:04:583] [vo.logVo.LogVo.<init>] [INFO] 日志实例已初始化...
[2020-04-12 16:47:04:586] [vo.logVo.LogVo.<init>] [INFO] 日志实例已初始化...
[2020-04-12 16:47:04:592] [vo.logVo.LogVo.<init>] [INFO] 日志实例已初始化...
[2020-04-12 16:47:04:596] [vo.logVo.LogVo.<init>] [INFO] 日志实例已初始化...
[2020-04-12 16:47:04:601] [vo.logVo.LogVo.<init>] [INFO] 日志实例已初始化...
[2020-04-12 16:47:04:605] [vo.logVo.LogVo.<init>] [INFO] 日志实例已初始化...
[2020-04-12 16:47:04:609] [vo.logVo.LogVo.<init>] [INFO] 日志实例已初始化...
[2020-04-12 16:47:04:613] [vo.logVo.LogVo.<init>] [INFO] 日志实例已初始化...
[2020-04-12 16:47:04:617] [vo.logVo.LogVo.<init>] [INFO] 日志实例已初始化...
[2020-04-12 16:47:04:621] [vo.logVo.LogVo.<init>] [INFO] 日志实例已初始化...
[2020-04-12 16:47:04:624] [vo.logVo.LogVo.<init>] [INFO] 日志实例已初始化...
[2020-04-12 16:47:04:630] [vo.logVo.LogVo.<init>] [INFO] 日志实例已初始化...
[2020-04-12 16:47:04:634] [vo.logVo.LogVo.<init>] [INFO] 日志实例已初始化...
[2020-04-12 16:47:04:639] [vo.logVo.LogVo.<init>] [INFO] 日志实例已初始化...
[2020-04-12 16:47:04:643] [vo.logVo.LogVo.<init>] [INFO] 日志实例已初始化...
[2020-04-12 16:47:04:649] [vo.logVo.LogVo.<init>] [INFO] 日志实例已初始化...
[2020-04-12 16:47:04:653] [vo.logVo.LogVo.<init>] [INFO] 日志实例已初始化...
[2020-04-12 16:47:04:659] [vo.logVo.LogVo.<init>] [INFO] 日志实例已初始化...
[2020-04-12 16:47:04:662] [vo.logVo.LogVo.<init>] [INFO] 日志实例已初始化...
[2020-04-12 16:47:04:667] [vo.logVo.LogVo.<init>] [INFO] 日志实例已初始化...
[2020-04-12 16:47:04:670] [vo.logVo.LogVo.<init>] [INFO] 日志实例已初始化...
[2020-04-12 16:47:04:673] [vo.logVo.LogVo.<init>] [INFO] 日志实例已初始化...
[2020-04-12 16:47:04:676] [vo.logVo.LogVo.<init>] [INFO] 日志实例已初始化...
[2020-04-12 16:47:04:680] [vo.logVo.LogVo.<init>] [INFO] 日志实例已初始化...
[2020-04-12 16:47:04:684] [vo.logVo.LogVo.<init>] [INFO] 日志实例已初始化...
[2020-04-12 16:47:04:688] [vo.logVo.LogVo.<init>] [INFO] 日志实例已初始化...
[2020-04-12 16:47:04:691] [vo.logVo.LogVo.<init>] [INFO] 日志实例已初始化...
[2020-04-12 16:47:04:697] [vo.logVo.LogVo.<init>] [INFO] 日志实例已初始化...
[2020-04-12 16:47:04:701] [vo.logVo.LogVo.<init>] [INFO] 日志实例已初始化...
[2020-04-12 16:47:04:704] [vo.logVo.LogVo.<init>] [INFO] 日志实例已初始化...
[2020-04-12 16:47:04:707] [vo.logVo.LogVo.<init>] [INFO] 日志实例已初始化...
[2020-04-12 16:47:04:710] [vo.logVo.LogVo.<init>] [INFO] 日志实例已初始化...
[2020-04-12 16:47:04:714] [vo.logVo.LogVo.<init>] [INFO] 日志实例已初始化...
[2020-04-12 16:47:04:718] [vo.logVo.LogVo.<init>] [INFO] 日志实例已初始化...
[2020-04-12 16:47:04:721] [vo.logVo.LogVo.<init>] [INFO] 日志实例已初始化...
[2020-04-12 16:47:04:725] [vo.logVo.LogVo.<init>] [INFO] 日志实例已初始化...
[2020-04-12 16:47:04:728] [vo.logVo.LogVo.<init>] [INFO] 日志实例已初始化...
[2020-04-12 16:47:04:732] [vo.logVo.LogVo.<init>] [INFO] 日志实例已初始化...
[2020-04-12 16:47:04:735] [vo.logVo.LogVo.<init>] [INFO] 日志实例已初始化...
[2020-04-12 16:47:04:739] [vo.logVo.LogVo.<init>] [INFO] 日志实例已初始化...
[2020-04-12 16:47:04:742] [vo.logVo.LogVo.<init>] [INFO] 日志实例已初始化...
[2020-04-12 16:47:04:746] [vo.logVo.LogVo.<init>] [INFO] 日志实例已初始化...
[2020-04-12 16:47:04:751] [vo.logVo.LogVo.<init>] [INFO] 日志实例已初始化...
[2020-04-12 16:47:04:754] [vo.logVo.LogVo.<init>] [INFO] 日志实例已初始化...
[2020-04-12 16:47:04:758] [vo.logVo.LogVo.<init>] [INFO] 日志实例已初始化...
[2020-04-12 16:47:04:763] [vo.logVo.LogVo.<init>] [INFO] 日志实例已初始化...
[2020-04-12 16:47:04:771] [vo.logVo.LogVo.<init>] [INFO] 日志实例已初始化...
[2020-04-12 16:47:04:774] [vo.logVo.LogVo.<init>] [INFO] 日志实例已初始化...
[2020-04-12 16:47:04:783] [vo.logVo.LogVo.<init>] [INFO] 日志实例已初始化...
[2020-04-12 16:47:04:787] [vo.logVo.LogVo.<init>] [INFO] 日志实例已初始化...
[2020-04-12 16:47:04:790] [vo.logVo.LogVo.<init>] [INFO] 日志实例已初始化...
[2020-04-12 16:47:04:794] [vo.logVo.LogVo.<init>] [INFO] 日志实例已初始化...
[2020-04-12 16:47:04:798] [vo.logVo.LogVo.<init>] [INFO] 日志实例已初始化...
[2020-04-12 16:47:04:802] [vo.logVo.LogVo.<init>] [INFO] 日志实例已初始化...
[2020-04-12 16:47:04:807] [vo.logVo.LogVo.<init>] [INFO] 日志实例已初始化...
[2020-04-12 16:47:04:811] [vo.logVo.LogVo.<init>] [INFO] 日志实例已初始化...
[2020-04-12 16:47:04:814] [vo.logVo.LogVo.<init>] [INFO] 日志实例已初始化...
[2020-04-12 16:47:04:818] [vo.logVo.LogVo.<init>] [INFO] 日志实例已初始化...
[2020-04-12 16:47:04:822] [vo.logVo.LogVo.<init>] [INFO] 日志实例已初始化...
[2020-04-12 16:47:04:825] [vo.logVo.LogVo.<init>] [INFO] 日志实例已初始化...
[2020-04-12 16:47:04:830] [vo.logVo.LogVo.<init>] [INFO] 日志实例已初始化...
[2020-04-12 16:47:04:835] [vo.logVo.LogVo.<init>] [INFO] 日志实例已初始化...
[2020-04-12 16:47:04:839] [vo.logVo.LogVo.<init>] [INFO] 日志实例已初始化...
[2020-04-12 16:47:04:842] [vo.logVo.LogVo.<init>] [INFO] 日志实例已初始化...
[2020-04-12 16:47:04:845] [vo.logVo.LogVo.<init>] [INFO] 日志实例已初始化...
[2020-04-12 16:47:04:850] [vo.logVo.LogVo.<init>] [INFO] 日志实例已初始化...
[2020-04-12 16:47:04:854] [vo.logVo.LogVo.<init>] [INFO] 日志实例已初始化...
[2020-04-12 16:47:04:858] [vo.logVo.LogVo.<init>] [INFO] 日志实例已初始化...
[2020-04-12 16:47:04:861] [vo.logVo.LogVo.<init>] [INFO] 日志实例已初始化...
[2020-04-12 16:47:04:865] [vo.logVo.LogVo.<init>] [INFO] 日志实例已初始化...
[2020-04-12 16:47:04:869] [vo.logVo.LogVo.<init>] [INFO] 日志实例已初始化...
[2020-04-12 16:47:04:872] [vo.logVo.LogVo.<init>] [INFO] 日志实例已初始化...
[2020-04-12 16:47:04:875] [vo.logVo.LogVo.<init>] [INFO] 日志实例已初始化...
[2020-04-12 16:47:04:878] [vo.logVo.LogVo.<init>] [INFO] 日志实例已初始化...
[2020-04-12 16:47:04:883] [vo.logVo.LogVo.<init>] [INFO] 日志实例已初始化...
[2020-04-12 16:47:04:888] [vo.logVo.LogVo.<init>] [INFO] 日志实例已初始化...
[2020-04-12 16:47:04:892] [vo.logVo.LogVo.<init>] [INFO] 日志实例已初始化...
[2020-04-12 16:47:04:895] [vo.logVo.LogVo.<init>] [INFO] 日志实例已初始化...
[2020-04-12 16:47:04:900] [vo.logVo.LogVo.<init>] [INFO] 日志实例已初始化...
[2020-04-12 16:47:04:904] [vo.logVo.LogVo.<init>] [INFO] 日志实例已初始化...
[2020-04-12 16:47:04:907] [vo.logVo.LogVo.<init>] [INFO] 日志实例已初始化...
[2020-04-12 16:47:04:911] [vo.logVo.LogVo.<init>] [INFO] 日志实例已初始化...
[2020-04-12 16:47:04:914] [vo.logVo.LogVo.<init>] [INFO] 日志实例已初始化...
[2020-04-12 16:47:04:918] [vo.logVo.LogVo.<init>] [INFO] 日志实例已初始化...
[2020-04-12 16:47:04:922] [vo.logVo.LogVo.<init>] [INFO] 日志实例已初始化...
[2020-04-12 16:47:04:925] [vo.logVo.LogVo.<init>] [INFO] 日志实例已初始化...
[2020-04-12 16:47:04:928] [vo.logVo.LogVo.<init>] [INFO] 日志实例已初始化...
[2020-04-12 16:47:04:932] [vo.logVo.LogVo.<init>] [INFO] 日志实例已初始化...
[2020-04-12 16:47:04:936] [vo.logVo.LogVo.<init>] [INFO] 日志实例已初始化...
[2020-04-12 16:47:04:939] [vo.logVo.LogVo.<init>] [INFO] 日志实例已初始化...
[2020-04-12 16:47:04:941] [vo.logVo.LogVo.<init>] [INFO] 日志实例已初始化...
[2020-04-12 16:47:04:944] [vo.logVo.LogVo.<init>] [INFO] 日志实例已初始化...
[2020-04-12 16:47:04:947] [vo.logVo.LogVo.<init>] [INFO] 日志实例已初始化...
[2020-04-12 16:47:04:950] [vo.logVo.LogVo.<init>] [INFO] 日志实例已初始化...
[2020-04-12 16:47:04:953] [vo.logVo.LogVo.<init>] [INFO] 日志实例已初始化...
[2020-04-12 16:47:04:956] [vo.logVo.LogVo.<init>] [INFO] 日志实例已初始化...
[2020-04-12 16:47:04:959] [vo.logVo.LogVo.<init>] [INFO] 日志实例已初始化...
[2020-04-12 16:47:04:963] [vo.logVo.LogVo.<init>] [INFO] 日志实例已初始化...
[2020-04-12 16:47:04:968] [vo.logVo.LogVo.<init>] [INFO] 日志实例已初始化...
[2020-04-12 16:47:04:971] [vo.logVo.LogVo.<init>] [INFO] 日志实例已初始化...
[2020-04-12 16:47:04:974] [vo.logVo.LogVo.<init>] [INFO] 日志实例已初始化...
[2020-04-12 16:47:04:977] [vo.logVo.LogVo.<init>] [INFO] 日志实例已初始化...
[2020-04-12 16:47:04:981] [vo.logVo.LogVo.<init>] [INFO] 日志实例已初始化...
[2020-04-12 16:47:04:983] [vo.logVo.LogVo.<init>] [INFO] 日志实例已初始化...
[2020-04-12 16:47:04:986] [vo.logVo.LogVo.<init>] [INFO] 日志实例已初始化...
[2020-04-12 16:47:04:989] [vo.logVo.LogVo.<init>] [INFO] 日志实例已初始化...
[2020-04-12 16:47:04:992] [vo.logVo.LogVo.<init>] [INFO] 日志实例已初始化...
[2020-04-12 16:47:04:995] [vo.logVo.LogVo.<init>] [INFO] 日志实例已初始化...
[2020-04-12 16:47:04:998] [vo.logVo.LogVo.<init>] [INFO] 日志实例已初始化...
[2020-04-12 16:47:05:001] [vo.logVo.LogVo.<init>] [INFO] 日志实例已初始化...
[2020-04-12 16:47:05:005] [vo.logVo.LogVo.<init>] [INFO] 日志实例已初始化...
[2020-04-12 16:47:05:008] [vo.logVo.LogVo.<init>] [INFO] 日志实例已初始化...
[2020-04-12 16:47:05:012] [vo.logVo.LogVo.<init>] [INFO] 日志实例已初始化...
[2020-04-12 16:47:05:016] [vo.logVo.LogVo.<init>] [INFO] 日志实例已初始化...
[2020-04-12 16:47:05:020] [vo.logVo.LogVo.<init>] [INFO] 日志实例已初始化...
[2020-04-12 16:47:05:023] [vo.logVo.LogVo.<init>] [INFO] 日志实例已初始化...
[2020-04-12 16:47:05:030] [vo.logVo.LogVo.<init>] [INFO] 日志实例已初始化...
[2020-04-12 16:47:05:037] [vo.logVo.LogVo.<init>] [INFO] 日志实例已初始化...
[2020-04-12 16:47:05:042] [vo.logVo.LogVo.<init>] [INFO] 日志实例已初始化...
[2020-04-12 16:47:05:045] [vo.logVo.LogVo.<init>] [INFO] 日志实例已初始化...
[2020-04-12 16:47:05:049] [vo.logVo.LogVo.<init>] [INFO] 日志实例已初始化...
[2020-04-12 16:47:05:053] [vo.logVo.LogVo.<init>] [INFO] 日志实例已初始化...
[2020-04-12 16:47:05:467] [vo.logVo.LogVo.<init>] [INFO] 日志实例已初始化...
[2020-04-12 16:47:05:693] [vo.logVo.LogVo.<init>] [INFO] 日志实例已初始化...
[2020-04-12 16:47:28:818] [action.userAction.LoginAction.execute] [INFO] 该用户已登录，请稍后再试！
[2020-04-12 16:48:02:893] [util.filter.StrutsFilter.destroy] [INFO] filter has been destoyed...
[2020-04-12 16:48:10:109] [util.MyApplicationContextAnnotion.<init>] [INFO] 获取上下文工具类初始化成功!
[2020-04-12 16:48:10:447] [aop.AnnotationCommenAop.<init>] [INFO] 注解式切面已初始化...
[2020-04-12 16:48:11:861] [vo.logVo.LogVo.<init>] [INFO] 日志实例已初始化...
[2020-04-12 16:48:12:321] [aop.ConfigCommenAop.<init>] [INFO] 切面已初始化...
[2020-04-12 16:48:12:352] [vo.logVo.LogVo.<init>] [INFO] 日志实例已初始化...
[2020-04-12 16:48:12:360] [webservice.WebServiceInterface.<init>] [INFO] spring管理web service1
[2020-04-12 16:48:21:577] [vo.logVo.LogVo.<init>] [INFO] 日志实例已初始化...
[2020-04-12 16:48:21:585] [vo.logVo.LogVo.<init>] [INFO] 日志实例已初始化...
[2020-04-12 16:48:21:586] [vo.logVo.LogVo.<init>] [INFO] 日志实例已初始化...
[2020-04-12 16:48:21:588] [vo.logVo.LogVo.<init>] [INFO] 日志实例已初始化...
[2020-04-12 16:48:21:590] [vo.logVo.LogVo.<init>] [INFO] 日志实例已初始化...
[2020-04-12 16:48:21:592] [vo.logVo.LogVo.<init>] [INFO] 日志实例已初始化...
[2020-04-12 16:48:21:593] [vo.logVo.LogVo.<init>] [INFO] 日志实例已初始化...
[2020-04-12 16:48:21:594] [vo.logVo.LogVo.<init>] [INFO] 日志实例已初始化...
[2020-04-12 16:48:21:595] [vo.logVo.LogVo.<init>] [INFO] 日志实例已初始化...
[2020-04-12 16:48:21:596] [vo.logVo.LogVo.<init>] [INFO] 日志实例已初始化...
[2020-04-12 16:48:21:597] [vo.logVo.LogVo.<init>] [INFO] 日志实例已初始化...
[2020-04-12 16:48:21:598] [vo.logVo.LogVo.<init>] [INFO] 日志实例已初始化...
[2020-04-12 16:48:21:598] [vo.logVo.LogVo.<init>] [INFO] 日志实例已初始化...
[2020-04-12 16:48:21:599] [vo.logVo.LogVo.<init>] [INFO] 日志实例已初始化...
[2020-04-12 16:48:21:600] [vo.logVo.LogVo.<init>] [INFO] 日志实例已初始化...
[2020-04-12 16:48:21:601] [vo.logVo.LogVo.<init>] [INFO] 日志实例已初始化...
[2020-04-12 16:48:21:603] [vo.logVo.LogVo.<init>] [INFO] 日志实例已初始化...
[2020-04-12 16:48:21:604] [vo.logVo.LogVo.<init>] [INFO] 日志实例已初始化...
[2020-04-12 16:48:21:605] [vo.logVo.LogVo.<init>] [INFO] 日志实例已初始化...
[2020-04-12 16:48:21:606] [vo.logVo.LogVo.<init>] [INFO] 日志实例已初始化...
[2020-04-12 16:48:21:607] [vo.logVo.LogVo.<init>] [INFO] 日志实例已初始化...
[2020-04-12 16:48:21:608] [vo.logVo.LogVo.<init>] [INFO] 日志实例已初始化...
[2020-04-12 16:48:21:609] [vo.logVo.LogVo.<init>] [INFO] 日志实例已初始化...
[2020-04-12 16:48:21:610] [vo.logVo.LogVo.<init>] [INFO] 日志实例已初始化...
[2020-04-12 16:48:21:611] [vo.logVo.LogVo.<init>] [INFO] 日志实例已初始化...
[2020-04-12 16:48:21:613] [vo.logVo.LogVo.<init>] [INFO] 日志实例已初始化...
[2020-04-12 16:48:21:614] [vo.logVo.LogVo.<init>] [INFO] 日志实例已初始化...
[2020-04-12 16:48:21:615] [vo.logVo.LogVo.<init>] [INFO] 日志实例已初始化...
[2020-04-12 16:48:21:617] [vo.logVo.LogVo.<init>] [INFO] 日志实例已初始化...
[2020-04-12 16:48:21:621] [vo.logVo.LogVo.<init>] [INFO] 日志实例已初始化...
[2020-04-12 16:48:21:624] [vo.logVo.LogVo.<init>] [INFO] 日志实例已初始化...
[2020-04-12 16:48:21:625] [vo.logVo.LogVo.<init>] [INFO] 日志实例已初始化...
[2020-04-12 16:48:21:628] [vo.logVo.LogVo.<init>] [INFO] 日志实例已初始化...
[2020-04-12 16:48:21:629] [vo.logVo.LogVo.<init>] [INFO] 日志实例已初始化...
[2020-04-12 16:48:21:630] [vo.logVo.LogVo.<init>] [INFO] 日志实例已初始化...
[2020-04-12 16:48:21:630] [vo.logVo.LogVo.<init>] [INFO] 日志实例已初始化...
[2020-04-12 16:48:21:631] [vo.logVo.LogVo.<init>] [INFO] 日志实例已初始化...
[2020-04-12 16:48:21:631] [vo.logVo.LogVo.<init>] [INFO] 日志实例已初始化...
[2020-04-12 16:48:21:632] [vo.logVo.LogVo.<init>] [INFO] 日志实例已初始化...
[2020-04-12 16:48:21:632] [vo.logVo.LogVo.<init>] [INFO] 日志实例已初始化...
[2020-04-12 16:48:21:634] [vo.logVo.LogVo.<init>] [INFO] 日志实例已初始化...
[2020-04-12 16:48:21:635] [vo.logVo.LogVo.<init>] [INFO] 日志实例已初始化...
[2020-04-12 16:48:21:636] [vo.logVo.LogVo.<init>] [INFO] 日志实例已初始化...
[2020-04-12 16:48:21:636] [vo.logVo.LogVo.<init>] [INFO] 日志实例已初始化...
[2020-04-12 16:48:21:637] [vo.logVo.LogVo.<init>] [INFO] 日志实例已初始化...
[2020-04-12 16:48:21:638] [vo.logVo.LogVo.<init>] [INFO] 日志实例已初始化...
[2020-04-12 16:48:21:638] [vo.logVo.LogVo.<init>] [INFO] 日志实例已初始化...
[2020-04-12 16:48:21:640] [vo.logVo.LogVo.<init>] [INFO] 日志实例已初始化...
[2020-04-12 16:48:21:640] [vo.logVo.LogVo.<init>] [INFO] 日志实例已初始化...
[2020-04-12 16:48:21:641] [vo.logVo.LogVo.<init>] [INFO] 日志实例已初始化...
[2020-04-12 16:48:21:642] [vo.logVo.LogVo.<init>] [INFO] 日志实例已初始化...
[2020-04-12 16:48:21:644] [vo.logVo.LogVo.<init>] [INFO] 日志实例已初始化...
[2020-04-12 16:48:21:645] [vo.logVo.LogVo.<init>] [INFO] 日志实例已初始化...
[2020-04-12 16:48:21:645] [vo.logVo.LogVo.<init>] [INFO] 日志实例已初始化...
[2020-04-12 16:48:21:647] [vo.logVo.LogVo.<init>] [INFO] 日志实例已初始化...
[2020-04-12 16:48:21:647] [vo.logVo.LogVo.<init>] [INFO] 日志实例已初始化...
[2020-04-12 16:48:21:648] [vo.logVo.LogVo.<init>] [INFO] 日志实例已初始化...
[2020-04-12 16:48:21:649] [vo.logVo.LogVo.<init>] [INFO] 日志实例已初始化...
[2020-04-12 16:48:21:650] [vo.logVo.LogVo.<init>] [INFO] 日志实例已初始化...
[2020-04-12 16:48:21:653] [vo.logVo.LogVo.<init>] [INFO] 日志实例已初始化...
[2020-04-12 16:48:21:654] [vo.logVo.LogVo.<init>] [INFO] 日志实例已初始化...
[2020-04-12 16:48:21:654] [vo.logVo.LogVo.<init>] [INFO] 日志实例已初始化...
[2020-04-12 16:48:21:657] [vo.logVo.LogVo.<init>] [INFO] 日志实例已初始化...
[2020-04-12 16:48:21:658] [vo.logVo.LogVo.<init>] [INFO] 日志实例已初始化...
[2020-04-12 16:48:21:660] [vo.logVo.LogVo.<init>] [INFO] 日志实例已初始化...
[2020-04-12 16:48:21:661] [vo.logVo.LogVo.<init>] [INFO] 日志实例已初始化...
[2020-04-12 16:48:21:662] [vo.logVo.LogVo.<init>] [INFO] 日志实例已初始化...
[2020-04-12 16:48:21:662] [vo.logVo.LogVo.<init>] [INFO] 日志实例已初始化...
[2020-04-12 16:48:21:664] [vo.logVo.LogVo.<init>] [INFO] 日志实例已初始化...
[2020-04-12 16:48:21:667] [vo.logVo.LogVo.<init>] [INFO] 日志实例已初始化...
[2020-04-12 16:48:21:668] [vo.logVo.LogVo.<init>] [INFO] 日志实例已初始化...
[2020-04-12 16:48:21:669] [vo.logVo.LogVo.<init>] [INFO] 日志实例已初始化...
[2020-04-12 16:48:21:670] [vo.logVo.LogVo.<init>] [INFO] 日志实例已初始化...
[2020-04-12 16:48:21:671] [vo.logVo.LogVo.<init>] [INFO] 日志实例已初始化...
[2020-04-12 16:48:21:674] [vo.logVo.LogVo.<init>] [INFO] 日志实例已初始化...
[2020-04-12 16:48:21:675] [vo.logVo.LogVo.<init>] [INFO] 日志实例已初始化...
[2020-04-12 16:48:21:677] [vo.logVo.LogVo.<init>] [INFO] 日志实例已初始化...
[2020-04-12 16:48:21:679] [vo.logVo.LogVo.<init>] [INFO] 日志实例已初始化...
[2020-04-12 16:48:21:680] [vo.logVo.LogVo.<init>] [INFO] 日志实例已初始化...
[2020-04-12 16:48:21:683] [vo.logVo.LogVo.<init>] [INFO] 日志实例已初始化...
[2020-04-12 16:48:21:684] [vo.logVo.LogVo.<init>] [INFO] 日志实例已初始化...
[2020-04-12 16:48:21:685] [vo.logVo.LogVo.<init>] [INFO] 日志实例已初始化...
[2020-04-12 16:48:21:687] [vo.logVo.LogVo.<init>] [INFO] 日志实例已初始化...
[2020-04-12 16:48:21:689] [vo.logVo.LogVo.<init>] [INFO] 日志实例已初始化...
[2020-04-12 16:48:21:691] [vo.logVo.LogVo.<init>] [INFO] 日志实例已初始化...
[2020-04-12 16:48:21:692] [vo.logVo.LogVo.<init>] [INFO] 日志实例已初始化...
[2020-04-12 16:48:21:692] [vo.logVo.LogVo.<init>] [INFO] 日志实例已初始化...
[2020-04-12 16:48:21:693] [vo.logVo.LogVo.<init>] [INFO] 日志实例已初始化...
[2020-04-12 16:48:21:694] [vo.logVo.LogVo.<init>] [INFO] 日志实例已初始化...
[2020-04-12 16:48:21:694] [vo.logVo.LogVo.<init>] [INFO] 日志实例已初始化...
[2020-04-12 16:48:21:695] [vo.logVo.LogVo.<init>] [INFO] 日志实例已初始化...
[2020-04-12 16:48:21:697] [vo.logVo.LogVo.<init>] [INFO] 日志实例已初始化...
[2020-04-12 16:48:21:699] [vo.logVo.LogVo.<init>] [INFO] 日志实例已初始化...
[2020-04-12 16:48:21:700] [vo.logVo.LogVo.<init>] [INFO] 日志实例已初始化...
[2020-04-12 16:48:21:700] [vo.logVo.LogVo.<init>] [INFO] 日志实例已初始化...
[2020-04-12 16:48:21:701] [vo.logVo.LogVo.<init>] [INFO] 日志实例已初始化...
[2020-04-12 16:48:21:703] [vo.logVo.LogVo.<init>] [INFO] 日志实例已初始化...
[2020-04-12 16:48:21:704] [vo.logVo.LogVo.<init>] [INFO] 日志实例已初始化...
[2020-04-12 16:48:21:708] [vo.logVo.LogVo.<init>] [INFO] 日志实例已初始化...
[2020-04-12 16:48:21:709] [vo.logVo.LogVo.<init>] [INFO] 日志实例已初始化...
[2020-04-12 16:48:21:711] [vo.logVo.LogVo.<init>] [INFO] 日志实例已初始化...
[2020-04-12 16:48:21:713] [vo.logVo.LogVo.<init>] [INFO] 日志实例已初始化...
[2020-04-12 16:48:21:714] [vo.logVo.LogVo.<init>] [INFO] 日志实例已初始化...
[2020-04-12 16:48:21:716] [vo.logVo.LogVo.<init>] [INFO] 日志实例已初始化...
[2020-04-12 16:48:21:720] [vo.logVo.LogVo.<init>] [INFO] 日志实例已初始化...
[2020-04-12 16:48:21:725] [vo.logVo.LogVo.<init>] [INFO] 日志实例已初始化...
[2020-04-12 16:48:21:728] [vo.logVo.LogVo.<init>] [INFO] 日志实例已初始化...
[2020-04-12 16:48:21:729] [vo.logVo.LogVo.<init>] [INFO] 日志实例已初始化...
[2020-04-12 16:48:21:730] [vo.logVo.LogVo.<init>] [INFO] 日志实例已初始化...
[2020-04-12 16:48:21:732] [vo.logVo.LogVo.<init>] [INFO] 日志实例已初始化...
[2020-04-12 16:48:21:734] [vo.logVo.LogVo.<init>] [INFO] 日志实例已初始化...
[2020-04-12 16:48:21:734] [vo.logVo.LogVo.<init>] [INFO] 日志实例已初始化...
[2020-04-12 16:48:21:735] [vo.logVo.LogVo.<init>] [INFO] 日志实例已初始化...
[2020-04-12 16:48:21:737] [vo.logVo.LogVo.<init>] [INFO] 日志实例已初始化...
[2020-04-12 16:48:21:738] [vo.logVo.LogVo.<init>] [INFO] 日志实例已初始化...
[2020-04-12 16:48:21:740] [vo.logVo.LogVo.<init>] [INFO] 日志实例已初始化...
[2020-04-12 16:48:21:743] [vo.logVo.LogVo.<init>] [INFO] 日志实例已初始化...
[2020-04-12 16:48:21:747] [vo.logVo.LogVo.<init>] [INFO] 日志实例已初始化...
[2020-04-12 16:48:21:749] [vo.logVo.LogVo.<init>] [INFO] 日志实例已初始化...
[2020-04-12 16:48:21:750] [vo.logVo.LogVo.<init>] [INFO] 日志实例已初始化...
[2020-04-12 16:48:21:752] [vo.logVo.LogVo.<init>] [INFO] 日志实例已初始化...
[2020-04-12 16:48:21:754] [vo.logVo.LogVo.<init>] [INFO] 日志实例已初始化...
[2020-04-12 16:48:21:778] [vo.logVo.LogVo.<init>] [INFO] 日志实例已初始化...
[2020-04-12 16:48:21:779] [vo.logVo.LogVo.<init>] [INFO] 日志实例已初始化...
[2020-04-12 16:48:21:790] [vo.logVo.LogVo.<init>] [INFO] 日志实例已初始化...
[2020-04-12 16:48:21:791] [vo.logVo.LogVo.<init>] [INFO] 日志实例已初始化...
[2020-04-12 16:48:21:792] [vo.logVo.LogVo.<init>] [INFO] 日志实例已初始化...
[2020-04-12 16:48:21:793] [vo.logVo.LogVo.<init>] [INFO] 日志实例已初始化...
[2020-04-12 16:48:21:794] [vo.logVo.LogVo.<init>] [INFO] 日志实例已初始化...
[2020-04-12 16:48:21:795] [vo.logVo.LogVo.<init>] [INFO] 日志实例已初始化...
[2020-04-12 16:48:21:795] [vo.logVo.LogVo.<init>] [INFO] 日志实例已初始化...
[2020-04-12 16:48:21:796] [vo.logVo.LogVo.<init>] [INFO] 日志实例已初始化...
[2020-04-12 16:48:21:797] [vo.logVo.LogVo.<init>] [INFO] 日志实例已初始化...
[2020-04-12 16:48:21:798] [vo.logVo.LogVo.<init>] [INFO] 日志实例已初始化...
[2020-04-12 16:48:21:798] [vo.logVo.LogVo.<init>] [INFO] 日志实例已初始化...
[2020-04-12 16:48:21:799] [vo.logVo.LogVo.<init>] [INFO] 日志实例已初始化...
[2020-04-12 16:48:21:799] [vo.logVo.LogVo.<init>] [INFO] 日志实例已初始化...
[2020-04-12 16:48:21:800] [vo.logVo.LogVo.<init>] [INFO] 日志实例已初始化...
[2020-04-12 16:48:21:830] [vo.logVo.LogVo.<init>] [INFO] 日志实例已初始化...
[2020-04-12 16:48:21:833] [vo.logVo.LogVo.<init>] [INFO] 日志实例已初始化...
[2020-04-12 16:48:21:835] [vo.logVo.LogVo.<init>] [INFO] 日志实例已初始化...
[2020-04-12 16:48:21:836] [vo.logVo.LogVo.<init>] [INFO] 日志实例已初始化...
[2020-04-12 16:48:21:839] [vo.logVo.LogVo.<init>] [INFO] 日志实例已初始化...
[2020-04-12 16:48:21:840] [vo.logVo.LogVo.<init>] [INFO] 日志实例已初始化...
[2020-04-12 16:48:21:841] [vo.logVo.LogVo.<init>] [INFO] 日志实例已初始化...
[2020-04-12 16:48:21:842] [vo.logVo.LogVo.<init>] [INFO] 日志实例已初始化...
[2020-04-12 16:48:21:843] [vo.logVo.LogVo.<init>] [INFO] 日志实例已初始化...
[2020-04-12 16:48:21:844] [vo.logVo.LogVo.<init>] [INFO] 日志实例已初始化...
[2020-04-12 16:48:21:844] [vo.logVo.LogVo.<init>] [INFO] 日志实例已初始化...
[2020-04-12 16:48:21:845] [vo.logVo.LogVo.<init>] [INFO] 日志实例已初始化...
[2020-04-12 16:48:21:846] [vo.logVo.LogVo.<init>] [INFO] 日志实例已初始化...
[2020-04-12 16:48:21:847] [vo.logVo.LogVo.<init>] [INFO] 日志实例已初始化...
[2020-04-12 16:48:21:848] [vo.logVo.LogVo.<init>] [INFO] 日志实例已初始化...
[2020-04-12 16:48:21:849] [vo.logVo.LogVo.<init>] [INFO] 日志实例已初始化...
[2020-04-12 16:48:21:849] [vo.logVo.LogVo.<init>] [INFO] 日志实例已初始化...
[2020-04-12 16:48:21:851] [vo.logVo.LogVo.<init>] [INFO] 日志实例已初始化...
[2020-04-12 16:48:21:853] [vo.logVo.LogVo.<init>] [INFO] 日志实例已初始化...
[2020-04-12 16:48:21:853] [vo.logVo.LogVo.<init>] [INFO] 日志实例已初始化...
[2020-04-12 16:48:21:861] [vo.logVo.LogVo.<init>] [INFO] 日志实例已初始化...
[2020-04-12 16:48:21:863] [vo.logVo.LogVo.<init>] [INFO] 日志实例已初始化...
[2020-04-12 16:48:21:865] [vo.logVo.LogVo.<init>] [INFO] 日志实例已初始化...
[2020-04-12 16:48:21:868] [vo.logVo.LogVo.<init>] [INFO] 日志实例已初始化...
[2020-04-12 16:48:21:869] [vo.logVo.LogVo.<init>] [INFO] 日志实例已初始化...
[2020-04-12 16:48:21:871] [vo.logVo.LogVo.<init>] [INFO] 日志实例已初始化...
[2020-04-12 16:48:21:873] [vo.logVo.LogVo.<init>] [INFO] 日志实例已初始化...
[2020-04-12 16:48:21:874] [vo.logVo.LogVo.<init>] [INFO] 日志实例已初始化...
[2020-04-12 16:48:21:875] [vo.logVo.LogVo.<init>] [INFO] 日志实例已初始化...
[2020-04-12 16:48:21:876] [vo.logVo.LogVo.<init>] [INFO] 日志实例已初始化...
[2020-04-12 16:48:21:878] [vo.logVo.LogVo.<init>] [INFO] 日志实例已初始化...
[2020-04-12 16:48:21:878] [vo.logVo.LogVo.<init>] [INFO] 日志实例已初始化...
[2020-04-12 16:48:21:882] [vo.logVo.LogVo.<init>] [INFO] 日志实例已初始化...
[2020-04-12 16:48:21:885] [vo.logVo.LogVo.<init>] [INFO] 日志实例已初始化...
[2020-04-12 16:48:21:890] [vo.logVo.LogVo.<init>] [INFO] 日志实例已初始化...
[2020-04-12 16:48:21:892] [vo.logVo.LogVo.<init>] [INFO] 日志实例已初始化...
[2020-04-12 16:48:21:893] [vo.logVo.LogVo.<init>] [INFO] 日志实例已初始化...
[2020-04-12 16:48:21:894] [vo.logVo.LogVo.<init>] [INFO] 日志实例已初始化...
[2020-04-12 16:48:21:895] [vo.logVo.LogVo.<init>] [INFO] 日志实例已初始化...
[2020-04-12 16:48:21:896] [vo.logVo.LogVo.<init>] [INFO] 日志实例已初始化...
[2020-04-12 16:48:21:897] [vo.logVo.LogVo.<init>] [INFO] 日志实例已初始化...
[2020-04-12 16:48:21:898] [vo.logVo.LogVo.<init>] [INFO] 日志实例已初始化...
[2020-04-12 16:48:21:900] [vo.logVo.LogVo.<init>] [INFO] 日志实例已初始化...
[2020-04-12 16:48:21:901] [vo.logVo.LogVo.<init>] [INFO] 日志实例已初始化...
[2020-04-12 16:48:21:902] [vo.logVo.LogVo.<init>] [INFO] 日志实例已初始化...
[2020-04-12 16:48:21:903] [vo.logVo.LogVo.<init>] [INFO] 日志实例已初始化...
[2020-04-12 16:48:21:904] [vo.logVo.LogVo.<init>] [INFO] 日志实例已初始化...
[2020-04-12 16:48:21:904] [vo.logVo.LogVo.<init>] [INFO] 日志实例已初始化...
[2020-04-12 16:48:21:906] [vo.logVo.LogVo.<init>] [INFO] 日志实例已初始化...
[2020-04-12 16:48:21:907] [vo.logVo.LogVo.<init>] [INFO] 日志实例已初始化...
[2020-04-12 16:48:21:909] [vo.logVo.LogVo.<init>] [INFO] 日志实例已初始化...
[2020-04-12 16:48:21:909] [vo.logVo.LogVo.<init>] [INFO] 日志实例已初始化...
[2020-04-12 16:48:21:911] [vo.logVo.LogVo.<init>] [INFO] 日志实例已初始化...
[2020-04-12 16:48:21:912] [vo.logVo.LogVo.<init>] [INFO] 日志实例已初始化...
[2020-04-12 16:48:21:912] [vo.logVo.LogVo.<init>] [INFO] 日志实例已初始化...
[2020-04-12 16:48:21:913] [vo.logVo.LogVo.<init>] [INFO] 日志实例已初始化...
[2020-04-12 16:48:21:915] [vo.logVo.LogVo.<init>] [INFO] 日志实例已初始化...
[2020-04-12 16:48:21:916] [vo.logVo.LogVo.<init>] [INFO] 日志实例已初始化...
[2020-04-12 16:48:21:916] [vo.logVo.LogVo.<init>] [INFO] 日志实例已初始化...
[2020-04-12 16:48:21:918] [vo.logVo.LogVo.<init>] [INFO] 日志实例已初始化...
[2020-04-12 16:48:21:918] [vo.logVo.LogVo.<init>] [INFO] 日志实例已初始化...
[2020-04-12 16:48:21:919] [vo.logVo.LogVo.<init>] [INFO] 日志实例已初始化...
[2020-04-12 16:48:21:920] [vo.logVo.LogVo.<init>] [INFO] 日志实例已初始化...
[2020-04-12 16:48:21:920] [vo.logVo.LogVo.<init>] [INFO] 日志实例已初始化...
[2020-04-12 16:48:21:921] [vo.logVo.LogVo.<init>] [INFO] 日志实例已初始化...
[2020-04-12 16:48:21:923] [vo.logVo.LogVo.<init>] [INFO] 日志实例已初始化...
[2020-04-12 16:48:21:924] [vo.logVo.LogVo.<init>] [INFO] 日志实例已初始化...
[2020-04-12 16:48:21:927] [vo.logVo.LogVo.<init>] [INFO] 日志实例已初始化...
[2020-04-12 16:48:21:928] [vo.logVo.LogVo.<init>] [INFO] 日志实例已初始化...
[2020-04-12 16:48:21:929] [vo.logVo.LogVo.<init>] [INFO] 日志实例已初始化...
[2020-04-12 16:48:21:933] [vo.logVo.LogVo.<init>] [INFO] 日志实例已初始化...
[2020-04-12 16:48:21:934] [vo.logVo.LogVo.<init>] [INFO] 日志实例已初始化...
[2020-04-12 16:48:21:935] [vo.logVo.LogVo.<init>] [INFO] 日志实例已初始化...
[2020-04-12 16:48:21:935] [vo.logVo.LogVo.<init>] [INFO] 日志实例已初始化...
[2020-04-12 16:48:21:936] [vo.logVo.LogVo.<init>] [INFO] 日志实例已初始化...
[2020-04-12 16:48:21:937] [vo.logVo.LogVo.<init>] [INFO] 日志实例已初始化...
[2020-04-12 16:48:21:939] [vo.logVo.LogVo.<init>] [INFO] 日志实例已初始化...
[2020-04-12 16:48:21:940] [vo.logVo.LogVo.<init>] [INFO] 日志实例已初始化...
[2020-04-12 16:48:21:941] [vo.logVo.LogVo.<init>] [INFO] 日志实例已初始化...
[2020-04-12 16:48:21:941] [vo.logVo.LogVo.<init>] [INFO] 日志实例已初始化...
[2020-04-12 16:48:21:942] [vo.logVo.LogVo.<init>] [INFO] 日志实例已初始化...
[2020-04-12 16:48:21:942] [vo.logVo.LogVo.<init>] [INFO] 日志实例已初始化...
[2020-04-12 16:48:21:943] [vo.logVo.LogVo.<init>] [INFO] 日志实例已初始化...
[2020-04-12 16:48:21:944] [vo.logVo.LogVo.<init>] [INFO] 日志实例已初始化...
[2020-04-12 16:48:21:945] [vo.logVo.LogVo.<init>] [INFO] 日志实例已初始化...
[2020-04-12 16:48:21:946] [vo.logVo.LogVo.<init>] [INFO] 日志实例已初始化...
[2020-04-12 16:48:21:947] [vo.logVo.LogVo.<init>] [INFO] 日志实例已初始化...
[2020-04-12 16:48:21:949] [vo.logVo.LogVo.<init>] [INFO] 日志实例已初始化...
[2020-04-12 16:48:21:949] [vo.logVo.LogVo.<init>] [INFO] 日志实例已初始化...
[2020-04-12 16:48:21:950] [vo.logVo.LogVo.<init>] [INFO] 日志实例已初始化...
[2020-04-12 16:48:21:951] [vo.logVo.LogVo.<init>] [INFO] 日志实例已初始化...
[2020-04-12 16:48:21:951] [vo.logVo.LogVo.<init>] [INFO] 日志实例已初始化...
[2020-04-12 16:48:21:952] [vo.logVo.LogVo.<init>] [INFO] 日志实例已初始化...
[2020-04-12 16:48:21:953] [vo.logVo.LogVo.<init>] [INFO] 日志实例已初始化...
[2020-04-12 16:48:21:954] [vo.logVo.LogVo.<init>] [INFO] 日志实例已初始化...
[2020-04-12 16:48:21:954] [vo.logVo.LogVo.<init>] [INFO] 日志实例已初始化...
[2020-04-12 16:48:21:956] [vo.logVo.LogVo.<init>] [INFO] 日志实例已初始化...
[2020-04-12 16:48:21:957] [vo.logVo.LogVo.<init>] [INFO] 日志实例已初始化...
[2020-04-12 16:48:21:958] [vo.logVo.LogVo.<init>] [INFO] 日志实例已初始化...
[2020-04-12 16:48:21:959] [vo.logVo.LogVo.<init>] [INFO] 日志实例已初始化...
[2020-04-12 16:48:21:960] [vo.logVo.LogVo.<init>] [INFO] 日志实例已初始化...
[2020-04-12 16:48:21:961] [vo.logVo.LogVo.<init>] [INFO] 日志实例已初始化...
[2020-04-12 16:48:21:961] [vo.logVo.LogVo.<init>] [INFO] 日志实例已初始化...
[2020-04-12 16:48:21:962] [vo.logVo.LogVo.<init>] [INFO] 日志实例已初始化...
[2020-04-12 16:48:21:962] [vo.logVo.LogVo.<init>] [INFO] 日志实例已初始化...
[2020-04-12 16:48:21:963] [vo.logVo.LogVo.<init>] [INFO] 日志实例已初始化...
[2020-04-12 16:48:21:964] [vo.logVo.LogVo.<init>] [INFO] 日志实例已初始化...
[2020-04-12 16:48:21:964] [vo.logVo.LogVo.<init>] [INFO] 日志实例已初始化...
[2020-04-12 16:48:21:965] [vo.logVo.LogVo.<init>] [INFO] 日志实例已初始化...
[2020-04-12 16:48:21:965] [vo.logVo.LogVo.<init>] [INFO] 日志实例已初始化...
[2020-04-12 16:48:21:966] [vo.logVo.LogVo.<init>] [INFO] 日志实例已初始化...
[2020-04-12 16:48:21:966] [vo.logVo.LogVo.<init>] [INFO] 日志实例已初始化...
[2020-04-12 16:48:21:967] [vo.logVo.LogVo.<init>] [INFO] 日志实例已初始化...
[2020-04-12 16:48:21:969] [vo.logVo.LogVo.<init>] [INFO] 日志实例已初始化...
[2020-04-12 16:48:21:970] [vo.logVo.LogVo.<init>] [INFO] 日志实例已初始化...
[2020-04-12 16:48:21:970] [vo.logVo.LogVo.<init>] [INFO] 日志实例已初始化...
[2020-04-12 16:48:21:971] [vo.logVo.LogVo.<init>] [INFO] 日志实例已初始化...
[2020-04-12 16:48:21:973] [vo.logVo.LogVo.<init>] [INFO] 日志实例已初始化...
[2020-04-12 16:48:21:974] [vo.logVo.LogVo.<init>] [INFO] 日志实例已初始化...
[2020-04-12 16:48:21:975] [vo.logVo.LogVo.<init>] [INFO] 日志实例已初始化...
[2020-04-12 16:48:21:976] [vo.logVo.LogVo.<init>] [INFO] 日志实例已初始化...
[2020-04-12 16:48:21:977] [vo.logVo.LogVo.<init>] [INFO] 日志实例已初始化...
[2020-04-12 16:48:21:978] [vo.logVo.LogVo.<init>] [INFO] 日志实例已初始化...
[2020-04-12 16:48:21:978] [vo.logVo.LogVo.<init>] [INFO] 日志实例已初始化...
[2020-04-12 16:48:21:979] [vo.logVo.LogVo.<init>] [INFO] 日志实例已初始化...
[2020-04-12 16:48:21:981] [vo.logVo.LogVo.<init>] [INFO] 日志实例已初始化...
[2020-04-12 16:48:21:981] [vo.logVo.LogVo.<init>] [INFO] 日志实例已初始化...
[2020-04-12 16:48:21:982] [vo.logVo.LogVo.<init>] [INFO] 日志实例已初始化...
[2020-04-12 16:48:21:983] [vo.logVo.LogVo.<init>] [INFO] 日志实例已初始化...
[2020-04-12 16:48:21:984] [vo.logVo.LogVo.<init>] [INFO] 日志实例已初始化...
[2020-04-12 16:48:21:985] [vo.logVo.LogVo.<init>] [INFO] 日志实例已初始化...
[2020-04-12 16:48:21:987] [vo.logVo.LogVo.<init>] [INFO] 日志实例已初始化...
[2020-04-12 16:48:21:989] [vo.logVo.LogVo.<init>] [INFO] 日志实例已初始化...
[2020-04-12 16:48:21:990] [vo.logVo.LogVo.<init>] [INFO] 日志实例已初始化...
[2020-04-12 16:48:21:992] [vo.logVo.LogVo.<init>] [INFO] 日志实例已初始化...
[2020-04-12 16:48:21:993] [vo.logVo.LogVo.<init>] [INFO] 日志实例已初始化...
[2020-04-12 16:48:21:994] [vo.logVo.LogVo.<init>] [INFO] 日志实例已初始化...
[2020-04-12 16:48:21:995] [vo.logVo.LogVo.<init>] [INFO] 日志实例已初始化...
[2020-04-12 16:48:21:998] [vo.logVo.LogVo.<init>] [INFO] 日志实例已初始化...
[2020-04-12 16:48:21:999] [vo.logVo.LogVo.<init>] [INFO] 日志实例已初始化...
[2020-04-12 16:48:21:999] [vo.logVo.LogVo.<init>] [INFO] 日志实例已初始化...
[2020-04-12 16:48:22:000] [vo.logVo.LogVo.<init>] [INFO] 日志实例已初始化...
[2020-04-12 16:48:22:001] [vo.logVo.LogVo.<init>] [INFO] 日志实例已初始化...
[2020-04-12 16:48:22:002] [vo.logVo.LogVo.<init>] [INFO] 日志实例已初始化...
[2020-04-12 16:48:22:003] [vo.logVo.LogVo.<init>] [INFO] 日志实例已初始化...
[2020-04-12 16:48:22:004] [vo.logVo.LogVo.<init>] [INFO] 日志实例已初始化...
[2020-04-12 16:48:22:006] [vo.logVo.LogVo.<init>] [INFO] 日志实例已初始化...
[2020-04-12 16:48:22:012] [vo.logVo.LogVo.<init>] [INFO] 日志实例已初始化...
[2020-04-12 16:48:22:013] [vo.logVo.LogVo.<init>] [INFO] 日志实例已初始化...
[2020-04-12 16:48:22:014] [vo.logVo.LogVo.<init>] [INFO] 日志实例已初始化...
[2020-04-12 16:48:22:015] [vo.logVo.LogVo.<init>] [INFO] 日志实例已初始化...
[2020-04-12 16:48:22:016] [vo.logVo.LogVo.<init>] [INFO] 日志实例已初始化...
[2020-04-12 16:48:22:017] [vo.logVo.LogVo.<init>] [INFO] 日志实例已初始化...
[2020-04-12 16:48:22:018] [vo.logVo.LogVo.<init>] [INFO] 日志实例已初始化...
[2020-04-12 16:48:22:019] [vo.logVo.LogVo.<init>] [INFO] 日志实例已初始化...
[2020-04-12 16:48:22:020] [vo.logVo.LogVo.<init>] [INFO] 日志实例已初始化...
[2020-04-12 16:48:22:021] [vo.logVo.LogVo.<init>] [INFO] 日志实例已初始化...
[2020-04-12 16:48:22:021] [vo.logVo.LogVo.<init>] [INFO] 日志实例已初始化...
[2020-04-12 16:48:22:022] [vo.logVo.LogVo.<init>] [INFO] 日志实例已初始化...
[2020-04-12 16:48:22:024] [vo.logVo.LogVo.<init>] [INFO] 日志实例已初始化...
[2020-04-12 16:48:22:024] [vo.logVo.LogVo.<init>] [INFO] 日志实例已初始化...
[2020-04-12 16:48:22:025] [vo.logVo.LogVo.<init>] [INFO] 日志实例已初始化...
[2020-04-12 16:48:22:027] [vo.logVo.LogVo.<init>] [INFO] 日志实例已初始化...
[2020-04-12 16:48:22:029] [vo.logVo.LogVo.<init>] [INFO] 日志实例已初始化...
[2020-04-12 16:48:22:029] [vo.logVo.LogVo.<init>] [INFO] 日志实例已初始化...
[2020-04-12 16:48:22:030] [vo.logVo.LogVo.<init>] [INFO] 日志实例已初始化...
[2020-04-12 16:48:22:032] [vo.logVo.LogVo.<init>] [INFO] 日志实例已初始化...
[2020-04-12 16:48:22:032] [vo.logVo.LogVo.<init>] [INFO] 日志实例已初始化...
[2020-04-12 16:48:22:033] [vo.logVo.LogVo.<init>] [INFO] 日志实例已初始化...
[2020-04-12 16:48:22:035] [vo.logVo.LogVo.<init>] [INFO] 日志实例已初始化...
[2020-04-12 16:48:22:036] [vo.logVo.LogVo.<init>] [INFO] 日志实例已初始化...
[2020-04-12 16:48:22:037] [vo.logVo.LogVo.<init>] [INFO] 日志实例已初始化...
[2020-04-12 16:48:22:039] [vo.logVo.LogVo.<init>] [INFO] 日志实例已初始化...
[2020-04-12 16:48:22:040] [vo.logVo.LogVo.<init>] [INFO] 日志实例已初始化...
[2020-04-12 16:48:22:041] [vo.logVo.LogVo.<init>] [INFO] 日志实例已初始化...
[2020-04-12 16:48:22:042] [vo.logVo.LogVo.<init>] [INFO] 日志实例已初始化...
[2020-04-12 16:48:22:042] [vo.logVo.LogVo.<init>] [INFO] 日志实例已初始化...
[2020-04-12 16:48:22:044] [vo.logVo.LogVo.<init>] [INFO] 日志实例已初始化...
[2020-04-12 16:48:22:044] [vo.logVo.LogVo.<init>] [INFO] 日志实例已初始化...
[2020-04-12 16:48:22:045] [vo.logVo.LogVo.<init>] [INFO] 日志实例已初始化...
[2020-04-12 16:48:22:046] [vo.logVo.LogVo.<init>] [INFO] 日志实例已初始化...
[2020-04-12 16:48:22:047] [vo.logVo.LogVo.<init>] [INFO] 日志实例已初始化...
[2020-04-12 16:48:22:048] [vo.logVo.LogVo.<init>] [INFO] 日志实例已初始化...
[2020-04-12 16:48:22:048] [vo.logVo.LogVo.<init>] [INFO] 日志实例已初始化...
[2020-04-12 16:48:22:049] [vo.logVo.LogVo.<init>] [INFO] 日志实例已初始化...
[2020-04-12 16:48:22:049] [vo.logVo.LogVo.<init>] [INFO] 日志实例已初始化...
[2020-04-12 16:48:22:050] [vo.logVo.LogVo.<init>] [INFO] 日志实例已初始化...
[2020-04-12 16:48:22:050] [vo.logVo.LogVo.<init>] [INFO] 日志实例已初始化...
[2020-04-12 16:48:22:051] [vo.logVo.LogVo.<init>] [INFO] 日志实例已初始化...
[2020-04-12 16:48:22:052] [vo.logVo.LogVo.<init>] [INFO] 日志实例已初始化...
[2020-04-12 16:48:22:052] [vo.logVo.LogVo.<init>] [INFO] 日志实例已初始化...
[2020-04-12 16:48:22:053] [vo.logVo.LogVo.<init>] [INFO] 日志实例已初始化...
[2020-04-12 16:48:22:053] [vo.logVo.LogVo.<init>] [INFO] 日志实例已初始化...
[2020-04-12 16:48:22:054] [vo.logVo.LogVo.<init>] [INFO] 日志实例已初始化...
[2020-04-12 16:48:22:054] [vo.logVo.LogVo.<init>] [INFO] 日志实例已初始化...
[2020-04-12 16:48:22:054] [vo.logVo.LogVo.<init>] [INFO] 日志实例已初始化...
[2020-04-12 16:48:22:055] [vo.logVo.LogVo.<init>] [INFO] 日志实例已初始化...
[2020-04-12 16:48:22:056] [vo.logVo.LogVo.<init>] [INFO] 日志实例已初始化...
[2020-04-12 16:48:22:057] [vo.logVo.LogVo.<init>] [INFO] 日志实例已初始化...
[2020-04-12 16:48:22:058] [vo.logVo.LogVo.<init>] [INFO] 日志实例已初始化...
[2020-04-12 16:48:22:058] [vo.logVo.LogVo.<init>] [INFO] 日志实例已初始化...
[2020-04-12 16:48:22:059] [vo.logVo.LogVo.<init>] [INFO] 日志实例已初始化...
[2020-04-12 16:48:22:059] [vo.logVo.LogVo.<init>] [INFO] 日志实例已初始化...
[2020-04-12 16:48:22:060] [vo.logVo.LogVo.<init>] [INFO] 日志实例已初始化...
[2020-04-12 16:48:22:060] [vo.logVo.LogVo.<init>] [INFO] 日志实例已初始化...
[2020-04-12 16:48:22:061] [vo.logVo.LogVo.<init>] [INFO] 日志实例已初始化...
[2020-04-12 16:48:22:061] [vo.logVo.LogVo.<init>] [INFO] 日志实例已初始化...
[2020-04-12 16:48:22:061] [vo.logVo.LogVo.<init>] [INFO] 日志实例已初始化...
[2020-04-12 16:48:22:062] [vo.logVo.LogVo.<init>] [INFO] 日志实例已初始化...
[2020-04-12 16:48:22:062] [vo.logVo.LogVo.<init>] [INFO] 日志实例已初始化...
[2020-04-12 16:48:22:063] [vo.logVo.LogVo.<init>] [INFO] 日志实例已初始化...
[2020-04-12 16:48:22:063] [vo.logVo.LogVo.<init>] [INFO] 日志实例已初始化...
[2020-04-12 16:48:22:063] [vo.logVo.LogVo.<init>] [INFO] 日志实例已初始化...
[2020-04-12 16:48:22:064] [vo.logVo.LogVo.<init>] [INFO] 日志实例已初始化...
[2020-04-12 16:48:22:064] [vo.logVo.LogVo.<init>] [INFO] 日志实例已初始化...
[2020-04-12 16:48:22:065] [vo.logVo.LogVo.<init>] [INFO] 日志实例已初始化...
[2020-04-12 16:48:22:065] [vo.logVo.LogVo.<init>] [INFO] 日志实例已初始化...
[2020-04-12 16:48:22:065] [vo.logVo.LogVo.<init>] [INFO] 日志实例已初始化...
[2020-04-12 16:48:22:066] [vo.logVo.LogVo.<init>] [INFO] 日志实例已初始化...
[2020-04-12 16:48:22:066] [vo.logVo.LogVo.<init>] [INFO] 日志实例已初始化...
[2020-04-12 16:48:22:067] [vo.logVo.LogVo.<init>] [INFO] 日志实例已初始化...
[2020-04-12 16:48:22:068] [vo.logVo.LogVo.<init>] [INFO] 日志实例已初始化...
[2020-04-12 16:48:22:068] [vo.logVo.LogVo.<init>] [INFO] 日志实例已初始化...
[2020-04-12 16:48:22:069] [vo.logVo.LogVo.<init>] [INFO] 日志实例已初始化...
[2020-04-12 16:48:22:069] [vo.logVo.LogVo.<init>] [INFO] 日志实例已初始化...
[2020-04-12 16:48:22:070] [vo.logVo.LogVo.<init>] [INFO] 日志实例已初始化...
[2020-04-12 16:48:22:070] [vo.logVo.LogVo.<init>] [INFO] 日志实例已初始化...
[2020-04-12 16:48:22:071] [vo.logVo.LogVo.<init>] [INFO] 日志实例已初始化...
[2020-04-12 16:48:22:071] [vo.logVo.LogVo.<init>] [INFO] 日志实例已初始化...
[2020-04-12 16:48:22:073] [vo.logVo.LogVo.<init>] [INFO] 日志实例已初始化...
[2020-04-12 16:48:22:075] [vo.logVo.LogVo.<init>] [INFO] 日志实例已初始化...
[2020-04-12 16:48:22:077] [vo.logVo.LogVo.<init>] [INFO] 日志实例已初始化...
[2020-04-12 16:48:22:078] [vo.logVo.LogVo.<init>] [INFO] 日志实例已初始化...
[2020-04-12 16:48:22:079] [vo.logVo.LogVo.<init>] [INFO] 日志实例已初始化...
[2020-04-12 16:48:22:080] [vo.logVo.LogVo.<init>] [INFO] 日志实例已初始化...
[2020-04-12 16:48:22:081] [vo.logVo.LogVo.<init>] [INFO] 日志实例已初始化...
[2020-04-12 16:48:22:082] [vo.logVo.LogVo.<init>] [INFO] 日志实例已初始化...
[2020-04-12 16:48:22:082] [vo.logVo.LogVo.<init>] [INFO] 日志实例已初始化...
[2020-04-12 16:48:22:083] [vo.logVo.LogVo.<init>] [INFO] 日志实例已初始化...
[2020-04-12 16:48:22:084] [vo.logVo.LogVo.<init>] [INFO] 日志实例已初始化...
[2020-04-12 16:48:22:085] [vo.logVo.LogVo.<init>] [INFO] 日志实例已初始化...
[2020-04-12 16:48:22:086] [vo.logVo.LogVo.<init>] [INFO] 日志实例已初始化...
[2020-04-12 16:48:22:087] [vo.logVo.LogVo.<init>] [INFO] 日志实例已初始化...
[2020-04-12 16:48:22:087] [vo.logVo.LogVo.<init>] [INFO] 日志实例已初始化...
[2020-04-12 16:48:22:090] [vo.logVo.LogVo.<init>] [INFO] 日志实例已初始化...
[2020-04-12 16:48:22:091] [vo.logVo.LogVo.<init>] [INFO] 日志实例已初始化...
[2020-04-12 16:48:22:092] [vo.logVo.LogVo.<init>] [INFO] 日志实例已初始化...
[2020-04-12 16:48:22:093] [vo.logVo.LogVo.<init>] [INFO] 日志实例已初始化...
[2020-04-12 16:48:22:094] [vo.logVo.LogVo.<init>] [INFO] 日志实例已初始化...
[2020-04-12 16:48:22:095] [vo.logVo.LogVo.<init>] [INFO] 日志实例已初始化...
[2020-04-12 16:48:22:096] [vo.logVo.LogVo.<init>] [INFO] 日志实例已初始化...
[2020-04-12 16:48:22:096] [vo.logVo.LogVo.<init>] [INFO] 日志实例已初始化...
[2020-04-12 16:48:22:097] [vo.logVo.LogVo.<init>] [INFO] 日志实例已初始化...
[2020-04-12 16:48:22:134] [vo.logVo.LogVo.<init>] [INFO] 日志实例已初始化...
[2020-04-12 16:48:22:145] [vo.logVo.LogVo.<init>] [INFO] 日志实例已初始化...
[2020-04-12 16:48:22:292] [action.userAction.LoginAction.execute] [INFO] 该用户已登录，请稍后再试！
[2020-04-12 16:48:32:302] [vo.logVo.LogVo.<init>] [INFO] 日志实例已初始化...
[2020-04-12 16:48:32:304] [vo.logVo.LogVo.<init>] [INFO] 日志实例已初始化...
[2020-04-12 16:48:32:304] [vo.logVo.LogVo.<init>] [INFO] 日志实例已初始化...
[2020-04-12 16:48:32:305] [vo.logVo.LogVo.<init>] [INFO] 日志实例已初始化...
[2020-04-12 16:48:32:306] [vo.logVo.LogVo.<init>] [INFO] 日志实例已初始化...
[2020-04-12 16:48:32:307] [vo.logVo.LogVo.<init>] [INFO] 日志实例已初始化...
[2020-04-12 16:48:32:307] [vo.logVo.LogVo.<init>] [INFO] 日志实例已初始化...
[2020-04-12 16:48:32:308] [vo.logVo.LogVo.<init>] [INFO] 日志实例已初始化...
[2020-04-12 16:48:32:309] [vo.logVo.LogVo.<init>] [INFO] 日志实例已初始化...
[2020-04-12 16:48:32:310] [vo.logVo.LogVo.<init>] [INFO] 日志实例已初始化...
[2020-04-12 16:48:32:310] [vo.logVo.LogVo.<init>] [INFO] 日志实例已初始化...
[2020-04-12 16:48:32:311] [vo.logVo.LogVo.<init>] [INFO] 日志实例已初始化...
[2020-04-12 16:48:32:312] [vo.logVo.LogVo.<init>] [INFO] 日志实例已初始化...
[2020-04-12 16:48:32:313] [vo.logVo.LogVo.<init>] [INFO] 日志实例已初始化...
[2020-04-12 16:48:32:314] [vo.logVo.LogVo.<init>] [INFO] 日志实例已初始化...
[2020-04-12 16:48:32:315] [vo.logVo.LogVo.<init>] [INFO] 日志实例已初始化...
[2020-04-12 16:48:32:315] [vo.logVo.LogVo.<init>] [INFO] 日志实例已初始化...
[2020-04-12 16:48:32:316] [vo.logVo.LogVo.<init>] [INFO] 日志实例已初始化...
[2020-04-12 16:48:32:317] [vo.logVo.LogVo.<init>] [INFO] 日志实例已初始化...
[2020-04-12 16:48:32:318] [vo.logVo.LogVo.<init>] [INFO] 日志实例已初始化...
[2020-04-12 16:48:32:318] [vo.logVo.LogVo.<init>] [INFO] 日志实例已初始化...
[2020-04-12 16:48:32:319] [vo.logVo.LogVo.<init>] [INFO] 日志实例已初始化...
[2020-04-12 16:48:32:320] [vo.logVo.LogVo.<init>] [INFO] 日志实例已初始化...
[2020-04-12 16:48:32:320] [vo.logVo.LogVo.<init>] [INFO] 日志实例已初始化...
[2020-04-12 16:48:32:321] [vo.logVo.LogVo.<init>] [INFO] 日志实例已初始化...
[2020-04-12 16:48:32:321] [vo.logVo.LogVo.<init>] [INFO] 日志实例已初始化...
[2020-04-12 16:48:32:322] [vo.logVo.LogVo.<init>] [INFO] 日志实例已初始化...
[2020-04-12 16:48:32:322] [vo.logVo.LogVo.<init>] [INFO] 日志实例已初始化...
[2020-04-12 16:48:32:323] [vo.logVo.LogVo.<init>] [INFO] 日志实例已初始化...
[2020-04-12 16:48:32:324] [vo.logVo.LogVo.<init>] [INFO] 日志实例已初始化...
[2020-04-12 16:48:32:324] [vo.logVo.LogVo.<init>] [INFO] 日志实例已初始化...
[2020-04-12 16:48:32:325] [vo.logVo.LogVo.<init>] [INFO] 日志实例已初始化...
[2020-04-12 16:48:32:325] [vo.logVo.LogVo.<init>] [INFO] 日志实例已初始化...
[2020-04-12 16:48:32:326] [vo.logVo.LogVo.<init>] [INFO] 日志实例已初始化...
[2020-04-12 16:48:32:327] [vo.logVo.LogVo.<init>] [INFO] 日志实例已初始化...
[2020-04-12 16:48:32:327] [vo.logVo.LogVo.<init>] [INFO] 日志实例已初始化...
[2020-04-12 16:48:32:328] [vo.logVo.LogVo.<init>] [INFO] 日志实例已初始化...
[2020-04-12 16:48:32:328] [vo.logVo.LogVo.<init>] [INFO] 日志实例已初始化...
[2020-04-12 16:48:32:329] [vo.logVo.LogVo.<init>] [INFO] 日志实例已初始化...
[2020-04-12 16:48:32:329] [vo.logVo.LogVo.<init>] [INFO] 日志实例已初始化...
[2020-04-12 16:48:32:330] [vo.logVo.LogVo.<init>] [INFO] 日志实例已初始化...
[2020-04-12 16:48:32:331] [vo.logVo.LogVo.<init>] [INFO] 日志实例已初始化...
[2020-04-12 16:48:32:331] [vo.logVo.LogVo.<init>] [INFO] 日志实例已初始化...
[2020-04-12 16:48:32:332] [vo.logVo.LogVo.<init>] [INFO] 日志实例已初始化...
[2020-04-12 16:48:32:332] [vo.logVo.LogVo.<init>] [INFO] 日志实例已初始化...
[2020-04-12 16:48:32:333] [vo.logVo.LogVo.<init>] [INFO] 日志实例已初始化...
[2020-04-12 16:48:32:333] [vo.logVo.LogVo.<init>] [INFO] 日志实例已初始化...
[2020-04-12 16:48:32:334] [vo.logVo.LogVo.<init>] [INFO] 日志实例已初始化...
[2020-04-12 16:48:32:335] [vo.logVo.LogVo.<init>] [INFO] 日志实例已初始化...
[2020-04-12 16:48:32:335] [vo.logVo.LogVo.<init>] [INFO] 日志实例已初始化...
[2020-04-12 16:48:32:336] [vo.logVo.LogVo.<init>] [INFO] 日志实例已初始化...
[2020-04-12 16:48:32:337] [vo.logVo.LogVo.<init>] [INFO] 日志实例已初始化...
[2020-04-12 16:48:32:337] [vo.logVo.LogVo.<init>] [INFO] 日志实例已初始化...
[2020-04-12 16:48:32:338] [vo.logVo.LogVo.<init>] [INFO] 日志实例已初始化...
[2020-04-12 16:48:32:339] [vo.logVo.LogVo.<init>] [INFO] 日志实例已初始化...
[2020-04-12 16:48:32:339] [vo.logVo.LogVo.<init>] [INFO] 日志实例已初始化...
[2020-04-12 16:48:32:340] [vo.logVo.LogVo.<init>] [INFO] 日志实例已初始化...
[2020-04-12 16:48:32:341] [vo.logVo.LogVo.<init>] [INFO] 日志实例已初始化...
[2020-04-12 16:48:32:342] [vo.logVo.LogVo.<init>] [INFO] 日志实例已初始化...
[2020-04-12 16:48:32:342] [vo.logVo.LogVo.<init>] [INFO] 日志实例已初始化...
[2020-04-12 16:48:32:343] [vo.logVo.LogVo.<init>] [INFO] 日志实例已初始化...
[2020-04-12 16:48:32:343] [vo.logVo.LogVo.<init>] [INFO] 日志实例已初始化...
[2020-04-12 16:48:32:344] [vo.logVo.LogVo.<init>] [INFO] 日志实例已初始化...
[2020-04-12 16:48:32:345] [vo.logVo.LogVo.<init>] [INFO] 日志实例已初始化...
[2020-04-12 16:48:32:345] [vo.logVo.LogVo.<init>] [INFO] 日志实例已初始化...
[2020-04-12 16:48:32:346] [vo.logVo.LogVo.<init>] [INFO] 日志实例已初始化...
[2020-04-12 16:48:32:347] [vo.logVo.LogVo.<init>] [INFO] 日志实例已初始化...
[2020-04-12 16:48:32:348] [vo.logVo.LogVo.<init>] [INFO] 日志实例已初始化...
[2020-04-12 16:48:32:348] [vo.logVo.LogVo.<init>] [INFO] 日志实例已初始化...
[2020-04-12 16:48:32:349] [vo.logVo.LogVo.<init>] [INFO] 日志实例已初始化...
[2020-04-12 16:48:32:350] [vo.logVo.LogVo.<init>] [INFO] 日志实例已初始化...
[2020-04-12 16:48:32:350] [vo.logVo.LogVo.<init>] [INFO] 日志实例已初始化...
[2020-04-12 16:48:32:351] [vo.logVo.LogVo.<init>] [INFO] 日志实例已初始化...
[2020-04-12 16:48:32:352] [vo.logVo.LogVo.<init>] [INFO] 日志实例已初始化...
[2020-04-12 16:48:32:352] [vo.logVo.LogVo.<init>] [INFO] 日志实例已初始化...
[2020-04-12 16:48:32:353] [vo.logVo.LogVo.<init>] [INFO] 日志实例已初始化...
[2020-04-12 16:48:32:354] [vo.logVo.LogVo.<init>] [INFO] 日志实例已初始化...
[2020-04-12 16:48:32:355] [vo.logVo.LogVo.<init>] [INFO] 日志实例已初始化...
[2020-04-12 16:48:32:356] [vo.logVo.LogVo.<init>] [INFO] 日志实例已初始化...
[2020-04-12 16:48:32:356] [vo.logVo.LogVo.<init>] [INFO] 日志实例已初始化...
[2020-04-12 16:48:32:357] [vo.logVo.LogVo.<init>] [INFO] 日志实例已初始化...
[2020-04-12 16:48:32:358] [vo.logVo.LogVo.<init>] [INFO] 日志实例已初始化...
[2020-04-12 16:48:32:359] [vo.logVo.LogVo.<init>] [INFO] 日志实例已初始化...
[2020-04-12 16:48:32:360] [vo.logVo.LogVo.<init>] [INFO] 日志实例已初始化...
[2020-04-12 16:48:32:360] [vo.logVo.LogVo.<init>] [INFO] 日志实例已初始化...
[2020-04-12 16:48:32:361] [vo.logVo.LogVo.<init>] [INFO] 日志实例已初始化...
[2020-04-12 16:48:32:363] [vo.logVo.LogVo.<init>] [INFO] 日志实例已初始化...
[2020-04-12 16:48:32:364] [vo.logVo.LogVo.<init>] [INFO] 日志实例已初始化...
[2020-04-12 16:48:32:365] [vo.logVo.LogVo.<init>] [INFO] 日志实例已初始化...
[2020-04-12 16:48:32:365] [vo.logVo.LogVo.<init>] [INFO] 日志实例已初始化...
[2020-04-12 16:48:32:366] [vo.logVo.LogVo.<init>] [INFO] 日志实例已初始化...
[2020-04-12 16:48:32:366] [vo.logVo.LogVo.<init>] [INFO] 日志实例已初始化...
[2020-04-12 16:48:32:367] [vo.logVo.LogVo.<init>] [INFO] 日志实例已初始化...
[2020-04-12 16:48:32:368] [vo.logVo.LogVo.<init>] [INFO] 日志实例已初始化...
[2020-04-12 16:48:32:369] [vo.logVo.LogVo.<init>] [INFO] 日志实例已初始化...
[2020-04-12 16:48:32:369] [vo.logVo.LogVo.<init>] [INFO] 日志实例已初始化...
[2020-04-12 16:48:32:371] [vo.logVo.LogVo.<init>] [INFO] 日志实例已初始化...
[2020-04-12 16:48:32:372] [vo.logVo.LogVo.<init>] [INFO] 日志实例已初始化...
[2020-04-12 16:48:32:373] [vo.logVo.LogVo.<init>] [INFO] 日志实例已初始化...
[2020-04-12 16:48:32:373] [vo.logVo.LogVo.<init>] [INFO] 日志实例已初始化...
[2020-04-12 16:48:32:374] [vo.logVo.LogVo.<init>] [INFO] 日志实例已初始化...
[2020-04-12 16:48:32:375] [vo.logVo.LogVo.<init>] [INFO] 日志实例已初始化...
[2020-04-12 16:48:32:375] [vo.logVo.LogVo.<init>] [INFO] 日志实例已初始化...
[2020-04-12 16:48:32:376] [vo.logVo.LogVo.<init>] [INFO] 日志实例已初始化...
[2020-04-12 16:48:32:378] [vo.logVo.LogVo.<init>] [INFO] 日志实例已初始化...
[2020-04-12 16:48:32:380] [vo.logVo.LogVo.<init>] [INFO] 日志实例已初始化...
[2020-04-12 16:48:32:380] [vo.logVo.LogVo.<init>] [INFO] 日志实例已初始化...
[2020-04-12 16:48:32:381] [vo.logVo.LogVo.<init>] [INFO] 日志实例已初始化...
[2020-04-12 16:48:32:382] [vo.logVo.LogVo.<init>] [INFO] 日志实例已初始化...
[2020-04-12 16:48:32:383] [vo.logVo.LogVo.<init>] [INFO] 日志实例已初始化...
[2020-04-12 16:48:32:383] [vo.logVo.LogVo.<init>] [INFO] 日志实例已初始化...
[2020-04-12 16:48:32:384] [vo.logVo.LogVo.<init>] [INFO] 日志实例已初始化...
[2020-04-12 16:48:32:385] [vo.logVo.LogVo.<init>] [INFO] 日志实例已初始化...
[2020-04-12 16:48:32:388] [vo.logVo.LogVo.<init>] [INFO] 日志实例已初始化...
[2020-04-12 16:48:32:389] [vo.logVo.LogVo.<init>] [INFO] 日志实例已初始化...
[2020-04-12 16:48:32:389] [vo.logVo.LogVo.<init>] [INFO] 日志实例已初始化...
[2020-04-12 16:48:32:393] [vo.logVo.LogVo.<init>] [INFO] 日志实例已初始化...
[2020-04-12 16:48:32:394] [vo.logVo.LogVo.<init>] [INFO] 日志实例已初始化...
[2020-04-12 16:48:32:396] [vo.logVo.LogVo.<init>] [INFO] 日志实例已初始化...
[2020-04-12 16:48:32:397] [vo.logVo.LogVo.<init>] [INFO] 日志实例已初始化...
[2020-04-12 16:48:32:398] [vo.logVo.LogVo.<init>] [INFO] 日志实例已初始化...
[2020-04-12 16:48:32:399] [vo.logVo.LogVo.<init>] [INFO] 日志实例已初始化...
[2020-04-12 16:48:32:399] [vo.logVo.LogVo.<init>] [INFO] 日志实例已初始化...
[2020-04-12 16:48:32:401] [vo.logVo.LogVo.<init>] [INFO] 日志实例已初始化...
[2020-04-12 16:48:32:401] [vo.logVo.LogVo.<init>] [INFO] 日志实例已初始化...
[2020-04-12 16:48:32:404] [vo.logVo.LogVo.<init>] [INFO] 日志实例已初始化...
[2020-04-12 16:48:32:405] [vo.logVo.LogVo.<init>] [INFO] 日志实例已初始化...
[2020-04-12 16:48:32:405] [vo.logVo.LogVo.<init>] [INFO] 日志实例已初始化...
[2020-04-12 16:48:32:406] [vo.logVo.LogVo.<init>] [INFO] 日志实例已初始化...
[2020-04-12 16:48:32:407] [vo.logVo.LogVo.<init>] [INFO] 日志实例已初始化...
[2020-04-12 16:48:32:408] [vo.logVo.LogVo.<init>] [INFO] 日志实例已初始化...
[2020-04-12 16:48:32:409] [vo.logVo.LogVo.<init>] [INFO] 日志实例已初始化...
[2020-04-12 16:48:32:410] [vo.logVo.LogVo.<init>] [INFO] 日志实例已初始化...
[2020-04-12 16:48:32:411] [vo.logVo.LogVo.<init>] [INFO] 日志实例已初始化...
[2020-04-12 16:48:32:412] [vo.logVo.LogVo.<init>] [INFO] 日志实例已初始化...
[2020-04-12 16:48:32:413] [vo.logVo.LogVo.<init>] [INFO] 日志实例已初始化...
[2020-04-12 16:48:32:414] [vo.logVo.LogVo.<init>] [INFO] 日志实例已初始化...
[2020-04-12 16:48:32:414] [vo.logVo.LogVo.<init>] [INFO] 日志实例已初始化...
[2020-04-12 16:48:32:415] [vo.logVo.LogVo.<init>] [INFO] 日志实例已初始化...
[2020-04-12 16:48:32:416] [vo.logVo.LogVo.<init>] [INFO] 日志实例已初始化...
[2020-04-12 16:48:32:417] [vo.logVo.LogVo.<init>] [INFO] 日志实例已初始化...
[2020-04-12 16:48:32:417] [vo.logVo.LogVo.<init>] [INFO] 日志实例已初始化...
[2020-04-12 16:48:32:418] [vo.logVo.LogVo.<init>] [INFO] 日志实例已初始化...
[2020-04-12 16:48:32:419] [vo.logVo.LogVo.<init>] [INFO] 日志实例已初始化...
[2020-04-12 16:48:32:419] [vo.logVo.LogVo.<init>] [INFO] 日志实例已初始化...
[2020-04-12 16:48:32:420] [vo.logVo.LogVo.<init>] [INFO] 日志实例已初始化...
[2020-04-12 16:48:32:421] [vo.logVo.LogVo.<init>] [INFO] 日志实例已初始化...
[2020-04-12 16:48:32:422] [vo.logVo.LogVo.<init>] [INFO] 日志实例已初始化...
[2020-04-12 16:48:32:422] [vo.logVo.LogVo.<init>] [INFO] 日志实例已初始化...
[2020-04-12 16:48:32:423] [vo.logVo.LogVo.<init>] [INFO] 日志实例已初始化...
[2020-04-12 16:48:32:424] [vo.logVo.LogVo.<init>] [INFO] 日志实例已初始化...
[2020-04-12 16:48:32:425] [vo.logVo.LogVo.<init>] [INFO] 日志实例已初始化...
[2020-04-12 16:48:32:426] [vo.logVo.LogVo.<init>] [INFO] 日志实例已初始化...
[2020-04-12 16:48:32:427] [vo.logVo.LogVo.<init>] [INFO] 日志实例已初始化...
[2020-04-12 16:48:32:428] [vo.logVo.LogVo.<init>] [INFO] 日志实例已初始化...
[2020-04-12 16:48:32:429] [vo.logVo.LogVo.<init>] [INFO] 日志实例已初始化...
[2020-04-12 16:48:32:429] [vo.logVo.LogVo.<init>] [INFO] 日志实例已初始化...
[2020-04-12 16:48:32:430] [vo.logVo.LogVo.<init>] [INFO] 日志实例已初始化...
[2020-04-12 16:48:32:431] [vo.logVo.LogVo.<init>] [INFO] 日志实例已初始化...
[2020-04-12 16:48:32:432] [vo.logVo.LogVo.<init>] [INFO] 日志实例已初始化...
[2020-04-12 16:48:32:433] [vo.logVo.LogVo.<init>] [INFO] 日志实例已初始化...
[2020-04-12 16:48:32:434] [vo.logVo.LogVo.<init>] [INFO] 日志实例已初始化...
[2020-04-12 16:48:32:435] [vo.logVo.LogVo.<init>] [INFO] 日志实例已初始化...
[2020-04-12 16:48:32:436] [vo.logVo.LogVo.<init>] [INFO] 日志实例已初始化...
[2020-04-12 16:48:32:437] [vo.logVo.LogVo.<init>] [INFO] 日志实例已初始化...
[2020-04-12 16:48:32:440] [vo.logVo.LogVo.<init>] [INFO] 日志实例已初始化...
[2020-04-12 16:48:32:441] [vo.logVo.LogVo.<init>] [INFO] 日志实例已初始化...
[2020-04-12 16:48:32:442] [vo.logVo.LogVo.<init>] [INFO] 日志实例已初始化...
[2020-04-12 16:48:32:443] [vo.logVo.LogVo.<init>] [INFO] 日志实例已初始化...
[2020-04-12 16:48:32:444] [vo.logVo.LogVo.<init>] [INFO] 日志实例已初始化...
[2020-04-12 16:48:32:444] [vo.logVo.LogVo.<init>] [INFO] 日志实例已初始化...
[2020-04-12 16:48:32:446] [vo.logVo.LogVo.<init>] [INFO] 日志实例已初始化...
[2020-04-12 16:48:32:447] [vo.logVo.LogVo.<init>] [INFO] 日志实例已初始化...
[2020-04-12 16:48:32:448] [vo.logVo.LogVo.<init>] [INFO] 日志实例已初始化...
[2020-04-12 16:48:32:449] [vo.logVo.LogVo.<init>] [INFO] 日志实例已初始化...
[2020-04-12 16:48:32:449] [vo.logVo.LogVo.<init>] [INFO] 日志实例已初始化...
[2020-04-12 16:48:32:450] [vo.logVo.LogVo.<init>] [INFO] 日志实例已初始化...
[2020-04-12 16:48:32:451] [vo.logVo.LogVo.<init>] [INFO] 日志实例已初始化...
[2020-04-12 16:48:32:453] [vo.logVo.LogVo.<init>] [INFO] 日志实例已初始化...
[2020-04-12 16:48:32:454] [vo.logVo.LogVo.<init>] [INFO] 日志实例已初始化...
[2020-04-12 16:48:32:455] [vo.logVo.LogVo.<init>] [INFO] 日志实例已初始化...
[2020-04-12 16:48:32:455] [vo.logVo.LogVo.<init>] [INFO] 日志实例已初始化...
[2020-04-12 16:48:32:455] [vo.logVo.LogVo.<init>] [INFO] 日志实例已初始化...
[2020-04-12 16:48:32:457] [vo.logVo.LogVo.<init>] [INFO] 日志实例已初始化...
[2020-04-12 16:48:32:458] [vo.logVo.LogVo.<init>] [INFO] 日志实例已初始化...
[2020-04-12 16:48:32:459] [vo.logVo.LogVo.<init>] [INFO] 日志实例已初始化...
[2020-04-12 16:48:32:459] [vo.logVo.LogVo.<init>] [INFO] 日志实例已初始化...
[2020-04-12 16:48:32:460] [vo.logVo.LogVo.<init>] [INFO] 日志实例已初始化...
[2020-04-12 16:48:32:460] [vo.logVo.LogVo.<init>] [INFO] 日志实例已初始化...
[2020-04-12 16:48:32:461] [vo.logVo.LogVo.<init>] [INFO] 日志实例已初始化...
[2020-04-12 16:48:32:462] [vo.logVo.LogVo.<init>] [INFO] 日志实例已初始化...
[2020-04-12 16:48:32:462] [vo.logVo.LogVo.<init>] [INFO] 日志实例已初始化...
[2020-04-12 16:48:32:462] [vo.logVo.LogVo.<init>] [INFO] 日志实例已初始化...
[2020-04-12 16:48:32:463] [vo.logVo.LogVo.<init>] [INFO] 日志实例已初始化...
[2020-04-12 16:48:32:463] [vo.logVo.LogVo.<init>] [INFO] 日志实例已初始化...
[2020-04-12 16:48:32:463] [vo.logVo.LogVo.<init>] [INFO] 日志实例已初始化...
[2020-04-12 16:48:32:464] [vo.logVo.LogVo.<init>] [INFO] 日志实例已初始化...
[2020-04-12 16:48:32:464] [vo.logVo.LogVo.<init>] [INFO] 日志实例已初始化...
[2020-04-12 16:48:32:464] [vo.logVo.LogVo.<init>] [INFO] 日志实例已初始化...
[2020-04-12 16:48:32:465] [vo.logVo.LogVo.<init>] [INFO] 日志实例已初始化...
[2020-04-12 16:48:32:465] [vo.logVo.LogVo.<init>] [INFO] 日志实例已初始化...
[2020-04-12 16:48:32:465] [vo.logVo.LogVo.<init>] [INFO] 日志实例已初始化...
[2020-04-12 16:48:32:466] [vo.logVo.LogVo.<init>] [INFO] 日志实例已初始化...
[2020-04-12 16:48:32:466] [vo.logVo.LogVo.<init>] [INFO] 日志实例已初始化...
[2020-04-12 16:48:32:467] [vo.logVo.LogVo.<init>] [INFO] 日志实例已初始化...
[2020-04-12 16:48:32:468] [vo.logVo.LogVo.<init>] [INFO] 日志实例已初始化...
[2020-04-12 16:48:32:468] [vo.logVo.LogVo.<init>] [INFO] 日志实例已初始化...
[2020-04-12 16:48:32:468] [vo.logVo.LogVo.<init>] [INFO] 日志实例已初始化...
[2020-04-12 16:48:32:469] [vo.logVo.LogVo.<init>] [INFO] 日志实例已初始化...
[2020-04-12 16:48:32:469] [vo.logVo.LogVo.<init>] [INFO] 日志实例已初始化...
[2020-04-12 16:48:32:470] [vo.logVo.LogVo.<init>] [INFO] 日志实例已初始化...
[2020-04-12 16:48:32:471] [vo.logVo.LogVo.<init>] [INFO] 日志实例已初始化...
[2020-04-12 16:48:32:471] [vo.logVo.LogVo.<init>] [INFO] 日志实例已初始化...
[2020-04-12 16:48:32:472] [vo.logVo.LogVo.<init>] [INFO] 日志实例已初始化...
[2020-04-12 16:48:32:472] [vo.logVo.LogVo.<init>] [INFO] 日志实例已初始化...
[2020-04-12 16:48:32:472] [vo.logVo.LogVo.<init>] [INFO] 日志实例已初始化...
[2020-04-12 16:48:32:473] [vo.logVo.LogVo.<init>] [INFO] 日志实例已初始化...
[2020-04-12 16:48:32:473] [vo.logVo.LogVo.<init>] [INFO] 日志实例已初始化...
[2020-04-12 16:48:32:474] [vo.logVo.LogVo.<init>] [INFO] 日志实例已初始化...
[2020-04-12 16:48:32:474] [vo.logVo.LogVo.<init>] [INFO] 日志实例已初始化...
[2020-04-12 16:48:32:475] [vo.logVo.LogVo.<init>] [INFO] 日志实例已初始化...
[2020-04-12 16:48:32:476] [vo.logVo.LogVo.<init>] [INFO] 日志实例已初始化...
[2020-04-12 16:48:32:477] [vo.logVo.LogVo.<init>] [INFO] 日志实例已初始化...
[2020-04-12 16:48:32:477] [vo.logVo.LogVo.<init>] [INFO] 日志实例已初始化...
[2020-04-12 16:48:32:477] [vo.logVo.LogVo.<init>] [INFO] 日志实例已初始化...
[2020-04-12 16:48:32:478] [vo.logVo.LogVo.<init>] [INFO] 日志实例已初始化...
[2020-04-12 16:48:32:479] [vo.logVo.LogVo.<init>] [INFO] 日志实例已初始化...
[2020-04-12 16:48:32:480] [vo.logVo.LogVo.<init>] [INFO] 日志实例已初始化...
[2020-04-12 16:48:32:480] [vo.logVo.LogVo.<init>] [INFO] 日志实例已初始化...
[2020-04-12 16:48:32:481] [vo.logVo.LogVo.<init>] [INFO] 日志实例已初始化...
[2020-04-12 16:48:32:482] [vo.logVo.LogVo.<init>] [INFO] 日志实例已初始化...
[2020-04-12 16:48:32:482] [vo.logVo.LogVo.<init>] [INFO] 日志实例已初始化...
[2020-04-12 16:48:32:482] [vo.logVo.LogVo.<init>] [INFO] 日志实例已初始化...
[2020-04-12 16:48:32:483] [vo.logVo.LogVo.<init>] [INFO] 日志实例已初始化...
[2020-04-12 16:48:32:484] [vo.logVo.LogVo.<init>] [INFO] 日志实例已初始化...
[2020-04-12 16:48:32:484] [vo.logVo.LogVo.<init>] [INFO] 日志实例已初始化...
[2020-04-12 16:48:32:485] [vo.logVo.LogVo.<init>] [INFO] 日志实例已初始化...
[2020-04-12 16:48:32:487] [vo.logVo.LogVo.<init>] [INFO] 日志实例已初始化...
[2020-04-12 16:48:32:488] [vo.logVo.LogVo.<init>] [INFO] 日志实例已初始化...
[2020-04-12 16:48:32:488] [vo.logVo.LogVo.<init>] [INFO] 日志实例已初始化...
[2020-04-12 16:48:32:489] [vo.logVo.LogVo.<init>] [INFO] 日志实例已初始化...
[2020-04-12 16:48:32:490] [vo.logVo.LogVo.<init>] [INFO] 日志实例已初始化...
[2020-04-12 16:48:32:491] [vo.logVo.LogVo.<init>] [INFO] 日志实例已初始化...
[2020-04-12 16:48:32:492] [vo.logVo.LogVo.<init>] [INFO] 日志实例已初始化...
[2020-04-12 16:48:32:492] [vo.logVo.LogVo.<init>] [INFO] 日志实例已初始化...
[2020-04-12 16:48:32:493] [vo.logVo.LogVo.<init>] [INFO] 日志实例已初始化...
[2020-04-12 16:48:32:495] [vo.logVo.LogVo.<init>] [INFO] 日志实例已初始化...
[2020-04-12 16:48:32:495] [vo.logVo.LogVo.<init>] [INFO] 日志实例已初始化...
[2020-04-12 16:48:32:496] [vo.logVo.LogVo.<init>] [INFO] 日志实例已初始化...
[2020-04-12 16:48:32:497] [vo.logVo.LogVo.<init>] [INFO] 日志实例已初始化...
[2020-04-12 16:48:32:497] [vo.logVo.LogVo.<init>] [INFO] 日志实例已初始化...
[2020-04-12 16:48:32:498] [vo.logVo.LogVo.<init>] [INFO] 日志实例已初始化...
[2020-04-12 16:48:32:499] [vo.logVo.LogVo.<init>] [INFO] 日志实例已初始化...
[2020-04-12 16:48:32:499] [vo.logVo.LogVo.<init>] [INFO] 日志实例已初始化...
[2020-04-12 16:48:32:500] [vo.logVo.LogVo.<init>] [INFO] 日志实例已初始化...
[2020-04-12 16:48:32:501] [vo.logVo.LogVo.<init>] [INFO] 日志实例已初始化...
[2020-04-12 16:48:32:501] [vo.logVo.LogVo.<init>] [INFO] 日志实例已初始化...
[2020-04-12 16:48:32:502] [vo.logVo.LogVo.<init>] [INFO] 日志实例已初始化...
[2020-04-12 16:48:32:503] [vo.logVo.LogVo.<init>] [INFO] 日志实例已初始化...
[2020-04-12 16:48:32:503] [vo.logVo.LogVo.<init>] [INFO] 日志实例已初始化...
[2020-04-12 16:48:32:504] [vo.logVo.LogVo.<init>] [INFO] 日志实例已初始化...
[2020-04-12 16:48:32:504] [vo.logVo.LogVo.<init>] [INFO] 日志实例已初始化...
[2020-04-12 16:48:32:505] [vo.logVo.LogVo.<init>] [INFO] 日志实例已初始化...
[2020-04-12 16:48:32:506] [vo.logVo.LogVo.<init>] [INFO] 日志实例已初始化...
[2020-04-12 16:48:32:507] [vo.logVo.LogVo.<init>] [INFO] 日志实例已初始化...
[2020-04-12 16:48:32:507] [vo.logVo.LogVo.<init>] [INFO] 日志实例已初始化...
[2020-04-12 16:48:32:508] [vo.logVo.LogVo.<init>] [INFO] 日志实例已初始化...
[2020-04-12 16:48:32:508] [vo.logVo.LogVo.<init>] [INFO] 日志实例已初始化...
[2020-04-12 16:48:32:509] [vo.logVo.LogVo.<init>] [INFO] 日志实例已初始化...
[2020-04-12 16:48:32:510] [vo.logVo.LogVo.<init>] [INFO] 日志实例已初始化...
[2020-04-12 16:48:32:522] [vo.logVo.LogVo.<init>] [INFO] 日志实例已初始化...
[2020-04-12 16:48:32:523] [vo.logVo.LogVo.<init>] [INFO] 日志实例已初始化...
[2020-04-12 16:48:32:524] [vo.logVo.LogVo.<init>] [INFO] 日志实例已初始化...
[2020-04-12 16:48:32:525] [vo.logVo.LogVo.<init>] [INFO] 日志实例已初始化...
[2020-04-12 16:48:32:525] [vo.logVo.LogVo.<init>] [INFO] 日志实例已初始化...
[2020-04-12 16:48:32:527] [vo.logVo.LogVo.<init>] [INFO] 日志实例已初始化...
[2020-04-12 16:48:32:528] [vo.logVo.LogVo.<init>] [INFO] 日志实例已初始化...
[2020-04-12 16:48:32:529] [vo.logVo.LogVo.<init>] [INFO] 日志实例已初始化...
[2020-04-12 16:48:32:530] [vo.logVo.LogVo.<init>] [INFO] 日志实例已初始化...
[2020-04-12 16:48:32:531] [vo.logVo.LogVo.<init>] [INFO] 日志实例已初始化...
[2020-04-12 16:48:32:531] [vo.logVo.LogVo.<init>] [INFO] 日志实例已初始化...
[2020-04-12 16:48:32:532] [vo.logVo.LogVo.<init>] [INFO] 日志实例已初始化...
[2020-04-12 16:48:32:533] [vo.logVo.LogVo.<init>] [INFO] 日志实例已初始化...
[2020-04-12 16:48:32:534] [vo.logVo.LogVo.<init>] [INFO] 日志实例已初始化...
[2020-04-12 16:48:32:534] [vo.logVo.LogVo.<init>] [INFO] 日志实例已初始化...
[2020-04-12 16:48:32:535] [vo.logVo.LogVo.<init>] [INFO] 日志实例已初始化...
[2020-04-12 16:48:32:536] [vo.logVo.LogVo.<init>] [INFO] 日志实例已初始化...
[2020-04-12 16:48:32:536] [vo.logVo.LogVo.<init>] [INFO] 日志实例已初始化...
[2020-04-12 16:48:32:537] [vo.logVo.LogVo.<init>] [INFO] 日志实例已初始化...
[2020-04-12 16:48:32:538] [vo.logVo.LogVo.<init>] [INFO] 日志实例已初始化...
[2020-04-12 16:48:32:539] [vo.logVo.LogVo.<init>] [INFO] 日志实例已初始化...
[2020-04-12 16:48:32:540] [vo.logVo.LogVo.<init>] [INFO] 日志实例已初始化...
[2020-04-12 16:48:32:540] [vo.logVo.LogVo.<init>] [INFO] 日志实例已初始化...
[2020-04-12 16:48:32:543] [vo.logVo.LogVo.<init>] [INFO] 日志实例已初始化...
[2020-04-12 16:48:32:543] [vo.logVo.LogVo.<init>] [INFO] 日志实例已初始化...
[2020-04-12 16:48:32:544] [vo.logVo.LogVo.<init>] [INFO] 日志实例已初始化...
[2020-04-12 16:48:32:545] [vo.logVo.LogVo.<init>] [INFO] 日志实例已初始化...
[2020-04-12 16:48:32:546] [vo.logVo.LogVo.<init>] [INFO] 日志实例已初始化...
[2020-04-12 16:48:32:547] [vo.logVo.LogVo.<init>] [INFO] 日志实例已初始化...
[2020-04-12 16:48:32:547] [vo.logVo.LogVo.<init>] [INFO] 日志实例已初始化...
[2020-04-12 16:48:32:548] [vo.logVo.LogVo.<init>] [INFO] 日志实例已初始化...
[2020-04-12 16:48:32:549] [vo.logVo.LogVo.<init>] [INFO] 日志实例已初始化...
[2020-04-12 16:48:32:549] [vo.logVo.LogVo.<init>] [INFO] 日志实例已初始化...
[2020-04-12 16:48:32:550] [vo.logVo.LogVo.<init>] [INFO] 日志实例已初始化...
[2020-04-12 16:48:32:550] [vo.logVo.LogVo.<init>] [INFO] 日志实例已初始化...
[2020-04-12 16:48:32:551] [vo.logVo.LogVo.<init>] [INFO] 日志实例已初始化...
[2020-04-12 16:48:32:551] [vo.logVo.LogVo.<init>] [INFO] 日志实例已初始化...
[2020-04-12 16:48:32:552] [vo.logVo.LogVo.<init>] [INFO] 日志实例已初始化...
[2020-04-12 16:48:32:552] [vo.logVo.LogVo.<init>] [INFO] 日志实例已初始化...
[2020-04-12 16:48:32:553] [vo.logVo.LogVo.<init>] [INFO] 日志实例已初始化...
[2020-04-12 16:48:32:554] [vo.logVo.LogVo.<init>] [INFO] 日志实例已初始化...
[2020-04-12 16:48:32:554] [vo.logVo.LogVo.<init>] [INFO] 日志实例已初始化...
[2020-04-12 16:48:32:555] [vo.logVo.LogVo.<init>] [INFO] 日志实例已初始化...
[2020-04-12 16:48:32:555] [vo.logVo.LogVo.<init>] [INFO] 日志实例已初始化...
[2020-04-12 16:48:32:555] [vo.logVo.LogVo.<init>] [INFO] 日志实例已初始化...
[2020-04-12 16:48:32:556] [vo.logVo.LogVo.<init>] [INFO] 日志实例已初始化...
[2020-04-12 16:48:32:556] [vo.logVo.LogVo.<init>] [INFO] 日志实例已初始化...
[2020-04-12 16:48:32:557] [vo.logVo.LogVo.<init>] [INFO] 日志实例已初始化...
[2020-04-12 16:48:32:558] [vo.logVo.LogVo.<init>] [INFO] 日志实例已初始化...
[2020-04-12 16:48:32:559] [vo.logVo.LogVo.<init>] [INFO] 日志实例已初始化...
[2020-04-12 16:48:32:559] [vo.logVo.LogVo.<init>] [INFO] 日志实例已初始化...
[2020-04-12 16:48:32:560] [vo.logVo.LogVo.<init>] [INFO] 日志实例已初始化...
[2020-04-12 16:48:32:560] [vo.logVo.LogVo.<init>] [INFO] 日志实例已初始化...
[2020-04-12 16:48:32:563] [vo.logVo.LogVo.<init>] [INFO] 日志实例已初始化...
[2020-04-12 16:48:32:563] [vo.logVo.LogVo.<init>] [INFO] 日志实例已初始化...
[2020-04-12 16:48:32:564] [vo.logVo.LogVo.<init>] [INFO] 日志实例已初始化...
[2020-04-12 16:48:32:564] [vo.logVo.LogVo.<init>] [INFO] 日志实例已初始化...
[2020-04-12 16:48:32:564] [vo.logVo.LogVo.<init>] [INFO] 日志实例已初始化...
[2020-04-12 16:48:32:565] [vo.logVo.LogVo.<init>] [INFO] 日志实例已初始化...
[2020-04-12 16:48:32:565] [vo.logVo.LogVo.<init>] [INFO] 日志实例已初始化...
[2020-04-12 16:48:32:565] [vo.logVo.LogVo.<init>] [INFO] 日志实例已初始化...
[2020-04-12 16:48:32:566] [vo.logVo.LogVo.<init>] [INFO] 日志实例已初始化...
[2020-04-12 16:48:32:566] [vo.logVo.LogVo.<init>] [INFO] 日志实例已初始化...
[2020-04-12 16:48:32:567] [vo.logVo.LogVo.<init>] [INFO] 日志实例已初始化...
[2020-04-12 16:48:32:567] [vo.logVo.LogVo.<init>] [INFO] 日志实例已初始化...
[2020-04-12 16:48:32:568] [vo.logVo.LogVo.<init>] [INFO] 日志实例已初始化...
[2020-04-12 16:48:32:568] [vo.logVo.LogVo.<init>] [INFO] 日志实例已初始化...
[2020-04-12 16:48:32:569] [vo.logVo.LogVo.<init>] [INFO] 日志实例已初始化...
[2020-04-12 16:48:32:569] [vo.logVo.LogVo.<init>] [INFO] 日志实例已初始化...
[2020-04-12 16:48:32:569] [vo.logVo.LogVo.<init>] [INFO] 日志实例已初始化...
[2020-04-12 16:48:32:570] [vo.logVo.LogVo.<init>] [INFO] 日志实例已初始化...
[2020-04-12 16:48:32:570] [vo.logVo.LogVo.<init>] [INFO] 日志实例已初始化...
[2020-04-12 16:48:32:570] [vo.logVo.LogVo.<init>] [INFO] 日志实例已初始化...
[2020-04-12 16:48:32:571] [vo.logVo.LogVo.<init>] [INFO] 日志实例已初始化...
[2020-04-12 16:48:32:571] [vo.logVo.LogVo.<init>] [INFO] 日志实例已初始化...
[2020-04-12 16:48:32:572] [vo.logVo.LogVo.<init>] [INFO] 日志实例已初始化...
[2020-04-12 16:48:32:572] [vo.logVo.LogVo.<init>] [INFO] 日志实例已初始化...
[2020-04-12 16:48:32:573] [vo.logVo.LogVo.<init>] [INFO] 日志实例已初始化...
[2020-04-12 16:48:32:573] [vo.logVo.LogVo.<init>] [INFO] 日志实例已初始化...
[2020-04-12 16:48:32:574] [vo.logVo.LogVo.<init>] [INFO] 日志实例已初始化...
[2020-04-12 16:48:32:574] [vo.logVo.LogVo.<init>] [INFO] 日志实例已初始化...
[2020-04-12 16:48:32:574] [vo.logVo.LogVo.<init>] [INFO] 日志实例已初始化...
[2020-04-12 16:48:32:575] [vo.logVo.LogVo.<init>] [INFO] 日志实例已初始化...
[2020-04-12 16:48:32:575] [vo.logVo.LogVo.<init>] [INFO] 日志实例已初始化...
[2020-04-12 16:48:32:576] [vo.logVo.LogVo.<init>] [INFO] 日志实例已初始化...
[2020-04-12 16:48:32:577] [vo.logVo.LogVo.<init>] [INFO] 日志实例已初始化...
[2020-04-12 16:48:32:577] [vo.logVo.LogVo.<init>] [INFO] 日志实例已初始化...
[2020-04-12 16:48:32:578] [vo.logVo.LogVo.<init>] [INFO] 日志实例已初始化...
[2020-04-12 16:48:32:578] [vo.logVo.LogVo.<init>] [INFO] 日志实例已初始化...
[2020-04-12 16:48:32:579] [vo.logVo.LogVo.<init>] [INFO] 日志实例已初始化...
[2020-04-12 16:48:32:579] [vo.logVo.LogVo.<init>] [INFO] 日志实例已初始化...
[2020-04-12 16:48:32:580] [vo.logVo.LogVo.<init>] [INFO] 日志实例已初始化...
[2020-04-12 16:48:32:580] [vo.logVo.LogVo.<init>] [INFO] 日志实例已初始化...
[2020-04-12 16:48:32:581] [vo.logVo.LogVo.<init>] [INFO] 日志实例已初始化...
[2020-04-12 16:48:32:581] [vo.logVo.LogVo.<init>] [INFO] 日志实例已初始化...
[2020-04-12 16:48:32:581] [vo.logVo.LogVo.<init>] [INFO] 日志实例已初始化...
[2020-04-12 16:48:32:582] [vo.logVo.LogVo.<init>] [INFO] 日志实例已初始化...
[2020-04-12 16:48:32:582] [vo.logVo.LogVo.<init>] [INFO] 日志实例已初始化...
[2020-04-12 16:48:32:582] [vo.logVo.LogVo.<init>] [INFO] 日志实例已初始化...
[2020-04-12 16:48:32:583] [vo.logVo.LogVo.<init>] [INFO] 日志实例已初始化...
[2020-04-12 16:48:32:583] [vo.logVo.LogVo.<init>] [INFO] 日志实例已初始化...
[2020-04-12 16:48:32:583] [vo.logVo.LogVo.<init>] [INFO] 日志实例已初始化...
[2020-04-12 16:48:32:584] [vo.logVo.LogVo.<init>] [INFO] 日志实例已初始化...
[2020-04-12 16:48:32:584] [vo.logVo.LogVo.<init>] [INFO] 日志实例已初始化...
[2020-04-12 16:48:32:585] [vo.logVo.LogVo.<init>] [INFO] 日志实例已初始化...
[2020-04-12 16:48:32:585] [vo.logVo.LogVo.<init>] [INFO] 日志实例已初始化...
[2020-04-12 16:48:32:586] [vo.logVo.LogVo.<init>] [INFO] 日志实例已初始化...
[2020-04-12 16:48:32:586] [vo.logVo.LogVo.<init>] [INFO] 日志实例已初始化...
[2020-04-12 16:48:32:587] [vo.logVo.LogVo.<init>] [INFO] 日志实例已初始化...
[2020-04-12 16:48:32:587] [vo.logVo.LogVo.<init>] [INFO] 日志实例已初始化...
[2020-04-12 16:48:32:588] [vo.logVo.LogVo.<init>] [INFO] 日志实例已初始化...
[2020-04-12 16:48:32:588] [vo.logVo.LogVo.<init>] [INFO] 日志实例已初始化...
[2020-04-12 16:48:32:589] [vo.logVo.LogVo.<init>] [INFO] 日志实例已初始化...
[2020-04-12 16:48:32:589] [vo.logVo.LogVo.<init>] [INFO] 日志实例已初始化...
[2020-04-12 16:48:32:590] [vo.logVo.LogVo.<init>] [INFO] 日志实例已初始化...
[2020-04-12 16:48:32:590] [vo.logVo.LogVo.<init>] [INFO] 日志实例已初始化...
[2020-04-12 16:48:32:591] [vo.logVo.LogVo.<init>] [INFO] 日志实例已初始化...
[2020-04-12 16:48:32:591] [vo.logVo.LogVo.<init>] [INFO] 日志实例已初始化...
[2020-04-12 16:48:32:592] [vo.logVo.LogVo.<init>] [INFO] 日志实例已初始化...
[2020-04-12 16:48:32:592] [vo.logVo.LogVo.<init>] [INFO] 日志实例已初始化...
[2020-04-12 16:48:32:593] [vo.logVo.LogVo.<init>] [INFO] 日志实例已初始化...
[2020-04-12 16:48:32:613] [vo.logVo.LogVo.<init>] [INFO] 日志实例已初始化...
[2020-04-12 16:48:32:621] [vo.logVo.LogVo.<init>] [INFO] 日志实例已初始化...
[2020-04-12 16:48:32:734] [action.userAction.LoginAction.execute] [INFO] 该用户已登录，请稍后再试！
[2020-04-12 16:48:52:588] [vo.logVo.LogVo.<init>] [INFO] 日志实例已初始化...
[2020-04-12 16:48:52:589] [vo.logVo.LogVo.<init>] [INFO] 日志实例已初始化...
[2020-04-12 16:48:52:590] [vo.logVo.LogVo.<init>] [INFO] 日志实例已初始化...
[2020-04-12 16:48:52:590] [vo.logVo.LogVo.<init>] [INFO] 日志实例已初始化...
[2020-04-12 16:48:52:590] [vo.logVo.LogVo.<init>] [INFO] 日志实例已初始化...
[2020-04-12 16:48:52:591] [vo.logVo.LogVo.<init>] [INFO] 日志实例已初始化...
[2020-04-12 16:48:52:591] [vo.logVo.LogVo.<init>] [INFO] 日志实例已初始化...
[2020-04-12 16:48:52:592] [vo.logVo.LogVo.<init>] [INFO] 日志实例已初始化...
[2020-04-12 16:48:52:593] [vo.logVo.LogVo.<init>] [INFO] 日志实例已初始化...
[2020-04-12 16:48:52:593] [vo.logVo.LogVo.<init>] [INFO] 日志实例已初始化...
[2020-04-12 16:48:52:594] [vo.logVo.LogVo.<init>] [INFO] 日志实例已初始化...
[2020-04-12 16:48:52:595] [vo.logVo.LogVo.<init>] [INFO] 日志实例已初始化...
[2020-04-12 16:48:52:595] [vo.logVo.LogVo.<init>] [INFO] 日志实例已初始化...
[2020-04-12 16:48:52:596] [vo.logVo.LogVo.<init>] [INFO] 日志实例已初始化...
[2020-04-12 16:48:52:596] [vo.logVo.LogVo.<init>] [INFO] 日志实例已初始化...
[2020-04-12 16:48:52:597] [vo.logVo.LogVo.<init>] [INFO] 日志实例已初始化...
[2020-04-12 16:48:52:597] [vo.logVo.LogVo.<init>] [INFO] 日志实例已初始化...
[2020-04-12 16:48:52:598] [vo.logVo.LogVo.<init>] [INFO] 日志实例已初始化...
[2020-04-12 16:48:52:598] [vo.logVo.LogVo.<init>] [INFO] 日志实例已初始化...
[2020-04-12 16:48:52:599] [vo.logVo.LogVo.<init>] [INFO] 日志实例已初始化...
[2020-04-12 16:48:52:599] [vo.logVo.LogVo.<init>] [INFO] 日志实例已初始化...
[2020-04-12 16:48:52:599] [vo.logVo.LogVo.<init>] [INFO] 日志实例已初始化...
[2020-04-12 16:48:52:599] [vo.logVo.LogVo.<init>] [INFO] 日志实例已初始化...
[2020-04-12 16:48:52:600] [vo.logVo.LogVo.<init>] [INFO] 日志实例已初始化...
[2020-04-12 16:48:52:600] [vo.logVo.LogVo.<init>] [INFO] 日志实例已初始化...
[2020-04-12 16:48:52:600] [vo.logVo.LogVo.<init>] [INFO] 日志实例已初始化...
[2020-04-12 16:48:52:601] [vo.logVo.LogVo.<init>] [INFO] 日志实例已初始化...
[2020-04-12 16:48:52:601] [vo.logVo.LogVo.<init>] [INFO] 日志实例已初始化...
[2020-04-12 16:48:52:601] [vo.logVo.LogVo.<init>] [INFO] 日志实例已初始化...
[2020-04-12 16:48:52:602] [vo.logVo.LogVo.<init>] [INFO] 日志实例已初始化...
[2020-04-12 16:48:52:602] [vo.logVo.LogVo.<init>] [INFO] 日志实例已初始化...
[2020-04-12 16:48:52:602] [vo.logVo.LogVo.<init>] [INFO] 日志实例已初始化...
[2020-04-12 16:48:52:603] [vo.logVo.LogVo.<init>] [INFO] 日志实例已初始化...
[2020-04-12 16:48:52:603] [vo.logVo.LogVo.<init>] [INFO] 日志实例已初始化...
[2020-04-12 16:48:52:604] [vo.logVo.LogVo.<init>] [INFO] 日志实例已初始化...
[2020-04-12 16:48:52:604] [vo.logVo.LogVo.<init>] [INFO] 日志实例已初始化...
[2020-04-12 16:48:52:604] [vo.logVo.LogVo.<init>] [INFO] 日志实例已初始化...
[2020-04-12 16:48:52:605] [vo.logVo.LogVo.<init>] [INFO] 日志实例已初始化...
[2020-04-12 16:48:52:605] [vo.logVo.LogVo.<init>] [INFO] 日志实例已初始化...
[2020-04-12 16:48:52:605] [vo.logVo.LogVo.<init>] [INFO] 日志实例已初始化...
[2020-04-12 16:48:52:606] [vo.logVo.LogVo.<init>] [INFO] 日志实例已初始化...
[2020-04-12 16:48:52:606] [vo.logVo.LogVo.<init>] [INFO] 日志实例已初始化...
[2020-04-12 16:48:52:607] [vo.logVo.LogVo.<init>] [INFO] 日志实例已初始化...
[2020-04-12 16:48:52:607] [vo.logVo.LogVo.<init>] [INFO] 日志实例已初始化...
[2020-04-12 16:48:52:608] [vo.logVo.LogVo.<init>] [INFO] 日志实例已初始化...
[2020-04-12 16:48:52:608] [vo.logVo.LogVo.<init>] [INFO] 日志实例已初始化...
[2020-04-12 16:48:52:609] [vo.logVo.LogVo.<init>] [INFO] 日志实例已初始化...
[2020-04-12 16:48:52:609] [vo.logVo.LogVo.<init>] [INFO] 日志实例已初始化...
[2020-04-12 16:48:52:610] [vo.logVo.LogVo.<init>] [INFO] 日志实例已初始化...
[2020-04-12 16:48:52:611] [vo.logVo.LogVo.<init>] [INFO] 日志实例已初始化...
[2020-04-12 16:48:52:611] [vo.logVo.LogVo.<init>] [INFO] 日志实例已初始化...
[2020-04-12 16:48:52:612] [vo.logVo.LogVo.<init>] [INFO] 日志实例已初始化...
[2020-04-12 16:48:52:613] [vo.logVo.LogVo.<init>] [INFO] 日志实例已初始化...
[2020-04-12 16:48:52:613] [vo.logVo.LogVo.<init>] [INFO] 日志实例已初始化...
[2020-04-12 16:48:52:614] [vo.logVo.LogVo.<init>] [INFO] 日志实例已初始化...
[2020-04-12 16:48:52:614] [vo.logVo.LogVo.<init>] [INFO] 日志实例已初始化...
[2020-04-12 16:48:52:615] [vo.logVo.LogVo.<init>] [INFO] 日志实例已初始化...
[2020-04-12 16:48:52:615] [vo.logVo.LogVo.<init>] [INFO] 日志实例已初始化...
[2020-04-12 16:48:52:616] [vo.logVo.LogVo.<init>] [INFO] 日志实例已初始化...
[2020-04-12 16:48:52:616] [vo.logVo.LogVo.<init>] [INFO] 日志实例已初始化...
[2020-04-12 16:48:52:617] [vo.logVo.LogVo.<init>] [INFO] 日志实例已初始化...
[2020-04-12 16:48:52:617] [vo.logVo.LogVo.<init>] [INFO] 日志实例已初始化...
[2020-04-12 16:48:52:618] [vo.logVo.LogVo.<init>] [INFO] 日志实例已初始化...
[2020-04-12 16:48:52:618] [vo.logVo.LogVo.<init>] [INFO] 日志实例已初始化...
[2020-04-12 16:48:52:619] [vo.logVo.LogVo.<init>] [INFO] 日志实例已初始化...
[2020-04-12 16:48:52:619] [vo.logVo.LogVo.<init>] [INFO] 日志实例已初始化...
[2020-04-12 16:48:52:620] [vo.logVo.LogVo.<init>] [INFO] 日志实例已初始化...
[2020-04-12 16:48:52:620] [vo.logVo.LogVo.<init>] [INFO] 日志实例已初始化...
[2020-04-12 16:48:52:621] [vo.logVo.LogVo.<init>] [INFO] 日志实例已初始化...
[2020-04-12 16:48:52:621] [vo.logVo.LogVo.<init>] [INFO] 日志实例已初始化...
[2020-04-12 16:48:52:621] [vo.logVo.LogVo.<init>] [INFO] 日志实例已初始化...
[2020-04-12 16:48:52:622] [vo.logVo.LogVo.<init>] [INFO] 日志实例已初始化...
[2020-04-12 16:48:52:622] [vo.logVo.LogVo.<init>] [INFO] 日志实例已初始化...
[2020-04-12 16:48:52:622] [vo.logVo.LogVo.<init>] [INFO] 日志实例已初始化...
[2020-04-12 16:48:52:623] [vo.logVo.LogVo.<init>] [INFO] 日志实例已初始化...
[2020-04-12 16:48:52:623] [vo.logVo.LogVo.<init>] [INFO] 日志实例已初始化...
[2020-04-12 16:48:52:623] [vo.logVo.LogVo.<init>] [INFO] 日志实例已初始化...
[2020-04-12 16:48:52:624] [vo.logVo.LogVo.<init>] [INFO] 日志实例已初始化...
[2020-04-12 16:48:52:624] [vo.logVo.LogVo.<init>] [INFO] 日志实例已初始化...
[2020-04-12 16:48:52:624] [vo.logVo.LogVo.<init>] [INFO] 日志实例已初始化...
[2020-04-12 16:48:52:625] [vo.logVo.LogVo.<init>] [INFO] 日志实例已初始化...
[2020-04-12 16:48:52:625] [vo.logVo.LogVo.<init>] [INFO] 日志实例已初始化...
[2020-04-12 16:48:52:626] [vo.logVo.LogVo.<init>] [INFO] 日志实例已初始化...
[2020-04-12 16:48:52:626] [vo.logVo.LogVo.<init>] [INFO] 日志实例已初始化...
[2020-04-12 16:48:52:626] [vo.logVo.LogVo.<init>] [INFO] 日志实例已初始化...
[2020-04-12 16:48:52:627] [vo.logVo.LogVo.<init>] [INFO] 日志实例已初始化...
[2020-04-12 16:48:52:627] [vo.logVo.LogVo.<init>] [INFO] 日志实例已初始化...
[2020-04-12 16:48:52:627] [vo.logVo.LogVo.<init>] [INFO] 日志实例已初始化...
[2020-04-12 16:48:52:628] [vo.logVo.LogVo.<init>] [INFO] 日志实例已初始化...
[2020-04-12 16:48:52:628] [vo.logVo.LogVo.<init>] [INFO] 日志实例已初始化...
[2020-04-12 16:48:52:629] [vo.logVo.LogVo.<init>] [INFO] 日志实例已初始化...
[2020-04-12 16:48:52:629] [vo.logVo.LogVo.<init>] [INFO] 日志实例已初始化...
[2020-04-12 16:48:52:629] [vo.logVo.LogVo.<init>] [INFO] 日志实例已初始化...
[2020-04-12 16:48:52:630] [vo.logVo.LogVo.<init>] [INFO] 日志实例已初始化...
[2020-04-12 16:48:52:630] [vo.logVo.LogVo.<init>] [INFO] 日志实例已初始化...
[2020-04-12 16:48:52:630] [vo.logVo.LogVo.<init>] [INFO] 日志实例已初始化...
[2020-04-12 16:48:52:631] [vo.logVo.LogVo.<init>] [INFO] 日志实例已初始化...
[2020-04-12 16:48:52:631] [vo.logVo.LogVo.<init>] [INFO] 日志实例已初始化...
[2020-04-12 16:48:52:632] [vo.logVo.LogVo.<init>] [INFO] 日志实例已初始化...
[2020-04-12 16:48:52:632] [vo.logVo.LogVo.<init>] [INFO] 日志实例已初始化...
[2020-04-12 16:48:52:632] [vo.logVo.LogVo.<init>] [INFO] 日志实例已初始化...
[2020-04-12 16:48:52:632] [vo.logVo.LogVo.<init>] [INFO] 日志实例已初始化...
[2020-04-12 16:48:52:633] [vo.logVo.LogVo.<init>] [INFO] 日志实例已初始化...
[2020-04-12 16:48:52:633] [vo.logVo.LogVo.<init>] [INFO] 日志实例已初始化...
[2020-04-12 16:48:52:633] [vo.logVo.LogVo.<init>] [INFO] 日志实例已初始化...
[2020-04-12 16:48:52:634] [vo.logVo.LogVo.<init>] [INFO] 日志实例已初始化...
[2020-04-12 16:48:52:635] [vo.logVo.LogVo.<init>] [INFO] 日志实例已初始化...
[2020-04-12 16:48:52:636] [vo.logVo.LogVo.<init>] [INFO] 日志实例已初始化...
[2020-04-12 16:48:52:638] [vo.logVo.LogVo.<init>] [INFO] 日志实例已初始化...
[2020-04-12 16:48:52:639] [vo.logVo.LogVo.<init>] [INFO] 日志实例已初始化...
[2020-04-12 16:48:52:639] [vo.logVo.LogVo.<init>] [INFO] 日志实例已初始化...
[2020-04-12 16:48:52:640] [vo.logVo.LogVo.<init>] [INFO] 日志实例已初始化...
[2020-04-12 16:48:52:640] [vo.logVo.LogVo.<init>] [INFO] 日志实例已初始化...
[2020-04-12 16:48:52:641] [vo.logVo.LogVo.<init>] [INFO] 日志实例已初始化...
[2020-04-12 16:48:52:643] [vo.logVo.LogVo.<init>] [INFO] 日志实例已初始化...
[2020-04-12 16:48:52:644] [vo.logVo.LogVo.<init>] [INFO] 日志实例已初始化...
[2020-04-12 16:48:52:644] [vo.logVo.LogVo.<init>] [INFO] 日志实例已初始化...
[2020-04-12 16:48:52:645] [vo.logVo.LogVo.<init>] [INFO] 日志实例已初始化...
[2020-04-12 16:48:52:645] [vo.logVo.LogVo.<init>] [INFO] 日志实例已初始化...
[2020-04-12 16:48:52:646] [vo.logVo.LogVo.<init>] [INFO] 日志实例已初始化...
[2020-04-12 16:48:52:646] [vo.logVo.LogVo.<init>] [INFO] 日志实例已初始化...
[2020-04-12 16:48:52:647] [vo.logVo.LogVo.<init>] [INFO] 日志实例已初始化...
[2020-04-12 16:48:52:647] [vo.logVo.LogVo.<init>] [INFO] 日志实例已初始化...
[2020-04-12 16:48:52:648] [vo.logVo.LogVo.<init>] [INFO] 日志实例已初始化...
[2020-04-12 16:48:52:648] [vo.logVo.LogVo.<init>] [INFO] 日志实例已初始化...
[2020-04-12 16:48:52:648] [vo.logVo.LogVo.<init>] [INFO] 日志实例已初始化...
[2020-04-12 16:48:52:649] [vo.logVo.LogVo.<init>] [INFO] 日志实例已初始化...
[2020-04-12 16:48:52:649] [vo.logVo.LogVo.<init>] [INFO] 日志实例已初始化...
[2020-04-12 16:48:52:649] [vo.logVo.LogVo.<init>] [INFO] 日志实例已初始化...
[2020-04-12 16:48:52:650] [vo.logVo.LogVo.<init>] [INFO] 日志实例已初始化...
[2020-04-12 16:48:52:650] [vo.logVo.LogVo.<init>] [INFO] 日志实例已初始化...
[2020-04-12 16:48:52:650] [vo.logVo.LogVo.<init>] [INFO] 日志实例已初始化...
[2020-04-12 16:48:52:651] [vo.logVo.LogVo.<init>] [INFO] 日志实例已初始化...
[2020-04-12 16:48:52:651] [vo.logVo.LogVo.<init>] [INFO] 日志实例已初始化...
[2020-04-12 16:48:52:652] [vo.logVo.LogVo.<init>] [INFO] 日志实例已初始化...
[2020-04-12 16:48:52:652] [vo.logVo.LogVo.<init>] [INFO] 日志实例已初始化...
[2020-04-12 16:48:52:653] [vo.logVo.LogVo.<init>] [INFO] 日志实例已初始化...
[2020-04-12 16:48:52:653] [vo.logVo.LogVo.<init>] [INFO] 日志实例已初始化...
[2020-04-12 16:48:52:653] [vo.logVo.LogVo.<init>] [INFO] 日志实例已初始化...
[2020-04-12 16:48:52:654] [vo.logVo.LogVo.<init>] [INFO] 日志实例已初始化...
[2020-04-12 16:48:52:654] [vo.logVo.LogVo.<init>] [INFO] 日志实例已初始化...
[2020-04-12 16:48:52:655] [vo.logVo.LogVo.<init>] [INFO] 日志实例已初始化...
[2020-04-12 16:48:52:655] [vo.logVo.LogVo.<init>] [INFO] 日志实例已初始化...
[2020-04-12 16:48:52:655] [vo.logVo.LogVo.<init>] [INFO] 日志实例已初始化...
[2020-04-12 16:48:52:656] [vo.logVo.LogVo.<init>] [INFO] 日志实例已初始化...
[2020-04-12 16:48:52:656] [vo.logVo.LogVo.<init>] [INFO] 日志实例已初始化...
[2020-04-12 16:48:52:657] [vo.logVo.LogVo.<init>] [INFO] 日志实例已初始化...
[2020-04-12 16:48:52:657] [vo.logVo.LogVo.<init>] [INFO] 日志实例已初始化...
[2020-04-12 16:48:52:657] [vo.logVo.LogVo.<init>] [INFO] 日志实例已初始化...
[2020-04-12 16:48:52:658] [vo.logVo.LogVo.<init>] [INFO] 日志实例已初始化...
[2020-04-12 16:48:52:658] [vo.logVo.LogVo.<init>] [INFO] 日志实例已初始化...
[2020-04-12 16:48:52:659] [vo.logVo.LogVo.<init>] [INFO] 日志实例已初始化...
[2020-04-12 16:48:52:659] [vo.logVo.LogVo.<init>] [INFO] 日志实例已初始化...
[2020-04-12 16:48:52:659] [vo.logVo.LogVo.<init>] [INFO] 日志实例已初始化...
[2020-04-12 16:48:52:660] [vo.logVo.LogVo.<init>] [INFO] 日志实例已初始化...
[2020-04-12 16:48:52:660] [vo.logVo.LogVo.<init>] [INFO] 日志实例已初始化...
[2020-04-12 16:48:52:660] [vo.logVo.LogVo.<init>] [INFO] 日志实例已初始化...
[2020-04-12 16:48:52:660] [vo.logVo.LogVo.<init>] [INFO] 日志实例已初始化...
[2020-04-12 16:48:52:661] [vo.logVo.LogVo.<init>] [INFO] 日志实例已初始化...
[2020-04-12 16:48:52:661] [vo.logVo.LogVo.<init>] [INFO] 日志实例已初始化...
[2020-04-12 16:48:52:661] [vo.logVo.LogVo.<init>] [INFO] 日志实例已初始化...
[2020-04-12 16:48:52:661] [vo.logVo.LogVo.<init>] [INFO] 日志实例已初始化...
[2020-04-12 16:48:52:662] [vo.logVo.LogVo.<init>] [INFO] 日志实例已初始化...
[2020-04-12 16:48:52:662] [vo.logVo.LogVo.<init>] [INFO] 日志实例已初始化...
[2020-04-12 16:48:52:662] [vo.logVo.LogVo.<init>] [INFO] 日志实例已初始化...
[2020-04-12 16:48:52:663] [vo.logVo.LogVo.<init>] [INFO] 日志实例已初始化...
[2020-04-12 16:48:52:663] [vo.logVo.LogVo.<init>] [INFO] 日志实例已初始化...
[2020-04-12 16:48:52:663] [vo.logVo.LogVo.<init>] [INFO] 日志实例已初始化...
[2020-04-12 16:48:52:663] [vo.logVo.LogVo.<init>] [INFO] 日志实例已初始化...
[2020-04-12 16:48:52:664] [vo.logVo.LogVo.<init>] [INFO] 日志实例已初始化...
[2020-04-12 16:48:52:664] [vo.logVo.LogVo.<init>] [INFO] 日志实例已初始化...
[2020-04-12 16:48:52:664] [vo.logVo.LogVo.<init>] [INFO] 日志实例已初始化...
[2020-04-12 16:48:52:664] [vo.logVo.LogVo.<init>] [INFO] 日志实例已初始化...
[2020-04-12 16:48:52:665] [vo.logVo.LogVo.<init>] [INFO] 日志实例已初始化...
[2020-04-12 16:48:52:665] [vo.logVo.LogVo.<init>] [INFO] 日志实例已初始化...
[2020-04-12 16:48:52:665] [vo.logVo.LogVo.<init>] [INFO] 日志实例已初始化...
[2020-04-12 16:48:52:666] [vo.logVo.LogVo.<init>] [INFO] 日志实例已初始化...
[2020-04-12 16:48:52:666] [vo.logVo.LogVo.<init>] [INFO] 日志实例已初始化...
[2020-04-12 16:48:52:667] [vo.logVo.LogVo.<init>] [INFO] 日志实例已初始化...
[2020-04-12 16:48:52:667] [vo.logVo.LogVo.<init>] [INFO] 日志实例已初始化...
[2020-04-12 16:48:52:668] [vo.logVo.LogVo.<init>] [INFO] 日志实例已初始化...
[2020-04-12 16:48:52:668] [vo.logVo.LogVo.<init>] [INFO] 日志实例已初始化...
[2020-04-12 16:48:52:668] [vo.logVo.LogVo.<init>] [INFO] 日志实例已初始化...
[2020-04-12 16:48:52:668] [vo.logVo.LogVo.<init>] [INFO] 日志实例已初始化...
[2020-04-12 16:48:52:669] [vo.logVo.LogVo.<init>] [INFO] 日志实例已初始化...
[2020-04-12 16:48:52:669] [vo.logVo.LogVo.<init>] [INFO] 日志实例已初始化...
[2020-04-12 16:48:52:669] [vo.logVo.LogVo.<init>] [INFO] 日志实例已初始化...
[2020-04-12 16:48:52:669] [vo.logVo.LogVo.<init>] [INFO] 日志实例已初始化...
[2020-04-12 16:48:52:670] [vo.logVo.LogVo.<init>] [INFO] 日志实例已初始化...
[2020-04-12 16:48:52:670] [vo.logVo.LogVo.<init>] [INFO] 日志实例已初始化...
[2020-04-12 16:48:52:670] [vo.logVo.LogVo.<init>] [INFO] 日志实例已初始化...
[2020-04-12 16:48:52:670] [vo.logVo.LogVo.<init>] [INFO] 日志实例已初始化...
[2020-04-12 16:48:52:671] [vo.logVo.LogVo.<init>] [INFO] 日志实例已初始化...
[2020-04-12 16:48:52:671] [vo.logVo.LogVo.<init>] [INFO] 日志实例已初始化...
[2020-04-12 16:48:52:671] [vo.logVo.LogVo.<init>] [INFO] 日志实例已初始化...
[2020-04-12 16:48:52:671] [vo.logVo.LogVo.<init>] [INFO] 日志实例已初始化...
[2020-04-12 16:48:52:672] [vo.logVo.LogVo.<init>] [INFO] 日志实例已初始化...
[2020-04-12 16:48:52:672] [vo.logVo.LogVo.<init>] [INFO] 日志实例已初始化...
[2020-04-12 16:48:52:672] [vo.logVo.LogVo.<init>] [INFO] 日志实例已初始化...
[2020-04-12 16:48:52:673] [vo.logVo.LogVo.<init>] [INFO] 日志实例已初始化...
[2020-04-12 16:48:52:673] [vo.logVo.LogVo.<init>] [INFO] 日志实例已初始化...
[2020-04-12 16:48:52:673] [vo.logVo.LogVo.<init>] [INFO] 日志实例已初始化...
[2020-04-12 16:48:52:673] [vo.logVo.LogVo.<init>] [INFO] 日志实例已初始化...
[2020-04-12 16:48:52:674] [vo.logVo.LogVo.<init>] [INFO] 日志实例已初始化...
[2020-04-12 16:48:52:674] [vo.logVo.LogVo.<init>] [INFO] 日志实例已初始化...
[2020-04-12 16:48:52:674] [vo.logVo.LogVo.<init>] [INFO] 日志实例已初始化...
[2020-04-12 16:48:52:674] [vo.logVo.LogVo.<init>] [INFO] 日志实例已初始化...
[2020-04-12 16:48:52:675] [vo.logVo.LogVo.<init>] [INFO] 日志实例已初始化...
[2020-04-12 16:48:52:675] [vo.logVo.LogVo.<init>] [INFO] 日志实例已初始化...
[2020-04-12 16:48:52:675] [vo.logVo.LogVo.<init>] [INFO] 日志实例已初始化...
[2020-04-12 16:48:52:676] [vo.logVo.LogVo.<init>] [INFO] 日志实例已初始化...
[2020-04-12 16:48:52:676] [vo.logVo.LogVo.<init>] [INFO] 日志实例已初始化...
[2020-04-12 16:48:52:676] [vo.logVo.LogVo.<init>] [INFO] 日志实例已初始化...
[2020-04-12 16:48:52:677] [vo.logVo.LogVo.<init>] [INFO] 日志实例已初始化...
[2020-04-12 16:48:52:677] [vo.logVo.LogVo.<init>] [INFO] 日志实例已初始化...
[2020-04-12 16:48:52:677] [vo.logVo.LogVo.<init>] [INFO] 日志实例已初始化...
[2020-04-12 16:48:52:678] [vo.logVo.LogVo.<init>] [INFO] 日志实例已初始化...
[2020-04-12 16:48:52:678] [vo.logVo.LogVo.<init>] [INFO] 日志实例已初始化...
[2020-04-12 16:48:52:678] [vo.logVo.LogVo.<init>] [INFO] 日志实例已初始化...
[2020-04-12 16:48:52:679] [vo.logVo.LogVo.<init>] [INFO] 日志实例已初始化...
[2020-04-12 16:48:52:679] [vo.logVo.LogVo.<init>] [INFO] 日志实例已初始化...
[2020-04-12 16:48:52:679] [vo.logVo.LogVo.<init>] [INFO] 日志实例已初始化...
[2020-04-12 16:48:52:679] [vo.logVo.LogVo.<init>] [INFO] 日志实例已初始化...
[2020-04-12 16:48:52:680] [vo.logVo.LogVo.<init>] [INFO] 日志实例已初始化...
[2020-04-12 16:48:52:680] [vo.logVo.LogVo.<init>] [INFO] 日志实例已初始化...
[2020-04-12 16:48:52:680] [vo.logVo.LogVo.<init>] [INFO] 日志实例已初始化...
[2020-04-12 16:48:52:680] [vo.logVo.LogVo.<init>] [INFO] 日志实例已初始化...
[2020-04-12 16:48:52:681] [vo.logVo.LogVo.<init>] [INFO] 日志实例已初始化...
[2020-04-12 16:48:52:681] [vo.logVo.LogVo.<init>] [INFO] 日志实例已初始化...
[2020-04-12 16:48:52:681] [vo.logVo.LogVo.<init>] [INFO] 日志实例已初始化...
[2020-04-12 16:48:52:682] [vo.logVo.LogVo.<init>] [INFO] 日志实例已初始化...
[2020-04-12 16:48:52:682] [vo.logVo.LogVo.<init>] [INFO] 日志实例已初始化...
[2020-04-12 16:48:52:682] [vo.logVo.LogVo.<init>] [INFO] 日志实例已初始化...
[2020-04-12 16:48:52:683] [vo.logVo.LogVo.<init>] [INFO] 日志实例已初始化...
[2020-04-12 16:48:52:683] [vo.logVo.LogVo.<init>] [INFO] 日志实例已初始化...
[2020-04-12 16:48:52:683] [vo.logVo.LogVo.<init>] [INFO] 日志实例已初始化...
[2020-04-12 16:48:52:683] [vo.logVo.LogVo.<init>] [INFO] 日志实例已初始化...
[2020-04-12 16:48:52:684] [vo.logVo.LogVo.<init>] [INFO] 日志实例已初始化...
[2020-04-12 16:48:52:684] [vo.logVo.LogVo.<init>] [INFO] 日志实例已初始化...
[2020-04-12 16:48:52:684] [vo.logVo.LogVo.<init>] [INFO] 日志实例已初始化...
[2020-04-12 16:48:52:684] [vo.logVo.LogVo.<init>] [INFO] 日志实例已初始化...
[2020-04-12 16:48:52:685] [vo.logVo.LogVo.<init>] [INFO] 日志实例已初始化...
[2020-04-12 16:48:52:685] [vo.logVo.LogVo.<init>] [INFO] 日志实例已初始化...
[2020-04-12 16:48:52:685] [vo.logVo.LogVo.<init>] [INFO] 日志实例已初始化...
[2020-04-12 16:48:52:686] [vo.logVo.LogVo.<init>] [INFO] 日志实例已初始化...
[2020-04-12 16:48:52:686] [vo.logVo.LogVo.<init>] [INFO] 日志实例已初始化...
[2020-04-12 16:48:52:686] [vo.logVo.LogVo.<init>] [INFO] 日志实例已初始化...
[2020-04-12 16:48:52:686] [vo.logVo.LogVo.<init>] [INFO] 日志实例已初始化...
[2020-04-12 16:48:52:687] [vo.logVo.LogVo.<init>] [INFO] 日志实例已初始化...
[2020-04-12 16:48:52:687] [vo.logVo.LogVo.<init>] [INFO] 日志实例已初始化...
[2020-04-12 16:48:52:687] [vo.logVo.LogVo.<init>] [INFO] 日志实例已初始化...
[2020-04-12 16:48:52:688] [vo.logVo.LogVo.<init>] [INFO] 日志实例已初始化...
[2020-04-12 16:48:52:688] [vo.logVo.LogVo.<init>] [INFO] 日志实例已初始化...
[2020-04-12 16:48:52:688] [vo.logVo.LogVo.<init>] [INFO] 日志实例已初始化...
[2020-04-12 16:48:52:689] [vo.logVo.LogVo.<init>] [INFO] 日志实例已初始化...
[2020-04-12 16:48:52:689] [vo.logVo.LogVo.<init>] [INFO] 日志实例已初始化...
[2020-04-12 16:48:52:689] [vo.logVo.LogVo.<init>] [INFO] 日志实例已初始化...
[2020-04-12 16:48:52:690] [vo.logVo.LogVo.<init>] [INFO] 日志实例已初始化...
[2020-04-12 16:48:52:690] [vo.logVo.LogVo.<init>] [INFO] 日志实例已初始化...
[2020-04-12 16:48:52:690] [vo.logVo.LogVo.<init>] [INFO] 日志实例已初始化...
[2020-04-12 16:48:52:691] [vo.logVo.LogVo.<init>] [INFO] 日志实例已初始化...
[2020-04-12 16:48:52:691] [vo.logVo.LogVo.<init>] [INFO] 日志实例已初始化...
[2020-04-12 16:48:52:692] [vo.logVo.LogVo.<init>] [INFO] 日志实例已初始化...
[2020-04-12 16:48:52:692] [vo.logVo.LogVo.<init>] [INFO] 日志实例已初始化...
[2020-04-12 16:48:52:693] [vo.logVo.LogVo.<init>] [INFO] 日志实例已初始化...
[2020-04-12 16:48:52:693] [vo.logVo.LogVo.<init>] [INFO] 日志实例已初始化...
[2020-04-12 16:48:52:693] [vo.logVo.LogVo.<init>] [INFO] 日志实例已初始化...
[2020-04-12 16:48:52:694] [vo.logVo.LogVo.<init>] [INFO] 日志实例已初始化...
[2020-04-12 16:48:52:694] [vo.logVo.LogVo.<init>] [INFO] 日志实例已初始化...
[2020-04-12 16:48:52:694] [vo.logVo.LogVo.<init>] [INFO] 日志实例已初始化...
[2020-04-12 16:48:52:694] [vo.logVo.LogVo.<init>] [INFO] 日志实例已初始化...
[2020-04-12 16:48:52:695] [vo.logVo.LogVo.<init>] [INFO] 日志实例已初始化...
[2020-04-12 16:48:52:695] [vo.logVo.LogVo.<init>] [INFO] 日志实例已初始化...
[2020-04-12 16:48:52:696] [vo.logVo.LogVo.<init>] [INFO] 日志实例已初始化...
[2020-04-12 16:48:52:696] [vo.logVo.LogVo.<init>] [INFO] 日志实例已初始化...
[2020-04-12 16:48:52:696] [vo.logVo.LogVo.<init>] [INFO] 日志实例已初始化...
[2020-04-12 16:48:52:697] [vo.logVo.LogVo.<init>] [INFO] 日志实例已初始化...
[2020-04-12 16:48:52:697] [vo.logVo.LogVo.<init>] [INFO] 日志实例已初始化...
[2020-04-12 16:48:52:698] [vo.logVo.LogVo.<init>] [INFO] 日志实例已初始化...
[2020-04-12 16:48:52:699] [vo.logVo.LogVo.<init>] [INFO] 日志实例已初始化...
[2020-04-12 16:48:52:699] [vo.logVo.LogVo.<init>] [INFO] 日志实例已初始化...
[2020-04-12 16:48:52:699] [vo.logVo.LogVo.<init>] [INFO] 日志实例已初始化...
[2020-04-12 16:48:52:700] [vo.logVo.LogVo.<init>] [INFO] 日志实例已初始化...
[2020-04-12 16:48:52:700] [vo.logVo.LogVo.<init>] [INFO] 日志实例已初始化...
[2020-04-12 16:48:52:700] [vo.logVo.LogVo.<init>] [INFO] 日志实例已初始化...
[2020-04-12 16:48:52:701] [vo.logVo.LogVo.<init>] [INFO] 日志实例已初始化...
[2020-04-12 16:48:52:701] [vo.logVo.LogVo.<init>] [INFO] 日志实例已初始化...
[2020-04-12 16:48:52:701] [vo.logVo.LogVo.<init>] [INFO] 日志实例已初始化...
[2020-04-12 16:48:52:701] [vo.logVo.LogVo.<init>] [INFO] 日志实例已初始化...
[2020-04-12 16:48:52:702] [vo.logVo.LogVo.<init>] [INFO] 日志实例已初始化...
[2020-04-12 16:48:52:703] [vo.logVo.LogVo.<init>] [INFO] 日志实例已初始化...
[2020-04-12 16:48:52:703] [vo.logVo.LogVo.<init>] [INFO] 日志实例已初始化...
[2020-04-12 16:48:52:704] [vo.logVo.LogVo.<init>] [INFO] 日志实例已初始化...
[2020-04-12 16:48:52:704] [vo.logVo.LogVo.<init>] [INFO] 日志实例已初始化...
[2020-04-12 16:48:52:704] [vo.logVo.LogVo.<init>] [INFO] 日志实例已初始化...
[2020-04-12 16:48:52:705] [vo.logVo.LogVo.<init>] [INFO] 日志实例已初始化...
[2020-04-12 16:48:52:705] [vo.logVo.LogVo.<init>] [INFO] 日志实例已初始化...
[2020-04-12 16:48:52:705] [vo.logVo.LogVo.<init>] [INFO] 日志实例已初始化...
[2020-04-12 16:48:52:706] [vo.logVo.LogVo.<init>] [INFO] 日志实例已初始化...
[2020-04-12 16:48:52:706] [vo.logVo.LogVo.<init>] [INFO] 日志实例已初始化...
[2020-04-12 16:48:52:707] [vo.logVo.LogVo.<init>] [INFO] 日志实例已初始化...
[2020-04-12 16:48:52:707] [vo.logVo.LogVo.<init>] [INFO] 日志实例已初始化...
[2020-04-12 16:48:52:707] [vo.logVo.LogVo.<init>] [INFO] 日志实例已初始化...
[2020-04-12 16:48:52:708] [vo.logVo.LogVo.<init>] [INFO] 日志实例已初始化...
[2020-04-12 16:48:52:708] [vo.logVo.LogVo.<init>] [INFO] 日志实例已初始化...
[2020-04-12 16:48:52:708] [vo.logVo.LogVo.<init>] [INFO] 日志实例已初始化...
[2020-04-12 16:48:52:709] [vo.logVo.LogVo.<init>] [INFO] 日志实例已初始化...
[2020-04-12 16:48:52:710] [vo.logVo.LogVo.<init>] [INFO] 日志实例已初始化...
[2020-04-12 16:48:52:710] [vo.logVo.LogVo.<init>] [INFO] 日志实例已初始化...
[2020-04-12 16:48:52:710] [vo.logVo.LogVo.<init>] [INFO] 日志实例已初始化...
[2020-04-12 16:48:52:711] [vo.logVo.LogVo.<init>] [INFO] 日志实例已初始化...
[2020-04-12 16:48:52:711] [vo.logVo.LogVo.<init>] [INFO] 日志实例已初始化...
[2020-04-12 16:48:52:711] [vo.logVo.LogVo.<init>] [INFO] 日志实例已初始化...
[2020-04-12 16:48:52:712] [vo.logVo.LogVo.<init>] [INFO] 日志实例已初始化...
[2020-04-12 16:48:52:712] [vo.logVo.LogVo.<init>] [INFO] 日志实例已初始化...
[2020-04-12 16:48:52:712] [vo.logVo.LogVo.<init>] [INFO] 日志实例已初始化...
[2020-04-12 16:48:52:712] [vo.logVo.LogVo.<init>] [INFO] 日志实例已初始化...
[2020-04-12 16:48:52:713] [vo.logVo.LogVo.<init>] [INFO] 日志实例已初始化...
[2020-04-12 16:48:52:713] [vo.logVo.LogVo.<init>] [INFO] 日志实例已初始化...
[2020-04-12 16:48:52:714] [vo.logVo.LogVo.<init>] [INFO] 日志实例已初始化...
[2020-04-12 16:48:52:714] [vo.logVo.LogVo.<init>] [INFO] 日志实例已初始化...
[2020-04-12 16:48:52:714] [vo.logVo.LogVo.<init>] [INFO] 日志实例已初始化...
[2020-04-12 16:48:52:714] [vo.logVo.LogVo.<init>] [INFO] 日志实例已初始化...
[2020-04-12 16:48:52:715] [vo.logVo.LogVo.<init>] [INFO] 日志实例已初始化...
[2020-04-12 16:48:52:715] [vo.logVo.LogVo.<init>] [INFO] 日志实例已初始化...
[2020-04-12 16:48:52:715] [vo.logVo.LogVo.<init>] [INFO] 日志实例已初始化...
[2020-04-12 16:48:52:715] [vo.logVo.LogVo.<init>] [INFO] 日志实例已初始化...
[2020-04-12 16:48:52:716] [vo.logVo.LogVo.<init>] [INFO] 日志实例已初始化...
[2020-04-12 16:48:52:716] [vo.logVo.LogVo.<init>] [INFO] 日志实例已初始化...
[2020-04-12 16:48:52:716] [vo.logVo.LogVo.<init>] [INFO] 日志实例已初始化...
[2020-04-12 16:48:52:717] [vo.logVo.LogVo.<init>] [INFO] 日志实例已初始化...
[2020-04-12 16:48:52:717] [vo.logVo.LogVo.<init>] [INFO] 日志实例已初始化...
[2020-04-12 16:48:52:717] [vo.logVo.LogVo.<init>] [INFO] 日志实例已初始化...
[2020-04-12 16:48:52:717] [vo.logVo.LogVo.<init>] [INFO] 日志实例已初始化...
[2020-04-12 16:48:52:718] [vo.logVo.LogVo.<init>] [INFO] 日志实例已初始化...
[2020-04-12 16:48:52:718] [vo.logVo.LogVo.<init>] [INFO] 日志实例已初始化...
[2020-04-12 16:48:52:718] [vo.logVo.LogVo.<init>] [INFO] 日志实例已初始化...
[2020-04-12 16:48:52:718] [vo.logVo.LogVo.<init>] [INFO] 日志实例已初始化...
[2020-04-12 16:48:52:719] [vo.logVo.LogVo.<init>] [INFO] 日志实例已初始化...
[2020-04-12 16:48:52:719] [vo.logVo.LogVo.<init>] [INFO] 日志实例已初始化...
[2020-04-12 16:48:52:719] [vo.logVo.LogVo.<init>] [INFO] 日志实例已初始化...
[2020-04-12 16:48:52:719] [vo.logVo.LogVo.<init>] [INFO] 日志实例已初始化...
[2020-04-12 16:48:52:720] [vo.logVo.LogVo.<init>] [INFO] 日志实例已初始化...
[2020-04-12 16:48:52:720] [vo.logVo.LogVo.<init>] [INFO] 日志实例已初始化...
[2020-04-12 16:48:52:720] [vo.logVo.LogVo.<init>] [INFO] 日志实例已初始化...
[2020-04-12 16:48:52:720] [vo.logVo.LogVo.<init>] [INFO] 日志实例已初始化...
[2020-04-12 16:48:52:721] [vo.logVo.LogVo.<init>] [INFO] 日志实例已初始化...
[2020-04-12 16:48:52:721] [vo.logVo.LogVo.<init>] [INFO] 日志实例已初始化...
[2020-04-12 16:48:52:721] [vo.logVo.LogVo.<init>] [INFO] 日志实例已初始化...
[2020-04-12 16:48:52:721] [vo.logVo.LogVo.<init>] [INFO] 日志实例已初始化...
[2020-04-12 16:48:52:722] [vo.logVo.LogVo.<init>] [INFO] 日志实例已初始化...
[2020-04-12 16:48:52:722] [vo.logVo.LogVo.<init>] [INFO] 日志实例已初始化...
[2020-04-12 16:48:52:722] [vo.logVo.LogVo.<init>] [INFO] 日志实例已初始化...
[2020-04-12 16:48:52:722] [vo.logVo.LogVo.<init>] [INFO] 日志实例已初始化...
[2020-04-12 16:48:52:723] [vo.logVo.LogVo.<init>] [INFO] 日志实例已初始化...
[2020-04-12 16:48:52:723] [vo.logVo.LogVo.<init>] [INFO] 日志实例已初始化...
[2020-04-12 16:48:52:723] [vo.logVo.LogVo.<init>] [INFO] 日志实例已初始化...
[2020-04-12 16:48:52:723] [vo.logVo.LogVo.<init>] [INFO] 日志实例已初始化...
[2020-04-12 16:48:52:724] [vo.logVo.LogVo.<init>] [INFO] 日志实例已初始化...
[2020-04-12 16:48:52:724] [vo.logVo.LogVo.<init>] [INFO] 日志实例已初始化...
[2020-04-12 16:48:52:724] [vo.logVo.LogVo.<init>] [INFO] 日志实例已初始化...
[2020-04-12 16:48:52:724] [vo.logVo.LogVo.<init>] [INFO] 日志实例已初始化...
[2020-04-12 16:48:52:725] [vo.logVo.LogVo.<init>] [INFO] 日志实例已初始化...
[2020-04-12 16:48:52:725] [vo.logVo.LogVo.<init>] [INFO] 日志实例已初始化...
[2020-04-12 16:48:52:725] [vo.logVo.LogVo.<init>] [INFO] 日志实例已初始化...
[2020-04-12 16:48:52:726] [vo.logVo.LogVo.<init>] [INFO] 日志实例已初始化...
[2020-04-12 16:48:52:726] [vo.logVo.LogVo.<init>] [INFO] 日志实例已初始化...
[2020-04-12 16:48:52:726] [vo.logVo.LogVo.<init>] [INFO] 日志实例已初始化...
[2020-04-12 16:48:52:726] [vo.logVo.LogVo.<init>] [INFO] 日志实例已初始化...
[2020-04-12 16:48:52:727] [vo.logVo.LogVo.<init>] [INFO] 日志实例已初始化...
[2020-04-12 16:48:52:727] [vo.logVo.LogVo.<init>] [INFO] 日志实例已初始化...
[2020-04-12 16:48:52:727] [vo.logVo.LogVo.<init>] [INFO] 日志实例已初始化...
[2020-04-12 16:48:52:728] [vo.logVo.LogVo.<init>] [INFO] 日志实例已初始化...
[2020-04-12 16:48:52:728] [vo.logVo.LogVo.<init>] [INFO] 日志实例已初始化...
[2020-04-12 16:48:52:728] [vo.logVo.LogVo.<init>] [INFO] 日志实例已初始化...
[2020-04-12 16:48:52:728] [vo.logVo.LogVo.<init>] [INFO] 日志实例已初始化...
[2020-04-12 16:48:52:729] [vo.logVo.LogVo.<init>] [INFO] 日志实例已初始化...
[2020-04-12 16:48:52:729] [vo.logVo.LogVo.<init>] [INFO] 日志实例已初始化...
[2020-04-12 16:48:52:729] [vo.logVo.LogVo.<init>] [INFO] 日志实例已初始化...
[2020-04-12 16:48:52:730] [vo.logVo.LogVo.<init>] [INFO] 日志实例已初始化...
[2020-04-12 16:48:52:730] [vo.logVo.LogVo.<init>] [INFO] 日志实例已初始化...
[2020-04-12 16:48:52:730] [vo.logVo.LogVo.<init>] [INFO] 日志实例已初始化...
[2020-04-12 16:48:52:730] [vo.logVo.LogVo.<init>] [INFO] 日志实例已初始化...
[2020-04-12 16:48:52:731] [vo.logVo.LogVo.<init>] [INFO] 日志实例已初始化...
[2020-04-12 16:48:52:731] [vo.logVo.LogVo.<init>] [INFO] 日志实例已初始化...
[2020-04-12 16:48:52:731] [vo.logVo.LogVo.<init>] [INFO] 日志实例已初始化...
[2020-04-12 16:48:52:731] [vo.logVo.LogVo.<init>] [INFO] 日志实例已初始化...
[2020-04-12 16:48:52:732] [vo.logVo.LogVo.<init>] [INFO] 日志实例已初始化...
[2020-04-12 16:48:52:732] [vo.logVo.LogVo.<init>] [INFO] 日志实例已初始化...
[2020-04-12 16:48:52:732] [vo.logVo.LogVo.<init>] [INFO] 日志实例已初始化...
[2020-04-12 16:48:52:733] [vo.logVo.LogVo.<init>] [INFO] 日志实例已初始化...
[2020-04-12 16:48:52:746] [vo.logVo.LogVo.<init>] [INFO] 日志实例已初始化...
[2020-04-12 16:48:52:752] [vo.logVo.LogVo.<init>] [INFO] 日志实例已初始化...
[2020-04-12 16:48:52:869] [action.userAction.LoginAction.execute] [INFO] 该用户已登录，请稍后再试！
[2020-04-12 16:48:58:520] [vo.logVo.LogVo.<init>] [INFO] 日志实例已初始化...
[2020-04-12 16:48:58:520] [vo.logVo.LogVo.<init>] [INFO] 日志实例已初始化...
[2020-04-12 16:48:58:521] [vo.logVo.LogVo.<init>] [INFO] 日志实例已初始化...
[2020-04-12 16:48:58:521] [vo.logVo.LogVo.<init>] [INFO] 日志实例已初始化...
[2020-04-12 16:48:58:522] [vo.logVo.LogVo.<init>] [INFO] 日志实例已初始化...
[2020-04-12 16:48:58:522] [vo.logVo.LogVo.<init>] [INFO] 日志实例已初始化...
[2020-04-12 16:48:58:522] [vo.logVo.LogVo.<init>] [INFO] 日志实例已初始化...
[2020-04-12 16:48:58:523] [vo.logVo.LogVo.<init>] [INFO] 日志实例已初始化...
[2020-04-12 16:48:58:523] [vo.logVo.LogVo.<init>] [INFO] 日志实例已初始化...
[2020-04-12 16:48:58:523] [vo.logVo.LogVo.<init>] [INFO] 日志实例已初始化...
[2020-04-12 16:48:58:524] [vo.logVo.LogVo.<init>] [INFO] 日志实例已初始化...
[2020-04-12 16:48:58:524] [vo.logVo.LogVo.<init>] [INFO] 日志实例已初始化...
[2020-04-12 16:48:58:524] [vo.logVo.LogVo.<init>] [INFO] 日志实例已初始化...
[2020-04-12 16:48:58:525] [vo.logVo.LogVo.<init>] [INFO] 日志实例已初始化...
[2020-04-12 16:48:58:525] [vo.logVo.LogVo.<init>] [INFO] 日志实例已初始化...
[2020-04-12 16:48:58:525] [vo.logVo.LogVo.<init>] [INFO] 日志实例已初始化...
[2020-04-12 16:48:58:525] [vo.logVo.LogVo.<init>] [INFO] 日志实例已初始化...
[2020-04-12 16:48:58:526] [vo.logVo.LogVo.<init>] [INFO] 日志实例已初始化...
[2020-04-12 16:48:58:526] [vo.logVo.LogVo.<init>] [INFO] 日志实例已初始化...
[2020-04-12 16:48:58:526] [vo.logVo.LogVo.<init>] [INFO] 日志实例已初始化...
[2020-04-12 16:48:58:527] [vo.logVo.LogVo.<init>] [INFO] 日志实例已初始化...
[2020-04-12 16:48:58:527] [vo.logVo.LogVo.<init>] [INFO] 日志实例已初始化...
[2020-04-12 16:48:58:527] [vo.logVo.LogVo.<init>] [INFO] 日志实例已初始化...
[2020-04-12 16:48:58:528] [vo.logVo.LogVo.<init>] [INFO] 日志实例已初始化...
[2020-04-12 16:48:58:528] [vo.logVo.LogVo.<init>] [INFO] 日志实例已初始化...
[2020-04-12 16:48:58:528] [vo.logVo.LogVo.<init>] [INFO] 日志实例已初始化...
[2020-04-12 16:48:58:529] [vo.logVo.LogVo.<init>] [INFO] 日志实例已初始化...
[2020-04-12 16:48:58:529] [vo.logVo.LogVo.<init>] [INFO] 日志实例已初始化...
[2020-04-12 16:48:58:530] [vo.logVo.LogVo.<init>] [INFO] 日志实例已初始化...
[2020-04-12 16:48:58:531] [vo.logVo.LogVo.<init>] [INFO] 日志实例已初始化...
[2020-04-12 16:48:58:531] [vo.logVo.LogVo.<init>] [INFO] 日志实例已初始化...
[2020-04-12 16:48:58:532] [vo.logVo.LogVo.<init>] [INFO] 日志实例已初始化...
[2020-04-12 16:48:58:532] [vo.logVo.LogVo.<init>] [INFO] 日志实例已初始化...
[2020-04-12 16:48:58:533] [vo.logVo.LogVo.<init>] [INFO] 日志实例已初始化...
[2020-04-12 16:48:58:533] [vo.logVo.LogVo.<init>] [INFO] 日志实例已初始化...
[2020-04-12 16:48:58:534] [vo.logVo.LogVo.<init>] [INFO] 日志实例已初始化...
[2020-04-12 16:48:58:534] [vo.logVo.LogVo.<init>] [INFO] 日志实例已初始化...
[2020-04-12 16:48:58:535] [vo.logVo.LogVo.<init>] [INFO] 日志实例已初始化...
[2020-04-12 16:48:58:536] [vo.logVo.LogVo.<init>] [INFO] 日志实例已初始化...
[2020-04-12 16:48:58:537] [vo.logVo.LogVo.<init>] [INFO] 日志实例已初始化...
[2020-04-12 16:48:58:538] [vo.logVo.LogVo.<init>] [INFO] 日志实例已初始化...
[2020-04-12 16:48:58:538] [vo.logVo.LogVo.<init>] [INFO] 日志实例已初始化...
[2020-04-12 16:48:58:539] [vo.logVo.LogVo.<init>] [INFO] 日志实例已初始化...
[2020-04-12 16:48:58:540] [vo.logVo.LogVo.<init>] [INFO] 日志实例已初始化...
[2020-04-12 16:48:58:540] [vo.logVo.LogVo.<init>] [INFO] 日志实例已初始化...
[2020-04-12 16:48:58:541] [vo.logVo.LogVo.<init>] [INFO] 日志实例已初始化...
[2020-04-12 16:48:58:542] [vo.logVo.LogVo.<init>] [INFO] 日志实例已初始化...
[2020-04-12 16:48:58:543] [vo.logVo.LogVo.<init>] [INFO] 日志实例已初始化...
[2020-04-12 16:48:58:544] [vo.logVo.LogVo.<init>] [INFO] 日志实例已初始化...
[2020-04-12 16:48:58:544] [vo.logVo.LogVo.<init>] [INFO] 日志实例已初始化...
[2020-04-12 16:48:58:545] [vo.logVo.LogVo.<init>] [INFO] 日志实例已初始化...
[2020-04-12 16:48:58:546] [vo.logVo.LogVo.<init>] [INFO] 日志实例已初始化...
[2020-04-12 16:48:58:548] [vo.logVo.LogVo.<init>] [INFO] 日志实例已初始化...
[2020-04-12 16:48:58:548] [vo.logVo.LogVo.<init>] [INFO] 日志实例已初始化...
[2020-04-12 16:48:58:549] [vo.logVo.LogVo.<init>] [INFO] 日志实例已初始化...
[2020-04-12 16:48:58:549] [vo.logVo.LogVo.<init>] [INFO] 日志实例已初始化...
[2020-04-12 16:48:58:549] [vo.logVo.LogVo.<init>] [INFO] 日志实例已初始化...
[2020-04-12 16:48:58:550] [vo.logVo.LogVo.<init>] [INFO] 日志实例已初始化...
[2020-04-12 16:48:58:550] [vo.logVo.LogVo.<init>] [INFO] 日志实例已初始化...
[2020-04-12 16:48:58:551] [vo.logVo.LogVo.<init>] [INFO] 日志实例已初始化...
[2020-04-12 16:48:58:551] [vo.logVo.LogVo.<init>] [INFO] 日志实例已初始化...
[2020-04-12 16:48:58:552] [vo.logVo.LogVo.<init>] [INFO] 日志实例已初始化...
[2020-04-12 16:48:58:553] [vo.logVo.LogVo.<init>] [INFO] 日志实例已初始化...
[2020-04-12 16:48:58:568] [vo.logVo.LogVo.<init>] [INFO] 日志实例已初始化...
[2020-04-12 16:48:58:575] [vo.logVo.LogVo.<init>] [INFO] 日志实例已初始化...
[2020-04-12 16:48:58:575] [vo.logVo.LogVo.<init>] [INFO] 日志实例已初始化...
[2020-04-12 16:48:58:576] [vo.logVo.LogVo.<init>] [INFO] 日志实例已初始化...
[2020-04-12 16:48:58:576] [vo.logVo.LogVo.<init>] [INFO] 日志实例已初始化...
[2020-04-12 16:48:58:577] [vo.logVo.LogVo.<init>] [INFO] 日志实例已初始化...
[2020-04-12 16:48:58:578] [vo.logVo.LogVo.<init>] [INFO] 日志实例已初始化...
[2020-04-12 16:48:58:578] [vo.logVo.LogVo.<init>] [INFO] 日志实例已初始化...
[2020-04-12 16:48:58:579] [vo.logVo.LogVo.<init>] [INFO] 日志实例已初始化...
[2020-04-12 16:48:58:579] [vo.logVo.LogVo.<init>] [INFO] 日志实例已初始化...
[2020-04-12 16:48:58:580] [vo.logVo.LogVo.<init>] [INFO] 日志实例已初始化...
[2020-04-12 16:48:58:580] [vo.logVo.LogVo.<init>] [INFO] 日志实例已初始化...
[2020-04-12 16:48:58:580] [vo.logVo.LogVo.<init>] [INFO] 日志实例已初始化...
[2020-04-12 16:48:58:581] [vo.logVo.LogVo.<init>] [INFO] 日志实例已初始化...
[2020-04-12 16:48:58:581] [vo.logVo.LogVo.<init>] [INFO] 日志实例已初始化...
[2020-04-12 16:48:58:582] [vo.logVo.LogVo.<init>] [INFO] 日志实例已初始化...
[2020-04-12 16:48:58:582] [vo.logVo.LogVo.<init>] [INFO] 日志实例已初始化...
[2020-04-12 16:48:58:582] [vo.logVo.LogVo.<init>] [INFO] 日志实例已初始化...
[2020-04-12 16:48:58:583] [vo.logVo.LogVo.<init>] [INFO] 日志实例已初始化...
[2020-04-12 16:48:58:583] [vo.logVo.LogVo.<init>] [INFO] 日志实例已初始化...
[2020-04-12 16:48:58:583] [vo.logVo.LogVo.<init>] [INFO] 日志实例已初始化...
[2020-04-12 16:48:58:584] [vo.logVo.LogVo.<init>] [INFO] 日志实例已初始化...
[2020-04-12 16:48:58:584] [vo.logVo.LogVo.<init>] [INFO] 日志实例已初始化...
[2020-04-12 16:48:58:584] [vo.logVo.LogVo.<init>] [INFO] 日志实例已初始化...
[2020-04-12 16:48:58:585] [vo.logVo.LogVo.<init>] [INFO] 日志实例已初始化...
[2020-04-12 16:48:58:586] [vo.logVo.LogVo.<init>] [INFO] 日志实例已初始化...
[2020-04-12 16:48:58:586] [vo.logVo.LogVo.<init>] [INFO] 日志实例已初始化...
[2020-04-12 16:48:58:587] [vo.logVo.LogVo.<init>] [INFO] 日志实例已初始化...
[2020-04-12 16:48:58:588] [vo.logVo.LogVo.<init>] [INFO] 日志实例已初始化...
[2020-04-12 16:48:58:588] [vo.logVo.LogVo.<init>] [INFO] 日志实例已初始化...
[2020-04-12 16:48:58:589] [vo.logVo.LogVo.<init>] [INFO] 日志实例已初始化...
[2020-04-12 16:48:58:590] [vo.logVo.LogVo.<init>] [INFO] 日志实例已初始化...
[2020-04-12 16:48:58:591] [vo.logVo.LogVo.<init>] [INFO] 日志实例已初始化...
[2020-04-12 16:48:58:592] [vo.logVo.LogVo.<init>] [INFO] 日志实例已初始化...
[2020-04-12 16:48:58:593] [vo.logVo.LogVo.<init>] [INFO] 日志实例已初始化...
[2020-04-12 16:48:58:593] [vo.logVo.LogVo.<init>] [INFO] 日志实例已初始化...
[2020-04-12 16:48:58:594] [vo.logVo.LogVo.<init>] [INFO] 日志实例已初始化...
[2020-04-12 16:48:58:595] [vo.logVo.LogVo.<init>] [INFO] 日志实例已初始化...
[2020-04-12 16:48:58:595] [vo.logVo.LogVo.<init>] [INFO] 日志实例已初始化...
[2020-04-12 16:48:58:598] [vo.logVo.LogVo.<init>] [INFO] 日志实例已初始化...
[2020-04-12 16:48:58:598] [vo.logVo.LogVo.<init>] [INFO] 日志实例已初始化...
[2020-04-12 16:48:58:600] [vo.logVo.LogVo.<init>] [INFO] 日志实例已初始化...
[2020-04-12 16:48:58:600] [vo.logVo.LogVo.<init>] [INFO] 日志实例已初始化...
[2020-04-12 16:48:58:601] [vo.logVo.LogVo.<init>] [INFO] 日志实例已初始化...
[2020-04-12 16:48:58:601] [vo.logVo.LogVo.<init>] [INFO] 日志实例已初始化...
[2020-04-12 16:48:58:605] [vo.logVo.LogVo.<init>] [INFO] 日志实例已初始化...
[2020-04-12 16:48:58:605] [vo.logVo.LogVo.<init>] [INFO] 日志实例已初始化...
[2020-04-12 16:48:58:607] [vo.logVo.LogVo.<init>] [INFO] 日志实例已初始化...
[2020-04-12 16:48:58:608] [vo.logVo.LogVo.<init>] [INFO] 日志实例已初始化...
[2020-04-12 16:48:58:609] [vo.logVo.LogVo.<init>] [INFO] 日志实例已初始化...
[2020-04-12 16:48:58:609] [vo.logVo.LogVo.<init>] [INFO] 日志实例已初始化...
[2020-04-12 16:48:58:610] [vo.logVo.LogVo.<init>] [INFO] 日志实例已初始化...
[2020-04-12 16:48:58:612] [vo.logVo.LogVo.<init>] [INFO] 日志实例已初始化...
[2020-04-12 16:48:58:612] [vo.logVo.LogVo.<init>] [INFO] 日志实例已初始化...
[2020-04-12 16:48:58:613] [vo.logVo.LogVo.<init>] [INFO] 日志实例已初始化...
[2020-04-12 16:48:58:614] [vo.logVo.LogVo.<init>] [INFO] 日志实例已初始化...
[2020-04-12 16:48:58:614] [vo.logVo.LogVo.<init>] [INFO] 日志实例已初始化...
[2020-04-12 16:48:58:615] [vo.logVo.LogVo.<init>] [INFO] 日志实例已初始化...
[2020-04-12 16:48:58:616] [vo.logVo.LogVo.<init>] [INFO] 日志实例已初始化...
[2020-04-12 16:48:58:617] [vo.logVo.LogVo.<init>] [INFO] 日志实例已初始化...
[2020-04-12 16:48:58:620] [vo.logVo.LogVo.<init>] [INFO] 日志实例已初始化...
[2020-04-12 16:48:58:621] [vo.logVo.LogVo.<init>] [INFO] 日志实例已初始化...
[2020-04-12 16:48:58:621] [vo.logVo.LogVo.<init>] [INFO] 日志实例已初始化...
[2020-04-12 16:48:58:622] [vo.logVo.LogVo.<init>] [INFO] 日志实例已初始化...
[2020-04-12 16:48:58:622] [vo.logVo.LogVo.<init>] [INFO] 日志实例已初始化...
[2020-04-12 16:48:58:623] [vo.logVo.LogVo.<init>] [INFO] 日志实例已初始化...
[2020-04-12 16:48:58:624] [vo.logVo.LogVo.<init>] [INFO] 日志实例已初始化...
[2020-04-12 16:48:58:624] [vo.logVo.LogVo.<init>] [INFO] 日志实例已初始化...
[2020-04-12 16:48:58:625] [vo.logVo.LogVo.<init>] [INFO] 日志实例已初始化...
[2020-04-12 16:48:58:626] [vo.logVo.LogVo.<init>] [INFO] 日志实例已初始化...
[2020-04-12 16:48:58:627] [vo.logVo.LogVo.<init>] [INFO] 日志实例已初始化...
[2020-04-12 16:48:58:628] [vo.logVo.LogVo.<init>] [INFO] 日志实例已初始化...
[2020-04-12 16:48:58:629] [vo.logVo.LogVo.<init>] [INFO] 日志实例已初始化...
[2020-04-12 16:48:58:630] [vo.logVo.LogVo.<init>] [INFO] 日志实例已初始化...
[2020-04-12 16:48:58:630] [vo.logVo.LogVo.<init>] [INFO] 日志实例已初始化...
[2020-04-12 16:48:58:632] [vo.logVo.LogVo.<init>] [INFO] 日志实例已初始化...
[2020-04-12 16:48:58:632] [vo.logVo.LogVo.<init>] [INFO] 日志实例已初始化...
[2020-04-12 16:48:58:633] [vo.logVo.LogVo.<init>] [INFO] 日志实例已初始化...
[2020-04-12 16:48:58:634] [vo.logVo.LogVo.<init>] [INFO] 日志实例已初始化...
[2020-04-12 16:48:58:637] [vo.logVo.LogVo.<init>] [INFO] 日志实例已初始化...
[2020-04-12 16:48:58:638] [vo.logVo.LogVo.<init>] [INFO] 日志实例已初始化...
[2020-04-12 16:48:58:639] [vo.logVo.LogVo.<init>] [INFO] 日志实例已初始化...
[2020-04-12 16:48:58:640] [vo.logVo.LogVo.<init>] [INFO] 日志实例已初始化...
[2020-04-12 16:48:58:642] [vo.logVo.LogVo.<init>] [INFO] 日志实例已初始化...
[2020-04-12 16:48:58:643] [vo.logVo.LogVo.<init>] [INFO] 日志实例已初始化...
[2020-04-12 16:48:58:644] [vo.logVo.LogVo.<init>] [INFO] 日志实例已初始化...
[2020-04-12 16:48:58:644] [vo.logVo.LogVo.<init>] [INFO] 日志实例已初始化...
[2020-04-12 16:48:58:645] [vo.logVo.LogVo.<init>] [INFO] 日志实例已初始化...
[2020-04-12 16:48:58:645] [vo.logVo.LogVo.<init>] [INFO] 日志实例已初始化...
[2020-04-12 16:48:58:645] [vo.logVo.LogVo.<init>] [INFO] 日志实例已初始化...
[2020-04-12 16:48:58:646] [vo.logVo.LogVo.<init>] [INFO] 日志实例已初始化...
[2020-04-12 16:48:58:646] [vo.logVo.LogVo.<init>] [INFO] 日志实例已初始化...
[2020-04-12 16:48:58:647] [vo.logVo.LogVo.<init>] [INFO] 日志实例已初始化...
[2020-04-12 16:48:58:647] [vo.logVo.LogVo.<init>] [INFO] 日志实例已初始化...
[2020-04-12 16:48:58:652] [vo.logVo.LogVo.<init>] [INFO] 日志实例已初始化...
[2020-04-12 16:48:58:653] [vo.logVo.LogVo.<init>] [INFO] 日志实例已初始化...
[2020-04-12 16:48:58:653] [vo.logVo.LogVo.<init>] [INFO] 日志实例已初始化...
[2020-04-12 16:48:58:654] [vo.logVo.LogVo.<init>] [INFO] 日志实例已初始化...
[2020-04-12 16:48:58:654] [vo.logVo.LogVo.<init>] [INFO] 日志实例已初始化...
[2020-04-12 16:48:58:655] [vo.logVo.LogVo.<init>] [INFO] 日志实例已初始化...
[2020-04-12 16:48:58:656] [vo.logVo.LogVo.<init>] [INFO] 日志实例已初始化...
[2020-04-12 16:48:58:656] [vo.logVo.LogVo.<init>] [INFO] 日志实例已初始化...
[2020-04-12 16:48:58:657] [vo.logVo.LogVo.<init>] [INFO] 日志实例已初始化...
[2020-04-12 16:48:58:657] [vo.logVo.LogVo.<init>] [INFO] 日志实例已初始化...
[2020-04-12 16:48:58:657] [vo.logVo.LogVo.<init>] [INFO] 日志实例已初始化...
[2020-04-12 16:48:58:658] [vo.logVo.LogVo.<init>] [INFO] 日志实例已初始化...
[2020-04-12 16:48:58:658] [vo.logVo.LogVo.<init>] [INFO] 日志实例已初始化...
[2020-04-12 16:48:58:658] [vo.logVo.LogVo.<init>] [INFO] 日志实例已初始化...
[2020-04-12 16:48:58:659] [vo.logVo.LogVo.<init>] [INFO] 日志实例已初始化...
[2020-04-12 16:48:58:659] [vo.logVo.LogVo.<init>] [INFO] 日志实例已初始化...
[2020-04-12 16:48:58:659] [vo.logVo.LogVo.<init>] [INFO] 日志实例已初始化...
[2020-04-12 16:48:58:660] [vo.logVo.LogVo.<init>] [INFO] 日志实例已初始化...
[2020-04-12 16:48:58:660] [vo.logVo.LogVo.<init>] [INFO] 日志实例已初始化...
[2020-04-12 16:48:58:660] [vo.logVo.LogVo.<init>] [INFO] 日志实例已初始化...
[2020-04-12 16:48:58:661] [vo.logVo.LogVo.<init>] [INFO] 日志实例已初始化...
[2020-04-12 16:48:58:661] [vo.logVo.LogVo.<init>] [INFO] 日志实例已初始化...
[2020-04-12 16:48:58:661] [vo.logVo.LogVo.<init>] [INFO] 日志实例已初始化...
[2020-04-12 16:48:58:661] [vo.logVo.LogVo.<init>] [INFO] 日志实例已初始化...
[2020-04-12 16:48:58:662] [vo.logVo.LogVo.<init>] [INFO] 日志实例已初始化...
[2020-04-12 16:48:58:662] [vo.logVo.LogVo.<init>] [INFO] 日志实例已初始化...
[2020-04-12 16:48:58:662] [vo.logVo.LogVo.<init>] [INFO] 日志实例已初始化...
[2020-04-12 16:48:58:663] [vo.logVo.LogVo.<init>] [INFO] 日志实例已初始化...
[2020-04-12 16:48:58:663] [vo.logVo.LogVo.<init>] [INFO] 日志实例已初始化...
[2020-04-12 16:48:58:663] [vo.logVo.LogVo.<init>] [INFO] 日志实例已初始化...
[2020-04-12 16:48:58:664] [vo.logVo.LogVo.<init>] [INFO] 日志实例已初始化...
[2020-04-12 16:48:58:664] [vo.logVo.LogVo.<init>] [INFO] 日志实例已初始化...
[2020-04-12 16:48:58:664] [vo.logVo.LogVo.<init>] [INFO] 日志实例已初始化...
[2020-04-12 16:48:58:664] [vo.logVo.LogVo.<init>] [INFO] 日志实例已初始化...
[2020-04-12 16:48:58:665] [vo.logVo.LogVo.<init>] [INFO] 日志实例已初始化...
[2020-04-12 16:48:58:665] [vo.logVo.LogVo.<init>] [INFO] 日志实例已初始化...
[2020-04-12 16:48:58:665] [vo.logVo.LogVo.<init>] [INFO] 日志实例已初始化...
[2020-04-12 16:48:58:666] [vo.logVo.LogVo.<init>] [INFO] 日志实例已初始化...
[2020-04-12 16:48:58:666] [vo.logVo.LogVo.<init>] [INFO] 日志实例已初始化...
[2020-04-12 16:48:58:667] [vo.logVo.LogVo.<init>] [INFO] 日志实例已初始化...
[2020-04-12 16:48:58:667] [vo.logVo.LogVo.<init>] [INFO] 日志实例已初始化...
[2020-04-12 16:48:58:668] [vo.logVo.LogVo.<init>] [INFO] 日志实例已初始化...
[2020-04-12 16:48:58:670] [vo.logVo.LogVo.<init>] [INFO] 日志实例已初始化...
[2020-04-12 16:48:58:670] [vo.logVo.LogVo.<init>] [INFO] 日志实例已初始化...
[2020-04-12 16:48:58:671] [vo.logVo.LogVo.<init>] [INFO] 日志实例已初始化...
[2020-04-12 16:48:58:671] [vo.logVo.LogVo.<init>] [INFO] 日志实例已初始化...
[2020-04-12 16:48:58:672] [vo.logVo.LogVo.<init>] [INFO] 日志实例已初始化...
[2020-04-12 16:48:58:672] [vo.logVo.LogVo.<init>] [INFO] 日志实例已初始化...
[2020-04-12 16:48:58:673] [vo.logVo.LogVo.<init>] [INFO] 日志实例已初始化...
[2020-04-12 16:48:58:673] [vo.logVo.LogVo.<init>] [INFO] 日志实例已初始化...
[2020-04-12 16:48:58:674] [vo.logVo.LogVo.<init>] [INFO] 日志实例已初始化...
[2020-04-12 16:48:58:674] [vo.logVo.LogVo.<init>] [INFO] 日志实例已初始化...
[2020-04-12 16:48:58:674] [vo.logVo.LogVo.<init>] [INFO] 日志实例已初始化...
[2020-04-12 16:48:58:675] [vo.logVo.LogVo.<init>] [INFO] 日志实例已初始化...
[2020-04-12 16:48:58:675] [vo.logVo.LogVo.<init>] [INFO] 日志实例已初始化...
[2020-04-12 16:48:58:676] [vo.logVo.LogVo.<init>] [INFO] 日志实例已初始化...
[2020-04-12 16:48:58:676] [vo.logVo.LogVo.<init>] [INFO] 日志实例已初始化...
[2020-04-12 16:48:58:677] [vo.logVo.LogVo.<init>] [INFO] 日志实例已初始化...
[2020-04-12 16:48:58:678] [vo.logVo.LogVo.<init>] [INFO] 日志实例已初始化...
[2020-04-12 16:48:58:678] [vo.logVo.LogVo.<init>] [INFO] 日志实例已初始化...
[2020-04-12 16:48:58:679] [vo.logVo.LogVo.<init>] [INFO] 日志实例已初始化...
[2020-04-12 16:48:58:679] [vo.logVo.LogVo.<init>] [INFO] 日志实例已初始化...
[2020-04-12 16:48:58:681] [vo.logVo.LogVo.<init>] [INFO] 日志实例已初始化...
[2020-04-12 16:48:58:681] [vo.logVo.LogVo.<init>] [INFO] 日志实例已初始化...
[2020-04-12 16:48:58:682] [vo.logVo.LogVo.<init>] [INFO] 日志实例已初始化...
[2020-04-12 16:48:58:682] [vo.logVo.LogVo.<init>] [INFO] 日志实例已初始化...
[2020-04-12 16:48:58:683] [vo.logVo.LogVo.<init>] [INFO] 日志实例已初始化...
[2020-04-12 16:48:58:684] [vo.logVo.LogVo.<init>] [INFO] 日志实例已初始化...
[2020-04-12 16:48:58:685] [vo.logVo.LogVo.<init>] [INFO] 日志实例已初始化...
[2020-04-12 16:48:58:686] [vo.logVo.LogVo.<init>] [INFO] 日志实例已初始化...
[2020-04-12 16:48:58:688] [vo.logVo.LogVo.<init>] [INFO] 日志实例已初始化...
[2020-04-12 16:48:58:688] [vo.logVo.LogVo.<init>] [INFO] 日志实例已初始化...
[2020-04-12 16:48:58:689] [vo.logVo.LogVo.<init>] [INFO] 日志实例已初始化...
[2020-04-12 16:48:58:689] [vo.logVo.LogVo.<init>] [INFO] 日志实例已初始化...
[2020-04-12 16:48:58:690] [vo.logVo.LogVo.<init>] [INFO] 日志实例已初始化...
[2020-04-12 16:48:58:690] [vo.logVo.LogVo.<init>] [INFO] 日志实例已初始化...
[2020-04-12 16:48:58:691] [vo.logVo.LogVo.<init>] [INFO] 日志实例已初始化...
[2020-04-12 16:48:58:691] [vo.logVo.LogVo.<init>] [INFO] 日志实例已初始化...
[2020-04-12 16:48:58:692] [vo.logVo.LogVo.<init>] [INFO] 日志实例已初始化...
[2020-04-12 16:48:58:692] [vo.logVo.LogVo.<init>] [INFO] 日志实例已初始化...
[2020-04-12 16:48:58:693] [vo.logVo.LogVo.<init>] [INFO] 日志实例已初始化...
[2020-04-12 16:48:58:694] [vo.logVo.LogVo.<init>] [INFO] 日志实例已初始化...
[2020-04-12 16:48:58:694] [vo.logVo.LogVo.<init>] [INFO] 日志实例已初始化...
[2020-04-12 16:48:58:695] [vo.logVo.LogVo.<init>] [INFO] 日志实例已初始化...
[2020-04-12 16:48:58:696] [vo.logVo.LogVo.<init>] [INFO] 日志实例已初始化...
[2020-04-12 16:48:58:698] [vo.logVo.LogVo.<init>] [INFO] 日志实例已初始化...
[2020-04-12 16:48:58:698] [vo.logVo.LogVo.<init>] [INFO] 日志实例已初始化...
[2020-04-12 16:48:58:699] [vo.logVo.LogVo.<init>] [INFO] 日志实例已初始化...
[2020-04-12 16:48:58:699] [vo.logVo.LogVo.<init>] [INFO] 日志实例已初始化...
[2020-04-12 16:48:58:700] [vo.logVo.LogVo.<init>] [INFO] 日志实例已初始化...
[2020-04-12 16:48:58:700] [vo.logVo.LogVo.<init>] [INFO] 日志实例已初始化...
[2020-04-12 16:48:58:701] [vo.logVo.LogVo.<init>] [INFO] 日志实例已初始化...
[2020-04-12 16:48:58:704] [vo.logVo.LogVo.<init>] [INFO] 日志实例已初始化...
[2020-04-12 16:48:58:705] [vo.logVo.LogVo.<init>] [INFO] 日志实例已初始化...
[2020-04-12 16:48:58:705] [vo.logVo.LogVo.<init>] [INFO] 日志实例已初始化...
[2020-04-12 16:48:58:706] [vo.logVo.LogVo.<init>] [INFO] 日志实例已初始化...
[2020-04-12 16:48:58:708] [vo.logVo.LogVo.<init>] [INFO] 日志实例已初始化...
[2020-04-12 16:48:58:708] [vo.logVo.LogVo.<init>] [INFO] 日志实例已初始化...
[2020-04-12 16:48:58:709] [vo.logVo.LogVo.<init>] [INFO] 日志实例已初始化...
[2020-04-12 16:48:58:709] [vo.logVo.LogVo.<init>] [INFO] 日志实例已初始化...
[2020-04-12 16:48:58:710] [vo.logVo.LogVo.<init>] [INFO] 日志实例已初始化...
[2020-04-12 16:48:58:710] [vo.logVo.LogVo.<init>] [INFO] 日志实例已初始化...
[2020-04-12 16:48:58:711] [vo.logVo.LogVo.<init>] [INFO] 日志实例已初始化...
[2020-04-12 16:48:58:711] [vo.logVo.LogVo.<init>] [INFO] 日志实例已初始化...
[2020-04-12 16:48:58:712] [vo.logVo.LogVo.<init>] [INFO] 日志实例已初始化...
[2020-04-12 16:48:58:712] [vo.logVo.LogVo.<init>] [INFO] 日志实例已初始化...
[2020-04-12 16:48:58:713] [vo.logVo.LogVo.<init>] [INFO] 日志实例已初始化...
[2020-04-12 16:48:58:714] [vo.logVo.LogVo.<init>] [INFO] 日志实例已初始化...
[2020-04-12 16:48:58:715] [vo.logVo.LogVo.<init>] [INFO] 日志实例已初始化...
[2020-04-12 16:48:58:715] [vo.logVo.LogVo.<init>] [INFO] 日志实例已初始化...
[2020-04-12 16:48:58:716] [vo.logVo.LogVo.<init>] [INFO] 日志实例已初始化...
[2020-04-12 16:48:58:717] [vo.logVo.LogVo.<init>] [INFO] 日志实例已初始化...
[2020-04-12 16:48:58:718] [vo.logVo.LogVo.<init>] [INFO] 日志实例已初始化...
[2020-04-12 16:48:58:719] [vo.logVo.LogVo.<init>] [INFO] 日志实例已初始化...
[2020-04-12 16:48:58:720] [vo.logVo.LogVo.<init>] [INFO] 日志实例已初始化...
[2020-04-12 16:48:58:721] [vo.logVo.LogVo.<init>] [INFO] 日志实例已初始化...
[2020-04-12 16:48:58:722] [vo.logVo.LogVo.<init>] [INFO] 日志实例已初始化...
[2020-04-12 16:48:58:723] [vo.logVo.LogVo.<init>] [INFO] 日志实例已初始化...
[2020-04-12 16:48:58:724] [vo.logVo.LogVo.<init>] [INFO] 日志实例已初始化...
[2020-04-12 16:48:58:724] [vo.logVo.LogVo.<init>] [INFO] 日志实例已初始化...
[2020-04-12 16:48:58:725] [vo.logVo.LogVo.<init>] [INFO] 日志实例已初始化...
[2020-04-12 16:48:58:725] [vo.logVo.LogVo.<init>] [INFO] 日志实例已初始化...
[2020-04-12 16:48:58:728] [vo.logVo.LogVo.<init>] [INFO] 日志实例已初始化...
[2020-04-12 16:48:58:729] [vo.logVo.LogVo.<init>] [INFO] 日志实例已初始化...
[2020-04-12 16:48:58:730] [vo.logVo.LogVo.<init>] [INFO] 日志实例已初始化...
[2020-04-12 16:48:58:731] [vo.logVo.LogVo.<init>] [INFO] 日志实例已初始化...
[2020-04-12 16:48:58:732] [vo.logVo.LogVo.<init>] [INFO] 日志实例已初始化...
[2020-04-12 16:48:58:732] [vo.logVo.LogVo.<init>] [INFO] 日志实例已初始化...
[2020-04-12 16:48:58:732] [vo.logVo.LogVo.<init>] [INFO] 日志实例已初始化...
[2020-04-12 16:48:58:733] [vo.logVo.LogVo.<init>] [INFO] 日志实例已初始化...
[2020-04-12 16:48:58:733] [vo.logVo.LogVo.<init>] [INFO] 日志实例已初始化...
[2020-04-12 16:48:58:733] [vo.logVo.LogVo.<init>] [INFO] 日志实例已初始化...
[2020-04-12 16:48:58:734] [vo.logVo.LogVo.<init>] [INFO] 日志实例已初始化...
[2020-04-12 16:48:58:734] [vo.logVo.LogVo.<init>] [INFO] 日志实例已初始化...
[2020-04-12 16:48:58:734] [vo.logVo.LogVo.<init>] [INFO] 日志实例已初始化...
[2020-04-12 16:48:58:734] [vo.logVo.LogVo.<init>] [INFO] 日志实例已初始化...
[2020-04-12 16:48:58:735] [vo.logVo.LogVo.<init>] [INFO] 日志实例已初始化...
[2020-04-12 16:48:58:735] [vo.logVo.LogVo.<init>] [INFO] 日志实例已初始化...
[2020-04-12 16:48:58:736] [vo.logVo.LogVo.<init>] [INFO] 日志实例已初始化...
[2020-04-12 16:48:58:736] [vo.logVo.LogVo.<init>] [INFO] 日志实例已初始化...
[2020-04-12 16:48:58:737] [vo.logVo.LogVo.<init>] [INFO] 日志实例已初始化...
[2020-04-12 16:48:58:737] [vo.logVo.LogVo.<init>] [INFO] 日志实例已初始化...
[2020-04-12 16:48:58:737] [vo.logVo.LogVo.<init>] [INFO] 日志实例已初始化...
[2020-04-12 16:48:58:738] [vo.logVo.LogVo.<init>] [INFO] 日志实例已初始化...
[2020-04-12 16:48:58:738] [vo.logVo.LogVo.<init>] [INFO] 日志实例已初始化...
[2020-04-12 16:48:58:739] [vo.logVo.LogVo.<init>] [INFO] 日志实例已初始化...
[2020-04-12 16:48:58:739] [vo.logVo.LogVo.<init>] [INFO] 日志实例已初始化...
[2020-04-12 16:48:58:740] [vo.logVo.LogVo.<init>] [INFO] 日志实例已初始化...
[2020-04-12 16:48:58:740] [vo.logVo.LogVo.<init>] [INFO] 日志实例已初始化...
[2020-04-12 16:48:58:741] [vo.logVo.LogVo.<init>] [INFO] 日志实例已初始化...
[2020-04-12 16:48:58:741] [vo.logVo.LogVo.<init>] [INFO] 日志实例已初始化...
[2020-04-12 16:48:58:742] [vo.logVo.LogVo.<init>] [INFO] 日志实例已初始化...
[2020-04-12 16:48:58:743] [vo.logVo.LogVo.<init>] [INFO] 日志实例已初始化...
[2020-04-12 16:48:58:743] [vo.logVo.LogVo.<init>] [INFO] 日志实例已初始化...
[2020-04-12 16:48:58:744] [vo.logVo.LogVo.<init>] [INFO] 日志实例已初始化...
[2020-04-12 16:48:58:744] [vo.logVo.LogVo.<init>] [INFO] 日志实例已初始化...
[2020-04-12 16:48:58:745] [vo.logVo.LogVo.<init>] [INFO] 日志实例已初始化...
[2020-04-12 16:48:58:746] [vo.logVo.LogVo.<init>] [INFO] 日志实例已初始化...
[2020-04-12 16:48:58:746] [vo.logVo.LogVo.<init>] [INFO] 日志实例已初始化...
[2020-04-12 16:48:58:747] [vo.logVo.LogVo.<init>] [INFO] 日志实例已初始化...
[2020-04-12 16:48:58:748] [vo.logVo.LogVo.<init>] [INFO] 日志实例已初始化...
[2020-04-12 16:48:58:749] [vo.logVo.LogVo.<init>] [INFO] 日志实例已初始化...
[2020-04-12 16:48:58:749] [vo.logVo.LogVo.<init>] [INFO] 日志实例已初始化...
[2020-04-12 16:48:58:749] [vo.logVo.LogVo.<init>] [INFO] 日志实例已初始化...
[2020-04-12 16:48:58:750] [vo.logVo.LogVo.<init>] [INFO] 日志实例已初始化...
[2020-04-12 16:48:58:750] [vo.logVo.LogVo.<init>] [INFO] 日志实例已初始化...
[2020-04-12 16:48:58:750] [vo.logVo.LogVo.<init>] [INFO] 日志实例已初始化...
[2020-04-12 16:48:58:751] [vo.logVo.LogVo.<init>] [INFO] 日志实例已初始化...
[2020-04-12 16:48:58:751] [vo.logVo.LogVo.<init>] [INFO] 日志实例已初始化...
[2020-04-12 16:48:58:751] [vo.logVo.LogVo.<init>] [INFO] 日志实例已初始化...
[2020-04-12 16:48:58:751] [vo.logVo.LogVo.<init>] [INFO] 日志实例已初始化...
[2020-04-12 16:48:58:752] [vo.logVo.LogVo.<init>] [INFO] 日志实例已初始化...
[2020-04-12 16:48:58:752] [vo.logVo.LogVo.<init>] [INFO] 日志实例已初始化...
[2020-04-12 16:48:58:753] [vo.logVo.LogVo.<init>] [INFO] 日志实例已初始化...
[2020-04-12 16:48:58:753] [vo.logVo.LogVo.<init>] [INFO] 日志实例已初始化...
[2020-04-12 16:48:58:754] [vo.logVo.LogVo.<init>] [INFO] 日志实例已初始化...
[2020-04-12 16:48:58:755] [vo.logVo.LogVo.<init>] [INFO] 日志实例已初始化...
[2020-04-12 16:48:58:755] [vo.logVo.LogVo.<init>] [INFO] 日志实例已初始化...
[2020-04-12 16:48:58:755] [vo.logVo.LogVo.<init>] [INFO] 日志实例已初始化...
[2020-04-12 16:48:58:756] [vo.logVo.LogVo.<init>] [INFO] 日志实例已初始化...
[2020-04-12 16:48:58:756] [vo.logVo.LogVo.<init>] [INFO] 日志实例已初始化...
[2020-04-12 16:48:58:756] [vo.logVo.LogVo.<init>] [INFO] 日志实例已初始化...
[2020-04-12 16:48:58:757] [vo.logVo.LogVo.<init>] [INFO] 日志实例已初始化...
[2020-04-12 16:48:58:757] [vo.logVo.LogVo.<init>] [INFO] 日志实例已初始化...
[2020-04-12 16:48:58:757] [vo.logVo.LogVo.<init>] [INFO] 日志实例已初始化...
[2020-04-12 16:48:58:757] [vo.logVo.LogVo.<init>] [INFO] 日志实例已初始化...
[2020-04-12 16:48:58:758] [vo.logVo.LogVo.<init>] [INFO] 日志实例已初始化...
[2020-04-12 16:48:58:758] [vo.logVo.LogVo.<init>] [INFO] 日志实例已初始化...
[2020-04-12 16:48:58:758] [vo.logVo.LogVo.<init>] [INFO] 日志实例已初始化...
[2020-04-12 16:48:58:759] [vo.logVo.LogVo.<init>] [INFO] 日志实例已初始化...
[2020-04-12 16:48:58:759] [vo.logVo.LogVo.<init>] [INFO] 日志实例已初始化...
[2020-04-12 16:48:58:759] [vo.logVo.LogVo.<init>] [INFO] 日志实例已初始化...
[2020-04-12 16:48:58:760] [vo.logVo.LogVo.<init>] [INFO] 日志实例已初始化...
[2020-04-12 16:48:58:760] [vo.logVo.LogVo.<init>] [INFO] 日志实例已初始化...
[2020-04-12 16:48:58:760] [vo.logVo.LogVo.<init>] [INFO] 日志实例已初始化...
[2020-04-12 16:48:58:761] [vo.logVo.LogVo.<init>] [INFO] 日志实例已初始化...
[2020-04-12 16:48:58:761] [vo.logVo.LogVo.<init>] [INFO] 日志实例已初始化...
[2020-04-12 16:48:58:762] [vo.logVo.LogVo.<init>] [INFO] 日志实例已初始化...
[2020-04-12 16:48:58:762] [vo.logVo.LogVo.<init>] [INFO] 日志实例已初始化...
[2020-04-12 16:48:58:762] [vo.logVo.LogVo.<init>] [INFO] 日志实例已初始化...
[2020-04-12 16:48:58:762] [vo.logVo.LogVo.<init>] [INFO] 日志实例已初始化...
[2020-04-12 16:48:58:763] [vo.logVo.LogVo.<init>] [INFO] 日志实例已初始化...
[2020-04-12 16:48:58:765] [vo.logVo.LogVo.<init>] [INFO] 日志实例已初始化...
[2020-04-12 16:48:58:766] [vo.logVo.LogVo.<init>] [INFO] 日志实例已初始化...
[2020-04-12 16:48:58:766] [vo.logVo.LogVo.<init>] [INFO] 日志实例已初始化...
[2020-04-12 16:48:58:767] [vo.logVo.LogVo.<init>] [INFO] 日志实例已初始化...
[2020-04-12 16:48:58:767] [vo.logVo.LogVo.<init>] [INFO] 日志实例已初始化...
[2020-04-12 16:48:58:768] [vo.logVo.LogVo.<init>] [INFO] 日志实例已初始化...
[2020-04-12 16:48:58:768] [vo.logVo.LogVo.<init>] [INFO] 日志实例已初始化...
[2020-04-12 16:48:58:768] [vo.logVo.LogVo.<init>] [INFO] 日志实例已初始化...
[2020-04-12 16:48:58:769] [vo.logVo.LogVo.<init>] [INFO] 日志实例已初始化...
[2020-04-12 16:48:58:770] [vo.logVo.LogVo.<init>] [INFO] 日志实例已初始化...
[2020-04-12 16:48:58:771] [vo.logVo.LogVo.<init>] [INFO] 日志实例已初始化...
[2020-04-12 16:48:58:771] [vo.logVo.LogVo.<init>] [INFO] 日志实例已初始化...
[2020-04-12 16:48:58:771] [vo.logVo.LogVo.<init>] [INFO] 日志实例已初始化...
[2020-04-12 16:48:58:771] [vo.logVo.LogVo.<init>] [INFO] 日志实例已初始化...
[2020-04-12 16:48:58:772] [vo.logVo.LogVo.<init>] [INFO] 日志实例已初始化...
[2020-04-12 16:48:58:773] [vo.logVo.LogVo.<init>] [INFO] 日志实例已初始化...
[2020-04-12 16:48:58:773] [vo.logVo.LogVo.<init>] [INFO] 日志实例已初始化...
[2020-04-12 16:48:58:774] [vo.logVo.LogVo.<init>] [INFO] 日志实例已初始化...
[2020-04-12 16:48:58:774] [vo.logVo.LogVo.<init>] [INFO] 日志实例已初始化...
[2020-04-12 16:48:58:775] [vo.logVo.LogVo.<init>] [INFO] 日志实例已初始化...
[2020-04-12 16:48:58:775] [vo.logVo.LogVo.<init>] [INFO] 日志实例已初始化...
[2020-04-12 16:48:58:776] [vo.logVo.LogVo.<init>] [INFO] 日志实例已初始化...
[2020-04-12 16:48:58:776] [vo.logVo.LogVo.<init>] [INFO] 日志实例已初始化...
[2020-04-12 16:48:58:777] [vo.logVo.LogVo.<init>] [INFO] 日志实例已初始化...
[2020-04-12 16:48:58:778] [vo.logVo.LogVo.<init>] [INFO] 日志实例已初始化...
[2020-04-12 16:48:58:778] [vo.logVo.LogVo.<init>] [INFO] 日志实例已初始化...
[2020-04-12 16:48:58:779] [vo.logVo.LogVo.<init>] [INFO] 日志实例已初始化...
[2020-04-12 16:48:58:779] [vo.logVo.LogVo.<init>] [INFO] 日志实例已初始化...
[2020-04-12 16:48:58:779] [vo.logVo.LogVo.<init>] [INFO] 日志实例已初始化...
[2020-04-12 16:48:58:780] [vo.logVo.LogVo.<init>] [INFO] 日志实例已初始化...
[2020-04-12 16:48:58:780] [vo.logVo.LogVo.<init>] [INFO] 日志实例已初始化...
[2020-04-12 16:48:58:781] [vo.logVo.LogVo.<init>] [INFO] 日志实例已初始化...
[2020-04-12 16:48:58:830] [vo.logVo.LogVo.<init>] [INFO] 日志实例已初始化...
[2020-04-12 16:48:58:843] [vo.logVo.LogVo.<init>] [INFO] 日志实例已初始化...
[2020-04-12 16:48:58:962] [action.userAction.LoginAction.execute] [INFO] 该用户已登录，请稍后再试！
[2020-04-12 16:49:55:984] [vo.logVo.LogVo.<init>] [INFO] 日志实例已初始化...
[2020-04-12 16:49:55:998] [vo.logVo.LogVo.<init>] [INFO] 日志实例已初始化...
[2020-04-12 16:49:56:008] [vo.logVo.LogVo.<init>] [INFO] 日志实例已初始化...
[2020-04-12 16:49:56:018] [vo.logVo.LogVo.<init>] [INFO] 日志实例已初始化...
[2020-04-12 16:49:56:027] [vo.logVo.LogVo.<init>] [INFO] 日志实例已初始化...
[2020-04-12 16:49:56:037] [vo.logVo.LogVo.<init>] [INFO] 日志实例已初始化...
[2020-04-12 16:49:56:048] [vo.logVo.LogVo.<init>] [INFO] 日志实例已初始化...
[2020-04-12 16:49:56:059] [vo.logVo.LogVo.<init>] [INFO] 日志实例已初始化...
[2020-04-12 16:49:56:069] [vo.logVo.LogVo.<init>] [INFO] 日志实例已初始化...
[2020-04-12 16:49:56:078] [vo.logVo.LogVo.<init>] [INFO] 日志实例已初始化...
[2020-04-12 16:49:56:088] [vo.logVo.LogVo.<init>] [INFO] 日志实例已初始化...
[2020-04-12 16:49:56:099] [vo.logVo.LogVo.<init>] [INFO] 日志实例已初始化...
[2020-04-12 16:49:56:112] [vo.logVo.LogVo.<init>] [INFO] 日志实例已初始化...
[2020-04-12 16:49:56:122] [vo.logVo.LogVo.<init>] [INFO] 日志实例已初始化...
[2020-04-12 16:49:56:132] [vo.logVo.LogVo.<init>] [INFO] 日志实例已初始化...
[2020-04-12 16:49:56:142] [vo.logVo.LogVo.<init>] [INFO] 日志实例已初始化...
[2020-04-12 16:49:56:153] [vo.logVo.LogVo.<init>] [INFO] 日志实例已初始化...
[2020-04-12 16:49:56:164] [vo.logVo.LogVo.<init>] [INFO] 日志实例已初始化...
[2020-04-12 16:49:56:178] [vo.logVo.LogVo.<init>] [INFO] 日志实例已初始化...
[2020-04-12 16:49:56:189] [vo.logVo.LogVo.<init>] [INFO] 日志实例已初始化...
[2020-04-12 16:49:56:200] [vo.logVo.LogVo.<init>] [INFO] 日志实例已初始化...
[2020-04-12 16:49:56:211] [vo.logVo.LogVo.<init>] [INFO] 日志实例已初始化...
[2020-04-12 16:49:56:224] [vo.logVo.LogVo.<init>] [INFO] 日志实例已初始化...
[2020-04-12 16:49:56:234] [vo.logVo.LogVo.<init>] [INFO] 日志实例已初始化...
[2020-04-12 16:49:56:246] [vo.logVo.LogVo.<init>] [INFO] 日志实例已初始化...
[2020-04-12 16:49:56:259] [vo.logVo.LogVo.<init>] [INFO] 日志实例已初始化...
[2020-04-12 16:49:56:269] [vo.logVo.LogVo.<init>] [INFO] 日志实例已初始化...
[2020-04-12 16:49:56:279] [vo.logVo.LogVo.<init>] [INFO] 日志实例已初始化...
[2020-04-12 16:49:56:289] [vo.logVo.LogVo.<init>] [INFO] 日志实例已初始化...
[2020-04-12 16:49:56:298] [vo.logVo.LogVo.<init>] [INFO] 日志实例已初始化...
[2020-04-12 16:49:56:312] [vo.logVo.LogVo.<init>] [INFO] 日志实例已初始化...
[2020-04-12 16:49:56:323] [vo.logVo.LogVo.<init>] [INFO] 日志实例已初始化...
[2020-04-12 16:49:56:336] [vo.logVo.LogVo.<init>] [INFO] 日志实例已初始化...
[2020-04-12 16:49:56:346] [vo.logVo.LogVo.<init>] [INFO] 日志实例已初始化...
[2020-04-12 16:49:56:360] [vo.logVo.LogVo.<init>] [INFO] 日志实例已初始化...
[2020-04-12 16:49:56:371] [vo.logVo.LogVo.<init>] [INFO] 日志实例已初始化...
[2020-04-12 16:49:56:387] [vo.logVo.LogVo.<init>] [INFO] 日志实例已初始化...
[2020-04-12 16:49:56:404] [vo.logVo.LogVo.<init>] [INFO] 日志实例已初始化...
[2020-04-12 16:49:56:423] [vo.logVo.LogVo.<init>] [INFO] 日志实例已初始化...
[2020-04-12 16:49:56:443] [vo.logVo.LogVo.<init>] [INFO] 日志实例已初始化...
[2020-04-12 16:49:56:455] [vo.logVo.LogVo.<init>] [INFO] 日志实例已初始化...
[2020-04-12 16:49:56:466] [vo.logVo.LogVo.<init>] [INFO] 日志实例已初始化...
[2020-04-12 16:49:56:476] [vo.logVo.LogVo.<init>] [INFO] 日志实例已初始化...
[2020-04-12 16:49:56:487] [vo.logVo.LogVo.<init>] [INFO] 日志实例已初始化...
[2020-04-12 16:49:56:499] [vo.logVo.LogVo.<init>] [INFO] 日志实例已初始化...
[2020-04-12 16:49:56:509] [vo.logVo.LogVo.<init>] [INFO] 日志实例已初始化...
[2020-04-12 16:49:56:520] [vo.logVo.LogVo.<init>] [INFO] 日志实例已初始化...
[2020-04-12 16:49:56:530] [vo.logVo.LogVo.<init>] [INFO] 日志实例已初始化...
[2020-04-12 16:49:56:540] [vo.logVo.LogVo.<init>] [INFO] 日志实例已初始化...
[2020-04-12 16:49:56:554] [vo.logVo.LogVo.<init>] [INFO] 日志实例已初始化...
[2020-04-12 16:49:56:567] [vo.logVo.LogVo.<init>] [INFO] 日志实例已初始化...
[2020-04-12 16:49:56:578] [vo.logVo.LogVo.<init>] [INFO] 日志实例已初始化...
[2020-04-12 16:49:56:588] [vo.logVo.LogVo.<init>] [INFO] 日志实例已初始化...
[2020-04-12 16:49:56:598] [vo.logVo.LogVo.<init>] [INFO] 日志实例已初始化...
[2020-04-12 16:49:56:608] [vo.logVo.LogVo.<init>] [INFO] 日志实例已初始化...
[2020-04-12 16:49:56:619] [vo.logVo.LogVo.<init>] [INFO] 日志实例已初始化...
[2020-04-12 16:49:56:630] [vo.logVo.LogVo.<init>] [INFO] 日志实例已初始化...
[2020-04-12 16:49:56:642] [vo.logVo.LogVo.<init>] [INFO] 日志实例已初始化...
[2020-04-12 16:49:56:656] [vo.logVo.LogVo.<init>] [INFO] 日志实例已初始化...
[2020-04-12 16:49:56:666] [vo.logVo.LogVo.<init>] [INFO] 日志实例已初始化...
[2020-04-12 16:49:56:676] [vo.logVo.LogVo.<init>] [INFO] 日志实例已初始化...
[2020-04-12 16:49:56:689] [vo.logVo.LogVo.<init>] [INFO] 日志实例已初始化...
[2020-04-12 16:49:56:700] [vo.logVo.LogVo.<init>] [INFO] 日志实例已初始化...
[2020-04-12 16:49:56:709] [vo.logVo.LogVo.<init>] [INFO] 日志实例已初始化...
[2020-04-12 16:49:56:721] [vo.logVo.LogVo.<init>] [INFO] 日志实例已初始化...
[2020-04-12 16:49:56:733] [vo.logVo.LogVo.<init>] [INFO] 日志实例已初始化...
[2020-04-12 16:49:56:744] [vo.logVo.LogVo.<init>] [INFO] 日志实例已初始化...
[2020-04-12 16:49:56:755] [vo.logVo.LogVo.<init>] [INFO] 日志实例已初始化...
[2020-04-12 16:49:56:765] [vo.logVo.LogVo.<init>] [INFO] 日志实例已初始化...
[2020-04-12 16:49:56:776] [vo.logVo.LogVo.<init>] [INFO] 日志实例已初始化...
[2020-04-12 16:49:56:786] [vo.logVo.LogVo.<init>] [INFO] 日志实例已初始化...
[2020-04-12 16:49:56:795] [vo.logVo.LogVo.<init>] [INFO] 日志实例已初始化...
[2020-04-12 16:49:56:806] [vo.logVo.LogVo.<init>] [INFO] 日志实例已初始化...
[2020-04-12 16:49:56:820] [vo.logVo.LogVo.<init>] [INFO] 日志实例已初始化...
[2020-04-12 16:49:56:832] [vo.logVo.LogVo.<init>] [INFO] 日志实例已初始化...
[2020-04-12 16:49:56:843] [vo.logVo.LogVo.<init>] [INFO] 日志实例已初始化...
[2020-04-12 16:49:56:854] [vo.logVo.LogVo.<init>] [INFO] 日志实例已初始化...
[2020-04-12 16:49:56:864] [vo.logVo.LogVo.<init>] [INFO] 日志实例已初始化...
[2020-04-12 16:49:56:873] [vo.logVo.LogVo.<init>] [INFO] 日志实例已初始化...
[2020-04-12 16:49:56:882] [vo.logVo.LogVo.<init>] [INFO] 日志实例已初始化...
[2020-04-12 16:49:56:892] [vo.logVo.LogVo.<init>] [INFO] 日志实例已初始化...
[2020-04-12 16:49:56:902] [vo.logVo.LogVo.<init>] [INFO] 日志实例已初始化...
[2020-04-12 16:49:56:913] [vo.logVo.LogVo.<init>] [INFO] 日志实例已初始化...
[2020-04-12 16:49:56:923] [vo.logVo.LogVo.<init>] [INFO] 日志实例已初始化...
[2020-04-12 16:49:56:933] [vo.logVo.LogVo.<init>] [INFO] 日志实例已初始化...
[2020-04-12 16:49:56:944] [vo.logVo.LogVo.<init>] [INFO] 日志实例已初始化...
[2020-04-12 16:49:56:954] [vo.logVo.LogVo.<init>] [INFO] 日志实例已初始化...
[2020-04-12 16:49:56:963] [vo.logVo.LogVo.<init>] [INFO] 日志实例已初始化...
[2020-04-12 16:49:56:973] [vo.logVo.LogVo.<init>] [INFO] 日志实例已初始化...
[2020-04-12 16:49:56:983] [vo.logVo.LogVo.<init>] [INFO] 日志实例已初始化...
[2020-04-12 16:49:56:993] [vo.logVo.LogVo.<init>] [INFO] 日志实例已初始化...
[2020-04-12 16:49:57:003] [vo.logVo.LogVo.<init>] [INFO] 日志实例已初始化...
[2020-04-12 16:49:57:015] [vo.logVo.LogVo.<init>] [INFO] 日志实例已初始化...
[2020-04-12 16:49:57:026] [vo.logVo.LogVo.<init>] [INFO] 日志实例已初始化...
[2020-04-12 16:49:57:037] [vo.logVo.LogVo.<init>] [INFO] 日志实例已初始化...
[2020-04-12 16:49:57:047] [vo.logVo.LogVo.<init>] [INFO] 日志实例已初始化...
[2020-04-12 16:49:57:057] [vo.logVo.LogVo.<init>] [INFO] 日志实例已初始化...
[2020-04-12 16:49:57:069] [vo.logVo.LogVo.<init>] [INFO] 日志实例已初始化...
[2020-04-12 16:49:57:084] [vo.logVo.LogVo.<init>] [INFO] 日志实例已初始化...
[2020-04-12 16:49:57:097] [vo.logVo.LogVo.<init>] [INFO] 日志实例已初始化...
[2020-04-12 16:49:57:106] [vo.logVo.LogVo.<init>] [INFO] 日志实例已初始化...
[2020-04-12 16:49:57:118] [vo.logVo.LogVo.<init>] [INFO] 日志实例已初始化...
[2020-04-12 16:49:57:128] [vo.logVo.LogVo.<init>] [INFO] 日志实例已初始化...
[2020-04-12 16:49:57:139] [vo.logVo.LogVo.<init>] [INFO] 日志实例已初始化...
[2020-04-12 16:49:57:151] [vo.logVo.LogVo.<init>] [INFO] 日志实例已初始化...
[2020-04-12 16:49:57:161] [vo.logVo.LogVo.<init>] [INFO] 日志实例已初始化...
[2020-04-12 16:49:57:171] [vo.logVo.LogVo.<init>] [INFO] 日志实例已初始化...
[2020-04-12 16:49:57:181] [vo.logVo.LogVo.<init>] [INFO] 日志实例已初始化...
[2020-04-12 16:49:57:192] [vo.logVo.LogVo.<init>] [INFO] 日志实例已初始化...
[2020-04-12 16:49:57:202] [vo.logVo.LogVo.<init>] [INFO] 日志实例已初始化...
[2020-04-12 16:49:57:219] [vo.logVo.LogVo.<init>] [INFO] 日志实例已初始化...
[2020-04-12 16:49:57:230] [vo.logVo.LogVo.<init>] [INFO] 日志实例已初始化...
[2020-04-12 16:49:57:240] [vo.logVo.LogVo.<init>] [INFO] 日志实例已初始化...
[2020-04-12 16:49:57:253] [vo.logVo.LogVo.<init>] [INFO] 日志实例已初始化...
[2020-04-12 16:49:57:265] [vo.logVo.LogVo.<init>] [INFO] 日志实例已初始化...
[2020-04-12 16:49:57:277] [vo.logVo.LogVo.<init>] [INFO] 日志实例已初始化...
[2020-04-12 16:49:57:289] [vo.logVo.LogVo.<init>] [INFO] 日志实例已初始化...
[2020-04-12 16:49:57:300] [vo.logVo.LogVo.<init>] [INFO] 日志实例已初始化...
[2020-04-12 16:49:57:311] [vo.logVo.LogVo.<init>] [INFO] 日志实例已初始化...
[2020-04-12 16:49:57:322] [vo.logVo.LogVo.<init>] [INFO] 日志实例已初始化...
[2020-04-12 16:49:57:334] [vo.logVo.LogVo.<init>] [INFO] 日志实例已初始化...
[2020-04-12 16:49:57:344] [vo.logVo.LogVo.<init>] [INFO] 日志实例已初始化...
[2020-04-12 16:49:57:354] [vo.logVo.LogVo.<init>] [INFO] 日志实例已初始化...
[2020-04-12 16:49:57:364] [vo.logVo.LogVo.<init>] [INFO] 日志实例已初始化...
[2020-04-12 16:49:57:374] [vo.logVo.LogVo.<init>] [INFO] 日志实例已初始化...
[2020-04-12 16:49:57:386] [vo.logVo.LogVo.<init>] [INFO] 日志实例已初始化...
[2020-04-12 16:49:57:397] [vo.logVo.LogVo.<init>] [INFO] 日志实例已初始化...
[2020-04-12 16:49:57:407] [vo.logVo.LogVo.<init>] [INFO] 日志实例已初始化...
[2020-04-12 16:49:57:417] [vo.logVo.LogVo.<init>] [INFO] 日志实例已初始化...
[2020-04-12 16:49:57:427] [vo.logVo.LogVo.<init>] [INFO] 日志实例已初始化...
[2020-04-12 16:49:57:439] [vo.logVo.LogVo.<init>] [INFO] 日志实例已初始化...
[2020-04-12 16:49:57:450] [vo.logVo.LogVo.<init>] [INFO] 日志实例已初始化...
[2020-04-12 16:49:57:460] [vo.logVo.LogVo.<init>] [INFO] 日志实例已初始化...
[2020-04-12 16:49:57:470] [vo.logVo.LogVo.<init>] [INFO] 日志实例已初始化...
[2020-04-12 16:49:57:479] [vo.logVo.LogVo.<init>] [INFO] 日志实例已初始化...
[2020-04-12 16:49:57:491] [vo.logVo.LogVo.<init>] [INFO] 日志实例已初始化...
[2020-04-12 16:49:57:502] [vo.logVo.LogVo.<init>] [INFO] 日志实例已初始化...
[2020-04-12 16:49:57:512] [vo.logVo.LogVo.<init>] [INFO] 日志实例已初始化...
[2020-04-12 16:49:57:522] [vo.logVo.LogVo.<init>] [INFO] 日志实例已初始化...
[2020-04-12 16:49:57:534] [vo.logVo.LogVo.<init>] [INFO] 日志实例已初始化...
[2020-04-12 16:49:57:547] [vo.logVo.LogVo.<init>] [INFO] 日志实例已初始化...
[2020-04-12 16:49:57:560] [vo.logVo.LogVo.<init>] [INFO] 日志实例已初始化...
[2020-04-12 16:49:57:573] [vo.logVo.LogVo.<init>] [INFO] 日志实例已初始化...
[2020-04-12 16:49:57:584] [vo.logVo.LogVo.<init>] [INFO] 日志实例已初始化...
[2020-04-12 16:49:57:594] [vo.logVo.LogVo.<init>] [INFO] 日志实例已初始化...
[2020-04-12 16:49:57:604] [vo.logVo.LogVo.<init>] [INFO] 日志实例已初始化...
[2020-04-12 16:49:57:616] [vo.logVo.LogVo.<init>] [INFO] 日志实例已初始化...
[2020-04-12 16:49:57:628] [vo.logVo.LogVo.<init>] [INFO] 日志实例已初始化...
[2020-04-12 16:49:57:640] [vo.logVo.LogVo.<init>] [INFO] 日志实例已初始化...
[2020-04-12 16:49:57:651] [vo.logVo.LogVo.<init>] [INFO] 日志实例已初始化...
[2020-04-12 16:49:57:661] [vo.logVo.LogVo.<init>] [INFO] 日志实例已初始化...
[2020-04-12 16:49:57:672] [vo.logVo.LogVo.<init>] [INFO] 日志实例已初始化...
[2020-04-12 16:49:57:685] [vo.logVo.LogVo.<init>] [INFO] 日志实例已初始化...
[2020-04-12 16:49:57:694] [vo.logVo.LogVo.<init>] [INFO] 日志实例已初始化...
[2020-04-12 16:49:57:705] [vo.logVo.LogVo.<init>] [INFO] 日志实例已初始化...
[2020-04-12 16:49:57:717] [vo.logVo.LogVo.<init>] [INFO] 日志实例已初始化...
[2020-04-12 16:49:57:728] [vo.logVo.LogVo.<init>] [INFO] 日志实例已初始化...
[2020-04-12 16:49:57:740] [vo.logVo.LogVo.<init>] [INFO] 日志实例已初始化...
[2020-04-12 16:49:57:751] [vo.logVo.LogVo.<init>] [INFO] 日志实例已初始化...
[2020-04-12 16:49:57:762] [vo.logVo.LogVo.<init>] [INFO] 日志实例已初始化...
[2020-04-12 16:49:57:774] [vo.logVo.LogVo.<init>] [INFO] 日志实例已初始化...
[2020-04-12 16:49:57:789] [vo.logVo.LogVo.<init>] [INFO] 日志实例已初始化...
[2020-04-12 16:49:57:808] [vo.logVo.LogVo.<init>] [INFO] 日志实例已初始化...
[2020-04-12 16:49:57:822] [vo.logVo.LogVo.<init>] [INFO] 日志实例已初始化...
[2020-04-12 16:49:57:837] [vo.logVo.LogVo.<init>] [INFO] 日志实例已初始化...
[2020-04-12 16:49:57:851] [vo.logVo.LogVo.<init>] [INFO] 日志实例已初始化...
[2020-04-12 16:49:57:874] [vo.logVo.LogVo.<init>] [INFO] 日志实例已初始化...
[2020-04-12 16:49:57:890] [vo.logVo.LogVo.<init>] [INFO] 日志实例已初始化...
[2020-04-12 16:49:57:903] [vo.logVo.LogVo.<init>] [INFO] 日志实例已初始化...
[2020-04-12 16:49:57:914] [vo.logVo.LogVo.<init>] [INFO] 日志实例已初始化...
[2020-04-12 16:49:57:928] [vo.logVo.LogVo.<init>] [INFO] 日志实例已初始化...
[2020-04-12 16:49:57:949] [vo.logVo.LogVo.<init>] [INFO] 日志实例已初始化...
[2020-04-12 16:49:57:965] [vo.logVo.LogVo.<init>] [INFO] 日志实例已初始化...
[2020-04-12 16:49:57:978] [vo.logVo.LogVo.<init>] [INFO] 日志实例已初始化...
[2020-04-12 16:49:57:995] [vo.logVo.LogVo.<init>] [INFO] 日志实例已初始化...
[2020-04-12 16:49:58:013] [vo.logVo.LogVo.<init>] [INFO] 日志实例已初始化...
[2020-04-12 16:49:58:030] [vo.logVo.LogVo.<init>] [INFO] 日志实例已初始化...
[2020-04-12 16:49:58:047] [vo.logVo.LogVo.<init>] [INFO] 日志实例已初始化...
[2020-04-12 16:49:58:097] [vo.logVo.LogVo.<init>] [INFO] 日志实例已初始化...
[2020-04-12 16:49:58:121] [vo.logVo.LogVo.<init>] [INFO] 日志实例已初始化...
[2020-04-12 16:49:58:136] [vo.logVo.LogVo.<init>] [INFO] 日志实例已初始化...
[2020-04-12 16:49:58:151] [vo.logVo.LogVo.<init>] [INFO] 日志实例已初始化...
[2020-04-12 16:49:58:163] [vo.logVo.LogVo.<init>] [INFO] 日志实例已初始化...
[2020-04-12 16:49:58:175] [vo.logVo.LogVo.<init>] [INFO] 日志实例已初始化...
[2020-04-12 16:49:58:192] [vo.logVo.LogVo.<init>] [INFO] 日志实例已初始化...
[2020-04-12 16:49:58:205] [vo.logVo.LogVo.<init>] [INFO] 日志实例已初始化...
[2020-04-12 16:49:58:221] [vo.logVo.LogVo.<init>] [INFO] 日志实例已初始化...
[2020-04-12 16:49:58:236] [vo.logVo.LogVo.<init>] [INFO] 日志实例已初始化...
[2020-04-12 16:49:58:253] [vo.logVo.LogVo.<init>] [INFO] 日志实例已初始化...
[2020-04-12 16:49:58:270] [vo.logVo.LogVo.<init>] [INFO] 日志实例已初始化...
[2020-04-12 16:49:58:283] [vo.logVo.LogVo.<init>] [INFO] 日志实例已初始化...
[2020-04-12 16:49:58:299] [vo.logVo.LogVo.<init>] [INFO] 日志实例已初始化...
[2020-04-12 16:49:58:314] [vo.logVo.LogVo.<init>] [INFO] 日志实例已初始化...
[2020-04-12 16:49:58:324] [vo.logVo.LogVo.<init>] [INFO] 日志实例已初始化...
[2020-04-12 16:49:58:335] [vo.logVo.LogVo.<init>] [INFO] 日志实例已初始化...
[2020-04-12 16:49:58:346] [vo.logVo.LogVo.<init>] [INFO] 日志实例已初始化...
[2020-04-12 16:49:58:358] [vo.logVo.LogVo.<init>] [INFO] 日志实例已初始化...
[2020-04-12 16:49:58:369] [vo.logVo.LogVo.<init>] [INFO] 日志实例已初始化...
[2020-04-12 16:49:58:380] [vo.logVo.LogVo.<init>] [INFO] 日志实例已初始化...
[2020-04-12 16:49:58:390] [vo.logVo.LogVo.<init>] [INFO] 日志实例已初始化...
[2020-04-12 16:49:58:402] [vo.logVo.LogVo.<init>] [INFO] 日志实例已初始化...
[2020-04-12 16:49:58:414] [vo.logVo.LogVo.<init>] [INFO] 日志实例已初始化...
[2020-04-12 16:49:58:426] [vo.logVo.LogVo.<init>] [INFO] 日志实例已初始化...
[2020-04-12 16:49:58:437] [vo.logVo.LogVo.<init>] [INFO] 日志实例已初始化...
[2020-04-12 16:49:58:448] [vo.logVo.LogVo.<init>] [INFO] 日志实例已初始化...
[2020-04-12 16:49:58:458] [vo.logVo.LogVo.<init>] [INFO] 日志实例已初始化...
[2020-04-12 16:49:58:468] [vo.logVo.LogVo.<init>] [INFO] 日志实例已初始化...
[2020-04-12 16:49:58:478] [vo.logVo.LogVo.<init>] [INFO] 日志实例已初始化...
[2020-04-12 16:49:58:488] [vo.logVo.LogVo.<init>] [INFO] 日志实例已初始化...
[2020-04-12 16:49:58:498] [vo.logVo.LogVo.<init>] [INFO] 日志实例已初始化...
[2020-04-12 16:49:58:507] [vo.logVo.LogVo.<init>] [INFO] 日志实例已初始化...
[2020-04-12 16:49:58:516] [vo.logVo.LogVo.<init>] [INFO] 日志实例已初始化...
[2020-04-12 16:49:58:528] [vo.logVo.LogVo.<init>] [INFO] 日志实例已初始化...
[2020-04-12 16:49:58:542] [vo.logVo.LogVo.<init>] [INFO] 日志实例已初始化...
[2020-04-12 16:49:58:554] [vo.logVo.LogVo.<init>] [INFO] 日志实例已初始化...
[2020-04-12 16:49:58:565] [vo.logVo.LogVo.<init>] [INFO] 日志实例已初始化...
[2020-04-12 16:49:58:575] [vo.logVo.LogVo.<init>] [INFO] 日志实例已初始化...
[2020-04-12 16:49:58:586] [vo.logVo.LogVo.<init>] [INFO] 日志实例已初始化...
[2020-04-12 16:49:58:597] [vo.logVo.LogVo.<init>] [INFO] 日志实例已初始化...
[2020-04-12 16:49:58:611] [vo.logVo.LogVo.<init>] [INFO] 日志实例已初始化...
[2020-04-12 16:49:58:624] [vo.logVo.LogVo.<init>] [INFO] 日志实例已初始化...
[2020-04-12 16:49:58:636] [vo.logVo.LogVo.<init>] [INFO] 日志实例已初始化...
[2020-04-12 16:49:58:652] [vo.logVo.LogVo.<init>] [INFO] 日志实例已初始化...
[2020-04-12 16:49:58:666] [vo.logVo.LogVo.<init>] [INFO] 日志实例已初始化...
[2020-04-12 16:49:58:683] [vo.logVo.LogVo.<init>] [INFO] 日志实例已初始化...
[2020-04-12 16:49:58:698] [vo.logVo.LogVo.<init>] [INFO] 日志实例已初始化...
[2020-04-12 16:49:58:710] [vo.logVo.LogVo.<init>] [INFO] 日志实例已初始化...
[2020-04-12 16:49:58:724] [vo.logVo.LogVo.<init>] [INFO] 日志实例已初始化...
[2020-04-12 16:49:58:745] [vo.logVo.LogVo.<init>] [INFO] 日志实例已初始化...
[2020-04-12 16:49:58:760] [vo.logVo.LogVo.<init>] [INFO] 日志实例已初始化...
[2020-04-12 16:49:58:776] [vo.logVo.LogVo.<init>] [INFO] 日志实例已初始化...
[2020-04-12 16:49:58:788] [vo.logVo.LogVo.<init>] [INFO] 日志实例已初始化...
[2020-04-12 16:49:58:802] [vo.logVo.LogVo.<init>] [INFO] 日志实例已初始化...
[2020-04-12 16:49:58:818] [vo.logVo.LogVo.<init>] [INFO] 日志实例已初始化...
[2020-04-12 16:49:58:835] [vo.logVo.LogVo.<init>] [INFO] 日志实例已初始化...
[2020-04-12 16:49:58:851] [vo.logVo.LogVo.<init>] [INFO] 日志实例已初始化...
[2020-04-12 16:49:58:868] [vo.logVo.LogVo.<init>] [INFO] 日志实例已初始化...
[2020-04-12 16:49:58:881] [vo.logVo.LogVo.<init>] [INFO] 日志实例已初始化...
[2020-04-12 16:49:58:896] [vo.logVo.LogVo.<init>] [INFO] 日志实例已初始化...
[2020-04-12 16:49:58:912] [vo.logVo.LogVo.<init>] [INFO] 日志实例已初始化...
[2020-04-12 16:49:58:929] [vo.logVo.LogVo.<init>] [INFO] 日志实例已初始化...
[2020-04-12 16:49:58:942] [vo.logVo.LogVo.<init>] [INFO] 日志实例已初始化...
[2020-04-12 16:49:58:956] [vo.logVo.LogVo.<init>] [INFO] 日志实例已初始化...
[2020-04-12 16:49:58:971] [vo.logVo.LogVo.<init>] [INFO] 日志实例已初始化...
[2020-04-12 16:49:58:988] [vo.logVo.LogVo.<init>] [INFO] 日志实例已初始化...
[2020-04-12 16:49:59:003] [vo.logVo.LogVo.<init>] [INFO] 日志实例已初始化...
[2020-04-12 16:49:59:017] [vo.logVo.LogVo.<init>] [INFO] 日志实例已初始化...
[2020-04-12 16:49:59:030] [vo.logVo.LogVo.<init>] [INFO] 日志实例已初始化...
[2020-04-12 16:49:59:043] [vo.logVo.LogVo.<init>] [INFO] 日志实例已初始化...
[2020-04-12 16:49:59:061] [vo.logVo.LogVo.<init>] [INFO] 日志实例已初始化...
[2020-04-12 16:49:59:072] [vo.logVo.LogVo.<init>] [INFO] 日志实例已初始化...
[2020-04-12 16:49:59:084] [vo.logVo.LogVo.<init>] [INFO] 日志实例已初始化...
[2020-04-12 16:49:59:096] [vo.logVo.LogVo.<init>] [INFO] 日志实例已初始化...
[2020-04-12 16:49:59:113] [vo.logVo.LogVo.<init>] [INFO] 日志实例已初始化...
[2020-04-12 16:49:59:134] [vo.logVo.LogVo.<init>] [INFO] 日志实例已初始化...
[2020-04-12 16:49:59:149] [vo.logVo.LogVo.<init>] [INFO] 日志实例已初始化...
[2020-04-12 16:49:59:162] [vo.logVo.LogVo.<init>] [INFO] 日志实例已初始化...
[2020-04-12 16:49:59:171] [vo.logVo.LogVo.<init>] [INFO] 日志实例已初始化...
[2020-04-12 16:49:59:182] [vo.logVo.LogVo.<init>] [INFO] 日志实例已初始化...
[2020-04-12 16:49:59:193] [vo.logVo.LogVo.<init>] [INFO] 日志实例已初始化...
[2020-04-12 16:49:59:203] [vo.logVo.LogVo.<init>] [INFO] 日志实例已初始化...
[2020-04-12 16:49:59:215] [vo.logVo.LogVo.<init>] [INFO] 日志实例已初始化...
[2020-04-12 16:49:59:226] [vo.logVo.LogVo.<init>] [INFO] 日志实例已初始化...
[2020-04-12 16:49:59:239] [vo.logVo.LogVo.<init>] [INFO] 日志实例已初始化...
[2020-04-12 16:49:59:251] [vo.logVo.LogVo.<init>] [INFO] 日志实例已初始化...
[2020-04-12 16:49:59:263] [vo.logVo.LogVo.<init>] [INFO] 日志实例已初始化...
[2020-04-12 16:49:59:279] [vo.logVo.LogVo.<init>] [INFO] 日志实例已初始化...
[2020-04-12 16:49:59:289] [vo.logVo.LogVo.<init>] [INFO] 日志实例已初始化...
[2020-04-12 16:49:59:300] [vo.logVo.LogVo.<init>] [INFO] 日志实例已初始化...
[2020-04-12 16:49:59:313] [vo.logVo.LogVo.<init>] [INFO] 日志实例已初始化...
[2020-04-12 16:49:59:324] [vo.logVo.LogVo.<init>] [INFO] 日志实例已初始化...
[2020-04-12 16:49:59:336] [vo.logVo.LogVo.<init>] [INFO] 日志实例已初始化...
[2020-04-12 16:49:59:350] [vo.logVo.LogVo.<init>] [INFO] 日志实例已初始化...
[2020-04-12 16:49:59:361] [vo.logVo.LogVo.<init>] [INFO] 日志实例已初始化...
[2020-04-12 16:49:59:372] [vo.logVo.LogVo.<init>] [INFO] 日志实例已初始化...
[2020-04-12 16:49:59:382] [vo.logVo.LogVo.<init>] [INFO] 日志实例已初始化...
[2020-04-12 16:49:59:397] [vo.logVo.LogVo.<init>] [INFO] 日志实例已初始化...
[2020-04-12 16:49:59:415] [vo.logVo.LogVo.<init>] [INFO] 日志实例已初始化...
[2020-04-12 16:49:59:430] [vo.logVo.LogVo.<init>] [INFO] 日志实例已初始化...
[2020-04-12 16:49:59:443] [vo.logVo.LogVo.<init>] [INFO] 日志实例已初始化...
[2020-04-12 16:49:59:454] [vo.logVo.LogVo.<init>] [INFO] 日志实例已初始化...
[2020-04-12 16:49:59:464] [vo.logVo.LogVo.<init>] [INFO] 日志实例已初始化...
[2020-04-12 16:49:59:475] [vo.logVo.LogVo.<init>] [INFO] 日志实例已初始化...
[2020-04-12 16:49:59:488] [vo.logVo.LogVo.<init>] [INFO] 日志实例已初始化...
[2020-04-12 16:49:59:500] [vo.logVo.LogVo.<init>] [INFO] 日志实例已初始化...
[2020-04-12 16:49:59:511] [vo.logVo.LogVo.<init>] [INFO] 日志实例已初始化...
[2020-04-12 16:49:59:522] [vo.logVo.LogVo.<init>] [INFO] 日志实例已初始化...
[2020-04-12 16:49:59:532] [vo.logVo.LogVo.<init>] [INFO] 日志实例已初始化...
[2020-04-12 16:49:59:547] [vo.logVo.LogVo.<init>] [INFO] 日志实例已初始化...
[2020-04-12 16:49:59:558] [vo.logVo.LogVo.<init>] [INFO] 日志实例已初始化...
[2020-04-12 16:49:59:569] [vo.logVo.LogVo.<init>] [INFO] 日志实例已初始化...
[2020-04-12 16:49:59:579] [vo.logVo.LogVo.<init>] [INFO] 日志实例已初始化...
[2020-04-12 16:49:59:590] [vo.logVo.LogVo.<init>] [INFO] 日志实例已初始化...
[2020-04-12 16:49:59:599] [vo.logVo.LogVo.<init>] [INFO] 日志实例已初始化...
[2020-04-12 16:49:59:610] [vo.logVo.LogVo.<init>] [INFO] 日志实例已初始化...
[2020-04-12 16:49:59:625] [vo.logVo.LogVo.<init>] [INFO] 日志实例已初始化...
[2020-04-12 16:49:59:637] [vo.logVo.LogVo.<init>] [INFO] 日志实例已初始化...
[2020-04-12 16:49:59:647] [vo.logVo.LogVo.<init>] [INFO] 日志实例已初始化...
[2020-04-12 16:49:59:657] [vo.logVo.LogVo.<init>] [INFO] 日志实例已初始化...
[2020-04-12 16:49:59:671] [vo.logVo.LogVo.<init>] [INFO] 日志实例已初始化...
[2020-04-12 16:49:59:682] [vo.logVo.LogVo.<init>] [INFO] 日志实例已初始化...
[2020-04-12 16:49:59:694] [vo.logVo.LogVo.<init>] [INFO] 日志实例已初始化...
[2020-04-12 16:49:59:704] [vo.logVo.LogVo.<init>] [INFO] 日志实例已初始化...
[2020-04-12 16:49:59:718] [vo.logVo.LogVo.<init>] [INFO] 日志实例已初始化...
[2020-04-12 16:49:59:733] [vo.logVo.LogVo.<init>] [INFO] 日志实例已初始化...
[2020-04-12 16:49:59:749] [vo.logVo.LogVo.<init>] [INFO] 日志实例已初始化...
[2020-04-12 16:49:59:764] [vo.logVo.LogVo.<init>] [INFO] 日志实例已初始化...
[2020-04-12 16:49:59:774] [vo.logVo.LogVo.<init>] [INFO] 日志实例已初始化...
[2020-04-12 16:49:59:785] [vo.logVo.LogVo.<init>] [INFO] 日志实例已初始化...
[2020-04-12 16:49:59:796] [vo.logVo.LogVo.<init>] [INFO] 日志实例已初始化...
[2020-04-12 16:49:59:809] [vo.logVo.LogVo.<init>] [INFO] 日志实例已初始化...
[2020-04-12 16:49:59:825] [vo.logVo.LogVo.<init>] [INFO] 日志实例已初始化...
[2020-04-12 16:49:59:839] [vo.logVo.LogVo.<init>] [INFO] 日志实例已初始化...
[2020-04-12 16:49:59:855] [vo.logVo.LogVo.<init>] [INFO] 日志实例已初始化...
[2020-04-12 16:49:59:867] [vo.logVo.LogVo.<init>] [INFO] 日志实例已初始化...
[2020-04-12 16:49:59:879] [vo.logVo.LogVo.<init>] [INFO] 日志实例已初始化...
[2020-04-12 16:49:59:889] [vo.logVo.LogVo.<init>] [INFO] 日志实例已初始化...
[2020-04-12 16:49:59:903] [vo.logVo.LogVo.<init>] [INFO] 日志实例已初始化...
[2020-04-12 16:49:59:917] [vo.logVo.LogVo.<init>] [INFO] 日志实例已初始化...
[2020-04-12 16:49:59:928] [vo.logVo.LogVo.<init>] [INFO] 日志实例已初始化...
[2020-04-12 16:49:59:939] [vo.logVo.LogVo.<init>] [INFO] 日志实例已初始化...
[2020-04-12 16:49:59:950] [vo.logVo.LogVo.<init>] [INFO] 日志实例已初始化...
[2020-04-12 16:49:59:970] [vo.logVo.LogVo.<init>] [INFO] 日志实例已初始化...
[2020-04-12 16:49:59:994] [vo.logVo.LogVo.<init>] [INFO] 日志实例已初始化...
[2020-04-12 16:50:00:019] [vo.logVo.LogVo.<init>] [INFO] 日志实例已初始化...
[2020-04-12 16:50:00:031] [vo.logVo.LogVo.<init>] [INFO] 日志实例已初始化...
[2020-04-12 16:50:00:042] [vo.logVo.LogVo.<init>] [INFO] 日志实例已初始化...
[2020-04-12 16:50:00:055] [vo.logVo.LogVo.<init>] [INFO] 日志实例已初始化...
[2020-04-12 16:50:00:065] [vo.logVo.LogVo.<init>] [INFO] 日志实例已初始化...
[2020-04-12 16:50:00:076] [vo.logVo.LogVo.<init>] [INFO] 日志实例已初始化...
[2020-04-12 16:50:00:091] [vo.logVo.LogVo.<init>] [INFO] 日志实例已初始化...
[2020-04-12 16:50:00:111] [vo.logVo.LogVo.<init>] [INFO] 日志实例已初始化...
[2020-04-12 16:50:00:123] [vo.logVo.LogVo.<init>] [INFO] 日志实例已初始化...
[2020-04-12 16:50:00:137] [vo.logVo.LogVo.<init>] [INFO] 日志实例已初始化...
[2020-04-12 16:50:00:148] [vo.logVo.LogVo.<init>] [INFO] 日志实例已初始化...
[2020-04-12 16:50:00:159] [vo.logVo.LogVo.<init>] [INFO] 日志实例已初始化...
[2020-04-12 16:50:00:173] [vo.logVo.LogVo.<init>] [INFO] 日志实例已初始化...
[2020-04-12 16:50:00:185] [vo.logVo.LogVo.<init>] [INFO] 日志实例已初始化...
[2020-04-12 16:50:00:196] [vo.logVo.LogVo.<init>] [INFO] 日志实例已初始化...
[2020-04-12 16:50:00:208] [vo.logVo.LogVo.<init>] [INFO] 日志实例已初始化...
[2020-04-12 16:50:00:221] [vo.logVo.LogVo.<init>] [INFO] 日志实例已初始化...
[2020-04-12 16:50:00:234] [vo.logVo.LogVo.<init>] [INFO] 日志实例已初始化...
[2020-04-12 16:50:00:246] [vo.logVo.LogVo.<init>] [INFO] 日志实例已初始化...
[2020-04-12 16:50:00:256] [vo.logVo.LogVo.<init>] [INFO] 日志实例已初始化...
[2020-04-12 16:50:00:268] [vo.logVo.LogVo.<init>] [INFO] 日志实例已初始化...
[2020-04-12 16:50:00:281] [vo.logVo.LogVo.<init>] [INFO] 日志实例已初始化...
[2020-04-12 16:50:00:295] [vo.logVo.LogVo.<init>] [INFO] 日志实例已初始化...
[2020-04-12 16:50:00:307] [vo.logVo.LogVo.<init>] [INFO] 日志实例已初始化...
[2020-04-12 16:50:00:318] [vo.logVo.LogVo.<init>] [INFO] 日志实例已初始化...
[2020-04-12 16:50:00:329] [vo.logVo.LogVo.<init>] [INFO] 日志实例已初始化...
[2020-04-12 16:50:00:341] [vo.logVo.LogVo.<init>] [INFO] 日志实例已初始化...
[2020-04-12 16:50:00:352] [vo.logVo.LogVo.<init>] [INFO] 日志实例已初始化...
[2020-04-12 16:50:00:364] [vo.logVo.LogVo.<init>] [INFO] 日志实例已初始化...
[2020-04-12 16:50:00:378] [vo.logVo.LogVo.<init>] [INFO] 日志实例已初始化...
[2020-04-12 16:50:00:390] [vo.logVo.LogVo.<init>] [INFO] 日志实例已初始化...
[2020-04-12 16:50:00:401] [vo.logVo.LogVo.<init>] [INFO] 日志实例已初始化...
[2020-04-12 16:50:00:413] [vo.logVo.LogVo.<init>] [INFO] 日志实例已初始化...
[2020-04-12 16:50:00:424] [vo.logVo.LogVo.<init>] [INFO] 日志实例已初始化...
[2020-04-12 16:50:00:439] [vo.logVo.LogVo.<init>] [INFO] 日志实例已初始化...
[2020-04-12 16:50:00:450] [vo.logVo.LogVo.<init>] [INFO] 日志实例已初始化...
[2020-04-12 16:50:00:460] [vo.logVo.LogVo.<init>] [INFO] 日志实例已初始化...
[2020-04-12 16:50:00:470] [vo.logVo.LogVo.<init>] [INFO] 日志实例已初始化...
[2020-04-12 16:50:00:481] [vo.logVo.LogVo.<init>] [INFO] 日志实例已初始化...
[2020-04-12 16:50:00:492] [vo.logVo.LogVo.<init>] [INFO] 日志实例已初始化...
[2020-04-12 16:50:00:506] [vo.logVo.LogVo.<init>] [INFO] 日志实例已初始化...
[2020-04-12 16:50:00:517] [vo.logVo.LogVo.<init>] [INFO] 日志实例已初始化...
[2020-04-12 16:50:00:528] [vo.logVo.LogVo.<init>] [INFO] 日志实例已初始化...
[2020-04-12 16:50:00:539] [vo.logVo.LogVo.<init>] [INFO] 日志实例已初始化...
[2020-04-12 16:50:00:551] [vo.logVo.LogVo.<init>] [INFO] 日志实例已初始化...
[2020-04-12 16:50:00:562] [vo.logVo.LogVo.<init>] [INFO] 日志实例已初始化...
[2020-04-12 16:50:00:574] [vo.logVo.LogVo.<init>] [INFO] 日志实例已初始化...
[2020-04-12 16:50:00:586] [vo.logVo.LogVo.<init>] [INFO] 日志实例已初始化...
[2020-04-12 16:50:00:599] [vo.logVo.LogVo.<init>] [INFO] 日志实例已初始化...
[2020-04-12 16:50:00:608] [vo.logVo.LogVo.<init>] [INFO] 日志实例已初始化...
[2020-04-12 16:50:00:618] [vo.logVo.LogVo.<init>] [INFO] 日志实例已初始化...
[2020-04-12 16:50:00:628] [vo.logVo.LogVo.<init>] [INFO] 日志实例已初始化...
[2020-04-12 16:50:00:641] [vo.logVo.LogVo.<init>] [INFO] 日志实例已初始化...
[2020-04-12 16:50:00:653] [vo.logVo.LogVo.<init>] [INFO] 日志实例已初始化...
[2020-04-12 16:50:00:664] [vo.logVo.LogVo.<init>] [INFO] 日志实例已初始化...
[2020-04-12 16:50:00:674] [vo.logVo.LogVo.<init>] [INFO] 日志实例已初始化...
[2020-04-12 16:50:00:685] [vo.logVo.LogVo.<init>] [INFO] 日志实例已初始化...
[2020-04-12 16:50:00:698] [vo.logVo.LogVo.<init>] [INFO] 日志实例已初始化...
[2020-04-12 16:50:00:709] [vo.logVo.LogVo.<init>] [INFO] 日志实例已初始化...
[2020-04-12 16:50:00:720] [vo.logVo.LogVo.<init>] [INFO] 日志实例已初始化...
[2020-04-12 16:50:00:731] [vo.logVo.LogVo.<init>] [INFO] 日志实例已初始化...
[2020-04-12 16:50:00:740] [vo.logVo.LogVo.<init>] [INFO] 日志实例已初始化...
[2020-04-12 16:50:00:751] [vo.logVo.LogVo.<init>] [INFO] 日志实例已初始化...
[2020-04-12 16:50:00:762] [vo.logVo.LogVo.<init>] [INFO] 日志实例已初始化...
[2020-04-12 16:50:00:771] [vo.logVo.LogVo.<init>] [INFO] 日志实例已初始化...
[2020-04-12 16:50:00:781] [vo.logVo.LogVo.<init>] [INFO] 日志实例已初始化...
[2020-04-12 16:50:00:794] [vo.logVo.LogVo.<init>] [INFO] 日志实例已初始化...
[2020-04-12 16:50:02:788] [vo.logVo.LogVo.<init>] [INFO] 日志实例已初始化...
[2020-04-12 16:50:02:994] [vo.logVo.LogVo.<init>] [INFO] 日志实例已初始化...
[2020-04-12 16:50:26:820] [action.userAction.LoginAction.execute] [INFO] 该用户已登录，请稍后再试！
[2020-04-12 16:52:13:603] [util.MyApplicationContextAnnotion.<init>] [INFO] 获取上下文工具类初始化成功!
[2020-04-12 16:52:14:531] [aop.AnnotationCommenAop.<init>] [INFO] 注解式切面已初始化...
[2020-04-12 16:52:17:662] [vo.logVo.LogVo.<init>] [INFO] 日志实例已初始化...
[2020-04-12 16:52:18:465] [aop.ConfigCommenAop.<init>] [INFO] 切面已初始化...
[2020-04-12 16:52:18:524] [vo.logVo.LogVo.<init>] [INFO] 日志实例已初始化...
[2020-04-12 16:52:18:535] [webservice.WebServiceInterface.<init>] [INFO] spring管理web service1
[2020-04-12 16:53:20:426] [vo.logVo.LogVo.<init>] [INFO] 日志实例已初始化...
[2020-04-12 16:53:20:766] [vo.logVo.LogVo.<init>] [INFO] 日志实例已初始化...
[2020-04-12 16:53:20:776] [vo.logVo.LogVo.<init>] [INFO] 日志实例已初始化...
[2020-04-12 16:53:20:786] [vo.logVo.LogVo.<init>] [INFO] 日志实例已初始化...
[2020-04-12 16:53:20:797] [vo.logVo.LogVo.<init>] [INFO] 日志实例已初始化...
[2020-04-12 16:53:20:806] [vo.logVo.LogVo.<init>] [INFO] 日志实例已初始化...
[2020-04-12 16:53:20:816] [vo.logVo.LogVo.<init>] [INFO] 日志实例已初始化...
[2020-04-12 16:53:20:829] [vo.logVo.LogVo.<init>] [INFO] 日志实例已初始化...
[2020-04-12 16:53:20:839] [vo.logVo.LogVo.<init>] [INFO] 日志实例已初始化...
[2020-04-12 16:53:20:850] [vo.logVo.LogVo.<init>] [INFO] 日志实例已初始化...
[2020-04-12 16:53:20:862] [vo.logVo.LogVo.<init>] [INFO] 日志实例已初始化...
[2020-04-12 16:53:20:874] [vo.logVo.LogVo.<init>] [INFO] 日志实例已初始化...
[2020-04-12 16:53:20:888] [vo.logVo.LogVo.<init>] [INFO] 日志实例已初始化...
[2020-04-12 16:53:20:913] [vo.logVo.LogVo.<init>] [INFO] 日志实例已初始化...
[2020-04-12 16:53:20:923] [vo.logVo.LogVo.<init>] [INFO] 日志实例已初始化...
[2020-04-12 16:53:20:934] [vo.logVo.LogVo.<init>] [INFO] 日志实例已初始化...
[2020-04-12 16:53:20:966] [vo.logVo.LogVo.<init>] [INFO] 日志实例已初始化...
[2020-04-12 16:53:20:975] [vo.logVo.LogVo.<init>] [INFO] 日志实例已初始化...
[2020-04-12 16:53:20:985] [vo.logVo.LogVo.<init>] [INFO] 日志实例已初始化...
[2020-04-12 16:53:20:996] [vo.logVo.LogVo.<init>] [INFO] 日志实例已初始化...
[2020-04-12 16:53:21:005] [vo.logVo.LogVo.<init>] [INFO] 日志实例已初始化...
[2020-04-12 16:53:21:014] [vo.logVo.LogVo.<init>] [INFO] 日志实例已初始化...
[2020-04-12 16:53:21:027] [vo.logVo.LogVo.<init>] [INFO] 日志实例已初始化...
[2020-04-12 16:53:21:037] [vo.logVo.LogVo.<init>] [INFO] 日志实例已初始化...
[2020-04-12 16:53:21:048] [vo.logVo.LogVo.<init>] [INFO] 日志实例已初始化...
[2020-04-12 16:53:21:058] [vo.logVo.LogVo.<init>] [INFO] 日志实例已初始化...
[2020-04-12 16:53:21:068] [vo.logVo.LogVo.<init>] [INFO] 日志实例已初始化...
[2020-04-12 16:53:21:078] [vo.logVo.LogVo.<init>] [INFO] 日志实例已初始化...
[2020-04-12 16:53:21:093] [vo.logVo.LogVo.<init>] [INFO] 日志实例已初始化...
[2020-04-12 16:53:21:104] [vo.logVo.LogVo.<init>] [INFO] 日志实例已初始化...
[2020-04-12 16:53:21:114] [vo.logVo.LogVo.<init>] [INFO] 日志实例已初始化...
[2020-04-12 16:53:21:126] [vo.logVo.LogVo.<init>] [INFO] 日志实例已初始化...
[2020-04-12 16:53:21:139] [vo.logVo.LogVo.<init>] [INFO] 日志实例已初始化...
[2020-04-12 16:53:21:155] [vo.logVo.LogVo.<init>] [INFO] 日志实例已初始化...
[2020-04-12 16:53:21:171] [vo.logVo.LogVo.<init>] [INFO] 日志实例已初始化...
[2020-04-12 16:53:21:184] [vo.logVo.LogVo.<init>] [INFO] 日志实例已初始化...
[2020-04-12 16:53:21:196] [vo.logVo.LogVo.<init>] [INFO] 日志实例已初始化...
[2020-04-12 16:53:21:210] [vo.logVo.LogVo.<init>] [INFO] 日志实例已初始化...
[2020-04-12 16:53:21:225] [vo.logVo.LogVo.<init>] [INFO] 日志实例已初始化...
[2020-04-12 16:53:21:236] [vo.logVo.LogVo.<init>] [INFO] 日志实例已初始化...
[2020-04-12 16:53:21:250] [vo.logVo.LogVo.<init>] [INFO] 日志实例已初始化...
[2020-04-12 16:53:21:266] [vo.logVo.LogVo.<init>] [INFO] 日志实例已初始化...
[2020-04-12 16:53:21:283] [vo.logVo.LogVo.<init>] [INFO] 日志实例已初始化...
[2020-04-12 16:53:21:299] [vo.logVo.LogVo.<init>] [INFO] 日志实例已初始化...
[2020-04-12 16:53:21:312] [vo.logVo.LogVo.<init>] [INFO] 日志实例已初始化...
[2020-04-12 16:53:21:325] [vo.logVo.LogVo.<init>] [INFO] 日志实例已初始化...
[2020-04-12 16:53:21:342] [vo.logVo.LogVo.<init>] [INFO] 日志实例已初始化...
[2020-04-12 16:53:21:360] [vo.logVo.LogVo.<init>] [INFO] 日志实例已初始化...
[2020-04-12 16:53:21:374] [vo.logVo.LogVo.<init>] [INFO] 日志实例已初始化...
[2020-04-12 16:53:21:387] [vo.logVo.LogVo.<init>] [INFO] 日志实例已初始化...
[2020-04-12 16:53:21:401] [vo.logVo.LogVo.<init>] [INFO] 日志实例已初始化...
[2020-04-12 16:53:21:420] [vo.logVo.LogVo.<init>] [INFO] 日志实例已初始化...
[2020-04-12 16:53:21:436] [vo.logVo.LogVo.<init>] [INFO] 日志实例已初始化...
[2020-04-12 16:53:21:448] [vo.logVo.LogVo.<init>] [INFO] 日志实例已初始化...
[2020-04-12 16:53:21:460] [vo.logVo.LogVo.<init>] [INFO] 日志实例已初始化...
[2020-04-12 16:53:21:474] [vo.logVo.LogVo.<init>] [INFO] 日志实例已初始化...
[2020-04-12 16:53:21:490] [vo.logVo.LogVo.<init>] [INFO] 日志实例已初始化...
[2020-04-12 16:53:21:506] [vo.logVo.LogVo.<init>] [INFO] 日志实例已初始化...
[2020-04-12 16:53:21:523] [vo.logVo.LogVo.<init>] [INFO] 日志实例已初始化...
[2020-04-12 16:53:21:535] [vo.logVo.LogVo.<init>] [INFO] 日志实例已初始化...
[2020-04-12 16:53:21:549] [vo.logVo.LogVo.<init>] [INFO] 日志实例已初始化...
[2020-04-12 16:53:21:565] [vo.logVo.LogVo.<init>] [INFO] 日志实例已初始化...
[2020-04-12 16:53:21:585] [vo.logVo.LogVo.<init>] [INFO] 日志实例已初始化...
[2020-04-12 16:53:21:598] [vo.logVo.LogVo.<init>] [INFO] 日志实例已初始化...
[2020-04-12 16:53:21:607] [vo.logVo.LogVo.<init>] [INFO] 日志实例已初始化...
[2020-04-12 16:53:21:618] [vo.logVo.LogVo.<init>] [INFO] 日志实例已初始化...
[2020-04-12 16:53:21:629] [vo.logVo.LogVo.<init>] [INFO] 日志实例已初始化...
[2020-04-12 16:53:21:641] [vo.logVo.LogVo.<init>] [INFO] 日志实例已初始化...
[2020-04-12 16:53:21:655] [vo.logVo.LogVo.<init>] [INFO] 日志实例已初始化...
[2020-04-12 16:53:21:666] [vo.logVo.LogVo.<init>] [INFO] 日志实例已初始化...
[2020-04-12 16:53:21:677] [vo.logVo.LogVo.<init>] [INFO] 日志实例已初始化...
[2020-04-12 16:53:21:689] [vo.logVo.LogVo.<init>] [INFO] 日志实例已初始化...
[2020-04-12 16:53:21:698] [vo.logVo.LogVo.<init>] [INFO] 日志实例已初始化...
[2020-04-12 16:53:21:712] [vo.logVo.LogVo.<init>] [INFO] 日志实例已初始化...
[2020-04-12 16:53:21:724] [vo.logVo.LogVo.<init>] [INFO] 日志实例已初始化...
[2020-04-12 16:53:21:734] [vo.logVo.LogVo.<init>] [INFO] 日志实例已初始化...
[2020-04-12 16:53:21:744] [vo.logVo.LogVo.<init>] [INFO] 日志实例已初始化...
[2020-04-12 16:53:21:755] [vo.logVo.LogVo.<init>] [INFO] 日志实例已初始化...
[2020-04-12 16:53:21:767] [vo.logVo.LogVo.<init>] [INFO] 日志实例已初始化...
[2020-04-12 16:53:21:776] [vo.logVo.LogVo.<init>] [INFO] 日志实例已初始化...
[2020-04-12 16:53:21:786] [vo.logVo.LogVo.<init>] [INFO] 日志实例已初始化...
[2020-04-12 16:53:21:796] [vo.logVo.LogVo.<init>] [INFO] 日志实例已初始化...
[2020-04-12 16:53:21:806] [vo.logVo.LogVo.<init>] [INFO] 日志实例已初始化...
[2020-04-12 16:53:21:818] [vo.logVo.LogVo.<init>] [INFO] 日志实例已初始化...
[2020-04-12 16:53:21:832] [vo.logVo.LogVo.<init>] [INFO] 日志实例已初始化...
[2020-04-12 16:53:21:840] [vo.logVo.LogVo.<init>] [INFO] 日志实例已初始化...
[2020-04-12 16:53:21:842] [vo.logVo.LogVo.<init>] [INFO] 日志实例已初始化...
[2020-04-12 16:53:21:844] [vo.logVo.LogVo.<init>] [INFO] 日志实例已初始化...
[2020-04-12 16:53:21:846] [vo.logVo.LogVo.<init>] [INFO] 日志实例已初始化...
[2020-04-12 16:53:21:848] [vo.logVo.LogVo.<init>] [INFO] 日志实例已初始化...
[2020-04-12 16:53:21:849] [vo.logVo.LogVo.<init>] [INFO] 日志实例已初始化...
[2020-04-12 16:53:21:851] [vo.logVo.LogVo.<init>] [INFO] 日志实例已初始化...
[2020-04-12 16:53:21:853] [vo.logVo.LogVo.<init>] [INFO] 日志实例已初始化...
[2020-04-12 16:53:21:855] [vo.logVo.LogVo.<init>] [INFO] 日志实例已初始化...
[2020-04-12 16:53:21:856] [vo.logVo.LogVo.<init>] [INFO] 日志实例已初始化...
[2020-04-12 16:53:21:858] [vo.logVo.LogVo.<init>] [INFO] 日志实例已初始化...
[2020-04-12 16:53:21:859] [vo.logVo.LogVo.<init>] [INFO] 日志实例已初始化...
[2020-04-12 16:53:21:861] [vo.logVo.LogVo.<init>] [INFO] 日志实例已初始化...
[2020-04-12 16:53:21:863] [vo.logVo.LogVo.<init>] [INFO] 日志实例已初始化...
[2020-04-12 16:53:21:865] [vo.logVo.LogVo.<init>] [INFO] 日志实例已初始化...
[2020-04-12 16:53:21:867] [vo.logVo.LogVo.<init>] [INFO] 日志实例已初始化...
[2020-04-12 16:53:21:868] [vo.logVo.LogVo.<init>] [INFO] 日志实例已初始化...
[2020-04-12 16:53:21:870] [vo.logVo.LogVo.<init>] [INFO] 日志实例已初始化...
[2020-04-12 16:53:21:872] [vo.logVo.LogVo.<init>] [INFO] 日志实例已初始化...
[2020-04-12 16:53:21:876] [vo.logVo.LogVo.<init>] [INFO] 日志实例已初始化...
[2020-04-12 16:53:21:879] [vo.logVo.LogVo.<init>] [INFO] 日志实例已初始化...
[2020-04-12 16:53:21:881] [vo.logVo.LogVo.<init>] [INFO] 日志实例已初始化...
[2020-04-12 16:53:21:883] [vo.logVo.LogVo.<init>] [INFO] 日志实例已初始化...
[2020-04-12 16:53:21:885] [vo.logVo.LogVo.<init>] [INFO] 日志实例已初始化...
[2020-04-12 16:53:21:886] [vo.logVo.LogVo.<init>] [INFO] 日志实例已初始化...
[2020-04-12 16:53:21:888] [vo.logVo.LogVo.<init>] [INFO] 日志实例已初始化...
[2020-04-12 16:53:21:890] [vo.logVo.LogVo.<init>] [INFO] 日志实例已初始化...
[2020-04-12 16:53:21:892] [vo.logVo.LogVo.<init>] [INFO] 日志实例已初始化...
[2020-04-12 16:53:21:893] [vo.logVo.LogVo.<init>] [INFO] 日志实例已初始化...
[2020-04-12 16:53:21:896] [vo.logVo.LogVo.<init>] [INFO] 日志实例已初始化...
[2020-04-12 16:53:21:898] [vo.logVo.LogVo.<init>] [INFO] 日志实例已初始化...
[2020-04-12 16:53:21:900] [vo.logVo.LogVo.<init>] [INFO] 日志实例已初始化...
[2020-04-12 16:53:21:902] [vo.logVo.LogVo.<init>] [INFO] 日志实例已初始化...
[2020-04-12 16:53:21:904] [vo.logVo.LogVo.<init>] [INFO] 日志实例已初始化...
[2020-04-12 16:53:21:905] [vo.logVo.LogVo.<init>] [INFO] 日志实例已初始化...
[2020-04-12 16:53:21:907] [vo.logVo.LogVo.<init>] [INFO] 日志实例已初始化...
[2020-04-12 16:53:21:909] [vo.logVo.LogVo.<init>] [INFO] 日志实例已初始化...
[2020-04-12 16:53:21:911] [vo.logVo.LogVo.<init>] [INFO] 日志实例已初始化...
[2020-04-12 16:53:21:913] [vo.logVo.LogVo.<init>] [INFO] 日志实例已初始化...
[2020-04-12 16:53:21:916] [vo.logVo.LogVo.<init>] [INFO] 日志实例已初始化...
[2020-04-12 16:53:21:917] [vo.logVo.LogVo.<init>] [INFO] 日志实例已初始化...
[2020-04-12 16:53:21:919] [vo.logVo.LogVo.<init>] [INFO] 日志实例已初始化...
[2020-04-12 16:53:21:921] [vo.logVo.LogVo.<init>] [INFO] 日志实例已初始化...
[2020-04-12 16:53:21:922] [vo.logVo.LogVo.<init>] [INFO] 日志实例已初始化...
[2020-04-12 16:53:21:924] [vo.logVo.LogVo.<init>] [INFO] 日志实例已初始化...
[2020-04-12 16:53:21:926] [vo.logVo.LogVo.<init>] [INFO] 日志实例已初始化...
[2020-04-12 16:53:21:931] [vo.logVo.LogVo.<init>] [INFO] 日志实例已初始化...
[2020-04-12 16:53:21:933] [vo.logVo.LogVo.<init>] [INFO] 日志实例已初始化...
[2020-04-12 16:53:21:935] [vo.logVo.LogVo.<init>] [INFO] 日志实例已初始化...
[2020-04-12 16:53:21:937] [vo.logVo.LogVo.<init>] [INFO] 日志实例已初始化...
[2020-04-12 16:53:21:939] [vo.logVo.LogVo.<init>] [INFO] 日志实例已初始化...
[2020-04-12 16:53:21:941] [vo.logVo.LogVo.<init>] [INFO] 日志实例已初始化...
[2020-04-12 16:53:21:942] [vo.logVo.LogVo.<init>] [INFO] 日志实例已初始化...
[2020-04-12 16:53:21:944] [vo.logVo.LogVo.<init>] [INFO] 日志实例已初始化...
[2020-04-12 16:53:21:946] [vo.logVo.LogVo.<init>] [INFO] 日志实例已初始化...
[2020-04-12 16:53:21:948] [vo.logVo.LogVo.<init>] [INFO] 日志实例已初始化...
[2020-04-12 16:53:21:950] [vo.logVo.LogVo.<init>] [INFO] 日志实例已初始化...
[2020-04-12 16:53:21:952] [vo.logVo.LogVo.<init>] [INFO] 日志实例已初始化...
[2020-04-12 16:53:21:954] [vo.logVo.LogVo.<init>] [INFO] 日志实例已初始化...
[2020-04-12 16:53:21:956] [vo.logVo.LogVo.<init>] [INFO] 日志实例已初始化...
[2020-04-12 16:53:21:959] [vo.logVo.LogVo.<init>] [INFO] 日志实例已初始化...
[2020-04-12 16:53:21:961] [vo.logVo.LogVo.<init>] [INFO] 日志实例已初始化...
[2020-04-12 16:53:21:964] [vo.logVo.LogVo.<init>] [INFO] 日志实例已初始化...
[2020-04-12 16:53:21:965] [vo.logVo.LogVo.<init>] [INFO] 日志实例已初始化...
[2020-04-12 16:53:21:967] [vo.logVo.LogVo.<init>] [INFO] 日志实例已初始化...
[2020-04-12 16:53:21:969] [vo.logVo.LogVo.<init>] [INFO] 日志实例已初始化...
[2020-04-12 16:53:21:970] [vo.logVo.LogVo.<init>] [INFO] 日志实例已初始化...
[2020-04-12 16:53:21:972] [vo.logVo.LogVo.<init>] [INFO] 日志实例已初始化...
[2020-04-12 16:53:21:973] [vo.logVo.LogVo.<init>] [INFO] 日志实例已初始化...
[2020-04-12 16:53:21:975] [vo.logVo.LogVo.<init>] [INFO] 日志实例已初始化...
[2020-04-12 16:53:21:976] [vo.logVo.LogVo.<init>] [INFO] 日志实例已初始化...
[2020-04-12 16:53:21:979] [vo.logVo.LogVo.<init>] [INFO] 日志实例已初始化...
[2020-04-12 16:53:21:981] [vo.logVo.LogVo.<init>] [INFO] 日志实例已初始化...
[2020-04-12 16:53:21:984] [vo.logVo.LogVo.<init>] [INFO] 日志实例已初始化...
[2020-04-12 16:53:21:986] [vo.logVo.LogVo.<init>] [INFO] 日志实例已初始化...
[2020-04-12 16:53:21:988] [vo.logVo.LogVo.<init>] [INFO] 日志实例已初始化...
[2020-04-12 16:53:21:990] [vo.logVo.LogVo.<init>] [INFO] 日志实例已初始化...
[2020-04-12 16:53:21:992] [vo.logVo.LogVo.<init>] [INFO] 日志实例已初始化...
[2020-04-12 16:53:21:995] [vo.logVo.LogVo.<init>] [INFO] 日志实例已初始化...
[2020-04-12 16:53:21:997] [vo.logVo.LogVo.<init>] [INFO] 日志实例已初始化...
[2020-04-12 16:53:22:000] [vo.logVo.LogVo.<init>] [INFO] 日志实例已初始化...
[2020-04-12 16:53:22:002] [vo.logVo.LogVo.<init>] [INFO] 日志实例已初始化...
[2020-04-12 16:53:22:004] [vo.logVo.LogVo.<init>] [INFO] 日志实例已初始化...
[2020-04-12 16:53:22:006] [vo.logVo.LogVo.<init>] [INFO] 日志实例已初始化...
[2020-04-12 16:53:22:007] [vo.logVo.LogVo.<init>] [INFO] 日志实例已初始化...
[2020-04-12 16:53:22:009] [vo.logVo.LogVo.<init>] [INFO] 日志实例已初始化...
[2020-04-12 16:53:22:012] [vo.logVo.LogVo.<init>] [INFO] 日志实例已初始化...
[2020-04-12 16:53:22:014] [vo.logVo.LogVo.<init>] [INFO] 日志实例已初始化...
[2020-04-12 16:53:22:015] [vo.logVo.LogVo.<init>] [INFO] 日志实例已初始化...
[2020-04-12 16:53:22:017] [vo.logVo.LogVo.<init>] [INFO] 日志实例已初始化...
[2020-04-12 16:53:22:019] [vo.logVo.LogVo.<init>] [INFO] 日志实例已初始化...
[2020-04-12 16:53:22:021] [vo.logVo.LogVo.<init>] [INFO] 日志实例已初始化...
[2020-04-12 16:53:22:023] [vo.logVo.LogVo.<init>] [INFO] 日志实例已初始化...
[2020-04-12 16:53:22:025] [vo.logVo.LogVo.<init>] [INFO] 日志实例已初始化...
[2020-04-12 16:53:22:026] [vo.logVo.LogVo.<init>] [INFO] 日志实例已初始化...
[2020-04-12 16:53:22:028] [vo.logVo.LogVo.<init>] [INFO] 日志实例已初始化...
[2020-04-12 16:53:22:030] [vo.logVo.LogVo.<init>] [INFO] 日志实例已初始化...
[2020-04-12 16:53:22:033] [vo.logVo.LogVo.<init>] [INFO] 日志实例已初始化...
[2020-04-12 16:53:22:035] [vo.logVo.LogVo.<init>] [INFO] 日志实例已初始化...
[2020-04-12 16:53:22:038] [vo.logVo.LogVo.<init>] [INFO] 日志实例已初始化...
[2020-04-12 16:53:22:041] [vo.logVo.LogVo.<init>] [INFO] 日志实例已初始化...
[2020-04-12 16:53:22:044] [vo.logVo.LogVo.<init>] [INFO] 日志实例已初始化...
[2020-04-12 16:53:22:046] [vo.logVo.LogVo.<init>] [INFO] 日志实例已初始化...
[2020-04-12 16:53:22:049] [vo.logVo.LogVo.<init>] [INFO] 日志实例已初始化...
[2020-04-12 16:53:22:051] [vo.logVo.LogVo.<init>] [INFO] 日志实例已初始化...
[2020-04-12 16:53:22:054] [vo.logVo.LogVo.<init>] [INFO] 日志实例已初始化...
[2020-04-12 16:53:22:056] [vo.logVo.LogVo.<init>] [INFO] 日志实例已初始化...
[2020-04-12 16:53:22:058] [vo.logVo.LogVo.<init>] [INFO] 日志实例已初始化...
[2020-04-12 16:53:22:060] [vo.logVo.LogVo.<init>] [INFO] 日志实例已初始化...
[2020-04-12 16:53:22:062] [vo.logVo.LogVo.<init>] [INFO] 日志实例已初始化...
[2020-04-12 16:53:22:064] [vo.logVo.LogVo.<init>] [INFO] 日志实例已初始化...
[2020-04-12 16:53:22:066] [vo.logVo.LogVo.<init>] [INFO] 日志实例已初始化...
[2020-04-12 16:53:22:068] [vo.logVo.LogVo.<init>] [INFO] 日志实例已初始化...
[2020-04-12 16:53:22:070] [vo.logVo.LogVo.<init>] [INFO] 日志实例已初始化...
[2020-04-12 16:53:22:072] [vo.logVo.LogVo.<init>] [INFO] 日志实例已初始化...
[2020-04-12 16:53:22:074] [vo.logVo.LogVo.<init>] [INFO] 日志实例已初始化...
[2020-04-12 16:53:22:075] [vo.logVo.LogVo.<init>] [INFO] 日志实例已初始化...
[2020-04-12 16:53:22:077] [vo.logVo.LogVo.<init>] [INFO] 日志实例已初始化...
[2020-04-12 16:53:22:080] [vo.logVo.LogVo.<init>] [INFO] 日志实例已初始化...
[2020-04-12 16:53:22:083] [vo.logVo.LogVo.<init>] [INFO] 日志实例已初始化...
[2020-04-12 16:53:22:086] [vo.logVo.LogVo.<init>] [INFO] 日志实例已初始化...
[2020-04-12 16:53:22:089] [vo.logVo.LogVo.<init>] [INFO] 日志实例已初始化...
[2020-04-12 16:53:22:092] [vo.logVo.LogVo.<init>] [INFO] 日志实例已初始化...
[2020-04-12 16:53:22:095] [vo.logVo.LogVo.<init>] [INFO] 日志实例已初始化...
[2020-04-12 16:53:22:097] [vo.logVo.LogVo.<init>] [INFO] 日志实例已初始化...
[2020-04-12 16:53:22:099] [vo.logVo.LogVo.<init>] [INFO] 日志实例已初始化...
[2020-04-12 16:53:22:101] [vo.logVo.LogVo.<init>] [INFO] 日志实例已初始化...
[2020-04-12 16:53:22:102] [vo.logVo.LogVo.<init>] [INFO] 日志实例已初始化...
[2020-04-12 16:53:22:104] [vo.logVo.LogVo.<init>] [INFO] 日志实例已初始化...
[2020-04-12 16:53:22:106] [vo.logVo.LogVo.<init>] [INFO] 日志实例已初始化...
[2020-04-12 16:53:22:108] [vo.logVo.LogVo.<init>] [INFO] 日志实例已初始化...
[2020-04-12 16:53:22:110] [vo.logVo.LogVo.<init>] [INFO] 日志实例已初始化...
[2020-04-12 16:53:22:111] [vo.logVo.LogVo.<init>] [INFO] 日志实例已初始化...
[2020-04-12 16:53:22:113] [vo.logVo.LogVo.<init>] [INFO] 日志实例已初始化...
[2020-04-12 16:53:22:115] [vo.logVo.LogVo.<init>] [INFO] 日志实例已初始化...
[2020-04-12 16:53:22:117] [vo.logVo.LogVo.<init>] [INFO] 日志实例已初始化...
[2020-04-12 16:53:22:119] [vo.logVo.LogVo.<init>] [INFO] 日志实例已初始化...
[2020-04-12 16:53:22:122] [vo.logVo.LogVo.<init>] [INFO] 日志实例已初始化...
[2020-04-12 16:53:22:125] [vo.logVo.LogVo.<init>] [INFO] 日志实例已初始化...
[2020-04-12 16:53:22:127] [vo.logVo.LogVo.<init>] [INFO] 日志实例已初始化...
[2020-04-12 16:53:22:129] [vo.logVo.LogVo.<init>] [INFO] 日志实例已初始化...
[2020-04-12 16:53:22:131] [vo.logVo.LogVo.<init>] [INFO] 日志实例已初始化...
[2020-04-12 16:53:22:133] [vo.logVo.LogVo.<init>] [INFO] 日志实例已初始化...
[2020-04-12 16:53:22:135] [vo.logVo.LogVo.<init>] [INFO] 日志实例已初始化...
[2020-04-12 16:53:22:136] [vo.logVo.LogVo.<init>] [INFO] 日志实例已初始化...
[2020-04-12 16:53:22:138] [vo.logVo.LogVo.<init>] [INFO] 日志实例已初始化...
[2020-04-12 16:53:22:140] [vo.logVo.LogVo.<init>] [INFO] 日志实例已初始化...
[2020-04-12 16:53:22:142] [vo.logVo.LogVo.<init>] [INFO] 日志实例已初始化...
[2020-04-12 16:53:22:145] [vo.logVo.LogVo.<init>] [INFO] 日志实例已初始化...
[2020-04-12 16:53:22:147] [vo.logVo.LogVo.<init>] [INFO] 日志实例已初始化...
[2020-04-12 16:53:22:149] [vo.logVo.LogVo.<init>] [INFO] 日志实例已初始化...
[2020-04-12 16:53:22:151] [vo.logVo.LogVo.<init>] [INFO] 日志实例已初始化...
[2020-04-12 16:53:22:154] [vo.logVo.LogVo.<init>] [INFO] 日志实例已初始化...
[2020-04-12 16:53:22:156] [vo.logVo.LogVo.<init>] [INFO] 日志实例已初始化...
[2020-04-12 16:53:22:159] [vo.logVo.LogVo.<init>] [INFO] 日志实例已初始化...
[2020-04-12 16:53:22:163] [vo.logVo.LogVo.<init>] [INFO] 日志实例已初始化...
[2020-04-12 16:53:22:165] [vo.logVo.LogVo.<init>] [INFO] 日志实例已初始化...
[2020-04-12 16:53:22:167] [vo.logVo.LogVo.<init>] [INFO] 日志实例已初始化...
[2020-04-12 16:53:22:169] [vo.logVo.LogVo.<init>] [INFO] 日志实例已初始化...
[2020-04-12 16:53:22:171] [vo.logVo.LogVo.<init>] [INFO] 日志实例已初始化...
[2020-04-12 16:53:22:173] [vo.logVo.LogVo.<init>] [INFO] 日志实例已初始化...
[2020-04-12 16:53:22:174] [vo.logVo.LogVo.<init>] [INFO] 日志实例已初始化...
[2020-04-12 16:53:22:176] [vo.logVo.LogVo.<init>] [INFO] 日志实例已初始化...
[2020-04-12 16:53:22:178] [vo.logVo.LogVo.<init>] [INFO] 日志实例已初始化...
[2020-04-12 16:53:22:181] [vo.logVo.LogVo.<init>] [INFO] 日志实例已初始化...
[2020-04-12 16:53:22:183] [vo.logVo.LogVo.<init>] [INFO] 日志实例已初始化...
[2020-04-12 16:53:22:184] [vo.logVo.LogVo.<init>] [INFO] 日志实例已初始化...
[2020-04-12 16:53:22:186] [vo.logVo.LogVo.<init>] [INFO] 日志实例已初始化...
[2020-04-12 16:53:22:188] [vo.logVo.LogVo.<init>] [INFO] 日志实例已初始化...
[2020-04-12 16:53:22:189] [vo.logVo.LogVo.<init>] [INFO] 日志实例已初始化...
[2020-04-12 16:53:22:191] [vo.logVo.LogVo.<init>] [INFO] 日志实例已初始化...
[2020-04-12 16:53:22:193] [vo.logVo.LogVo.<init>] [INFO] 日志实例已初始化...
[2020-04-12 16:53:22:196] [vo.logVo.LogVo.<init>] [INFO] 日志实例已初始化...
[2020-04-12 16:53:22:197] [vo.logVo.LogVo.<init>] [INFO] 日志实例已初始化...
[2020-04-12 16:53:22:199] [vo.logVo.LogVo.<init>] [INFO] 日志实例已初始化...
[2020-04-12 16:53:22:202] [vo.logVo.LogVo.<init>] [INFO] 日志实例已初始化...
[2020-04-12 16:53:22:205] [vo.logVo.LogVo.<init>] [INFO] 日志实例已初始化...
[2020-04-12 16:53:22:209] [vo.logVo.LogVo.<init>] [INFO] 日志实例已初始化...
[2020-04-12 16:53:22:212] [vo.logVo.LogVo.<init>] [INFO] 日志实例已初始化...
[2020-04-12 16:53:22:215] [vo.logVo.LogVo.<init>] [INFO] 日志实例已初始化...
[2020-04-12 16:53:22:217] [vo.logVo.LogVo.<init>] [INFO] 日志实例已初始化...
[2020-04-12 16:53:22:219] [vo.logVo.LogVo.<init>] [INFO] 日志实例已初始化...
[2020-04-12 16:53:22:223] [vo.logVo.LogVo.<init>] [INFO] 日志实例已初始化...
[2020-04-12 16:53:22:225] [vo.logVo.LogVo.<init>] [INFO] 日志实例已初始化...
[2020-04-12 16:53:22:227] [vo.logVo.LogVo.<init>] [INFO] 日志实例已初始化...
[2020-04-12 16:53:22:230] [vo.logVo.LogVo.<init>] [INFO] 日志实例已初始化...
[2020-04-12 16:53:22:233] [vo.logVo.LogVo.<init>] [INFO] 日志实例已初始化...
[2020-04-12 16:53:22:235] [vo.logVo.LogVo.<init>] [INFO] 日志实例已初始化...
[2020-04-12 16:53:22:237] [vo.logVo.LogVo.<init>] [INFO] 日志实例已初始化...
[2020-04-12 16:53:22:239] [vo.logVo.LogVo.<init>] [INFO] 日志实例已初始化...
[2020-04-12 16:53:22:240] [vo.logVo.LogVo.<init>] [INFO] 日志实例已初始化...
[2020-04-12 16:53:22:242] [vo.logVo.LogVo.<init>] [INFO] 日志实例已初始化...
[2020-04-12 16:53:22:244] [vo.logVo.LogVo.<init>] [INFO] 日志实例已初始化...
[2020-04-12 16:53:22:247] [vo.logVo.LogVo.<init>] [INFO] 日志实例已初始化...
[2020-04-12 16:53:22:249] [vo.logVo.LogVo.<init>] [INFO] 日志实例已初始化...
[2020-04-12 16:53:22:251] [vo.logVo.LogVo.<init>] [INFO] 日志实例已初始化...
[2020-04-12 16:53:22:253] [vo.logVo.LogVo.<init>] [INFO] 日志实例已初始化...
[2020-04-12 16:53:22:254] [vo.logVo.LogVo.<init>] [INFO] 日志实例已初始化...
[2020-04-12 16:53:22:256] [vo.logVo.LogVo.<init>] [INFO] 日志实例已初始化...
[2020-04-12 16:53:22:258] [vo.logVo.LogVo.<init>] [INFO] 日志实例已初始化...
[2020-04-12 16:53:22:260] [vo.logVo.LogVo.<init>] [INFO] 日志实例已初始化...
[2020-04-12 16:53:22:262] [vo.logVo.LogVo.<init>] [INFO] 日志实例已初始化...
[2020-04-12 16:53:22:264] [vo.logVo.LogVo.<init>] [INFO] 日志实例已初始化...
[2020-04-12 16:53:22:266] [vo.logVo.LogVo.<init>] [INFO] 日志实例已初始化...
[2020-04-12 16:53:22:268] [vo.logVo.LogVo.<init>] [INFO] 日志实例已初始化...
[2020-04-12 16:53:22:270] [vo.logVo.LogVo.<init>] [INFO] 日志实例已初始化...
[2020-04-12 16:53:22:271] [vo.logVo.LogVo.<init>] [INFO] 日志实例已初始化...
[2020-04-12 16:53:22:273] [vo.logVo.LogVo.<init>] [INFO] 日志实例已初始化...
[2020-04-12 16:53:22:275] [vo.logVo.LogVo.<init>] [INFO] 日志实例已初始化...
[2020-04-12 16:53:22:276] [vo.logVo.LogVo.<init>] [INFO] 日志实例已初始化...
[2020-04-12 16:53:22:279] [vo.logVo.LogVo.<init>] [INFO] 日志实例已初始化...
[2020-04-12 16:53:22:281] [vo.logVo.LogVo.<init>] [INFO] 日志实例已初始化...
[2020-04-12 16:53:22:283] [vo.logVo.LogVo.<init>] [INFO] 日志实例已初始化...
[2020-04-12 16:53:22:284] [vo.logVo.LogVo.<init>] [INFO] 日志实例已初始化...
[2020-04-12 16:53:22:286] [vo.logVo.LogVo.<init>] [INFO] 日志实例已初始化...
[2020-04-12 16:53:22:287] [vo.logVo.LogVo.<init>] [INFO] 日志实例已初始化...
[2020-04-12 16:53:22:289] [vo.logVo.LogVo.<init>] [INFO] 日志实例已初始化...
[2020-04-12 16:53:22:292] [vo.logVo.LogVo.<init>] [INFO] 日志实例已初始化...
[2020-04-12 16:53:22:294] [vo.logVo.LogVo.<init>] [INFO] 日志实例已初始化...
[2020-04-12 16:53:22:296] [vo.logVo.LogVo.<init>] [INFO] 日志实例已初始化...
[2020-04-12 16:53:22:298] [vo.logVo.LogVo.<init>] [INFO] 日志实例已初始化...
[2020-04-12 16:53:22:301] [vo.logVo.LogVo.<init>] [INFO] 日志实例已初始化...
[2020-04-12 16:53:22:304] [vo.logVo.LogVo.<init>] [INFO] 日志实例已初始化...
[2020-04-12 16:53:22:306] [vo.logVo.LogVo.<init>] [INFO] 日志实例已初始化...
[2020-04-12 16:53:22:309] [vo.logVo.LogVo.<init>] [INFO] 日志实例已初始化...
[2020-04-12 16:53:22:311] [vo.logVo.LogVo.<init>] [INFO] 日志实例已初始化...
[2020-04-12 16:53:22:315] [vo.logVo.LogVo.<init>] [INFO] 日志实例已初始化...
[2020-04-12 16:53:22:317] [vo.logVo.LogVo.<init>] [INFO] 日志实例已初始化...
[2020-04-12 16:53:22:319] [vo.logVo.LogVo.<init>] [INFO] 日志实例已初始化...
[2020-04-12 16:53:22:321] [vo.logVo.LogVo.<init>] [INFO] 日志实例已初始化...
[2020-04-12 16:53:22:322] [vo.logVo.LogVo.<init>] [INFO] 日志实例已初始化...
[2020-04-12 16:53:22:324] [vo.logVo.LogVo.<init>] [INFO] 日志实例已初始化...
[2020-04-12 16:53:22:326] [vo.logVo.LogVo.<init>] [INFO] 日志实例已初始化...
[2020-04-12 16:53:22:328] [vo.logVo.LogVo.<init>] [INFO] 日志实例已初始化...
[2020-04-12 16:53:22:330] [vo.logVo.LogVo.<init>] [INFO] 日志实例已初始化...
[2020-04-12 16:53:22:332] [vo.logVo.LogVo.<init>] [INFO] 日志实例已初始化...
[2020-04-12 16:53:22:334] [vo.logVo.LogVo.<init>] [INFO] 日志实例已初始化...
[2020-04-12 16:53:22:337] [vo.logVo.LogVo.<init>] [INFO] 日志实例已初始化...
[2020-04-12 16:53:22:340] [vo.logVo.LogVo.<init>] [INFO] 日志实例已初始化...
[2020-04-12 16:53:22:341] [vo.logVo.LogVo.<init>] [INFO] 日志实例已初始化...
[2020-04-12 16:53:22:344] [vo.logVo.LogVo.<init>] [INFO] 日志实例已初始化...
[2020-04-12 16:53:22:346] [vo.logVo.LogVo.<init>] [INFO] 日志实例已初始化...
[2020-04-12 16:53:22:348] [vo.logVo.LogVo.<init>] [INFO] 日志实例已初始化...
[2020-04-12 16:53:22:350] [vo.logVo.LogVo.<init>] [INFO] 日志实例已初始化...
[2020-04-12 16:53:22:352] [vo.logVo.LogVo.<init>] [INFO] 日志实例已初始化...
[2020-04-12 16:53:22:354] [vo.logVo.LogVo.<init>] [INFO] 日志实例已初始化...
[2020-04-12 16:53:22:355] [vo.logVo.LogVo.<init>] [INFO] 日志实例已初始化...
[2020-04-12 16:53:22:357] [vo.logVo.LogVo.<init>] [INFO] 日志实例已初始化...
[2020-04-12 16:53:22:359] [vo.logVo.LogVo.<init>] [INFO] 日志实例已初始化...
[2020-04-12 16:53:22:361] [vo.logVo.LogVo.<init>] [INFO] 日志实例已初始化...
[2020-04-12 16:53:22:363] [vo.logVo.LogVo.<init>] [INFO] 日志实例已初始化...
[2020-04-12 16:53:22:365] [vo.logVo.LogVo.<init>] [INFO] 日志实例已初始化...
[2020-04-12 16:53:22:366] [vo.logVo.LogVo.<init>] [INFO] 日志实例已初始化...
[2020-04-12 16:53:22:369] [vo.logVo.LogVo.<init>] [INFO] 日志实例已初始化...
[2020-04-12 16:53:22:371] [vo.logVo.LogVo.<init>] [INFO] 日志实例已初始化...
[2020-04-12 16:53:22:374] [vo.logVo.LogVo.<init>] [INFO] 日志实例已初始化...
[2020-04-12 16:53:22:377] [vo.logVo.LogVo.<init>] [INFO] 日志实例已初始化...
[2020-04-12 16:53:22:379] [vo.logVo.LogVo.<init>] [INFO] 日志实例已初始化...
[2020-04-12 16:53:22:382] [vo.logVo.LogVo.<init>] [INFO] 日志实例已初始化...
[2020-04-12 16:53:22:384] [vo.logVo.LogVo.<init>] [INFO] 日志实例已初始化...
[2020-04-12 16:53:22:386] [vo.logVo.LogVo.<init>] [INFO] 日志实例已初始化...
[2020-04-12 16:53:22:388] [vo.logVo.LogVo.<init>] [INFO] 日志实例已初始化...
[2020-04-12 16:53:22:390] [vo.logVo.LogVo.<init>] [INFO] 日志实例已初始化...
[2020-04-12 16:53:22:392] [vo.logVo.LogVo.<init>] [INFO] 日志实例已初始化...
[2020-04-12 16:53:22:395] [vo.logVo.LogVo.<init>] [INFO] 日志实例已初始化...
[2020-04-12 16:53:22:397] [vo.logVo.LogVo.<init>] [INFO] 日志实例已初始化...
[2020-04-12 16:53:22:400] [vo.logVo.LogVo.<init>] [INFO] 日志实例已初始化...
[2020-04-12 16:53:22:401] [vo.logVo.LogVo.<init>] [INFO] 日志实例已初始化...
[2020-04-12 16:53:22:404] [vo.logVo.LogVo.<init>] [INFO] 日志实例已初始化...
[2020-04-12 16:53:22:405] [vo.logVo.LogVo.<init>] [INFO] 日志实例已初始化...
[2020-04-12 16:53:22:407] [vo.logVo.LogVo.<init>] [INFO] 日志实例已初始化...
[2020-04-12 16:53:22:409] [vo.logVo.LogVo.<init>] [INFO] 日志实例已初始化...
[2020-04-12 16:53:22:412] [vo.logVo.LogVo.<init>] [INFO] 日志实例已初始化...
[2020-04-12 16:53:22:414] [vo.logVo.LogVo.<init>] [INFO] 日志实例已初始化...
[2020-04-12 16:53:22:417] [vo.logVo.LogVo.<init>] [INFO] 日志实例已初始化...
[2020-04-12 16:53:22:419] [vo.logVo.LogVo.<init>] [INFO] 日志实例已初始化...
[2020-04-12 16:53:22:421] [vo.logVo.LogVo.<init>] [INFO] 日志实例已初始化...
[2020-04-12 16:53:22:422] [vo.logVo.LogVo.<init>] [INFO] 日志实例已初始化...
[2020-04-12 16:53:22:424] [vo.logVo.LogVo.<init>] [INFO] 日志实例已初始化...
[2020-04-12 16:53:22:426] [vo.logVo.LogVo.<init>] [INFO] 日志实例已初始化...
[2020-04-12 16:53:22:428] [vo.logVo.LogVo.<init>] [INFO] 日志实例已初始化...
[2020-04-12 16:53:22:430] [vo.logVo.LogVo.<init>] [INFO] 日志实例已初始化...
[2020-04-12 16:53:22:433] [vo.logVo.LogVo.<init>] [INFO] 日志实例已初始化...
[2020-04-12 16:53:22:435] [vo.logVo.LogVo.<init>] [INFO] 日志实例已初始化...
[2020-04-12 16:53:22:437] [vo.logVo.LogVo.<init>] [INFO] 日志实例已初始化...
[2020-04-12 16:53:22:439] [vo.logVo.LogVo.<init>] [INFO] 日志实例已初始化...
[2020-04-12 16:53:22:441] [vo.logVo.LogVo.<init>] [INFO] 日志实例已初始化...
[2020-04-12 16:53:22:443] [vo.logVo.LogVo.<init>] [INFO] 日志实例已初始化...
[2020-04-12 16:53:22:446] [vo.logVo.LogVo.<init>] [INFO] 日志实例已初始化...
[2020-04-12 16:53:22:449] [vo.logVo.LogVo.<init>] [INFO] 日志实例已初始化...
[2020-04-12 16:53:22:452] [vo.logVo.LogVo.<init>] [INFO] 日志实例已初始化...
[2020-04-12 16:53:22:455] [vo.logVo.LogVo.<init>] [INFO] 日志实例已初始化...
[2020-04-12 16:53:22:457] [vo.logVo.LogVo.<init>] [INFO] 日志实例已初始化...
[2020-04-12 16:53:22:460] [vo.logVo.LogVo.<init>] [INFO] 日志实例已初始化...
[2020-04-12 16:53:22:463] [vo.logVo.LogVo.<init>] [INFO] 日志实例已初始化...
[2020-04-12 16:53:22:466] [vo.logVo.LogVo.<init>] [INFO] 日志实例已初始化...
[2020-04-12 16:53:22:469] [vo.logVo.LogVo.<init>] [INFO] 日志实例已初始化...
[2020-04-12 16:53:22:472] [vo.logVo.LogVo.<init>] [INFO] 日志实例已初始化...
[2020-04-12 16:53:22:477] [vo.logVo.LogVo.<init>] [INFO] 日志实例已初始化...
[2020-04-12 16:53:22:483] [vo.logVo.LogVo.<init>] [INFO] 日志实例已初始化...
[2020-04-12 16:53:22:486] [vo.logVo.LogVo.<init>] [INFO] 日志实例已初始化...
[2020-04-12 16:53:22:491] [vo.logVo.LogVo.<init>] [INFO] 日志实例已初始化...
[2020-04-12 16:53:22:494] [vo.logVo.LogVo.<init>] [INFO] 日志实例已初始化...
[2020-04-12 16:53:22:499] [vo.logVo.LogVo.<init>] [INFO] 日志实例已初始化...
[2020-04-12 16:53:22:506] [vo.logVo.LogVo.<init>] [INFO] 日志实例已初始化...
[2020-04-12 16:53:22:512] [vo.logVo.LogVo.<init>] [INFO] 日志实例已初始化...
[2020-04-12 16:53:22:881] [vo.logVo.LogVo.<init>] [INFO] 日志实例已初始化...
[2020-04-12 16:53:23:022] [vo.logVo.LogVo.<init>] [INFO] 日志实例已初始化...
[2020-04-12 17:52:55:272] [util.MyApplicationContextAnnotion.<init>] [INFO] 获取上下文工具类初始化成功!
[2020-04-12 17:52:56:093] [aop.AnnotationCommenAop.<init>] [INFO] 注解式切面已初始化...
[2020-04-12 17:52:58:005] [vo.logVo.LogVo.<init>] [INFO] 日志实例已初始化...
[2020-04-12 17:52:58:466] [aop.ConfigCommenAop.<init>] [INFO] 切面已初始化...
[2020-04-12 17:52:58:501] [vo.logVo.LogVo.<init>] [INFO] 日志实例已初始化...
[2020-04-12 17:52:58:508] [webservice.WebServiceInterface.<init>] [INFO] spring管理web service1
[2020-04-12 17:55:13:922] [vo.logVo.LogVo.<init>] [INFO] 日志实例已初始化...
[2020-04-12 17:55:13:931] [vo.logVo.LogVo.<init>] [INFO] 日志实例已初始化...
[2020-04-12 17:55:13:932] [vo.logVo.LogVo.<init>] [INFO] 日志实例已初始化...
[2020-04-12 17:55:13:933] [vo.logVo.LogVo.<init>] [INFO] 日志实例已初始化...
[2020-04-12 17:55:13:934] [vo.logVo.LogVo.<init>] [INFO] 日志实例已初始化...
[2020-04-12 17:55:13:935] [vo.logVo.LogVo.<init>] [INFO] 日志实例已初始化...
[2020-04-12 17:55:13:936] [vo.logVo.LogVo.<init>] [INFO] 日志实例已初始化...
[2020-04-12 17:55:13:936] [vo.logVo.LogVo.<init>] [INFO] 日志实例已初始化...
[2020-04-12 17:55:13:937] [vo.logVo.LogVo.<init>] [INFO] 日志实例已初始化...
[2020-04-12 17:55:13:938] [vo.logVo.LogVo.<init>] [INFO] 日志实例已初始化...
[2020-04-12 17:55:13:939] [vo.logVo.LogVo.<init>] [INFO] 日志实例已初始化...
[2020-04-12 17:55:13:940] [vo.logVo.LogVo.<init>] [INFO] 日志实例已初始化...
[2020-04-12 17:55:13:941] [vo.logVo.LogVo.<init>] [INFO] 日志实例已初始化...
[2020-04-12 17:55:13:942] [vo.logVo.LogVo.<init>] [INFO] 日志实例已初始化...
[2020-04-12 17:55:13:944] [vo.logVo.LogVo.<init>] [INFO] 日志实例已初始化...
[2020-04-12 17:55:13:945] [vo.logVo.LogVo.<init>] [INFO] 日志实例已初始化...
[2020-04-12 17:55:13:948] [vo.logVo.LogVo.<init>] [INFO] 日志实例已初始化...
[2020-04-12 17:55:13:950] [vo.logVo.LogVo.<init>] [INFO] 日志实例已初始化...
[2020-04-12 17:55:13:950] [vo.logVo.LogVo.<init>] [INFO] 日志实例已初始化...
[2020-04-12 17:55:13:951] [vo.logVo.LogVo.<init>] [INFO] 日志实例已初始化...
[2020-04-12 17:55:13:952] [vo.logVo.LogVo.<init>] [INFO] 日志实例已初始化...
[2020-04-12 17:55:13:953] [vo.logVo.LogVo.<init>] [INFO] 日志实例已初始化...
[2020-04-12 17:55:13:954] [vo.logVo.LogVo.<init>] [INFO] 日志实例已初始化...
[2020-04-12 17:55:13:955] [vo.logVo.LogVo.<init>] [INFO] 日志实例已初始化...
[2020-04-12 17:55:13:956] [vo.logVo.LogVo.<init>] [INFO] 日志实例已初始化...
[2020-04-12 17:55:13:957] [vo.logVo.LogVo.<init>] [INFO] 日志实例已初始化...
[2020-04-12 17:55:13:958] [vo.logVo.LogVo.<init>] [INFO] 日志实例已初始化...
[2020-04-12 17:55:13:959] [vo.logVo.LogVo.<init>] [INFO] 日志实例已初始化...
[2020-04-12 17:55:13:960] [vo.logVo.LogVo.<init>] [INFO] 日志实例已初始化...
[2020-04-12 17:55:13:961] [vo.logVo.LogVo.<init>] [INFO] 日志实例已初始化...
[2020-04-12 17:55:13:962] [vo.logVo.LogVo.<init>] [INFO] 日志实例已初始化...
[2020-04-12 17:55:13:966] [vo.logVo.LogVo.<init>] [INFO] 日志实例已初始化...
[2020-04-12 17:55:13:967] [vo.logVo.LogVo.<init>] [INFO] 日志实例已初始化...
[2020-04-12 17:55:13:968] [vo.logVo.LogVo.<init>] [INFO] 日志实例已初始化...
[2020-04-12 17:55:13:969] [vo.logVo.LogVo.<init>] [INFO] 日志实例已初始化...
[2020-04-12 17:55:13:970] [vo.logVo.LogVo.<init>] [INFO] 日志实例已初始化...
[2020-04-12 17:55:13:971] [vo.logVo.LogVo.<init>] [INFO] 日志实例已初始化...
[2020-04-12 17:55:13:972] [vo.logVo.LogVo.<init>] [INFO] 日志实例已初始化...
[2020-04-12 17:55:13:973] [vo.logVo.LogVo.<init>] [INFO] 日志实例已初始化...
[2020-04-12 17:55:13:974] [vo.logVo.LogVo.<init>] [INFO] 日志实例已初始化...
[2020-04-12 17:55:13:975] [vo.logVo.LogVo.<init>] [INFO] 日志实例已初始化...
[2020-04-12 17:55:13:976] [vo.logVo.LogVo.<init>] [INFO] 日志实例已初始化...
[2020-04-12 17:55:13:978] [vo.logVo.LogVo.<init>] [INFO] 日志实例已初始化...
[2020-04-12 17:55:13:979] [vo.logVo.LogVo.<init>] [INFO] 日志实例已初始化...
[2020-04-12 17:55:13:981] [vo.logVo.LogVo.<init>] [INFO] 日志实例已初始化...
[2020-04-12 17:55:13:983] [vo.logVo.LogVo.<init>] [INFO] 日志实例已初始化...
[2020-04-12 17:55:13:984] [vo.logVo.LogVo.<init>] [INFO] 日志实例已初始化...
[2020-04-12 17:55:13:985] [vo.logVo.LogVo.<init>] [INFO] 日志实例已初始化...
[2020-04-12 17:55:13:986] [vo.logVo.LogVo.<init>] [INFO] 日志实例已初始化...
[2020-04-12 17:55:13:987] [vo.logVo.LogVo.<init>] [INFO] 日志实例已初始化...
[2020-04-12 17:55:13:988] [vo.logVo.LogVo.<init>] [INFO] 日志实例已初始化...
[2020-04-12 17:55:13:989] [vo.logVo.LogVo.<init>] [INFO] 日志实例已初始化...
[2020-04-12 17:55:13:990] [vo.logVo.LogVo.<init>] [INFO] 日志实例已初始化...
[2020-04-12 17:55:13:991] [vo.logVo.LogVo.<init>] [INFO] 日志实例已初始化...
[2020-04-12 17:55:13:993] [vo.logVo.LogVo.<init>] [INFO] 日志实例已初始化...
[2020-04-12 17:55:13:994] [vo.logVo.LogVo.<init>] [INFO] 日志实例已初始化...
[2020-04-12 17:55:13:995] [vo.logVo.LogVo.<init>] [INFO] 日志实例已初始化...
[2020-04-12 17:55:13:996] [vo.logVo.LogVo.<init>] [INFO] 日志实例已初始化...
[2020-04-12 17:55:13:998] [vo.logVo.LogVo.<init>] [INFO] 日志实例已初始化...
[2020-04-12 17:55:13:999] [vo.logVo.LogVo.<init>] [INFO] 日志实例已初始化...
[2020-04-12 17:55:14:000] [vo.logVo.LogVo.<init>] [INFO] 日志实例已初始化...
[2020-04-12 17:55:14:002] [vo.logVo.LogVo.<init>] [INFO] 日志实例已初始化...
[2020-04-12 17:55:14:003] [vo.logVo.LogVo.<init>] [INFO] 日志实例已初始化...
[2020-04-12 17:55:14:004] [vo.logVo.LogVo.<init>] [INFO] 日志实例已初始化...
[2020-04-12 17:55:14:005] [vo.logVo.LogVo.<init>] [INFO] 日志实例已初始化...
[2020-04-12 17:55:14:006] [vo.logVo.LogVo.<init>] [INFO] 日志实例已初始化...
[2020-04-12 17:55:14:007] [vo.logVo.LogVo.<init>] [INFO] 日志实例已初始化...
[2020-04-12 17:55:14:008] [vo.logVo.LogVo.<init>] [INFO] 日志实例已初始化...
[2020-04-12 17:55:14:008] [vo.logVo.LogVo.<init>] [INFO] 日志实例已初始化...
[2020-04-12 17:55:14:009] [vo.logVo.LogVo.<init>] [INFO] 日志实例已初始化...
[2020-04-12 17:55:14:010] [vo.logVo.LogVo.<init>] [INFO] 日志实例已初始化...
[2020-04-12 17:55:14:012] [vo.logVo.LogVo.<init>] [INFO] 日志实例已初始化...
[2020-04-12 17:55:14:014] [vo.logVo.LogVo.<init>] [INFO] 日志实例已初始化...
[2020-04-12 17:55:14:014] [vo.logVo.LogVo.<init>] [INFO] 日志实例已初始化...
[2020-04-12 17:55:14:015] [vo.logVo.LogVo.<init>] [INFO] 日志实例已初始化...
[2020-04-12 17:55:14:016] [vo.logVo.LogVo.<init>] [INFO] 日志实例已初始化...
[2020-04-12 17:55:14:018] [vo.logVo.LogVo.<init>] [INFO] 日志实例已初始化...
[2020-04-12 17:55:14:020] [vo.logVo.LogVo.<init>] [INFO] 日志实例已初始化...
[2020-04-12 17:55:14:021] [vo.logVo.LogVo.<init>] [INFO] 日志实例已初始化...
[2020-04-12 17:55:14:022] [vo.logVo.LogVo.<init>] [INFO] 日志实例已初始化...
[2020-04-12 17:55:14:023] [vo.logVo.LogVo.<init>] [INFO] 日志实例已初始化...
[2020-04-12 17:55:14:023] [vo.logVo.LogVo.<init>] [INFO] 日志实例已初始化...
[2020-04-12 17:55:14:024] [vo.logVo.LogVo.<init>] [INFO] 日志实例已初始化...
[2020-04-12 17:55:14:025] [vo.logVo.LogVo.<init>] [INFO] 日志实例已初始化...
[2020-04-12 17:55:14:026] [vo.logVo.LogVo.<init>] [INFO] 日志实例已初始化...
[2020-04-12 17:55:14:027] [vo.logVo.LogVo.<init>] [INFO] 日志实例已初始化...
[2020-04-12 17:55:14:028] [vo.logVo.LogVo.<init>] [INFO] 日志实例已初始化...
[2020-04-12 17:55:14:030] [vo.logVo.LogVo.<init>] [INFO] 日志实例已初始化...
[2020-04-12 17:55:14:031] [vo.logVo.LogVo.<init>] [INFO] 日志实例已初始化...
[2020-04-12 17:55:14:032] [vo.logVo.LogVo.<init>] [INFO] 日志实例已初始化...
[2020-04-12 17:55:14:032] [vo.logVo.LogVo.<init>] [INFO] 日志实例已初始化...
[2020-04-12 17:55:14:033] [vo.logVo.LogVo.<init>] [INFO] 日志实例已初始化...
[2020-04-12 17:55:14:034] [vo.logVo.LogVo.<init>] [INFO] 日志实例已初始化...
[2020-04-12 17:55:14:035] [vo.logVo.LogVo.<init>] [INFO] 日志实例已初始化...
[2020-04-12 17:55:14:035] [vo.logVo.LogVo.<init>] [INFO] 日志实例已初始化...
[2020-04-12 17:55:14:036] [vo.logVo.LogVo.<init>] [INFO] 日志实例已初始化...
[2020-04-12 17:55:14:036] [vo.logVo.LogVo.<init>] [INFO] 日志实例已初始化...
[2020-04-12 17:55:14:037] [vo.logVo.LogVo.<init>] [INFO] 日志实例已初始化...
[2020-04-12 17:55:14:038] [vo.logVo.LogVo.<init>] [INFO] 日志实例已初始化...
[2020-04-12 17:55:14:039] [vo.logVo.LogVo.<init>] [INFO] 日志实例已初始化...
[2020-04-12 17:55:14:040] [vo.logVo.LogVo.<init>] [INFO] 日志实例已初始化...
[2020-04-12 17:55:14:040] [vo.logVo.LogVo.<init>] [INFO] 日志实例已初始化...
[2020-04-12 17:55:14:041] [vo.logVo.LogVo.<init>] [INFO] 日志实例已初始化...
[2020-04-12 17:55:14:042] [vo.logVo.LogVo.<init>] [INFO] 日志实例已初始化...
[2020-04-12 17:55:14:043] [vo.logVo.LogVo.<init>] [INFO] 日志实例已初始化...
[2020-04-12 17:55:14:044] [vo.logVo.LogVo.<init>] [INFO] 日志实例已初始化...
[2020-04-12 17:55:14:044] [vo.logVo.LogVo.<init>] [INFO] 日志实例已初始化...
[2020-04-12 17:55:14:045] [vo.logVo.LogVo.<init>] [INFO] 日志实例已初始化...
[2020-04-12 17:55:14:045] [vo.logVo.LogVo.<init>] [INFO] 日志实例已初始化...
[2020-04-12 17:55:14:046] [vo.logVo.LogVo.<init>] [INFO] 日志实例已初始化...
[2020-04-12 17:55:14:047] [vo.logVo.LogVo.<init>] [INFO] 日志实例已初始化...
[2020-04-12 17:55:14:047] [vo.logVo.LogVo.<init>] [INFO] 日志实例已初始化...
[2020-04-12 17:55:14:048] [vo.logVo.LogVo.<init>] [INFO] 日志实例已初始化...
[2020-04-12 17:55:14:049] [vo.logVo.LogVo.<init>] [INFO] 日志实例已初始化...
[2020-04-12 17:55:14:049] [vo.logVo.LogVo.<init>] [INFO] 日志实例已初始化...
[2020-04-12 17:55:14:050] [vo.logVo.LogVo.<init>] [INFO] 日志实例已初始化...
[2020-04-12 17:55:14:050] [vo.logVo.LogVo.<init>] [INFO] 日志实例已初始化...
[2020-04-12 17:55:14:051] [vo.logVo.LogVo.<init>] [INFO] 日志实例已初始化...
[2020-04-12 17:55:14:052] [vo.logVo.LogVo.<init>] [INFO] 日志实例已初始化...
[2020-04-12 17:55:14:053] [vo.logVo.LogVo.<init>] [INFO] 日志实例已初始化...
[2020-04-12 17:55:14:054] [vo.logVo.LogVo.<init>] [INFO] 日志实例已初始化...
[2020-04-12 17:55:14:059] [vo.logVo.LogVo.<init>] [INFO] 日志实例已初始化...
[2020-04-12 17:55:14:061] [vo.logVo.LogVo.<init>] [INFO] 日志实例已初始化...
[2020-04-12 17:55:14:062] [vo.logVo.LogVo.<init>] [INFO] 日志实例已初始化...
[2020-04-12 17:55:14:063] [vo.logVo.LogVo.<init>] [INFO] 日志实例已初始化...
[2020-04-12 17:55:14:064] [vo.logVo.LogVo.<init>] [INFO] 日志实例已初始化...
[2020-04-12 17:55:14:065] [vo.logVo.LogVo.<init>] [INFO] 日志实例已初始化...
[2020-04-12 17:55:14:066] [vo.logVo.LogVo.<init>] [INFO] 日志实例已初始化...
[2020-04-12 17:55:14:067] [vo.logVo.LogVo.<init>] [INFO] 日志实例已初始化...
[2020-04-12 17:55:14:068] [vo.logVo.LogVo.<init>] [INFO] 日志实例已初始化...
[2020-04-12 17:55:14:069] [vo.logVo.LogVo.<init>] [INFO] 日志实例已初始化...
[2020-04-12 17:55:14:069] [vo.logVo.LogVo.<init>] [INFO] 日志实例已初始化...
[2020-04-12 17:55:14:070] [vo.logVo.LogVo.<init>] [INFO] 日志实例已初始化...
[2020-04-12 17:55:14:071] [vo.logVo.LogVo.<init>] [INFO] 日志实例已初始化...
[2020-04-12 17:55:14:072] [vo.logVo.LogVo.<init>] [INFO] 日志实例已初始化...
[2020-04-12 17:55:14:073] [vo.logVo.LogVo.<init>] [INFO] 日志实例已初始化...
[2020-04-12 17:55:14:074] [vo.logVo.LogVo.<init>] [INFO] 日志实例已初始化...
[2020-04-12 17:55:14:075] [vo.logVo.LogVo.<init>] [INFO] 日志实例已初始化...
[2020-04-12 17:55:14:076] [vo.logVo.LogVo.<init>] [INFO] 日志实例已初始化...
[2020-04-12 17:55:14:077] [vo.logVo.LogVo.<init>] [INFO] 日志实例已初始化...
[2020-04-12 17:55:14:078] [vo.logVo.LogVo.<init>] [INFO] 日志实例已初始化...
[2020-04-12 17:55:14:079] [vo.logVo.LogVo.<init>] [INFO] 日志实例已初始化...
[2020-04-12 17:55:14:079] [vo.logVo.LogVo.<init>] [INFO] 日志实例已初始化...
[2020-04-12 17:55:14:080] [vo.logVo.LogVo.<init>] [INFO] 日志实例已初始化...
[2020-04-12 17:55:14:081] [vo.logVo.LogVo.<init>] [INFO] 日志实例已初始化...
[2020-04-12 17:55:14:082] [vo.logVo.LogVo.<init>] [INFO] 日志实例已初始化...
[2020-04-12 17:55:14:082] [vo.logVo.LogVo.<init>] [INFO] 日志实例已初始化...
[2020-04-12 17:55:14:083] [vo.logVo.LogVo.<init>] [INFO] 日志实例已初始化...
[2020-04-12 17:55:14:084] [vo.logVo.LogVo.<init>] [INFO] 日志实例已初始化...
[2020-04-12 17:55:14:085] [vo.logVo.LogVo.<init>] [INFO] 日志实例已初始化...
[2020-04-12 17:55:14:086] [vo.logVo.LogVo.<init>] [INFO] 日志实例已初始化...
[2020-04-12 17:55:14:086] [vo.logVo.LogVo.<init>] [INFO] 日志实例已初始化...
[2020-04-12 17:55:14:087] [vo.logVo.LogVo.<init>] [INFO] 日志实例已初始化...
[2020-04-12 17:55:14:088] [vo.logVo.LogVo.<init>] [INFO] 日志实例已初始化...
[2020-04-12 17:55:14:089] [vo.logVo.LogVo.<init>] [INFO] 日志实例已初始化...
[2020-04-12 17:55:14:090] [vo.logVo.LogVo.<init>] [INFO] 日志实例已初始化...
[2020-04-12 17:55:14:091] [vo.logVo.LogVo.<init>] [INFO] 日志实例已初始化...
[2020-04-12 17:55:14:092] [vo.logVo.LogVo.<init>] [INFO] 日志实例已初始化...
[2020-04-12 17:55:14:093] [vo.logVo.LogVo.<init>] [INFO] 日志实例已初始化...
[2020-04-12 17:55:14:094] [vo.logVo.LogVo.<init>] [INFO] 日志实例已初始化...
[2020-04-12 17:55:14:095] [vo.logVo.LogVo.<init>] [INFO] 日志实例已初始化...
[2020-04-12 17:55:14:097] [vo.logVo.LogVo.<init>] [INFO] 日志实例已初始化...
[2020-04-12 17:55:14:099] [vo.logVo.LogVo.<init>] [INFO] 日志实例已初始化...
[2020-04-12 17:55:14:100] [vo.logVo.LogVo.<init>] [INFO] 日志实例已初始化...
[2020-04-12 17:55:14:103] [vo.logVo.LogVo.<init>] [INFO] 日志实例已初始化...
[2020-04-12 17:55:14:105] [vo.logVo.LogVo.<init>] [INFO] 日志实例已初始化...
[2020-04-12 17:55:14:106] [vo.logVo.LogVo.<init>] [INFO] 日志实例已初始化...
[2020-04-12 17:55:14:107] [vo.logVo.LogVo.<init>] [INFO] 日志实例已初始化...
[2020-04-12 17:55:14:108] [vo.logVo.LogVo.<init>] [INFO] 日志实例已初始化...
[2020-04-12 17:55:14:108] [vo.logVo.LogVo.<init>] [INFO] 日志实例已初始化...
[2020-04-12 17:55:14:109] [vo.logVo.LogVo.<init>] [INFO] 日志实例已初始化...
[2020-04-12 17:55:14:110] [vo.logVo.LogVo.<init>] [INFO] 日志实例已初始化...
[2020-04-12 17:55:14:111] [vo.logVo.LogVo.<init>] [INFO] 日志实例已初始化...
[2020-04-12 17:55:14:114] [vo.logVo.LogVo.<init>] [INFO] 日志实例已初始化...
[2020-04-12 17:55:14:116] [vo.logVo.LogVo.<init>] [INFO] 日志实例已初始化...
[2020-04-12 17:55:14:117] [vo.logVo.LogVo.<init>] [INFO] 日志实例已初始化...
[2020-04-12 17:55:14:118] [vo.logVo.LogVo.<init>] [INFO] 日志实例已初始化...
[2020-04-12 17:55:14:119] [vo.logVo.LogVo.<init>] [INFO] 日志实例已初始化...
[2020-04-12 17:55:14:120] [vo.logVo.LogVo.<init>] [INFO] 日志实例已初始化...
[2020-04-12 17:55:14:121] [vo.logVo.LogVo.<init>] [INFO] 日志实例已初始化...
[2020-04-12 17:55:14:123] [vo.logVo.LogVo.<init>] [INFO] 日志实例已初始化...
[2020-04-12 17:55:14:125] [vo.logVo.LogVo.<init>] [INFO] 日志实例已初始化...
[2020-04-12 17:55:14:126] [vo.logVo.LogVo.<init>] [INFO] 日志实例已初始化...
[2020-04-12 17:55:14:127] [vo.logVo.LogVo.<init>] [INFO] 日志实例已初始化...
[2020-04-12 17:55:14:127] [vo.logVo.LogVo.<init>] [INFO] 日志实例已初始化...
[2020-04-12 17:55:14:128] [vo.logVo.LogVo.<init>] [INFO] 日志实例已初始化...
[2020-04-12 17:55:14:128] [vo.logVo.LogVo.<init>] [INFO] 日志实例已初始化...
[2020-04-12 17:55:14:129] [vo.logVo.LogVo.<init>] [INFO] 日志实例已初始化...
[2020-04-12 17:55:14:130] [vo.logVo.LogVo.<init>] [INFO] 日志实例已初始化...
[2020-04-12 17:55:14:131] [vo.logVo.LogVo.<init>] [INFO] 日志实例已初始化...
[2020-04-12 17:55:14:132] [vo.logVo.LogVo.<init>] [INFO] 日志实例已初始化...
[2020-04-12 17:55:14:133] [vo.logVo.LogVo.<init>] [INFO] 日志实例已初始化...
[2020-04-12 17:55:14:134] [vo.logVo.LogVo.<init>] [INFO] 日志实例已初始化...
[2020-04-12 17:55:14:135] [vo.logVo.LogVo.<init>] [INFO] 日志实例已初始化...
[2020-04-12 17:55:14:136] [vo.logVo.LogVo.<init>] [INFO] 日志实例已初始化...
[2020-04-12 17:55:14:137] [vo.logVo.LogVo.<init>] [INFO] 日志实例已初始化...
[2020-04-12 17:55:14:137] [vo.logVo.LogVo.<init>] [INFO] 日志实例已初始化...
[2020-04-12 17:55:14:138] [vo.logVo.LogVo.<init>] [INFO] 日志实例已初始化...
[2020-04-12 17:55:14:138] [vo.logVo.LogVo.<init>] [INFO] 日志实例已初始化...
[2020-04-12 17:55:14:139] [vo.logVo.LogVo.<init>] [INFO] 日志实例已初始化...
[2020-04-12 17:55:14:140] [vo.logVo.LogVo.<init>] [INFO] 日志实例已初始化...
[2020-04-12 17:55:14:140] [vo.logVo.LogVo.<init>] [INFO] 日志实例已初始化...
[2020-04-12 17:55:14:141] [vo.logVo.LogVo.<init>] [INFO] 日志实例已初始化...
[2020-04-12 17:55:14:142] [vo.logVo.LogVo.<init>] [INFO] 日志实例已初始化...
[2020-04-12 17:55:14:142] [vo.logVo.LogVo.<init>] [INFO] 日志实例已初始化...
[2020-04-12 17:55:14:143] [vo.logVo.LogVo.<init>] [INFO] 日志实例已初始化...
[2020-04-12 17:55:14:144] [vo.logVo.LogVo.<init>] [INFO] 日志实例已初始化...
[2020-04-12 17:55:14:145] [vo.logVo.LogVo.<init>] [INFO] 日志实例已初始化...
[2020-04-12 17:55:14:146] [vo.logVo.LogVo.<init>] [INFO] 日志实例已初始化...
[2020-04-12 17:55:14:147] [vo.logVo.LogVo.<init>] [INFO] 日志实例已初始化...
[2020-04-12 17:55:14:147] [vo.logVo.LogVo.<init>] [INFO] 日志实例已初始化...
[2020-04-12 17:55:14:148] [vo.logVo.LogVo.<init>] [INFO] 日志实例已初始化...
[2020-04-12 17:55:14:149] [vo.logVo.LogVo.<init>] [INFO] 日志实例已初始化...
[2020-04-12 17:55:14:150] [vo.logVo.LogVo.<init>] [INFO] 日志实例已初始化...
[2020-04-12 17:55:14:151] [vo.logVo.LogVo.<init>] [INFO] 日志实例已初始化...
[2020-04-12 17:55:14:152] [vo.logVo.LogVo.<init>] [INFO] 日志实例已初始化...
[2020-04-12 17:55:14:153] [vo.logVo.LogVo.<init>] [INFO] 日志实例已初始化...
[2020-04-12 17:55:14:153] [vo.logVo.LogVo.<init>] [INFO] 日志实例已初始化...
[2020-04-12 17:55:14:153] [vo.logVo.LogVo.<init>] [INFO] 日志实例已初始化...
[2020-04-12 17:55:14:154] [vo.logVo.LogVo.<init>] [INFO] 日志实例已初始化...
[2020-04-12 17:55:14:154] [vo.logVo.LogVo.<init>] [INFO] 日志实例已初始化...
[2020-04-12 17:55:14:155] [vo.logVo.LogVo.<init>] [INFO] 日志实例已初始化...
[2020-04-12 17:55:14:155] [vo.logVo.LogVo.<init>] [INFO] 日志实例已初始化...
[2020-04-12 17:55:14:155] [vo.logVo.LogVo.<init>] [INFO] 日志实例已初始化...
[2020-04-12 17:55:14:156] [vo.logVo.LogVo.<init>] [INFO] 日志实例已初始化...
[2020-04-12 17:55:14:156] [vo.logVo.LogVo.<init>] [INFO] 日志实例已初始化...
[2020-04-12 17:55:14:156] [vo.logVo.LogVo.<init>] [INFO] 日志实例已初始化...
[2020-04-12 17:55:14:157] [vo.logVo.LogVo.<init>] [INFO] 日志实例已初始化...
[2020-04-12 17:55:14:157] [vo.logVo.LogVo.<init>] [INFO] 日志实例已初始化...
[2020-04-12 17:55:14:158] [vo.logVo.LogVo.<init>] [INFO] 日志实例已初始化...
[2020-04-12 17:55:14:159] [vo.logVo.LogVo.<init>] [INFO] 日志实例已初始化...
[2020-04-12 17:55:14:159] [vo.logVo.LogVo.<init>] [INFO] 日志实例已初始化...
[2020-04-12 17:55:14:160] [vo.logVo.LogVo.<init>] [INFO] 日志实例已初始化...
[2020-04-12 17:55:14:160] [vo.logVo.LogVo.<init>] [INFO] 日志实例已初始化...
[2020-04-12 17:55:14:161] [vo.logVo.LogVo.<init>] [INFO] 日志实例已初始化...
[2020-04-12 17:55:14:161] [vo.logVo.LogVo.<init>] [INFO] 日志实例已初始化...
[2020-04-12 17:55:14:162] [vo.logVo.LogVo.<init>] [INFO] 日志实例已初始化...
[2020-04-12 17:55:14:162] [vo.logVo.LogVo.<init>] [INFO] 日志实例已初始化...
[2020-04-12 17:55:14:163] [vo.logVo.LogVo.<init>] [INFO] 日志实例已初始化...
[2020-04-12 17:55:14:164] [vo.logVo.LogVo.<init>] [INFO] 日志实例已初始化...
[2020-04-12 17:55:14:164] [vo.logVo.LogVo.<init>] [INFO] 日志实例已初始化...
[2020-04-12 17:55:14:165] [vo.logVo.LogVo.<init>] [INFO] 日志实例已初始化...
[2020-04-12 17:55:14:165] [vo.logVo.LogVo.<init>] [INFO] 日志实例已初始化...
[2020-04-12 17:55:14:167] [vo.logVo.LogVo.<init>] [INFO] 日志实例已初始化...
[2020-04-12 17:55:14:167] [vo.logVo.LogVo.<init>] [INFO] 日志实例已初始化...
[2020-04-12 17:55:14:168] [vo.logVo.LogVo.<init>] [INFO] 日志实例已初始化...
[2020-04-12 17:55:14:168] [vo.logVo.LogVo.<init>] [INFO] 日志实例已初始化...
[2020-04-12 17:55:14:169] [vo.logVo.LogVo.<init>] [INFO] 日志实例已初始化...
[2020-04-12 17:55:14:169] [vo.logVo.LogVo.<init>] [INFO] 日志实例已初始化...
[2020-04-12 17:55:14:169] [vo.logVo.LogVo.<init>] [INFO] 日志实例已初始化...
[2020-04-12 17:55:14:170] [vo.logVo.LogVo.<init>] [INFO] 日志实例已初始化...
[2020-04-12 17:55:14:171] [vo.logVo.LogVo.<init>] [INFO] 日志实例已初始化...
[2020-04-12 17:55:14:171] [vo.logVo.LogVo.<init>] [INFO] 日志实例已初始化...
[2020-04-12 17:55:14:172] [vo.logVo.LogVo.<init>] [INFO] 日志实例已初始化...
[2020-04-12 17:55:14:172] [vo.logVo.LogVo.<init>] [INFO] 日志实例已初始化...
[2020-04-12 17:55:14:173] [vo.logVo.LogVo.<init>] [INFO] 日志实例已初始化...
[2020-04-12 17:55:14:173] [vo.logVo.LogVo.<init>] [INFO] 日志实例已初始化...
[2020-04-12 17:55:14:174] [vo.logVo.LogVo.<init>] [INFO] 日志实例已初始化...
[2020-04-12 17:55:14:174] [vo.logVo.LogVo.<init>] [INFO] 日志实例已初始化...
[2020-04-12 17:55:14:175] [vo.logVo.LogVo.<init>] [INFO] 日志实例已初始化...
[2020-04-12 17:55:14:176] [vo.logVo.LogVo.<init>] [INFO] 日志实例已初始化...
[2020-04-12 17:55:14:176] [vo.logVo.LogVo.<init>] [INFO] 日志实例已初始化...
[2020-04-12 17:55:14:177] [vo.logVo.LogVo.<init>] [INFO] 日志实例已初始化...
[2020-04-12 17:55:14:178] [vo.logVo.LogVo.<init>] [INFO] 日志实例已初始化...
[2020-04-12 17:55:14:178] [vo.logVo.LogVo.<init>] [INFO] 日志实例已初始化...
[2020-04-12 17:55:14:179] [vo.logVo.LogVo.<init>] [INFO] 日志实例已初始化...
[2020-04-12 17:55:14:180] [vo.logVo.LogVo.<init>] [INFO] 日志实例已初始化...
[2020-04-12 17:55:14:182] [vo.logVo.LogVo.<init>] [INFO] 日志实例已初始化...
[2020-04-12 17:55:14:182] [vo.logVo.LogVo.<init>] [INFO] 日志实例已初始化...
[2020-04-12 17:55:14:183] [vo.logVo.LogVo.<init>] [INFO] 日志实例已初始化...
[2020-04-12 17:55:14:184] [vo.logVo.LogVo.<init>] [INFO] 日志实例已初始化...
[2020-04-12 17:55:14:185] [vo.logVo.LogVo.<init>] [INFO] 日志实例已初始化...
[2020-04-12 17:55:14:185] [vo.logVo.LogVo.<init>] [INFO] 日志实例已初始化...
[2020-04-12 17:55:14:186] [vo.logVo.LogVo.<init>] [INFO] 日志实例已初始化...
[2020-04-12 17:55:14:186] [vo.logVo.LogVo.<init>] [INFO] 日志实例已初始化...
[2020-04-12 17:55:14:187] [vo.logVo.LogVo.<init>] [INFO] 日志实例已初始化...
[2020-04-12 17:55:14:187] [vo.logVo.LogVo.<init>] [INFO] 日志实例已初始化...
[2020-04-12 17:55:14:188] [vo.logVo.LogVo.<init>] [INFO] 日志实例已初始化...
[2020-04-12 17:55:14:188] [vo.logVo.LogVo.<init>] [INFO] 日志实例已初始化...
[2020-04-12 17:55:14:189] [vo.logVo.LogVo.<init>] [INFO] 日志实例已初始化...
[2020-04-12 17:55:14:189] [vo.logVo.LogVo.<init>] [INFO] 日志实例已初始化...
[2020-04-12 17:55:14:189] [vo.logVo.LogVo.<init>] [INFO] 日志实例已初始化...
[2020-04-12 17:55:14:190] [vo.logVo.LogVo.<init>] [INFO] 日志实例已初始化...
[2020-04-12 17:55:14:190] [vo.logVo.LogVo.<init>] [INFO] 日志实例已初始化...
[2020-04-12 17:55:14:191] [vo.logVo.LogVo.<init>] [INFO] 日志实例已初始化...
[2020-04-12 17:55:14:191] [vo.logVo.LogVo.<init>] [INFO] 日志实例已初始化...
[2020-04-12 17:55:14:192] [vo.logVo.LogVo.<init>] [INFO] 日志实例已初始化...
[2020-04-12 17:55:14:192] [vo.logVo.LogVo.<init>] [INFO] 日志实例已初始化...
[2020-04-12 17:55:14:193] [vo.logVo.LogVo.<init>] [INFO] 日志实例已初始化...
[2020-04-12 17:55:14:194] [vo.logVo.LogVo.<init>] [INFO] 日志实例已初始化...
[2020-04-12 17:55:14:195] [vo.logVo.LogVo.<init>] [INFO] 日志实例已初始化...
[2020-04-12 17:55:14:195] [vo.logVo.LogVo.<init>] [INFO] 日志实例已初始化...
[2020-04-12 17:55:14:197] [vo.logVo.LogVo.<init>] [INFO] 日志实例已初始化...
[2020-04-12 17:55:14:198] [vo.logVo.LogVo.<init>] [INFO] 日志实例已初始化...
[2020-04-12 17:55:14:198] [vo.logVo.LogVo.<init>] [INFO] 日志实例已初始化...
[2020-04-12 17:55:14:199] [vo.logVo.LogVo.<init>] [INFO] 日志实例已初始化...
[2020-04-12 17:55:14:200] [vo.logVo.LogVo.<init>] [INFO] 日志实例已初始化...
[2020-04-12 17:55:14:200] [vo.logVo.LogVo.<init>] [INFO] 日志实例已初始化...
[2020-04-12 17:55:14:201] [vo.logVo.LogVo.<init>] [INFO] 日志实例已初始化...
[2020-04-12 17:55:14:202] [vo.logVo.LogVo.<init>] [INFO] 日志实例已初始化...
[2020-04-12 17:55:14:202] [vo.logVo.LogVo.<init>] [INFO] 日志实例已初始化...
[2020-04-12 17:55:14:203] [vo.logVo.LogVo.<init>] [INFO] 日志实例已初始化...
[2020-04-12 17:55:14:204] [vo.logVo.LogVo.<init>] [INFO] 日志实例已初始化...
[2020-04-12 17:55:14:204] [vo.logVo.LogVo.<init>] [INFO] 日志实例已初始化...
[2020-04-12 17:55:14:204] [vo.logVo.LogVo.<init>] [INFO] 日志实例已初始化...
[2020-04-12 17:55:14:205] [vo.logVo.LogVo.<init>] [INFO] 日志实例已初始化...
[2020-04-12 17:55:14:205] [vo.logVo.LogVo.<init>] [INFO] 日志实例已初始化...
[2020-04-12 17:55:14:205] [vo.logVo.LogVo.<init>] [INFO] 日志实例已初始化...
[2020-04-12 17:55:14:206] [vo.logVo.LogVo.<init>] [INFO] 日志实例已初始化...
[2020-04-12 17:55:14:206] [vo.logVo.LogVo.<init>] [INFO] 日志实例已初始化...
[2020-04-12 17:55:14:206] [vo.logVo.LogVo.<init>] [INFO] 日志实例已初始化...
[2020-04-12 17:55:14:207] [vo.logVo.LogVo.<init>] [INFO] 日志实例已初始化...
[2020-04-12 17:55:14:207] [vo.logVo.LogVo.<init>] [INFO] 日志实例已初始化...
[2020-04-12 17:55:14:207] [vo.logVo.LogVo.<init>] [INFO] 日志实例已初始化...
[2020-04-12 17:55:14:208] [vo.logVo.LogVo.<init>] [INFO] 日志实例已初始化...
[2020-04-12 17:55:14:208] [vo.logVo.LogVo.<init>] [INFO] 日志实例已初始化...
[2020-04-12 17:55:14:208] [vo.logVo.LogVo.<init>] [INFO] 日志实例已初始化...
[2020-04-12 17:55:14:209] [vo.logVo.LogVo.<init>] [INFO] 日志实例已初始化...
[2020-04-12 17:55:14:209] [vo.logVo.LogVo.<init>] [INFO] 日志实例已初始化...
[2020-04-12 17:55:14:210] [vo.logVo.LogVo.<init>] [INFO] 日志实例已初始化...
[2020-04-12 17:55:14:210] [vo.logVo.LogVo.<init>] [INFO] 日志实例已初始化...
[2020-04-12 17:55:14:210] [vo.logVo.LogVo.<init>] [INFO] 日志实例已初始化...
[2020-04-12 17:55:14:211] [vo.logVo.LogVo.<init>] [INFO] 日志实例已初始化...
[2020-04-12 17:55:14:211] [vo.logVo.LogVo.<init>] [INFO] 日志实例已初始化...
[2020-04-12 17:55:14:211] [vo.logVo.LogVo.<init>] [INFO] 日志实例已初始化...
[2020-04-12 17:55:14:212] [vo.logVo.LogVo.<init>] [INFO] 日志实例已初始化...
[2020-04-12 17:55:14:212] [vo.logVo.LogVo.<init>] [INFO] 日志实例已初始化...
[2020-04-12 17:55:14:213] [vo.logVo.LogVo.<init>] [INFO] 日志实例已初始化...
[2020-04-12 17:55:14:214] [vo.logVo.LogVo.<init>] [INFO] 日志实例已初始化...
[2020-04-12 17:55:14:215] [vo.logVo.LogVo.<init>] [INFO] 日志实例已初始化...
[2020-04-12 17:55:14:215] [vo.logVo.LogVo.<init>] [INFO] 日志实例已初始化...
[2020-04-12 17:55:14:215] [vo.logVo.LogVo.<init>] [INFO] 日志实例已初始化...
[2020-04-12 17:55:14:216] [vo.logVo.LogVo.<init>] [INFO] 日志实例已初始化...
[2020-04-12 17:55:14:216] [vo.logVo.LogVo.<init>] [INFO] 日志实例已初始化...
[2020-04-12 17:55:14:216] [vo.logVo.LogVo.<init>] [INFO] 日志实例已初始化...
[2020-04-12 17:55:14:217] [vo.logVo.LogVo.<init>] [INFO] 日志实例已初始化...
[2020-04-12 17:55:14:218] [vo.logVo.LogVo.<init>] [INFO] 日志实例已初始化...
[2020-04-12 17:55:14:218] [vo.logVo.LogVo.<init>] [INFO] 日志实例已初始化...
[2020-04-12 17:55:14:218] [vo.logVo.LogVo.<init>] [INFO] 日志实例已初始化...
[2020-04-12 17:55:14:219] [vo.logVo.LogVo.<init>] [INFO] 日志实例已初始化...
[2020-04-12 17:55:14:219] [vo.logVo.LogVo.<init>] [INFO] 日志实例已初始化...
[2020-04-12 17:55:14:219] [vo.logVo.LogVo.<init>] [INFO] 日志实例已初始化...
[2020-04-12 17:55:14:220] [vo.logVo.LogVo.<init>] [INFO] 日志实例已初始化...
[2020-04-12 17:55:14:220] [vo.logVo.LogVo.<init>] [INFO] 日志实例已初始化...
[2020-04-12 17:55:14:220] [vo.logVo.LogVo.<init>] [INFO] 日志实例已初始化...
[2020-04-12 17:55:14:221] [vo.logVo.LogVo.<init>] [INFO] 日志实例已初始化...
[2020-04-12 17:55:14:221] [vo.logVo.LogVo.<init>] [INFO] 日志实例已初始化...
[2020-04-12 17:55:14:221] [vo.logVo.LogVo.<init>] [INFO] 日志实例已初始化...
[2020-04-12 17:55:14:222] [vo.logVo.LogVo.<init>] [INFO] 日志实例已初始化...
[2020-04-12 17:55:14:222] [vo.logVo.LogVo.<init>] [INFO] 日志实例已初始化...
[2020-04-12 17:55:14:222] [vo.logVo.LogVo.<init>] [INFO] 日志实例已初始化...
[2020-04-12 17:55:14:223] [vo.logVo.LogVo.<init>] [INFO] 日志实例已初始化...
[2020-04-12 17:55:14:223] [vo.logVo.LogVo.<init>] [INFO] 日志实例已初始化...
[2020-04-12 17:55:14:224] [vo.logVo.LogVo.<init>] [INFO] 日志实例已初始化...
[2020-04-12 17:55:14:225] [vo.logVo.LogVo.<init>] [INFO] 日志实例已初始化...
[2020-04-12 17:55:14:225] [vo.logVo.LogVo.<init>] [INFO] 日志实例已初始化...
[2020-04-12 17:55:14:226] [vo.logVo.LogVo.<init>] [INFO] 日志实例已初始化...
[2020-04-12 17:55:14:227] [vo.logVo.LogVo.<init>] [INFO] 日志实例已初始化...
[2020-04-12 17:55:14:227] [vo.logVo.LogVo.<init>] [INFO] 日志实例已初始化...
[2020-04-12 17:55:14:229] [vo.logVo.LogVo.<init>] [INFO] 日志实例已初始化...
[2020-04-12 17:55:14:230] [vo.logVo.LogVo.<init>] [INFO] 日志实例已初始化...
[2020-04-12 17:55:14:231] [vo.logVo.LogVo.<init>] [INFO] 日志实例已初始化...
[2020-04-12 17:55:14:231] [vo.logVo.LogVo.<init>] [INFO] 日志实例已初始化...
[2020-04-12 17:55:14:232] [vo.logVo.LogVo.<init>] [INFO] 日志实例已初始化...
[2020-04-12 17:55:14:233] [vo.logVo.LogVo.<init>] [INFO] 日志实例已初始化...
[2020-04-12 17:55:14:234] [vo.logVo.LogVo.<init>] [INFO] 日志实例已初始化...
[2020-04-12 17:55:14:234] [vo.logVo.LogVo.<init>] [INFO] 日志实例已初始化...
[2020-04-12 17:55:14:235] [vo.logVo.LogVo.<init>] [INFO] 日志实例已初始化...
[2020-04-12 17:55:14:235] [vo.logVo.LogVo.<init>] [INFO] 日志实例已初始化...
[2020-04-12 17:55:14:236] [vo.logVo.LogVo.<init>] [INFO] 日志实例已初始化...
[2020-04-12 17:55:14:236] [vo.logVo.LogVo.<init>] [INFO] 日志实例已初始化...
[2020-04-12 17:55:14:237] [vo.logVo.LogVo.<init>] [INFO] 日志实例已初始化...
[2020-04-12 17:55:14:237] [vo.logVo.LogVo.<init>] [INFO] 日志实例已初始化...
[2020-04-12 17:55:14:237] [vo.logVo.LogVo.<init>] [INFO] 日志实例已初始化...
[2020-04-12 17:55:14:238] [vo.logVo.LogVo.<init>] [INFO] 日志实例已初始化...
[2020-04-12 17:55:14:239] [vo.logVo.LogVo.<init>] [INFO] 日志实例已初始化...
[2020-04-12 17:55:14:240] [vo.logVo.LogVo.<init>] [INFO] 日志实例已初始化...
[2020-04-12 17:55:14:240] [vo.logVo.LogVo.<init>] [INFO] 日志实例已初始化...
[2020-04-12 17:55:14:241] [vo.logVo.LogVo.<init>] [INFO] 日志实例已初始化...
[2020-04-12 17:55:14:242] [vo.logVo.LogVo.<init>] [INFO] 日志实例已初始化...
[2020-04-12 17:55:14:243] [vo.logVo.LogVo.<init>] [INFO] 日志实例已初始化...
[2020-04-12 17:55:14:244] [vo.logVo.LogVo.<init>] [INFO] 日志实例已初始化...
[2020-04-12 17:55:14:244] [vo.logVo.LogVo.<init>] [INFO] 日志实例已初始化...
[2020-04-12 17:55:14:245] [vo.logVo.LogVo.<init>] [INFO] 日志实例已初始化...
[2020-04-12 17:55:14:245] [vo.logVo.LogVo.<init>] [INFO] 日志实例已初始化...
[2020-04-12 17:55:14:246] [vo.logVo.LogVo.<init>] [INFO] 日志实例已初始化...
[2020-04-12 17:55:14:246] [vo.logVo.LogVo.<init>] [INFO] 日志实例已初始化...
[2020-04-12 17:55:14:247] [vo.logVo.LogVo.<init>] [INFO] 日志实例已初始化...
[2020-04-12 17:55:14:247] [vo.logVo.LogVo.<init>] [INFO] 日志实例已初始化...
[2020-04-12 17:55:14:248] [vo.logVo.LogVo.<init>] [INFO] 日志实例已初始化...
[2020-04-12 17:55:14:248] [vo.logVo.LogVo.<init>] [INFO] 日志实例已初始化...
[2020-04-12 17:55:14:290] [vo.logVo.LogVo.<init>] [INFO] 日志实例已初始化...
[2020-04-12 17:55:14:299] [vo.logVo.LogVo.<init>] [INFO] 日志实例已初始化...
[2020-04-12 17:59:08:453] [util.MyApplicationContextAnnotion.<init>] [INFO] 获取上下文工具类初始化成功!
[2020-04-12 17:59:09:265] [aop.AnnotationCommenAop.<init>] [INFO] 注解式切面已初始化...
[2020-04-12 17:59:11:538] [vo.logVo.LogVo.<init>] [INFO] 日志实例已初始化...
[2020-04-12 17:59:12:193] [aop.ConfigCommenAop.<init>] [INFO] 切面已初始化...
[2020-04-12 17:59:12:262] [vo.logVo.LogVo.<init>] [INFO] 日志实例已初始化...
[2020-04-12 17:59:12:281] [webservice.WebServiceInterface.<init>] [INFO] spring管理web service1
[2020-04-12 17:59:41:721] [vo.logVo.LogVo.<init>] [INFO] 日志实例已初始化...
[2020-04-12 17:59:41:733] [vo.logVo.LogVo.<init>] [INFO] 日志实例已初始化...
[2020-04-12 17:59:41:737] [vo.logVo.LogVo.<init>] [INFO] 日志实例已初始化...
[2020-04-12 17:59:41:738] [vo.logVo.LogVo.<init>] [INFO] 日志实例已初始化...
[2020-04-12 17:59:41:740] [vo.logVo.LogVo.<init>] [INFO] 日志实例已初始化...
[2020-04-12 17:59:41:756] [vo.logVo.LogVo.<init>] [INFO] 日志实例已初始化...
[2020-04-12 17:59:41:763] [vo.logVo.LogVo.<init>] [INFO] 日志实例已初始化...
[2020-04-12 17:59:41:766] [vo.logVo.LogVo.<init>] [INFO] 日志实例已初始化...
[2020-04-12 17:59:41:770] [vo.logVo.LogVo.<init>] [INFO] 日志实例已初始化...
[2020-04-12 17:59:41:771] [vo.logVo.LogVo.<init>] [INFO] 日志实例已初始化...
[2020-04-12 17:59:41:773] [vo.logVo.LogVo.<init>] [INFO] 日志实例已初始化...
[2020-04-12 17:59:41:774] [vo.logVo.LogVo.<init>] [INFO] 日志实例已初始化...
[2020-04-12 17:59:41:778] [vo.logVo.LogVo.<init>] [INFO] 日志实例已初始化...
[2020-04-12 17:59:41:781] [vo.logVo.LogVo.<init>] [INFO] 日志实例已初始化...
[2020-04-12 17:59:41:782] [vo.logVo.LogVo.<init>] [INFO] 日志实例已初始化...
[2020-04-12 17:59:41:785] [vo.logVo.LogVo.<init>] [INFO] 日志实例已初始化...
[2020-04-12 17:59:41:787] [vo.logVo.LogVo.<init>] [INFO] 日志实例已初始化...
[2020-04-12 17:59:41:788] [vo.logVo.LogVo.<init>] [INFO] 日志实例已初始化...
[2020-04-12 17:59:41:788] [vo.logVo.LogVo.<init>] [INFO] 日志实例已初始化...
[2020-04-12 17:59:41:789] [vo.logVo.LogVo.<init>] [INFO] 日志实例已初始化...
[2020-04-12 17:59:41:791] [vo.logVo.LogVo.<init>] [INFO] 日志实例已初始化...
[2020-04-12 17:59:41:792] [vo.logVo.LogVo.<init>] [INFO] 日志实例已初始化...
[2020-04-12 17:59:41:793] [vo.logVo.LogVo.<init>] [INFO] 日志实例已初始化...
[2020-04-12 17:59:41:794] [vo.logVo.LogVo.<init>] [INFO] 日志实例已初始化...
[2020-04-12 17:59:41:795] [vo.logVo.LogVo.<init>] [INFO] 日志实例已初始化...
[2020-04-12 17:59:41:796] [vo.logVo.LogVo.<init>] [INFO] 日志实例已初始化...
[2020-04-12 17:59:41:797] [vo.logVo.LogVo.<init>] [INFO] 日志实例已初始化...
[2020-04-12 17:59:41:798] [vo.logVo.LogVo.<init>] [INFO] 日志实例已初始化...
[2020-04-12 17:59:41:800] [vo.logVo.LogVo.<init>] [INFO] 日志实例已初始化...
[2020-04-12 17:59:41:803] [vo.logVo.LogVo.<init>] [INFO] 日志实例已初始化...
[2020-04-12 17:59:41:803] [vo.logVo.LogVo.<init>] [INFO] 日志实例已初始化...
[2020-04-12 17:59:41:804] [vo.logVo.LogVo.<init>] [INFO] 日志实例已初始化...
[2020-04-12 17:59:41:805] [vo.logVo.LogVo.<init>] [INFO] 日志实例已初始化...
[2020-04-12 17:59:41:806] [vo.logVo.LogVo.<init>] [INFO] 日志实例已初始化...
[2020-04-12 17:59:41:807] [vo.logVo.LogVo.<init>] [INFO] 日志实例已初始化...
[2020-04-12 17:59:41:810] [vo.logVo.LogVo.<init>] [INFO] 日志实例已初始化...
[2020-04-12 17:59:41:811] [vo.logVo.LogVo.<init>] [INFO] 日志实例已初始化...
[2020-04-12 17:59:41:812] [vo.logVo.LogVo.<init>] [INFO] 日志实例已初始化...
[2020-04-12 17:59:41:813] [vo.logVo.LogVo.<init>] [INFO] 日志实例已初始化...
[2020-04-12 17:59:41:815] [vo.logVo.LogVo.<init>] [INFO] 日志实例已初始化...
[2020-04-12 17:59:41:816] [vo.logVo.LogVo.<init>] [INFO] 日志实例已初始化...
[2020-04-12 17:59:41:817] [vo.logVo.LogVo.<init>] [INFO] 日志实例已初始化...
[2020-04-12 17:59:41:818] [vo.logVo.LogVo.<init>] [INFO] 日志实例已初始化...
[2020-04-12 17:59:41:821] [vo.logVo.LogVo.<init>] [INFO] 日志实例已初始化...
[2020-04-12 17:59:41:823] [vo.logVo.LogVo.<init>] [INFO] 日志实例已初始化...
[2020-04-12 17:59:41:824] [vo.logVo.LogVo.<init>] [INFO] 日志实例已初始化...
[2020-04-12 17:59:41:825] [vo.logVo.LogVo.<init>] [INFO] 日志实例已初始化...
[2020-04-12 17:59:41:826] [vo.logVo.LogVo.<init>] [INFO] 日志实例已初始化...
[2020-04-12 17:59:41:827] [vo.logVo.LogVo.<init>] [INFO] 日志实例已初始化...
[2020-04-12 17:59:41:829] [vo.logVo.LogVo.<init>] [INFO] 日志实例已初始化...
[2020-04-12 17:59:41:830] [vo.logVo.LogVo.<init>] [INFO] 日志实例已初始化...
[2020-04-12 17:59:41:832] [vo.logVo.LogVo.<init>] [INFO] 日志实例已初始化...
[2020-04-12 17:59:41:833] [vo.logVo.LogVo.<init>] [INFO] 日志实例已初始化...
[2020-04-12 17:59:41:834] [vo.logVo.LogVo.<init>] [INFO] 日志实例已初始化...
[2020-04-12 17:59:41:836] [vo.logVo.LogVo.<init>] [INFO] 日志实例已初始化...
[2020-04-12 17:59:41:837] [vo.logVo.LogVo.<init>] [INFO] 日志实例已初始化...
[2020-04-12 17:59:41:839] [vo.logVo.LogVo.<init>] [INFO] 日志实例已初始化...
[2020-04-12 17:59:41:841] [vo.logVo.LogVo.<init>] [INFO] 日志实例已初始化...
[2020-04-12 17:59:41:843] [vo.logVo.LogVo.<init>] [INFO] 日志实例已初始化...
[2020-04-12 17:59:41:845] [vo.logVo.LogVo.<init>] [INFO] 日志实例已初始化...
[2020-04-12 17:59:41:846] [vo.logVo.LogVo.<init>] [INFO] 日志实例已初始化...
[2020-04-12 17:59:41:847] [vo.logVo.LogVo.<init>] [INFO] 日志实例已初始化...
[2020-04-12 17:59:41:849] [vo.logVo.LogVo.<init>] [INFO] 日志实例已初始化...
[2020-04-12 17:59:41:851] [vo.logVo.LogVo.<init>] [INFO] 日志实例已初始化...
[2020-04-12 17:59:41:853] [vo.logVo.LogVo.<init>] [INFO] 日志实例已初始化...
[2020-04-12 17:59:41:854] [vo.logVo.LogVo.<init>] [INFO] 日志实例已初始化...
[2020-04-12 17:59:41:855] [vo.logVo.LogVo.<init>] [INFO] 日志实例已初始化...
[2020-04-12 17:59:41:856] [vo.logVo.LogVo.<init>] [INFO] 日志实例已初始化...
[2020-04-12 17:59:41:857] [vo.logVo.LogVo.<init>] [INFO] 日志实例已初始化...
[2020-04-12 17:59:41:858] [vo.logVo.LogVo.<init>] [INFO] 日志实例已初始化...
[2020-04-12 17:59:41:859] [vo.logVo.LogVo.<init>] [INFO] 日志实例已初始化...
[2020-04-12 17:59:41:860] [vo.logVo.LogVo.<init>] [INFO] 日志实例已初始化...
[2020-04-12 17:59:41:860] [vo.logVo.LogVo.<init>] [INFO] 日志实例已初始化...
[2020-04-12 17:59:41:861] [vo.logVo.LogVo.<init>] [INFO] 日志实例已初始化...
[2020-04-12 17:59:41:862] [vo.logVo.LogVo.<init>] [INFO] 日志实例已初始化...
[2020-04-12 17:59:41:863] [vo.logVo.LogVo.<init>] [INFO] 日志实例已初始化...
[2020-04-12 17:59:41:864] [vo.logVo.LogVo.<init>] [INFO] 日志实例已初始化...
[2020-04-12 17:59:41:865] [vo.logVo.LogVo.<init>] [INFO] 日志实例已初始化...
[2020-04-12 17:59:41:866] [vo.logVo.LogVo.<init>] [INFO] 日志实例已初始化...
[2020-04-12 17:59:41:868] [vo.logVo.LogVo.<init>] [INFO] 日志实例已初始化...
[2020-04-12 17:59:41:870] [vo.logVo.LogVo.<init>] [INFO] 日志实例已初始化...
[2020-04-12 17:59:41:871] [vo.logVo.LogVo.<init>] [INFO] 日志实例已初始化...
[2020-04-12 17:59:41:873] [vo.logVo.LogVo.<init>] [INFO] 日志实例已初始化...
[2020-04-12 17:59:41:873] [vo.logVo.LogVo.<init>] [INFO] 日志实例已初始化...
[2020-04-12 17:59:41:874] [vo.logVo.LogVo.<init>] [INFO] 日志实例已初始化...
[2020-04-12 17:59:41:875] [vo.logVo.LogVo.<init>] [INFO] 日志实例已初始化...
[2020-04-12 17:59:41:876] [vo.logVo.LogVo.<init>] [INFO] 日志实例已初始化...
[2020-04-12 17:59:41:876] [vo.logVo.LogVo.<init>] [INFO] 日志实例已初始化...
[2020-04-12 17:59:41:878] [vo.logVo.LogVo.<init>] [INFO] 日志实例已初始化...
[2020-04-12 17:59:41:881] [vo.logVo.LogVo.<init>] [INFO] 日志实例已初始化...
[2020-04-12 17:59:41:882] [vo.logVo.LogVo.<init>] [INFO] 日志实例已初始化...
[2020-04-12 17:59:41:883] [vo.logVo.LogVo.<init>] [INFO] 日志实例已初始化...
[2020-04-12 17:59:41:887] [vo.logVo.LogVo.<init>] [INFO] 日志实例已初始化...
[2020-04-12 17:59:41:888] [vo.logVo.LogVo.<init>] [INFO] 日志实例已初始化...
[2020-04-12 17:59:41:890] [vo.logVo.LogVo.<init>] [INFO] 日志实例已初始化...
[2020-04-12 17:59:41:890] [vo.logVo.LogVo.<init>] [INFO] 日志实例已初始化...
[2020-04-12 17:59:41:891] [vo.logVo.LogVo.<init>] [INFO] 日志实例已初始化...
[2020-04-12 17:59:41:892] [vo.logVo.LogVo.<init>] [INFO] 日志实例已初始化...
[2020-04-12 17:59:41:893] [vo.logVo.LogVo.<init>] [INFO] 日志实例已初始化...
[2020-04-12 17:59:41:893] [vo.logVo.LogVo.<init>] [INFO] 日志实例已初始化...
[2020-04-12 17:59:41:895] [vo.logVo.LogVo.<init>] [INFO] 日志实例已初始化...
[2020-04-12 17:59:41:896] [vo.logVo.LogVo.<init>] [INFO] 日志实例已初始化...
[2020-04-12 17:59:41:897] [vo.logVo.LogVo.<init>] [INFO] 日志实例已初始化...
[2020-04-12 17:59:41:898] [vo.logVo.LogVo.<init>] [INFO] 日志实例已初始化...
[2020-04-12 17:59:41:904] [vo.logVo.LogVo.<init>] [INFO] 日志实例已初始化...
[2020-04-12 17:59:41:905] [vo.logVo.LogVo.<init>] [INFO] 日志实例已初始化...
[2020-04-12 17:59:41:905] [vo.logVo.LogVo.<init>] [INFO] 日志实例已初始化...
[2020-04-12 17:59:41:906] [vo.logVo.LogVo.<init>] [INFO] 日志实例已初始化...
[2020-04-12 17:59:41:907] [vo.logVo.LogVo.<init>] [INFO] 日志实例已初始化...
[2020-04-12 17:59:41:908] [vo.logVo.LogVo.<init>] [INFO] 日志实例已初始化...
[2020-04-12 17:59:41:909] [vo.logVo.LogVo.<init>] [INFO] 日志实例已初始化...
[2020-04-12 17:59:41:910] [vo.logVo.LogVo.<init>] [INFO] 日志实例已初始化...
[2020-04-12 17:59:41:911] [vo.logVo.LogVo.<init>] [INFO] 日志实例已初始化...
[2020-04-12 17:59:41:921] [vo.logVo.LogVo.<init>] [INFO] 日志实例已初始化...
[2020-04-12 17:59:41:922] [vo.logVo.LogVo.<init>] [INFO] 日志实例已初始化...
[2020-04-12 17:59:41:924] [vo.logVo.LogVo.<init>] [INFO] 日志实例已初始化...
[2020-04-12 17:59:41:925] [vo.logVo.LogVo.<init>] [INFO] 日志实例已初始化...
[2020-04-12 17:59:41:930] [vo.logVo.LogVo.<init>] [INFO] 日志实例已初始化...
[2020-04-12 17:59:41:931] [vo.logVo.LogVo.<init>] [INFO] 日志实例已初始化...
[2020-04-12 17:59:41:933] [vo.logVo.LogVo.<init>] [INFO] 日志实例已初始化...
[2020-04-12 17:59:41:937] [vo.logVo.LogVo.<init>] [INFO] 日志实例已初始化...
[2020-04-12 17:59:41:942] [vo.logVo.LogVo.<init>] [INFO] 日志实例已初始化...
[2020-04-12 17:59:41:944] [vo.logVo.LogVo.<init>] [INFO] 日志实例已初始化...
[2020-04-12 17:59:41:947] [vo.logVo.LogVo.<init>] [INFO] 日志实例已初始化...
[2020-04-12 17:59:41:948] [vo.logVo.LogVo.<init>] [INFO] 日志实例已初始化...
[2020-04-12 17:59:41:950] [vo.logVo.LogVo.<init>] [INFO] 日志实例已初始化...
[2020-04-12 17:59:41:954] [vo.logVo.LogVo.<init>] [INFO] 日志实例已初始化...
[2020-04-12 17:59:41:956] [vo.logVo.LogVo.<init>] [INFO] 日志实例已初始化...
[2020-04-12 17:59:41:958] [vo.logVo.LogVo.<init>] [INFO] 日志实例已初始化...
[2020-04-12 17:59:41:959] [vo.logVo.LogVo.<init>] [INFO] 日志实例已初始化...
[2020-04-12 17:59:41:960] [vo.logVo.LogVo.<init>] [INFO] 日志实例已初始化...
[2020-04-12 17:59:41:961] [vo.logVo.LogVo.<init>] [INFO] 日志实例已初始化...
[2020-04-12 17:59:41:962] [vo.logVo.LogVo.<init>] [INFO] 日志实例已初始化...
[2020-04-12 17:59:41:964] [vo.logVo.LogVo.<init>] [INFO] 日志实例已初始化...
[2020-04-12 17:59:41:965] [vo.logVo.LogVo.<init>] [INFO] 日志实例已初始化...
[2020-04-12 17:59:41:966] [vo.logVo.LogVo.<init>] [INFO] 日志实例已初始化...
[2020-04-12 17:59:41:966] [vo.logVo.LogVo.<init>] [INFO] 日志实例已初始化...
[2020-04-12 17:59:41:967] [vo.logVo.LogVo.<init>] [INFO] 日志实例已初始化...
[2020-04-12 17:59:41:968] [vo.logVo.LogVo.<init>] [INFO] 日志实例已初始化...
[2020-04-12 17:59:41:969] [vo.logVo.LogVo.<init>] [INFO] 日志实例已初始化...
[2020-04-12 17:59:41:970] [vo.logVo.LogVo.<init>] [INFO] 日志实例已初始化...
[2020-04-12 17:59:41:970] [vo.logVo.LogVo.<init>] [INFO] 日志实例已初始化...
[2020-04-12 17:59:41:971] [vo.logVo.LogVo.<init>] [INFO] 日志实例已初始化...
[2020-04-12 17:59:41:971] [vo.logVo.LogVo.<init>] [INFO] 日志实例已初始化...
[2020-04-12 17:59:41:972] [vo.logVo.LogVo.<init>] [INFO] 日志实例已初始化...
[2020-04-12 17:59:41:972] [vo.logVo.LogVo.<init>] [INFO] 日志实例已初始化...
[2020-04-12 17:59:41:973] [vo.logVo.LogVo.<init>] [INFO] 日志实例已初始化...
[2020-04-12 17:59:41:973] [vo.logVo.LogVo.<init>] [INFO] 日志实例已初始化...
[2020-04-12 17:59:41:974] [vo.logVo.LogVo.<init>] [INFO] 日志实例已初始化...
[2020-04-12 17:59:41:974] [vo.logVo.LogVo.<init>] [INFO] 日志实例已初始化...
[2020-04-12 17:59:41:975] [vo.logVo.LogVo.<init>] [INFO] 日志实例已初始化...
[2020-04-12 17:59:41:975] [vo.logVo.LogVo.<init>] [INFO] 日志实例已初始化...
[2020-04-12 17:59:41:975] [vo.logVo.LogVo.<init>] [INFO] 日志实例已初始化...
[2020-04-12 17:59:41:976] [vo.logVo.LogVo.<init>] [INFO] 日志实例已初始化...
[2020-04-12 17:59:41:977] [vo.logVo.LogVo.<init>] [INFO] 日志实例已初始化...
[2020-04-12 17:59:41:978] [vo.logVo.LogVo.<init>] [INFO] 日志实例已初始化...
[2020-04-12 17:59:41:980] [vo.logVo.LogVo.<init>] [INFO] 日志实例已初始化...
[2020-04-12 17:59:41:981] [vo.logVo.LogVo.<init>] [INFO] 日志实例已初始化...
[2020-04-12 17:59:41:982] [vo.logVo.LogVo.<init>] [INFO] 日志实例已初始化...
[2020-04-12 17:59:41:983] [vo.logVo.LogVo.<init>] [INFO] 日志实例已初始化...
[2020-04-12 17:59:41:986] [vo.logVo.LogVo.<init>] [INFO] 日志实例已初始化...
[2020-04-12 17:59:41:987] [vo.logVo.LogVo.<init>] [INFO] 日志实例已初始化...
[2020-04-12 17:59:41:988] [vo.logVo.LogVo.<init>] [INFO] 日志实例已初始化...
[2020-04-12 17:59:41:989] [vo.logVo.LogVo.<init>] [INFO] 日志实例已初始化...
[2020-04-12 17:59:41:990] [vo.logVo.LogVo.<init>] [INFO] 日志实例已初始化...
[2020-04-12 17:59:41:991] [vo.logVo.LogVo.<init>] [INFO] 日志实例已初始化...
[2020-04-12 17:59:41:991] [vo.logVo.LogVo.<init>] [INFO] 日志实例已初始化...
[2020-04-12 17:59:41:992] [vo.logVo.LogVo.<init>] [INFO] 日志实例已初始化...
[2020-04-12 17:59:41:993] [vo.logVo.LogVo.<init>] [INFO] 日志实例已初始化...
[2020-04-12 17:59:41:993] [vo.logVo.LogVo.<init>] [INFO] 日志实例已初始化...
[2020-04-12 17:59:41:995] [vo.logVo.LogVo.<init>] [INFO] 日志实例已初始化...
[2020-04-12 17:59:41:997] [vo.logVo.LogVo.<init>] [INFO] 日志实例已初始化...
[2020-04-12 17:59:41:998] [vo.logVo.LogVo.<init>] [INFO] 日志实例已初始化...
[2020-04-12 17:59:41:999] [vo.logVo.LogVo.<init>] [INFO] 日志实例已初始化...
[2020-04-12 17:59:42:000] [vo.logVo.LogVo.<init>] [INFO] 日志实例已初始化...
[2020-04-12 17:59:42:003] [vo.logVo.LogVo.<init>] [INFO] 日志实例已初始化...
[2020-04-12 17:59:42:004] [vo.logVo.LogVo.<init>] [INFO] 日志实例已初始化...
[2020-04-12 17:59:42:005] [vo.logVo.LogVo.<init>] [INFO] 日志实例已初始化...
[2020-04-12 17:59:42:006] [vo.logVo.LogVo.<init>] [INFO] 日志实例已初始化...
[2020-04-12 17:59:42:007] [vo.logVo.LogVo.<init>] [INFO] 日志实例已初始化...
[2020-04-12 17:59:42:008] [vo.logVo.LogVo.<init>] [INFO] 日志实例已初始化...
[2020-04-12 17:59:42:009] [vo.logVo.LogVo.<init>] [INFO] 日志实例已初始化...
[2020-04-12 17:59:42:009] [vo.logVo.LogVo.<init>] [INFO] 日志实例已初始化...
[2020-04-12 17:59:42:011] [vo.logVo.LogVo.<init>] [INFO] 日志实例已初始化...
[2020-04-12 17:59:42:011] [vo.logVo.LogVo.<init>] [INFO] 日志实例已初始化...
[2020-04-12 17:59:42:012] [vo.logVo.LogVo.<init>] [INFO] 日志实例已初始化...
[2020-04-12 17:59:42:013] [vo.logVo.LogVo.<init>] [INFO] 日志实例已初始化...
[2020-04-12 17:59:42:014] [vo.logVo.LogVo.<init>] [INFO] 日志实例已初始化...
[2020-04-12 17:59:42:014] [vo.logVo.LogVo.<init>] [INFO] 日志实例已初始化...
[2020-04-12 17:59:42:015] [vo.logVo.LogVo.<init>] [INFO] 日志实例已初始化...
[2020-04-12 17:59:42:016] [vo.logVo.LogVo.<init>] [INFO] 日志实例已初始化...
[2020-04-12 17:59:42:017] [vo.logVo.LogVo.<init>] [INFO] 日志实例已初始化...
[2020-04-12 17:59:42:019] [vo.logVo.LogVo.<init>] [INFO] 日志实例已初始化...
[2020-04-12 17:59:42:020] [vo.logVo.LogVo.<init>] [INFO] 日志实例已初始化...
[2020-04-12 17:59:42:021] [vo.logVo.LogVo.<init>] [INFO] 日志实例已初始化...
[2020-04-12 17:59:42:022] [vo.logVo.LogVo.<init>] [INFO] 日志实例已初始化...
[2020-04-12 17:59:42:022] [vo.logVo.LogVo.<init>] [INFO] 日志实例已初始化...
[2020-04-12 17:59:42:023] [vo.logVo.LogVo.<init>] [INFO] 日志实例已初始化...
[2020-04-12 17:59:42:023] [vo.logVo.LogVo.<init>] [INFO] 日志实例已初始化...
[2020-04-12 17:59:42:024] [vo.logVo.LogVo.<init>] [INFO] 日志实例已初始化...
[2020-04-12 17:59:42:024] [vo.logVo.LogVo.<init>] [INFO] 日志实例已初始化...
[2020-04-12 17:59:42:025] [vo.logVo.LogVo.<init>] [INFO] 日志实例已初始化...
[2020-04-12 17:59:42:025] [vo.logVo.LogVo.<init>] [INFO] 日志实例已初始化...
[2020-04-12 17:59:42:026] [vo.logVo.LogVo.<init>] [INFO] 日志实例已初始化...
[2020-04-12 17:59:42:028] [vo.logVo.LogVo.<init>] [INFO] 日志实例已初始化...
[2020-04-12 17:59:42:029] [vo.logVo.LogVo.<init>] [INFO] 日志实例已初始化...
[2020-04-12 17:59:42:030] [vo.logVo.LogVo.<init>] [INFO] 日志实例已初始化...
[2020-04-12 17:59:42:030] [vo.logVo.LogVo.<init>] [INFO] 日志实例已初始化...
[2020-04-12 17:59:42:031] [vo.logVo.LogVo.<init>] [INFO] 日志实例已初始化...
[2020-04-12 17:59:42:032] [vo.logVo.LogVo.<init>] [INFO] 日志实例已初始化...
[2020-04-12 17:59:42:032] [vo.logVo.LogVo.<init>] [INFO] 日志实例已初始化...
[2020-04-12 17:59:42:033] [vo.logVo.LogVo.<init>] [INFO] 日志实例已初始化...
[2020-04-12 17:59:42:033] [vo.logVo.LogVo.<init>] [INFO] 日志实例已初始化...
[2020-04-12 17:59:42:035] [vo.logVo.LogVo.<init>] [INFO] 日志实例已初始化...
[2020-04-12 17:59:42:036] [vo.logVo.LogVo.<init>] [INFO] 日志实例已初始化...
[2020-04-12 17:59:42:037] [vo.logVo.LogVo.<init>] [INFO] 日志实例已初始化...
[2020-04-12 17:59:42:038] [vo.logVo.LogVo.<init>] [INFO] 日志实例已初始化...
[2020-04-12 17:59:42:040] [vo.logVo.LogVo.<init>] [INFO] 日志实例已初始化...
[2020-04-12 17:59:42:041] [vo.logVo.LogVo.<init>] [INFO] 日志实例已初始化...
[2020-04-12 17:59:42:042] [vo.logVo.LogVo.<init>] [INFO] 日志实例已初始化...
[2020-04-12 17:59:42:042] [vo.logVo.LogVo.<init>] [INFO] 日志实例已初始化...
[2020-04-12 17:59:42:043] [vo.logVo.LogVo.<init>] [INFO] 日志实例已初始化...
[2020-04-12 17:59:42:043] [vo.logVo.LogVo.<init>] [INFO] 日志实例已初始化...
[2020-04-12 17:59:42:044] [vo.logVo.LogVo.<init>] [INFO] 日志实例已初始化...
[2020-04-12 17:59:42:044] [vo.logVo.LogVo.<init>] [INFO] 日志实例已初始化...
[2020-04-12 17:59:42:044] [vo.logVo.LogVo.<init>] [INFO] 日志实例已初始化...
[2020-04-12 17:59:42:045] [vo.logVo.LogVo.<init>] [INFO] 日志实例已初始化...
[2020-04-12 17:59:42:045] [vo.logVo.LogVo.<init>] [INFO] 日志实例已初始化...
[2020-04-12 17:59:42:045] [vo.logVo.LogVo.<init>] [INFO] 日志实例已初始化...
[2020-04-12 17:59:42:046] [vo.logVo.LogVo.<init>] [INFO] 日志实例已初始化...
[2020-04-12 17:59:42:046] [vo.logVo.LogVo.<init>] [INFO] 日志实例已初始化...
[2020-04-12 17:59:42:047] [vo.logVo.LogVo.<init>] [INFO] 日志实例已初始化...
[2020-04-12 17:59:42:047] [vo.logVo.LogVo.<init>] [INFO] 日志实例已初始化...
[2020-04-12 17:59:42:047] [vo.logVo.LogVo.<init>] [INFO] 日志实例已初始化...
[2020-04-12 17:59:42:048] [vo.logVo.LogVo.<init>] [INFO] 日志实例已初始化...
[2020-04-12 17:59:42:048] [vo.logVo.LogVo.<init>] [INFO] 日志实例已初始化...
[2020-04-12 17:59:42:049] [vo.logVo.LogVo.<init>] [INFO] 日志实例已初始化...
[2020-04-12 17:59:42:050] [vo.logVo.LogVo.<init>] [INFO] 日志实例已初始化...
[2020-04-12 17:59:42:051] [vo.logVo.LogVo.<init>] [INFO] 日志实例已初始化...
[2020-04-12 17:59:42:052] [vo.logVo.LogVo.<init>] [INFO] 日志实例已初始化...
[2020-04-12 17:59:42:053] [vo.logVo.LogVo.<init>] [INFO] 日志实例已初始化...
[2020-04-12 17:59:42:054] [vo.logVo.LogVo.<init>] [INFO] 日志实例已初始化...
[2020-04-12 17:59:42:055] [vo.logVo.LogVo.<init>] [INFO] 日志实例已初始化...
[2020-04-12 17:59:42:055] [vo.logVo.LogVo.<init>] [INFO] 日志实例已初始化...
[2020-04-12 17:59:42:056] [vo.logVo.LogVo.<init>] [INFO] 日志实例已初始化...
[2020-04-12 17:59:42:057] [vo.logVo.LogVo.<init>] [INFO] 日志实例已初始化...
[2020-04-12 17:59:42:057] [vo.logVo.LogVo.<init>] [INFO] 日志实例已初始化...
[2020-04-12 17:59:42:058] [vo.logVo.LogVo.<init>] [INFO] 日志实例已初始化...
[2020-04-12 17:59:42:059] [vo.logVo.LogVo.<init>] [INFO] 日志实例已初始化...
[2020-04-12 17:59:42:061] [vo.logVo.LogVo.<init>] [INFO] 日志实例已初始化...
[2020-04-12 17:59:42:062] [vo.logVo.LogVo.<init>] [INFO] 日志实例已初始化...
[2020-04-12 17:59:42:063] [vo.logVo.LogVo.<init>] [INFO] 日志实例已初始化...
[2020-04-12 17:59:42:064] [vo.logVo.LogVo.<init>] [INFO] 日志实例已初始化...
[2020-04-12 17:59:42:064] [vo.logVo.LogVo.<init>] [INFO] 日志实例已初始化...
[2020-04-12 17:59:42:065] [vo.logVo.LogVo.<init>] [INFO] 日志实例已初始化...
[2020-04-12 17:59:42:066] [vo.logVo.LogVo.<init>] [INFO] 日志实例已初始化...
[2020-04-12 17:59:42:066] [vo.logVo.LogVo.<init>] [INFO] 日志实例已初始化...
[2020-04-12 17:59:42:067] [vo.logVo.LogVo.<init>] [INFO] 日志实例已初始化...
[2020-04-12 17:59:42:068] [vo.logVo.LogVo.<init>] [INFO] 日志实例已初始化...
[2020-04-12 17:59:42:070] [vo.logVo.LogVo.<init>] [INFO] 日志实例已初始化...
[2020-04-12 17:59:42:071] [vo.logVo.LogVo.<init>] [INFO] 日志实例已初始化...
[2020-04-12 17:59:42:072] [vo.logVo.LogVo.<init>] [INFO] 日志实例已初始化...
[2020-04-12 17:59:42:072] [vo.logVo.LogVo.<init>] [INFO] 日志实例已初始化...
[2020-04-12 17:59:42:073] [vo.logVo.LogVo.<init>] [INFO] 日志实例已初始化...
[2020-04-12 17:59:42:073] [vo.logVo.LogVo.<init>] [INFO] 日志实例已初始化...
[2020-04-12 17:59:42:074] [vo.logVo.LogVo.<init>] [INFO] 日志实例已初始化...
[2020-04-12 17:59:42:074] [vo.logVo.LogVo.<init>] [INFO] 日志实例已初始化...
[2020-04-12 17:59:42:074] [vo.logVo.LogVo.<init>] [INFO] 日志实例已初始化...
[2020-04-12 17:59:42:075] [vo.logVo.LogVo.<init>] [INFO] 日志实例已初始化...
[2020-04-12 17:59:42:075] [vo.logVo.LogVo.<init>] [INFO] 日志实例已初始化...
[2020-04-12 17:59:42:075] [vo.logVo.LogVo.<init>] [INFO] 日志实例已初始化...
[2020-04-12 17:59:42:076] [vo.logVo.LogVo.<init>] [INFO] 日志实例已初始化...
[2020-04-12 17:59:42:076] [vo.logVo.LogVo.<init>] [INFO] 日志实例已初始化...
[2020-04-12 17:59:42:077] [vo.logVo.LogVo.<init>] [INFO] 日志实例已初始化...
[2020-04-12 17:59:42:078] [vo.logVo.LogVo.<init>] [INFO] 日志实例已初始化...
[2020-04-12 17:59:42:078] [vo.logVo.LogVo.<init>] [INFO] 日志实例已初始化...
[2020-04-12 17:59:42:078] [vo.logVo.LogVo.<init>] [INFO] 日志实例已初始化...
[2020-04-12 17:59:42:079] [vo.logVo.LogVo.<init>] [INFO] 日志实例已初始化...
[2020-04-12 17:59:42:080] [vo.logVo.LogVo.<init>] [INFO] 日志实例已初始化...
[2020-04-12 17:59:42:080] [vo.logVo.LogVo.<init>] [INFO] 日志实例已初始化...
[2020-04-12 17:59:42:081] [vo.logVo.LogVo.<init>] [INFO] 日志实例已初始化...
[2020-04-12 17:59:42:081] [vo.logVo.LogVo.<init>] [INFO] 日志实例已初始化...
[2020-04-12 17:59:42:082] [vo.logVo.LogVo.<init>] [INFO] 日志实例已初始化...
[2020-04-12 17:59:42:082] [vo.logVo.LogVo.<init>] [INFO] 日志实例已初始化...
[2020-04-12 17:59:42:083] [vo.logVo.LogVo.<init>] [INFO] 日志实例已初始化...
[2020-04-12 17:59:42:083] [vo.logVo.LogVo.<init>] [INFO] 日志实例已初始化...
[2020-04-12 17:59:42:084] [vo.logVo.LogVo.<init>] [INFO] 日志实例已初始化...
[2020-04-12 17:59:42:085] [vo.logVo.LogVo.<init>] [INFO] 日志实例已初始化...
[2020-04-12 17:59:42:086] [vo.logVo.LogVo.<init>] [INFO] 日志实例已初始化...
[2020-04-12 17:59:42:091] [vo.logVo.LogVo.<init>] [INFO] 日志实例已初始化...
[2020-04-12 17:59:42:092] [vo.logVo.LogVo.<init>] [INFO] 日志实例已初始化...
[2020-04-12 17:59:42:093] [vo.logVo.LogVo.<init>] [INFO] 日志实例已初始化...
[2020-04-12 17:59:42:094] [vo.logVo.LogVo.<init>] [INFO] 日志实例已初始化...
[2020-04-12 17:59:42:095] [vo.logVo.LogVo.<init>] [INFO] 日志实例已初始化...
[2020-04-12 17:59:42:096] [vo.logVo.LogVo.<init>] [INFO] 日志实例已初始化...
[2020-04-12 17:59:42:097] [vo.logVo.LogVo.<init>] [INFO] 日志实例已初始化...
[2020-04-12 17:59:42:097] [vo.logVo.LogVo.<init>] [INFO] 日志实例已初始化...
[2020-04-12 17:59:42:098] [vo.logVo.LogVo.<init>] [INFO] 日志实例已初始化...
[2020-04-12 17:59:42:098] [vo.logVo.LogVo.<init>] [INFO] 日志实例已初始化...
[2020-04-12 17:59:42:099] [vo.logVo.LogVo.<init>] [INFO] 日志实例已初始化...
[2020-04-12 17:59:42:100] [vo.logVo.LogVo.<init>] [INFO] 日志实例已初始化...
[2020-04-12 17:59:42:100] [vo.logVo.LogVo.<init>] [INFO] 日志实例已初始化...
[2020-04-12 17:59:42:101] [vo.logVo.LogVo.<init>] [INFO] 日志实例已初始化...
[2020-04-12 17:59:42:102] [vo.logVo.LogVo.<init>] [INFO] 日志实例已初始化...
[2020-04-12 17:59:42:103] [vo.logVo.LogVo.<init>] [INFO] 日志实例已初始化...
[2020-04-12 17:59:42:104] [vo.logVo.LogVo.<init>] [INFO] 日志实例已初始化...
[2020-04-12 17:59:42:105] [vo.logVo.LogVo.<init>] [INFO] 日志实例已初始化...
[2020-04-12 17:59:42:106] [vo.logVo.LogVo.<init>] [INFO] 日志实例已初始化...
[2020-04-12 17:59:42:107] [vo.logVo.LogVo.<init>] [INFO] 日志实例已初始化...
[2020-04-12 17:59:42:107] [vo.logVo.LogVo.<init>] [INFO] 日志实例已初始化...
[2020-04-12 17:59:42:108] [vo.logVo.LogVo.<init>] [INFO] 日志实例已初始化...
[2020-04-12 17:59:42:108] [vo.logVo.LogVo.<init>] [INFO] 日志实例已初始化...
[2020-04-12 17:59:42:109] [vo.logVo.LogVo.<init>] [INFO] 日志实例已初始化...
[2020-04-12 17:59:42:109] [vo.logVo.LogVo.<init>] [INFO] 日志实例已初始化...
[2020-04-12 17:59:42:110] [vo.logVo.LogVo.<init>] [INFO] 日志实例已初始化...
[2020-04-12 17:59:42:111] [vo.logVo.LogVo.<init>] [INFO] 日志实例已初始化...
[2020-04-12 17:59:42:112] [vo.logVo.LogVo.<init>] [INFO] 日志实例已初始化...
[2020-04-12 17:59:42:113] [vo.logVo.LogVo.<init>] [INFO] 日志实例已初始化...
[2020-04-12 17:59:42:113] [vo.logVo.LogVo.<init>] [INFO] 日志实例已初始化...
[2020-04-12 17:59:42:114] [vo.logVo.LogVo.<init>] [INFO] 日志实例已初始化...
[2020-04-12 17:59:42:115] [vo.logVo.LogVo.<init>] [INFO] 日志实例已初始化...
[2020-04-12 17:59:42:115] [vo.logVo.LogVo.<init>] [INFO] 日志实例已初始化...
[2020-04-12 17:59:42:116] [vo.logVo.LogVo.<init>] [INFO] 日志实例已初始化...
[2020-04-12 17:59:42:117] [vo.logVo.LogVo.<init>] [INFO] 日志实例已初始化...
[2020-04-12 17:59:42:120] [vo.logVo.LogVo.<init>] [INFO] 日志实例已初始化...
[2020-04-12 17:59:42:120] [vo.logVo.LogVo.<init>] [INFO] 日志实例已初始化...
[2020-04-12 17:59:42:121] [vo.logVo.LogVo.<init>] [INFO] 日志实例已初始化...
[2020-04-12 17:59:42:121] [vo.logVo.LogVo.<init>] [INFO] 日志实例已初始化...
[2020-04-12 17:59:42:122] [vo.logVo.LogVo.<init>] [INFO] 日志实例已初始化...
[2020-04-12 17:59:42:122] [vo.logVo.LogVo.<init>] [INFO] 日志实例已初始化...
[2020-04-12 17:59:42:122] [vo.logVo.LogVo.<init>] [INFO] 日志实例已初始化...
[2020-04-12 17:59:42:123] [vo.logVo.LogVo.<init>] [INFO] 日志实例已初始化...
[2020-04-12 17:59:42:123] [vo.logVo.LogVo.<init>] [INFO] 日志实例已初始化...
[2020-04-12 17:59:42:123] [vo.logVo.LogVo.<init>] [INFO] 日志实例已初始化...
[2020-04-12 17:59:42:124] [vo.logVo.LogVo.<init>] [INFO] 日志实例已初始化...
[2020-04-12 17:59:42:124] [vo.logVo.LogVo.<init>] [INFO] 日志实例已初始化...
[2020-04-12 17:59:42:124] [vo.logVo.LogVo.<init>] [INFO] 日志实例已初始化...
[2020-04-12 17:59:42:125] [vo.logVo.LogVo.<init>] [INFO] 日志实例已初始化...
[2020-04-12 17:59:42:126] [vo.logVo.LogVo.<init>] [INFO] 日志实例已初始化...
[2020-04-12 17:59:42:126] [vo.logVo.LogVo.<init>] [INFO] 日志实例已初始化...
[2020-04-12 17:59:42:127] [vo.logVo.LogVo.<init>] [INFO] 日志实例已初始化...
[2020-04-12 17:59:42:128] [vo.logVo.LogVo.<init>] [INFO] 日志实例已初始化...
[2020-04-12 17:59:42:128] [vo.logVo.LogVo.<init>] [INFO] 日志实例已初始化...
[2020-04-12 17:59:42:128] [vo.logVo.LogVo.<init>] [INFO] 日志实例已初始化...
[2020-04-12 17:59:42:129] [vo.logVo.LogVo.<init>] [INFO] 日志实例已初始化...
[2020-04-12 17:59:42:130] [vo.logVo.LogVo.<init>] [INFO] 日志实例已初始化...
[2020-04-12 17:59:42:130] [vo.logVo.LogVo.<init>] [INFO] 日志实例已初始化...
[2020-04-12 17:59:42:130] [vo.logVo.LogVo.<init>] [INFO] 日志实例已初始化...
[2020-04-12 17:59:42:131] [vo.logVo.LogVo.<init>] [INFO] 日志实例已初始化...
[2020-04-12 17:59:42:131] [vo.logVo.LogVo.<init>] [INFO] 日志实例已初始化...
[2020-04-12 17:59:42:132] [vo.logVo.LogVo.<init>] [INFO] 日志实例已初始化...
[2020-04-12 17:59:42:132] [vo.logVo.LogVo.<init>] [INFO] 日志实例已初始化...
[2020-04-12 17:59:42:132] [vo.logVo.LogVo.<init>] [INFO] 日志实例已初始化...
[2020-04-12 17:59:42:136] [vo.logVo.LogVo.<init>] [INFO] 日志实例已初始化...
[2020-04-12 17:59:42:137] [vo.logVo.LogVo.<init>] [INFO] 日志实例已初始化...
[2020-04-12 17:59:42:138] [vo.logVo.LogVo.<init>] [INFO] 日志实例已初始化...
[2020-04-12 17:59:42:140] [vo.logVo.LogVo.<init>] [INFO] 日志实例已初始化...
[2020-04-12 17:59:42:140] [vo.logVo.LogVo.<init>] [INFO] 日志实例已初始化...
[2020-04-12 17:59:42:141] [vo.logVo.LogVo.<init>] [INFO] 日志实例已初始化...
[2020-04-12 17:59:42:142] [vo.logVo.LogVo.<init>] [INFO] 日志实例已初始化...
[2020-04-12 17:59:42:144] [vo.logVo.LogVo.<init>] [INFO] 日志实例已初始化...
[2020-04-12 17:59:42:145] [vo.logVo.LogVo.<init>] [INFO] 日志实例已初始化...
[2020-04-12 17:59:42:146] [vo.logVo.LogVo.<init>] [INFO] 日志实例已初始化...
[2020-04-12 17:59:42:147] [vo.logVo.LogVo.<init>] [INFO] 日志实例已初始化...
[2020-04-12 17:59:42:148] [vo.logVo.LogVo.<init>] [INFO] 日志实例已初始化...
[2020-04-12 17:59:42:148] [vo.logVo.LogVo.<init>] [INFO] 日志实例已初始化...
[2020-04-12 17:59:42:152] [vo.logVo.LogVo.<init>] [INFO] 日志实例已初始化...
[2020-04-12 17:59:42:153] [vo.logVo.LogVo.<init>] [INFO] 日志实例已初始化...
[2020-04-12 17:59:42:153] [vo.logVo.LogVo.<init>] [INFO] 日志实例已初始化...
[2020-04-12 17:59:42:154] [vo.logVo.LogVo.<init>] [INFO] 日志实例已初始化...
[2020-04-12 17:59:42:154] [vo.logVo.LogVo.<init>] [INFO] 日志实例已初始化...
[2020-04-12 17:59:42:155] [vo.logVo.LogVo.<init>] [INFO] 日志实例已初始化...
[2020-04-12 17:59:42:156] [vo.logVo.LogVo.<init>] [INFO] 日志实例已初始化...
[2020-04-12 17:59:42:156] [vo.logVo.LogVo.<init>] [INFO] 日志实例已初始化...
[2020-04-12 17:59:42:157] [vo.logVo.LogVo.<init>] [INFO] 日志实例已初始化...
[2020-04-12 17:59:42:157] [vo.logVo.LogVo.<init>] [INFO] 日志实例已初始化...
[2020-04-12 17:59:42:158] [vo.logVo.LogVo.<init>] [INFO] 日志实例已初始化...
[2020-04-12 17:59:42:158] [vo.logVo.LogVo.<init>] [INFO] 日志实例已初始化...
[2020-04-12 17:59:42:159] [vo.logVo.LogVo.<init>] [INFO] 日志实例已初始化...
[2020-04-12 17:59:42:160] [vo.logVo.LogVo.<init>] [INFO] 日志实例已初始化...
[2020-04-12 17:59:42:161] [vo.logVo.LogVo.<init>] [INFO] 日志实例已初始化...
[2020-04-12 17:59:42:162] [vo.logVo.LogVo.<init>] [INFO] 日志实例已初始化...
[2020-04-12 17:59:42:163] [vo.logVo.LogVo.<init>] [INFO] 日志实例已初始化...
[2020-04-12 17:59:42:164] [vo.logVo.LogVo.<init>] [INFO] 日志实例已初始化...
[2020-04-12 17:59:42:164] [vo.logVo.LogVo.<init>] [INFO] 日志实例已初始化...
[2020-04-12 17:59:42:165] [vo.logVo.LogVo.<init>] [INFO] 日志实例已初始化...
[2020-04-12 17:59:42:165] [vo.logVo.LogVo.<init>] [INFO] 日志实例已初始化...
[2020-04-12 17:59:42:166] [vo.logVo.LogVo.<init>] [INFO] 日志实例已初始化...
[2020-04-12 17:59:42:169] [vo.logVo.LogVo.<init>] [INFO] 日志实例已初始化...
[2020-04-12 17:59:42:170] [vo.logVo.LogVo.<init>] [INFO] 日志实例已初始化...
[2020-04-12 17:59:42:171] [vo.logVo.LogVo.<init>] [INFO] 日志实例已初始化...
[2020-04-12 17:59:42:243] [vo.logVo.LogVo.<init>] [INFO] 日志实例已初始化...
[2020-04-12 17:59:42:262] [vo.logVo.LogVo.<init>] [INFO] 日志实例已初始化...
[2020-04-12 17:59:53:003] [vo.logVo.LogVo.<init>] [INFO] 日志实例已初始化...
[2020-04-12 17:59:53:004] [vo.logVo.LogVo.<init>] [INFO] 日志实例已初始化...
[2020-04-12 17:59:53:005] [vo.logVo.LogVo.<init>] [INFO] 日志实例已初始化...
[2020-04-12 17:59:53:005] [vo.logVo.LogVo.<init>] [INFO] 日志实例已初始化...
[2020-04-12 17:59:53:005] [vo.logVo.LogVo.<init>] [INFO] 日志实例已初始化...
[2020-04-12 17:59:53:006] [vo.logVo.LogVo.<init>] [INFO] 日志实例已初始化...
[2020-04-12 17:59:53:006] [vo.logVo.LogVo.<init>] [INFO] 日志实例已初始化...
[2020-04-12 17:59:53:007] [vo.logVo.LogVo.<init>] [INFO] 日志实例已初始化...
[2020-04-12 17:59:53:008] [vo.logVo.LogVo.<init>] [INFO] 日志实例已初始化...
[2020-04-12 17:59:53:009] [vo.logVo.LogVo.<init>] [INFO] 日志实例已初始化...
[2020-04-12 17:59:53:009] [vo.logVo.LogVo.<init>] [INFO] 日志实例已初始化...
[2020-04-12 17:59:53:010] [vo.logVo.LogVo.<init>] [INFO] 日志实例已初始化...
[2020-04-12 17:59:53:010] [vo.logVo.LogVo.<init>] [INFO] 日志实例已初始化...
[2020-04-12 17:59:53:011] [vo.logVo.LogVo.<init>] [INFO] 日志实例已初始化...
[2020-04-12 17:59:53:011] [vo.logVo.LogVo.<init>] [INFO] 日志实例已初始化...
[2020-04-12 17:59:53:012] [vo.logVo.LogVo.<init>] [INFO] 日志实例已初始化...
[2020-04-12 17:59:53:012] [vo.logVo.LogVo.<init>] [INFO] 日志实例已初始化...
[2020-04-12 17:59:53:012] [vo.logVo.LogVo.<init>] [INFO] 日志实例已初始化...
[2020-04-12 17:59:53:013] [vo.logVo.LogVo.<init>] [INFO] 日志实例已初始化...
[2020-04-12 17:59:53:013] [vo.logVo.LogVo.<init>] [INFO] 日志实例已初始化...
[2020-04-12 17:59:53:013] [vo.logVo.LogVo.<init>] [INFO] 日志实例已初始化...
[2020-04-12 17:59:53:013] [vo.logVo.LogVo.<init>] [INFO] 日志实例已初始化...
[2020-04-12 17:59:53:014] [vo.logVo.LogVo.<init>] [INFO] 日志实例已初始化...
[2020-04-12 17:59:53:014] [vo.logVo.LogVo.<init>] [INFO] 日志实例已初始化...
[2020-04-12 17:59:53:015] [vo.logVo.LogVo.<init>] [INFO] 日志实例已初始化...
[2020-04-12 17:59:53:015] [vo.logVo.LogVo.<init>] [INFO] 日志实例已初始化...
[2020-04-12 17:59:53:016] [vo.logVo.LogVo.<init>] [INFO] 日志实例已初始化...
[2020-04-12 17:59:53:016] [vo.logVo.LogVo.<init>] [INFO] 日志实例已初始化...
[2020-04-12 17:59:53:016] [vo.logVo.LogVo.<init>] [INFO] 日志实例已初始化...
[2020-04-12 17:59:53:017] [vo.logVo.LogVo.<init>] [INFO] 日志实例已初始化...
[2020-04-12 17:59:53:017] [vo.logVo.LogVo.<init>] [INFO] 日志实例已初始化...
[2020-04-12 17:59:53:018] [vo.logVo.LogVo.<init>] [INFO] 日志实例已初始化...
[2020-04-12 17:59:53:018] [vo.logVo.LogVo.<init>] [INFO] 日志实例已初始化...
[2020-04-12 17:59:53:019] [vo.logVo.LogVo.<init>] [INFO] 日志实例已初始化...
[2020-04-12 17:59:53:020] [vo.logVo.LogVo.<init>] [INFO] 日志实例已初始化...
[2020-04-12 17:59:53:020] [vo.logVo.LogVo.<init>] [INFO] 日志实例已初始化...
[2020-04-12 17:59:53:021] [vo.logVo.LogVo.<init>] [INFO] 日志实例已初始化...
[2020-04-12 17:59:53:021] [vo.logVo.LogVo.<init>] [INFO] 日志实例已初始化...
[2020-04-12 17:59:53:022] [vo.logVo.LogVo.<init>] [INFO] 日志实例已初始化...
[2020-04-12 17:59:53:022] [vo.logVo.LogVo.<init>] [INFO] 日志实例已初始化...
[2020-04-12 17:59:53:022] [vo.logVo.LogVo.<init>] [INFO] 日志实例已初始化...
[2020-04-12 17:59:53:023] [vo.logVo.LogVo.<init>] [INFO] 日志实例已初始化...
[2020-04-12 17:59:53:023] [vo.logVo.LogVo.<init>] [INFO] 日志实例已初始化...
[2020-04-12 17:59:53:023] [vo.logVo.LogVo.<init>] [INFO] 日志实例已初始化...
[2020-04-12 17:59:53:024] [vo.logVo.LogVo.<init>] [INFO] 日志实例已初始化...
[2020-04-12 17:59:53:024] [vo.logVo.LogVo.<init>] [INFO] 日志实例已初始化...
[2020-04-12 17:59:53:024] [vo.logVo.LogVo.<init>] [INFO] 日志实例已初始化...
[2020-04-12 17:59:53:025] [vo.logVo.LogVo.<init>] [INFO] 日志实例已初始化...
[2020-04-12 17:59:53:025] [vo.logVo.LogVo.<init>] [INFO] 日志实例已初始化...
[2020-04-12 17:59:53:025] [vo.logVo.LogVo.<init>] [INFO] 日志实例已初始化...
[2020-04-12 17:59:53:025] [vo.logVo.LogVo.<init>] [INFO] 日志实例已初始化...
[2020-04-12 17:59:53:026] [vo.logVo.LogVo.<init>] [INFO] 日志实例已初始化...
[2020-04-12 17:59:53:027] [vo.logVo.LogVo.<init>] [INFO] 日志实例已初始化...
[2020-04-12 17:59:53:027] [vo.logVo.LogVo.<init>] [INFO] 日志实例已初始化...
[2020-04-12 17:59:53:028] [vo.logVo.LogVo.<init>] [INFO] 日志实例已初始化...
[2020-04-12 17:59:53:028] [vo.logVo.LogVo.<init>] [INFO] 日志实例已初始化...
[2020-04-12 17:59:53:029] [vo.logVo.LogVo.<init>] [INFO] 日志实例已初始化...
[2020-04-12 17:59:53:029] [vo.logVo.LogVo.<init>] [INFO] 日志实例已初始化...
[2020-04-12 17:59:53:029] [vo.logVo.LogVo.<init>] [INFO] 日志实例已初始化...
[2020-04-12 17:59:53:030] [vo.logVo.LogVo.<init>] [INFO] 日志实例已初始化...
[2020-04-12 17:59:53:030] [vo.logVo.LogVo.<init>] [INFO] 日志实例已初始化...
[2020-04-12 17:59:53:030] [vo.logVo.LogVo.<init>] [INFO] 日志实例已初始化...
[2020-04-12 17:59:53:030] [vo.logVo.LogVo.<init>] [INFO] 日志实例已初始化...
[2020-04-12 17:59:53:031] [vo.logVo.LogVo.<init>] [INFO] 日志实例已初始化...
[2020-04-12 17:59:53:031] [vo.logVo.LogVo.<init>] [INFO] 日志实例已初始化...
[2020-04-12 17:59:53:031] [vo.logVo.LogVo.<init>] [INFO] 日志实例已初始化...
[2020-04-12 17:59:53:032] [vo.logVo.LogVo.<init>] [INFO] 日志实例已初始化...
[2020-04-12 17:59:53:032] [vo.logVo.LogVo.<init>] [INFO] 日志实例已初始化...
[2020-04-12 17:59:53:032] [vo.logVo.LogVo.<init>] [INFO] 日志实例已初始化...
[2020-04-12 17:59:53:032] [vo.logVo.LogVo.<init>] [INFO] 日志实例已初始化...
[2020-04-12 17:59:53:033] [vo.logVo.LogVo.<init>] [INFO] 日志实例已初始化...
[2020-04-12 17:59:53:033] [vo.logVo.LogVo.<init>] [INFO] 日志实例已初始化...
[2020-04-12 17:59:53:033] [vo.logVo.LogVo.<init>] [INFO] 日志实例已初始化...
[2020-04-12 17:59:53:034] [vo.logVo.LogVo.<init>] [INFO] 日志实例已初始化...
[2020-04-12 17:59:53:034] [vo.logVo.LogVo.<init>] [INFO] 日志实例已初始化...
[2020-04-12 17:59:53:034] [vo.logVo.LogVo.<init>] [INFO] 日志实例已初始化...
[2020-04-12 17:59:53:035] [vo.logVo.LogVo.<init>] [INFO] 日志实例已初始化...
[2020-04-12 17:59:53:035] [vo.logVo.LogVo.<init>] [INFO] 日志实例已初始化...
[2020-04-12 17:59:53:035] [vo.logVo.LogVo.<init>] [INFO] 日志实例已初始化...
[2020-04-12 17:59:53:036] [vo.logVo.LogVo.<init>] [INFO] 日志实例已初始化...
[2020-04-12 17:59:53:036] [vo.logVo.LogVo.<init>] [INFO] 日志实例已初始化...
[2020-04-12 17:59:53:036] [vo.logVo.LogVo.<init>] [INFO] 日志实例已初始化...
[2020-04-12 17:59:53:036] [vo.logVo.LogVo.<init>] [INFO] 日志实例已初始化...
[2020-04-12 17:59:53:037] [vo.logVo.LogVo.<init>] [INFO] 日志实例已初始化...
[2020-04-12 17:59:53:037] [vo.logVo.LogVo.<init>] [INFO] 日志实例已初始化...
[2020-04-12 17:59:53:037] [vo.logVo.LogVo.<init>] [INFO] 日志实例已初始化...
[2020-04-12 17:59:53:038] [vo.logVo.LogVo.<init>] [INFO] 日志实例已初始化...
[2020-04-12 17:59:53:038] [vo.logVo.LogVo.<init>] [INFO] 日志实例已初始化...
[2020-04-12 17:59:53:038] [vo.logVo.LogVo.<init>] [INFO] 日志实例已初始化...
[2020-04-12 17:59:53:039] [vo.logVo.LogVo.<init>] [INFO] 日志实例已初始化...
[2020-04-12 17:59:53:040] [vo.logVo.LogVo.<init>] [INFO] 日志实例已初始化...
[2020-04-12 17:59:53:041] [vo.logVo.LogVo.<init>] [INFO] 日志实例已初始化...
[2020-04-12 17:59:53:042] [vo.logVo.LogVo.<init>] [INFO] 日志实例已初始化...
[2020-04-12 17:59:53:042] [vo.logVo.LogVo.<init>] [INFO] 日志实例已初始化...
[2020-04-12 17:59:53:043] [vo.logVo.LogVo.<init>] [INFO] 日志实例已初始化...
[2020-04-12 17:59:53:043] [vo.logVo.LogVo.<init>] [INFO] 日志实例已初始化...
[2020-04-12 17:59:53:044] [vo.logVo.LogVo.<init>] [INFO] 日志实例已初始化...
[2020-04-12 17:59:53:045] [vo.logVo.LogVo.<init>] [INFO] 日志实例已初始化...
[2020-04-12 17:59:53:045] [vo.logVo.LogVo.<init>] [INFO] 日志实例已初始化...
[2020-04-12 17:59:53:046] [vo.logVo.LogVo.<init>] [INFO] 日志实例已初始化...
[2020-04-12 17:59:53:047] [vo.logVo.LogVo.<init>] [INFO] 日志实例已初始化...
[2020-04-12 17:59:53:047] [vo.logVo.LogVo.<init>] [INFO] 日志实例已初始化...
[2020-04-12 17:59:53:048] [vo.logVo.LogVo.<init>] [INFO] 日志实例已初始化...
[2020-04-12 17:59:53:049] [vo.logVo.LogVo.<init>] [INFO] 日志实例已初始化...
[2020-04-12 17:59:53:049] [vo.logVo.LogVo.<init>] [INFO] 日志实例已初始化...
[2020-04-12 17:59:53:050] [vo.logVo.LogVo.<init>] [INFO] 日志实例已初始化...
[2020-04-12 17:59:53:051] [vo.logVo.LogVo.<init>] [INFO] 日志实例已初始化...
[2020-04-12 17:59:53:051] [vo.logVo.LogVo.<init>] [INFO] 日志实例已初始化...
[2020-04-12 17:59:53:052] [vo.logVo.LogVo.<init>] [INFO] 日志实例已初始化...
[2020-04-12 17:59:53:052] [vo.logVo.LogVo.<init>] [INFO] 日志实例已初始化...
[2020-04-12 17:59:53:053] [vo.logVo.LogVo.<init>] [INFO] 日志实例已初始化...
[2020-04-12 17:59:53:053] [vo.logVo.LogVo.<init>] [INFO] 日志实例已初始化...
[2020-04-12 17:59:53:053] [vo.logVo.LogVo.<init>] [INFO] 日志实例已初始化...
[2020-04-12 17:59:53:054] [vo.logVo.LogVo.<init>] [INFO] 日志实例已初始化...
[2020-04-12 17:59:53:060] [vo.logVo.LogVo.<init>] [INFO] 日志实例已初始化...
[2020-04-12 17:59:53:061] [vo.logVo.LogVo.<init>] [INFO] 日志实例已初始化...
[2020-04-12 17:59:53:062] [vo.logVo.LogVo.<init>] [INFO] 日志实例已初始化...
[2020-04-12 17:59:53:063] [vo.logVo.LogVo.<init>] [INFO] 日志实例已初始化...
[2020-04-12 17:59:53:064] [vo.logVo.LogVo.<init>] [INFO] 日志实例已初始化...
[2020-04-12 17:59:53:064] [vo.logVo.LogVo.<init>] [INFO] 日志实例已初始化...
[2020-04-12 17:59:53:065] [vo.logVo.LogVo.<init>] [INFO] 日志实例已初始化...
[2020-04-12 17:59:53:066] [vo.logVo.LogVo.<init>] [INFO] 日志实例已初始化...
[2020-04-12 17:59:53:066] [vo.logVo.LogVo.<init>] [INFO] 日志实例已初始化...
[2020-04-12 17:59:53:066] [vo.logVo.LogVo.<init>] [INFO] 日志实例已初始化...
[2020-04-12 17:59:53:067] [vo.logVo.LogVo.<init>] [INFO] 日志实例已初始化...
[2020-04-12 17:59:53:067] [vo.logVo.LogVo.<init>] [INFO] 日志实例已初始化...
[2020-04-12 17:59:53:068] [vo.logVo.LogVo.<init>] [INFO] 日志实例已初始化...
[2020-04-12 17:59:53:068] [vo.logVo.LogVo.<init>] [INFO] 日志实例已初始化...
[2020-04-12 17:59:53:069] [vo.logVo.LogVo.<init>] [INFO] 日志实例已初始化...
[2020-04-12 17:59:53:069] [vo.logVo.LogVo.<init>] [INFO] 日志实例已初始化...
[2020-04-12 17:59:53:070] [vo.logVo.LogVo.<init>] [INFO] 日志实例已初始化...
[2020-04-12 17:59:53:072] [vo.logVo.LogVo.<init>] [INFO] 日志实例已初始化...
[2020-04-12 17:59:53:074] [vo.logVo.LogVo.<init>] [INFO] 日志实例已初始化...
[2020-04-12 17:59:53:075] [vo.logVo.LogVo.<init>] [INFO] 日志实例已初始化...
[2020-04-12 17:59:53:076] [vo.logVo.LogVo.<init>] [INFO] 日志实例已初始化...
[2020-04-12 17:59:53:076] [vo.logVo.LogVo.<init>] [INFO] 日志实例已初始化...
[2020-04-12 17:59:53:077] [vo.logVo.LogVo.<init>] [INFO] 日志实例已初始化...
[2020-04-12 17:59:53:077] [vo.logVo.LogVo.<init>] [INFO] 日志实例已初始化...
[2020-04-12 17:59:53:078] [vo.logVo.LogVo.<init>] [INFO] 日志实例已初始化...
[2020-04-12 17:59:53:080] [vo.logVo.LogVo.<init>] [INFO] 日志实例已初始化...
[2020-04-12 17:59:53:081] [vo.logVo.LogVo.<init>] [INFO] 日志实例已初始化...
[2020-04-12 17:59:53:082] [vo.logVo.LogVo.<init>] [INFO] 日志实例已初始化...
[2020-04-12 17:59:53:082] [vo.logVo.LogVo.<init>] [INFO] 日志实例已初始化...
[2020-04-12 17:59:53:083] [vo.logVo.LogVo.<init>] [INFO] 日志实例已初始化...
[2020-04-12 17:59:53:084] [vo.logVo.LogVo.<init>] [INFO] 日志实例已初始化...
[2020-04-12 17:59:53:084] [vo.logVo.LogVo.<init>] [INFO] 日志实例已初始化...
[2020-04-12 17:59:53:085] [vo.logVo.LogVo.<init>] [INFO] 日志实例已初始化...
[2020-04-12 17:59:53:085] [vo.logVo.LogVo.<init>] [INFO] 日志实例已初始化...
[2020-04-12 17:59:53:088] [vo.logVo.LogVo.<init>] [INFO] 日志实例已初始化...
[2020-04-12 17:59:53:089] [vo.logVo.LogVo.<init>] [INFO] 日志实例已初始化...
[2020-04-12 17:59:53:090] [vo.logVo.LogVo.<init>] [INFO] 日志实例已初始化...
[2020-04-12 17:59:53:091] [vo.logVo.LogVo.<init>] [INFO] 日志实例已初始化...
[2020-04-12 17:59:53:092] [vo.logVo.LogVo.<init>] [INFO] 日志实例已初始化...
[2020-04-12 17:59:53:093] [vo.logVo.LogVo.<init>] [INFO] 日志实例已初始化...
[2020-04-12 17:59:53:093] [vo.logVo.LogVo.<init>] [INFO] 日志实例已初始化...
[2020-04-12 17:59:53:094] [vo.logVo.LogVo.<init>] [INFO] 日志实例已初始化...
[2020-04-12 17:59:53:094] [vo.logVo.LogVo.<init>] [INFO] 日志实例已初始化...
[2020-04-12 17:59:53:095] [vo.logVo.LogVo.<init>] [INFO] 日志实例已初始化...
[2020-04-12 17:59:53:095] [vo.logVo.LogVo.<init>] [INFO] 日志实例已初始化...
[2020-04-12 17:59:53:096] [vo.logVo.LogVo.<init>] [INFO] 日志实例已初始化...
[2020-04-12 17:59:53:096] [vo.logVo.LogVo.<init>] [INFO] 日志实例已初始化...
[2020-04-12 17:59:53:097] [vo.logVo.LogVo.<init>] [INFO] 日志实例已初始化...
[2020-04-12 17:59:53:097] [vo.logVo.LogVo.<init>] [INFO] 日志实例已初始化...
[2020-04-12 17:59:53:098] [vo.logVo.LogVo.<init>] [INFO] 日志实例已初始化...
[2020-04-12 17:59:53:098] [vo.logVo.LogVo.<init>] [INFO] 日志实例已初始化...
[2020-04-12 17:59:53:099] [vo.logVo.LogVo.<init>] [INFO] 日志实例已初始化...
[2020-04-12 17:59:53:099] [vo.logVo.LogVo.<init>] [INFO] 日志实例已初始化...
[2020-04-12 17:59:53:100] [vo.logVo.LogVo.<init>] [INFO] 日志实例已初始化...
[2020-04-12 17:59:53:100] [vo.logVo.LogVo.<init>] [INFO] 日志实例已初始化...
[2020-04-12 17:59:53:101] [vo.logVo.LogVo.<init>] [INFO] 日志实例已初始化...
[2020-04-12 17:59:53:101] [vo.logVo.LogVo.<init>] [INFO] 日志实例已初始化...
[2020-04-12 17:59:53:102] [vo.logVo.LogVo.<init>] [INFO] 日志实例已初始化...
[2020-04-12 17:59:53:102] [vo.logVo.LogVo.<init>] [INFO] 日志实例已初始化...
[2020-04-12 17:59:53:103] [vo.logVo.LogVo.<init>] [INFO] 日志实例已初始化...
[2020-04-12 17:59:53:103] [vo.logVo.LogVo.<init>] [INFO] 日志实例已初始化...
[2020-04-12 17:59:53:103] [vo.logVo.LogVo.<init>] [INFO] 日志实例已初始化...
[2020-04-12 17:59:53:104] [vo.logVo.LogVo.<init>] [INFO] 日志实例已初始化...
[2020-04-12 17:59:53:104] [vo.logVo.LogVo.<init>] [INFO] 日志实例已初始化...
[2020-04-12 17:59:53:105] [vo.logVo.LogVo.<init>] [INFO] 日志实例已初始化...
[2020-04-12 17:59:53:105] [vo.logVo.LogVo.<init>] [INFO] 日志实例已初始化...
[2020-04-12 17:59:53:105] [vo.logVo.LogVo.<init>] [INFO] 日志实例已初始化...
[2020-04-12 17:59:53:105] [vo.logVo.LogVo.<init>] [INFO] 日志实例已初始化...
[2020-04-12 17:59:53:106] [vo.logVo.LogVo.<init>] [INFO] 日志实例已初始化...
[2020-04-12 17:59:53:106] [vo.logVo.LogVo.<init>] [INFO] 日志实例已初始化...
[2020-04-12 17:59:53:106] [vo.logVo.LogVo.<init>] [INFO] 日志实例已初始化...
[2020-04-12 17:59:53:107] [vo.logVo.LogVo.<init>] [INFO] 日志实例已初始化...
[2020-04-12 17:59:53:107] [vo.logVo.LogVo.<init>] [INFO] 日志实例已初始化...
[2020-04-12 17:59:53:108] [vo.logVo.LogVo.<init>] [INFO] 日志实例已初始化...
[2020-04-12 17:59:53:108] [vo.logVo.LogVo.<init>] [INFO] 日志实例已初始化...
[2020-04-12 17:59:53:108] [vo.logVo.LogVo.<init>] [INFO] 日志实例已初始化...
[2020-04-12 17:59:53:109] [vo.logVo.LogVo.<init>] [INFO] 日志实例已初始化...
[2020-04-12 17:59:53:109] [vo.logVo.LogVo.<init>] [INFO] 日志实例已初始化...
[2020-04-12 17:59:53:109] [vo.logVo.LogVo.<init>] [INFO] 日志实例已初始化...
[2020-04-12 17:59:53:110] [vo.logVo.LogVo.<init>] [INFO] 日志实例已初始化...
[2020-04-12 17:59:53:110] [vo.logVo.LogVo.<init>] [INFO] 日志实例已初始化...
[2020-04-12 17:59:53:110] [vo.logVo.LogVo.<init>] [INFO] 日志实例已初始化...
[2020-04-12 17:59:53:110] [vo.logVo.LogVo.<init>] [INFO] 日志实例已初始化...
[2020-04-12 17:59:53:111] [vo.logVo.LogVo.<init>] [INFO] 日志实例已初始化...
[2020-04-12 17:59:53:112] [vo.logVo.LogVo.<init>] [INFO] 日志实例已初始化...
[2020-04-12 17:59:53:112] [vo.logVo.LogVo.<init>] [INFO] 日志实例已初始化...
[2020-04-12 17:59:53:112] [vo.logVo.LogVo.<init>] [INFO] 日志实例已初始化...
[2020-04-12 17:59:53:112] [vo.logVo.LogVo.<init>] [INFO] 日志实例已初始化...
[2020-04-12 17:59:53:113] [vo.logVo.LogVo.<init>] [INFO] 日志实例已初始化...
[2020-04-12 17:59:53:113] [vo.logVo.LogVo.<init>] [INFO] 日志实例已初始化...
[2020-04-12 17:59:53:113] [vo.logVo.LogVo.<init>] [INFO] 日志实例已初始化...
[2020-04-12 17:59:53:113] [vo.logVo.LogVo.<init>] [INFO] 日志实例已初始化...
[2020-04-12 17:59:53:114] [vo.logVo.LogVo.<init>] [INFO] 日志实例已初始化...
[2020-04-12 17:59:53:114] [vo.logVo.LogVo.<init>] [INFO] 日志实例已初始化...
[2020-04-12 17:59:53:114] [vo.logVo.LogVo.<init>] [INFO] 日志实例已初始化...
[2020-04-12 17:59:53:114] [vo.logVo.LogVo.<init>] [INFO] 日志实例已初始化...
[2020-04-12 17:59:53:115] [vo.logVo.LogVo.<init>] [INFO] 日志实例已初始化...
[2020-04-12 17:59:53:115] [vo.logVo.LogVo.<init>] [INFO] 日志实例已初始化...
[2020-04-12 17:59:53:115] [vo.logVo.LogVo.<init>] [INFO] 日志实例已初始化...
[2020-04-12 17:59:53:116] [vo.logVo.LogVo.<init>] [INFO] 日志实例已初始化...
[2020-04-12 17:59:53:116] [vo.logVo.LogVo.<init>] [INFO] 日志实例已初始化...
[2020-04-12 17:59:53:117] [vo.logVo.LogVo.<init>] [INFO] 日志实例已初始化...
[2020-04-12 17:59:53:117] [vo.logVo.LogVo.<init>] [INFO] 日志实例已初始化...
[2020-04-12 17:59:53:118] [vo.logVo.LogVo.<init>] [INFO] 日志实例已初始化...
[2020-04-12 17:59:53:118] [vo.logVo.LogVo.<init>] [INFO] 日志实例已初始化...
[2020-04-12 17:59:53:119] [vo.logVo.LogVo.<init>] [INFO] 日志实例已初始化...
[2020-04-12 17:59:53:119] [vo.logVo.LogVo.<init>] [INFO] 日志实例已初始化...
[2020-04-12 17:59:53:121] [vo.logVo.LogVo.<init>] [INFO] 日志实例已初始化...
[2020-04-12 17:59:53:121] [vo.logVo.LogVo.<init>] [INFO] 日志实例已初始化...
[2020-04-12 17:59:53:122] [vo.logVo.LogVo.<init>] [INFO] 日志实例已初始化...
[2020-04-12 17:59:53:123] [vo.logVo.LogVo.<init>] [INFO] 日志实例已初始化...
[2020-04-12 17:59:53:123] [vo.logVo.LogVo.<init>] [INFO] 日志实例已初始化...
[2020-04-12 17:59:53:124] [vo.logVo.LogVo.<init>] [INFO] 日志实例已初始化...
[2020-04-12 17:59:53:124] [vo.logVo.LogVo.<init>] [INFO] 日志实例已初始化...
[2020-04-12 17:59:53:124] [vo.logVo.LogVo.<init>] [INFO] 日志实例已初始化...
[2020-04-12 17:59:53:125] [vo.logVo.LogVo.<init>] [INFO] 日志实例已初始化...
[2020-04-12 17:59:53:125] [vo.logVo.LogVo.<init>] [INFO] 日志实例已初始化...
[2020-04-12 17:59:53:125] [vo.logVo.LogVo.<init>] [INFO] 日志实例已初始化...
[2020-04-12 17:59:53:126] [vo.logVo.LogVo.<init>] [INFO] 日志实例已初始化...
[2020-04-12 17:59:53:126] [vo.logVo.LogVo.<init>] [INFO] 日志实例已初始化...
[2020-04-12 17:59:53:127] [vo.logVo.LogVo.<init>] [INFO] 日志实例已初始化...
[2020-04-12 17:59:53:127] [vo.logVo.LogVo.<init>] [INFO] 日志实例已初始化...
[2020-04-12 17:59:53:127] [vo.logVo.LogVo.<init>] [INFO] 日志实例已初始化...
[2020-04-12 17:59:53:128] [vo.logVo.LogVo.<init>] [INFO] 日志实例已初始化...
[2020-04-12 17:59:53:128] [vo.logVo.LogVo.<init>] [INFO] 日志实例已初始化...
[2020-04-12 17:59:53:128] [vo.logVo.LogVo.<init>] [INFO] 日志实例已初始化...
[2020-04-12 17:59:53:129] [vo.logVo.LogVo.<init>] [INFO] 日志实例已初始化...
[2020-04-12 17:59:53:129] [vo.logVo.LogVo.<init>] [INFO] 日志实例已初始化...
[2020-04-12 17:59:53:130] [vo.logVo.LogVo.<init>] [INFO] 日志实例已初始化...
[2020-04-12 17:59:53:130] [vo.logVo.LogVo.<init>] [INFO] 日志实例已初始化...
[2020-04-12 17:59:53:131] [vo.logVo.LogVo.<init>] [INFO] 日志实例已初始化...
[2020-04-12 17:59:53:131] [vo.logVo.LogVo.<init>] [INFO] 日志实例已初始化...
[2020-04-12 17:59:53:132] [vo.logVo.LogVo.<init>] [INFO] 日志实例已初始化...
[2020-04-12 17:59:53:133] [vo.logVo.LogVo.<init>] [INFO] 日志实例已初始化...
[2020-04-12 17:59:53:133] [vo.logVo.LogVo.<init>] [INFO] 日志实例已初始化...
[2020-04-12 17:59:53:134] [vo.logVo.LogVo.<init>] [INFO] 日志实例已初始化...
[2020-04-12 17:59:53:135] [vo.logVo.LogVo.<init>] [INFO] 日志实例已初始化...
[2020-04-12 17:59:53:135] [vo.logVo.LogVo.<init>] [INFO] 日志实例已初始化...
[2020-04-12 17:59:53:136] [vo.logVo.LogVo.<init>] [INFO] 日志实例已初始化...
[2020-04-12 17:59:53:137] [vo.logVo.LogVo.<init>] [INFO] 日志实例已初始化...
[2020-04-12 17:59:53:138] [vo.logVo.LogVo.<init>] [INFO] 日志实例已初始化...
[2020-04-12 17:59:53:138] [vo.logVo.LogVo.<init>] [INFO] 日志实例已初始化...
[2020-04-12 17:59:53:139] [vo.logVo.LogVo.<init>] [INFO] 日志实例已初始化...
[2020-04-12 17:59:53:140] [vo.logVo.LogVo.<init>] [INFO] 日志实例已初始化...
[2020-04-12 17:59:53:141] [vo.logVo.LogVo.<init>] [INFO] 日志实例已初始化...
[2020-04-12 17:59:53:142] [vo.logVo.LogVo.<init>] [INFO] 日志实例已初始化...
[2020-04-12 17:59:53:142] [vo.logVo.LogVo.<init>] [INFO] 日志实例已初始化...
[2020-04-12 17:59:53:143] [vo.logVo.LogVo.<init>] [INFO] 日志实例已初始化...
[2020-04-12 17:59:53:143] [vo.logVo.LogVo.<init>] [INFO] 日志实例已初始化...
[2020-04-12 17:59:53:144] [vo.logVo.LogVo.<init>] [INFO] 日志实例已初始化...
[2020-04-12 17:59:53:144] [vo.logVo.LogVo.<init>] [INFO] 日志实例已初始化...
[2020-04-12 17:59:53:145] [vo.logVo.LogVo.<init>] [INFO] 日志实例已初始化...
[2020-04-12 17:59:53:146] [vo.logVo.LogVo.<init>] [INFO] 日志实例已初始化...
[2020-04-12 17:59:53:146] [vo.logVo.LogVo.<init>] [INFO] 日志实例已初始化...
[2020-04-12 17:59:53:147] [vo.logVo.LogVo.<init>] [INFO] 日志实例已初始化...
[2020-04-12 17:59:53:148] [vo.logVo.LogVo.<init>] [INFO] 日志实例已初始化...
[2020-04-12 17:59:53:149] [vo.logVo.LogVo.<init>] [INFO] 日志实例已初始化...
[2020-04-12 17:59:53:157] [vo.logVo.LogVo.<init>] [INFO] 日志实例已初始化...
[2020-04-12 17:59:53:159] [vo.logVo.LogVo.<init>] [INFO] 日志实例已初始化...
[2020-04-12 17:59:53:160] [vo.logVo.LogVo.<init>] [INFO] 日志实例已初始化...
[2020-04-12 17:59:53:160] [vo.logVo.LogVo.<init>] [INFO] 日志实例已初始化...
[2020-04-12 17:59:53:161] [vo.logVo.LogVo.<init>] [INFO] 日志实例已初始化...
[2020-04-12 17:59:53:161] [vo.logVo.LogVo.<init>] [INFO] 日志实例已初始化...
[2020-04-12 17:59:53:163] [vo.logVo.LogVo.<init>] [INFO] 日志实例已初始化...
[2020-04-12 17:59:53:163] [vo.logVo.LogVo.<init>] [INFO] 日志实例已初始化...
[2020-04-12 17:59:53:164] [vo.logVo.LogVo.<init>] [INFO] 日志实例已初始化...
[2020-04-12 17:59:53:165] [vo.logVo.LogVo.<init>] [INFO] 日志实例已初始化...
[2020-04-12 17:59:53:165] [vo.logVo.LogVo.<init>] [INFO] 日志实例已初始化...
[2020-04-12 17:59:53:166] [vo.logVo.LogVo.<init>] [INFO] 日志实例已初始化...
[2020-04-12 17:59:53:167] [vo.logVo.LogVo.<init>] [INFO] 日志实例已初始化...
[2020-04-12 17:59:53:168] [vo.logVo.LogVo.<init>] [INFO] 日志实例已初始化...
[2020-04-12 17:59:53:169] [vo.logVo.LogVo.<init>] [INFO] 日志实例已初始化...
[2020-04-12 17:59:53:170] [vo.logVo.LogVo.<init>] [INFO] 日志实例已初始化...
[2020-04-12 17:59:53:171] [vo.logVo.LogVo.<init>] [INFO] 日志实例已初始化...
[2020-04-12 17:59:53:172] [vo.logVo.LogVo.<init>] [INFO] 日志实例已初始化...
[2020-04-12 17:59:53:172] [vo.logVo.LogVo.<init>] [INFO] 日志实例已初始化...
[2020-04-12 17:59:53:175] [vo.logVo.LogVo.<init>] [INFO] 日志实例已初始化...
[2020-04-12 17:59:53:176] [vo.logVo.LogVo.<init>] [INFO] 日志实例已初始化...
[2020-04-12 17:59:53:176] [vo.logVo.LogVo.<init>] [INFO] 日志实例已初始化...
[2020-04-12 17:59:53:178] [vo.logVo.LogVo.<init>] [INFO] 日志实例已初始化...
[2020-04-12 17:59:53:179] [vo.logVo.LogVo.<init>] [INFO] 日志实例已初始化...
[2020-04-12 17:59:53:179] [vo.logVo.LogVo.<init>] [INFO] 日志实例已初始化...
[2020-04-12 17:59:53:180] [vo.logVo.LogVo.<init>] [INFO] 日志实例已初始化...
[2020-04-12 17:59:53:180] [vo.logVo.LogVo.<init>] [INFO] 日志实例已初始化...
[2020-04-12 17:59:53:181] [vo.logVo.LogVo.<init>] [INFO] 日志实例已初始化...
[2020-04-12 17:59:53:181] [vo.logVo.LogVo.<init>] [INFO] 日志实例已初始化...
[2020-04-12 17:59:53:181] [vo.logVo.LogVo.<init>] [INFO] 日志实例已初始化...
[2020-04-12 17:59:53:181] [vo.logVo.LogVo.<init>] [INFO] 日志实例已初始化...
[2020-04-12 17:59:53:183] [vo.logVo.LogVo.<init>] [INFO] 日志实例已初始化...
[2020-04-12 17:59:53:184] [vo.logVo.LogVo.<init>] [INFO] 日志实例已初始化...
[2020-04-12 17:59:53:185] [vo.logVo.LogVo.<init>] [INFO] 日志实例已初始化...
[2020-04-12 17:59:53:186] [vo.logVo.LogVo.<init>] [INFO] 日志实例已初始化...
[2020-04-12 17:59:53:187] [vo.logVo.LogVo.<init>] [INFO] 日志实例已初始化...
[2020-04-12 17:59:53:187] [vo.logVo.LogVo.<init>] [INFO] 日志实例已初始化...
[2020-04-12 17:59:53:188] [vo.logVo.LogVo.<init>] [INFO] 日志实例已初始化...
[2020-04-12 17:59:53:188] [vo.logVo.LogVo.<init>] [INFO] 日志实例已初始化...
[2020-04-12 17:59:53:189] [vo.logVo.LogVo.<init>] [INFO] 日志实例已初始化...
[2020-04-12 17:59:53:191] [vo.logVo.LogVo.<init>] [INFO] 日志实例已初始化...
[2020-04-12 17:59:53:192] [vo.logVo.LogVo.<init>] [INFO] 日志实例已初始化...
[2020-04-12 17:59:53:193] [vo.logVo.LogVo.<init>] [INFO] 日志实例已初始化...
[2020-04-12 17:59:53:193] [vo.logVo.LogVo.<init>] [INFO] 日志实例已初始化...
[2020-04-12 17:59:53:194] [vo.logVo.LogVo.<init>] [INFO] 日志实例已初始化...
[2020-04-12 17:59:53:194] [vo.logVo.LogVo.<init>] [INFO] 日志实例已初始化...
[2020-04-12 17:59:53:195] [vo.logVo.LogVo.<init>] [INFO] 日志实例已初始化...
[2020-04-12 17:59:53:196] [vo.logVo.LogVo.<init>] [INFO] 日志实例已初始化...
[2020-04-12 17:59:53:196] [vo.logVo.LogVo.<init>] [INFO] 日志实例已初始化...
[2020-04-12 17:59:53:197] [vo.logVo.LogVo.<init>] [INFO] 日志实例已初始化...
[2020-04-12 17:59:53:197] [vo.logVo.LogVo.<init>] [INFO] 日志实例已初始化...
[2020-04-12 17:59:53:198] [vo.logVo.LogVo.<init>] [INFO] 日志实例已初始化...
[2020-04-12 17:59:53:199] [vo.logVo.LogVo.<init>] [INFO] 日志实例已初始化...
[2020-04-12 17:59:53:200] [vo.logVo.LogVo.<init>] [INFO] 日志实例已初始化...
[2020-04-12 17:59:53:200] [vo.logVo.LogVo.<init>] [INFO] 日志实例已初始化...
[2020-04-12 17:59:53:200] [vo.logVo.LogVo.<init>] [INFO] 日志实例已初始化...
[2020-04-12 17:59:53:201] [vo.logVo.LogVo.<init>] [INFO] 日志实例已初始化...
[2020-04-12 17:59:53:202] [vo.logVo.LogVo.<init>] [INFO] 日志实例已初始化...
[2020-04-12 17:59:53:203] [vo.logVo.LogVo.<init>] [INFO] 日志实例已初始化...
[2020-04-12 17:59:53:203] [vo.logVo.LogVo.<init>] [INFO] 日志实例已初始化...
[2020-04-12 17:59:53:204] [vo.logVo.LogVo.<init>] [INFO] 日志实例已初始化...
[2020-04-12 17:59:53:205] [vo.logVo.LogVo.<init>] [INFO] 日志实例已初始化...
[2020-04-12 17:59:53:205] [vo.logVo.LogVo.<init>] [INFO] 日志实例已初始化...
[2020-04-12 17:59:53:206] [vo.logVo.LogVo.<init>] [INFO] 日志实例已初始化...
[2020-04-12 17:59:53:207] [vo.logVo.LogVo.<init>] [INFO] 日志实例已初始化...
[2020-04-12 17:59:53:207] [vo.logVo.LogVo.<init>] [INFO] 日志实例已初始化...
[2020-04-12 17:59:53:207] [vo.logVo.LogVo.<init>] [INFO] 日志实例已初始化...
[2020-04-12 17:59:53:208] [vo.logVo.LogVo.<init>] [INFO] 日志实例已初始化...
[2020-04-12 17:59:53:208] [vo.logVo.LogVo.<init>] [INFO] 日志实例已初始化...
[2020-04-12 17:59:53:208] [vo.logVo.LogVo.<init>] [INFO] 日志实例已初始化...
[2020-04-12 17:59:53:209] [vo.logVo.LogVo.<init>] [INFO] 日志实例已初始化...
[2020-04-12 17:59:53:209] [vo.logVo.LogVo.<init>] [INFO] 日志实例已初始化...
[2020-04-12 17:59:53:210] [vo.logVo.LogVo.<init>] [INFO] 日志实例已初始化...
[2020-04-12 17:59:53:210] [vo.logVo.LogVo.<init>] [INFO] 日志实例已初始化...
[2020-04-12 17:59:53:211] [vo.logVo.LogVo.<init>] [INFO] 日志实例已初始化...
[2020-04-12 17:59:53:211] [vo.logVo.LogVo.<init>] [INFO] 日志实例已初始化...
[2020-04-12 17:59:53:211] [vo.logVo.LogVo.<init>] [INFO] 日志实例已初始化...
[2020-04-12 17:59:53:211] [vo.logVo.LogVo.<init>] [INFO] 日志实例已初始化...
[2020-04-12 17:59:53:212] [vo.logVo.LogVo.<init>] [INFO] 日志实例已初始化...
[2020-04-12 17:59:53:212] [vo.logVo.LogVo.<init>] [INFO] 日志实例已初始化...
[2020-04-12 17:59:53:212] [vo.logVo.LogVo.<init>] [INFO] 日志实例已初始化...
[2020-04-12 17:59:53:213] [vo.logVo.LogVo.<init>] [INFO] 日志实例已初始化...
[2020-04-12 17:59:53:213] [vo.logVo.LogVo.<init>] [INFO] 日志实例已初始化...
[2020-04-12 17:59:53:214] [vo.logVo.LogVo.<init>] [INFO] 日志实例已初始化...
[2020-04-12 17:59:53:214] [vo.logVo.LogVo.<init>] [INFO] 日志实例已初始化...
[2020-04-12 17:59:53:215] [vo.logVo.LogVo.<init>] [INFO] 日志实例已初始化...
[2020-04-12 17:59:53:216] [vo.logVo.LogVo.<init>] [INFO] 日志实例已初始化...
[2020-04-12 17:59:53:216] [vo.logVo.LogVo.<init>] [INFO] 日志实例已初始化...
[2020-04-12 17:59:53:217] [vo.logVo.LogVo.<init>] [INFO] 日志实例已初始化...
[2020-04-12 17:59:53:217] [vo.logVo.LogVo.<init>] [INFO] 日志实例已初始化...
[2020-04-12 17:59:53:217] [vo.logVo.LogVo.<init>] [INFO] 日志实例已初始化...
[2020-04-12 17:59:53:218] [vo.logVo.LogVo.<init>] [INFO] 日志实例已初始化...
[2020-04-12 17:59:53:218] [vo.logVo.LogVo.<init>] [INFO] 日志实例已初始化...
[2020-04-12 17:59:53:218] [vo.logVo.LogVo.<init>] [INFO] 日志实例已初始化...
[2020-04-12 17:59:53:219] [vo.logVo.LogVo.<init>] [INFO] 日志实例已初始化...
[2020-04-12 17:59:53:219] [vo.logVo.LogVo.<init>] [INFO] 日志实例已初始化...
[2020-04-12 17:59:53:220] [vo.logVo.LogVo.<init>] [INFO] 日志实例已初始化...
[2020-04-12 17:59:53:220] [vo.logVo.LogVo.<init>] [INFO] 日志实例已初始化...
[2020-04-12 17:59:53:221] [vo.logVo.LogVo.<init>] [INFO] 日志实例已初始化...
[2020-04-12 17:59:53:221] [vo.logVo.LogVo.<init>] [INFO] 日志实例已初始化...
[2020-04-12 17:59:53:222] [vo.logVo.LogVo.<init>] [INFO] 日志实例已初始化...
[2020-04-12 17:59:53:222] [vo.logVo.LogVo.<init>] [INFO] 日志实例已初始化...
[2020-04-12 17:59:53:222] [vo.logVo.LogVo.<init>] [INFO] 日志实例已初始化...
[2020-04-12 17:59:53:223] [vo.logVo.LogVo.<init>] [INFO] 日志实例已初始化...
[2020-04-12 17:59:53:224] [vo.logVo.LogVo.<init>] [INFO] 日志实例已初始化...
[2020-04-12 17:59:53:224] [vo.logVo.LogVo.<init>] [INFO] 日志实例已初始化...
[2020-04-12 17:59:53:225] [vo.logVo.LogVo.<init>] [INFO] 日志实例已初始化...
[2020-04-12 17:59:53:225] [vo.logVo.LogVo.<init>] [INFO] 日志实例已初始化...
[2020-04-12 17:59:53:225] [vo.logVo.LogVo.<init>] [INFO] 日志实例已初始化...
[2020-04-12 17:59:53:225] [vo.logVo.LogVo.<init>] [INFO] 日志实例已初始化...
[2020-04-12 17:59:53:226] [vo.logVo.LogVo.<init>] [INFO] 日志实例已初始化...
[2020-04-12 17:59:53:226] [vo.logVo.LogVo.<init>] [INFO] 日志实例已初始化...
[2020-04-12 17:59:53:226] [vo.logVo.LogVo.<init>] [INFO] 日志实例已初始化...
[2020-04-12 17:59:53:227] [vo.logVo.LogVo.<init>] [INFO] 日志实例已初始化...
[2020-04-12 17:59:53:227] [vo.logVo.LogVo.<init>] [INFO] 日志实例已初始化...
[2020-04-12 17:59:53:227] [vo.logVo.LogVo.<init>] [INFO] 日志实例已初始化...
[2020-04-12 17:59:53:228] [vo.logVo.LogVo.<init>] [INFO] 日志实例已初始化...
[2020-04-12 17:59:53:228] [vo.logVo.LogVo.<init>] [INFO] 日志实例已初始化...
[2020-04-12 17:59:53:229] [vo.logVo.LogVo.<init>] [INFO] 日志实例已初始化...
[2020-04-12 17:59:53:229] [vo.logVo.LogVo.<init>] [INFO] 日志实例已初始化...
[2020-04-12 17:59:53:247] [vo.logVo.LogVo.<init>] [INFO] 日志实例已初始化...
[2020-04-12 17:59:53:252] [vo.logVo.LogVo.<init>] [INFO] 日志实例已初始化...
[2020-04-12 17:59:53:354] [action.userAction.LoginAction.execute] [INFO] 该用户已登录，请稍后再试！
[2020-04-12 18:00:55:839] [vo.logVo.LogVo.<init>] [INFO] 日志实例已初始化...
[2020-04-12 18:00:55:840] [vo.logVo.LogVo.<init>] [INFO] 日志实例已初始化...
[2020-04-12 18:00:55:841] [vo.logVo.LogVo.<init>] [INFO] 日志实例已初始化...
[2020-04-12 18:00:55:841] [vo.logVo.LogVo.<init>] [INFO] 日志实例已初始化...
[2020-04-12 18:00:55:842] [vo.logVo.LogVo.<init>] [INFO] 日志实例已初始化...
[2020-04-12 18:00:55:843] [vo.logVo.LogVo.<init>] [INFO] 日志实例已初始化...
[2020-04-12 18:00:55:843] [vo.logVo.LogVo.<init>] [INFO] 日志实例已初始化...
[2020-04-12 18:00:55:844] [vo.logVo.LogVo.<init>] [INFO] 日志实例已初始化...
[2020-04-12 18:00:55:844] [vo.logVo.LogVo.<init>] [INFO] 日志实例已初始化...
[2020-04-12 18:00:55:845] [vo.logVo.LogVo.<init>] [INFO] 日志实例已初始化...
[2020-04-12 18:00:55:845] [vo.logVo.LogVo.<init>] [INFO] 日志实例已初始化...
[2020-04-12 18:00:55:846] [vo.logVo.LogVo.<init>] [INFO] 日志实例已初始化...
[2020-04-12 18:00:55:847] [vo.logVo.LogVo.<init>] [INFO] 日志实例已初始化...
[2020-04-12 18:00:55:848] [vo.logVo.LogVo.<init>] [INFO] 日志实例已初始化...
[2020-04-12 18:00:55:848] [vo.logVo.LogVo.<init>] [INFO] 日志实例已初始化...
[2020-04-12 18:00:55:849] [vo.logVo.LogVo.<init>] [INFO] 日志实例已初始化...
[2020-04-12 18:00:55:850] [vo.logVo.LogVo.<init>] [INFO] 日志实例已初始化...
[2020-04-12 18:00:55:850] [vo.logVo.LogVo.<init>] [INFO] 日志实例已初始化...
[2020-04-12 18:00:55:851] [vo.logVo.LogVo.<init>] [INFO] 日志实例已初始化...
[2020-04-12 18:00:55:851] [vo.logVo.LogVo.<init>] [INFO] 日志实例已初始化...
[2020-04-12 18:00:55:852] [vo.logVo.LogVo.<init>] [INFO] 日志实例已初始化...
[2020-04-12 18:00:55:852] [vo.logVo.LogVo.<init>] [INFO] 日志实例已初始化...
[2020-04-12 18:00:55:853] [vo.logVo.LogVo.<init>] [INFO] 日志实例已初始化...
[2020-04-12 18:00:55:853] [vo.logVo.LogVo.<init>] [INFO] 日志实例已初始化...
[2020-04-12 18:00:55:854] [vo.logVo.LogVo.<init>] [INFO] 日志实例已初始化...
[2020-04-12 18:00:55:858] [vo.logVo.LogVo.<init>] [INFO] 日志实例已初始化...
[2020-04-12 18:00:55:858] [vo.logVo.LogVo.<init>] [INFO] 日志实例已初始化...
[2020-04-12 18:00:55:859] [vo.logVo.LogVo.<init>] [INFO] 日志实例已初始化...
[2020-04-12 18:00:55:860] [vo.logVo.LogVo.<init>] [INFO] 日志实例已初始化...
[2020-04-12 18:00:55:860] [vo.logVo.LogVo.<init>] [INFO] 日志实例已初始化...
[2020-04-12 18:00:55:861] [vo.logVo.LogVo.<init>] [INFO] 日志实例已初始化...
[2020-04-12 18:00:55:861] [vo.logVo.LogVo.<init>] [INFO] 日志实例已初始化...
[2020-04-12 18:00:55:862] [vo.logVo.LogVo.<init>] [INFO] 日志实例已初始化...
[2020-04-12 18:00:55:863] [vo.logVo.LogVo.<init>] [INFO] 日志实例已初始化...
[2020-04-12 18:00:55:863] [vo.logVo.LogVo.<init>] [INFO] 日志实例已初始化...
[2020-04-12 18:00:55:864] [vo.logVo.LogVo.<init>] [INFO] 日志实例已初始化...
[2020-04-12 18:00:55:864] [vo.logVo.LogVo.<init>] [INFO] 日志实例已初始化...
[2020-04-12 18:00:55:865] [vo.logVo.LogVo.<init>] [INFO] 日志实例已初始化...
[2020-04-12 18:00:55:865] [vo.logVo.LogVo.<init>] [INFO] 日志实例已初始化...
[2020-04-12 18:00:55:866] [vo.logVo.LogVo.<init>] [INFO] 日志实例已初始化...
[2020-04-12 18:00:55:867] [vo.logVo.LogVo.<init>] [INFO] 日志实例已初始化...
[2020-04-12 18:00:55:867] [vo.logVo.LogVo.<init>] [INFO] 日志实例已初始化...
[2020-04-12 18:00:55:868] [vo.logVo.LogVo.<init>] [INFO] 日志实例已初始化...
[2020-04-12 18:00:55:874] [vo.logVo.LogVo.<init>] [INFO] 日志实例已初始化...
[2020-04-12 18:00:55:875] [vo.logVo.LogVo.<init>] [INFO] 日志实例已初始化...
[2020-04-12 18:00:55:877] [vo.logVo.LogVo.<init>] [INFO] 日志实例已初始化...
[2020-04-12 18:00:55:879] [vo.logVo.LogVo.<init>] [INFO] 日志实例已初始化...
[2020-04-12 18:00:55:880] [vo.logVo.LogVo.<init>] [INFO] 日志实例已初始化...
[2020-04-12 18:00:55:881] [vo.logVo.LogVo.<init>] [INFO] 日志实例已初始化...
[2020-04-12 18:00:55:881] [vo.logVo.LogVo.<init>] [INFO] 日志实例已初始化...
[2020-04-12 18:00:55:882] [vo.logVo.LogVo.<init>] [INFO] 日志实例已初始化...
[2020-04-12 18:00:55:883] [vo.logVo.LogVo.<init>] [INFO] 日志实例已初始化...
[2020-04-12 18:00:55:884] [vo.logVo.LogVo.<init>] [INFO] 日志实例已初始化...
[2020-04-12 18:00:55:885] [vo.logVo.LogVo.<init>] [INFO] 日志实例已初始化...
[2020-04-12 18:00:55:886] [vo.logVo.LogVo.<init>] [INFO] 日志实例已初始化...
[2020-04-12 18:00:55:887] [vo.logVo.LogVo.<init>] [INFO] 日志实例已初始化...
[2020-04-12 18:00:55:888] [vo.logVo.LogVo.<init>] [INFO] 日志实例已初始化...
[2020-04-12 18:00:55:888] [vo.logVo.LogVo.<init>] [INFO] 日志实例已初始化...
[2020-04-12 18:00:55:889] [vo.logVo.LogVo.<init>] [INFO] 日志实例已初始化...
[2020-04-12 18:00:55:889] [vo.logVo.LogVo.<init>] [INFO] 日志实例已初始化...
[2020-04-12 18:00:55:890] [vo.logVo.LogVo.<init>] [INFO] 日志实例已初始化...
[2020-04-12 18:00:55:891] [vo.logVo.LogVo.<init>] [INFO] 日志实例已初始化...
[2020-04-12 18:00:55:891] [vo.logVo.LogVo.<init>] [INFO] 日志实例已初始化...
[2020-04-12 18:00:55:891] [vo.logVo.LogVo.<init>] [INFO] 日志实例已初始化...
[2020-04-12 18:00:55:892] [vo.logVo.LogVo.<init>] [INFO] 日志实例已初始化...
[2020-04-12 18:00:55:892] [vo.logVo.LogVo.<init>] [INFO] 日志实例已初始化...
[2020-04-12 18:00:55:893] [vo.logVo.LogVo.<init>] [INFO] 日志实例已初始化...
[2020-04-12 18:00:55:894] [vo.logVo.LogVo.<init>] [INFO] 日志实例已初始化...
[2020-04-12 18:00:55:894] [vo.logVo.LogVo.<init>] [INFO] 日志实例已初始化...
[2020-04-12 18:00:55:895] [vo.logVo.LogVo.<init>] [INFO] 日志实例已初始化...
[2020-04-12 18:00:55:896] [vo.logVo.LogVo.<init>] [INFO] 日志实例已初始化...
[2020-04-12 18:00:55:897] [vo.logVo.LogVo.<init>] [INFO] 日志实例已初始化...
[2020-04-12 18:00:55:897] [vo.logVo.LogVo.<init>] [INFO] 日志实例已初始化...
[2020-04-12 18:00:55:898] [vo.logVo.LogVo.<init>] [INFO] 日志实例已初始化...
[2020-04-12 18:00:55:899] [vo.logVo.LogVo.<init>] [INFO] 日志实例已初始化...
[2020-04-12 18:00:55:900] [vo.logVo.LogVo.<init>] [INFO] 日志实例已初始化...
[2020-04-12 18:00:55:900] [vo.logVo.LogVo.<init>] [INFO] 日志实例已初始化...
[2020-04-12 18:00:55:901] [vo.logVo.LogVo.<init>] [INFO] 日志实例已初始化...
[2020-04-12 18:00:55:902] [vo.logVo.LogVo.<init>] [INFO] 日志实例已初始化...
[2020-04-12 18:00:55:902] [vo.logVo.LogVo.<init>] [INFO] 日志实例已初始化...
[2020-04-12 18:00:55:903] [vo.logVo.LogVo.<init>] [INFO] 日志实例已初始化...
[2020-04-12 18:00:55:903] [vo.logVo.LogVo.<init>] [INFO] 日志实例已初始化...
[2020-04-12 18:00:55:903] [vo.logVo.LogVo.<init>] [INFO] 日志实例已初始化...
[2020-04-12 18:00:55:904] [vo.logVo.LogVo.<init>] [INFO] 日志实例已初始化...
[2020-04-12 18:00:55:904] [vo.logVo.LogVo.<init>] [INFO] 日志实例已初始化...
[2020-04-12 18:00:55:904] [vo.logVo.LogVo.<init>] [INFO] 日志实例已初始化...
[2020-04-12 18:00:55:905] [vo.logVo.LogVo.<init>] [INFO] 日志实例已初始化...
[2020-04-12 18:00:55:905] [vo.logVo.LogVo.<init>] [INFO] 日志实例已初始化...
[2020-04-12 18:00:55:905] [vo.logVo.LogVo.<init>] [INFO] 日志实例已初始化...
[2020-04-12 18:00:55:906] [vo.logVo.LogVo.<init>] [INFO] 日志实例已初始化...
[2020-04-12 18:00:55:906] [vo.logVo.LogVo.<init>] [INFO] 日志实例已初始化...
[2020-04-12 18:00:55:907] [vo.logVo.LogVo.<init>] [INFO] 日志实例已初始化...
[2020-04-12 18:00:55:907] [vo.logVo.LogVo.<init>] [INFO] 日志实例已初始化...
[2020-04-12 18:00:55:908] [vo.logVo.LogVo.<init>] [INFO] 日志实例已初始化...
[2020-04-12 18:00:55:908] [vo.logVo.LogVo.<init>] [INFO] 日志实例已初始化...
[2020-04-12 18:00:55:909] [vo.logVo.LogVo.<init>] [INFO] 日志实例已初始化...
[2020-04-12 18:00:55:909] [vo.logVo.LogVo.<init>] [INFO] 日志实例已初始化...
[2020-04-12 18:00:55:910] [vo.logVo.LogVo.<init>] [INFO] 日志实例已初始化...
[2020-04-12 18:00:55:911] [vo.logVo.LogVo.<init>] [INFO] 日志实例已初始化...
[2020-04-12 18:00:55:911] [vo.logVo.LogVo.<init>] [INFO] 日志实例已初始化...
[2020-04-12 18:00:55:912] [vo.logVo.LogVo.<init>] [INFO] 日志实例已初始化...
[2020-04-12 18:00:55:913] [vo.logVo.LogVo.<init>] [INFO] 日志实例已初始化...
[2020-04-12 18:00:55:913] [vo.logVo.LogVo.<init>] [INFO] 日志实例已初始化...
[2020-04-12 18:00:55:914] [vo.logVo.LogVo.<init>] [INFO] 日志实例已初始化...
[2020-04-12 18:00:55:915] [vo.logVo.LogVo.<init>] [INFO] 日志实例已初始化...
[2020-04-12 18:00:55:916] [vo.logVo.LogVo.<init>] [INFO] 日志实例已初始化...
[2020-04-12 18:00:55:917] [vo.logVo.LogVo.<init>] [INFO] 日志实例已初始化...
[2020-04-12 18:00:55:917] [vo.logVo.LogVo.<init>] [INFO] 日志实例已初始化...
[2020-04-12 18:00:55:918] [vo.logVo.LogVo.<init>] [INFO] 日志实例已初始化...
[2020-04-12 18:00:55:918] [vo.logVo.LogVo.<init>] [INFO] 日志实例已初始化...
[2020-04-12 18:00:55:919] [vo.logVo.LogVo.<init>] [INFO] 日志实例已初始化...
[2020-04-12 18:00:55:919] [vo.logVo.LogVo.<init>] [INFO] 日志实例已初始化...
[2020-04-12 18:00:55:919] [vo.logVo.LogVo.<init>] [INFO] 日志实例已初始化...
[2020-04-12 18:00:55:920] [vo.logVo.LogVo.<init>] [INFO] 日志实例已初始化...
[2020-04-12 18:00:55:920] [vo.logVo.LogVo.<init>] [INFO] 日志实例已初始化...
[2020-04-12 18:00:55:921] [vo.logVo.LogVo.<init>] [INFO] 日志实例已初始化...
[2020-04-12 18:00:55:921] [vo.logVo.LogVo.<init>] [INFO] 日志实例已初始化...
[2020-04-12 18:00:55:922] [vo.logVo.LogVo.<init>] [INFO] 日志实例已初始化...
[2020-04-12 18:00:55:922] [vo.logVo.LogVo.<init>] [INFO] 日志实例已初始化...
[2020-04-12 18:00:55:923] [vo.logVo.LogVo.<init>] [INFO] 日志实例已初始化...
[2020-04-12 18:00:55:923] [vo.logVo.LogVo.<init>] [INFO] 日志实例已初始化...
[2020-04-12 18:00:55:923] [vo.logVo.LogVo.<init>] [INFO] 日志实例已初始化...
[2020-04-12 18:00:55:924] [vo.logVo.LogVo.<init>] [INFO] 日志实例已初始化...
[2020-04-12 18:00:55:924] [vo.logVo.LogVo.<init>] [INFO] 日志实例已初始化...
[2020-04-12 18:00:55:925] [vo.logVo.LogVo.<init>] [INFO] 日志实例已初始化...
[2020-04-12 18:00:55:929] [vo.logVo.LogVo.<init>] [INFO] 日志实例已初始化...
[2020-04-12 18:00:55:930] [vo.logVo.LogVo.<init>] [INFO] 日志实例已初始化...
[2020-04-12 18:00:55:930] [vo.logVo.LogVo.<init>] [INFO] 日志实例已初始化...
[2020-04-12 18:00:55:931] [vo.logVo.LogVo.<init>] [INFO] 日志实例已初始化...
[2020-04-12 18:00:55:931] [vo.logVo.LogVo.<init>] [INFO] 日志实例已初始化...
[2020-04-12 18:00:55:933] [vo.logVo.LogVo.<init>] [INFO] 日志实例已初始化...
[2020-04-12 18:00:55:934] [vo.logVo.LogVo.<init>] [INFO] 日志实例已初始化...
[2020-04-12 18:00:55:935] [vo.logVo.LogVo.<init>] [INFO] 日志实例已初始化...
[2020-04-12 18:00:55:936] [vo.logVo.LogVo.<init>] [INFO] 日志实例已初始化...
[2020-04-12 18:00:55:937] [vo.logVo.LogVo.<init>] [INFO] 日志实例已初始化...
[2020-04-12 18:00:55:938] [vo.logVo.LogVo.<init>] [INFO] 日志实例已初始化...
[2020-04-12 18:00:55:938] [vo.logVo.LogVo.<init>] [INFO] 日志实例已初始化...
[2020-04-12 18:00:55:939] [vo.logVo.LogVo.<init>] [INFO] 日志实例已初始化...
[2020-04-12 18:00:55:940] [vo.logVo.LogVo.<init>] [INFO] 日志实例已初始化...
[2020-04-12 18:00:55:940] [vo.logVo.LogVo.<init>] [INFO] 日志实例已初始化...
[2020-04-12 18:00:55:941] [vo.logVo.LogVo.<init>] [INFO] 日志实例已初始化...
[2020-04-12 18:00:55:941] [vo.logVo.LogVo.<init>] [INFO] 日志实例已初始化...
[2020-04-12 18:00:55:942] [vo.logVo.LogVo.<init>] [INFO] 日志实例已初始化...
[2020-04-12 18:00:55:942] [vo.logVo.LogVo.<init>] [INFO] 日志实例已初始化...
[2020-04-12 18:00:55:943] [vo.logVo.LogVo.<init>] [INFO] 日志实例已初始化...
[2020-04-12 18:00:55:943] [vo.logVo.LogVo.<init>] [INFO] 日志实例已初始化...
[2020-04-12 18:00:55:944] [vo.logVo.LogVo.<init>] [INFO] 日志实例已初始化...
[2020-04-12 18:00:55:944] [vo.logVo.LogVo.<init>] [INFO] 日志实例已初始化...
[2020-04-12 18:00:55:946] [vo.logVo.LogVo.<init>] [INFO] 日志实例已初始化...
[2020-04-12 18:00:55:947] [vo.logVo.LogVo.<init>] [INFO] 日志实例已初始化...
[2020-04-12 18:00:55:948] [vo.logVo.LogVo.<init>] [INFO] 日志实例已初始化...
[2020-04-12 18:00:55:949] [vo.logVo.LogVo.<init>] [INFO] 日志实例已初始化...
[2020-04-12 18:00:55:949] [vo.logVo.LogVo.<init>] [INFO] 日志实例已初始化...
[2020-04-12 18:00:55:950] [vo.logVo.LogVo.<init>] [INFO] 日志实例已初始化...
[2020-04-12 18:00:55:951] [vo.logVo.LogVo.<init>] [INFO] 日志实例已初始化...
[2020-04-12 18:00:55:952] [vo.logVo.LogVo.<init>] [INFO] 日志实例已初始化...
[2020-04-12 18:00:55:954] [vo.logVo.LogVo.<init>] [INFO] 日志实例已初始化...
[2020-04-12 18:00:55:955] [vo.logVo.LogVo.<init>] [INFO] 日志实例已初始化...
[2020-04-12 18:00:55:956] [vo.logVo.LogVo.<init>] [INFO] 日志实例已初始化...
[2020-04-12 18:00:55:957] [vo.logVo.LogVo.<init>] [INFO] 日志实例已初始化...
[2020-04-12 18:00:55:958] [vo.logVo.LogVo.<init>] [INFO] 日志实例已初始化...
[2020-04-12 18:00:55:958] [vo.logVo.LogVo.<init>] [INFO] 日志实例已初始化...
[2020-04-12 18:00:55:959] [vo.logVo.LogVo.<init>] [INFO] 日志实例已初始化...
[2020-04-12 18:00:55:960] [vo.logVo.LogVo.<init>] [INFO] 日志实例已初始化...
[2020-04-12 18:00:55:960] [vo.logVo.LogVo.<init>] [INFO] 日志实例已初始化...
[2020-04-12 18:00:55:961] [vo.logVo.LogVo.<init>] [INFO] 日志实例已初始化...
[2020-04-12 18:00:55:961] [vo.logVo.LogVo.<init>] [INFO] 日志实例已初始化...
[2020-04-12 18:00:55:965] [vo.logVo.LogVo.<init>] [INFO] 日志实例已初始化...
[2020-04-12 18:00:55:967] [vo.logVo.LogVo.<init>] [INFO] 日志实例已初始化...
[2020-04-12 18:00:55:967] [vo.logVo.LogVo.<init>] [INFO] 日志实例已初始化...
[2020-04-12 18:00:55:968] [vo.logVo.LogVo.<init>] [INFO] 日志实例已初始化...
[2020-04-12 18:00:55:968] [vo.logVo.LogVo.<init>] [INFO] 日志实例已初始化...
[2020-04-12 18:00:55:969] [vo.logVo.LogVo.<init>] [INFO] 日志实例已初始化...
[2020-04-12 18:00:55:969] [vo.logVo.LogVo.<init>] [INFO] 日志实例已初始化...
[2020-04-12 18:00:55:970] [vo.logVo.LogVo.<init>] [INFO] 日志实例已初始化...
[2020-04-12 18:00:55:970] [vo.logVo.LogVo.<init>] [INFO] 日志实例已初始化...
[2020-04-12 18:00:55:971] [vo.logVo.LogVo.<init>] [INFO] 日志实例已初始化...
[2020-04-12 18:00:55:971] [vo.logVo.LogVo.<init>] [INFO] 日志实例已初始化...
[2020-04-12 18:00:55:972] [vo.logVo.LogVo.<init>] [INFO] 日志实例已初始化...
[2020-04-12 18:00:55:972] [vo.logVo.LogVo.<init>] [INFO] 日志实例已初始化...
[2020-04-12 18:00:55:973] [vo.logVo.LogVo.<init>] [INFO] 日志实例已初始化...
[2020-04-12 18:00:55:974] [vo.logVo.LogVo.<init>] [INFO] 日志实例已初始化...
[2020-04-12 18:00:55:974] [vo.logVo.LogVo.<init>] [INFO] 日志实例已初始化...
[2020-04-12 18:00:55:975] [vo.logVo.LogVo.<init>] [INFO] 日志实例已初始化...
[2020-04-12 18:00:55:975] [vo.logVo.LogVo.<init>] [INFO] 日志实例已初始化...
[2020-04-12 18:00:55:977] [vo.logVo.LogVo.<init>] [INFO] 日志实例已初始化...
[2020-04-12 18:00:55:980] [vo.logVo.LogVo.<init>] [INFO] 日志实例已初始化...
[2020-04-12 18:00:55:981] [vo.logVo.LogVo.<init>] [INFO] 日志实例已初始化...
[2020-04-12 18:00:55:981] [vo.logVo.LogVo.<init>] [INFO] 日志实例已初始化...
[2020-04-12 18:00:55:982] [vo.logVo.LogVo.<init>] [INFO] 日志实例已初始化...
[2020-04-12 18:00:55:982] [vo.logVo.LogVo.<init>] [INFO] 日志实例已初始化...
[2020-04-12 18:00:55:983] [vo.logVo.LogVo.<init>] [INFO] 日志实例已初始化...
[2020-04-12 18:00:55:984] [vo.logVo.LogVo.<init>] [INFO] 日志实例已初始化...
[2020-04-12 18:00:55:984] [vo.logVo.LogVo.<init>] [INFO] 日志实例已初始化...
[2020-04-12 18:00:55:985] [vo.logVo.LogVo.<init>] [INFO] 日志实例已初始化...
[2020-04-12 18:00:55:985] [vo.logVo.LogVo.<init>] [INFO] 日志实例已初始化...
[2020-04-12 18:00:55:986] [vo.logVo.LogVo.<init>] [INFO] 日志实例已初始化...
[2020-04-12 18:00:55:986] [vo.logVo.LogVo.<init>] [INFO] 日志实例已初始化...
[2020-04-12 18:00:55:987] [vo.logVo.LogVo.<init>] [INFO] 日志实例已初始化...
[2020-04-12 18:00:55:987] [vo.logVo.LogVo.<init>] [INFO] 日志实例已初始化...
[2020-04-12 18:00:55:988] [vo.logVo.LogVo.<init>] [INFO] 日志实例已初始化...
[2020-04-12 18:00:55:988] [vo.logVo.LogVo.<init>] [INFO] 日志实例已初始化...
[2020-04-12 18:00:55:988] [vo.logVo.LogVo.<init>] [INFO] 日志实例已初始化...
[2020-04-12 18:00:55:989] [vo.logVo.LogVo.<init>] [INFO] 日志实例已初始化...
[2020-04-12 18:00:55:989] [vo.logVo.LogVo.<init>] [INFO] 日志实例已初始化...
[2020-04-12 18:00:55:989] [vo.logVo.LogVo.<init>] [INFO] 日志实例已初始化...
[2020-04-12 18:00:55:990] [vo.logVo.LogVo.<init>] [INFO] 日志实例已初始化...
[2020-04-12 18:00:55:990] [vo.logVo.LogVo.<init>] [INFO] 日志实例已初始化...
[2020-04-12 18:00:55:990] [vo.logVo.LogVo.<init>] [INFO] 日志实例已初始化...
[2020-04-12 18:00:55:991] [vo.logVo.LogVo.<init>] [INFO] 日志实例已初始化...
[2020-04-12 18:00:55:991] [vo.logVo.LogVo.<init>] [INFO] 日志实例已初始化...
[2020-04-12 18:00:55:992] [vo.logVo.LogVo.<init>] [INFO] 日志实例已初始化...
[2020-04-12 18:00:55:992] [vo.logVo.LogVo.<init>] [INFO] 日志实例已初始化...
[2020-04-12 18:00:55:993] [vo.logVo.LogVo.<init>] [INFO] 日志实例已初始化...
[2020-04-12 18:00:55:993] [vo.logVo.LogVo.<init>] [INFO] 日志实例已初始化...
[2020-04-12 18:00:55:994] [vo.logVo.LogVo.<init>] [INFO] 日志实例已初始化...
[2020-04-12 18:00:55:995] [vo.logVo.LogVo.<init>] [INFO] 日志实例已初始化...
[2020-04-12 18:00:55:996] [vo.logVo.LogVo.<init>] [INFO] 日志实例已初始化...
[2020-04-12 18:00:55:996] [vo.logVo.LogVo.<init>] [INFO] 日志实例已初始化...
[2020-04-12 18:00:55:997] [vo.logVo.LogVo.<init>] [INFO] 日志实例已初始化...
[2020-04-12 18:00:55:998] [vo.logVo.LogVo.<init>] [INFO] 日志实例已初始化...
[2020-04-12 18:00:55:998] [vo.logVo.LogVo.<init>] [INFO] 日志实例已初始化...
[2020-04-12 18:00:55:998] [vo.logVo.LogVo.<init>] [INFO] 日志实例已初始化...
[2020-04-12 18:00:55:999] [vo.logVo.LogVo.<init>] [INFO] 日志实例已初始化...
[2020-04-12 18:00:55:999] [vo.logVo.LogVo.<init>] [INFO] 日志实例已初始化...
[2020-04-12 18:00:55:999] [vo.logVo.LogVo.<init>] [INFO] 日志实例已初始化...
[2020-04-12 18:00:56:000] [vo.logVo.LogVo.<init>] [INFO] 日志实例已初始化...
[2020-04-12 18:00:56:000] [vo.logVo.LogVo.<init>] [INFO] 日志实例已初始化...
[2020-04-12 18:00:56:000] [vo.logVo.LogVo.<init>] [INFO] 日志实例已初始化...
[2020-04-12 18:00:56:001] [vo.logVo.LogVo.<init>] [INFO] 日志实例已初始化...
[2020-04-12 18:00:56:001] [vo.logVo.LogVo.<init>] [INFO] 日志实例已初始化...
[2020-04-12 18:00:56:001] [vo.logVo.LogVo.<init>] [INFO] 日志实例已初始化...
[2020-04-12 18:00:56:002] [vo.logVo.LogVo.<init>] [INFO] 日志实例已初始化...
[2020-04-12 18:00:56:002] [vo.logVo.LogVo.<init>] [INFO] 日志实例已初始化...
[2020-04-12 18:00:56:002] [vo.logVo.LogVo.<init>] [INFO] 日志实例已初始化...
[2020-04-12 18:00:56:002] [vo.logVo.LogVo.<init>] [INFO] 日志实例已初始化...
[2020-04-12 18:00:56:003] [vo.logVo.LogVo.<init>] [INFO] 日志实例已初始化...
[2020-04-12 18:00:56:003] [vo.logVo.LogVo.<init>] [INFO] 日志实例已初始化...
[2020-04-12 18:00:56:004] [vo.logVo.LogVo.<init>] [INFO] 日志实例已初始化...
[2020-04-12 18:00:56:004] [vo.logVo.LogVo.<init>] [INFO] 日志实例已初始化...
[2020-04-12 18:00:56:004] [vo.logVo.LogVo.<init>] [INFO] 日志实例已初始化...
[2020-04-12 18:00:56:005] [vo.logVo.LogVo.<init>] [INFO] 日志实例已初始化...
[2020-04-12 18:00:56:005] [vo.logVo.LogVo.<init>] [INFO] 日志实例已初始化...
[2020-04-12 18:00:56:006] [vo.logVo.LogVo.<init>] [INFO] 日志实例已初始化...
[2020-04-12 18:00:56:007] [vo.logVo.LogVo.<init>] [INFO] 日志实例已初始化...
[2020-04-12 18:00:56:007] [vo.logVo.LogVo.<init>] [INFO] 日志实例已初始化...
[2020-04-12 18:00:56:008] [vo.logVo.LogVo.<init>] [INFO] 日志实例已初始化...
[2020-04-12 18:00:56:009] [vo.logVo.LogVo.<init>] [INFO] 日志实例已初始化...
[2020-04-12 18:00:56:010] [vo.logVo.LogVo.<init>] [INFO] 日志实例已初始化...
[2020-04-12 18:00:56:011] [vo.logVo.LogVo.<init>] [INFO] 日志实例已初始化...
[2020-04-12 18:00:56:012] [vo.logVo.LogVo.<init>] [INFO] 日志实例已初始化...
[2020-04-12 18:00:56:013] [vo.logVo.LogVo.<init>] [INFO] 日志实例已初始化...
[2020-04-12 18:00:56:013] [vo.logVo.LogVo.<init>] [INFO] 日志实例已初始化...
[2020-04-12 18:00:56:015] [vo.logVo.LogVo.<init>] [INFO] 日志实例已初始化...
[2020-04-12 18:00:56:015] [vo.logVo.LogVo.<init>] [INFO] 日志实例已初始化...
[2020-04-12 18:00:56:016] [vo.logVo.LogVo.<init>] [INFO] 日志实例已初始化...
[2020-04-12 18:00:56:017] [vo.logVo.LogVo.<init>] [INFO] 日志实例已初始化...
[2020-04-12 18:00:56:017] [vo.logVo.LogVo.<init>] [INFO] 日志实例已初始化...
[2020-04-12 18:00:56:018] [vo.logVo.LogVo.<init>] [INFO] 日志实例已初始化...
[2020-04-12 18:00:56:018] [vo.logVo.LogVo.<init>] [INFO] 日志实例已初始化...
[2020-04-12 18:00:56:019] [vo.logVo.LogVo.<init>] [INFO] 日志实例已初始化...
[2020-04-12 18:00:56:020] [vo.logVo.LogVo.<init>] [INFO] 日志实例已初始化...
[2020-04-12 18:00:56:020] [vo.logVo.LogVo.<init>] [INFO] 日志实例已初始化...
[2020-04-12 18:00:56:021] [vo.logVo.LogVo.<init>] [INFO] 日志实例已初始化...
[2020-04-12 18:00:56:021] [vo.logVo.LogVo.<init>] [INFO] 日志实例已初始化...
[2020-04-12 18:00:56:022] [vo.logVo.LogVo.<init>] [INFO] 日志实例已初始化...
[2020-04-12 18:00:56:023] [vo.logVo.LogVo.<init>] [INFO] 日志实例已初始化...
[2020-04-12 18:00:56:023] [vo.logVo.LogVo.<init>] [INFO] 日志实例已初始化...
[2020-04-12 18:00:56:024] [vo.logVo.LogVo.<init>] [INFO] 日志实例已初始化...
[2020-04-12 18:00:56:024] [vo.logVo.LogVo.<init>] [INFO] 日志实例已初始化...
[2020-04-12 18:00:56:024] [vo.logVo.LogVo.<init>] [INFO] 日志实例已初始化...
[2020-04-12 18:00:56:025] [vo.logVo.LogVo.<init>] [INFO] 日志实例已初始化...
[2020-04-12 18:00:56:025] [vo.logVo.LogVo.<init>] [INFO] 日志实例已初始化...
[2020-04-12 18:00:56:025] [vo.logVo.LogVo.<init>] [INFO] 日志实例已初始化...
[2020-04-12 18:00:56:026] [vo.logVo.LogVo.<init>] [INFO] 日志实例已初始化...
[2020-04-12 18:00:56:029] [vo.logVo.LogVo.<init>] [INFO] 日志实例已初始化...
[2020-04-12 18:00:56:030] [vo.logVo.LogVo.<init>] [INFO] 日志实例已初始化...
[2020-04-12 18:00:56:031] [vo.logVo.LogVo.<init>] [INFO] 日志实例已初始化...
[2020-04-12 18:00:56:032] [vo.logVo.LogVo.<init>] [INFO] 日志实例已初始化...
[2020-04-12 18:00:56:032] [vo.logVo.LogVo.<init>] [INFO] 日志实例已初始化...
[2020-04-12 18:00:56:033] [vo.logVo.LogVo.<init>] [INFO] 日志实例已初始化...
[2020-04-12 18:00:56:033] [vo.logVo.LogVo.<init>] [INFO] 日志实例已初始化...
[2020-04-12 18:00:56:034] [vo.logVo.LogVo.<init>] [INFO] 日志实例已初始化...
[2020-04-12 18:00:56:034] [vo.logVo.LogVo.<init>] [INFO] 日志实例已初始化...
[2020-04-12 18:00:56:035] [vo.logVo.LogVo.<init>] [INFO] 日志实例已初始化...
[2020-04-12 18:00:56:035] [vo.logVo.LogVo.<init>] [INFO] 日志实例已初始化...
[2020-04-12 18:00:56:035] [vo.logVo.LogVo.<init>] [INFO] 日志实例已初始化...
[2020-04-12 18:00:56:036] [vo.logVo.LogVo.<init>] [INFO] 日志实例已初始化...
[2020-04-12 18:00:56:037] [vo.logVo.LogVo.<init>] [INFO] 日志实例已初始化...
[2020-04-12 18:00:56:038] [vo.logVo.LogVo.<init>] [INFO] 日志实例已初始化...
[2020-04-12 18:00:56:038] [vo.logVo.LogVo.<init>] [INFO] 日志实例已初始化...
[2020-04-12 18:00:56:039] [vo.logVo.LogVo.<init>] [INFO] 日志实例已初始化...
[2020-04-12 18:00:56:040] [vo.logVo.LogVo.<init>] [INFO] 日志实例已初始化...
[2020-04-12 18:00:56:040] [vo.logVo.LogVo.<init>] [INFO] 日志实例已初始化...
[2020-04-12 18:00:56:040] [vo.logVo.LogVo.<init>] [INFO] 日志实例已初始化...
[2020-04-12 18:00:56:041] [vo.logVo.LogVo.<init>] [INFO] 日志实例已初始化...
[2020-04-12 18:00:56:042] [vo.logVo.LogVo.<init>] [INFO] 日志实例已初始化...
[2020-04-12 18:00:56:043] [vo.logVo.LogVo.<init>] [INFO] 日志实例已初始化...
[2020-04-12 18:00:56:043] [vo.logVo.LogVo.<init>] [INFO] 日志实例已初始化...
[2020-04-12 18:00:56:044] [vo.logVo.LogVo.<init>] [INFO] 日志实例已初始化...
[2020-04-12 18:00:56:044] [vo.logVo.LogVo.<init>] [INFO] 日志实例已初始化...
[2020-04-12 18:00:56:044] [vo.logVo.LogVo.<init>] [INFO] 日志实例已初始化...
[2020-04-12 18:00:56:045] [vo.logVo.LogVo.<init>] [INFO] 日志实例已初始化...
[2020-04-12 18:00:56:046] [vo.logVo.LogVo.<init>] [INFO] 日志实例已初始化...
[2020-04-12 18:00:56:047] [vo.logVo.LogVo.<init>] [INFO] 日志实例已初始化...
[2020-04-12 18:00:56:047] [vo.logVo.LogVo.<init>] [INFO] 日志实例已初始化...
[2020-04-12 18:00:56:048] [vo.logVo.LogVo.<init>] [INFO] 日志实例已初始化...
[2020-04-12 18:00:56:048] [vo.logVo.LogVo.<init>] [INFO] 日志实例已初始化...
[2020-04-12 18:00:56:048] [vo.logVo.LogVo.<init>] [INFO] 日志实例已初始化...
[2020-04-12 18:00:56:049] [vo.logVo.LogVo.<init>] [INFO] 日志实例已初始化...
[2020-04-12 18:00:56:049] [vo.logVo.LogVo.<init>] [INFO] 日志实例已初始化...
[2020-04-12 18:00:56:049] [vo.logVo.LogVo.<init>] [INFO] 日志实例已初始化...
[2020-04-12 18:00:56:049] [vo.logVo.LogVo.<init>] [INFO] 日志实例已初始化...
[2020-04-12 18:00:56:050] [vo.logVo.LogVo.<init>] [INFO] 日志实例已初始化...
[2020-04-12 18:00:56:050] [vo.logVo.LogVo.<init>] [INFO] 日志实例已初始化...
[2020-04-12 18:00:56:050] [vo.logVo.LogVo.<init>] [INFO] 日志实例已初始化...
[2020-04-12 18:00:56:051] [vo.logVo.LogVo.<init>] [INFO] 日志实例已初始化...
[2020-04-12 18:00:56:051] [vo.logVo.LogVo.<init>] [INFO] 日志实例已初始化...
[2020-04-12 18:00:56:051] [vo.logVo.LogVo.<init>] [INFO] 日志实例已初始化...
[2020-04-12 18:00:56:051] [vo.logVo.LogVo.<init>] [INFO] 日志实例已初始化...
[2020-04-12 18:00:56:052] [vo.logVo.LogVo.<init>] [INFO] 日志实例已初始化...
[2020-04-12 18:00:56:052] [vo.logVo.LogVo.<init>] [INFO] 日志实例已初始化...
[2020-04-12 18:00:56:052] [vo.logVo.LogVo.<init>] [INFO] 日志实例已初始化...
[2020-04-12 18:00:56:053] [vo.logVo.LogVo.<init>] [INFO] 日志实例已初始化...
[2020-04-12 18:00:56:053] [vo.logVo.LogVo.<init>] [INFO] 日志实例已初始化...
[2020-04-12 18:00:56:053] [vo.logVo.LogVo.<init>] [INFO] 日志实例已初始化...
[2020-04-12 18:00:56:054] [vo.logVo.LogVo.<init>] [INFO] 日志实例已初始化...
[2020-04-12 18:00:56:054] [vo.logVo.LogVo.<init>] [INFO] 日志实例已初始化...
[2020-04-12 18:00:56:055] [vo.logVo.LogVo.<init>] [INFO] 日志实例已初始化...
[2020-04-12 18:00:56:055] [vo.logVo.LogVo.<init>] [INFO] 日志实例已初始化...
[2020-04-12 18:00:56:056] [vo.logVo.LogVo.<init>] [INFO] 日志实例已初始化...
[2020-04-12 18:00:56:057] [vo.logVo.LogVo.<init>] [INFO] 日志实例已初始化...
[2020-04-12 18:00:56:058] [vo.logVo.LogVo.<init>] [INFO] 日志实例已初始化...
[2020-04-12 18:00:56:059] [vo.logVo.LogVo.<init>] [INFO] 日志实例已初始化...
[2020-04-12 18:00:56:060] [vo.logVo.LogVo.<init>] [INFO] 日志实例已初始化...
[2020-04-12 18:00:56:060] [vo.logVo.LogVo.<init>] [INFO] 日志实例已初始化...
[2020-04-12 18:00:56:061] [vo.logVo.LogVo.<init>] [INFO] 日志实例已初始化...
[2020-04-12 18:00:56:061] [vo.logVo.LogVo.<init>] [INFO] 日志实例已初始化...
[2020-04-12 18:00:56:061] [vo.logVo.LogVo.<init>] [INFO] 日志实例已初始化...
[2020-04-12 18:00:56:062] [vo.logVo.LogVo.<init>] [INFO] 日志实例已初始化...
[2020-04-12 18:00:56:062] [vo.logVo.LogVo.<init>] [INFO] 日志实例已初始化...
[2020-04-12 18:00:56:063] [vo.logVo.LogVo.<init>] [INFO] 日志实例已初始化...
[2020-04-12 18:00:56:064] [vo.logVo.LogVo.<init>] [INFO] 日志实例已初始化...
[2020-04-12 18:00:56:065] [vo.logVo.LogVo.<init>] [INFO] 日志实例已初始化...
[2020-04-12 18:00:56:065] [vo.logVo.LogVo.<init>] [INFO] 日志实例已初始化...
[2020-04-12 18:00:56:066] [vo.logVo.LogVo.<init>] [INFO] 日志实例已初始化...
[2020-04-12 18:00:56:066] [vo.logVo.LogVo.<init>] [INFO] 日志实例已初始化...
[2020-04-12 18:00:56:067] [vo.logVo.LogVo.<init>] [INFO] 日志实例已初始化...
[2020-04-12 18:00:56:067] [vo.logVo.LogVo.<init>] [INFO] 日志实例已初始化...
[2020-04-12 18:00:56:067] [vo.logVo.LogVo.<init>] [INFO] 日志实例已初始化...
[2020-04-12 18:00:56:068] [vo.logVo.LogVo.<init>] [INFO] 日志实例已初始化...
[2020-04-12 18:00:56:068] [vo.logVo.LogVo.<init>] [INFO] 日志实例已初始化...
[2020-04-12 18:00:56:069] [vo.logVo.LogVo.<init>] [INFO] 日志实例已初始化...
[2020-04-12 18:00:56:069] [vo.logVo.LogVo.<init>] [INFO] 日志实例已初始化...
[2020-04-12 18:00:56:070] [vo.logVo.LogVo.<init>] [INFO] 日志实例已初始化...
[2020-04-12 18:00:56:070] [vo.logVo.LogVo.<init>] [INFO] 日志实例已初始化...
[2020-04-12 18:00:56:071] [vo.logVo.LogVo.<init>] [INFO] 日志实例已初始化...
[2020-04-12 18:00:56:071] [vo.logVo.LogVo.<init>] [INFO] 日志实例已初始化...
[2020-04-12 18:00:56:072] [vo.logVo.LogVo.<init>] [INFO] 日志实例已初始化...
[2020-04-12 18:00:56:074] [vo.logVo.LogVo.<init>] [INFO] 日志实例已初始化...
[2020-04-12 18:00:56:074] [vo.logVo.LogVo.<init>] [INFO] 日志实例已初始化...
[2020-04-12 18:00:56:075] [vo.logVo.LogVo.<init>] [INFO] 日志实例已初始化...
[2020-04-12 18:00:56:075] [vo.logVo.LogVo.<init>] [INFO] 日志实例已初始化...
[2020-04-12 18:00:56:076] [vo.logVo.LogVo.<init>] [INFO] 日志实例已初始化...
[2020-04-12 18:00:56:076] [vo.logVo.LogVo.<init>] [INFO] 日志实例已初始化...
[2020-04-12 18:00:56:077] [vo.logVo.LogVo.<init>] [INFO] 日志实例已初始化...
[2020-04-12 18:00:56:077] [vo.logVo.LogVo.<init>] [INFO] 日志实例已初始化...
[2020-04-12 18:00:56:078] [vo.logVo.LogVo.<init>] [INFO] 日志实例已初始化...
[2020-04-12 18:00:56:079] [vo.logVo.LogVo.<init>] [INFO] 日志实例已初始化...
[2020-04-12 18:00:56:080] [vo.logVo.LogVo.<init>] [INFO] 日志实例已初始化...
[2020-04-12 18:00:56:081] [vo.logVo.LogVo.<init>] [INFO] 日志实例已初始化...
[2020-04-12 18:00:56:081] [vo.logVo.LogVo.<init>] [INFO] 日志实例已初始化...
[2020-04-12 18:00:56:081] [vo.logVo.LogVo.<init>] [INFO] 日志实例已初始化...
[2020-04-12 18:00:56:082] [vo.logVo.LogVo.<init>] [INFO] 日志实例已初始化...
[2020-04-12 18:00:56:083] [vo.logVo.LogVo.<init>] [INFO] 日志实例已初始化...
[2020-04-12 18:00:56:083] [vo.logVo.LogVo.<init>] [INFO] 日志实例已初始化...
[2020-04-12 18:00:56:084] [vo.logVo.LogVo.<init>] [INFO] 日志实例已初始化...
[2020-04-12 18:00:56:084] [vo.logVo.LogVo.<init>] [INFO] 日志实例已初始化...
[2020-04-12 18:00:56:084] [vo.logVo.LogVo.<init>] [INFO] 日志实例已初始化...
[2020-04-12 18:00:56:085] [vo.logVo.LogVo.<init>] [INFO] 日志实例已初始化...
[2020-04-12 18:00:56:085] [vo.logVo.LogVo.<init>] [INFO] 日志实例已初始化...
[2020-04-12 18:00:56:086] [vo.logVo.LogVo.<init>] [INFO] 日志实例已初始化...
[2020-04-12 18:00:56:086] [vo.logVo.LogVo.<init>] [INFO] 日志实例已初始化...
[2020-04-12 18:00:56:088] [vo.logVo.LogVo.<init>] [INFO] 日志实例已初始化...
[2020-04-12 18:00:56:089] [vo.logVo.LogVo.<init>] [INFO] 日志实例已初始化...
[2020-04-12 18:00:56:090] [vo.logVo.LogVo.<init>] [INFO] 日志实例已初始化...
[2020-04-12 18:00:56:091] [vo.logVo.LogVo.<init>] [INFO] 日志实例已初始化...
[2020-04-12 18:00:56:091] [vo.logVo.LogVo.<init>] [INFO] 日志实例已初始化...
[2020-04-12 18:00:56:092] [vo.logVo.LogVo.<init>] [INFO] 日志实例已初始化...
[2020-04-12 18:00:56:092] [vo.logVo.LogVo.<init>] [INFO] 日志实例已初始化...
[2020-04-12 18:00:56:093] [vo.logVo.LogVo.<init>] [INFO] 日志实例已初始化...
[2020-04-12 18:00:56:142] [vo.logVo.LogVo.<init>] [INFO] 日志实例已初始化...
[2020-04-12 18:00:56:152] [vo.logVo.LogVo.<init>] [INFO] 日志实例已初始化...
[2020-04-12 18:00:56:357] [action.userAction.LoginAction.execute] [INFO] 该用户已登录，请稍后再试！
[2020-04-12 18:01:26:155] [util.MyApplicationContextAnnotion.<init>] [INFO] 获取上下文工具类初始化成功!
[2020-04-12 18:01:26:595] [aop.AnnotationCommenAop.<init>] [INFO] 注解式切面已初始化...
[2020-04-12 18:01:28:329] [vo.logVo.LogVo.<init>] [INFO] 日志实例已初始化...
[2020-04-12 18:01:28:875] [aop.ConfigCommenAop.<init>] [INFO] 切面已初始化...
[2020-04-12 18:01:28:935] [vo.logVo.LogVo.<init>] [INFO] 日志实例已初始化...
[2020-04-12 18:01:28:949] [webservice.WebServiceInterface.<init>] [INFO] spring管理web service1
[2020-04-12 18:01:57:171] [vo.logVo.LogVo.<init>] [INFO] 日志实例已初始化...
[2020-04-12 18:01:57:183] [vo.logVo.LogVo.<init>] [INFO] 日志实例已初始化...
[2020-04-12 18:01:57:184] [vo.logVo.LogVo.<init>] [INFO] 日志实例已初始化...
[2020-04-12 18:01:57:185] [vo.logVo.LogVo.<init>] [INFO] 日志实例已初始化...
[2020-04-12 18:01:57:187] [vo.logVo.LogVo.<init>] [INFO] 日志实例已初始化...
[2020-04-12 18:01:57:191] [vo.logVo.LogVo.<init>] [INFO] 日志实例已初始化...
[2020-04-12 18:01:57:193] [vo.logVo.LogVo.<init>] [INFO] 日志实例已初始化...
[2020-04-12 18:01:57:198] [vo.logVo.LogVo.<init>] [INFO] 日志实例已初始化...
[2020-04-12 18:01:57:199] [vo.logVo.LogVo.<init>] [INFO] 日志实例已初始化...
[2020-04-12 18:01:57:200] [vo.logVo.LogVo.<init>] [INFO] 日志实例已初始化...
[2020-04-12 18:01:57:204] [vo.logVo.LogVo.<init>] [INFO] 日志实例已初始化...
[2020-04-12 18:01:57:206] [vo.logVo.LogVo.<init>] [INFO] 日志实例已初始化...
[2020-04-12 18:01:57:208] [vo.logVo.LogVo.<init>] [INFO] 日志实例已初始化...
[2020-04-12 18:01:57:212] [vo.logVo.LogVo.<init>] [INFO] 日志实例已初始化...
[2020-04-12 18:01:57:215] [vo.logVo.LogVo.<init>] [INFO] 日志实例已初始化...
[2020-04-12 18:01:57:220] [vo.logVo.LogVo.<init>] [INFO] 日志实例已初始化...
[2020-04-12 18:01:57:222] [vo.logVo.LogVo.<init>] [INFO] 日志实例已初始化...
[2020-04-12 18:01:57:224] [vo.logVo.LogVo.<init>] [INFO] 日志实例已初始化...
[2020-04-12 18:01:57:225] [vo.logVo.LogVo.<init>] [INFO] 日志实例已初始化...
[2020-04-12 18:01:57:226] [vo.logVo.LogVo.<init>] [INFO] 日志实例已初始化...
[2020-04-12 18:01:57:239] [vo.logVo.LogVo.<init>] [INFO] 日志实例已初始化...
[2020-04-12 18:01:57:243] [vo.logVo.LogVo.<init>] [INFO] 日志实例已初始化...
[2020-04-12 18:01:57:281] [vo.logVo.LogVo.<init>] [INFO] 日志实例已初始化...
[2020-04-12 18:01:57:284] [vo.logVo.LogVo.<init>] [INFO] 日志实例已初始化...
[2020-04-12 18:01:57:290] [vo.logVo.LogVo.<init>] [INFO] 日志实例已初始化...
[2020-04-12 18:01:57:292] [vo.logVo.LogVo.<init>] [INFO] 日志实例已初始化...
[2020-04-12 18:01:57:295] [vo.logVo.LogVo.<init>] [INFO] 日志实例已初始化...
[2020-04-12 18:01:57:301] [vo.logVo.LogVo.<init>] [INFO] 日志实例已初始化...
[2020-04-12 18:01:57:305] [vo.logVo.LogVo.<init>] [INFO] 日志实例已初始化...
[2020-04-12 18:01:57:320] [vo.logVo.LogVo.<init>] [INFO] 日志实例已初始化...
[2020-04-12 18:01:57:322] [vo.logVo.LogVo.<init>] [INFO] 日志实例已初始化...
[2020-04-12 18:01:57:325] [vo.logVo.LogVo.<init>] [INFO] 日志实例已初始化...
[2020-04-12 18:01:57:328] [vo.logVo.LogVo.<init>] [INFO] 日志实例已初始化...
[2020-04-12 18:01:57:329] [vo.logVo.LogVo.<init>] [INFO] 日志实例已初始化...
[2020-04-12 18:01:57:331] [vo.logVo.LogVo.<init>] [INFO] 日志实例已初始化...
[2020-04-12 18:01:57:342] [vo.logVo.LogVo.<init>] [INFO] 日志实例已初始化...
[2020-04-12 18:01:57:350] [vo.logVo.LogVo.<init>] [INFO] 日志实例已初始化...
[2020-04-12 18:01:57:354] [vo.logVo.LogVo.<init>] [INFO] 日志实例已初始化...
[2020-04-12 18:01:57:355] [vo.logVo.LogVo.<init>] [INFO] 日志实例已初始化...
[2020-04-12 18:01:57:356] [vo.logVo.LogVo.<init>] [INFO] 日志实例已初始化...
[2020-04-12 18:01:57:364] [vo.logVo.LogVo.<init>] [INFO] 日志实例已初始化...
[2020-04-12 18:01:57:366] [vo.logVo.LogVo.<init>] [INFO] 日志实例已初始化...
[2020-04-12 18:01:57:368] [vo.logVo.LogVo.<init>] [INFO] 日志实例已初始化...
[2020-04-12 18:01:57:373] [vo.logVo.LogVo.<init>] [INFO] 日志实例已初始化...
[2020-04-12 18:01:57:376] [vo.logVo.LogVo.<init>] [INFO] 日志实例已初始化...
[2020-04-12 18:01:57:379] [vo.logVo.LogVo.<init>] [INFO] 日志实例已初始化...
[2020-04-12 18:01:57:382] [vo.logVo.LogVo.<init>] [INFO] 日志实例已初始化...
[2020-04-12 18:01:57:386] [vo.logVo.LogVo.<init>] [INFO] 日志实例已初始化...
[2020-04-12 18:01:57:389] [vo.logVo.LogVo.<init>] [INFO] 日志实例已初始化...
[2020-04-12 18:01:57:392] [vo.logVo.LogVo.<init>] [INFO] 日志实例已初始化...
[2020-04-12 18:01:57:399] [vo.logVo.LogVo.<init>] [INFO] 日志实例已初始化...
[2020-04-12 18:01:57:406] [vo.logVo.LogVo.<init>] [INFO] 日志实例已初始化...
[2020-04-12 18:01:57:409] [vo.logVo.LogVo.<init>] [INFO] 日志实例已初始化...
[2020-04-12 18:01:57:410] [vo.logVo.LogVo.<init>] [INFO] 日志实例已初始化...
[2020-04-12 18:01:57:412] [vo.logVo.LogVo.<init>] [INFO] 日志实例已初始化...
[2020-04-12 18:01:57:413] [vo.logVo.LogVo.<init>] [INFO] 日志实例已初始化...
[2020-04-12 18:01:57:415] [vo.logVo.LogVo.<init>] [INFO] 日志实例已初始化...
[2020-04-12 18:01:57:420] [vo.logVo.LogVo.<init>] [INFO] 日志实例已初始化...
[2020-04-12 18:01:57:422] [vo.logVo.LogVo.<init>] [INFO] 日志实例已初始化...
[2020-04-12 18:01:57:423] [vo.logVo.LogVo.<init>] [INFO] 日志实例已初始化...
[2020-04-12 18:01:57:425] [vo.logVo.LogVo.<init>] [INFO] 日志实例已初始化...
[2020-04-12 18:01:57:426] [vo.logVo.LogVo.<init>] [INFO] 日志实例已初始化...
[2020-04-12 18:01:57:427] [vo.logVo.LogVo.<init>] [INFO] 日志实例已初始化...
[2020-04-12 18:01:57:428] [vo.logVo.LogVo.<init>] [INFO] 日志实例已初始化...
[2020-04-12 18:01:57:429] [vo.logVo.LogVo.<init>] [INFO] 日志实例已初始化...
[2020-04-12 18:01:57:430] [vo.logVo.LogVo.<init>] [INFO] 日志实例已初始化...
[2020-04-12 18:01:57:434] [vo.logVo.LogVo.<init>] [INFO] 日志实例已初始化...
[2020-04-12 18:01:57:437] [vo.logVo.LogVo.<init>] [INFO] 日志实例已初始化...
[2020-04-12 18:01:57:438] [vo.logVo.LogVo.<init>] [INFO] 日志实例已初始化...
[2020-04-12 18:01:57:440] [vo.logVo.LogVo.<init>] [INFO] 日志实例已初始化...
[2020-04-12 18:01:57:441] [vo.logVo.LogVo.<init>] [INFO] 日志实例已初始化...
[2020-04-12 18:01:57:443] [vo.logVo.LogVo.<init>] [INFO] 日志实例已初始化...
[2020-04-12 18:01:57:444] [vo.logVo.LogVo.<init>] [INFO] 日志实例已初始化...
[2020-04-12 18:01:57:445] [vo.logVo.LogVo.<init>] [INFO] 日志实例已初始化...
[2020-04-12 18:01:57:446] [vo.logVo.LogVo.<init>] [INFO] 日志实例已初始化...
[2020-04-12 18:01:57:448] [vo.logVo.LogVo.<init>] [INFO] 日志实例已初始化...
[2020-04-12 18:01:57:449] [vo.logVo.LogVo.<init>] [INFO] 日志实例已初始化...
[2020-04-12 18:01:57:451] [vo.logVo.LogVo.<init>] [INFO] 日志实例已初始化...
[2020-04-12 18:01:57:453] [vo.logVo.LogVo.<init>] [INFO] 日志实例已初始化...
[2020-04-12 18:01:57:454] [vo.logVo.LogVo.<init>] [INFO] 日志实例已初始化...
[2020-04-12 18:01:57:456] [vo.logVo.LogVo.<init>] [INFO] 日志实例已初始化...
[2020-04-12 18:01:57:457] [vo.logVo.LogVo.<init>] [INFO] 日志实例已初始化...
[2020-04-12 18:01:57:458] [vo.logVo.LogVo.<init>] [INFO] 日志实例已初始化...
[2020-04-12 18:01:57:459] [vo.logVo.LogVo.<init>] [INFO] 日志实例已初始化...
[2020-04-12 18:01:57:459] [vo.logVo.LogVo.<init>] [INFO] 日志实例已初始化...
[2020-04-12 18:01:57:460] [vo.logVo.LogVo.<init>] [INFO] 日志实例已初始化...
[2020-04-12 18:01:57:460] [vo.logVo.LogVo.<init>] [INFO] 日志实例已初始化...
[2020-04-12 18:01:57:461] [vo.logVo.LogVo.<init>] [INFO] 日志实例已初始化...
[2020-04-12 18:01:57:461] [vo.logVo.LogVo.<init>] [INFO] 日志实例已初始化...
[2020-04-12 18:01:57:462] [vo.logVo.LogVo.<init>] [INFO] 日志实例已初始化...
[2020-04-12 18:01:57:463] [vo.logVo.LogVo.<init>] [INFO] 日志实例已初始化...
[2020-04-12 18:01:57:464] [vo.logVo.LogVo.<init>] [INFO] 日志实例已初始化...
[2020-04-12 18:01:57:465] [vo.logVo.LogVo.<init>] [INFO] 日志实例已初始化...
[2020-04-12 18:01:57:466] [vo.logVo.LogVo.<init>] [INFO] 日志实例已初始化...
[2020-04-12 18:01:57:467] [vo.logVo.LogVo.<init>] [INFO] 日志实例已初始化...
[2020-04-12 18:01:57:467] [vo.logVo.LogVo.<init>] [INFO] 日志实例已初始化...
[2020-04-12 18:01:57:469] [vo.logVo.LogVo.<init>] [INFO] 日志实例已初始化...
[2020-04-12 18:01:57:470] [vo.logVo.LogVo.<init>] [INFO] 日志实例已初始化...
[2020-04-12 18:01:57:472] [vo.logVo.LogVo.<init>] [INFO] 日志实例已初始化...
[2020-04-12 18:01:57:473] [vo.logVo.LogVo.<init>] [INFO] 日志实例已初始化...
[2020-04-12 18:01:57:474] [vo.logVo.LogVo.<init>] [INFO] 日志实例已初始化...
[2020-04-12 18:01:57:475] [vo.logVo.LogVo.<init>] [INFO] 日志实例已初始化...
[2020-04-12 18:01:57:476] [vo.logVo.LogVo.<init>] [INFO] 日志实例已初始化...
[2020-04-12 18:01:57:478] [vo.logVo.LogVo.<init>] [INFO] 日志实例已初始化...
[2020-04-12 18:01:57:480] [vo.logVo.LogVo.<init>] [INFO] 日志实例已初始化...
[2020-04-12 18:01:57:481] [vo.logVo.LogVo.<init>] [INFO] 日志实例已初始化...
[2020-04-12 18:01:57:482] [vo.logVo.LogVo.<init>] [INFO] 日志实例已初始化...
[2020-04-12 18:01:57:483] [vo.logVo.LogVo.<init>] [INFO] 日志实例已初始化...
[2020-04-12 18:01:57:483] [vo.logVo.LogVo.<init>] [INFO] 日志实例已初始化...
[2020-04-12 18:01:57:485] [vo.logVo.LogVo.<init>] [INFO] 日志实例已初始化...
[2020-04-12 18:01:57:489] [vo.logVo.LogVo.<init>] [INFO] 日志实例已初始化...
[2020-04-12 18:01:57:490] [vo.logVo.LogVo.<init>] [INFO] 日志实例已初始化...
[2020-04-12 18:01:57:491] [vo.logVo.LogVo.<init>] [INFO] 日志实例已初始化...
[2020-04-12 18:01:57:496] [vo.logVo.LogVo.<init>] [INFO] 日志实例已初始化...
[2020-04-12 18:01:57:497] [vo.logVo.LogVo.<init>] [INFO] 日志实例已初始化...
[2020-04-12 18:01:57:498] [vo.logVo.LogVo.<init>] [INFO] 日志实例已初始化...
[2020-04-12 18:01:57:500] [vo.logVo.LogVo.<init>] [INFO] 日志实例已初始化...
[2020-04-12 18:01:57:501] [vo.logVo.LogVo.<init>] [INFO] 日志实例已初始化...
[2020-04-12 18:01:57:504] [vo.logVo.LogVo.<init>] [INFO] 日志实例已初始化...
[2020-04-12 18:01:57:505] [vo.logVo.LogVo.<init>] [INFO] 日志实例已初始化...
[2020-04-12 18:01:57:508] [vo.logVo.LogVo.<init>] [INFO] 日志实例已初始化...
[2020-04-12 18:01:57:511] [vo.logVo.LogVo.<init>] [INFO] 日志实例已初始化...
[2020-04-12 18:01:57:516] [vo.logVo.LogVo.<init>] [INFO] 日志实例已初始化...
[2020-04-12 18:01:57:521] [vo.logVo.LogVo.<init>] [INFO] 日志实例已初始化...
[2020-04-12 18:01:57:522] [vo.logVo.LogVo.<init>] [INFO] 日志实例已初始化...
[2020-04-12 18:01:57:523] [vo.logVo.LogVo.<init>] [INFO] 日志实例已初始化...
[2020-04-12 18:01:57:524] [vo.logVo.LogVo.<init>] [INFO] 日志实例已初始化...
[2020-04-12 18:01:57:525] [vo.logVo.LogVo.<init>] [INFO] 日志实例已初始化...
[2020-04-12 18:01:57:526] [vo.logVo.LogVo.<init>] [INFO] 日志实例已初始化...
[2020-04-12 18:01:57:528] [vo.logVo.LogVo.<init>] [INFO] 日志实例已初始化...
[2020-04-12 18:01:57:529] [vo.logVo.LogVo.<init>] [INFO] 日志实例已初始化...
[2020-04-12 18:01:57:530] [vo.logVo.LogVo.<init>] [INFO] 日志实例已初始化...
[2020-04-12 18:01:57:530] [vo.logVo.LogVo.<init>] [INFO] 日志实例已初始化...
[2020-04-12 18:01:57:532] [vo.logVo.LogVo.<init>] [INFO] 日志实例已初始化...
[2020-04-12 18:01:57:534] [vo.logVo.LogVo.<init>] [INFO] 日志实例已初始化...
[2020-04-12 18:01:57:536] [vo.logVo.LogVo.<init>] [INFO] 日志实例已初始化...
[2020-04-12 18:01:57:537] [vo.logVo.LogVo.<init>] [INFO] 日志实例已初始化...
[2020-04-12 18:01:57:538] [vo.logVo.LogVo.<init>] [INFO] 日志实例已初始化...
[2020-04-12 18:01:57:539] [vo.logVo.LogVo.<init>] [INFO] 日志实例已初始化...
[2020-04-12 18:01:57:539] [vo.logVo.LogVo.<init>] [INFO] 日志实例已初始化...
[2020-04-12 18:01:57:541] [vo.logVo.LogVo.<init>] [INFO] 日志实例已初始化...
[2020-04-12 18:01:57:543] [vo.logVo.LogVo.<init>] [INFO] 日志实例已初始化...
[2020-04-12 18:01:57:544] [vo.logVo.LogVo.<init>] [INFO] 日志实例已初始化...
[2020-04-12 18:01:57:545] [vo.logVo.LogVo.<init>] [INFO] 日志实例已初始化...
[2020-04-12 18:01:57:545] [vo.logVo.LogVo.<init>] [INFO] 日志实例已初始化...
[2020-04-12 18:01:57:546] [vo.logVo.LogVo.<init>] [INFO] 日志实例已初始化...
[2020-04-12 18:01:57:548] [vo.logVo.LogVo.<init>] [INFO] 日志实例已初始化...
[2020-04-12 18:01:57:549] [vo.logVo.LogVo.<init>] [INFO] 日志实例已初始化...
[2020-04-12 18:01:57:550] [vo.logVo.LogVo.<init>] [INFO] 日志实例已初始化...
[2020-04-12 18:01:57:552] [vo.logVo.LogVo.<init>] [INFO] 日志实例已初始化...
[2020-04-12 18:01:57:553] [vo.logVo.LogVo.<init>] [INFO] 日志实例已初始化...
[2020-04-12 18:01:57:554] [vo.logVo.LogVo.<init>] [INFO] 日志实例已初始化...
[2020-04-12 18:01:57:554] [vo.logVo.LogVo.<init>] [INFO] 日志实例已初始化...
[2020-04-12 18:01:57:555] [vo.logVo.LogVo.<init>] [INFO] 日志实例已初始化...
[2020-04-12 18:01:57:555] [vo.logVo.LogVo.<init>] [INFO] 日志实例已初始化...
[2020-04-12 18:01:57:556] [vo.logVo.LogVo.<init>] [INFO] 日志实例已初始化...
[2020-04-12 18:01:57:556] [vo.logVo.LogVo.<init>] [INFO] 日志实例已初始化...
[2020-04-12 18:01:57:559] [vo.logVo.LogVo.<init>] [INFO] 日志实例已初始化...
[2020-04-12 18:01:57:560] [vo.logVo.LogVo.<init>] [INFO] 日志实例已初始化...
[2020-04-12 18:01:57:561] [vo.logVo.LogVo.<init>] [INFO] 日志实例已初始化...
[2020-04-12 18:01:57:562] [vo.logVo.LogVo.<init>] [INFO] 日志实例已初始化...
[2020-04-12 18:01:57:563] [vo.logVo.LogVo.<init>] [INFO] 日志实例已初始化...
[2020-04-12 18:01:57:564] [vo.logVo.LogVo.<init>] [INFO] 日志实例已初始化...
[2020-04-12 18:01:57:565] [vo.logVo.LogVo.<init>] [INFO] 日志实例已初始化...
[2020-04-12 18:01:57:568] [vo.logVo.LogVo.<init>] [INFO] 日志实例已初始化...
[2020-04-12 18:01:57:571] [vo.logVo.LogVo.<init>] [INFO] 日志实例已初始化...
[2020-04-12 18:01:57:572] [vo.logVo.LogVo.<init>] [INFO] 日志实例已初始化...
[2020-04-12 18:01:57:576] [vo.logVo.LogVo.<init>] [INFO] 日志实例已初始化...
[2020-04-12 18:01:57:577] [vo.logVo.LogVo.<init>] [INFO] 日志实例已初始化...
[2020-04-12 18:01:57:578] [vo.logVo.LogVo.<init>] [INFO] 日志实例已初始化...
[2020-04-12 18:01:57:580] [vo.logVo.LogVo.<init>] [INFO] 日志实例已初始化...
[2020-04-12 18:01:57:581] [vo.logVo.LogVo.<init>] [INFO] 日志实例已初始化...
[2020-04-12 18:01:57:582] [vo.logVo.LogVo.<init>] [INFO] 日志实例已初始化...
[2020-04-12 18:01:57:589] [vo.logVo.LogVo.<init>] [INFO] 日志实例已初始化...
[2020-04-12 18:01:57:591] [vo.logVo.LogVo.<init>] [INFO] 日志实例已初始化...
[2020-04-12 18:01:57:593] [vo.logVo.LogVo.<init>] [INFO] 日志实例已初始化...
[2020-04-12 18:01:57:594] [vo.logVo.LogVo.<init>] [INFO] 日志实例已初始化...
[2020-04-12 18:01:57:596] [vo.logVo.LogVo.<init>] [INFO] 日志实例已初始化...
[2020-04-12 18:01:57:599] [vo.logVo.LogVo.<init>] [INFO] 日志实例已初始化...
[2020-04-12 18:01:57:600] [vo.logVo.LogVo.<init>] [INFO] 日志实例已初始化...
[2020-04-12 18:01:57:601] [vo.logVo.LogVo.<init>] [INFO] 日志实例已初始化...
[2020-04-12 18:01:57:602] [vo.logVo.LogVo.<init>] [INFO] 日志实例已初始化...
[2020-04-12 18:01:57:603] [vo.logVo.LogVo.<init>] [INFO] 日志实例已初始化...
[2020-04-12 18:01:57:604] [vo.logVo.LogVo.<init>] [INFO] 日志实例已初始化...
[2020-04-12 18:01:57:604] [vo.logVo.LogVo.<init>] [INFO] 日志实例已初始化...
[2020-04-12 18:01:57:607] [vo.logVo.LogVo.<init>] [INFO] 日志实例已初始化...
[2020-04-12 18:01:57:610] [vo.logVo.LogVo.<init>] [INFO] 日志实例已初始化...
[2020-04-12 18:01:57:611] [vo.logVo.LogVo.<init>] [INFO] 日志实例已初始化...
[2020-04-12 18:01:57:612] [vo.logVo.LogVo.<init>] [INFO] 日志实例已初始化...
[2020-04-12 18:01:57:613] [vo.logVo.LogVo.<init>] [INFO] 日志实例已初始化...
[2020-04-12 18:01:57:615] [vo.logVo.LogVo.<init>] [INFO] 日志实例已初始化...
[2020-04-12 18:01:57:616] [vo.logVo.LogVo.<init>] [INFO] 日志实例已初始化...
[2020-04-12 18:01:57:620] [vo.logVo.LogVo.<init>] [INFO] 日志实例已初始化...
[2020-04-12 18:01:57:621] [vo.logVo.LogVo.<init>] [INFO] 日志实例已初始化...
[2020-04-12 18:01:57:622] [vo.logVo.LogVo.<init>] [INFO] 日志实例已初始化...
[2020-04-12 18:01:57:624] [vo.logVo.LogVo.<init>] [INFO] 日志实例已初始化...
[2020-04-12 18:01:57:624] [vo.logVo.LogVo.<init>] [INFO] 日志实例已初始化...
[2020-04-12 18:01:57:625] [vo.logVo.LogVo.<init>] [INFO] 日志实例已初始化...
[2020-04-12 18:01:57:625] [vo.logVo.LogVo.<init>] [INFO] 日志实例已初始化...
[2020-04-12 18:01:57:626] [vo.logVo.LogVo.<init>] [INFO] 日志实例已初始化...
[2020-04-12 18:01:57:626] [vo.logVo.LogVo.<init>] [INFO] 日志实例已初始化...
[2020-04-12 18:01:57:626] [vo.logVo.LogVo.<init>] [INFO] 日志实例已初始化...
[2020-04-12 18:01:57:627] [vo.logVo.LogVo.<init>] [INFO] 日志实例已初始化...
[2020-04-12 18:01:57:627] [vo.logVo.LogVo.<init>] [INFO] 日志实例已初始化...
[2020-04-12 18:01:57:628] [vo.logVo.LogVo.<init>] [INFO] 日志实例已初始化...
[2020-04-12 18:01:57:629] [vo.logVo.LogVo.<init>] [INFO] 日志实例已初始化...
[2020-04-12 18:01:57:630] [vo.logVo.LogVo.<init>] [INFO] 日志实例已初始化...
[2020-04-12 18:01:57:632] [vo.logVo.LogVo.<init>] [INFO] 日志实例已初始化...
[2020-04-12 18:01:57:634] [vo.logVo.LogVo.<init>] [INFO] 日志实例已初始化...
[2020-04-12 18:01:57:635] [vo.logVo.LogVo.<init>] [INFO] 日志实例已初始化...
[2020-04-12 18:01:57:637] [vo.logVo.LogVo.<init>] [INFO] 日志实例已初始化...
[2020-04-12 18:01:57:638] [vo.logVo.LogVo.<init>] [INFO] 日志实例已初始化...
[2020-04-12 18:01:57:639] [vo.logVo.LogVo.<init>] [INFO] 日志实例已初始化...
[2020-04-12 18:01:57:640] [vo.logVo.LogVo.<init>] [INFO] 日志实例已初始化...
[2020-04-12 18:01:57:641] [vo.logVo.LogVo.<init>] [INFO] 日志实例已初始化...
[2020-04-12 18:01:57:642] [vo.logVo.LogVo.<init>] [INFO] 日志实例已初始化...
[2020-04-12 18:01:57:643] [vo.logVo.LogVo.<init>] [INFO] 日志实例已初始化...
[2020-04-12 18:01:57:644] [vo.logVo.LogVo.<init>] [INFO] 日志实例已初始化...
[2020-04-12 18:01:57:644] [vo.logVo.LogVo.<init>] [INFO] 日志实例已初始化...
[2020-04-12 18:01:57:645] [vo.logVo.LogVo.<init>] [INFO] 日志实例已初始化...
[2020-04-12 18:01:57:646] [vo.logVo.LogVo.<init>] [INFO] 日志实例已初始化...
[2020-04-12 18:01:57:649] [vo.logVo.LogVo.<init>] [INFO] 日志实例已初始化...
[2020-04-12 18:01:57:650] [vo.logVo.LogVo.<init>] [INFO] 日志实例已初始化...
[2020-04-12 18:01:57:655] [vo.logVo.LogVo.<init>] [INFO] 日志实例已初始化...
[2020-04-12 18:01:57:657] [vo.logVo.LogVo.<init>] [INFO] 日志实例已初始化...
[2020-04-12 18:01:57:658] [vo.logVo.LogVo.<init>] [INFO] 日志实例已初始化...
[2020-04-12 18:01:57:659] [vo.logVo.LogVo.<init>] [INFO] 日志实例已初始化...
[2020-04-12 18:01:57:660] [vo.logVo.LogVo.<init>] [INFO] 日志实例已初始化...
[2020-04-12 18:01:57:664] [vo.logVo.LogVo.<init>] [INFO] 日志实例已初始化...
[2020-04-12 18:01:57:665] [vo.logVo.LogVo.<init>] [INFO] 日志实例已初始化...
[2020-04-12 18:01:57:665] [vo.logVo.LogVo.<init>] [INFO] 日志实例已初始化...
[2020-04-12 18:01:57:668] [vo.logVo.LogVo.<init>] [INFO] 日志实例已初始化...
[2020-04-12 18:01:57:669] [vo.logVo.LogVo.<init>] [INFO] 日志实例已初始化...
[2020-04-12 18:01:57:671] [vo.logVo.LogVo.<init>] [INFO] 日志实例已初始化...
[2020-04-12 18:01:57:673] [vo.logVo.LogVo.<init>] [INFO] 日志实例已初始化...
[2020-04-12 18:01:57:683] [vo.logVo.LogVo.<init>] [INFO] 日志实例已初始化...
[2020-04-12 18:01:57:689] [vo.logVo.LogVo.<init>] [INFO] 日志实例已初始化...
[2020-04-12 18:01:57:690] [vo.logVo.LogVo.<init>] [INFO] 日志实例已初始化...
[2020-04-12 18:01:57:691] [vo.logVo.LogVo.<init>] [INFO] 日志实例已初始化...
[2020-04-12 18:01:57:692] [vo.logVo.LogVo.<init>] [INFO] 日志实例已初始化...
[2020-04-12 18:01:57:693] [vo.logVo.LogVo.<init>] [INFO] 日志实例已初始化...
[2020-04-12 18:01:57:698] [vo.logVo.LogVo.<init>] [INFO] 日志实例已初始化...
[2020-04-12 18:01:57:699] [vo.logVo.LogVo.<init>] [INFO] 日志实例已初始化...
[2020-04-12 18:01:57:704] [vo.logVo.LogVo.<init>] [INFO] 日志实例已初始化...
[2020-04-12 18:01:57:706] [vo.logVo.LogVo.<init>] [INFO] 日志实例已初始化...
[2020-04-12 18:01:57:707] [vo.logVo.LogVo.<init>] [INFO] 日志实例已初始化...
[2020-04-12 18:01:57:709] [vo.logVo.LogVo.<init>] [INFO] 日志实例已初始化...
[2020-04-12 18:01:57:710] [vo.logVo.LogVo.<init>] [INFO] 日志实例已初始化...
[2020-04-12 18:01:57:716] [vo.logVo.LogVo.<init>] [INFO] 日志实例已初始化...
[2020-04-12 18:01:57:720] [vo.logVo.LogVo.<init>] [INFO] 日志实例已初始化...
[2020-04-12 18:01:57:721] [vo.logVo.LogVo.<init>] [INFO] 日志实例已初始化...
[2020-04-12 18:01:57:722] [vo.logVo.LogVo.<init>] [INFO] 日志实例已初始化...
[2020-04-12 18:01:57:723] [vo.logVo.LogVo.<init>] [INFO] 日志实例已初始化...
[2020-04-12 18:01:57:723] [vo.logVo.LogVo.<init>] [INFO] 日志实例已初始化...
[2020-04-12 18:01:57:724] [vo.logVo.LogVo.<init>] [INFO] 日志实例已初始化...
[2020-04-12 18:01:57:725] [vo.logVo.LogVo.<init>] [INFO] 日志实例已初始化...
[2020-04-12 18:01:57:725] [vo.logVo.LogVo.<init>] [INFO] 日志实例已初始化...
[2020-04-12 18:01:57:728] [vo.logVo.LogVo.<init>] [INFO] 日志实例已初始化...
[2020-04-12 18:01:57:729] [vo.logVo.LogVo.<init>] [INFO] 日志实例已初始化...
[2020-04-12 18:01:57:729] [vo.logVo.LogVo.<init>] [INFO] 日志实例已初始化...
[2020-04-12 18:01:57:730] [vo.logVo.LogVo.<init>] [INFO] 日志实例已初始化...
[2020-04-12 18:01:57:732] [vo.logVo.LogVo.<init>] [INFO] 日志实例已初始化...
[2020-04-12 18:01:57:733] [vo.logVo.LogVo.<init>] [INFO] 日志实例已初始化...
[2020-04-12 18:01:57:736] [vo.logVo.LogVo.<init>] [INFO] 日志实例已初始化...
[2020-04-12 18:01:57:736] [vo.logVo.LogVo.<init>] [INFO] 日志实例已初始化...
[2020-04-12 18:01:57:737] [vo.logVo.LogVo.<init>] [INFO] 日志实例已初始化...
[2020-04-12 18:01:57:738] [vo.logVo.LogVo.<init>] [INFO] 日志实例已初始化...
[2020-04-12 18:01:57:739] [vo.logVo.LogVo.<init>] [INFO] 日志实例已初始化...
[2020-04-12 18:01:57:739] [vo.logVo.LogVo.<init>] [INFO] 日志实例已初始化...
[2020-04-12 18:01:57:743] [vo.logVo.LogVo.<init>] [INFO] 日志实例已初始化...
[2020-04-12 18:01:57:744] [vo.logVo.LogVo.<init>] [INFO] 日志实例已初始化...
[2020-04-12 18:01:57:755] [vo.logVo.LogVo.<init>] [INFO] 日志实例已初始化...
[2020-04-12 18:01:57:758] [vo.logVo.LogVo.<init>] [INFO] 日志实例已初始化...
[2020-04-12 18:01:57:759] [vo.logVo.LogVo.<init>] [INFO] 日志实例已初始化...
[2020-04-12 18:01:57:761] [vo.logVo.LogVo.<init>] [INFO] 日志实例已初始化...
[2020-04-12 18:01:57:762] [vo.logVo.LogVo.<init>] [INFO] 日志实例已初始化...
[2020-04-12 18:01:57:762] [vo.logVo.LogVo.<init>] [INFO] 日志实例已初始化...
[2020-04-12 18:01:57:763] [vo.logVo.LogVo.<init>] [INFO] 日志实例已初始化...
[2020-04-12 18:01:57:764] [vo.logVo.LogVo.<init>] [INFO] 日志实例已初始化...
[2020-04-12 18:01:57:765] [vo.logVo.LogVo.<init>] [INFO] 日志实例已初始化...
[2020-04-12 18:01:57:765] [vo.logVo.LogVo.<init>] [INFO] 日志实例已初始化...
[2020-04-12 18:01:57:766] [vo.logVo.LogVo.<init>] [INFO] 日志实例已初始化...
[2020-04-12 18:01:57:768] [vo.logVo.LogVo.<init>] [INFO] 日志实例已初始化...
[2020-04-12 18:01:57:769] [vo.logVo.LogVo.<init>] [INFO] 日志实例已初始化...
[2020-04-12 18:01:57:771] [vo.logVo.LogVo.<init>] [INFO] 日志实例已初始化...
[2020-04-12 18:01:57:772] [vo.logVo.LogVo.<init>] [INFO] 日志实例已初始化...
[2020-04-12 18:01:57:773] [vo.logVo.LogVo.<init>] [INFO] 日志实例已初始化...
[2020-04-12 18:01:57:774] [vo.logVo.LogVo.<init>] [INFO] 日志实例已初始化...
[2020-04-12 18:01:57:775] [vo.logVo.LogVo.<init>] [INFO] 日志实例已初始化...
[2020-04-12 18:01:57:776] [vo.logVo.LogVo.<init>] [INFO] 日志实例已初始化...
[2020-04-12 18:01:57:778] [vo.logVo.LogVo.<init>] [INFO] 日志实例已初始化...
[2020-04-12 18:01:57:778] [vo.logVo.LogVo.<init>] [INFO] 日志实例已初始化...
[2020-04-12 18:01:57:780] [vo.logVo.LogVo.<init>] [INFO] 日志实例已初始化...
[2020-04-12 18:01:57:782] [vo.logVo.LogVo.<init>] [INFO] 日志实例已初始化...
[2020-04-12 18:01:57:783] [vo.logVo.LogVo.<init>] [INFO] 日志实例已初始化...
[2020-04-12 18:01:57:784] [vo.logVo.LogVo.<init>] [INFO] 日志实例已初始化...
[2020-04-12 18:01:57:785] [vo.logVo.LogVo.<init>] [INFO] 日志实例已初始化...
[2020-04-12 18:01:57:786] [vo.logVo.LogVo.<init>] [INFO] 日志实例已初始化...
[2020-04-12 18:01:57:787] [vo.logVo.LogVo.<init>] [INFO] 日志实例已初始化...
[2020-04-12 18:01:57:788] [vo.logVo.LogVo.<init>] [INFO] 日志实例已初始化...
[2020-04-12 18:01:57:790] [vo.logVo.LogVo.<init>] [INFO] 日志实例已初始化...
[2020-04-12 18:01:57:791] [vo.logVo.LogVo.<init>] [INFO] 日志实例已初始化...
[2020-04-12 18:01:57:792] [vo.logVo.LogVo.<init>] [INFO] 日志实例已初始化...
[2020-04-12 18:01:57:792] [vo.logVo.LogVo.<init>] [INFO] 日志实例已初始化...
[2020-04-12 18:01:57:793] [vo.logVo.LogVo.<init>] [INFO] 日志实例已初始化...
[2020-04-12 18:01:57:793] [vo.logVo.LogVo.<init>] [INFO] 日志实例已初始化...
[2020-04-12 18:01:57:794] [vo.logVo.LogVo.<init>] [INFO] 日志实例已初始化...
[2020-04-12 18:01:57:794] [vo.logVo.LogVo.<init>] [INFO] 日志实例已初始化...
[2020-04-12 18:01:57:795] [vo.logVo.LogVo.<init>] [INFO] 日志实例已初始化...
[2020-04-12 18:01:57:795] [vo.logVo.LogVo.<init>] [INFO] 日志实例已初始化...
[2020-04-12 18:01:57:796] [vo.logVo.LogVo.<init>] [INFO] 日志实例已初始化...
[2020-04-12 18:01:57:797] [vo.logVo.LogVo.<init>] [INFO] 日志实例已初始化...
[2020-04-12 18:01:57:797] [vo.logVo.LogVo.<init>] [INFO] 日志实例已初始化...
[2020-04-12 18:01:57:798] [vo.logVo.LogVo.<init>] [INFO] 日志实例已初始化...
[2020-04-12 18:01:57:799] [vo.logVo.LogVo.<init>] [INFO] 日志实例已初始化...
[2020-04-12 18:01:57:800] [vo.logVo.LogVo.<init>] [INFO] 日志实例已初始化...
[2020-04-12 18:01:57:800] [vo.logVo.LogVo.<init>] [INFO] 日志实例已初始化...
[2020-04-12 18:01:57:800] [vo.logVo.LogVo.<init>] [INFO] 日志实例已初始化...
[2020-04-12 18:01:57:801] [vo.logVo.LogVo.<init>] [INFO] 日志实例已初始化...
[2020-04-12 18:01:57:802] [vo.logVo.LogVo.<init>] [INFO] 日志实例已初始化...
[2020-04-12 18:01:57:803] [vo.logVo.LogVo.<init>] [INFO] 日志实例已初始化...
[2020-04-12 18:01:57:803] [vo.logVo.LogVo.<init>] [INFO] 日志实例已初始化...
[2020-04-12 18:01:57:804] [vo.logVo.LogVo.<init>] [INFO] 日志实例已初始化...
[2020-04-12 18:01:57:805] [vo.logVo.LogVo.<init>] [INFO] 日志实例已初始化...
[2020-04-12 18:01:57:808] [vo.logVo.LogVo.<init>] [INFO] 日志实例已初始化...
[2020-04-12 18:01:57:808] [vo.logVo.LogVo.<init>] [INFO] 日志实例已初始化...
[2020-04-12 18:01:57:809] [vo.logVo.LogVo.<init>] [INFO] 日志实例已初始化...
[2020-04-12 18:01:57:810] [vo.logVo.LogVo.<init>] [INFO] 日志实例已初始化...
[2020-04-12 18:01:57:811] [vo.logVo.LogVo.<init>] [INFO] 日志实例已初始化...
[2020-04-12 18:01:57:811] [vo.logVo.LogVo.<init>] [INFO] 日志实例已初始化...
[2020-04-12 18:01:57:812] [vo.logVo.LogVo.<init>] [INFO] 日志实例已初始化...
[2020-04-12 18:01:57:813] [vo.logVo.LogVo.<init>] [INFO] 日志实例已初始化...
[2020-04-12 18:01:57:813] [vo.logVo.LogVo.<init>] [INFO] 日志实例已初始化...
[2020-04-12 18:01:57:815] [vo.logVo.LogVo.<init>] [INFO] 日志实例已初始化...
[2020-04-12 18:01:57:817] [vo.logVo.LogVo.<init>] [INFO] 日志实例已初始化...
[2020-04-12 18:01:57:819] [vo.logVo.LogVo.<init>] [INFO] 日志实例已初始化...
[2020-04-12 18:01:57:820] [vo.logVo.LogVo.<init>] [INFO] 日志实例已初始化...
[2020-04-12 18:01:57:822] [vo.logVo.LogVo.<init>] [INFO] 日志实例已初始化...
[2020-04-12 18:01:57:822] [vo.logVo.LogVo.<init>] [INFO] 日志实例已初始化...
[2020-04-12 18:01:57:823] [vo.logVo.LogVo.<init>] [INFO] 日志实例已初始化...
[2020-04-12 18:01:57:824] [vo.logVo.LogVo.<init>] [INFO] 日志实例已初始化...
[2020-04-12 18:01:57:824] [vo.logVo.LogVo.<init>] [INFO] 日志实例已初始化...
[2020-04-12 18:01:57:825] [vo.logVo.LogVo.<init>] [INFO] 日志实例已初始化...
[2020-04-12 18:01:57:826] [vo.logVo.LogVo.<init>] [INFO] 日志实例已初始化...
[2020-04-12 18:01:57:826] [vo.logVo.LogVo.<init>] [INFO] 日志实例已初始化...
[2020-04-12 18:01:57:827] [vo.logVo.LogVo.<init>] [INFO] 日志实例已初始化...
[2020-04-12 18:01:57:828] [vo.logVo.LogVo.<init>] [INFO] 日志实例已初始化...
[2020-04-12 18:01:57:833] [vo.logVo.LogVo.<init>] [INFO] 日志实例已初始化...
[2020-04-12 18:01:57:838] [vo.logVo.LogVo.<init>] [INFO] 日志实例已初始化...
[2020-04-12 18:01:57:839] [vo.logVo.LogVo.<init>] [INFO] 日志实例已初始化...
[2020-04-12 18:01:57:840] [vo.logVo.LogVo.<init>] [INFO] 日志实例已初始化...
[2020-04-12 18:01:57:841] [vo.logVo.LogVo.<init>] [INFO] 日志实例已初始化...
[2020-04-12 18:01:57:843] [vo.logVo.LogVo.<init>] [INFO] 日志实例已初始化...
[2020-04-12 18:01:57:844] [vo.logVo.LogVo.<init>] [INFO] 日志实例已初始化...
[2020-04-12 18:01:57:845] [vo.logVo.LogVo.<init>] [INFO] 日志实例已初始化...
[2020-04-12 18:01:57:846] [vo.logVo.LogVo.<init>] [INFO] 日志实例已初始化...
[2020-04-12 18:01:57:848] [vo.logVo.LogVo.<init>] [INFO] 日志实例已初始化...
[2020-04-12 18:01:57:850] [vo.logVo.LogVo.<init>] [INFO] 日志实例已初始化...
[2020-04-12 18:01:57:853] [vo.logVo.LogVo.<init>] [INFO] 日志实例已初始化...
[2020-04-12 18:01:57:855] [vo.logVo.LogVo.<init>] [INFO] 日志实例已初始化...
[2020-04-12 18:01:57:856] [vo.logVo.LogVo.<init>] [INFO] 日志实例已初始化...
[2020-04-12 18:01:57:857] [vo.logVo.LogVo.<init>] [INFO] 日志实例已初始化...
[2020-04-12 18:01:57:858] [vo.logVo.LogVo.<init>] [INFO] 日志实例已初始化...
[2020-04-12 18:01:57:859] [vo.logVo.LogVo.<init>] [INFO] 日志实例已初始化...
[2020-04-12 18:01:57:860] [vo.logVo.LogVo.<init>] [INFO] 日志实例已初始化...
[2020-04-12 18:01:57:861] [vo.logVo.LogVo.<init>] [INFO] 日志实例已初始化...
[2020-04-12 18:01:57:862] [vo.logVo.LogVo.<init>] [INFO] 日志实例已初始化...
[2020-04-12 18:01:57:863] [vo.logVo.LogVo.<init>] [INFO] 日志实例已初始化...
[2020-04-12 18:01:57:864] [vo.logVo.LogVo.<init>] [INFO] 日志实例已初始化...
[2020-04-12 18:01:57:865] [vo.logVo.LogVo.<init>] [INFO] 日志实例已初始化...
[2020-04-12 18:01:57:866] [vo.logVo.LogVo.<init>] [INFO] 日志实例已初始化...
[2020-04-12 18:01:57:871] [vo.logVo.LogVo.<init>] [INFO] 日志实例已初始化...
[2020-04-12 18:01:57:873] [vo.logVo.LogVo.<init>] [INFO] 日志实例已初始化...
[2020-04-12 18:01:57:874] [vo.logVo.LogVo.<init>] [INFO] 日志实例已初始化...
[2020-04-12 18:01:57:875] [vo.logVo.LogVo.<init>] [INFO] 日志实例已初始化...
[2020-04-12 18:01:57:875] [vo.logVo.LogVo.<init>] [INFO] 日志实例已初始化...
[2020-04-12 18:01:57:876] [vo.logVo.LogVo.<init>] [INFO] 日志实例已初始化...
[2020-04-12 18:01:57:879] [vo.logVo.LogVo.<init>] [INFO] 日志实例已初始化...
[2020-04-12 18:01:57:880] [vo.logVo.LogVo.<init>] [INFO] 日志实例已初始化...
[2020-04-12 18:01:57:882] [vo.logVo.LogVo.<init>] [INFO] 日志实例已初始化...
[2020-04-12 18:01:57:891] [vo.logVo.LogVo.<init>] [INFO] 日志实例已初始化...
[2020-04-12 18:01:57:895] [vo.logVo.LogVo.<init>] [INFO] 日志实例已初始化...
[2020-04-12 18:01:57:896] [vo.logVo.LogVo.<init>] [INFO] 日志实例已初始化...
[2020-04-12 18:01:57:897] [vo.logVo.LogVo.<init>] [INFO] 日志实例已初始化...
[2020-04-12 18:01:57:898] [vo.logVo.LogVo.<init>] [INFO] 日志实例已初始化...
[2020-04-12 18:01:57:898] [vo.logVo.LogVo.<init>] [INFO] 日志实例已初始化...
[2020-04-12 18:01:57:899] [vo.logVo.LogVo.<init>] [INFO] 日志实例已初始化...
[2020-04-12 18:01:57:899] [vo.logVo.LogVo.<init>] [INFO] 日志实例已初始化...
[2020-04-12 18:01:57:900] [vo.logVo.LogVo.<init>] [INFO] 日志实例已初始化...
[2020-04-12 18:01:57:900] [vo.logVo.LogVo.<init>] [INFO] 日志实例已初始化...
[2020-04-12 18:01:57:905] [vo.logVo.LogVo.<init>] [INFO] 日志实例已初始化...
[2020-04-12 18:01:57:969] [vo.logVo.LogVo.<init>] [INFO] 日志实例已初始化...
[2020-04-12 18:01:57:986] [vo.logVo.LogVo.<init>] [INFO] 日志实例已初始化...
[2020-04-12 18:07:45:459] [util.MyApplicationContextAnnotion.<init>] [INFO] 获取上下文工具类初始化成功!
[2020-04-12 18:07:45:837] [aop.AnnotationCommenAop.<init>] [INFO] 注解式切面已初始化...
[2020-04-12 18:07:47:586] [vo.logVo.LogVo.<init>] [INFO] 日志实例已初始化...
[2020-04-12 18:07:48:043] [aop.ConfigCommenAop.<init>] [INFO] 切面已初始化...
[2020-04-12 18:07:48:076] [vo.logVo.LogVo.<init>] [INFO] 日志实例已初始化...
[2020-04-12 18:07:48:090] [webservice.WebServiceInterface.<init>] [INFO] spring管理web service1
[2020-04-12 18:10:34:866] [vo.logVo.LogVo.<init>] [INFO] 日志实例已初始化...
[2020-04-12 18:10:34:881] [vo.logVo.LogVo.<init>] [INFO] 日志实例已初始化...
[2020-04-12 18:10:34:882] [vo.logVo.LogVo.<init>] [INFO] 日志实例已初始化...
[2020-04-12 18:10:34:884] [vo.logVo.LogVo.<init>] [INFO] 日志实例已初始化...
[2020-04-12 18:10:34:885] [vo.logVo.LogVo.<init>] [INFO] 日志实例已初始化...
[2020-04-12 18:10:34:887] [vo.logVo.LogVo.<init>] [INFO] 日志实例已初始化...
[2020-04-12 18:10:34:888] [vo.logVo.LogVo.<init>] [INFO] 日志实例已初始化...
[2020-04-12 18:10:34:890] [vo.logVo.LogVo.<init>] [INFO] 日志实例已初始化...
[2020-04-12 18:10:34:891] [vo.logVo.LogVo.<init>] [INFO] 日志实例已初始化...
[2020-04-12 18:10:34:893] [vo.logVo.LogVo.<init>] [INFO] 日志实例已初始化...
[2020-04-12 18:10:34:895] [vo.logVo.LogVo.<init>] [INFO] 日志实例已初始化...
[2020-04-12 18:10:34:897] [vo.logVo.LogVo.<init>] [INFO] 日志实例已初始化...
[2020-04-12 18:10:34:898] [vo.logVo.LogVo.<init>] [INFO] 日志实例已初始化...
[2020-04-12 18:10:34:899] [vo.logVo.LogVo.<init>] [INFO] 日志实例已初始化...
[2020-04-12 18:10:34:901] [vo.logVo.LogVo.<init>] [INFO] 日志实例已初始化...
[2020-04-12 18:10:34:902] [vo.logVo.LogVo.<init>] [INFO] 日志实例已初始化...
[2020-04-12 18:10:34:905] [vo.logVo.LogVo.<init>] [INFO] 日志实例已初始化...
[2020-04-12 18:10:34:907] [vo.logVo.LogVo.<init>] [INFO] 日志实例已初始化...
[2020-04-12 18:10:34:908] [vo.logVo.LogVo.<init>] [INFO] 日志实例已初始化...
[2020-04-12 18:10:34:909] [vo.logVo.LogVo.<init>] [INFO] 日志实例已初始化...
[2020-04-12 18:10:34:910] [vo.logVo.LogVo.<init>] [INFO] 日志实例已初始化...
[2020-04-12 18:10:34:911] [vo.logVo.LogVo.<init>] [INFO] 日志实例已初始化...
[2020-04-12 18:10:34:912] [vo.logVo.LogVo.<init>] [INFO] 日志实例已初始化...
[2020-04-12 18:10:34:913] [vo.logVo.LogVo.<init>] [INFO] 日志实例已初始化...
[2020-04-12 18:10:34:915] [vo.logVo.LogVo.<init>] [INFO] 日志实例已初始化...
[2020-04-12 18:10:34:936] [vo.logVo.LogVo.<init>] [INFO] 日志实例已初始化...
[2020-04-12 18:10:34:937] [vo.logVo.LogVo.<init>] [INFO] 日志实例已初始化...
[2020-04-12 18:10:34:938] [vo.logVo.LogVo.<init>] [INFO] 日志实例已初始化...
[2020-04-12 18:10:34:939] [vo.logVo.LogVo.<init>] [INFO] 日志实例已初始化...
[2020-04-12 18:10:34:940] [vo.logVo.LogVo.<init>] [INFO] 日志实例已初始化...
[2020-04-12 18:10:34:942] [vo.logVo.LogVo.<init>] [INFO] 日志实例已初始化...
[2020-04-12 18:10:34:944] [vo.logVo.LogVo.<init>] [INFO] 日志实例已初始化...
[2020-04-12 18:10:34:945] [vo.logVo.LogVo.<init>] [INFO] 日志实例已初始化...
[2020-04-12 18:10:34:952] [vo.logVo.LogVo.<init>] [INFO] 日志实例已初始化...
[2020-04-12 18:10:34:954] [vo.logVo.LogVo.<init>] [INFO] 日志实例已初始化...
[2020-04-12 18:10:34:956] [vo.logVo.LogVo.<init>] [INFO] 日志实例已初始化...
[2020-04-12 18:10:34:958] [vo.logVo.LogVo.<init>] [INFO] 日志实例已初始化...
[2020-04-12 18:10:34:960] [vo.logVo.LogVo.<init>] [INFO] 日志实例已初始化...
[2020-04-12 18:10:34:964] [vo.logVo.LogVo.<init>] [INFO] 日志实例已初始化...
[2020-04-12 18:10:34:965] [vo.logVo.LogVo.<init>] [INFO] 日志实例已初始化...
[2020-04-12 18:10:34:968] [vo.logVo.LogVo.<init>] [INFO] 日志实例已初始化...
[2020-04-12 18:10:34:980] [vo.logVo.LogVo.<init>] [INFO] 日志实例已初始化...
[2020-04-12 18:10:35:001] [vo.logVo.LogVo.<init>] [INFO] 日志实例已初始化...
[2020-04-12 18:10:35:002] [vo.logVo.LogVo.<init>] [INFO] 日志实例已初始化...
[2020-04-12 18:10:35:005] [vo.logVo.LogVo.<init>] [INFO] 日志实例已初始化...
[2020-04-12 18:10:35:007] [vo.logVo.LogVo.<init>] [INFO] 日志实例已初始化...
[2020-04-12 18:10:35:022] [vo.logVo.LogVo.<init>] [INFO] 日志实例已初始化...
[2020-04-12 18:10:35:027] [vo.logVo.LogVo.<init>] [INFO] 日志实例已初始化...
[2020-04-12 18:10:35:027] [vo.logVo.LogVo.<init>] [INFO] 日志实例已初始化...
[2020-04-12 18:10:35:124] [vo.logVo.LogVo.<init>] [INFO] 日志实例已初始化...
[2020-04-12 18:10:35:151] [vo.logVo.LogVo.<init>] [INFO] 日志实例已初始化...
[2020-04-12 18:10:35:156] [vo.logVo.LogVo.<init>] [INFO] 日志实例已初始化...
[2020-04-12 18:10:35:158] [vo.logVo.LogVo.<init>] [INFO] 日志实例已初始化...
[2020-04-12 18:10:35:160] [vo.logVo.LogVo.<init>] [INFO] 日志实例已初始化...
[2020-04-12 18:10:35:162] [vo.logVo.LogVo.<init>] [INFO] 日志实例已初始化...
[2020-04-12 18:10:35:163] [vo.logVo.LogVo.<init>] [INFO] 日志实例已初始化...
[2020-04-12 18:10:35:166] [vo.logVo.LogVo.<init>] [INFO] 日志实例已初始化...
[2020-04-12 18:10:35:169] [vo.logVo.LogVo.<init>] [INFO] 日志实例已初始化...
[2020-04-12 18:10:35:171] [vo.logVo.LogVo.<init>] [INFO] 日志实例已初始化...
[2020-04-12 18:10:35:174] [vo.logVo.LogVo.<init>] [INFO] 日志实例已初始化...
[2020-04-12 18:10:35:177] [vo.logVo.LogVo.<init>] [INFO] 日志实例已初始化...
[2020-04-12 18:10:35:179] [vo.logVo.LogVo.<init>] [INFO] 日志实例已初始化...
[2020-04-12 18:10:35:180] [vo.logVo.LogVo.<init>] [INFO] 日志实例已初始化...
[2020-04-12 18:10:35:180] [vo.logVo.LogVo.<init>] [INFO] 日志实例已初始化...
[2020-04-12 18:10:35:181] [vo.logVo.LogVo.<init>] [INFO] 日志实例已初始化...
[2020-04-12 18:10:35:186] [vo.logVo.LogVo.<init>] [INFO] 日志实例已初始化...
[2020-04-12 18:10:35:187] [vo.logVo.LogVo.<init>] [INFO] 日志实例已初始化...
[2020-04-12 18:10:35:189] [vo.logVo.LogVo.<init>] [INFO] 日志实例已初始化...
[2020-04-12 18:10:35:193] [vo.logVo.LogVo.<init>] [INFO] 日志实例已初始化...
[2020-04-12 18:10:35:196] [vo.logVo.LogVo.<init>] [INFO] 日志实例已初始化...
[2020-04-12 18:10:35:198] [vo.logVo.LogVo.<init>] [INFO] 日志实例已初始化...
[2020-04-12 18:10:35:217] [vo.logVo.LogVo.<init>] [INFO] 日志实例已初始化...
[2020-04-12 18:10:35:219] [vo.logVo.LogVo.<init>] [INFO] 日志实例已初始化...
[2020-04-12 18:10:35:220] [vo.logVo.LogVo.<init>] [INFO] 日志实例已初始化...
[2020-04-12 18:10:35:221] [vo.logVo.LogVo.<init>] [INFO] 日志实例已初始化...
[2020-04-12 18:10:35:230] [vo.logVo.LogVo.<init>] [INFO] 日志实例已初始化...
[2020-04-12 18:10:35:240] [vo.logVo.LogVo.<init>] [INFO] 日志实例已初始化...
[2020-04-12 18:10:35:248] [vo.logVo.LogVo.<init>] [INFO] 日志实例已初始化...
[2020-04-12 18:10:35:248] [vo.logVo.LogVo.<init>] [INFO] 日志实例已初始化...
[2020-04-12 18:10:35:250] [vo.logVo.LogVo.<init>] [INFO] 日志实例已初始化...
[2020-04-12 18:10:35:268] [vo.logVo.LogVo.<init>] [INFO] 日志实例已初始化...
[2020-04-12 18:10:35:274] [vo.logVo.LogVo.<init>] [INFO] 日志实例已初始化...
[2020-04-12 18:10:35:276] [vo.logVo.LogVo.<init>] [INFO] 日志实例已初始化...
[2020-04-12 18:10:35:289] [vo.logVo.LogVo.<init>] [INFO] 日志实例已初始化...
[2020-04-12 18:10:35:290] [vo.logVo.LogVo.<init>] [INFO] 日志实例已初始化...
[2020-04-12 18:10:35:293] [vo.logVo.LogVo.<init>] [INFO] 日志实例已初始化...
[2020-04-12 18:10:35:294] [vo.logVo.LogVo.<init>] [INFO] 日志实例已初始化...
[2020-04-12 18:10:35:297] [vo.logVo.LogVo.<init>] [INFO] 日志实例已初始化...
[2020-04-12 18:10:35:299] [vo.logVo.LogVo.<init>] [INFO] 日志实例已初始化...
[2020-04-12 18:10:35:300] [vo.logVo.LogVo.<init>] [INFO] 日志实例已初始化...
[2020-04-12 18:10:35:301] [vo.logVo.LogVo.<init>] [INFO] 日志实例已初始化...
[2020-04-12 18:10:35:303] [vo.logVo.LogVo.<init>] [INFO] 日志实例已初始化...
[2020-04-12 18:10:35:305] [vo.logVo.LogVo.<init>] [INFO] 日志实例已初始化...
[2020-04-12 18:10:35:333] [vo.logVo.LogVo.<init>] [INFO] 日志实例已初始化...
[2020-04-12 18:10:35:335] [vo.logVo.LogVo.<init>] [INFO] 日志实例已初始化...
[2020-04-12 18:10:35:336] [vo.logVo.LogVo.<init>] [INFO] 日志实例已初始化...
[2020-04-12 18:10:35:337] [vo.logVo.LogVo.<init>] [INFO] 日志实例已初始化...
[2020-04-12 18:10:35:341] [vo.logVo.LogVo.<init>] [INFO] 日志实例已初始化...
[2020-04-12 18:10:35:342] [vo.logVo.LogVo.<init>] [INFO] 日志实例已初始化...
[2020-04-12 18:10:35:345] [vo.logVo.LogVo.<init>] [INFO] 日志实例已初始化...
[2020-04-12 18:10:35:346] [vo.logVo.LogVo.<init>] [INFO] 日志实例已初始化...
[2020-04-12 18:10:35:348] [vo.logVo.LogVo.<init>] [INFO] 日志实例已初始化...
[2020-04-12 18:10:35:349] [vo.logVo.LogVo.<init>] [INFO] 日志实例已初始化...
[2020-04-12 18:10:35:351] [vo.logVo.LogVo.<init>] [INFO] 日志实例已初始化...
[2020-04-12 18:10:35:354] [vo.logVo.LogVo.<init>] [INFO] 日志实例已初始化...
[2020-04-12 18:10:35:357] [vo.logVo.LogVo.<init>] [INFO] 日志实例已初始化...
[2020-04-12 18:10:35:359] [vo.logVo.LogVo.<init>] [INFO] 日志实例已初始化...
[2020-04-12 18:10:35:359] [vo.logVo.LogVo.<init>] [INFO] 日志实例已初始化...
[2020-04-12 18:10:35:361] [vo.logVo.LogVo.<init>] [INFO] 日志实例已初始化...
[2020-04-12 18:10:35:363] [vo.logVo.LogVo.<init>] [INFO] 日志实例已初始化...
[2020-04-12 18:10:35:364] [vo.logVo.LogVo.<init>] [INFO] 日志实例已初始化...
[2020-04-12 18:10:35:365] [vo.logVo.LogVo.<init>] [INFO] 日志实例已初始化...
[2020-04-12 18:10:35:366] [vo.logVo.LogVo.<init>] [INFO] 日志实例已初始化...
[2020-04-12 18:10:35:368] [vo.logVo.LogVo.<init>] [INFO] 日志实例已初始化...
[2020-04-12 18:10:35:372] [vo.logVo.LogVo.<init>] [INFO] 日志实例已初始化...
[2020-04-12 18:10:35:377] [vo.logVo.LogVo.<init>] [INFO] 日志实例已初始化...
[2020-04-12 18:10:35:380] [vo.logVo.LogVo.<init>] [INFO] 日志实例已初始化...
[2020-04-12 18:10:35:385] [vo.logVo.LogVo.<init>] [INFO] 日志实例已初始化...
[2020-04-12 18:10:35:387] [vo.logVo.LogVo.<init>] [INFO] 日志实例已初始化...
[2020-04-12 18:10:35:398] [vo.logVo.LogVo.<init>] [INFO] 日志实例已初始化...
[2020-04-12 18:10:35:402] [vo.logVo.LogVo.<init>] [INFO] 日志实例已初始化...
[2020-04-12 18:10:35:405] [vo.logVo.LogVo.<init>] [INFO] 日志实例已初始化...
[2020-04-12 18:10:35:411] [vo.logVo.LogVo.<init>] [INFO] 日志实例已初始化...
[2020-04-12 18:10:35:412] [vo.logVo.LogVo.<init>] [INFO] 日志实例已初始化...
[2020-04-12 18:10:35:415] [vo.logVo.LogVo.<init>] [INFO] 日志实例已初始化...
[2020-04-12 18:10:35:417] [vo.logVo.LogVo.<init>] [INFO] 日志实例已初始化...
[2020-04-12 18:10:35:418] [vo.logVo.LogVo.<init>] [INFO] 日志实例已初始化...
[2020-04-12 18:10:35:419] [vo.logVo.LogVo.<init>] [INFO] 日志实例已初始化...
[2020-04-12 18:10:35:420] [vo.logVo.LogVo.<init>] [INFO] 日志实例已初始化...
[2020-04-12 18:10:35:421] [vo.logVo.LogVo.<init>] [INFO] 日志实例已初始化...
[2020-04-12 18:10:35:422] [vo.logVo.LogVo.<init>] [INFO] 日志实例已初始化...
[2020-04-12 18:10:35:424] [vo.logVo.LogVo.<init>] [INFO] 日志实例已初始化...
[2020-04-12 18:10:35:425] [vo.logVo.LogVo.<init>] [INFO] 日志实例已初始化...
[2020-04-12 18:10:35:426] [vo.logVo.LogVo.<init>] [INFO] 日志实例已初始化...
[2020-04-12 18:10:35:427] [vo.logVo.LogVo.<init>] [INFO] 日志实例已初始化...
[2020-04-12 18:10:35:429] [vo.logVo.LogVo.<init>] [INFO] 日志实例已初始化...
[2020-04-12 18:10:35:430] [vo.logVo.LogVo.<init>] [INFO] 日志实例已初始化...
[2020-04-12 18:10:35:434] [vo.logVo.LogVo.<init>] [INFO] 日志实例已初始化...
[2020-04-12 18:10:35:435] [vo.logVo.LogVo.<init>] [INFO] 日志实例已初始化...
[2020-04-12 18:10:35:436] [vo.logVo.LogVo.<init>] [INFO] 日志实例已初始化...
[2020-04-12 18:10:35:437] [vo.logVo.LogVo.<init>] [INFO] 日志实例已初始化...
[2020-04-12 18:10:35:437] [vo.logVo.LogVo.<init>] [INFO] 日志实例已初始化...
[2020-04-12 18:10:35:439] [vo.logVo.LogVo.<init>] [INFO] 日志实例已初始化...
[2020-04-12 18:10:35:440] [vo.logVo.LogVo.<init>] [INFO] 日志实例已初始化...
[2020-04-12 18:10:35:441] [vo.logVo.LogVo.<init>] [INFO] 日志实例已初始化...
[2020-04-12 18:10:35:442] [vo.logVo.LogVo.<init>] [INFO] 日志实例已初始化...
[2020-04-12 18:10:35:443] [vo.logVo.LogVo.<init>] [INFO] 日志实例已初始化...
[2020-04-12 18:10:35:445] [vo.logVo.LogVo.<init>] [INFO] 日志实例已初始化...
[2020-04-12 18:10:35:446] [vo.logVo.LogVo.<init>] [INFO] 日志实例已初始化...
[2020-04-12 18:10:35:447] [vo.logVo.LogVo.<init>] [INFO] 日志实例已初始化...
[2020-04-12 18:10:35:448] [vo.logVo.LogVo.<init>] [INFO] 日志实例已初始化...
[2020-04-12 18:10:35:449] [vo.logVo.LogVo.<init>] [INFO] 日志实例已初始化...
[2020-04-12 18:10:35:450] [vo.logVo.LogVo.<init>] [INFO] 日志实例已初始化...
[2020-04-12 18:10:35:451] [vo.logVo.LogVo.<init>] [INFO] 日志实例已初始化...
[2020-04-12 18:10:35:451] [vo.logVo.LogVo.<init>] [INFO] 日志实例已初始化...
[2020-04-12 18:10:35:452] [vo.logVo.LogVo.<init>] [INFO] 日志实例已初始化...
[2020-04-12 18:10:35:453] [vo.logVo.LogVo.<init>] [INFO] 日志实例已初始化...
[2020-04-12 18:10:35:453] [vo.logVo.LogVo.<init>] [INFO] 日志实例已初始化...
[2020-04-12 18:10:35:454] [vo.logVo.LogVo.<init>] [INFO] 日志实例已初始化...
[2020-04-12 18:10:35:455] [vo.logVo.LogVo.<init>] [INFO] 日志实例已初始化...
[2020-04-12 18:10:35:455] [vo.logVo.LogVo.<init>] [INFO] 日志实例已初始化...
[2020-04-12 18:10:35:456] [vo.logVo.LogVo.<init>] [INFO] 日志实例已初始化...
[2020-04-12 18:10:35:457] [vo.logVo.LogVo.<init>] [INFO] 日志实例已初始化...
[2020-04-12 18:10:35:458] [vo.logVo.LogVo.<init>] [INFO] 日志实例已初始化...
[2020-04-12 18:10:35:459] [vo.logVo.LogVo.<init>] [INFO] 日志实例已初始化...
[2020-04-12 18:10:35:459] [vo.logVo.LogVo.<init>] [INFO] 日志实例已初始化...
[2020-04-12 18:10:35:460] [vo.logVo.LogVo.<init>] [INFO] 日志实例已初始化...
[2020-04-12 18:10:35:464] [vo.logVo.LogVo.<init>] [INFO] 日志实例已初始化...
[2020-04-12 18:10:35:465] [vo.logVo.LogVo.<init>] [INFO] 日志实例已初始化...
[2020-04-12 18:10:35:466] [vo.logVo.LogVo.<init>] [INFO] 日志实例已初始化...
[2020-04-12 18:10:35:466] [vo.logVo.LogVo.<init>] [INFO] 日志实例已初始化...
[2020-04-12 18:10:35:467] [vo.logVo.LogVo.<init>] [INFO] 日志实例已初始化...
[2020-04-12 18:10:35:468] [vo.logVo.LogVo.<init>] [INFO] 日志实例已初始化...
[2020-04-12 18:10:35:469] [vo.logVo.LogVo.<init>] [INFO] 日志实例已初始化...
[2020-04-12 18:10:35:469] [vo.logVo.LogVo.<init>] [INFO] 日志实例已初始化...
[2020-04-12 18:10:35:470] [vo.logVo.LogVo.<init>] [INFO] 日志实例已初始化...
[2020-04-12 18:10:35:471] [vo.logVo.LogVo.<init>] [INFO] 日志实例已初始化...
[2020-04-12 18:10:35:471] [vo.logVo.LogVo.<init>] [INFO] 日志实例已初始化...
[2020-04-12 18:10:35:472] [vo.logVo.LogVo.<init>] [INFO] 日志实例已初始化...
[2020-04-12 18:10:35:473] [vo.logVo.LogVo.<init>] [INFO] 日志实例已初始化...
[2020-04-12 18:10:35:474] [vo.logVo.LogVo.<init>] [INFO] 日志实例已初始化...
[2020-04-12 18:10:35:475] [vo.logVo.LogVo.<init>] [INFO] 日志实例已初始化...
[2020-04-12 18:10:35:476] [vo.logVo.LogVo.<init>] [INFO] 日志实例已初始化...
[2020-04-12 18:10:35:476] [vo.logVo.LogVo.<init>] [INFO] 日志实例已初始化...
[2020-04-12 18:10:35:477] [vo.logVo.LogVo.<init>] [INFO] 日志实例已初始化...
[2020-04-12 18:10:35:478] [vo.logVo.LogVo.<init>] [INFO] 日志实例已初始化...
[2020-04-12 18:10:35:479] [vo.logVo.LogVo.<init>] [INFO] 日志实例已初始化...
[2020-04-12 18:10:35:480] [vo.logVo.LogVo.<init>] [INFO] 日志实例已初始化...
[2020-04-12 18:10:35:481] [vo.logVo.LogVo.<init>] [INFO] 日志实例已初始化...
[2020-04-12 18:10:35:481] [vo.logVo.LogVo.<init>] [INFO] 日志实例已初始化...
[2020-04-12 18:10:35:482] [vo.logVo.LogVo.<init>] [INFO] 日志实例已初始化...
[2020-04-12 18:10:35:485] [vo.logVo.LogVo.<init>] [INFO] 日志实例已初始化...
[2020-04-12 18:10:35:486] [vo.logVo.LogVo.<init>] [INFO] 日志实例已初始化...
[2020-04-12 18:10:35:488] [vo.logVo.LogVo.<init>] [INFO] 日志实例已初始化...
[2020-04-12 18:10:35:488] [vo.logVo.LogVo.<init>] [INFO] 日志实例已初始化...
[2020-04-12 18:10:35:489] [vo.logVo.LogVo.<init>] [INFO] 日志实例已初始化...
[2020-04-12 18:10:35:490] [vo.logVo.LogVo.<init>] [INFO] 日志实例已初始化...
[2020-04-12 18:10:35:491] [vo.logVo.LogVo.<init>] [INFO] 日志实例已初始化...
[2020-04-12 18:10:35:491] [vo.logVo.LogVo.<init>] [INFO] 日志实例已初始化...
[2020-04-12 18:10:35:493] [vo.logVo.LogVo.<init>] [INFO] 日志实例已初始化...
[2020-04-12 18:10:35:494] [vo.logVo.LogVo.<init>] [INFO] 日志实例已初始化...
[2020-04-12 18:10:35:495] [vo.logVo.LogVo.<init>] [INFO] 日志实例已初始化...
[2020-04-12 18:10:35:496] [vo.logVo.LogVo.<init>] [INFO] 日志实例已初始化...
[2020-04-12 18:10:35:497] [vo.logVo.LogVo.<init>] [INFO] 日志实例已初始化...
[2020-04-12 18:10:35:498] [vo.logVo.LogVo.<init>] [INFO] 日志实例已初始化...
[2020-04-12 18:10:35:498] [vo.logVo.LogVo.<init>] [INFO] 日志实例已初始化...
[2020-04-12 18:10:35:499] [vo.logVo.LogVo.<init>] [INFO] 日志实例已初始化...
[2020-04-12 18:10:35:500] [vo.logVo.LogVo.<init>] [INFO] 日志实例已初始化...
[2020-04-12 18:10:35:501] [vo.logVo.LogVo.<init>] [INFO] 日志实例已初始化...
[2020-04-12 18:10:35:501] [vo.logVo.LogVo.<init>] [INFO] 日志实例已初始化...
[2020-04-12 18:10:35:502] [vo.logVo.LogVo.<init>] [INFO] 日志实例已初始化...
[2020-04-12 18:10:35:502] [vo.logVo.LogVo.<init>] [INFO] 日志实例已初始化...
[2020-04-12 18:10:35:503] [vo.logVo.LogVo.<init>] [INFO] 日志实例已初始化...
[2020-04-12 18:10:35:504] [vo.logVo.LogVo.<init>] [INFO] 日志实例已初始化...
[2020-04-12 18:10:35:505] [vo.logVo.LogVo.<init>] [INFO] 日志实例已初始化...
[2020-04-12 18:10:35:505] [vo.logVo.LogVo.<init>] [INFO] 日志实例已初始化...
[2020-04-12 18:10:35:506] [vo.logVo.LogVo.<init>] [INFO] 日志实例已初始化...
[2020-04-12 18:10:35:507] [vo.logVo.LogVo.<init>] [INFO] 日志实例已初始化...
[2020-04-12 18:10:35:509] [vo.logVo.LogVo.<init>] [INFO] 日志实例已初始化...
[2020-04-12 18:10:35:510] [vo.logVo.LogVo.<init>] [INFO] 日志实例已初始化...
[2020-04-12 18:10:35:511] [vo.logVo.LogVo.<init>] [INFO] 日志实例已初始化...
[2020-04-12 18:10:35:513] [vo.logVo.LogVo.<init>] [INFO] 日志实例已初始化...
[2020-04-12 18:10:35:514] [vo.logVo.LogVo.<init>] [INFO] 日志实例已初始化...
[2020-04-12 18:10:35:514] [vo.logVo.LogVo.<init>] [INFO] 日志实例已初始化...
[2020-04-12 18:10:35:517] [vo.logVo.LogVo.<init>] [INFO] 日志实例已初始化...
[2020-04-12 18:10:35:518] [vo.logVo.LogVo.<init>] [INFO] 日志实例已初始化...
[2020-04-12 18:10:35:519] [vo.logVo.LogVo.<init>] [INFO] 日志实例已初始化...
[2020-04-12 18:10:35:520] [vo.logVo.LogVo.<init>] [INFO] 日志实例已初始化...
[2020-04-12 18:10:35:521] [vo.logVo.LogVo.<init>] [INFO] 日志实例已初始化...
[2020-04-12 18:10:35:522] [vo.logVo.LogVo.<init>] [INFO] 日志实例已初始化...
[2020-04-12 18:10:35:523] [vo.logVo.LogVo.<init>] [INFO] 日志实例已初始化...
[2020-04-12 18:10:35:523] [vo.logVo.LogVo.<init>] [INFO] 日志实例已初始化...
[2020-04-12 18:10:35:524] [vo.logVo.LogVo.<init>] [INFO] 日志实例已初始化...
[2020-04-12 18:10:35:524] [vo.logVo.LogVo.<init>] [INFO] 日志实例已初始化...
[2020-04-12 18:10:35:525] [vo.logVo.LogVo.<init>] [INFO] 日志实例已初始化...
[2020-04-12 18:10:35:526] [vo.logVo.LogVo.<init>] [INFO] 日志实例已初始化...
[2020-04-12 18:10:35:526] [vo.logVo.LogVo.<init>] [INFO] 日志实例已初始化...
[2020-04-12 18:10:35:527] [vo.logVo.LogVo.<init>] [INFO] 日志实例已初始化...
[2020-04-12 18:10:35:528] [vo.logVo.LogVo.<init>] [INFO] 日志实例已初始化...
[2020-04-12 18:10:35:529] [vo.logVo.LogVo.<init>] [INFO] 日志实例已初始化...
[2020-04-12 18:10:35:529] [vo.logVo.LogVo.<init>] [INFO] 日志实例已初始化...
[2020-04-12 18:10:35:530] [vo.logVo.LogVo.<init>] [INFO] 日志实例已初始化...
[2020-04-12 18:10:35:531] [vo.logVo.LogVo.<init>] [INFO] 日志实例已初始化...
[2020-04-12 18:10:35:532] [vo.logVo.LogVo.<init>] [INFO] 日志实例已初始化...
[2020-04-12 18:10:35:532] [vo.logVo.LogVo.<init>] [INFO] 日志实例已初始化...
[2020-04-12 18:10:35:533] [vo.logVo.LogVo.<init>] [INFO] 日志实例已初始化...
[2020-04-12 18:10:35:533] [vo.logVo.LogVo.<init>] [INFO] 日志实例已初始化...
[2020-04-12 18:10:35:534] [vo.logVo.LogVo.<init>] [INFO] 日志实例已初始化...
[2020-04-12 18:10:35:534] [vo.logVo.LogVo.<init>] [INFO] 日志实例已初始化...
[2020-04-12 18:10:35:535] [vo.logVo.LogVo.<init>] [INFO] 日志实例已初始化...
[2020-04-12 18:10:35:536] [vo.logVo.LogVo.<init>] [INFO] 日志实例已初始化...
[2020-04-12 18:10:35:536] [vo.logVo.LogVo.<init>] [INFO] 日志实例已初始化...
[2020-04-12 18:10:35:537] [vo.logVo.LogVo.<init>] [INFO] 日志实例已初始化...
[2020-04-12 18:10:35:538] [vo.logVo.LogVo.<init>] [INFO] 日志实例已初始化...
[2020-04-12 18:10:35:538] [vo.logVo.LogVo.<init>] [INFO] 日志实例已初始化...
[2020-04-12 18:10:35:539] [vo.logVo.LogVo.<init>] [INFO] 日志实例已初始化...
[2020-04-12 18:10:35:541] [vo.logVo.LogVo.<init>] [INFO] 日志实例已初始化...
[2020-04-12 18:10:35:541] [vo.logVo.LogVo.<init>] [INFO] 日志实例已初始化...
[2020-04-12 18:10:35:542] [vo.logVo.LogVo.<init>] [INFO] 日志实例已初始化...
[2020-04-12 18:10:35:542] [vo.logVo.LogVo.<init>] [INFO] 日志实例已初始化...
[2020-04-12 18:10:35:543] [vo.logVo.LogVo.<init>] [INFO] 日志实例已初始化...
[2020-04-12 18:10:35:544] [vo.logVo.LogVo.<init>] [INFO] 日志实例已初始化...
[2020-04-12 18:10:35:545] [vo.logVo.LogVo.<init>] [INFO] 日志实例已初始化...
[2020-04-12 18:10:35:546] [vo.logVo.LogVo.<init>] [INFO] 日志实例已初始化...
[2020-04-12 18:10:35:546] [vo.logVo.LogVo.<init>] [INFO] 日志实例已初始化...
[2020-04-12 18:10:35:546] [vo.logVo.LogVo.<init>] [INFO] 日志实例已初始化...
[2020-04-12 18:10:35:547] [vo.logVo.LogVo.<init>] [INFO] 日志实例已初始化...
[2020-04-12 18:10:35:547] [vo.logVo.LogVo.<init>] [INFO] 日志实例已初始化...
[2020-04-12 18:10:35:548] [vo.logVo.LogVo.<init>] [INFO] 日志实例已初始化...
[2020-04-12 18:10:35:548] [vo.logVo.LogVo.<init>] [INFO] 日志实例已初始化...
[2020-04-12 18:10:35:549] [vo.logVo.LogVo.<init>] [INFO] 日志实例已初始化...
[2020-04-12 18:10:35:550] [vo.logVo.LogVo.<init>] [INFO] 日志实例已初始化...
[2020-04-12 18:10:35:550] [vo.logVo.LogVo.<init>] [INFO] 日志实例已初始化...
[2020-04-12 18:10:35:551] [vo.logVo.LogVo.<init>] [INFO] 日志实例已初始化...
[2020-04-12 18:10:35:552] [vo.logVo.LogVo.<init>] [INFO] 日志实例已初始化...
[2020-04-12 18:10:35:553] [vo.logVo.LogVo.<init>] [INFO] 日志实例已初始化...
[2020-04-12 18:10:35:554] [vo.logVo.LogVo.<init>] [INFO] 日志实例已初始化...
[2020-04-12 18:10:35:554] [vo.logVo.LogVo.<init>] [INFO] 日志实例已初始化...
[2020-04-12 18:10:35:555] [vo.logVo.LogVo.<init>] [INFO] 日志实例已初始化...
[2020-04-12 18:10:35:555] [vo.logVo.LogVo.<init>] [INFO] 日志实例已初始化...
[2020-04-12 18:10:35:556] [vo.logVo.LogVo.<init>] [INFO] 日志实例已初始化...
[2020-04-12 18:10:35:557] [vo.logVo.LogVo.<init>] [INFO] 日志实例已初始化...
[2020-04-12 18:10:35:558] [vo.logVo.LogVo.<init>] [INFO] 日志实例已初始化...
[2020-04-12 18:10:35:559] [vo.logVo.LogVo.<init>] [INFO] 日志实例已初始化...
[2020-04-12 18:10:35:559] [vo.logVo.LogVo.<init>] [INFO] 日志实例已初始化...
[2020-04-12 18:10:35:560] [vo.logVo.LogVo.<init>] [INFO] 日志实例已初始化...
[2020-04-12 18:10:35:561] [vo.logVo.LogVo.<init>] [INFO] 日志实例已初始化...
[2020-04-12 18:10:35:562] [vo.logVo.LogVo.<init>] [INFO] 日志实例已初始化...
[2020-04-12 18:10:35:562] [vo.logVo.LogVo.<init>] [INFO] 日志实例已初始化...
[2020-04-12 18:10:35:563] [vo.logVo.LogVo.<init>] [INFO] 日志实例已初始化...
[2020-04-12 18:10:35:563] [vo.logVo.LogVo.<init>] [INFO] 日志实例已初始化...
[2020-04-12 18:10:35:564] [vo.logVo.LogVo.<init>] [INFO] 日志实例已初始化...
[2020-04-12 18:10:35:564] [vo.logVo.LogVo.<init>] [INFO] 日志实例已初始化...
[2020-04-12 18:10:35:565] [vo.logVo.LogVo.<init>] [INFO] 日志实例已初始化...
[2020-04-12 18:10:35:566] [vo.logVo.LogVo.<init>] [INFO] 日志实例已初始化...
[2020-04-12 18:10:35:566] [vo.logVo.LogVo.<init>] [INFO] 日志实例已初始化...
[2020-04-12 18:10:35:567] [vo.logVo.LogVo.<init>] [INFO] 日志实例已初始化...
[2020-04-12 18:10:35:567] [vo.logVo.LogVo.<init>] [INFO] 日志实例已初始化...
[2020-04-12 18:10:35:568] [vo.logVo.LogVo.<init>] [INFO] 日志实例已初始化...
[2020-04-12 18:10:35:568] [vo.logVo.LogVo.<init>] [INFO] 日志实例已初始化...
[2020-04-12 18:10:35:569] [vo.logVo.LogVo.<init>] [INFO] 日志实例已初始化...
[2020-04-12 18:10:35:569] [vo.logVo.LogVo.<init>] [INFO] 日志实例已初始化...
[2020-04-12 18:10:35:569] [vo.logVo.LogVo.<init>] [INFO] 日志实例已初始化...
[2020-04-12 18:10:35:570] [vo.logVo.LogVo.<init>] [INFO] 日志实例已初始化...
[2020-04-12 18:10:35:570] [vo.logVo.LogVo.<init>] [INFO] 日志实例已初始化...
[2020-04-12 18:10:35:570] [vo.logVo.LogVo.<init>] [INFO] 日志实例已初始化...
[2020-04-12 18:10:35:571] [vo.logVo.LogVo.<init>] [INFO] 日志实例已初始化...
[2020-04-12 18:10:35:571] [vo.logVo.LogVo.<init>] [INFO] 日志实例已初始化...
[2020-04-12 18:10:35:571] [vo.logVo.LogVo.<init>] [INFO] 日志实例已初始化...
[2020-04-12 18:10:35:572] [vo.logVo.LogVo.<init>] [INFO] 日志实例已初始化...
[2020-04-12 18:10:35:572] [vo.logVo.LogVo.<init>] [INFO] 日志实例已初始化...
[2020-04-12 18:10:35:573] [vo.logVo.LogVo.<init>] [INFO] 日志实例已初始化...
[2020-04-12 18:10:35:573] [vo.logVo.LogVo.<init>] [INFO] 日志实例已初始化...
[2020-04-12 18:10:35:574] [vo.logVo.LogVo.<init>] [INFO] 日志实例已初始化...
[2020-04-12 18:10:35:574] [vo.logVo.LogVo.<init>] [INFO] 日志实例已初始化...
[2020-04-12 18:10:35:575] [vo.logVo.LogVo.<init>] [INFO] 日志实例已初始化...
[2020-04-12 18:10:35:575] [vo.logVo.LogVo.<init>] [INFO] 日志实例已初始化...
[2020-04-12 18:10:35:576] [vo.logVo.LogVo.<init>] [INFO] 日志实例已初始化...
[2020-04-12 18:10:35:576] [vo.logVo.LogVo.<init>] [INFO] 日志实例已初始化...
[2020-04-12 18:10:35:577] [vo.logVo.LogVo.<init>] [INFO] 日志实例已初始化...
[2020-04-12 18:10:35:577] [vo.logVo.LogVo.<init>] [INFO] 日志实例已初始化...
[2020-04-12 18:10:35:578] [vo.logVo.LogVo.<init>] [INFO] 日志实例已初始化...
[2020-04-12 18:10:35:579] [vo.logVo.LogVo.<init>] [INFO] 日志实例已初始化...
[2020-04-12 18:10:35:580] [vo.logVo.LogVo.<init>] [INFO] 日志实例已初始化...
[2020-04-12 18:10:35:581] [vo.logVo.LogVo.<init>] [INFO] 日志实例已初始化...
[2020-04-12 18:10:35:581] [vo.logVo.LogVo.<init>] [INFO] 日志实例已初始化...
[2020-04-12 18:10:35:582] [vo.logVo.LogVo.<init>] [INFO] 日志实例已初始化...
[2020-04-12 18:10:35:582] [vo.logVo.LogVo.<init>] [INFO] 日志实例已初始化...
[2020-04-12 18:10:35:583] [vo.logVo.LogVo.<init>] [INFO] 日志实例已初始化...
[2020-04-12 18:10:35:583] [vo.logVo.LogVo.<init>] [INFO] 日志实例已初始化...
[2020-04-12 18:10:35:584] [vo.logVo.LogVo.<init>] [INFO] 日志实例已初始化...
[2020-04-12 18:10:35:584] [vo.logVo.LogVo.<init>] [INFO] 日志实例已初始化...
[2020-04-12 18:10:35:585] [vo.logVo.LogVo.<init>] [INFO] 日志实例已初始化...
[2020-04-12 18:10:35:585] [vo.logVo.LogVo.<init>] [INFO] 日志实例已初始化...
[2020-04-12 18:10:35:585] [vo.logVo.LogVo.<init>] [INFO] 日志实例已初始化...
[2020-04-12 18:10:35:585] [vo.logVo.LogVo.<init>] [INFO] 日志实例已初始化...
[2020-04-12 18:10:35:586] [vo.logVo.LogVo.<init>] [INFO] 日志实例已初始化...
[2020-04-12 18:10:35:586] [vo.logVo.LogVo.<init>] [INFO] 日志实例已初始化...
[2020-04-12 18:10:35:587] [vo.logVo.LogVo.<init>] [INFO] 日志实例已初始化...
[2020-04-12 18:10:35:587] [vo.logVo.LogVo.<init>] [INFO] 日志实例已初始化...
[2020-04-12 18:10:35:587] [vo.logVo.LogVo.<init>] [INFO] 日志实例已初始化...
[2020-04-12 18:10:35:588] [vo.logVo.LogVo.<init>] [INFO] 日志实例已初始化...
[2020-04-12 18:10:35:588] [vo.logVo.LogVo.<init>] [INFO] 日志实例已初始化...
[2020-04-12 18:10:35:588] [vo.logVo.LogVo.<init>] [INFO] 日志实例已初始化...
[2020-04-12 18:10:35:589] [vo.logVo.LogVo.<init>] [INFO] 日志实例已初始化...
[2020-04-12 18:10:35:589] [vo.logVo.LogVo.<init>] [INFO] 日志实例已初始化...
[2020-04-12 18:10:35:589] [vo.logVo.LogVo.<init>] [INFO] 日志实例已初始化...
[2020-04-12 18:10:35:590] [vo.logVo.LogVo.<init>] [INFO] 日志实例已初始化...
[2020-04-12 18:10:35:590] [vo.logVo.LogVo.<init>] [INFO] 日志实例已初始化...
[2020-04-12 18:10:35:591] [vo.logVo.LogVo.<init>] [INFO] 日志实例已初始化...
[2020-04-12 18:10:35:592] [vo.logVo.LogVo.<init>] [INFO] 日志实例已初始化...
[2020-04-12 18:10:35:593] [vo.logVo.LogVo.<init>] [INFO] 日志实例已初始化...
[2020-04-12 18:10:35:594] [vo.logVo.LogVo.<init>] [INFO] 日志实例已初始化...
[2020-04-12 18:10:35:595] [vo.logVo.LogVo.<init>] [INFO] 日志实例已初始化...
[2020-04-12 18:10:35:596] [vo.logVo.LogVo.<init>] [INFO] 日志实例已初始化...
[2020-04-12 18:10:35:596] [vo.logVo.LogVo.<init>] [INFO] 日志实例已初始化...
[2020-04-12 18:10:35:596] [vo.logVo.LogVo.<init>] [INFO] 日志实例已初始化...
[2020-04-12 18:10:35:597] [vo.logVo.LogVo.<init>] [INFO] 日志实例已初始化...
[2020-04-12 18:10:35:597] [vo.logVo.LogVo.<init>] [INFO] 日志实例已初始化...
[2020-04-12 18:10:35:598] [vo.logVo.LogVo.<init>] [INFO] 日志实例已初始化...
[2020-04-12 18:10:35:598] [vo.logVo.LogVo.<init>] [INFO] 日志实例已初始化...
[2020-04-12 18:10:35:599] [vo.logVo.LogVo.<init>] [INFO] 日志实例已初始化...
[2020-04-12 18:10:35:600] [vo.logVo.LogVo.<init>] [INFO] 日志实例已初始化...
[2020-04-12 18:10:35:601] [vo.logVo.LogVo.<init>] [INFO] 日志实例已初始化...
[2020-04-12 18:10:35:601] [vo.logVo.LogVo.<init>] [INFO] 日志实例已初始化...
[2020-04-12 18:10:35:603] [vo.logVo.LogVo.<init>] [INFO] 日志实例已初始化...
[2020-04-12 18:10:35:604] [vo.logVo.LogVo.<init>] [INFO] 日志实例已初始化...
[2020-04-12 18:10:35:604] [vo.logVo.LogVo.<init>] [INFO] 日志实例已初始化...
[2020-04-12 18:10:35:605] [vo.logVo.LogVo.<init>] [INFO] 日志实例已初始化...
[2020-04-12 18:10:35:605] [vo.logVo.LogVo.<init>] [INFO] 日志实例已初始化...
[2020-04-12 18:10:35:606] [vo.logVo.LogVo.<init>] [INFO] 日志实例已初始化...
[2020-04-12 18:10:35:606] [vo.logVo.LogVo.<init>] [INFO] 日志实例已初始化...
[2020-04-12 18:10:35:607] [vo.logVo.LogVo.<init>] [INFO] 日志实例已初始化...
[2020-04-12 18:10:35:607] [vo.logVo.LogVo.<init>] [INFO] 日志实例已初始化...
[2020-04-12 18:10:35:608] [vo.logVo.LogVo.<init>] [INFO] 日志实例已初始化...
[2020-04-12 18:10:35:608] [vo.logVo.LogVo.<init>] [INFO] 日志实例已初始化...
[2020-04-12 18:10:35:609] [vo.logVo.LogVo.<init>] [INFO] 日志实例已初始化...
[2020-04-12 18:10:35:609] [vo.logVo.LogVo.<init>] [INFO] 日志实例已初始化...
[2020-04-12 18:10:35:610] [vo.logVo.LogVo.<init>] [INFO] 日志实例已初始化...
[2020-04-12 18:10:35:611] [vo.logVo.LogVo.<init>] [INFO] 日志实例已初始化...
[2020-04-12 18:10:35:612] [vo.logVo.LogVo.<init>] [INFO] 日志实例已初始化...
[2020-04-12 18:10:35:612] [vo.logVo.LogVo.<init>] [INFO] 日志实例已初始化...
[2020-04-12 18:10:35:613] [vo.logVo.LogVo.<init>] [INFO] 日志实例已初始化...
[2020-04-12 18:10:35:614] [vo.logVo.LogVo.<init>] [INFO] 日志实例已初始化...
[2020-04-12 18:10:35:614] [vo.logVo.LogVo.<init>] [INFO] 日志实例已初始化...
[2020-04-12 18:10:35:615] [vo.logVo.LogVo.<init>] [INFO] 日志实例已初始化...
[2020-04-12 18:10:35:615] [vo.logVo.LogVo.<init>] [INFO] 日志实例已初始化...
[2020-04-12 18:10:35:616] [vo.logVo.LogVo.<init>] [INFO] 日志实例已初始化...
[2020-04-12 18:10:35:617] [vo.logVo.LogVo.<init>] [INFO] 日志实例已初始化...
[2020-04-12 18:10:35:617] [vo.logVo.LogVo.<init>] [INFO] 日志实例已初始化...
[2020-04-12 18:10:35:618] [vo.logVo.LogVo.<init>] [INFO] 日志实例已初始化...
[2020-04-12 18:10:35:659] [vo.logVo.LogVo.<init>] [INFO] 日志实例已初始化...
[2020-04-12 18:10:35:668] [vo.logVo.LogVo.<init>] [INFO] 日志实例已初始化...
[2020-04-12 18:11:04:681] [util.filter.StrutsFilter.destroy] [INFO] filter has been destoyed...
[2020-04-12 18:11:13:911] [util.MyApplicationContextAnnotion.<init>] [INFO] 获取上下文工具类初始化成功!
[2020-04-12 18:11:14:200] [aop.AnnotationCommenAop.<init>] [INFO] 注解式切面已初始化...
[2020-04-12 18:11:15:622] [vo.logVo.LogVo.<init>] [INFO] 日志实例已初始化...
[2020-04-12 18:11:16:057] [aop.ConfigCommenAop.<init>] [INFO] 切面已初始化...
[2020-04-12 18:11:16:090] [vo.logVo.LogVo.<init>] [INFO] 日志实例已初始化...
[2020-04-12 18:11:16:097] [webservice.WebServiceInterface.<init>] [INFO] spring管理web service1
[2020-04-12 18:12:30:833] [vo.logVo.LogVo.<init>] [INFO] 日志实例已初始化...
[2020-04-12 18:12:30:845] [vo.logVo.LogVo.<init>] [INFO] 日志实例已初始化...
[2020-04-12 18:12:30:846] [vo.logVo.LogVo.<init>] [INFO] 日志实例已初始化...
[2020-04-12 18:12:30:847] [vo.logVo.LogVo.<init>] [INFO] 日志实例已初始化...
[2020-04-12 18:12:30:848] [vo.logVo.LogVo.<init>] [INFO] 日志实例已初始化...
[2020-04-12 18:12:30:849] [vo.logVo.LogVo.<init>] [INFO] 日志实例已初始化...
[2020-04-12 18:12:30:850] [vo.logVo.LogVo.<init>] [INFO] 日志实例已初始化...
[2020-04-12 18:12:30:851] [vo.logVo.LogVo.<init>] [INFO] 日志实例已初始化...
[2020-04-12 18:12:30:853] [vo.logVo.LogVo.<init>] [INFO] 日志实例已初始化...
[2020-04-12 18:12:30:853] [vo.logVo.LogVo.<init>] [INFO] 日志实例已初始化...
[2020-04-12 18:12:30:854] [vo.logVo.LogVo.<init>] [INFO] 日志实例已初始化...
[2020-04-12 18:12:30:855] [vo.logVo.LogVo.<init>] [INFO] 日志实例已初始化...
[2020-04-12 18:12:30:857] [vo.logVo.LogVo.<init>] [INFO] 日志实例已初始化...
[2020-04-12 18:12:30:858] [vo.logVo.LogVo.<init>] [INFO] 日志实例已初始化...
[2020-04-12 18:12:30:858] [vo.logVo.LogVo.<init>] [INFO] 日志实例已初始化...
[2020-04-12 18:12:30:858] [vo.logVo.LogVo.<init>] [INFO] 日志实例已初始化...
[2020-04-12 18:12:30:860] [vo.logVo.LogVo.<init>] [INFO] 日志实例已初始化...
[2020-04-12 18:12:30:861] [vo.logVo.LogVo.<init>] [INFO] 日志实例已初始化...
[2020-04-12 18:12:30:864] [vo.logVo.LogVo.<init>] [INFO] 日志实例已初始化...
[2020-04-12 18:12:30:865] [vo.logVo.LogVo.<init>] [INFO] 日志实例已初始化...
[2020-04-12 18:12:30:866] [vo.logVo.LogVo.<init>] [INFO] 日志实例已初始化...
[2020-04-12 18:12:30:867] [vo.logVo.LogVo.<init>] [INFO] 日志实例已初始化...
[2020-04-12 18:12:30:867] [vo.logVo.LogVo.<init>] [INFO] 日志实例已初始化...
[2020-04-12 18:12:30:869] [vo.logVo.LogVo.<init>] [INFO] 日志实例已初始化...
[2020-04-12 18:12:30:871] [vo.logVo.LogVo.<init>] [INFO] 日志实例已初始化...
[2020-04-12 18:12:30:872] [vo.logVo.LogVo.<init>] [INFO] 日志实例已初始化...
[2020-04-12 18:12:30:873] [vo.logVo.LogVo.<init>] [INFO] 日志实例已初始化...
[2020-04-12 18:12:30:873] [vo.logVo.LogVo.<init>] [INFO] 日志实例已初始化...
[2020-04-12 18:12:30:875] [vo.logVo.LogVo.<init>] [INFO] 日志实例已初始化...
[2020-04-12 18:12:30:876] [vo.logVo.LogVo.<init>] [INFO] 日志实例已初始化...
[2020-04-12 18:12:30:876] [vo.logVo.LogVo.<init>] [INFO] 日志实例已初始化...
[2020-04-12 18:12:30:877] [vo.logVo.LogVo.<init>] [INFO] 日志实例已初始化...
[2020-04-12 18:12:30:877] [vo.logVo.LogVo.<init>] [INFO] 日志实例已初始化...
[2020-04-12 18:12:30:878] [vo.logVo.LogVo.<init>] [INFO] 日志实例已初始化...
[2020-04-12 18:12:30:879] [vo.logVo.LogVo.<init>] [INFO] 日志实例已初始化...
[2020-04-12 18:12:30:880] [vo.logVo.LogVo.<init>] [INFO] 日志实例已初始化...
[2020-04-12 18:12:30:880] [vo.logVo.LogVo.<init>] [INFO] 日志实例已初始化...
[2020-04-12 18:12:30:882] [vo.logVo.LogVo.<init>] [INFO] 日志实例已初始化...
[2020-04-12 18:12:30:883] [vo.logVo.LogVo.<init>] [INFO] 日志实例已初始化...
[2020-04-12 18:12:30:884] [vo.logVo.LogVo.<init>] [INFO] 日志实例已初始化...
[2020-04-12 18:12:30:885] [vo.logVo.LogVo.<init>] [INFO] 日志实例已初始化...
[2020-04-12 18:12:30:888] [vo.logVo.LogVo.<init>] [INFO] 日志实例已初始化...
[2020-04-12 18:12:30:889] [vo.logVo.LogVo.<init>] [INFO] 日志实例已初始化...
[2020-04-12 18:12:30:890] [vo.logVo.LogVo.<init>] [INFO] 日志实例已初始化...
[2020-04-12 18:12:30:892] [vo.logVo.LogVo.<init>] [INFO] 日志实例已初始化...
[2020-04-12 18:12:30:893] [vo.logVo.LogVo.<init>] [INFO] 日志实例已初始化...
[2020-04-12 18:12:30:894] [vo.logVo.LogVo.<init>] [INFO] 日志实例已初始化...
[2020-04-12 18:12:30:895] [vo.logVo.LogVo.<init>] [INFO] 日志实例已初始化...
[2020-04-12 18:12:30:896] [vo.logVo.LogVo.<init>] [INFO] 日志实例已初始化...
[2020-04-12 18:12:30:897] [vo.logVo.LogVo.<init>] [INFO] 日志实例已初始化...
[2020-04-12 18:12:30:898] [vo.logVo.LogVo.<init>] [INFO] 日志实例已初始化...
[2020-04-12 18:12:30:900] [vo.logVo.LogVo.<init>] [INFO] 日志实例已初始化...
[2020-04-12 18:12:30:902] [vo.logVo.LogVo.<init>] [INFO] 日志实例已初始化...
[2020-04-12 18:12:30:904] [vo.logVo.LogVo.<init>] [INFO] 日志实例已初始化...
[2020-04-12 18:12:30:905] [vo.logVo.LogVo.<init>] [INFO] 日志实例已初始化...
[2020-04-12 18:12:30:906] [vo.logVo.LogVo.<init>] [INFO] 日志实例已初始化...
[2020-04-12 18:12:30:907] [vo.logVo.LogVo.<init>] [INFO] 日志实例已初始化...
[2020-04-12 18:12:30:907] [vo.logVo.LogVo.<init>] [INFO] 日志实例已初始化...
[2020-04-12 18:12:30:908] [vo.logVo.LogVo.<init>] [INFO] 日志实例已初始化...
[2020-04-12 18:12:30:909] [vo.logVo.LogVo.<init>] [INFO] 日志实例已初始化...
[2020-04-12 18:12:30:911] [vo.logVo.LogVo.<init>] [INFO] 日志实例已初始化...
[2020-04-12 18:12:30:912] [vo.logVo.LogVo.<init>] [INFO] 日志实例已初始化...
[2020-04-12 18:12:30:913] [vo.logVo.LogVo.<init>] [INFO] 日志实例已初始化...
[2020-04-12 18:12:30:913] [vo.logVo.LogVo.<init>] [INFO] 日志实例已初始化...
[2020-04-12 18:12:30:915] [vo.logVo.LogVo.<init>] [INFO] 日志实例已初始化...
[2020-04-12 18:12:30:916] [vo.logVo.LogVo.<init>] [INFO] 日志实例已初始化...
[2020-04-12 18:12:30:917] [vo.logVo.LogVo.<init>] [INFO] 日志实例已初始化...
[2020-04-12 18:12:30:918] [vo.logVo.LogVo.<init>] [INFO] 日志实例已初始化...
[2020-04-12 18:12:30:919] [vo.logVo.LogVo.<init>] [INFO] 日志实例已初始化...
[2020-04-12 18:12:30:920] [vo.logVo.LogVo.<init>] [INFO] 日志实例已初始化...
[2020-04-12 18:12:30:921] [vo.logVo.LogVo.<init>] [INFO] 日志实例已初始化...
[2020-04-12 18:12:30:921] [vo.logVo.LogVo.<init>] [INFO] 日志实例已初始化...
[2020-04-12 18:12:30:922] [vo.logVo.LogVo.<init>] [INFO] 日志实例已初始化...
[2020-04-12 18:12:30:922] [vo.logVo.LogVo.<init>] [INFO] 日志实例已初始化...
[2020-04-12 18:12:30:923] [vo.logVo.LogVo.<init>] [INFO] 日志实例已初始化...
[2020-04-12 18:12:30:924] [vo.logVo.LogVo.<init>] [INFO] 日志实例已初始化...
[2020-04-12 18:12:30:924] [vo.logVo.LogVo.<init>] [INFO] 日志实例已初始化...
[2020-04-12 18:12:30:925] [vo.logVo.LogVo.<init>] [INFO] 日志实例已初始化...
[2020-04-12 18:12:30:926] [vo.logVo.LogVo.<init>] [INFO] 日志实例已初始化...
[2020-04-12 18:12:30:927] [vo.logVo.LogVo.<init>] [INFO] 日志实例已初始化...
[2020-04-12 18:12:30:928] [vo.logVo.LogVo.<init>] [INFO] 日志实例已初始化...
[2020-04-12 18:12:30:929] [vo.logVo.LogVo.<init>] [INFO] 日志实例已初始化...
[2020-04-12 18:12:30:930] [vo.logVo.LogVo.<init>] [INFO] 日志实例已初始化...
[2020-04-12 18:12:30:933] [vo.logVo.LogVo.<init>] [INFO] 日志实例已初始化...
[2020-04-12 18:12:30:935] [vo.logVo.LogVo.<init>] [INFO] 日志实例已初始化...
[2020-04-12 18:12:30:936] [vo.logVo.LogVo.<init>] [INFO] 日志实例已初始化...
[2020-04-12 18:12:30:936] [vo.logVo.LogVo.<init>] [INFO] 日志实例已初始化...
[2020-04-12 18:12:30:937] [vo.logVo.LogVo.<init>] [INFO] 日志实例已初始化...
[2020-04-12 18:12:30:938] [vo.logVo.LogVo.<init>] [INFO] 日志实例已初始化...
[2020-04-12 18:12:30:939] [vo.logVo.LogVo.<init>] [INFO] 日志实例已初始化...
[2020-04-12 18:12:30:939] [vo.logVo.LogVo.<init>] [INFO] 日志实例已初始化...
[2020-04-12 18:12:30:940] [vo.logVo.LogVo.<init>] [INFO] 日志实例已初始化...
[2020-04-12 18:12:30:940] [vo.logVo.LogVo.<init>] [INFO] 日志实例已初始化...
[2020-04-12 18:12:30:941] [vo.logVo.LogVo.<init>] [INFO] 日志实例已初始化...
[2020-04-12 18:12:30:942] [vo.logVo.LogVo.<init>] [INFO] 日志实例已初始化...
[2020-04-12 18:12:30:942] [vo.logVo.LogVo.<init>] [INFO] 日志实例已初始化...
[2020-04-12 18:12:30:943] [vo.logVo.LogVo.<init>] [INFO] 日志实例已初始化...
[2020-04-12 18:12:30:944] [vo.logVo.LogVo.<init>] [INFO] 日志实例已初始化...
[2020-04-12 18:12:30:945] [vo.logVo.LogVo.<init>] [INFO] 日志实例已初始化...
[2020-04-12 18:12:30:946] [vo.logVo.LogVo.<init>] [INFO] 日志实例已初始化...
[2020-04-12 18:12:30:946] [vo.logVo.LogVo.<init>] [INFO] 日志实例已初始化...
[2020-04-12 18:12:30:947] [vo.logVo.LogVo.<init>] [INFO] 日志实例已初始化...
[2020-04-12 18:12:30:947] [vo.logVo.LogVo.<init>] [INFO] 日志实例已初始化...
[2020-04-12 18:12:30:948] [vo.logVo.LogVo.<init>] [INFO] 日志实例已初始化...
[2020-04-12 18:12:30:949] [vo.logVo.LogVo.<init>] [INFO] 日志实例已初始化...
[2020-04-12 18:12:30:950] [vo.logVo.LogVo.<init>] [INFO] 日志实例已初始化...
[2020-04-12 18:12:30:951] [vo.logVo.LogVo.<init>] [INFO] 日志实例已初始化...
[2020-04-12 18:12:30:952] [vo.logVo.LogVo.<init>] [INFO] 日志实例已初始化...
[2020-04-12 18:12:30:953] [vo.logVo.LogVo.<init>] [INFO] 日志实例已初始化...
[2020-04-12 18:12:30:954] [vo.logVo.LogVo.<init>] [INFO] 日志实例已初始化...
[2020-04-12 18:12:30:954] [vo.logVo.LogVo.<init>] [INFO] 日志实例已初始化...
[2020-04-12 18:12:30:955] [vo.logVo.LogVo.<init>] [INFO] 日志实例已初始化...
[2020-04-12 18:12:30:956] [vo.logVo.LogVo.<init>] [INFO] 日志实例已初始化...
[2020-04-12 18:12:30:958] [vo.logVo.LogVo.<init>] [INFO] 日志实例已初始化...
[2020-04-12 18:12:30:959] [vo.logVo.LogVo.<init>] [INFO] 日志实例已初始化...
[2020-04-12 18:12:30:961] [vo.logVo.LogVo.<init>] [INFO] 日志实例已初始化...
[2020-04-12 18:12:30:964] [vo.logVo.LogVo.<init>] [INFO] 日志实例已初始化...
[2020-04-12 18:12:30:966] [vo.logVo.LogVo.<init>] [INFO] 日志实例已初始化...
[2020-04-12 18:12:30:967] [vo.logVo.LogVo.<init>] [INFO] 日志实例已初始化...
[2020-04-12 18:12:30:968] [vo.logVo.LogVo.<init>] [INFO] 日志实例已初始化...
[2020-04-12 18:12:30:969] [vo.logVo.LogVo.<init>] [INFO] 日志实例已初始化...
[2020-04-12 18:12:30:970] [vo.logVo.LogVo.<init>] [INFO] 日志实例已初始化...
[2020-04-12 18:12:30:972] [vo.logVo.LogVo.<init>] [INFO] 日志实例已初始化...
[2020-04-12 18:12:30:973] [vo.logVo.LogVo.<init>] [INFO] 日志实例已初始化...
[2020-04-12 18:12:30:975] [vo.logVo.LogVo.<init>] [INFO] 日志实例已初始化...
[2020-04-12 18:12:30:977] [vo.logVo.LogVo.<init>] [INFO] 日志实例已初始化...
[2020-04-12 18:12:30:978] [vo.logVo.LogVo.<init>] [INFO] 日志实例已初始化...
[2020-04-12 18:12:30:979] [vo.logVo.LogVo.<init>] [INFO] 日志实例已初始化...
[2020-04-12 18:12:30:980] [vo.logVo.LogVo.<init>] [INFO] 日志实例已初始化...
[2020-04-12 18:12:30:982] [vo.logVo.LogVo.<init>] [INFO] 日志实例已初始化...
[2020-04-12 18:12:30:983] [vo.logVo.LogVo.<init>] [INFO] 日志实例已初始化...
[2020-04-12 18:12:30:984] [vo.logVo.LogVo.<init>] [INFO] 日志实例已初始化...
[2020-04-12 18:12:30:985] [vo.logVo.LogVo.<init>] [INFO] 日志实例已初始化...
[2020-04-12 18:12:30:985] [vo.logVo.LogVo.<init>] [INFO] 日志实例已初始化...
[2020-04-12 18:12:30:986] [vo.logVo.LogVo.<init>] [INFO] 日志实例已初始化...
[2020-04-12 18:12:30:987] [vo.logVo.LogVo.<init>] [INFO] 日志实例已初始化...
[2020-04-12 18:12:30:988] [vo.logVo.LogVo.<init>] [INFO] 日志实例已初始化...
[2020-04-12 18:12:30:988] [vo.logVo.LogVo.<init>] [INFO] 日志实例已初始化...
[2020-04-12 18:12:30:989] [vo.logVo.LogVo.<init>] [INFO] 日志实例已初始化...
[2020-04-12 18:12:30:990] [vo.logVo.LogVo.<init>] [INFO] 日志实例已初始化...
[2020-04-12 18:12:30:991] [vo.logVo.LogVo.<init>] [INFO] 日志实例已初始化...
[2020-04-12 18:12:30:991] [vo.logVo.LogVo.<init>] [INFO] 日志实例已初始化...
[2020-04-12 18:12:30:992] [vo.logVo.LogVo.<init>] [INFO] 日志实例已初始化...
[2020-04-12 18:12:30:993] [vo.logVo.LogVo.<init>] [INFO] 日志实例已初始化...
[2020-04-12 18:12:30:994] [vo.logVo.LogVo.<init>] [INFO] 日志实例已初始化...
[2020-04-12 18:12:30:996] [vo.logVo.LogVo.<init>] [INFO] 日志实例已初始化...
[2020-04-12 18:12:30:997] [vo.logVo.LogVo.<init>] [INFO] 日志实例已初始化...
[2020-04-12 18:12:30:998] [vo.logVo.LogVo.<init>] [INFO] 日志实例已初始化...
[2020-04-12 18:12:30:999] [vo.logVo.LogVo.<init>] [INFO] 日志实例已初始化...
[2020-04-12 18:12:31:000] [vo.logVo.LogVo.<init>] [INFO] 日志实例已初始化...
[2020-04-12 18:12:31:001] [vo.logVo.LogVo.<init>] [INFO] 日志实例已初始化...
[2020-04-12 18:12:31:002] [vo.logVo.LogVo.<init>] [INFO] 日志实例已初始化...
[2020-04-12 18:12:31:002] [vo.logVo.LogVo.<init>] [INFO] 日志实例已初始化...
[2020-04-12 18:12:31:003] [vo.logVo.LogVo.<init>] [INFO] 日志实例已初始化...
[2020-04-12 18:12:31:004] [vo.logVo.LogVo.<init>] [INFO] 日志实例已初始化...
[2020-04-12 18:12:31:005] [vo.logVo.LogVo.<init>] [INFO] 日志实例已初始化...
[2020-04-12 18:12:31:005] [vo.logVo.LogVo.<init>] [INFO] 日志实例已初始化...
[2020-04-12 18:12:31:006] [vo.logVo.LogVo.<init>] [INFO] 日志实例已初始化...
[2020-04-12 18:12:31:007] [vo.logVo.LogVo.<init>] [INFO] 日志实例已初始化...
[2020-04-12 18:12:31:010] [vo.logVo.LogVo.<init>] [INFO] 日志实例已初始化...
[2020-04-12 18:12:31:011] [vo.logVo.LogVo.<init>] [INFO] 日志实例已初始化...
[2020-04-12 18:12:31:011] [vo.logVo.LogVo.<init>] [INFO] 日志实例已初始化...
[2020-04-12 18:12:31:012] [vo.logVo.LogVo.<init>] [INFO] 日志实例已初始化...
[2020-04-12 18:12:31:013] [vo.logVo.LogVo.<init>] [INFO] 日志实例已初始化...
[2020-04-12 18:12:31:014] [vo.logVo.LogVo.<init>] [INFO] 日志实例已初始化...
[2020-04-12 18:12:31:017] [vo.logVo.LogVo.<init>] [INFO] 日志实例已初始化...
[2020-04-12 18:12:31:017] [vo.logVo.LogVo.<init>] [INFO] 日志实例已初始化...
[2020-04-12 18:12:31:019] [vo.logVo.LogVo.<init>] [INFO] 日志实例已初始化...
[2020-04-12 18:12:31:020] [vo.logVo.LogVo.<init>] [INFO] 日志实例已初始化...
[2020-04-12 18:12:31:021] [vo.logVo.LogVo.<init>] [INFO] 日志实例已初始化...
[2020-04-12 18:12:31:021] [vo.logVo.LogVo.<init>] [INFO] 日志实例已初始化...
[2020-04-12 18:12:31:022] [vo.logVo.LogVo.<init>] [INFO] 日志实例已初始化...
[2020-04-12 18:12:31:024] [vo.logVo.LogVo.<init>] [INFO] 日志实例已初始化...
[2020-04-12 18:12:31:025] [vo.logVo.LogVo.<init>] [INFO] 日志实例已初始化...
[2020-04-12 18:12:31:026] [vo.logVo.LogVo.<init>] [INFO] 日志实例已初始化...
[2020-04-12 18:12:31:027] [vo.logVo.LogVo.<init>] [INFO] 日志实例已初始化...
[2020-04-12 18:12:31:028] [vo.logVo.LogVo.<init>] [INFO] 日志实例已初始化...
[2020-04-12 18:12:31:028] [vo.logVo.LogVo.<init>] [INFO] 日志实例已初始化...
[2020-04-12 18:12:31:029] [vo.logVo.LogVo.<init>] [INFO] 日志实例已初始化...
[2020-04-12 18:12:31:030] [vo.logVo.LogVo.<init>] [INFO] 日志实例已初始化...
[2020-04-12 18:12:31:031] [vo.logVo.LogVo.<init>] [INFO] 日志实例已初始化...
[2020-04-12 18:12:31:032] [vo.logVo.LogVo.<init>] [INFO] 日志实例已初始化...
[2020-04-12 18:12:31:033] [vo.logVo.LogVo.<init>] [INFO] 日志实例已初始化...
[2020-04-12 18:12:31:033] [vo.logVo.LogVo.<init>] [INFO] 日志实例已初始化...
[2020-04-12 18:12:31:034] [vo.logVo.LogVo.<init>] [INFO] 日志实例已初始化...
[2020-04-12 18:12:31:035] [vo.logVo.LogVo.<init>] [INFO] 日志实例已初始化...
[2020-04-12 18:12:31:035] [vo.logVo.LogVo.<init>] [INFO] 日志实例已初始化...
[2020-04-12 18:12:31:036] [vo.logVo.LogVo.<init>] [INFO] 日志实例已初始化...
[2020-04-12 18:12:31:037] [vo.logVo.LogVo.<init>] [INFO] 日志实例已初始化...
[2020-04-12 18:12:31:037] [vo.logVo.LogVo.<init>] [INFO] 日志实例已初始化...
[2020-04-12 18:12:31:038] [vo.logVo.LogVo.<init>] [INFO] 日志实例已初始化...
[2020-04-12 18:12:31:040] [vo.logVo.LogVo.<init>] [INFO] 日志实例已初始化...
[2020-04-12 18:12:31:042] [vo.logVo.LogVo.<init>] [INFO] 日志实例已初始化...
[2020-04-12 18:12:31:042] [vo.logVo.LogVo.<init>] [INFO] 日志实例已初始化...
[2020-04-12 18:12:31:043] [vo.logVo.LogVo.<init>] [INFO] 日志实例已初始化...
[2020-04-12 18:12:31:043] [vo.logVo.LogVo.<init>] [INFO] 日志实例已初始化...
[2020-04-12 18:12:31:044] [vo.logVo.LogVo.<init>] [INFO] 日志实例已初始化...
[2020-04-12 18:12:31:044] [vo.logVo.LogVo.<init>] [INFO] 日志实例已初始化...
[2020-04-12 18:12:31:045] [vo.logVo.LogVo.<init>] [INFO] 日志实例已初始化...
[2020-04-12 18:12:31:045] [vo.logVo.LogVo.<init>] [INFO] 日志实例已初始化...
[2020-04-12 18:12:31:045] [vo.logVo.LogVo.<init>] [INFO] 日志实例已初始化...
[2020-04-12 18:12:31:046] [vo.logVo.LogVo.<init>] [INFO] 日志实例已初始化...
[2020-04-12 18:12:31:047] [vo.logVo.LogVo.<init>] [INFO] 日志实例已初始化...
[2020-04-12 18:12:31:048] [vo.logVo.LogVo.<init>] [INFO] 日志实例已初始化...
[2020-04-12 18:12:31:049] [vo.logVo.LogVo.<init>] [INFO] 日志实例已初始化...
[2020-04-12 18:12:31:050] [vo.logVo.LogVo.<init>] [INFO] 日志实例已初始化...
[2020-04-12 18:12:31:051] [vo.logVo.LogVo.<init>] [INFO] 日志实例已初始化...
[2020-04-12 18:12:31:051] [vo.logVo.LogVo.<init>] [INFO] 日志实例已初始化...
[2020-04-12 18:12:31:052] [vo.logVo.LogVo.<init>] [INFO] 日志实例已初始化...
[2020-04-12 18:12:31:053] [vo.logVo.LogVo.<init>] [INFO] 日志实例已初始化...
[2020-04-12 18:12:31:054] [vo.logVo.LogVo.<init>] [INFO] 日志实例已初始化...
[2020-04-12 18:12:31:054] [vo.logVo.LogVo.<init>] [INFO] 日志实例已初始化...
[2020-04-12 18:12:31:057] [vo.logVo.LogVo.<init>] [INFO] 日志实例已初始化...
[2020-04-12 18:12:31:059] [vo.logVo.LogVo.<init>] [INFO] 日志实例已初始化...
[2020-04-12 18:12:31:061] [vo.logVo.LogVo.<init>] [INFO] 日志实例已初始化...
[2020-04-12 18:12:31:061] [vo.logVo.LogVo.<init>] [INFO] 日志实例已初始化...
[2020-04-12 18:12:31:062] [vo.logVo.LogVo.<init>] [INFO] 日志实例已初始化...
[2020-04-12 18:12:31:063] [vo.logVo.LogVo.<init>] [INFO] 日志实例已初始化...
[2020-04-12 18:12:31:064] [vo.logVo.LogVo.<init>] [INFO] 日志实例已初始化...
[2020-04-12 18:12:31:065] [vo.logVo.LogVo.<init>] [INFO] 日志实例已初始化...
[2020-04-12 18:12:31:066] [vo.logVo.LogVo.<init>] [INFO] 日志实例已初始化...
[2020-04-12 18:12:31:066] [vo.logVo.LogVo.<init>] [INFO] 日志实例已初始化...
[2020-04-12 18:12:31:067] [vo.logVo.LogVo.<init>] [INFO] 日志实例已初始化...
[2020-04-12 18:12:31:067] [vo.logVo.LogVo.<init>] [INFO] 日志实例已初始化...
[2020-04-12 18:12:31:068] [vo.logVo.LogVo.<init>] [INFO] 日志实例已初始化...
[2020-04-12 18:12:31:068] [vo.logVo.LogVo.<init>] [INFO] 日志实例已初始化...
[2020-04-12 18:12:31:069] [vo.logVo.LogVo.<init>] [INFO] 日志实例已初始化...
[2020-04-12 18:12:31:069] [vo.logVo.LogVo.<init>] [INFO] 日志实例已初始化...
[2020-04-12 18:12:31:070] [vo.logVo.LogVo.<init>] [INFO] 日志实例已初始化...
[2020-04-12 18:12:31:072] [vo.logVo.LogVo.<init>] [INFO] 日志实例已初始化...
[2020-04-12 18:12:31:073] [vo.logVo.LogVo.<init>] [INFO] 日志实例已初始化...
[2020-04-12 18:12:31:074] [vo.logVo.LogVo.<init>] [INFO] 日志实例已初始化...
[2020-04-12 18:12:31:074] [vo.logVo.LogVo.<init>] [INFO] 日志实例已初始化...
[2020-04-12 18:12:31:075] [vo.logVo.LogVo.<init>] [INFO] 日志实例已初始化...
[2020-04-12 18:12:31:075] [vo.logVo.LogVo.<init>] [INFO] 日志实例已初始化...
[2020-04-12 18:12:31:076] [vo.logVo.LogVo.<init>] [INFO] 日志实例已初始化...
[2020-04-12 18:12:31:077] [vo.logVo.LogVo.<init>] [INFO] 日志实例已初始化...
[2020-04-12 18:12:31:078] [vo.logVo.LogVo.<init>] [INFO] 日志实例已初始化...
[2020-04-12 18:12:31:079] [vo.logVo.LogVo.<init>] [INFO] 日志实例已初始化...
[2020-04-12 18:12:31:080] [vo.logVo.LogVo.<init>] [INFO] 日志实例已初始化...
[2020-04-12 18:12:31:082] [vo.logVo.LogVo.<init>] [INFO] 日志实例已初始化...
[2020-04-12 18:12:31:083] [vo.logVo.LogVo.<init>] [INFO] 日志实例已初始化...
[2020-04-12 18:12:31:084] [vo.logVo.LogVo.<init>] [INFO] 日志实例已初始化...
[2020-04-12 18:12:31:085] [vo.logVo.LogVo.<init>] [INFO] 日志实例已初始化...
[2020-04-12 18:12:31:086] [vo.logVo.LogVo.<init>] [INFO] 日志实例已初始化...
[2020-04-12 18:12:31:089] [vo.logVo.LogVo.<init>] [INFO] 日志实例已初始化...
[2020-04-12 18:12:31:090] [vo.logVo.LogVo.<init>] [INFO] 日志实例已初始化...
[2020-04-12 18:12:31:093] [vo.logVo.LogVo.<init>] [INFO] 日志实例已初始化...
[2020-04-12 18:12:31:096] [vo.logVo.LogVo.<init>] [INFO] 日志实例已初始化...
[2020-04-12 18:12:31:097] [vo.logVo.LogVo.<init>] [INFO] 日志实例已初始化...
[2020-04-12 18:12:31:099] [vo.logVo.LogVo.<init>] [INFO] 日志实例已初始化...
[2020-04-12 18:12:31:100] [vo.logVo.LogVo.<init>] [INFO] 日志实例已初始化...
[2020-04-12 18:12:31:101] [vo.logVo.LogVo.<init>] [INFO] 日志实例已初始化...
[2020-04-12 18:12:31:103] [vo.logVo.LogVo.<init>] [INFO] 日志实例已初始化...
[2020-04-12 18:12:31:104] [vo.logVo.LogVo.<init>] [INFO] 日志实例已初始化...
[2020-04-12 18:12:31:105] [vo.logVo.LogVo.<init>] [INFO] 日志实例已初始化...
[2020-04-12 18:12:31:106] [vo.logVo.LogVo.<init>] [INFO] 日志实例已初始化...
[2020-04-12 18:12:31:107] [vo.logVo.LogVo.<init>] [INFO] 日志实例已初始化...
[2020-04-12 18:12:31:108] [vo.logVo.LogVo.<init>] [INFO] 日志实例已初始化...
[2020-04-12 18:12:31:108] [vo.logVo.LogVo.<init>] [INFO] 日志实例已初始化...
[2020-04-12 18:12:31:109] [vo.logVo.LogVo.<init>] [INFO] 日志实例已初始化...
[2020-04-12 18:12:31:111] [vo.logVo.LogVo.<init>] [INFO] 日志实例已初始化...
[2020-04-12 18:12:31:112] [vo.logVo.LogVo.<init>] [INFO] 日志实例已初始化...
[2020-04-12 18:12:31:113] [vo.logVo.LogVo.<init>] [INFO] 日志实例已初始化...
[2020-04-12 18:12:31:113] [vo.logVo.LogVo.<init>] [INFO] 日志实例已初始化...
[2020-04-12 18:12:31:116] [vo.logVo.LogVo.<init>] [INFO] 日志实例已初始化...
[2020-04-12 18:12:31:123] [vo.logVo.LogVo.<init>] [INFO] 日志实例已初始化...
[2020-04-12 18:12:31:124] [vo.logVo.LogVo.<init>] [INFO] 日志实例已初始化...
[2020-04-12 18:12:31:125] [vo.logVo.LogVo.<init>] [INFO] 日志实例已初始化...
[2020-04-12 18:12:31:128] [vo.logVo.LogVo.<init>] [INFO] 日志实例已初始化...
[2020-04-12 18:12:31:132] [vo.logVo.LogVo.<init>] [INFO] 日志实例已初始化...
[2020-04-12 18:12:31:133] [vo.logVo.LogVo.<init>] [INFO] 日志实例已初始化...
[2020-04-12 18:12:31:135] [vo.logVo.LogVo.<init>] [INFO] 日志实例已初始化...
[2020-04-12 18:12:31:136] [vo.logVo.LogVo.<init>] [INFO] 日志实例已初始化...
[2020-04-12 18:12:31:137] [vo.logVo.LogVo.<init>] [INFO] 日志实例已初始化...
[2020-04-12 18:12:31:138] [vo.logVo.LogVo.<init>] [INFO] 日志实例已初始化...
[2020-04-12 18:12:31:139] [vo.logVo.LogVo.<init>] [INFO] 日志实例已初始化...
[2020-04-12 18:12:31:139] [vo.logVo.LogVo.<init>] [INFO] 日志实例已初始化...
[2020-04-12 18:12:31:140] [vo.logVo.LogVo.<init>] [INFO] 日志实例已初始化...
[2020-04-12 18:12:31:141] [vo.logVo.LogVo.<init>] [INFO] 日志实例已初始化...
[2020-04-12 18:12:31:143] [vo.logVo.LogVo.<init>] [INFO] 日志实例已初始化...
[2020-04-12 18:12:31:144] [vo.logVo.LogVo.<init>] [INFO] 日志实例已初始化...
[2020-04-12 18:12:31:145] [vo.logVo.LogVo.<init>] [INFO] 日志实例已初始化...
[2020-04-12 18:12:31:146] [vo.logVo.LogVo.<init>] [INFO] 日志实例已初始化...
[2020-04-12 18:12:31:146] [vo.logVo.LogVo.<init>] [INFO] 日志实例已初始化...
[2020-04-12 18:12:31:152] [vo.logVo.LogVo.<init>] [INFO] 日志实例已初始化...
[2020-04-12 18:12:31:155] [vo.logVo.LogVo.<init>] [INFO] 日志实例已初始化...
[2020-04-12 18:12:31:156] [vo.logVo.LogVo.<init>] [INFO] 日志实例已初始化...
[2020-04-12 18:12:31:157] [vo.logVo.LogVo.<init>] [INFO] 日志实例已初始化...
[2020-04-12 18:12:31:160] [vo.logVo.LogVo.<init>] [INFO] 日志实例已初始化...
[2020-04-12 18:12:31:161] [vo.logVo.LogVo.<init>] [INFO] 日志实例已初始化...
[2020-04-12 18:12:31:162] [vo.logVo.LogVo.<init>] [INFO] 日志实例已初始化...
[2020-04-12 18:12:31:163] [vo.logVo.LogVo.<init>] [INFO] 日志实例已初始化...
[2020-04-12 18:12:31:167] [vo.logVo.LogVo.<init>] [INFO] 日志实例已初始化...
[2020-04-12 18:12:31:169] [vo.logVo.LogVo.<init>] [INFO] 日志实例已初始化...
[2020-04-12 18:12:31:170] [vo.logVo.LogVo.<init>] [INFO] 日志实例已初始化...
[2020-04-12 18:12:31:171] [vo.logVo.LogVo.<init>] [INFO] 日志实例已初始化...
[2020-04-12 18:12:31:172] [vo.logVo.LogVo.<init>] [INFO] 日志实例已初始化...
[2020-04-12 18:12:31:172] [vo.logVo.LogVo.<init>] [INFO] 日志实例已初始化...
[2020-04-12 18:12:31:173] [vo.logVo.LogVo.<init>] [INFO] 日志实例已初始化...
[2020-04-12 18:12:31:174] [vo.logVo.LogVo.<init>] [INFO] 日志实例已初始化...
[2020-04-12 18:12:31:174] [vo.logVo.LogVo.<init>] [INFO] 日志实例已初始化...
[2020-04-12 18:12:31:175] [vo.logVo.LogVo.<init>] [INFO] 日志实例已初始化...
[2020-04-12 18:12:31:176] [vo.logVo.LogVo.<init>] [INFO] 日志实例已初始化...
[2020-04-12 18:12:31:178] [vo.logVo.LogVo.<init>] [INFO] 日志实例已初始化...
[2020-04-12 18:12:31:179] [vo.logVo.LogVo.<init>] [INFO] 日志实例已初始化...
[2020-04-12 18:12:31:179] [vo.logVo.LogVo.<init>] [INFO] 日志实例已初始化...
[2020-04-12 18:12:31:182] [vo.logVo.LogVo.<init>] [INFO] 日志实例已初始化...
[2020-04-12 18:12:31:183] [vo.logVo.LogVo.<init>] [INFO] 日志实例已初始化...
[2020-04-12 18:12:31:184] [vo.logVo.LogVo.<init>] [INFO] 日志实例已初始化...
[2020-04-12 18:12:31:185] [vo.logVo.LogVo.<init>] [INFO] 日志实例已初始化...
[2020-04-12 18:12:31:186] [vo.logVo.LogVo.<init>] [INFO] 日志实例已初始化...
[2020-04-12 18:12:31:186] [vo.logVo.LogVo.<init>] [INFO] 日志实例已初始化...
[2020-04-12 18:12:31:187] [vo.logVo.LogVo.<init>] [INFO] 日志实例已初始化...
[2020-04-12 18:12:31:187] [vo.logVo.LogVo.<init>] [INFO] 日志实例已初始化...
[2020-04-12 18:12:31:188] [vo.logVo.LogVo.<init>] [INFO] 日志实例已初始化...
[2020-04-12 18:12:31:189] [vo.logVo.LogVo.<init>] [INFO] 日志实例已初始化...
[2020-04-12 18:12:31:190] [vo.logVo.LogVo.<init>] [INFO] 日志实例已初始化...
[2020-04-12 18:12:31:191] [vo.logVo.LogVo.<init>] [INFO] 日志实例已初始化...
[2020-04-12 18:12:31:191] [vo.logVo.LogVo.<init>] [INFO] 日志实例已初始化...
[2020-04-12 18:12:31:192] [vo.logVo.LogVo.<init>] [INFO] 日志实例已初始化...
[2020-04-12 18:12:31:193] [vo.logVo.LogVo.<init>] [INFO] 日志实例已初始化...
[2020-04-12 18:12:31:193] [vo.logVo.LogVo.<init>] [INFO] 日志实例已初始化...
[2020-04-12 18:12:31:194] [vo.logVo.LogVo.<init>] [INFO] 日志实例已初始化...
[2020-04-12 18:12:31:195] [vo.logVo.LogVo.<init>] [INFO] 日志实例已初始化...
[2020-04-12 18:12:31:195] [vo.logVo.LogVo.<init>] [INFO] 日志实例已初始化...
[2020-04-12 18:12:31:196] [vo.logVo.LogVo.<init>] [INFO] 日志实例已初始化...
[2020-04-12 18:12:31:197] [vo.logVo.LogVo.<init>] [INFO] 日志实例已初始化...
[2020-04-12 18:12:31:198] [vo.logVo.LogVo.<init>] [INFO] 日志实例已初始化...
[2020-04-12 18:12:31:200] [vo.logVo.LogVo.<init>] [INFO] 日志实例已初始化...
[2020-04-12 18:12:31:201] [vo.logVo.LogVo.<init>] [INFO] 日志实例已初始化...
[2020-04-12 18:12:31:202] [vo.logVo.LogVo.<init>] [INFO] 日志实例已初始化...
[2020-04-12 18:12:31:203] [vo.logVo.LogVo.<init>] [INFO] 日志实例已初始化...
[2020-04-12 18:12:31:204] [vo.logVo.LogVo.<init>] [INFO] 日志实例已初始化...
[2020-04-12 18:12:31:204] [vo.logVo.LogVo.<init>] [INFO] 日志实例已初始化...
[2020-04-12 18:12:31:205] [vo.logVo.LogVo.<init>] [INFO] 日志实例已初始化...
[2020-04-12 18:12:31:207] [vo.logVo.LogVo.<init>] [INFO] 日志实例已初始化...
[2020-04-12 18:12:31:208] [vo.logVo.LogVo.<init>] [INFO] 日志实例已初始化...
[2020-04-12 18:12:31:209] [vo.logVo.LogVo.<init>] [INFO] 日志实例已初始化...
[2020-04-12 18:12:31:210] [vo.logVo.LogVo.<init>] [INFO] 日志实例已初始化...
[2020-04-12 18:12:31:210] [vo.logVo.LogVo.<init>] [INFO] 日志实例已初始化...
[2020-04-12 18:12:31:211] [vo.logVo.LogVo.<init>] [INFO] 日志实例已初始化...
[2020-04-12 18:12:31:212] [vo.logVo.LogVo.<init>] [INFO] 日志实例已初始化...
[2020-04-12 18:12:31:213] [vo.logVo.LogVo.<init>] [INFO] 日志实例已初始化...
[2020-04-12 18:12:31:213] [vo.logVo.LogVo.<init>] [INFO] 日志实例已初始化...
[2020-04-12 18:12:31:218] [vo.logVo.LogVo.<init>] [INFO] 日志实例已初始化...
[2020-04-12 18:12:31:220] [vo.logVo.LogVo.<init>] [INFO] 日志实例已初始化...
[2020-04-12 18:12:31:222] [vo.logVo.LogVo.<init>] [INFO] 日志实例已初始化...
[2020-04-12 18:12:31:223] [vo.logVo.LogVo.<init>] [INFO] 日志实例已初始化...
[2020-04-12 18:12:31:224] [vo.logVo.LogVo.<init>] [INFO] 日志实例已初始化...
[2020-04-12 18:12:31:225] [vo.logVo.LogVo.<init>] [INFO] 日志实例已初始化...
[2020-04-12 18:12:31:226] [vo.logVo.LogVo.<init>] [INFO] 日志实例已初始化...
[2020-04-12 18:12:31:226] [vo.logVo.LogVo.<init>] [INFO] 日志实例已初始化...
[2020-04-12 18:12:31:228] [vo.logVo.LogVo.<init>] [INFO] 日志实例已初始化...
[2020-04-12 18:12:31:232] [vo.logVo.LogVo.<init>] [INFO] 日志实例已初始化...
[2020-04-12 18:12:31:233] [vo.logVo.LogVo.<init>] [INFO] 日志实例已初始化...
[2020-04-12 18:12:31:234] [vo.logVo.LogVo.<init>] [INFO] 日志实例已初始化...
[2020-04-12 18:12:31:234] [vo.logVo.LogVo.<init>] [INFO] 日志实例已初始化...
[2020-04-12 18:12:31:235] [vo.logVo.LogVo.<init>] [INFO] 日志实例已初始化...
[2020-04-12 18:12:31:235] [vo.logVo.LogVo.<init>] [INFO] 日志实例已初始化...
[2020-04-12 18:12:31:236] [vo.logVo.LogVo.<init>] [INFO] 日志实例已初始化...
[2020-04-12 18:12:31:237] [vo.logVo.LogVo.<init>] [INFO] 日志实例已初始化...
[2020-04-12 18:12:31:239] [vo.logVo.LogVo.<init>] [INFO] 日志实例已初始化...
[2020-04-12 18:12:31:240] [vo.logVo.LogVo.<init>] [INFO] 日志实例已初始化...
[2020-04-12 18:12:31:241] [vo.logVo.LogVo.<init>] [INFO] 日志实例已初始化...
[2020-04-12 18:12:31:241] [vo.logVo.LogVo.<init>] [INFO] 日志实例已初始化...
[2020-04-12 18:12:31:241] [vo.logVo.LogVo.<init>] [INFO] 日志实例已初始化...
[2020-04-12 18:12:31:242] [vo.logVo.LogVo.<init>] [INFO] 日志实例已初始化...
[2020-04-12 18:12:31:242] [vo.logVo.LogVo.<init>] [INFO] 日志实例已初始化...
[2020-04-12 18:12:31:242] [vo.logVo.LogVo.<init>] [INFO] 日志实例已初始化...
[2020-04-12 18:12:31:243] [vo.logVo.LogVo.<init>] [INFO] 日志实例已初始化...
[2020-04-12 18:12:31:243] [vo.logVo.LogVo.<init>] [INFO] 日志实例已初始化...
[2020-04-12 18:12:31:243] [vo.logVo.LogVo.<init>] [INFO] 日志实例已初始化...
[2020-04-12 18:12:31:246] [vo.logVo.LogVo.<init>] [INFO] 日志实例已初始化...
[2020-04-12 18:12:31:246] [vo.logVo.LogVo.<init>] [INFO] 日志实例已初始化...
[2020-04-12 18:12:31:247] [vo.logVo.LogVo.<init>] [INFO] 日志实例已初始化...
[2020-04-12 18:12:31:248] [vo.logVo.LogVo.<init>] [INFO] 日志实例已初始化...
[2020-04-12 18:12:31:249] [vo.logVo.LogVo.<init>] [INFO] 日志实例已初始化...
[2020-04-12 18:12:31:250] [vo.logVo.LogVo.<init>] [INFO] 日志实例已初始化...
[2020-04-12 18:12:31:251] [vo.logVo.LogVo.<init>] [INFO] 日志实例已初始化...
[2020-04-12 18:12:31:252] [vo.logVo.LogVo.<init>] [INFO] 日志实例已初始化...
[2020-04-12 18:12:31:252] [vo.logVo.LogVo.<init>] [INFO] 日志实例已初始化...
[2020-04-12 18:12:31:253] [vo.logVo.LogVo.<init>] [INFO] 日志实例已初始化...
[2020-04-12 18:12:31:254] [vo.logVo.LogVo.<init>] [INFO] 日志实例已初始化...
[2020-04-12 18:12:31:255] [vo.logVo.LogVo.<init>] [INFO] 日志实例已初始化...
[2020-04-12 18:12:31:255] [vo.logVo.LogVo.<init>] [INFO] 日志实例已初始化...
[2020-04-12 18:12:31:256] [vo.logVo.LogVo.<init>] [INFO] 日志实例已初始化...
[2020-04-12 18:12:31:257] [vo.logVo.LogVo.<init>] [INFO] 日志实例已初始化...
[2020-04-12 18:12:31:257] [vo.logVo.LogVo.<init>] [INFO] 日志实例已初始化...
[2020-04-12 18:12:31:258] [vo.logVo.LogVo.<init>] [INFO] 日志实例已初始化...
[2020-04-12 18:12:31:258] [vo.logVo.LogVo.<init>] [INFO] 日志实例已初始化...
[2020-04-12 18:12:31:300] [vo.logVo.LogVo.<init>] [INFO] 日志实例已初始化...
[2020-04-12 18:12:31:311] [vo.logVo.LogVo.<init>] [INFO] 日志实例已初始化...
[2020-04-12 18:13:11:354] [action.userAction.LoginAction.destroySession] [INFO] admin退出成功！
[2020-04-12 18:18:41:567] [vo.logVo.LogVo.<init>] [INFO] 日志实例已初始化...
[2020-04-12 18:18:41:569] [vo.logVo.LogVo.<init>] [INFO] 日志实例已初始化...
[2020-04-12 18:18:41:570] [vo.logVo.LogVo.<init>] [INFO] 日志实例已初始化...
[2020-04-12 18:18:41:571] [vo.logVo.LogVo.<init>] [INFO] 日志实例已初始化...
[2020-04-12 18:18:41:571] [vo.logVo.LogVo.<init>] [INFO] 日志实例已初始化...
[2020-04-12 18:18:41:572] [vo.logVo.LogVo.<init>] [INFO] 日志实例已初始化...
[2020-04-12 18:18:41:573] [vo.logVo.LogVo.<init>] [INFO] 日志实例已初始化...
[2020-04-12 18:18:41:573] [vo.logVo.LogVo.<init>] [INFO] 日志实例已初始化...
[2020-04-12 18:18:41:574] [vo.logVo.LogVo.<init>] [INFO] 日志实例已初始化...
[2020-04-12 18:18:41:575] [vo.logVo.LogVo.<init>] [INFO] 日志实例已初始化...
[2020-04-12 18:18:41:575] [vo.logVo.LogVo.<init>] [INFO] 日志实例已初始化...
[2020-04-12 18:18:41:576] [vo.logVo.LogVo.<init>] [INFO] 日志实例已初始化...
[2020-04-12 18:18:41:576] [vo.logVo.LogVo.<init>] [INFO] 日志实例已初始化...
[2020-04-12 18:18:41:577] [vo.logVo.LogVo.<init>] [INFO] 日志实例已初始化...
[2020-04-12 18:18:41:578] [vo.logVo.LogVo.<init>] [INFO] 日志实例已初始化...
[2020-04-12 18:18:41:578] [vo.logVo.LogVo.<init>] [INFO] 日志实例已初始化...
[2020-04-12 18:18:41:579] [vo.logVo.LogVo.<init>] [INFO] 日志实例已初始化...
[2020-04-12 18:18:41:580] [vo.logVo.LogVo.<init>] [INFO] 日志实例已初始化...
[2020-04-12 18:18:41:581] [vo.logVo.LogVo.<init>] [INFO] 日志实例已初始化...
[2020-04-12 18:18:41:582] [vo.logVo.LogVo.<init>] [INFO] 日志实例已初始化...
[2020-04-12 18:18:41:583] [vo.logVo.LogVo.<init>] [INFO] 日志实例已初始化...
[2020-04-12 18:18:41:583] [vo.logVo.LogVo.<init>] [INFO] 日志实例已初始化...
[2020-04-12 18:18:41:584] [vo.logVo.LogVo.<init>] [INFO] 日志实例已初始化...
[2020-04-12 18:18:41:585] [vo.logVo.LogVo.<init>] [INFO] 日志实例已初始化...
[2020-04-12 18:18:41:586] [vo.logVo.LogVo.<init>] [INFO] 日志实例已初始化...
[2020-04-12 18:18:41:587] [vo.logVo.LogVo.<init>] [INFO] 日志实例已初始化...
[2020-04-12 18:18:41:587] [vo.logVo.LogVo.<init>] [INFO] 日志实例已初始化...
[2020-04-12 18:18:41:588] [vo.logVo.LogVo.<init>] [INFO] 日志实例已初始化...
[2020-04-12 18:18:41:589] [vo.logVo.LogVo.<init>] [INFO] 日志实例已初始化...
[2020-04-12 18:18:41:590] [vo.logVo.LogVo.<init>] [INFO] 日志实例已初始化...
[2020-04-12 18:18:41:593] [vo.logVo.LogVo.<init>] [INFO] 日志实例已初始化...
[2020-04-12 18:18:41:594] [vo.logVo.LogVo.<init>] [INFO] 日志实例已初始化...
[2020-04-12 18:18:41:595] [vo.logVo.LogVo.<init>] [INFO] 日志实例已初始化...
[2020-04-12 18:18:41:595] [vo.logVo.LogVo.<init>] [INFO] 日志实例已初始化...
[2020-04-12 18:18:41:596] [vo.logVo.LogVo.<init>] [INFO] 日志实例已初始化...
[2020-04-12 18:18:41:597] [vo.logVo.LogVo.<init>] [INFO] 日志实例已初始化...
[2020-04-12 18:18:41:598] [vo.logVo.LogVo.<init>] [INFO] 日志实例已初始化...
[2020-04-12 18:18:41:599] [vo.logVo.LogVo.<init>] [INFO] 日志实例已初始化...
[2020-04-12 18:18:41:599] [vo.logVo.LogVo.<init>] [INFO] 日志实例已初始化...
[2020-04-12 18:18:41:626] [vo.logVo.LogVo.<init>] [INFO] 日志实例已初始化...
[2020-04-12 18:18:41:627] [vo.logVo.LogVo.<init>] [INFO] 日志实例已初始化...
[2020-04-12 18:18:41:628] [vo.logVo.LogVo.<init>] [INFO] 日志实例已初始化...
[2020-04-12 18:18:41:628] [vo.logVo.LogVo.<init>] [INFO] 日志实例已初始化...
[2020-04-12 18:18:41:629] [vo.logVo.LogVo.<init>] [INFO] 日志实例已初始化...
[2020-04-12 18:18:41:630] [vo.logVo.LogVo.<init>] [INFO] 日志实例已初始化...
[2020-04-12 18:18:41:630] [vo.logVo.LogVo.<init>] [INFO] 日志实例已初始化...
[2020-04-12 18:18:41:631] [vo.logVo.LogVo.<init>] [INFO] 日志实例已初始化...
[2020-04-12 18:18:41:631] [vo.logVo.LogVo.<init>] [INFO] 日志实例已初始化...
[2020-04-12 18:18:41:632] [vo.logVo.LogVo.<init>] [INFO] 日志实例已初始化...
[2020-04-12 18:18:41:633] [vo.logVo.LogVo.<init>] [INFO] 日志实例已初始化...
[2020-04-12 18:18:41:633] [vo.logVo.LogVo.<init>] [INFO] 日志实例已初始化...
[2020-04-12 18:18:41:634] [vo.logVo.LogVo.<init>] [INFO] 日志实例已初始化...
[2020-04-12 18:18:41:635] [vo.logVo.LogVo.<init>] [INFO] 日志实例已初始化...
[2020-04-12 18:18:41:635] [vo.logVo.LogVo.<init>] [INFO] 日志实例已初始化...
[2020-04-12 18:18:41:636] [vo.logVo.LogVo.<init>] [INFO] 日志实例已初始化...
[2020-04-12 18:18:41:637] [vo.logVo.LogVo.<init>] [INFO] 日志实例已初始化...
[2020-04-12 18:18:41:637] [vo.logVo.LogVo.<init>] [INFO] 日志实例已初始化...
[2020-04-12 18:18:41:638] [vo.logVo.LogVo.<init>] [INFO] 日志实例已初始化...
[2020-04-12 18:18:41:638] [vo.logVo.LogVo.<init>] [INFO] 日志实例已初始化...
[2020-04-12 18:18:41:639] [vo.logVo.LogVo.<init>] [INFO] 日志实例已初始化...
[2020-04-12 18:18:41:640] [vo.logVo.LogVo.<init>] [INFO] 日志实例已初始化...
[2020-04-12 18:18:41:641] [vo.logVo.LogVo.<init>] [INFO] 日志实例已初始化...
[2020-04-12 18:18:41:642] [vo.logVo.LogVo.<init>] [INFO] 日志实例已初始化...
[2020-04-12 18:18:41:643] [vo.logVo.LogVo.<init>] [INFO] 日志实例已初始化...
[2020-04-12 18:18:41:645] [vo.logVo.LogVo.<init>] [INFO] 日志实例已初始化...
[2020-04-12 18:18:41:646] [vo.logVo.LogVo.<init>] [INFO] 日志实例已初始化...
[2020-04-12 18:18:41:647] [vo.logVo.LogVo.<init>] [INFO] 日志实例已初始化...
[2020-04-12 18:18:41:648] [vo.logVo.LogVo.<init>] [INFO] 日志实例已初始化...
[2020-04-12 18:18:41:649] [vo.logVo.LogVo.<init>] [INFO] 日志实例已初始化...
[2020-04-12 18:18:41:649] [vo.logVo.LogVo.<init>] [INFO] 日志实例已初始化...
[2020-04-12 18:18:41:650] [vo.logVo.LogVo.<init>] [INFO] 日志实例已初始化...
[2020-04-12 18:18:41:651] [vo.logVo.LogVo.<init>] [INFO] 日志实例已初始化...
[2020-04-12 18:18:41:652] [vo.logVo.LogVo.<init>] [INFO] 日志实例已初始化...
[2020-04-12 18:18:41:653] [vo.logVo.LogVo.<init>] [INFO] 日志实例已初始化...
[2020-04-12 18:18:41:654] [vo.logVo.LogVo.<init>] [INFO] 日志实例已初始化...
[2020-04-12 18:18:41:654] [vo.logVo.LogVo.<init>] [INFO] 日志实例已初始化...
[2020-04-12 18:18:41:655] [vo.logVo.LogVo.<init>] [INFO] 日志实例已初始化...
[2020-04-12 18:18:41:656] [vo.logVo.LogVo.<init>] [INFO] 日志实例已初始化...
[2020-04-12 18:18:41:657] [vo.logVo.LogVo.<init>] [INFO] 日志实例已初始化...
[2020-04-12 18:18:41:658] [vo.logVo.LogVo.<init>] [INFO] 日志实例已初始化...
[2020-04-12 18:18:41:658] [vo.logVo.LogVo.<init>] [INFO] 日志实例已初始化...
[2020-04-12 18:18:41:659] [vo.logVo.LogVo.<init>] [INFO] 日志实例已初始化...
[2020-04-12 18:18:41:660] [vo.logVo.LogVo.<init>] [INFO] 日志实例已初始化...
[2020-04-12 18:18:41:660] [vo.logVo.LogVo.<init>] [INFO] 日志实例已初始化...
[2020-04-12 18:18:41:661] [vo.logVo.LogVo.<init>] [INFO] 日志实例已初始化...
[2020-04-12 18:18:41:661] [vo.logVo.LogVo.<init>] [INFO] 日志实例已初始化...
[2020-04-12 18:18:41:662] [vo.logVo.LogVo.<init>] [INFO] 日志实例已初始化...
[2020-04-12 18:18:41:662] [vo.logVo.LogVo.<init>] [INFO] 日志实例已初始化...
[2020-04-12 18:18:41:664] [vo.logVo.LogVo.<init>] [INFO] 日志实例已初始化...
[2020-04-12 18:18:41:665] [vo.logVo.LogVo.<init>] [INFO] 日志实例已初始化...
[2020-04-12 18:18:41:666] [vo.logVo.LogVo.<init>] [INFO] 日志实例已初始化...
[2020-04-12 18:18:41:667] [vo.logVo.LogVo.<init>] [INFO] 日志实例已初始化...
[2020-04-12 18:18:41:667] [vo.logVo.LogVo.<init>] [INFO] 日志实例已初始化...
[2020-04-12 18:18:41:668] [vo.logVo.LogVo.<init>] [INFO] 日志实例已初始化...
[2020-04-12 18:18:41:670] [vo.logVo.LogVo.<init>] [INFO] 日志实例已初始化...
[2020-04-12 18:18:41:671] [vo.logVo.LogVo.<init>] [INFO] 日志实例已初始化...
[2020-04-12 18:18:41:672] [vo.logVo.LogVo.<init>] [INFO] 日志实例已初始化...
[2020-04-12 18:18:41:673] [vo.logVo.LogVo.<init>] [INFO] 日志实例已初始化...
[2020-04-12 18:18:41:674] [vo.logVo.LogVo.<init>] [INFO] 日志实例已初始化...
[2020-04-12 18:18:41:675] [vo.logVo.LogVo.<init>] [INFO] 日志实例已初始化...
[2020-04-12 18:18:41:675] [vo.logVo.LogVo.<init>] [INFO] 日志实例已初始化...
[2020-04-12 18:18:41:676] [vo.logVo.LogVo.<init>] [INFO] 日志实例已初始化...
[2020-04-12 18:18:41:677] [vo.logVo.LogVo.<init>] [INFO] 日志实例已初始化...
[2020-04-12 18:18:41:678] [vo.logVo.LogVo.<init>] [INFO] 日志实例已初始化...
[2020-04-12 18:18:41:678] [vo.logVo.LogVo.<init>] [INFO] 日志实例已初始化...
[2020-04-12 18:18:41:683] [vo.logVo.LogVo.<init>] [INFO] 日志实例已初始化...
[2020-04-12 18:18:41:684] [vo.logVo.LogVo.<init>] [INFO] 日志实例已初始化...
[2020-04-12 18:18:41:684] [vo.logVo.LogVo.<init>] [INFO] 日志实例已初始化...
[2020-04-12 18:18:41:685] [vo.logVo.LogVo.<init>] [INFO] 日志实例已初始化...
[2020-04-12 18:18:41:686] [vo.logVo.LogVo.<init>] [INFO] 日志实例已初始化...
[2020-04-12 18:18:41:688] [vo.logVo.LogVo.<init>] [INFO] 日志实例已初始化...
[2020-04-12 18:18:41:688] [vo.logVo.LogVo.<init>] [INFO] 日志实例已初始化...
[2020-04-12 18:18:41:689] [vo.logVo.LogVo.<init>] [INFO] 日志实例已初始化...
[2020-04-12 18:18:41:690] [vo.logVo.LogVo.<init>] [INFO] 日志实例已初始化...
[2020-04-12 18:18:41:691] [vo.logVo.LogVo.<init>] [INFO] 日志实例已初始化...
[2020-04-12 18:18:41:691] [vo.logVo.LogVo.<init>] [INFO] 日志实例已初始化...
[2020-04-12 18:18:41:692] [vo.logVo.LogVo.<init>] [INFO] 日志实例已初始化...
[2020-04-12 18:18:41:692] [vo.logVo.LogVo.<init>] [INFO] 日志实例已初始化...
[2020-04-12 18:18:41:693] [vo.logVo.LogVo.<init>] [INFO] 日志实例已初始化...
[2020-04-12 18:18:41:694] [vo.logVo.LogVo.<init>] [INFO] 日志实例已初始化...
[2020-04-12 18:18:41:695] [vo.logVo.LogVo.<init>] [INFO] 日志实例已初始化...
[2020-04-12 18:18:41:697] [vo.logVo.LogVo.<init>] [INFO] 日志实例已初始化...
[2020-04-12 18:18:41:698] [vo.logVo.LogVo.<init>] [INFO] 日志实例已初始化...
[2020-04-12 18:18:41:700] [vo.logVo.LogVo.<init>] [INFO] 日志实例已初始化...
[2020-04-12 18:18:41:717] [vo.logVo.LogVo.<init>] [INFO] 日志实例已初始化...
[2020-04-12 18:18:41:720] [vo.logVo.LogVo.<init>] [INFO] 日志实例已初始化...
[2020-04-12 18:18:41:721] [vo.logVo.LogVo.<init>] [INFO] 日志实例已初始化...
[2020-04-12 18:18:41:723] [vo.logVo.LogVo.<init>] [INFO] 日志实例已初始化...
[2020-04-12 18:18:41:724] [vo.logVo.LogVo.<init>] [INFO] 日志实例已初始化...
[2020-04-12 18:18:41:726] [vo.logVo.LogVo.<init>] [INFO] 日志实例已初始化...
[2020-04-12 18:18:41:726] [vo.logVo.LogVo.<init>] [INFO] 日志实例已初始化...
[2020-04-12 18:18:41:728] [vo.logVo.LogVo.<init>] [INFO] 日志实例已初始化...
[2020-04-12 18:18:41:728] [vo.logVo.LogVo.<init>] [INFO] 日志实例已初始化...
[2020-04-12 18:18:41:734] [vo.logVo.LogVo.<init>] [INFO] 日志实例已初始化...
[2020-04-12 18:18:41:737] [vo.logVo.LogVo.<init>] [INFO] 日志实例已初始化...
[2020-04-12 18:18:41:738] [vo.logVo.LogVo.<init>] [INFO] 日志实例已初始化...
[2020-04-12 18:18:41:738] [vo.logVo.LogVo.<init>] [INFO] 日志实例已初始化...
[2020-04-12 18:18:41:740] [vo.logVo.LogVo.<init>] [INFO] 日志实例已初始化...
[2020-04-12 18:18:41:741] [vo.logVo.LogVo.<init>] [INFO] 日志实例已初始化...
[2020-04-12 18:18:41:741] [vo.logVo.LogVo.<init>] [INFO] 日志实例已初始化...
[2020-04-12 18:18:41:742] [vo.logVo.LogVo.<init>] [INFO] 日志实例已初始化...
[2020-04-12 18:18:41:743] [vo.logVo.LogVo.<init>] [INFO] 日志实例已初始化...
[2020-04-12 18:18:41:745] [vo.logVo.LogVo.<init>] [INFO] 日志实例已初始化...
[2020-04-12 18:18:41:745] [vo.logVo.LogVo.<init>] [INFO] 日志实例已初始化...
[2020-04-12 18:18:41:746] [vo.logVo.LogVo.<init>] [INFO] 日志实例已初始化...
[2020-04-12 18:18:41:747] [vo.logVo.LogVo.<init>] [INFO] 日志实例已初始化...
[2020-04-12 18:18:41:748] [vo.logVo.LogVo.<init>] [INFO] 日志实例已初始化...
[2020-04-12 18:18:41:749] [vo.logVo.LogVo.<init>] [INFO] 日志实例已初始化...
[2020-04-12 18:18:41:750] [vo.logVo.LogVo.<init>] [INFO] 日志实例已初始化...
[2020-04-12 18:18:41:751] [vo.logVo.LogVo.<init>] [INFO] 日志实例已初始化...
[2020-04-12 18:18:41:751] [vo.logVo.LogVo.<init>] [INFO] 日志实例已初始化...
[2020-04-12 18:18:41:753] [vo.logVo.LogVo.<init>] [INFO] 日志实例已初始化...
[2020-04-12 18:18:41:754] [vo.logVo.LogVo.<init>] [INFO] 日志实例已初始化...
[2020-04-12 18:18:41:755] [vo.logVo.LogVo.<init>] [INFO] 日志实例已初始化...
[2020-04-12 18:18:41:757] [vo.logVo.LogVo.<init>] [INFO] 日志实例已初始化...
[2020-04-12 18:18:41:761] [vo.logVo.LogVo.<init>] [INFO] 日志实例已初始化...
[2020-04-12 18:18:41:761] [vo.logVo.LogVo.<init>] [INFO] 日志实例已初始化...
[2020-04-12 18:18:41:762] [vo.logVo.LogVo.<init>] [INFO] 日志实例已初始化...
[2020-04-12 18:18:41:766] [vo.logVo.LogVo.<init>] [INFO] 日志实例已初始化...
[2020-04-12 18:18:41:767] [vo.logVo.LogVo.<init>] [INFO] 日志实例已初始化...
[2020-04-12 18:18:41:801] [vo.logVo.LogVo.<init>] [INFO] 日志实例已初始化...
[2020-04-12 18:18:41:806] [vo.logVo.LogVo.<init>] [INFO] 日志实例已初始化...
[2020-04-12 18:18:41:807] [vo.logVo.LogVo.<init>] [INFO] 日志实例已初始化...
[2020-04-12 18:18:41:807] [vo.logVo.LogVo.<init>] [INFO] 日志实例已初始化...
[2020-04-12 18:18:41:811] [vo.logVo.LogVo.<init>] [INFO] 日志实例已初始化...
[2020-04-12 18:18:41:811] [vo.logVo.LogVo.<init>] [INFO] 日志实例已初始化...
[2020-04-12 18:18:41:812] [vo.logVo.LogVo.<init>] [INFO] 日志实例已初始化...
[2020-04-12 18:18:41:813] [vo.logVo.LogVo.<init>] [INFO] 日志实例已初始化...
[2020-04-12 18:18:41:814] [vo.logVo.LogVo.<init>] [INFO] 日志实例已初始化...
[2020-04-12 18:18:41:814] [vo.logVo.LogVo.<init>] [INFO] 日志实例已初始化...
[2020-04-12 18:18:41:815] [vo.logVo.LogVo.<init>] [INFO] 日志实例已初始化...
[2020-04-12 18:18:41:817] [vo.logVo.LogVo.<init>] [INFO] 日志实例已初始化...
[2020-04-12 18:18:41:817] [vo.logVo.LogVo.<init>] [INFO] 日志实例已初始化...
[2020-04-12 18:18:41:818] [vo.logVo.LogVo.<init>] [INFO] 日志实例已初始化...
[2020-04-12 18:18:41:818] [vo.logVo.LogVo.<init>] [INFO] 日志实例已初始化...
[2020-04-12 18:18:41:819] [vo.logVo.LogVo.<init>] [INFO] 日志实例已初始化...
[2020-04-12 18:18:41:820] [vo.logVo.LogVo.<init>] [INFO] 日志实例已初始化...
[2020-04-12 18:18:41:822] [vo.logVo.LogVo.<init>] [INFO] 日志实例已初始化...
[2020-04-12 18:18:41:824] [vo.logVo.LogVo.<init>] [INFO] 日志实例已初始化...
[2020-04-12 18:18:41:825] [vo.logVo.LogVo.<init>] [INFO] 日志实例已初始化...
[2020-04-12 18:18:41:825] [vo.logVo.LogVo.<init>] [INFO] 日志实例已初始化...
[2020-04-12 18:18:41:826] [vo.logVo.LogVo.<init>] [INFO] 日志实例已初始化...
[2020-04-12 18:18:41:827] [vo.logVo.LogVo.<init>] [INFO] 日志实例已初始化...
[2020-04-12 18:18:41:827] [vo.logVo.LogVo.<init>] [INFO] 日志实例已初始化...
[2020-04-12 18:18:41:828] [vo.logVo.LogVo.<init>] [INFO] 日志实例已初始化...
[2020-04-12 18:18:41:828] [vo.logVo.LogVo.<init>] [INFO] 日志实例已初始化...
[2020-04-12 18:18:41:829] [vo.logVo.LogVo.<init>] [INFO] 日志实例已初始化...
[2020-04-12 18:18:41:830] [vo.logVo.LogVo.<init>] [INFO] 日志实例已初始化...
[2020-04-12 18:18:41:831] [vo.logVo.LogVo.<init>] [INFO] 日志实例已初始化...
[2020-04-12 18:18:41:831] [vo.logVo.LogVo.<init>] [INFO] 日志实例已初始化...
[2020-04-12 18:18:41:832] [vo.logVo.LogVo.<init>] [INFO] 日志实例已初始化...
[2020-04-12 18:18:41:832] [vo.logVo.LogVo.<init>] [INFO] 日志实例已初始化...
[2020-04-12 18:18:41:833] [vo.logVo.LogVo.<init>] [INFO] 日志实例已初始化...
[2020-04-12 18:18:41:833] [vo.logVo.LogVo.<init>] [INFO] 日志实例已初始化...
[2020-04-12 18:18:41:835] [vo.logVo.LogVo.<init>] [INFO] 日志实例已初始化...
[2020-04-12 18:18:41:837] [vo.logVo.LogVo.<init>] [INFO] 日志实例已初始化...
[2020-04-12 18:18:41:837] [vo.logVo.LogVo.<init>] [INFO] 日志实例已初始化...
[2020-04-12 18:18:41:838] [vo.logVo.LogVo.<init>] [INFO] 日志实例已初始化...
[2020-04-12 18:18:41:840] [vo.logVo.LogVo.<init>] [INFO] 日志实例已初始化...
[2020-04-12 18:18:41:841] [vo.logVo.LogVo.<init>] [INFO] 日志实例已初始化...
[2020-04-12 18:18:41:871] [vo.logVo.LogVo.<init>] [INFO] 日志实例已初始化...
[2020-04-12 18:18:41:872] [vo.logVo.LogVo.<init>] [INFO] 日志实例已初始化...
[2020-04-12 18:18:41:873] [vo.logVo.LogVo.<init>] [INFO] 日志实例已初始化...
[2020-04-12 18:18:41:874] [vo.logVo.LogVo.<init>] [INFO] 日志实例已初始化...
[2020-04-12 18:18:41:874] [vo.logVo.LogVo.<init>] [INFO] 日志实例已初始化...
[2020-04-12 18:18:41:875] [vo.logVo.LogVo.<init>] [INFO] 日志实例已初始化...
[2020-04-12 18:18:41:876] [vo.logVo.LogVo.<init>] [INFO] 日志实例已初始化...
[2020-04-12 18:18:41:877] [vo.logVo.LogVo.<init>] [INFO] 日志实例已初始化...
[2020-04-12 18:18:41:877] [vo.logVo.LogVo.<init>] [INFO] 日志实例已初始化...
[2020-04-12 18:18:41:878] [vo.logVo.LogVo.<init>] [INFO] 日志实例已初始化...
[2020-04-12 18:18:41:879] [vo.logVo.LogVo.<init>] [INFO] 日志实例已初始化...
[2020-04-12 18:18:41:880] [vo.logVo.LogVo.<init>] [INFO] 日志实例已初始化...
[2020-04-12 18:18:41:880] [vo.logVo.LogVo.<init>] [INFO] 日志实例已初始化...
[2020-04-12 18:18:41:881] [vo.logVo.LogVo.<init>] [INFO] 日志实例已初始化...
[2020-04-12 18:18:41:882] [vo.logVo.LogVo.<init>] [INFO] 日志实例已初始化...
[2020-04-12 18:18:41:883] [vo.logVo.LogVo.<init>] [INFO] 日志实例已初始化...
[2020-04-12 18:18:41:884] [vo.logVo.LogVo.<init>] [INFO] 日志实例已初始化...
[2020-04-12 18:18:41:884] [vo.logVo.LogVo.<init>] [INFO] 日志实例已初始化...
[2020-04-12 18:18:41:886] [vo.logVo.LogVo.<init>] [INFO] 日志实例已初始化...
[2020-04-12 18:18:41:887] [vo.logVo.LogVo.<init>] [INFO] 日志实例已初始化...
[2020-04-12 18:18:41:888] [vo.logVo.LogVo.<init>] [INFO] 日志实例已初始化...
[2020-04-12 18:18:41:890] [vo.logVo.LogVo.<init>] [INFO] 日志实例已初始化...
[2020-04-12 18:18:41:892] [vo.logVo.LogVo.<init>] [INFO] 日志实例已初始化...
[2020-04-12 18:18:41:893] [vo.logVo.LogVo.<init>] [INFO] 日志实例已初始化...
[2020-04-12 18:18:41:894] [vo.logVo.LogVo.<init>] [INFO] 日志实例已初始化...
[2020-04-12 18:18:41:894] [vo.logVo.LogVo.<init>] [INFO] 日志实例已初始化...
[2020-04-12 18:18:41:896] [vo.logVo.LogVo.<init>] [INFO] 日志实例已初始化...
[2020-04-12 18:18:41:897] [vo.logVo.LogVo.<init>] [INFO] 日志实例已初始化...
[2020-04-12 18:18:41:898] [vo.logVo.LogVo.<init>] [INFO] 日志实例已初始化...
[2020-04-12 18:18:41:898] [vo.logVo.LogVo.<init>] [INFO] 日志实例已初始化...
[2020-04-12 18:18:41:904] [vo.logVo.LogVo.<init>] [INFO] 日志实例已初始化...
[2020-04-12 18:18:41:905] [vo.logVo.LogVo.<init>] [INFO] 日志实例已初始化...
[2020-04-12 18:18:41:908] [vo.logVo.LogVo.<init>] [INFO] 日志实例已初始化...
[2020-04-12 18:18:41:909] [vo.logVo.LogVo.<init>] [INFO] 日志实例已初始化...
[2020-04-12 18:18:41:909] [vo.logVo.LogVo.<init>] [INFO] 日志实例已初始化...
[2020-04-12 18:18:41:910] [vo.logVo.LogVo.<init>] [INFO] 日志实例已初始化...
[2020-04-12 18:18:41:911] [vo.logVo.LogVo.<init>] [INFO] 日志实例已初始化...
[2020-04-12 18:18:41:911] [vo.logVo.LogVo.<init>] [INFO] 日志实例已初始化...
[2020-04-12 18:18:41:912] [vo.logVo.LogVo.<init>] [INFO] 日志实例已初始化...
[2020-04-12 18:18:41:913] [vo.logVo.LogVo.<init>] [INFO] 日志实例已初始化...
[2020-04-12 18:18:41:914] [vo.logVo.LogVo.<init>] [INFO] 日志实例已初始化...
[2020-04-12 18:18:41:915] [vo.logVo.LogVo.<init>] [INFO] 日志实例已初始化...
[2020-04-12 18:18:41:915] [vo.logVo.LogVo.<init>] [INFO] 日志实例已初始化...
[2020-04-12 18:18:41:924] [vo.logVo.LogVo.<init>] [INFO] 日志实例已初始化...
[2020-04-12 18:18:41:925] [vo.logVo.LogVo.<init>] [INFO] 日志实例已初始化...
[2020-04-12 18:18:41:926] [vo.logVo.LogVo.<init>] [INFO] 日志实例已初始化...
[2020-04-12 18:18:41:927] [vo.logVo.LogVo.<init>] [INFO] 日志实例已初始化...
[2020-04-12 18:18:41:928] [vo.logVo.LogVo.<init>] [INFO] 日志实例已初始化...
[2020-04-12 18:18:41:929] [vo.logVo.LogVo.<init>] [INFO] 日志实例已初始化...
[2020-04-12 18:18:41:930] [vo.logVo.LogVo.<init>] [INFO] 日志实例已初始化...
[2020-04-12 18:18:41:940] [vo.logVo.LogVo.<init>] [INFO] 日志实例已初始化...
[2020-04-12 18:18:41:941] [vo.logVo.LogVo.<init>] [INFO] 日志实例已初始化...
[2020-04-12 18:18:41:941] [vo.logVo.LogVo.<init>] [INFO] 日志实例已初始化...
[2020-04-12 18:18:41:942] [vo.logVo.LogVo.<init>] [INFO] 日志实例已初始化...
[2020-04-12 18:18:41:943] [vo.logVo.LogVo.<init>] [INFO] 日志实例已初始化...
[2020-04-12 18:18:41:944] [vo.logVo.LogVo.<init>] [INFO] 日志实例已初始化...
[2020-04-12 18:18:41:945] [vo.logVo.LogVo.<init>] [INFO] 日志实例已初始化...
[2020-04-12 18:18:41:947] [vo.logVo.LogVo.<init>] [INFO] 日志实例已初始化...
[2020-04-12 18:18:41:947] [vo.logVo.LogVo.<init>] [INFO] 日志实例已初始化...
[2020-04-12 18:18:41:948] [vo.logVo.LogVo.<init>] [INFO] 日志实例已初始化...
[2020-04-12 18:18:41:948] [vo.logVo.LogVo.<init>] [INFO] 日志实例已初始化...
[2020-04-12 18:18:41:950] [vo.logVo.LogVo.<init>] [INFO] 日志实例已初始化...
[2020-04-12 18:18:41:951] [vo.logVo.LogVo.<init>] [INFO] 日志实例已初始化...
[2020-04-12 18:18:41:954] [vo.logVo.LogVo.<init>] [INFO] 日志实例已初始化...
[2020-04-12 18:18:41:955] [vo.logVo.LogVo.<init>] [INFO] 日志实例已初始化...
[2020-04-12 18:18:41:955] [vo.logVo.LogVo.<init>] [INFO] 日志实例已初始化...
[2020-04-12 18:18:41:957] [vo.logVo.LogVo.<init>] [INFO] 日志实例已初始化...
[2020-04-12 18:18:41:961] [vo.logVo.LogVo.<init>] [INFO] 日志实例已初始化...
[2020-04-12 18:18:41:969] [vo.logVo.LogVo.<init>] [INFO] 日志实例已初始化...
[2020-04-12 18:18:41:970] [vo.logVo.LogVo.<init>] [INFO] 日志实例已初始化...
[2020-04-12 18:18:41:971] [vo.logVo.LogVo.<init>] [INFO] 日志实例已初始化...
[2020-04-12 18:18:41:972] [vo.logVo.LogVo.<init>] [INFO] 日志实例已初始化...
[2020-04-12 18:18:41:972] [vo.logVo.LogVo.<init>] [INFO] 日志实例已初始化...
[2020-04-12 18:18:41:973] [vo.logVo.LogVo.<init>] [INFO] 日志实例已初始化...
[2020-04-12 18:18:41:974] [vo.logVo.LogVo.<init>] [INFO] 日志实例已初始化...
[2020-04-12 18:18:41:974] [vo.logVo.LogVo.<init>] [INFO] 日志实例已初始化...
[2020-04-12 18:18:42:043] [vo.logVo.LogVo.<init>] [INFO] 日志实例已初始化...
[2020-04-12 18:18:42:044] [vo.logVo.LogVo.<init>] [INFO] 日志实例已初始化...
[2020-04-12 18:18:42:046] [vo.logVo.LogVo.<init>] [INFO] 日志实例已初始化...
[2020-04-12 18:18:42:046] [vo.logVo.LogVo.<init>] [INFO] 日志实例已初始化...
[2020-04-12 18:18:42:091] [vo.logVo.LogVo.<init>] [INFO] 日志实例已初始化...
[2020-04-12 18:18:42:092] [vo.logVo.LogVo.<init>] [INFO] 日志实例已初始化...
[2020-04-12 18:18:42:093] [vo.logVo.LogVo.<init>] [INFO] 日志实例已初始化...
[2020-04-12 18:18:42:095] [vo.logVo.LogVo.<init>] [INFO] 日志实例已初始化...
[2020-04-12 18:18:42:097] [vo.logVo.LogVo.<init>] [INFO] 日志实例已初始化...
[2020-04-12 18:18:42:098] [vo.logVo.LogVo.<init>] [INFO] 日志实例已初始化...
[2020-04-12 18:18:42:158] [vo.logVo.LogVo.<init>] [INFO] 日志实例已初始化...
[2020-04-12 18:18:42:161] [vo.logVo.LogVo.<init>] [INFO] 日志实例已初始化...
[2020-04-12 18:18:42:163] [vo.logVo.LogVo.<init>] [INFO] 日志实例已初始化...
[2020-04-12 18:18:42:163] [vo.logVo.LogVo.<init>] [INFO] 日志实例已初始化...
[2020-04-12 18:18:42:164] [vo.logVo.LogVo.<init>] [INFO] 日志实例已初始化...
[2020-04-12 18:18:42:164] [vo.logVo.LogVo.<init>] [INFO] 日志实例已初始化...
[2020-04-12 18:18:42:165] [vo.logVo.LogVo.<init>] [INFO] 日志实例已初始化...
[2020-04-12 18:18:42:167] [vo.logVo.LogVo.<init>] [INFO] 日志实例已初始化...
[2020-04-12 18:18:42:170] [vo.logVo.LogVo.<init>] [INFO] 日志实例已初始化...
[2020-04-12 18:18:42:171] [vo.logVo.LogVo.<init>] [INFO] 日志实例已初始化...
[2020-04-12 18:18:42:172] [vo.logVo.LogVo.<init>] [INFO] 日志实例已初始化...
[2020-04-12 18:18:42:173] [vo.logVo.LogVo.<init>] [INFO] 日志实例已初始化...
[2020-04-12 18:18:42:174] [vo.logVo.LogVo.<init>] [INFO] 日志实例已初始化...
[2020-04-12 18:18:42:175] [vo.logVo.LogVo.<init>] [INFO] 日志实例已初始化...
[2020-04-12 18:18:42:175] [vo.logVo.LogVo.<init>] [INFO] 日志实例已初始化...
[2020-04-12 18:18:42:177] [vo.logVo.LogVo.<init>] [INFO] 日志实例已初始化...
[2020-04-12 18:18:42:178] [vo.logVo.LogVo.<init>] [INFO] 日志实例已初始化...
[2020-04-12 18:18:42:180] [vo.logVo.LogVo.<init>] [INFO] 日志实例已初始化...
[2020-04-12 18:18:42:182] [vo.logVo.LogVo.<init>] [INFO] 日志实例已初始化...
[2020-04-12 18:18:42:184] [vo.logVo.LogVo.<init>] [INFO] 日志实例已初始化...
[2020-04-12 18:18:42:186] [vo.logVo.LogVo.<init>] [INFO] 日志实例已初始化...
[2020-04-12 18:18:42:186] [vo.logVo.LogVo.<init>] [INFO] 日志实例已初始化...
[2020-04-12 18:18:42:187] [vo.logVo.LogVo.<init>] [INFO] 日志实例已初始化...
[2020-04-12 18:18:42:188] [vo.logVo.LogVo.<init>] [INFO] 日志实例已初始化...
[2020-04-12 18:18:42:193] [vo.logVo.LogVo.<init>] [INFO] 日志实例已初始化...
[2020-04-12 18:18:42:194] [vo.logVo.LogVo.<init>] [INFO] 日志实例已初始化...
[2020-04-12 18:18:42:195] [vo.logVo.LogVo.<init>] [INFO] 日志实例已初始化...
[2020-04-12 18:18:42:256] [vo.logVo.LogVo.<init>] [INFO] 日志实例已初始化...
[2020-04-12 18:18:42:257] [vo.logVo.LogVo.<init>] [INFO] 日志实例已初始化...
[2020-04-12 18:18:42:262] [vo.logVo.LogVo.<init>] [INFO] 日志实例已初始化...
[2020-04-12 18:18:42:264] [vo.logVo.LogVo.<init>] [INFO] 日志实例已初始化...
[2020-04-12 18:18:42:265] [vo.logVo.LogVo.<init>] [INFO] 日志实例已初始化...
[2020-04-12 18:18:42:266] [vo.logVo.LogVo.<init>] [INFO] 日志实例已初始化...
[2020-04-12 18:18:42:266] [vo.logVo.LogVo.<init>] [INFO] 日志实例已初始化...
[2020-04-12 18:18:42:267] [vo.logVo.LogVo.<init>] [INFO] 日志实例已初始化...
[2020-04-12 18:18:42:267] [vo.logVo.LogVo.<init>] [INFO] 日志实例已初始化...
[2020-04-12 18:18:42:272] [vo.logVo.LogVo.<init>] [INFO] 日志实例已初始化...
[2020-04-12 18:18:42:273] [vo.logVo.LogVo.<init>] [INFO] 日志实例已初始化...
[2020-04-12 18:18:42:282] [vo.logVo.LogVo.<init>] [INFO] 日志实例已初始化...
[2020-04-12 18:18:42:283] [vo.logVo.LogVo.<init>] [INFO] 日志实例已初始化...
[2020-04-12 18:18:42:285] [vo.logVo.LogVo.<init>] [INFO] 日志实例已初始化...
[2020-04-12 18:18:42:286] [vo.logVo.LogVo.<init>] [INFO] 日志实例已初始化...
[2020-04-12 18:18:42:290] [vo.logVo.LogVo.<init>] [INFO] 日志实例已初始化...
[2020-04-12 18:18:42:290] [vo.logVo.LogVo.<init>] [INFO] 日志实例已初始化...
[2020-04-12 18:18:42:291] [vo.logVo.LogVo.<init>] [INFO] 日志实例已初始化...
[2020-04-12 18:18:42:291] [vo.logVo.LogVo.<init>] [INFO] 日志实例已初始化...
[2020-04-12 18:18:42:292] [vo.logVo.LogVo.<init>] [INFO] 日志实例已初始化...
[2020-04-12 18:18:42:292] [vo.logVo.LogVo.<init>] [INFO] 日志实例已初始化...
[2020-04-12 18:18:42:293] [vo.logVo.LogVo.<init>] [INFO] 日志实例已初始化...
[2020-04-12 18:18:42:294] [vo.logVo.LogVo.<init>] [INFO] 日志实例已初始化...
[2020-04-12 18:18:42:297] [vo.logVo.LogVo.<init>] [INFO] 日志实例已初始化...
[2020-04-12 18:18:42:301] [vo.logVo.LogVo.<init>] [INFO] 日志实例已初始化...
[2020-04-12 18:18:42:310] [vo.logVo.LogVo.<init>] [INFO] 日志实例已初始化...
[2020-04-12 18:18:42:311] [vo.logVo.LogVo.<init>] [INFO] 日志实例已初始化...
[2020-04-12 18:18:42:312] [vo.logVo.LogVo.<init>] [INFO] 日志实例已初始化...
[2020-04-12 18:18:42:313] [vo.logVo.LogVo.<init>] [INFO] 日志实例已初始化...
[2020-04-12 18:18:42:313] [vo.logVo.LogVo.<init>] [INFO] 日志实例已初始化...
[2020-04-12 18:18:42:314] [vo.logVo.LogVo.<init>] [INFO] 日志实例已初始化...
[2020-04-12 18:18:42:315] [vo.logVo.LogVo.<init>] [INFO] 日志实例已初始化...
[2020-04-12 18:18:42:316] [vo.logVo.LogVo.<init>] [INFO] 日志实例已初始化...
[2020-04-12 18:18:42:316] [vo.logVo.LogVo.<init>] [INFO] 日志实例已初始化...
[2020-04-12 18:18:42:316] [vo.logVo.LogVo.<init>] [INFO] 日志实例已初始化...
[2020-04-12 18:18:42:317] [vo.logVo.LogVo.<init>] [INFO] 日志实例已初始化...
[2020-04-12 18:18:42:320] [vo.logVo.LogVo.<init>] [INFO] 日志实例已初始化...
[2020-04-12 18:18:42:332] [vo.logVo.LogVo.<init>] [INFO] 日志实例已初始化...
[2020-04-12 18:18:42:333] [vo.logVo.LogVo.<init>] [INFO] 日志实例已初始化...
[2020-04-12 18:18:42:333] [vo.logVo.LogVo.<init>] [INFO] 日志实例已初始化...
[2020-04-12 18:18:42:340] [vo.logVo.LogVo.<init>] [INFO] 日志实例已初始化...
[2020-04-12 18:18:42:341] [vo.logVo.LogVo.<init>] [INFO] 日志实例已初始化...
[2020-04-12 18:18:42:342] [vo.logVo.LogVo.<init>] [INFO] 日志实例已初始化...
[2020-04-12 18:18:42:344] [vo.logVo.LogVo.<init>] [INFO] 日志实例已初始化...
[2020-04-12 18:18:42:346] [vo.logVo.LogVo.<init>] [INFO] 日志实例已初始化...
[2020-04-12 18:18:42:347] [vo.logVo.LogVo.<init>] [INFO] 日志实例已初始化...
[2020-04-12 18:18:42:348] [vo.logVo.LogVo.<init>] [INFO] 日志实例已初始化...
[2020-04-12 18:18:42:350] [vo.logVo.LogVo.<init>] [INFO] 日志实例已初始化...
[2020-04-12 18:18:42:352] [vo.logVo.LogVo.<init>] [INFO] 日志实例已初始化...
[2020-04-12 18:18:42:353] [vo.logVo.LogVo.<init>] [INFO] 日志实例已初始化...
[2020-04-12 18:18:42:353] [vo.logVo.LogVo.<init>] [INFO] 日志实例已初始化...
[2020-04-12 18:18:42:354] [vo.logVo.LogVo.<init>] [INFO] 日志实例已初始化...
[2020-04-12 18:18:42:355] [vo.logVo.LogVo.<init>] [INFO] 日志实例已初始化...
[2020-04-12 18:18:42:357] [vo.logVo.LogVo.<init>] [INFO] 日志实例已初始化...
[2020-04-12 18:18:42:358] [vo.logVo.LogVo.<init>] [INFO] 日志实例已初始化...
[2020-04-12 18:18:42:360] [vo.logVo.LogVo.<init>] [INFO] 日志实例已初始化...
[2020-04-12 18:18:42:362] [vo.logVo.LogVo.<init>] [INFO] 日志实例已初始化...
[2020-04-12 18:18:42:363] [vo.logVo.LogVo.<init>] [INFO] 日志实例已初始化...
[2020-04-12 18:18:42:364] [vo.logVo.LogVo.<init>] [INFO] 日志实例已初始化...
[2020-04-12 18:18:42:366] [vo.logVo.LogVo.<init>] [INFO] 日志实例已初始化...
[2020-04-12 18:18:42:367] [vo.logVo.LogVo.<init>] [INFO] 日志实例已初始化...
[2020-04-12 18:18:42:371] [vo.logVo.LogVo.<init>] [INFO] 日志实例已初始化...
[2020-04-12 18:18:42:371] [vo.logVo.LogVo.<init>] [INFO] 日志实例已初始化...
[2020-04-12 18:18:42:372] [vo.logVo.LogVo.<init>] [INFO] 日志实例已初始化...
[2020-04-12 18:18:42:373] [vo.logVo.LogVo.<init>] [INFO] 日志实例已初始化...
[2020-04-12 18:18:42:373] [vo.logVo.LogVo.<init>] [INFO] 日志实例已初始化...
[2020-04-12 18:18:42:374] [vo.logVo.LogVo.<init>] [INFO] 日志实例已初始化...
[2020-04-12 18:18:42:376] [vo.logVo.LogVo.<init>] [INFO] 日志实例已初始化...
[2020-04-12 18:18:42:378] [vo.logVo.LogVo.<init>] [INFO] 日志实例已初始化...
[2020-04-12 18:18:42:380] [vo.logVo.LogVo.<init>] [INFO] 日志实例已初始化...
[2020-04-12 18:18:42:380] [vo.logVo.LogVo.<init>] [INFO] 日志实例已初始化...
[2020-04-12 18:18:42:381] [vo.logVo.LogVo.<init>] [INFO] 日志实例已初始化...
[2020-04-12 18:18:42:381] [vo.logVo.LogVo.<init>] [INFO] 日志实例已初始化...
[2020-04-12 18:18:42:382] [vo.logVo.LogVo.<init>] [INFO] 日志实例已初始化...
[2020-04-12 18:18:42:382] [vo.logVo.LogVo.<init>] [INFO] 日志实例已初始化...
[2020-04-12 18:18:42:383] [vo.logVo.LogVo.<init>] [INFO] 日志实例已初始化...
[2020-04-12 18:18:42:385] [vo.logVo.LogVo.<init>] [INFO] 日志实例已初始化...
[2020-04-12 18:18:42:387] [vo.logVo.LogVo.<init>] [INFO] 日志实例已初始化...
[2020-04-12 18:18:42:431] [vo.logVo.LogVo.<init>] [INFO] 日志实例已初始化...
[2020-04-12 18:18:42:438] [vo.logVo.LogVo.<init>] [INFO] 日志实例已初始化...
[2020-04-12 18:18:48:898] [action.userAction.LoginAction.destroySession] [INFO] admin退出成功！
[2020-04-12 18:20:31:815] [vo.logVo.LogVo.<init>] [INFO] 日志实例已初始化...
[2020-04-12 18:20:31:816] [vo.logVo.LogVo.<init>] [INFO] 日志实例已初始化...
[2020-04-12 18:20:31:817] [vo.logVo.LogVo.<init>] [INFO] 日志实例已初始化...
[2020-04-12 18:20:31:817] [vo.logVo.LogVo.<init>] [INFO] 日志实例已初始化...
[2020-04-12 18:20:31:818] [vo.logVo.LogVo.<init>] [INFO] 日志实例已初始化...
[2020-04-12 18:20:31:818] [vo.logVo.LogVo.<init>] [INFO] 日志实例已初始化...
[2020-04-12 18:20:31:819] [vo.logVo.LogVo.<init>] [INFO] 日志实例已初始化...
[2020-04-12 18:20:31:819] [vo.logVo.LogVo.<init>] [INFO] 日志实例已初始化...
[2020-04-12 18:20:31:820] [vo.logVo.LogVo.<init>] [INFO] 日志实例已初始化...
[2020-04-12 18:20:31:820] [vo.logVo.LogVo.<init>] [INFO] 日志实例已初始化...
[2020-04-12 18:20:31:821] [vo.logVo.LogVo.<init>] [INFO] 日志实例已初始化...
[2020-04-12 18:20:31:822] [vo.logVo.LogVo.<init>] [INFO] 日志实例已初始化...
[2020-04-12 18:20:31:822] [vo.logVo.LogVo.<init>] [INFO] 日志实例已初始化...
[2020-04-12 18:20:31:823] [vo.logVo.LogVo.<init>] [INFO] 日志实例已初始化...
[2020-04-12 18:20:31:823] [vo.logVo.LogVo.<init>] [INFO] 日志实例已初始化...
[2020-04-12 18:20:31:824] [vo.logVo.LogVo.<init>] [INFO] 日志实例已初始化...
[2020-04-12 18:20:31:825] [vo.logVo.LogVo.<init>] [INFO] 日志实例已初始化...
[2020-04-12 18:20:31:825] [vo.logVo.LogVo.<init>] [INFO] 日志实例已初始化...
[2020-04-12 18:20:31:826] [vo.logVo.LogVo.<init>] [INFO] 日志实例已初始化...
[2020-04-12 18:20:31:827] [vo.logVo.LogVo.<init>] [INFO] 日志实例已初始化...
[2020-04-12 18:20:31:827] [vo.logVo.LogVo.<init>] [INFO] 日志实例已初始化...
[2020-04-12 18:20:31:828] [vo.logVo.LogVo.<init>] [INFO] 日志实例已初始化...
[2020-04-12 18:20:31:828] [vo.logVo.LogVo.<init>] [INFO] 日志实例已初始化...
[2020-04-12 18:20:31:829] [vo.logVo.LogVo.<init>] [INFO] 日志实例已初始化...
[2020-04-12 18:20:31:829] [vo.logVo.LogVo.<init>] [INFO] 日志实例已初始化...
[2020-04-12 18:20:31:830] [vo.logVo.LogVo.<init>] [INFO] 日志实例已初始化...
[2020-04-12 18:20:31:830] [vo.logVo.LogVo.<init>] [INFO] 日志实例已初始化...
[2020-04-12 18:20:31:831] [vo.logVo.LogVo.<init>] [INFO] 日志实例已初始化...
[2020-04-12 18:20:31:831] [vo.logVo.LogVo.<init>] [INFO] 日志实例已初始化...
[2020-04-12 18:20:31:832] [vo.logVo.LogVo.<init>] [INFO] 日志实例已初始化...
[2020-04-12 18:20:31:832] [vo.logVo.LogVo.<init>] [INFO] 日志实例已初始化...
[2020-04-12 18:20:31:833] [vo.logVo.LogVo.<init>] [INFO] 日志实例已初始化...
[2020-04-12 18:20:31:834] [vo.logVo.LogVo.<init>] [INFO] 日志实例已初始化...
[2020-04-12 18:20:31:834] [vo.logVo.LogVo.<init>] [INFO] 日志实例已初始化...
[2020-04-12 18:20:31:835] [vo.logVo.LogVo.<init>] [INFO] 日志实例已初始化...
[2020-04-12 18:20:31:835] [vo.logVo.LogVo.<init>] [INFO] 日志实例已初始化...
[2020-04-12 18:20:31:836] [vo.logVo.LogVo.<init>] [INFO] 日志实例已初始化...
[2020-04-12 18:20:31:836] [vo.logVo.LogVo.<init>] [INFO] 日志实例已初始化...
[2020-04-12 18:20:31:837] [vo.logVo.LogVo.<init>] [INFO] 日志实例已初始化...
[2020-04-12 18:20:31:837] [vo.logVo.LogVo.<init>] [INFO] 日志实例已初始化...
[2020-04-12 18:20:31:838] [vo.logVo.LogVo.<init>] [INFO] 日志实例已初始化...
[2020-04-12 18:20:31:839] [vo.logVo.LogVo.<init>] [INFO] 日志实例已初始化...
[2020-04-12 18:20:31:840] [vo.logVo.LogVo.<init>] [INFO] 日志实例已初始化...
[2020-04-12 18:20:31:840] [vo.logVo.LogVo.<init>] [INFO] 日志实例已初始化...
[2020-04-12 18:20:31:841] [vo.logVo.LogVo.<init>] [INFO] 日志实例已初始化...
[2020-04-12 18:20:31:842] [vo.logVo.LogVo.<init>] [INFO] 日志实例已初始化...
[2020-04-12 18:20:31:842] [vo.logVo.LogVo.<init>] [INFO] 日志实例已初始化...
[2020-04-12 18:20:31:843] [vo.logVo.LogVo.<init>] [INFO] 日志实例已初始化...
[2020-04-12 18:20:31:844] [vo.logVo.LogVo.<init>] [INFO] 日志实例已初始化...
[2020-04-12 18:20:31:845] [vo.logVo.LogVo.<init>] [INFO] 日志实例已初始化...
[2020-04-12 18:20:31:846] [vo.logVo.LogVo.<init>] [INFO] 日志实例已初始化...
[2020-04-12 18:20:31:847] [vo.logVo.LogVo.<init>] [INFO] 日志实例已初始化...
[2020-04-12 18:20:31:847] [vo.logVo.LogVo.<init>] [INFO] 日志实例已初始化...
[2020-04-12 18:20:31:848] [vo.logVo.LogVo.<init>] [INFO] 日志实例已初始化...
[2020-04-12 18:20:31:848] [vo.logVo.LogVo.<init>] [INFO] 日志实例已初始化...
[2020-04-12 18:20:31:849] [vo.logVo.LogVo.<init>] [INFO] 日志实例已初始化...
[2020-04-12 18:20:31:849] [vo.logVo.LogVo.<init>] [INFO] 日志实例已初始化...
[2020-04-12 18:20:31:850] [vo.logVo.LogVo.<init>] [INFO] 日志实例已初始化...
[2020-04-12 18:20:31:851] [vo.logVo.LogVo.<init>] [INFO] 日志实例已初始化...
[2020-04-12 18:20:31:851] [vo.logVo.LogVo.<init>] [INFO] 日志实例已初始化...
[2020-04-12 18:20:31:852] [vo.logVo.LogVo.<init>] [INFO] 日志实例已初始化...
[2020-04-12 18:20:31:852] [vo.logVo.LogVo.<init>] [INFO] 日志实例已初始化...
[2020-04-12 18:20:31:853] [vo.logVo.LogVo.<init>] [INFO] 日志实例已初始化...
[2020-04-12 18:20:31:854] [vo.logVo.LogVo.<init>] [INFO] 日志实例已初始化...
[2020-04-12 18:20:31:854] [vo.logVo.LogVo.<init>] [INFO] 日志实例已初始化...
[2020-04-12 18:20:31:855] [vo.logVo.LogVo.<init>] [INFO] 日志实例已初始化...
[2020-04-12 18:20:31:856] [vo.logVo.LogVo.<init>] [INFO] 日志实例已初始化...
[2020-04-12 18:20:31:856] [vo.logVo.LogVo.<init>] [INFO] 日志实例已初始化...
[2020-04-12 18:20:31:857] [vo.logVo.LogVo.<init>] [INFO] 日志实例已初始化...
[2020-04-12 18:20:31:857] [vo.logVo.LogVo.<init>] [INFO] 日志实例已初始化...
[2020-04-12 18:20:31:858] [vo.logVo.LogVo.<init>] [INFO] 日志实例已初始化...
[2020-04-12 18:20:31:858] [vo.logVo.LogVo.<init>] [INFO] 日志实例已初始化...
[2020-04-12 18:20:31:859] [vo.logVo.LogVo.<init>] [INFO] 日志实例已初始化...
[2020-04-12 18:20:31:859] [vo.logVo.LogVo.<init>] [INFO] 日志实例已初始化...
[2020-04-12 18:20:31:860] [vo.logVo.LogVo.<init>] [INFO] 日志实例已初始化...
[2020-04-12 18:20:31:860] [vo.logVo.LogVo.<init>] [INFO] 日志实例已初始化...
[2020-04-12 18:20:31:861] [vo.logVo.LogVo.<init>] [INFO] 日志实例已初始化...
[2020-04-12 18:20:31:862] [vo.logVo.LogVo.<init>] [INFO] 日志实例已初始化...
[2020-04-12 18:20:31:862] [vo.logVo.LogVo.<init>] [INFO] 日志实例已初始化...
[2020-04-12 18:20:31:863] [vo.logVo.LogVo.<init>] [INFO] 日志实例已初始化...
[2020-04-12 18:20:31:863] [vo.logVo.LogVo.<init>] [INFO] 日志实例已初始化...
[2020-04-12 18:20:31:864] [vo.logVo.LogVo.<init>] [INFO] 日志实例已初始化...
[2020-04-12 18:20:31:865] [vo.logVo.LogVo.<init>] [INFO] 日志实例已初始化...
[2020-04-12 18:20:31:865] [vo.logVo.LogVo.<init>] [INFO] 日志实例已初始化...
[2020-04-12 18:20:31:866] [vo.logVo.LogVo.<init>] [INFO] 日志实例已初始化...
[2020-04-12 18:20:31:867] [vo.logVo.LogVo.<init>] [INFO] 日志实例已初始化...
[2020-04-12 18:20:31:867] [vo.logVo.LogVo.<init>] [INFO] 日志实例已初始化...
[2020-04-12 18:20:31:868] [vo.logVo.LogVo.<init>] [INFO] 日志实例已初始化...
[2020-04-12 18:20:31:869] [vo.logVo.LogVo.<init>] [INFO] 日志实例已初始化...
[2020-04-12 18:20:31:869] [vo.logVo.LogVo.<init>] [INFO] 日志实例已初始化...
[2020-04-12 18:20:31:870] [vo.logVo.LogVo.<init>] [INFO] 日志实例已初始化...
[2020-04-12 18:20:31:871] [vo.logVo.LogVo.<init>] [INFO] 日志实例已初始化...
[2020-04-12 18:20:31:871] [vo.logVo.LogVo.<init>] [INFO] 日志实例已初始化...
[2020-04-12 18:20:31:872] [vo.logVo.LogVo.<init>] [INFO] 日志实例已初始化...
[2020-04-12 18:20:31:872] [vo.logVo.LogVo.<init>] [INFO] 日志实例已初始化...
[2020-04-12 18:20:31:873] [vo.logVo.LogVo.<init>] [INFO] 日志实例已初始化...
[2020-04-12 18:20:31:873] [vo.logVo.LogVo.<init>] [INFO] 日志实例已初始化...
[2020-04-12 18:20:31:874] [vo.logVo.LogVo.<init>] [INFO] 日志实例已初始化...
[2020-04-12 18:20:31:892] [vo.logVo.LogVo.<init>] [INFO] 日志实例已初始化...
[2020-04-12 18:20:31:901] [vo.logVo.LogVo.<init>] [INFO] 日志实例已初始化...
[2020-04-12 18:20:31:905] [vo.logVo.LogVo.<init>] [INFO] 日志实例已初始化...
[2020-04-12 18:20:31:906] [vo.logVo.LogVo.<init>] [INFO] 日志实例已初始化...
[2020-04-12 18:20:31:907] [vo.logVo.LogVo.<init>] [INFO] 日志实例已初始化...
[2020-04-12 18:20:31:909] [vo.logVo.LogVo.<init>] [INFO] 日志实例已初始化...
[2020-04-12 18:20:31:910] [vo.logVo.LogVo.<init>] [INFO] 日志实例已初始化...
[2020-04-12 18:20:31:921] [vo.logVo.LogVo.<init>] [INFO] 日志实例已初始化...
[2020-04-12 18:20:31:922] [vo.logVo.LogVo.<init>] [INFO] 日志实例已初始化...
[2020-04-12 18:20:31:923] [vo.logVo.LogVo.<init>] [INFO] 日志实例已初始化...
[2020-04-12 18:20:31:923] [vo.logVo.LogVo.<init>] [INFO] 日志实例已初始化...
[2020-04-12 18:20:31:924] [vo.logVo.LogVo.<init>] [INFO] 日志实例已初始化...
[2020-04-12 18:20:31:925] [vo.logVo.LogVo.<init>] [INFO] 日志实例已初始化...
[2020-04-12 18:20:31:925] [vo.logVo.LogVo.<init>] [INFO] 日志实例已初始化...
[2020-04-12 18:20:31:926] [vo.logVo.LogVo.<init>] [INFO] 日志实例已初始化...
[2020-04-12 18:20:31:926] [vo.logVo.LogVo.<init>] [INFO] 日志实例已初始化...
[2020-04-12 18:20:31:927] [vo.logVo.LogVo.<init>] [INFO] 日志实例已初始化...
[2020-04-12 18:20:31:928] [vo.logVo.LogVo.<init>] [INFO] 日志实例已初始化...
[2020-04-12 18:20:31:929] [vo.logVo.LogVo.<init>] [INFO] 日志实例已初始化...
[2020-04-12 18:20:31:929] [vo.logVo.LogVo.<init>] [INFO] 日志实例已初始化...
[2020-04-12 18:20:31:930] [vo.logVo.LogVo.<init>] [INFO] 日志实例已初始化...
[2020-04-12 18:20:31:931] [vo.logVo.LogVo.<init>] [INFO] 日志实例已初始化...
[2020-04-12 18:20:31:931] [vo.logVo.LogVo.<init>] [INFO] 日志实例已初始化...
[2020-04-12 18:20:31:932] [vo.logVo.LogVo.<init>] [INFO] 日志实例已初始化...
[2020-04-12 18:20:31:932] [vo.logVo.LogVo.<init>] [INFO] 日志实例已初始化...
[2020-04-12 18:20:31:933] [vo.logVo.LogVo.<init>] [INFO] 日志实例已初始化...
[2020-04-12 18:20:31:934] [vo.logVo.LogVo.<init>] [INFO] 日志实例已初始化...
[2020-04-12 18:20:31:934] [vo.logVo.LogVo.<init>] [INFO] 日志实例已初始化...
[2020-04-12 18:20:31:935] [vo.logVo.LogVo.<init>] [INFO] 日志实例已初始化...
[2020-04-12 18:20:31:936] [vo.logVo.LogVo.<init>] [INFO] 日志实例已初始化...
[2020-04-12 18:20:31:937] [vo.logVo.LogVo.<init>] [INFO] 日志实例已初始化...
[2020-04-12 18:20:31:937] [vo.logVo.LogVo.<init>] [INFO] 日志实例已初始化...
[2020-04-12 18:20:31:938] [vo.logVo.LogVo.<init>] [INFO] 日志实例已初始化...
[2020-04-12 18:20:31:939] [vo.logVo.LogVo.<init>] [INFO] 日志实例已初始化...
[2020-04-12 18:20:31:939] [vo.logVo.LogVo.<init>] [INFO] 日志实例已初始化...
[2020-04-12 18:20:31:940] [vo.logVo.LogVo.<init>] [INFO] 日志实例已初始化...
[2020-04-12 18:20:31:940] [vo.logVo.LogVo.<init>] [INFO] 日志实例已初始化...
[2020-04-12 18:20:31:941] [vo.logVo.LogVo.<init>] [INFO] 日志实例已初始化...
[2020-04-12 18:20:31:942] [vo.logVo.LogVo.<init>] [INFO] 日志实例已初始化...
[2020-04-12 18:20:31:942] [vo.logVo.LogVo.<init>] [INFO] 日志实例已初始化...
[2020-04-12 18:20:31:943] [vo.logVo.LogVo.<init>] [INFO] 日志实例已初始化...
[2020-04-12 18:20:31:943] [vo.logVo.LogVo.<init>] [INFO] 日志实例已初始化...
[2020-04-12 18:20:31:944] [vo.logVo.LogVo.<init>] [INFO] 日志实例已初始化...
[2020-04-12 18:20:31:945] [vo.logVo.LogVo.<init>] [INFO] 日志实例已初始化...
[2020-04-12 18:20:31:945] [vo.logVo.LogVo.<init>] [INFO] 日志实例已初始化...
[2020-04-12 18:20:31:946] [vo.logVo.LogVo.<init>] [INFO] 日志实例已初始化...
[2020-04-12 18:20:31:946] [vo.logVo.LogVo.<init>] [INFO] 日志实例已初始化...
[2020-04-12 18:20:31:947] [vo.logVo.LogVo.<init>] [INFO] 日志实例已初始化...
[2020-04-12 18:20:31:948] [vo.logVo.LogVo.<init>] [INFO] 日志实例已初始化...
[2020-04-12 18:20:31:948] [vo.logVo.LogVo.<init>] [INFO] 日志实例已初始化...
[2020-04-12 18:20:31:949] [vo.logVo.LogVo.<init>] [INFO] 日志实例已初始化...
[2020-04-12 18:20:31:950] [vo.logVo.LogVo.<init>] [INFO] 日志实例已初始化...
[2020-04-12 18:20:31:950] [vo.logVo.LogVo.<init>] [INFO] 日志实例已初始化...
[2020-04-12 18:20:31:951] [vo.logVo.LogVo.<init>] [INFO] 日志实例已初始化...
[2020-04-12 18:20:31:952] [vo.logVo.LogVo.<init>] [INFO] 日志实例已初始化...
[2020-04-12 18:20:31:952] [vo.logVo.LogVo.<init>] [INFO] 日志实例已初始化...
[2020-04-12 18:20:31:953] [vo.logVo.LogVo.<init>] [INFO] 日志实例已初始化...
[2020-04-12 18:20:31:953] [vo.logVo.LogVo.<init>] [INFO] 日志实例已初始化...
[2020-04-12 18:20:31:954] [vo.logVo.LogVo.<init>] [INFO] 日志实例已初始化...
[2020-04-12 18:20:31:955] [vo.logVo.LogVo.<init>] [INFO] 日志实例已初始化...
[2020-04-12 18:20:31:955] [vo.logVo.LogVo.<init>] [INFO] 日志实例已初始化...
[2020-04-12 18:20:31:956] [vo.logVo.LogVo.<init>] [INFO] 日志实例已初始化...
[2020-04-12 18:20:31:957] [vo.logVo.LogVo.<init>] [INFO] 日志实例已初始化...
[2020-04-12 18:20:31:958] [vo.logVo.LogVo.<init>] [INFO] 日志实例已初始化...
[2020-04-12 18:20:31:958] [vo.logVo.LogVo.<init>] [INFO] 日志实例已初始化...
[2020-04-12 18:20:31:959] [vo.logVo.LogVo.<init>] [INFO] 日志实例已初始化...
[2020-04-12 18:20:31:959] [vo.logVo.LogVo.<init>] [INFO] 日志实例已初始化...
[2020-04-12 18:20:31:960] [vo.logVo.LogVo.<init>] [INFO] 日志实例已初始化...
[2020-04-12 18:20:31:961] [vo.logVo.LogVo.<init>] [INFO] 日志实例已初始化...
[2020-04-12 18:20:31:962] [vo.logVo.LogVo.<init>] [INFO] 日志实例已初始化...
[2020-04-12 18:20:31:962] [vo.logVo.LogVo.<init>] [INFO] 日志实例已初始化...
[2020-04-12 18:20:31:963] [vo.logVo.LogVo.<init>] [INFO] 日志实例已初始化...
[2020-04-12 18:20:31:964] [vo.logVo.LogVo.<init>] [INFO] 日志实例已初始化...
[2020-04-12 18:20:31:965] [vo.logVo.LogVo.<init>] [INFO] 日志实例已初始化...
[2020-04-12 18:20:31:966] [vo.logVo.LogVo.<init>] [INFO] 日志实例已初始化...
[2020-04-12 18:20:31:966] [vo.logVo.LogVo.<init>] [INFO] 日志实例已初始化...
[2020-04-12 18:20:31:967] [vo.logVo.LogVo.<init>] [INFO] 日志实例已初始化...
[2020-04-12 18:20:31:967] [vo.logVo.LogVo.<init>] [INFO] 日志实例已初始化...
[2020-04-12 18:20:31:968] [vo.logVo.LogVo.<init>] [INFO] 日志实例已初始化...
[2020-04-12 18:20:31:969] [vo.logVo.LogVo.<init>] [INFO] 日志实例已初始化...
[2020-04-12 18:20:31:969] [vo.logVo.LogVo.<init>] [INFO] 日志实例已初始化...
[2020-04-12 18:20:31:969] [vo.logVo.LogVo.<init>] [INFO] 日志实例已初始化...
[2020-04-12 18:20:31:970] [vo.logVo.LogVo.<init>] [INFO] 日志实例已初始化...
[2020-04-12 18:20:31:970] [vo.logVo.LogVo.<init>] [INFO] 日志实例已初始化...
[2020-04-12 18:20:31:971] [vo.logVo.LogVo.<init>] [INFO] 日志实例已初始化...
[2020-04-12 18:20:31:971] [vo.logVo.LogVo.<init>] [INFO] 日志实例已初始化...
[2020-04-12 18:20:31:971] [vo.logVo.LogVo.<init>] [INFO] 日志实例已初始化...
[2020-04-12 18:20:31:972] [vo.logVo.LogVo.<init>] [INFO] 日志实例已初始化...
[2020-04-12 18:20:31:973] [vo.logVo.LogVo.<init>] [INFO] 日志实例已初始化...
[2020-04-12 18:20:31:973] [vo.logVo.LogVo.<init>] [INFO] 日志实例已初始化...
[2020-04-12 18:20:31:973] [vo.logVo.LogVo.<init>] [INFO] 日志实例已初始化...
[2020-04-12 18:20:31:974] [vo.logVo.LogVo.<init>] [INFO] 日志实例已初始化...
[2020-04-12 18:20:31:974] [vo.logVo.LogVo.<init>] [INFO] 日志实例已初始化...
[2020-04-12 18:20:31:974] [vo.logVo.LogVo.<init>] [INFO] 日志实例已初始化...
[2020-04-12 18:20:31:974] [vo.logVo.LogVo.<init>] [INFO] 日志实例已初始化...
[2020-04-12 18:20:31:975] [vo.logVo.LogVo.<init>] [INFO] 日志实例已初始化...
[2020-04-12 18:20:31:975] [vo.logVo.LogVo.<init>] [INFO] 日志实例已初始化...
[2020-04-12 18:20:31:975] [vo.logVo.LogVo.<init>] [INFO] 日志实例已初始化...
[2020-04-12 18:20:31:976] [vo.logVo.LogVo.<init>] [INFO] 日志实例已初始化...
[2020-04-12 18:20:31:976] [vo.logVo.LogVo.<init>] [INFO] 日志实例已初始化...
[2020-04-12 18:20:31:976] [vo.logVo.LogVo.<init>] [INFO] 日志实例已初始化...
[2020-04-12 18:20:31:977] [vo.logVo.LogVo.<init>] [INFO] 日志实例已初始化...
[2020-04-12 18:20:31:977] [vo.logVo.LogVo.<init>] [INFO] 日志实例已初始化...
[2020-04-12 18:20:31:977] [vo.logVo.LogVo.<init>] [INFO] 日志实例已初始化...
[2020-04-12 18:20:31:978] [vo.logVo.LogVo.<init>] [INFO] 日志实例已初始化...
[2020-04-12 18:20:31:979] [vo.logVo.LogVo.<init>] [INFO] 日志实例已初始化...
[2020-04-12 18:20:31:980] [vo.logVo.LogVo.<init>] [INFO] 日志实例已初始化...
[2020-04-12 18:20:31:980] [vo.logVo.LogVo.<init>] [INFO] 日志实例已初始化...
[2020-04-12 18:20:31:980] [vo.logVo.LogVo.<init>] [INFO] 日志实例已初始化...
[2020-04-12 18:20:31:981] [vo.logVo.LogVo.<init>] [INFO] 日志实例已初始化...
[2020-04-12 18:20:31:981] [vo.logVo.LogVo.<init>] [INFO] 日志实例已初始化...
[2020-04-12 18:20:31:981] [vo.logVo.LogVo.<init>] [INFO] 日志实例已初始化...
[2020-04-12 18:20:31:982] [vo.logVo.LogVo.<init>] [INFO] 日志实例已初始化...
[2020-04-12 18:20:31:982] [vo.logVo.LogVo.<init>] [INFO] 日志实例已初始化...
[2020-04-12 18:20:31:982] [vo.logVo.LogVo.<init>] [INFO] 日志实例已初始化...
[2020-04-12 18:20:31:983] [vo.logVo.LogVo.<init>] [INFO] 日志实例已初始化...
[2020-04-12 18:20:31:983] [vo.logVo.LogVo.<init>] [INFO] 日志实例已初始化...
[2020-04-12 18:20:31:983] [vo.logVo.LogVo.<init>] [INFO] 日志实例已初始化...
[2020-04-12 18:20:31:984] [vo.logVo.LogVo.<init>] [INFO] 日志实例已初始化...
[2020-04-12 18:20:31:984] [vo.logVo.LogVo.<init>] [INFO] 日志实例已初始化...
[2020-04-12 18:20:31:984] [vo.logVo.LogVo.<init>] [INFO] 日志实例已初始化...
[2020-04-12 18:20:31:985] [vo.logVo.LogVo.<init>] [INFO] 日志实例已初始化...
[2020-04-12 18:20:31:985] [vo.logVo.LogVo.<init>] [INFO] 日志实例已初始化...
[2020-04-12 18:20:31:985] [vo.logVo.LogVo.<init>] [INFO] 日志实例已初始化...
[2020-04-12 18:20:31:985] [vo.logVo.LogVo.<init>] [INFO] 日志实例已初始化...
[2020-04-12 18:20:31:986] [vo.logVo.LogVo.<init>] [INFO] 日志实例已初始化...
[2020-04-12 18:20:31:986] [vo.logVo.LogVo.<init>] [INFO] 日志实例已初始化...
[2020-04-12 18:20:31:986] [vo.logVo.LogVo.<init>] [INFO] 日志实例已初始化...
[2020-04-12 18:20:31:987] [vo.logVo.LogVo.<init>] [INFO] 日志实例已初始化...
[2020-04-12 18:20:31:987] [vo.logVo.LogVo.<init>] [INFO] 日志实例已初始化...
[2020-04-12 18:20:31:987] [vo.logVo.LogVo.<init>] [INFO] 日志实例已初始化...
[2020-04-12 18:20:31:988] [vo.logVo.LogVo.<init>] [INFO] 日志实例已初始化...
[2020-04-12 18:20:31:988] [vo.logVo.LogVo.<init>] [INFO] 日志实例已初始化...
[2020-04-12 18:20:31:988] [vo.logVo.LogVo.<init>] [INFO] 日志实例已初始化...
[2020-04-12 18:20:31:988] [vo.logVo.LogVo.<init>] [INFO] 日志实例已初始化...
[2020-04-12 18:20:31:989] [vo.logVo.LogVo.<init>] [INFO] 日志实例已初始化...
[2020-04-12 18:20:31:989] [vo.logVo.LogVo.<init>] [INFO] 日志实例已初始化...
[2020-04-12 18:20:31:989] [vo.logVo.LogVo.<init>] [INFO] 日志实例已初始化...
[2020-04-12 18:20:31:990] [vo.logVo.LogVo.<init>] [INFO] 日志实例已初始化...
[2020-04-12 18:20:31:990] [vo.logVo.LogVo.<init>] [INFO] 日志实例已初始化...
[2020-04-12 18:20:31:990] [vo.logVo.LogVo.<init>] [INFO] 日志实例已初始化...
[2020-04-12 18:20:31:990] [vo.logVo.LogVo.<init>] [INFO] 日志实例已初始化...
[2020-04-12 18:20:31:990] [vo.logVo.LogVo.<init>] [INFO] 日志实例已初始化...
[2020-04-12 18:20:31:991] [vo.logVo.LogVo.<init>] [INFO] 日志实例已初始化...
[2020-04-12 18:20:31:991] [vo.logVo.LogVo.<init>] [INFO] 日志实例已初始化...
[2020-04-12 18:20:31:991] [vo.logVo.LogVo.<init>] [INFO] 日志实例已初始化...
[2020-04-12 18:20:31:992] [vo.logVo.LogVo.<init>] [INFO] 日志实例已初始化...
[2020-04-12 18:20:31:992] [vo.logVo.LogVo.<init>] [INFO] 日志实例已初始化...
[2020-04-12 18:20:31:992] [vo.logVo.LogVo.<init>] [INFO] 日志实例已初始化...
[2020-04-12 18:20:31:992] [vo.logVo.LogVo.<init>] [INFO] 日志实例已初始化...
[2020-04-12 18:20:31:993] [vo.logVo.LogVo.<init>] [INFO] 日志实例已初始化...
[2020-04-12 18:20:31:993] [vo.logVo.LogVo.<init>] [INFO] 日志实例已初始化...
[2020-04-12 18:20:31:993] [vo.logVo.LogVo.<init>] [INFO] 日志实例已初始化...
[2020-04-12 18:20:31:993] [vo.logVo.LogVo.<init>] [INFO] 日志实例已初始化...
[2020-04-12 18:20:31:994] [vo.logVo.LogVo.<init>] [INFO] 日志实例已初始化...
[2020-04-12 18:20:31:994] [vo.logVo.LogVo.<init>] [INFO] 日志实例已初始化...
[2020-04-12 18:20:31:995] [vo.logVo.LogVo.<init>] [INFO] 日志实例已初始化...
[2020-04-12 18:20:31:996] [vo.logVo.LogVo.<init>] [INFO] 日志实例已初始化...
[2020-04-12 18:20:31:996] [vo.logVo.LogVo.<init>] [INFO] 日志实例已初始化...
[2020-04-12 18:20:31:997] [vo.logVo.LogVo.<init>] [INFO] 日志实例已初始化...
[2020-04-12 18:20:31:997] [vo.logVo.LogVo.<init>] [INFO] 日志实例已初始化...
[2020-04-12 18:20:31:997] [vo.logVo.LogVo.<init>] [INFO] 日志实例已初始化...
[2020-04-12 18:20:31:998] [vo.logVo.LogVo.<init>] [INFO] 日志实例已初始化...
[2020-04-12 18:20:31:998] [vo.logVo.LogVo.<init>] [INFO] 日志实例已初始化...
[2020-04-12 18:20:31:998] [vo.logVo.LogVo.<init>] [INFO] 日志实例已初始化...
[2020-04-12 18:20:31:998] [vo.logVo.LogVo.<init>] [INFO] 日志实例已初始化...
[2020-04-12 18:20:31:999] [vo.logVo.LogVo.<init>] [INFO] 日志实例已初始化...
[2020-04-12 18:20:31:999] [vo.logVo.LogVo.<init>] [INFO] 日志实例已初始化...
[2020-04-12 18:20:31:999] [vo.logVo.LogVo.<init>] [INFO] 日志实例已初始化...
[2020-04-12 18:20:31:999] [vo.logVo.LogVo.<init>] [INFO] 日志实例已初始化...
[2020-04-12 18:20:32:000] [vo.logVo.LogVo.<init>] [INFO] 日志实例已初始化...
[2020-04-12 18:20:32:000] [vo.logVo.LogVo.<init>] [INFO] 日志实例已初始化...
[2020-04-12 18:20:32:000] [vo.logVo.LogVo.<init>] [INFO] 日志实例已初始化...
[2020-04-12 18:20:32:000] [vo.logVo.LogVo.<init>] [INFO] 日志实例已初始化...
[2020-04-12 18:20:32:001] [vo.logVo.LogVo.<init>] [INFO] 日志实例已初始化...
[2020-04-12 18:20:32:001] [vo.logVo.LogVo.<init>] [INFO] 日志实例已初始化...
[2020-04-12 18:20:32:001] [vo.logVo.LogVo.<init>] [INFO] 日志实例已初始化...
[2020-04-12 18:20:32:002] [vo.logVo.LogVo.<init>] [INFO] 日志实例已初始化...
[2020-04-12 18:20:32:002] [vo.logVo.LogVo.<init>] [INFO] 日志实例已初始化...
[2020-04-12 18:20:32:002] [vo.logVo.LogVo.<init>] [INFO] 日志实例已初始化...
[2020-04-12 18:20:32:002] [vo.logVo.LogVo.<init>] [INFO] 日志实例已初始化...
[2020-04-12 18:20:32:003] [vo.logVo.LogVo.<init>] [INFO] 日志实例已初始化...
[2020-04-12 18:20:32:003] [vo.logVo.LogVo.<init>] [INFO] 日志实例已初始化...
[2020-04-12 18:20:32:003] [vo.logVo.LogVo.<init>] [INFO] 日志实例已初始化...
[2020-04-12 18:20:32:003] [vo.logVo.LogVo.<init>] [INFO] 日志实例已初始化...
[2020-04-12 18:20:32:004] [vo.logVo.LogVo.<init>] [INFO] 日志实例已初始化...
[2020-04-12 18:20:32:004] [vo.logVo.LogVo.<init>] [INFO] 日志实例已初始化...
[2020-04-12 18:20:32:004] [vo.logVo.LogVo.<init>] [INFO] 日志实例已初始化...
[2020-04-12 18:20:32:004] [vo.logVo.LogVo.<init>] [INFO] 日志实例已初始化...
[2020-04-12 18:20:32:005] [vo.logVo.LogVo.<init>] [INFO] 日志实例已初始化...
[2020-04-12 18:20:32:005] [vo.logVo.LogVo.<init>] [INFO] 日志实例已初始化...
[2020-04-12 18:20:32:005] [vo.logVo.LogVo.<init>] [INFO] 日志实例已初始化...
[2020-04-12 18:20:32:005] [vo.logVo.LogVo.<init>] [INFO] 日志实例已初始化...
[2020-04-12 18:20:32:006] [vo.logVo.LogVo.<init>] [INFO] 日志实例已初始化...
[2020-04-12 18:20:32:006] [vo.logVo.LogVo.<init>] [INFO] 日志实例已初始化...
[2020-04-12 18:20:32:006] [vo.logVo.LogVo.<init>] [INFO] 日志实例已初始化...
[2020-04-12 18:20:32:006] [vo.logVo.LogVo.<init>] [INFO] 日志实例已初始化...
[2020-04-12 18:20:32:007] [vo.logVo.LogVo.<init>] [INFO] 日志实例已初始化...
[2020-04-12 18:20:32:007] [vo.logVo.LogVo.<init>] [INFO] 日志实例已初始化...
[2020-04-12 18:20:32:007] [vo.logVo.LogVo.<init>] [INFO] 日志实例已初始化...
[2020-04-12 18:20:32:008] [vo.logVo.LogVo.<init>] [INFO] 日志实例已初始化...
[2020-04-12 18:20:32:008] [vo.logVo.LogVo.<init>] [INFO] 日志实例已初始化...
[2020-04-12 18:20:32:009] [vo.logVo.LogVo.<init>] [INFO] 日志实例已初始化...
[2020-04-12 18:20:32:009] [vo.logVo.LogVo.<init>] [INFO] 日志实例已初始化...
[2020-04-12 18:20:32:009] [vo.logVo.LogVo.<init>] [INFO] 日志实例已初始化...
[2020-04-12 18:20:32:010] [vo.logVo.LogVo.<init>] [INFO] 日志实例已初始化...
[2020-04-12 18:20:32:010] [vo.logVo.LogVo.<init>] [INFO] 日志实例已初始化...
[2020-04-12 18:20:32:011] [vo.logVo.LogVo.<init>] [INFO] 日志实例已初始化...
[2020-04-12 18:20:32:011] [vo.logVo.LogVo.<init>] [INFO] 日志实例已初始化...
[2020-04-12 18:20:32:011] [vo.logVo.LogVo.<init>] [INFO] 日志实例已初始化...
[2020-04-12 18:20:32:012] [vo.logVo.LogVo.<init>] [INFO] 日志实例已初始化...
[2020-04-12 18:20:32:012] [vo.logVo.LogVo.<init>] [INFO] 日志实例已初始化...
[2020-04-12 18:20:32:013] [vo.logVo.LogVo.<init>] [INFO] 日志实例已初始化...
[2020-04-12 18:20:32:013] [vo.logVo.LogVo.<init>] [INFO] 日志实例已初始化...
[2020-04-12 18:20:32:014] [vo.logVo.LogVo.<init>] [INFO] 日志实例已初始化...
[2020-04-12 18:20:32:014] [vo.logVo.LogVo.<init>] [INFO] 日志实例已初始化...
[2020-04-12 18:20:32:014] [vo.logVo.LogVo.<init>] [INFO] 日志实例已初始化...
[2020-04-12 18:20:32:015] [vo.logVo.LogVo.<init>] [INFO] 日志实例已初始化...
[2020-04-12 18:20:32:015] [vo.logVo.LogVo.<init>] [INFO] 日志实例已初始化...
[2020-04-12 18:20:32:015] [vo.logVo.LogVo.<init>] [INFO] 日志实例已初始化...
[2020-04-12 18:20:32:016] [vo.logVo.LogVo.<init>] [INFO] 日志实例已初始化...
[2020-04-12 18:20:32:016] [vo.logVo.LogVo.<init>] [INFO] 日志实例已初始化...
[2020-04-12 18:20:32:017] [vo.logVo.LogVo.<init>] [INFO] 日志实例已初始化...
[2020-04-12 18:20:32:017] [vo.logVo.LogVo.<init>] [INFO] 日志实例已初始化...
[2020-04-12 18:20:32:017] [vo.logVo.LogVo.<init>] [INFO] 日志实例已初始化...
[2020-04-12 18:20:32:018] [vo.logVo.LogVo.<init>] [INFO] 日志实例已初始化...
[2020-04-12 18:20:32:018] [vo.logVo.LogVo.<init>] [INFO] 日志实例已初始化...
[2020-04-12 18:20:32:018] [vo.logVo.LogVo.<init>] [INFO] 日志实例已初始化...
[2020-04-12 18:20:32:019] [vo.logVo.LogVo.<init>] [INFO] 日志实例已初始化...
[2020-04-12 18:20:32:019] [vo.logVo.LogVo.<init>] [INFO] 日志实例已初始化...
[2020-04-12 18:20:32:019] [vo.logVo.LogVo.<init>] [INFO] 日志实例已初始化...
[2020-04-12 18:20:32:019] [vo.logVo.LogVo.<init>] [INFO] 日志实例已初始化...
[2020-04-12 18:20:32:020] [vo.logVo.LogVo.<init>] [INFO] 日志实例已初始化...
[2020-04-12 18:20:32:020] [vo.logVo.LogVo.<init>] [INFO] 日志实例已初始化...
[2020-04-12 18:20:32:020] [vo.logVo.LogVo.<init>] [INFO] 日志实例已初始化...
[2020-04-12 18:20:32:020] [vo.logVo.LogVo.<init>] [INFO] 日志实例已初始化...
[2020-04-12 18:20:32:021] [vo.logVo.LogVo.<init>] [INFO] 日志实例已初始化...
[2020-04-12 18:20:32:021] [vo.logVo.LogVo.<init>] [INFO] 日志实例已初始化...
[2020-04-12 18:20:32:021] [vo.logVo.LogVo.<init>] [INFO] 日志实例已初始化...
[2020-04-12 18:20:32:021] [vo.logVo.LogVo.<init>] [INFO] 日志实例已初始化...
[2020-04-12 18:20:32:022] [vo.logVo.LogVo.<init>] [INFO] 日志实例已初始化...
[2020-04-12 18:20:32:022] [vo.logVo.LogVo.<init>] [INFO] 日志实例已初始化...
[2020-04-12 18:20:32:022] [vo.logVo.LogVo.<init>] [INFO] 日志实例已初始化...
[2020-04-12 18:20:32:022] [vo.logVo.LogVo.<init>] [INFO] 日志实例已初始化...
[2020-04-12 18:20:32:023] [vo.logVo.LogVo.<init>] [INFO] 日志实例已初始化...
[2020-04-12 18:20:32:023] [vo.logVo.LogVo.<init>] [INFO] 日志实例已初始化...
[2020-04-12 18:20:32:023] [vo.logVo.LogVo.<init>] [INFO] 日志实例已初始化...
[2020-04-12 18:20:32:023] [vo.logVo.LogVo.<init>] [INFO] 日志实例已初始化...
[2020-04-12 18:20:32:024] [vo.logVo.LogVo.<init>] [INFO] 日志实例已初始化...
[2020-04-12 18:20:32:025] [vo.logVo.LogVo.<init>] [INFO] 日志实例已初始化...
[2020-04-12 18:20:32:026] [vo.logVo.LogVo.<init>] [INFO] 日志实例已初始化...
[2020-04-12 18:20:32:027] [vo.logVo.LogVo.<init>] [INFO] 日志实例已初始化...
[2020-04-12 18:20:32:027] [vo.logVo.LogVo.<init>] [INFO] 日志实例已初始化...
[2020-04-12 18:20:32:028] [vo.logVo.LogVo.<init>] [INFO] 日志实例已初始化...
[2020-04-12 18:20:32:028] [vo.logVo.LogVo.<init>] [INFO] 日志实例已初始化...
[2020-04-12 18:20:32:029] [vo.logVo.LogVo.<init>] [INFO] 日志实例已初始化...
[2020-04-12 18:20:32:029] [vo.logVo.LogVo.<init>] [INFO] 日志实例已初始化...
[2020-04-12 18:20:32:030] [vo.logVo.LogVo.<init>] [INFO] 日志实例已初始化...
[2020-04-12 18:20:32:030] [vo.logVo.LogVo.<init>] [INFO] 日志实例已初始化...
[2020-04-12 18:20:32:030] [vo.logVo.LogVo.<init>] [INFO] 日志实例已初始化...
[2020-04-12 18:20:32:030] [vo.logVo.LogVo.<init>] [INFO] 日志实例已初始化...
[2020-04-12 18:20:32:030] [vo.logVo.LogVo.<init>] [INFO] 日志实例已初始化...
[2020-04-12 18:20:32:031] [vo.logVo.LogVo.<init>] [INFO] 日志实例已初始化...
[2020-04-12 18:20:32:031] [vo.logVo.LogVo.<init>] [INFO] 日志实例已初始化...
[2020-04-12 18:20:32:031] [vo.logVo.LogVo.<init>] [INFO] 日志实例已初始化...
[2020-04-12 18:20:32:032] [vo.logVo.LogVo.<init>] [INFO] 日志实例已初始化...
[2020-04-12 18:20:32:032] [vo.logVo.LogVo.<init>] [INFO] 日志实例已初始化...
[2020-04-12 18:20:32:032] [vo.logVo.LogVo.<init>] [INFO] 日志实例已初始化...
[2020-04-12 18:20:32:033] [vo.logVo.LogVo.<init>] [INFO] 日志实例已初始化...
[2020-04-12 18:20:32:033] [vo.logVo.LogVo.<init>] [INFO] 日志实例已初始化...
[2020-04-12 18:20:32:033] [vo.logVo.LogVo.<init>] [INFO] 日志实例已初始化...
[2020-04-12 18:20:32:033] [vo.logVo.LogVo.<init>] [INFO] 日志实例已初始化...
[2020-04-12 18:20:32:034] [vo.logVo.LogVo.<init>] [INFO] 日志实例已初始化...
[2020-04-12 18:20:32:034] [vo.logVo.LogVo.<init>] [INFO] 日志实例已初始化...
[2020-04-12 18:20:32:034] [vo.logVo.LogVo.<init>] [INFO] 日志实例已初始化...
[2020-04-12 18:20:32:035] [vo.logVo.LogVo.<init>] [INFO] 日志实例已初始化...
[2020-04-12 18:20:32:035] [vo.logVo.LogVo.<init>] [INFO] 日志实例已初始化...
[2020-04-12 18:20:32:035] [vo.logVo.LogVo.<init>] [INFO] 日志实例已初始化...
[2020-04-12 18:20:32:036] [vo.logVo.LogVo.<init>] [INFO] 日志实例已初始化...
[2020-04-12 18:20:32:036] [vo.logVo.LogVo.<init>] [INFO] 日志实例已初始化...
[2020-04-12 18:20:32:036] [vo.logVo.LogVo.<init>] [INFO] 日志实例已初始化...
[2020-04-12 18:20:32:037] [vo.logVo.LogVo.<init>] [INFO] 日志实例已初始化...
[2020-04-12 18:20:32:037] [vo.logVo.LogVo.<init>] [INFO] 日志实例已初始化...
[2020-04-12 18:20:32:037] [vo.logVo.LogVo.<init>] [INFO] 日志实例已初始化...
[2020-04-12 18:20:32:037] [vo.logVo.LogVo.<init>] [INFO] 日志实例已初始化...
[2020-04-12 18:20:32:038] [vo.logVo.LogVo.<init>] [INFO] 日志实例已初始化...
[2020-04-12 18:20:32:038] [vo.logVo.LogVo.<init>] [INFO] 日志实例已初始化...
[2020-04-12 18:20:32:038] [vo.logVo.LogVo.<init>] [INFO] 日志实例已初始化...
[2020-04-12 18:20:32:038] [vo.logVo.LogVo.<init>] [INFO] 日志实例已初始化...
[2020-04-12 18:20:32:039] [vo.logVo.LogVo.<init>] [INFO] 日志实例已初始化...
[2020-04-12 18:20:32:039] [vo.logVo.LogVo.<init>] [INFO] 日志实例已初始化...
[2020-04-12 18:20:32:039] [vo.logVo.LogVo.<init>] [INFO] 日志实例已初始化...
[2020-04-12 18:20:32:039] [vo.logVo.LogVo.<init>] [INFO] 日志实例已初始化...
[2020-04-12 18:20:32:056] [vo.logVo.LogVo.<init>] [INFO] 日志实例已初始化...
[2020-04-12 18:20:32:067] [vo.logVo.LogVo.<init>] [INFO] 日志实例已初始化...
[2020-04-12 18:22:28:981] [action.userAction.LoginAction.execute] [INFO] 用户名不存在
[2020-04-12 18:22:33:483] [vo.logVo.LogVo.<init>] [INFO] 日志实例已初始化...
[2020-04-12 18:22:33:484] [vo.logVo.LogVo.<init>] [INFO] 日志实例已初始化...
[2020-04-12 18:22:33:485] [vo.logVo.LogVo.<init>] [INFO] 日志实例已初始化...
[2020-04-12 18:22:33:486] [vo.logVo.LogVo.<init>] [INFO] 日志实例已初始化...
[2020-04-12 18:22:33:486] [vo.logVo.LogVo.<init>] [INFO] 日志实例已初始化...
[2020-04-12 18:22:33:487] [vo.logVo.LogVo.<init>] [INFO] 日志实例已初始化...
[2020-04-12 18:22:33:488] [vo.logVo.LogVo.<init>] [INFO] 日志实例已初始化...
[2020-04-12 18:22:33:488] [vo.logVo.LogVo.<init>] [INFO] 日志实例已初始化...
[2020-04-12 18:22:33:489] [vo.logVo.LogVo.<init>] [INFO] 日志实例已初始化...
[2020-04-12 18:22:33:490] [vo.logVo.LogVo.<init>] [INFO] 日志实例已初始化...
[2020-04-12 18:22:33:490] [vo.logVo.LogVo.<init>] [INFO] 日志实例已初始化...
[2020-04-12 18:22:33:490] [vo.logVo.LogVo.<init>] [INFO] 日志实例已初始化...
[2020-04-12 18:22:33:491] [vo.logVo.LogVo.<init>] [INFO] 日志实例已初始化...
[2020-04-12 18:22:33:491] [vo.logVo.LogVo.<init>] [INFO] 日志实例已初始化...
[2020-04-12 18:22:33:492] [vo.logVo.LogVo.<init>] [INFO] 日志实例已初始化...
[2020-04-12 18:22:33:493] [vo.logVo.LogVo.<init>] [INFO] 日志实例已初始化...
[2020-04-12 18:22:33:495] [vo.logVo.LogVo.<init>] [INFO] 日志实例已初始化...
[2020-04-12 18:22:33:496] [vo.logVo.LogVo.<init>] [INFO] 日志实例已初始化...
[2020-04-12 18:22:33:496] [vo.logVo.LogVo.<init>] [INFO] 日志实例已初始化...
[2020-04-12 18:22:33:497] [vo.logVo.LogVo.<init>] [INFO] 日志实例已初始化...
[2020-04-12 18:22:33:497] [vo.logVo.LogVo.<init>] [INFO] 日志实例已初始化...
[2020-04-12 18:22:33:498] [vo.logVo.LogVo.<init>] [INFO] 日志实例已初始化...
[2020-04-12 18:22:33:498] [vo.logVo.LogVo.<init>] [INFO] 日志实例已初始化...
[2020-04-12 18:22:33:499] [vo.logVo.LogVo.<init>] [INFO] 日志实例已初始化...
[2020-04-12 18:22:33:499] [vo.logVo.LogVo.<init>] [INFO] 日志实例已初始化...
[2020-04-12 18:22:33:500] [vo.logVo.LogVo.<init>] [INFO] 日志实例已初始化...
[2020-04-12 18:22:33:500] [vo.logVo.LogVo.<init>] [INFO] 日志实例已初始化...
[2020-04-12 18:22:33:501] [vo.logVo.LogVo.<init>] [INFO] 日志实例已初始化...
[2020-04-12 18:22:33:501] [vo.logVo.LogVo.<init>] [INFO] 日志实例已初始化...
[2020-04-12 18:22:33:501] [vo.logVo.LogVo.<init>] [INFO] 日志实例已初始化...
[2020-04-12 18:22:33:502] [vo.logVo.LogVo.<init>] [INFO] 日志实例已初始化...
[2020-04-12 18:22:33:502] [vo.logVo.LogVo.<init>] [INFO] 日志实例已初始化...
[2020-04-12 18:22:33:503] [vo.logVo.LogVo.<init>] [INFO] 日志实例已初始化...
[2020-04-12 18:22:33:503] [vo.logVo.LogVo.<init>] [INFO] 日志实例已初始化...
[2020-04-12 18:22:33:504] [vo.logVo.LogVo.<init>] [INFO] 日志实例已初始化...
[2020-04-12 18:22:33:504] [vo.logVo.LogVo.<init>] [INFO] 日志实例已初始化...
[2020-04-12 18:22:33:505] [vo.logVo.LogVo.<init>] [INFO] 日志实例已初始化...
[2020-04-12 18:22:33:506] [vo.logVo.LogVo.<init>] [INFO] 日志实例已初始化...
[2020-04-12 18:22:33:506] [vo.logVo.LogVo.<init>] [INFO] 日志实例已初始化...
[2020-04-12 18:22:33:507] [vo.logVo.LogVo.<init>] [INFO] 日志实例已初始化...
[2020-04-12 18:22:33:507] [vo.logVo.LogVo.<init>] [INFO] 日志实例已初始化...
[2020-04-12 18:22:33:508] [vo.logVo.LogVo.<init>] [INFO] 日志实例已初始化...
[2020-04-12 18:22:33:509] [vo.logVo.LogVo.<init>] [INFO] 日志实例已初始化...
[2020-04-12 18:22:33:509] [vo.logVo.LogVo.<init>] [INFO] 日志实例已初始化...
[2020-04-12 18:22:33:510] [vo.logVo.LogVo.<init>] [INFO] 日志实例已初始化...
[2020-04-12 18:22:33:511] [vo.logVo.LogVo.<init>] [INFO] 日志实例已初始化...
[2020-04-12 18:22:33:512] [vo.logVo.LogVo.<init>] [INFO] 日志实例已初始化...
[2020-04-12 18:22:33:512] [vo.logVo.LogVo.<init>] [INFO] 日志实例已初始化...
[2020-04-12 18:22:33:513] [vo.logVo.LogVo.<init>] [INFO] 日志实例已初始化...
[2020-04-12 18:22:33:513] [vo.logVo.LogVo.<init>] [INFO] 日志实例已初始化...
[2020-04-12 18:22:33:514] [vo.logVo.LogVo.<init>] [INFO] 日志实例已初始化...
[2020-04-12 18:22:33:514] [vo.logVo.LogVo.<init>] [INFO] 日志实例已初始化...
[2020-04-12 18:22:33:515] [vo.logVo.LogVo.<init>] [INFO] 日志实例已初始化...
[2020-04-12 18:22:33:515] [vo.logVo.LogVo.<init>] [INFO] 日志实例已初始化...
[2020-04-12 18:22:33:516] [vo.logVo.LogVo.<init>] [INFO] 日志实例已初始化...
[2020-04-12 18:22:33:517] [vo.logVo.LogVo.<init>] [INFO] 日志实例已初始化...
[2020-04-12 18:22:33:517] [vo.logVo.LogVo.<init>] [INFO] 日志实例已初始化...
[2020-04-12 18:22:33:518] [vo.logVo.LogVo.<init>] [INFO] 日志实例已初始化...
[2020-04-12 18:22:33:518] [vo.logVo.LogVo.<init>] [INFO] 日志实例已初始化...
[2020-04-12 18:22:33:518] [vo.logVo.LogVo.<init>] [INFO] 日志实例已初始化...
[2020-04-12 18:22:33:519] [vo.logVo.LogVo.<init>] [INFO] 日志实例已初始化...
[2020-04-12 18:22:33:519] [vo.logVo.LogVo.<init>] [INFO] 日志实例已初始化...
[2020-04-12 18:22:33:519] [vo.logVo.LogVo.<init>] [INFO] 日志实例已初始化...
[2020-04-12 18:22:33:520] [vo.logVo.LogVo.<init>] [INFO] 日志实例已初始化...
[2020-04-12 18:22:33:520] [vo.logVo.LogVo.<init>] [INFO] 日志实例已初始化...
[2020-04-12 18:22:33:521] [vo.logVo.LogVo.<init>] [INFO] 日志实例已初始化...
[2020-04-12 18:22:33:521] [vo.logVo.LogVo.<init>] [INFO] 日志实例已初始化...
[2020-04-12 18:22:33:522] [vo.logVo.LogVo.<init>] [INFO] 日志实例已初始化...
[2020-04-12 18:22:33:522] [vo.logVo.LogVo.<init>] [INFO] 日志实例已初始化...
[2020-04-12 18:22:33:522] [vo.logVo.LogVo.<init>] [INFO] 日志实例已初始化...
[2020-04-12 18:22:33:523] [vo.logVo.LogVo.<init>] [INFO] 日志实例已初始化...
[2020-04-12 18:22:33:523] [vo.logVo.LogVo.<init>] [INFO] 日志实例已初始化...
[2020-04-12 18:22:33:524] [vo.logVo.LogVo.<init>] [INFO] 日志实例已初始化...
[2020-04-12 18:22:33:524] [vo.logVo.LogVo.<init>] [INFO] 日志实例已初始化...
[2020-04-12 18:22:33:525] [vo.logVo.LogVo.<init>] [INFO] 日志实例已初始化...
[2020-04-12 18:22:33:526] [vo.logVo.LogVo.<init>] [INFO] 日志实例已初始化...
[2020-04-12 18:22:33:527] [vo.logVo.LogVo.<init>] [INFO] 日志实例已初始化...
[2020-04-12 18:22:33:528] [vo.logVo.LogVo.<init>] [INFO] 日志实例已初始化...
[2020-04-12 18:22:33:529] [vo.logVo.LogVo.<init>] [INFO] 日志实例已初始化...
[2020-04-12 18:22:33:530] [vo.logVo.LogVo.<init>] [INFO] 日志实例已初始化...
[2020-04-12 18:22:33:530] [vo.logVo.LogVo.<init>] [INFO] 日志实例已初始化...
[2020-04-12 18:22:33:531] [vo.logVo.LogVo.<init>] [INFO] 日志实例已初始化...
[2020-04-12 18:22:33:532] [vo.logVo.LogVo.<init>] [INFO] 日志实例已初始化...
[2020-04-12 18:22:33:532] [vo.logVo.LogVo.<init>] [INFO] 日志实例已初始化...
[2020-04-12 18:22:33:532] [vo.logVo.LogVo.<init>] [INFO] 日志实例已初始化...
[2020-04-12 18:22:33:533] [vo.logVo.LogVo.<init>] [INFO] 日志实例已初始化...
[2020-04-12 18:22:33:533] [vo.logVo.LogVo.<init>] [INFO] 日志实例已初始化...
[2020-04-12 18:22:33:533] [vo.logVo.LogVo.<init>] [INFO] 日志实例已初始化...
[2020-04-12 18:22:33:534] [vo.logVo.LogVo.<init>] [INFO] 日志实例已初始化...
[2020-04-12 18:22:33:535] [vo.logVo.LogVo.<init>] [INFO] 日志实例已初始化...
[2020-04-12 18:22:33:535] [vo.logVo.LogVo.<init>] [INFO] 日志实例已初始化...
[2020-04-12 18:22:33:536] [vo.logVo.LogVo.<init>] [INFO] 日志实例已初始化...
[2020-04-12 18:22:33:536] [vo.logVo.LogVo.<init>] [INFO] 日志实例已初始化...
[2020-04-12 18:22:33:537] [vo.logVo.LogVo.<init>] [INFO] 日志实例已初始化...
[2020-04-12 18:22:33:537] [vo.logVo.LogVo.<init>] [INFO] 日志实例已初始化...
[2020-04-12 18:22:33:537] [vo.logVo.LogVo.<init>] [INFO] 日志实例已初始化...
[2020-04-12 18:22:33:538] [vo.logVo.LogVo.<init>] [INFO] 日志实例已初始化...
[2020-04-12 18:22:33:538] [vo.logVo.LogVo.<init>] [INFO] 日志实例已初始化...
[2020-04-12 18:22:33:538] [vo.logVo.LogVo.<init>] [INFO] 日志实例已初始化...
[2020-04-12 18:22:33:539] [vo.logVo.LogVo.<init>] [INFO] 日志实例已初始化...
[2020-04-12 18:22:33:539] [vo.logVo.LogVo.<init>] [INFO] 日志实例已初始化...
[2020-04-12 18:22:33:539] [vo.logVo.LogVo.<init>] [INFO] 日志实例已初始化...
[2020-04-12 18:22:33:540] [vo.logVo.LogVo.<init>] [INFO] 日志实例已初始化...
[2020-04-12 18:22:33:542] [vo.logVo.LogVo.<init>] [INFO] 日志实例已初始化...
[2020-04-12 18:22:33:543] [vo.logVo.LogVo.<init>] [INFO] 日志实例已初始化...
[2020-04-12 18:22:33:544] [vo.logVo.LogVo.<init>] [INFO] 日志实例已初始化...
[2020-04-12 18:22:33:544] [vo.logVo.LogVo.<init>] [INFO] 日志实例已初始化...
[2020-04-12 18:22:33:544] [vo.logVo.LogVo.<init>] [INFO] 日志实例已初始化...
[2020-04-12 18:22:33:545] [vo.logVo.LogVo.<init>] [INFO] 日志实例已初始化...
[2020-04-12 18:22:33:545] [vo.logVo.LogVo.<init>] [INFO] 日志实例已初始化...
[2020-04-12 18:22:33:546] [vo.logVo.LogVo.<init>] [INFO] 日志实例已初始化...
[2020-04-12 18:22:33:546] [vo.logVo.LogVo.<init>] [INFO] 日志实例已初始化...
[2020-04-12 18:22:33:547] [vo.logVo.LogVo.<init>] [INFO] 日志实例已初始化...
[2020-04-12 18:22:33:547] [vo.logVo.LogVo.<init>] [INFO] 日志实例已初始化...
[2020-04-12 18:22:33:547] [vo.logVo.LogVo.<init>] [INFO] 日志实例已初始化...
[2020-04-12 18:22:33:548] [vo.logVo.LogVo.<init>] [INFO] 日志实例已初始化...
[2020-04-12 18:22:33:548] [vo.logVo.LogVo.<init>] [INFO] 日志实例已初始化...
[2020-04-12 18:22:33:548] [vo.logVo.LogVo.<init>] [INFO] 日志实例已初始化...
[2020-04-12 18:22:33:549] [vo.logVo.LogVo.<init>] [INFO] 日志实例已初始化...
[2020-04-12 18:22:33:549] [vo.logVo.LogVo.<init>] [INFO] 日志实例已初始化...
[2020-04-12 18:22:33:550] [vo.logVo.LogVo.<init>] [INFO] 日志实例已初始化...
[2020-04-12 18:22:33:550] [vo.logVo.LogVo.<init>] [INFO] 日志实例已初始化...
[2020-04-12 18:22:33:550] [vo.logVo.LogVo.<init>] [INFO] 日志实例已初始化...
[2020-04-12 18:22:33:551] [vo.logVo.LogVo.<init>] [INFO] 日志实例已初始化...
[2020-04-12 18:22:33:551] [vo.logVo.LogVo.<init>] [INFO] 日志实例已初始化...
[2020-04-12 18:22:33:551] [vo.logVo.LogVo.<init>] [INFO] 日志实例已初始化...
[2020-04-12 18:22:33:552] [vo.logVo.LogVo.<init>] [INFO] 日志实例已初始化...
[2020-04-12 18:22:33:552] [vo.logVo.LogVo.<init>] [INFO] 日志实例已初始化...
[2020-04-12 18:22:33:552] [vo.logVo.LogVo.<init>] [INFO] 日志实例已初始化...
[2020-04-12 18:22:33:553] [vo.logVo.LogVo.<init>] [INFO] 日志实例已初始化...
[2020-04-12 18:22:33:553] [vo.logVo.LogVo.<init>] [INFO] 日志实例已初始化...
[2020-04-12 18:22:33:554] [vo.logVo.LogVo.<init>] [INFO] 日志实例已初始化...
[2020-04-12 18:22:33:554] [vo.logVo.LogVo.<init>] [INFO] 日志实例已初始化...
[2020-04-12 18:22:33:555] [vo.logVo.LogVo.<init>] [INFO] 日志实例已初始化...
[2020-04-12 18:22:33:556] [vo.logVo.LogVo.<init>] [INFO] 日志实例已初始化...
[2020-04-12 18:22:33:556] [vo.logVo.LogVo.<init>] [INFO] 日志实例已初始化...
[2020-04-12 18:22:33:557] [vo.logVo.LogVo.<init>] [INFO] 日志实例已初始化...
[2020-04-12 18:22:33:559] [vo.logVo.LogVo.<init>] [INFO] 日志实例已初始化...
[2020-04-12 18:22:33:560] [vo.logVo.LogVo.<init>] [INFO] 日志实例已初始化...
[2020-04-12 18:22:33:561] [vo.logVo.LogVo.<init>] [INFO] 日志实例已初始化...
[2020-04-12 18:22:33:562] [vo.logVo.LogVo.<init>] [INFO] 日志实例已初始化...
[2020-04-12 18:22:33:562] [vo.logVo.LogVo.<init>] [INFO] 日志实例已初始化...
[2020-04-12 18:22:33:563] [vo.logVo.LogVo.<init>] [INFO] 日志实例已初始化...
[2020-04-12 18:22:33:563] [vo.logVo.LogVo.<init>] [INFO] 日志实例已初始化...
[2020-04-12 18:22:33:564] [vo.logVo.LogVo.<init>] [INFO] 日志实例已初始化...
[2020-04-12 18:22:33:564] [vo.logVo.LogVo.<init>] [INFO] 日志实例已初始化...
[2020-04-12 18:22:33:564] [vo.logVo.LogVo.<init>] [INFO] 日志实例已初始化...
[2020-04-12 18:22:33:564] [vo.logVo.LogVo.<init>] [INFO] 日志实例已初始化...
[2020-04-12 18:22:33:565] [vo.logVo.LogVo.<init>] [INFO] 日志实例已初始化...
[2020-04-12 18:22:33:565] [vo.logVo.LogVo.<init>] [INFO] 日志实例已初始化...
[2020-04-12 18:22:33:565] [vo.logVo.LogVo.<init>] [INFO] 日志实例已初始化...
[2020-04-12 18:22:33:566] [vo.logVo.LogVo.<init>] [INFO] 日志实例已初始化...
[2020-04-12 18:22:33:567] [vo.logVo.LogVo.<init>] [INFO] 日志实例已初始化...
[2020-04-12 18:22:33:567] [vo.logVo.LogVo.<init>] [INFO] 日志实例已初始化...
[2020-04-12 18:22:33:567] [vo.logVo.LogVo.<init>] [INFO] 日志实例已初始化...
[2020-04-12 18:22:33:568] [vo.logVo.LogVo.<init>] [INFO] 日志实例已初始化...
[2020-04-12 18:22:33:568] [vo.logVo.LogVo.<init>] [INFO] 日志实例已初始化...
[2020-04-12 18:22:33:569] [vo.logVo.LogVo.<init>] [INFO] 日志实例已初始化...
[2020-04-12 18:22:33:569] [vo.logVo.LogVo.<init>] [INFO] 日志实例已初始化...
[2020-04-12 18:22:33:570] [vo.logVo.LogVo.<init>] [INFO] 日志实例已初始化...
[2020-04-12 18:22:33:570] [vo.logVo.LogVo.<init>] [INFO] 日志实例已初始化...
[2020-04-12 18:22:33:571] [vo.logVo.LogVo.<init>] [INFO] 日志实例已初始化...
[2020-04-12 18:22:33:571] [vo.logVo.LogVo.<init>] [INFO] 日志实例已初始化...
[2020-04-12 18:22:33:571] [vo.logVo.LogVo.<init>] [INFO] 日志实例已初始化...
[2020-04-12 18:22:33:572] [vo.logVo.LogVo.<init>] [INFO] 日志实例已初始化...
[2020-04-12 18:22:33:573] [vo.logVo.LogVo.<init>] [INFO] 日志实例已初始化...
[2020-04-12 18:22:33:573] [vo.logVo.LogVo.<init>] [INFO] 日志实例已初始化...
[2020-04-12 18:22:33:574] [vo.logVo.LogVo.<init>] [INFO] 日志实例已初始化...
[2020-04-12 18:22:33:574] [vo.logVo.LogVo.<init>] [INFO] 日志实例已初始化...
[2020-04-12 18:22:33:574] [vo.logVo.LogVo.<init>] [INFO] 日志实例已初始化...
[2020-04-12 18:22:33:575] [vo.logVo.LogVo.<init>] [INFO] 日志实例已初始化...
[2020-04-12 18:22:33:575] [vo.logVo.LogVo.<init>] [INFO] 日志实例已初始化...
[2020-04-12 18:22:33:576] [vo.logVo.LogVo.<init>] [INFO] 日志实例已初始化...
[2020-04-12 18:22:33:576] [vo.logVo.LogVo.<init>] [INFO] 日志实例已初始化...
[2020-04-12 18:22:33:576] [vo.logVo.LogVo.<init>] [INFO] 日志实例已初始化...
[2020-04-12 18:22:33:577] [vo.logVo.LogVo.<init>] [INFO] 日志实例已初始化...
[2020-04-12 18:22:33:577] [vo.logVo.LogVo.<init>] [INFO] 日志实例已初始化...
[2020-04-12 18:22:33:578] [vo.logVo.LogVo.<init>] [INFO] 日志实例已初始化...
[2020-04-12 18:22:33:578] [vo.logVo.LogVo.<init>] [INFO] 日志实例已初始化...
[2020-04-12 18:22:33:578] [vo.logVo.LogVo.<init>] [INFO] 日志实例已初始化...
[2020-04-12 18:22:33:579] [vo.logVo.LogVo.<init>] [INFO] 日志实例已初始化...
[2020-04-12 18:22:33:579] [vo.logVo.LogVo.<init>] [INFO] 日志实例已初始化...
[2020-04-12 18:22:33:580] [vo.logVo.LogVo.<init>] [INFO] 日志实例已初始化...
[2020-04-12 18:22:33:580] [vo.logVo.LogVo.<init>] [INFO] 日志实例已初始化...
[2020-04-12 18:22:33:580] [vo.logVo.LogVo.<init>] [INFO] 日志实例已初始化...
[2020-04-12 18:22:33:581] [vo.logVo.LogVo.<init>] [INFO] 日志实例已初始化...
[2020-04-12 18:22:33:581] [vo.logVo.LogVo.<init>] [INFO] 日志实例已初始化...
[2020-04-12 18:22:33:581] [vo.logVo.LogVo.<init>] [INFO] 日志实例已初始化...
[2020-04-12 18:22:33:581] [vo.logVo.LogVo.<init>] [INFO] 日志实例已初始化...
[2020-04-12 18:22:33:582] [vo.logVo.LogVo.<init>] [INFO] 日志实例已初始化...
[2020-04-12 18:22:33:582] [vo.logVo.LogVo.<init>] [INFO] 日志实例已初始化...
[2020-04-12 18:22:33:583] [vo.logVo.LogVo.<init>] [INFO] 日志实例已初始化...
[2020-04-12 18:22:33:583] [vo.logVo.LogVo.<init>] [INFO] 日志实例已初始化...
[2020-04-12 18:22:33:584] [vo.logVo.LogVo.<init>] [INFO] 日志实例已初始化...
[2020-04-12 18:22:33:584] [vo.logVo.LogVo.<init>] [INFO] 日志实例已初始化...
[2020-04-12 18:22:33:585] [vo.logVo.LogVo.<init>] [INFO] 日志实例已初始化...
[2020-04-12 18:22:33:585] [vo.logVo.LogVo.<init>] [INFO] 日志实例已初始化...
[2020-04-12 18:22:33:586] [vo.logVo.LogVo.<init>] [INFO] 日志实例已初始化...
[2020-04-12 18:22:33:586] [vo.logVo.LogVo.<init>] [INFO] 日志实例已初始化...
[2020-04-12 18:22:33:587] [vo.logVo.LogVo.<init>] [INFO] 日志实例已初始化...
[2020-04-12 18:22:33:587] [vo.logVo.LogVo.<init>] [INFO] 日志实例已初始化...
[2020-04-12 18:22:33:587] [vo.logVo.LogVo.<init>] [INFO] 日志实例已初始化...
[2020-04-12 18:22:33:588] [vo.logVo.LogVo.<init>] [INFO] 日志实例已初始化...
[2020-04-12 18:22:33:589] [vo.logVo.LogVo.<init>] [INFO] 日志实例已初始化...
[2020-04-12 18:22:33:589] [vo.logVo.LogVo.<init>] [INFO] 日志实例已初始化...
[2020-04-12 18:22:33:590] [vo.logVo.LogVo.<init>] [INFO] 日志实例已初始化...
[2020-04-12 18:22:33:590] [vo.logVo.LogVo.<init>] [INFO] 日志实例已初始化...
[2020-04-12 18:22:33:591] [vo.logVo.LogVo.<init>] [INFO] 日志实例已初始化...
[2020-04-12 18:22:33:591] [vo.logVo.LogVo.<init>] [INFO] 日志实例已初始化...
[2020-04-12 18:22:33:592] [vo.logVo.LogVo.<init>] [INFO] 日志实例已初始化...
[2020-04-12 18:22:33:592] [vo.logVo.LogVo.<init>] [INFO] 日志实例已初始化...
[2020-04-12 18:22:33:592] [vo.logVo.LogVo.<init>] [INFO] 日志实例已初始化...
[2020-04-12 18:22:33:593] [vo.logVo.LogVo.<init>] [INFO] 日志实例已初始化...
[2020-04-12 18:22:33:593] [vo.logVo.LogVo.<init>] [INFO] 日志实例已初始化...
[2020-04-12 18:22:33:594] [vo.logVo.LogVo.<init>] [INFO] 日志实例已初始化...
[2020-04-12 18:22:33:594] [vo.logVo.LogVo.<init>] [INFO] 日志实例已初始化...
[2020-04-12 18:22:33:594] [vo.logVo.LogVo.<init>] [INFO] 日志实例已初始化...
[2020-04-12 18:22:33:594] [vo.logVo.LogVo.<init>] [INFO] 日志实例已初始化...
[2020-04-12 18:22:33:595] [vo.logVo.LogVo.<init>] [INFO] 日志实例已初始化...
[2020-04-12 18:22:33:595] [vo.logVo.LogVo.<init>] [INFO] 日志实例已初始化...
[2020-04-12 18:22:33:596] [vo.logVo.LogVo.<init>] [INFO] 日志实例已初始化...
[2020-04-12 18:22:33:596] [vo.logVo.LogVo.<init>] [INFO] 日志实例已初始化...
[2020-04-12 18:22:33:596] [vo.logVo.LogVo.<init>] [INFO] 日志实例已初始化...
[2020-04-12 18:22:33:597] [vo.logVo.LogVo.<init>] [INFO] 日志实例已初始化...
[2020-04-12 18:22:33:597] [vo.logVo.LogVo.<init>] [INFO] 日志实例已初始化...
[2020-04-12 18:22:33:597] [vo.logVo.LogVo.<init>] [INFO] 日志实例已初始化...
[2020-04-12 18:22:33:598] [vo.logVo.LogVo.<init>] [INFO] 日志实例已初始化...
[2020-04-12 18:22:33:598] [vo.logVo.LogVo.<init>] [INFO] 日志实例已初始化...
[2020-04-12 18:22:33:598] [vo.logVo.LogVo.<init>] [INFO] 日志实例已初始化...
[2020-04-12 18:22:33:599] [vo.logVo.LogVo.<init>] [INFO] 日志实例已初始化...
[2020-04-12 18:22:33:599] [vo.logVo.LogVo.<init>] [INFO] 日志实例已初始化...
[2020-04-12 18:22:33:599] [vo.logVo.LogVo.<init>] [INFO] 日志实例已初始化...
[2020-04-12 18:22:33:600] [vo.logVo.LogVo.<init>] [INFO] 日志实例已初始化...
[2020-04-12 18:22:33:600] [vo.logVo.LogVo.<init>] [INFO] 日志实例已初始化...
[2020-04-12 18:22:33:601] [vo.logVo.LogVo.<init>] [INFO] 日志实例已初始化...
[2020-04-12 18:22:33:601] [vo.logVo.LogVo.<init>] [INFO] 日志实例已初始化...
[2020-04-12 18:22:33:601] [vo.logVo.LogVo.<init>] [INFO] 日志实例已初始化...
[2020-04-12 18:22:33:602] [vo.logVo.LogVo.<init>] [INFO] 日志实例已初始化...
[2020-04-12 18:22:33:603] [vo.logVo.LogVo.<init>] [INFO] 日志实例已初始化...
[2020-04-12 18:22:33:603] [vo.logVo.LogVo.<init>] [INFO] 日志实例已初始化...
[2020-04-12 18:22:33:604] [vo.logVo.LogVo.<init>] [INFO] 日志实例已初始化...
[2020-04-12 18:22:33:604] [vo.logVo.LogVo.<init>] [INFO] 日志实例已初始化...
[2020-04-12 18:22:33:604] [vo.logVo.LogVo.<init>] [INFO] 日志实例已初始化...
[2020-04-12 18:22:33:605] [vo.logVo.LogVo.<init>] [INFO] 日志实例已初始化...
[2020-04-12 18:22:33:605] [vo.logVo.LogVo.<init>] [INFO] 日志实例已初始化...
[2020-04-12 18:22:33:606] [vo.logVo.LogVo.<init>] [INFO] 日志实例已初始化...
[2020-04-12 18:22:33:606] [vo.logVo.LogVo.<init>] [INFO] 日志实例已初始化...
[2020-04-12 18:22:33:607] [vo.logVo.LogVo.<init>] [INFO] 日志实例已初始化...
[2020-04-12 18:22:33:607] [vo.logVo.LogVo.<init>] [INFO] 日志实例已初始化...
[2020-04-12 18:22:33:607] [vo.logVo.LogVo.<init>] [INFO] 日志实例已初始化...
[2020-04-12 18:22:33:608] [vo.logVo.LogVo.<init>] [INFO] 日志实例已初始化...
[2020-04-12 18:22:33:608] [vo.logVo.LogVo.<init>] [INFO] 日志实例已初始化...
[2020-04-12 18:22:33:609] [vo.logVo.LogVo.<init>] [INFO] 日志实例已初始化...
[2020-04-12 18:22:33:609] [vo.logVo.LogVo.<init>] [INFO] 日志实例已初始化...
[2020-04-12 18:22:33:609] [vo.logVo.LogVo.<init>] [INFO] 日志实例已初始化...
[2020-04-12 18:22:33:610] [vo.logVo.LogVo.<init>] [INFO] 日志实例已初始化...
[2020-04-12 18:22:33:610] [vo.logVo.LogVo.<init>] [INFO] 日志实例已初始化...
[2020-04-12 18:22:33:611] [vo.logVo.LogVo.<init>] [INFO] 日志实例已初始化...
[2020-04-12 18:22:33:611] [vo.logVo.LogVo.<init>] [INFO] 日志实例已初始化...
[2020-04-12 18:22:33:611] [vo.logVo.LogVo.<init>] [INFO] 日志实例已初始化...
[2020-04-12 18:22:33:612] [vo.logVo.LogVo.<init>] [INFO] 日志实例已初始化...
[2020-04-12 18:22:33:612] [vo.logVo.LogVo.<init>] [INFO] 日志实例已初始化...
[2020-04-12 18:22:33:612] [vo.logVo.LogVo.<init>] [INFO] 日志实例已初始化...
[2020-04-12 18:22:33:613] [vo.logVo.LogVo.<init>] [INFO] 日志实例已初始化...
[2020-04-12 18:22:33:613] [vo.logVo.LogVo.<init>] [INFO] 日志实例已初始化...
[2020-04-12 18:22:33:613] [vo.logVo.LogVo.<init>] [INFO] 日志实例已初始化...
[2020-04-12 18:22:33:613] [vo.logVo.LogVo.<init>] [INFO] 日志实例已初始化...
[2020-04-12 18:22:33:614] [vo.logVo.LogVo.<init>] [INFO] 日志实例已初始化...
[2020-04-12 18:22:33:614] [vo.logVo.LogVo.<init>] [INFO] 日志实例已初始化...
[2020-04-12 18:22:33:614] [vo.logVo.LogVo.<init>] [INFO] 日志实例已初始化...
[2020-04-12 18:22:33:615] [vo.logVo.LogVo.<init>] [INFO] 日志实例已初始化...
[2020-04-12 18:22:33:615] [vo.logVo.LogVo.<init>] [INFO] 日志实例已初始化...
[2020-04-12 18:22:33:616] [vo.logVo.LogVo.<init>] [INFO] 日志实例已初始化...
[2020-04-12 18:22:33:616] [vo.logVo.LogVo.<init>] [INFO] 日志实例已初始化...
[2020-04-12 18:22:33:617] [vo.logVo.LogVo.<init>] [INFO] 日志实例已初始化...
[2020-04-12 18:22:33:617] [vo.logVo.LogVo.<init>] [INFO] 日志实例已初始化...
[2020-04-12 18:22:33:618] [vo.logVo.LogVo.<init>] [INFO] 日志实例已初始化...
[2020-04-12 18:22:33:618] [vo.logVo.LogVo.<init>] [INFO] 日志实例已初始化...
[2020-04-12 18:22:33:619] [vo.logVo.LogVo.<init>] [INFO] 日志实例已初始化...
[2020-04-12 18:22:33:619] [vo.logVo.LogVo.<init>] [INFO] 日志实例已初始化...
[2020-04-12 18:22:33:620] [vo.logVo.LogVo.<init>] [INFO] 日志实例已初始化...
[2020-04-12 18:22:33:620] [vo.logVo.LogVo.<init>] [INFO] 日志实例已初始化...
[2020-04-12 18:22:33:621] [vo.logVo.LogVo.<init>] [INFO] 日志实例已初始化...
[2020-04-12 18:22:33:621] [vo.logVo.LogVo.<init>] [INFO] 日志实例已初始化...
[2020-04-12 18:22:33:621] [vo.logVo.LogVo.<init>] [INFO] 日志实例已初始化...
[2020-04-12 18:22:33:622] [vo.logVo.LogVo.<init>] [INFO] 日志实例已初始化...
[2020-04-12 18:22:33:622] [vo.logVo.LogVo.<init>] [INFO] 日志实例已初始化...
[2020-04-12 18:22:33:622] [vo.logVo.LogVo.<init>] [INFO] 日志实例已初始化...
[2020-04-12 18:22:33:623] [vo.logVo.LogVo.<init>] [INFO] 日志实例已初始化...
[2020-04-12 18:22:33:623] [vo.logVo.LogVo.<init>] [INFO] 日志实例已初始化...
[2020-04-12 18:22:33:623] [vo.logVo.LogVo.<init>] [INFO] 日志实例已初始化...
[2020-04-12 18:22:33:624] [vo.logVo.LogVo.<init>] [INFO] 日志实例已初始化...
[2020-04-12 18:22:33:624] [vo.logVo.LogVo.<init>] [INFO] 日志实例已初始化...
[2020-04-12 18:22:33:624] [vo.logVo.LogVo.<init>] [INFO] 日志实例已初始化...
[2020-04-12 18:22:33:625] [vo.logVo.LogVo.<init>] [INFO] 日志实例已初始化...
[2020-04-12 18:22:33:625] [vo.logVo.LogVo.<init>] [INFO] 日志实例已初始化...
[2020-04-12 18:22:33:626] [vo.logVo.LogVo.<init>] [INFO] 日志实例已初始化...
[2020-04-12 18:22:33:626] [vo.logVo.LogVo.<init>] [INFO] 日志实例已初始化...
[2020-04-12 18:22:33:627] [vo.logVo.LogVo.<init>] [INFO] 日志实例已初始化...
[2020-04-12 18:22:33:627] [vo.logVo.LogVo.<init>] [INFO] 日志实例已初始化...
[2020-04-12 18:22:33:627] [vo.logVo.LogVo.<init>] [INFO] 日志实例已初始化...
[2020-04-12 18:22:33:628] [vo.logVo.LogVo.<init>] [INFO] 日志实例已初始化...
[2020-04-12 18:22:33:628] [vo.logVo.LogVo.<init>] [INFO] 日志实例已初始化...
[2020-04-12 18:22:33:628] [vo.logVo.LogVo.<init>] [INFO] 日志实例已初始化...
[2020-04-12 18:22:33:629] [vo.logVo.LogVo.<init>] [INFO] 日志实例已初始化...
[2020-04-12 18:22:33:629] [vo.logVo.LogVo.<init>] [INFO] 日志实例已初始化...
[2020-04-12 18:22:33:629] [vo.logVo.LogVo.<init>] [INFO] 日志实例已初始化...
[2020-04-12 18:22:33:630] [vo.logVo.LogVo.<init>] [INFO] 日志实例已初始化...
[2020-04-12 18:22:33:630] [vo.logVo.LogVo.<init>] [INFO] 日志实例已初始化...
[2020-04-12 18:22:33:630] [vo.logVo.LogVo.<init>] [INFO] 日志实例已初始化...
[2020-04-12 18:22:33:630] [vo.logVo.LogVo.<init>] [INFO] 日志实例已初始化...
[2020-04-12 18:22:33:631] [vo.logVo.LogVo.<init>] [INFO] 日志实例已初始化...
[2020-04-12 18:22:33:631] [vo.logVo.LogVo.<init>] [INFO] 日志实例已初始化...
[2020-04-12 18:22:33:631] [vo.logVo.LogVo.<init>] [INFO] 日志实例已初始化...
[2020-04-12 18:22:33:632] [vo.logVo.LogVo.<init>] [INFO] 日志实例已初始化...
[2020-04-12 18:22:33:632] [vo.logVo.LogVo.<init>] [INFO] 日志实例已初始化...
[2020-04-12 18:22:33:633] [vo.logVo.LogVo.<init>] [INFO] 日志实例已初始化...
[2020-04-12 18:22:33:633] [vo.logVo.LogVo.<init>] [INFO] 日志实例已初始化...
[2020-04-12 18:22:33:634] [vo.logVo.LogVo.<init>] [INFO] 日志实例已初始化...
[2020-04-12 18:22:33:634] [vo.logVo.LogVo.<init>] [INFO] 日志实例已初始化...
[2020-04-12 18:22:33:634] [vo.logVo.LogVo.<init>] [INFO] 日志实例已初始化...
[2020-04-12 18:22:33:635] [vo.logVo.LogVo.<init>] [INFO] 日志实例已初始化...
[2020-04-12 18:22:33:635] [vo.logVo.LogVo.<init>] [INFO] 日志实例已初始化...
[2020-04-12 18:22:33:635] [vo.logVo.LogVo.<init>] [INFO] 日志实例已初始化...
[2020-04-12 18:22:33:636] [vo.logVo.LogVo.<init>] [INFO] 日志实例已初始化...
[2020-04-12 18:22:33:636] [vo.logVo.LogVo.<init>] [INFO] 日志实例已初始化...
[2020-04-12 18:22:33:636] [vo.logVo.LogVo.<init>] [INFO] 日志实例已初始化...
[2020-04-12 18:22:33:637] [vo.logVo.LogVo.<init>] [INFO] 日志实例已初始化...
[2020-04-12 18:22:33:637] [vo.logVo.LogVo.<init>] [INFO] 日志实例已初始化...
[2020-04-12 18:22:33:637] [vo.logVo.LogVo.<init>] [INFO] 日志实例已初始化...
[2020-04-12 18:22:33:638] [vo.logVo.LogVo.<init>] [INFO] 日志实例已初始化...
[2020-04-12 18:22:33:638] [vo.logVo.LogVo.<init>] [INFO] 日志实例已初始化...
[2020-04-12 18:22:33:639] [vo.logVo.LogVo.<init>] [INFO] 日志实例已初始化...
[2020-04-12 18:22:33:639] [vo.logVo.LogVo.<init>] [INFO] 日志实例已初始化...
[2020-04-12 18:22:33:640] [vo.logVo.LogVo.<init>] [INFO] 日志实例已初始化...
[2020-04-12 18:22:33:640] [vo.logVo.LogVo.<init>] [INFO] 日志实例已初始化...
[2020-04-12 18:22:33:640] [vo.logVo.LogVo.<init>] [INFO] 日志实例已初始化...
[2020-04-12 18:22:33:641] [vo.logVo.LogVo.<init>] [INFO] 日志实例已初始化...
[2020-04-12 18:22:33:641] [vo.logVo.LogVo.<init>] [INFO] 日志实例已初始化...
[2020-04-12 18:22:33:642] [vo.logVo.LogVo.<init>] [INFO] 日志实例已初始化...
[2020-04-12 18:22:33:642] [vo.logVo.LogVo.<init>] [INFO] 日志实例已初始化...
[2020-04-12 18:22:33:643] [vo.logVo.LogVo.<init>] [INFO] 日志实例已初始化...
[2020-04-12 18:22:33:643] [vo.logVo.LogVo.<init>] [INFO] 日志实例已初始化...
[2020-04-12 18:22:33:644] [vo.logVo.LogVo.<init>] [INFO] 日志实例已初始化...
[2020-04-12 18:22:33:644] [vo.logVo.LogVo.<init>] [INFO] 日志实例已初始化...
[2020-04-12 18:22:33:644] [vo.logVo.LogVo.<init>] [INFO] 日志实例已初始化...
[2020-04-12 18:22:33:645] [vo.logVo.LogVo.<init>] [INFO] 日志实例已初始化...
[2020-04-12 18:22:33:645] [vo.logVo.LogVo.<init>] [INFO] 日志实例已初始化...
[2020-04-12 18:22:33:646] [vo.logVo.LogVo.<init>] [INFO] 日志实例已初始化...
[2020-04-12 18:22:33:646] [vo.logVo.LogVo.<init>] [INFO] 日志实例已初始化...
[2020-04-12 18:22:33:646] [vo.logVo.LogVo.<init>] [INFO] 日志实例已初始化...
[2020-04-12 18:22:33:647] [vo.logVo.LogVo.<init>] [INFO] 日志实例已初始化...
[2020-04-12 18:22:33:647] [vo.logVo.LogVo.<init>] [INFO] 日志实例已初始化...
[2020-04-12 18:22:33:647] [vo.logVo.LogVo.<init>] [INFO] 日志实例已初始化...
[2020-04-12 18:22:33:648] [vo.logVo.LogVo.<init>] [INFO] 日志实例已初始化...
[2020-04-12 18:22:33:649] [vo.logVo.LogVo.<init>] [INFO] 日志实例已初始化...
[2020-04-12 18:22:33:650] [vo.logVo.LogVo.<init>] [INFO] 日志实例已初始化...
[2020-04-12 18:22:33:650] [vo.logVo.LogVo.<init>] [INFO] 日志实例已初始化...
[2020-04-12 18:22:33:651] [vo.logVo.LogVo.<init>] [INFO] 日志实例已初始化...
[2020-04-12 18:22:33:651] [vo.logVo.LogVo.<init>] [INFO] 日志实例已初始化...
[2020-04-12 18:22:33:651] [vo.logVo.LogVo.<init>] [INFO] 日志实例已初始化...
[2020-04-12 18:22:33:652] [vo.logVo.LogVo.<init>] [INFO] 日志实例已初始化...
[2020-04-12 18:22:33:652] [vo.logVo.LogVo.<init>] [INFO] 日志实例已初始化...
[2020-04-12 18:22:33:653] [vo.logVo.LogVo.<init>] [INFO] 日志实例已初始化...
[2020-04-12 18:22:33:653] [vo.logVo.LogVo.<init>] [INFO] 日志实例已初始化...
[2020-04-12 18:22:33:653] [vo.logVo.LogVo.<init>] [INFO] 日志实例已初始化...
[2020-04-12 18:22:33:653] [vo.logVo.LogVo.<init>] [INFO] 日志实例已初始化...
[2020-04-12 18:22:33:654] [vo.logVo.LogVo.<init>] [INFO] 日志实例已初始化...
[2020-04-12 18:22:33:654] [vo.logVo.LogVo.<init>] [INFO] 日志实例已初始化...
[2020-04-12 18:22:33:655] [vo.logVo.LogVo.<init>] [INFO] 日志实例已初始化...
[2020-04-12 18:22:33:655] [vo.logVo.LogVo.<init>] [INFO] 日志实例已初始化...
[2020-04-12 18:22:33:656] [vo.logVo.LogVo.<init>] [INFO] 日志实例已初始化...
[2020-04-12 18:22:33:656] [vo.logVo.LogVo.<init>] [INFO] 日志实例已初始化...
[2020-04-12 18:22:33:656] [vo.logVo.LogVo.<init>] [INFO] 日志实例已初始化...
[2020-04-12 18:22:33:657] [vo.logVo.LogVo.<init>] [INFO] 日志实例已初始化...
[2020-04-12 18:22:33:657] [vo.logVo.LogVo.<init>] [INFO] 日志实例已初始化...
[2020-04-12 18:22:33:657] [vo.logVo.LogVo.<init>] [INFO] 日志实例已初始化...
[2020-04-12 18:22:33:658] [vo.logVo.LogVo.<init>] [INFO] 日志实例已初始化...
[2020-04-12 18:22:33:658] [vo.logVo.LogVo.<init>] [INFO] 日志实例已初始化...
[2020-04-12 18:22:33:659] [vo.logVo.LogVo.<init>] [INFO] 日志实例已初始化...
[2020-04-12 18:22:33:659] [vo.logVo.LogVo.<init>] [INFO] 日志实例已初始化...
[2020-04-12 18:22:33:659] [vo.logVo.LogVo.<init>] [INFO] 日志实例已初始化...
[2020-04-12 18:22:33:660] [vo.logVo.LogVo.<init>] [INFO] 日志实例已初始化...
[2020-04-12 18:22:33:660] [vo.logVo.LogVo.<init>] [INFO] 日志实例已初始化...
[2020-04-12 18:22:33:661] [vo.logVo.LogVo.<init>] [INFO] 日志实例已初始化...
[2020-04-12 18:22:33:661] [vo.logVo.LogVo.<init>] [INFO] 日志实例已初始化...
[2020-04-12 18:22:33:661] [vo.logVo.LogVo.<init>] [INFO] 日志实例已初始化...
[2020-04-12 18:22:33:662] [vo.logVo.LogVo.<init>] [INFO] 日志实例已初始化...
[2020-04-12 18:22:33:662] [vo.logVo.LogVo.<init>] [INFO] 日志实例已初始化...
[2020-04-12 18:22:33:662] [vo.logVo.LogVo.<init>] [INFO] 日志实例已初始化...
[2020-04-12 18:22:33:663] [vo.logVo.LogVo.<init>] [INFO] 日志实例已初始化...
[2020-04-12 18:22:33:681] [vo.logVo.LogVo.<init>] [INFO] 日志实例已初始化...
[2020-04-12 18:22:33:686] [vo.logVo.LogVo.<init>] [INFO] 日志实例已初始化...
[2020-04-12 18:22:33:792] [action.userAction.LoginAction.execute] [INFO] 该用户已登录，请稍后再试！
[2020-04-12 18:22:55:937] [util.MyApplicationContextAnnotion.<init>] [INFO] 获取上下文工具类初始化成功!
[2020-04-12 18:22:56:291] [aop.AnnotationCommenAop.<init>] [INFO] 注解式切面已初始化...
[2020-04-12 18:22:57:944] [vo.logVo.LogVo.<init>] [INFO] 日志实例已初始化...
[2020-04-12 18:22:58:550] [aop.ConfigCommenAop.<init>] [INFO] 切面已初始化...
[2020-04-12 18:22:58:613] [vo.logVo.LogVo.<init>] [INFO] 日志实例已初始化...
[2020-04-12 18:22:58:628] [webservice.WebServiceInterface.<init>] [INFO] spring管理web service1
[2020-04-12 18:23:49:387] [vo.logVo.LogVo.<init>] [INFO] 日志实例已初始化...
[2020-04-12 18:23:49:395] [vo.logVo.LogVo.<init>] [INFO] 日志实例已初始化...
[2020-04-12 18:23:49:396] [vo.logVo.LogVo.<init>] [INFO] 日志实例已初始化...
[2020-04-12 18:23:49:397] [vo.logVo.LogVo.<init>] [INFO] 日志实例已初始化...
[2020-04-12 18:23:49:398] [vo.logVo.LogVo.<init>] [INFO] 日志实例已初始化...
[2020-04-12 18:23:49:399] [vo.logVo.LogVo.<init>] [INFO] 日志实例已初始化...
[2020-04-12 18:23:49:400] [vo.logVo.LogVo.<init>] [INFO] 日志实例已初始化...
[2020-04-12 18:23:49:402] [vo.logVo.LogVo.<init>] [INFO] 日志实例已初始化...
[2020-04-12 18:23:49:404] [vo.logVo.LogVo.<init>] [INFO] 日志实例已初始化...
[2020-04-12 18:23:49:405] [vo.logVo.LogVo.<init>] [INFO] 日志实例已初始化...
[2020-04-12 18:23:49:405] [vo.logVo.LogVo.<init>] [INFO] 日志实例已初始化...
[2020-04-12 18:23:49:406] [vo.logVo.LogVo.<init>] [INFO] 日志实例已初始化...
[2020-04-12 18:23:49:407] [vo.logVo.LogVo.<init>] [INFO] 日志实例已初始化...
[2020-04-12 18:23:49:408] [vo.logVo.LogVo.<init>] [INFO] 日志实例已初始化...
[2020-04-12 18:23:49:409] [vo.logVo.LogVo.<init>] [INFO] 日志实例已初始化...
[2020-04-12 18:23:49:409] [vo.logVo.LogVo.<init>] [INFO] 日志实例已初始化...
[2020-04-12 18:23:49:409] [vo.logVo.LogVo.<init>] [INFO] 日志实例已初始化...
[2020-04-12 18:23:49:411] [vo.logVo.LogVo.<init>] [INFO] 日志实例已初始化...
[2020-04-12 18:23:49:411] [vo.logVo.LogVo.<init>] [INFO] 日志实例已初始化...
[2020-04-12 18:23:49:411] [vo.logVo.LogVo.<init>] [INFO] 日志实例已初始化...
[2020-04-12 18:23:49:411] [vo.logVo.LogVo.<init>] [INFO] 日志实例已初始化...
[2020-04-12 18:23:49:412] [vo.logVo.LogVo.<init>] [INFO] 日志实例已初始化...
[2020-04-12 18:23:49:413] [vo.logVo.LogVo.<init>] [INFO] 日志实例已初始化...
[2020-04-12 18:23:49:414] [vo.logVo.LogVo.<init>] [INFO] 日志实例已初始化...
[2020-04-12 18:23:49:416] [vo.logVo.LogVo.<init>] [INFO] 日志实例已初始化...
[2020-04-12 18:23:49:418] [vo.logVo.LogVo.<init>] [INFO] 日志实例已初始化...
[2020-04-12 18:23:49:419] [vo.logVo.LogVo.<init>] [INFO] 日志实例已初始化...
[2020-04-12 18:23:49:420] [vo.logVo.LogVo.<init>] [INFO] 日志实例已初始化...
[2020-04-12 18:23:49:421] [vo.logVo.LogVo.<init>] [INFO] 日志实例已初始化...
[2020-04-12 18:23:49:422] [vo.logVo.LogVo.<init>] [INFO] 日志实例已初始化...
[2020-04-12 18:23:49:423] [vo.logVo.LogVo.<init>] [INFO] 日志实例已初始化...
[2020-04-12 18:23:49:424] [vo.logVo.LogVo.<init>] [INFO] 日志实例已初始化...
[2020-04-12 18:23:49:425] [vo.logVo.LogVo.<init>] [INFO] 日志实例已初始化...
[2020-04-12 18:23:49:425] [vo.logVo.LogVo.<init>] [INFO] 日志实例已初始化...
[2020-04-12 18:23:49:426] [vo.logVo.LogVo.<init>] [INFO] 日志实例已初始化...
[2020-04-12 18:23:49:427] [vo.logVo.LogVo.<init>] [INFO] 日志实例已初始化...
[2020-04-12 18:23:49:428] [vo.logVo.LogVo.<init>] [INFO] 日志实例已初始化...
[2020-04-12 18:23:49:429] [vo.logVo.LogVo.<init>] [INFO] 日志实例已初始化...
[2020-04-12 18:23:49:437] [vo.logVo.LogVo.<init>] [INFO] 日志实例已初始化...
[2020-04-12 18:23:49:441] [vo.logVo.LogVo.<init>] [INFO] 日志实例已初始化...
[2020-04-12 18:23:49:442] [vo.logVo.LogVo.<init>] [INFO] 日志实例已初始化...
[2020-04-12 18:23:49:445] [vo.logVo.LogVo.<init>] [INFO] 日志实例已初始化...
[2020-04-12 18:23:49:446] [vo.logVo.LogVo.<init>] [INFO] 日志实例已初始化...
[2020-04-12 18:23:49:451] [vo.logVo.LogVo.<init>] [INFO] 日志实例已初始化...
[2020-04-12 18:23:49:452] [vo.logVo.LogVo.<init>] [INFO] 日志实例已初始化...
[2020-04-12 18:23:49:455] [vo.logVo.LogVo.<init>] [INFO] 日志实例已初始化...
[2020-04-12 18:23:49:456] [vo.logVo.LogVo.<init>] [INFO] 日志实例已初始化...
[2020-04-12 18:23:49:457] [vo.logVo.LogVo.<init>] [INFO] 日志实例已初始化...
[2020-04-12 18:23:49:459] [vo.logVo.LogVo.<init>] [INFO] 日志实例已初始化...
[2020-04-12 18:23:49:461] [vo.logVo.LogVo.<init>] [INFO] 日志实例已初始化...
[2020-04-12 18:23:49:466] [vo.logVo.LogVo.<init>] [INFO] 日志实例已初始化...
[2020-04-12 18:23:49:468] [vo.logVo.LogVo.<init>] [INFO] 日志实例已初始化...
[2020-04-12 18:23:49:471] [vo.logVo.LogVo.<init>] [INFO] 日志实例已初始化...
[2020-04-12 18:23:49:472] [vo.logVo.LogVo.<init>] [INFO] 日志实例已初始化...
[2020-04-12 18:23:49:474] [vo.logVo.LogVo.<init>] [INFO] 日志实例已初始化...
[2020-04-12 18:23:49:475] [vo.logVo.LogVo.<init>] [INFO] 日志实例已初始化...
[2020-04-12 18:23:49:476] [vo.logVo.LogVo.<init>] [INFO] 日志实例已初始化...
[2020-04-12 18:23:49:477] [vo.logVo.LogVo.<init>] [INFO] 日志实例已初始化...
[2020-04-12 18:23:49:477] [vo.logVo.LogVo.<init>] [INFO] 日志实例已初始化...
[2020-04-12 18:23:49:478] [vo.logVo.LogVo.<init>] [INFO] 日志实例已初始化...
[2020-04-12 18:23:49:479] [vo.logVo.LogVo.<init>] [INFO] 日志实例已初始化...
[2020-04-12 18:23:49:480] [vo.logVo.LogVo.<init>] [INFO] 日志实例已初始化...
[2020-04-12 18:23:49:481] [vo.logVo.LogVo.<init>] [INFO] 日志实例已初始化...
[2020-04-12 18:23:49:482] [vo.logVo.LogVo.<init>] [INFO] 日志实例已初始化...
[2020-04-12 18:23:49:483] [vo.logVo.LogVo.<init>] [INFO] 日志实例已初始化...
[2020-04-12 18:23:49:484] [vo.logVo.LogVo.<init>] [INFO] 日志实例已初始化...
[2020-04-12 18:23:49:485] [vo.logVo.LogVo.<init>] [INFO] 日志实例已初始化...
[2020-04-12 18:23:49:486] [vo.logVo.LogVo.<init>] [INFO] 日志实例已初始化...
[2020-04-12 18:23:49:486] [vo.logVo.LogVo.<init>] [INFO] 日志实例已初始化...
[2020-04-12 18:23:49:487] [vo.logVo.LogVo.<init>] [INFO] 日志实例已初始化...
[2020-04-12 18:23:49:488] [vo.logVo.LogVo.<init>] [INFO] 日志实例已初始化...
[2020-04-12 18:23:49:489] [vo.logVo.LogVo.<init>] [INFO] 日志实例已初始化...
[2020-04-12 18:23:49:489] [vo.logVo.LogVo.<init>] [INFO] 日志实例已初始化...
[2020-04-12 18:23:49:490] [vo.logVo.LogVo.<init>] [INFO] 日志实例已初始化...
[2020-04-12 18:23:49:490] [vo.logVo.LogVo.<init>] [INFO] 日志实例已初始化...
[2020-04-12 18:23:49:491] [vo.logVo.LogVo.<init>] [INFO] 日志实例已初始化...
[2020-04-12 18:23:49:491] [vo.logVo.LogVo.<init>] [INFO] 日志实例已初始化...
[2020-04-12 18:23:49:492] [vo.logVo.LogVo.<init>] [INFO] 日志实例已初始化...
[2020-04-12 18:23:49:493] [vo.logVo.LogVo.<init>] [INFO] 日志实例已初始化...
[2020-04-12 18:23:49:493] [vo.logVo.LogVo.<init>] [INFO] 日志实例已初始化...
[2020-04-12 18:23:49:494] [vo.logVo.LogVo.<init>] [INFO] 日志实例已初始化...
[2020-04-12 18:23:49:494] [vo.logVo.LogVo.<init>] [INFO] 日志实例已初始化...
[2020-04-12 18:23:49:495] [vo.logVo.LogVo.<init>] [INFO] 日志实例已初始化...
[2020-04-12 18:23:49:496] [vo.logVo.LogVo.<init>] [INFO] 日志实例已初始化...
[2020-04-12 18:23:49:496] [vo.logVo.LogVo.<init>] [INFO] 日志实例已初始化...
[2020-04-12 18:23:49:497] [vo.logVo.LogVo.<init>] [INFO] 日志实例已初始化...
[2020-04-12 18:23:49:497] [vo.logVo.LogVo.<init>] [INFO] 日志实例已初始化...
[2020-04-12 18:23:49:497] [vo.logVo.LogVo.<init>] [INFO] 日志实例已初始化...
[2020-04-12 18:23:49:498] [vo.logVo.LogVo.<init>] [INFO] 日志实例已初始化...
[2020-04-12 18:23:49:498] [vo.logVo.LogVo.<init>] [INFO] 日志实例已初始化...
[2020-04-12 18:23:49:499] [vo.logVo.LogVo.<init>] [INFO] 日志实例已初始化...
[2020-04-12 18:23:49:499] [vo.logVo.LogVo.<init>] [INFO] 日志实例已初始化...
[2020-04-12 18:23:49:499] [vo.logVo.LogVo.<init>] [INFO] 日志实例已初始化...
[2020-04-12 18:23:49:500] [vo.logVo.LogVo.<init>] [INFO] 日志实例已初始化...
[2020-04-12 18:23:49:502] [vo.logVo.LogVo.<init>] [INFO] 日志实例已初始化...
[2020-04-12 18:23:49:503] [vo.logVo.LogVo.<init>] [INFO] 日志实例已初始化...
[2020-04-12 18:23:49:504] [vo.logVo.LogVo.<init>] [INFO] 日志实例已初始化...
[2020-04-12 18:23:49:505] [vo.logVo.LogVo.<init>] [INFO] 日志实例已初始化...
[2020-04-12 18:23:49:506] [vo.logVo.LogVo.<init>] [INFO] 日志实例已初始化...
[2020-04-12 18:23:49:506] [vo.logVo.LogVo.<init>] [INFO] 日志实例已初始化...
[2020-04-12 18:23:49:507] [vo.logVo.LogVo.<init>] [INFO] 日志实例已初始化...
[2020-04-12 18:23:49:507] [vo.logVo.LogVo.<init>] [INFO] 日志实例已初始化...
[2020-04-12 18:23:49:508] [vo.logVo.LogVo.<init>] [INFO] 日志实例已初始化...
[2020-04-12 18:23:49:508] [vo.logVo.LogVo.<init>] [INFO] 日志实例已初始化...
[2020-04-12 18:23:49:509] [vo.logVo.LogVo.<init>] [INFO] 日志实例已初始化...
[2020-04-12 18:23:49:510] [vo.logVo.LogVo.<init>] [INFO] 日志实例已初始化...
[2020-04-12 18:23:49:510] [vo.logVo.LogVo.<init>] [INFO] 日志实例已初始化...
[2020-04-12 18:23:49:511] [vo.logVo.LogVo.<init>] [INFO] 日志实例已初始化...
[2020-04-12 18:23:49:511] [vo.logVo.LogVo.<init>] [INFO] 日志实例已初始化...
[2020-04-12 18:23:49:512] [vo.logVo.LogVo.<init>] [INFO] 日志实例已初始化...
[2020-04-12 18:23:49:512] [vo.logVo.LogVo.<init>] [INFO] 日志实例已初始化...
[2020-04-12 18:23:49:512] [vo.logVo.LogVo.<init>] [INFO] 日志实例已初始化...
[2020-04-12 18:23:49:513] [vo.logVo.LogVo.<init>] [INFO] 日志实例已初始化...
[2020-04-12 18:23:49:514] [vo.logVo.LogVo.<init>] [INFO] 日志实例已初始化...
[2020-04-12 18:23:49:514] [vo.logVo.LogVo.<init>] [INFO] 日志实例已初始化...
[2020-04-12 18:23:49:515] [vo.logVo.LogVo.<init>] [INFO] 日志实例已初始化...
[2020-04-12 18:23:49:515] [vo.logVo.LogVo.<init>] [INFO] 日志实例已初始化...
[2020-04-12 18:23:49:516] [vo.logVo.LogVo.<init>] [INFO] 日志实例已初始化...
[2020-04-12 18:23:49:516] [vo.logVo.LogVo.<init>] [INFO] 日志实例已初始化...
[2020-04-12 18:23:49:517] [vo.logVo.LogVo.<init>] [INFO] 日志实例已初始化...
[2020-04-12 18:23:49:518] [vo.logVo.LogVo.<init>] [INFO] 日志实例已初始化...
[2020-04-12 18:23:49:519] [vo.logVo.LogVo.<init>] [INFO] 日志实例已初始化...
[2020-04-12 18:23:49:520] [vo.logVo.LogVo.<init>] [INFO] 日志实例已初始化...
[2020-04-12 18:23:49:521] [vo.logVo.LogVo.<init>] [INFO] 日志实例已初始化...
[2020-04-12 18:23:49:521] [vo.logVo.LogVo.<init>] [INFO] 日志实例已初始化...
[2020-04-12 18:23:49:522] [vo.logVo.LogVo.<init>] [INFO] 日志实例已初始化...
[2020-04-12 18:23:49:523] [vo.logVo.LogVo.<init>] [INFO] 日志实例已初始化...
[2020-04-12 18:23:49:523] [vo.logVo.LogVo.<init>] [INFO] 日志实例已初始化...
[2020-04-12 18:23:49:525] [vo.logVo.LogVo.<init>] [INFO] 日志实例已初始化...
[2020-04-12 18:23:49:526] [vo.logVo.LogVo.<init>] [INFO] 日志实例已初始化...
[2020-04-12 18:23:49:528] [vo.logVo.LogVo.<init>] [INFO] 日志实例已初始化...
[2020-04-12 18:23:49:529] [vo.logVo.LogVo.<init>] [INFO] 日志实例已初始化...
[2020-04-12 18:23:49:530] [vo.logVo.LogVo.<init>] [INFO] 日志实例已初始化...
[2020-04-12 18:23:49:531] [vo.logVo.LogVo.<init>] [INFO] 日志实例已初始化...
[2020-04-12 18:23:49:531] [vo.logVo.LogVo.<init>] [INFO] 日志实例已初始化...
[2020-04-12 18:23:49:532] [vo.logVo.LogVo.<init>] [INFO] 日志实例已初始化...
[2020-04-12 18:23:49:532] [vo.logVo.LogVo.<init>] [INFO] 日志实例已初始化...
[2020-04-12 18:23:49:533] [vo.logVo.LogVo.<init>] [INFO] 日志实例已初始化...
[2020-04-12 18:23:49:534] [vo.logVo.LogVo.<init>] [INFO] 日志实例已初始化...
[2020-04-12 18:23:49:535] [vo.logVo.LogVo.<init>] [INFO] 日志实例已初始化...
[2020-04-12 18:23:49:536] [vo.logVo.LogVo.<init>] [INFO] 日志实例已初始化...
[2020-04-12 18:23:49:537] [vo.logVo.LogVo.<init>] [INFO] 日志实例已初始化...
[2020-04-12 18:23:49:538] [vo.logVo.LogVo.<init>] [INFO] 日志实例已初始化...
[2020-04-12 18:23:49:538] [vo.logVo.LogVo.<init>] [INFO] 日志实例已初始化...
[2020-04-12 18:23:49:540] [vo.logVo.LogVo.<init>] [INFO] 日志实例已初始化...
[2020-04-12 18:23:49:541] [vo.logVo.LogVo.<init>] [INFO] 日志实例已初始化...
[2020-04-12 18:23:49:542] [vo.logVo.LogVo.<init>] [INFO] 日志实例已初始化...
[2020-04-12 18:23:49:543] [vo.logVo.LogVo.<init>] [INFO] 日志实例已初始化...
[2020-04-12 18:23:49:543] [vo.logVo.LogVo.<init>] [INFO] 日志实例已初始化...
[2020-04-12 18:23:49:544] [vo.logVo.LogVo.<init>] [INFO] 日志实例已初始化...
[2020-04-12 18:23:49:544] [vo.logVo.LogVo.<init>] [INFO] 日志实例已初始化...
[2020-04-12 18:23:49:545] [vo.logVo.LogVo.<init>] [INFO] 日志实例已初始化...
[2020-04-12 18:23:49:545] [vo.logVo.LogVo.<init>] [INFO] 日志实例已初始化...
[2020-04-12 18:23:49:546] [vo.logVo.LogVo.<init>] [INFO] 日志实例已初始化...
[2020-04-12 18:23:49:547] [vo.logVo.LogVo.<init>] [INFO] 日志实例已初始化...
[2020-04-12 18:23:49:547] [vo.logVo.LogVo.<init>] [INFO] 日志实例已初始化...
[2020-04-12 18:23:49:548] [vo.logVo.LogVo.<init>] [INFO] 日志实例已初始化...
[2020-04-12 18:23:49:548] [vo.logVo.LogVo.<init>] [INFO] 日志实例已初始化...
[2020-04-12 18:23:49:549] [vo.logVo.LogVo.<init>] [INFO] 日志实例已初始化...
[2020-04-12 18:23:49:550] [vo.logVo.LogVo.<init>] [INFO] 日志实例已初始化...
[2020-04-12 18:23:49:551] [vo.logVo.LogVo.<init>] [INFO] 日志实例已初始化...
[2020-04-12 18:23:49:552] [vo.logVo.LogVo.<init>] [INFO] 日志实例已初始化...
[2020-04-12 18:23:49:553] [vo.logVo.LogVo.<init>] [INFO] 日志实例已初始化...
[2020-04-12 18:23:49:553] [vo.logVo.LogVo.<init>] [INFO] 日志实例已初始化...
[2020-04-12 18:23:49:554] [vo.logVo.LogVo.<init>] [INFO] 日志实例已初始化...
[2020-04-12 18:23:49:555] [vo.logVo.LogVo.<init>] [INFO] 日志实例已初始化...
[2020-04-12 18:23:49:555] [vo.logVo.LogVo.<init>] [INFO] 日志实例已初始化...
[2020-04-12 18:23:49:556] [vo.logVo.LogVo.<init>] [INFO] 日志实例已初始化...
[2020-04-12 18:23:49:557] [vo.logVo.LogVo.<init>] [INFO] 日志实例已初始化...
[2020-04-12 18:23:49:557] [vo.logVo.LogVo.<init>] [INFO] 日志实例已初始化...
[2020-04-12 18:23:49:558] [vo.logVo.LogVo.<init>] [INFO] 日志实例已初始化...
[2020-04-12 18:23:49:562] [vo.logVo.LogVo.<init>] [INFO] 日志实例已初始化...
[2020-04-12 18:23:49:566] [vo.logVo.LogVo.<init>] [INFO] 日志实例已初始化...
[2020-04-12 18:23:49:569] [vo.logVo.LogVo.<init>] [INFO] 日志实例已初始化...
[2020-04-12 18:23:49:571] [vo.logVo.LogVo.<init>] [INFO] 日志实例已初始化...
[2020-04-12 18:23:49:572] [vo.logVo.LogVo.<init>] [INFO] 日志实例已初始化...
[2020-04-12 18:23:49:573] [vo.logVo.LogVo.<init>] [INFO] 日志实例已初始化...
[2020-04-12 18:23:49:574] [vo.logVo.LogVo.<init>] [INFO] 日志实例已初始化...
[2020-04-12 18:23:49:574] [vo.logVo.LogVo.<init>] [INFO] 日志实例已初始化...
[2020-04-12 18:23:49:575] [vo.logVo.LogVo.<init>] [INFO] 日志实例已初始化...
[2020-04-12 18:23:49:575] [vo.logVo.LogVo.<init>] [INFO] 日志实例已初始化...
[2020-04-12 18:23:49:576] [vo.logVo.LogVo.<init>] [INFO] 日志实例已初始化...
[2020-04-12 18:23:49:576] [vo.logVo.LogVo.<init>] [INFO] 日志实例已初始化...
[2020-04-12 18:23:49:577] [vo.logVo.LogVo.<init>] [INFO] 日志实例已初始化...
[2020-04-12 18:23:49:578] [vo.logVo.LogVo.<init>] [INFO] 日志实例已初始化...
[2020-04-12 18:23:49:579] [vo.logVo.LogVo.<init>] [INFO] 日志实例已初始化...
[2020-04-12 18:23:49:579] [vo.logVo.LogVo.<init>] [INFO] 日志实例已初始化...
[2020-04-12 18:23:49:580] [vo.logVo.LogVo.<init>] [INFO] 日志实例已初始化...
[2020-04-12 18:23:49:581] [vo.logVo.LogVo.<init>] [INFO] 日志实例已初始化...
[2020-04-12 18:23:49:582] [vo.logVo.LogVo.<init>] [INFO] 日志实例已初始化...
[2020-04-12 18:23:49:583] [vo.logVo.LogVo.<init>] [INFO] 日志实例已初始化...
[2020-04-12 18:23:49:584] [vo.logVo.LogVo.<init>] [INFO] 日志实例已初始化...
[2020-04-12 18:23:49:584] [vo.logVo.LogVo.<init>] [INFO] 日志实例已初始化...
[2020-04-12 18:23:49:585] [vo.logVo.LogVo.<init>] [INFO] 日志实例已初始化...
[2020-04-12 18:23:49:586] [vo.logVo.LogVo.<init>] [INFO] 日志实例已初始化...
[2020-04-12 18:23:49:587] [vo.logVo.LogVo.<init>] [INFO] 日志实例已初始化...
[2020-04-12 18:23:49:588] [vo.logVo.LogVo.<init>] [INFO] 日志实例已初始化...
[2020-04-12 18:23:49:589] [vo.logVo.LogVo.<init>] [INFO] 日志实例已初始化...
[2020-04-12 18:23:49:590] [vo.logVo.LogVo.<init>] [INFO] 日志实例已初始化...
[2020-04-12 18:23:49:591] [vo.logVo.LogVo.<init>] [INFO] 日志实例已初始化...
[2020-04-12 18:23:49:592] [vo.logVo.LogVo.<init>] [INFO] 日志实例已初始化...
[2020-04-12 18:23:49:593] [vo.logVo.LogVo.<init>] [INFO] 日志实例已初始化...
[2020-04-12 18:23:49:593] [vo.logVo.LogVo.<init>] [INFO] 日志实例已初始化...
[2020-04-12 18:23:49:594] [vo.logVo.LogVo.<init>] [INFO] 日志实例已初始化...
[2020-04-12 18:23:49:595] [vo.logVo.LogVo.<init>] [INFO] 日志实例已初始化...
[2020-04-12 18:23:49:596] [vo.logVo.LogVo.<init>] [INFO] 日志实例已初始化...
[2020-04-12 18:23:49:597] [vo.logVo.LogVo.<init>] [INFO] 日志实例已初始化...
[2020-04-12 18:23:49:598] [vo.logVo.LogVo.<init>] [INFO] 日志实例已初始化...
[2020-04-12 18:23:49:599] [vo.logVo.LogVo.<init>] [INFO] 日志实例已初始化...
[2020-04-12 18:23:49:600] [vo.logVo.LogVo.<init>] [INFO] 日志实例已初始化...
[2020-04-12 18:23:49:601] [vo.logVo.LogVo.<init>] [INFO] 日志实例已初始化...
[2020-04-12 18:23:49:603] [vo.logVo.LogVo.<init>] [INFO] 日志实例已初始化...
[2020-04-12 18:23:49:603] [vo.logVo.LogVo.<init>] [INFO] 日志实例已初始化...
[2020-04-12 18:23:49:604] [vo.logVo.LogVo.<init>] [INFO] 日志实例已初始化...
[2020-04-12 18:23:49:605] [vo.logVo.LogVo.<init>] [INFO] 日志实例已初始化...
[2020-04-12 18:23:49:606] [vo.logVo.LogVo.<init>] [INFO] 日志实例已初始化...
[2020-04-12 18:23:49:606] [vo.logVo.LogVo.<init>] [INFO] 日志实例已初始化...
[2020-04-12 18:23:49:607] [vo.logVo.LogVo.<init>] [INFO] 日志实例已初始化...
[2020-04-12 18:23:49:608] [vo.logVo.LogVo.<init>] [INFO] 日志实例已初始化...
[2020-04-12 18:23:49:609] [vo.logVo.LogVo.<init>] [INFO] 日志实例已初始化...
[2020-04-12 18:23:49:609] [vo.logVo.LogVo.<init>] [INFO] 日志实例已初始化...
[2020-04-12 18:23:49:610] [vo.logVo.LogVo.<init>] [INFO] 日志实例已初始化...
[2020-04-12 18:23:49:611] [vo.logVo.LogVo.<init>] [INFO] 日志实例已初始化...
[2020-04-12 18:23:49:611] [vo.logVo.LogVo.<init>] [INFO] 日志实例已初始化...
[2020-04-12 18:23:49:612] [vo.logVo.LogVo.<init>] [INFO] 日志实例已初始化...
[2020-04-12 18:23:49:612] [vo.logVo.LogVo.<init>] [INFO] 日志实例已初始化...
[2020-04-12 18:23:49:613] [vo.logVo.LogVo.<init>] [INFO] 日志实例已初始化...
[2020-04-12 18:23:49:613] [vo.logVo.LogVo.<init>] [INFO] 日志实例已初始化...
[2020-04-12 18:23:49:614] [vo.logVo.LogVo.<init>] [INFO] 日志实例已初始化...
[2020-04-12 18:23:49:614] [vo.logVo.LogVo.<init>] [INFO] 日志实例已初始化...
[2020-04-12 18:23:49:615] [vo.logVo.LogVo.<init>] [INFO] 日志实例已初始化...
[2020-04-12 18:23:49:616] [vo.logVo.LogVo.<init>] [INFO] 日志实例已初始化...
[2020-04-12 18:23:49:616] [vo.logVo.LogVo.<init>] [INFO] 日志实例已初始化...
[2020-04-12 18:23:49:621] [vo.logVo.LogVo.<init>] [INFO] 日志实例已初始化...
[2020-04-12 18:23:49:623] [vo.logVo.LogVo.<init>] [INFO] 日志实例已初始化...
[2020-04-12 18:23:49:624] [vo.logVo.LogVo.<init>] [INFO] 日志实例已初始化...
[2020-04-12 18:23:49:625] [vo.logVo.LogVo.<init>] [INFO] 日志实例已初始化...
[2020-04-12 18:23:49:626] [vo.logVo.LogVo.<init>] [INFO] 日志实例已初始化...
[2020-04-12 18:23:49:627] [vo.logVo.LogVo.<init>] [INFO] 日志实例已初始化...
[2020-04-12 18:23:49:628] [vo.logVo.LogVo.<init>] [INFO] 日志实例已初始化...
[2020-04-12 18:23:49:629] [vo.logVo.LogVo.<init>] [INFO] 日志实例已初始化...
[2020-04-12 18:23:49:629] [vo.logVo.LogVo.<init>] [INFO] 日志实例已初始化...
[2020-04-12 18:23:49:630] [vo.logVo.LogVo.<init>] [INFO] 日志实例已初始化...
[2020-04-12 18:23:49:631] [vo.logVo.LogVo.<init>] [INFO] 日志实例已初始化...
[2020-04-12 18:23:49:632] [vo.logVo.LogVo.<init>] [INFO] 日志实例已初始化...
[2020-04-12 18:23:49:634] [vo.logVo.LogVo.<init>] [INFO] 日志实例已初始化...
[2020-04-12 18:23:49:636] [vo.logVo.LogVo.<init>] [INFO] 日志实例已初始化...
[2020-04-12 18:23:49:636] [vo.logVo.LogVo.<init>] [INFO] 日志实例已初始化...
[2020-04-12 18:23:49:637] [vo.logVo.LogVo.<init>] [INFO] 日志实例已初始化...
[2020-04-12 18:23:49:643] [vo.logVo.LogVo.<init>] [INFO] 日志实例已初始化...
[2020-04-12 18:23:49:645] [vo.logVo.LogVo.<init>] [INFO] 日志实例已初始化...
[2020-04-12 18:23:49:646] [vo.logVo.LogVo.<init>] [INFO] 日志实例已初始化...
[2020-04-12 18:23:49:646] [vo.logVo.LogVo.<init>] [INFO] 日志实例已初始化...
[2020-04-12 18:23:49:653] [vo.logVo.LogVo.<init>] [INFO] 日志实例已初始化...
[2020-04-12 18:23:49:654] [vo.logVo.LogVo.<init>] [INFO] 日志实例已初始化...
[2020-04-12 18:23:49:656] [vo.logVo.LogVo.<init>] [INFO] 日志实例已初始化...
[2020-04-12 18:23:49:657] [vo.logVo.LogVo.<init>] [INFO] 日志实例已初始化...
[2020-04-12 18:23:49:658] [vo.logVo.LogVo.<init>] [INFO] 日志实例已初始化...
[2020-04-12 18:23:49:658] [vo.logVo.LogVo.<init>] [INFO] 日志实例已初始化...
[2020-04-12 18:23:49:659] [vo.logVo.LogVo.<init>] [INFO] 日志实例已初始化...
[2020-04-12 18:23:49:660] [vo.logVo.LogVo.<init>] [INFO] 日志实例已初始化...
[2020-04-12 18:23:49:665] [vo.logVo.LogVo.<init>] [INFO] 日志实例已初始化...
[2020-04-12 18:23:49:666] [vo.logVo.LogVo.<init>] [INFO] 日志实例已初始化...
[2020-04-12 18:23:49:667] [vo.logVo.LogVo.<init>] [INFO] 日志实例已初始化...
[2020-04-12 18:23:49:668] [vo.logVo.LogVo.<init>] [INFO] 日志实例已初始化...
[2020-04-12 18:23:49:669] [vo.logVo.LogVo.<init>] [INFO] 日志实例已初始化...
[2020-04-12 18:23:49:670] [vo.logVo.LogVo.<init>] [INFO] 日志实例已初始化...
[2020-04-12 18:23:49:672] [vo.logVo.LogVo.<init>] [INFO] 日志实例已初始化...
[2020-04-12 18:23:49:673] [vo.logVo.LogVo.<init>] [INFO] 日志实例已初始化...
[2020-04-12 18:23:49:675] [vo.logVo.LogVo.<init>] [INFO] 日志实例已初始化...
[2020-04-12 18:23:49:676] [vo.logVo.LogVo.<init>] [INFO] 日志实例已初始化...
[2020-04-12 18:23:49:677] [vo.logVo.LogVo.<init>] [INFO] 日志实例已初始化...
[2020-04-12 18:23:49:681] [vo.logVo.LogVo.<init>] [INFO] 日志实例已初始化...
[2020-04-12 18:23:49:682] [vo.logVo.LogVo.<init>] [INFO] 日志实例已初始化...
[2020-04-12 18:23:49:683] [vo.logVo.LogVo.<init>] [INFO] 日志实例已初始化...
[2020-04-12 18:23:49:685] [vo.logVo.LogVo.<init>] [INFO] 日志实例已初始化...
[2020-04-12 18:23:49:688] [vo.logVo.LogVo.<init>] [INFO] 日志实例已初始化...
[2020-04-12 18:23:49:689] [vo.logVo.LogVo.<init>] [INFO] 日志实例已初始化...
[2020-04-12 18:23:49:689] [vo.logVo.LogVo.<init>] [INFO] 日志实例已初始化...
[2020-04-12 18:23:49:690] [vo.logVo.LogVo.<init>] [INFO] 日志实例已初始化...
[2020-04-12 18:23:49:691] [vo.logVo.LogVo.<init>] [INFO] 日志实例已初始化...
[2020-04-12 18:23:49:691] [vo.logVo.LogVo.<init>] [INFO] 日志实例已初始化...
[2020-04-12 18:23:49:692] [vo.logVo.LogVo.<init>] [INFO] 日志实例已初始化...
[2020-04-12 18:23:49:693] [vo.logVo.LogVo.<init>] [INFO] 日志实例已初始化...
[2020-04-12 18:23:49:693] [vo.logVo.LogVo.<init>] [INFO] 日志实例已初始化...
[2020-04-12 18:23:49:694] [vo.logVo.LogVo.<init>] [INFO] 日志实例已初始化...
[2020-04-12 18:23:49:696] [vo.logVo.LogVo.<init>] [INFO] 日志实例已初始化...
[2020-04-12 18:23:49:697] [vo.logVo.LogVo.<init>] [INFO] 日志实例已初始化...
[2020-04-12 18:23:49:698] [vo.logVo.LogVo.<init>] [INFO] 日志实例已初始化...
[2020-04-12 18:23:49:702] [vo.logVo.LogVo.<init>] [INFO] 日志实例已初始化...
[2020-04-12 18:23:49:704] [vo.logVo.LogVo.<init>] [INFO] 日志实例已初始化...
[2020-04-12 18:23:49:705] [vo.logVo.LogVo.<init>] [INFO] 日志实例已初始化...
[2020-04-12 18:23:49:706] [vo.logVo.LogVo.<init>] [INFO] 日志实例已初始化...
[2020-04-12 18:23:49:708] [vo.logVo.LogVo.<init>] [INFO] 日志实例已初始化...
[2020-04-12 18:23:49:708] [vo.logVo.LogVo.<init>] [INFO] 日志实例已初始化...
[2020-04-12 18:23:49:709] [vo.logVo.LogVo.<init>] [INFO] 日志实例已初始化...
[2020-04-12 18:23:49:710] [vo.logVo.LogVo.<init>] [INFO] 日志实例已初始化...
[2020-04-12 18:23:49:711] [vo.logVo.LogVo.<init>] [INFO] 日志实例已初始化...
[2020-04-12 18:23:49:712] [vo.logVo.LogVo.<init>] [INFO] 日志实例已初始化...
[2020-04-12 18:23:49:713] [vo.logVo.LogVo.<init>] [INFO] 日志实例已初始化...
[2020-04-12 18:23:49:713] [vo.logVo.LogVo.<init>] [INFO] 日志实例已初始化...
[2020-04-12 18:23:49:715] [vo.logVo.LogVo.<init>] [INFO] 日志实例已初始化...
[2020-04-12 18:23:49:716] [vo.logVo.LogVo.<init>] [INFO] 日志实例已初始化...
[2020-04-12 18:23:49:716] [vo.logVo.LogVo.<init>] [INFO] 日志实例已初始化...
[2020-04-12 18:23:49:718] [vo.logVo.LogVo.<init>] [INFO] 日志实例已初始化...
[2020-04-12 18:23:49:719] [vo.logVo.LogVo.<init>] [INFO] 日志实例已初始化...
[2020-04-12 18:23:49:720] [vo.logVo.LogVo.<init>] [INFO] 日志实例已初始化...
[2020-04-12 18:23:49:721] [vo.logVo.LogVo.<init>] [INFO] 日志实例已初始化...
[2020-04-12 18:23:49:722] [vo.logVo.LogVo.<init>] [INFO] 日志实例已初始化...
[2020-04-12 18:23:49:722] [vo.logVo.LogVo.<init>] [INFO] 日志实例已初始化...
[2020-04-12 18:23:49:723] [vo.logVo.LogVo.<init>] [INFO] 日志实例已初始化...
[2020-04-12 18:23:49:723] [vo.logVo.LogVo.<init>] [INFO] 日志实例已初始化...
[2020-04-12 18:23:49:724] [vo.logVo.LogVo.<init>] [INFO] 日志实例已初始化...
[2020-04-12 18:23:49:724] [vo.logVo.LogVo.<init>] [INFO] 日志实例已初始化...
[2020-04-12 18:23:49:725] [vo.logVo.LogVo.<init>] [INFO] 日志实例已初始化...
[2020-04-12 18:23:49:725] [vo.logVo.LogVo.<init>] [INFO] 日志实例已初始化...
[2020-04-12 18:23:49:726] [vo.logVo.LogVo.<init>] [INFO] 日志实例已初始化...
[2020-04-12 18:23:49:727] [vo.logVo.LogVo.<init>] [INFO] 日志实例已初始化...
[2020-04-12 18:23:49:728] [vo.logVo.LogVo.<init>] [INFO] 日志实例已初始化...
[2020-04-12 18:23:49:729] [vo.logVo.LogVo.<init>] [INFO] 日志实例已初始化...
[2020-04-12 18:23:49:729] [vo.logVo.LogVo.<init>] [INFO] 日志实例已初始化...
[2020-04-12 18:23:49:730] [vo.logVo.LogVo.<init>] [INFO] 日志实例已初始化...
[2020-04-12 18:23:49:731] [vo.logVo.LogVo.<init>] [INFO] 日志实例已初始化...
[2020-04-12 18:23:49:731] [vo.logVo.LogVo.<init>] [INFO] 日志实例已初始化...
[2020-04-12 18:23:49:732] [vo.logVo.LogVo.<init>] [INFO] 日志实例已初始化...
[2020-04-12 18:23:49:733] [vo.logVo.LogVo.<init>] [INFO] 日志实例已初始化...
[2020-04-12 18:23:49:734] [vo.logVo.LogVo.<init>] [INFO] 日志实例已初始化...
[2020-04-12 18:23:49:735] [vo.logVo.LogVo.<init>] [INFO] 日志实例已初始化...
[2020-04-12 18:23:49:735] [vo.logVo.LogVo.<init>] [INFO] 日志实例已初始化...
[2020-04-12 18:23:49:736] [vo.logVo.LogVo.<init>] [INFO] 日志实例已初始化...
[2020-04-12 18:23:49:736] [vo.logVo.LogVo.<init>] [INFO] 日志实例已初始化...
[2020-04-12 18:23:49:737] [vo.logVo.LogVo.<init>] [INFO] 日志实例已初始化...
[2020-04-12 18:23:49:737] [vo.logVo.LogVo.<init>] [INFO] 日志实例已初始化...
[2020-04-12 18:23:49:738] [vo.logVo.LogVo.<init>] [INFO] 日志实例已初始化...
[2020-04-12 18:23:49:738] [vo.logVo.LogVo.<init>] [INFO] 日志实例已初始化...
[2020-04-12 18:23:49:738] [vo.logVo.LogVo.<init>] [INFO] 日志实例已初始化...
[2020-04-12 18:23:49:739] [vo.logVo.LogVo.<init>] [INFO] 日志实例已初始化...
[2020-04-12 18:23:49:740] [vo.logVo.LogVo.<init>] [INFO] 日志实例已初始化...
[2020-04-12 18:23:49:741] [vo.logVo.LogVo.<init>] [INFO] 日志实例已初始化...
[2020-04-12 18:23:49:741] [vo.logVo.LogVo.<init>] [INFO] 日志实例已初始化...
[2020-04-12 18:23:49:742] [vo.logVo.LogVo.<init>] [INFO] 日志实例已初始化...
[2020-04-12 18:23:49:742] [vo.logVo.LogVo.<init>] [INFO] 日志实例已初始化...
[2020-04-12 18:23:49:743] [vo.logVo.LogVo.<init>] [INFO] 日志实例已初始化...
[2020-04-12 18:23:49:743] [vo.logVo.LogVo.<init>] [INFO] 日志实例已初始化...
[2020-04-12 18:23:49:744] [vo.logVo.LogVo.<init>] [INFO] 日志实例已初始化...
[2020-04-12 18:23:49:745] [vo.logVo.LogVo.<init>] [INFO] 日志实例已初始化...
[2020-04-12 18:23:49:745] [vo.logVo.LogVo.<init>] [INFO] 日志实例已初始化...
[2020-04-12 18:23:49:746] [vo.logVo.LogVo.<init>] [INFO] 日志实例已初始化...
[2020-04-12 18:23:49:746] [vo.logVo.LogVo.<init>] [INFO] 日志实例已初始化...
[2020-04-12 18:23:49:747] [vo.logVo.LogVo.<init>] [INFO] 日志实例已初始化...
[2020-04-12 18:23:49:748] [vo.logVo.LogVo.<init>] [INFO] 日志实例已初始化...
[2020-04-12 18:23:49:749] [vo.logVo.LogVo.<init>] [INFO] 日志实例已初始化...
[2020-04-12 18:23:49:752] [vo.logVo.LogVo.<init>] [INFO] 日志实例已初始化...
[2020-04-12 18:23:49:753] [vo.logVo.LogVo.<init>] [INFO] 日志实例已初始化...
[2020-04-12 18:23:49:754] [vo.logVo.LogVo.<init>] [INFO] 日志实例已初始化...
[2020-04-12 18:23:49:755] [vo.logVo.LogVo.<init>] [INFO] 日志实例已初始化...
[2020-04-12 18:23:49:755] [vo.logVo.LogVo.<init>] [INFO] 日志实例已初始化...
[2020-04-12 18:23:49:756] [vo.logVo.LogVo.<init>] [INFO] 日志实例已初始化...
[2020-04-12 18:23:49:757] [vo.logVo.LogVo.<init>] [INFO] 日志实例已初始化...
[2020-04-12 18:23:49:757] [vo.logVo.LogVo.<init>] [INFO] 日志实例已初始化...
[2020-04-12 18:23:49:758] [vo.logVo.LogVo.<init>] [INFO] 日志实例已初始化...
[2020-04-12 18:23:49:759] [vo.logVo.LogVo.<init>] [INFO] 日志实例已初始化...
[2020-04-12 18:23:49:761] [vo.logVo.LogVo.<init>] [INFO] 日志实例已初始化...
[2020-04-12 18:23:49:762] [vo.logVo.LogVo.<init>] [INFO] 日志实例已初始化...
[2020-04-12 18:23:49:762] [vo.logVo.LogVo.<init>] [INFO] 日志实例已初始化...
[2020-04-12 18:23:49:763] [vo.logVo.LogVo.<init>] [INFO] 日志实例已初始化...
[2020-04-12 18:23:49:764] [vo.logVo.LogVo.<init>] [INFO] 日志实例已初始化...
[2020-04-12 18:23:49:764] [vo.logVo.LogVo.<init>] [INFO] 日志实例已初始化...
[2020-04-12 18:23:49:765] [vo.logVo.LogVo.<init>] [INFO] 日志实例已初始化...
[2020-04-12 18:23:49:765] [vo.logVo.LogVo.<init>] [INFO] 日志实例已初始化...
[2020-04-12 18:23:49:766] [vo.logVo.LogVo.<init>] [INFO] 日志实例已初始化...
[2020-04-12 18:23:49:766] [vo.logVo.LogVo.<init>] [INFO] 日志实例已初始化...
[2020-04-12 18:23:49:767] [vo.logVo.LogVo.<init>] [INFO] 日志实例已初始化...
[2020-04-12 18:23:49:768] [vo.logVo.LogVo.<init>] [INFO] 日志实例已初始化...
[2020-04-12 18:23:49:769] [vo.logVo.LogVo.<init>] [INFO] 日志实例已初始化...
[2020-04-12 18:23:49:769] [vo.logVo.LogVo.<init>] [INFO] 日志实例已初始化...
[2020-04-12 18:23:49:770] [vo.logVo.LogVo.<init>] [INFO] 日志实例已初始化...
[2020-04-12 18:23:49:771] [vo.logVo.LogVo.<init>] [INFO] 日志实例已初始化...
[2020-04-12 18:23:49:772] [vo.logVo.LogVo.<init>] [INFO] 日志实例已初始化...
[2020-04-12 18:23:49:772] [vo.logVo.LogVo.<init>] [INFO] 日志实例已初始化...
[2020-04-12 18:23:49:773] [vo.logVo.LogVo.<init>] [INFO] 日志实例已初始化...
[2020-04-12 18:23:49:774] [vo.logVo.LogVo.<init>] [INFO] 日志实例已初始化...
[2020-04-12 18:23:49:774] [vo.logVo.LogVo.<init>] [INFO] 日志实例已初始化...
[2020-04-12 18:23:49:776] [vo.logVo.LogVo.<init>] [INFO] 日志实例已初始化...
[2020-04-12 18:23:49:777] [vo.logVo.LogVo.<init>] [INFO] 日志实例已初始化...
[2020-04-12 18:23:49:778] [vo.logVo.LogVo.<init>] [INFO] 日志实例已初始化...
[2020-04-12 18:23:49:779] [vo.logVo.LogVo.<init>] [INFO] 日志实例已初始化...
[2020-04-12 18:23:49:779] [vo.logVo.LogVo.<init>] [INFO] 日志实例已初始化...
[2020-04-12 18:23:49:780] [vo.logVo.LogVo.<init>] [INFO] 日志实例已初始化...
[2020-04-12 18:23:49:781] [vo.logVo.LogVo.<init>] [INFO] 日志实例已初始化...
[2020-04-12 18:23:49:782] [vo.logVo.LogVo.<init>] [INFO] 日志实例已初始化...
[2020-04-12 18:23:49:830] [vo.logVo.LogVo.<init>] [INFO] 日志实例已初始化...
[2020-04-12 18:23:49:841] [vo.logVo.LogVo.<init>] [INFO] 日志实例已初始化...
[2020-04-12 18:23:57:489] [action.userAction.LoginAction.destroySession] [INFO] admin退出成功！
[2020-04-12 18:27:05:143] [util.MyApplicationContextAnnotion.<init>] [INFO] 获取上下文工具类初始化成功!
[2020-04-12 18:27:05:477] [aop.AnnotationCommenAop.<init>] [INFO] 注解式切面已初始化...
[2020-04-12 18:27:07:167] [vo.logVo.LogVo.<init>] [INFO] 日志实例已初始化...
[2020-04-12 18:27:07:631] [aop.ConfigCommenAop.<init>] [INFO] 切面已初始化...
[2020-04-12 18:27:07:679] [vo.logVo.LogVo.<init>] [INFO] 日志实例已初始化...
[2020-04-12 18:27:07:693] [webservice.WebServiceInterface.<init>] [INFO] spring管理web service1
[2020-04-12 18:27:46:539] [vo.logVo.LogVo.<init>] [INFO] 日志实例已初始化...
[2020-04-12 18:27:46:547] [vo.logVo.LogVo.<init>] [INFO] 日志实例已初始化...
[2020-04-12 18:27:46:548] [vo.logVo.LogVo.<init>] [INFO] 日志实例已初始化...
[2020-04-12 18:27:46:549] [vo.logVo.LogVo.<init>] [INFO] 日志实例已初始化...
[2020-04-12 18:27:46:550] [vo.logVo.LogVo.<init>] [INFO] 日志实例已初始化...
[2020-04-12 18:27:46:551] [vo.logVo.LogVo.<init>] [INFO] 日志实例已初始化...
[2020-04-12 18:27:46:552] [vo.logVo.LogVo.<init>] [INFO] 日志实例已初始化...
[2020-04-12 18:27:46:553] [vo.logVo.LogVo.<init>] [INFO] 日志实例已初始化...
[2020-04-12 18:27:46:554] [vo.logVo.LogVo.<init>] [INFO] 日志实例已初始化...
[2020-04-12 18:27:46:555] [vo.logVo.LogVo.<init>] [INFO] 日志实例已初始化...
[2020-04-12 18:27:46:557] [vo.logVo.LogVo.<init>] [INFO] 日志实例已初始化...
[2020-04-12 18:27:46:558] [vo.logVo.LogVo.<init>] [INFO] 日志实例已初始化...
[2020-04-12 18:27:46:559] [vo.logVo.LogVo.<init>] [INFO] 日志实例已初始化...
[2020-04-12 18:27:46:561] [vo.logVo.LogVo.<init>] [INFO] 日志实例已初始化...
[2020-04-12 18:27:46:562] [vo.logVo.LogVo.<init>] [INFO] 日志实例已初始化...
[2020-04-12 18:27:46:562] [vo.logVo.LogVo.<init>] [INFO] 日志实例已初始化...
[2020-04-12 18:27:46:564] [vo.logVo.LogVo.<init>] [INFO] 日志实例已初始化...
[2020-04-12 18:27:46:565] [vo.logVo.LogVo.<init>] [INFO] 日志实例已初始化...
[2020-04-12 18:27:46:566] [vo.logVo.LogVo.<init>] [INFO] 日志实例已初始化...
[2020-04-12 18:27:46:567] [vo.logVo.LogVo.<init>] [INFO] 日志实例已初始化...
[2020-04-12 18:27:46:568] [vo.logVo.LogVo.<init>] [INFO] 日志实例已初始化...
[2020-04-12 18:27:46:569] [vo.logVo.LogVo.<init>] [INFO] 日志实例已初始化...
[2020-04-12 18:27:46:570] [vo.logVo.LogVo.<init>] [INFO] 日志实例已初始化...
[2020-04-12 18:27:46:571] [vo.logVo.LogVo.<init>] [INFO] 日志实例已初始化...
[2020-04-12 18:27:46:572] [vo.logVo.LogVo.<init>] [INFO] 日志实例已初始化...
[2020-04-12 18:27:46:573] [vo.logVo.LogVo.<init>] [INFO] 日志实例已初始化...
[2020-04-12 18:27:46:573] [vo.logVo.LogVo.<init>] [INFO] 日志实例已初始化...
[2020-04-12 18:27:46:574] [vo.logVo.LogVo.<init>] [INFO] 日志实例已初始化...
[2020-04-12 18:27:46:576] [vo.logVo.LogVo.<init>] [INFO] 日志实例已初始化...
[2020-04-12 18:27:46:577] [vo.logVo.LogVo.<init>] [INFO] 日志实例已初始化...
[2020-04-12 18:27:46:577] [vo.logVo.LogVo.<init>] [INFO] 日志实例已初始化...
[2020-04-12 18:27:46:578] [vo.logVo.LogVo.<init>] [INFO] 日志实例已初始化...
[2020-04-12 18:27:46:579] [vo.logVo.LogVo.<init>] [INFO] 日志实例已初始化...
[2020-04-12 18:27:46:580] [vo.logVo.LogVo.<init>] [INFO] 日志实例已初始化...
[2020-04-12 18:27:46:580] [vo.logVo.LogVo.<init>] [INFO] 日志实例已初始化...
[2020-04-12 18:27:46:581] [vo.logVo.LogVo.<init>] [INFO] 日志实例已初始化...
[2020-04-12 18:27:46:582] [vo.logVo.LogVo.<init>] [INFO] 日志实例已初始化...
[2020-04-12 18:27:46:583] [vo.logVo.LogVo.<init>] [INFO] 日志实例已初始化...
[2020-04-12 18:27:46:583] [vo.logVo.LogVo.<init>] [INFO] 日志实例已初始化...
[2020-04-12 18:27:46:584] [vo.logVo.LogVo.<init>] [INFO] 日志实例已初始化...
[2020-04-12 18:27:46:586] [vo.logVo.LogVo.<init>] [INFO] 日志实例已初始化...
[2020-04-12 18:27:46:588] [vo.logVo.LogVo.<init>] [INFO] 日志实例已初始化...
[2020-04-12 18:27:46:590] [vo.logVo.LogVo.<init>] [INFO] 日志实例已初始化...
[2020-04-12 18:27:46:592] [vo.logVo.LogVo.<init>] [INFO] 日志实例已初始化...
[2020-04-12 18:27:46:593] [vo.logVo.LogVo.<init>] [INFO] 日志实例已初始化...
[2020-04-12 18:27:46:594] [vo.logVo.LogVo.<init>] [INFO] 日志实例已初始化...
[2020-04-12 18:27:46:594] [vo.logVo.LogVo.<init>] [INFO] 日志实例已初始化...
[2020-04-12 18:27:46:596] [vo.logVo.LogVo.<init>] [INFO] 日志实例已初始化...
[2020-04-12 18:27:46:597] [vo.logVo.LogVo.<init>] [INFO] 日志实例已初始化...
[2020-04-12 18:27:46:599] [vo.logVo.LogVo.<init>] [INFO] 日志实例已初始化...
[2020-04-12 18:27:46:600] [vo.logVo.LogVo.<init>] [INFO] 日志实例已初始化...
[2020-04-12 18:27:46:602] [vo.logVo.LogVo.<init>] [INFO] 日志实例已初始化...
[2020-04-12 18:27:46:604] [vo.logVo.LogVo.<init>] [INFO] 日志实例已初始化...
[2020-04-12 18:27:46:605] [vo.logVo.LogVo.<init>] [INFO] 日志实例已初始化...
[2020-04-12 18:27:46:606] [vo.logVo.LogVo.<init>] [INFO] 日志实例已初始化...
[2020-04-12 18:27:46:607] [vo.logVo.LogVo.<init>] [INFO] 日志实例已初始化...
[2020-04-12 18:27:46:609] [vo.logVo.LogVo.<init>] [INFO] 日志实例已初始化...
[2020-04-12 18:27:46:610] [vo.logVo.LogVo.<init>] [INFO] 日志实例已初始化...
[2020-04-12 18:27:46:612] [vo.logVo.LogVo.<init>] [INFO] 日志实例已初始化...
[2020-04-12 18:27:46:615] [vo.logVo.LogVo.<init>] [INFO] 日志实例已初始化...
[2020-04-12 18:27:46:617] [vo.logVo.LogVo.<init>] [INFO] 日志实例已初始化...
[2020-04-12 18:27:46:623] [vo.logVo.LogVo.<init>] [INFO] 日志实例已初始化...
[2020-04-12 18:27:46:630] [vo.logVo.LogVo.<init>] [INFO] 日志实例已初始化...
[2020-04-12 18:27:46:633] [vo.logVo.LogVo.<init>] [INFO] 日志实例已初始化...
[2020-04-12 18:27:46:637] [vo.logVo.LogVo.<init>] [INFO] 日志实例已初始化...
[2020-04-12 18:27:46:640] [vo.logVo.LogVo.<init>] [INFO] 日志实例已初始化...
[2020-04-12 18:27:46:641] [vo.logVo.LogVo.<init>] [INFO] 日志实例已初始化...
[2020-04-12 18:27:46:644] [vo.logVo.LogVo.<init>] [INFO] 日志实例已初始化...
[2020-04-12 18:27:46:645] [vo.logVo.LogVo.<init>] [INFO] 日志实例已初始化...
[2020-04-12 18:27:46:646] [vo.logVo.LogVo.<init>] [INFO] 日志实例已初始化...
[2020-04-12 18:27:46:647] [vo.logVo.LogVo.<init>] [INFO] 日志实例已初始化...
[2020-04-12 18:27:46:649] [vo.logVo.LogVo.<init>] [INFO] 日志实例已初始化...
[2020-04-12 18:27:46:651] [vo.logVo.LogVo.<init>] [INFO] 日志实例已初始化...
[2020-04-12 18:27:46:652] [vo.logVo.LogVo.<init>] [INFO] 日志实例已初始化...
[2020-04-12 18:27:46:653] [vo.logVo.LogVo.<init>] [INFO] 日志实例已初始化...
[2020-04-12 18:27:46:654] [vo.logVo.LogVo.<init>] [INFO] 日志实例已初始化...
[2020-04-12 18:27:46:656] [vo.logVo.LogVo.<init>] [INFO] 日志实例已初始化...
[2020-04-12 18:27:46:657] [vo.logVo.LogVo.<init>] [INFO] 日志实例已初始化...
[2020-04-12 18:27:46:658] [vo.logVo.LogVo.<init>] [INFO] 日志实例已初始化...
[2020-04-12 18:27:46:660] [vo.logVo.LogVo.<init>] [INFO] 日志实例已初始化...
[2020-04-12 18:27:46:661] [vo.logVo.LogVo.<init>] [INFO] 日志实例已初始化...
[2020-04-12 18:27:46:662] [vo.logVo.LogVo.<init>] [INFO] 日志实例已初始化...
[2020-04-12 18:27:46:663] [vo.logVo.LogVo.<init>] [INFO] 日志实例已初始化...
[2020-04-12 18:27:46:664] [vo.logVo.LogVo.<init>] [INFO] 日志实例已初始化...
[2020-04-12 18:27:46:665] [vo.logVo.LogVo.<init>] [INFO] 日志实例已初始化...
[2020-04-12 18:27:46:666] [vo.logVo.LogVo.<init>] [INFO] 日志实例已初始化...
[2020-04-12 18:27:46:667] [vo.logVo.LogVo.<init>] [INFO] 日志实例已初始化...
[2020-04-12 18:27:46:668] [vo.logVo.LogVo.<init>] [INFO] 日志实例已初始化...
[2020-04-12 18:27:46:668] [vo.logVo.LogVo.<init>] [INFO] 日志实例已初始化...
[2020-04-12 18:27:46:669] [vo.logVo.LogVo.<init>] [INFO] 日志实例已初始化...
[2020-04-12 18:27:46:670] [vo.logVo.LogVo.<init>] [INFO] 日志实例已初始化...
[2020-04-12 18:27:46:670] [vo.logVo.LogVo.<init>] [INFO] 日志实例已初始化...
[2020-04-12 18:27:46:671] [vo.logVo.LogVo.<init>] [INFO] 日志实例已初始化...
[2020-04-12 18:27:46:671] [vo.logVo.LogVo.<init>] [INFO] 日志实例已初始化...
[2020-04-12 18:27:46:672] [vo.logVo.LogVo.<init>] [INFO] 日志实例已初始化...
[2020-04-12 18:27:46:674] [vo.logVo.LogVo.<init>] [INFO] 日志实例已初始化...
[2020-04-12 18:27:46:676] [vo.logVo.LogVo.<init>] [INFO] 日志实例已初始化...
[2020-04-12 18:27:46:677] [vo.logVo.LogVo.<init>] [INFO] 日志实例已初始化...
[2020-04-12 18:27:46:678] [vo.logVo.LogVo.<init>] [INFO] 日志实例已初始化...
[2020-04-12 18:27:46:680] [vo.logVo.LogVo.<init>] [INFO] 日志实例已初始化...
[2020-04-12 18:27:46:682] [vo.logVo.LogVo.<init>] [INFO] 日志实例已初始化...
[2020-04-12 18:27:46:684] [vo.logVo.LogVo.<init>] [INFO] 日志实例已初始化...
[2020-04-12 18:27:46:686] [vo.logVo.LogVo.<init>] [INFO] 日志实例已初始化...
[2020-04-12 18:27:46:688] [vo.logVo.LogVo.<init>] [INFO] 日志实例已初始化...
[2020-04-12 18:27:46:689] [vo.logVo.LogVo.<init>] [INFO] 日志实例已初始化...
[2020-04-12 18:27:46:690] [vo.logVo.LogVo.<init>] [INFO] 日志实例已初始化...
[2020-04-12 18:27:46:691] [vo.logVo.LogVo.<init>] [INFO] 日志实例已初始化...
[2020-04-12 18:27:46:691] [vo.logVo.LogVo.<init>] [INFO] 日志实例已初始化...
[2020-04-12 18:27:46:692] [vo.logVo.LogVo.<init>] [INFO] 日志实例已初始化...
[2020-04-12 18:27:46:693] [vo.logVo.LogVo.<init>] [INFO] 日志实例已初始化...
[2020-04-12 18:27:46:693] [vo.logVo.LogVo.<init>] [INFO] 日志实例已初始化...
[2020-04-12 18:27:46:694] [vo.logVo.LogVo.<init>] [INFO] 日志实例已初始化...
[2020-04-12 18:27:46:694] [vo.logVo.LogVo.<init>] [INFO] 日志实例已初始化...
[2020-04-12 18:27:46:695] [vo.logVo.LogVo.<init>] [INFO] 日志实例已初始化...
[2020-04-12 18:27:46:695] [vo.logVo.LogVo.<init>] [INFO] 日志实例已初始化...
[2020-04-12 18:27:46:697] [vo.logVo.LogVo.<init>] [INFO] 日志实例已初始化...
[2020-04-12 18:27:46:698] [vo.logVo.LogVo.<init>] [INFO] 日志实例已初始化...
[2020-04-12 18:27:46:699] [vo.logVo.LogVo.<init>] [INFO] 日志实例已初始化...
[2020-04-12 18:27:46:700] [vo.logVo.LogVo.<init>] [INFO] 日志实例已初始化...
[2020-04-12 18:27:46:702] [vo.logVo.LogVo.<init>] [INFO] 日志实例已初始化...
[2020-04-12 18:27:46:708] [vo.logVo.LogVo.<init>] [INFO] 日志实例已初始化...
[2020-04-12 18:27:46:716] [vo.logVo.LogVo.<init>] [INFO] 日志实例已初始化...
[2020-04-12 18:27:46:717] [vo.logVo.LogVo.<init>] [INFO] 日志实例已初始化...
[2020-04-12 18:27:46:718] [vo.logVo.LogVo.<init>] [INFO] 日志实例已初始化...
[2020-04-12 18:27:46:720] [vo.logVo.LogVo.<init>] [INFO] 日志实例已初始化...
[2020-04-12 18:27:46:722] [vo.logVo.LogVo.<init>] [INFO] 日志实例已初始化...
[2020-04-12 18:27:46:724] [vo.logVo.LogVo.<init>] [INFO] 日志实例已初始化...
[2020-04-12 18:27:46:725] [vo.logVo.LogVo.<init>] [INFO] 日志实例已初始化...
[2020-04-12 18:27:46:727] [vo.logVo.LogVo.<init>] [INFO] 日志实例已初始化...
[2020-04-12 18:27:46:729] [vo.logVo.LogVo.<init>] [INFO] 日志实例已初始化...
[2020-04-12 18:27:46:729] [vo.logVo.LogVo.<init>] [INFO] 日志实例已初始化...
[2020-04-12 18:27:46:730] [vo.logVo.LogVo.<init>] [INFO] 日志实例已初始化...
[2020-04-12 18:27:46:731] [vo.logVo.LogVo.<init>] [INFO] 日志实例已初始化...
[2020-04-12 18:27:46:732] [vo.logVo.LogVo.<init>] [INFO] 日志实例已初始化...
[2020-04-12 18:27:46:732] [vo.logVo.LogVo.<init>] [INFO] 日志实例已初始化...
[2020-04-12 18:27:46:733] [vo.logVo.LogVo.<init>] [INFO] 日志实例已初始化...
[2020-04-12 18:27:46:734] [vo.logVo.LogVo.<init>] [INFO] 日志实例已初始化...
[2020-04-12 18:27:46:735] [vo.logVo.LogVo.<init>] [INFO] 日志实例已初始化...
[2020-04-12 18:27:46:736] [vo.logVo.LogVo.<init>] [INFO] 日志实例已初始化...
[2020-04-12 18:27:46:738] [vo.logVo.LogVo.<init>] [INFO] 日志实例已初始化...
[2020-04-12 18:27:46:739] [vo.logVo.LogVo.<init>] [INFO] 日志实例已初始化...
[2020-04-12 18:27:46:740] [vo.logVo.LogVo.<init>] [INFO] 日志实例已初始化...
[2020-04-12 18:27:46:740] [vo.logVo.LogVo.<init>] [INFO] 日志实例已初始化...
[2020-04-12 18:27:46:741] [vo.logVo.LogVo.<init>] [INFO] 日志实例已初始化...
[2020-04-12 18:27:46:742] [vo.logVo.LogVo.<init>] [INFO] 日志实例已初始化...
[2020-04-12 18:27:46:742] [vo.logVo.LogVo.<init>] [INFO] 日志实例已初始化...
[2020-04-12 18:27:46:743] [vo.logVo.LogVo.<init>] [INFO] 日志实例已初始化...
[2020-04-12 18:27:46:745] [vo.logVo.LogVo.<init>] [INFO] 日志实例已初始化...
[2020-04-12 18:27:46:746] [vo.logVo.LogVo.<init>] [INFO] 日志实例已初始化...
[2020-04-12 18:27:46:747] [vo.logVo.LogVo.<init>] [INFO] 日志实例已初始化...
[2020-04-12 18:27:46:748] [vo.logVo.LogVo.<init>] [INFO] 日志实例已初始化...
[2020-04-12 18:27:46:750] [vo.logVo.LogVo.<init>] [INFO] 日志实例已初始化...
[2020-04-12 18:27:46:751] [vo.logVo.LogVo.<init>] [INFO] 日志实例已初始化...
[2020-04-12 18:27:46:752] [vo.logVo.LogVo.<init>] [INFO] 日志实例已初始化...
[2020-04-12 18:27:46:754] [vo.logVo.LogVo.<init>] [INFO] 日志实例已初始化...
[2020-04-12 18:27:46:755] [vo.logVo.LogVo.<init>] [INFO] 日志实例已初始化...
[2020-04-12 18:27:46:757] [vo.logVo.LogVo.<init>] [INFO] 日志实例已初始化...
[2020-04-12 18:27:46:757] [vo.logVo.LogVo.<init>] [INFO] 日志实例已初始化...
[2020-04-12 18:27:46:761] [vo.logVo.LogVo.<init>] [INFO] 日志实例已初始化...
[2020-04-12 18:27:46:763] [vo.logVo.LogVo.<init>] [INFO] 日志实例已初始化...
[2020-04-12 18:27:46:765] [vo.logVo.LogVo.<init>] [INFO] 日志实例已初始化...
[2020-04-12 18:27:46:766] [vo.logVo.LogVo.<init>] [INFO] 日志实例已初始化...
[2020-04-12 18:27:46:767] [vo.logVo.LogVo.<init>] [INFO] 日志实例已初始化...
[2020-04-12 18:27:46:771] [vo.logVo.LogVo.<init>] [INFO] 日志实例已初始化...
[2020-04-12 18:27:46:773] [vo.logVo.LogVo.<init>] [INFO] 日志实例已初始化...
[2020-04-12 18:27:46:774] [vo.logVo.LogVo.<init>] [INFO] 日志实例已初始化...
[2020-04-12 18:27:46:780] [vo.logVo.LogVo.<init>] [INFO] 日志实例已初始化...
[2020-04-12 18:27:46:781] [vo.logVo.LogVo.<init>] [INFO] 日志实例已初始化...
[2020-04-12 18:27:46:783] [vo.logVo.LogVo.<init>] [INFO] 日志实例已初始化...
[2020-04-12 18:27:46:784] [vo.logVo.LogVo.<init>] [INFO] 日志实例已初始化...
[2020-04-12 18:27:46:785] [vo.logVo.LogVo.<init>] [INFO] 日志实例已初始化...
[2020-04-12 18:27:46:786] [vo.logVo.LogVo.<init>] [INFO] 日志实例已初始化...
[2020-04-12 18:27:46:788] [vo.logVo.LogVo.<init>] [INFO] 日志实例已初始化...
[2020-04-12 18:27:46:789] [vo.logVo.LogVo.<init>] [INFO] 日志实例已初始化...
[2020-04-12 18:27:46:790] [vo.logVo.LogVo.<init>] [INFO] 日志实例已初始化...
[2020-04-12 18:27:46:791] [vo.logVo.LogVo.<init>] [INFO] 日志实例已初始化...
[2020-04-12 18:27:46:792] [vo.logVo.LogVo.<init>] [INFO] 日志实例已初始化...
[2020-04-12 18:27:46:793] [vo.logVo.LogVo.<init>] [INFO] 日志实例已初始化...
[2020-04-12 18:27:46:795] [vo.logVo.LogVo.<init>] [INFO] 日志实例已初始化...
[2020-04-12 18:27:46:796] [vo.logVo.LogVo.<init>] [INFO] 日志实例已初始化...
[2020-04-12 18:27:46:797] [vo.logVo.LogVo.<init>] [INFO] 日志实例已初始化...
[2020-04-12 18:27:46:798] [vo.logVo.LogVo.<init>] [INFO] 日志实例已初始化...
[2020-04-12 18:27:46:799] [vo.logVo.LogVo.<init>] [INFO] 日志实例已初始化...
[2020-04-12 18:27:46:800] [vo.logVo.LogVo.<init>] [INFO] 日志实例已初始化...
[2020-04-12 18:27:46:801] [vo.logVo.LogVo.<init>] [INFO] 日志实例已初始化...
[2020-04-12 18:27:46:803] [vo.logVo.LogVo.<init>] [INFO] 日志实例已初始化...
[2020-04-12 18:27:46:805] [vo.logVo.LogVo.<init>] [INFO] 日志实例已初始化...
[2020-04-12 18:27:46:805] [vo.logVo.LogVo.<init>] [INFO] 日志实例已初始化...
[2020-04-12 18:27:46:806] [vo.logVo.LogVo.<init>] [INFO] 日志实例已初始化...
[2020-04-12 18:27:46:807] [vo.logVo.LogVo.<init>] [INFO] 日志实例已初始化...
[2020-04-12 18:27:46:810] [vo.logVo.LogVo.<init>] [INFO] 日志实例已初始化...
[2020-04-12 18:27:46:811] [vo.logVo.LogVo.<init>] [INFO] 日志实例已初始化...
[2020-04-12 18:27:46:812] [vo.logVo.LogVo.<init>] [INFO] 日志实例已初始化...
[2020-04-12 18:27:46:813] [vo.logVo.LogVo.<init>] [INFO] 日志实例已初始化...
[2020-04-12 18:27:46:813] [vo.logVo.LogVo.<init>] [INFO] 日志实例已初始化...
[2020-04-12 18:27:46:814] [vo.logVo.LogVo.<init>] [INFO] 日志实例已初始化...
[2020-04-12 18:27:46:815] [vo.logVo.LogVo.<init>] [INFO] 日志实例已初始化...
[2020-04-12 18:27:46:816] [vo.logVo.LogVo.<init>] [INFO] 日志实例已初始化...
[2020-04-12 18:27:46:817] [vo.logVo.LogVo.<init>] [INFO] 日志实例已初始化...
[2020-04-12 18:27:46:817] [vo.logVo.LogVo.<init>] [INFO] 日志实例已初始化...
[2020-04-12 18:27:46:817] [vo.logVo.LogVo.<init>] [INFO] 日志实例已初始化...
[2020-04-12 18:27:46:818] [vo.logVo.LogVo.<init>] [INFO] 日志实例已初始化...
[2020-04-12 18:27:46:818] [vo.logVo.LogVo.<init>] [INFO] 日志实例已初始化...
[2020-04-12 18:27:46:819] [vo.logVo.LogVo.<init>] [INFO] 日志实例已初始化...
[2020-04-12 18:27:46:820] [vo.logVo.LogVo.<init>] [INFO] 日志实例已初始化...
[2020-04-12 18:27:46:822] [vo.logVo.LogVo.<init>] [INFO] 日志实例已初始化...
[2020-04-12 18:27:46:823] [vo.logVo.LogVo.<init>] [INFO] 日志实例已初始化...
[2020-04-12 18:27:46:824] [vo.logVo.LogVo.<init>] [INFO] 日志实例已初始化...
[2020-04-12 18:27:46:825] [vo.logVo.LogVo.<init>] [INFO] 日志实例已初始化...
[2020-04-12 18:27:46:826] [vo.logVo.LogVo.<init>] [INFO] 日志实例已初始化...
[2020-04-12 18:27:46:826] [vo.logVo.LogVo.<init>] [INFO] 日志实例已初始化...
[2020-04-12 18:27:46:827] [vo.logVo.LogVo.<init>] [INFO] 日志实例已初始化...
[2020-04-12 18:27:46:828] [vo.logVo.LogVo.<init>] [INFO] 日志实例已初始化...
[2020-04-12 18:27:46:829] [vo.logVo.LogVo.<init>] [INFO] 日志实例已初始化...
[2020-04-12 18:27:46:829] [vo.logVo.LogVo.<init>] [INFO] 日志实例已初始化...
[2020-04-12 18:27:46:830] [vo.logVo.LogVo.<init>] [INFO] 日志实例已初始化...
[2020-04-12 18:27:46:831] [vo.logVo.LogVo.<init>] [INFO] 日志实例已初始化...
[2020-04-12 18:27:46:831] [vo.logVo.LogVo.<init>] [INFO] 日志实例已初始化...
[2020-04-12 18:27:46:832] [vo.logVo.LogVo.<init>] [INFO] 日志实例已初始化...
[2020-04-12 18:27:46:832] [vo.logVo.LogVo.<init>] [INFO] 日志实例已初始化...
[2020-04-12 18:27:46:833] [vo.logVo.LogVo.<init>] [INFO] 日志实例已初始化...
[2020-04-12 18:27:46:834] [vo.logVo.LogVo.<init>] [INFO] 日志实例已初始化...
[2020-04-12 18:27:46:834] [vo.logVo.LogVo.<init>] [INFO] 日志实例已初始化...
[2020-04-12 18:27:46:835] [vo.logVo.LogVo.<init>] [INFO] 日志实例已初始化...
[2020-04-12 18:27:46:835] [vo.logVo.LogVo.<init>] [INFO] 日志实例已初始化...
[2020-04-12 18:27:46:837] [vo.logVo.LogVo.<init>] [INFO] 日志实例已初始化...
[2020-04-12 18:27:46:838] [vo.logVo.LogVo.<init>] [INFO] 日志实例已初始化...
[2020-04-12 18:27:46:839] [vo.logVo.LogVo.<init>] [INFO] 日志实例已初始化...
[2020-04-12 18:27:46:840] [vo.logVo.LogVo.<init>] [INFO] 日志实例已初始化...
[2020-04-12 18:27:46:840] [vo.logVo.LogVo.<init>] [INFO] 日志实例已初始化...
[2020-04-12 18:27:46:841] [vo.logVo.LogVo.<init>] [INFO] 日志实例已初始化...
[2020-04-12 18:27:46:841] [vo.logVo.LogVo.<init>] [INFO] 日志实例已初始化...
[2020-04-12 18:27:46:842] [vo.logVo.LogVo.<init>] [INFO] 日志实例已初始化...
[2020-04-12 18:27:46:842] [vo.logVo.LogVo.<init>] [INFO] 日志实例已初始化...
[2020-04-12 18:27:46:843] [vo.logVo.LogVo.<init>] [INFO] 日志实例已初始化...
[2020-04-12 18:27:46:843] [vo.logVo.LogVo.<init>] [INFO] 日志实例已初始化...
[2020-04-12 18:27:46:844] [vo.logVo.LogVo.<init>] [INFO] 日志实例已初始化...
[2020-04-12 18:27:46:844] [vo.logVo.LogVo.<init>] [INFO] 日志实例已初始化...
[2020-04-12 18:27:46:844] [vo.logVo.LogVo.<init>] [INFO] 日志实例已初始化...
[2020-04-12 18:27:46:845] [vo.logVo.LogVo.<init>] [INFO] 日志实例已初始化...
[2020-04-12 18:27:46:845] [vo.logVo.LogVo.<init>] [INFO] 日志实例已初始化...
[2020-04-12 18:27:46:846] [vo.logVo.LogVo.<init>] [INFO] 日志实例已初始化...
[2020-04-12 18:27:46:846] [vo.logVo.LogVo.<init>] [INFO] 日志实例已初始化...
[2020-04-12 18:27:46:847] [vo.logVo.LogVo.<init>] [INFO] 日志实例已初始化...
[2020-04-12 18:27:46:847] [vo.logVo.LogVo.<init>] [INFO] 日志实例已初始化...
[2020-04-12 18:27:46:848] [vo.logVo.LogVo.<init>] [INFO] 日志实例已初始化...
[2020-04-12 18:27:46:849] [vo.logVo.LogVo.<init>] [INFO] 日志实例已初始化...
[2020-04-12 18:27:46:850] [vo.logVo.LogVo.<init>] [INFO] 日志实例已初始化...
[2020-04-12 18:27:46:851] [vo.logVo.LogVo.<init>] [INFO] 日志实例已初始化...
[2020-04-12 18:27:46:852] [vo.logVo.LogVo.<init>] [INFO] 日志实例已初始化...
[2020-04-12 18:27:46:853] [vo.logVo.LogVo.<init>] [INFO] 日志实例已初始化...
[2020-04-12 18:27:46:854] [vo.logVo.LogVo.<init>] [INFO] 日志实例已初始化...
[2020-04-12 18:27:46:855] [vo.logVo.LogVo.<init>] [INFO] 日志实例已初始化...
[2020-04-12 18:27:46:855] [vo.logVo.LogVo.<init>] [INFO] 日志实例已初始化...
[2020-04-12 18:27:46:856] [vo.logVo.LogVo.<init>] [INFO] 日志实例已初始化...
[2020-04-12 18:27:46:858] [vo.logVo.LogVo.<init>] [INFO] 日志实例已初始化...
[2020-04-12 18:27:46:858] [vo.logVo.LogVo.<init>] [INFO] 日志实例已初始化...
[2020-04-12 18:27:46:859] [vo.logVo.LogVo.<init>] [INFO] 日志实例已初始化...
[2020-04-12 18:27:46:860] [vo.logVo.LogVo.<init>] [INFO] 日志实例已初始化...
[2020-04-12 18:27:46:861] [vo.logVo.LogVo.<init>] [INFO] 日志实例已初始化...
[2020-04-12 18:27:46:862] [vo.logVo.LogVo.<init>] [INFO] 日志实例已初始化...
[2020-04-12 18:27:46:864] [vo.logVo.LogVo.<init>] [INFO] 日志实例已初始化...
[2020-04-12 18:27:46:865] [vo.logVo.LogVo.<init>] [INFO] 日志实例已初始化...
[2020-04-12 18:27:46:865] [vo.logVo.LogVo.<init>] [INFO] 日志实例已初始化...
[2020-04-12 18:27:46:866] [vo.logVo.LogVo.<init>] [INFO] 日志实例已初始化...
[2020-04-12 18:27:46:866] [vo.logVo.LogVo.<init>] [INFO] 日志实例已初始化...
[2020-04-12 18:27:46:868] [vo.logVo.LogVo.<init>] [INFO] 日志实例已初始化...
[2020-04-12 18:27:46:872] [vo.logVo.LogVo.<init>] [INFO] 日志实例已初始化...
[2020-04-12 18:27:46:873] [vo.logVo.LogVo.<init>] [INFO] 日志实例已初始化...
[2020-04-12 18:27:46:875] [vo.logVo.LogVo.<init>] [INFO] 日志实例已初始化...
[2020-04-12 18:27:46:876] [vo.logVo.LogVo.<init>] [INFO] 日志实例已初始化...
[2020-04-12 18:27:46:877] [vo.logVo.LogVo.<init>] [INFO] 日志实例已初始化...
[2020-04-12 18:27:46:880] [vo.logVo.LogVo.<init>] [INFO] 日志实例已初始化...
[2020-04-12 18:27:46:880] [vo.logVo.LogVo.<init>] [INFO] 日志实例已初始化...
[2020-04-12 18:27:46:881] [vo.logVo.LogVo.<init>] [INFO] 日志实例已初始化...
[2020-04-12 18:27:46:881] [vo.logVo.LogVo.<init>] [INFO] 日志实例已初始化...
[2020-04-12 18:27:46:882] [vo.logVo.LogVo.<init>] [INFO] 日志实例已初始化...
[2020-04-12 18:27:46:883] [vo.logVo.LogVo.<init>] [INFO] 日志实例已初始化...
[2020-04-12 18:27:46:883] [vo.logVo.LogVo.<init>] [INFO] 日志实例已初始化...
[2020-04-12 18:27:46:884] [vo.logVo.LogVo.<init>] [INFO] 日志实例已初始化...
[2020-04-12 18:27:46:884] [vo.logVo.LogVo.<init>] [INFO] 日志实例已初始化...
[2020-04-12 18:27:46:887] [vo.logVo.LogVo.<init>] [INFO] 日志实例已初始化...
[2020-04-12 18:27:46:888] [vo.logVo.LogVo.<init>] [INFO] 日志实例已初始化...
[2020-04-12 18:27:46:889] [vo.logVo.LogVo.<init>] [INFO] 日志实例已初始化...
[2020-04-12 18:27:46:890] [vo.logVo.LogVo.<init>] [INFO] 日志实例已初始化...
[2020-04-12 18:27:46:891] [vo.logVo.LogVo.<init>] [INFO] 日志实例已初始化...
[2020-04-12 18:27:46:893] [vo.logVo.LogVo.<init>] [INFO] 日志实例已初始化...
[2020-04-12 18:27:46:895] [vo.logVo.LogVo.<init>] [INFO] 日志实例已初始化...
[2020-04-12 18:27:46:896] [vo.logVo.LogVo.<init>] [INFO] 日志实例已初始化...
[2020-04-12 18:27:46:896] [vo.logVo.LogVo.<init>] [INFO] 日志实例已初始化...
[2020-04-12 18:27:46:897] [vo.logVo.LogVo.<init>] [INFO] 日志实例已初始化...
[2020-04-12 18:27:46:898] [vo.logVo.LogVo.<init>] [INFO] 日志实例已初始化...
[2020-04-12 18:27:46:898] [vo.logVo.LogVo.<init>] [INFO] 日志实例已初始化...
[2020-04-12 18:27:46:900] [vo.logVo.LogVo.<init>] [INFO] 日志实例已初始化...
[2020-04-12 18:27:46:902] [vo.logVo.LogVo.<init>] [INFO] 日志实例已初始化...
[2020-04-12 18:27:46:903] [vo.logVo.LogVo.<init>] [INFO] 日志实例已初始化...
[2020-04-12 18:27:46:905] [vo.logVo.LogVo.<init>] [INFO] 日志实例已初始化...
[2020-04-12 18:27:46:906] [vo.logVo.LogVo.<init>] [INFO] 日志实例已初始化...
[2020-04-12 18:27:46:906] [vo.logVo.LogVo.<init>] [INFO] 日志实例已初始化...
[2020-04-12 18:27:46:907] [vo.logVo.LogVo.<init>] [INFO] 日志实例已初始化...
[2020-04-12 18:27:46:908] [vo.logVo.LogVo.<init>] [INFO] 日志实例已初始化...
[2020-04-12 18:27:46:908] [vo.logVo.LogVo.<init>] [INFO] 日志实例已初始化...
[2020-04-12 18:27:46:909] [vo.logVo.LogVo.<init>] [INFO] 日志实例已初始化...
[2020-04-12 18:27:46:910] [vo.logVo.LogVo.<init>] [INFO] 日志实例已初始化...
[2020-04-12 18:27:46:911] [vo.logVo.LogVo.<init>] [INFO] 日志实例已初始化...
[2020-04-12 18:27:46:912] [vo.logVo.LogVo.<init>] [INFO] 日志实例已初始化...
[2020-04-12 18:27:46:912] [vo.logVo.LogVo.<init>] [INFO] 日志实例已初始化...
[2020-04-12 18:27:46:913] [vo.logVo.LogVo.<init>] [INFO] 日志实例已初始化...
[2020-04-12 18:27:46:913] [vo.logVo.LogVo.<init>] [INFO] 日志实例已初始化...
[2020-04-12 18:27:46:913] [vo.logVo.LogVo.<init>] [INFO] 日志实例已初始化...
[2020-04-12 18:27:46:914] [vo.logVo.LogVo.<init>] [INFO] 日志实例已初始化...
[2020-04-12 18:27:46:914] [vo.logVo.LogVo.<init>] [INFO] 日志实例已初始化...
[2020-04-12 18:27:46:914] [vo.logVo.LogVo.<init>] [INFO] 日志实例已初始化...
[2020-04-12 18:27:46:915] [vo.logVo.LogVo.<init>] [INFO] 日志实例已初始化...
[2020-04-12 18:27:46:916] [vo.logVo.LogVo.<init>] [INFO] 日志实例已初始化...
[2020-04-12 18:27:46:916] [vo.logVo.LogVo.<init>] [INFO] 日志实例已初始化...
[2020-04-12 18:27:46:917] [vo.logVo.LogVo.<init>] [INFO] 日志实例已初始化...
[2020-04-12 18:27:46:917] [vo.logVo.LogVo.<init>] [INFO] 日志实例已初始化...
[2020-04-12 18:27:46:917] [vo.logVo.LogVo.<init>] [INFO] 日志实例已初始化...
[2020-04-12 18:27:46:918] [vo.logVo.LogVo.<init>] [INFO] 日志实例已初始化...
[2020-04-12 18:27:46:922] [vo.logVo.LogVo.<init>] [INFO] 日志实例已初始化...
[2020-04-12 18:27:46:923] [vo.logVo.LogVo.<init>] [INFO] 日志实例已初始化...
[2020-04-12 18:27:46:925] [vo.logVo.LogVo.<init>] [INFO] 日志实例已初始化...
[2020-04-12 18:27:46:926] [vo.logVo.LogVo.<init>] [INFO] 日志实例已初始化...
[2020-04-12 18:27:46:928] [vo.logVo.LogVo.<init>] [INFO] 日志实例已初始化...
[2020-04-12 18:27:46:928] [vo.logVo.LogVo.<init>] [INFO] 日志实例已初始化...
[2020-04-12 18:27:46:929] [vo.logVo.LogVo.<init>] [INFO] 日志实例已初始化...
[2020-04-12 18:27:46:930] [vo.logVo.LogVo.<init>] [INFO] 日志实例已初始化...
[2020-04-12 18:27:46:930] [vo.logVo.LogVo.<init>] [INFO] 日志实例已初始化...
[2020-04-12 18:27:46:931] [vo.logVo.LogVo.<init>] [INFO] 日志实例已初始化...
[2020-04-12 18:27:46:932] [vo.logVo.LogVo.<init>] [INFO] 日志实例已初始化...
[2020-04-12 18:27:46:933] [vo.logVo.LogVo.<init>] [INFO] 日志实例已初始化...
[2020-04-12 18:27:46:933] [vo.logVo.LogVo.<init>] [INFO] 日志实例已初始化...
[2020-04-12 18:27:46:934] [vo.logVo.LogVo.<init>] [INFO] 日志实例已初始化...
[2020-04-12 18:27:46:934] [vo.logVo.LogVo.<init>] [INFO] 日志实例已初始化...
[2020-04-12 18:27:46:935] [vo.logVo.LogVo.<init>] [INFO] 日志实例已初始化...
[2020-04-12 18:27:46:935] [vo.logVo.LogVo.<init>] [INFO] 日志实例已初始化...
[2020-04-12 18:27:46:936] [vo.logVo.LogVo.<init>] [INFO] 日志实例已初始化...
[2020-04-12 18:27:46:937] [vo.logVo.LogVo.<init>] [INFO] 日志实例已初始化...
[2020-04-12 18:27:46:937] [vo.logVo.LogVo.<init>] [INFO] 日志实例已初始化...
[2020-04-12 18:27:46:938] [vo.logVo.LogVo.<init>] [INFO] 日志实例已初始化...
[2020-04-12 18:27:46:938] [vo.logVo.LogVo.<init>] [INFO] 日志实例已初始化...
[2020-04-12 18:27:46:939] [vo.logVo.LogVo.<init>] [INFO] 日志实例已初始化...
[2020-04-12 18:27:46:939] [vo.logVo.LogVo.<init>] [INFO] 日志实例已初始化...
[2020-04-12 18:27:46:940] [vo.logVo.LogVo.<init>] [INFO] 日志实例已初始化...
[2020-04-12 18:27:46:940] [vo.logVo.LogVo.<init>] [INFO] 日志实例已初始化...
[2020-04-12 18:27:46:940] [vo.logVo.LogVo.<init>] [INFO] 日志实例已初始化...
[2020-04-12 18:27:46:942] [vo.logVo.LogVo.<init>] [INFO] 日志实例已初始化...
[2020-04-12 18:27:46:943] [vo.logVo.LogVo.<init>] [INFO] 日志实例已初始化...
[2020-04-12 18:27:46:944] [vo.logVo.LogVo.<init>] [INFO] 日志实例已初始化...
[2020-04-12 18:27:46:945] [vo.logVo.LogVo.<init>] [INFO] 日志实例已初始化...
[2020-04-12 18:27:46:947] [vo.logVo.LogVo.<init>] [INFO] 日志实例已初始化...
[2020-04-12 18:27:46:948] [vo.logVo.LogVo.<init>] [INFO] 日志实例已初始化...
[2020-04-12 18:27:46:950] [vo.logVo.LogVo.<init>] [INFO] 日志实例已初始化...
[2020-04-12 18:27:46:951] [vo.logVo.LogVo.<init>] [INFO] 日志实例已初始化...
[2020-04-12 18:27:46:952] [vo.logVo.LogVo.<init>] [INFO] 日志实例已初始化...
[2020-04-12 18:27:46:953] [vo.logVo.LogVo.<init>] [INFO] 日志实例已初始化...
[2020-04-12 18:27:46:955] [vo.logVo.LogVo.<init>] [INFO] 日志实例已初始化...
[2020-04-12 18:27:46:956] [vo.logVo.LogVo.<init>] [INFO] 日志实例已初始化...
[2020-04-12 18:27:46:957] [vo.logVo.LogVo.<init>] [INFO] 日志实例已初始化...
[2020-04-12 18:27:46:959] [vo.logVo.LogVo.<init>] [INFO] 日志实例已初始化...
[2020-04-12 18:27:46:960] [vo.logVo.LogVo.<init>] [INFO] 日志实例已初始化...
[2020-04-12 18:27:46:960] [vo.logVo.LogVo.<init>] [INFO] 日志实例已初始化...
[2020-04-12 18:27:46:961] [vo.logVo.LogVo.<init>] [INFO] 日志实例已初始化...
[2020-04-12 18:27:46:961] [vo.logVo.LogVo.<init>] [INFO] 日志实例已初始化...
[2020-04-12 18:27:46:962] [vo.logVo.LogVo.<init>] [INFO] 日志实例已初始化...
[2020-04-12 18:27:46:966] [vo.logVo.LogVo.<init>] [INFO] 日志实例已初始化...
[2020-04-12 18:27:46:966] [vo.logVo.LogVo.<init>] [INFO] 日志实例已初始化...
[2020-04-12 18:27:46:967] [vo.logVo.LogVo.<init>] [INFO] 日志实例已初始化...
[2020-04-12 18:27:46:968] [vo.logVo.LogVo.<init>] [INFO] 日志实例已初始化...
[2020-04-12 18:27:46:968] [vo.logVo.LogVo.<init>] [INFO] 日志实例已初始化...
[2020-04-12 18:27:46:969] [vo.logVo.LogVo.<init>] [INFO] 日志实例已初始化...
[2020-04-12 18:27:46:970] [vo.logVo.LogVo.<init>] [INFO] 日志实例已初始化...
[2020-04-12 18:27:46:970] [vo.logVo.LogVo.<init>] [INFO] 日志实例已初始化...
[2020-04-12 18:27:46:971] [vo.logVo.LogVo.<init>] [INFO] 日志实例已初始化...
[2020-04-12 18:27:46:971] [vo.logVo.LogVo.<init>] [INFO] 日志实例已初始化...
[2020-04-12 18:27:46:972] [vo.logVo.LogVo.<init>] [INFO] 日志实例已初始化...
[2020-04-12 18:27:46:972] [vo.logVo.LogVo.<init>] [INFO] 日志实例已初始化...
[2020-04-12 18:27:46:974] [vo.logVo.LogVo.<init>] [INFO] 日志实例已初始化...
[2020-04-12 18:27:46:975] [vo.logVo.LogVo.<init>] [INFO] 日志实例已初始化...
[2020-04-12 18:27:46:976] [vo.logVo.LogVo.<init>] [INFO] 日志实例已初始化...
[2020-04-12 18:27:46:977] [vo.logVo.LogVo.<init>] [INFO] 日志实例已初始化...
[2020-04-12 18:27:46:977] [vo.logVo.LogVo.<init>] [INFO] 日志实例已初始化...
[2020-04-12 18:27:46:978] [vo.logVo.LogVo.<init>] [INFO] 日志实例已初始化...
[2020-04-12 18:27:46:979] [vo.logVo.LogVo.<init>] [INFO] 日志实例已初始化...
[2020-04-12 18:27:46:980] [vo.logVo.LogVo.<init>] [INFO] 日志实例已初始化...
[2020-04-12 18:27:46:980] [vo.logVo.LogVo.<init>] [INFO] 日志实例已初始化...
[2020-04-12 18:27:46:982] [vo.logVo.LogVo.<init>] [INFO] 日志实例已初始化...
[2020-04-12 18:27:46:982] [vo.logVo.LogVo.<init>] [INFO] 日志实例已初始化...
[2020-04-12 18:27:46:983] [vo.logVo.LogVo.<init>] [INFO] 日志实例已初始化...
[2020-04-12 18:27:46:983] [vo.logVo.LogVo.<init>] [INFO] 日志实例已初始化...
[2020-04-12 18:27:47:037] [vo.logVo.LogVo.<init>] [INFO] 日志实例已初始化...
[2020-04-12 18:27:47:050] [vo.logVo.LogVo.<init>] [INFO] 日志实例已初始化...
[2020-04-12 18:27:53:084] [action.userAction.LoginAction.destroySession] [INFO] admin退出成功！
[2020-04-12 18:30:43:274] [util.MyApplicationContextAnnotion.<init>] [INFO] 获取上下文工具类初始化成功!
[2020-04-12 18:30:43:677] [aop.AnnotationCommenAop.<init>] [INFO] 注解式切面已初始化...
[2020-04-12 18:30:45:326] [vo.logVo.LogVo.<init>] [INFO] 日志实例已初始化...
[2020-04-12 18:30:45:899] [aop.ConfigCommenAop.<init>] [INFO] 切面已初始化...
[2020-04-12 18:30:45:942] [vo.logVo.LogVo.<init>] [INFO] 日志实例已初始化...
[2020-04-12 18:30:45:953] [webservice.WebServiceInterface.<init>] [INFO] spring管理web service1
[2020-04-12 18:31:45:076] [vo.logVo.LogVo.<init>] [INFO] 日志实例已初始化...
[2020-04-12 18:31:45:086] [vo.logVo.LogVo.<init>] [INFO] 日志实例已初始化...
[2020-04-12 18:31:45:088] [vo.logVo.LogVo.<init>] [INFO] 日志实例已初始化...
[2020-04-12 18:31:45:089] [vo.logVo.LogVo.<init>] [INFO] 日志实例已初始化...
[2020-04-12 18:31:45:090] [vo.logVo.LogVo.<init>] [INFO] 日志实例已初始化...
[2020-04-12 18:31:45:091] [vo.logVo.LogVo.<init>] [INFO] 日志实例已初始化...
[2020-04-12 18:31:45:092] [vo.logVo.LogVo.<init>] [INFO] 日志实例已初始化...
[2020-04-12 18:31:45:093] [vo.logVo.LogVo.<init>] [INFO] 日志实例已初始化...
[2020-04-12 18:31:45:093] [vo.logVo.LogVo.<init>] [INFO] 日志实例已初始化...
[2020-04-12 18:31:45:094] [vo.logVo.LogVo.<init>] [INFO] 日志实例已初始化...
[2020-04-12 18:31:45:097] [vo.logVo.LogVo.<init>] [INFO] 日志实例已初始化...
[2020-04-12 18:31:45:099] [vo.logVo.LogVo.<init>] [INFO] 日志实例已初始化...
[2020-04-12 18:31:45:102] [vo.logVo.LogVo.<init>] [INFO] 日志实例已初始化...
[2020-04-12 18:31:45:106] [vo.logVo.LogVo.<init>] [INFO] 日志实例已初始化...
[2020-04-12 18:31:45:107] [vo.logVo.LogVo.<init>] [INFO] 日志实例已初始化...
[2020-04-12 18:31:45:108] [vo.logVo.LogVo.<init>] [INFO] 日志实例已初始化...
[2020-04-12 18:31:45:110] [vo.logVo.LogVo.<init>] [INFO] 日志实例已初始化...
[2020-04-12 18:31:45:112] [vo.logVo.LogVo.<init>] [INFO] 日志实例已初始化...
[2020-04-12 18:31:45:114] [vo.logVo.LogVo.<init>] [INFO] 日志实例已初始化...
[2020-04-12 18:31:45:115] [vo.logVo.LogVo.<init>] [INFO] 日志实例已初始化...
[2020-04-12 18:31:45:117] [vo.logVo.LogVo.<init>] [INFO] 日志实例已初始化...
[2020-04-12 18:31:45:120] [vo.logVo.LogVo.<init>] [INFO] 日志实例已初始化...
[2020-04-12 18:31:45:121] [vo.logVo.LogVo.<init>] [INFO] 日志实例已初始化...
[2020-04-12 18:31:45:123] [vo.logVo.LogVo.<init>] [INFO] 日志实例已初始化...
[2020-04-12 18:31:45:124] [vo.logVo.LogVo.<init>] [INFO] 日志实例已初始化...
[2020-04-12 18:31:45:125] [vo.logVo.LogVo.<init>] [INFO] 日志实例已初始化...
[2020-04-12 18:31:45:126] [vo.logVo.LogVo.<init>] [INFO] 日志实例已初始化...
[2020-04-12 18:31:45:127] [vo.logVo.LogVo.<init>] [INFO] 日志实例已初始化...
[2020-04-12 18:31:45:128] [vo.logVo.LogVo.<init>] [INFO] 日志实例已初始化...
[2020-04-12 18:31:45:130] [vo.logVo.LogVo.<init>] [INFO] 日志实例已初始化...
[2020-04-12 18:31:45:131] [vo.logVo.LogVo.<init>] [INFO] 日志实例已初始化...
[2020-04-12 18:31:45:133] [vo.logVo.LogVo.<init>] [INFO] 日志实例已初始化...
[2020-04-12 18:31:45:145] [vo.logVo.LogVo.<init>] [INFO] 日志实例已初始化...
[2020-04-12 18:31:45:146] [vo.logVo.LogVo.<init>] [INFO] 日志实例已初始化...
[2020-04-12 18:31:45:148] [vo.logVo.LogVo.<init>] [INFO] 日志实例已初始化...
[2020-04-12 18:31:45:156] [vo.logVo.LogVo.<init>] [INFO] 日志实例已初始化...
[2020-04-12 18:31:45:162] [vo.logVo.LogVo.<init>] [INFO] 日志实例已初始化...
[2020-04-12 18:31:45:164] [vo.logVo.LogVo.<init>] [INFO] 日志实例已初始化...
[2020-04-12 18:31:45:166] [vo.logVo.LogVo.<init>] [INFO] 日志实例已初始化...
[2020-04-12 18:31:45:172] [vo.logVo.LogVo.<init>] [INFO] 日志实例已初始化...
[2020-04-12 18:31:45:174] [vo.logVo.LogVo.<init>] [INFO] 日志实例已初始化...
[2020-04-12 18:31:45:178] [vo.logVo.LogVo.<init>] [INFO] 日志实例已初始化...
[2020-04-12 18:31:45:179] [vo.logVo.LogVo.<init>] [INFO] 日志实例已初始化...
[2020-04-12 18:31:45:181] [vo.logVo.LogVo.<init>] [INFO] 日志实例已初始化...
[2020-04-12 18:31:45:217] [vo.logVo.LogVo.<init>] [INFO] 日志实例已初始化...
[2020-04-12 18:31:45:221] [vo.logVo.LogVo.<init>] [INFO] 日志实例已初始化...
[2020-04-12 18:31:45:223] [vo.logVo.LogVo.<init>] [INFO] 日志实例已初始化...
[2020-04-12 18:31:45:224] [vo.logVo.LogVo.<init>] [INFO] 日志实例已初始化...
[2020-04-12 18:31:45:225] [vo.logVo.LogVo.<init>] [INFO] 日志实例已初始化...
[2020-04-12 18:31:45:226] [vo.logVo.LogVo.<init>] [INFO] 日志实例已初始化...
[2020-04-12 18:31:45:235] [vo.logVo.LogVo.<init>] [INFO] 日志实例已初始化...
[2020-04-12 18:31:45:244] [vo.logVo.LogVo.<init>] [INFO] 日志实例已初始化...
[2020-04-12 18:31:45:246] [vo.logVo.LogVo.<init>] [INFO] 日志实例已初始化...
[2020-04-12 18:31:45:249] [vo.logVo.LogVo.<init>] [INFO] 日志实例已初始化...
[2020-04-12 18:31:45:277] [vo.logVo.LogVo.<init>] [INFO] 日志实例已初始化...
[2020-04-12 18:31:45:278] [vo.logVo.LogVo.<init>] [INFO] 日志实例已初始化...
[2020-04-12 18:31:45:280] [vo.logVo.LogVo.<init>] [INFO] 日志实例已初始化...
[2020-04-12 18:31:45:282] [vo.logVo.LogVo.<init>] [INFO] 日志实例已初始化...
[2020-04-12 18:31:45:285] [vo.logVo.LogVo.<init>] [INFO] 日志实例已初始化...
[2020-04-12 18:31:45:287] [vo.logVo.LogVo.<init>] [INFO] 日志实例已初始化...
[2020-04-12 18:31:45:288] [vo.logVo.LogVo.<init>] [INFO] 日志实例已初始化...
[2020-04-12 18:31:45:290] [vo.logVo.LogVo.<init>] [INFO] 日志实例已初始化...
[2020-04-12 18:31:45:291] [vo.logVo.LogVo.<init>] [INFO] 日志实例已初始化...
[2020-04-12 18:31:45:294] [vo.logVo.LogVo.<init>] [INFO] 日志实例已初始化...
[2020-04-12 18:31:45:295] [vo.logVo.LogVo.<init>] [INFO] 日志实例已初始化...
[2020-04-12 18:31:45:296] [vo.logVo.LogVo.<init>] [INFO] 日志实例已初始化...
[2020-04-12 18:31:45:296] [vo.logVo.LogVo.<init>] [INFO] 日志实例已初始化...
[2020-04-12 18:31:45:297] [vo.logVo.LogVo.<init>] [INFO] 日志实例已初始化...
[2020-04-12 18:31:45:298] [vo.logVo.LogVo.<init>] [INFO] 日志实例已初始化...
[2020-04-12 18:31:45:300] [vo.logVo.LogVo.<init>] [INFO] 日志实例已初始化...
[2020-04-12 18:31:45:303] [vo.logVo.LogVo.<init>] [INFO] 日志实例已初始化...
[2020-04-12 18:31:45:304] [vo.logVo.LogVo.<init>] [INFO] 日志实例已初始化...
[2020-04-12 18:31:45:305] [vo.logVo.LogVo.<init>] [INFO] 日志实例已初始化...
[2020-04-12 18:31:45:307] [vo.logVo.LogVo.<init>] [INFO] 日志实例已初始化...
[2020-04-12 18:31:45:307] [vo.logVo.LogVo.<init>] [INFO] 日志实例已初始化...
[2020-04-12 18:31:45:308] [vo.logVo.LogVo.<init>] [INFO] 日志实例已初始化...
[2020-04-12 18:31:45:309] [vo.logVo.LogVo.<init>] [INFO] 日志实例已初始化...
[2020-04-12 18:31:45:310] [vo.logVo.LogVo.<init>] [INFO] 日志实例已初始化...
[2020-04-12 18:31:45:312] [vo.logVo.LogVo.<init>] [INFO] 日志实例已初始化...
[2020-04-12 18:31:45:313] [vo.logVo.LogVo.<init>] [INFO] 日志实例已初始化...
[2020-04-12 18:31:45:315] [vo.logVo.LogVo.<init>] [INFO] 日志实例已初始化...
[2020-04-12 18:31:45:316] [vo.logVo.LogVo.<init>] [INFO] 日志实例已初始化...
[2020-04-12 18:31:45:324] [vo.logVo.LogVo.<init>] [INFO] 日志实例已初始化...
[2020-04-12 18:31:45:325] [vo.logVo.LogVo.<init>] [INFO] 日志实例已初始化...
[2020-04-12 18:31:45:327] [vo.logVo.LogVo.<init>] [INFO] 日志实例已初始化...
[2020-04-12 18:31:45:329] [vo.logVo.LogVo.<init>] [INFO] 日志实例已初始化...
[2020-04-12 18:31:45:329] [vo.logVo.LogVo.<init>] [INFO] 日志实例已初始化...
[2020-04-12 18:31:45:332] [vo.logVo.LogVo.<init>] [INFO] 日志实例已初始化...
[2020-04-12 18:31:45:333] [vo.logVo.LogVo.<init>] [INFO] 日志实例已初始化...
[2020-04-12 18:31:45:334] [vo.logVo.LogVo.<init>] [INFO] 日志实例已初始化...
[2020-04-12 18:31:45:336] [vo.logVo.LogVo.<init>] [INFO] 日志实例已初始化...
[2020-04-12 18:31:45:337] [vo.logVo.LogVo.<init>] [INFO] 日志实例已初始化...
[2020-04-12 18:31:45:338] [vo.logVo.LogVo.<init>] [INFO] 日志实例已初始化...
[2020-04-12 18:31:45:338] [vo.logVo.LogVo.<init>] [INFO] 日志实例已初始化...
[2020-04-12 18:31:45:339] [vo.logVo.LogVo.<init>] [INFO] 日志实例已初始化...
[2020-04-12 18:31:45:340] [vo.logVo.LogVo.<init>] [INFO] 日志实例已初始化...
[2020-04-12 18:31:45:341] [vo.logVo.LogVo.<init>] [INFO] 日志实例已初始化...
[2020-04-12 18:31:45:342] [vo.logVo.LogVo.<init>] [INFO] 日志实例已初始化...
[2020-04-12 18:31:45:343] [vo.logVo.LogVo.<init>] [INFO] 日志实例已初始化...
[2020-04-12 18:31:45:344] [vo.logVo.LogVo.<init>] [INFO] 日志实例已初始化...
[2020-04-12 18:31:45:345] [vo.logVo.LogVo.<init>] [INFO] 日志实例已初始化...
[2020-04-12 18:31:45:346] [vo.logVo.LogVo.<init>] [INFO] 日志实例已初始化...
[2020-04-12 18:31:45:346] [vo.logVo.LogVo.<init>] [INFO] 日志实例已初始化...
[2020-04-12 18:31:45:347] [vo.logVo.LogVo.<init>] [INFO] 日志实例已初始化...
[2020-04-12 18:31:45:348] [vo.logVo.LogVo.<init>] [INFO] 日志实例已初始化...
[2020-04-12 18:31:45:349] [vo.logVo.LogVo.<init>] [INFO] 日志实例已初始化...
[2020-04-12 18:31:45:350] [vo.logVo.LogVo.<init>] [INFO] 日志实例已初始化...
[2020-04-12 18:31:45:352] [vo.logVo.LogVo.<init>] [INFO] 日志实例已初始化...
[2020-04-12 18:31:45:353] [vo.logVo.LogVo.<init>] [INFO] 日志实例已初始化...
[2020-04-12 18:31:45:359] [vo.logVo.LogVo.<init>] [INFO] 日志实例已初始化...
[2020-04-12 18:31:45:362] [vo.logVo.LogVo.<init>] [INFO] 日志实例已初始化...
[2020-04-12 18:31:45:363] [vo.logVo.LogVo.<init>] [INFO] 日志实例已初始化...
[2020-04-12 18:31:45:365] [vo.logVo.LogVo.<init>] [INFO] 日志实例已初始化...
[2020-04-12 18:31:45:367] [vo.logVo.LogVo.<init>] [INFO] 日志实例已初始化...
[2020-04-12 18:31:45:370] [vo.logVo.LogVo.<init>] [INFO] 日志实例已初始化...
[2020-04-12 18:31:45:372] [vo.logVo.LogVo.<init>] [INFO] 日志实例已初始化...
[2020-04-12 18:31:45:372] [vo.logVo.LogVo.<init>] [INFO] 日志实例已初始化...
[2020-04-12 18:31:45:373] [vo.logVo.LogVo.<init>] [INFO] 日志实例已初始化...
[2020-04-12 18:31:45:374] [vo.logVo.LogVo.<init>] [INFO] 日志实例已初始化...
[2020-04-12 18:31:45:375] [vo.logVo.LogVo.<init>] [INFO] 日志实例已初始化...
[2020-04-12 18:31:45:377] [vo.logVo.LogVo.<init>] [INFO] 日志实例已初始化...
[2020-04-12 18:31:45:378] [vo.logVo.LogVo.<init>] [INFO] 日志实例已初始化...
[2020-04-12 18:31:45:379] [vo.logVo.LogVo.<init>] [INFO] 日志实例已初始化...
[2020-04-12 18:31:45:380] [vo.logVo.LogVo.<init>] [INFO] 日志实例已初始化...
[2020-04-12 18:31:45:381] [vo.logVo.LogVo.<init>] [INFO] 日志实例已初始化...
[2020-04-12 18:31:45:382] [vo.logVo.LogVo.<init>] [INFO] 日志实例已初始化...
[2020-04-12 18:31:45:383] [vo.logVo.LogVo.<init>] [INFO] 日志实例已初始化...
[2020-04-12 18:31:45:384] [vo.logVo.LogVo.<init>] [INFO] 日志实例已初始化...
[2020-04-12 18:31:45:384] [vo.logVo.LogVo.<init>] [INFO] 日志实例已初始化...
[2020-04-12 18:31:45:388] [vo.logVo.LogVo.<init>] [INFO] 日志实例已初始化...
[2020-04-12 18:31:45:390] [vo.logVo.LogVo.<init>] [INFO] 日志实例已初始化...
[2020-04-12 18:31:45:391] [vo.logVo.LogVo.<init>] [INFO] 日志实例已初始化...
[2020-04-12 18:31:45:392] [vo.logVo.LogVo.<init>] [INFO] 日志实例已初始化...
[2020-04-12 18:31:45:393] [vo.logVo.LogVo.<init>] [INFO] 日志实例已初始化...
[2020-04-12 18:31:45:394] [vo.logVo.LogVo.<init>] [INFO] 日志实例已初始化...
[2020-04-12 18:31:45:396] [vo.logVo.LogVo.<init>] [INFO] 日志实例已初始化...
[2020-04-12 18:31:45:397] [vo.logVo.LogVo.<init>] [INFO] 日志实例已初始化...
[2020-04-12 18:31:45:398] [vo.logVo.LogVo.<init>] [INFO] 日志实例已初始化...
[2020-04-12 18:31:45:399] [vo.logVo.LogVo.<init>] [INFO] 日志实例已初始化...
[2020-04-12 18:31:45:401] [vo.logVo.LogVo.<init>] [INFO] 日志实例已初始化...
[2020-04-12 18:31:45:402] [vo.logVo.LogVo.<init>] [INFO] 日志实例已初始化...
[2020-04-12 18:31:45:402] [vo.logVo.LogVo.<init>] [INFO] 日志实例已初始化...
[2020-04-12 18:31:45:403] [vo.logVo.LogVo.<init>] [INFO] 日志实例已初始化...
[2020-04-12 18:31:45:405] [vo.logVo.LogVo.<init>] [INFO] 日志实例已初始化...
[2020-04-12 18:31:45:406] [vo.logVo.LogVo.<init>] [INFO] 日志实例已初始化...
[2020-04-12 18:31:45:407] [vo.logVo.LogVo.<init>] [INFO] 日志实例已初始化...
[2020-04-12 18:31:45:408] [vo.logVo.LogVo.<init>] [INFO] 日志实例已初始化...
[2020-04-12 18:31:45:409] [vo.logVo.LogVo.<init>] [INFO] 日志实例已初始化...
[2020-04-12 18:31:45:411] [vo.logVo.LogVo.<init>] [INFO] 日志实例已初始化...
[2020-04-12 18:31:45:414] [vo.logVo.LogVo.<init>] [INFO] 日志实例已初始化...
[2020-04-12 18:31:45:415] [vo.logVo.LogVo.<init>] [INFO] 日志实例已初始化...
[2020-04-12 18:31:45:421] [vo.logVo.LogVo.<init>] [INFO] 日志实例已初始化...
[2020-04-12 18:31:45:422] [vo.logVo.LogVo.<init>] [INFO] 日志实例已初始化...
[2020-04-12 18:31:45:423] [vo.logVo.LogVo.<init>] [INFO] 日志实例已初始化...
[2020-04-12 18:31:45:425] [vo.logVo.LogVo.<init>] [INFO] 日志实例已初始化...
[2020-04-12 18:31:45:426] [vo.logVo.LogVo.<init>] [INFO] 日志实例已初始化...
[2020-04-12 18:31:45:427] [vo.logVo.LogVo.<init>] [INFO] 日志实例已初始化...
[2020-04-12 18:31:45:428] [vo.logVo.LogVo.<init>] [INFO] 日志实例已初始化...
[2020-04-12 18:31:45:430] [vo.logVo.LogVo.<init>] [INFO] 日志实例已初始化...
[2020-04-12 18:31:45:431] [vo.logVo.LogVo.<init>] [INFO] 日志实例已初始化...
[2020-04-12 18:31:45:433] [vo.logVo.LogVo.<init>] [INFO] 日志实例已初始化...
[2020-04-12 18:31:45:434] [vo.logVo.LogVo.<init>] [INFO] 日志实例已初始化...
[2020-04-12 18:31:45:434] [vo.logVo.LogVo.<init>] [INFO] 日志实例已初始化...
[2020-04-12 18:31:45:435] [vo.logVo.LogVo.<init>] [INFO] 日志实例已初始化...
[2020-04-12 18:31:45:437] [vo.logVo.LogVo.<init>] [INFO] 日志实例已初始化...
[2020-04-12 18:31:45:439] [vo.logVo.LogVo.<init>] [INFO] 日志实例已初始化...
[2020-04-12 18:31:45:442] [vo.logVo.LogVo.<init>] [INFO] 日志实例已初始化...
[2020-04-12 18:31:45:442] [vo.logVo.LogVo.<init>] [INFO] 日志实例已初始化...
[2020-04-12 18:31:45:443] [vo.logVo.LogVo.<init>] [INFO] 日志实例已初始化...
[2020-04-12 18:31:45:444] [vo.logVo.LogVo.<init>] [INFO] 日志实例已初始化...
[2020-04-12 18:31:45:445] [vo.logVo.LogVo.<init>] [INFO] 日志实例已初始化...
[2020-04-12 18:31:45:446] [vo.logVo.LogVo.<init>] [INFO] 日志实例已初始化...
[2020-04-12 18:31:45:450] [vo.logVo.LogVo.<init>] [INFO] 日志实例已初始化...
[2020-04-12 18:31:45:451] [vo.logVo.LogVo.<init>] [INFO] 日志实例已初始化...
[2020-04-12 18:31:45:453] [vo.logVo.LogVo.<init>] [INFO] 日志实例已初始化...
[2020-04-12 18:31:45:454] [vo.logVo.LogVo.<init>] [INFO] 日志实例已初始化...
[2020-04-12 18:31:45:456] [vo.logVo.LogVo.<init>] [INFO] 日志实例已初始化...
[2020-04-12 18:31:45:457] [vo.logVo.LogVo.<init>] [INFO] 日志实例已初始化...
[2020-04-12 18:31:45:458] [vo.logVo.LogVo.<init>] [INFO] 日志实例已初始化...
[2020-04-12 18:31:45:458] [vo.logVo.LogVo.<init>] [INFO] 日志实例已初始化...
[2020-04-12 18:31:45:459] [vo.logVo.LogVo.<init>] [INFO] 日志实例已初始化...
[2020-04-12 18:31:45:460] [vo.logVo.LogVo.<init>] [INFO] 日志实例已初始化...
[2020-04-12 18:31:45:460] [vo.logVo.LogVo.<init>] [INFO] 日志实例已初始化...
[2020-04-12 18:31:45:461] [vo.logVo.LogVo.<init>] [INFO] 日志实例已初始化...
[2020-04-12 18:31:45:461] [vo.logVo.LogVo.<init>] [INFO] 日志实例已初始化...
[2020-04-12 18:31:45:462] [vo.logVo.LogVo.<init>] [INFO] 日志实例已初始化...
[2020-04-12 18:31:45:463] [vo.logVo.LogVo.<init>] [INFO] 日志实例已初始化...
[2020-04-12 18:31:45:464] [vo.logVo.LogVo.<init>] [INFO] 日志实例已初始化...
[2020-04-12 18:31:45:465] [vo.logVo.LogVo.<init>] [INFO] 日志实例已初始化...
[2020-04-12 18:31:45:466] [vo.logVo.LogVo.<init>] [INFO] 日志实例已初始化...
[2020-04-12 18:31:45:466] [vo.logVo.LogVo.<init>] [INFO] 日志实例已初始化...
[2020-04-12 18:31:45:467] [vo.logVo.LogVo.<init>] [INFO] 日志实例已初始化...
[2020-04-12 18:31:45:469] [vo.logVo.LogVo.<init>] [INFO] 日志实例已初始化...
[2020-04-12 18:31:45:470] [vo.logVo.LogVo.<init>] [INFO] 日志实例已初始化...
[2020-04-12 18:31:45:472] [vo.logVo.LogVo.<init>] [INFO] 日志实例已初始化...
[2020-04-12 18:31:45:473] [vo.logVo.LogVo.<init>] [INFO] 日志实例已初始化...
[2020-04-12 18:31:45:474] [vo.logVo.LogVo.<init>] [INFO] 日志实例已初始化...
[2020-04-12 18:31:45:474] [vo.logVo.LogVo.<init>] [INFO] 日志实例已初始化...
[2020-04-12 18:31:45:475] [vo.logVo.LogVo.<init>] [INFO] 日志实例已初始化...
[2020-04-12 18:31:45:476] [vo.logVo.LogVo.<init>] [INFO] 日志实例已初始化...
[2020-04-12 18:31:45:477] [vo.logVo.LogVo.<init>] [INFO] 日志实例已初始化...
[2020-04-12 18:31:45:479] [vo.logVo.LogVo.<init>] [INFO] 日志实例已初始化...
[2020-04-12 18:31:45:480] [vo.logVo.LogVo.<init>] [INFO] 日志实例已初始化...
[2020-04-12 18:31:45:482] [vo.logVo.LogVo.<init>] [INFO] 日志实例已初始化...
[2020-04-12 18:31:45:483] [vo.logVo.LogVo.<init>] [INFO] 日志实例已初始化...
[2020-04-12 18:31:45:484] [vo.logVo.LogVo.<init>] [INFO] 日志实例已初始化...
[2020-04-12 18:31:45:485] [vo.logVo.LogVo.<init>] [INFO] 日志实例已初始化...
[2020-04-12 18:31:45:486] [vo.logVo.LogVo.<init>] [INFO] 日志实例已初始化...
[2020-04-12 18:31:45:487] [vo.logVo.LogVo.<init>] [INFO] 日志实例已初始化...
[2020-04-12 18:31:45:489] [vo.logVo.LogVo.<init>] [INFO] 日志实例已初始化...
[2020-04-12 18:31:45:491] [vo.logVo.LogVo.<init>] [INFO] 日志实例已初始化...
[2020-04-12 18:31:45:493] [vo.logVo.LogVo.<init>] [INFO] 日志实例已初始化...
[2020-04-12 18:31:45:494] [vo.logVo.LogVo.<init>] [INFO] 日志实例已初始化...
[2020-04-12 18:31:45:496] [vo.logVo.LogVo.<init>] [INFO] 日志实例已初始化...
[2020-04-12 18:31:45:497] [vo.logVo.LogVo.<init>] [INFO] 日志实例已初始化...
[2020-04-12 18:31:45:498] [vo.logVo.LogVo.<init>] [INFO] 日志实例已初始化...
[2020-04-12 18:31:45:499] [vo.logVo.LogVo.<init>] [INFO] 日志实例已初始化...
[2020-04-12 18:31:45:499] [vo.logVo.LogVo.<init>] [INFO] 日志实例已初始化...
[2020-04-12 18:31:45:500] [vo.logVo.LogVo.<init>] [INFO] 日志实例已初始化...
[2020-04-12 18:31:45:500] [vo.logVo.LogVo.<init>] [INFO] 日志实例已初始化...
[2020-04-12 18:31:45:501] [vo.logVo.LogVo.<init>] [INFO] 日志实例已初始化...
[2020-04-12 18:31:45:502] [vo.logVo.LogVo.<init>] [INFO] 日志实例已初始化...
[2020-04-12 18:31:45:503] [vo.logVo.LogVo.<init>] [INFO] 日志实例已初始化...
[2020-04-12 18:31:45:504] [vo.logVo.LogVo.<init>] [INFO] 日志实例已初始化...
[2020-04-12 18:31:45:506] [vo.logVo.LogVo.<init>] [INFO] 日志实例已初始化...
[2020-04-12 18:31:45:507] [vo.logVo.LogVo.<init>] [INFO] 日志实例已初始化...
[2020-04-12 18:31:45:508] [vo.logVo.LogVo.<init>] [INFO] 日志实例已初始化...
[2020-04-12 18:31:45:512] [vo.logVo.LogVo.<init>] [INFO] 日志实例已初始化...
[2020-04-12 18:31:45:514] [vo.logVo.LogVo.<init>] [INFO] 日志实例已初始化...
[2020-04-12 18:31:45:516] [vo.logVo.LogVo.<init>] [INFO] 日志实例已初始化...
[2020-04-12 18:31:45:517] [vo.logVo.LogVo.<init>] [INFO] 日志实例已初始化...
[2020-04-12 18:31:45:518] [vo.logVo.LogVo.<init>] [INFO] 日志实例已初始化...
[2020-04-12 18:31:45:519] [vo.logVo.LogVo.<init>] [INFO] 日志实例已初始化...
[2020-04-12 18:31:45:521] [vo.logVo.LogVo.<init>] [INFO] 日志实例已初始化...
[2020-04-12 18:31:45:523] [vo.logVo.LogVo.<init>] [INFO] 日志实例已初始化...
[2020-04-12 18:31:45:528] [vo.logVo.LogVo.<init>] [INFO] 日志实例已初始化...
[2020-04-12 18:31:45:532] [vo.logVo.LogVo.<init>] [INFO] 日志实例已初始化...
[2020-04-12 18:31:45:533] [vo.logVo.LogVo.<init>] [INFO] 日志实例已初始化...
[2020-04-12 18:31:45:533] [vo.logVo.LogVo.<init>] [INFO] 日志实例已初始化...
[2020-04-12 18:31:45:535] [vo.logVo.LogVo.<init>] [INFO] 日志实例已初始化...
[2020-04-12 18:31:45:536] [vo.logVo.LogVo.<init>] [INFO] 日志实例已初始化...
[2020-04-12 18:31:45:537] [vo.logVo.LogVo.<init>] [INFO] 日志实例已初始化...
[2020-04-12 18:31:45:538] [vo.logVo.LogVo.<init>] [INFO] 日志实例已初始化...
[2020-04-12 18:31:45:539] [vo.logVo.LogVo.<init>] [INFO] 日志实例已初始化...
[2020-04-12 18:31:45:540] [vo.logVo.LogVo.<init>] [INFO] 日志实例已初始化...
[2020-04-12 18:31:45:541] [vo.logVo.LogVo.<init>] [INFO] 日志实例已初始化...
[2020-04-12 18:31:45:543] [vo.logVo.LogVo.<init>] [INFO] 日志实例已初始化...
[2020-04-12 18:31:45:545] [vo.logVo.LogVo.<init>] [INFO] 日志实例已初始化...
[2020-04-12 18:31:45:546] [vo.logVo.LogVo.<init>] [INFO] 日志实例已初始化...
[2020-04-12 18:31:45:547] [vo.logVo.LogVo.<init>] [INFO] 日志实例已初始化...
[2020-04-12 18:31:45:549] [vo.logVo.LogVo.<init>] [INFO] 日志实例已初始化...
[2020-04-12 18:31:45:549] [vo.logVo.LogVo.<init>] [INFO] 日志实例已初始化...
[2020-04-12 18:31:45:550] [vo.logVo.LogVo.<init>] [INFO] 日志实例已初始化...
[2020-04-12 18:31:45:551] [vo.logVo.LogVo.<init>] [INFO] 日志实例已初始化...
[2020-04-12 18:31:45:552] [vo.logVo.LogVo.<init>] [INFO] 日志实例已初始化...
[2020-04-12 18:31:45:553] [vo.logVo.LogVo.<init>] [INFO] 日志实例已初始化...
[2020-04-12 18:31:45:554] [vo.logVo.LogVo.<init>] [INFO] 日志实例已初始化...
[2020-04-12 18:31:45:555] [vo.logVo.LogVo.<init>] [INFO] 日志实例已初始化...
[2020-04-12 18:31:45:556] [vo.logVo.LogVo.<init>] [INFO] 日志实例已初始化...
[2020-04-12 18:31:45:557] [vo.logVo.LogVo.<init>] [INFO] 日志实例已初始化...
[2020-04-12 18:31:45:557] [vo.logVo.LogVo.<init>] [INFO] 日志实例已初始化...
[2020-04-12 18:31:45:558] [vo.logVo.LogVo.<init>] [INFO] 日志实例已初始化...
[2020-04-12 18:31:45:559] [vo.logVo.LogVo.<init>] [INFO] 日志实例已初始化...
[2020-04-12 18:31:45:560] [vo.logVo.LogVo.<init>] [INFO] 日志实例已初始化...
[2020-04-12 18:31:45:560] [vo.logVo.LogVo.<init>] [INFO] 日志实例已初始化...
[2020-04-12 18:31:45:561] [vo.logVo.LogVo.<init>] [INFO] 日志实例已初始化...
[2020-04-12 18:31:45:562] [vo.logVo.LogVo.<init>] [INFO] 日志实例已初始化...
[2020-04-12 18:31:45:563] [vo.logVo.LogVo.<init>] [INFO] 日志实例已初始化...
[2020-04-12 18:31:45:563] [vo.logVo.LogVo.<init>] [INFO] 日志实例已初始化...
[2020-04-12 18:31:45:564] [vo.logVo.LogVo.<init>] [INFO] 日志实例已初始化...
[2020-04-12 18:31:45:566] [vo.logVo.LogVo.<init>] [INFO] 日志实例已初始化...
[2020-04-12 18:31:45:568] [vo.logVo.LogVo.<init>] [INFO] 日志实例已初始化...
[2020-04-12 18:31:45:572] [vo.logVo.LogVo.<init>] [INFO] 日志实例已初始化...
[2020-04-12 18:31:45:573] [vo.logVo.LogVo.<init>] [INFO] 日志实例已初始化...
[2020-04-12 18:31:45:575] [vo.logVo.LogVo.<init>] [INFO] 日志实例已初始化...
[2020-04-12 18:31:45:576] [vo.logVo.LogVo.<init>] [INFO] 日志实例已初始化...
[2020-04-12 18:31:45:577] [vo.logVo.LogVo.<init>] [INFO] 日志实例已初始化...
[2020-04-12 18:31:45:578] [vo.logVo.LogVo.<init>] [INFO] 日志实例已初始化...
[2020-04-12 18:31:45:580] [vo.logVo.LogVo.<init>] [INFO] 日志实例已初始化...
[2020-04-12 18:31:45:581] [vo.logVo.LogVo.<init>] [INFO] 日志实例已初始化...
[2020-04-12 18:31:45:582] [vo.logVo.LogVo.<init>] [INFO] 日志实例已初始化...
[2020-04-12 18:31:45:583] [vo.logVo.LogVo.<init>] [INFO] 日志实例已初始化...
[2020-04-12 18:31:45:583] [vo.logVo.LogVo.<init>] [INFO] 日志实例已初始化...
[2020-04-12 18:31:45:584] [vo.logVo.LogVo.<init>] [INFO] 日志实例已初始化...
[2020-04-12 18:31:45:585] [vo.logVo.LogVo.<init>] [INFO] 日志实例已初始化...
[2020-04-12 18:31:45:585] [vo.logVo.LogVo.<init>] [INFO] 日志实例已初始化...
[2020-04-12 18:31:45:586] [vo.logVo.LogVo.<init>] [INFO] 日志实例已初始化...
[2020-04-12 18:31:45:587] [vo.logVo.LogVo.<init>] [INFO] 日志实例已初始化...
[2020-04-12 18:31:45:588] [vo.logVo.LogVo.<init>] [INFO] 日志实例已初始化...
[2020-04-12 18:31:45:589] [vo.logVo.LogVo.<init>] [INFO] 日志实例已初始化...
[2020-04-12 18:31:45:590] [vo.logVo.LogVo.<init>] [INFO] 日志实例已初始化...
[2020-04-12 18:31:45:591] [vo.logVo.LogVo.<init>] [INFO] 日志实例已初始化...
[2020-04-12 18:31:45:592] [vo.logVo.LogVo.<init>] [INFO] 日志实例已初始化...
[2020-04-12 18:31:45:592] [vo.logVo.LogVo.<init>] [INFO] 日志实例已初始化...
[2020-04-12 18:31:45:593] [vo.logVo.LogVo.<init>] [INFO] 日志实例已初始化...
[2020-04-12 18:31:45:594] [vo.logVo.LogVo.<init>] [INFO] 日志实例已初始化...
[2020-04-12 18:31:45:594] [vo.logVo.LogVo.<init>] [INFO] 日志实例已初始化...
[2020-04-12 18:31:45:595] [vo.logVo.LogVo.<init>] [INFO] 日志实例已初始化...
[2020-04-12 18:31:45:596] [vo.logVo.LogVo.<init>] [INFO] 日志实例已初始化...
[2020-04-12 18:31:45:597] [vo.logVo.LogVo.<init>] [INFO] 日志实例已初始化...
[2020-04-12 18:31:45:597] [vo.logVo.LogVo.<init>] [INFO] 日志实例已初始化...
[2020-04-12 18:31:45:598] [vo.logVo.LogVo.<init>] [INFO] 日志实例已初始化...
[2020-04-12 18:31:45:599] [vo.logVo.LogVo.<init>] [INFO] 日志实例已初始化...
[2020-04-12 18:31:45:599] [vo.logVo.LogVo.<init>] [INFO] 日志实例已初始化...
[2020-04-12 18:31:45:600] [vo.logVo.LogVo.<init>] [INFO] 日志实例已初始化...
[2020-04-12 18:31:45:601] [vo.logVo.LogVo.<init>] [INFO] 日志实例已初始化...
[2020-04-12 18:31:45:601] [vo.logVo.LogVo.<init>] [INFO] 日志实例已初始化...
[2020-04-12 18:31:45:602] [vo.logVo.LogVo.<init>] [INFO] 日志实例已初始化...
[2020-04-12 18:31:45:604] [vo.logVo.LogVo.<init>] [INFO] 日志实例已初始化...
[2020-04-12 18:31:45:605] [vo.logVo.LogVo.<init>] [INFO] 日志实例已初始化...
[2020-04-12 18:31:45:606] [vo.logVo.LogVo.<init>] [INFO] 日志实例已初始化...
[2020-04-12 18:31:45:607] [vo.logVo.LogVo.<init>] [INFO] 日志实例已初始化...
[2020-04-12 18:31:45:607] [vo.logVo.LogVo.<init>] [INFO] 日志实例已初始化...
[2020-04-12 18:31:45:608] [vo.logVo.LogVo.<init>] [INFO] 日志实例已初始化...
[2020-04-12 18:31:45:609] [vo.logVo.LogVo.<init>] [INFO] 日志实例已初始化...
[2020-04-12 18:31:45:610] [vo.logVo.LogVo.<init>] [INFO] 日志实例已初始化...
[2020-04-12 18:31:45:612] [vo.logVo.LogVo.<init>] [INFO] 日志实例已初始化...
[2020-04-12 18:31:45:613] [vo.logVo.LogVo.<init>] [INFO] 日志实例已初始化...
[2020-04-12 18:31:45:614] [vo.logVo.LogVo.<init>] [INFO] 日志实例已初始化...
[2020-04-12 18:31:45:616] [vo.logVo.LogVo.<init>] [INFO] 日志实例已初始化...
[2020-04-12 18:31:45:618] [vo.logVo.LogVo.<init>] [INFO] 日志实例已初始化...
[2020-04-12 18:31:45:619] [vo.logVo.LogVo.<init>] [INFO] 日志实例已初始化...
[2020-04-12 18:31:45:620] [vo.logVo.LogVo.<init>] [INFO] 日志实例已初始化...
[2020-04-12 18:31:45:621] [vo.logVo.LogVo.<init>] [INFO] 日志实例已初始化...
[2020-04-12 18:31:45:622] [vo.logVo.LogVo.<init>] [INFO] 日志实例已初始化...
[2020-04-12 18:31:45:623] [vo.logVo.LogVo.<init>] [INFO] 日志实例已初始化...
[2020-04-12 18:31:45:624] [vo.logVo.LogVo.<init>] [INFO] 日志实例已初始化...
[2020-04-12 18:31:45:625] [vo.logVo.LogVo.<init>] [INFO] 日志实例已初始化...
[2020-04-12 18:31:45:625] [vo.logVo.LogVo.<init>] [INFO] 日志实例已初始化...
[2020-04-12 18:31:45:626] [vo.logVo.LogVo.<init>] [INFO] 日志实例已初始化...
[2020-04-12 18:31:45:627] [vo.logVo.LogVo.<init>] [INFO] 日志实例已初始化...
[2020-04-12 18:31:45:627] [vo.logVo.LogVo.<init>] [INFO] 日志实例已初始化...
[2020-04-12 18:31:45:628] [vo.logVo.LogVo.<init>] [INFO] 日志实例已初始化...
[2020-04-12 18:31:45:629] [vo.logVo.LogVo.<init>] [INFO] 日志实例已初始化...
[2020-04-12 18:31:45:629] [vo.logVo.LogVo.<init>] [INFO] 日志实例已初始化...
[2020-04-12 18:31:45:630] [vo.logVo.LogVo.<init>] [INFO] 日志实例已初始化...
[2020-04-12 18:31:45:631] [vo.logVo.LogVo.<init>] [INFO] 日志实例已初始化...
[2020-04-12 18:31:45:631] [vo.logVo.LogVo.<init>] [INFO] 日志实例已初始化...
[2020-04-12 18:31:45:632] [vo.logVo.LogVo.<init>] [INFO] 日志实例已初始化...
[2020-04-12 18:31:45:632] [vo.logVo.LogVo.<init>] [INFO] 日志实例已初始化...
[2020-04-12 18:31:45:633] [vo.logVo.LogVo.<init>] [INFO] 日志实例已初始化...
[2020-04-12 18:31:45:635] [vo.logVo.LogVo.<init>] [INFO] 日志实例已初始化...
[2020-04-12 18:31:45:636] [vo.logVo.LogVo.<init>] [INFO] 日志实例已初始化...
[2020-04-12 18:31:45:637] [vo.logVo.LogVo.<init>] [INFO] 日志实例已初始化...
[2020-04-12 18:31:45:638] [vo.logVo.LogVo.<init>] [INFO] 日志实例已初始化...
[2020-04-12 18:31:45:639] [vo.logVo.LogVo.<init>] [INFO] 日志实例已初始化...
[2020-04-12 18:31:45:640] [vo.logVo.LogVo.<init>] [INFO] 日志实例已初始化...
[2020-04-12 18:31:45:640] [vo.logVo.LogVo.<init>] [INFO] 日志实例已初始化...
[2020-04-12 18:31:45:648] [vo.logVo.LogVo.<init>] [INFO] 日志实例已初始化...
[2020-04-12 18:31:45:649] [vo.logVo.LogVo.<init>] [INFO] 日志实例已初始化...
[2020-04-12 18:31:45:650] [vo.logVo.LogVo.<init>] [INFO] 日志实例已初始化...
[2020-04-12 18:31:45:651] [vo.logVo.LogVo.<init>] [INFO] 日志实例已初始化...
[2020-04-12 18:31:45:652] [vo.logVo.LogVo.<init>] [INFO] 日志实例已初始化...
[2020-04-12 18:31:45:653] [vo.logVo.LogVo.<init>] [INFO] 日志实例已初始化...
[2020-04-12 18:31:45:653] [vo.logVo.LogVo.<init>] [INFO] 日志实例已初始化...
[2020-04-12 18:31:45:655] [vo.logVo.LogVo.<init>] [INFO] 日志实例已初始化...
[2020-04-12 18:31:45:656] [vo.logVo.LogVo.<init>] [INFO] 日志实例已初始化...
[2020-04-12 18:31:45:657] [vo.logVo.LogVo.<init>] [INFO] 日志实例已初始化...
[2020-04-12 18:31:45:657] [vo.logVo.LogVo.<init>] [INFO] 日志实例已初始化...
[2020-04-12 18:31:45:658] [vo.logVo.LogVo.<init>] [INFO] 日志实例已初始化...
[2020-04-12 18:31:45:659] [vo.logVo.LogVo.<init>] [INFO] 日志实例已初始化...
[2020-04-12 18:31:45:659] [vo.logVo.LogVo.<init>] [INFO] 日志实例已初始化...
[2020-04-12 18:31:45:660] [vo.logVo.LogVo.<init>] [INFO] 日志实例已初始化...
[2020-04-12 18:31:45:661] [vo.logVo.LogVo.<init>] [INFO] 日志实例已初始化...
[2020-04-12 18:31:45:661] [vo.logVo.LogVo.<init>] [INFO] 日志实例已初始化...
[2020-04-12 18:31:45:662] [vo.logVo.LogVo.<init>] [INFO] 日志实例已初始化...
[2020-04-12 18:31:45:663] [vo.logVo.LogVo.<init>] [INFO] 日志实例已初始化...
[2020-04-12 18:31:45:663] [vo.logVo.LogVo.<init>] [INFO] 日志实例已初始化...
[2020-04-12 18:31:45:665] [vo.logVo.LogVo.<init>] [INFO] 日志实例已初始化...
[2020-04-12 18:31:45:666] [vo.logVo.LogVo.<init>] [INFO] 日志实例已初始化...
[2020-04-12 18:31:45:667] [vo.logVo.LogVo.<init>] [INFO] 日志实例已初始化...
[2020-04-12 18:31:45:667] [vo.logVo.LogVo.<init>] [INFO] 日志实例已初始化...
[2020-04-12 18:31:45:668] [vo.logVo.LogVo.<init>] [INFO] 日志实例已初始化...
[2020-04-12 18:31:45:669] [vo.logVo.LogVo.<init>] [INFO] 日志实例已初始化...
[2020-04-12 18:31:45:670] [vo.logVo.LogVo.<init>] [INFO] 日志实例已初始化...
[2020-04-12 18:31:45:671] [vo.logVo.LogVo.<init>] [INFO] 日志实例已初始化...
[2020-04-12 18:31:45:672] [vo.logVo.LogVo.<init>] [INFO] 日志实例已初始化...
[2020-04-12 18:31:45:673] [vo.logVo.LogVo.<init>] [INFO] 日志实例已初始化...
[2020-04-12 18:31:45:674] [vo.logVo.LogVo.<init>] [INFO] 日志实例已初始化...
[2020-04-12 18:31:45:675] [vo.logVo.LogVo.<init>] [INFO] 日志实例已初始化...
[2020-04-12 18:31:45:676] [vo.logVo.LogVo.<init>] [INFO] 日志实例已初始化...
[2020-04-12 18:31:45:677] [vo.logVo.LogVo.<init>] [INFO] 日志实例已初始化...
[2020-04-12 18:31:45:678] [vo.logVo.LogVo.<init>] [INFO] 日志实例已初始化...
[2020-04-12 18:31:45:679] [vo.logVo.LogVo.<init>] [INFO] 日志实例已初始化...
[2020-04-12 18:31:45:680] [vo.logVo.LogVo.<init>] [INFO] 日志实例已初始化...
[2020-04-12 18:31:45:680] [vo.logVo.LogVo.<init>] [INFO] 日志实例已初始化...
[2020-04-12 18:31:45:682] [vo.logVo.LogVo.<init>] [INFO] 日志实例已初始化...
[2020-04-12 18:31:45:686] [vo.logVo.LogVo.<init>] [INFO] 日志实例已初始化...
[2020-04-12 18:31:45:688] [vo.logVo.LogVo.<init>] [INFO] 日志实例已初始化...
[2020-04-12 18:31:45:689] [vo.logVo.LogVo.<init>] [INFO] 日志实例已初始化...
[2020-04-12 18:31:45:689] [vo.logVo.LogVo.<init>] [INFO] 日志实例已初始化...
[2020-04-12 18:31:45:746] [vo.logVo.LogVo.<init>] [INFO] 日志实例已初始化...
[2020-04-12 18:31:45:757] [vo.logVo.LogVo.<init>] [INFO] 日志实例已初始化...
[2020-04-12 18:31:59:346] [action.userAction.LoginAction.destroySession] [INFO] admin退出成功！
[2020-04-12 18:32:16:141] [vo.logVo.LogVo.<init>] [INFO] 日志实例已初始化...
[2020-04-12 18:32:16:142] [vo.logVo.LogVo.<init>] [INFO] 日志实例已初始化...
[2020-04-12 18:32:16:143] [vo.logVo.LogVo.<init>] [INFO] 日志实例已初始化...
[2020-04-12 18:32:16:144] [vo.logVo.LogVo.<init>] [INFO] 日志实例已初始化...
[2020-04-12 18:32:16:144] [vo.logVo.LogVo.<init>] [INFO] 日志实例已初始化...
[2020-04-12 18:32:16:145] [vo.logVo.LogVo.<init>] [INFO] 日志实例已初始化...
[2020-04-12 18:32:16:146] [vo.logVo.LogVo.<init>] [INFO] 日志实例已初始化...
[2020-04-12 18:32:16:147] [vo.logVo.LogVo.<init>] [INFO] 日志实例已初始化...
[2020-04-12 18:32:16:148] [vo.logVo.LogVo.<init>] [INFO] 日志实例已初始化...
[2020-04-12 18:32:16:148] [vo.logVo.LogVo.<init>] [INFO] 日志实例已初始化...
[2020-04-12 18:32:16:149] [vo.logVo.LogVo.<init>] [INFO] 日志实例已初始化...
[2020-04-12 18:32:16:150] [vo.logVo.LogVo.<init>] [INFO] 日志实例已初始化...
[2020-04-12 18:32:16:151] [vo.logVo.LogVo.<init>] [INFO] 日志实例已初始化...
[2020-04-12 18:32:16:151] [vo.logVo.LogVo.<init>] [INFO] 日志实例已初始化...
[2020-04-12 18:32:16:152] [vo.logVo.LogVo.<init>] [INFO] 日志实例已初始化...
[2020-04-12 18:32:16:153] [vo.logVo.LogVo.<init>] [INFO] 日志实例已初始化...
[2020-04-12 18:32:16:153] [vo.logVo.LogVo.<init>] [INFO] 日志实例已初始化...
[2020-04-12 18:32:16:154] [vo.logVo.LogVo.<init>] [INFO] 日志实例已初始化...
[2020-04-12 18:32:16:155] [vo.logVo.LogVo.<init>] [INFO] 日志实例已初始化...
[2020-04-12 18:32:16:156] [vo.logVo.LogVo.<init>] [INFO] 日志实例已初始化...
[2020-04-12 18:32:16:157] [vo.logVo.LogVo.<init>] [INFO] 日志实例已初始化...
[2020-04-12 18:32:16:157] [vo.logVo.LogVo.<init>] [INFO] 日志实例已初始化...
[2020-04-12 18:32:16:158] [vo.logVo.LogVo.<init>] [INFO] 日志实例已初始化...
[2020-04-12 18:32:16:159] [vo.logVo.LogVo.<init>] [INFO] 日志实例已初始化...
[2020-04-12 18:32:16:159] [vo.logVo.LogVo.<init>] [INFO] 日志实例已初始化...
[2020-04-12 18:32:16:160] [vo.logVo.LogVo.<init>] [INFO] 日志实例已初始化...
[2020-04-12 18:32:16:161] [vo.logVo.LogVo.<init>] [INFO] 日志实例已初始化...
[2020-04-12 18:32:16:162] [vo.logVo.LogVo.<init>] [INFO] 日志实例已初始化...
[2020-04-12 18:32:16:162] [vo.logVo.LogVo.<init>] [INFO] 日志实例已初始化...
[2020-04-12 18:32:16:163] [vo.logVo.LogVo.<init>] [INFO] 日志实例已初始化...
[2020-04-12 18:32:16:164] [vo.logVo.LogVo.<init>] [INFO] 日志实例已初始化...
[2020-04-12 18:32:16:164] [vo.logVo.LogVo.<init>] [INFO] 日志实例已初始化...
[2020-04-12 18:32:16:165] [vo.logVo.LogVo.<init>] [INFO] 日志实例已初始化...
[2020-04-12 18:32:16:166] [vo.logVo.LogVo.<init>] [INFO] 日志实例已初始化...
[2020-04-12 18:32:16:166] [vo.logVo.LogVo.<init>] [INFO] 日志实例已初始化...
[2020-04-12 18:32:16:167] [vo.logVo.LogVo.<init>] [INFO] 日志实例已初始化...
[2020-04-12 18:32:16:167] [vo.logVo.LogVo.<init>] [INFO] 日志实例已初始化...
[2020-04-12 18:32:16:169] [vo.logVo.LogVo.<init>] [INFO] 日志实例已初始化...
[2020-04-12 18:32:16:169] [vo.logVo.LogVo.<init>] [INFO] 日志实例已初始化...
[2020-04-12 18:32:16:170] [vo.logVo.LogVo.<init>] [INFO] 日志实例已初始化...
[2020-04-12 18:32:16:171] [vo.logVo.LogVo.<init>] [INFO] 日志实例已初始化...
[2020-04-12 18:32:16:171] [vo.logVo.LogVo.<init>] [INFO] 日志实例已初始化...
[2020-04-12 18:32:16:172] [vo.logVo.LogVo.<init>] [INFO] 日志实例已初始化...
[2020-04-12 18:32:16:173] [vo.logVo.LogVo.<init>] [INFO] 日志实例已初始化...
[2020-04-12 18:32:16:174] [vo.logVo.LogVo.<init>] [INFO] 日志实例已初始化...
[2020-04-12 18:32:16:174] [vo.logVo.LogVo.<init>] [INFO] 日志实例已初始化...
[2020-04-12 18:32:16:175] [vo.logVo.LogVo.<init>] [INFO] 日志实例已初始化...
[2020-04-12 18:32:16:175] [vo.logVo.LogVo.<init>] [INFO] 日志实例已初始化...
[2020-04-12 18:32:16:176] [vo.logVo.LogVo.<init>] [INFO] 日志实例已初始化...
[2020-04-12 18:32:16:176] [vo.logVo.LogVo.<init>] [INFO] 日志实例已初始化...
[2020-04-12 18:32:16:177] [vo.logVo.LogVo.<init>] [INFO] 日志实例已初始化...
[2020-04-12 18:32:16:177] [vo.logVo.LogVo.<init>] [INFO] 日志实例已初始化...
[2020-04-12 18:32:16:178] [vo.logVo.LogVo.<init>] [INFO] 日志实例已初始化...
[2020-04-12 18:32:16:179] [vo.logVo.LogVo.<init>] [INFO] 日志实例已初始化...
[2020-04-12 18:32:16:179] [vo.logVo.LogVo.<init>] [INFO] 日志实例已初始化...
[2020-04-12 18:32:16:180] [vo.logVo.LogVo.<init>] [INFO] 日志实例已初始化...
[2020-04-12 18:32:16:181] [vo.logVo.LogVo.<init>] [INFO] 日志实例已初始化...
[2020-04-12 18:32:16:182] [vo.logVo.LogVo.<init>] [INFO] 日志实例已初始化...
[2020-04-12 18:32:16:182] [vo.logVo.LogVo.<init>] [INFO] 日志实例已初始化...
[2020-04-12 18:32:16:183] [vo.logVo.LogVo.<init>] [INFO] 日志实例已初始化...
[2020-04-12 18:32:16:184] [vo.logVo.LogVo.<init>] [INFO] 日志实例已初始化...
[2020-04-12 18:32:16:184] [vo.logVo.LogVo.<init>] [INFO] 日志实例已初始化...
[2020-04-12 18:32:16:185] [vo.logVo.LogVo.<init>] [INFO] 日志实例已初始化...
[2020-04-12 18:32:16:187] [vo.logVo.LogVo.<init>] [INFO] 日志实例已初始化...
[2020-04-12 18:32:16:188] [vo.logVo.LogVo.<init>] [INFO] 日志实例已初始化...
[2020-04-12 18:32:16:188] [vo.logVo.LogVo.<init>] [INFO] 日志实例已初始化...
[2020-04-12 18:32:16:189] [vo.logVo.LogVo.<init>] [INFO] 日志实例已初始化...
[2020-04-12 18:32:16:190] [vo.logVo.LogVo.<init>] [INFO] 日志实例已初始化...
[2020-04-12 18:32:16:191] [vo.logVo.LogVo.<init>] [INFO] 日志实例已初始化...
[2020-04-12 18:32:16:191] [vo.logVo.LogVo.<init>] [INFO] 日志实例已初始化...
[2020-04-12 18:32:16:192] [vo.logVo.LogVo.<init>] [INFO] 日志实例已初始化...
[2020-04-12 18:32:16:193] [vo.logVo.LogVo.<init>] [INFO] 日志实例已初始化...
[2020-04-12 18:32:16:193] [vo.logVo.LogVo.<init>] [INFO] 日志实例已初始化...
[2020-04-12 18:32:16:194] [vo.logVo.LogVo.<init>] [INFO] 日志实例已初始化...
[2020-04-12 18:32:16:195] [vo.logVo.LogVo.<init>] [INFO] 日志实例已初始化...
[2020-04-12 18:32:16:195] [vo.logVo.LogVo.<init>] [INFO] 日志实例已初始化...
[2020-04-12 18:32:16:196] [vo.logVo.LogVo.<init>] [INFO] 日志实例已初始化...
[2020-04-12 18:32:16:197] [vo.logVo.LogVo.<init>] [INFO] 日志实例已初始化...
[2020-04-12 18:32:16:198] [vo.logVo.LogVo.<init>] [INFO] 日志实例已初始化...
[2020-04-12 18:32:16:198] [vo.logVo.LogVo.<init>] [INFO] 日志实例已初始化...
[2020-04-12 18:32:16:199] [vo.logVo.LogVo.<init>] [INFO] 日志实例已初始化...
[2020-04-12 18:32:16:199] [vo.logVo.LogVo.<init>] [INFO] 日志实例已初始化...
[2020-04-12 18:32:16:200] [vo.logVo.LogVo.<init>] [INFO] 日志实例已初始化...
[2020-04-12 18:32:16:200] [vo.logVo.LogVo.<init>] [INFO] 日志实例已初始化...
[2020-04-12 18:32:16:201] [vo.logVo.LogVo.<init>] [INFO] 日志实例已初始化...
[2020-04-12 18:32:16:202] [vo.logVo.LogVo.<init>] [INFO] 日志实例已初始化...
[2020-04-12 18:32:16:203] [vo.logVo.LogVo.<init>] [INFO] 日志实例已初始化...
[2020-04-12 18:32:16:204] [vo.logVo.LogVo.<init>] [INFO] 日志实例已初始化...
[2020-04-12 18:32:16:205] [vo.logVo.LogVo.<init>] [INFO] 日志实例已初始化...
[2020-04-12 18:32:16:206] [vo.logVo.LogVo.<init>] [INFO] 日志实例已初始化...
[2020-04-12 18:32:16:207] [vo.logVo.LogVo.<init>] [INFO] 日志实例已初始化...
[2020-04-12 18:32:16:207] [vo.logVo.LogVo.<init>] [INFO] 日志实例已初始化...
[2020-04-12 18:32:16:208] [vo.logVo.LogVo.<init>] [INFO] 日志实例已初始化...
[2020-04-12 18:32:16:209] [vo.logVo.LogVo.<init>] [INFO] 日志实例已初始化...
[2020-04-12 18:32:16:210] [vo.logVo.LogVo.<init>] [INFO] 日志实例已初始化...
[2020-04-12 18:32:16:210] [vo.logVo.LogVo.<init>] [INFO] 日志实例已初始化...
[2020-04-12 18:32:16:212] [vo.logVo.LogVo.<init>] [INFO] 日志实例已初始化...
[2020-04-12 18:32:16:212] [vo.logVo.LogVo.<init>] [INFO] 日志实例已初始化...
[2020-04-12 18:32:16:213] [vo.logVo.LogVo.<init>] [INFO] 日志实例已初始化...
[2020-04-12 18:32:16:214] [vo.logVo.LogVo.<init>] [INFO] 日志实例已初始化...
[2020-04-12 18:32:16:214] [vo.logVo.LogVo.<init>] [INFO] 日志实例已初始化...
[2020-04-12 18:32:16:215] [vo.logVo.LogVo.<init>] [INFO] 日志实例已初始化...
[2020-04-12 18:32:16:217] [vo.logVo.LogVo.<init>] [INFO] 日志实例已初始化...
[2020-04-12 18:32:16:217] [vo.logVo.LogVo.<init>] [INFO] 日志实例已初始化...
[2020-04-12 18:32:16:218] [vo.logVo.LogVo.<init>] [INFO] 日志实例已初始化...
[2020-04-12 18:32:16:218] [vo.logVo.LogVo.<init>] [INFO] 日志实例已初始化...
[2020-04-12 18:32:16:219] [vo.logVo.LogVo.<init>] [INFO] 日志实例已初始化...
[2020-04-12 18:32:16:220] [vo.logVo.LogVo.<init>] [INFO] 日志实例已初始化...
[2020-04-12 18:32:16:220] [vo.logVo.LogVo.<init>] [INFO] 日志实例已初始化...
[2020-04-12 18:32:16:221] [vo.logVo.LogVo.<init>] [INFO] 日志实例已初始化...
[2020-04-12 18:32:16:221] [vo.logVo.LogVo.<init>] [INFO] 日志实例已初始化...
[2020-04-12 18:32:16:222] [vo.logVo.LogVo.<init>] [INFO] 日志实例已初始化...
[2020-04-12 18:32:16:231] [vo.logVo.LogVo.<init>] [INFO] 日志实例已初始化...
[2020-04-12 18:32:16:232] [vo.logVo.LogVo.<init>] [INFO] 日志实例已初始化...
[2020-04-12 18:32:16:232] [vo.logVo.LogVo.<init>] [INFO] 日志实例已初始化...
[2020-04-12 18:32:16:233] [vo.logVo.LogVo.<init>] [INFO] 日志实例已初始化...
[2020-04-12 18:32:16:233] [vo.logVo.LogVo.<init>] [INFO] 日志实例已初始化...
[2020-04-12 18:32:16:234] [vo.logVo.LogVo.<init>] [INFO] 日志实例已初始化...
[2020-04-12 18:32:16:234] [vo.logVo.LogVo.<init>] [INFO] 日志实例已初始化...
[2020-04-12 18:32:16:242] [vo.logVo.LogVo.<init>] [INFO] 日志实例已初始化...
[2020-04-12 18:32:16:243] [vo.logVo.LogVo.<init>] [INFO] 日志实例已初始化...
[2020-04-12 18:32:16:243] [vo.logVo.LogVo.<init>] [INFO] 日志实例已初始化...
[2020-04-12 18:32:16:244] [vo.logVo.LogVo.<init>] [INFO] 日志实例已初始化...
[2020-04-12 18:32:16:244] [vo.logVo.LogVo.<init>] [INFO] 日志实例已初始化...
[2020-04-12 18:32:16:246] [vo.logVo.LogVo.<init>] [INFO] 日志实例已初始化...
[2020-04-12 18:32:16:252] [vo.logVo.LogVo.<init>] [INFO] 日志实例已初始化...
[2020-04-12 18:32:16:252] [vo.logVo.LogVo.<init>] [INFO] 日志实例已初始化...
[2020-04-12 18:32:16:253] [vo.logVo.LogVo.<init>] [INFO] 日志实例已初始化...
[2020-04-12 18:32:16:253] [vo.logVo.LogVo.<init>] [INFO] 日志实例已初始化...
[2020-04-12 18:32:16:254] [vo.logVo.LogVo.<init>] [INFO] 日志实例已初始化...
[2020-04-12 18:32:16:255] [vo.logVo.LogVo.<init>] [INFO] 日志实例已初始化...
[2020-04-12 18:32:16:256] [vo.logVo.LogVo.<init>] [INFO] 日志实例已初始化...
[2020-04-12 18:32:16:265] [vo.logVo.LogVo.<init>] [INFO] 日志实例已初始化...
[2020-04-12 18:32:16:277] [vo.logVo.LogVo.<init>] [INFO] 日志实例已初始化...
[2020-04-12 18:32:16:277] [vo.logVo.LogVo.<init>] [INFO] 日志实例已初始化...
[2020-04-12 18:32:16:278] [vo.logVo.LogVo.<init>] [INFO] 日志实例已初始化...
[2020-04-12 18:32:16:279] [vo.logVo.LogVo.<init>] [INFO] 日志实例已初始化...
[2020-04-12 18:32:16:279] [vo.logVo.LogVo.<init>] [INFO] 日志实例已初始化...
[2020-04-12 18:32:16:281] [vo.logVo.LogVo.<init>] [INFO] 日志实例已初始化...
[2020-04-12 18:32:16:282] [vo.logVo.LogVo.<init>] [INFO] 日志实例已初始化...
[2020-04-12 18:32:16:284] [vo.logVo.LogVo.<init>] [INFO] 日志实例已初始化...
[2020-04-12 18:32:16:285] [vo.logVo.LogVo.<init>] [INFO] 日志实例已初始化...
[2020-04-12 18:32:16:287] [vo.logVo.LogVo.<init>] [INFO] 日志实例已初始化...
[2020-04-12 18:32:16:292] [vo.logVo.LogVo.<init>] [INFO] 日志实例已初始化...
[2020-04-12 18:32:16:293] [vo.logVo.LogVo.<init>] [INFO] 日志实例已初始化...
[2020-04-12 18:32:16:294] [vo.logVo.LogVo.<init>] [INFO] 日志实例已初始化...
[2020-04-12 18:32:16:294] [vo.logVo.LogVo.<init>] [INFO] 日志实例已初始化...
[2020-04-12 18:32:16:295] [vo.logVo.LogVo.<init>] [INFO] 日志实例已初始化...
[2020-04-12 18:32:16:295] [vo.logVo.LogVo.<init>] [INFO] 日志实例已初始化...
[2020-04-12 18:32:16:296] [vo.logVo.LogVo.<init>] [INFO] 日志实例已初始化...
[2020-04-12 18:32:16:297] [vo.logVo.LogVo.<init>] [INFO] 日志实例已初始化...
[2020-04-12 18:32:16:297] [vo.logVo.LogVo.<init>] [INFO] 日志实例已初始化...
[2020-04-12 18:32:16:298] [vo.logVo.LogVo.<init>] [INFO] 日志实例已初始化...
[2020-04-12 18:32:16:298] [vo.logVo.LogVo.<init>] [INFO] 日志实例已初始化...
[2020-04-12 18:32:16:298] [vo.logVo.LogVo.<init>] [INFO] 日志实例已初始化...
[2020-04-12 18:32:16:298] [vo.logVo.LogVo.<init>] [INFO] 日志实例已初始化...
[2020-04-12 18:32:16:299] [vo.logVo.LogVo.<init>] [INFO] 日志实例已初始化...
[2020-04-12 18:32:16:299] [vo.logVo.LogVo.<init>] [INFO] 日志实例已初始化...
[2020-04-12 18:32:16:299] [vo.logVo.LogVo.<init>] [INFO] 日志实例已初始化...
[2020-04-12 18:32:16:300] [vo.logVo.LogVo.<init>] [INFO] 日志实例已初始化...
[2020-04-12 18:32:16:300] [vo.logVo.LogVo.<init>] [INFO] 日志实例已初始化...
[2020-04-12 18:32:16:300] [vo.logVo.LogVo.<init>] [INFO] 日志实例已初始化...
[2020-04-12 18:32:16:301] [vo.logVo.LogVo.<init>] [INFO] 日志实例已初始化...
[2020-04-12 18:32:16:301] [vo.logVo.LogVo.<init>] [INFO] 日志实例已初始化...
[2020-04-12 18:32:16:301] [vo.logVo.LogVo.<init>] [INFO] 日志实例已初始化...
[2020-04-12 18:32:16:301] [vo.logVo.LogVo.<init>] [INFO] 日志实例已初始化...
[2020-04-12 18:32:16:302] [vo.logVo.LogVo.<init>] [INFO] 日志实例已初始化...
[2020-04-12 18:32:16:302] [vo.logVo.LogVo.<init>] [INFO] 日志实例已初始化...
[2020-04-12 18:32:16:303] [vo.logVo.LogVo.<init>] [INFO] 日志实例已初始化...
[2020-04-12 18:32:16:303] [vo.logVo.LogVo.<init>] [INFO] 日志实例已初始化...
[2020-04-12 18:32:16:304] [vo.logVo.LogVo.<init>] [INFO] 日志实例已初始化...
[2020-04-12 18:32:16:304] [vo.logVo.LogVo.<init>] [INFO] 日志实例已初始化...
[2020-04-12 18:32:16:304] [vo.logVo.LogVo.<init>] [INFO] 日志实例已初始化...
[2020-04-12 18:32:16:305] [vo.logVo.LogVo.<init>] [INFO] 日志实例已初始化...
[2020-04-12 18:32:16:306] [vo.logVo.LogVo.<init>] [INFO] 日志实例已初始化...
[2020-04-12 18:32:16:307] [vo.logVo.LogVo.<init>] [INFO] 日志实例已初始化...
[2020-04-12 18:32:16:308] [vo.logVo.LogVo.<init>] [INFO] 日志实例已初始化...
[2020-04-12 18:32:16:308] [vo.logVo.LogVo.<init>] [INFO] 日志实例已初始化...
[2020-04-12 18:32:16:309] [vo.logVo.LogVo.<init>] [INFO] 日志实例已初始化...
[2020-04-12 18:32:16:309] [vo.logVo.LogVo.<init>] [INFO] 日志实例已初始化...
[2020-04-12 18:32:16:310] [vo.logVo.LogVo.<init>] [INFO] 日志实例已初始化...
[2020-04-12 18:32:16:311] [vo.logVo.LogVo.<init>] [INFO] 日志实例已初始化...
[2020-04-12 18:32:16:311] [vo.logVo.LogVo.<init>] [INFO] 日志实例已初始化...
[2020-04-12 18:32:16:311] [vo.logVo.LogVo.<init>] [INFO] 日志实例已初始化...
[2020-04-12 18:32:16:312] [vo.logVo.LogVo.<init>] [INFO] 日志实例已初始化...
[2020-04-12 18:32:16:312] [vo.logVo.LogVo.<init>] [INFO] 日志实例已初始化...
[2020-04-12 18:32:16:313] [vo.logVo.LogVo.<init>] [INFO] 日志实例已初始化...
[2020-04-12 18:32:16:313] [vo.logVo.LogVo.<init>] [INFO] 日志实例已初始化...
[2020-04-12 18:32:16:314] [vo.logVo.LogVo.<init>] [INFO] 日志实例已初始化...
[2020-04-12 18:32:16:314] [vo.logVo.LogVo.<init>] [INFO] 日志实例已初始化...
[2020-04-12 18:32:16:315] [vo.logVo.LogVo.<init>] [INFO] 日志实例已初始化...
[2020-04-12 18:32:16:315] [vo.logVo.LogVo.<init>] [INFO] 日志实例已初始化...
[2020-04-12 18:32:16:315] [vo.logVo.LogVo.<init>] [INFO] 日志实例已初始化...
[2020-04-12 18:32:16:316] [vo.logVo.LogVo.<init>] [INFO] 日志实例已初始化...
[2020-04-12 18:32:16:316] [vo.logVo.LogVo.<init>] [INFO] 日志实例已初始化...
[2020-04-12 18:32:16:316] [vo.logVo.LogVo.<init>] [INFO] 日志实例已初始化...
[2020-04-12 18:32:16:317] [vo.logVo.LogVo.<init>] [INFO] 日志实例已初始化...
[2020-04-12 18:32:16:317] [vo.logVo.LogVo.<init>] [INFO] 日志实例已初始化...
[2020-04-12 18:32:16:318] [vo.logVo.LogVo.<init>] [INFO] 日志实例已初始化...
[2020-04-12 18:32:16:318] [vo.logVo.LogVo.<init>] [INFO] 日志实例已初始化...
[2020-04-12 18:32:16:318] [vo.logVo.LogVo.<init>] [INFO] 日志实例已初始化...
[2020-04-12 18:32:16:319] [vo.logVo.LogVo.<init>] [INFO] 日志实例已初始化...
[2020-04-12 18:32:16:319] [vo.logVo.LogVo.<init>] [INFO] 日志实例已初始化...
[2020-04-12 18:32:16:319] [vo.logVo.LogVo.<init>] [INFO] 日志实例已初始化...
[2020-04-12 18:32:16:320] [vo.logVo.LogVo.<init>] [INFO] 日志实例已初始化...
[2020-04-12 18:32:16:320] [vo.logVo.LogVo.<init>] [INFO] 日志实例已初始化...
[2020-04-12 18:32:16:320] [vo.logVo.LogVo.<init>] [INFO] 日志实例已初始化...
[2020-04-12 18:32:16:321] [vo.logVo.LogVo.<init>] [INFO] 日志实例已初始化...
[2020-04-12 18:32:16:321] [vo.logVo.LogVo.<init>] [INFO] 日志实例已初始化...
[2020-04-12 18:32:16:321] [vo.logVo.LogVo.<init>] [INFO] 日志实例已初始化...
[2020-04-12 18:32:16:323] [vo.logVo.LogVo.<init>] [INFO] 日志实例已初始化...
[2020-04-12 18:32:16:324] [vo.logVo.LogVo.<init>] [INFO] 日志实例已初始化...
[2020-04-12 18:32:16:325] [vo.logVo.LogVo.<init>] [INFO] 日志实例已初始化...
[2020-04-12 18:32:16:326] [vo.logVo.LogVo.<init>] [INFO] 日志实例已初始化...
[2020-04-12 18:32:16:328] [vo.logVo.LogVo.<init>] [INFO] 日志实例已初始化...
[2020-04-12 18:32:16:329] [vo.logVo.LogVo.<init>] [INFO] 日志实例已初始化...
[2020-04-12 18:32:16:329] [vo.logVo.LogVo.<init>] [INFO] 日志实例已初始化...
[2020-04-12 18:32:16:330] [vo.logVo.LogVo.<init>] [INFO] 日志实例已初始化...
[2020-04-12 18:32:16:330] [vo.logVo.LogVo.<init>] [INFO] 日志实例已初始化...
[2020-04-12 18:32:16:331] [vo.logVo.LogVo.<init>] [INFO] 日志实例已初始化...
[2020-04-12 18:32:16:331] [vo.logVo.LogVo.<init>] [INFO] 日志实例已初始化...
[2020-04-12 18:32:16:332] [vo.logVo.LogVo.<init>] [INFO] 日志实例已初始化...
[2020-04-12 18:32:16:332] [vo.logVo.LogVo.<init>] [INFO] 日志实例已初始化...
[2020-04-12 18:32:16:333] [vo.logVo.LogVo.<init>] [INFO] 日志实例已初始化...
[2020-04-12 18:32:16:333] [vo.logVo.LogVo.<init>] [INFO] 日志实例已初始化...
[2020-04-12 18:32:16:334] [vo.logVo.LogVo.<init>] [INFO] 日志实例已初始化...
[2020-04-12 18:32:16:334] [vo.logVo.LogVo.<init>] [INFO] 日志实例已初始化...
[2020-04-12 18:32:16:335] [vo.logVo.LogVo.<init>] [INFO] 日志实例已初始化...
[2020-04-12 18:32:16:335] [vo.logVo.LogVo.<init>] [INFO] 日志实例已初始化...
[2020-04-12 18:32:16:336] [vo.logVo.LogVo.<init>] [INFO] 日志实例已初始化...
[2020-04-12 18:32:16:336] [vo.logVo.LogVo.<init>] [INFO] 日志实例已初始化...
[2020-04-12 18:32:16:340] [vo.logVo.LogVo.<init>] [INFO] 日志实例已初始化...
[2020-04-12 18:32:16:340] [vo.logVo.LogVo.<init>] [INFO] 日志实例已初始化...
[2020-04-12 18:32:16:341] [vo.logVo.LogVo.<init>] [INFO] 日志实例已初始化...
[2020-04-12 18:32:16:342] [vo.logVo.LogVo.<init>] [INFO] 日志实例已初始化...
[2020-04-12 18:32:16:343] [vo.logVo.LogVo.<init>] [INFO] 日志实例已初始化...
[2020-04-12 18:32:16:343] [vo.logVo.LogVo.<init>] [INFO] 日志实例已初始化...
[2020-04-12 18:32:16:344] [vo.logVo.LogVo.<init>] [INFO] 日志实例已初始化...
[2020-04-12 18:32:16:344] [vo.logVo.LogVo.<init>] [INFO] 日志实例已初始化...
[2020-04-12 18:32:16:345] [vo.logVo.LogVo.<init>] [INFO] 日志实例已初始化...
[2020-04-12 18:32:16:346] [vo.logVo.LogVo.<init>] [INFO] 日志实例已初始化...
[2020-04-12 18:32:16:347] [vo.logVo.LogVo.<init>] [INFO] 日志实例已初始化...
[2020-04-12 18:32:16:348] [vo.logVo.LogVo.<init>] [INFO] 日志实例已初始化...
[2020-04-12 18:32:16:349] [vo.logVo.LogVo.<init>] [INFO] 日志实例已初始化...
[2020-04-12 18:32:16:349] [vo.logVo.LogVo.<init>] [INFO] 日志实例已初始化...
[2020-04-12 18:32:16:350] [vo.logVo.LogVo.<init>] [INFO] 日志实例已初始化...
[2020-04-12 18:32:16:350] [vo.logVo.LogVo.<init>] [INFO] 日志实例已初始化...
[2020-04-12 18:32:16:351] [vo.logVo.LogVo.<init>] [INFO] 日志实例已初始化...
[2020-04-12 18:32:16:351] [vo.logVo.LogVo.<init>] [INFO] 日志实例已初始化...
[2020-04-12 18:32:16:352] [vo.logVo.LogVo.<init>] [INFO] 日志实例已初始化...
[2020-04-12 18:32:16:352] [vo.logVo.LogVo.<init>] [INFO] 日志实例已初始化...
[2020-04-12 18:32:16:352] [vo.logVo.LogVo.<init>] [INFO] 日志实例已初始化...
[2020-04-12 18:32:16:353] [vo.logVo.LogVo.<init>] [INFO] 日志实例已初始化...
[2020-04-12 18:32:16:353] [vo.logVo.LogVo.<init>] [INFO] 日志实例已初始化...
[2020-04-12 18:32:16:357] [vo.logVo.LogVo.<init>] [INFO] 日志实例已初始化...
[2020-04-12 18:32:16:358] [vo.logVo.LogVo.<init>] [INFO] 日志实例已初始化...
[2020-04-12 18:32:16:359] [vo.logVo.LogVo.<init>] [INFO] 日志实例已初始化...
[2020-04-12 18:32:16:359] [vo.logVo.LogVo.<init>] [INFO] 日志实例已初始化...
[2020-04-12 18:32:16:360] [vo.logVo.LogVo.<init>] [INFO] 日志实例已初始化...
[2020-04-12 18:32:16:360] [vo.logVo.LogVo.<init>] [INFO] 日志实例已初始化...
[2020-04-12 18:32:16:361] [vo.logVo.LogVo.<init>] [INFO] 日志实例已初始化...
[2020-04-12 18:32:16:361] [vo.logVo.LogVo.<init>] [INFO] 日志实例已初始化...
[2020-04-12 18:32:16:361] [vo.logVo.LogVo.<init>] [INFO] 日志实例已初始化...
[2020-04-12 18:32:16:362] [vo.logVo.LogVo.<init>] [INFO] 日志实例已初始化...
[2020-04-12 18:32:16:362] [vo.logVo.LogVo.<init>] [INFO] 日志实例已初始化...
[2020-04-12 18:32:16:362] [vo.logVo.LogVo.<init>] [INFO] 日志实例已初始化...
[2020-04-12 18:32:16:362] [vo.logVo.LogVo.<init>] [INFO] 日志实例已初始化...
[2020-04-12 18:32:16:363] [vo.logVo.LogVo.<init>] [INFO] 日志实例已初始化...
[2020-04-12 18:32:16:363] [vo.logVo.LogVo.<init>] [INFO] 日志实例已初始化...
[2020-04-12 18:32:16:364] [vo.logVo.LogVo.<init>] [INFO] 日志实例已初始化...
[2020-04-12 18:32:16:364] [vo.logVo.LogVo.<init>] [INFO] 日志实例已初始化...
[2020-04-12 18:32:16:365] [vo.logVo.LogVo.<init>] [INFO] 日志实例已初始化...
[2020-04-12 18:32:16:366] [vo.logVo.LogVo.<init>] [INFO] 日志实例已初始化...
[2020-04-12 18:32:16:367] [vo.logVo.LogVo.<init>] [INFO] 日志实例已初始化...
[2020-04-12 18:32:16:367] [vo.logVo.LogVo.<init>] [INFO] 日志实例已初始化...
[2020-04-12 18:32:16:368] [vo.logVo.LogVo.<init>] [INFO] 日志实例已初始化...
[2020-04-12 18:32:16:369] [vo.logVo.LogVo.<init>] [INFO] 日志实例已初始化...
[2020-04-12 18:32:16:369] [vo.logVo.LogVo.<init>] [INFO] 日志实例已初始化...
[2020-04-12 18:32:16:370] [vo.logVo.LogVo.<init>] [INFO] 日志实例已初始化...
[2020-04-12 18:32:16:370] [vo.logVo.LogVo.<init>] [INFO] 日志实例已初始化...
[2020-04-12 18:32:16:371] [vo.logVo.LogVo.<init>] [INFO] 日志实例已初始化...
[2020-04-12 18:32:16:372] [vo.logVo.LogVo.<init>] [INFO] 日志实例已初始化...
[2020-04-12 18:32:16:373] [vo.logVo.LogVo.<init>] [INFO] 日志实例已初始化...
[2020-04-12 18:32:16:374] [vo.logVo.LogVo.<init>] [INFO] 日志实例已初始化...
[2020-04-12 18:32:16:374] [vo.logVo.LogVo.<init>] [INFO] 日志实例已初始化...
[2020-04-12 18:32:16:375] [vo.logVo.LogVo.<init>] [INFO] 日志实例已初始化...
[2020-04-12 18:32:16:375] [vo.logVo.LogVo.<init>] [INFO] 日志实例已初始化...
[2020-04-12 18:32:16:386] [vo.logVo.LogVo.<init>] [INFO] 日志实例已初始化...
[2020-04-12 18:32:16:387] [vo.logVo.LogVo.<init>] [INFO] 日志实例已初始化...
[2020-04-12 18:32:16:387] [vo.logVo.LogVo.<init>] [INFO] 日志实例已初始化...
[2020-04-12 18:32:16:388] [vo.logVo.LogVo.<init>] [INFO] 日志实例已初始化...
[2020-04-12 18:32:16:389] [vo.logVo.LogVo.<init>] [INFO] 日志实例已初始化...
[2020-04-12 18:32:16:390] [vo.logVo.LogVo.<init>] [INFO] 日志实例已初始化...
[2020-04-12 18:32:16:391] [vo.logVo.LogVo.<init>] [INFO] 日志实例已初始化...
[2020-04-12 18:32:16:391] [vo.logVo.LogVo.<init>] [INFO] 日志实例已初始化...
[2020-04-12 18:32:16:392] [vo.logVo.LogVo.<init>] [INFO] 日志实例已初始化...
[2020-04-12 18:32:16:392] [vo.logVo.LogVo.<init>] [INFO] 日志实例已初始化...
[2020-04-12 18:32:16:392] [vo.logVo.LogVo.<init>] [INFO] 日志实例已初始化...
[2020-04-12 18:32:16:393] [vo.logVo.LogVo.<init>] [INFO] 日志实例已初始化...
[2020-04-12 18:32:16:393] [vo.logVo.LogVo.<init>] [INFO] 日志实例已初始化...
[2020-04-12 18:32:16:394] [vo.logVo.LogVo.<init>] [INFO] 日志实例已初始化...
[2020-04-12 18:32:16:394] [vo.logVo.LogVo.<init>] [INFO] 日志实例已初始化...
[2020-04-12 18:32:16:395] [vo.logVo.LogVo.<init>] [INFO] 日志实例已初始化...
[2020-04-12 18:32:16:395] [vo.logVo.LogVo.<init>] [INFO] 日志实例已初始化...
[2020-04-12 18:32:16:395] [vo.logVo.LogVo.<init>] [INFO] 日志实例已初始化...
[2020-04-12 18:32:16:396] [vo.logVo.LogVo.<init>] [INFO] 日志实例已初始化...
[2020-04-12 18:32:16:397] [vo.logVo.LogVo.<init>] [INFO] 日志实例已初始化...
[2020-04-12 18:32:16:397] [vo.logVo.LogVo.<init>] [INFO] 日志实例已初始化...
[2020-04-12 18:32:16:398] [vo.logVo.LogVo.<init>] [INFO] 日志实例已初始化...
[2020-04-12 18:32:16:398] [vo.logVo.LogVo.<init>] [INFO] 日志实例已初始化...
[2020-04-12 18:32:16:398] [vo.logVo.LogVo.<init>] [INFO] 日志实例已初始化...
[2020-04-12 18:32:16:399] [vo.logVo.LogVo.<init>] [INFO] 日志实例已初始化...
[2020-04-12 18:32:16:400] [vo.logVo.LogVo.<init>] [INFO] 日志实例已初始化...
[2020-04-12 18:32:16:401] [vo.logVo.LogVo.<init>] [INFO] 日志实例已初始化...
[2020-04-12 18:32:16:402] [vo.logVo.LogVo.<init>] [INFO] 日志实例已初始化...
[2020-04-12 18:32:16:403] [vo.logVo.LogVo.<init>] [INFO] 日志实例已初始化...
[2020-04-12 18:32:16:406] [vo.logVo.LogVo.<init>] [INFO] 日志实例已初始化...
[2020-04-12 18:32:16:407] [vo.logVo.LogVo.<init>] [INFO] 日志实例已初始化...
[2020-04-12 18:32:16:408] [vo.logVo.LogVo.<init>] [INFO] 日志实例已初始化...
[2020-04-12 18:32:16:409] [vo.logVo.LogVo.<init>] [INFO] 日志实例已初始化...
[2020-04-12 18:32:16:409] [vo.logVo.LogVo.<init>] [INFO] 日志实例已初始化...
[2020-04-12 18:32:16:410] [vo.logVo.LogVo.<init>] [INFO] 日志实例已初始化...
[2020-04-12 18:32:16:410] [vo.logVo.LogVo.<init>] [INFO] 日志实例已初始化...
[2020-04-12 18:32:16:411] [vo.logVo.LogVo.<init>] [INFO] 日志实例已初始化...
[2020-04-12 18:32:16:411] [vo.logVo.LogVo.<init>] [INFO] 日志实例已初始化...
[2020-04-12 18:32:16:416] [vo.logVo.LogVo.<init>] [INFO] 日志实例已初始化...
[2020-04-12 18:32:16:417] [vo.logVo.LogVo.<init>] [INFO] 日志实例已初始化...
[2020-04-12 18:32:16:419] [vo.logVo.LogVo.<init>] [INFO] 日志实例已初始化...
[2020-04-12 18:32:16:420] [vo.logVo.LogVo.<init>] [INFO] 日志实例已初始化...
[2020-04-12 18:32:16:421] [vo.logVo.LogVo.<init>] [INFO] 日志实例已初始化...
[2020-04-12 18:32:16:421] [vo.logVo.LogVo.<init>] [INFO] 日志实例已初始化...
[2020-04-12 18:32:16:422] [vo.logVo.LogVo.<init>] [INFO] 日志实例已初始化...
[2020-04-12 18:32:16:423] [vo.logVo.LogVo.<init>] [INFO] 日志实例已初始化...
[2020-04-12 18:32:16:423] [vo.logVo.LogVo.<init>] [INFO] 日志实例已初始化...
[2020-04-12 18:32:16:423] [vo.logVo.LogVo.<init>] [INFO] 日志实例已初始化...
[2020-04-12 18:32:16:424] [vo.logVo.LogVo.<init>] [INFO] 日志实例已初始化...
[2020-04-12 18:32:16:424] [vo.logVo.LogVo.<init>] [INFO] 日志实例已初始化...
[2020-04-12 18:32:16:424] [vo.logVo.LogVo.<init>] [INFO] 日志实例已初始化...
[2020-04-12 18:32:16:425] [vo.logVo.LogVo.<init>] [INFO] 日志实例已初始化...
[2020-04-12 18:32:16:425] [vo.logVo.LogVo.<init>] [INFO] 日志实例已初始化...
[2020-04-12 18:32:16:425] [vo.logVo.LogVo.<init>] [INFO] 日志实例已初始化...
[2020-04-12 18:32:16:426] [vo.logVo.LogVo.<init>] [INFO] 日志实例已初始化...
[2020-04-12 18:32:16:426] [vo.logVo.LogVo.<init>] [INFO] 日志实例已初始化...
[2020-04-12 18:32:16:427] [vo.logVo.LogVo.<init>] [INFO] 日志实例已初始化...
[2020-04-12 18:32:16:427] [vo.logVo.LogVo.<init>] [INFO] 日志实例已初始化...
[2020-04-12 18:32:16:428] [vo.logVo.LogVo.<init>] [INFO] 日志实例已初始化...
[2020-04-12 18:32:16:428] [vo.logVo.LogVo.<init>] [INFO] 日志实例已初始化...
[2020-04-12 18:32:16:429] [vo.logVo.LogVo.<init>] [INFO] 日志实例已初始化...
[2020-04-12 18:32:16:429] [vo.logVo.LogVo.<init>] [INFO] 日志实例已初始化...
[2020-04-12 18:32:16:430] [vo.logVo.LogVo.<init>] [INFO] 日志实例已初始化...
[2020-04-12 18:32:16:430] [vo.logVo.LogVo.<init>] [INFO] 日志实例已初始化...
[2020-04-12 18:32:16:430] [vo.logVo.LogVo.<init>] [INFO] 日志实例已初始化...
[2020-04-12 18:32:16:431] [vo.logVo.LogVo.<init>] [INFO] 日志实例已初始化...
[2020-04-12 18:32:16:431] [vo.logVo.LogVo.<init>] [INFO] 日志实例已初始化...
[2020-04-12 18:32:16:432] [vo.logVo.LogVo.<init>] [INFO] 日志实例已初始化...
[2020-04-12 18:32:16:432] [vo.logVo.LogVo.<init>] [INFO] 日志实例已初始化...
[2020-04-12 18:32:16:433] [vo.logVo.LogVo.<init>] [INFO] 日志实例已初始化...
[2020-04-12 18:32:16:433] [vo.logVo.LogVo.<init>] [INFO] 日志实例已初始化...
[2020-04-12 18:32:16:434] [vo.logVo.LogVo.<init>] [INFO] 日志实例已初始化...
[2020-04-12 18:32:16:434] [vo.logVo.LogVo.<init>] [INFO] 日志实例已初始化...
[2020-04-12 18:32:16:435] [vo.logVo.LogVo.<init>] [INFO] 日志实例已初始化...
[2020-04-12 18:32:16:435] [vo.logVo.LogVo.<init>] [INFO] 日志实例已初始化...
[2020-04-12 18:32:16:435] [vo.logVo.LogVo.<init>] [INFO] 日志实例已初始化...
[2020-04-12 18:32:16:436] [vo.logVo.LogVo.<init>] [INFO] 日志实例已初始化...
[2020-04-12 18:32:16:436] [vo.logVo.LogVo.<init>] [INFO] 日志实例已初始化...
[2020-04-12 18:32:16:437] [vo.logVo.LogVo.<init>] [INFO] 日志实例已初始化...
[2020-04-12 18:32:16:437] [vo.logVo.LogVo.<init>] [INFO] 日志实例已初始化...
[2020-04-12 18:32:16:441] [vo.logVo.LogVo.<init>] [INFO] 日志实例已初始化...
[2020-04-12 18:32:16:442] [vo.logVo.LogVo.<init>] [INFO] 日志实例已初始化...
[2020-04-12 18:32:16:443] [vo.logVo.LogVo.<init>] [INFO] 日志实例已初始化...
[2020-04-12 18:32:16:444] [vo.logVo.LogVo.<init>] [INFO] 日志实例已初始化...
[2020-04-12 18:32:16:445] [vo.logVo.LogVo.<init>] [INFO] 日志实例已初始化...
[2020-04-12 18:32:16:446] [vo.logVo.LogVo.<init>] [INFO] 日志实例已初始化...
[2020-04-12 18:32:16:447] [vo.logVo.LogVo.<init>] [INFO] 日志实例已初始化...
[2020-04-12 18:32:16:447] [vo.logVo.LogVo.<init>] [INFO] 日志实例已初始化...
[2020-04-12 18:32:16:447] [vo.logVo.LogVo.<init>] [INFO] 日志实例已初始化...
[2020-04-12 18:32:16:448] [vo.logVo.LogVo.<init>] [INFO] 日志实例已初始化...
[2020-04-12 18:32:16:448] [vo.logVo.LogVo.<init>] [INFO] 日志实例已初始化...
[2020-04-12 18:32:16:448] [vo.logVo.LogVo.<init>] [INFO] 日志实例已初始化...
[2020-04-12 18:32:16:449] [vo.logVo.LogVo.<init>] [INFO] 日志实例已初始化...
[2020-04-12 18:32:16:449] [vo.logVo.LogVo.<init>] [INFO] 日志实例已初始化...
[2020-04-12 18:32:16:449] [vo.logVo.LogVo.<init>] [INFO] 日志实例已初始化...
[2020-04-12 18:32:16:450] [vo.logVo.LogVo.<init>] [INFO] 日志实例已初始化...
[2020-04-12 18:32:16:451] [vo.logVo.LogVo.<init>] [INFO] 日志实例已初始化...
[2020-04-12 18:32:16:452] [vo.logVo.LogVo.<init>] [INFO] 日志实例已初始化...
[2020-04-12 18:32:16:452] [vo.logVo.LogVo.<init>] [INFO] 日志实例已初始化...
[2020-04-12 18:32:16:453] [vo.logVo.LogVo.<init>] [INFO] 日志实例已初始化...
[2020-04-12 18:32:16:454] [vo.logVo.LogVo.<init>] [INFO] 日志实例已初始化...
[2020-04-12 18:32:16:454] [vo.logVo.LogVo.<init>] [INFO] 日志实例已初始化...
[2020-04-12 18:32:16:456] [vo.logVo.LogVo.<init>] [INFO] 日志实例已初始化...
[2020-04-12 18:32:16:456] [vo.logVo.LogVo.<init>] [INFO] 日志实例已初始化...
[2020-04-12 18:32:16:487] [vo.logVo.LogVo.<init>] [INFO] 日志实例已初始化...
[2020-04-12 18:32:16:494] [vo.logVo.LogVo.<init>] [INFO] 日志实例已初始化...
[2020-04-12 18:36:37:485] [action.userAction.LoginAction.destroySession] [INFO] admin退出成功！
[2020-04-12 18:36:40:492] [util.filter.StrutsFilter.destroy] [INFO] filter has been destoyed...
[2020-04-12 18:36:48:892] [util.MyApplicationContextAnnotion.<init>] [INFO] 获取上下文工具类初始化成功!
[2020-04-12 18:36:49:417] [aop.AnnotationCommenAop.<init>] [INFO] 注解式切面已初始化...
[2020-04-12 18:36:53:146] [vo.logVo.LogVo.<init>] [INFO] 日志实例已初始化...
[2020-04-12 18:36:53:878] [aop.ConfigCommenAop.<init>] [INFO] 切面已初始化...
[2020-04-12 18:36:53:959] [vo.logVo.LogVo.<init>] [INFO] 日志实例已初始化...
[2020-04-12 18:36:53:976] [webservice.WebServiceInterface.<init>] [INFO] spring管理web service1
[2020-04-12 18:37:42:289] [vo.logVo.LogVo.<init>] [INFO] 日志实例已初始化...
[2020-04-12 18:37:42:296] [vo.logVo.LogVo.<init>] [INFO] 日志实例已初始化...
[2020-04-12 18:37:42:297] [vo.logVo.LogVo.<init>] [INFO] 日志实例已初始化...
[2020-04-12 18:37:42:298] [vo.logVo.LogVo.<init>] [INFO] 日志实例已初始化...
[2020-04-12 18:37:42:298] [vo.logVo.LogVo.<init>] [INFO] 日志实例已初始化...
[2020-04-12 18:37:42:299] [vo.logVo.LogVo.<init>] [INFO] 日志实例已初始化...
[2020-04-12 18:37:42:300] [vo.logVo.LogVo.<init>] [INFO] 日志实例已初始化...
[2020-04-12 18:37:42:300] [vo.logVo.LogVo.<init>] [INFO] 日志实例已初始化...
[2020-04-12 18:37:42:301] [vo.logVo.LogVo.<init>] [INFO] 日志实例已初始化...
[2020-04-12 18:37:42:302] [vo.logVo.LogVo.<init>] [INFO] 日志实例已初始化...
[2020-04-12 18:37:42:303] [vo.logVo.LogVo.<init>] [INFO] 日志实例已初始化...
[2020-04-12 18:37:42:303] [vo.logVo.LogVo.<init>] [INFO] 日志实例已初始化...
[2020-04-12 18:37:42:304] [vo.logVo.LogVo.<init>] [INFO] 日志实例已初始化...
[2020-04-12 18:37:42:306] [vo.logVo.LogVo.<init>] [INFO] 日志实例已初始化...
[2020-04-12 18:37:42:307] [vo.logVo.LogVo.<init>] [INFO] 日志实例已初始化...
[2020-04-12 18:37:42:308] [vo.logVo.LogVo.<init>] [INFO] 日志实例已初始化...
[2020-04-12 18:37:42:309] [vo.logVo.LogVo.<init>] [INFO] 日志实例已初始化...
[2020-04-12 18:37:42:310] [vo.logVo.LogVo.<init>] [INFO] 日志实例已初始化...
[2020-04-12 18:37:42:311] [vo.logVo.LogVo.<init>] [INFO] 日志实例已初始化...
[2020-04-12 18:37:42:312] [vo.logVo.LogVo.<init>] [INFO] 日志实例已初始化...
[2020-04-12 18:37:42:312] [vo.logVo.LogVo.<init>] [INFO] 日志实例已初始化...
[2020-04-12 18:37:42:313] [vo.logVo.LogVo.<init>] [INFO] 日志实例已初始化...
[2020-04-12 18:37:42:314] [vo.logVo.LogVo.<init>] [INFO] 日志实例已初始化...
[2020-04-12 18:37:42:315] [vo.logVo.LogVo.<init>] [INFO] 日志实例已初始化...
[2020-04-12 18:37:42:315] [vo.logVo.LogVo.<init>] [INFO] 日志实例已初始化...
[2020-04-12 18:37:42:316] [vo.logVo.LogVo.<init>] [INFO] 日志实例已初始化...
[2020-04-12 18:37:42:317] [vo.logVo.LogVo.<init>] [INFO] 日志实例已初始化...
[2020-04-12 18:37:42:317] [vo.logVo.LogVo.<init>] [INFO] 日志实例已初始化...
[2020-04-12 18:37:42:317] [vo.logVo.LogVo.<init>] [INFO] 日志实例已初始化...
[2020-04-12 18:37:42:318] [vo.logVo.LogVo.<init>] [INFO] 日志实例已初始化...
[2020-04-12 18:37:42:318] [vo.logVo.LogVo.<init>] [INFO] 日志实例已初始化...
[2020-04-12 18:37:42:319] [vo.logVo.LogVo.<init>] [INFO] 日志实例已初始化...
[2020-04-12 18:37:42:320] [vo.logVo.LogVo.<init>] [INFO] 日志实例已初始化...
[2020-04-12 18:37:42:320] [vo.logVo.LogVo.<init>] [INFO] 日志实例已初始化...
[2020-04-12 18:37:42:321] [vo.logVo.LogVo.<init>] [INFO] 日志实例已初始化...
[2020-04-12 18:37:42:321] [vo.logVo.LogVo.<init>] [INFO] 日志实例已初始化...
[2020-04-12 18:37:42:321] [vo.logVo.LogVo.<init>] [INFO] 日志实例已初始化...
[2020-04-12 18:37:42:323] [vo.logVo.LogVo.<init>] [INFO] 日志实例已初始化...
[2020-04-12 18:37:42:324] [vo.logVo.LogVo.<init>] [INFO] 日志实例已初始化...
[2020-04-12 18:37:42:325] [vo.logVo.LogVo.<init>] [INFO] 日志实例已初始化...
[2020-04-12 18:37:42:325] [vo.logVo.LogVo.<init>] [INFO] 日志实例已初始化...
[2020-04-12 18:37:42:326] [vo.logVo.LogVo.<init>] [INFO] 日志实例已初始化...
[2020-04-12 18:37:42:326] [vo.logVo.LogVo.<init>] [INFO] 日志实例已初始化...
[2020-04-12 18:37:42:327] [vo.logVo.LogVo.<init>] [INFO] 日志实例已初始化...
[2020-04-12 18:37:42:327] [vo.logVo.LogVo.<init>] [INFO] 日志实例已初始化...
[2020-04-12 18:37:42:328] [vo.logVo.LogVo.<init>] [INFO] 日志实例已初始化...
[2020-04-12 18:37:42:329] [vo.logVo.LogVo.<init>] [INFO] 日志实例已初始化...
[2020-04-12 18:37:42:329] [vo.logVo.LogVo.<init>] [INFO] 日志实例已初始化...
[2020-04-12 18:37:42:330] [vo.logVo.LogVo.<init>] [INFO] 日志实例已初始化...
[2020-04-12 18:37:42:331] [vo.logVo.LogVo.<init>] [INFO] 日志实例已初始化...
[2020-04-12 18:37:42:331] [vo.logVo.LogVo.<init>] [INFO] 日志实例已初始化...
[2020-04-12 18:37:42:332] [vo.logVo.LogVo.<init>] [INFO] 日志实例已初始化...
[2020-04-12 18:37:42:332] [vo.logVo.LogVo.<init>] [INFO] 日志实例已初始化...
[2020-04-12 18:37:42:333] [vo.logVo.LogVo.<init>] [INFO] 日志实例已初始化...
[2020-04-12 18:37:42:333] [vo.logVo.LogVo.<init>] [INFO] 日志实例已初始化...
[2020-04-12 18:37:42:334] [vo.logVo.LogVo.<init>] [INFO] 日志实例已初始化...
[2020-04-12 18:37:42:335] [vo.logVo.LogVo.<init>] [INFO] 日志实例已初始化...
[2020-04-12 18:37:42:335] [vo.logVo.LogVo.<init>] [INFO] 日志实例已初始化...
[2020-04-12 18:37:42:336] [vo.logVo.LogVo.<init>] [INFO] 日志实例已初始化...
[2020-04-12 18:37:42:338] [vo.logVo.LogVo.<init>] [INFO] 日志实例已初始化...
[2020-04-12 18:37:42:339] [vo.logVo.LogVo.<init>] [INFO] 日志实例已初始化...
[2020-04-12 18:37:42:339] [vo.logVo.LogVo.<init>] [INFO] 日志实例已初始化...
[2020-04-12 18:37:42:340] [vo.logVo.LogVo.<init>] [INFO] 日志实例已初始化...
[2020-04-12 18:37:42:340] [vo.logVo.LogVo.<init>] [INFO] 日志实例已初始化...
[2020-04-12 18:37:42:341] [vo.logVo.LogVo.<init>] [INFO] 日志实例已初始化...
[2020-04-12 18:37:42:342] [vo.logVo.LogVo.<init>] [INFO] 日志实例已初始化...
[2020-04-12 18:37:42:342] [vo.logVo.LogVo.<init>] [INFO] 日志实例已初始化...
[2020-04-12 18:37:42:343] [vo.logVo.LogVo.<init>] [INFO] 日志实例已初始化...
[2020-04-12 18:37:42:344] [vo.logVo.LogVo.<init>] [INFO] 日志实例已初始化...
[2020-04-12 18:37:42:344] [vo.logVo.LogVo.<init>] [INFO] 日志实例已初始化...
[2020-04-12 18:37:42:345] [vo.logVo.LogVo.<init>] [INFO] 日志实例已初始化...
[2020-04-12 18:37:42:345] [vo.logVo.LogVo.<init>] [INFO] 日志实例已初始化...
[2020-04-12 18:37:42:346] [vo.logVo.LogVo.<init>] [INFO] 日志实例已初始化...
[2020-04-12 18:37:42:346] [vo.logVo.LogVo.<init>] [INFO] 日志实例已初始化...
[2020-04-12 18:37:42:347] [vo.logVo.LogVo.<init>] [INFO] 日志实例已初始化...
[2020-04-12 18:37:42:347] [vo.logVo.LogVo.<init>] [INFO] 日志实例已初始化...
[2020-04-12 18:37:42:348] [vo.logVo.LogVo.<init>] [INFO] 日志实例已初始化...
[2020-04-12 18:37:42:349] [vo.logVo.LogVo.<init>] [INFO] 日志实例已初始化...
[2020-04-12 18:37:42:350] [vo.logVo.LogVo.<init>] [INFO] 日志实例已初始化...
[2020-04-12 18:37:42:351] [vo.logVo.LogVo.<init>] [INFO] 日志实例已初始化...
[2020-04-12 18:37:42:351] [vo.logVo.LogVo.<init>] [INFO] 日志实例已初始化...
[2020-04-12 18:37:42:352] [vo.logVo.LogVo.<init>] [INFO] 日志实例已初始化...
[2020-04-12 18:37:42:354] [vo.logVo.LogVo.<init>] [INFO] 日志实例已初始化...
[2020-04-12 18:37:42:355] [vo.logVo.LogVo.<init>] [INFO] 日志实例已初始化...
[2020-04-12 18:37:42:356] [vo.logVo.LogVo.<init>] [INFO] 日志实例已初始化...
[2020-04-12 18:37:42:357] [vo.logVo.LogVo.<init>] [INFO] 日志实例已初始化...
[2020-04-12 18:37:42:358] [vo.logVo.LogVo.<init>] [INFO] 日志实例已初始化...
[2020-04-12 18:37:42:359] [vo.logVo.LogVo.<init>] [INFO] 日志实例已初始化...
[2020-04-12 18:37:42:359] [vo.logVo.LogVo.<init>] [INFO] 日志实例已初始化...
[2020-04-12 18:37:42:360] [vo.logVo.LogVo.<init>] [INFO] 日志实例已初始化...
[2020-04-12 18:37:42:361] [vo.logVo.LogVo.<init>] [INFO] 日志实例已初始化...
[2020-04-12 18:37:42:361] [vo.logVo.LogVo.<init>] [INFO] 日志实例已初始化...
[2020-04-12 18:37:42:362] [vo.logVo.LogVo.<init>] [INFO] 日志实例已初始化...
[2020-04-12 18:37:42:362] [vo.logVo.LogVo.<init>] [INFO] 日志实例已初始化...
[2020-04-12 18:37:42:363] [vo.logVo.LogVo.<init>] [INFO] 日志实例已初始化...
[2020-04-12 18:37:42:364] [vo.logVo.LogVo.<init>] [INFO] 日志实例已初始化...
[2020-04-12 18:37:42:364] [vo.logVo.LogVo.<init>] [INFO] 日志实例已初始化...
[2020-04-12 18:37:42:365] [vo.logVo.LogVo.<init>] [INFO] 日志实例已初始化...
[2020-04-12 18:37:42:366] [vo.logVo.LogVo.<init>] [INFO] 日志实例已初始化...
[2020-04-12 18:37:42:367] [vo.logVo.LogVo.<init>] [INFO] 日志实例已初始化...
[2020-04-12 18:37:42:367] [vo.logVo.LogVo.<init>] [INFO] 日志实例已初始化...
[2020-04-12 18:37:42:368] [vo.logVo.LogVo.<init>] [INFO] 日志实例已初始化...
[2020-04-12 18:37:42:368] [vo.logVo.LogVo.<init>] [INFO] 日志实例已初始化...
[2020-04-12 18:37:42:369] [vo.logVo.LogVo.<init>] [INFO] 日志实例已初始化...
[2020-04-12 18:37:42:372] [vo.logVo.LogVo.<init>] [INFO] 日志实例已初始化...
[2020-04-12 18:37:42:373] [vo.logVo.LogVo.<init>] [INFO] 日志实例已初始化...
[2020-04-12 18:37:42:374] [vo.logVo.LogVo.<init>] [INFO] 日志实例已初始化...
[2020-04-12 18:37:42:374] [vo.logVo.LogVo.<init>] [INFO] 日志实例已初始化...
[2020-04-12 18:37:42:375] [vo.logVo.LogVo.<init>] [INFO] 日志实例已初始化...
[2020-04-12 18:37:42:376] [vo.logVo.LogVo.<init>] [INFO] 日志实例已初始化...
[2020-04-12 18:37:42:377] [vo.logVo.LogVo.<init>] [INFO] 日志实例已初始化...
[2020-04-12 18:37:42:378] [vo.logVo.LogVo.<init>] [INFO] 日志实例已初始化...
[2020-04-12 18:37:42:379] [vo.logVo.LogVo.<init>] [INFO] 日志实例已初始化...
[2020-04-12 18:37:42:380] [vo.logVo.LogVo.<init>] [INFO] 日志实例已初始化...
[2020-04-12 18:37:42:381] [vo.logVo.LogVo.<init>] [INFO] 日志实例已初始化...
[2020-04-12 18:37:42:382] [vo.logVo.LogVo.<init>] [INFO] 日志实例已初始化...
[2020-04-12 18:37:42:383] [vo.logVo.LogVo.<init>] [INFO] 日志实例已初始化...
[2020-04-12 18:37:42:383] [vo.logVo.LogVo.<init>] [INFO] 日志实例已初始化...
[2020-04-12 18:37:42:384] [vo.logVo.LogVo.<init>] [INFO] 日志实例已初始化...
[2020-04-12 18:37:42:385] [vo.logVo.LogVo.<init>] [INFO] 日志实例已初始化...
[2020-04-12 18:37:42:386] [vo.logVo.LogVo.<init>] [INFO] 日志实例已初始化...
[2020-04-12 18:37:42:387] [vo.logVo.LogVo.<init>] [INFO] 日志实例已初始化...
[2020-04-12 18:37:42:388] [vo.logVo.LogVo.<init>] [INFO] 日志实例已初始化...
[2020-04-12 18:37:42:390] [vo.logVo.LogVo.<init>] [INFO] 日志实例已初始化...
[2020-04-12 18:37:42:390] [vo.logVo.LogVo.<init>] [INFO] 日志实例已初始化...
[2020-04-12 18:37:42:391] [vo.logVo.LogVo.<init>] [INFO] 日志实例已初始化...
[2020-04-12 18:37:42:391] [vo.logVo.LogVo.<init>] [INFO] 日志实例已初始化...
[2020-04-12 18:37:42:392] [vo.logVo.LogVo.<init>] [INFO] 日志实例已初始化...
[2020-04-12 18:37:42:393] [vo.logVo.LogVo.<init>] [INFO] 日志实例已初始化...
[2020-04-12 18:37:42:393] [vo.logVo.LogVo.<init>] [INFO] 日志实例已初始化...
[2020-04-12 18:37:42:394] [vo.logVo.LogVo.<init>] [INFO] 日志实例已初始化...
[2020-04-12 18:37:42:395] [vo.logVo.LogVo.<init>] [INFO] 日志实例已初始化...
[2020-04-12 18:37:42:395] [vo.logVo.LogVo.<init>] [INFO] 日志实例已初始化...
[2020-04-12 18:37:42:396] [vo.logVo.LogVo.<init>] [INFO] 日志实例已初始化...
[2020-04-12 18:37:42:397] [vo.logVo.LogVo.<init>] [INFO] 日志实例已初始化...
[2020-04-12 18:37:42:398] [vo.logVo.LogVo.<init>] [INFO] 日志实例已初始化...
[2020-04-12 18:37:42:398] [vo.logVo.LogVo.<init>] [INFO] 日志实例已初始化...
[2020-04-12 18:37:42:399] [vo.logVo.LogVo.<init>] [INFO] 日志实例已初始化...
[2020-04-12 18:37:42:400] [vo.logVo.LogVo.<init>] [INFO] 日志实例已初始化...
[2020-04-12 18:37:42:400] [vo.logVo.LogVo.<init>] [INFO] 日志实例已初始化...
[2020-04-12 18:37:42:401] [vo.logVo.LogVo.<init>] [INFO] 日志实例已初始化...
[2020-04-12 18:37:42:404] [vo.logVo.LogVo.<init>] [INFO] 日志实例已初始化...
[2020-04-12 18:37:42:405] [vo.logVo.LogVo.<init>] [INFO] 日志实例已初始化...
[2020-04-12 18:37:42:406] [vo.logVo.LogVo.<init>] [INFO] 日志实例已初始化...
[2020-04-12 18:37:42:407] [vo.logVo.LogVo.<init>] [INFO] 日志实例已初始化...
[2020-04-12 18:37:42:407] [vo.logVo.LogVo.<init>] [INFO] 日志实例已初始化...
[2020-04-12 18:37:42:408] [vo.logVo.LogVo.<init>] [INFO] 日志实例已初始化...
[2020-04-12 18:37:42:409] [vo.logVo.LogVo.<init>] [INFO] 日志实例已初始化...
[2020-04-12 18:37:42:410] [vo.logVo.LogVo.<init>] [INFO] 日志实例已初始化...
[2020-04-12 18:37:42:411] [vo.logVo.LogVo.<init>] [INFO] 日志实例已初始化...
[2020-04-12 18:37:42:411] [vo.logVo.LogVo.<init>] [INFO] 日志实例已初始化...
[2020-04-12 18:37:42:412] [vo.logVo.LogVo.<init>] [INFO] 日志实例已初始化...
[2020-04-12 18:37:42:412] [vo.logVo.LogVo.<init>] [INFO] 日志实例已初始化...
[2020-04-12 18:37:42:413] [vo.logVo.LogVo.<init>] [INFO] 日志实例已初始化...
[2020-04-12 18:37:42:413] [vo.logVo.LogVo.<init>] [INFO] 日志实例已初始化...
[2020-04-12 18:37:42:414] [vo.logVo.LogVo.<init>] [INFO] 日志实例已初始化...
[2020-04-12 18:37:42:414] [vo.logVo.LogVo.<init>] [INFO] 日志实例已初始化...
[2020-04-12 18:37:42:415] [vo.logVo.LogVo.<init>] [INFO] 日志实例已初始化...
[2020-04-12 18:37:42:416] [vo.logVo.LogVo.<init>] [INFO] 日志实例已初始化...
[2020-04-12 18:37:42:417] [vo.logVo.LogVo.<init>] [INFO] 日志实例已初始化...
[2020-04-12 18:37:42:418] [vo.logVo.LogVo.<init>] [INFO] 日志实例已初始化...
[2020-04-12 18:37:42:420] [vo.logVo.LogVo.<init>] [INFO] 日志实例已初始化...
[2020-04-12 18:37:42:421] [vo.logVo.LogVo.<init>] [INFO] 日志实例已初始化...
[2020-04-12 18:37:42:422] [vo.logVo.LogVo.<init>] [INFO] 日志实例已初始化...
[2020-04-12 18:37:42:422] [vo.logVo.LogVo.<init>] [INFO] 日志实例已初始化...
[2020-04-12 18:37:42:423] [vo.logVo.LogVo.<init>] [INFO] 日志实例已初始化...
[2020-04-12 18:37:42:423] [vo.logVo.LogVo.<init>] [INFO] 日志实例已初始化...
[2020-04-12 18:37:42:424] [vo.logVo.LogVo.<init>] [INFO] 日志实例已初始化...
[2020-04-12 18:37:42:425] [vo.logVo.LogVo.<init>] [INFO] 日志实例已初始化...
[2020-04-12 18:37:42:425] [vo.logVo.LogVo.<init>] [INFO] 日志实例已初始化...
[2020-04-12 18:37:42:426] [vo.logVo.LogVo.<init>] [INFO] 日志实例已初始化...
[2020-04-12 18:37:42:427] [vo.logVo.LogVo.<init>] [INFO] 日志实例已初始化...
[2020-04-12 18:37:42:427] [vo.logVo.LogVo.<init>] [INFO] 日志实例已初始化...
[2020-04-12 18:37:42:428] [vo.logVo.LogVo.<init>] [INFO] 日志实例已初始化...
[2020-04-12 18:37:42:429] [vo.logVo.LogVo.<init>] [INFO] 日志实例已初始化...
[2020-04-12 18:37:42:430] [vo.logVo.LogVo.<init>] [INFO] 日志实例已初始化...
[2020-04-12 18:37:42:430] [vo.logVo.LogVo.<init>] [INFO] 日志实例已初始化...
[2020-04-12 18:37:42:431] [vo.logVo.LogVo.<init>] [INFO] 日志实例已初始化...
[2020-04-12 18:37:42:431] [vo.logVo.LogVo.<init>] [INFO] 日志实例已初始化...
[2020-04-12 18:37:42:432] [vo.logVo.LogVo.<init>] [INFO] 日志实例已初始化...
[2020-04-12 18:37:42:432] [vo.logVo.LogVo.<init>] [INFO] 日志实例已初始化...
[2020-04-12 18:37:42:433] [vo.logVo.LogVo.<init>] [INFO] 日志实例已初始化...
[2020-04-12 18:37:42:433] [vo.logVo.LogVo.<init>] [INFO] 日志实例已初始化...
[2020-04-12 18:37:42:433] [vo.logVo.LogVo.<init>] [INFO] 日志实例已初始化...
[2020-04-12 18:37:42:434] [vo.logVo.LogVo.<init>] [INFO] 日志实例已初始化...
[2020-04-12 18:37:42:434] [vo.logVo.LogVo.<init>] [INFO] 日志实例已初始化...
[2020-04-12 18:37:42:435] [vo.logVo.LogVo.<init>] [INFO] 日志实例已初始化...
[2020-04-12 18:37:42:436] [vo.logVo.LogVo.<init>] [INFO] 日志实例已初始化...
[2020-04-12 18:37:42:437] [vo.logVo.LogVo.<init>] [INFO] 日志实例已初始化...
[2020-04-12 18:37:42:438] [vo.logVo.LogVo.<init>] [INFO] 日志实例已初始化...
[2020-04-12 18:37:42:439] [vo.logVo.LogVo.<init>] [INFO] 日志实例已初始化...
[2020-04-12 18:37:42:440] [vo.logVo.LogVo.<init>] [INFO] 日志实例已初始化...
[2020-04-12 18:37:42:441] [vo.logVo.LogVo.<init>] [INFO] 日志实例已初始化...
[2020-04-12 18:37:42:441] [vo.logVo.LogVo.<init>] [INFO] 日志实例已初始化...
[2020-04-12 18:37:42:442] [vo.logVo.LogVo.<init>] [INFO] 日志实例已初始化...
[2020-04-12 18:37:42:443] [vo.logVo.LogVo.<init>] [INFO] 日志实例已初始化...
[2020-04-12 18:37:42:443] [vo.logVo.LogVo.<init>] [INFO] 日志实例已初始化...
[2020-04-12 18:37:42:444] [vo.logVo.LogVo.<init>] [INFO] 日志实例已初始化...
[2020-04-12 18:37:42:444] [vo.logVo.LogVo.<init>] [INFO] 日志实例已初始化...
[2020-04-12 18:37:42:445] [vo.logVo.LogVo.<init>] [INFO] 日志实例已初始化...
[2020-04-12 18:37:42:445] [vo.logVo.LogVo.<init>] [INFO] 日志实例已初始化...
[2020-04-12 18:37:42:446] [vo.logVo.LogVo.<init>] [INFO] 日志实例已初始化...
[2020-04-12 18:37:42:447] [vo.logVo.LogVo.<init>] [INFO] 日志实例已初始化...
[2020-04-12 18:37:42:447] [vo.logVo.LogVo.<init>] [INFO] 日志实例已初始化...
[2020-04-12 18:37:42:448] [vo.logVo.LogVo.<init>] [INFO] 日志实例已初始化...
[2020-04-12 18:37:42:449] [vo.logVo.LogVo.<init>] [INFO] 日志实例已初始化...
[2020-04-12 18:37:42:450] [vo.logVo.LogVo.<init>] [INFO] 日志实例已初始化...
[2020-04-12 18:37:42:450] [vo.logVo.LogVo.<init>] [INFO] 日志实例已初始化...
[2020-04-12 18:37:42:451] [vo.logVo.LogVo.<init>] [INFO] 日志实例已初始化...
[2020-04-12 18:37:42:452] [vo.logVo.LogVo.<init>] [INFO] 日志实例已初始化...
[2020-04-12 18:37:42:453] [vo.logVo.LogVo.<init>] [INFO] 日志实例已初始化...
[2020-04-12 18:37:42:454] [vo.logVo.LogVo.<init>] [INFO] 日志实例已初始化...
[2020-04-12 18:37:42:455] [vo.logVo.LogVo.<init>] [INFO] 日志实例已初始化...
[2020-04-12 18:37:42:456] [vo.logVo.LogVo.<init>] [INFO] 日志实例已初始化...
[2020-04-12 18:37:42:457] [vo.logVo.LogVo.<init>] [INFO] 日志实例已初始化...
[2020-04-12 18:37:42:457] [vo.logVo.LogVo.<init>] [INFO] 日志实例已初始化...
[2020-04-12 18:37:42:458] [vo.logVo.LogVo.<init>] [INFO] 日志实例已初始化...
[2020-04-12 18:37:42:458] [vo.logVo.LogVo.<init>] [INFO] 日志实例已初始化...
[2020-04-12 18:37:42:459] [vo.logVo.LogVo.<init>] [INFO] 日志实例已初始化...
[2020-04-12 18:37:42:459] [vo.logVo.LogVo.<init>] [INFO] 日志实例已初始化...
[2020-04-12 18:37:42:460] [vo.logVo.LogVo.<init>] [INFO] 日志实例已初始化...
[2020-04-12 18:37:42:460] [vo.logVo.LogVo.<init>] [INFO] 日志实例已初始化...
[2020-04-12 18:37:42:461] [vo.logVo.LogVo.<init>] [INFO] 日志实例已初始化...
[2020-04-12 18:37:42:461] [vo.logVo.LogVo.<init>] [INFO] 日志实例已初始化...
[2020-04-12 18:37:42:461] [vo.logVo.LogVo.<init>] [INFO] 日志实例已初始化...
[2020-04-12 18:37:42:462] [vo.logVo.LogVo.<init>] [INFO] 日志实例已初始化...
[2020-04-12 18:37:42:462] [vo.logVo.LogVo.<init>] [INFO] 日志实例已初始化...
[2020-04-12 18:37:42:462] [vo.logVo.LogVo.<init>] [INFO] 日志实例已初始化...
[2020-04-12 18:37:42:463] [vo.logVo.LogVo.<init>] [INFO] 日志实例已初始化...
[2020-04-12 18:37:42:463] [vo.logVo.LogVo.<init>] [INFO] 日志实例已初始化...
[2020-04-12 18:37:42:463] [vo.logVo.LogVo.<init>] [INFO] 日志实例已初始化...
[2020-04-12 18:37:42:464] [vo.logVo.LogVo.<init>] [INFO] 日志实例已初始化...
[2020-04-12 18:37:42:464] [vo.logVo.LogVo.<init>] [INFO] 日志实例已初始化...
[2020-04-12 18:37:42:465] [vo.logVo.LogVo.<init>] [INFO] 日志实例已初始化...
[2020-04-12 18:37:42:465] [vo.logVo.LogVo.<init>] [INFO] 日志实例已初始化...
[2020-04-12 18:37:42:465] [vo.logVo.LogVo.<init>] [INFO] 日志实例已初始化...
[2020-04-12 18:37:42:466] [vo.logVo.LogVo.<init>] [INFO] 日志实例已初始化...
[2020-04-12 18:37:42:466] [vo.logVo.LogVo.<init>] [INFO] 日志实例已初始化...
[2020-04-12 18:37:42:467] [vo.logVo.LogVo.<init>] [INFO] 日志实例已初始化...
[2020-04-12 18:37:42:467] [vo.logVo.LogVo.<init>] [INFO] 日志实例已初始化...
[2020-04-12 18:37:42:468] [vo.logVo.LogVo.<init>] [INFO] 日志实例已初始化...
[2020-04-12 18:37:42:468] [vo.logVo.LogVo.<init>] [INFO] 日志实例已初始化...
[2020-04-12 18:37:42:469] [vo.logVo.LogVo.<init>] [INFO] 日志实例已初始化...
[2020-04-12 18:37:42:470] [vo.logVo.LogVo.<init>] [INFO] 日志实例已初始化...
[2020-04-12 18:37:42:471] [vo.logVo.LogVo.<init>] [INFO] 日志实例已初始化...
[2020-04-12 18:37:42:472] [vo.logVo.LogVo.<init>] [INFO] 日志实例已初始化...
[2020-04-12 18:37:42:472] [vo.logVo.LogVo.<init>] [INFO] 日志实例已初始化...
[2020-04-12 18:37:42:472] [vo.logVo.LogVo.<init>] [INFO] 日志实例已初始化...
[2020-04-12 18:37:42:473] [vo.logVo.LogVo.<init>] [INFO] 日志实例已初始化...
[2020-04-12 18:37:42:473] [vo.logVo.LogVo.<init>] [INFO] 日志实例已初始化...
[2020-04-12 18:37:42:474] [vo.logVo.LogVo.<init>] [INFO] 日志实例已初始化...
[2020-04-12 18:37:42:474] [vo.logVo.LogVo.<init>] [INFO] 日志实例已初始化...
[2020-04-12 18:37:42:475] [vo.logVo.LogVo.<init>] [INFO] 日志实例已初始化...
[2020-04-12 18:37:42:475] [vo.logVo.LogVo.<init>] [INFO] 日志实例已初始化...
[2020-04-12 18:37:42:476] [vo.logVo.LogVo.<init>] [INFO] 日志实例已初始化...
[2020-04-12 18:37:42:476] [vo.logVo.LogVo.<init>] [INFO] 日志实例已初始化...
[2020-04-12 18:37:42:477] [vo.logVo.LogVo.<init>] [INFO] 日志实例已初始化...
[2020-04-12 18:37:42:477] [vo.logVo.LogVo.<init>] [INFO] 日志实例已初始化...
[2020-04-12 18:37:42:478] [vo.logVo.LogVo.<init>] [INFO] 日志实例已初始化...
[2020-04-12 18:37:42:478] [vo.logVo.LogVo.<init>] [INFO] 日志实例已初始化...
[2020-04-12 18:37:42:480] [vo.logVo.LogVo.<init>] [INFO] 日志实例已初始化...
[2020-04-12 18:37:42:481] [vo.logVo.LogVo.<init>] [INFO] 日志实例已初始化...
[2020-04-12 18:37:42:482] [vo.logVo.LogVo.<init>] [INFO] 日志实例已初始化...
[2020-04-12 18:37:42:482] [vo.logVo.LogVo.<init>] [INFO] 日志实例已初始化...
[2020-04-12 18:37:42:483] [vo.logVo.LogVo.<init>] [INFO] 日志实例已初始化...
[2020-04-12 18:37:42:483] [vo.logVo.LogVo.<init>] [INFO] 日志实例已初始化...
[2020-04-12 18:37:42:484] [vo.logVo.LogVo.<init>] [INFO] 日志实例已初始化...
[2020-04-12 18:37:42:484] [vo.logVo.LogVo.<init>] [INFO] 日志实例已初始化...
[2020-04-12 18:37:42:485] [vo.logVo.LogVo.<init>] [INFO] 日志实例已初始化...
[2020-04-12 18:37:42:485] [vo.logVo.LogVo.<init>] [INFO] 日志实例已初始化...
[2020-04-12 18:37:42:486] [vo.logVo.LogVo.<init>] [INFO] 日志实例已初始化...
[2020-04-12 18:37:42:487] [vo.logVo.LogVo.<init>] [INFO] 日志实例已初始化...
[2020-04-12 18:37:42:487] [vo.logVo.LogVo.<init>] [INFO] 日志实例已初始化...
[2020-04-12 18:37:42:488] [vo.logVo.LogVo.<init>] [INFO] 日志实例已初始化...
[2020-04-12 18:37:42:488] [vo.logVo.LogVo.<init>] [INFO] 日志实例已初始化...
[2020-04-12 18:37:42:489] [vo.logVo.LogVo.<init>] [INFO] 日志实例已初始化...
[2020-04-12 18:37:42:490] [vo.logVo.LogVo.<init>] [INFO] 日志实例已初始化...
[2020-04-12 18:37:42:490] [vo.logVo.LogVo.<init>] [INFO] 日志实例已初始化...
[2020-04-12 18:37:42:491] [vo.logVo.LogVo.<init>] [INFO] 日志实例已初始化...
[2020-04-12 18:37:42:491] [vo.logVo.LogVo.<init>] [INFO] 日志实例已初始化...
[2020-04-12 18:37:42:492] [vo.logVo.LogVo.<init>] [INFO] 日志实例已初始化...
[2020-04-12 18:37:42:492] [vo.logVo.LogVo.<init>] [INFO] 日志实例已初始化...
[2020-04-12 18:37:42:493] [vo.logVo.LogVo.<init>] [INFO] 日志实例已初始化...
[2020-04-12 18:37:42:493] [vo.logVo.LogVo.<init>] [INFO] 日志实例已初始化...
[2020-04-12 18:37:42:494] [vo.logVo.LogVo.<init>] [INFO] 日志实例已初始化...
[2020-04-12 18:37:42:494] [vo.logVo.LogVo.<init>] [INFO] 日志实例已初始化...
[2020-04-12 18:37:42:495] [vo.logVo.LogVo.<init>] [INFO] 日志实例已初始化...
[2020-04-12 18:37:42:496] [vo.logVo.LogVo.<init>] [INFO] 日志实例已初始化...
[2020-04-12 18:37:42:498] [vo.logVo.LogVo.<init>] [INFO] 日志实例已初始化...
[2020-04-12 18:37:42:499] [vo.logVo.LogVo.<init>] [INFO] 日志实例已初始化...
[2020-04-12 18:37:42:500] [vo.logVo.LogVo.<init>] [INFO] 日志实例已初始化...
[2020-04-12 18:37:42:501] [vo.logVo.LogVo.<init>] [INFO] 日志实例已初始化...
[2020-04-12 18:37:42:501] [vo.logVo.LogVo.<init>] [INFO] 日志实例已初始化...
[2020-04-12 18:37:42:503] [vo.logVo.LogVo.<init>] [INFO] 日志实例已初始化...
[2020-04-12 18:37:42:504] [vo.logVo.LogVo.<init>] [INFO] 日志实例已初始化...
[2020-04-12 18:37:42:505] [vo.logVo.LogVo.<init>] [INFO] 日志实例已初始化...
[2020-04-12 18:37:42:505] [vo.logVo.LogVo.<init>] [INFO] 日志实例已初始化...
[2020-04-12 18:37:42:506] [vo.logVo.LogVo.<init>] [INFO] 日志实例已初始化...
[2020-04-12 18:37:42:506] [vo.logVo.LogVo.<init>] [INFO] 日志实例已初始化...
[2020-04-12 18:37:42:507] [vo.logVo.LogVo.<init>] [INFO] 日志实例已初始化...
[2020-04-12 18:37:42:507] [vo.logVo.LogVo.<init>] [INFO] 日志实例已初始化...
[2020-04-12 18:37:42:508] [vo.logVo.LogVo.<init>] [INFO] 日志实例已初始化...
[2020-04-12 18:37:42:508] [vo.logVo.LogVo.<init>] [INFO] 日志实例已初始化...
[2020-04-12 18:37:42:509] [vo.logVo.LogVo.<init>] [INFO] 日志实例已初始化...
[2020-04-12 18:37:42:511] [vo.logVo.LogVo.<init>] [INFO] 日志实例已初始化...
[2020-04-12 18:37:42:511] [vo.logVo.LogVo.<init>] [INFO] 日志实例已初始化...
[2020-04-12 18:37:42:512] [vo.logVo.LogVo.<init>] [INFO] 日志实例已初始化...
[2020-04-12 18:37:42:512] [vo.logVo.LogVo.<init>] [INFO] 日志实例已初始化...
[2020-04-12 18:37:42:513] [vo.logVo.LogVo.<init>] [INFO] 日志实例已初始化...
[2020-04-12 18:37:42:513] [vo.logVo.LogVo.<init>] [INFO] 日志实例已初始化...
[2020-04-12 18:37:42:514] [vo.logVo.LogVo.<init>] [INFO] 日志实例已初始化...
[2020-04-12 18:37:42:514] [vo.logVo.LogVo.<init>] [INFO] 日志实例已初始化...
[2020-04-12 18:37:42:514] [vo.logVo.LogVo.<init>] [INFO] 日志实例已初始化...
[2020-04-12 18:37:42:514] [vo.logVo.LogVo.<init>] [INFO] 日志实例已初始化...
[2020-04-12 18:37:42:515] [vo.logVo.LogVo.<init>] [INFO] 日志实例已初始化...
[2020-04-12 18:37:42:515] [vo.logVo.LogVo.<init>] [INFO] 日志实例已初始化...
[2020-04-12 18:37:42:516] [vo.logVo.LogVo.<init>] [INFO] 日志实例已初始化...
[2020-04-12 18:37:42:516] [vo.logVo.LogVo.<init>] [INFO] 日志实例已初始化...
[2020-04-12 18:37:42:516] [vo.logVo.LogVo.<init>] [INFO] 日志实例已初始化...
[2020-04-12 18:37:42:516] [vo.logVo.LogVo.<init>] [INFO] 日志实例已初始化...
[2020-04-12 18:37:42:517] [vo.logVo.LogVo.<init>] [INFO] 日志实例已初始化...
[2020-04-12 18:37:42:517] [vo.logVo.LogVo.<init>] [INFO] 日志实例已初始化...
[2020-04-12 18:37:42:518] [vo.logVo.LogVo.<init>] [INFO] 日志实例已初始化...
[2020-04-12 18:37:42:518] [vo.logVo.LogVo.<init>] [INFO] 日志实例已初始化...
[2020-04-12 18:37:42:519] [vo.logVo.LogVo.<init>] [INFO] 日志实例已初始化...
[2020-04-12 18:37:42:520] [vo.logVo.LogVo.<init>] [INFO] 日志实例已初始化...
[2020-04-12 18:37:42:520] [vo.logVo.LogVo.<init>] [INFO] 日志实例已初始化...
[2020-04-12 18:37:42:521] [vo.logVo.LogVo.<init>] [INFO] 日志实例已初始化...
[2020-04-12 18:37:42:521] [vo.logVo.LogVo.<init>] [INFO] 日志实例已初始化...
[2020-04-12 18:37:42:521] [vo.logVo.LogVo.<init>] [INFO] 日志实例已初始化...
[2020-04-12 18:37:42:522] [vo.logVo.LogVo.<init>] [INFO] 日志实例已初始化...
[2020-04-12 18:37:42:522] [vo.logVo.LogVo.<init>] [INFO] 日志实例已初始化...
[2020-04-12 18:37:42:523] [vo.logVo.LogVo.<init>] [INFO] 日志实例已初始化...
[2020-04-12 18:37:42:523] [vo.logVo.LogVo.<init>] [INFO] 日志实例已初始化...
[2020-04-12 18:37:42:523] [vo.logVo.LogVo.<init>] [INFO] 日志实例已初始化...
[2020-04-12 18:37:42:524] [vo.logVo.LogVo.<init>] [INFO] 日志实例已初始化...
[2020-04-12 18:37:42:524] [vo.logVo.LogVo.<init>] [INFO] 日志实例已初始化...
[2020-04-12 18:37:42:524] [vo.logVo.LogVo.<init>] [INFO] 日志实例已初始化...
[2020-04-12 18:37:42:525] [vo.logVo.LogVo.<init>] [INFO] 日志实例已初始化...
[2020-04-12 18:37:42:525] [vo.logVo.LogVo.<init>] [INFO] 日志实例已初始化...
[2020-04-12 18:37:42:526] [vo.logVo.LogVo.<init>] [INFO] 日志实例已初始化...
[2020-04-12 18:37:42:526] [vo.logVo.LogVo.<init>] [INFO] 日志实例已初始化...
[2020-04-12 18:37:42:526] [vo.logVo.LogVo.<init>] [INFO] 日志实例已初始化...
[2020-04-12 18:37:42:527] [vo.logVo.LogVo.<init>] [INFO] 日志实例已初始化...
[2020-04-12 18:37:42:527] [vo.logVo.LogVo.<init>] [INFO] 日志实例已初始化...
[2020-04-12 18:37:42:527] [vo.logVo.LogVo.<init>] [INFO] 日志实例已初始化...
[2020-04-12 18:37:42:528] [vo.logVo.LogVo.<init>] [INFO] 日志实例已初始化...
[2020-04-12 18:37:42:528] [vo.logVo.LogVo.<init>] [INFO] 日志实例已初始化...
[2020-04-12 18:37:42:528] [vo.logVo.LogVo.<init>] [INFO] 日志实例已初始化...
[2020-04-12 18:37:42:529] [vo.logVo.LogVo.<init>] [INFO] 日志实例已初始化...
[2020-04-12 18:37:42:529] [vo.logVo.LogVo.<init>] [INFO] 日志实例已初始化...
[2020-04-12 18:37:42:530] [vo.logVo.LogVo.<init>] [INFO] 日志实例已初始化...
[2020-04-12 18:37:42:531] [vo.logVo.LogVo.<init>] [INFO] 日志实例已初始化...
[2020-04-12 18:37:42:532] [vo.logVo.LogVo.<init>] [INFO] 日志实例已初始化...
[2020-04-12 18:37:42:532] [vo.logVo.LogVo.<init>] [INFO] 日志实例已初始化...
[2020-04-12 18:37:42:533] [vo.logVo.LogVo.<init>] [INFO] 日志实例已初始化...
[2020-04-12 18:37:42:533] [vo.logVo.LogVo.<init>] [INFO] 日志实例已初始化...
[2020-04-12 18:37:42:534] [vo.logVo.LogVo.<init>] [INFO] 日志实例已初始化...
[2020-04-12 18:37:42:535] [vo.logVo.LogVo.<init>] [INFO] 日志实例已初始化...
[2020-04-12 18:37:42:535] [vo.logVo.LogVo.<init>] [INFO] 日志实例已初始化...
[2020-04-12 18:37:42:536] [vo.logVo.LogVo.<init>] [INFO] 日志实例已初始化...
[2020-04-12 18:37:42:537] [vo.logVo.LogVo.<init>] [INFO] 日志实例已初始化...
[2020-04-12 18:37:42:537] [vo.logVo.LogVo.<init>] [INFO] 日志实例已初始化...
[2020-04-12 18:37:42:538] [vo.logVo.LogVo.<init>] [INFO] 日志实例已初始化...
[2020-04-12 18:37:42:540] [vo.logVo.LogVo.<init>] [INFO] 日志实例已初始化...
[2020-04-12 18:37:42:541] [vo.logVo.LogVo.<init>] [INFO] 日志实例已初始化...
[2020-04-12 18:37:42:542] [vo.logVo.LogVo.<init>] [INFO] 日志实例已初始化...
[2020-04-12 18:37:42:542] [vo.logVo.LogVo.<init>] [INFO] 日志实例已初始化...
[2020-04-12 18:37:42:543] [vo.logVo.LogVo.<init>] [INFO] 日志实例已初始化...
[2020-04-12 18:37:42:543] [vo.logVo.LogVo.<init>] [INFO] 日志实例已初始化...
[2020-04-12 18:37:42:543] [vo.logVo.LogVo.<init>] [INFO] 日志实例已初始化...
[2020-04-12 18:37:42:544] [vo.logVo.LogVo.<init>] [INFO] 日志实例已初始化...
[2020-04-12 18:37:42:544] [vo.logVo.LogVo.<init>] [INFO] 日志实例已初始化...
[2020-04-12 18:37:42:545] [vo.logVo.LogVo.<init>] [INFO] 日志实例已初始化...
[2020-04-12 18:37:42:545] [vo.logVo.LogVo.<init>] [INFO] 日志实例已初始化...
[2020-04-12 18:37:42:546] [vo.logVo.LogVo.<init>] [INFO] 日志实例已初始化...
[2020-04-12 18:37:42:546] [vo.logVo.LogVo.<init>] [INFO] 日志实例已初始化...
[2020-04-12 18:37:42:546] [vo.logVo.LogVo.<init>] [INFO] 日志实例已初始化...
[2020-04-12 18:37:42:547] [vo.logVo.LogVo.<init>] [INFO] 日志实例已初始化...
[2020-04-12 18:37:42:547] [vo.logVo.LogVo.<init>] [INFO] 日志实例已初始化...
[2020-04-12 18:37:42:548] [vo.logVo.LogVo.<init>] [INFO] 日志实例已初始化...
[2020-04-12 18:37:42:548] [vo.logVo.LogVo.<init>] [INFO] 日志实例已初始化...
[2020-04-12 18:37:42:549] [vo.logVo.LogVo.<init>] [INFO] 日志实例已初始化...
[2020-04-12 18:37:42:549] [vo.logVo.LogVo.<init>] [INFO] 日志实例已初始化...
[2020-04-12 18:37:42:550] [vo.logVo.LogVo.<init>] [INFO] 日志实例已初始化...
[2020-04-12 18:37:42:550] [vo.logVo.LogVo.<init>] [INFO] 日志实例已初始化...
[2020-04-12 18:37:42:550] [vo.logVo.LogVo.<init>] [INFO] 日志实例已初始化...
[2020-04-12 18:37:42:551] [vo.logVo.LogVo.<init>] [INFO] 日志实例已初始化...
[2020-04-12 18:37:42:552] [vo.logVo.LogVo.<init>] [INFO] 日志实例已初始化...
[2020-04-12 18:37:42:552] [vo.logVo.LogVo.<init>] [INFO] 日志实例已初始化...
[2020-04-12 18:37:42:553] [vo.logVo.LogVo.<init>] [INFO] 日志实例已初始化...
[2020-04-12 18:37:42:585] [vo.logVo.LogVo.<init>] [INFO] 日志实例已初始化...
[2020-04-12 18:37:42:594] [vo.logVo.LogVo.<init>] [INFO] 日志实例已初始化...
[2020-04-12 18:37:42:745] [action.userAction.LoginAction.execute] [INFO] admin 登录成功,登录时间:2020-04-12 18:37:42
[2020-04-12 18:38:27:308] [vo.logVo.LogVo.<init>] [INFO] 日志实例已初始化...
[2020-04-12 18:38:27:310] [vo.logVo.LogVo.<init>] [INFO] 日志实例已初始化...
[2020-04-12 18:38:27:311] [vo.logVo.LogVo.<init>] [INFO] 日志实例已初始化...
[2020-04-12 18:38:27:312] [vo.logVo.LogVo.<init>] [INFO] 日志实例已初始化...
[2020-04-12 18:38:27:312] [vo.logVo.LogVo.<init>] [INFO] 日志实例已初始化...
[2020-04-12 18:38:27:312] [vo.logVo.LogVo.<init>] [INFO] 日志实例已初始化...
[2020-04-12 18:38:27:313] [vo.logVo.LogVo.<init>] [INFO] 日志实例已初始化...
[2020-04-12 18:38:27:313] [vo.logVo.LogVo.<init>] [INFO] 日志实例已初始化...
[2020-04-12 18:38:27:314] [vo.logVo.LogVo.<init>] [INFO] 日志实例已初始化...
[2020-04-12 18:38:27:314] [vo.logVo.LogVo.<init>] [INFO] 日志实例已初始化...
[2020-04-12 18:38:27:314] [vo.logVo.LogVo.<init>] [INFO] 日志实例已初始化...
[2020-04-12 18:38:27:315] [vo.logVo.LogVo.<init>] [INFO] 日志实例已初始化...
[2020-04-12 18:38:27:315] [vo.logVo.LogVo.<init>] [INFO] 日志实例已初始化...
[2020-04-12 18:38:27:315] [vo.logVo.LogVo.<init>] [INFO] 日志实例已初始化...
[2020-04-12 18:38:27:316] [vo.logVo.LogVo.<init>] [INFO] 日志实例已初始化...
[2020-04-12 18:38:27:316] [vo.logVo.LogVo.<init>] [INFO] 日志实例已初始化...
[2020-04-12 18:38:27:316] [vo.logVo.LogVo.<init>] [INFO] 日志实例已初始化...
[2020-04-12 18:38:27:316] [vo.logVo.LogVo.<init>] [INFO] 日志实例已初始化...
[2020-04-12 18:38:27:317] [vo.logVo.LogVo.<init>] [INFO] 日志实例已初始化...
[2020-04-12 18:38:27:317] [vo.logVo.LogVo.<init>] [INFO] 日志实例已初始化...
[2020-04-12 18:38:27:318] [vo.logVo.LogVo.<init>] [INFO] 日志实例已初始化...
[2020-04-12 18:38:27:318] [vo.logVo.LogVo.<init>] [INFO] 日志实例已初始化...
[2020-04-12 18:38:27:319] [vo.logVo.LogVo.<init>] [INFO] 日志实例已初始化...
[2020-04-12 18:38:27:319] [vo.logVo.LogVo.<init>] [INFO] 日志实例已初始化...
[2020-04-12 18:38:27:319] [vo.logVo.LogVo.<init>] [INFO] 日志实例已初始化...
[2020-04-12 18:38:27:320] [vo.logVo.LogVo.<init>] [INFO] 日志实例已初始化...
[2020-04-12 18:38:27:320] [vo.logVo.LogVo.<init>] [INFO] 日志实例已初始化...
[2020-04-12 18:38:27:321] [vo.logVo.LogVo.<init>] [INFO] 日志实例已初始化...
[2020-04-12 18:38:27:321] [vo.logVo.LogVo.<init>] [INFO] 日志实例已初始化...
[2020-04-12 18:38:27:322] [vo.logVo.LogVo.<init>] [INFO] 日志实例已初始化...
[2020-04-12 18:38:27:322] [vo.logVo.LogVo.<init>] [INFO] 日志实例已初始化...
[2020-04-12 18:38:27:323] [vo.logVo.LogVo.<init>] [INFO] 日志实例已初始化...
[2020-04-12 18:38:27:323] [vo.logVo.LogVo.<init>] [INFO] 日志实例已初始化...
[2020-04-12 18:38:27:323] [vo.logVo.LogVo.<init>] [INFO] 日志实例已初始化...
[2020-04-12 18:38:27:324] [vo.logVo.LogVo.<init>] [INFO] 日志实例已初始化...
[2020-04-12 18:38:27:324] [vo.logVo.LogVo.<init>] [INFO] 日志实例已初始化...
[2020-04-12 18:38:27:325] [vo.logVo.LogVo.<init>] [INFO] 日志实例已初始化...
[2020-04-12 18:38:27:325] [vo.logVo.LogVo.<init>] [INFO] 日志实例已初始化...
[2020-04-12 18:38:27:326] [vo.logVo.LogVo.<init>] [INFO] 日志实例已初始化...
[2020-04-12 18:38:27:326] [vo.logVo.LogVo.<init>] [INFO] 日志实例已初始化...
[2020-04-12 18:38:27:326] [vo.logVo.LogVo.<init>] [INFO] 日志实例已初始化...
[2020-04-12 18:38:27:327] [vo.logVo.LogVo.<init>] [INFO] 日志实例已初始化...
[2020-04-12 18:38:27:327] [vo.logVo.LogVo.<init>] [INFO] 日志实例已初始化...
[2020-04-12 18:38:27:328] [vo.logVo.LogVo.<init>] [INFO] 日志实例已初始化...
[2020-04-12 18:38:27:328] [vo.logVo.LogVo.<init>] [INFO] 日志实例已初始化...
[2020-04-12 18:38:27:329] [vo.logVo.LogVo.<init>] [INFO] 日志实例已初始化...
[2020-04-12 18:38:27:329] [vo.logVo.LogVo.<init>] [INFO] 日志实例已初始化...
[2020-04-12 18:38:27:330] [vo.logVo.LogVo.<init>] [INFO] 日志实例已初始化...
[2020-04-12 18:38:27:331] [vo.logVo.LogVo.<init>] [INFO] 日志实例已初始化...
[2020-04-12 18:38:27:331] [vo.logVo.LogVo.<init>] [INFO] 日志实例已初始化...
[2020-04-12 18:38:27:332] [vo.logVo.LogVo.<init>] [INFO] 日志实例已初始化...
[2020-04-12 18:38:27:332] [vo.logVo.LogVo.<init>] [INFO] 日志实例已初始化...
[2020-04-12 18:38:27:332] [vo.logVo.LogVo.<init>] [INFO] 日志实例已初始化...
[2020-04-12 18:38:27:333] [vo.logVo.LogVo.<init>] [INFO] 日志实例已初始化...
[2020-04-12 18:38:27:333] [vo.logVo.LogVo.<init>] [INFO] 日志实例已初始化...
[2020-04-12 18:38:27:333] [vo.logVo.LogVo.<init>] [INFO] 日志实例已初始化...
[2020-04-12 18:38:27:334] [vo.logVo.LogVo.<init>] [INFO] 日志实例已初始化...
[2020-04-12 18:38:27:334] [vo.logVo.LogVo.<init>] [INFO] 日志实例已初始化...
[2020-04-12 18:38:27:335] [vo.logVo.LogVo.<init>] [INFO] 日志实例已初始化...
[2020-04-12 18:38:27:335] [vo.logVo.LogVo.<init>] [INFO] 日志实例已初始化...
[2020-04-12 18:38:27:335] [vo.logVo.LogVo.<init>] [INFO] 日志实例已初始化...
[2020-04-12 18:38:27:336] [vo.logVo.LogVo.<init>] [INFO] 日志实例已初始化...
[2020-04-12 18:38:27:336] [vo.logVo.LogVo.<init>] [INFO] 日志实例已初始化...
[2020-04-12 18:38:27:337] [vo.logVo.LogVo.<init>] [INFO] 日志实例已初始化...
[2020-04-12 18:38:27:337] [vo.logVo.LogVo.<init>] [INFO] 日志实例已初始化...
[2020-04-12 18:38:27:338] [vo.logVo.LogVo.<init>] [INFO] 日志实例已初始化...
[2020-04-12 18:38:27:338] [vo.logVo.LogVo.<init>] [INFO] 日志实例已初始化...
[2020-04-12 18:38:27:338] [vo.logVo.LogVo.<init>] [INFO] 日志实例已初始化...
[2020-04-12 18:38:27:339] [vo.logVo.LogVo.<init>] [INFO] 日志实例已初始化...
[2020-04-12 18:38:27:339] [vo.logVo.LogVo.<init>] [INFO] 日志实例已初始化...
[2020-04-12 18:38:27:340] [vo.logVo.LogVo.<init>] [INFO] 日志实例已初始化...
[2020-04-12 18:38:27:340] [vo.logVo.LogVo.<init>] [INFO] 日志实例已初始化...
[2020-04-12 18:38:27:341] [vo.logVo.LogVo.<init>] [INFO] 日志实例已初始化...
[2020-04-12 18:38:27:341] [vo.logVo.LogVo.<init>] [INFO] 日志实例已初始化...
[2020-04-12 18:38:27:342] [vo.logVo.LogVo.<init>] [INFO] 日志实例已初始化...
[2020-04-12 18:38:27:342] [vo.logVo.LogVo.<init>] [INFO] 日志实例已初始化...
[2020-04-12 18:38:27:343] [vo.logVo.LogVo.<init>] [INFO] 日志实例已初始化...
[2020-04-12 18:38:27:344] [vo.logVo.LogVo.<init>] [INFO] 日志实例已初始化...
[2020-04-12 18:38:27:344] [vo.logVo.LogVo.<init>] [INFO] 日志实例已初始化...
[2020-04-12 18:38:27:345] [vo.logVo.LogVo.<init>] [INFO] 日志实例已初始化...
[2020-04-12 18:38:27:345] [vo.logVo.LogVo.<init>] [INFO] 日志实例已初始化...
[2020-04-12 18:38:27:346] [vo.logVo.LogVo.<init>] [INFO] 日志实例已初始化...
[2020-04-12 18:38:27:346] [vo.logVo.LogVo.<init>] [INFO] 日志实例已初始化...
[2020-04-12 18:38:27:346] [vo.logVo.LogVo.<init>] [INFO] 日志实例已初始化...
[2020-04-12 18:38:27:347] [vo.logVo.LogVo.<init>] [INFO] 日志实例已初始化...
[2020-04-12 18:38:27:347] [vo.logVo.LogVo.<init>] [INFO] 日志实例已初始化...
[2020-04-12 18:38:27:347] [vo.logVo.LogVo.<init>] [INFO] 日志实例已初始化...
[2020-04-12 18:38:27:348] [vo.logVo.LogVo.<init>] [INFO] 日志实例已初始化...
[2020-04-12 18:38:27:348] [vo.logVo.LogVo.<init>] [INFO] 日志实例已初始化...
[2020-04-12 18:38:27:349] [vo.logVo.LogVo.<init>] [INFO] 日志实例已初始化...
[2020-04-12 18:38:27:350] [vo.logVo.LogVo.<init>] [INFO] 日志实例已初始化...
[2020-04-12 18:38:27:350] [vo.logVo.LogVo.<init>] [INFO] 日志实例已初始化...
[2020-04-12 18:38:27:351] [vo.logVo.LogVo.<init>] [INFO] 日志实例已初始化...
[2020-04-12 18:38:27:351] [vo.logVo.LogVo.<init>] [INFO] 日志实例已初始化...
[2020-04-12 18:38:27:352] [vo.logVo.LogVo.<init>] [INFO] 日志实例已初始化...
[2020-04-12 18:38:27:352] [vo.logVo.LogVo.<init>] [INFO] 日志实例已初始化...
[2020-04-12 18:38:27:353] [vo.logVo.LogVo.<init>] [INFO] 日志实例已初始化...
[2020-04-12 18:38:27:354] [vo.logVo.LogVo.<init>] [INFO] 日志实例已初始化...
[2020-04-12 18:38:27:354] [vo.logVo.LogVo.<init>] [INFO] 日志实例已初始化...
[2020-04-12 18:38:27:357] [vo.logVo.LogVo.<init>] [INFO] 日志实例已初始化...
[2020-04-12 18:38:27:358] [vo.logVo.LogVo.<init>] [INFO] 日志实例已初始化...
[2020-04-12 18:38:27:360] [vo.logVo.LogVo.<init>] [INFO] 日志实例已初始化...
[2020-04-12 18:38:27:360] [vo.logVo.LogVo.<init>] [INFO] 日志实例已初始化...
[2020-04-12 18:38:27:361] [vo.logVo.LogVo.<init>] [INFO] 日志实例已初始化...
[2020-04-12 18:38:27:362] [vo.logVo.LogVo.<init>] [INFO] 日志实例已初始化...
[2020-04-12 18:38:27:362] [vo.logVo.LogVo.<init>] [INFO] 日志实例已初始化...
[2020-04-12 18:38:27:363] [vo.logVo.LogVo.<init>] [INFO] 日志实例已初始化...
[2020-04-12 18:38:27:363] [vo.logVo.LogVo.<init>] [INFO] 日志实例已初始化...
[2020-04-12 18:38:27:364] [vo.logVo.LogVo.<init>] [INFO] 日志实例已初始化...
[2020-04-12 18:38:27:364] [vo.logVo.LogVo.<init>] [INFO] 日志实例已初始化...
[2020-04-12 18:38:27:365] [vo.logVo.LogVo.<init>] [INFO] 日志实例已初始化...
[2020-04-12 18:38:27:366] [vo.logVo.LogVo.<init>] [INFO] 日志实例已初始化...
[2020-04-12 18:38:27:366] [vo.logVo.LogVo.<init>] [INFO] 日志实例已初始化...
[2020-04-12 18:38:27:367] [vo.logVo.LogVo.<init>] [INFO] 日志实例已初始化...
[2020-04-12 18:38:27:368] [vo.logVo.LogVo.<init>] [INFO] 日志实例已初始化...
[2020-04-12 18:38:27:368] [vo.logVo.LogVo.<init>] [INFO] 日志实例已初始化...
[2020-04-12 18:38:27:370] [vo.logVo.LogVo.<init>] [INFO] 日志实例已初始化...
[2020-04-12 18:38:27:370] [vo.logVo.LogVo.<init>] [INFO] 日志实例已初始化...
[2020-04-12 18:38:27:371] [vo.logVo.LogVo.<init>] [INFO] 日志实例已初始化...
[2020-04-12 18:38:27:371] [vo.logVo.LogVo.<init>] [INFO] 日志实例已初始化...
[2020-04-12 18:38:27:372] [vo.logVo.LogVo.<init>] [INFO] 日志实例已初始化...
[2020-04-12 18:38:27:373] [vo.logVo.LogVo.<init>] [INFO] 日志实例已初始化...
[2020-04-12 18:38:27:373] [vo.logVo.LogVo.<init>] [INFO] 日志实例已初始化...
[2020-04-12 18:38:27:374] [vo.logVo.LogVo.<init>] [INFO] 日志实例已初始化...
[2020-04-12 18:38:27:375] [vo.logVo.LogVo.<init>] [INFO] 日志实例已初始化...
[2020-04-12 18:38:27:375] [vo.logVo.LogVo.<init>] [INFO] 日志实例已初始化...
[2020-04-12 18:38:27:376] [vo.logVo.LogVo.<init>] [INFO] 日志实例已初始化...
[2020-04-12 18:38:27:377] [vo.logVo.LogVo.<init>] [INFO] 日志实例已初始化...
[2020-04-12 18:38:27:377] [vo.logVo.LogVo.<init>] [INFO] 日志实例已初始化...
[2020-04-12 18:38:27:378] [vo.logVo.LogVo.<init>] [INFO] 日志实例已初始化...
[2020-04-12 18:38:27:379] [vo.logVo.LogVo.<init>] [INFO] 日志实例已初始化...
[2020-04-12 18:38:27:380] [vo.logVo.LogVo.<init>] [INFO] 日志实例已初始化...
[2020-04-12 18:38:27:380] [vo.logVo.LogVo.<init>] [INFO] 日志实例已初始化...
[2020-04-12 18:38:27:381] [vo.logVo.LogVo.<init>] [INFO] 日志实例已初始化...
[2020-04-12 18:38:27:382] [vo.logVo.LogVo.<init>] [INFO] 日志实例已初始化...
[2020-04-12 18:38:27:382] [vo.logVo.LogVo.<init>] [INFO] 日志实例已初始化...
[2020-04-12 18:38:27:383] [vo.logVo.LogVo.<init>] [INFO] 日志实例已初始化...
[2020-04-12 18:38:27:383] [vo.logVo.LogVo.<init>] [INFO] 日志实例已初始化...
[2020-04-12 18:38:27:384] [vo.logVo.LogVo.<init>] [INFO] 日志实例已初始化...
[2020-04-12 18:38:27:384] [vo.logVo.LogVo.<init>] [INFO] 日志实例已初始化...
[2020-04-12 18:38:27:385] [vo.logVo.LogVo.<init>] [INFO] 日志实例已初始化...
[2020-04-12 18:38:27:385] [vo.logVo.LogVo.<init>] [INFO] 日志实例已初始化...
[2020-04-12 18:38:27:386] [vo.logVo.LogVo.<init>] [INFO] 日志实例已初始化...
[2020-04-12 18:38:27:386] [vo.logVo.LogVo.<init>] [INFO] 日志实例已初始化...
[2020-04-12 18:38:27:387] [vo.logVo.LogVo.<init>] [INFO] 日志实例已初始化...
[2020-04-12 18:38:27:387] [vo.logVo.LogVo.<init>] [INFO] 日志实例已初始化...
[2020-04-12 18:38:27:388] [vo.logVo.LogVo.<init>] [INFO] 日志实例已初始化...
[2020-04-12 18:38:27:388] [vo.logVo.LogVo.<init>] [INFO] 日志实例已初始化...
[2020-04-12 18:38:27:389] [vo.logVo.LogVo.<init>] [INFO] 日志实例已初始化...
[2020-04-12 18:38:27:389] [vo.logVo.LogVo.<init>] [INFO] 日志实例已初始化...
[2020-04-12 18:38:27:390] [vo.logVo.LogVo.<init>] [INFO] 日志实例已初始化...
[2020-04-12 18:38:27:390] [vo.logVo.LogVo.<init>] [INFO] 日志实例已初始化...
[2020-04-12 18:38:27:391] [vo.logVo.LogVo.<init>] [INFO] 日志实例已初始化...
[2020-04-12 18:38:27:392] [vo.logVo.LogVo.<init>] [INFO] 日志实例已初始化...
[2020-04-12 18:38:27:393] [vo.logVo.LogVo.<init>] [INFO] 日志实例已初始化...
[2020-04-12 18:38:27:394] [vo.logVo.LogVo.<init>] [INFO] 日志实例已初始化...
[2020-04-12 18:38:27:394] [vo.logVo.LogVo.<init>] [INFO] 日志实例已初始化...
[2020-04-12 18:38:27:395] [vo.logVo.LogVo.<init>] [INFO] 日志实例已初始化...
[2020-04-12 18:38:27:395] [vo.logVo.LogVo.<init>] [INFO] 日志实例已初始化...
[2020-04-12 18:38:27:396] [vo.logVo.LogVo.<init>] [INFO] 日志实例已初始化...
[2020-04-12 18:38:27:396] [vo.logVo.LogVo.<init>] [INFO] 日志实例已初始化...
[2020-04-12 18:38:27:397] [vo.logVo.LogVo.<init>] [INFO] 日志实例已初始化...
[2020-04-12 18:38:27:397] [vo.logVo.LogVo.<init>] [INFO] 日志实例已初始化...
[2020-04-12 18:38:27:398] [vo.logVo.LogVo.<init>] [INFO] 日志实例已初始化...
[2020-04-12 18:38:27:398] [vo.logVo.LogVo.<init>] [INFO] 日志实例已初始化...
[2020-04-12 18:38:27:398] [vo.logVo.LogVo.<init>] [INFO] 日志实例已初始化...
[2020-04-12 18:38:27:399] [vo.logVo.LogVo.<init>] [INFO] 日志实例已初始化...
[2020-04-12 18:38:27:399] [vo.logVo.LogVo.<init>] [INFO] 日志实例已初始化...
[2020-04-12 18:38:27:399] [vo.logVo.LogVo.<init>] [INFO] 日志实例已初始化...
[2020-04-12 18:38:27:400] [vo.logVo.LogVo.<init>] [INFO] 日志实例已初始化...
[2020-04-12 18:38:27:400] [vo.logVo.LogVo.<init>] [INFO] 日志实例已初始化...
[2020-04-12 18:38:27:401] [vo.logVo.LogVo.<init>] [INFO] 日志实例已初始化...
[2020-04-12 18:38:27:401] [vo.logVo.LogVo.<init>] [INFO] 日志实例已初始化...
[2020-04-12 18:38:27:401] [vo.logVo.LogVo.<init>] [INFO] 日志实例已初始化...
[2020-04-12 18:38:27:402] [vo.logVo.LogVo.<init>] [INFO] 日志实例已初始化...
[2020-04-12 18:38:27:402] [vo.logVo.LogVo.<init>] [INFO] 日志实例已初始化...
[2020-04-12 18:38:27:402] [vo.logVo.LogVo.<init>] [INFO] 日志实例已初始化...
[2020-04-12 18:38:27:403] [vo.logVo.LogVo.<init>] [INFO] 日志实例已初始化...
[2020-04-12 18:38:27:403] [vo.logVo.LogVo.<init>] [INFO] 日志实例已初始化...
[2020-04-12 18:38:27:403] [vo.logVo.LogVo.<init>] [INFO] 日志实例已初始化...
[2020-04-12 18:38:27:404] [vo.logVo.LogVo.<init>] [INFO] 日志实例已初始化...
[2020-04-12 18:38:27:404] [vo.logVo.LogVo.<init>] [INFO] 日志实例已初始化...
[2020-04-12 18:38:27:404] [vo.logVo.LogVo.<init>] [INFO] 日志实例已初始化...
[2020-04-12 18:38:27:405] [vo.logVo.LogVo.<init>] [INFO] 日志实例已初始化...
[2020-04-12 18:38:27:405] [vo.logVo.LogVo.<init>] [INFO] 日志实例已初始化...
[2020-04-12 18:38:27:406] [vo.logVo.LogVo.<init>] [INFO] 日志实例已初始化...
[2020-04-12 18:38:27:406] [vo.logVo.LogVo.<init>] [INFO] 日志实例已初始化...
[2020-04-12 18:38:27:406] [vo.logVo.LogVo.<init>] [INFO] 日志实例已初始化...
[2020-04-12 18:38:27:406] [vo.logVo.LogVo.<init>] [INFO] 日志实例已初始化...
[2020-04-12 18:38:27:407] [vo.logVo.LogVo.<init>] [INFO] 日志实例已初始化...
[2020-04-12 18:38:27:407] [vo.logVo.LogVo.<init>] [INFO] 日志实例已初始化...
[2020-04-12 18:38:27:407] [vo.logVo.LogVo.<init>] [INFO] 日志实例已初始化...
[2020-04-12 18:38:27:407] [vo.logVo.LogVo.<init>] [INFO] 日志实例已初始化...
[2020-04-12 18:38:27:408] [vo.logVo.LogVo.<init>] [INFO] 日志实例已初始化...
[2020-04-12 18:38:27:408] [vo.logVo.LogVo.<init>] [INFO] 日志实例已初始化...
[2020-04-12 18:38:27:408] [vo.logVo.LogVo.<init>] [INFO] 日志实例已初始化...
[2020-04-12 18:38:27:409] [vo.logVo.LogVo.<init>] [INFO] 日志实例已初始化...
[2020-04-12 18:38:27:410] [vo.logVo.LogVo.<init>] [INFO] 日志实例已初始化...
[2020-04-12 18:38:27:410] [vo.logVo.LogVo.<init>] [INFO] 日志实例已初始化...
[2020-04-12 18:38:27:410] [vo.logVo.LogVo.<init>] [INFO] 日志实例已初始化...
[2020-04-12 18:38:27:411] [vo.logVo.LogVo.<init>] [INFO] 日志实例已初始化...
[2020-04-12 18:38:27:411] [vo.logVo.LogVo.<init>] [INFO] 日志实例已初始化...
[2020-04-12 18:38:27:411] [vo.logVo.LogVo.<init>] [INFO] 日志实例已初始化...
[2020-04-12 18:38:27:411] [vo.logVo.LogVo.<init>] [INFO] 日志实例已初始化...
[2020-04-12 18:38:27:412] [vo.logVo.LogVo.<init>] [INFO] 日志实例已初始化...
[2020-04-12 18:38:27:412] [vo.logVo.LogVo.<init>] [INFO] 日志实例已初始化...
[2020-04-12 18:38:27:412] [vo.logVo.LogVo.<init>] [INFO] 日志实例已初始化...
[2020-04-12 18:38:27:413] [vo.logVo.LogVo.<init>] [INFO] 日志实例已初始化...
[2020-04-12 18:38:27:413] [vo.logVo.LogVo.<init>] [INFO] 日志实例已初始化...
[2020-04-12 18:38:27:413] [vo.logVo.LogVo.<init>] [INFO] 日志实例已初始化...
[2020-04-12 18:38:27:413] [vo.logVo.LogVo.<init>] [INFO] 日志实例已初始化...
[2020-04-12 18:38:27:414] [vo.logVo.LogVo.<init>] [INFO] 日志实例已初始化...
[2020-04-12 18:38:27:414] [vo.logVo.LogVo.<init>] [INFO] 日志实例已初始化...
[2020-04-12 18:38:27:417] [vo.logVo.LogVo.<init>] [INFO] 日志实例已初始化...
[2020-04-12 18:38:27:418] [vo.logVo.LogVo.<init>] [INFO] 日志实例已初始化...
[2020-04-12 18:38:27:419] [vo.logVo.LogVo.<init>] [INFO] 日志实例已初始化...
[2020-04-12 18:38:27:419] [vo.logVo.LogVo.<init>] [INFO] 日志实例已初始化...
[2020-04-12 18:38:27:420] [vo.logVo.LogVo.<init>] [INFO] 日志实例已初始化...
[2020-04-12 18:38:27:421] [vo.logVo.LogVo.<init>] [INFO] 日志实例已初始化...
[2020-04-12 18:38:27:421] [vo.logVo.LogVo.<init>] [INFO] 日志实例已初始化...
[2020-04-12 18:38:27:421] [vo.logVo.LogVo.<init>] [INFO] 日志实例已初始化...
[2020-04-12 18:38:27:422] [vo.logVo.LogVo.<init>] [INFO] 日志实例已初始化...
[2020-04-12 18:38:27:422] [vo.logVo.LogVo.<init>] [INFO] 日志实例已初始化...
[2020-04-12 18:38:27:422] [vo.logVo.LogVo.<init>] [INFO] 日志实例已初始化...
[2020-04-12 18:38:27:422] [vo.logVo.LogVo.<init>] [INFO] 日志实例已初始化...
[2020-04-12 18:38:27:423] [vo.logVo.LogVo.<init>] [INFO] 日志实例已初始化...
[2020-04-12 18:38:27:423] [vo.logVo.LogVo.<init>] [INFO] 日志实例已初始化...
[2020-04-12 18:38:27:424] [vo.logVo.LogVo.<init>] [INFO] 日志实例已初始化...
[2020-04-12 18:38:27:424] [vo.logVo.LogVo.<init>] [INFO] 日志实例已初始化...
[2020-04-12 18:38:27:424] [vo.logVo.LogVo.<init>] [INFO] 日志实例已初始化...
[2020-04-12 18:38:27:425] [vo.logVo.LogVo.<init>] [INFO] 日志实例已初始化...
[2020-04-12 18:38:27:425] [vo.logVo.LogVo.<init>] [INFO] 日志实例已初始化...
[2020-04-12 18:38:27:426] [vo.logVo.LogVo.<init>] [INFO] 日志实例已初始化...
[2020-04-12 18:38:27:426] [vo.logVo.LogVo.<init>] [INFO] 日志实例已初始化...
[2020-04-12 18:38:27:427] [vo.logVo.LogVo.<init>] [INFO] 日志实例已初始化...
[2020-04-12 18:38:27:427] [vo.logVo.LogVo.<init>] [INFO] 日志实例已初始化...
[2020-04-12 18:38:27:427] [vo.logVo.LogVo.<init>] [INFO] 日志实例已初始化...
[2020-04-12 18:38:27:428] [vo.logVo.LogVo.<init>] [INFO] 日志实例已初始化...
[2020-04-12 18:38:27:428] [vo.logVo.LogVo.<init>] [INFO] 日志实例已初始化...
[2020-04-12 18:38:27:428] [vo.logVo.LogVo.<init>] [INFO] 日志实例已初始化...
[2020-04-12 18:38:27:429] [vo.logVo.LogVo.<init>] [INFO] 日志实例已初始化...
[2020-04-12 18:38:27:430] [vo.logVo.LogVo.<init>] [INFO] 日志实例已初始化...
[2020-04-12 18:38:27:431] [vo.logVo.LogVo.<init>] [INFO] 日志实例已初始化...
[2020-04-12 18:38:27:432] [vo.logVo.LogVo.<init>] [INFO] 日志实例已初始化...
[2020-04-12 18:38:27:432] [vo.logVo.LogVo.<init>] [INFO] 日志实例已初始化...
[2020-04-12 18:38:27:433] [vo.logVo.LogVo.<init>] [INFO] 日志实例已初始化...
[2020-04-12 18:38:27:433] [vo.logVo.LogVo.<init>] [INFO] 日志实例已初始化...
[2020-04-12 18:38:27:433] [vo.logVo.LogVo.<init>] [INFO] 日志实例已初始化...
[2020-04-12 18:38:27:434] [vo.logVo.LogVo.<init>] [INFO] 日志实例已初始化...
[2020-04-12 18:38:27:434] [vo.logVo.LogVo.<init>] [INFO] 日志实例已初始化...
[2020-04-12 18:38:27:434] [vo.logVo.LogVo.<init>] [INFO] 日志实例已初始化...
[2020-04-12 18:38:27:435] [vo.logVo.LogVo.<init>] [INFO] 日志实例已初始化...
[2020-04-12 18:38:27:435] [vo.logVo.LogVo.<init>] [INFO] 日志实例已初始化...
[2020-04-12 18:38:27:436] [vo.logVo.LogVo.<init>] [INFO] 日志实例已初始化...
[2020-04-12 18:38:27:436] [vo.logVo.LogVo.<init>] [INFO] 日志实例已初始化...
[2020-04-12 18:38:27:437] [vo.logVo.LogVo.<init>] [INFO] 日志实例已初始化...
[2020-04-12 18:38:27:437] [vo.logVo.LogVo.<init>] [INFO] 日志实例已初始化...
[2020-04-12 18:38:27:438] [vo.logVo.LogVo.<init>] [INFO] 日志实例已初始化...
[2020-04-12 18:38:27:438] [vo.logVo.LogVo.<init>] [INFO] 日志实例已初始化...
[2020-04-12 18:38:27:438] [vo.logVo.LogVo.<init>] [INFO] 日志实例已初始化...
[2020-04-12 18:38:27:439] [vo.logVo.LogVo.<init>] [INFO] 日志实例已初始化...
[2020-04-12 18:38:27:439] [vo.logVo.LogVo.<init>] [INFO] 日志实例已初始化...
[2020-04-12 18:38:27:439] [vo.logVo.LogVo.<init>] [INFO] 日志实例已初始化...
[2020-04-12 18:38:27:440] [vo.logVo.LogVo.<init>] [INFO] 日志实例已初始化...
[2020-04-12 18:38:27:440] [vo.logVo.LogVo.<init>] [INFO] 日志实例已初始化...
[2020-04-12 18:38:27:440] [vo.logVo.LogVo.<init>] [INFO] 日志实例已初始化...
[2020-04-12 18:38:27:441] [vo.logVo.LogVo.<init>] [INFO] 日志实例已初始化...
[2020-04-12 18:38:27:441] [vo.logVo.LogVo.<init>] [INFO] 日志实例已初始化...
[2020-04-12 18:38:27:441] [vo.logVo.LogVo.<init>] [INFO] 日志实例已初始化...
[2020-04-12 18:38:27:442] [vo.logVo.LogVo.<init>] [INFO] 日志实例已初始化...
[2020-04-12 18:38:27:442] [vo.logVo.LogVo.<init>] [INFO] 日志实例已初始化...
[2020-04-12 18:38:27:443] [vo.logVo.LogVo.<init>] [INFO] 日志实例已初始化...
[2020-04-12 18:38:27:444] [vo.logVo.LogVo.<init>] [INFO] 日志实例已初始化...
[2020-04-12 18:38:27:445] [vo.logVo.LogVo.<init>] [INFO] 日志实例已初始化...
[2020-04-12 18:38:27:445] [vo.logVo.LogVo.<init>] [INFO] 日志实例已初始化...
[2020-04-12 18:38:27:446] [vo.logVo.LogVo.<init>] [INFO] 日志实例已初始化...
[2020-04-12 18:38:27:446] [vo.logVo.LogVo.<init>] [INFO] 日志实例已初始化...
[2020-04-12 18:38:27:447] [vo.logVo.LogVo.<init>] [INFO] 日志实例已初始化...
[2020-04-12 18:38:27:448] [vo.logVo.LogVo.<init>] [INFO] 日志实例已初始化...
[2020-04-12 18:38:27:448] [vo.logVo.LogVo.<init>] [INFO] 日志实例已初始化...
[2020-04-12 18:38:27:449] [vo.logVo.LogVo.<init>] [INFO] 日志实例已初始化...
[2020-04-12 18:38:27:450] [vo.logVo.LogVo.<init>] [INFO] 日志实例已初始化...
[2020-04-12 18:38:27:450] [vo.logVo.LogVo.<init>] [INFO] 日志实例已初始化...
[2020-04-12 18:38:27:451] [vo.logVo.LogVo.<init>] [INFO] 日志实例已初始化...
[2020-04-12 18:38:27:452] [vo.logVo.LogVo.<init>] [INFO] 日志实例已初始化...
[2020-04-12 18:38:27:454] [vo.logVo.LogVo.<init>] [INFO] 日志实例已初始化...
[2020-04-12 18:38:27:455] [vo.logVo.LogVo.<init>] [INFO] 日志实例已初始化...
[2020-04-12 18:38:27:455] [vo.logVo.LogVo.<init>] [INFO] 日志实例已初始化...
[2020-04-12 18:38:27:456] [vo.logVo.LogVo.<init>] [INFO] 日志实例已初始化...
[2020-04-12 18:38:27:456] [vo.logVo.LogVo.<init>] [INFO] 日志实例已初始化...
[2020-04-12 18:38:27:457] [vo.logVo.LogVo.<init>] [INFO] 日志实例已初始化...
[2020-04-12 18:38:27:458] [vo.logVo.LogVo.<init>] [INFO] 日志实例已初始化...
[2020-04-12 18:38:27:458] [vo.logVo.LogVo.<init>] [INFO] 日志实例已初始化...
[2020-04-12 18:38:27:460] [vo.logVo.LogVo.<init>] [INFO] 日志实例已初始化...
[2020-04-12 18:38:27:460] [vo.logVo.LogVo.<init>] [INFO] 日志实例已初始化...
[2020-04-12 18:38:27:461] [vo.logVo.LogVo.<init>] [INFO] 日志实例已初始化...
[2020-04-12 18:38:27:461] [vo.logVo.LogVo.<init>] [INFO] 日志实例已初始化...
[2020-04-12 18:38:27:462] [vo.logVo.LogVo.<init>] [INFO] 日志实例已初始化...
[2020-04-12 18:38:27:463] [vo.logVo.LogVo.<init>] [INFO] 日志实例已初始化...
[2020-04-12 18:38:27:463] [vo.logVo.LogVo.<init>] [INFO] 日志实例已初始化...
[2020-04-12 18:38:27:464] [vo.logVo.LogVo.<init>] [INFO] 日志实例已初始化...
[2020-04-12 18:38:27:464] [vo.logVo.LogVo.<init>] [INFO] 日志实例已初始化...
[2020-04-12 18:38:27:465] [vo.logVo.LogVo.<init>] [INFO] 日志实例已初始化...
[2020-04-12 18:38:27:465] [vo.logVo.LogVo.<init>] [INFO] 日志实例已初始化...
[2020-04-12 18:38:27:466] [vo.logVo.LogVo.<init>] [INFO] 日志实例已初始化...
[2020-04-12 18:38:27:466] [vo.logVo.LogVo.<init>] [INFO] 日志实例已初始化...
[2020-04-12 18:38:27:467] [vo.logVo.LogVo.<init>] [INFO] 日志实例已初始化...
[2020-04-12 18:38:27:468] [vo.logVo.LogVo.<init>] [INFO] 日志实例已初始化...
[2020-04-12 18:38:27:468] [vo.logVo.LogVo.<init>] [INFO] 日志实例已初始化...
[2020-04-12 18:38:27:468] [vo.logVo.LogVo.<init>] [INFO] 日志实例已初始化...
[2020-04-12 18:38:27:469] [vo.logVo.LogVo.<init>] [INFO] 日志实例已初始化...
[2020-04-12 18:38:27:469] [vo.logVo.LogVo.<init>] [INFO] 日志实例已初始化...
[2020-04-12 18:38:27:470] [vo.logVo.LogVo.<init>] [INFO] 日志实例已初始化...
[2020-04-12 18:38:27:470] [vo.logVo.LogVo.<init>] [INFO] 日志实例已初始化...
[2020-04-12 18:38:27:471] [vo.logVo.LogVo.<init>] [INFO] 日志实例已初始化...
[2020-04-12 18:38:27:471] [vo.logVo.LogVo.<init>] [INFO] 日志实例已初始化...
[2020-04-12 18:38:27:471] [vo.logVo.LogVo.<init>] [INFO] 日志实例已初始化...
[2020-04-12 18:38:27:472] [vo.logVo.LogVo.<init>] [INFO] 日志实例已初始化...
[2020-04-12 18:38:27:472] [vo.logVo.LogVo.<init>] [INFO] 日志实例已初始化...
[2020-04-12 18:38:27:473] [vo.logVo.LogVo.<init>] [INFO] 日志实例已初始化...
[2020-04-12 18:38:27:473] [vo.logVo.LogVo.<init>] [INFO] 日志实例已初始化...
[2020-04-12 18:38:27:474] [vo.logVo.LogVo.<init>] [INFO] 日志实例已初始化...
[2020-04-12 18:38:27:474] [vo.logVo.LogVo.<init>] [INFO] 日志实例已初始化...
[2020-04-12 18:38:27:475] [vo.logVo.LogVo.<init>] [INFO] 日志实例已初始化...
[2020-04-12 18:38:27:475] [vo.logVo.LogVo.<init>] [INFO] 日志实例已初始化...
[2020-04-12 18:38:27:476] [vo.logVo.LogVo.<init>] [INFO] 日志实例已初始化...
[2020-04-12 18:38:27:476] [vo.logVo.LogVo.<init>] [INFO] 日志实例已初始化...
[2020-04-12 18:38:27:477] [vo.logVo.LogVo.<init>] [INFO] 日志实例已初始化...
[2020-04-12 18:38:27:477] [vo.logVo.LogVo.<init>] [INFO] 日志实例已初始化...
[2020-04-12 18:38:27:478] [vo.logVo.LogVo.<init>] [INFO] 日志实例已初始化...
[2020-04-12 18:38:27:478] [vo.logVo.LogVo.<init>] [INFO] 日志实例已初始化...
[2020-04-12 18:38:27:480] [vo.logVo.LogVo.<init>] [INFO] 日志实例已初始化...
[2020-04-12 18:38:27:482] [vo.logVo.LogVo.<init>] [INFO] 日志实例已初始化...
[2020-04-12 18:38:27:483] [vo.logVo.LogVo.<init>] [INFO] 日志实例已初始化...
[2020-04-12 18:38:27:483] [vo.logVo.LogVo.<init>] [INFO] 日志实例已初始化...
[2020-04-12 18:38:27:484] [vo.logVo.LogVo.<init>] [INFO] 日志实例已初始化...
[2020-04-12 18:38:27:486] [vo.logVo.LogVo.<init>] [INFO] 日志实例已初始化...
[2020-04-12 18:38:27:487] [vo.logVo.LogVo.<init>] [INFO] 日志实例已初始化...
[2020-04-12 18:38:27:487] [vo.logVo.LogVo.<init>] [INFO] 日志实例已初始化...
[2020-04-12 18:38:27:488] [vo.logVo.LogVo.<init>] [INFO] 日志实例已初始化...
[2020-04-12 18:38:27:489] [vo.logVo.LogVo.<init>] [INFO] 日志实例已初始化...
[2020-04-12 18:38:27:490] [vo.logVo.LogVo.<init>] [INFO] 日志实例已初始化...
[2020-04-12 18:38:27:490] [vo.logVo.LogVo.<init>] [INFO] 日志实例已初始化...
[2020-04-12 18:38:27:491] [vo.logVo.LogVo.<init>] [INFO] 日志实例已初始化...
[2020-04-12 18:38:27:492] [vo.logVo.LogVo.<init>] [INFO] 日志实例已初始化...
[2020-04-12 18:38:27:493] [vo.logVo.LogVo.<init>] [INFO] 日志实例已初始化...
[2020-04-12 18:38:27:493] [vo.logVo.LogVo.<init>] [INFO] 日志实例已初始化...
[2020-04-12 18:38:27:494] [vo.logVo.LogVo.<init>] [INFO] 日志实例已初始化...
[2020-04-12 18:38:27:495] [vo.logVo.LogVo.<init>] [INFO] 日志实例已初始化...
[2020-04-12 18:38:27:495] [vo.logVo.LogVo.<init>] [INFO] 日志实例已初始化...
[2020-04-12 18:38:27:496] [vo.logVo.LogVo.<init>] [INFO] 日志实例已初始化...
[2020-04-12 18:38:27:496] [vo.logVo.LogVo.<init>] [INFO] 日志实例已初始化...
[2020-04-12 18:38:27:497] [vo.logVo.LogVo.<init>] [INFO] 日志实例已初始化...
[2020-04-12 18:38:27:498] [vo.logVo.LogVo.<init>] [INFO] 日志实例已初始化...
[2020-04-12 18:38:27:499] [vo.logVo.LogVo.<init>] [INFO] 日志实例已初始化...
[2020-04-12 18:38:27:500] [vo.logVo.LogVo.<init>] [INFO] 日志实例已初始化...
[2020-04-12 18:38:27:500] [vo.logVo.LogVo.<init>] [INFO] 日志实例已初始化...
[2020-04-12 18:38:27:500] [vo.logVo.LogVo.<init>] [INFO] 日志实例已初始化...
[2020-04-12 18:38:27:501] [vo.logVo.LogVo.<init>] [INFO] 日志实例已初始化...
[2020-04-12 18:38:27:501] [vo.logVo.LogVo.<init>] [INFO] 日志实例已初始化...
[2020-04-12 18:38:27:501] [vo.logVo.LogVo.<init>] [INFO] 日志实例已初始化...
[2020-04-12 18:38:27:502] [vo.logVo.LogVo.<init>] [INFO] 日志实例已初始化...
[2020-04-12 18:38:27:502] [vo.logVo.LogVo.<init>] [INFO] 日志实例已初始化...
[2020-04-12 18:38:27:503] [vo.logVo.LogVo.<init>] [INFO] 日志实例已初始化...
[2020-04-12 18:38:27:503] [vo.logVo.LogVo.<init>] [INFO] 日志实例已初始化...
[2020-04-12 18:38:27:503] [vo.logVo.LogVo.<init>] [INFO] 日志实例已初始化...
[2020-04-12 18:38:27:504] [vo.logVo.LogVo.<init>] [INFO] 日志实例已初始化...
[2020-04-12 18:38:27:504] [vo.logVo.LogVo.<init>] [INFO] 日志实例已初始化...
[2020-04-12 18:38:27:504] [vo.logVo.LogVo.<init>] [INFO] 日志实例已初始化...
[2020-04-12 18:38:27:505] [vo.logVo.LogVo.<init>] [INFO] 日志实例已初始化...
[2020-04-12 18:38:27:505] [vo.logVo.LogVo.<init>] [INFO] 日志实例已初始化...
[2020-04-12 18:38:27:506] [vo.logVo.LogVo.<init>] [INFO] 日志实例已初始化...
[2020-04-12 18:38:27:507] [vo.logVo.LogVo.<init>] [INFO] 日志实例已初始化...
[2020-04-12 18:38:27:510] [vo.logVo.LogVo.<init>] [INFO] 日志实例已初始化...
[2020-04-12 18:38:27:511] [vo.logVo.LogVo.<init>] [INFO] 日志实例已初始化...
[2020-04-12 18:38:27:511] [vo.logVo.LogVo.<init>] [INFO] 日志实例已初始化...
[2020-04-12 18:38:27:512] [vo.logVo.LogVo.<init>] [INFO] 日志实例已初始化...
[2020-04-12 18:38:27:512] [vo.logVo.LogVo.<init>] [INFO] 日志实例已初始化...
[2020-04-12 18:38:27:513] [vo.logVo.LogVo.<init>] [INFO] 日志实例已初始化...
[2020-04-12 18:38:27:514] [vo.logVo.LogVo.<init>] [INFO] 日志实例已初始化...
[2020-04-12 18:38:27:515] [vo.logVo.LogVo.<init>] [INFO] 日志实例已初始化...
[2020-04-12 18:38:27:516] [vo.logVo.LogVo.<init>] [INFO] 日志实例已初始化...
[2020-04-12 18:38:27:518] [vo.logVo.LogVo.<init>] [INFO] 日志实例已初始化...
[2020-04-12 18:38:27:518] [vo.logVo.LogVo.<init>] [INFO] 日志实例已初始化...
[2020-04-12 18:38:27:518] [vo.logVo.LogVo.<init>] [INFO] 日志实例已初始化...
[2020-04-12 18:38:27:519] [vo.logVo.LogVo.<init>] [INFO] 日志实例已初始化...
[2020-04-12 18:38:27:519] [vo.logVo.LogVo.<init>] [INFO] 日志实例已初始化...
[2020-04-12 18:38:27:520] [vo.logVo.LogVo.<init>] [INFO] 日志实例已初始化...
[2020-04-12 18:38:27:521] [vo.logVo.LogVo.<init>] [INFO] 日志实例已初始化...
[2020-04-12 18:38:27:522] [vo.logVo.LogVo.<init>] [INFO] 日志实例已初始化...
[2020-04-12 18:38:27:523] [vo.logVo.LogVo.<init>] [INFO] 日志实例已初始化...
[2020-04-12 18:38:27:551] [vo.logVo.LogVo.<init>] [INFO] 日志实例已初始化...
[2020-04-12 18:38:27:559] [vo.logVo.LogVo.<init>] [INFO] 日志实例已初始化...
[2020-04-12 18:38:27:664] [action.userAction.LoginAction.execute] [INFO] 该用户已登录，请稍后再试！
[2020-04-12 18:38:33:329] [vo.logVo.LogVo.<init>] [INFO] 日志实例已初始化...
[2020-04-12 18:38:33:330] [vo.logVo.LogVo.<init>] [INFO] 日志实例已初始化...
[2020-04-12 18:38:33:330] [vo.logVo.LogVo.<init>] [INFO] 日志实例已初始化...
[2020-04-12 18:38:33:331] [vo.logVo.LogVo.<init>] [INFO] 日志实例已初始化...
[2020-04-12 18:38:33:332] [vo.logVo.LogVo.<init>] [INFO] 日志实例已初始化...
[2020-04-12 18:38:33:332] [vo.logVo.LogVo.<init>] [INFO] 日志实例已初始化...
[2020-04-12 18:38:33:333] [vo.logVo.LogVo.<init>] [INFO] 日志实例已初始化...
[2020-04-12 18:38:33:333] [vo.logVo.LogVo.<init>] [INFO] 日志实例已初始化...
[2020-04-12 18:38:33:334] [vo.logVo.LogVo.<init>] [INFO] 日志实例已初始化...
[2020-04-12 18:38:33:334] [vo.logVo.LogVo.<init>] [INFO] 日志实例已初始化...
[2020-04-12 18:38:33:335] [vo.logVo.LogVo.<init>] [INFO] 日志实例已初始化...
[2020-04-12 18:38:33:336] [vo.logVo.LogVo.<init>] [INFO] 日志实例已初始化...
[2020-04-12 18:38:33:337] [vo.logVo.LogVo.<init>] [INFO] 日志实例已初始化...
[2020-04-12 18:38:33:338] [vo.logVo.LogVo.<init>] [INFO] 日志实例已初始化...
[2020-04-12 18:38:33:339] [vo.logVo.LogVo.<init>] [INFO] 日志实例已初始化...
[2020-04-12 18:38:33:339] [vo.logVo.LogVo.<init>] [INFO] 日志实例已初始化...
[2020-04-12 18:38:33:340] [vo.logVo.LogVo.<init>] [INFO] 日志实例已初始化...
[2020-04-12 18:38:33:340] [vo.logVo.LogVo.<init>] [INFO] 日志实例已初始化...
[2020-04-12 18:38:33:341] [vo.logVo.LogVo.<init>] [INFO] 日志实例已初始化...
[2020-04-12 18:38:33:341] [vo.logVo.LogVo.<init>] [INFO] 日志实例已初始化...
[2020-04-12 18:38:33:342] [vo.logVo.LogVo.<init>] [INFO] 日志实例已初始化...
[2020-04-12 18:38:33:343] [vo.logVo.LogVo.<init>] [INFO] 日志实例已初始化...
[2020-04-12 18:38:33:343] [vo.logVo.LogVo.<init>] [INFO] 日志实例已初始化...
[2020-04-12 18:38:33:344] [vo.logVo.LogVo.<init>] [INFO] 日志实例已初始化...
[2020-04-12 18:38:33:344] [vo.logVo.LogVo.<init>] [INFO] 日志实例已初始化...
[2020-04-12 18:38:33:345] [vo.logVo.LogVo.<init>] [INFO] 日志实例已初始化...
[2020-04-12 18:38:33:345] [vo.logVo.LogVo.<init>] [INFO] 日志实例已初始化...
[2020-04-12 18:38:33:347] [vo.logVo.LogVo.<init>] [INFO] 日志实例已初始化...
[2020-04-12 18:38:33:347] [vo.logVo.LogVo.<init>] [INFO] 日志实例已初始化...
[2020-04-12 18:38:33:348] [vo.logVo.LogVo.<init>] [INFO] 日志实例已初始化...
[2020-04-12 18:38:33:349] [vo.logVo.LogVo.<init>] [INFO] 日志实例已初始化...
[2020-04-12 18:38:33:349] [vo.logVo.LogVo.<init>] [INFO] 日志实例已初始化...
[2020-04-12 18:38:33:350] [vo.logVo.LogVo.<init>] [INFO] 日志实例已初始化...
[2020-04-12 18:38:33:350] [vo.logVo.LogVo.<init>] [INFO] 日志实例已初始化...
[2020-04-12 18:38:33:351] [vo.logVo.LogVo.<init>] [INFO] 日志实例已初始化...
[2020-04-12 18:38:33:351] [vo.logVo.LogVo.<init>] [INFO] 日志实例已初始化...
[2020-04-12 18:38:33:352] [vo.logVo.LogVo.<init>] [INFO] 日志实例已初始化...
[2020-04-12 18:38:33:353] [vo.logVo.LogVo.<init>] [INFO] 日志实例已初始化...
[2020-04-12 18:38:33:354] [vo.logVo.LogVo.<init>] [INFO] 日志实例已初始化...
[2020-04-12 18:38:33:355] [vo.logVo.LogVo.<init>] [INFO] 日志实例已初始化...
[2020-04-12 18:38:33:356] [vo.logVo.LogVo.<init>] [INFO] 日志实例已初始化...
[2020-04-12 18:38:33:358] [vo.logVo.LogVo.<init>] [INFO] 日志实例已初始化...
[2020-04-12 18:38:33:359] [vo.logVo.LogVo.<init>] [INFO] 日志实例已初始化...
[2020-04-12 18:38:33:360] [vo.logVo.LogVo.<init>] [INFO] 日志实例已初始化...
[2020-04-12 18:38:33:360] [vo.logVo.LogVo.<init>] [INFO] 日志实例已初始化...
[2020-04-12 18:38:33:361] [vo.logVo.LogVo.<init>] [INFO] 日志实例已初始化...
[2020-04-12 18:38:33:361] [vo.logVo.LogVo.<init>] [INFO] 日志实例已初始化...
[2020-04-12 18:38:33:362] [vo.logVo.LogVo.<init>] [INFO] 日志实例已初始化...
[2020-04-12 18:38:33:363] [vo.logVo.LogVo.<init>] [INFO] 日志实例已初始化...
[2020-04-12 18:38:33:363] [vo.logVo.LogVo.<init>] [INFO] 日志实例已初始化...
[2020-04-12 18:38:33:364] [vo.logVo.LogVo.<init>] [INFO] 日志实例已初始化...
[2020-04-12 18:38:33:364] [vo.logVo.LogVo.<init>] [INFO] 日志实例已初始化...
[2020-04-12 18:38:33:365] [vo.logVo.LogVo.<init>] [INFO] 日志实例已初始化...
[2020-04-12 18:38:33:365] [vo.logVo.LogVo.<init>] [INFO] 日志实例已初始化...
[2020-04-12 18:38:33:366] [vo.logVo.LogVo.<init>] [INFO] 日志实例已初始化...
[2020-04-12 18:38:33:366] [vo.logVo.LogVo.<init>] [INFO] 日志实例已初始化...
[2020-04-12 18:38:33:367] [vo.logVo.LogVo.<init>] [INFO] 日志实例已初始化...
[2020-04-12 18:38:33:367] [vo.logVo.LogVo.<init>] [INFO] 日志实例已初始化...
[2020-04-12 18:38:33:368] [vo.logVo.LogVo.<init>] [INFO] 日志实例已初始化...
[2020-04-12 18:38:33:370] [vo.logVo.LogVo.<init>] [INFO] 日志实例已初始化...
[2020-04-12 18:38:33:371] [vo.logVo.LogVo.<init>] [INFO] 日志实例已初始化...
[2020-04-12 18:38:33:372] [vo.logVo.LogVo.<init>] [INFO] 日志实例已初始化...
[2020-04-12 18:38:33:372] [vo.logVo.LogVo.<init>] [INFO] 日志实例已初始化...
[2020-04-12 18:38:33:373] [vo.logVo.LogVo.<init>] [INFO] 日志实例已初始化...
[2020-04-12 18:38:33:373] [vo.logVo.LogVo.<init>] [INFO] 日志实例已初始化...
[2020-04-12 18:38:33:374] [vo.logVo.LogVo.<init>] [INFO] 日志实例已初始化...
[2020-04-12 18:38:33:374] [vo.logVo.LogVo.<init>] [INFO] 日志实例已初始化...
[2020-04-12 18:38:33:375] [vo.logVo.LogVo.<init>] [INFO] 日志实例已初始化...
[2020-04-12 18:38:33:376] [vo.logVo.LogVo.<init>] [INFO] 日志实例已初始化...
[2020-04-12 18:38:33:376] [vo.logVo.LogVo.<init>] [INFO] 日志实例已初始化...
[2020-04-12 18:38:33:376] [vo.logVo.LogVo.<init>] [INFO] 日志实例已初始化...
[2020-04-12 18:38:33:377] [vo.logVo.LogVo.<init>] [INFO] 日志实例已初始化...
[2020-04-12 18:38:33:377] [vo.logVo.LogVo.<init>] [INFO] 日志实例已初始化...
[2020-04-12 18:38:33:378] [vo.logVo.LogVo.<init>] [INFO] 日志实例已初始化...
[2020-04-12 18:38:33:378] [vo.logVo.LogVo.<init>] [INFO] 日志实例已初始化...
[2020-04-12 18:38:33:379] [vo.logVo.LogVo.<init>] [INFO] 日志实例已初始化...
[2020-04-12 18:38:33:379] [vo.logVo.LogVo.<init>] [INFO] 日志实例已初始化...
[2020-04-12 18:38:33:380] [vo.logVo.LogVo.<init>] [INFO] 日志实例已初始化...
[2020-04-12 18:38:33:380] [vo.logVo.LogVo.<init>] [INFO] 日志实例已初始化...
[2020-04-12 18:38:33:381] [vo.logVo.LogVo.<init>] [INFO] 日志实例已初始化...
[2020-04-12 18:38:33:381] [vo.logVo.LogVo.<init>] [INFO] 日志实例已初始化...
[2020-04-12 18:38:33:381] [vo.logVo.LogVo.<init>] [INFO] 日志实例已初始化...
[2020-04-12 18:38:33:382] [vo.logVo.LogVo.<init>] [INFO] 日志实例已初始化...
[2020-04-12 18:38:33:382] [vo.logVo.LogVo.<init>] [INFO] 日志实例已初始化...
[2020-04-12 18:38:33:383] [vo.logVo.LogVo.<init>] [INFO] 日志实例已初始化...
[2020-04-12 18:38:33:383] [vo.logVo.LogVo.<init>] [INFO] 日志实例已初始化...
[2020-04-12 18:38:33:384] [vo.logVo.LogVo.<init>] [INFO] 日志实例已初始化...
[2020-04-12 18:38:33:384] [vo.logVo.LogVo.<init>] [INFO] 日志实例已初始化...
[2020-04-12 18:38:33:385] [vo.logVo.LogVo.<init>] [INFO] 日志实例已初始化...
[2020-04-12 18:38:33:385] [vo.logVo.LogVo.<init>] [INFO] 日志实例已初始化...
[2020-04-12 18:38:33:386] [vo.logVo.LogVo.<init>] [INFO] 日志实例已初始化...
[2020-04-12 18:38:33:387] [vo.logVo.LogVo.<init>] [INFO] 日志实例已初始化...
[2020-04-12 18:38:33:388] [vo.logVo.LogVo.<init>] [INFO] 日志实例已初始化...
[2020-04-12 18:38:33:389] [vo.logVo.LogVo.<init>] [INFO] 日志实例已初始化...
[2020-04-12 18:38:33:390] [vo.logVo.LogVo.<init>] [INFO] 日志实例已初始化...
[2020-04-12 18:38:33:390] [vo.logVo.LogVo.<init>] [INFO] 日志实例已初始化...
[2020-04-12 18:38:33:391] [vo.logVo.LogVo.<init>] [INFO] 日志实例已初始化...
[2020-04-12 18:38:33:391] [vo.logVo.LogVo.<init>] [INFO] 日志实例已初始化...
[2020-04-12 18:38:33:392] [vo.logVo.LogVo.<init>] [INFO] 日志实例已初始化...
[2020-04-12 18:38:33:392] [vo.logVo.LogVo.<init>] [INFO] 日志实例已初始化...
[2020-04-12 18:38:33:392] [vo.logVo.LogVo.<init>] [INFO] 日志实例已初始化...
[2020-04-12 18:38:33:393] [vo.logVo.LogVo.<init>] [INFO] 日志实例已初始化...
[2020-04-12 18:38:33:393] [vo.logVo.LogVo.<init>] [INFO] 日志实例已初始化...
[2020-04-12 18:38:33:394] [vo.logVo.LogVo.<init>] [INFO] 日志实例已初始化...
[2020-04-12 18:38:33:394] [vo.logVo.LogVo.<init>] [INFO] 日志实例已初始化...
[2020-04-12 18:38:33:394] [vo.logVo.LogVo.<init>] [INFO] 日志实例已初始化...
[2020-04-12 18:38:33:395] [vo.logVo.LogVo.<init>] [INFO] 日志实例已初始化...
[2020-04-12 18:38:33:395] [vo.logVo.LogVo.<init>] [INFO] 日志实例已初始化...
[2020-04-12 18:38:33:395] [vo.logVo.LogVo.<init>] [INFO] 日志实例已初始化...
[2020-04-12 18:38:33:396] [vo.logVo.LogVo.<init>] [INFO] 日志实例已初始化...
[2020-04-12 18:38:33:396] [vo.logVo.LogVo.<init>] [INFO] 日志实例已初始化...
[2020-04-12 18:38:33:397] [vo.logVo.LogVo.<init>] [INFO] 日志实例已初始化...
[2020-04-12 18:38:33:398] [vo.logVo.LogVo.<init>] [INFO] 日志实例已初始化...
[2020-04-12 18:38:33:399] [vo.logVo.LogVo.<init>] [INFO] 日志实例已初始化...
[2020-04-12 18:38:33:400] [vo.logVo.LogVo.<init>] [INFO] 日志实例已初始化...
[2020-04-12 18:38:33:400] [vo.logVo.LogVo.<init>] [INFO] 日志实例已初始化...
[2020-04-12 18:38:33:401] [vo.logVo.LogVo.<init>] [INFO] 日志实例已初始化...
[2020-04-12 18:38:33:401] [vo.logVo.LogVo.<init>] [INFO] 日志实例已初始化...
[2020-04-12 18:38:33:402] [vo.logVo.LogVo.<init>] [INFO] 日志实例已初始化...
[2020-04-12 18:38:33:403] [vo.logVo.LogVo.<init>] [INFO] 日志实例已初始化...
[2020-04-12 18:38:33:404] [vo.logVo.LogVo.<init>] [INFO] 日志实例已初始化...
[2020-04-12 18:38:33:405] [vo.logVo.LogVo.<init>] [INFO] 日志实例已初始化...
[2020-04-12 18:38:33:406] [vo.logVo.LogVo.<init>] [INFO] 日志实例已初始化...
[2020-04-12 18:38:33:407] [vo.logVo.LogVo.<init>] [INFO] 日志实例已初始化...
[2020-04-12 18:38:33:408] [vo.logVo.LogVo.<init>] [INFO] 日志实例已初始化...
[2020-04-12 18:38:33:409] [vo.logVo.LogVo.<init>] [INFO] 日志实例已初始化...
[2020-04-12 18:38:33:409] [vo.logVo.LogVo.<init>] [INFO] 日志实例已初始化...
[2020-04-12 18:38:33:410] [vo.logVo.LogVo.<init>] [INFO] 日志实例已初始化...
[2020-04-12 18:38:33:410] [vo.logVo.LogVo.<init>] [INFO] 日志实例已初始化...
[2020-04-12 18:38:33:411] [vo.logVo.LogVo.<init>] [INFO] 日志实例已初始化...
[2020-04-12 18:38:33:411] [vo.logVo.LogVo.<init>] [INFO] 日志实例已初始化...
[2020-04-12 18:38:33:411] [vo.logVo.LogVo.<init>] [INFO] 日志实例已初始化...
[2020-04-12 18:38:33:412] [vo.logVo.LogVo.<init>] [INFO] 日志实例已初始化...
[2020-04-12 18:38:33:413] [vo.logVo.LogVo.<init>] [INFO] 日志实例已初始化...
[2020-04-12 18:38:33:414] [vo.logVo.LogVo.<init>] [INFO] 日志实例已初始化...
[2020-04-12 18:38:33:414] [vo.logVo.LogVo.<init>] [INFO] 日志实例已初始化...
[2020-04-12 18:38:33:415] [vo.logVo.LogVo.<init>] [INFO] 日志实例已初始化...
[2020-04-12 18:38:33:416] [vo.logVo.LogVo.<init>] [INFO] 日志实例已初始化...
[2020-04-12 18:38:33:417] [vo.logVo.LogVo.<init>] [INFO] 日志实例已初始化...
[2020-04-12 18:38:33:418] [vo.logVo.LogVo.<init>] [INFO] 日志实例已初始化...
[2020-04-12 18:38:33:419] [vo.logVo.LogVo.<init>] [INFO] 日志实例已初始化...
[2020-04-12 18:38:33:420] [vo.logVo.LogVo.<init>] [INFO] 日志实例已初始化...
[2020-04-12 18:38:33:421] [vo.logVo.LogVo.<init>] [INFO] 日志实例已初始化...
[2020-04-12 18:38:33:421] [vo.logVo.LogVo.<init>] [INFO] 日志实例已初始化...
[2020-04-12 18:38:33:422] [vo.logVo.LogVo.<init>] [INFO] 日志实例已初始化...
[2020-04-12 18:38:33:422] [vo.logVo.LogVo.<init>] [INFO] 日志实例已初始化...
[2020-04-12 18:38:33:424] [vo.logVo.LogVo.<init>] [INFO] 日志实例已初始化...
[2020-04-12 18:38:33:424] [vo.logVo.LogVo.<init>] [INFO] 日志实例已初始化...
[2020-04-12 18:38:33:425] [vo.logVo.LogVo.<init>] [INFO] 日志实例已初始化...
[2020-04-12 18:38:33:426] [vo.logVo.LogVo.<init>] [INFO] 日志实例已初始化...
[2020-04-12 18:38:33:427] [vo.logVo.LogVo.<init>] [INFO] 日志实例已初始化...
[2020-04-12 18:38:33:428] [vo.logVo.LogVo.<init>] [INFO] 日志实例已初始化...
[2020-04-12 18:38:33:429] [vo.logVo.LogVo.<init>] [INFO] 日志实例已初始化...
[2020-04-12 18:38:33:429] [vo.logVo.LogVo.<init>] [INFO] 日志实例已初始化...
[2020-04-12 18:38:33:430] [vo.logVo.LogVo.<init>] [INFO] 日志实例已初始化...
[2020-04-12 18:38:33:430] [vo.logVo.LogVo.<init>] [INFO] 日志实例已初始化...
[2020-04-12 18:38:33:432] [vo.logVo.LogVo.<init>] [INFO] 日志实例已初始化...
[2020-04-12 18:38:33:438] [vo.logVo.LogVo.<init>] [INFO] 日志实例已初始化...
[2020-04-12 18:38:33:439] [vo.logVo.LogVo.<init>] [INFO] 日志实例已初始化...
[2020-04-12 18:38:33:440] [vo.logVo.LogVo.<init>] [INFO] 日志实例已初始化...
[2020-04-12 18:38:33:441] [vo.logVo.LogVo.<init>] [INFO] 日志实例已初始化...
[2020-04-12 18:38:33:441] [vo.logVo.LogVo.<init>] [INFO] 日志实例已初始化...
[2020-04-12 18:38:33:442] [vo.logVo.LogVo.<init>] [INFO] 日志实例已初始化...
[2020-04-12 18:38:33:442] [vo.logVo.LogVo.<init>] [INFO] 日志实例已初始化...
[2020-04-12 18:38:33:443] [vo.logVo.LogVo.<init>] [INFO] 日志实例已初始化...
[2020-04-12 18:38:33:443] [vo.logVo.LogVo.<init>] [INFO] 日志实例已初始化...
[2020-04-12 18:38:33:444] [vo.logVo.LogVo.<init>] [INFO] 日志实例已初始化...
[2020-04-12 18:38:33:444] [vo.logVo.LogVo.<init>] [INFO] 日志实例已初始化...
[2020-04-12 18:38:33:445] [vo.logVo.LogVo.<init>] [INFO] 日志实例已初始化...
[2020-04-12 18:38:33:445] [vo.logVo.LogVo.<init>] [INFO] 日志实例已初始化...
[2020-04-12 18:38:33:446] [vo.logVo.LogVo.<init>] [INFO] 日志实例已初始化...
[2020-04-12 18:38:33:447] [vo.logVo.LogVo.<init>] [INFO] 日志实例已初始化...
[2020-04-12 18:38:33:448] [vo.logVo.LogVo.<init>] [INFO] 日志实例已初始化...
[2020-04-12 18:38:33:448] [vo.logVo.LogVo.<init>] [INFO] 日志实例已初始化...
[2020-04-12 18:38:33:449] [vo.logVo.LogVo.<init>] [INFO] 日志实例已初始化...
[2020-04-12 18:38:33:449] [vo.logVo.LogVo.<init>] [INFO] 日志实例已初始化...
[2020-04-12 18:38:33:450] [vo.logVo.LogVo.<init>] [INFO] 日志实例已初始化...
[2020-04-12 18:38:33:451] [vo.logVo.LogVo.<init>] [INFO] 日志实例已初始化...
[2020-04-12 18:38:33:452] [vo.logVo.LogVo.<init>] [INFO] 日志实例已初始化...
[2020-04-12 18:38:33:452] [vo.logVo.LogVo.<init>] [INFO] 日志实例已初始化...
[2020-04-12 18:38:33:453] [vo.logVo.LogVo.<init>] [INFO] 日志实例已初始化...
[2020-04-12 18:38:33:453] [vo.logVo.LogVo.<init>] [INFO] 日志实例已初始化...
[2020-04-12 18:38:33:454] [vo.logVo.LogVo.<init>] [INFO] 日志实例已初始化...
[2020-04-12 18:38:33:455] [vo.logVo.LogVo.<init>] [INFO] 日志实例已初始化...
[2020-04-12 18:38:33:455] [vo.logVo.LogVo.<init>] [INFO] 日志实例已初始化...
[2020-04-12 18:38:33:456] [vo.logVo.LogVo.<init>] [INFO] 日志实例已初始化...
[2020-04-12 18:38:33:457] [vo.logVo.LogVo.<init>] [INFO] 日志实例已初始化...
[2020-04-12 18:38:33:457] [vo.logVo.LogVo.<init>] [INFO] 日志实例已初始化...
[2020-04-12 18:38:33:458] [vo.logVo.LogVo.<init>] [INFO] 日志实例已初始化...
[2020-04-12 18:38:33:459] [vo.logVo.LogVo.<init>] [INFO] 日志实例已初始化...
[2020-04-12 18:38:33:459] [vo.logVo.LogVo.<init>] [INFO] 日志实例已初始化...
[2020-04-12 18:38:33:460] [vo.logVo.LogVo.<init>] [INFO] 日志实例已初始化...
[2020-04-12 18:38:33:461] [vo.logVo.LogVo.<init>] [INFO] 日志实例已初始化...
[2020-04-12 18:38:33:461] [vo.logVo.LogVo.<init>] [INFO] 日志实例已初始化...
[2020-04-12 18:38:33:462] [vo.logVo.LogVo.<init>] [INFO] 日志实例已初始化...
[2020-04-12 18:38:33:462] [vo.logVo.LogVo.<init>] [INFO] 日志实例已初始化...
[2020-04-12 18:38:33:463] [vo.logVo.LogVo.<init>] [INFO] 日志实例已初始化...
[2020-04-12 18:38:33:464] [vo.logVo.LogVo.<init>] [INFO] 日志实例已初始化...
[2020-04-12 18:38:33:464] [vo.logVo.LogVo.<init>] [INFO] 日志实例已初始化...
[2020-04-12 18:38:33:465] [vo.logVo.LogVo.<init>] [INFO] 日志实例已初始化...
[2020-04-12 18:38:33:465] [vo.logVo.LogVo.<init>] [INFO] 日志实例已初始化...
[2020-04-12 18:38:33:466] [vo.logVo.LogVo.<init>] [INFO] 日志实例已初始化...
[2020-04-12 18:38:33:466] [vo.logVo.LogVo.<init>] [INFO] 日志实例已初始化...
[2020-04-12 18:38:33:467] [vo.logVo.LogVo.<init>] [INFO] 日志实例已初始化...
[2020-04-12 18:38:33:468] [vo.logVo.LogVo.<init>] [INFO] 日志实例已初始化...
[2020-04-12 18:38:33:470] [vo.logVo.LogVo.<init>] [INFO] 日志实例已初始化...
[2020-04-12 18:38:33:471] [vo.logVo.LogVo.<init>] [INFO] 日志实例已初始化...
[2020-04-12 18:38:33:471] [vo.logVo.LogVo.<init>] [INFO] 日志实例已初始化...
[2020-04-12 18:38:33:472] [vo.logVo.LogVo.<init>] [INFO] 日志实例已初始化...
[2020-04-12 18:38:33:473] [vo.logVo.LogVo.<init>] [INFO] 日志实例已初始化...
[2020-04-12 18:38:33:473] [vo.logVo.LogVo.<init>] [INFO] 日志实例已初始化...
[2020-04-12 18:38:33:474] [vo.logVo.LogVo.<init>] [INFO] 日志实例已初始化...
[2020-04-12 18:38:33:474] [vo.logVo.LogVo.<init>] [INFO] 日志实例已初始化...
[2020-04-12 18:38:33:475] [vo.logVo.LogVo.<init>] [INFO] 日志实例已初始化...
[2020-04-12 18:38:33:475] [vo.logVo.LogVo.<init>] [INFO] 日志实例已初始化...
[2020-04-12 18:38:33:476] [vo.logVo.LogVo.<init>] [INFO] 日志实例已初始化...
[2020-04-12 18:38:33:476] [vo.logVo.LogVo.<init>] [INFO] 日志实例已初始化...
[2020-04-12 18:38:33:476] [vo.logVo.LogVo.<init>] [INFO] 日志实例已初始化...
[2020-04-12 18:38:33:477] [vo.logVo.LogVo.<init>] [INFO] 日志实例已初始化...
[2020-04-12 18:38:33:477] [vo.logVo.LogVo.<init>] [INFO] 日志实例已初始化...
[2020-04-12 18:38:33:477] [vo.logVo.LogVo.<init>] [INFO] 日志实例已初始化...
[2020-04-12 18:38:33:479] [vo.logVo.LogVo.<init>] [INFO] 日志实例已初始化...
[2020-04-12 18:38:33:480] [vo.logVo.LogVo.<init>] [INFO] 日志实例已初始化...
[2020-04-12 18:38:33:482] [vo.logVo.LogVo.<init>] [INFO] 日志实例已初始化...
[2020-04-12 18:38:33:483] [vo.logVo.LogVo.<init>] [INFO] 日志实例已初始化...
[2020-04-12 18:38:33:483] [vo.logVo.LogVo.<init>] [INFO] 日志实例已初始化...
[2020-04-12 18:38:33:484] [vo.logVo.LogVo.<init>] [INFO] 日志实例已初始化...
[2020-04-12 18:38:33:485] [vo.logVo.LogVo.<init>] [INFO] 日志实例已初始化...
[2020-04-12 18:38:33:485] [vo.logVo.LogVo.<init>] [INFO] 日志实例已初始化...
[2020-04-12 18:38:33:486] [vo.logVo.LogVo.<init>] [INFO] 日志实例已初始化...
[2020-04-12 18:38:33:486] [vo.logVo.LogVo.<init>] [INFO] 日志实例已初始化...
[2020-04-12 18:38:33:487] [vo.logVo.LogVo.<init>] [INFO] 日志实例已初始化...
[2020-04-12 18:38:33:487] [vo.logVo.LogVo.<init>] [INFO] 日志实例已初始化...
[2020-04-12 18:38:33:488] [vo.logVo.LogVo.<init>] [INFO] 日志实例已初始化...
[2020-04-12 18:38:33:489] [vo.logVo.LogVo.<init>] [INFO] 日志实例已初始化...
[2020-04-12 18:38:33:489] [vo.logVo.LogVo.<init>] [INFO] 日志实例已初始化...
[2020-04-12 18:38:33:490] [vo.logVo.LogVo.<init>] [INFO] 日志实例已初始化...
[2020-04-12 18:38:33:490] [vo.logVo.LogVo.<init>] [INFO] 日志实例已初始化...
[2020-04-12 18:38:33:491] [vo.logVo.LogVo.<init>] [INFO] 日志实例已初始化...
[2020-04-12 18:38:33:491] [vo.logVo.LogVo.<init>] [INFO] 日志实例已初始化...
[2020-04-12 18:38:33:491] [vo.logVo.LogVo.<init>] [INFO] 日志实例已初始化...
[2020-04-12 18:38:33:492] [vo.logVo.LogVo.<init>] [INFO] 日志实例已初始化...
[2020-04-12 18:38:33:492] [vo.logVo.LogVo.<init>] [INFO] 日志实例已初始化...
[2020-04-12 18:38:33:493] [vo.logVo.LogVo.<init>] [INFO] 日志实例已初始化...
[2020-04-12 18:38:33:493] [vo.logVo.LogVo.<init>] [INFO] 日志实例已初始化...
[2020-04-12 18:38:33:493] [vo.logVo.LogVo.<init>] [INFO] 日志实例已初始化...
[2020-04-12 18:38:33:493] [vo.logVo.LogVo.<init>] [INFO] 日志实例已初始化...
[2020-04-12 18:38:33:494] [vo.logVo.LogVo.<init>] [INFO] 日志实例已初始化...
[2020-04-12 18:38:33:494] [vo.logVo.LogVo.<init>] [INFO] 日志实例已初始化...
[2020-04-12 18:38:33:494] [vo.logVo.LogVo.<init>] [INFO] 日志实例已初始化...
[2020-04-12 18:38:33:495] [vo.logVo.LogVo.<init>] [INFO] 日志实例已初始化...
[2020-04-12 18:38:33:495] [vo.logVo.LogVo.<init>] [INFO] 日志实例已初始化...
[2020-04-12 18:38:33:495] [vo.logVo.LogVo.<init>] [INFO] 日志实例已初始化...
[2020-04-12 18:38:33:496] [vo.logVo.LogVo.<init>] [INFO] 日志实例已初始化...
[2020-04-12 18:38:33:497] [vo.logVo.LogVo.<init>] [INFO] 日志实例已初始化...
[2020-04-12 18:38:33:498] [vo.logVo.LogVo.<init>] [INFO] 日志实例已初始化...
[2020-04-12 18:38:33:498] [vo.logVo.LogVo.<init>] [INFO] 日志实例已初始化...
[2020-04-12 18:38:33:499] [vo.logVo.LogVo.<init>] [INFO] 日志实例已初始化...
[2020-04-12 18:38:33:499] [vo.logVo.LogVo.<init>] [INFO] 日志实例已初始化...
[2020-04-12 18:38:33:500] [vo.logVo.LogVo.<init>] [INFO] 日志实例已初始化...
[2020-04-12 18:38:33:501] [vo.logVo.LogVo.<init>] [INFO] 日志实例已初始化...
[2020-04-12 18:38:33:502] [vo.logVo.LogVo.<init>] [INFO] 日志实例已初始化...
[2020-04-12 18:38:33:503] [vo.logVo.LogVo.<init>] [INFO] 日志实例已初始化...
[2020-04-12 18:38:33:505] [vo.logVo.LogVo.<init>] [INFO] 日志实例已初始化...
[2020-04-12 18:38:33:506] [vo.logVo.LogVo.<init>] [INFO] 日志实例已初始化...
[2020-04-12 18:38:33:506] [vo.logVo.LogVo.<init>] [INFO] 日志实例已初始化...
[2020-04-12 18:38:33:507] [vo.logVo.LogVo.<init>] [INFO] 日志实例已初始化...
[2020-04-12 18:38:33:507] [vo.logVo.LogVo.<init>] [INFO] 日志实例已初始化...
[2020-04-12 18:38:33:508] [vo.logVo.LogVo.<init>] [INFO] 日志实例已初始化...
[2020-04-12 18:38:33:508] [vo.logVo.LogVo.<init>] [INFO] 日志实例已初始化...
[2020-04-12 18:38:33:509] [vo.logVo.LogVo.<init>] [INFO] 日志实例已初始化...
[2020-04-12 18:38:33:509] [vo.logVo.LogVo.<init>] [INFO] 日志实例已初始化...
[2020-04-12 18:38:33:510] [vo.logVo.LogVo.<init>] [INFO] 日志实例已初始化...
[2020-04-12 18:38:33:510] [vo.logVo.LogVo.<init>] [INFO] 日志实例已初始化...
[2020-04-12 18:38:33:511] [vo.logVo.LogVo.<init>] [INFO] 日志实例已初始化...
[2020-04-12 18:38:33:512] [vo.logVo.LogVo.<init>] [INFO] 日志实例已初始化...
[2020-04-12 18:38:33:513] [vo.logVo.LogVo.<init>] [INFO] 日志实例已初始化...
[2020-04-12 18:38:33:513] [vo.logVo.LogVo.<init>] [INFO] 日志实例已初始化...
[2020-04-12 18:38:33:514] [vo.logVo.LogVo.<init>] [INFO] 日志实例已初始化...
[2020-04-12 18:38:33:515] [vo.logVo.LogVo.<init>] [INFO] 日志实例已初始化...
[2020-04-12 18:38:33:516] [vo.logVo.LogVo.<init>] [INFO] 日志实例已初始化...
[2020-04-12 18:38:33:516] [vo.logVo.LogVo.<init>] [INFO] 日志实例已初始化...
[2020-04-12 18:38:33:517] [vo.logVo.LogVo.<init>] [INFO] 日志实例已初始化...
[2020-04-12 18:38:33:518] [vo.logVo.LogVo.<init>] [INFO] 日志实例已初始化...
[2020-04-12 18:38:33:518] [vo.logVo.LogVo.<init>] [INFO] 日志实例已初始化...
[2020-04-12 18:38:33:520] [vo.logVo.LogVo.<init>] [INFO] 日志实例已初始化...
[2020-04-12 18:38:33:522] [vo.logVo.LogVo.<init>] [INFO] 日志实例已初始化...
[2020-04-12 18:38:33:523] [vo.logVo.LogVo.<init>] [INFO] 日志实例已初始化...
[2020-04-12 18:38:33:523] [vo.logVo.LogVo.<init>] [INFO] 日志实例已初始化...
[2020-04-12 18:38:33:524] [vo.logVo.LogVo.<init>] [INFO] 日志实例已初始化...
[2020-04-12 18:38:33:524] [vo.logVo.LogVo.<init>] [INFO] 日志实例已初始化...
[2020-04-12 18:38:33:524] [vo.logVo.LogVo.<init>] [INFO] 日志实例已初始化...
[2020-04-12 18:38:33:525] [vo.logVo.LogVo.<init>] [INFO] 日志实例已初始化...
[2020-04-12 18:38:33:525] [vo.logVo.LogVo.<init>] [INFO] 日志实例已初始化...
[2020-04-12 18:38:33:525] [vo.logVo.LogVo.<init>] [INFO] 日志实例已初始化...
[2020-04-12 18:38:33:526] [vo.logVo.LogVo.<init>] [INFO] 日志实例已初始化...
[2020-04-12 18:38:33:526] [vo.logVo.LogVo.<init>] [INFO] 日志实例已初始化...
[2020-04-12 18:38:33:527] [vo.logVo.LogVo.<init>] [INFO] 日志实例已初始化...
[2020-04-12 18:38:33:527] [vo.logVo.LogVo.<init>] [INFO] 日志实例已初始化...
[2020-04-12 18:38:33:527] [vo.logVo.LogVo.<init>] [INFO] 日志实例已初始化...
[2020-04-12 18:38:33:528] [vo.logVo.LogVo.<init>] [INFO] 日志实例已初始化...
[2020-04-12 18:38:33:529] [vo.logVo.LogVo.<init>] [INFO] 日志实例已初始化...
[2020-04-12 18:38:33:530] [vo.logVo.LogVo.<init>] [INFO] 日志实例已初始化...
[2020-04-12 18:38:33:530] [vo.logVo.LogVo.<init>] [INFO] 日志实例已初始化...
[2020-04-12 18:38:33:531] [vo.logVo.LogVo.<init>] [INFO] 日志实例已初始化...
[2020-04-12 18:38:33:531] [vo.logVo.LogVo.<init>] [INFO] 日志实例已初始化...
[2020-04-12 18:38:33:532] [vo.logVo.LogVo.<init>] [INFO] 日志实例已初始化...
[2020-04-12 18:38:33:532] [vo.logVo.LogVo.<init>] [INFO] 日志实例已初始化...
[2020-04-12 18:38:33:532] [vo.logVo.LogVo.<init>] [INFO] 日志实例已初始化...
[2020-04-12 18:38:33:533] [vo.logVo.LogVo.<init>] [INFO] 日志实例已初始化...
[2020-04-12 18:38:33:533] [vo.logVo.LogVo.<init>] [INFO] 日志实例已初始化...
[2020-04-12 18:38:33:533] [vo.logVo.LogVo.<init>] [INFO] 日志实例已初始化...
[2020-04-12 18:38:33:534] [vo.logVo.LogVo.<init>] [INFO] 日志实例已初始化...
[2020-04-12 18:38:33:534] [vo.logVo.LogVo.<init>] [INFO] 日志实例已初始化...
[2020-04-12 18:38:33:534] [vo.logVo.LogVo.<init>] [INFO] 日志实例已初始化...
[2020-04-12 18:38:33:535] [vo.logVo.LogVo.<init>] [INFO] 日志实例已初始化...
[2020-04-12 18:38:33:535] [vo.logVo.LogVo.<init>] [INFO] 日志实例已初始化...
[2020-04-12 18:38:33:535] [vo.logVo.LogVo.<init>] [INFO] 日志实例已初始化...
[2020-04-12 18:38:33:535] [vo.logVo.LogVo.<init>] [INFO] 日志实例已初始化...
[2020-04-12 18:38:33:537] [vo.logVo.LogVo.<init>] [INFO] 日志实例已初始化...
[2020-04-12 18:38:33:538] [vo.logVo.LogVo.<init>] [INFO] 日志实例已初始化...
[2020-04-12 18:38:33:538] [vo.logVo.LogVo.<init>] [INFO] 日志实例已初始化...
[2020-04-12 18:38:33:538] [vo.logVo.LogVo.<init>] [INFO] 日志实例已初始化...
[2020-04-12 18:38:33:540] [vo.logVo.LogVo.<init>] [INFO] 日志实例已初始化...
[2020-04-12 18:38:33:544] [vo.logVo.LogVo.<init>] [INFO] 日志实例已初始化...
[2020-04-12 18:38:33:545] [vo.logVo.LogVo.<init>] [INFO] 日志实例已初始化...
[2020-04-12 18:38:33:546] [vo.logVo.LogVo.<init>] [INFO] 日志实例已初始化...
[2020-04-12 18:38:33:546] [vo.logVo.LogVo.<init>] [INFO] 日志实例已初始化...
[2020-04-12 18:38:33:546] [vo.logVo.LogVo.<init>] [INFO] 日志实例已初始化...
[2020-04-12 18:38:33:547] [vo.logVo.LogVo.<init>] [INFO] 日志实例已初始化...
[2020-04-12 18:38:33:547] [vo.logVo.LogVo.<init>] [INFO] 日志实例已初始化...
[2020-04-12 18:38:33:548] [vo.logVo.LogVo.<init>] [INFO] 日志实例已初始化...
[2020-04-12 18:38:33:548] [vo.logVo.LogVo.<init>] [INFO] 日志实例已初始化...
[2020-04-12 18:38:33:549] [vo.logVo.LogVo.<init>] [INFO] 日志实例已初始化...
[2020-04-12 18:38:33:549] [vo.logVo.LogVo.<init>] [INFO] 日志实例已初始化...
[2020-04-12 18:38:33:550] [vo.logVo.LogVo.<init>] [INFO] 日志实例已初始化...
[2020-04-12 18:38:33:550] [vo.logVo.LogVo.<init>] [INFO] 日志实例已初始化...
[2020-04-12 18:38:33:551] [vo.logVo.LogVo.<init>] [INFO] 日志实例已初始化...
[2020-04-12 18:38:33:551] [vo.logVo.LogVo.<init>] [INFO] 日志实例已初始化...
[2020-04-12 18:38:33:551] [vo.logVo.LogVo.<init>] [INFO] 日志实例已初始化...
[2020-04-12 18:38:33:552] [vo.logVo.LogVo.<init>] [INFO] 日志实例已初始化...
[2020-04-12 18:38:33:552] [vo.logVo.LogVo.<init>] [INFO] 日志实例已初始化...
[2020-04-12 18:38:33:554] [vo.logVo.LogVo.<init>] [INFO] 日志实例已初始化...
[2020-04-12 18:38:33:555] [vo.logVo.LogVo.<init>] [INFO] 日志实例已初始化...
[2020-04-12 18:38:33:556] [vo.logVo.LogVo.<init>] [INFO] 日志实例已初始化...
[2020-04-12 18:38:33:556] [vo.logVo.LogVo.<init>] [INFO] 日志实例已初始化...
[2020-04-12 18:38:33:556] [vo.logVo.LogVo.<init>] [INFO] 日志实例已初始化...
[2020-04-12 18:38:33:558] [vo.logVo.LogVo.<init>] [INFO] 日志实例已初始化...
[2020-04-12 18:38:33:559] [vo.logVo.LogVo.<init>] [INFO] 日志实例已初始化...
[2020-04-12 18:38:33:560] [vo.logVo.LogVo.<init>] [INFO] 日志实例已初始化...
[2020-04-12 18:38:33:561] [vo.logVo.LogVo.<init>] [INFO] 日志实例已初始化...
[2020-04-12 18:38:33:562] [vo.logVo.LogVo.<init>] [INFO] 日志实例已初始化...
[2020-04-12 18:38:33:562] [vo.logVo.LogVo.<init>] [INFO] 日志实例已初始化...
[2020-04-12 18:38:33:563] [vo.logVo.LogVo.<init>] [INFO] 日志实例已初始化...
[2020-04-12 18:38:33:563] [vo.logVo.LogVo.<init>] [INFO] 日志实例已初始化...
[2020-04-12 18:38:33:564] [vo.logVo.LogVo.<init>] [INFO] 日志实例已初始化...
[2020-04-12 18:38:33:565] [vo.logVo.LogVo.<init>] [INFO] 日志实例已初始化...
[2020-04-12 18:38:33:566] [vo.logVo.LogVo.<init>] [INFO] 日志实例已初始化...
[2020-04-12 18:38:33:566] [vo.logVo.LogVo.<init>] [INFO] 日志实例已初始化...
[2020-04-12 18:38:33:566] [vo.logVo.LogVo.<init>] [INFO] 日志实例已初始化...
[2020-04-12 18:38:33:567] [vo.logVo.LogVo.<init>] [INFO] 日志实例已初始化...
[2020-04-12 18:38:33:567] [vo.logVo.LogVo.<init>] [INFO] 日志实例已初始化...
[2020-04-12 18:38:33:567] [vo.logVo.LogVo.<init>] [INFO] 日志实例已初始化...
[2020-04-12 18:38:33:568] [vo.logVo.LogVo.<init>] [INFO] 日志实例已初始化...
[2020-04-12 18:38:33:570] [vo.logVo.LogVo.<init>] [INFO] 日志实例已初始化...
[2020-04-12 18:38:33:570] [vo.logVo.LogVo.<init>] [INFO] 日志实例已初始化...
[2020-04-12 18:38:33:572] [vo.logVo.LogVo.<init>] [INFO] 日志实例已初始化...
[2020-04-12 18:38:33:573] [vo.logVo.LogVo.<init>] [INFO] 日志实例已初始化...
[2020-04-12 18:38:33:574] [vo.logVo.LogVo.<init>] [INFO] 日志实例已初始化...
[2020-04-12 18:38:33:575] [vo.logVo.LogVo.<init>] [INFO] 日志实例已初始化...
[2020-04-12 18:38:33:577] [vo.logVo.LogVo.<init>] [INFO] 日志实例已初始化...
[2020-04-12 18:38:33:577] [vo.logVo.LogVo.<init>] [INFO] 日志实例已初始化...
[2020-04-12 18:38:33:578] [vo.logVo.LogVo.<init>] [INFO] 日志实例已初始化...
[2020-04-12 18:38:33:579] [vo.logVo.LogVo.<init>] [INFO] 日志实例已初始化...
[2020-04-12 18:38:33:579] [vo.logVo.LogVo.<init>] [INFO] 日志实例已初始化...
[2020-04-12 18:38:33:580] [vo.logVo.LogVo.<init>] [INFO] 日志实例已初始化...
[2020-04-12 18:38:33:580] [vo.logVo.LogVo.<init>] [INFO] 日志实例已初始化...
[2020-04-12 18:38:33:581] [vo.logVo.LogVo.<init>] [INFO] 日志实例已初始化...
[2020-04-12 18:38:33:581] [vo.logVo.LogVo.<init>] [INFO] 日志实例已初始化...
[2020-04-12 18:38:33:583] [vo.logVo.LogVo.<init>] [INFO] 日志实例已初始化...
[2020-04-12 18:38:33:584] [vo.logVo.LogVo.<init>] [INFO] 日志实例已初始化...
[2020-04-12 18:38:33:585] [vo.logVo.LogVo.<init>] [INFO] 日志实例已初始化...
[2020-04-12 18:38:33:587] [vo.logVo.LogVo.<init>] [INFO] 日志实例已初始化...
[2020-04-12 18:38:33:588] [vo.logVo.LogVo.<init>] [INFO] 日志实例已初始化...
[2020-04-12 18:38:33:589] [vo.logVo.LogVo.<init>] [INFO] 日志实例已初始化...
[2020-04-12 18:38:33:589] [vo.logVo.LogVo.<init>] [INFO] 日志实例已初始化...
[2020-04-12 18:38:33:590] [vo.logVo.LogVo.<init>] [INFO] 日志实例已初始化...
[2020-04-12 18:38:33:590] [vo.logVo.LogVo.<init>] [INFO] 日志实例已初始化...
[2020-04-12 18:38:33:591] [vo.logVo.LogVo.<init>] [INFO] 日志实例已初始化...
[2020-04-12 18:38:33:591] [vo.logVo.LogVo.<init>] [INFO] 日志实例已初始化...
[2020-04-12 18:38:33:591] [vo.logVo.LogVo.<init>] [INFO] 日志实例已初始化...
[2020-04-12 18:38:33:615] [vo.logVo.LogVo.<init>] [INFO] 日志实例已初始化...
[2020-04-12 18:38:33:623] [vo.logVo.LogVo.<init>] [INFO] 日志实例已初始化...
[2020-04-12 18:38:33:797] [action.userAction.LoginAction.execute] [INFO] 该用户已登录，请稍后再试！
[2020-04-12 18:38:47:666] [vo.logVo.LogVo.<init>] [INFO] 日志实例已初始化...
[2020-04-12 18:38:47:667] [vo.logVo.LogVo.<init>] [INFO] 日志实例已初始化...
[2020-04-12 18:38:47:668] [vo.logVo.LogVo.<init>] [INFO] 日志实例已初始化...
[2020-04-12 18:38:47:668] [vo.logVo.LogVo.<init>] [INFO] 日志实例已初始化...
[2020-04-12 18:38:47:669] [vo.logVo.LogVo.<init>] [INFO] 日志实例已初始化...
[2020-04-12 18:38:47:669] [vo.logVo.LogVo.<init>] [INFO] 日志实例已初始化...
[2020-04-12 18:38:47:670] [vo.logVo.LogVo.<init>] [INFO] 日志实例已初始化...
[2020-04-12 18:38:47:670] [vo.logVo.LogVo.<init>] [INFO] 日志实例已初始化...
[2020-04-12 18:38:47:671] [vo.logVo.LogVo.<init>] [INFO] 日志实例已初始化...
[2020-04-12 18:38:47:671] [vo.logVo.LogVo.<init>] [INFO] 日志实例已初始化...
[2020-04-12 18:38:47:672] [vo.logVo.LogVo.<init>] [INFO] 日志实例已初始化...
[2020-04-12 18:38:47:673] [vo.logVo.LogVo.<init>] [INFO] 日志实例已初始化...
[2020-04-12 18:38:47:673] [vo.logVo.LogVo.<init>] [INFO] 日志实例已初始化...
[2020-04-12 18:38:47:673] [vo.logVo.LogVo.<init>] [INFO] 日志实例已初始化...
[2020-04-12 18:38:47:674] [vo.logVo.LogVo.<init>] [INFO] 日志实例已初始化...
[2020-04-12 18:38:47:674] [vo.logVo.LogVo.<init>] [INFO] 日志实例已初始化...
[2020-04-12 18:38:47:675] [vo.logVo.LogVo.<init>] [INFO] 日志实例已初始化...
[2020-04-12 18:38:47:675] [vo.logVo.LogVo.<init>] [INFO] 日志实例已初始化...
[2020-04-12 18:38:47:675] [vo.logVo.LogVo.<init>] [INFO] 日志实例已初始化...
[2020-04-12 18:38:47:676] [vo.logVo.LogVo.<init>] [INFO] 日志实例已初始化...
[2020-04-12 18:38:47:676] [vo.logVo.LogVo.<init>] [INFO] 日志实例已初始化...
[2020-04-12 18:38:47:677] [vo.logVo.LogVo.<init>] [INFO] 日志实例已初始化...
[2020-04-12 18:38:47:677] [vo.logVo.LogVo.<init>] [INFO] 日志实例已初始化...
[2020-04-12 18:38:47:677] [vo.logVo.LogVo.<init>] [INFO] 日志实例已初始化...
[2020-04-12 18:38:47:678] [vo.logVo.LogVo.<init>] [INFO] 日志实例已初始化...
[2020-04-12 18:38:47:678] [vo.logVo.LogVo.<init>] [INFO] 日志实例已初始化...
[2020-04-12 18:38:47:678] [vo.logVo.LogVo.<init>] [INFO] 日志实例已初始化...
[2020-04-12 18:38:47:679] [vo.logVo.LogVo.<init>] [INFO] 日志实例已初始化...
[2020-04-12 18:38:47:686] [vo.logVo.LogVo.<init>] [INFO] 日志实例已初始化...
[2020-04-12 18:38:47:686] [vo.logVo.LogVo.<init>] [INFO] 日志实例已初始化...
[2020-04-12 18:38:47:687] [vo.logVo.LogVo.<init>] [INFO] 日志实例已初始化...
[2020-04-12 18:38:47:687] [vo.logVo.LogVo.<init>] [INFO] 日志实例已初始化...
[2020-04-12 18:38:47:688] [vo.logVo.LogVo.<init>] [INFO] 日志实例已初始化...
[2020-04-12 18:38:47:688] [vo.logVo.LogVo.<init>] [INFO] 日志实例已初始化...
[2020-04-12 18:38:47:689] [vo.logVo.LogVo.<init>] [INFO] 日志实例已初始化...
[2020-04-12 18:38:47:689] [vo.logVo.LogVo.<init>] [INFO] 日志实例已初始化...
[2020-04-12 18:38:47:690] [vo.logVo.LogVo.<init>] [INFO] 日志实例已初始化...
[2020-04-12 18:38:47:690] [vo.logVo.LogVo.<init>] [INFO] 日志实例已初始化...
[2020-04-12 18:38:47:691] [vo.logVo.LogVo.<init>] [INFO] 日志实例已初始化...
[2020-04-12 18:38:47:691] [vo.logVo.LogVo.<init>] [INFO] 日志实例已初始化...
[2020-04-12 18:38:47:692] [vo.logVo.LogVo.<init>] [INFO] 日志实例已初始化...
[2020-04-12 18:38:47:692] [vo.logVo.LogVo.<init>] [INFO] 日志实例已初始化...
[2020-04-12 18:38:47:693] [vo.logVo.LogVo.<init>] [INFO] 日志实例已初始化...
[2020-04-12 18:38:47:693] [vo.logVo.LogVo.<init>] [INFO] 日志实例已初始化...
[2020-04-12 18:38:47:694] [vo.logVo.LogVo.<init>] [INFO] 日志实例已初始化...
[2020-04-12 18:38:47:694] [vo.logVo.LogVo.<init>] [INFO] 日志实例已初始化...
[2020-04-12 18:38:47:694] [vo.logVo.LogVo.<init>] [INFO] 日志实例已初始化...
[2020-04-12 18:38:47:694] [vo.logVo.LogVo.<init>] [INFO] 日志实例已初始化...
[2020-04-12 18:38:47:695] [vo.logVo.LogVo.<init>] [INFO] 日志实例已初始化...
[2020-04-12 18:38:47:695] [vo.logVo.LogVo.<init>] [INFO] 日志实例已初始化...
[2020-04-12 18:38:47:695] [vo.logVo.LogVo.<init>] [INFO] 日志实例已初始化...
[2020-04-12 18:38:47:696] [vo.logVo.LogVo.<init>] [INFO] 日志实例已初始化...
[2020-04-12 18:38:47:696] [vo.logVo.LogVo.<init>] [INFO] 日志实例已初始化...
[2020-04-12 18:38:47:696] [vo.logVo.LogVo.<init>] [INFO] 日志实例已初始化...
[2020-04-12 18:38:47:697] [vo.logVo.LogVo.<init>] [INFO] 日志实例已初始化...
[2020-04-12 18:38:47:697] [vo.logVo.LogVo.<init>] [INFO] 日志实例已初始化...
[2020-04-12 18:38:47:697] [vo.logVo.LogVo.<init>] [INFO] 日志实例已初始化...
[2020-04-12 18:38:47:697] [vo.logVo.LogVo.<init>] [INFO] 日志实例已初始化...
[2020-04-12 18:38:47:698] [vo.logVo.LogVo.<init>] [INFO] 日志实例已初始化...
[2020-04-12 18:38:47:698] [vo.logVo.LogVo.<init>] [INFO] 日志实例已初始化...
[2020-04-12 18:38:47:698] [vo.logVo.LogVo.<init>] [INFO] 日志实例已初始化...
[2020-04-12 18:38:47:698] [vo.logVo.LogVo.<init>] [INFO] 日志实例已初始化...
[2020-04-12 18:38:47:699] [vo.logVo.LogVo.<init>] [INFO] 日志实例已初始化...
[2020-04-12 18:38:47:699] [vo.logVo.LogVo.<init>] [INFO] 日志实例已初始化...
[2020-04-12 18:38:47:699] [vo.logVo.LogVo.<init>] [INFO] 日志实例已初始化...
[2020-04-12 18:38:47:700] [vo.logVo.LogVo.<init>] [INFO] 日志实例已初始化...
[2020-04-12 18:38:47:700] [vo.logVo.LogVo.<init>] [INFO] 日志实例已初始化...
[2020-04-12 18:38:47:701] [vo.logVo.LogVo.<init>] [INFO] 日志实例已初始化...
[2020-04-12 18:38:47:701] [vo.logVo.LogVo.<init>] [INFO] 日志实例已初始化...
[2020-04-12 18:38:47:701] [vo.logVo.LogVo.<init>] [INFO] 日志实例已初始化...
[2020-04-12 18:38:47:702] [vo.logVo.LogVo.<init>] [INFO] 日志实例已初始化...
[2020-04-12 18:38:47:703] [vo.logVo.LogVo.<init>] [INFO] 日志实例已初始化...
[2020-04-12 18:38:47:703] [vo.logVo.LogVo.<init>] [INFO] 日志实例已初始化...
[2020-04-12 18:38:47:704] [vo.logVo.LogVo.<init>] [INFO] 日志实例已初始化...
[2020-04-12 18:38:47:705] [vo.logVo.LogVo.<init>] [INFO] 日志实例已初始化...
[2020-04-12 18:38:47:705] [vo.logVo.LogVo.<init>] [INFO] 日志实例已初始化...
[2020-04-12 18:38:47:705] [vo.logVo.LogVo.<init>] [INFO] 日志实例已初始化...
[2020-04-12 18:38:47:706] [vo.logVo.LogVo.<init>] [INFO] 日志实例已初始化...
[2020-04-12 18:38:47:707] [vo.logVo.LogVo.<init>] [INFO] 日志实例已初始化...
[2020-04-12 18:38:47:707] [vo.logVo.LogVo.<init>] [INFO] 日志实例已初始化...
[2020-04-12 18:38:47:707] [vo.logVo.LogVo.<init>] [INFO] 日志实例已初始化...
[2020-04-12 18:38:47:708] [vo.logVo.LogVo.<init>] [INFO] 日志实例已初始化...
[2020-04-12 18:38:47:708] [vo.logVo.LogVo.<init>] [INFO] 日志实例已初始化...
[2020-04-12 18:38:47:708] [vo.logVo.LogVo.<init>] [INFO] 日志实例已初始化...
[2020-04-12 18:38:47:709] [vo.logVo.LogVo.<init>] [INFO] 日志实例已初始化...
[2020-04-12 18:38:47:709] [vo.logVo.LogVo.<init>] [INFO] 日志实例已初始化...
[2020-04-12 18:38:47:710] [vo.logVo.LogVo.<init>] [INFO] 日志实例已初始化...
[2020-04-12 18:38:47:710] [vo.logVo.LogVo.<init>] [INFO] 日志实例已初始化...
[2020-04-12 18:38:47:710] [vo.logVo.LogVo.<init>] [INFO] 日志实例已初始化...
[2020-04-12 18:38:47:711] [vo.logVo.LogVo.<init>] [INFO] 日志实例已初始化...
[2020-04-12 18:38:47:711] [vo.logVo.LogVo.<init>] [INFO] 日志实例已初始化...
[2020-04-12 18:38:47:711] [vo.logVo.LogVo.<init>] [INFO] 日志实例已初始化...
[2020-04-12 18:38:47:712] [vo.logVo.LogVo.<init>] [INFO] 日志实例已初始化...
[2020-04-12 18:38:47:712] [vo.logVo.LogVo.<init>] [INFO] 日志实例已初始化...
[2020-04-12 18:38:47:712] [vo.logVo.LogVo.<init>] [INFO] 日志实例已初始化...
[2020-04-12 18:38:47:712] [vo.logVo.LogVo.<init>] [INFO] 日志实例已初始化...
[2020-04-12 18:38:47:713] [vo.logVo.LogVo.<init>] [INFO] 日志实例已初始化...
[2020-04-12 18:38:47:713] [vo.logVo.LogVo.<init>] [INFO] 日志实例已初始化...
[2020-04-12 18:38:47:714] [vo.logVo.LogVo.<init>] [INFO] 日志实例已初始化...
[2020-04-12 18:38:47:714] [vo.logVo.LogVo.<init>] [INFO] 日志实例已初始化...
[2020-04-12 18:38:47:715] [vo.logVo.LogVo.<init>] [INFO] 日志实例已初始化...
[2020-04-12 18:38:47:715] [vo.logVo.LogVo.<init>] [INFO] 日志实例已初始化...
[2020-04-12 18:38:47:716] [vo.logVo.LogVo.<init>] [INFO] 日志实例已初始化...
[2020-04-12 18:38:47:716] [vo.logVo.LogVo.<init>] [INFO] 日志实例已初始化...
[2020-04-12 18:38:47:716] [vo.logVo.LogVo.<init>] [INFO] 日志实例已初始化...
[2020-04-12 18:38:47:717] [vo.logVo.LogVo.<init>] [INFO] 日志实例已初始化...
[2020-04-12 18:38:47:717] [vo.logVo.LogVo.<init>] [INFO] 日志实例已初始化...
[2020-04-12 18:38:47:718] [vo.logVo.LogVo.<init>] [INFO] 日志实例已初始化...
[2020-04-12 18:38:47:718] [vo.logVo.LogVo.<init>] [INFO] 日志实例已初始化...
[2020-04-12 18:38:47:718] [vo.logVo.LogVo.<init>] [INFO] 日志实例已初始化...
[2020-04-12 18:38:47:719] [vo.logVo.LogVo.<init>] [INFO] 日志实例已初始化...
[2020-04-12 18:38:47:719] [vo.logVo.LogVo.<init>] [INFO] 日志实例已初始化...
[2020-04-12 18:38:47:720] [vo.logVo.LogVo.<init>] [INFO] 日志实例已初始化...
[2020-04-12 18:38:47:720] [vo.logVo.LogVo.<init>] [INFO] 日志实例已初始化...
[2020-04-12 18:38:47:721] [vo.logVo.LogVo.<init>] [INFO] 日志实例已初始化...
[2020-04-12 18:38:47:721] [vo.logVo.LogVo.<init>] [INFO] 日志实例已初始化...
[2020-04-12 18:38:47:721] [vo.logVo.LogVo.<init>] [INFO] 日志实例已初始化...
[2020-04-12 18:38:47:722] [vo.logVo.LogVo.<init>] [INFO] 日志实例已初始化...
[2020-04-12 18:38:47:722] [vo.logVo.LogVo.<init>] [INFO] 日志实例已初始化...
[2020-04-12 18:38:47:723] [vo.logVo.LogVo.<init>] [INFO] 日志实例已初始化...
[2020-04-12 18:38:47:723] [vo.logVo.LogVo.<init>] [INFO] 日志实例已初始化...
[2020-04-12 18:38:47:723] [vo.logVo.LogVo.<init>] [INFO] 日志实例已初始化...
[2020-04-12 18:38:47:723] [vo.logVo.LogVo.<init>] [INFO] 日志实例已初始化...
[2020-04-12 18:38:47:724] [vo.logVo.LogVo.<init>] [INFO] 日志实例已初始化...
[2020-04-12 18:38:47:724] [vo.logVo.LogVo.<init>] [INFO] 日志实例已初始化...
[2020-04-12 18:38:47:724] [vo.logVo.LogVo.<init>] [INFO] 日志实例已初始化...
[2020-04-12 18:38:47:725] [vo.logVo.LogVo.<init>] [INFO] 日志实例已初始化...
[2020-04-12 18:38:47:725] [vo.logVo.LogVo.<init>] [INFO] 日志实例已初始化...
[2020-04-12 18:38:47:725] [vo.logVo.LogVo.<init>] [INFO] 日志实例已初始化...
[2020-04-12 18:38:47:726] [vo.logVo.LogVo.<init>] [INFO] 日志实例已初始化...
[2020-04-12 18:38:47:726] [vo.logVo.LogVo.<init>] [INFO] 日志实例已初始化...
[2020-04-12 18:38:47:726] [vo.logVo.LogVo.<init>] [INFO] 日志实例已初始化...
[2020-04-12 18:38:47:726] [vo.logVo.LogVo.<init>] [INFO] 日志实例已初始化...
[2020-04-12 18:38:47:727] [vo.logVo.LogVo.<init>] [INFO] 日志实例已初始化...
[2020-04-12 18:38:47:727] [vo.logVo.LogVo.<init>] [INFO] 日志实例已初始化...
[2020-04-12 18:38:47:727] [vo.logVo.LogVo.<init>] [INFO] 日志实例已初始化...
[2020-04-12 18:38:47:728] [vo.logVo.LogVo.<init>] [INFO] 日志实例已初始化...
[2020-04-12 18:38:47:728] [vo.logVo.LogVo.<init>] [INFO] 日志实例已初始化...
[2020-04-12 18:38:47:728] [vo.logVo.LogVo.<init>] [INFO] 日志实例已初始化...
[2020-04-12 18:38:47:728] [vo.logVo.LogVo.<init>] [INFO] 日志实例已初始化...
[2020-04-12 18:38:47:729] [vo.logVo.LogVo.<init>] [INFO] 日志实例已初始化...
[2020-04-12 18:38:47:729] [vo.logVo.LogVo.<init>] [INFO] 日志实例已初始化...
[2020-04-12 18:38:47:729] [vo.logVo.LogVo.<init>] [INFO] 日志实例已初始化...
[2020-04-12 18:38:47:730] [vo.logVo.LogVo.<init>] [INFO] 日志实例已初始化...
[2020-04-12 18:38:47:731] [vo.logVo.LogVo.<init>] [INFO] 日志实例已初始化...
[2020-04-12 18:38:47:731] [vo.logVo.LogVo.<init>] [INFO] 日志实例已初始化...
[2020-04-12 18:38:47:732] [vo.logVo.LogVo.<init>] [INFO] 日志实例已初始化...
[2020-04-12 18:38:47:732] [vo.logVo.LogVo.<init>] [INFO] 日志实例已初始化...
[2020-04-12 18:38:47:732] [vo.logVo.LogVo.<init>] [INFO] 日志实例已初始化...
[2020-04-12 18:38:47:733] [vo.logVo.LogVo.<init>] [INFO] 日志实例已初始化...
[2020-04-12 18:38:47:733] [vo.logVo.LogVo.<init>] [INFO] 日志实例已初始化...
[2020-04-12 18:38:47:733] [vo.logVo.LogVo.<init>] [INFO] 日志实例已初始化...
[2020-04-12 18:38:47:734] [vo.logVo.LogVo.<init>] [INFO] 日志实例已初始化...
[2020-04-12 18:38:47:734] [vo.logVo.LogVo.<init>] [INFO] 日志实例已初始化...
[2020-04-12 18:38:47:734] [vo.logVo.LogVo.<init>] [INFO] 日志实例已初始化...
[2020-04-12 18:38:47:735] [vo.logVo.LogVo.<init>] [INFO] 日志实例已初始化...
[2020-04-12 18:38:47:735] [vo.logVo.LogVo.<init>] [INFO] 日志实例已初始化...
[2020-04-12 18:38:47:735] [vo.logVo.LogVo.<init>] [INFO] 日志实例已初始化...
[2020-04-12 18:38:47:736] [vo.logVo.LogVo.<init>] [INFO] 日志实例已初始化...
[2020-04-12 18:38:47:736] [vo.logVo.LogVo.<init>] [INFO] 日志实例已初始化...
[2020-04-12 18:38:47:737] [vo.logVo.LogVo.<init>] [INFO] 日志实例已初始化...
[2020-04-12 18:38:47:737] [vo.logVo.LogVo.<init>] [INFO] 日志实例已初始化...
[2020-04-12 18:38:47:738] [vo.logVo.LogVo.<init>] [INFO] 日志实例已初始化...
[2020-04-12 18:38:47:738] [vo.logVo.LogVo.<init>] [INFO] 日志实例已初始化...
[2020-04-12 18:38:47:739] [vo.logVo.LogVo.<init>] [INFO] 日志实例已初始化...
[2020-04-12 18:38:47:739] [vo.logVo.LogVo.<init>] [INFO] 日志实例已初始化...
[2020-04-12 18:38:47:740] [vo.logVo.LogVo.<init>] [INFO] 日志实例已初始化...
[2020-04-12 18:38:47:740] [vo.logVo.LogVo.<init>] [INFO] 日志实例已初始化...
[2020-04-12 18:38:47:741] [vo.logVo.LogVo.<init>] [INFO] 日志实例已初始化...
[2020-04-12 18:38:47:741] [vo.logVo.LogVo.<init>] [INFO] 日志实例已初始化...
[2020-04-12 18:38:47:741] [vo.logVo.LogVo.<init>] [INFO] 日志实例已初始化...
[2020-04-12 18:38:47:742] [vo.logVo.LogVo.<init>] [INFO] 日志实例已初始化...
[2020-04-12 18:38:47:742] [vo.logVo.LogVo.<init>] [INFO] 日志实例已初始化...
[2020-04-12 18:38:47:742] [vo.logVo.LogVo.<init>] [INFO] 日志实例已初始化...
[2020-04-12 18:38:47:743] [vo.logVo.LogVo.<init>] [INFO] 日志实例已初始化...
[2020-04-12 18:38:47:743] [vo.logVo.LogVo.<init>] [INFO] 日志实例已初始化...
[2020-04-12 18:38:47:743] [vo.logVo.LogVo.<init>] [INFO] 日志实例已初始化...
[2020-04-12 18:38:47:743] [vo.logVo.LogVo.<init>] [INFO] 日志实例已初始化...
[2020-04-12 18:38:47:744] [vo.logVo.LogVo.<init>] [INFO] 日志实例已初始化...
[2020-04-12 18:38:47:744] [vo.logVo.LogVo.<init>] [INFO] 日志实例已初始化...
[2020-04-12 18:38:47:744] [vo.logVo.LogVo.<init>] [INFO] 日志实例已初始化...
[2020-04-12 18:38:47:745] [vo.logVo.LogVo.<init>] [INFO] 日志实例已初始化...
[2020-04-12 18:38:47:745] [vo.logVo.LogVo.<init>] [INFO] 日志实例已初始化...
[2020-04-12 18:38:47:745] [vo.logVo.LogVo.<init>] [INFO] 日志实例已初始化...
[2020-04-12 18:38:47:745] [vo.logVo.LogVo.<init>] [INFO] 日志实例已初始化...
[2020-04-12 18:38:47:746] [vo.logVo.LogVo.<init>] [INFO] 日志实例已初始化...
[2020-04-12 18:38:47:746] [vo.logVo.LogVo.<init>] [INFO] 日志实例已初始化...
[2020-04-12 18:38:47:746] [vo.logVo.LogVo.<init>] [INFO] 日志实例已初始化...
[2020-04-12 18:38:47:747] [vo.logVo.LogVo.<init>] [INFO] 日志实例已初始化...
[2020-04-12 18:38:47:747] [vo.logVo.LogVo.<init>] [INFO] 日志实例已初始化...
[2020-04-12 18:38:47:747] [vo.logVo.LogVo.<init>] [INFO] 日志实例已初始化...
[2020-04-12 18:38:47:748] [vo.logVo.LogVo.<init>] [INFO] 日志实例已初始化...
[2020-04-12 18:38:47:748] [vo.logVo.LogVo.<init>] [INFO] 日志实例已初始化...
[2020-04-12 18:38:47:749] [vo.logVo.LogVo.<init>] [INFO] 日志实例已初始化...
[2020-04-12 18:38:47:749] [vo.logVo.LogVo.<init>] [INFO] 日志实例已初始化...
[2020-04-12 18:38:47:749] [vo.logVo.LogVo.<init>] [INFO] 日志实例已初始化...
[2020-04-12 18:38:47:750] [vo.logVo.LogVo.<init>] [INFO] 日志实例已初始化...
[2020-04-12 18:38:47:750] [vo.logVo.LogVo.<init>] [INFO] 日志实例已初始化...
[2020-04-12 18:38:47:750] [vo.logVo.LogVo.<init>] [INFO] 日志实例已初始化...
[2020-04-12 18:38:47:750] [vo.logVo.LogVo.<init>] [INFO] 日志实例已初始化...
[2020-04-12 18:38:47:751] [vo.logVo.LogVo.<init>] [INFO] 日志实例已初始化...
[2020-04-12 18:38:47:751] [vo.logVo.LogVo.<init>] [INFO] 日志实例已初始化...
[2020-04-12 18:38:47:751] [vo.logVo.LogVo.<init>] [INFO] 日志实例已初始化...
[2020-04-12 18:38:47:752] [vo.logVo.LogVo.<init>] [INFO] 日志实例已初始化...
[2020-04-12 18:38:47:752] [vo.logVo.LogVo.<init>] [INFO] 日志实例已初始化...
[2020-04-12 18:38:47:752] [vo.logVo.LogVo.<init>] [INFO] 日志实例已初始化...
[2020-04-12 18:38:47:753] [vo.logVo.LogVo.<init>] [INFO] 日志实例已初始化...
[2020-04-12 18:38:47:753] [vo.logVo.LogVo.<init>] [INFO] 日志实例已初始化...
[2020-04-12 18:38:47:753] [vo.logVo.LogVo.<init>] [INFO] 日志实例已初始化...
[2020-04-12 18:38:47:753] [vo.logVo.LogVo.<init>] [INFO] 日志实例已初始化...
[2020-04-12 18:38:47:754] [vo.logVo.LogVo.<init>] [INFO] 日志实例已初始化...
[2020-04-12 18:38:47:754] [vo.logVo.LogVo.<init>] [INFO] 日志实例已初始化...
[2020-04-12 18:38:47:754] [vo.logVo.LogVo.<init>] [INFO] 日志实例已初始化...
[2020-04-12 18:38:47:755] [vo.logVo.LogVo.<init>] [INFO] 日志实例已初始化...
[2020-04-12 18:38:47:755] [vo.logVo.LogVo.<init>] [INFO] 日志实例已初始化...
[2020-04-12 18:38:47:756] [vo.logVo.LogVo.<init>] [INFO] 日志实例已初始化...
[2020-04-12 18:38:47:756] [vo.logVo.LogVo.<init>] [INFO] 日志实例已初始化...
[2020-04-12 18:38:47:757] [vo.logVo.LogVo.<init>] [INFO] 日志实例已初始化...
[2020-04-12 18:38:47:757] [vo.logVo.LogVo.<init>] [INFO] 日志实例已初始化...
[2020-04-12 18:38:47:757] [vo.logVo.LogVo.<init>] [INFO] 日志实例已初始化...
[2020-04-12 18:38:47:758] [vo.logVo.LogVo.<init>] [INFO] 日志实例已初始化...
[2020-04-12 18:38:47:758] [vo.logVo.LogVo.<init>] [INFO] 日志实例已初始化...
[2020-04-12 18:38:47:758] [vo.logVo.LogVo.<init>] [INFO] 日志实例已初始化...
[2020-04-12 18:38:47:759] [vo.logVo.LogVo.<init>] [INFO] 日志实例已初始化...
[2020-04-12 18:38:47:759] [vo.logVo.LogVo.<init>] [INFO] 日志实例已初始化...
[2020-04-12 18:38:47:759] [vo.logVo.LogVo.<init>] [INFO] 日志实例已初始化...
[2020-04-12 18:38:47:760] [vo.logVo.LogVo.<init>] [INFO] 日志实例已初始化...
[2020-04-12 18:38:47:760] [vo.logVo.LogVo.<init>] [INFO] 日志实例已初始化...
[2020-04-12 18:38:47:761] [vo.logVo.LogVo.<init>] [INFO] 日志实例已初始化...
[2020-04-12 18:38:47:761] [vo.logVo.LogVo.<init>] [INFO] 日志实例已初始化...
[2020-04-12 18:38:47:762] [vo.logVo.LogVo.<init>] [INFO] 日志实例已初始化...
[2020-04-12 18:38:47:762] [vo.logVo.LogVo.<init>] [INFO] 日志实例已初始化...
[2020-04-12 18:38:47:763] [vo.logVo.LogVo.<init>] [INFO] 日志实例已初始化...
[2020-04-12 18:38:47:763] [vo.logVo.LogVo.<init>] [INFO] 日志实例已初始化...
[2020-04-12 18:38:47:763] [vo.logVo.LogVo.<init>] [INFO] 日志实例已初始化...
[2020-04-12 18:38:47:764] [vo.logVo.LogVo.<init>] [INFO] 日志实例已初始化...
[2020-04-12 18:38:47:764] [vo.logVo.LogVo.<init>] [INFO] 日志实例已初始化...
[2020-04-12 18:38:47:765] [vo.logVo.LogVo.<init>] [INFO] 日志实例已初始化...
[2020-04-12 18:38:47:765] [vo.logVo.LogVo.<init>] [INFO] 日志实例已初始化...
[2020-04-12 18:38:47:766] [vo.logVo.LogVo.<init>] [INFO] 日志实例已初始化...
[2020-04-12 18:38:47:766] [vo.logVo.LogVo.<init>] [INFO] 日志实例已初始化...
[2020-04-12 18:38:47:766] [vo.logVo.LogVo.<init>] [INFO] 日志实例已初始化...
[2020-04-12 18:38:47:767] [vo.logVo.LogVo.<init>] [INFO] 日志实例已初始化...
[2020-04-12 18:38:47:767] [vo.logVo.LogVo.<init>] [INFO] 日志实例已初始化...
[2020-04-12 18:38:47:767] [vo.logVo.LogVo.<init>] [INFO] 日志实例已初始化...
[2020-04-12 18:38:47:768] [vo.logVo.LogVo.<init>] [INFO] 日志实例已初始化...
[2020-04-12 18:38:47:768] [vo.logVo.LogVo.<init>] [INFO] 日志实例已初始化...
[2020-04-12 18:38:47:768] [vo.logVo.LogVo.<init>] [INFO] 日志实例已初始化...
[2020-04-12 18:38:47:769] [vo.logVo.LogVo.<init>] [INFO] 日志实例已初始化...
[2020-04-12 18:38:47:769] [vo.logVo.LogVo.<init>] [INFO] 日志实例已初始化...
[2020-04-12 18:38:47:769] [vo.logVo.LogVo.<init>] [INFO] 日志实例已初始化...
[2020-04-12 18:38:47:770] [vo.logVo.LogVo.<init>] [INFO] 日志实例已初始化...
[2020-04-12 18:38:47:770] [vo.logVo.LogVo.<init>] [INFO] 日志实例已初始化...
[2020-04-12 18:38:47:770] [vo.logVo.LogVo.<init>] [INFO] 日志实例已初始化...
[2020-04-12 18:38:47:770] [vo.logVo.LogVo.<init>] [INFO] 日志实例已初始化...
[2020-04-12 18:38:47:771] [vo.logVo.LogVo.<init>] [INFO] 日志实例已初始化...
[2020-04-12 18:38:47:771] [vo.logVo.LogVo.<init>] [INFO] 日志实例已初始化...
[2020-04-12 18:38:47:772] [vo.logVo.LogVo.<init>] [INFO] 日志实例已初始化...
[2020-04-12 18:38:47:772] [vo.logVo.LogVo.<init>] [INFO] 日志实例已初始化...
[2020-04-12 18:38:47:773] [vo.logVo.LogVo.<init>] [INFO] 日志实例已初始化...
[2020-04-12 18:38:47:773] [vo.logVo.LogVo.<init>] [INFO] 日志实例已初始化...
[2020-04-12 18:38:47:774] [vo.logVo.LogVo.<init>] [INFO] 日志实例已初始化...
[2020-04-12 18:38:47:774] [vo.logVo.LogVo.<init>] [INFO] 日志实例已初始化...
[2020-04-12 18:38:47:774] [vo.logVo.LogVo.<init>] [INFO] 日志实例已初始化...
[2020-04-12 18:38:47:775] [vo.logVo.LogVo.<init>] [INFO] 日志实例已初始化...
[2020-04-12 18:38:47:775] [vo.logVo.LogVo.<init>] [INFO] 日志实例已初始化...
[2020-04-12 18:38:47:776] [vo.logVo.LogVo.<init>] [INFO] 日志实例已初始化...
[2020-04-12 18:38:47:776] [vo.logVo.LogVo.<init>] [INFO] 日志实例已初始化...
[2020-04-12 18:38:47:777] [vo.logVo.LogVo.<init>] [INFO] 日志实例已初始化...
[2020-04-12 18:38:47:777] [vo.logVo.LogVo.<init>] [INFO] 日志实例已初始化...
[2020-04-12 18:38:47:778] [vo.logVo.LogVo.<init>] [INFO] 日志实例已初始化...
[2020-04-12 18:38:47:778] [vo.logVo.LogVo.<init>] [INFO] 日志实例已初始化...
[2020-04-12 18:38:47:779] [vo.logVo.LogVo.<init>] [INFO] 日志实例已初始化...
[2020-04-12 18:38:47:779] [vo.logVo.LogVo.<init>] [INFO] 日志实例已初始化...
[2020-04-12 18:38:47:779] [vo.logVo.LogVo.<init>] [INFO] 日志实例已初始化...
[2020-04-12 18:38:47:780] [vo.logVo.LogVo.<init>] [INFO] 日志实例已初始化...
[2020-04-12 18:38:47:780] [vo.logVo.LogVo.<init>] [INFO] 日志实例已初始化...
[2020-04-12 18:38:47:781] [vo.logVo.LogVo.<init>] [INFO] 日志实例已初始化...
[2020-04-12 18:38:47:781] [vo.logVo.LogVo.<init>] [INFO] 日志实例已初始化...
[2020-04-12 18:38:47:782] [vo.logVo.LogVo.<init>] [INFO] 日志实例已初始化...
[2020-04-12 18:38:47:782] [vo.logVo.LogVo.<init>] [INFO] 日志实例已初始化...
[2020-04-12 18:38:47:783] [vo.logVo.LogVo.<init>] [INFO] 日志实例已初始化...
[2020-04-12 18:38:47:783] [vo.logVo.LogVo.<init>] [INFO] 日志实例已初始化...
[2020-04-12 18:38:47:783] [vo.logVo.LogVo.<init>] [INFO] 日志实例已初始化...
[2020-04-12 18:38:47:784] [vo.logVo.LogVo.<init>] [INFO] 日志实例已初始化...
[2020-04-12 18:38:47:784] [vo.logVo.LogVo.<init>] [INFO] 日志实例已初始化...
[2020-04-12 18:38:47:784] [vo.logVo.LogVo.<init>] [INFO] 日志实例已初始化...
[2020-04-12 18:38:47:785] [vo.logVo.LogVo.<init>] [INFO] 日志实例已初始化...
[2020-04-12 18:38:47:785] [vo.logVo.LogVo.<init>] [INFO] 日志实例已初始化...
[2020-04-12 18:38:47:785] [vo.logVo.LogVo.<init>] [INFO] 日志实例已初始化...
[2020-04-12 18:38:47:786] [vo.logVo.LogVo.<init>] [INFO] 日志实例已初始化...
[2020-04-12 18:38:47:786] [vo.logVo.LogVo.<init>] [INFO] 日志实例已初始化...
[2020-04-12 18:38:47:786] [vo.logVo.LogVo.<init>] [INFO] 日志实例已初始化...
[2020-04-12 18:38:47:786] [vo.logVo.LogVo.<init>] [INFO] 日志实例已初始化...
[2020-04-12 18:38:47:787] [vo.logVo.LogVo.<init>] [INFO] 日志实例已初始化...
[2020-04-12 18:38:47:787] [vo.logVo.LogVo.<init>] [INFO] 日志实例已初始化...
[2020-04-12 18:38:47:787] [vo.logVo.LogVo.<init>] [INFO] 日志实例已初始化...
[2020-04-12 18:38:47:788] [vo.logVo.LogVo.<init>] [INFO] 日志实例已初始化...
[2020-04-12 18:38:47:788] [vo.logVo.LogVo.<init>] [INFO] 日志实例已初始化...
[2020-04-12 18:38:47:789] [vo.logVo.LogVo.<init>] [INFO] 日志实例已初始化...
[2020-04-12 18:38:47:789] [vo.logVo.LogVo.<init>] [INFO] 日志实例已初始化...
[2020-04-12 18:38:47:790] [vo.logVo.LogVo.<init>] [INFO] 日志实例已初始化...
[2020-04-12 18:38:47:790] [vo.logVo.LogVo.<init>] [INFO] 日志实例已初始化...
[2020-04-12 18:38:47:790] [vo.logVo.LogVo.<init>] [INFO] 日志实例已初始化...
[2020-04-12 18:38:47:790] [vo.logVo.LogVo.<init>] [INFO] 日志实例已初始化...
[2020-04-12 18:38:47:791] [vo.logVo.LogVo.<init>] [INFO] 日志实例已初始化...
[2020-04-12 18:38:47:791] [vo.logVo.LogVo.<init>] [INFO] 日志实例已初始化...
[2020-04-12 18:38:47:792] [vo.logVo.LogVo.<init>] [INFO] 日志实例已初始化...
[2020-04-12 18:38:47:792] [vo.logVo.LogVo.<init>] [INFO] 日志实例已初始化...
[2020-04-12 18:38:47:793] [vo.logVo.LogVo.<init>] [INFO] 日志实例已初始化...
[2020-04-12 18:38:47:793] [vo.logVo.LogVo.<init>] [INFO] 日志实例已初始化...
[2020-04-12 18:38:47:794] [vo.logVo.LogVo.<init>] [INFO] 日志实例已初始化...
[2020-04-12 18:38:47:794] [vo.logVo.LogVo.<init>] [INFO] 日志实例已初始化...
[2020-04-12 18:38:47:794] [vo.logVo.LogVo.<init>] [INFO] 日志实例已初始化...
[2020-04-12 18:38:47:794] [vo.logVo.LogVo.<init>] [INFO] 日志实例已初始化...
[2020-04-12 18:38:47:795] [vo.logVo.LogVo.<init>] [INFO] 日志实例已初始化...
[2020-04-12 18:38:47:795] [vo.logVo.LogVo.<init>] [INFO] 日志实例已初始化...
[2020-04-12 18:38:47:795] [vo.logVo.LogVo.<init>] [INFO] 日志实例已初始化...
[2020-04-12 18:38:47:796] [vo.logVo.LogVo.<init>] [INFO] 日志实例已初始化...
[2020-04-12 18:38:47:796] [vo.logVo.LogVo.<init>] [INFO] 日志实例已初始化...
[2020-04-12 18:38:47:796] [vo.logVo.LogVo.<init>] [INFO] 日志实例已初始化...
[2020-04-12 18:38:47:796] [vo.logVo.LogVo.<init>] [INFO] 日志实例已初始化...
[2020-04-12 18:38:47:797] [vo.logVo.LogVo.<init>] [INFO] 日志实例已初始化...
[2020-04-12 18:38:47:797] [vo.logVo.LogVo.<init>] [INFO] 日志实例已初始化...
[2020-04-12 18:38:47:797] [vo.logVo.LogVo.<init>] [INFO] 日志实例已初始化...
[2020-04-12 18:38:47:797] [vo.logVo.LogVo.<init>] [INFO] 日志实例已初始化...
[2020-04-12 18:38:47:798] [vo.logVo.LogVo.<init>] [INFO] 日志实例已初始化...
[2020-04-12 18:38:47:798] [vo.logVo.LogVo.<init>] [INFO] 日志实例已初始化...
[2020-04-12 18:38:47:799] [vo.logVo.LogVo.<init>] [INFO] 日志实例已初始化...
[2020-04-12 18:38:47:799] [vo.logVo.LogVo.<init>] [INFO] 日志实例已初始化...
[2020-04-12 18:38:47:800] [vo.logVo.LogVo.<init>] [INFO] 日志实例已初始化...
[2020-04-12 18:38:47:801] [vo.logVo.LogVo.<init>] [INFO] 日志实例已初始化...
[2020-04-12 18:38:47:801] [vo.logVo.LogVo.<init>] [INFO] 日志实例已初始化...
[2020-04-12 18:38:47:802] [vo.logVo.LogVo.<init>] [INFO] 日志实例已初始化...
[2020-04-12 18:38:47:802] [vo.logVo.LogVo.<init>] [INFO] 日志实例已初始化...
[2020-04-12 18:38:47:802] [vo.logVo.LogVo.<init>] [INFO] 日志实例已初始化...
[2020-04-12 18:38:47:803] [vo.logVo.LogVo.<init>] [INFO] 日志实例已初始化...
[2020-04-12 18:38:47:803] [vo.logVo.LogVo.<init>] [INFO] 日志实例已初始化...
[2020-04-12 18:38:47:803] [vo.logVo.LogVo.<init>] [INFO] 日志实例已初始化...
[2020-04-12 18:38:47:804] [vo.logVo.LogVo.<init>] [INFO] 日志实例已初始化...
[2020-04-12 18:38:47:804] [vo.logVo.LogVo.<init>] [INFO] 日志实例已初始化...
[2020-04-12 18:38:47:804] [vo.logVo.LogVo.<init>] [INFO] 日志实例已初始化...
[2020-04-12 18:38:47:805] [vo.logVo.LogVo.<init>] [INFO] 日志实例已初始化...
[2020-04-12 18:38:47:805] [vo.logVo.LogVo.<init>] [INFO] 日志实例已初始化...
[2020-04-12 18:38:47:806] [vo.logVo.LogVo.<init>] [INFO] 日志实例已初始化...
[2020-04-12 18:38:47:806] [vo.logVo.LogVo.<init>] [INFO] 日志实例已初始化...
[2020-04-12 18:38:47:807] [vo.logVo.LogVo.<init>] [INFO] 日志实例已初始化...
[2020-04-12 18:38:47:807] [vo.logVo.LogVo.<init>] [INFO] 日志实例已初始化...
[2020-04-12 18:38:47:808] [vo.logVo.LogVo.<init>] [INFO] 日志实例已初始化...
[2020-04-12 18:38:47:808] [vo.logVo.LogVo.<init>] [INFO] 日志实例已初始化...
[2020-04-12 18:38:47:809] [vo.logVo.LogVo.<init>] [INFO] 日志实例已初始化...
[2020-04-12 18:38:47:810] [vo.logVo.LogVo.<init>] [INFO] 日志实例已初始化...
[2020-04-12 18:38:47:810] [vo.logVo.LogVo.<init>] [INFO] 日志实例已初始化...
[2020-04-12 18:38:47:811] [vo.logVo.LogVo.<init>] [INFO] 日志实例已初始化...
[2020-04-12 18:38:47:811] [vo.logVo.LogVo.<init>] [INFO] 日志实例已初始化...
[2020-04-12 18:38:47:812] [vo.logVo.LogVo.<init>] [INFO] 日志实例已初始化...
[2020-04-12 18:38:47:812] [vo.logVo.LogVo.<init>] [INFO] 日志实例已初始化...
[2020-04-12 18:38:47:812] [vo.logVo.LogVo.<init>] [INFO] 日志实例已初始化...
[2020-04-12 18:38:47:813] [vo.logVo.LogVo.<init>] [INFO] 日志实例已初始化...
[2020-04-12 18:38:47:814] [vo.logVo.LogVo.<init>] [INFO] 日志实例已初始化...
[2020-04-12 18:38:47:814] [vo.logVo.LogVo.<init>] [INFO] 日志实例已初始化...
[2020-04-12 18:38:47:814] [vo.logVo.LogVo.<init>] [INFO] 日志实例已初始化...
[2020-04-12 18:38:47:815] [vo.logVo.LogVo.<init>] [INFO] 日志实例已初始化...
[2020-04-12 18:38:47:815] [vo.logVo.LogVo.<init>] [INFO] 日志实例已初始化...
[2020-04-12 18:38:47:815] [vo.logVo.LogVo.<init>] [INFO] 日志实例已初始化...
[2020-04-12 18:38:47:816] [vo.logVo.LogVo.<init>] [INFO] 日志实例已初始化...
[2020-04-12 18:38:47:816] [vo.logVo.LogVo.<init>] [INFO] 日志实例已初始化...
[2020-04-12 18:38:47:816] [vo.logVo.LogVo.<init>] [INFO] 日志实例已初始化...
[2020-04-12 18:38:47:816] [vo.logVo.LogVo.<init>] [INFO] 日志实例已初始化...
[2020-04-12 18:38:47:817] [vo.logVo.LogVo.<init>] [INFO] 日志实例已初始化...
[2020-04-12 18:38:47:817] [vo.logVo.LogVo.<init>] [INFO] 日志实例已初始化...
[2020-04-12 18:38:47:817] [vo.logVo.LogVo.<init>] [INFO] 日志实例已初始化...
[2020-04-12 18:38:47:818] [vo.logVo.LogVo.<init>] [INFO] 日志实例已初始化...
[2020-04-12 18:38:47:818] [vo.logVo.LogVo.<init>] [INFO] 日志实例已初始化...
[2020-04-12 18:38:47:818] [vo.logVo.LogVo.<init>] [INFO] 日志实例已初始化...
[2020-04-12 18:38:47:819] [vo.logVo.LogVo.<init>] [INFO] 日志实例已初始化...
[2020-04-12 18:38:47:820] [vo.logVo.LogVo.<init>] [INFO] 日志实例已初始化...
[2020-04-12 18:38:47:820] [vo.logVo.LogVo.<init>] [INFO] 日志实例已初始化...
[2020-04-12 18:38:47:821] [vo.logVo.LogVo.<init>] [INFO] 日志实例已初始化...
[2020-04-12 18:38:47:821] [vo.logVo.LogVo.<init>] [INFO] 日志实例已初始化...
[2020-04-12 18:38:47:822] [vo.logVo.LogVo.<init>] [INFO] 日志实例已初始化...
[2020-04-12 18:38:47:822] [vo.logVo.LogVo.<init>] [INFO] 日志实例已初始化...
[2020-04-12 18:38:47:823] [vo.logVo.LogVo.<init>] [INFO] 日志实例已初始化...
[2020-04-12 18:38:47:824] [vo.logVo.LogVo.<init>] [INFO] 日志实例已初始化...
[2020-04-12 18:38:47:824] [vo.logVo.LogVo.<init>] [INFO] 日志实例已初始化...
[2020-04-12 18:38:47:825] [vo.logVo.LogVo.<init>] [INFO] 日志实例已初始化...
[2020-04-12 18:38:47:826] [vo.logVo.LogVo.<init>] [INFO] 日志实例已初始化...
[2020-04-12 18:38:47:826] [vo.logVo.LogVo.<init>] [INFO] 日志实例已初始化...
[2020-04-12 18:38:47:827] [vo.logVo.LogVo.<init>] [INFO] 日志实例已初始化...
[2020-04-12 18:38:47:827] [vo.logVo.LogVo.<init>] [INFO] 日志实例已初始化...
[2020-04-12 18:38:47:828] [vo.logVo.LogVo.<init>] [INFO] 日志实例已初始化...
[2020-04-12 18:38:47:853] [vo.logVo.LogVo.<init>] [INFO] 日志实例已初始化...
[2020-04-12 18:38:47:869] [vo.logVo.LogVo.<init>] [INFO] 日志实例已初始化...
[2020-04-12 18:38:47:974] [action.userAction.LoginAction.execute] [INFO] 该用户已登录，请稍后再试！
[2020-04-12 18:38:53:887] [action.userAction.LoginAction.destroySession] [INFO] admin退出成功！
[2020-04-12 18:38:57:353] [vo.logVo.LogVo.<init>] [INFO] 日志实例已初始化...
[2020-04-12 18:38:57:354] [vo.logVo.LogVo.<init>] [INFO] 日志实例已初始化...
[2020-04-12 18:38:57:354] [vo.logVo.LogVo.<init>] [INFO] 日志实例已初始化...
[2020-04-12 18:38:57:355] [vo.logVo.LogVo.<init>] [INFO] 日志实例已初始化...
[2020-04-12 18:38:57:356] [vo.logVo.LogVo.<init>] [INFO] 日志实例已初始化...
[2020-04-12 18:38:57:356] [vo.logVo.LogVo.<init>] [INFO] 日志实例已初始化...
[2020-04-12 18:38:57:357] [vo.logVo.LogVo.<init>] [INFO] 日志实例已初始化...
[2020-04-12 18:38:57:357] [vo.logVo.LogVo.<init>] [INFO] 日志实例已初始化...
[2020-04-12 18:38:57:358] [vo.logVo.LogVo.<init>] [INFO] 日志实例已初始化...
[2020-04-12 18:38:57:359] [vo.logVo.LogVo.<init>] [INFO] 日志实例已初始化...
[2020-04-12 18:38:57:359] [vo.logVo.LogVo.<init>] [INFO] 日志实例已初始化...
[2020-04-12 18:38:57:360] [vo.logVo.LogVo.<init>] [INFO] 日志实例已初始化...
[2020-04-12 18:38:57:361] [vo.logVo.LogVo.<init>] [INFO] 日志实例已初始化...
[2020-04-12 18:38:57:361] [vo.logVo.LogVo.<init>] [INFO] 日志实例已初始化...
[2020-04-12 18:38:57:362] [vo.logVo.LogVo.<init>] [INFO] 日志实例已初始化...
[2020-04-12 18:38:57:363] [vo.logVo.LogVo.<init>] [INFO] 日志实例已初始化...
[2020-04-12 18:38:57:363] [vo.logVo.LogVo.<init>] [INFO] 日志实例已初始化...
[2020-04-12 18:38:57:364] [vo.logVo.LogVo.<init>] [INFO] 日志实例已初始化...
[2020-04-12 18:38:57:365] [vo.logVo.LogVo.<init>] [INFO] 日志实例已初始化...
[2020-04-12 18:38:57:365] [vo.logVo.LogVo.<init>] [INFO] 日志实例已初始化...
[2020-04-12 18:38:57:366] [vo.logVo.LogVo.<init>] [INFO] 日志实例已初始化...
[2020-04-12 18:38:57:367] [vo.logVo.LogVo.<init>] [INFO] 日志实例已初始化...
[2020-04-12 18:38:57:367] [vo.logVo.LogVo.<init>] [INFO] 日志实例已初始化...
[2020-04-12 18:38:57:368] [vo.logVo.LogVo.<init>] [INFO] 日志实例已初始化...
[2020-04-12 18:38:57:368] [vo.logVo.LogVo.<init>] [INFO] 日志实例已初始化...
[2020-04-12 18:38:57:369] [vo.logVo.LogVo.<init>] [INFO] 日志实例已初始化...
[2020-04-12 18:38:57:369] [vo.logVo.LogVo.<init>] [INFO] 日志实例已初始化...
[2020-04-12 18:38:57:370] [vo.logVo.LogVo.<init>] [INFO] 日志实例已初始化...
[2020-04-12 18:38:57:370] [vo.logVo.LogVo.<init>] [INFO] 日志实例已初始化...
[2020-04-12 18:38:57:371] [vo.logVo.LogVo.<init>] [INFO] 日志实例已初始化...
[2020-04-12 18:38:57:371] [vo.logVo.LogVo.<init>] [INFO] 日志实例已初始化...
[2020-04-12 18:38:57:372] [vo.logVo.LogVo.<init>] [INFO] 日志实例已初始化...
[2020-04-12 18:38:57:372] [vo.logVo.LogVo.<init>] [INFO] 日志实例已初始化...
[2020-04-12 18:38:57:372] [vo.logVo.LogVo.<init>] [INFO] 日志实例已初始化...
[2020-04-12 18:38:57:373] [vo.logVo.LogVo.<init>] [INFO] 日志实例已初始化...
[2020-04-12 18:38:57:373] [vo.logVo.LogVo.<init>] [INFO] 日志实例已初始化...
[2020-04-12 18:38:57:373] [vo.logVo.LogVo.<init>] [INFO] 日志实例已初始化...
[2020-04-12 18:38:57:374] [vo.logVo.LogVo.<init>] [INFO] 日志实例已初始化...
[2020-04-12 18:38:57:374] [vo.logVo.LogVo.<init>] [INFO] 日志实例已初始化...
[2020-04-12 18:38:57:374] [vo.logVo.LogVo.<init>] [INFO] 日志实例已初始化...
[2020-04-12 18:38:57:375] [vo.logVo.LogVo.<init>] [INFO] 日志实例已初始化...
[2020-04-12 18:38:57:375] [vo.logVo.LogVo.<init>] [INFO] 日志实例已初始化...
[2020-04-12 18:38:57:375] [vo.logVo.LogVo.<init>] [INFO] 日志实例已初始化...
[2020-04-12 18:38:57:376] [vo.logVo.LogVo.<init>] [INFO] 日志实例已初始化...
[2020-04-12 18:38:57:376] [vo.logVo.LogVo.<init>] [INFO] 日志实例已初始化...
[2020-04-12 18:38:57:376] [vo.logVo.LogVo.<init>] [INFO] 日志实例已初始化...
[2020-04-12 18:38:57:376] [vo.logVo.LogVo.<init>] [INFO] 日志实例已初始化...
[2020-04-12 18:38:57:377] [vo.logVo.LogVo.<init>] [INFO] 日志实例已初始化...
[2020-04-12 18:38:57:377] [vo.logVo.LogVo.<init>] [INFO] 日志实例已初始化...
[2020-04-12 18:38:57:377] [vo.logVo.LogVo.<init>] [INFO] 日志实例已初始化...
[2020-04-12 18:38:57:378] [vo.logVo.LogVo.<init>] [INFO] 日志实例已初始化...
[2020-04-12 18:38:57:378] [vo.logVo.LogVo.<init>] [INFO] 日志实例已初始化...
[2020-04-12 18:38:57:378] [vo.logVo.LogVo.<init>] [INFO] 日志实例已初始化...
[2020-04-12 18:38:57:379] [vo.logVo.LogVo.<init>] [INFO] 日志实例已初始化...
[2020-04-12 18:38:57:379] [vo.logVo.LogVo.<init>] [INFO] 日志实例已初始化...
[2020-04-12 18:38:57:380] [vo.logVo.LogVo.<init>] [INFO] 日志实例已初始化...
[2020-04-12 18:38:57:381] [vo.logVo.LogVo.<init>] [INFO] 日志实例已初始化...
[2020-04-12 18:38:57:381] [vo.logVo.LogVo.<init>] [INFO] 日志实例已初始化...
[2020-04-12 18:38:57:382] [vo.logVo.LogVo.<init>] [INFO] 日志实例已初始化...
[2020-04-12 18:38:57:382] [vo.logVo.LogVo.<init>] [INFO] 日志实例已初始化...
[2020-04-12 18:38:57:383] [vo.logVo.LogVo.<init>] [INFO] 日志实例已初始化...
[2020-04-12 18:38:57:383] [vo.logVo.LogVo.<init>] [INFO] 日志实例已初始化...
[2020-04-12 18:38:57:384] [vo.logVo.LogVo.<init>] [INFO] 日志实例已初始化...
[2020-04-12 18:38:57:384] [vo.logVo.LogVo.<init>] [INFO] 日志实例已初始化...
[2020-04-12 18:38:57:385] [vo.logVo.LogVo.<init>] [INFO] 日志实例已初始化...
[2020-04-12 18:38:57:385] [vo.logVo.LogVo.<init>] [INFO] 日志实例已初始化...
[2020-04-12 18:38:57:386] [vo.logVo.LogVo.<init>] [INFO] 日志实例已初始化...
[2020-04-12 18:38:57:386] [vo.logVo.LogVo.<init>] [INFO] 日志实例已初始化...
[2020-04-12 18:38:57:386] [vo.logVo.LogVo.<init>] [INFO] 日志实例已初始化...
[2020-04-12 18:38:57:387] [vo.logVo.LogVo.<init>] [INFO] 日志实例已初始化...
[2020-04-12 18:38:57:387] [vo.logVo.LogVo.<init>] [INFO] 日志实例已初始化...
[2020-04-12 18:38:57:387] [vo.logVo.LogVo.<init>] [INFO] 日志实例已初始化...
[2020-04-12 18:38:57:387] [vo.logVo.LogVo.<init>] [INFO] 日志实例已初始化...
[2020-04-12 18:38:57:388] [vo.logVo.LogVo.<init>] [INFO] 日志实例已初始化...
[2020-04-12 18:38:57:388] [vo.logVo.LogVo.<init>] [INFO] 日志实例已初始化...
[2020-04-12 18:38:57:388] [vo.logVo.LogVo.<init>] [INFO] 日志实例已初始化...
[2020-04-12 18:38:57:389] [vo.logVo.LogVo.<init>] [INFO] 日志实例已初始化...
[2020-04-12 18:38:57:389] [vo.logVo.LogVo.<init>] [INFO] 日志实例已初始化...
[2020-04-12 18:38:57:389] [vo.logVo.LogVo.<init>] [INFO] 日志实例已初始化...
[2020-04-12 18:38:57:389] [vo.logVo.LogVo.<init>] [INFO] 日志实例已初始化...
[2020-04-12 18:38:57:390] [vo.logVo.LogVo.<init>] [INFO] 日志实例已初始化...
[2020-04-12 18:38:57:390] [vo.logVo.LogVo.<init>] [INFO] 日志实例已初始化...
[2020-04-12 18:38:57:390] [vo.logVo.LogVo.<init>] [INFO] 日志实例已初始化...
[2020-04-12 18:38:57:391] [vo.logVo.LogVo.<init>] [INFO] 日志实例已初始化...
[2020-04-12 18:38:57:391] [vo.logVo.LogVo.<init>] [INFO] 日志实例已初始化...
[2020-04-12 18:38:57:391] [vo.logVo.LogVo.<init>] [INFO] 日志实例已初始化...
[2020-04-12 18:38:57:392] [vo.logVo.LogVo.<init>] [INFO] 日志实例已初始化...
[2020-04-12 18:38:57:393] [vo.logVo.LogVo.<init>] [INFO] 日志实例已初始化...
[2020-04-12 18:38:57:393] [vo.logVo.LogVo.<init>] [INFO] 日志实例已初始化...
[2020-04-12 18:38:57:394] [vo.logVo.LogVo.<init>] [INFO] 日志实例已初始化...
[2020-04-12 18:38:57:394] [vo.logVo.LogVo.<init>] [INFO] 日志实例已初始化...
[2020-04-12 18:38:57:394] [vo.logVo.LogVo.<init>] [INFO] 日志实例已初始化...
[2020-04-12 18:38:57:395] [vo.logVo.LogVo.<init>] [INFO] 日志实例已初始化...
[2020-04-12 18:38:57:395] [vo.logVo.LogVo.<init>] [INFO] 日志实例已初始化...
[2020-04-12 18:38:57:396] [vo.logVo.LogVo.<init>] [INFO] 日志实例已初始化...
[2020-04-12 18:38:57:396] [vo.logVo.LogVo.<init>] [INFO] 日志实例已初始化...
[2020-04-12 18:38:57:397] [vo.logVo.LogVo.<init>] [INFO] 日志实例已初始化...
[2020-04-12 18:38:57:398] [vo.logVo.LogVo.<init>] [INFO] 日志实例已初始化...
[2020-04-12 18:38:57:398] [vo.logVo.LogVo.<init>] [INFO] 日志实例已初始化...
[2020-04-12 18:38:57:399] [vo.logVo.LogVo.<init>] [INFO] 日志实例已初始化...
[2020-04-12 18:38:57:399] [vo.logVo.LogVo.<init>] [INFO] 日志实例已初始化...
[2020-04-12 18:38:57:400] [vo.logVo.LogVo.<init>] [INFO] 日志实例已初始化...
[2020-04-12 18:38:57:400] [vo.logVo.LogVo.<init>] [INFO] 日志实例已初始化...
[2020-04-12 18:38:57:401] [vo.logVo.LogVo.<init>] [INFO] 日志实例已初始化...
[2020-04-12 18:38:57:401] [vo.logVo.LogVo.<init>] [INFO] 日志实例已初始化...
[2020-04-12 18:38:57:402] [vo.logVo.LogVo.<init>] [INFO] 日志实例已初始化...
[2020-04-12 18:38:57:403] [vo.logVo.LogVo.<init>] [INFO] 日志实例已初始化...
[2020-04-12 18:38:57:403] [vo.logVo.LogVo.<init>] [INFO] 日志实例已初始化...
[2020-04-12 18:38:57:403] [vo.logVo.LogVo.<init>] [INFO] 日志实例已初始化...
[2020-04-12 18:38:57:404] [vo.logVo.LogVo.<init>] [INFO] 日志实例已初始化...
[2020-04-12 18:38:57:404] [vo.logVo.LogVo.<init>] [INFO] 日志实例已初始化...
[2020-04-12 18:38:57:404] [vo.logVo.LogVo.<init>] [INFO] 日志实例已初始化...
[2020-04-12 18:38:57:405] [vo.logVo.LogVo.<init>] [INFO] 日志实例已初始化...
[2020-04-12 18:38:57:405] [vo.logVo.LogVo.<init>] [INFO] 日志实例已初始化...
[2020-04-12 18:38:57:405] [vo.logVo.LogVo.<init>] [INFO] 日志实例已初始化...
[2020-04-12 18:38:57:406] [vo.logVo.LogVo.<init>] [INFO] 日志实例已初始化...
[2020-04-12 18:38:57:406] [vo.logVo.LogVo.<init>] [INFO] 日志实例已初始化...
[2020-04-12 18:38:57:406] [vo.logVo.LogVo.<init>] [INFO] 日志实例已初始化...
[2020-04-12 18:38:57:406] [vo.logVo.LogVo.<init>] [INFO] 日志实例已初始化...
[2020-04-12 18:38:57:407] [vo.logVo.LogVo.<init>] [INFO] 日志实例已初始化...
[2020-04-12 18:38:57:407] [vo.logVo.LogVo.<init>] [INFO] 日志实例已初始化...
[2020-04-12 18:38:57:407] [vo.logVo.LogVo.<init>] [INFO] 日志实例已初始化...
[2020-04-12 18:38:57:408] [vo.logVo.LogVo.<init>] [INFO] 日志实例已初始化...
[2020-04-12 18:38:57:408] [vo.logVo.LogVo.<init>] [INFO] 日志实例已初始化...
[2020-04-12 18:38:57:408] [vo.logVo.LogVo.<init>] [INFO] 日志实例已初始化...
[2020-04-12 18:38:57:409] [vo.logVo.LogVo.<init>] [INFO] 日志实例已初始化...
[2020-04-12 18:38:57:409] [vo.logVo.LogVo.<init>] [INFO] 日志实例已初始化...
[2020-04-12 18:38:57:409] [vo.logVo.LogVo.<init>] [INFO] 日志实例已初始化...
[2020-04-12 18:38:57:410] [vo.logVo.LogVo.<init>] [INFO] 日志实例已初始化...
[2020-04-12 18:38:57:410] [vo.logVo.LogVo.<init>] [INFO] 日志实例已初始化...
[2020-04-12 18:38:57:410] [vo.logVo.LogVo.<init>] [INFO] 日志实例已初始化...
[2020-04-12 18:38:57:411] [vo.logVo.LogVo.<init>] [INFO] 日志实例已初始化...
[2020-04-12 18:38:57:411] [vo.logVo.LogVo.<init>] [INFO] 日志实例已初始化...
[2020-04-12 18:38:57:411] [vo.logVo.LogVo.<init>] [INFO] 日志实例已初始化...
[2020-04-12 18:38:57:412] [vo.logVo.LogVo.<init>] [INFO] 日志实例已初始化...
[2020-04-12 18:38:57:412] [vo.logVo.LogVo.<init>] [INFO] 日志实例已初始化...
[2020-04-12 18:38:57:412] [vo.logVo.LogVo.<init>] [INFO] 日志实例已初始化...
[2020-04-12 18:38:57:413] [vo.logVo.LogVo.<init>] [INFO] 日志实例已初始化...
[2020-04-12 18:38:57:413] [vo.logVo.LogVo.<init>] [INFO] 日志实例已初始化...
[2020-04-12 18:38:57:414] [vo.logVo.LogVo.<init>] [INFO] 日志实例已初始化...
[2020-04-12 18:38:57:414] [vo.logVo.LogVo.<init>] [INFO] 日志实例已初始化...
[2020-04-12 18:38:57:414] [vo.logVo.LogVo.<init>] [INFO] 日志实例已初始化...
[2020-04-12 18:38:57:415] [vo.logVo.LogVo.<init>] [INFO] 日志实例已初始化...
[2020-04-12 18:38:57:415] [vo.logVo.LogVo.<init>] [INFO] 日志实例已初始化...
[2020-04-12 18:38:57:415] [vo.logVo.LogVo.<init>] [INFO] 日志实例已初始化...
[2020-04-12 18:38:57:415] [vo.logVo.LogVo.<init>] [INFO] 日志实例已初始化...
[2020-04-12 18:38:57:416] [vo.logVo.LogVo.<init>] [INFO] 日志实例已初始化...
[2020-04-12 18:38:57:416] [vo.logVo.LogVo.<init>] [INFO] 日志实例已初始化...
[2020-04-12 18:38:57:417] [vo.logVo.LogVo.<init>] [INFO] 日志实例已初始化...
[2020-04-12 18:38:57:418] [vo.logVo.LogVo.<init>] [INFO] 日志实例已初始化...
[2020-04-12 18:38:57:419] [vo.logVo.LogVo.<init>] [INFO] 日志实例已初始化...
[2020-04-12 18:38:57:419] [vo.logVo.LogVo.<init>] [INFO] 日志实例已初始化...
[2020-04-12 18:38:57:419] [vo.logVo.LogVo.<init>] [INFO] 日志实例已初始化...
[2020-04-12 18:38:57:420] [vo.logVo.LogVo.<init>] [INFO] 日志实例已初始化...
[2020-04-12 18:38:57:420] [vo.logVo.LogVo.<init>] [INFO] 日志实例已初始化...
[2020-04-12 18:38:57:421] [vo.logVo.LogVo.<init>] [INFO] 日志实例已初始化...
[2020-04-12 18:38:57:421] [vo.logVo.LogVo.<init>] [INFO] 日志实例已初始化...
[2020-04-12 18:38:57:422] [vo.logVo.LogVo.<init>] [INFO] 日志实例已初始化...
[2020-04-12 18:38:57:422] [vo.logVo.LogVo.<init>] [INFO] 日志实例已初始化...
[2020-04-12 18:38:57:423] [vo.logVo.LogVo.<init>] [INFO] 日志实例已初始化...
[2020-04-12 18:38:57:423] [vo.logVo.LogVo.<init>] [INFO] 日志实例已初始化...
[2020-04-12 18:38:57:423] [vo.logVo.LogVo.<init>] [INFO] 日志实例已初始化...
[2020-04-12 18:38:57:424] [vo.logVo.LogVo.<init>] [INFO] 日志实例已初始化...
[2020-04-12 18:38:57:424] [vo.logVo.LogVo.<init>] [INFO] 日志实例已初始化...
[2020-04-12 18:38:57:425] [vo.logVo.LogVo.<init>] [INFO] 日志实例已初始化...
[2020-04-12 18:38:57:425] [vo.logVo.LogVo.<init>] [INFO] 日志实例已初始化...
[2020-04-12 18:38:57:425] [vo.logVo.LogVo.<init>] [INFO] 日志实例已初始化...
[2020-04-12 18:38:57:426] [vo.logVo.LogVo.<init>] [INFO] 日志实例已初始化...
[2020-04-12 18:38:57:426] [vo.logVo.LogVo.<init>] [INFO] 日志实例已初始化...
[2020-04-12 18:38:57:426] [vo.logVo.LogVo.<init>] [INFO] 日志实例已初始化...
[2020-04-12 18:38:57:427] [vo.logVo.LogVo.<init>] [INFO] 日志实例已初始化...
[2020-04-12 18:38:57:427] [vo.logVo.LogVo.<init>] [INFO] 日志实例已初始化...
[2020-04-12 18:38:57:427] [vo.logVo.LogVo.<init>] [INFO] 日志实例已初始化...
[2020-04-12 18:38:57:427] [vo.logVo.LogVo.<init>] [INFO] 日志实例已初始化...
[2020-04-12 18:38:57:428] [vo.logVo.LogVo.<init>] [INFO] 日志实例已初始化...
[2020-04-12 18:38:57:430] [vo.logVo.LogVo.<init>] [INFO] 日志实例已初始化...
[2020-04-12 18:38:57:430] [vo.logVo.LogVo.<init>] [INFO] 日志实例已初始化...
[2020-04-12 18:38:57:431] [vo.logVo.LogVo.<init>] [INFO] 日志实例已初始化...
[2020-04-12 18:38:57:432] [vo.logVo.LogVo.<init>] [INFO] 日志实例已初始化...
[2020-04-12 18:38:57:433] [vo.logVo.LogVo.<init>] [INFO] 日志实例已初始化...
[2020-04-12 18:38:57:434] [vo.logVo.LogVo.<init>] [INFO] 日志实例已初始化...
[2020-04-12 18:38:57:435] [vo.logVo.LogVo.<init>] [INFO] 日志实例已初始化...
[2020-04-12 18:38:57:435] [vo.logVo.LogVo.<init>] [INFO] 日志实例已初始化...
[2020-04-12 18:38:57:436] [vo.logVo.LogVo.<init>] [INFO] 日志实例已初始化...
[2020-04-12 18:38:57:436] [vo.logVo.LogVo.<init>] [INFO] 日志实例已初始化...
[2020-04-12 18:38:57:436] [vo.logVo.LogVo.<init>] [INFO] 日志实例已初始化...
[2020-04-12 18:38:57:436] [vo.logVo.LogVo.<init>] [INFO] 日志实例已初始化...
[2020-04-12 18:38:57:437] [vo.logVo.LogVo.<init>] [INFO] 日志实例已初始化...
[2020-04-12 18:38:57:437] [vo.logVo.LogVo.<init>] [INFO] 日志实例已初始化...
[2020-04-12 18:38:57:437] [vo.logVo.LogVo.<init>] [INFO] 日志实例已初始化...
[2020-04-12 18:38:57:438] [vo.logVo.LogVo.<init>] [INFO] 日志实例已初始化...
[2020-04-12 18:38:57:438] [vo.logVo.LogVo.<init>] [INFO] 日志实例已初始化...
[2020-04-12 18:38:57:438] [vo.logVo.LogVo.<init>] [INFO] 日志实例已初始化...
[2020-04-12 18:38:57:439] [vo.logVo.LogVo.<init>] [INFO] 日志实例已初始化...
[2020-04-12 18:38:57:439] [vo.logVo.LogVo.<init>] [INFO] 日志实例已初始化...
[2020-04-12 18:38:57:439] [vo.logVo.LogVo.<init>] [INFO] 日志实例已初始化...
[2020-04-12 18:38:57:440] [vo.logVo.LogVo.<init>] [INFO] 日志实例已初始化...
[2020-04-12 18:38:57:440] [vo.logVo.LogVo.<init>] [INFO] 日志实例已初始化...
[2020-04-12 18:38:57:440] [vo.logVo.LogVo.<init>] [INFO] 日志实例已初始化...
[2020-04-12 18:38:57:441] [vo.logVo.LogVo.<init>] [INFO] 日志实例已初始化...
[2020-04-12 18:38:57:441] [vo.logVo.LogVo.<init>] [INFO] 日志实例已初始化...
[2020-04-12 18:38:57:442] [vo.logVo.LogVo.<init>] [INFO] 日志实例已初始化...
[2020-04-12 18:38:57:442] [vo.logVo.LogVo.<init>] [INFO] 日志实例已初始化...
[2020-04-12 18:38:57:443] [vo.logVo.LogVo.<init>] [INFO] 日志实例已初始化...
[2020-04-12 18:38:57:443] [vo.logVo.LogVo.<init>] [INFO] 日志实例已初始化...
[2020-04-12 18:38:57:444] [vo.logVo.LogVo.<init>] [INFO] 日志实例已初始化...
[2020-04-12 18:38:57:444] [vo.logVo.LogVo.<init>] [INFO] 日志实例已初始化...
[2020-04-12 18:38:57:447] [vo.logVo.LogVo.<init>] [INFO] 日志实例已初始化...
[2020-04-12 18:38:57:448] [vo.logVo.LogVo.<init>] [INFO] 日志实例已初始化...
[2020-04-12 18:38:57:448] [vo.logVo.LogVo.<init>] [INFO] 日志实例已初始化...
[2020-04-12 18:38:57:449] [vo.logVo.LogVo.<init>] [INFO] 日志实例已初始化...
[2020-04-12 18:38:57:449] [vo.logVo.LogVo.<init>] [INFO] 日志实例已初始化...
[2020-04-12 18:38:57:450] [vo.logVo.LogVo.<init>] [INFO] 日志实例已初始化...
[2020-04-12 18:38:57:450] [vo.logVo.LogVo.<init>] [INFO] 日志实例已初始化...
[2020-04-12 18:38:57:451] [vo.logVo.LogVo.<init>] [INFO] 日志实例已初始化...
[2020-04-12 18:38:57:451] [vo.logVo.LogVo.<init>] [INFO] 日志实例已初始化...
[2020-04-12 18:38:57:452] [vo.logVo.LogVo.<init>] [INFO] 日志实例已初始化...
[2020-04-12 18:38:57:452] [vo.logVo.LogVo.<init>] [INFO] 日志实例已初始化...
[2020-04-12 18:38:57:453] [vo.logVo.LogVo.<init>] [INFO] 日志实例已初始化...
[2020-04-12 18:38:57:453] [vo.logVo.LogVo.<init>] [INFO] 日志实例已初始化...
[2020-04-12 18:38:57:453] [vo.logVo.LogVo.<init>] [INFO] 日志实例已初始化...
[2020-04-12 18:38:57:456] [vo.logVo.LogVo.<init>] [INFO] 日志实例已初始化...
[2020-04-12 18:38:57:457] [vo.logVo.LogVo.<init>] [INFO] 日志实例已初始化...
[2020-04-12 18:38:57:458] [vo.logVo.LogVo.<init>] [INFO] 日志实例已初始化...
[2020-04-12 18:38:57:459] [vo.logVo.LogVo.<init>] [INFO] 日志实例已初始化...
[2020-04-12 18:38:57:460] [vo.logVo.LogVo.<init>] [INFO] 日志实例已初始化...
[2020-04-12 18:38:57:468] [vo.logVo.LogVo.<init>] [INFO] 日志实例已初始化...
[2020-04-12 18:38:57:468] [vo.logVo.LogVo.<init>] [INFO] 日志实例已初始化...
[2020-04-12 18:38:57:469] [vo.logVo.LogVo.<init>] [INFO] 日志实例已初始化...
[2020-04-12 18:38:57:469] [vo.logVo.LogVo.<init>] [INFO] 日志实例已初始化...
[2020-04-12 18:38:57:470] [vo.logVo.LogVo.<init>] [INFO] 日志实例已初始化...
[2020-04-12 18:38:57:470] [vo.logVo.LogVo.<init>] [INFO] 日志实例已初始化...
[2020-04-12 18:38:57:471] [vo.logVo.LogVo.<init>] [INFO] 日志实例已初始化...
[2020-04-12 18:38:57:471] [vo.logVo.LogVo.<init>] [INFO] 日志实例已初始化...
[2020-04-12 18:38:57:471] [vo.logVo.LogVo.<init>] [INFO] 日志实例已初始化...
[2020-04-12 18:38:57:472] [vo.logVo.LogVo.<init>] [INFO] 日志实例已初始化...
[2020-04-12 18:38:57:472] [vo.logVo.LogVo.<init>] [INFO] 日志实例已初始化...
[2020-04-12 18:38:57:472] [vo.logVo.LogVo.<init>] [INFO] 日志实例已初始化...
[2020-04-12 18:38:57:473] [vo.logVo.LogVo.<init>] [INFO] 日志实例已初始化...
[2020-04-12 18:38:57:473] [vo.logVo.LogVo.<init>] [INFO] 日志实例已初始化...
[2020-04-12 18:38:57:473] [vo.logVo.LogVo.<init>] [INFO] 日志实例已初始化...
[2020-04-12 18:38:57:474] [vo.logVo.LogVo.<init>] [INFO] 日志实例已初始化...
[2020-04-12 18:38:57:474] [vo.logVo.LogVo.<init>] [INFO] 日志实例已初始化...
[2020-04-12 18:38:57:474] [vo.logVo.LogVo.<init>] [INFO] 日志实例已初始化...
[2020-04-12 18:38:57:475] [vo.logVo.LogVo.<init>] [INFO] 日志实例已初始化...
[2020-04-12 18:38:57:475] [vo.logVo.LogVo.<init>] [INFO] 日志实例已初始化...
[2020-04-12 18:38:57:475] [vo.logVo.LogVo.<init>] [INFO] 日志实例已初始化...
[2020-04-12 18:38:57:475] [vo.logVo.LogVo.<init>] [INFO] 日志实例已初始化...
[2020-04-12 18:38:57:476] [vo.logVo.LogVo.<init>] [INFO] 日志实例已初始化...
[2020-04-12 18:38:57:476] [vo.logVo.LogVo.<init>] [INFO] 日志实例已初始化...
[2020-04-12 18:38:57:476] [vo.logVo.LogVo.<init>] [INFO] 日志实例已初始化...
[2020-04-12 18:38:57:477] [vo.logVo.LogVo.<init>] [INFO] 日志实例已初始化...
[2020-04-12 18:38:57:477] [vo.logVo.LogVo.<init>] [INFO] 日志实例已初始化...
[2020-04-12 18:38:57:478] [vo.logVo.LogVo.<init>] [INFO] 日志实例已初始化...
[2020-04-12 18:38:57:480] [vo.logVo.LogVo.<init>] [INFO] 日志实例已初始化...
[2020-04-12 18:38:57:481] [vo.logVo.LogVo.<init>] [INFO] 日志实例已初始化...
[2020-04-12 18:38:57:481] [vo.logVo.LogVo.<init>] [INFO] 日志实例已初始化...
[2020-04-12 18:38:57:482] [vo.logVo.LogVo.<init>] [INFO] 日志实例已初始化...
[2020-04-12 18:38:57:482] [vo.logVo.LogVo.<init>] [INFO] 日志实例已初始化...
[2020-04-12 18:38:57:483] [vo.logVo.LogVo.<init>] [INFO] 日志实例已初始化...
[2020-04-12 18:38:57:483] [vo.logVo.LogVo.<init>] [INFO] 日志实例已初始化...
[2020-04-12 18:38:57:483] [vo.logVo.LogVo.<init>] [INFO] 日志实例已初始化...
[2020-04-12 18:38:57:484] [vo.logVo.LogVo.<init>] [INFO] 日志实例已初始化...
[2020-04-12 18:38:57:484] [vo.logVo.LogVo.<init>] [INFO] 日志实例已初始化...
[2020-04-12 18:38:57:484] [vo.logVo.LogVo.<init>] [INFO] 日志实例已初始化...
[2020-04-12 18:38:57:485] [vo.logVo.LogVo.<init>] [INFO] 日志实例已初始化...
[2020-04-12 18:38:57:485] [vo.logVo.LogVo.<init>] [INFO] 日志实例已初始化...
[2020-04-12 18:38:57:485] [vo.logVo.LogVo.<init>] [INFO] 日志实例已初始化...
[2020-04-12 18:38:57:486] [vo.logVo.LogVo.<init>] [INFO] 日志实例已初始化...
[2020-04-12 18:38:57:486] [vo.logVo.LogVo.<init>] [INFO] 日志实例已初始化...
[2020-04-12 18:38:57:487] [vo.logVo.LogVo.<init>] [INFO] 日志实例已初始化...
[2020-04-12 18:38:57:487] [vo.logVo.LogVo.<init>] [INFO] 日志实例已初始化...
[2020-04-12 18:38:57:487] [vo.logVo.LogVo.<init>] [INFO] 日志实例已初始化...
[2020-04-12 18:38:57:488] [vo.logVo.LogVo.<init>] [INFO] 日志实例已初始化...
[2020-04-12 18:38:57:488] [vo.logVo.LogVo.<init>] [INFO] 日志实例已初始化...
[2020-04-12 18:38:57:488] [vo.logVo.LogVo.<init>] [INFO] 日志实例已初始化...
[2020-04-12 18:38:57:489] [vo.logVo.LogVo.<init>] [INFO] 日志实例已初始化...
[2020-04-12 18:38:57:490] [vo.logVo.LogVo.<init>] [INFO] 日志实例已初始化...
[2020-04-12 18:38:57:490] [vo.logVo.LogVo.<init>] [INFO] 日志实例已初始化...
[2020-04-12 18:38:57:491] [vo.logVo.LogVo.<init>] [INFO] 日志实例已初始化...
[2020-04-12 18:38:57:491] [vo.logVo.LogVo.<init>] [INFO] 日志实例已初始化...
[2020-04-12 18:38:57:492] [vo.logVo.LogVo.<init>] [INFO] 日志实例已初始化...
[2020-04-12 18:38:57:492] [vo.logVo.LogVo.<init>] [INFO] 日志实例已初始化...
[2020-04-12 18:38:57:492] [vo.logVo.LogVo.<init>] [INFO] 日志实例已初始化...
[2020-04-12 18:38:57:493] [vo.logVo.LogVo.<init>] [INFO] 日志实例已初始化...
[2020-04-12 18:38:57:494] [vo.logVo.LogVo.<init>] [INFO] 日志实例已初始化...
[2020-04-12 18:38:57:494] [vo.logVo.LogVo.<init>] [INFO] 日志实例已初始化...
[2020-04-12 18:38:57:494] [vo.logVo.LogVo.<init>] [INFO] 日志实例已初始化...
[2020-04-12 18:38:57:495] [vo.logVo.LogVo.<init>] [INFO] 日志实例已初始化...
[2020-04-12 18:38:57:495] [vo.logVo.LogVo.<init>] [INFO] 日志实例已初始化...
[2020-04-12 18:38:57:495] [vo.logVo.LogVo.<init>] [INFO] 日志实例已初始化...
[2020-04-12 18:38:57:496] [vo.logVo.LogVo.<init>] [INFO] 日志实例已初始化...
[2020-04-12 18:38:57:496] [vo.logVo.LogVo.<init>] [INFO] 日志实例已初始化...
[2020-04-12 18:38:57:496] [vo.logVo.LogVo.<init>] [INFO] 日志实例已初始化...
[2020-04-12 18:38:57:497] [vo.logVo.LogVo.<init>] [INFO] 日志实例已初始化...
[2020-04-12 18:38:57:498] [vo.logVo.LogVo.<init>] [INFO] 日志实例已初始化...
[2020-04-12 18:38:57:499] [vo.logVo.LogVo.<init>] [INFO] 日志实例已初始化...
[2020-04-12 18:38:57:499] [vo.logVo.LogVo.<init>] [INFO] 日志实例已初始化...
[2020-04-12 18:38:57:500] [vo.logVo.LogVo.<init>] [INFO] 日志实例已初始化...
[2020-04-12 18:38:57:500] [vo.logVo.LogVo.<init>] [INFO] 日志实例已初始化...
[2020-04-12 18:38:57:501] [vo.logVo.LogVo.<init>] [INFO] 日志实例已初始化...
[2020-04-12 18:38:57:501] [vo.logVo.LogVo.<init>] [INFO] 日志实例已初始化...
[2020-04-12 18:38:57:502] [vo.logVo.LogVo.<init>] [INFO] 日志实例已初始化...
[2020-04-12 18:38:57:503] [vo.logVo.LogVo.<init>] [INFO] 日志实例已初始化...
[2020-04-12 18:38:57:503] [vo.logVo.LogVo.<init>] [INFO] 日志实例已初始化...
[2020-04-12 18:38:57:504] [vo.logVo.LogVo.<init>] [INFO] 日志实例已初始化...
[2020-04-12 18:38:57:504] [vo.logVo.LogVo.<init>] [INFO] 日志实例已初始化...
[2020-04-12 18:38:57:505] [vo.logVo.LogVo.<init>] [INFO] 日志实例已初始化...
[2020-04-12 18:38:57:505] [vo.logVo.LogVo.<init>] [INFO] 日志实例已初始化...
[2020-04-12 18:38:57:506] [vo.logVo.LogVo.<init>] [INFO] 日志实例已初始化...
[2020-04-12 18:38:57:506] [vo.logVo.LogVo.<init>] [INFO] 日志实例已初始化...
[2020-04-12 18:38:57:507] [vo.logVo.LogVo.<init>] [INFO] 日志实例已初始化...
[2020-04-12 18:38:57:507] [vo.logVo.LogVo.<init>] [INFO] 日志实例已初始化...
[2020-04-12 18:38:57:508] [vo.logVo.LogVo.<init>] [INFO] 日志实例已初始化...
[2020-04-12 18:38:57:508] [vo.logVo.LogVo.<init>] [INFO] 日志实例已初始化...
[2020-04-12 18:38:57:509] [vo.logVo.LogVo.<init>] [INFO] 日志实例已初始化...
[2020-04-12 18:38:57:509] [vo.logVo.LogVo.<init>] [INFO] 日志实例已初始化...
[2020-04-12 18:38:57:510] [vo.logVo.LogVo.<init>] [INFO] 日志实例已初始化...
[2020-04-12 18:38:57:510] [vo.logVo.LogVo.<init>] [INFO] 日志实例已初始化...
[2020-04-12 18:38:57:511] [vo.logVo.LogVo.<init>] [INFO] 日志实例已初始化...
[2020-04-12 18:38:57:511] [vo.logVo.LogVo.<init>] [INFO] 日志实例已初始化...
[2020-04-12 18:38:57:512] [vo.logVo.LogVo.<init>] [INFO] 日志实例已初始化...
[2020-04-12 18:38:57:512] [vo.logVo.LogVo.<init>] [INFO] 日志实例已初始化...
[2020-04-12 18:38:57:513] [vo.logVo.LogVo.<init>] [INFO] 日志实例已初始化...
[2020-04-12 18:38:57:513] [vo.logVo.LogVo.<init>] [INFO] 日志实例已初始化...
[2020-04-12 18:38:57:514] [vo.logVo.LogVo.<init>] [INFO] 日志实例已初始化...
[2020-04-12 18:38:57:514] [vo.logVo.LogVo.<init>] [INFO] 日志实例已初始化...
[2020-04-12 18:38:57:515] [vo.logVo.LogVo.<init>] [INFO] 日志实例已初始化...
[2020-04-12 18:38:57:515] [vo.logVo.LogVo.<init>] [INFO] 日志实例已初始化...
[2020-04-12 18:38:57:515] [vo.logVo.LogVo.<init>] [INFO] 日志实例已初始化...
[2020-04-12 18:38:57:516] [vo.logVo.LogVo.<init>] [INFO] 日志实例已初始化...
[2020-04-12 18:38:57:516] [vo.logVo.LogVo.<init>] [INFO] 日志实例已初始化...
[2020-04-12 18:38:57:517] [vo.logVo.LogVo.<init>] [INFO] 日志实例已初始化...
[2020-04-12 18:38:57:517] [vo.logVo.LogVo.<init>] [INFO] 日志实例已初始化...
[2020-04-12 18:38:57:518] [vo.logVo.LogVo.<init>] [INFO] 日志实例已初始化...
[2020-04-12 18:38:57:518] [vo.logVo.LogVo.<init>] [INFO] 日志实例已初始化...
[2020-04-12 18:38:57:518] [vo.logVo.LogVo.<init>] [INFO] 日志实例已初始化...
[2020-04-12 18:38:57:519] [vo.logVo.LogVo.<init>] [INFO] 日志实例已初始化...
[2020-04-12 18:38:57:519] [vo.logVo.LogVo.<init>] [INFO] 日志实例已初始化...
[2020-04-12 18:38:57:520] [vo.logVo.LogVo.<init>] [INFO] 日志实例已初始化...
[2020-04-12 18:38:57:520] [vo.logVo.LogVo.<init>] [INFO] 日志实例已初始化...
[2020-04-12 18:38:57:520] [vo.logVo.LogVo.<init>] [INFO] 日志实例已初始化...
[2020-04-12 18:38:57:520] [vo.logVo.LogVo.<init>] [INFO] 日志实例已初始化...
[2020-04-12 18:38:57:521] [vo.logVo.LogVo.<init>] [INFO] 日志实例已初始化...
[2020-04-12 18:38:57:521] [vo.logVo.LogVo.<init>] [INFO] 日志实例已初始化...
[2020-04-12 18:38:57:521] [vo.logVo.LogVo.<init>] [INFO] 日志实例已初始化...
[2020-04-12 18:38:57:522] [vo.logVo.LogVo.<init>] [INFO] 日志实例已初始化...
[2020-04-12 18:38:57:522] [vo.logVo.LogVo.<init>] [INFO] 日志实例已初始化...
[2020-04-12 18:38:57:523] [vo.logVo.LogVo.<init>] [INFO] 日志实例已初始化...
[2020-04-12 18:38:57:523] [vo.logVo.LogVo.<init>] [INFO] 日志实例已初始化...
[2020-04-12 18:38:57:523] [vo.logVo.LogVo.<init>] [INFO] 日志实例已初始化...
[2020-04-12 18:38:57:524] [vo.logVo.LogVo.<init>] [INFO] 日志实例已初始化...
[2020-04-12 18:38:57:524] [vo.logVo.LogVo.<init>] [INFO] 日志实例已初始化...
[2020-04-12 18:38:57:524] [vo.logVo.LogVo.<init>] [INFO] 日志实例已初始化...
[2020-04-12 18:38:57:524] [vo.logVo.LogVo.<init>] [INFO] 日志实例已初始化...
[2020-04-12 18:38:57:525] [vo.logVo.LogVo.<init>] [INFO] 日志实例已初始化...
[2020-04-12 18:38:57:525] [vo.logVo.LogVo.<init>] [INFO] 日志实例已初始化...
[2020-04-12 18:38:57:525] [vo.logVo.LogVo.<init>] [INFO] 日志实例已初始化...
[2020-04-12 18:38:57:526] [vo.logVo.LogVo.<init>] [INFO] 日志实例已初始化...
[2020-04-12 18:38:57:526] [vo.logVo.LogVo.<init>] [INFO] 日志实例已初始化...
[2020-04-12 18:38:57:527] [vo.logVo.LogVo.<init>] [INFO] 日志实例已初始化...
[2020-04-12 18:38:57:527] [vo.logVo.LogVo.<init>] [INFO] 日志实例已初始化...
[2020-04-12 18:38:57:527] [vo.logVo.LogVo.<init>] [INFO] 日志实例已初始化...
[2020-04-12 18:38:57:528] [vo.logVo.LogVo.<init>] [INFO] 日志实例已初始化...
[2020-04-12 18:38:57:528] [vo.logVo.LogVo.<init>] [INFO] 日志实例已初始化...
[2020-04-12 18:38:57:528] [vo.logVo.LogVo.<init>] [INFO] 日志实例已初始化...
[2020-04-12 18:38:57:528] [vo.logVo.LogVo.<init>] [INFO] 日志实例已初始化...
[2020-04-12 18:38:57:529] [vo.logVo.LogVo.<init>] [INFO] 日志实例已初始化...
[2020-04-12 18:38:57:530] [vo.logVo.LogVo.<init>] [INFO] 日志实例已初始化...
[2020-04-12 18:38:57:530] [vo.logVo.LogVo.<init>] [INFO] 日志实例已初始化...
[2020-04-12 18:38:57:531] [vo.logVo.LogVo.<init>] [INFO] 日志实例已初始化...
[2020-04-12 18:38:57:531] [vo.logVo.LogVo.<init>] [INFO] 日志实例已初始化...
[2020-04-12 18:38:57:531] [vo.logVo.LogVo.<init>] [INFO] 日志实例已初始化...
[2020-04-12 18:38:57:532] [vo.logVo.LogVo.<init>] [INFO] 日志实例已初始化...
[2020-04-12 18:38:57:532] [vo.logVo.LogVo.<init>] [INFO] 日志实例已初始化...
[2020-04-12 18:38:57:532] [vo.logVo.LogVo.<init>] [INFO] 日志实例已初始化...
[2020-04-12 18:38:57:532] [vo.logVo.LogVo.<init>] [INFO] 日志实例已初始化...
[2020-04-12 18:38:57:533] [vo.logVo.LogVo.<init>] [INFO] 日志实例已初始化...
[2020-04-12 18:38:57:533] [vo.logVo.LogVo.<init>] [INFO] 日志实例已初始化...
[2020-04-12 18:38:57:533] [vo.logVo.LogVo.<init>] [INFO] 日志实例已初始化...
[2020-04-12 18:38:57:533] [vo.logVo.LogVo.<init>] [INFO] 日志实例已初始化...
[2020-04-12 18:38:57:534] [vo.logVo.LogVo.<init>] [INFO] 日志实例已初始化...
[2020-04-12 18:38:57:534] [vo.logVo.LogVo.<init>] [INFO] 日志实例已初始化...
[2020-04-12 18:38:57:534] [vo.logVo.LogVo.<init>] [INFO] 日志实例已初始化...
[2020-04-12 18:38:57:535] [vo.logVo.LogVo.<init>] [INFO] 日志实例已初始化...
[2020-04-12 18:38:57:535] [vo.logVo.LogVo.<init>] [INFO] 日志实例已初始化...
[2020-04-12 18:38:57:535] [vo.logVo.LogVo.<init>] [INFO] 日志实例已初始化...
[2020-04-12 18:38:57:535] [vo.logVo.LogVo.<init>] [INFO] 日志实例已初始化...
[2020-04-12 18:38:57:536] [vo.logVo.LogVo.<init>] [INFO] 日志实例已初始化...
[2020-04-12 18:38:57:536] [vo.logVo.LogVo.<init>] [INFO] 日志实例已初始化...
[2020-04-12 18:38:57:536] [vo.logVo.LogVo.<init>] [INFO] 日志实例已初始化...
[2020-04-12 18:38:57:548] [vo.logVo.LogVo.<init>] [INFO] 日志实例已初始化...
[2020-04-12 18:38:57:551] [vo.logVo.LogVo.<init>] [INFO] 日志实例已初始化...
[2020-04-12 18:38:57:641] [action.userAction.LoginAction.execute] [INFO] admin 登录成功,登录时间:2020-04-12 18:38:57
[2020-04-12 18:39:02:720] [vo.logVo.LogVo.<init>] [INFO] 日志实例已初始化...
[2020-04-12 18:39:02:721] [vo.logVo.LogVo.<init>] [INFO] 日志实例已初始化...
[2020-04-12 18:39:02:722] [vo.logVo.LogVo.<init>] [INFO] 日志实例已初始化...
[2020-04-12 18:39:02:723] [vo.logVo.LogVo.<init>] [INFO] 日志实例已初始化...
[2020-04-12 18:39:02:724] [vo.logVo.LogVo.<init>] [INFO] 日志实例已初始化...
[2020-04-12 18:39:02:725] [vo.logVo.LogVo.<init>] [INFO] 日志实例已初始化...
[2020-04-12 18:39:02:725] [vo.logVo.LogVo.<init>] [INFO] 日志实例已初始化...
[2020-04-12 18:39:02:726] [vo.logVo.LogVo.<init>] [INFO] 日志实例已初始化...
[2020-04-12 18:39:02:727] [vo.logVo.LogVo.<init>] [INFO] 日志实例已初始化...
[2020-04-12 18:39:02:728] [vo.logVo.LogVo.<init>] [INFO] 日志实例已初始化...
[2020-04-12 18:39:02:728] [vo.logVo.LogVo.<init>] [INFO] 日志实例已初始化...
[2020-04-12 18:39:02:729] [vo.logVo.LogVo.<init>] [INFO] 日志实例已初始化...
[2020-04-12 18:39:02:729] [vo.logVo.LogVo.<init>] [INFO] 日志实例已初始化...
[2020-04-12 18:39:02:730] [vo.logVo.LogVo.<init>] [INFO] 日志实例已初始化...
[2020-04-12 18:39:02:730] [vo.logVo.LogVo.<init>] [INFO] 日志实例已初始化...
[2020-04-12 18:39:02:731] [vo.logVo.LogVo.<init>] [INFO] 日志实例已初始化...
[2020-04-12 18:39:02:732] [vo.logVo.LogVo.<init>] [INFO] 日志实例已初始化...
[2020-04-12 18:39:02:732] [vo.logVo.LogVo.<init>] [INFO] 日志实例已初始化...
[2020-04-12 18:39:02:733] [vo.logVo.LogVo.<init>] [INFO] 日志实例已初始化...
[2020-04-12 18:39:02:734] [vo.logVo.LogVo.<init>] [INFO] 日志实例已初始化...
[2020-04-12 18:39:02:734] [vo.logVo.LogVo.<init>] [INFO] 日志实例已初始化...
[2020-04-12 18:39:02:735] [vo.logVo.LogVo.<init>] [INFO] 日志实例已初始化...
[2020-04-12 18:39:02:735] [vo.logVo.LogVo.<init>] [INFO] 日志实例已初始化...
[2020-04-12 18:39:02:736] [vo.logVo.LogVo.<init>] [INFO] 日志实例已初始化...
[2020-04-12 18:39:02:736] [vo.logVo.LogVo.<init>] [INFO] 日志实例已初始化...
[2020-04-12 18:39:02:737] [vo.logVo.LogVo.<init>] [INFO] 日志实例已初始化...
[2020-04-12 18:39:02:737] [vo.logVo.LogVo.<init>] [INFO] 日志实例已初始化...
[2020-04-12 18:39:02:738] [vo.logVo.LogVo.<init>] [INFO] 日志实例已初始化...
[2020-04-12 18:39:02:738] [vo.logVo.LogVo.<init>] [INFO] 日志实例已初始化...
[2020-04-12 18:39:02:739] [vo.logVo.LogVo.<init>] [INFO] 日志实例已初始化...
[2020-04-12 18:39:02:739] [vo.logVo.LogVo.<init>] [INFO] 日志实例已初始化...
[2020-04-12 18:39:02:740] [vo.logVo.LogVo.<init>] [INFO] 日志实例已初始化...
[2020-04-12 18:39:02:740] [vo.logVo.LogVo.<init>] [INFO] 日志实例已初始化...
[2020-04-12 18:39:02:741] [vo.logVo.LogVo.<init>] [INFO] 日志实例已初始化...
[2020-04-12 18:39:02:741] [vo.logVo.LogVo.<init>] [INFO] 日志实例已初始化...
[2020-04-12 18:39:02:742] [vo.logVo.LogVo.<init>] [INFO] 日志实例已初始化...
[2020-04-12 18:39:02:743] [vo.logVo.LogVo.<init>] [INFO] 日志实例已初始化...
[2020-04-12 18:39:02:744] [vo.logVo.LogVo.<init>] [INFO] 日志实例已初始化...
[2020-04-12 18:39:02:744] [vo.logVo.LogVo.<init>] [INFO] 日志实例已初始化...
[2020-04-12 18:39:02:745] [vo.logVo.LogVo.<init>] [INFO] 日志实例已初始化...
[2020-04-12 18:39:02:745] [vo.logVo.LogVo.<init>] [INFO] 日志实例已初始化...
[2020-04-12 18:39:02:747] [vo.logVo.LogVo.<init>] [INFO] 日志实例已初始化...
[2020-04-12 18:39:02:748] [vo.logVo.LogVo.<init>] [INFO] 日志实例已初始化...
[2020-04-12 18:39:02:748] [vo.logVo.LogVo.<init>] [INFO] 日志实例已初始化...
[2020-04-12 18:39:02:749] [vo.logVo.LogVo.<init>] [INFO] 日志实例已初始化...
[2020-04-12 18:39:02:749] [vo.logVo.LogVo.<init>] [INFO] 日志实例已初始化...
[2020-04-12 18:39:02:750] [vo.logVo.LogVo.<init>] [INFO] 日志实例已初始化...
[2020-04-12 18:39:02:751] [vo.logVo.LogVo.<init>] [INFO] 日志实例已初始化...
[2020-04-12 18:39:02:751] [vo.logVo.LogVo.<init>] [INFO] 日志实例已初始化...
[2020-04-12 18:39:02:752] [vo.logVo.LogVo.<init>] [INFO] 日志实例已初始化...
[2020-04-12 18:39:02:752] [vo.logVo.LogVo.<init>] [INFO] 日志实例已初始化...
[2020-04-12 18:39:02:753] [vo.logVo.LogVo.<init>] [INFO] 日志实例已初始化...
[2020-04-12 18:39:02:753] [vo.logVo.LogVo.<init>] [INFO] 日志实例已初始化...
[2020-04-12 18:39:02:754] [vo.logVo.LogVo.<init>] [INFO] 日志实例已初始化...
[2020-04-12 18:39:02:755] [vo.logVo.LogVo.<init>] [INFO] 日志实例已初始化...
[2020-04-12 18:39:02:755] [vo.logVo.LogVo.<init>] [INFO] 日志实例已初始化...
[2020-04-12 18:39:02:756] [vo.logVo.LogVo.<init>] [INFO] 日志实例已初始化...
[2020-04-12 18:39:02:756] [vo.logVo.LogVo.<init>] [INFO] 日志实例已初始化...
[2020-04-12 18:39:02:757] [vo.logVo.LogVo.<init>] [INFO] 日志实例已初始化...
[2020-04-12 18:39:02:757] [vo.logVo.LogVo.<init>] [INFO] 日志实例已初始化...
[2020-04-12 18:39:02:758] [vo.logVo.LogVo.<init>] [INFO] 日志实例已初始化...
[2020-04-12 18:39:02:758] [vo.logVo.LogVo.<init>] [INFO] 日志实例已初始化...
[2020-04-12 18:39:02:759] [vo.logVo.LogVo.<init>] [INFO] 日志实例已初始化...
[2020-04-12 18:39:02:759] [vo.logVo.LogVo.<init>] [INFO] 日志实例已初始化...
[2020-04-12 18:39:02:760] [vo.logVo.LogVo.<init>] [INFO] 日志实例已初始化...
[2020-04-12 18:39:02:761] [vo.logVo.LogVo.<init>] [INFO] 日志实例已初始化...
[2020-04-12 18:39:02:761] [vo.logVo.LogVo.<init>] [INFO] 日志实例已初始化...
[2020-04-12 18:39:02:762] [vo.logVo.LogVo.<init>] [INFO] 日志实例已初始化...
[2020-04-12 18:39:02:762] [vo.logVo.LogVo.<init>] [INFO] 日志实例已初始化...
[2020-04-12 18:39:02:763] [vo.logVo.LogVo.<init>] [INFO] 日志实例已初始化...
[2020-04-12 18:39:02:764] [vo.logVo.LogVo.<init>] [INFO] 日志实例已初始化...
[2020-04-12 18:39:02:764] [vo.logVo.LogVo.<init>] [INFO] 日志实例已初始化...
[2020-04-12 18:39:02:766] [vo.logVo.LogVo.<init>] [INFO] 日志实例已初始化...
[2020-04-12 18:39:02:767] [vo.logVo.LogVo.<init>] [INFO] 日志实例已初始化...
[2020-04-12 18:39:02:767] [vo.logVo.LogVo.<init>] [INFO] 日志实例已初始化...
[2020-04-12 18:39:02:768] [vo.logVo.LogVo.<init>] [INFO] 日志实例已初始化...
[2020-04-12 18:39:02:769] [vo.logVo.LogVo.<init>] [INFO] 日志实例已初始化...
[2020-04-12 18:39:02:769] [vo.logVo.LogVo.<init>] [INFO] 日志实例已初始化...
[2020-04-12 18:39:02:770] [vo.logVo.LogVo.<init>] [INFO] 日志实例已初始化...
[2020-04-12 18:39:02:771] [vo.logVo.LogVo.<init>] [INFO] 日志实例已初始化...
[2020-04-12 18:39:02:772] [vo.logVo.LogVo.<init>] [INFO] 日志实例已初始化...
[2020-04-12 18:39:02:772] [vo.logVo.LogVo.<init>] [INFO] 日志实例已初始化...
[2020-04-12 18:39:02:773] [vo.logVo.LogVo.<init>] [INFO] 日志实例已初始化...
[2020-04-12 18:39:02:774] [vo.logVo.LogVo.<init>] [INFO] 日志实例已初始化...
[2020-04-12 18:39:02:774] [vo.logVo.LogVo.<init>] [INFO] 日志实例已初始化...
[2020-04-12 18:39:02:775] [vo.logVo.LogVo.<init>] [INFO] 日志实例已初始化...
[2020-04-12 18:39:02:775] [vo.logVo.LogVo.<init>] [INFO] 日志实例已初始化...
[2020-04-12 18:39:02:776] [vo.logVo.LogVo.<init>] [INFO] 日志实例已初始化...
[2020-04-12 18:39:02:777] [vo.logVo.LogVo.<init>] [INFO] 日志实例已初始化...
[2020-04-12 18:39:02:778] [vo.logVo.LogVo.<init>] [INFO] 日志实例已初始化...
[2020-04-12 18:39:02:778] [vo.logVo.LogVo.<init>] [INFO] 日志实例已初始化...
[2020-04-12 18:39:02:779] [vo.logVo.LogVo.<init>] [INFO] 日志实例已初始化...
[2020-04-12 18:39:02:780] [vo.logVo.LogVo.<init>] [INFO] 日志实例已初始化...
[2020-04-12 18:39:02:780] [vo.logVo.LogVo.<init>] [INFO] 日志实例已初始化...
[2020-04-12 18:39:02:781] [vo.logVo.LogVo.<init>] [INFO] 日志实例已初始化...
[2020-04-12 18:39:02:781] [vo.logVo.LogVo.<init>] [INFO] 日志实例已初始化...
[2020-04-12 18:39:02:782] [vo.logVo.LogVo.<init>] [INFO] 日志实例已初始化...
[2020-04-12 18:39:02:783] [vo.logVo.LogVo.<init>] [INFO] 日志实例已初始化...
[2020-04-12 18:39:02:783] [vo.logVo.LogVo.<init>] [INFO] 日志实例已初始化...
[2020-04-12 18:39:02:783] [vo.logVo.LogVo.<init>] [INFO] 日志实例已初始化...
[2020-04-12 18:39:02:784] [vo.logVo.LogVo.<init>] [INFO] 日志实例已初始化...
[2020-04-12 18:39:02:785] [vo.logVo.LogVo.<init>] [INFO] 日志实例已初始化...
[2020-04-12 18:39:02:785] [vo.logVo.LogVo.<init>] [INFO] 日志实例已初始化...
[2020-04-12 18:39:02:786] [vo.logVo.LogVo.<init>] [INFO] 日志实例已初始化...
[2020-04-12 18:39:02:787] [vo.logVo.LogVo.<init>] [INFO] 日志实例已初始化...
[2020-04-12 18:39:02:789] [vo.logVo.LogVo.<init>] [INFO] 日志实例已初始化...
[2020-04-12 18:39:02:789] [vo.logVo.LogVo.<init>] [INFO] 日志实例已初始化...
[2020-04-12 18:39:02:790] [vo.logVo.LogVo.<init>] [INFO] 日志实例已初始化...
[2020-04-12 18:39:02:790] [vo.logVo.LogVo.<init>] [INFO] 日志实例已初始化...
[2020-04-12 18:39:02:791] [vo.logVo.LogVo.<init>] [INFO] 日志实例已初始化...
[2020-04-12 18:39:02:794] [vo.logVo.LogVo.<init>] [INFO] 日志实例已初始化...
[2020-04-12 18:39:02:795] [vo.logVo.LogVo.<init>] [INFO] 日志实例已初始化...
[2020-04-12 18:39:02:796] [vo.logVo.LogVo.<init>] [INFO] 日志实例已初始化...
[2020-04-12 18:39:02:796] [vo.logVo.LogVo.<init>] [INFO] 日志实例已初始化...
[2020-04-12 18:39:02:797] [vo.logVo.LogVo.<init>] [INFO] 日志实例已初始化...
[2020-04-12 18:39:02:797] [vo.logVo.LogVo.<init>] [INFO] 日志实例已初始化...
[2020-04-12 18:39:02:798] [vo.logVo.LogVo.<init>] [INFO] 日志实例已初始化...
[2020-04-12 18:39:02:798] [vo.logVo.LogVo.<init>] [INFO] 日志实例已初始化...
[2020-04-12 18:39:02:799] [vo.logVo.LogVo.<init>] [INFO] 日志实例已初始化...
[2020-04-12 18:39:02:799] [vo.logVo.LogVo.<init>] [INFO] 日志实例已初始化...
[2020-04-12 18:39:02:799] [vo.logVo.LogVo.<init>] [INFO] 日志实例已初始化...
[2020-04-12 18:39:02:800] [vo.logVo.LogVo.<init>] [INFO] 日志实例已初始化...
[2020-04-12 18:39:02:801] [vo.logVo.LogVo.<init>] [INFO] 日志实例已初始化...
[2020-04-12 18:39:02:802] [vo.logVo.LogVo.<init>] [INFO] 日志实例已初始化...
[2020-04-12 18:39:02:802] [vo.logVo.LogVo.<init>] [INFO] 日志实例已初始化...
[2020-04-12 18:39:02:802] [vo.logVo.LogVo.<init>] [INFO] 日志实例已初始化...
[2020-04-12 18:39:02:803] [vo.logVo.LogVo.<init>] [INFO] 日志实例已初始化...
[2020-04-12 18:39:02:803] [vo.logVo.LogVo.<init>] [INFO] 日志实例已初始化...
[2020-04-12 18:39:02:804] [vo.logVo.LogVo.<init>] [INFO] 日志实例已初始化...
[2020-04-12 18:39:02:804] [vo.logVo.LogVo.<init>] [INFO] 日志实例已初始化...
[2020-04-12 18:39:02:805] [vo.logVo.LogVo.<init>] [INFO] 日志实例已初始化...
[2020-04-12 18:39:02:806] [vo.logVo.LogVo.<init>] [INFO] 日志实例已初始化...
[2020-04-12 18:39:02:807] [vo.logVo.LogVo.<init>] [INFO] 日志实例已初始化...
[2020-04-12 18:39:02:807] [vo.logVo.LogVo.<init>] [INFO] 日志实例已初始化...
[2020-04-12 18:39:02:808] [vo.logVo.LogVo.<init>] [INFO] 日志实例已初始化...
[2020-04-12 18:39:02:809] [vo.logVo.LogVo.<init>] [INFO] 日志实例已初始化...
[2020-04-12 18:39:02:810] [vo.logVo.LogVo.<init>] [INFO] 日志实例已初始化...
[2020-04-12 18:39:02:810] [vo.logVo.LogVo.<init>] [INFO] 日志实例已初始化...
[2020-04-12 18:39:02:811] [vo.logVo.LogVo.<init>] [INFO] 日志实例已初始化...
[2020-04-12 18:39:02:812] [vo.logVo.LogVo.<init>] [INFO] 日志实例已初始化...
[2020-04-12 18:39:02:812] [vo.logVo.LogVo.<init>] [INFO] 日志实例已初始化...
[2020-04-12 18:39:02:813] [vo.logVo.LogVo.<init>] [INFO] 日志实例已初始化...
[2020-04-12 18:39:02:813] [vo.logVo.LogVo.<init>] [INFO] 日志实例已初始化...
[2020-04-12 18:39:02:814] [vo.logVo.LogVo.<init>] [INFO] 日志实例已初始化...
[2020-04-12 18:39:02:815] [vo.logVo.LogVo.<init>] [INFO] 日志实例已初始化...
[2020-04-12 18:39:02:827] [vo.logVo.LogVo.<init>] [INFO] 日志实例已初始化...
[2020-04-12 18:39:02:827] [vo.logVo.LogVo.<init>] [INFO] 日志实例已初始化...
[2020-04-12 18:39:02:828] [vo.logVo.LogVo.<init>] [INFO] 日志实例已初始化...
[2020-04-12 18:39:02:828] [vo.logVo.LogVo.<init>] [INFO] 日志实例已初始化...
[2020-04-12 18:39:02:829] [vo.logVo.LogVo.<init>] [INFO] 日志实例已初始化...
[2020-04-12 18:39:02:830] [vo.logVo.LogVo.<init>] [INFO] 日志实例已初始化...
[2020-04-12 18:39:02:830] [vo.logVo.LogVo.<init>] [INFO] 日志实例已初始化...
[2020-04-12 18:39:02:831] [vo.logVo.LogVo.<init>] [INFO] 日志实例已初始化...
[2020-04-12 18:39:02:831] [vo.logVo.LogVo.<init>] [INFO] 日志实例已初始化...
[2020-04-12 18:39:02:831] [vo.logVo.LogVo.<init>] [INFO] 日志实例已初始化...
[2020-04-12 18:39:02:832] [vo.logVo.LogVo.<init>] [INFO] 日志实例已初始化...
[2020-04-12 18:39:02:834] [vo.logVo.LogVo.<init>] [INFO] 日志实例已初始化...
[2020-04-12 18:39:02:834] [vo.logVo.LogVo.<init>] [INFO] 日志实例已初始化...
[2020-04-12 18:39:02:835] [vo.logVo.LogVo.<init>] [INFO] 日志实例已初始化...
[2020-04-12 18:39:02:836] [vo.logVo.LogVo.<init>] [INFO] 日志实例已初始化...
[2020-04-12 18:39:02:837] [vo.logVo.LogVo.<init>] [INFO] 日志实例已初始化...
[2020-04-12 18:39:02:838] [vo.logVo.LogVo.<init>] [INFO] 日志实例已初始化...
[2020-04-12 18:39:02:838] [vo.logVo.LogVo.<init>] [INFO] 日志实例已初始化...
[2020-04-12 18:39:02:839] [vo.logVo.LogVo.<init>] [INFO] 日志实例已初始化...
[2020-04-12 18:39:02:839] [vo.logVo.LogVo.<init>] [INFO] 日志实例已初始化...
[2020-04-12 18:39:02:840] [vo.logVo.LogVo.<init>] [INFO] 日志实例已初始化...
[2020-04-12 18:39:02:840] [vo.logVo.LogVo.<init>] [INFO] 日志实例已初始化...
[2020-04-12 18:39:02:842] [vo.logVo.LogVo.<init>] [INFO] 日志实例已初始化...
[2020-04-12 18:39:02:843] [vo.logVo.LogVo.<init>] [INFO] 日志实例已初始化...
[2020-04-12 18:39:02:845] [vo.logVo.LogVo.<init>] [INFO] 日志实例已初始化...
[2020-04-12 18:39:02:845] [vo.logVo.LogVo.<init>] [INFO] 日志实例已初始化...
[2020-04-12 18:39:02:846] [vo.logVo.LogVo.<init>] [INFO] 日志实例已初始化...
[2020-04-12 18:39:02:847] [vo.logVo.LogVo.<init>] [INFO] 日志实例已初始化...
[2020-04-12 18:39:02:847] [vo.logVo.LogVo.<init>] [INFO] 日志实例已初始化...
[2020-04-12 18:39:02:848] [vo.logVo.LogVo.<init>] [INFO] 日志实例已初始化...
[2020-04-12 18:39:02:848] [vo.logVo.LogVo.<init>] [INFO] 日志实例已初始化...
[2020-04-12 18:39:02:848] [vo.logVo.LogVo.<init>] [INFO] 日志实例已初始化...
[2020-04-12 18:39:02:849] [vo.logVo.LogVo.<init>] [INFO] 日志实例已初始化...
[2020-04-12 18:39:02:849] [vo.logVo.LogVo.<init>] [INFO] 日志实例已初始化...
[2020-04-12 18:39:02:851] [vo.logVo.LogVo.<init>] [INFO] 日志实例已初始化...
[2020-04-12 18:39:02:851] [vo.logVo.LogVo.<init>] [INFO] 日志实例已初始化...
[2020-04-12 18:39:02:851] [vo.logVo.LogVo.<init>] [INFO] 日志实例已初始化...
[2020-04-12 18:39:02:852] [vo.logVo.LogVo.<init>] [INFO] 日志实例已初始化...
[2020-04-12 18:39:02:854] [vo.logVo.LogVo.<init>] [INFO] 日志实例已初始化...
[2020-04-12 18:39:02:855] [vo.logVo.LogVo.<init>] [INFO] 日志实例已初始化...
[2020-04-12 18:39:02:855] [vo.logVo.LogVo.<init>] [INFO] 日志实例已初始化...
[2020-04-12 18:39:02:856] [vo.logVo.LogVo.<init>] [INFO] 日志实例已初始化...
[2020-04-12 18:39:02:857] [vo.logVo.LogVo.<init>] [INFO] 日志实例已初始化...
[2020-04-12 18:39:02:858] [vo.logVo.LogVo.<init>] [INFO] 日志实例已初始化...
[2020-04-12 18:39:02:859] [vo.logVo.LogVo.<init>] [INFO] 日志实例已初始化...
[2020-04-12 18:39:02:859] [vo.logVo.LogVo.<init>] [INFO] 日志实例已初始化...
[2020-04-12 18:39:02:860] [vo.logVo.LogVo.<init>] [INFO] 日志实例已初始化...
[2020-04-12 18:39:02:861] [vo.logVo.LogVo.<init>] [INFO] 日志实例已初始化...
[2020-04-12 18:39:02:861] [vo.logVo.LogVo.<init>] [INFO] 日志实例已初始化...
[2020-04-12 18:39:02:862] [vo.logVo.LogVo.<init>] [INFO] 日志实例已初始化...
[2020-04-12 18:39:02:862] [vo.logVo.LogVo.<init>] [INFO] 日志实例已初始化...
[2020-04-12 18:39:02:875] [vo.logVo.LogVo.<init>] [INFO] 日志实例已初始化...
[2020-04-12 18:39:02:875] [vo.logVo.LogVo.<init>] [INFO] 日志实例已初始化...
[2020-04-12 18:39:02:876] [vo.logVo.LogVo.<init>] [INFO] 日志实例已初始化...
[2020-04-12 18:39:02:880] [vo.logVo.LogVo.<init>] [INFO] 日志实例已初始化...
[2020-04-12 18:39:02:881] [vo.logVo.LogVo.<init>] [INFO] 日志实例已初始化...
[2020-04-12 18:39:02:882] [vo.logVo.LogVo.<init>] [INFO] 日志实例已初始化...
[2020-04-12 18:39:02:882] [vo.logVo.LogVo.<init>] [INFO] 日志实例已初始化...
[2020-04-12 18:39:02:883] [vo.logVo.LogVo.<init>] [INFO] 日志实例已初始化...
[2020-04-12 18:39:02:883] [vo.logVo.LogVo.<init>] [INFO] 日志实例已初始化...
[2020-04-12 18:39:02:884] [vo.logVo.LogVo.<init>] [INFO] 日志实例已初始化...
[2020-04-12 18:39:02:884] [vo.logVo.LogVo.<init>] [INFO] 日志实例已初始化...
[2020-04-12 18:39:02:885] [vo.logVo.LogVo.<init>] [INFO] 日志实例已初始化...
[2020-04-12 18:39:02:885] [vo.logVo.LogVo.<init>] [INFO] 日志实例已初始化...
[2020-04-12 18:39:02:889] [vo.logVo.LogVo.<init>] [INFO] 日志实例已初始化...
[2020-04-12 18:39:02:892] [vo.logVo.LogVo.<init>] [INFO] 日志实例已初始化...
[2020-04-12 18:39:02:893] [vo.logVo.LogVo.<init>] [INFO] 日志实例已初始化...
[2020-04-12 18:39:02:893] [vo.logVo.LogVo.<init>] [INFO] 日志实例已初始化...
[2020-04-12 18:39:02:893] [vo.logVo.LogVo.<init>] [INFO] 日志实例已初始化...
[2020-04-12 18:39:02:894] [vo.logVo.LogVo.<init>] [INFO] 日志实例已初始化...
[2020-04-12 18:39:02:894] [vo.logVo.LogVo.<init>] [INFO] 日志实例已初始化...
[2020-04-12 18:39:02:895] [vo.logVo.LogVo.<init>] [INFO] 日志实例已初始化...
[2020-04-12 18:39:02:896] [vo.logVo.LogVo.<init>] [INFO] 日志实例已初始化...
[2020-04-12 18:39:02:897] [vo.logVo.LogVo.<init>] [INFO] 日志实例已初始化...
[2020-04-12 18:39:02:897] [vo.logVo.LogVo.<init>] [INFO] 日志实例已初始化...
[2020-04-12 18:39:02:900] [vo.logVo.LogVo.<init>] [INFO] 日志实例已初始化...
[2020-04-12 18:39:02:900] [vo.logVo.LogVo.<init>] [INFO] 日志实例已初始化...
[2020-04-12 18:39:02:901] [vo.logVo.LogVo.<init>] [INFO] 日志实例已初始化...
[2020-04-12 18:39:02:901] [vo.logVo.LogVo.<init>] [INFO] 日志实例已初始化...
[2020-04-12 18:39:02:901] [vo.logVo.LogVo.<init>] [INFO] 日志实例已初始化...
[2020-04-12 18:39:02:902] [vo.logVo.LogVo.<init>] [INFO] 日志实例已初始化...
[2020-04-12 18:39:02:902] [vo.logVo.LogVo.<init>] [INFO] 日志实例已初始化...
[2020-04-12 18:39:02:903] [vo.logVo.LogVo.<init>] [INFO] 日志实例已初始化...
[2020-04-12 18:39:02:904] [vo.logVo.LogVo.<init>] [INFO] 日志实例已初始化...
[2020-04-12 18:39:02:904] [vo.logVo.LogVo.<init>] [INFO] 日志实例已初始化...
[2020-04-12 18:39:02:905] [vo.logVo.LogVo.<init>] [INFO] 日志实例已初始化...
[2020-04-12 18:39:02:905] [vo.logVo.LogVo.<init>] [INFO] 日志实例已初始化...
[2020-04-12 18:39:02:908] [vo.logVo.LogVo.<init>] [INFO] 日志实例已初始化...
[2020-04-12 18:39:02:909] [vo.logVo.LogVo.<init>] [INFO] 日志实例已初始化...
[2020-04-12 18:39:02:910] [vo.logVo.LogVo.<init>] [INFO] 日志实例已初始化...
[2020-04-12 18:39:02:910] [vo.logVo.LogVo.<init>] [INFO] 日志实例已初始化...
[2020-04-12 18:39:02:911] [vo.logVo.LogVo.<init>] [INFO] 日志实例已初始化...
[2020-04-12 18:39:02:911] [vo.logVo.LogVo.<init>] [INFO] 日志实例已初始化...
[2020-04-12 18:39:02:913] [vo.logVo.LogVo.<init>] [INFO] 日志实例已初始化...
[2020-04-12 18:39:02:914] [vo.logVo.LogVo.<init>] [INFO] 日志实例已初始化...
[2020-04-12 18:39:02:918] [vo.logVo.LogVo.<init>] [INFO] 日志实例已初始化...
[2020-04-12 18:39:02:919] [vo.logVo.LogVo.<init>] [INFO] 日志实例已初始化...
[2020-04-12 18:39:02:920] [vo.logVo.LogVo.<init>] [INFO] 日志实例已初始化...
[2020-04-12 18:39:02:922] [vo.logVo.LogVo.<init>] [INFO] 日志实例已初始化...
[2020-04-12 18:39:02:963] [vo.logVo.LogVo.<init>] [INFO] 日志实例已初始化...
[2020-04-12 18:39:02:964] [vo.logVo.LogVo.<init>] [INFO] 日志实例已初始化...
[2020-04-12 18:39:02:965] [vo.logVo.LogVo.<init>] [INFO] 日志实例已初始化...
[2020-04-12 18:39:02:965] [vo.logVo.LogVo.<init>] [INFO] 日志实例已初始化...
[2020-04-12 18:39:02:966] [vo.logVo.LogVo.<init>] [INFO] 日志实例已初始化...
[2020-04-12 18:39:02:966] [vo.logVo.LogVo.<init>] [INFO] 日志实例已初始化...
[2020-04-12 18:39:02:967] [vo.logVo.LogVo.<init>] [INFO] 日志实例已初始化...
[2020-04-12 18:39:02:967] [vo.logVo.LogVo.<init>] [INFO] 日志实例已初始化...
[2020-04-12 18:39:02:968] [vo.logVo.LogVo.<init>] [INFO] 日志实例已初始化...
[2020-04-12 18:39:02:968] [vo.logVo.LogVo.<init>] [INFO] 日志实例已初始化...
[2020-04-12 18:39:02:969] [vo.logVo.LogVo.<init>] [INFO] 日志实例已初始化...
[2020-04-12 18:39:02:969] [vo.logVo.LogVo.<init>] [INFO] 日志实例已初始化...
[2020-04-12 18:39:02:970] [vo.logVo.LogVo.<init>] [INFO] 日志实例已初始化...
[2020-04-12 18:39:02:970] [vo.logVo.LogVo.<init>] [INFO] 日志实例已初始化...
[2020-04-12 18:39:02:971] [vo.logVo.LogVo.<init>] [INFO] 日志实例已初始化...
[2020-04-12 18:39:02:971] [vo.logVo.LogVo.<init>] [INFO] 日志实例已初始化...
[2020-04-12 18:39:02:972] [vo.logVo.LogVo.<init>] [INFO] 日志实例已初始化...
[2020-04-12 18:39:02:972] [vo.logVo.LogVo.<init>] [INFO] 日志实例已初始化...
[2020-04-12 18:39:02:973] [vo.logVo.LogVo.<init>] [INFO] 日志实例已初始化...
[2020-04-12 18:39:02:973] [vo.logVo.LogVo.<init>] [INFO] 日志实例已初始化...
[2020-04-12 18:39:02:974] [vo.logVo.LogVo.<init>] [INFO] 日志实例已初始化...
[2020-04-12 18:39:02:974] [vo.logVo.LogVo.<init>] [INFO] 日志实例已初始化...
[2020-04-12 18:39:02:975] [vo.logVo.LogVo.<init>] [INFO] 日志实例已初始化...
[2020-04-12 18:39:02:975] [vo.logVo.LogVo.<init>] [INFO] 日志实例已初始化...
[2020-04-12 18:39:02:976] [vo.logVo.LogVo.<init>] [INFO] 日志实例已初始化...
[2020-04-12 18:39:02:976] [vo.logVo.LogVo.<init>] [INFO] 日志实例已初始化...
[2020-04-12 18:39:02:977] [vo.logVo.LogVo.<init>] [INFO] 日志实例已初始化...
[2020-04-12 18:39:02:977] [vo.logVo.LogVo.<init>] [INFO] 日志实例已初始化...
[2020-04-12 18:39:02:978] [vo.logVo.LogVo.<init>] [INFO] 日志实例已初始化...
[2020-04-12 18:39:02:978] [vo.logVo.LogVo.<init>] [INFO] 日志实例已初始化...
[2020-04-12 18:39:02:978] [vo.logVo.LogVo.<init>] [INFO] 日志实例已初始化...
[2020-04-12 18:39:02:979] [vo.logVo.LogVo.<init>] [INFO] 日志实例已初始化...
[2020-04-12 18:39:02:979] [vo.logVo.LogVo.<init>] [INFO] 日志实例已初始化...
[2020-04-12 18:39:02:980] [vo.logVo.LogVo.<init>] [INFO] 日志实例已初始化...
[2020-04-12 18:39:02:980] [vo.logVo.LogVo.<init>] [INFO] 日志实例已初始化...
[2020-04-12 18:39:02:981] [vo.logVo.LogVo.<init>] [INFO] 日志实例已初始化...
[2020-04-12 18:39:02:982] [vo.logVo.LogVo.<init>] [INFO] 日志实例已初始化...
[2020-04-12 18:39:02:983] [vo.logVo.LogVo.<init>] [INFO] 日志实例已初始化...
[2020-04-12 18:39:02:983] [vo.logVo.LogVo.<init>] [INFO] 日志实例已初始化...
[2020-04-12 18:39:02:985] [vo.logVo.LogVo.<init>] [INFO] 日志实例已初始化...
[2020-04-12 18:39:02:986] [vo.logVo.LogVo.<init>] [INFO] 日志实例已初始化...
[2020-04-12 18:39:02:986] [vo.logVo.LogVo.<init>] [INFO] 日志实例已初始化...
[2020-04-12 18:39:02:987] [vo.logVo.LogVo.<init>] [INFO] 日志实例已初始化...
[2020-04-12 18:39:02:987] [vo.logVo.LogVo.<init>] [INFO] 日志实例已初始化...
[2020-04-12 18:39:02:988] [vo.logVo.LogVo.<init>] [INFO] 日志实例已初始化...
[2020-04-12 18:39:02:988] [vo.logVo.LogVo.<init>] [INFO] 日志实例已初始化...
[2020-04-12 18:39:02:989] [vo.logVo.LogVo.<init>] [INFO] 日志实例已初始化...
[2020-04-12 18:39:02:989] [vo.logVo.LogVo.<init>] [INFO] 日志实例已初始化...
[2020-04-12 18:39:02:991] [vo.logVo.LogVo.<init>] [INFO] 日志实例已初始化...
[2020-04-12 18:39:02:991] [vo.logVo.LogVo.<init>] [INFO] 日志实例已初始化...
[2020-04-12 18:39:02:992] [vo.logVo.LogVo.<init>] [INFO] 日志实例已初始化...
[2020-04-12 18:39:02:993] [vo.logVo.LogVo.<init>] [INFO] 日志实例已初始化...
[2020-04-12 18:39:02:993] [vo.logVo.LogVo.<init>] [INFO] 日志实例已初始化...
[2020-04-12 18:39:02:994] [vo.logVo.LogVo.<init>] [INFO] 日志实例已初始化...
[2020-04-12 18:39:02:994] [vo.logVo.LogVo.<init>] [INFO] 日志实例已初始化...
[2020-04-12 18:39:02:995] [vo.logVo.LogVo.<init>] [INFO] 日志实例已初始化...
[2020-04-12 18:39:02:995] [vo.logVo.LogVo.<init>] [INFO] 日志实例已初始化...
[2020-04-12 18:39:02:996] [vo.logVo.LogVo.<init>] [INFO] 日志实例已初始化...
[2020-04-12 18:39:02:996] [vo.logVo.LogVo.<init>] [INFO] 日志实例已初始化...
[2020-04-12 18:39:02:997] [vo.logVo.LogVo.<init>] [INFO] 日志实例已初始化...
[2020-04-12 18:39:02:997] [vo.logVo.LogVo.<init>] [INFO] 日志实例已初始化...
[2020-04-12 18:39:02:998] [vo.logVo.LogVo.<init>] [INFO] 日志实例已初始化...
[2020-04-12 18:39:02:998] [vo.logVo.LogVo.<init>] [INFO] 日志实例已初始化...
[2020-04-12 18:39:03:017] [vo.logVo.LogVo.<init>] [INFO] 日志实例已初始化...
[2020-04-12 18:39:03:018] [vo.logVo.LogVo.<init>] [INFO] 日志实例已初始化...
[2020-04-12 18:39:03:019] [vo.logVo.LogVo.<init>] [INFO] 日志实例已初始化...
[2020-04-12 18:39:03:019] [vo.logVo.LogVo.<init>] [INFO] 日志实例已初始化...
[2020-04-12 18:39:03:020] [vo.logVo.LogVo.<init>] [INFO] 日志实例已初始化...
[2020-04-12 18:39:03:020] [vo.logVo.LogVo.<init>] [INFO] 日志实例已初始化...
[2020-04-12 18:39:03:020] [vo.logVo.LogVo.<init>] [INFO] 日志实例已初始化...
[2020-04-12 18:39:03:021] [vo.logVo.LogVo.<init>] [INFO] 日志实例已初始化...
[2020-04-12 18:39:03:021] [vo.logVo.LogVo.<init>] [INFO] 日志实例已初始化...
[2020-04-12 18:39:03:022] [vo.logVo.LogVo.<init>] [INFO] 日志实例已初始化...
[2020-04-12 18:39:03:022] [vo.logVo.LogVo.<init>] [INFO] 日志实例已初始化...
[2020-04-12 18:39:03:023] [vo.logVo.LogVo.<init>] [INFO] 日志实例已初始化...
[2020-04-12 18:39:03:024] [vo.logVo.LogVo.<init>] [INFO] 日志实例已初始化...
[2020-04-12 18:39:03:025] [vo.logVo.LogVo.<init>] [INFO] 日志实例已初始化...
[2020-04-12 18:39:03:026] [vo.logVo.LogVo.<init>] [INFO] 日志实例已初始化...
[2020-04-12 18:39:03:027] [vo.logVo.LogVo.<init>] [INFO] 日志实例已初始化...
[2020-04-12 18:39:03:027] [vo.logVo.LogVo.<init>] [INFO] 日志实例已初始化...
[2020-04-12 18:39:03:028] [vo.logVo.LogVo.<init>] [INFO] 日志实例已初始化...
[2020-04-12 18:39:03:028] [vo.logVo.LogVo.<init>] [INFO] 日志实例已初始化...
[2020-04-12 18:39:03:029] [vo.logVo.LogVo.<init>] [INFO] 日志实例已初始化...
[2020-04-12 18:39:03:029] [vo.logVo.LogVo.<init>] [INFO] 日志实例已初始化...
[2020-04-12 18:39:03:030] [vo.logVo.LogVo.<init>] [INFO] 日志实例已初始化...
[2020-04-12 18:39:03:030] [vo.logVo.LogVo.<init>] [INFO] 日志实例已初始化...
[2020-04-12 18:39:03:031] [vo.logVo.LogVo.<init>] [INFO] 日志实例已初始化...
[2020-04-12 18:39:03:031] [vo.logVo.LogVo.<init>] [INFO] 日志实例已初始化...
[2020-04-12 18:39:03:032] [vo.logVo.LogVo.<init>] [INFO] 日志实例已初始化...
[2020-04-12 18:39:03:032] [vo.logVo.LogVo.<init>] [INFO] 日志实例已初始化...
[2020-04-12 18:39:03:033] [vo.logVo.LogVo.<init>] [INFO] 日志实例已初始化...
[2020-04-12 18:39:03:033] [vo.logVo.LogVo.<init>] [INFO] 日志实例已初始化...
[2020-04-12 18:39:03:034] [vo.logVo.LogVo.<init>] [INFO] 日志实例已初始化...
[2020-04-12 18:39:03:034] [vo.logVo.LogVo.<init>] [INFO] 日志实例已初始化...
[2020-04-12 18:39:03:035] [vo.logVo.LogVo.<init>] [INFO] 日志实例已初始化...
[2020-04-12 18:39:03:035] [vo.logVo.LogVo.<init>] [INFO] 日志实例已初始化...
[2020-04-12 18:39:03:036] [vo.logVo.LogVo.<init>] [INFO] 日志实例已初始化...
[2020-04-12 18:39:03:036] [vo.logVo.LogVo.<init>] [INFO] 日志实例已初始化...
[2020-04-12 18:39:03:037] [vo.logVo.LogVo.<init>] [INFO] 日志实例已初始化...
[2020-04-12 18:39:03:037] [vo.logVo.LogVo.<init>] [INFO] 日志实例已初始化...
[2020-04-12 18:39:03:037] [vo.logVo.LogVo.<init>] [INFO] 日志实例已初始化...
[2020-04-12 18:39:03:038] [vo.logVo.LogVo.<init>] [INFO] 日志实例已初始化...
[2020-04-12 18:39:03:038] [vo.logVo.LogVo.<init>] [INFO] 日志实例已初始化...
[2020-04-12 18:39:03:039] [vo.logVo.LogVo.<init>] [INFO] 日志实例已初始化...
[2020-04-12 18:39:03:039] [vo.logVo.LogVo.<init>] [INFO] 日志实例已初始化...
[2020-04-12 18:39:03:041] [vo.logVo.LogVo.<init>] [INFO] 日志实例已初始化...
[2020-04-12 18:39:03:042] [vo.logVo.LogVo.<init>] [INFO] 日志实例已初始化...
[2020-04-12 18:39:03:042] [vo.logVo.LogVo.<init>] [INFO] 日志实例已初始化...
[2020-04-12 18:39:03:043] [vo.logVo.LogVo.<init>] [INFO] 日志实例已初始化...
[2020-04-12 18:39:03:043] [vo.logVo.LogVo.<init>] [INFO] 日志实例已初始化...
[2020-04-12 18:39:03:044] [vo.logVo.LogVo.<init>] [INFO] 日志实例已初始化...
[2020-04-12 18:39:03:044] [vo.logVo.LogVo.<init>] [INFO] 日志实例已初始化...
[2020-04-12 18:39:03:045] [vo.logVo.LogVo.<init>] [INFO] 日志实例已初始化...
[2020-04-12 18:39:03:046] [vo.logVo.LogVo.<init>] [INFO] 日志实例已初始化...
[2020-04-12 18:39:03:046] [vo.logVo.LogVo.<init>] [INFO] 日志实例已初始化...
[2020-04-12 18:39:03:047] [vo.logVo.LogVo.<init>] [INFO] 日志实例已初始化...
[2020-04-12 18:39:03:047] [vo.logVo.LogVo.<init>] [INFO] 日志实例已初始化...
[2020-04-12 18:39:03:048] [vo.logVo.LogVo.<init>] [INFO] 日志实例已初始化...
[2020-04-12 18:39:03:049] [vo.logVo.LogVo.<init>] [INFO] 日志实例已初始化...
[2020-04-12 18:39:03:049] [vo.logVo.LogVo.<init>] [INFO] 日志实例已初始化...
[2020-04-12 18:39:03:050] [vo.logVo.LogVo.<init>] [INFO] 日志实例已初始化...
[2020-04-12 18:39:03:050] [vo.logVo.LogVo.<init>] [INFO] 日志实例已初始化...
[2020-04-12 18:39:03:051] [vo.logVo.LogVo.<init>] [INFO] 日志实例已初始化...
[2020-04-12 18:39:03:051] [vo.logVo.LogVo.<init>] [INFO] 日志实例已初始化...
[2020-04-12 18:39:03:052] [vo.logVo.LogVo.<init>] [INFO] 日志实例已初始化...
[2020-04-12 18:39:03:052] [vo.logVo.LogVo.<init>] [INFO] 日志实例已初始化...
[2020-04-12 18:39:03:053] [vo.logVo.LogVo.<init>] [INFO] 日志实例已初始化...
[2020-04-12 18:39:03:053] [vo.logVo.LogVo.<init>] [INFO] 日志实例已初始化...
[2020-04-12 18:39:03:053] [vo.logVo.LogVo.<init>] [INFO] 日志实例已初始化...
[2020-04-12 18:39:03:054] [vo.logVo.LogVo.<init>] [INFO] 日志实例已初始化...
[2020-04-12 18:39:03:055] [vo.logVo.LogVo.<init>] [INFO] 日志实例已初始化...
[2020-04-12 18:39:03:059] [vo.logVo.LogVo.<init>] [INFO] 日志实例已初始化...
[2020-04-12 18:39:03:060] [vo.logVo.LogVo.<init>] [INFO] 日志实例已初始化...
[2020-04-12 18:39:03:061] [vo.logVo.LogVo.<init>] [INFO] 日志实例已初始化...
[2020-04-12 18:39:03:062] [vo.logVo.LogVo.<init>] [INFO] 日志实例已初始化...
[2020-04-12 18:39:03:063] [vo.logVo.LogVo.<init>] [INFO] 日志实例已初始化...
[2020-04-12 18:39:03:066] [vo.logVo.LogVo.<init>] [INFO] 日志实例已初始化...
[2020-04-12 18:39:03:067] [vo.logVo.LogVo.<init>] [INFO] 日志实例已初始化...
[2020-04-12 18:39:03:092] [vo.logVo.LogVo.<init>] [INFO] 日志实例已初始化...
[2020-04-12 18:39:03:093] [vo.logVo.LogVo.<init>] [INFO] 日志实例已初始化...
[2020-04-12 18:39:03:093] [vo.logVo.LogVo.<init>] [INFO] 日志实例已初始化...
[2020-04-12 18:39:03:094] [vo.logVo.LogVo.<init>] [INFO] 日志实例已初始化...
[2020-04-12 18:39:03:094] [vo.logVo.LogVo.<init>] [INFO] 日志实例已初始化...
[2020-04-12 18:39:03:095] [vo.logVo.LogVo.<init>] [INFO] 日志实例已初始化...
[2020-04-12 18:39:03:096] [vo.logVo.LogVo.<init>] [INFO] 日志实例已初始化...
[2020-04-12 18:39:03:096] [vo.logVo.LogVo.<init>] [INFO] 日志实例已初始化...
[2020-04-12 18:39:03:097] [vo.logVo.LogVo.<init>] [INFO] 日志实例已初始化...
[2020-04-12 18:39:03:112] [vo.logVo.LogVo.<init>] [INFO] 日志实例已初始化...
[2020-04-12 18:39:03:131] [vo.logVo.LogVo.<init>] [INFO] 日志实例已初始化...
[2020-04-12 18:39:03:469] [action.userAction.LoginAction.execute] [INFO] 该用户已登录，请稍后再试！
[2020-04-12 18:39:22:706] [action.userAction.LoginAction.destroySession] [INFO] admin退出成功！
[2020-04-12 18:39:38:812] [vo.logVo.LogVo.<init>] [INFO] 日志实例已初始化...
[2020-04-12 18:39:38:813] [vo.logVo.LogVo.<init>] [INFO] 日志实例已初始化...
[2020-04-12 18:39:38:814] [vo.logVo.LogVo.<init>] [INFO] 日志实例已初始化...
[2020-04-12 18:39:38:814] [vo.logVo.LogVo.<init>] [INFO] 日志实例已初始化...
[2020-04-12 18:39:38:815] [vo.logVo.LogVo.<init>] [INFO] 日志实例已初始化...
[2020-04-12 18:39:38:815] [vo.logVo.LogVo.<init>] [INFO] 日志实例已初始化...
[2020-04-12 18:39:38:816] [vo.logVo.LogVo.<init>] [INFO] 日志实例已初始化...
[2020-04-12 18:39:38:816] [vo.logVo.LogVo.<init>] [INFO] 日志实例已初始化...
[2020-04-12 18:39:38:817] [vo.logVo.LogVo.<init>] [INFO] 日志实例已初始化...
[2020-04-12 18:39:38:817] [vo.logVo.LogVo.<init>] [INFO] 日志实例已初始化...
[2020-04-12 18:39:38:818] [vo.logVo.LogVo.<init>] [INFO] 日志实例已初始化...
[2020-04-12 18:39:38:818] [vo.logVo.LogVo.<init>] [INFO] 日志实例已初始化...
[2020-04-12 18:39:38:819] [vo.logVo.LogVo.<init>] [INFO] 日志实例已初始化...
[2020-04-12 18:39:38:819] [vo.logVo.LogVo.<init>] [INFO] 日志实例已初始化...
[2020-04-12 18:39:38:820] [vo.logVo.LogVo.<init>] [INFO] 日志实例已初始化...
[2020-04-12 18:39:38:820] [vo.logVo.LogVo.<init>] [INFO] 日志实例已初始化...
[2020-04-12 18:39:38:821] [vo.logVo.LogVo.<init>] [INFO] 日志实例已初始化...
[2020-04-12 18:39:38:822] [vo.logVo.LogVo.<init>] [INFO] 日志实例已初始化...
[2020-04-12 18:39:38:822] [vo.logVo.LogVo.<init>] [INFO] 日志实例已初始化...
[2020-04-12 18:39:38:823] [vo.logVo.LogVo.<init>] [INFO] 日志实例已初始化...
[2020-04-12 18:39:38:824] [vo.logVo.LogVo.<init>] [INFO] 日志实例已初始化...
[2020-04-12 18:39:38:824] [vo.logVo.LogVo.<init>] [INFO] 日志实例已初始化...
[2020-04-12 18:39:38:825] [vo.logVo.LogVo.<init>] [INFO] 日志实例已初始化...
[2020-04-12 18:39:38:825] [vo.logVo.LogVo.<init>] [INFO] 日志实例已初始化...
[2020-04-12 18:39:38:826] [vo.logVo.LogVo.<init>] [INFO] 日志实例已初始化...
[2020-04-12 18:39:38:826] [vo.logVo.LogVo.<init>] [INFO] 日志实例已初始化...
[2020-04-12 18:39:38:827] [vo.logVo.LogVo.<init>] [INFO] 日志实例已初始化...
[2020-04-12 18:39:38:827] [vo.logVo.LogVo.<init>] [INFO] 日志实例已初始化...
[2020-04-12 18:39:38:828] [vo.logVo.LogVo.<init>] [INFO] 日志实例已初始化...
[2020-04-12 18:39:38:828] [vo.logVo.LogVo.<init>] [INFO] 日志实例已初始化...
[2020-04-12 18:39:38:829] [vo.logVo.LogVo.<init>] [INFO] 日志实例已初始化...
[2020-04-12 18:39:38:830] [vo.logVo.LogVo.<init>] [INFO] 日志实例已初始化...
[2020-04-12 18:39:38:830] [vo.logVo.LogVo.<init>] [INFO] 日志实例已初始化...
[2020-04-12 18:39:38:830] [vo.logVo.LogVo.<init>] [INFO] 日志实例已初始化...
[2020-04-12 18:39:38:831] [vo.logVo.LogVo.<init>] [INFO] 日志实例已初始化...
[2020-04-12 18:39:38:831] [vo.logVo.LogVo.<init>] [INFO] 日志实例已初始化...
[2020-04-12 18:39:38:832] [vo.logVo.LogVo.<init>] [INFO] 日志实例已初始化...
[2020-04-12 18:39:38:833] [vo.logVo.LogVo.<init>] [INFO] 日志实例已初始化...
[2020-04-12 18:39:38:833] [vo.logVo.LogVo.<init>] [INFO] 日志实例已初始化...
[2020-04-12 18:39:38:834] [vo.logVo.LogVo.<init>] [INFO] 日志实例已初始化...
[2020-04-12 18:39:38:834] [vo.logVo.LogVo.<init>] [INFO] 日志实例已初始化...
[2020-04-12 18:39:38:835] [vo.logVo.LogVo.<init>] [INFO] 日志实例已初始化...
[2020-04-12 18:39:38:835] [vo.logVo.LogVo.<init>] [INFO] 日志实例已初始化...
[2020-04-12 18:39:38:836] [vo.logVo.LogVo.<init>] [INFO] 日志实例已初始化...
[2020-04-12 18:39:38:836] [vo.logVo.LogVo.<init>] [INFO] 日志实例已初始化...
[2020-04-12 18:39:38:837] [vo.logVo.LogVo.<init>] [INFO] 日志实例已初始化...
[2020-04-12 18:39:38:837] [vo.logVo.LogVo.<init>] [INFO] 日志实例已初始化...
[2020-04-12 18:39:38:838] [vo.logVo.LogVo.<init>] [INFO] 日志实例已初始化...
[2020-04-12 18:39:38:839] [vo.logVo.LogVo.<init>] [INFO] 日志实例已初始化...
[2020-04-12 18:39:38:839] [vo.logVo.LogVo.<init>] [INFO] 日志实例已初始化...
[2020-04-12 18:39:38:840] [vo.logVo.LogVo.<init>] [INFO] 日志实例已初始化...
[2020-04-12 18:39:38:841] [vo.logVo.LogVo.<init>] [INFO] 日志实例已初始化...
[2020-04-12 18:39:38:842] [vo.logVo.LogVo.<init>] [INFO] 日志实例已初始化...
[2020-04-12 18:39:38:843] [vo.logVo.LogVo.<init>] [INFO] 日志实例已初始化...
[2020-04-12 18:39:38:843] [vo.logVo.LogVo.<init>] [INFO] 日志实例已初始化...
[2020-04-12 18:39:38:844] [vo.logVo.LogVo.<init>] [INFO] 日志实例已初始化...
[2020-04-12 18:39:38:844] [vo.logVo.LogVo.<init>] [INFO] 日志实例已初始化...
[2020-04-12 18:39:38:845] [vo.logVo.LogVo.<init>] [INFO] 日志实例已初始化...
[2020-04-12 18:39:38:845] [vo.logVo.LogVo.<init>] [INFO] 日志实例已初始化...
[2020-04-12 18:39:38:846] [vo.logVo.LogVo.<init>] [INFO] 日志实例已初始化...
[2020-04-12 18:39:38:846] [vo.logVo.LogVo.<init>] [INFO] 日志实例已初始化...
[2020-04-12 18:39:38:847] [vo.logVo.LogVo.<init>] [INFO] 日志实例已初始化...
[2020-04-12 18:39:38:847] [vo.logVo.LogVo.<init>] [INFO] 日志实例已初始化...
[2020-04-12 18:39:38:848] [vo.logVo.LogVo.<init>] [INFO] 日志实例已初始化...
[2020-04-12 18:39:38:848] [vo.logVo.LogVo.<init>] [INFO] 日志实例已初始化...
[2020-04-12 18:39:38:849] [vo.logVo.LogVo.<init>] [INFO] 日志实例已初始化...
[2020-04-12 18:39:38:849] [vo.logVo.LogVo.<init>] [INFO] 日志实例已初始化...
[2020-04-12 18:39:38:850] [vo.logVo.LogVo.<init>] [INFO] 日志实例已初始化...
[2020-04-12 18:39:38:850] [vo.logVo.LogVo.<init>] [INFO] 日志实例已初始化...
[2020-04-12 18:39:38:851] [vo.logVo.LogVo.<init>] [INFO] 日志实例已初始化...
[2020-04-12 18:39:38:851] [vo.logVo.LogVo.<init>] [INFO] 日志实例已初始化...
[2020-04-12 18:39:38:852] [vo.logVo.LogVo.<init>] [INFO] 日志实例已初始化...
[2020-04-12 18:39:38:852] [vo.logVo.LogVo.<init>] [INFO] 日志实例已初始化...
[2020-04-12 18:39:38:853] [vo.logVo.LogVo.<init>] [INFO] 日志实例已初始化...
[2020-04-12 18:39:38:854] [vo.logVo.LogVo.<init>] [INFO] 日志实例已初始化...
[2020-04-12 18:39:38:854] [vo.logVo.LogVo.<init>] [INFO] 日志实例已初始化...
[2020-04-12 18:39:38:855] [vo.logVo.LogVo.<init>] [INFO] 日志实例已初始化...
[2020-04-12 18:39:38:856] [vo.logVo.LogVo.<init>] [INFO] 日志实例已初始化...
[2020-04-12 18:39:38:856] [vo.logVo.LogVo.<init>] [INFO] 日志实例已初始化...
[2020-04-12 18:39:38:857] [vo.logVo.LogVo.<init>] [INFO] 日志实例已初始化...
[2020-04-12 18:39:38:858] [vo.logVo.LogVo.<init>] [INFO] 日志实例已初始化...
[2020-04-12 18:39:38:858] [vo.logVo.LogVo.<init>] [INFO] 日志实例已初始化...
[2020-04-12 18:39:38:859] [vo.logVo.LogVo.<init>] [INFO] 日志实例已初始化...
[2020-04-12 18:39:38:860] [vo.logVo.LogVo.<init>] [INFO] 日志实例已初始化...
[2020-04-12 18:39:38:860] [vo.logVo.LogVo.<init>] [INFO] 日志实例已初始化...
[2020-04-12 18:39:38:861] [vo.logVo.LogVo.<init>] [INFO] 日志实例已初始化...
[2020-04-12 18:39:38:862] [vo.logVo.LogVo.<init>] [INFO] 日志实例已初始化...
[2020-04-12 18:39:38:862] [vo.logVo.LogVo.<init>] [INFO] 日志实例已初始化...
[2020-04-12 18:39:38:863] [vo.logVo.LogVo.<init>] [INFO] 日志实例已初始化...
[2020-04-12 18:39:38:863] [vo.logVo.LogVo.<init>] [INFO] 日志实例已初始化...
[2020-04-12 18:39:38:864] [vo.logVo.LogVo.<init>] [INFO] 日志实例已初始化...
[2020-04-12 18:39:38:864] [vo.logVo.LogVo.<init>] [INFO] 日志实例已初始化...
[2020-04-12 18:39:38:865] [vo.logVo.LogVo.<init>] [INFO] 日志实例已初始化...
[2020-04-12 18:39:38:866] [vo.logVo.LogVo.<init>] [INFO] 日志实例已初始化...
[2020-04-12 18:39:38:866] [vo.logVo.LogVo.<init>] [INFO] 日志实例已初始化...
[2020-04-12 18:39:38:867] [vo.logVo.LogVo.<init>] [INFO] 日志实例已初始化...
[2020-04-12 18:39:38:868] [vo.logVo.LogVo.<init>] [INFO] 日志实例已初始化...
[2020-04-12 18:39:38:869] [vo.logVo.LogVo.<init>] [INFO] 日志实例已初始化...
[2020-04-12 18:39:38:870] [vo.logVo.LogVo.<init>] [INFO] 日志实例已初始化...
[2020-04-12 18:39:38:870] [vo.logVo.LogVo.<init>] [INFO] 日志实例已初始化...
[2020-04-12 18:39:38:871] [vo.logVo.LogVo.<init>] [INFO] 日志实例已初始化...
[2020-04-12 18:39:38:872] [vo.logVo.LogVo.<init>] [INFO] 日志实例已初始化...
[2020-04-12 18:39:38:872] [vo.logVo.LogVo.<init>] [INFO] 日志实例已初始化...
[2020-04-12 18:39:38:873] [vo.logVo.LogVo.<init>] [INFO] 日志实例已初始化...
[2020-04-12 18:39:38:874] [vo.logVo.LogVo.<init>] [INFO] 日志实例已初始化...
[2020-04-12 18:39:38:874] [vo.logVo.LogVo.<init>] [INFO] 日志实例已初始化...
[2020-04-12 18:39:38:875] [vo.logVo.LogVo.<init>] [INFO] 日志实例已初始化...
[2020-04-12 18:39:38:875] [vo.logVo.LogVo.<init>] [INFO] 日志实例已初始化...
[2020-04-12 18:39:38:876] [vo.logVo.LogVo.<init>] [INFO] 日志实例已初始化...
[2020-04-12 18:39:38:876] [vo.logVo.LogVo.<init>] [INFO] 日志实例已初始化...
[2020-04-12 18:39:38:877] [vo.logVo.LogVo.<init>] [INFO] 日志实例已初始化...
[2020-04-12 18:39:38:877] [vo.logVo.LogVo.<init>] [INFO] 日志实例已初始化...
[2020-04-12 18:39:38:879] [vo.logVo.LogVo.<init>] [INFO] 日志实例已初始化...
[2020-04-12 18:39:38:879] [vo.logVo.LogVo.<init>] [INFO] 日志实例已初始化...
[2020-04-12 18:39:38:880] [vo.logVo.LogVo.<init>] [INFO] 日志实例已初始化...
[2020-04-12 18:39:38:880] [vo.logVo.LogVo.<init>] [INFO] 日志实例已初始化...
[2020-04-12 18:39:38:881] [vo.logVo.LogVo.<init>] [INFO] 日志实例已初始化...
[2020-04-12 18:39:38:881] [vo.logVo.LogVo.<init>] [INFO] 日志实例已初始化...
[2020-04-12 18:39:38:882] [vo.logVo.LogVo.<init>] [INFO] 日志实例已初始化...
[2020-04-12 18:39:38:883] [vo.logVo.LogVo.<init>] [INFO] 日志实例已初始化...
[2020-04-12 18:39:38:886] [vo.logVo.LogVo.<init>] [INFO] 日志实例已初始化...
[2020-04-12 18:39:38:887] [vo.logVo.LogVo.<init>] [INFO] 日志实例已初始化...
[2020-04-12 18:39:38:887] [vo.logVo.LogVo.<init>] [INFO] 日志实例已初始化...
[2020-04-12 18:39:38:890] [vo.logVo.LogVo.<init>] [INFO] 日志实例已初始化...
[2020-04-12 18:39:38:891] [vo.logVo.LogVo.<init>] [INFO] 日志实例已初始化...
[2020-04-12 18:39:38:892] [vo.logVo.LogVo.<init>] [INFO] 日志实例已初始化...
[2020-04-12 18:39:38:892] [vo.logVo.LogVo.<init>] [INFO] 日志实例已初始化...
[2020-04-12 18:39:38:893] [vo.logVo.LogVo.<init>] [INFO] 日志实例已初始化...
[2020-04-12 18:39:38:893] [vo.logVo.LogVo.<init>] [INFO] 日志实例已初始化...
[2020-04-12 18:39:38:894] [vo.logVo.LogVo.<init>] [INFO] 日志实例已初始化...
[2020-04-12 18:39:38:894] [vo.logVo.LogVo.<init>] [INFO] 日志实例已初始化...
[2020-04-12 18:39:38:895] [vo.logVo.LogVo.<init>] [INFO] 日志实例已初始化...
[2020-04-12 18:39:38:895] [vo.logVo.LogVo.<init>] [INFO] 日志实例已初始化...
[2020-04-12 18:39:38:896] [vo.logVo.LogVo.<init>] [INFO] 日志实例已初始化...
[2020-04-12 18:39:38:896] [vo.logVo.LogVo.<init>] [INFO] 日志实例已初始化...
[2020-04-12 18:39:38:897] [vo.logVo.LogVo.<init>] [INFO] 日志实例已初始化...
[2020-04-12 18:39:38:897] [vo.logVo.LogVo.<init>] [INFO] 日志实例已初始化...
[2020-04-12 18:39:38:899] [vo.logVo.LogVo.<init>] [INFO] 日志实例已初始化...
[2020-04-12 18:39:38:899] [vo.logVo.LogVo.<init>] [INFO] 日志实例已初始化...
[2020-04-12 18:39:38:900] [vo.logVo.LogVo.<init>] [INFO] 日志实例已初始化...
[2020-04-12 18:39:38:901] [vo.logVo.LogVo.<init>] [INFO] 日志实例已初始化...
[2020-04-12 18:39:38:901] [vo.logVo.LogVo.<init>] [INFO] 日志实例已初始化...
[2020-04-12 18:39:38:902] [vo.logVo.LogVo.<init>] [INFO] 日志实例已初始化...
[2020-04-12 18:39:38:902] [vo.logVo.LogVo.<init>] [INFO] 日志实例已初始化...
[2020-04-12 18:39:38:903] [vo.logVo.LogVo.<init>] [INFO] 日志实例已初始化...
[2020-04-12 18:39:38:903] [vo.logVo.LogVo.<init>] [INFO] 日志实例已初始化...
[2020-04-12 18:39:38:904] [vo.logVo.LogVo.<init>] [INFO] 日志实例已初始化...
[2020-04-12 18:39:38:904] [vo.logVo.LogVo.<init>] [INFO] 日志实例已初始化...
[2020-04-12 18:39:38:906] [vo.logVo.LogVo.<init>] [INFO] 日志实例已初始化...
[2020-04-12 18:39:38:906] [vo.logVo.LogVo.<init>] [INFO] 日志实例已初始化...
[2020-04-12 18:39:38:907] [vo.logVo.LogVo.<init>] [INFO] 日志实例已初始化...
[2020-04-12 18:39:38:908] [vo.logVo.LogVo.<init>] [INFO] 日志实例已初始化...
[2020-04-12 18:39:38:909] [vo.logVo.LogVo.<init>] [INFO] 日志实例已初始化...
[2020-04-12 18:39:38:909] [vo.logVo.LogVo.<init>] [INFO] 日志实例已初始化...
[2020-04-12 18:39:38:910] [vo.logVo.LogVo.<init>] [INFO] 日志实例已初始化...
[2020-04-12 18:39:38:912] [vo.logVo.LogVo.<init>] [INFO] 日志实例已初始化...
[2020-04-12 18:39:38:912] [vo.logVo.LogVo.<init>] [INFO] 日志实例已初始化...
[2020-04-12 18:39:38:913] [vo.logVo.LogVo.<init>] [INFO] 日志实例已初始化...
[2020-04-12 18:39:38:914] [vo.logVo.LogVo.<init>] [INFO] 日志实例已初始化...
[2020-04-12 18:39:38:914] [vo.logVo.LogVo.<init>] [INFO] 日志实例已初始化...
[2020-04-12 18:39:38:915] [vo.logVo.LogVo.<init>] [INFO] 日志实例已初始化...
[2020-04-12 18:39:38:917] [vo.logVo.LogVo.<init>] [INFO] 日志实例已初始化...
[2020-04-12 18:39:38:918] [vo.logVo.LogVo.<init>] [INFO] 日志实例已初始化...
[2020-04-12 18:39:38:919] [vo.logVo.LogVo.<init>] [INFO] 日志实例已初始化...
[2020-04-12 18:39:38:920] [vo.logVo.LogVo.<init>] [INFO] 日志实例已初始化...
[2020-04-12 18:39:38:920] [vo.logVo.LogVo.<init>] [INFO] 日志实例已初始化...
[2020-04-12 18:39:38:921] [vo.logVo.LogVo.<init>] [INFO] 日志实例已初始化...
[2020-04-12 18:39:38:921] [vo.logVo.LogVo.<init>] [INFO] 日志实例已初始化...
[2020-04-12 18:39:38:922] [vo.logVo.LogVo.<init>] [INFO] 日志实例已初始化...
[2020-04-12 18:39:38:923] [vo.logVo.LogVo.<init>] [INFO] 日志实例已初始化...
[2020-04-12 18:39:38:924] [vo.logVo.LogVo.<init>] [INFO] 日志实例已初始化...
[2020-04-12 18:39:38:925] [vo.logVo.LogVo.<init>] [INFO] 日志实例已初始化...
[2020-04-12 18:39:38:926] [vo.logVo.LogVo.<init>] [INFO] 日志实例已初始化...
[2020-04-12 18:39:38:927] [vo.logVo.LogVo.<init>] [INFO] 日志实例已初始化...
[2020-04-12 18:39:38:928] [vo.logVo.LogVo.<init>] [INFO] 日志实例已初始化...
[2020-04-12 18:39:38:929] [vo.logVo.LogVo.<init>] [INFO] 日志实例已初始化...
[2020-04-12 18:39:38:929] [vo.logVo.LogVo.<init>] [INFO] 日志实例已初始化...
[2020-04-12 18:39:38:931] [vo.logVo.LogVo.<init>] [INFO] 日志实例已初始化...
[2020-04-12 18:39:38:932] [vo.logVo.LogVo.<init>] [INFO] 日志实例已初始化...
[2020-04-12 18:39:38:933] [vo.logVo.LogVo.<init>] [INFO] 日志实例已初始化...
[2020-04-12 18:39:38:933] [vo.logVo.LogVo.<init>] [INFO] 日志实例已初始化...
[2020-04-12 18:39:38:934] [vo.logVo.LogVo.<init>] [INFO] 日志实例已初始化...
[2020-04-12 18:39:38:934] [vo.logVo.LogVo.<init>] [INFO] 日志实例已初始化...
[2020-04-12 18:39:38:935] [vo.logVo.LogVo.<init>] [INFO] 日志实例已初始化...
[2020-04-12 18:39:38:935] [vo.logVo.LogVo.<init>] [INFO] 日志实例已初始化...
[2020-04-12 18:39:38:936] [vo.logVo.LogVo.<init>] [INFO] 日志实例已初始化...
[2020-04-12 18:39:38:937] [vo.logVo.LogVo.<init>] [INFO] 日志实例已初始化...
[2020-04-12 18:39:38:937] [vo.logVo.LogVo.<init>] [INFO] 日志实例已初始化...
[2020-04-12 18:39:38:938] [vo.logVo.LogVo.<init>] [INFO] 日志实例已初始化...
[2020-04-12 18:39:38:940] [vo.logVo.LogVo.<init>] [INFO] 日志实例已初始化...
[2020-04-12 18:39:38:940] [vo.logVo.LogVo.<init>] [INFO] 日志实例已初始化...
[2020-04-12 18:39:38:941] [vo.logVo.LogVo.<init>] [INFO] 日志实例已初始化...
[2020-04-12 18:39:38:941] [vo.logVo.LogVo.<init>] [INFO] 日志实例已初始化...
[2020-04-12 18:39:38:942] [vo.logVo.LogVo.<init>] [INFO] 日志实例已初始化...
[2020-04-12 18:39:38:943] [vo.logVo.LogVo.<init>] [INFO] 日志实例已初始化...
[2020-04-12 18:39:38:943] [vo.logVo.LogVo.<init>] [INFO] 日志实例已初始化...
[2020-04-12 18:39:38:948] [vo.logVo.LogVo.<init>] [INFO] 日志实例已初始化...
[2020-04-12 18:39:38:949] [vo.logVo.LogVo.<init>] [INFO] 日志实例已初始化...
[2020-04-12 18:39:38:950] [vo.logVo.LogVo.<init>] [INFO] 日志实例已初始化...
[2020-04-12 18:39:38:950] [vo.logVo.LogVo.<init>] [INFO] 日志实例已初始化...
[2020-04-12 18:39:38:951] [vo.logVo.LogVo.<init>] [INFO] 日志实例已初始化...
[2020-04-12 18:39:38:951] [vo.logVo.LogVo.<init>] [INFO] 日志实例已初始化...
[2020-04-12 18:39:38:952] [vo.logVo.LogVo.<init>] [INFO] 日志实例已初始化...
[2020-04-12 18:39:38:972] [vo.logVo.LogVo.<init>] [INFO] 日志实例已初始化...
[2020-04-12 18:39:38:973] [vo.logVo.LogVo.<init>] [INFO] 日志实例已初始化...
[2020-04-12 18:39:38:973] [vo.logVo.LogVo.<init>] [INFO] 日志实例已初始化...
[2020-04-12 18:39:38:974] [vo.logVo.LogVo.<init>] [INFO] 日志实例已初始化...
[2020-04-12 18:39:38:974] [vo.logVo.LogVo.<init>] [INFO] 日志实例已初始化...
[2020-04-12 18:39:38:975] [vo.logVo.LogVo.<init>] [INFO] 日志实例已初始化...
[2020-04-12 18:39:38:975] [vo.logVo.LogVo.<init>] [INFO] 日志实例已初始化...
[2020-04-12 18:39:39:028] [vo.logVo.LogVo.<init>] [INFO] 日志实例已初始化...
[2020-04-12 18:39:39:028] [vo.logVo.LogVo.<init>] [INFO] 日志实例已初始化...
[2020-04-12 18:39:39:030] [vo.logVo.LogVo.<init>] [INFO] 日志实例已初始化...
[2020-04-12 18:39:39:030] [vo.logVo.LogVo.<init>] [INFO] 日志实例已初始化...
[2020-04-12 18:39:39:031] [vo.logVo.LogVo.<init>] [INFO] 日志实例已初始化...
[2020-04-12 18:39:39:031] [vo.logVo.LogVo.<init>] [INFO] 日志实例已初始化...
[2020-04-12 18:39:39:031] [vo.logVo.LogVo.<init>] [INFO] 日志实例已初始化...
[2020-04-12 18:39:39:033] [vo.logVo.LogVo.<init>] [INFO] 日志实例已初始化...
[2020-04-12 18:39:39:033] [vo.logVo.LogVo.<init>] [INFO] 日志实例已初始化...
[2020-04-12 18:39:39:034] [vo.logVo.LogVo.<init>] [INFO] 日志实例已初始化...
[2020-04-12 18:39:39:034] [vo.logVo.LogVo.<init>] [INFO] 日志实例已初始化...
[2020-04-12 18:39:39:034] [vo.logVo.LogVo.<init>] [INFO] 日志实例已初始化...
[2020-04-12 18:39:39:035] [vo.logVo.LogVo.<init>] [INFO] 日志实例已初始化...
[2020-04-12 18:39:39:035] [vo.logVo.LogVo.<init>] [INFO] 日志实例已初始化...
[2020-04-12 18:39:39:036] [vo.logVo.LogVo.<init>] [INFO] 日志实例已初始化...
[2020-04-12 18:39:39:036] [vo.logVo.LogVo.<init>] [INFO] 日志实例已初始化...
[2020-04-12 18:39:39:036] [vo.logVo.LogVo.<init>] [INFO] 日志实例已初始化...
[2020-04-12 18:39:39:037] [vo.logVo.LogVo.<init>] [INFO] 日志实例已初始化...
[2020-04-12 18:39:39:037] [vo.logVo.LogVo.<init>] [INFO] 日志实例已初始化...
[2020-04-12 18:39:39:038] [vo.logVo.LogVo.<init>] [INFO] 日志实例已初始化...
[2020-04-12 18:39:39:042] [vo.logVo.LogVo.<init>] [INFO] 日志实例已初始化...
[2020-04-12 18:39:39:043] [vo.logVo.LogVo.<init>] [INFO] 日志实例已初始化...
[2020-04-12 18:39:39:044] [vo.logVo.LogVo.<init>] [INFO] 日志实例已初始化...
[2020-04-12 18:39:39:044] [vo.logVo.LogVo.<init>] [INFO] 日志实例已初始化...
[2020-04-12 18:39:39:045] [vo.logVo.LogVo.<init>] [INFO] 日志实例已初始化...
[2020-04-12 18:39:39:045] [vo.logVo.LogVo.<init>] [INFO] 日志实例已初始化...
[2020-04-12 18:39:39:045] [vo.logVo.LogVo.<init>] [INFO] 日志实例已初始化...
[2020-04-12 18:39:39:046] [vo.logVo.LogVo.<init>] [INFO] 日志实例已初始化...
[2020-04-12 18:39:39:046] [vo.logVo.LogVo.<init>] [INFO] 日志实例已初始化...
[2020-04-12 18:39:39:047] [vo.logVo.LogVo.<init>] [INFO] 日志实例已初始化...
[2020-04-12 18:39:39:047] [vo.logVo.LogVo.<init>] [INFO] 日志实例已初始化...
[2020-04-12 18:39:39:049] [vo.logVo.LogVo.<init>] [INFO] 日志实例已初始化...
[2020-04-12 18:39:39:049] [vo.logVo.LogVo.<init>] [INFO] 日志实例已初始化...
[2020-04-12 18:39:39:050] [vo.logVo.LogVo.<init>] [INFO] 日志实例已初始化...
[2020-04-12 18:39:39:050] [vo.logVo.LogVo.<init>] [INFO] 日志实例已初始化...
[2020-04-12 18:39:39:051] [vo.logVo.LogVo.<init>] [INFO] 日志实例已初始化...
[2020-04-12 18:39:39:051] [vo.logVo.LogVo.<init>] [INFO] 日志实例已初始化...
[2020-04-12 18:39:39:052] [vo.logVo.LogVo.<init>] [INFO] 日志实例已初始化...
[2020-04-12 18:39:39:052] [vo.logVo.LogVo.<init>] [INFO] 日志实例已初始化...
[2020-04-12 18:39:39:053] [vo.logVo.LogVo.<init>] [INFO] 日志实例已初始化...
[2020-04-12 18:39:39:054] [vo.logVo.LogVo.<init>] [INFO] 日志实例已初始化...
[2020-04-12 18:39:39:057] [vo.logVo.LogVo.<init>] [INFO] 日志实例已初始化...
[2020-04-12 18:39:39:058] [vo.logVo.LogVo.<init>] [INFO] 日志实例已初始化...
[2020-04-12 18:39:39:058] [vo.logVo.LogVo.<init>] [INFO] 日志实例已初始化...
[2020-04-12 18:39:39:060] [vo.logVo.LogVo.<init>] [INFO] 日志实例已初始化...
[2020-04-12 18:39:39:061] [vo.logVo.LogVo.<init>] [INFO] 日志实例已初始化...
[2020-04-12 18:39:39:061] [vo.logVo.LogVo.<init>] [INFO] 日志实例已初始化...
[2020-04-12 18:39:39:063] [vo.logVo.LogVo.<init>] [INFO] 日志实例已初始化...
[2020-04-12 18:39:39:064] [vo.logVo.LogVo.<init>] [INFO] 日志实例已初始化...
[2020-04-12 18:39:39:064] [vo.logVo.LogVo.<init>] [INFO] 日志实例已初始化...
[2020-04-12 18:39:39:064] [vo.logVo.LogVo.<init>] [INFO] 日志实例已初始化...
[2020-04-12 18:39:39:065] [vo.logVo.LogVo.<init>] [INFO] 日志实例已初始化...
[2020-04-12 18:39:39:066] [vo.logVo.LogVo.<init>] [INFO] 日志实例已初始化...
[2020-04-12 18:39:39:067] [vo.logVo.LogVo.<init>] [INFO] 日志实例已初始化...
[2020-04-12 18:39:39:068] [vo.logVo.LogVo.<init>] [INFO] 日志实例已初始化...
[2020-04-12 18:39:39:069] [vo.logVo.LogVo.<init>] [INFO] 日志实例已初始化...
[2020-04-12 18:39:39:070] [vo.logVo.LogVo.<init>] [INFO] 日志实例已初始化...
[2020-04-12 18:39:39:070] [vo.logVo.LogVo.<init>] [INFO] 日志实例已初始化...
[2020-04-12 18:39:39:070] [vo.logVo.LogVo.<init>] [INFO] 日志实例已初始化...
[2020-04-12 18:39:39:072] [vo.logVo.LogVo.<init>] [INFO] 日志实例已初始化...
[2020-04-12 18:39:39:073] [vo.logVo.LogVo.<init>] [INFO] 日志实例已初始化...
[2020-04-12 18:39:39:074] [vo.logVo.LogVo.<init>] [INFO] 日志实例已初始化...
[2020-04-12 18:39:39:075] [vo.logVo.LogVo.<init>] [INFO] 日志实例已初始化...
[2020-04-12 18:39:39:076] [vo.logVo.LogVo.<init>] [INFO] 日志实例已初始化...
[2020-04-12 18:39:39:077] [vo.logVo.LogVo.<init>] [INFO] 日志实例已初始化...
[2020-04-12 18:39:39:078] [vo.logVo.LogVo.<init>] [INFO] 日志实例已初始化...
[2020-04-12 18:39:39:080] [vo.logVo.LogVo.<init>] [INFO] 日志实例已初始化...
[2020-04-12 18:39:39:081] [vo.logVo.LogVo.<init>] [INFO] 日志实例已初始化...
[2020-04-12 18:39:39:082] [vo.logVo.LogVo.<init>] [INFO] 日志实例已初始化...
[2020-04-12 18:39:39:083] [vo.logVo.LogVo.<init>] [INFO] 日志实例已初始化...
[2020-04-12 18:39:39:084] [vo.logVo.LogVo.<init>] [INFO] 日志实例已初始化...
[2020-04-12 18:39:39:084] [vo.logVo.LogVo.<init>] [INFO] 日志实例已初始化...
[2020-04-12 18:39:39:085] [vo.logVo.LogVo.<init>] [INFO] 日志实例已初始化...
[2020-04-12 18:39:39:085] [vo.logVo.LogVo.<init>] [INFO] 日志实例已初始化...
[2020-04-12 18:39:39:086] [vo.logVo.LogVo.<init>] [INFO] 日志实例已初始化...
[2020-04-12 18:39:39:087] [vo.logVo.LogVo.<init>] [INFO] 日志实例已初始化...
[2020-04-12 18:39:39:091] [vo.logVo.LogVo.<init>] [INFO] 日志实例已初始化...
[2020-04-12 18:39:39:092] [vo.logVo.LogVo.<init>] [INFO] 日志实例已初始化...
[2020-04-12 18:39:39:092] [vo.logVo.LogVo.<init>] [INFO] 日志实例已初始化...
[2020-04-12 18:39:39:093] [vo.logVo.LogVo.<init>] [INFO] 日志实例已初始化...
[2020-04-12 18:39:39:093] [vo.logVo.LogVo.<init>] [INFO] 日志实例已初始化...
[2020-04-12 18:39:39:094] [vo.logVo.LogVo.<init>] [INFO] 日志实例已初始化...
[2020-04-12 18:39:39:094] [vo.logVo.LogVo.<init>] [INFO] 日志实例已初始化...
[2020-04-12 18:39:39:095] [vo.logVo.LogVo.<init>] [INFO] 日志实例已初始化...
[2020-04-12 18:39:39:097] [vo.logVo.LogVo.<init>] [INFO] 日志实例已初始化...
[2020-04-12 18:39:39:100] [vo.logVo.LogVo.<init>] [INFO] 日志实例已初始化...
[2020-04-12 18:39:39:101] [vo.logVo.LogVo.<init>] [INFO] 日志实例已初始化...
[2020-04-12 18:39:39:102] [vo.logVo.LogVo.<init>] [INFO] 日志实例已初始化...
[2020-04-12 18:39:39:103] [vo.logVo.LogVo.<init>] [INFO] 日志实例已初始化...
[2020-04-12 18:39:39:103] [vo.logVo.LogVo.<init>] [INFO] 日志实例已初始化...
[2020-04-12 18:39:39:113] [vo.logVo.LogVo.<init>] [INFO] 日志实例已初始化...
[2020-04-12 18:39:39:114] [vo.logVo.LogVo.<init>] [INFO] 日志实例已初始化...
[2020-04-12 18:39:39:115] [vo.logVo.LogVo.<init>] [INFO] 日志实例已初始化...
[2020-04-12 18:39:39:115] [vo.logVo.LogVo.<init>] [INFO] 日志实例已初始化...
[2020-04-12 18:39:39:116] [vo.logVo.LogVo.<init>] [INFO] 日志实例已初始化...
[2020-04-12 18:39:39:116] [vo.logVo.LogVo.<init>] [INFO] 日志实例已初始化...
[2020-04-12 18:39:39:117] [vo.logVo.LogVo.<init>] [INFO] 日志实例已初始化...
[2020-04-12 18:39:39:119] [vo.logVo.LogVo.<init>] [INFO] 日志实例已初始化...
[2020-04-12 18:39:39:120] [vo.logVo.LogVo.<init>] [INFO] 日志实例已初始化...
[2020-04-12 18:39:39:121] [vo.logVo.LogVo.<init>] [INFO] 日志实例已初始化...
[2020-04-12 18:39:39:122] [vo.logVo.LogVo.<init>] [INFO] 日志实例已初始化...
[2020-04-12 18:39:39:123] [vo.logVo.LogVo.<init>] [INFO] 日志实例已初始化...
[2020-04-12 18:39:39:124] [vo.logVo.LogVo.<init>] [INFO] 日志实例已初始化...
[2020-04-12 18:39:39:125] [vo.logVo.LogVo.<init>] [INFO] 日志实例已初始化...
[2020-04-12 18:39:39:126] [vo.logVo.LogVo.<init>] [INFO] 日志实例已初始化...
[2020-04-12 18:39:39:127] [vo.logVo.LogVo.<init>] [INFO] 日志实例已初始化...
[2020-04-12 18:39:39:128] [vo.logVo.LogVo.<init>] [INFO] 日志实例已初始化...
[2020-04-12 18:39:39:129] [vo.logVo.LogVo.<init>] [INFO] 日志实例已初始化...
[2020-04-12 18:39:39:129] [vo.logVo.LogVo.<init>] [INFO] 日志实例已初始化...
[2020-04-12 18:39:39:130] [vo.logVo.LogVo.<init>] [INFO] 日志实例已初始化...
[2020-04-12 18:39:39:130] [vo.logVo.LogVo.<init>] [INFO] 日志实例已初始化...
[2020-04-12 18:39:39:131] [vo.logVo.LogVo.<init>] [INFO] 日志实例已初始化...
[2020-04-12 18:39:39:132] [vo.logVo.LogVo.<init>] [INFO] 日志实例已初始化...
[2020-04-12 18:39:39:133] [vo.logVo.LogVo.<init>] [INFO] 日志实例已初始化...
[2020-04-12 18:39:39:134] [vo.logVo.LogVo.<init>] [INFO] 日志实例已初始化...
[2020-04-12 18:39:39:135] [vo.logVo.LogVo.<init>] [INFO] 日志实例已初始化...
[2020-04-12 18:39:39:135] [vo.logVo.LogVo.<init>] [INFO] 日志实例已初始化...
[2020-04-12 18:39:39:136] [vo.logVo.LogVo.<init>] [INFO] 日志实例已初始化...
[2020-04-12 18:39:39:136] [vo.logVo.LogVo.<init>] [INFO] 日志实例已初始化...
[2020-04-12 18:39:39:137] [vo.logVo.LogVo.<init>] [INFO] 日志实例已初始化...
[2020-04-12 18:39:39:138] [vo.logVo.LogVo.<init>] [INFO] 日志实例已初始化...
[2020-04-12 18:39:39:138] [vo.logVo.LogVo.<init>] [INFO] 日志实例已初始化...
[2020-04-12 18:39:39:139] [vo.logVo.LogVo.<init>] [INFO] 日志实例已初始化...
[2020-04-12 18:39:39:140] [vo.logVo.LogVo.<init>] [INFO] 日志实例已初始化...
[2020-04-12 18:39:39:140] [vo.logVo.LogVo.<init>] [INFO] 日志实例已初始化...
[2020-04-12 18:39:39:141] [vo.logVo.LogVo.<init>] [INFO] 日志实例已初始化...
[2020-04-12 18:39:39:142] [vo.logVo.LogVo.<init>] [INFO] 日志实例已初始化...
[2020-04-12 18:39:39:142] [vo.logVo.LogVo.<init>] [INFO] 日志实例已初始化...
[2020-04-12 18:39:39:143] [vo.logVo.LogVo.<init>] [INFO] 日志实例已初始化...
[2020-04-12 18:39:39:143] [vo.logVo.LogVo.<init>] [INFO] 日志实例已初始化...
[2020-04-12 18:39:39:144] [vo.logVo.LogVo.<init>] [INFO] 日志实例已初始化...
[2020-04-12 18:39:39:145] [vo.logVo.LogVo.<init>] [INFO] 日志实例已初始化...
[2020-04-12 18:39:39:145] [vo.logVo.LogVo.<init>] [INFO] 日志实例已初始化...
[2020-04-12 18:39:39:146] [vo.logVo.LogVo.<init>] [INFO] 日志实例已初始化...
[2020-04-12 18:39:39:146] [vo.logVo.LogVo.<init>] [INFO] 日志实例已初始化...
[2020-04-12 18:39:39:147] [vo.logVo.LogVo.<init>] [INFO] 日志实例已初始化...
[2020-04-12 18:39:39:147] [vo.logVo.LogVo.<init>] [INFO] 日志实例已初始化...
[2020-04-12 18:39:39:148] [vo.logVo.LogVo.<init>] [INFO] 日志实例已初始化...
[2020-04-12 18:39:39:148] [vo.logVo.LogVo.<init>] [INFO] 日志实例已初始化...
[2020-04-12 18:39:39:173] [vo.logVo.LogVo.<init>] [INFO] 日志实例已初始化...
[2020-04-12 18:39:39:175] [vo.logVo.LogVo.<init>] [INFO] 日志实例已初始化...
[2020-04-12 18:39:39:179] [vo.logVo.LogVo.<init>] [INFO] 日志实例已初始化...
[2020-04-12 18:39:39:180] [vo.logVo.LogVo.<init>] [INFO] 日志实例已初始化...
[2020-04-12 18:39:39:181] [vo.logVo.LogVo.<init>] [INFO] 日志实例已初始化...
[2020-04-12 18:39:39:183] [vo.logVo.LogVo.<init>] [INFO] 日志实例已初始化...
[2020-04-12 18:39:39:184] [vo.logVo.LogVo.<init>] [INFO] 日志实例已初始化...
[2020-04-12 18:39:39:184] [vo.logVo.LogVo.<init>] [INFO] 日志实例已初始化...
[2020-04-12 18:39:39:185] [vo.logVo.LogVo.<init>] [INFO] 日志实例已初始化...
[2020-04-12 18:39:39:186] [vo.logVo.LogVo.<init>] [INFO] 日志实例已初始化...
[2020-04-12 18:39:39:187] [vo.logVo.LogVo.<init>] [INFO] 日志实例已初始化...
[2020-04-12 18:39:39:187] [vo.logVo.LogVo.<init>] [INFO] 日志实例已初始化...
[2020-04-12 18:39:39:187] [vo.logVo.LogVo.<init>] [INFO] 日志实例已初始化...
[2020-04-12 18:39:39:188] [vo.logVo.LogVo.<init>] [INFO] 日志实例已初始化...
[2020-04-12 18:39:39:189] [vo.logVo.LogVo.<init>] [INFO] 日志实例已初始化...
[2020-04-12 18:39:39:190] [vo.logVo.LogVo.<init>] [INFO] 日志实例已初始化...
[2020-04-12 18:39:39:191] [vo.logVo.LogVo.<init>] [INFO] 日志实例已初始化...
[2020-04-12 18:39:39:193] [vo.logVo.LogVo.<init>] [INFO] 日志实例已初始化...
[2020-04-12 18:39:39:194] [vo.logVo.LogVo.<init>] [INFO] 日志实例已初始化...
[2020-04-12 18:39:39:194] [vo.logVo.LogVo.<init>] [INFO] 日志实例已初始化...
[2020-04-12 18:39:39:195] [vo.logVo.LogVo.<init>] [INFO] 日志实例已初始化...
[2020-04-12 18:39:39:196] [vo.logVo.LogVo.<init>] [INFO] 日志实例已初始化...
[2020-04-12 18:39:39:196] [vo.logVo.LogVo.<init>] [INFO] 日志实例已初始化...
[2020-04-12 18:39:39:202] [vo.logVo.LogVo.<init>] [INFO] 日志实例已初始化...
[2020-04-12 18:39:39:203] [vo.logVo.LogVo.<init>] [INFO] 日志实例已初始化...
[2020-04-12 18:39:39:204] [vo.logVo.LogVo.<init>] [INFO] 日志实例已初始化...
[2020-04-12 18:39:39:207] [vo.logVo.LogVo.<init>] [INFO] 日志实例已初始化...
[2020-04-12 18:39:39:208] [vo.logVo.LogVo.<init>] [INFO] 日志实例已初始化...
[2020-04-12 18:39:39:210] [vo.logVo.LogVo.<init>] [INFO] 日志实例已初始化...
[2020-04-12 18:39:39:211] [vo.logVo.LogVo.<init>] [INFO] 日志实例已初始化...
[2020-04-12 18:39:39:213] [vo.logVo.LogVo.<init>] [INFO] 日志实例已初始化...
[2020-04-12 18:39:39:214] [vo.logVo.LogVo.<init>] [INFO] 日志实例已初始化...
[2020-04-12 18:39:39:215] [vo.logVo.LogVo.<init>] [INFO] 日志实例已初始化...
[2020-04-12 18:39:39:215] [vo.logVo.LogVo.<init>] [INFO] 日志实例已初始化...
[2020-04-12 18:39:39:216] [vo.logVo.LogVo.<init>] [INFO] 日志实例已初始化...
[2020-04-12 18:39:39:216] [vo.logVo.LogVo.<init>] [INFO] 日志实例已初始化...
[2020-04-12 18:39:39:217] [vo.logVo.LogVo.<init>] [INFO] 日志实例已初始化...
[2020-04-12 18:39:39:227] [vo.logVo.LogVo.<init>] [INFO] 日志实例已初始化...
[2020-04-12 18:39:39:228] [vo.logVo.LogVo.<init>] [INFO] 日志实例已初始化...
[2020-04-12 18:39:39:229] [vo.logVo.LogVo.<init>] [INFO] 日志实例已初始化...
[2020-04-12 18:39:39:230] [vo.logVo.LogVo.<init>] [INFO] 日志实例已初始化...
[2020-04-12 18:39:39:231] [vo.logVo.LogVo.<init>] [INFO] 日志实例已初始化...
[2020-04-12 18:39:39:254] [vo.logVo.LogVo.<init>] [INFO] 日志实例已初始化...
[2020-04-12 18:39:39:264] [vo.logVo.LogVo.<init>] [INFO] 日志实例已初始化...
[2020-04-12 18:39:39:458] [action.userAction.LoginAction.execute] [INFO] admin 登录成功,登录时间:2020-04-12 18:39:39
[2020-04-12 18:40:04:162] [vo.logVo.LogVo.<init>] [INFO] 日志实例已初始化...
[2020-04-12 18:40:04:163] [vo.logVo.LogVo.<init>] [INFO] 日志实例已初始化...
[2020-04-12 18:40:04:164] [vo.logVo.LogVo.<init>] [INFO] 日志实例已初始化...
[2020-04-12 18:40:04:164] [vo.logVo.LogVo.<init>] [INFO] 日志实例已初始化...
[2020-04-12 18:40:04:165] [vo.logVo.LogVo.<init>] [INFO] 日志实例已初始化...
[2020-04-12 18:40:04:166] [vo.logVo.LogVo.<init>] [INFO] 日志实例已初始化...
[2020-04-12 18:40:04:167] [vo.logVo.LogVo.<init>] [INFO] 日志实例已初始化...
[2020-04-12 18:40:04:168] [vo.logVo.LogVo.<init>] [INFO] 日志实例已初始化...
[2020-04-12 18:40:04:169] [vo.logVo.LogVo.<init>] [INFO] 日志实例已初始化...
[2020-04-12 18:40:04:169] [vo.logVo.LogVo.<init>] [INFO] 日志实例已初始化...
[2020-04-12 18:40:04:170] [vo.logVo.LogVo.<init>] [INFO] 日志实例已初始化...
[2020-04-12 18:40:04:170] [vo.logVo.LogVo.<init>] [INFO] 日志实例已初始化...
[2020-04-12 18:40:04:171] [vo.logVo.LogVo.<init>] [INFO] 日志实例已初始化...
[2020-04-12 18:40:04:172] [vo.logVo.LogVo.<init>] [INFO] 日志实例已初始化...
[2020-04-12 18:40:04:172] [vo.logVo.LogVo.<init>] [INFO] 日志实例已初始化...
[2020-04-12 18:40:04:173] [vo.logVo.LogVo.<init>] [INFO] 日志实例已初始化...
[2020-04-12 18:40:04:174] [vo.logVo.LogVo.<init>] [INFO] 日志实例已初始化...
[2020-04-12 18:40:04:174] [vo.logVo.LogVo.<init>] [INFO] 日志实例已初始化...
[2020-04-12 18:40:04:175] [vo.logVo.LogVo.<init>] [INFO] 日志实例已初始化...
[2020-04-12 18:40:04:176] [vo.logVo.LogVo.<init>] [INFO] 日志实例已初始化...
[2020-04-12 18:40:04:177] [vo.logVo.LogVo.<init>] [INFO] 日志实例已初始化...
[2020-04-12 18:40:04:178] [vo.logVo.LogVo.<init>] [INFO] 日志实例已初始化...
[2020-04-12 18:40:04:178] [vo.logVo.LogVo.<init>] [INFO] 日志实例已初始化...
[2020-04-12 18:40:04:179] [vo.logVo.LogVo.<init>] [INFO] 日志实例已初始化...
[2020-04-12 18:40:04:179] [vo.logVo.LogVo.<init>] [INFO] 日志实例已初始化...
[2020-04-12 18:40:04:180] [vo.logVo.LogVo.<init>] [INFO] 日志实例已初始化...
[2020-04-12 18:40:04:180] [vo.logVo.LogVo.<init>] [INFO] 日志实例已初始化...
[2020-04-12 18:40:04:181] [vo.logVo.LogVo.<init>] [INFO] 日志实例已初始化...
[2020-04-12 18:40:04:181] [vo.logVo.LogVo.<init>] [INFO] 日志实例已初始化...
[2020-04-12 18:40:04:182] [vo.logVo.LogVo.<init>] [INFO] 日志实例已初始化...
[2020-04-12 18:40:04:182] [vo.logVo.LogVo.<init>] [INFO] 日志实例已初始化...
[2020-04-12 18:40:04:183] [vo.logVo.LogVo.<init>] [INFO] 日志实例已初始化...
[2020-04-12 18:40:04:184] [vo.logVo.LogVo.<init>] [INFO] 日志实例已初始化...
[2020-04-12 18:40:04:185] [vo.logVo.LogVo.<init>] [INFO] 日志实例已初始化...
[2020-04-12 18:40:04:186] [vo.logVo.LogVo.<init>] [INFO] 日志实例已初始化...
[2020-04-12 18:40:04:186] [vo.logVo.LogVo.<init>] [INFO] 日志实例已初始化...
[2020-04-12 18:40:04:187] [vo.logVo.LogVo.<init>] [INFO] 日志实例已初始化...
[2020-04-12 18:40:04:187] [vo.logVo.LogVo.<init>] [INFO] 日志实例已初始化...
[2020-04-12 18:40:04:188] [vo.logVo.LogVo.<init>] [INFO] 日志实例已初始化...
[2020-04-12 18:40:04:189] [vo.logVo.LogVo.<init>] [INFO] 日志实例已初始化...
[2020-04-12 18:40:04:190] [vo.logVo.LogVo.<init>] [INFO] 日志实例已初始化...
[2020-04-12 18:40:04:191] [vo.logVo.LogVo.<init>] [INFO] 日志实例已初始化...
[2020-04-12 18:40:04:191] [vo.logVo.LogVo.<init>] [INFO] 日志实例已初始化...
[2020-04-12 18:40:04:192] [vo.logVo.LogVo.<init>] [INFO] 日志实例已初始化...
[2020-04-12 18:40:04:192] [vo.logVo.LogVo.<init>] [INFO] 日志实例已初始化...
[2020-04-12 18:40:04:193] [vo.logVo.LogVo.<init>] [INFO] 日志实例已初始化...
[2020-04-12 18:40:04:194] [vo.logVo.LogVo.<init>] [INFO] 日志实例已初始化...
[2020-04-12 18:40:04:194] [vo.logVo.LogVo.<init>] [INFO] 日志实例已初始化...
[2020-04-12 18:40:04:194] [vo.logVo.LogVo.<init>] [INFO] 日志实例已初始化...
[2020-04-12 18:40:04:195] [vo.logVo.LogVo.<init>] [INFO] 日志实例已初始化...
[2020-04-12 18:40:04:195] [vo.logVo.LogVo.<init>] [INFO] 日志实例已初始化...
[2020-04-12 18:40:04:196] [vo.logVo.LogVo.<init>] [INFO] 日志实例已初始化...
[2020-04-12 18:40:04:196] [vo.logVo.LogVo.<init>] [INFO] 日志实例已初始化...
[2020-04-12 18:40:04:197] [vo.logVo.LogVo.<init>] [INFO] 日志实例已初始化...
[2020-04-12 18:40:04:197] [vo.logVo.LogVo.<init>] [INFO] 日志实例已初始化...
[2020-04-12 18:40:04:198] [vo.logVo.LogVo.<init>] [INFO] 日志实例已初始化...
[2020-04-12 18:40:04:198] [vo.logVo.LogVo.<init>] [INFO] 日志实例已初始化...
[2020-04-12 18:40:04:199] [vo.logVo.LogVo.<init>] [INFO] 日志实例已初始化...
[2020-04-12 18:40:04:200] [vo.logVo.LogVo.<init>] [INFO] 日志实例已初始化...
[2020-04-12 18:40:04:200] [vo.logVo.LogVo.<init>] [INFO] 日志实例已初始化...
[2020-04-12 18:40:04:201] [vo.logVo.LogVo.<init>] [INFO] 日志实例已初始化...
[2020-04-12 18:40:04:201] [vo.logVo.LogVo.<init>] [INFO] 日志实例已初始化...
[2020-04-12 18:40:04:202] [vo.logVo.LogVo.<init>] [INFO] 日志实例已初始化...
[2020-04-12 18:40:04:202] [vo.logVo.LogVo.<init>] [INFO] 日志实例已初始化...
[2020-04-12 18:40:04:204] [vo.logVo.LogVo.<init>] [INFO] 日志实例已初始化...
[2020-04-12 18:40:04:204] [vo.logVo.LogVo.<init>] [INFO] 日志实例已初始化...
[2020-04-12 18:40:04:205] [vo.logVo.LogVo.<init>] [INFO] 日志实例已初始化...
[2020-04-12 18:40:04:205] [vo.logVo.LogVo.<init>] [INFO] 日志实例已初始化...
[2020-04-12 18:40:04:206] [vo.logVo.LogVo.<init>] [INFO] 日志实例已初始化...
[2020-04-12 18:40:04:206] [vo.logVo.LogVo.<init>] [INFO] 日志实例已初始化...
[2020-04-12 18:40:04:206] [vo.logVo.LogVo.<init>] [INFO] 日志实例已初始化...
[2020-04-12 18:40:04:207] [vo.logVo.LogVo.<init>] [INFO] 日志实例已初始化...
[2020-04-12 18:40:04:207] [vo.logVo.LogVo.<init>] [INFO] 日志实例已初始化...
[2020-04-12 18:40:04:207] [vo.logVo.LogVo.<init>] [INFO] 日志实例已初始化...
[2020-04-12 18:40:04:208] [vo.logVo.LogVo.<init>] [INFO] 日志实例已初始化...
[2020-04-12 18:40:04:208] [vo.logVo.LogVo.<init>] [INFO] 日志实例已初始化...
[2020-04-12 18:40:04:208] [vo.logVo.LogVo.<init>] [INFO] 日志实例已初始化...
[2020-04-12 18:40:04:208] [vo.logVo.LogVo.<init>] [INFO] 日志实例已初始化...
[2020-04-12 18:40:04:209] [vo.logVo.LogVo.<init>] [INFO] 日志实例已初始化...
[2020-04-12 18:40:04:209] [vo.logVo.LogVo.<init>] [INFO] 日志实例已初始化...
[2020-04-12 18:40:04:210] [vo.logVo.LogVo.<init>] [INFO] 日志实例已初始化...
[2020-04-12 18:40:04:210] [vo.logVo.LogVo.<init>] [INFO] 日志实例已初始化...
[2020-04-12 18:40:04:210] [vo.logVo.LogVo.<init>] [INFO] 日志实例已初始化...
[2020-04-12 18:40:04:211] [vo.logVo.LogVo.<init>] [INFO] 日志实例已初始化...
[2020-04-12 18:40:04:212] [vo.logVo.LogVo.<init>] [INFO] 日志实例已初始化...
[2020-04-12 18:40:04:212] [vo.logVo.LogVo.<init>] [INFO] 日志实例已初始化...
[2020-04-12 18:40:04:214] [vo.logVo.LogVo.<init>] [INFO] 日志实例已初始化...
[2020-04-12 18:40:04:215] [vo.logVo.LogVo.<init>] [INFO] 日志实例已初始化...
[2020-04-12 18:40:04:216] [vo.logVo.LogVo.<init>] [INFO] 日志实例已初始化...
[2020-04-12 18:40:04:216] [vo.logVo.LogVo.<init>] [INFO] 日志实例已初始化...
[2020-04-12 18:40:04:217] [vo.logVo.LogVo.<init>] [INFO] 日志实例已初始化...
[2020-04-12 18:40:04:218] [vo.logVo.LogVo.<init>] [INFO] 日志实例已初始化...
[2020-04-12 18:40:04:218] [vo.logVo.LogVo.<init>] [INFO] 日志实例已初始化...
[2020-04-12 18:40:04:218] [vo.logVo.LogVo.<init>] [INFO] 日志实例已初始化...
[2020-04-12 18:40:04:219] [vo.logVo.LogVo.<init>] [INFO] 日志实例已初始化...
[2020-04-12 18:40:04:219] [vo.logVo.LogVo.<init>] [INFO] 日志实例已初始化...
[2020-04-12 18:40:04:219] [vo.logVo.LogVo.<init>] [INFO] 日志实例已初始化...
[2020-04-12 18:40:04:219] [vo.logVo.LogVo.<init>] [INFO] 日志实例已初始化...
[2020-04-12 18:40:04:220] [vo.logVo.LogVo.<init>] [INFO] 日志实例已初始化...
[2020-04-12 18:40:04:220] [vo.logVo.LogVo.<init>] [INFO] 日志实例已初始化...
[2020-04-12 18:40:04:220] [vo.logVo.LogVo.<init>] [INFO] 日志实例已初始化...
[2020-04-12 18:40:04:221] [vo.logVo.LogVo.<init>] [INFO] 日志实例已初始化...
[2020-04-12 18:40:04:221] [vo.logVo.LogVo.<init>] [INFO] 日志实例已初始化...
[2020-04-12 18:40:04:221] [vo.logVo.LogVo.<init>] [INFO] 日志实例已初始化...
[2020-04-12 18:40:04:222] [vo.logVo.LogVo.<init>] [INFO] 日志实例已初始化...
[2020-04-12 18:40:04:222] [vo.logVo.LogVo.<init>] [INFO] 日志实例已初始化...
[2020-04-12 18:40:04:222] [vo.logVo.LogVo.<init>] [INFO] 日志实例已初始化...
[2020-04-12 18:40:04:223] [vo.logVo.LogVo.<init>] [INFO] 日志实例已初始化...
[2020-04-12 18:40:04:223] [vo.logVo.LogVo.<init>] [INFO] 日志实例已初始化...
[2020-04-12 18:40:04:223] [vo.logVo.LogVo.<init>] [INFO] 日志实例已初始化...
[2020-04-12 18:40:04:224] [vo.logVo.LogVo.<init>] [INFO] 日志实例已初始化...
[2020-04-12 18:40:04:224] [vo.logVo.LogVo.<init>] [INFO] 日志实例已初始化...
[2020-04-12 18:40:04:224] [vo.logVo.LogVo.<init>] [INFO] 日志实例已初始化...
[2020-04-12 18:40:04:225] [vo.logVo.LogVo.<init>] [INFO] 日志实例已初始化...
[2020-04-12 18:40:04:225] [vo.logVo.LogVo.<init>] [INFO] 日志实例已初始化...
[2020-04-12 18:40:04:225] [vo.logVo.LogVo.<init>] [INFO] 日志实例已初始化...
[2020-04-12 18:40:04:226] [vo.logVo.LogVo.<init>] [INFO] 日志实例已初始化...
[2020-04-12 18:40:04:226] [vo.logVo.LogVo.<init>] [INFO] 日志实例已初始化...
[2020-04-12 18:40:04:226] [vo.logVo.LogVo.<init>] [INFO] 日志实例已初始化...
[2020-04-12 18:40:04:226] [vo.logVo.LogVo.<init>] [INFO] 日志实例已初始化...
[2020-04-12 18:40:04:227] [vo.logVo.LogVo.<init>] [INFO] 日志实例已初始化...
[2020-04-12 18:40:04:227] [vo.logVo.LogVo.<init>] [INFO] 日志实例已初始化...
[2020-04-12 18:40:04:227] [vo.logVo.LogVo.<init>] [INFO] 日志实例已初始化...
[2020-04-12 18:40:04:227] [vo.logVo.LogVo.<init>] [INFO] 日志实例已初始化...
[2020-04-12 18:40:04:228] [vo.logVo.LogVo.<init>] [INFO] 日志实例已初始化...
[2020-04-12 18:40:04:228] [vo.logVo.LogVo.<init>] [INFO] 日志实例已初始化...
[2020-04-12 18:40:04:228] [vo.logVo.LogVo.<init>] [INFO] 日志实例已初始化...
[2020-04-12 18:40:04:228] [vo.logVo.LogVo.<init>] [INFO] 日志实例已初始化...
[2020-04-12 18:40:04:229] [vo.logVo.LogVo.<init>] [INFO] 日志实例已初始化...
[2020-04-12 18:40:04:229] [vo.logVo.LogVo.<init>] [INFO] 日志实例已初始化...
[2020-04-12 18:40:04:229] [vo.logVo.LogVo.<init>] [INFO] 日志实例已初始化...
[2020-04-12 18:40:04:229] [vo.logVo.LogVo.<init>] [INFO] 日志实例已初始化...
[2020-04-12 18:40:04:230] [vo.logVo.LogVo.<init>] [INFO] 日志实例已初始化...
[2020-04-12 18:40:04:230] [vo.logVo.LogVo.<init>] [INFO] 日志实例已初始化...
[2020-04-12 18:40:04:230] [vo.logVo.LogVo.<init>] [INFO] 日志实例已初始化...
[2020-04-12 18:40:04:231] [vo.logVo.LogVo.<init>] [INFO] 日志实例已初始化...
[2020-04-12 18:40:04:238] [vo.logVo.LogVo.<init>] [INFO] 日志实例已初始化...
[2020-04-12 18:40:04:241] [vo.logVo.LogVo.<init>] [INFO] 日志实例已初始化...
[2020-04-12 18:40:04:242] [vo.logVo.LogVo.<init>] [INFO] 日志实例已初始化...
[2020-04-12 18:40:04:245] [vo.logVo.LogVo.<init>] [INFO] 日志实例已初始化...
[2020-04-12 18:40:04:245] [vo.logVo.LogVo.<init>] [INFO] 日志实例已初始化...
[2020-04-12 18:40:04:246] [vo.logVo.LogVo.<init>] [INFO] 日志实例已初始化...
[2020-04-12 18:40:04:246] [vo.logVo.LogVo.<init>] [INFO] 日志实例已初始化...
[2020-04-12 18:40:04:249] [vo.logVo.LogVo.<init>] [INFO] 日志实例已初始化...
[2020-04-12 18:40:04:250] [vo.logVo.LogVo.<init>] [INFO] 日志实例已初始化...
[2020-04-12 18:40:04:250] [vo.logVo.LogVo.<init>] [INFO] 日志实例已初始化...
[2020-04-12 18:40:04:251] [vo.logVo.LogVo.<init>] [INFO] 日志实例已初始化...
[2020-04-12 18:40:04:251] [vo.logVo.LogVo.<init>] [INFO] 日志实例已初始化...
[2020-04-12 18:40:04:252] [vo.logVo.LogVo.<init>] [INFO] 日志实例已初始化...
[2020-04-12 18:40:04:252] [vo.logVo.LogVo.<init>] [INFO] 日志实例已初始化...
[2020-04-12 18:40:04:252] [vo.logVo.LogVo.<init>] [INFO] 日志实例已初始化...
[2020-04-12 18:40:04:253] [vo.logVo.LogVo.<init>] [INFO] 日志实例已初始化...
[2020-04-12 18:40:04:253] [vo.logVo.LogVo.<init>] [INFO] 日志实例已初始化...
[2020-04-12 18:40:04:254] [vo.logVo.LogVo.<init>] [INFO] 日志实例已初始化...
[2020-04-12 18:40:04:255] [vo.logVo.LogVo.<init>] [INFO] 日志实例已初始化...
[2020-04-12 18:40:04:255] [vo.logVo.LogVo.<init>] [INFO] 日志实例已初始化...
[2020-04-12 18:40:04:256] [vo.logVo.LogVo.<init>] [INFO] 日志实例已初始化...
[2020-04-12 18:40:04:256] [vo.logVo.LogVo.<init>] [INFO] 日志实例已初始化...
[2020-04-12 18:40:04:257] [vo.logVo.LogVo.<init>] [INFO] 日志实例已初始化...
[2020-04-12 18:40:04:257] [vo.logVo.LogVo.<init>] [INFO] 日志实例已初始化...
[2020-04-12 18:40:04:257] [vo.logVo.LogVo.<init>] [INFO] 日志实例已初始化...
[2020-04-12 18:40:04:258] [vo.logVo.LogVo.<init>] [INFO] 日志实例已初始化...
[2020-04-12 18:40:04:258] [vo.logVo.LogVo.<init>] [INFO] 日志实例已初始化...
[2020-04-12 18:40:04:258] [vo.logVo.LogVo.<init>] [INFO] 日志实例已初始化...
[2020-04-12 18:40:04:259] [vo.logVo.LogVo.<init>] [INFO] 日志实例已初始化...
[2020-04-12 18:40:04:259] [vo.logVo.LogVo.<init>] [INFO] 日志实例已初始化...
[2020-04-12 18:40:04:259] [vo.logVo.LogVo.<init>] [INFO] 日志实例已初始化...
[2020-04-12 18:40:04:259] [vo.logVo.LogVo.<init>] [INFO] 日志实例已初始化...
[2020-04-12 18:40:04:260] [vo.logVo.LogVo.<init>] [INFO] 日志实例已初始化...
[2020-04-12 18:40:04:260] [vo.logVo.LogVo.<init>] [INFO] 日志实例已初始化...
[2020-04-12 18:40:04:261] [vo.logVo.LogVo.<init>] [INFO] 日志实例已初始化...
[2020-04-12 18:40:04:261] [vo.logVo.LogVo.<init>] [INFO] 日志实例已初始化...
[2020-04-12 18:40:04:262] [vo.logVo.LogVo.<init>] [INFO] 日志实例已初始化...
[2020-04-12 18:40:04:262] [vo.logVo.LogVo.<init>] [INFO] 日志实例已初始化...
[2020-04-12 18:40:04:262] [vo.logVo.LogVo.<init>] [INFO] 日志实例已初始化...
[2020-04-12 18:40:04:263] [vo.logVo.LogVo.<init>] [INFO] 日志实例已初始化...
[2020-04-12 18:40:04:263] [vo.logVo.LogVo.<init>] [INFO] 日志实例已初始化...
[2020-04-12 18:40:04:264] [vo.logVo.LogVo.<init>] [INFO] 日志实例已初始化...
[2020-04-12 18:40:04:266] [vo.logVo.LogVo.<init>] [INFO] 日志实例已初始化...
[2020-04-12 18:40:04:267] [vo.logVo.LogVo.<init>] [INFO] 日志实例已初始化...
[2020-04-12 18:40:04:268] [vo.logVo.LogVo.<init>] [INFO] 日志实例已初始化...
[2020-04-12 18:40:04:268] [vo.logVo.LogVo.<init>] [INFO] 日志实例已初始化...
[2020-04-12 18:40:04:269] [vo.logVo.LogVo.<init>] [INFO] 日志实例已初始化...
[2020-04-12 18:40:04:269] [vo.logVo.LogVo.<init>] [INFO] 日志实例已初始化...
[2020-04-12 18:40:04:270] [vo.logVo.LogVo.<init>] [INFO] 日志实例已初始化...
[2020-04-12 18:40:04:270] [vo.logVo.LogVo.<init>] [INFO] 日志实例已初始化...
[2020-04-12 18:40:04:271] [vo.logVo.LogVo.<init>] [INFO] 日志实例已初始化...
[2020-04-12 18:40:04:271] [vo.logVo.LogVo.<init>] [INFO] 日志实例已初始化...
[2020-04-12 18:40:04:271] [vo.logVo.LogVo.<init>] [INFO] 日志实例已初始化...
[2020-04-12 18:40:04:272] [vo.logVo.LogVo.<init>] [INFO] 日志实例已初始化...
[2020-04-12 18:40:04:272] [vo.logVo.LogVo.<init>] [INFO] 日志实例已初始化...
[2020-04-12 18:40:04:272] [vo.logVo.LogVo.<init>] [INFO] 日志实例已初始化...
[2020-04-12 18:40:04:272] [vo.logVo.LogVo.<init>] [INFO] 日志实例已初始化...
[2020-04-12 18:40:04:273] [vo.logVo.LogVo.<init>] [INFO] 日志实例已初始化...
[2020-04-12 18:40:04:273] [vo.logVo.LogVo.<init>] [INFO] 日志实例已初始化...
[2020-04-12 18:40:04:274] [vo.logVo.LogVo.<init>] [INFO] 日志实例已初始化...
[2020-04-12 18:40:04:274] [vo.logVo.LogVo.<init>] [INFO] 日志实例已初始化...
[2020-04-12 18:40:04:275] [vo.logVo.LogVo.<init>] [INFO] 日志实例已初始化...
[2020-04-12 18:40:04:275] [vo.logVo.LogVo.<init>] [INFO] 日志实例已初始化...
[2020-04-12 18:40:04:275] [vo.logVo.LogVo.<init>] [INFO] 日志实例已初始化...
[2020-04-12 18:40:04:276] [vo.logVo.LogVo.<init>] [INFO] 日志实例已初始化...
[2020-04-12 18:40:04:276] [vo.logVo.LogVo.<init>] [INFO] 日志实例已初始化...
[2020-04-12 18:40:04:277] [vo.logVo.LogVo.<init>] [INFO] 日志实例已初始化...
[2020-04-12 18:40:04:277] [vo.logVo.LogVo.<init>] [INFO] 日志实例已初始化...
[2020-04-12 18:40:04:278] [vo.logVo.LogVo.<init>] [INFO] 日志实例已初始化...
[2020-04-12 18:40:04:278] [vo.logVo.LogVo.<init>] [INFO] 日志实例已初始化...
[2020-04-12 18:40:04:278] [vo.logVo.LogVo.<init>] [INFO] 日志实例已初始化...
[2020-04-12 18:40:04:279] [vo.logVo.LogVo.<init>] [INFO] 日志实例已初始化...
[2020-04-12 18:40:04:279] [vo.logVo.LogVo.<init>] [INFO] 日志实例已初始化...
[2020-04-12 18:40:04:280] [vo.logVo.LogVo.<init>] [INFO] 日志实例已初始化...
[2020-04-12 18:40:04:280] [vo.logVo.LogVo.<init>] [INFO] 日志实例已初始化...
[2020-04-12 18:40:04:280] [vo.logVo.LogVo.<init>] [INFO] 日志实例已初始化...
[2020-04-12 18:40:04:281] [vo.logVo.LogVo.<init>] [INFO] 日志实例已初始化...
[2020-04-12 18:40:04:282] [vo.logVo.LogVo.<init>] [INFO] 日志实例已初始化...
[2020-04-12 18:40:04:282] [vo.logVo.LogVo.<init>] [INFO] 日志实例已初始化...
[2020-04-12 18:40:04:282] [vo.logVo.LogVo.<init>] [INFO] 日志实例已初始化...
[2020-04-12 18:40:04:283] [vo.logVo.LogVo.<init>] [INFO] 日志实例已初始化...
[2020-04-12 18:40:04:283] [vo.logVo.LogVo.<init>] [INFO] 日志实例已初始化...
[2020-04-12 18:40:04:283] [vo.logVo.LogVo.<init>] [INFO] 日志实例已初始化...
[2020-04-12 18:40:04:284] [vo.logVo.LogVo.<init>] [INFO] 日志实例已初始化...
[2020-04-12 18:40:04:284] [vo.logVo.LogVo.<init>] [INFO] 日志实例已初始化...
[2020-04-12 18:40:04:284] [vo.logVo.LogVo.<init>] [INFO] 日志实例已初始化...
[2020-04-12 18:40:04:284] [vo.logVo.LogVo.<init>] [INFO] 日志实例已初始化...
[2020-04-12 18:40:04:285] [vo.logVo.LogVo.<init>] [INFO] 日志实例已初始化...
[2020-04-12 18:40:04:286] [vo.logVo.LogVo.<init>] [INFO] 日志实例已初始化...
[2020-04-12 18:40:04:286] [vo.logVo.LogVo.<init>] [INFO] 日志实例已初始化...
[2020-04-12 18:40:04:286] [vo.logVo.LogVo.<init>] [INFO] 日志实例已初始化...
[2020-04-12 18:40:04:287] [vo.logVo.LogVo.<init>] [INFO] 日志实例已初始化...
[2020-04-12 18:40:04:287] [vo.logVo.LogVo.<init>] [INFO] 日志实例已初始化...
[2020-04-12 18:40:04:287] [vo.logVo.LogVo.<init>] [INFO] 日志实例已初始化...
[2020-04-12 18:40:04:288] [vo.logVo.LogVo.<init>] [INFO] 日志实例已初始化...
[2020-04-12 18:40:04:288] [vo.logVo.LogVo.<init>] [INFO] 日志实例已初始化...
[2020-04-12 18:40:04:288] [vo.logVo.LogVo.<init>] [INFO] 日志实例已初始化...
[2020-04-12 18:40:04:288] [vo.logVo.LogVo.<init>] [INFO] 日志实例已初始化...
[2020-04-12 18:40:04:289] [vo.logVo.LogVo.<init>] [INFO] 日志实例已初始化...
[2020-04-12 18:40:04:289] [vo.logVo.LogVo.<init>] [INFO] 日志实例已初始化...
[2020-04-12 18:40:04:289] [vo.logVo.LogVo.<init>] [INFO] 日志实例已初始化...
[2020-04-12 18:40:04:289] [vo.logVo.LogVo.<init>] [INFO] 日志实例已初始化...
[2020-04-12 18:40:04:290] [vo.logVo.LogVo.<init>] [INFO] 日志实例已初始化...
[2020-04-12 18:40:04:290] [vo.logVo.LogVo.<init>] [INFO] 日志实例已初始化...
[2020-04-12 18:40:04:290] [vo.logVo.LogVo.<init>] [INFO] 日志实例已初始化...
[2020-04-12 18:40:04:291] [vo.logVo.LogVo.<init>] [INFO] 日志实例已初始化...
[2020-04-12 18:40:04:291] [vo.logVo.LogVo.<init>] [INFO] 日志实例已初始化...
[2020-04-12 18:40:04:291] [vo.logVo.LogVo.<init>] [INFO] 日志实例已初始化...
[2020-04-12 18:40:04:292] [vo.logVo.LogVo.<init>] [INFO] 日志实例已初始化...
[2020-04-12 18:40:04:292] [vo.logVo.LogVo.<init>] [INFO] 日志实例已初始化...
[2020-04-12 18:40:04:292] [vo.logVo.LogVo.<init>] [INFO] 日志实例已初始化...
[2020-04-12 18:40:04:293] [vo.logVo.LogVo.<init>] [INFO] 日志实例已初始化...
[2020-04-12 18:40:04:293] [vo.logVo.LogVo.<init>] [INFO] 日志实例已初始化...
[2020-04-12 18:40:04:294] [vo.logVo.LogVo.<init>] [INFO] 日志实例已初始化...
[2020-04-12 18:40:04:294] [vo.logVo.LogVo.<init>] [INFO] 日志实例已初始化...
[2020-04-12 18:40:04:294] [vo.logVo.LogVo.<init>] [INFO] 日志实例已初始化...
[2020-04-12 18:40:04:295] [vo.logVo.LogVo.<init>] [INFO] 日志实例已初始化...
[2020-04-12 18:40:04:295] [vo.logVo.LogVo.<init>] [INFO] 日志实例已初始化...
[2020-04-12 18:40:04:295] [vo.logVo.LogVo.<init>] [INFO] 日志实例已初始化...
[2020-04-12 18:40:04:295] [vo.logVo.LogVo.<init>] [INFO] 日志实例已初始化...
[2020-04-12 18:40:04:296] [vo.logVo.LogVo.<init>] [INFO] 日志实例已初始化...
[2020-04-12 18:40:04:296] [vo.logVo.LogVo.<init>] [INFO] 日志实例已初始化...
[2020-04-12 18:40:04:296] [vo.logVo.LogVo.<init>] [INFO] 日志实例已初始化...
[2020-04-12 18:40:04:296] [vo.logVo.LogVo.<init>] [INFO] 日志实例已初始化...
[2020-04-12 18:40:04:297] [vo.logVo.LogVo.<init>] [INFO] 日志实例已初始化...
[2020-04-12 18:40:04:297] [vo.logVo.LogVo.<init>] [INFO] 日志实例已初始化...
[2020-04-12 18:40:04:301] [vo.logVo.LogVo.<init>] [INFO] 日志实例已初始化...
[2020-04-12 18:40:04:303] [vo.logVo.LogVo.<init>] [INFO] 日志实例已初始化...
[2020-04-12 18:40:04:303] [vo.logVo.LogVo.<init>] [INFO] 日志实例已初始化...
[2020-04-12 18:40:04:304] [vo.logVo.LogVo.<init>] [INFO] 日志实例已初始化...
[2020-04-12 18:40:04:304] [vo.logVo.LogVo.<init>] [INFO] 日志实例已初始化...
[2020-04-12 18:40:04:305] [vo.logVo.LogVo.<init>] [INFO] 日志实例已初始化...
[2020-04-12 18:40:04:305] [vo.logVo.LogVo.<init>] [INFO] 日志实例已初始化...
[2020-04-12 18:40:04:306] [vo.logVo.LogVo.<init>] [INFO] 日志实例已初始化...
[2020-04-12 18:40:04:306] [vo.logVo.LogVo.<init>] [INFO] 日志实例已初始化...
[2020-04-12 18:40:04:307] [vo.logVo.LogVo.<init>] [INFO] 日志实例已初始化...
[2020-04-12 18:40:04:307] [vo.logVo.LogVo.<init>] [INFO] 日志实例已初始化...
[2020-04-12 18:40:04:308] [vo.logVo.LogVo.<init>] [INFO] 日志实例已初始化...
[2020-04-12 18:40:04:308] [vo.logVo.LogVo.<init>] [INFO] 日志实例已初始化...
[2020-04-12 18:40:04:308] [vo.logVo.LogVo.<init>] [INFO] 日志实例已初始化...
[2020-04-12 18:40:04:309] [vo.logVo.LogVo.<init>] [INFO] 日志实例已初始化...
[2020-04-12 18:40:04:309] [vo.logVo.LogVo.<init>] [INFO] 日志实例已初始化...
[2020-04-12 18:40:04:310] [vo.logVo.LogVo.<init>] [INFO] 日志实例已初始化...
[2020-04-12 18:40:04:311] [vo.logVo.LogVo.<init>] [INFO] 日志实例已初始化...
[2020-04-12 18:40:04:311] [vo.logVo.LogVo.<init>] [INFO] 日志实例已初始化...
[2020-04-12 18:40:04:312] [vo.logVo.LogVo.<init>] [INFO] 日志实例已初始化...
[2020-04-12 18:40:04:312] [vo.logVo.LogVo.<init>] [INFO] 日志实例已初始化...
[2020-04-12 18:40:04:313] [vo.logVo.LogVo.<init>] [INFO] 日志实例已初始化...
[2020-04-12 18:40:04:314] [vo.logVo.LogVo.<init>] [INFO] 日志实例已初始化...
[2020-04-12 18:40:04:314] [vo.logVo.LogVo.<init>] [INFO] 日志实例已初始化...
[2020-04-12 18:40:04:315] [vo.logVo.LogVo.<init>] [INFO] 日志实例已初始化...
[2020-04-12 18:40:04:316] [vo.logVo.LogVo.<init>] [INFO] 日志实例已初始化...
[2020-04-12 18:40:04:316] [vo.logVo.LogVo.<init>] [INFO] 日志实例已初始化...
[2020-04-12 18:40:04:317] [vo.logVo.LogVo.<init>] [INFO] 日志实例已初始化...
[2020-04-12 18:40:04:318] [vo.logVo.LogVo.<init>] [INFO] 日志实例已初始化...
[2020-04-12 18:40:04:318] [vo.logVo.LogVo.<init>] [INFO] 日志实例已初始化...
[2020-04-12 18:40:04:319] [vo.logVo.LogVo.<init>] [INFO] 日志实例已初始化...
[2020-04-12 18:40:04:319] [vo.logVo.LogVo.<init>] [INFO] 日志实例已初始化...
[2020-04-12 18:40:04:320] [vo.logVo.LogVo.<init>] [INFO] 日志实例已初始化...
[2020-04-12 18:40:04:320] [vo.logVo.LogVo.<init>] [INFO] 日志实例已初始化...
[2020-04-12 18:40:04:321] [vo.logVo.LogVo.<init>] [INFO] 日志实例已初始化...
[2020-04-12 18:40:04:321] [vo.logVo.LogVo.<init>] [INFO] 日志实例已初始化...
[2020-04-12 18:40:04:321] [vo.logVo.LogVo.<init>] [INFO] 日志实例已初始化...
[2020-04-12 18:40:04:322] [vo.logVo.LogVo.<init>] [INFO] 日志实例已初始化...
[2020-04-12 18:40:04:322] [vo.logVo.LogVo.<init>] [INFO] 日志实例已初始化...
[2020-04-12 18:40:04:323] [vo.logVo.LogVo.<init>] [INFO] 日志实例已初始化...
[2020-04-12 18:40:04:323] [vo.logVo.LogVo.<init>] [INFO] 日志实例已初始化...
[2020-04-12 18:40:04:324] [vo.logVo.LogVo.<init>] [INFO] 日志实例已初始化...
[2020-04-12 18:40:04:324] [vo.logVo.LogVo.<init>] [INFO] 日志实例已初始化...
[2020-04-12 18:40:04:324] [vo.logVo.LogVo.<init>] [INFO] 日志实例已初始化...
[2020-04-12 18:40:04:325] [vo.logVo.LogVo.<init>] [INFO] 日志实例已初始化...
[2020-04-12 18:40:04:325] [vo.logVo.LogVo.<init>] [INFO] 日志实例已初始化...
[2020-04-12 18:40:04:326] [vo.logVo.LogVo.<init>] [INFO] 日志实例已初始化...
[2020-04-12 18:40:04:326] [vo.logVo.LogVo.<init>] [INFO] 日志实例已初始化...
[2020-04-12 18:40:04:326] [vo.logVo.LogVo.<init>] [INFO] 日志实例已初始化...
[2020-04-12 18:40:04:327] [vo.logVo.LogVo.<init>] [INFO] 日志实例已初始化...
[2020-04-12 18:40:04:327] [vo.logVo.LogVo.<init>] [INFO] 日志实例已初始化...
[2020-04-12 18:40:04:328] [vo.logVo.LogVo.<init>] [INFO] 日志实例已初始化...
[2020-04-12 18:40:04:329] [vo.logVo.LogVo.<init>] [INFO] 日志实例已初始化...
[2020-04-12 18:40:04:330] [vo.logVo.LogVo.<init>] [INFO] 日志实例已初始化...
[2020-04-12 18:40:04:331] [vo.logVo.LogVo.<init>] [INFO] 日志实例已初始化...
[2020-04-12 18:40:04:331] [vo.logVo.LogVo.<init>] [INFO] 日志实例已初始化...
[2020-04-12 18:40:04:332] [vo.logVo.LogVo.<init>] [INFO] 日志实例已初始化...
[2020-04-12 18:40:04:333] [vo.logVo.LogVo.<init>] [INFO] 日志实例已初始化...
[2020-04-12 18:40:04:333] [vo.logVo.LogVo.<init>] [INFO] 日志实例已初始化...
[2020-04-12 18:40:04:333] [vo.logVo.LogVo.<init>] [INFO] 日志实例已初始化...
[2020-04-12 18:40:04:334] [vo.logVo.LogVo.<init>] [INFO] 日志实例已初始化...
[2020-04-12 18:40:04:334] [vo.logVo.LogVo.<init>] [INFO] 日志实例已初始化...
[2020-04-12 18:40:04:335] [vo.logVo.LogVo.<init>] [INFO] 日志实例已初始化...
[2020-04-12 18:40:04:335] [vo.logVo.LogVo.<init>] [INFO] 日志实例已初始化...
[2020-04-12 18:40:04:336] [vo.logVo.LogVo.<init>] [INFO] 日志实例已初始化...
[2020-04-12 18:40:04:336] [vo.logVo.LogVo.<init>] [INFO] 日志实例已初始化...
[2020-04-12 18:40:04:337] [vo.logVo.LogVo.<init>] [INFO] 日志实例已初始化...
[2020-04-12 18:40:04:338] [vo.logVo.LogVo.<init>] [INFO] 日志实例已初始化...
[2020-04-12 18:40:04:338] [vo.logVo.LogVo.<init>] [INFO] 日志实例已初始化...
[2020-04-12 18:40:04:339] [vo.logVo.LogVo.<init>] [INFO] 日志实例已初始化...
[2020-04-12 18:40:04:339] [vo.logVo.LogVo.<init>] [INFO] 日志实例已初始化...
[2020-04-12 18:40:04:340] [vo.logVo.LogVo.<init>] [INFO] 日志实例已初始化...
[2020-04-12 18:40:04:340] [vo.logVo.LogVo.<init>] [INFO] 日志实例已初始化...
[2020-04-12 18:40:04:340] [vo.logVo.LogVo.<init>] [INFO] 日志实例已初始化...
[2020-04-12 18:40:04:341] [vo.logVo.LogVo.<init>] [INFO] 日志实例已初始化...
[2020-04-12 18:40:04:341] [vo.logVo.LogVo.<init>] [INFO] 日志实例已初始化...
[2020-04-12 18:40:04:342] [vo.logVo.LogVo.<init>] [INFO] 日志实例已初始化...
[2020-04-12 18:40:04:342] [vo.logVo.LogVo.<init>] [INFO] 日志实例已初始化...
[2020-04-12 18:40:04:342] [vo.logVo.LogVo.<init>] [INFO] 日志实例已初始化...
[2020-04-12 18:40:04:343] [vo.logVo.LogVo.<init>] [INFO] 日志实例已初始化...
[2020-04-12 18:40:04:343] [vo.logVo.LogVo.<init>] [INFO] 日志实例已初始化...
[2020-04-12 18:40:04:344] [vo.logVo.LogVo.<init>] [INFO] 日志实例已初始化...
[2020-04-12 18:40:04:344] [vo.logVo.LogVo.<init>] [INFO] 日志实例已初始化...
[2020-04-12 18:40:04:344] [vo.logVo.LogVo.<init>] [INFO] 日志实例已初始化...
[2020-04-12 18:40:04:345] [vo.logVo.LogVo.<init>] [INFO] 日志实例已初始化...
[2020-04-12 18:40:04:345] [vo.logVo.LogVo.<init>] [INFO] 日志实例已初始化...
[2020-04-12 18:40:04:346] [vo.logVo.LogVo.<init>] [INFO] 日志实例已初始化...
[2020-04-12 18:40:04:346] [vo.logVo.LogVo.<init>] [INFO] 日志实例已初始化...
[2020-04-12 18:40:04:346] [vo.logVo.LogVo.<init>] [INFO] 日志实例已初始化...
[2020-04-12 18:40:04:347] [vo.logVo.LogVo.<init>] [INFO] 日志实例已初始化...
[2020-04-12 18:40:04:349] [vo.logVo.LogVo.<init>] [INFO] 日志实例已初始化...
[2020-04-12 18:40:04:350] [vo.logVo.LogVo.<init>] [INFO] 日志实例已初始化...
[2020-04-12 18:40:04:350] [vo.logVo.LogVo.<init>] [INFO] 日志实例已初始化...
[2020-04-12 18:40:04:351] [vo.logVo.LogVo.<init>] [INFO] 日志实例已初始化...
[2020-04-12 18:40:04:352] [vo.logVo.LogVo.<init>] [INFO] 日志实例已初始化...
[2020-04-12 18:40:04:352] [vo.logVo.LogVo.<init>] [INFO] 日志实例已初始化...
[2020-04-12 18:40:04:352] [vo.logVo.LogVo.<init>] [INFO] 日志实例已初始化...
[2020-04-12 18:40:04:353] [vo.logVo.LogVo.<init>] [INFO] 日志实例已初始化...
[2020-04-12 18:40:04:354] [vo.logVo.LogVo.<init>] [INFO] 日志实例已初始化...
[2020-04-12 18:40:04:354] [vo.logVo.LogVo.<init>] [INFO] 日志实例已初始化...
[2020-04-12 18:40:04:355] [vo.logVo.LogVo.<init>] [INFO] 日志实例已初始化...
[2020-04-12 18:40:04:355] [vo.logVo.LogVo.<init>] [INFO] 日志实例已初始化...
[2020-04-12 18:40:04:356] [vo.logVo.LogVo.<init>] [INFO] 日志实例已初始化...
[2020-04-12 18:40:04:357] [vo.logVo.LogVo.<init>] [INFO] 日志实例已初始化...
[2020-04-12 18:40:04:357] [vo.logVo.LogVo.<init>] [INFO] 日志实例已初始化...
[2020-04-12 18:40:04:358] [vo.logVo.LogVo.<init>] [INFO] 日志实例已初始化...
[2020-04-12 18:40:04:358] [vo.logVo.LogVo.<init>] [INFO] 日志实例已初始化...
[2020-04-12 18:40:04:359] [vo.logVo.LogVo.<init>] [INFO] 日志实例已初始化...
[2020-04-12 18:40:04:360] [vo.logVo.LogVo.<init>] [INFO] 日志实例已初始化...
[2020-04-12 18:40:04:361] [vo.logVo.LogVo.<init>] [INFO] 日志实例已初始化...
[2020-04-12 18:40:04:361] [vo.logVo.LogVo.<init>] [INFO] 日志实例已初始化...
[2020-04-12 18:40:04:361] [vo.logVo.LogVo.<init>] [INFO] 日志实例已初始化...
[2020-04-12 18:40:04:362] [vo.logVo.LogVo.<init>] [INFO] 日志实例已初始化...
[2020-04-12 18:40:04:362] [vo.logVo.LogVo.<init>] [INFO] 日志实例已初始化...
[2020-04-12 18:40:04:363] [vo.logVo.LogVo.<init>] [INFO] 日志实例已初始化...
[2020-04-12 18:40:04:365] [vo.logVo.LogVo.<init>] [INFO] 日志实例已初始化...
[2020-04-12 18:40:04:366] [vo.logVo.LogVo.<init>] [INFO] 日志实例已初始化...
[2020-04-12 18:40:04:367] [vo.logVo.LogVo.<init>] [INFO] 日志实例已初始化...
[2020-04-12 18:40:04:367] [vo.logVo.LogVo.<init>] [INFO] 日志实例已初始化...
[2020-04-12 18:40:04:368] [vo.logVo.LogVo.<init>] [INFO] 日志实例已初始化...
[2020-04-12 18:40:04:369] [vo.logVo.LogVo.<init>] [INFO] 日志实例已初始化...
[2020-04-12 18:40:04:369] [vo.logVo.LogVo.<init>] [INFO] 日志实例已初始化...
[2020-04-12 18:40:04:369] [vo.logVo.LogVo.<init>] [INFO] 日志实例已初始化...
[2020-04-12 18:40:04:370] [vo.logVo.LogVo.<init>] [INFO] 日志实例已初始化...
[2020-04-12 18:40:04:371] [vo.logVo.LogVo.<init>] [INFO] 日志实例已初始化...
[2020-04-12 18:40:04:371] [vo.logVo.LogVo.<init>] [INFO] 日志实例已初始化...
[2020-04-12 18:40:04:372] [vo.logVo.LogVo.<init>] [INFO] 日志实例已初始化...
[2020-04-12 18:40:04:372] [vo.logVo.LogVo.<init>] [INFO] 日志实例已初始化...
[2020-04-12 18:40:04:373] [vo.logVo.LogVo.<init>] [INFO] 日志实例已初始化...
[2020-04-12 18:40:04:383] [vo.logVo.LogVo.<init>] [INFO] 日志实例已初始化...
[2020-04-12 18:40:04:387] [vo.logVo.LogVo.<init>] [INFO] 日志实例已初始化...
[2020-04-12 18:40:04:601] [action.userAction.LoginAction.execute] [INFO] admin 登录成功,登录时间:2020-04-12 18:40:04
[2020-04-12 18:40:45:969] [vo.logVo.LogVo.<init>] [INFO] 日志实例已初始化...
[2020-04-12 18:40:45:970] [vo.logVo.LogVo.<init>] [INFO] 日志实例已初始化...
[2020-04-12 18:40:45:970] [vo.logVo.LogVo.<init>] [INFO] 日志实例已初始化...
[2020-04-12 18:40:45:971] [vo.logVo.LogVo.<init>] [INFO] 日志实例已初始化...
[2020-04-12 18:40:45:971] [vo.logVo.LogVo.<init>] [INFO] 日志实例已初始化...
[2020-04-12 18:40:45:972] [vo.logVo.LogVo.<init>] [INFO] 日志实例已初始化...
[2020-04-12 18:40:45:972] [vo.logVo.LogVo.<init>] [INFO] 日志实例已初始化...
[2020-04-12 18:40:45:973] [vo.logVo.LogVo.<init>] [INFO] 日志实例已初始化...
[2020-04-12 18:40:45:974] [vo.logVo.LogVo.<init>] [INFO] 日志实例已初始化...
[2020-04-12 18:40:45:975] [vo.logVo.LogVo.<init>] [INFO] 日志实例已初始化...
[2020-04-12 18:40:45:975] [vo.logVo.LogVo.<init>] [INFO] 日志实例已初始化...
[2020-04-12 18:40:45:976] [vo.logVo.LogVo.<init>] [INFO] 日志实例已初始化...
[2020-04-12 18:40:45:977] [vo.logVo.LogVo.<init>] [INFO] 日志实例已初始化...
[2020-04-12 18:40:45:977] [vo.logVo.LogVo.<init>] [INFO] 日志实例已初始化...
[2020-04-12 18:40:45:978] [vo.logVo.LogVo.<init>] [INFO] 日志实例已初始化...
[2020-04-12 18:40:45:979] [vo.logVo.LogVo.<init>] [INFO] 日志实例已初始化...
[2020-04-12 18:40:45:979] [vo.logVo.LogVo.<init>] [INFO] 日志实例已初始化...
[2020-04-12 18:40:45:980] [vo.logVo.LogVo.<init>] [INFO] 日志实例已初始化...
[2020-04-12 18:40:45:980] [vo.logVo.LogVo.<init>] [INFO] 日志实例已初始化...
[2020-04-12 18:40:45:981] [vo.logVo.LogVo.<init>] [INFO] 日志实例已初始化...
[2020-04-12 18:40:45:981] [vo.logVo.LogVo.<init>] [INFO] 日志实例已初始化...
[2020-04-12 18:40:45:982] [vo.logVo.LogVo.<init>] [INFO] 日志实例已初始化...
[2020-04-12 18:40:45:983] [vo.logVo.LogVo.<init>] [INFO] 日志实例已初始化...
[2020-04-12 18:40:45:983] [vo.logVo.LogVo.<init>] [INFO] 日志实例已初始化...
[2020-04-12 18:40:45:983] [vo.logVo.LogVo.<init>] [INFO] 日志实例已初始化...
[2020-04-12 18:40:45:984] [vo.logVo.LogVo.<init>] [INFO] 日志实例已初始化...
[2020-04-12 18:40:45:984] [vo.logVo.LogVo.<init>] [INFO] 日志实例已初始化...
[2020-04-12 18:40:45:985] [vo.logVo.LogVo.<init>] [INFO] 日志实例已初始化...
[2020-04-12 18:40:45:985] [vo.logVo.LogVo.<init>] [INFO] 日志实例已初始化...
[2020-04-12 18:40:45:986] [vo.logVo.LogVo.<init>] [INFO] 日志实例已初始化...
[2020-04-12 18:40:45:986] [vo.logVo.LogVo.<init>] [INFO] 日志实例已初始化...
[2020-04-12 18:40:45:987] [vo.logVo.LogVo.<init>] [INFO] 日志实例已初始化...
[2020-04-12 18:40:45:987] [vo.logVo.LogVo.<init>] [INFO] 日志实例已初始化...
[2020-04-12 18:40:45:988] [vo.logVo.LogVo.<init>] [INFO] 日志实例已初始化...
[2020-04-12 18:40:45:988] [vo.logVo.LogVo.<init>] [INFO] 日志实例已初始化...
[2020-04-12 18:40:45:989] [vo.logVo.LogVo.<init>] [INFO] 日志实例已初始化...
[2020-04-12 18:40:45:989] [vo.logVo.LogVo.<init>] [INFO] 日志实例已初始化...
[2020-04-12 18:40:45:990] [vo.logVo.LogVo.<init>] [INFO] 日志实例已初始化...
[2020-04-12 18:40:45:991] [vo.logVo.LogVo.<init>] [INFO] 日志实例已初始化...
[2020-04-12 18:40:45:991] [vo.logVo.LogVo.<init>] [INFO] 日志实例已初始化...
[2020-04-12 18:40:45:992] [vo.logVo.LogVo.<init>] [INFO] 日志实例已初始化...
[2020-04-12 18:40:45:993] [vo.logVo.LogVo.<init>] [INFO] 日志实例已初始化...
[2020-04-12 18:40:45:993] [vo.logVo.LogVo.<init>] [INFO] 日志实例已初始化...
[2020-04-12 18:40:45:994] [vo.logVo.LogVo.<init>] [INFO] 日志实例已初始化...
[2020-04-12 18:40:45:994] [vo.logVo.LogVo.<init>] [INFO] 日志实例已初始化...
[2020-04-12 18:40:45:995] [vo.logVo.LogVo.<init>] [INFO] 日志实例已初始化...
[2020-04-12 18:40:45:995] [vo.logVo.LogVo.<init>] [INFO] 日志实例已初始化...
[2020-04-12 18:40:45:996] [vo.logVo.LogVo.<init>] [INFO] 日志实例已初始化...
[2020-04-12 18:40:45:996] [vo.logVo.LogVo.<init>] [INFO] 日志实例已初始化...
[2020-04-12 18:40:45:997] [vo.logVo.LogVo.<init>] [INFO] 日志实例已初始化...
[2020-04-12 18:40:45:997] [vo.logVo.LogVo.<init>] [INFO] 日志实例已初始化...
[2020-04-12 18:40:45:998] [vo.logVo.LogVo.<init>] [INFO] 日志实例已初始化...
[2020-04-12 18:40:45:998] [vo.logVo.LogVo.<init>] [INFO] 日志实例已初始化...
[2020-04-12 18:40:45:999] [vo.logVo.LogVo.<init>] [INFO] 日志实例已初始化...
[2020-04-12 18:40:46:000] [vo.logVo.LogVo.<init>] [INFO] 日志实例已初始化...
[2020-04-12 18:40:46:000] [vo.logVo.LogVo.<init>] [INFO] 日志实例已初始化...
[2020-04-12 18:40:46:001] [vo.logVo.LogVo.<init>] [INFO] 日志实例已初始化...
[2020-04-12 18:40:46:003] [vo.logVo.LogVo.<init>] [INFO] 日志实例已初始化...
[2020-04-12 18:40:46:004] [vo.logVo.LogVo.<init>] [INFO] 日志实例已初始化...
[2020-04-12 18:40:46:004] [vo.logVo.LogVo.<init>] [INFO] 日志实例已初始化...
[2020-04-12 18:40:46:005] [vo.logVo.LogVo.<init>] [INFO] 日志实例已初始化...
[2020-04-12 18:40:46:009] [vo.logVo.LogVo.<init>] [INFO] 日志实例已初始化...
[2020-04-12 18:40:46:010] [vo.logVo.LogVo.<init>] [INFO] 日志实例已初始化...
[2020-04-12 18:40:46:011] [vo.logVo.LogVo.<init>] [INFO] 日志实例已初始化...
[2020-04-12 18:40:46:011] [vo.logVo.LogVo.<init>] [INFO] 日志实例已初始化...
[2020-04-12 18:40:46:013] [vo.logVo.LogVo.<init>] [INFO] 日志实例已初始化...
[2020-04-12 18:40:46:015] [vo.logVo.LogVo.<init>] [INFO] 日志实例已初始化...
[2020-04-12 18:40:46:015] [vo.logVo.LogVo.<init>] [INFO] 日志实例已初始化...
[2020-04-12 18:40:46:016] [vo.logVo.LogVo.<init>] [INFO] 日志实例已初始化...
[2020-04-12 18:40:46:017] [vo.logVo.LogVo.<init>] [INFO] 日志实例已初始化...
[2020-04-12 18:40:46:018] [vo.logVo.LogVo.<init>] [INFO] 日志实例已初始化...
[2020-04-12 18:40:46:018] [vo.logVo.LogVo.<init>] [INFO] 日志实例已初始化...
[2020-04-12 18:40:46:019] [vo.logVo.LogVo.<init>] [INFO] 日志实例已初始化...
[2020-04-12 18:40:46:020] [vo.logVo.LogVo.<init>] [INFO] 日志实例已初始化...
[2020-04-12 18:40:46:021] [vo.logVo.LogVo.<init>] [INFO] 日志实例已初始化...
[2020-04-12 18:40:46:022] [vo.logVo.LogVo.<init>] [INFO] 日志实例已初始化...
[2020-04-12 18:40:46:027] [vo.logVo.LogVo.<init>] [INFO] 日志实例已初始化...
[2020-04-12 18:40:46:028] [vo.logVo.LogVo.<init>] [INFO] 日志实例已初始化...
[2020-04-12 18:40:46:028] [vo.logVo.LogVo.<init>] [INFO] 日志实例已初始化...
[2020-04-12 18:40:46:029] [vo.logVo.LogVo.<init>] [INFO] 日志实例已初始化...
[2020-04-12 18:40:46:029] [vo.logVo.LogVo.<init>] [INFO] 日志实例已初始化...
[2020-04-12 18:40:46:033] [vo.logVo.LogVo.<init>] [INFO] 日志实例已初始化...
[2020-04-12 18:40:46:034] [vo.logVo.LogVo.<init>] [INFO] 日志实例已初始化...
[2020-04-12 18:40:46:034] [vo.logVo.LogVo.<init>] [INFO] 日志实例已初始化...
[2020-04-12 18:40:46:035] [vo.logVo.LogVo.<init>] [INFO] 日志实例已初始化...
[2020-04-12 18:40:46:035] [vo.logVo.LogVo.<init>] [INFO] 日志实例已初始化...
[2020-04-12 18:40:46:036] [vo.logVo.LogVo.<init>] [INFO] 日志实例已初始化...
[2020-04-12 18:40:46:036] [vo.logVo.LogVo.<init>] [INFO] 日志实例已初始化...
[2020-04-12 18:40:46:037] [vo.logVo.LogVo.<init>] [INFO] 日志实例已初始化...
[2020-04-12 18:40:46:037] [vo.logVo.LogVo.<init>] [INFO] 日志实例已初始化...
[2020-04-12 18:40:46:038] [vo.logVo.LogVo.<init>] [INFO] 日志实例已初始化...
[2020-04-12 18:40:46:038] [vo.logVo.LogVo.<init>] [INFO] 日志实例已初始化...
[2020-04-12 18:40:46:040] [vo.logVo.LogVo.<init>] [INFO] 日志实例已初始化...
[2020-04-12 18:40:46:040] [vo.logVo.LogVo.<init>] [INFO] 日志实例已初始化...
[2020-04-12 18:40:46:041] [vo.logVo.LogVo.<init>] [INFO] 日志实例已初始化...
[2020-04-12 18:40:46:042] [vo.logVo.LogVo.<init>] [INFO] 日志实例已初始化...
[2020-04-12 18:40:46:045] [vo.logVo.LogVo.<init>] [INFO] 日志实例已初始化...
[2020-04-12 18:40:46:045] [vo.logVo.LogVo.<init>] [INFO] 日志实例已初始化...
[2020-04-12 18:40:46:046] [vo.logVo.LogVo.<init>] [INFO] 日志实例已初始化...
[2020-04-12 18:40:46:047] [vo.logVo.LogVo.<init>] [INFO] 日志实例已初始化...
[2020-04-12 18:40:46:047] [vo.logVo.LogVo.<init>] [INFO] 日志实例已初始化...
[2020-04-12 18:40:46:048] [vo.logVo.LogVo.<init>] [INFO] 日志实例已初始化...
[2020-04-12 18:40:46:048] [vo.logVo.LogVo.<init>] [INFO] 日志实例已初始化...
[2020-04-12 18:40:46:049] [vo.logVo.LogVo.<init>] [INFO] 日志实例已初始化...
[2020-04-12 18:40:46:049] [vo.logVo.LogVo.<init>] [INFO] 日志实例已初始化...
[2020-04-12 18:40:46:050] [vo.logVo.LogVo.<init>] [INFO] 日志实例已初始化...
[2020-04-12 18:40:46:051] [vo.logVo.LogVo.<init>] [INFO] 日志实例已初始化...
[2020-04-12 18:40:46:051] [vo.logVo.LogVo.<init>] [INFO] 日志实例已初始化...
[2020-04-12 18:40:46:052] [vo.logVo.LogVo.<init>] [INFO] 日志实例已初始化...
[2020-04-12 18:40:46:052] [vo.logVo.LogVo.<init>] [INFO] 日志实例已初始化...
[2020-04-12 18:40:46:053] [vo.logVo.LogVo.<init>] [INFO] 日志实例已初始化...
[2020-04-12 18:40:46:053] [vo.logVo.LogVo.<init>] [INFO] 日志实例已初始化...
[2020-04-12 18:40:46:054] [vo.logVo.LogVo.<init>] [INFO] 日志实例已初始化...
[2020-04-12 18:40:46:055] [vo.logVo.LogVo.<init>] [INFO] 日志实例已初始化...
[2020-04-12 18:40:46:055] [vo.logVo.LogVo.<init>] [INFO] 日志实例已初始化...
[2020-04-12 18:40:46:057] [vo.logVo.LogVo.<init>] [INFO] 日志实例已初始化...
[2020-04-12 18:40:46:059] [vo.logVo.LogVo.<init>] [INFO] 日志实例已初始化...
[2020-04-12 18:40:46:061] [vo.logVo.LogVo.<init>] [INFO] 日志实例已初始化...
[2020-04-12 18:40:46:063] [vo.logVo.LogVo.<init>] [INFO] 日志实例已初始化...
[2020-04-12 18:40:46:063] [vo.logVo.LogVo.<init>] [INFO] 日志实例已初始化...
[2020-04-12 18:40:46:064] [vo.logVo.LogVo.<init>] [INFO] 日志实例已初始化...
[2020-04-12 18:40:46:064] [vo.logVo.LogVo.<init>] [INFO] 日志实例已初始化...
[2020-04-12 18:40:46:065] [vo.logVo.LogVo.<init>] [INFO] 日志实例已初始化...
[2020-04-12 18:40:46:065] [vo.logVo.LogVo.<init>] [INFO] 日志实例已初始化...
[2020-04-12 18:40:46:066] [vo.logVo.LogVo.<init>] [INFO] 日志实例已初始化...
[2020-04-12 18:40:46:067] [vo.logVo.LogVo.<init>] [INFO] 日志实例已初始化...
[2020-04-12 18:40:46:067] [vo.logVo.LogVo.<init>] [INFO] 日志实例已初始化...
[2020-04-12 18:40:46:068] [vo.logVo.LogVo.<init>] [INFO] 日志实例已初始化...
[2020-04-12 18:40:46:068] [vo.logVo.LogVo.<init>] [INFO] 日志实例已初始化...
[2020-04-12 18:40:46:069] [vo.logVo.LogVo.<init>] [INFO] 日志实例已初始化...
[2020-04-12 18:40:46:069] [vo.logVo.LogVo.<init>] [INFO] 日志实例已初始化...
[2020-04-12 18:40:46:070] [vo.logVo.LogVo.<init>] [INFO] 日志实例已初始化...
[2020-04-12 18:40:46:070] [vo.logVo.LogVo.<init>] [INFO] 日志实例已初始化...
[2020-04-12 18:40:46:071] [vo.logVo.LogVo.<init>] [INFO] 日志实例已初始化...
[2020-04-12 18:40:46:071] [vo.logVo.LogVo.<init>] [INFO] 日志实例已初始化...
[2020-04-12 18:40:46:072] [vo.logVo.LogVo.<init>] [INFO] 日志实例已初始化...
[2020-04-12 18:40:46:074] [vo.logVo.LogVo.<init>] [INFO] 日志实例已初始化...
[2020-04-12 18:40:46:075] [vo.logVo.LogVo.<init>] [INFO] 日志实例已初始化...
[2020-04-12 18:40:46:076] [vo.logVo.LogVo.<init>] [INFO] 日志实例已初始化...
[2020-04-12 18:40:46:077] [vo.logVo.LogVo.<init>] [INFO] 日志实例已初始化...
[2020-04-12 18:40:46:078] [vo.logVo.LogVo.<init>] [INFO] 日志实例已初始化...
[2020-04-12 18:40:46:078] [vo.logVo.LogVo.<init>] [INFO] 日志实例已初始化...
[2020-04-12 18:40:46:079] [vo.logVo.LogVo.<init>] [INFO] 日志实例已初始化...
[2020-04-12 18:40:46:079] [vo.logVo.LogVo.<init>] [INFO] 日志实例已初始化...
[2020-04-12 18:40:46:080] [vo.logVo.LogVo.<init>] [INFO] 日志实例已初始化...
[2020-04-12 18:40:46:080] [vo.logVo.LogVo.<init>] [INFO] 日志实例已初始化...
[2020-04-12 18:40:46:081] [vo.logVo.LogVo.<init>] [INFO] 日志实例已初始化...
[2020-04-12 18:40:46:081] [vo.logVo.LogVo.<init>] [INFO] 日志实例已初始化...
[2020-04-12 18:40:46:082] [vo.logVo.LogVo.<init>] [INFO] 日志实例已初始化...
[2020-04-12 18:40:46:083] [vo.logVo.LogVo.<init>] [INFO] 日志实例已初始化...
[2020-04-12 18:40:46:083] [vo.logVo.LogVo.<init>] [INFO] 日志实例已初始化...
[2020-04-12 18:40:46:084] [vo.logVo.LogVo.<init>] [INFO] 日志实例已初始化...
[2020-04-12 18:40:46:084] [vo.logVo.LogVo.<init>] [INFO] 日志实例已初始化...
[2020-04-12 18:40:46:085] [vo.logVo.LogVo.<init>] [INFO] 日志实例已初始化...
[2020-04-12 18:40:46:085] [vo.logVo.LogVo.<init>] [INFO] 日志实例已初始化...
[2020-04-12 18:40:46:086] [vo.logVo.LogVo.<init>] [INFO] 日志实例已初始化...
[2020-04-12 18:40:46:086] [vo.logVo.LogVo.<init>] [INFO] 日志实例已初始化...
[2020-04-12 18:40:46:087] [vo.logVo.LogVo.<init>] [INFO] 日志实例已初始化...
[2020-04-12 18:40:46:087] [vo.logVo.LogVo.<init>] [INFO] 日志实例已初始化...
[2020-04-12 18:40:46:088] [vo.logVo.LogVo.<init>] [INFO] 日志实例已初始化...
[2020-04-12 18:40:46:089] [vo.logVo.LogVo.<init>] [INFO] 日志实例已初始化...
[2020-04-12 18:40:46:094] [vo.logVo.LogVo.<init>] [INFO] 日志实例已初始化...
[2020-04-12 18:40:46:095] [vo.logVo.LogVo.<init>] [INFO] 日志实例已初始化...
[2020-04-12 18:40:46:095] [vo.logVo.LogVo.<init>] [INFO] 日志实例已初始化...
[2020-04-12 18:40:46:096] [vo.logVo.LogVo.<init>] [INFO] 日志实例已初始化...
[2020-04-12 18:40:46:096] [vo.logVo.LogVo.<init>] [INFO] 日志实例已初始化...
[2020-04-12 18:40:46:097] [vo.logVo.LogVo.<init>] [INFO] 日志实例已初始化...
[2020-04-12 18:40:46:097] [vo.logVo.LogVo.<init>] [INFO] 日志实例已初始化...
[2020-04-12 18:40:46:097] [vo.logVo.LogVo.<init>] [INFO] 日志实例已初始化...
[2020-04-12 18:40:46:098] [vo.logVo.LogVo.<init>] [INFO] 日志实例已初始化...
[2020-04-12 18:40:46:098] [vo.logVo.LogVo.<init>] [INFO] 日志实例已初始化...
[2020-04-12 18:40:46:099] [vo.logVo.LogVo.<init>] [INFO] 日志实例已初始化...
[2020-04-12 18:40:46:099] [vo.logVo.LogVo.<init>] [INFO] 日志实例已初始化...
[2020-04-12 18:40:46:099] [vo.logVo.LogVo.<init>] [INFO] 日志实例已初始化...
[2020-04-12 18:40:46:100] [vo.logVo.LogVo.<init>] [INFO] 日志实例已初始化...
[2020-04-12 18:40:46:100] [vo.logVo.LogVo.<init>] [INFO] 日志实例已初始化...
[2020-04-12 18:40:46:101] [vo.logVo.LogVo.<init>] [INFO] 日志实例已初始化...
[2020-04-12 18:40:46:101] [vo.logVo.LogVo.<init>] [INFO] 日志实例已初始化...
[2020-04-12 18:40:46:101] [vo.logVo.LogVo.<init>] [INFO] 日志实例已初始化...
[2020-04-12 18:40:46:102] [vo.logVo.LogVo.<init>] [INFO] 日志实例已初始化...
[2020-04-12 18:40:46:102] [vo.logVo.LogVo.<init>] [INFO] 日志实例已初始化...
[2020-04-12 18:40:46:103] [vo.logVo.LogVo.<init>] [INFO] 日志实例已初始化...
[2020-04-12 18:40:46:103] [vo.logVo.LogVo.<init>] [INFO] 日志实例已初始化...
[2020-04-12 18:40:46:105] [vo.logVo.LogVo.<init>] [INFO] 日志实例已初始化...
[2020-04-12 18:40:46:106] [vo.logVo.LogVo.<init>] [INFO] 日志实例已初始化...
[2020-04-12 18:40:46:109] [vo.logVo.LogVo.<init>] [INFO] 日志实例已初始化...
[2020-04-12 18:40:46:110] [vo.logVo.LogVo.<init>] [INFO] 日志实例已初始化...
[2020-04-12 18:40:46:111] [vo.logVo.LogVo.<init>] [INFO] 日志实例已初始化...
[2020-04-12 18:40:46:111] [vo.logVo.LogVo.<init>] [INFO] 日志实例已初始化...
[2020-04-12 18:40:46:112] [vo.logVo.LogVo.<init>] [INFO] 日志实例已初始化...
[2020-04-12 18:40:46:113] [vo.logVo.LogVo.<init>] [INFO] 日志实例已初始化...
[2020-04-12 18:40:46:114] [vo.logVo.LogVo.<init>] [INFO] 日志实例已初始化...
[2020-04-12 18:40:46:115] [vo.logVo.LogVo.<init>] [INFO] 日志实例已初始化...
[2020-04-12 18:40:46:116] [vo.logVo.LogVo.<init>] [INFO] 日志实例已初始化...
[2020-04-12 18:40:46:116] [vo.logVo.LogVo.<init>] [INFO] 日志实例已初始化...
[2020-04-12 18:40:46:117] [vo.logVo.LogVo.<init>] [INFO] 日志实例已初始化...
[2020-04-12 18:40:46:117] [vo.logVo.LogVo.<init>] [INFO] 日志实例已初始化...
[2020-04-12 18:40:46:118] [vo.logVo.LogVo.<init>] [INFO] 日志实例已初始化...
[2020-04-12 18:40:46:118] [vo.logVo.LogVo.<init>] [INFO] 日志实例已初始化...
[2020-04-12 18:40:46:119] [vo.logVo.LogVo.<init>] [INFO] 日志实例已初始化...
[2020-04-12 18:40:46:119] [vo.logVo.LogVo.<init>] [INFO] 日志实例已初始化...
[2020-04-12 18:40:46:120] [vo.logVo.LogVo.<init>] [INFO] 日志实例已初始化...
[2020-04-12 18:40:46:121] [vo.logVo.LogVo.<init>] [INFO] 日志实例已初始化...
[2020-04-12 18:40:46:121] [vo.logVo.LogVo.<init>] [INFO] 日志实例已初始化...
[2020-04-12 18:40:46:122] [vo.logVo.LogVo.<init>] [INFO] 日志实例已初始化...
[2020-04-12 18:40:46:123] [vo.logVo.LogVo.<init>] [INFO] 日志实例已初始化...
[2020-04-12 18:40:46:126] [vo.logVo.LogVo.<init>] [INFO] 日志实例已初始化...
[2020-04-12 18:40:46:127] [vo.logVo.LogVo.<init>] [INFO] 日志实例已初始化...
[2020-04-12 18:40:46:127] [vo.logVo.LogVo.<init>] [INFO] 日志实例已初始化...
[2020-04-12 18:40:46:128] [vo.logVo.LogVo.<init>] [INFO] 日志实例已初始化...
[2020-04-12 18:40:46:128] [vo.logVo.LogVo.<init>] [INFO] 日志实例已初始化...
[2020-04-12 18:40:46:129] [vo.logVo.LogVo.<init>] [INFO] 日志实例已初始化...
[2020-04-12 18:40:46:129] [vo.logVo.LogVo.<init>] [INFO] 日志实例已初始化...
[2020-04-12 18:40:46:130] [vo.logVo.LogVo.<init>] [INFO] 日志实例已初始化...
[2020-04-12 18:40:46:130] [vo.logVo.LogVo.<init>] [INFO] 日志实例已初始化...
[2020-04-12 18:40:46:131] [vo.logVo.LogVo.<init>] [INFO] 日志实例已初始化...
[2020-04-12 18:40:46:131] [vo.logVo.LogVo.<init>] [INFO] 日志实例已初始化...
[2020-04-12 18:40:46:132] [vo.logVo.LogVo.<init>] [INFO] 日志实例已初始化...
[2020-04-12 18:40:46:132] [vo.logVo.LogVo.<init>] [INFO] 日志实例已初始化...
[2020-04-12 18:40:46:132] [vo.logVo.LogVo.<init>] [INFO] 日志实例已初始化...
[2020-04-12 18:40:46:133] [vo.logVo.LogVo.<init>] [INFO] 日志实例已初始化...
[2020-04-12 18:40:46:134] [vo.logVo.LogVo.<init>] [INFO] 日志实例已初始化...
[2020-04-12 18:40:46:134] [vo.logVo.LogVo.<init>] [INFO] 日志实例已初始化...
[2020-04-12 18:40:46:135] [vo.logVo.LogVo.<init>] [INFO] 日志实例已初始化...
[2020-04-12 18:40:46:135] [vo.logVo.LogVo.<init>] [INFO] 日志实例已初始化...
[2020-04-12 18:40:46:136] [vo.logVo.LogVo.<init>] [INFO] 日志实例已初始化...
[2020-04-12 18:40:46:136] [vo.logVo.LogVo.<init>] [INFO] 日志实例已初始化...
[2020-04-12 18:40:46:137] [vo.logVo.LogVo.<init>] [INFO] 日志实例已初始化...
[2020-04-12 18:40:46:138] [vo.logVo.LogVo.<init>] [INFO] 日志实例已初始化...
[2020-04-12 18:40:46:138] [vo.logVo.LogVo.<init>] [INFO] 日志实例已初始化...
[2020-04-12 18:40:46:138] [vo.logVo.LogVo.<init>] [INFO] 日志实例已初始化...
[2020-04-12 18:40:46:139] [vo.logVo.LogVo.<init>] [INFO] 日志实例已初始化...
[2020-04-12 18:40:46:140] [vo.logVo.LogVo.<init>] [INFO] 日志实例已初始化...
[2020-04-12 18:40:46:146] [vo.logVo.LogVo.<init>] [INFO] 日志实例已初始化...
[2020-04-12 18:40:46:147] [vo.logVo.LogVo.<init>] [INFO] 日志实例已初始化...
[2020-04-12 18:40:46:147] [vo.logVo.LogVo.<init>] [INFO] 日志实例已初始化...
[2020-04-12 18:40:46:148] [vo.logVo.LogVo.<init>] [INFO] 日志实例已初始化...
[2020-04-12 18:40:46:149] [vo.logVo.LogVo.<init>] [INFO] 日志实例已初始化...
[2020-04-12 18:40:46:149] [vo.logVo.LogVo.<init>] [INFO] 日志实例已初始化...
[2020-04-12 18:40:46:150] [vo.logVo.LogVo.<init>] [INFO] 日志实例已初始化...
[2020-04-12 18:40:46:150] [vo.logVo.LogVo.<init>] [INFO] 日志实例已初始化...
[2020-04-12 18:40:46:151] [vo.logVo.LogVo.<init>] [INFO] 日志实例已初始化...
[2020-04-12 18:40:46:151] [vo.logVo.LogVo.<init>] [INFO] 日志实例已初始化...
[2020-04-12 18:40:46:152] [vo.logVo.LogVo.<init>] [INFO] 日志实例已初始化...
[2020-04-12 18:40:46:153] [vo.logVo.LogVo.<init>] [INFO] 日志实例已初始化...
[2020-04-12 18:40:46:153] [vo.logVo.LogVo.<init>] [INFO] 日志实例已初始化...
[2020-04-12 18:40:46:154] [vo.logVo.LogVo.<init>] [INFO] 日志实例已初始化...
[2020-04-12 18:40:46:154] [vo.logVo.LogVo.<init>] [INFO] 日志实例已初始化...
[2020-04-12 18:40:46:155] [vo.logVo.LogVo.<init>] [INFO] 日志实例已初始化...
[2020-04-12 18:40:46:155] [vo.logVo.LogVo.<init>] [INFO] 日志实例已初始化...
[2020-04-12 18:40:46:158] [vo.logVo.LogVo.<init>] [INFO] 日志实例已初始化...
[2020-04-12 18:40:46:160] [vo.logVo.LogVo.<init>] [INFO] 日志实例已初始化...
[2020-04-12 18:40:46:161] [vo.logVo.LogVo.<init>] [INFO] 日志实例已初始化...
[2020-04-12 18:40:46:162] [vo.logVo.LogVo.<init>] [INFO] 日志实例已初始化...
[2020-04-12 18:40:46:163] [vo.logVo.LogVo.<init>] [INFO] 日志实例已初始化...
[2020-04-12 18:40:46:163] [vo.logVo.LogVo.<init>] [INFO] 日志实例已初始化...
[2020-04-12 18:40:46:164] [vo.logVo.LogVo.<init>] [INFO] 日志实例已初始化...
[2020-04-12 18:40:46:164] [vo.logVo.LogVo.<init>] [INFO] 日志实例已初始化...
[2020-04-12 18:40:46:165] [vo.logVo.LogVo.<init>] [INFO] 日志实例已初始化...
[2020-04-12 18:40:46:165] [vo.logVo.LogVo.<init>] [INFO] 日志实例已初始化...
[2020-04-12 18:40:46:165] [vo.logVo.LogVo.<init>] [INFO] 日志实例已初始化...
[2020-04-12 18:40:46:166] [vo.logVo.LogVo.<init>] [INFO] 日志实例已初始化...
[2020-04-12 18:40:46:166] [vo.logVo.LogVo.<init>] [INFO] 日志实例已初始化...
[2020-04-12 18:40:46:167] [vo.logVo.LogVo.<init>] [INFO] 日志实例已初始化...
[2020-04-12 18:40:46:170] [vo.logVo.LogVo.<init>] [INFO] 日志实例已初始化...
[2020-04-12 18:40:46:170] [vo.logVo.LogVo.<init>] [INFO] 日志实例已初始化...
[2020-04-12 18:40:46:171] [vo.logVo.LogVo.<init>] [INFO] 日志实例已初始化...
[2020-04-12 18:40:46:171] [vo.logVo.LogVo.<init>] [INFO] 日志实例已初始化...
[2020-04-12 18:40:46:174] [vo.logVo.LogVo.<init>] [INFO] 日志实例已初始化...
[2020-04-12 18:40:46:177] [vo.logVo.LogVo.<init>] [INFO] 日志实例已初始化...
[2020-04-12 18:40:46:177] [vo.logVo.LogVo.<init>] [INFO] 日志实例已初始化...
[2020-04-12 18:40:46:178] [vo.logVo.LogVo.<init>] [INFO] 日志实例已初始化...
[2020-04-12 18:40:46:179] [vo.logVo.LogVo.<init>] [INFO] 日志实例已初始化...
[2020-04-12 18:40:46:179] [vo.logVo.LogVo.<init>] [INFO] 日志实例已初始化...
[2020-04-12 18:40:46:180] [vo.logVo.LogVo.<init>] [INFO] 日志实例已初始化...
[2020-04-12 18:40:46:180] [vo.logVo.LogVo.<init>] [INFO] 日志实例已初始化...
[2020-04-12 18:40:46:180] [vo.logVo.LogVo.<init>] [INFO] 日志实例已初始化...
[2020-04-12 18:40:46:181] [vo.logVo.LogVo.<init>] [INFO] 日志实例已初始化...
[2020-04-12 18:40:46:182] [vo.logVo.LogVo.<init>] [INFO] 日志实例已初始化...
[2020-04-12 18:40:46:182] [vo.logVo.LogVo.<init>] [INFO] 日志实例已初始化...
[2020-04-12 18:40:46:183] [vo.logVo.LogVo.<init>] [INFO] 日志实例已初始化...
[2020-04-12 18:40:46:183] [vo.logVo.LogVo.<init>] [INFO] 日志实例已初始化...
[2020-04-12 18:40:46:184] [vo.logVo.LogVo.<init>] [INFO] 日志实例已初始化...
[2020-04-12 18:40:46:185] [vo.logVo.LogVo.<init>] [INFO] 日志实例已初始化...
[2020-04-12 18:40:46:186] [vo.logVo.LogVo.<init>] [INFO] 日志实例已初始化...
[2020-04-12 18:40:46:186] [vo.logVo.LogVo.<init>] [INFO] 日志实例已初始化...
[2020-04-12 18:40:46:187] [vo.logVo.LogVo.<init>] [INFO] 日志实例已初始化...
[2020-04-12 18:40:46:187] [vo.logVo.LogVo.<init>] [INFO] 日志实例已初始化...
[2020-04-12 18:40:46:188] [vo.logVo.LogVo.<init>] [INFO] 日志实例已初始化...
[2020-04-12 18:40:46:188] [vo.logVo.LogVo.<init>] [INFO] 日志实例已初始化...
[2020-04-12 18:40:46:189] [vo.logVo.LogVo.<init>] [INFO] 日志实例已初始化...
[2020-04-12 18:40:46:189] [vo.logVo.LogVo.<init>] [INFO] 日志实例已初始化...
[2020-04-12 18:40:46:190] [vo.logVo.LogVo.<init>] [INFO] 日志实例已初始化...
[2020-04-12 18:40:46:193] [vo.logVo.LogVo.<init>] [INFO] 日志实例已初始化...
[2020-04-12 18:40:46:193] [vo.logVo.LogVo.<init>] [INFO] 日志实例已初始化...
[2020-04-12 18:40:46:194] [vo.logVo.LogVo.<init>] [INFO] 日志实例已初始化...
[2020-04-12 18:40:46:195] [vo.logVo.LogVo.<init>] [INFO] 日志实例已初始化...
[2020-04-12 18:40:46:195] [vo.logVo.LogVo.<init>] [INFO] 日志实例已初始化...
[2020-04-12 18:40:46:196] [vo.logVo.LogVo.<init>] [INFO] 日志实例已初始化...
[2020-04-12 18:40:46:196] [vo.logVo.LogVo.<init>] [INFO] 日志实例已初始化...
[2020-04-12 18:40:46:197] [vo.logVo.LogVo.<init>] [INFO] 日志实例已初始化...
[2020-04-12 18:40:46:197] [vo.logVo.LogVo.<init>] [INFO] 日志实例已初始化...
[2020-04-12 18:40:46:197] [vo.logVo.LogVo.<init>] [INFO] 日志实例已初始化...
[2020-04-12 18:40:46:198] [vo.logVo.LogVo.<init>] [INFO] 日志实例已初始化...
[2020-04-12 18:40:46:198] [vo.logVo.LogVo.<init>] [INFO] 日志实例已初始化...
[2020-04-12 18:40:46:199] [vo.logVo.LogVo.<init>] [INFO] 日志实例已初始化...
[2020-04-12 18:40:46:199] [vo.logVo.LogVo.<init>] [INFO] 日志实例已初始化...
[2020-04-12 18:40:46:200] [vo.logVo.LogVo.<init>] [INFO] 日志实例已初始化...
[2020-04-12 18:40:46:200] [vo.logVo.LogVo.<init>] [INFO] 日志实例已初始化...
[2020-04-12 18:40:46:201] [vo.logVo.LogVo.<init>] [INFO] 日志实例已初始化...
[2020-04-12 18:40:46:201] [vo.logVo.LogVo.<init>] [INFO] 日志实例已初始化...
[2020-04-12 18:40:46:202] [vo.logVo.LogVo.<init>] [INFO] 日志实例已初始化...
[2020-04-12 18:40:46:202] [vo.logVo.LogVo.<init>] [INFO] 日志实例已初始化...
[2020-04-12 18:40:46:203] [vo.logVo.LogVo.<init>] [INFO] 日志实例已初始化...
[2020-04-12 18:40:46:204] [vo.logVo.LogVo.<init>] [INFO] 日志实例已初始化...
[2020-04-12 18:40:46:205] [vo.logVo.LogVo.<init>] [INFO] 日志实例已初始化...
[2020-04-12 18:40:46:208] [vo.logVo.LogVo.<init>] [INFO] 日志实例已初始化...
[2020-04-12 18:40:46:209] [vo.logVo.LogVo.<init>] [INFO] 日志实例已初始化...
[2020-04-12 18:40:46:210] [vo.logVo.LogVo.<init>] [INFO] 日志实例已初始化...
[2020-04-12 18:40:46:211] [vo.logVo.LogVo.<init>] [INFO] 日志实例已初始化...
[2020-04-12 18:40:46:212] [vo.logVo.LogVo.<init>] [INFO] 日志实例已初始化...
[2020-04-12 18:40:46:213] [vo.logVo.LogVo.<init>] [INFO] 日志实例已初始化...
[2020-04-12 18:40:46:213] [vo.logVo.LogVo.<init>] [INFO] 日志实例已初始化...
[2020-04-12 18:40:46:214] [vo.logVo.LogVo.<init>] [INFO] 日志实例已初始化...
[2020-04-12 18:40:46:214] [vo.logVo.LogVo.<init>] [INFO] 日志实例已初始化...
[2020-04-12 18:40:46:215] [vo.logVo.LogVo.<init>] [INFO] 日志实例已初始化...
[2020-04-12 18:40:46:215] [vo.logVo.LogVo.<init>] [INFO] 日志实例已初始化...
[2020-04-12 18:40:46:216] [vo.logVo.LogVo.<init>] [INFO] 日志实例已初始化...
[2020-04-12 18:40:46:216] [vo.logVo.LogVo.<init>] [INFO] 日志实例已初始化...
[2020-04-12 18:40:46:217] [vo.logVo.LogVo.<init>] [INFO] 日志实例已初始化...
[2020-04-12 18:40:46:217] [vo.logVo.LogVo.<init>] [INFO] 日志实例已初始化...
[2020-04-12 18:40:46:218] [vo.logVo.LogVo.<init>] [INFO] 日志实例已初始化...
[2020-04-12 18:40:46:218] [vo.logVo.LogVo.<init>] [INFO] 日志实例已初始化...
[2020-04-12 18:40:46:219] [vo.logVo.LogVo.<init>] [INFO] 日志实例已初始化...
[2020-04-12 18:40:46:219] [vo.logVo.LogVo.<init>] [INFO] 日志实例已初始化...
[2020-04-12 18:40:46:220] [vo.logVo.LogVo.<init>] [INFO] 日志实例已初始化...
[2020-04-12 18:40:46:221] [vo.logVo.LogVo.<init>] [INFO] 日志实例已初始化...
[2020-04-12 18:40:46:221] [vo.logVo.LogVo.<init>] [INFO] 日志实例已初始化...
[2020-04-12 18:40:46:222] [vo.logVo.LogVo.<init>] [INFO] 日志实例已初始化...
[2020-04-12 18:40:46:226] [vo.logVo.LogVo.<init>] [INFO] 日志实例已初始化...
[2020-04-12 18:40:46:229] [vo.logVo.LogVo.<init>] [INFO] 日志实例已初始化...
[2020-04-12 18:40:46:230] [vo.logVo.LogVo.<init>] [INFO] 日志实例已初始化...
[2020-04-12 18:40:46:230] [vo.logVo.LogVo.<init>] [INFO] 日志实例已初始化...
[2020-04-12 18:40:46:231] [vo.logVo.LogVo.<init>] [INFO] 日志实例已初始化...
[2020-04-12 18:40:46:232] [vo.logVo.LogVo.<init>] [INFO] 日志实例已初始化...
[2020-04-12 18:40:46:232] [vo.logVo.LogVo.<init>] [INFO] 日志实例已初始化...
[2020-04-12 18:40:46:233] [vo.logVo.LogVo.<init>] [INFO] 日志实例已初始化...
[2020-04-12 18:40:46:234] [vo.logVo.LogVo.<init>] [INFO] 日志实例已初始化...
[2020-04-12 18:40:46:234] [vo.logVo.LogVo.<init>] [INFO] 日志实例已初始化...
[2020-04-12 18:40:46:235] [vo.logVo.LogVo.<init>] [INFO] 日志实例已初始化...
[2020-04-12 18:40:46:235] [vo.logVo.LogVo.<init>] [INFO] 日志实例已初始化...
[2020-04-12 18:40:46:236] [vo.logVo.LogVo.<init>] [INFO] 日志实例已初始化...
[2020-04-12 18:40:46:236] [vo.logVo.LogVo.<init>] [INFO] 日志实例已初始化...
[2020-04-12 18:40:46:237] [vo.logVo.LogVo.<init>] [INFO] 日志实例已初始化...
[2020-04-12 18:40:46:238] [vo.logVo.LogVo.<init>] [INFO] 日志实例已初始化...
[2020-04-12 18:40:46:238] [vo.logVo.LogVo.<init>] [INFO] 日志实例已初始化...
[2020-04-12 18:40:46:239] [vo.logVo.LogVo.<init>] [INFO] 日志实例已初始化...
[2020-04-12 18:40:46:239] [vo.logVo.LogVo.<init>] [INFO] 日志实例已初始化...
[2020-04-12 18:40:46:240] [vo.logVo.LogVo.<init>] [INFO] 日志实例已初始化...
[2020-04-12 18:40:46:242] [vo.logVo.LogVo.<init>] [INFO] 日志实例已初始化...
[2020-04-12 18:40:46:244] [vo.logVo.LogVo.<init>] [INFO] 日志实例已初始化...
[2020-04-12 18:40:46:245] [vo.logVo.LogVo.<init>] [INFO] 日志实例已初始化...
[2020-04-12 18:40:46:245] [vo.logVo.LogVo.<init>] [INFO] 日志实例已初始化...
[2020-04-12 18:40:46:246] [vo.logVo.LogVo.<init>] [INFO] 日志实例已初始化...
[2020-04-12 18:40:46:246] [vo.logVo.LogVo.<init>] [INFO] 日志实例已初始化...
[2020-04-12 18:40:46:247] [vo.logVo.LogVo.<init>] [INFO] 日志实例已初始化...
[2020-04-12 18:40:46:248] [vo.logVo.LogVo.<init>] [INFO] 日志实例已初始化...
[2020-04-12 18:40:46:248] [vo.logVo.LogVo.<init>] [INFO] 日志实例已初始化...
[2020-04-12 18:40:46:249] [vo.logVo.LogVo.<init>] [INFO] 日志实例已初始化...
[2020-04-12 18:40:46:249] [vo.logVo.LogVo.<init>] [INFO] 日志实例已初始化...
[2020-04-12 18:40:46:250] [vo.logVo.LogVo.<init>] [INFO] 日志实例已初始化...
[2020-04-12 18:40:46:250] [vo.logVo.LogVo.<init>] [INFO] 日志实例已初始化...
[2020-04-12 18:40:46:251] [vo.logVo.LogVo.<init>] [INFO] 日志实例已初始化...
[2020-04-12 18:40:46:251] [vo.logVo.LogVo.<init>] [INFO] 日志实例已初始化...
[2020-04-12 18:40:46:251] [vo.logVo.LogVo.<init>] [INFO] 日志实例已初始化...
[2020-04-12 18:40:46:252] [vo.logVo.LogVo.<init>] [INFO] 日志实例已初始化...
[2020-04-12 18:40:46:252] [vo.logVo.LogVo.<init>] [INFO] 日志实例已初始化...
[2020-04-12 18:40:46:253] [vo.logVo.LogVo.<init>] [INFO] 日志实例已初始化...
[2020-04-12 18:40:46:253] [vo.logVo.LogVo.<init>] [INFO] 日志实例已初始化...
[2020-04-12 18:40:46:254] [vo.logVo.LogVo.<init>] [INFO] 日志实例已初始化...
[2020-04-12 18:40:46:254] [vo.logVo.LogVo.<init>] [INFO] 日志实例已初始化...
[2020-04-12 18:40:46:254] [vo.logVo.LogVo.<init>] [INFO] 日志实例已初始化...
[2020-04-12 18:40:46:255] [vo.logVo.LogVo.<init>] [INFO] 日志实例已初始化...
[2020-04-12 18:40:46:255] [vo.logVo.LogVo.<init>] [INFO] 日志实例已初始化...
[2020-04-12 18:40:46:260] [vo.logVo.LogVo.<init>] [INFO] 日志实例已初始化...
[2020-04-12 18:40:46:260] [vo.logVo.LogVo.<init>] [INFO] 日志实例已初始化...
[2020-04-12 18:40:46:261] [vo.logVo.LogVo.<init>] [INFO] 日志实例已初始化...
[2020-04-12 18:40:46:262] [vo.logVo.LogVo.<init>] [INFO] 日志实例已初始化...
[2020-04-12 18:40:46:263] [vo.logVo.LogVo.<init>] [INFO] 日志实例已初始化...
[2020-04-12 18:40:46:263] [vo.logVo.LogVo.<init>] [INFO] 日志实例已初始化...
[2020-04-12 18:40:46:264] [vo.logVo.LogVo.<init>] [INFO] 日志实例已初始化...
[2020-04-12 18:40:46:275] [vo.logVo.LogVo.<init>] [INFO] 日志实例已初始化...
[2020-04-12 18:40:46:280] [vo.logVo.LogVo.<init>] [INFO] 日志实例已初始化...
[2020-04-12 18:40:46:360] [action.userAction.LoginAction.execute] [INFO] admin用户密码错误
[2020-04-12 18:40:51:124] [vo.logVo.LogVo.<init>] [INFO] 日志实例已初始化...
[2020-04-12 18:40:51:125] [vo.logVo.LogVo.<init>] [INFO] 日志实例已初始化...
[2020-04-12 18:40:51:126] [vo.logVo.LogVo.<init>] [INFO] 日志实例已初始化...
[2020-04-12 18:40:51:127] [vo.logVo.LogVo.<init>] [INFO] 日志实例已初始化...
[2020-04-12 18:40:51:128] [vo.logVo.LogVo.<init>] [INFO] 日志实例已初始化...
[2020-04-12 18:40:51:128] [vo.logVo.LogVo.<init>] [INFO] 日志实例已初始化...
[2020-04-12 18:40:51:129] [vo.logVo.LogVo.<init>] [INFO] 日志实例已初始化...
[2020-04-12 18:40:51:130] [vo.logVo.LogVo.<init>] [INFO] 日志实例已初始化...
[2020-04-12 18:40:51:130] [vo.logVo.LogVo.<init>] [INFO] 日志实例已初始化...
[2020-04-12 18:40:51:131] [vo.logVo.LogVo.<init>] [INFO] 日志实例已初始化...
[2020-04-12 18:40:51:131] [vo.logVo.LogVo.<init>] [INFO] 日志实例已初始化...
[2020-04-12 18:40:51:131] [vo.logVo.LogVo.<init>] [INFO] 日志实例已初始化...
[2020-04-12 18:40:51:132] [vo.logVo.LogVo.<init>] [INFO] 日志实例已初始化...
[2020-04-12 18:40:51:132] [vo.logVo.LogVo.<init>] [INFO] 日志实例已初始化...
[2020-04-12 18:40:51:133] [vo.logVo.LogVo.<init>] [INFO] 日志实例已初始化...
[2020-04-12 18:40:51:134] [vo.logVo.LogVo.<init>] [INFO] 日志实例已初始化...
[2020-04-12 18:40:51:134] [vo.logVo.LogVo.<init>] [INFO] 日志实例已初始化...
[2020-04-12 18:40:51:135] [vo.logVo.LogVo.<init>] [INFO] 日志实例已初始化...
[2020-04-12 18:40:51:135] [vo.logVo.LogVo.<init>] [INFO] 日志实例已初始化...
[2020-04-12 18:40:51:136] [vo.logVo.LogVo.<init>] [INFO] 日志实例已初始化...
[2020-04-12 18:40:51:137] [vo.logVo.LogVo.<init>] [INFO] 日志实例已初始化...
[2020-04-12 18:40:51:138] [vo.logVo.LogVo.<init>] [INFO] 日志实例已初始化...
[2020-04-12 18:40:51:138] [vo.logVo.LogVo.<init>] [INFO] 日志实例已初始化...
[2020-04-12 18:40:51:139] [vo.logVo.LogVo.<init>] [INFO] 日志实例已初始化...
[2020-04-12 18:40:51:139] [vo.logVo.LogVo.<init>] [INFO] 日志实例已初始化...
[2020-04-12 18:40:51:140] [vo.logVo.LogVo.<init>] [INFO] 日志实例已初始化...
[2020-04-12 18:40:51:141] [vo.logVo.LogVo.<init>] [INFO] 日志实例已初始化...
[2020-04-12 18:40:51:141] [vo.logVo.LogVo.<init>] [INFO] 日志实例已初始化...
[2020-04-12 18:40:51:142] [vo.logVo.LogVo.<init>] [INFO] 日志实例已初始化...
[2020-04-12 18:40:51:142] [vo.logVo.LogVo.<init>] [INFO] 日志实例已初始化...
[2020-04-12 18:40:51:143] [vo.logVo.LogVo.<init>] [INFO] 日志实例已初始化...
[2020-04-12 18:40:51:144] [vo.logVo.LogVo.<init>] [INFO] 日志实例已初始化...
[2020-04-12 18:40:51:144] [vo.logVo.LogVo.<init>] [INFO] 日志实例已初始化...
[2020-04-12 18:40:51:145] [vo.logVo.LogVo.<init>] [INFO] 日志实例已初始化...
[2020-04-12 18:40:51:145] [vo.logVo.LogVo.<init>] [INFO] 日志实例已初始化...
[2020-04-12 18:40:51:146] [vo.logVo.LogVo.<init>] [INFO] 日志实例已初始化...
[2020-04-12 18:40:51:146] [vo.logVo.LogVo.<init>] [INFO] 日志实例已初始化...
[2020-04-12 18:40:51:146] [vo.logVo.LogVo.<init>] [INFO] 日志实例已初始化...
[2020-04-12 18:40:51:147] [vo.logVo.LogVo.<init>] [INFO] 日志实例已初始化...
[2020-04-12 18:40:51:147] [vo.logVo.LogVo.<init>] [INFO] 日志实例已初始化...
[2020-04-12 18:40:51:148] [vo.logVo.LogVo.<init>] [INFO] 日志实例已初始化...
[2020-04-12 18:40:51:148] [vo.logVo.LogVo.<init>] [INFO] 日志实例已初始化...
[2020-04-12 18:40:51:149] [vo.logVo.LogVo.<init>] [INFO] 日志实例已初始化...
[2020-04-12 18:40:51:150] [vo.logVo.LogVo.<init>] [INFO] 日志实例已初始化...
[2020-04-12 18:40:51:150] [vo.logVo.LogVo.<init>] [INFO] 日志实例已初始化...
[2020-04-12 18:40:51:151] [vo.logVo.LogVo.<init>] [INFO] 日志实例已初始化...
[2020-04-12 18:40:51:152] [vo.logVo.LogVo.<init>] [INFO] 日志实例已初始化...
[2020-04-12 18:40:51:154] [vo.logVo.LogVo.<init>] [INFO] 日志实例已初始化...
[2020-04-12 18:40:51:154] [vo.logVo.LogVo.<init>] [INFO] 日志实例已初始化...
[2020-04-12 18:40:51:155] [vo.logVo.LogVo.<init>] [INFO] 日志实例已初始化...
[2020-04-12 18:40:51:156] [vo.logVo.LogVo.<init>] [INFO] 日志实例已初始化...
[2020-04-12 18:40:51:156] [vo.logVo.LogVo.<init>] [INFO] 日志实例已初始化...
[2020-04-12 18:40:51:157] [vo.logVo.LogVo.<init>] [INFO] 日志实例已初始化...
[2020-04-12 18:40:51:157] [vo.logVo.LogVo.<init>] [INFO] 日志实例已初始化...
[2020-04-12 18:40:51:158] [vo.logVo.LogVo.<init>] [INFO] 日志实例已初始化...
[2020-04-12 18:40:51:158] [vo.logVo.LogVo.<init>] [INFO] 日志实例已初始化...
[2020-04-12 18:40:51:159] [vo.logVo.LogVo.<init>] [INFO] 日志实例已初始化...
[2020-04-12 18:40:51:159] [vo.logVo.LogVo.<init>] [INFO] 日志实例已初始化...
[2020-04-12 18:40:51:160] [vo.logVo.LogVo.<init>] [INFO] 日志实例已初始化...
[2020-04-12 18:40:51:160] [vo.logVo.LogVo.<init>] [INFO] 日志实例已初始化...
[2020-04-12 18:40:51:161] [vo.logVo.LogVo.<init>] [INFO] 日志实例已初始化...
[2020-04-12 18:40:51:161] [vo.logVo.LogVo.<init>] [INFO] 日志实例已初始化...
[2020-04-12 18:40:51:162] [vo.logVo.LogVo.<init>] [INFO] 日志实例已初始化...
[2020-04-12 18:40:51:162] [vo.logVo.LogVo.<init>] [INFO] 日志实例已初始化...
[2020-04-12 18:40:51:163] [vo.logVo.LogVo.<init>] [INFO] 日志实例已初始化...
[2020-04-12 18:40:51:163] [vo.logVo.LogVo.<init>] [INFO] 日志实例已初始化...
[2020-04-12 18:40:51:164] [vo.logVo.LogVo.<init>] [INFO] 日志实例已初始化...
[2020-04-12 18:40:51:164] [vo.logVo.LogVo.<init>] [INFO] 日志实例已初始化...
[2020-04-12 18:40:51:165] [vo.logVo.LogVo.<init>] [INFO] 日志实例已初始化...
[2020-04-12 18:40:51:165] [vo.logVo.LogVo.<init>] [INFO] 日志实例已初始化...
[2020-04-12 18:40:51:166] [vo.logVo.LogVo.<init>] [INFO] 日志实例已初始化...
[2020-04-12 18:40:51:166] [vo.logVo.LogVo.<init>] [INFO] 日志实例已初始化...
[2020-04-12 18:40:51:167] [vo.logVo.LogVo.<init>] [INFO] 日志实例已初始化...
[2020-04-12 18:40:51:167] [vo.logVo.LogVo.<init>] [INFO] 日志实例已初始化...
[2020-04-12 18:40:51:169] [vo.logVo.LogVo.<init>] [INFO] 日志实例已初始化...
[2020-04-12 18:40:51:171] [vo.logVo.LogVo.<init>] [INFO] 日志实例已初始化...
[2020-04-12 18:40:51:172] [vo.logVo.LogVo.<init>] [INFO] 日志实例已初始化...
[2020-04-12 18:40:51:172] [vo.logVo.LogVo.<init>] [INFO] 日志实例已初始化...
[2020-04-12 18:40:51:173] [vo.logVo.LogVo.<init>] [INFO] 日志实例已初始化...
[2020-04-12 18:40:51:173] [vo.logVo.LogVo.<init>] [INFO] 日志实例已初始化...
[2020-04-12 18:40:51:174] [vo.logVo.LogVo.<init>] [INFO] 日志实例已初始化...
[2020-04-12 18:40:51:174] [vo.logVo.LogVo.<init>] [INFO] 日志实例已初始化...
[2020-04-12 18:40:51:175] [vo.logVo.LogVo.<init>] [INFO] 日志实例已初始化...
[2020-04-12 18:40:51:175] [vo.logVo.LogVo.<init>] [INFO] 日志实例已初始化...
[2020-04-12 18:40:51:176] [vo.logVo.LogVo.<init>] [INFO] 日志实例已初始化...
[2020-04-12 18:40:51:176] [vo.logVo.LogVo.<init>] [INFO] 日志实例已初始化...
[2020-04-12 18:40:51:177] [vo.logVo.LogVo.<init>] [INFO] 日志实例已初始化...
[2020-04-12 18:40:51:178] [vo.logVo.LogVo.<init>] [INFO] 日志实例已初始化...
[2020-04-12 18:40:51:178] [vo.logVo.LogVo.<init>] [INFO] 日志实例已初始化...
[2020-04-12 18:40:51:179] [vo.logVo.LogVo.<init>] [INFO] 日志实例已初始化...
[2020-04-12 18:40:51:179] [vo.logVo.LogVo.<init>] [INFO] 日志实例已初始化...
[2020-04-12 18:40:51:180] [vo.logVo.LogVo.<init>] [INFO] 日志实例已初始化...
[2020-04-12 18:40:51:180] [vo.logVo.LogVo.<init>] [INFO] 日志实例已初始化...
[2020-04-12 18:40:51:181] [vo.logVo.LogVo.<init>] [INFO] 日志实例已初始化...
[2020-04-12 18:40:51:181] [vo.logVo.LogVo.<init>] [INFO] 日志实例已初始化...
[2020-04-12 18:40:51:182] [vo.logVo.LogVo.<init>] [INFO] 日志实例已初始化...
[2020-04-12 18:40:51:182] [vo.logVo.LogVo.<init>] [INFO] 日志实例已初始化...
[2020-04-12 18:40:51:183] [vo.logVo.LogVo.<init>] [INFO] 日志实例已初始化...
[2020-04-12 18:40:51:185] [vo.logVo.LogVo.<init>] [INFO] 日志实例已初始化...
[2020-04-12 18:40:51:185] [vo.logVo.LogVo.<init>] [INFO] 日志实例已初始化...
[2020-04-12 18:40:51:187] [vo.logVo.LogVo.<init>] [INFO] 日志实例已初始化...
[2020-04-12 18:40:51:190] [vo.logVo.LogVo.<init>] [INFO] 日志实例已初始化...
[2020-04-12 18:40:51:190] [vo.logVo.LogVo.<init>] [INFO] 日志实例已初始化...
[2020-04-12 18:40:51:191] [vo.logVo.LogVo.<init>] [INFO] 日志实例已初始化...
[2020-04-12 18:40:51:191] [vo.logVo.LogVo.<init>] [INFO] 日志实例已初始化...
[2020-04-12 18:40:51:192] [vo.logVo.LogVo.<init>] [INFO] 日志实例已初始化...
[2020-04-12 18:40:51:192] [vo.logVo.LogVo.<init>] [INFO] 日志实例已初始化...
[2020-04-12 18:40:51:193] [vo.logVo.LogVo.<init>] [INFO] 日志实例已初始化...
[2020-04-12 18:40:51:193] [vo.logVo.LogVo.<init>] [INFO] 日志实例已初始化...
[2020-04-12 18:40:51:194] [vo.logVo.LogVo.<init>] [INFO] 日志实例已初始化...
[2020-04-12 18:40:51:194] [vo.logVo.LogVo.<init>] [INFO] 日志实例已初始化...
[2020-04-12 18:40:51:195] [vo.logVo.LogVo.<init>] [INFO] 日志实例已初始化...
[2020-04-12 18:40:51:195] [vo.logVo.LogVo.<init>] [INFO] 日志实例已初始化...
[2020-04-12 18:40:51:196] [vo.logVo.LogVo.<init>] [INFO] 日志实例已初始化...
[2020-04-12 18:40:51:197] [vo.logVo.LogVo.<init>] [INFO] 日志实例已初始化...
[2020-04-12 18:40:51:197] [vo.logVo.LogVo.<init>] [INFO] 日志实例已初始化...
[2020-04-12 18:40:51:198] [vo.logVo.LogVo.<init>] [INFO] 日志实例已初始化...
[2020-04-12 18:40:51:198] [vo.logVo.LogVo.<init>] [INFO] 日志实例已初始化...
[2020-04-12 18:40:51:198] [vo.logVo.LogVo.<init>] [INFO] 日志实例已初始化...
[2020-04-12 18:40:51:199] [vo.logVo.LogVo.<init>] [INFO] 日志实例已初始化...
[2020-04-12 18:40:51:199] [vo.logVo.LogVo.<init>] [INFO] 日志实例已初始化...
[2020-04-12 18:40:51:200] [vo.logVo.LogVo.<init>] [INFO] 日志实例已初始化...
[2020-04-12 18:40:51:204] [vo.logVo.LogVo.<init>] [INFO] 日志实例已初始化...
[2020-04-12 18:40:51:204] [vo.logVo.LogVo.<init>] [INFO] 日志实例已初始化...
[2020-04-12 18:40:51:205] [vo.logVo.LogVo.<init>] [INFO] 日志实例已初始化...
[2020-04-12 18:40:51:206] [vo.logVo.LogVo.<init>] [INFO] 日志实例已初始化...
[2020-04-12 18:40:51:207] [vo.logVo.LogVo.<init>] [INFO] 日志实例已初始化...
[2020-04-12 18:40:51:208] [vo.logVo.LogVo.<init>] [INFO] 日志实例已初始化...
[2020-04-12 18:40:51:208] [vo.logVo.LogVo.<init>] [INFO] 日志实例已初始化...
[2020-04-12 18:40:51:209] [vo.logVo.LogVo.<init>] [INFO] 日志实例已初始化...
[2020-04-12 18:40:51:210] [vo.logVo.LogVo.<init>] [INFO] 日志实例已初始化...
[2020-04-12 18:40:51:211] [vo.logVo.LogVo.<init>] [INFO] 日志实例已初始化...
[2020-04-12 18:40:51:212] [vo.logVo.LogVo.<init>] [INFO] 日志实例已初始化...
[2020-04-12 18:40:51:212] [vo.logVo.LogVo.<init>] [INFO] 日志实例已初始化...
[2020-04-12 18:40:51:213] [vo.logVo.LogVo.<init>] [INFO] 日志实例已初始化...
[2020-04-12 18:40:51:213] [vo.logVo.LogVo.<init>] [INFO] 日志实例已初始化...
[2020-04-12 18:40:51:214] [vo.logVo.LogVo.<init>] [INFO] 日志实例已初始化...
[2020-04-12 18:40:51:214] [vo.logVo.LogVo.<init>] [INFO] 日志实例已初始化...
[2020-04-12 18:40:51:215] [vo.logVo.LogVo.<init>] [INFO] 日志实例已初始化...
[2020-04-12 18:40:51:215] [vo.logVo.LogVo.<init>] [INFO] 日志实例已初始化...
[2020-04-12 18:40:51:216] [vo.logVo.LogVo.<init>] [INFO] 日志实例已初始化...
[2020-04-12 18:40:51:216] [vo.logVo.LogVo.<init>] [INFO] 日志实例已初始化...
[2020-04-12 18:40:51:217] [vo.logVo.LogVo.<init>] [INFO] 日志实例已初始化...
[2020-04-12 18:40:51:218] [vo.logVo.LogVo.<init>] [INFO] 日志实例已初始化...
[2020-04-12 18:40:51:218] [vo.logVo.LogVo.<init>] [INFO] 日志实例已初始化...
[2020-04-12 18:40:51:219] [vo.logVo.LogVo.<init>] [INFO] 日志实例已初始化...
[2020-04-12 18:40:51:220] [vo.logVo.LogVo.<init>] [INFO] 日志实例已初始化...
[2020-04-12 18:40:51:221] [vo.logVo.LogVo.<init>] [INFO] 日志实例已初始化...
[2020-04-12 18:40:51:222] [vo.logVo.LogVo.<init>] [INFO] 日志实例已初始化...
[2020-04-12 18:40:51:222] [vo.logVo.LogVo.<init>] [INFO] 日志实例已初始化...
[2020-04-12 18:40:51:223] [vo.logVo.LogVo.<init>] [INFO] 日志实例已初始化...
[2020-04-12 18:40:51:224] [vo.logVo.LogVo.<init>] [INFO] 日志实例已初始化...
[2020-04-12 18:40:51:224] [vo.logVo.LogVo.<init>] [INFO] 日志实例已初始化...
[2020-04-12 18:40:51:225] [vo.logVo.LogVo.<init>] [INFO] 日志实例已初始化...
[2020-04-12 18:40:51:225] [vo.logVo.LogVo.<init>] [INFO] 日志实例已初始化...
[2020-04-12 18:40:51:226] [vo.logVo.LogVo.<init>] [INFO] 日志实例已初始化...
[2020-04-12 18:40:51:226] [vo.logVo.LogVo.<init>] [INFO] 日志实例已初始化...
[2020-04-12 18:40:51:228] [vo.logVo.LogVo.<init>] [INFO] 日志实例已初始化...
[2020-04-12 18:40:51:230] [vo.logVo.LogVo.<init>] [INFO] 日志实例已初始化...
[2020-04-12 18:40:51:230] [vo.logVo.LogVo.<init>] [INFO] 日志实例已初始化...
[2020-04-12 18:40:51:231] [vo.logVo.LogVo.<init>] [INFO] 日志实例已初始化...
[2020-04-12 18:40:51:232] [vo.logVo.LogVo.<init>] [INFO] 日志实例已初始化...
[2020-04-12 18:40:51:233] [vo.logVo.LogVo.<init>] [INFO] 日志实例已初始化...
[2020-04-12 18:40:51:234] [vo.logVo.LogVo.<init>] [INFO] 日志实例已初始化...
[2020-04-12 18:40:51:235] [vo.logVo.LogVo.<init>] [INFO] 日志实例已初始化...
[2020-04-12 18:40:51:237] [vo.logVo.LogVo.<init>] [INFO] 日志实例已初始化...
[2020-04-12 18:40:51:238] [vo.logVo.LogVo.<init>] [INFO] 日志实例已初始化...
[2020-04-12 18:40:51:238] [vo.logVo.LogVo.<init>] [INFO] 日志实例已初始化...
[2020-04-12 18:40:51:239] [vo.logVo.LogVo.<init>] [INFO] 日志实例已初始化...
[2020-04-12 18:40:51:239] [vo.logVo.LogVo.<init>] [INFO] 日志实例已初始化...
[2020-04-12 18:40:51:240] [vo.logVo.LogVo.<init>] [INFO] 日志实例已初始化...
[2020-04-12 18:40:51:240] [vo.logVo.LogVo.<init>] [INFO] 日志实例已初始化...
[2020-04-12 18:40:51:240] [vo.logVo.LogVo.<init>] [INFO] 日志实例已初始化...
[2020-04-12 18:40:51:241] [vo.logVo.LogVo.<init>] [INFO] 日志实例已初始化...
[2020-04-12 18:40:51:242] [vo.logVo.LogVo.<init>] [INFO] 日志实例已初始化...
[2020-04-12 18:40:51:242] [vo.logVo.LogVo.<init>] [INFO] 日志实例已初始化...
[2020-04-12 18:40:51:244] [vo.logVo.LogVo.<init>] [INFO] 日志实例已初始化...
[2020-04-12 18:40:51:245] [vo.logVo.LogVo.<init>] [INFO] 日志实例已初始化...
[2020-04-12 18:40:51:245] [vo.logVo.LogVo.<init>] [INFO] 日志实例已初始化...
[2020-04-12 18:40:51:246] [vo.logVo.LogVo.<init>] [INFO] 日志实例已初始化...
[2020-04-12 18:40:51:246] [vo.logVo.LogVo.<init>] [INFO] 日志实例已初始化...
[2020-04-12 18:40:51:247] [vo.logVo.LogVo.<init>] [INFO] 日志实例已初始化...
[2020-04-12 18:40:51:247] [vo.logVo.LogVo.<init>] [INFO] 日志实例已初始化...
[2020-04-12 18:40:51:248] [vo.logVo.LogVo.<init>] [INFO] 日志实例已初始化...
[2020-04-12 18:40:51:248] [vo.logVo.LogVo.<init>] [INFO] 日志实例已初始化...
[2020-04-12 18:40:51:249] [vo.logVo.LogVo.<init>] [INFO] 日志实例已初始化...
[2020-04-12 18:40:51:249] [vo.logVo.LogVo.<init>] [INFO] 日志实例已初始化...
[2020-04-12 18:40:51:250] [vo.logVo.LogVo.<init>] [INFO] 日志实例已初始化...
[2020-04-12 18:40:51:250] [vo.logVo.LogVo.<init>] [INFO] 日志实例已初始化...
[2020-04-12 18:40:51:251] [vo.logVo.LogVo.<init>] [INFO] 日志实例已初始化...
[2020-04-12 18:40:51:252] [vo.logVo.LogVo.<init>] [INFO] 日志实例已初始化...
[2020-04-12 18:40:51:253] [vo.logVo.LogVo.<init>] [INFO] 日志实例已初始化...
[2020-04-12 18:40:51:254] [vo.logVo.LogVo.<init>] [INFO] 日志实例已初始化...
[2020-04-12 18:40:51:255] [vo.logVo.LogVo.<init>] [INFO] 日志实例已初始化...
[2020-04-12 18:40:51:255] [vo.logVo.LogVo.<init>] [INFO] 日志实例已初始化...
[2020-04-12 18:40:51:255] [vo.logVo.LogVo.<init>] [INFO] 日志实例已初始化...
[2020-04-12 18:40:51:256] [vo.logVo.LogVo.<init>] [INFO] 日志实例已初始化...
[2020-04-12 18:40:51:256] [vo.logVo.LogVo.<init>] [INFO] 日志实例已初始化...
[2020-04-12 18:40:51:257] [vo.logVo.LogVo.<init>] [INFO] 日志实例已初始化...
[2020-04-12 18:40:51:257] [vo.logVo.LogVo.<init>] [INFO] 日志实例已初始化...
[2020-04-12 18:40:51:257] [vo.logVo.LogVo.<init>] [INFO] 日志实例已初始化...
[2020-04-12 18:40:51:258] [vo.logVo.LogVo.<init>] [INFO] 日志实例已初始化...
[2020-04-12 18:40:51:258] [vo.logVo.LogVo.<init>] [INFO] 日志实例已初始化...
[2020-04-12 18:40:51:259] [vo.logVo.LogVo.<init>] [INFO] 日志实例已初始化...
[2020-04-12 18:40:51:259] [vo.logVo.LogVo.<init>] [INFO] 日志实例已初始化...
[2020-04-12 18:40:51:259] [vo.logVo.LogVo.<init>] [INFO] 日志实例已初始化...
[2020-04-12 18:40:51:260] [vo.logVo.LogVo.<init>] [INFO] 日志实例已初始化...
[2020-04-12 18:40:51:260] [vo.logVo.LogVo.<init>] [INFO] 日志实例已初始化...
[2020-04-12 18:40:51:261] [vo.logVo.LogVo.<init>] [INFO] 日志实例已初始化...
[2020-04-12 18:40:51:261] [vo.logVo.LogVo.<init>] [INFO] 日志实例已初始化...
[2020-04-12 18:40:51:261] [vo.logVo.LogVo.<init>] [INFO] 日志实例已初始化...
[2020-04-12 18:40:51:262] [vo.logVo.LogVo.<init>] [INFO] 日志实例已初始化...
[2020-04-12 18:40:51:262] [vo.logVo.LogVo.<init>] [INFO] 日志实例已初始化...
[2020-04-12 18:40:51:263] [vo.logVo.LogVo.<init>] [INFO] 日志实例已初始化...
[2020-04-12 18:40:51:263] [vo.logVo.LogVo.<init>] [INFO] 日志实例已初始化...
[2020-04-12 18:40:51:264] [vo.logVo.LogVo.<init>] [INFO] 日志实例已初始化...
[2020-04-12 18:40:51:264] [vo.logVo.LogVo.<init>] [INFO] 日志实例已初始化...
[2020-04-12 18:40:51:266] [vo.logVo.LogVo.<init>] [INFO] 日志实例已初始化...
[2020-04-12 18:40:51:269] [vo.logVo.LogVo.<init>] [INFO] 日志实例已初始化...
[2020-04-12 18:40:51:271] [vo.logVo.LogVo.<init>] [INFO] 日志实例已初始化...
[2020-04-12 18:40:51:271] [vo.logVo.LogVo.<init>] [INFO] 日志实例已初始化...
[2020-04-12 18:40:51:273] [vo.logVo.LogVo.<init>] [INFO] 日志实例已初始化...
[2020-04-12 18:40:51:274] [vo.logVo.LogVo.<init>] [INFO] 日志实例已初始化...
[2020-04-12 18:40:51:274] [vo.logVo.LogVo.<init>] [INFO] 日志实例已初始化...
[2020-04-12 18:40:51:275] [vo.logVo.LogVo.<init>] [INFO] 日志实例已初始化...
[2020-04-12 18:40:51:275] [vo.logVo.LogVo.<init>] [INFO] 日志实例已初始化...
[2020-04-12 18:40:51:276] [vo.logVo.LogVo.<init>] [INFO] 日志实例已初始化...
[2020-04-12 18:40:51:277] [vo.logVo.LogVo.<init>] [INFO] 日志实例已初始化...
[2020-04-12 18:40:51:277] [vo.logVo.LogVo.<init>] [INFO] 日志实例已初始化...
[2020-04-12 18:40:51:278] [vo.logVo.LogVo.<init>] [INFO] 日志实例已初始化...
[2020-04-12 18:40:51:278] [vo.logVo.LogVo.<init>] [INFO] 日志实例已初始化...
[2020-04-12 18:40:51:279] [vo.logVo.LogVo.<init>] [INFO] 日志实例已初始化...
[2020-04-12 18:40:51:279] [vo.logVo.LogVo.<init>] [INFO] 日志实例已初始化...
[2020-04-12 18:40:51:280] [vo.logVo.LogVo.<init>] [INFO] 日志实例已初始化...
[2020-04-12 18:40:51:280] [vo.logVo.LogVo.<init>] [INFO] 日志实例已初始化...
[2020-04-12 18:40:51:281] [vo.logVo.LogVo.<init>] [INFO] 日志实例已初始化...
[2020-04-12 18:40:51:281] [vo.logVo.LogVo.<init>] [INFO] 日志实例已初始化...
[2020-04-12 18:40:51:282] [vo.logVo.LogVo.<init>] [INFO] 日志实例已初始化...
[2020-04-12 18:40:51:282] [vo.logVo.LogVo.<init>] [INFO] 日志实例已初始化...
[2020-04-12 18:40:51:283] [vo.logVo.LogVo.<init>] [INFO] 日志实例已初始化...
[2020-04-12 18:40:51:283] [vo.logVo.LogVo.<init>] [INFO] 日志实例已初始化...
[2020-04-12 18:40:51:285] [vo.logVo.LogVo.<init>] [INFO] 日志实例已初始化...
[2020-04-12 18:40:51:287] [vo.logVo.LogVo.<init>] [INFO] 日志实例已初始化...
[2020-04-12 18:40:51:288] [vo.logVo.LogVo.<init>] [INFO] 日志实例已初始化...
[2020-04-12 18:40:51:288] [vo.logVo.LogVo.<init>] [INFO] 日志实例已初始化...
[2020-04-12 18:40:51:289] [vo.logVo.LogVo.<init>] [INFO] 日志实例已初始化...
[2020-04-12 18:40:51:290] [vo.logVo.LogVo.<init>] [INFO] 日志实例已初始化...
[2020-04-12 18:40:51:291] [vo.logVo.LogVo.<init>] [INFO] 日志实例已初始化...
[2020-04-12 18:40:51:292] [vo.logVo.LogVo.<init>] [INFO] 日志实例已初始化...
[2020-04-12 18:40:51:292] [vo.logVo.LogVo.<init>] [INFO] 日志实例已初始化...
[2020-04-12 18:40:51:293] [vo.logVo.LogVo.<init>] [INFO] 日志实例已初始化...
[2020-04-12 18:40:51:293] [vo.logVo.LogVo.<init>] [INFO] 日志实例已初始化...
[2020-04-12 18:40:51:294] [vo.logVo.LogVo.<init>] [INFO] 日志实例已初始化...
[2020-04-12 18:40:51:294] [vo.logVo.LogVo.<init>] [INFO] 日志实例已初始化...
[2020-04-12 18:40:51:295] [vo.logVo.LogVo.<init>] [INFO] 日志实例已初始化...
[2020-04-12 18:40:51:295] [vo.logVo.LogVo.<init>] [INFO] 日志实例已初始化...
[2020-04-12 18:40:51:296] [vo.logVo.LogVo.<init>] [INFO] 日志实例已初始化...
[2020-04-12 18:40:51:296] [vo.logVo.LogVo.<init>] [INFO] 日志实例已初始化...
[2020-04-12 18:40:51:297] [vo.logVo.LogVo.<init>] [INFO] 日志实例已初始化...
[2020-04-12 18:40:51:297] [vo.logVo.LogVo.<init>] [INFO] 日志实例已初始化...
[2020-04-12 18:40:51:298] [vo.logVo.LogVo.<init>] [INFO] 日志实例已初始化...
[2020-04-12 18:40:51:298] [vo.logVo.LogVo.<init>] [INFO] 日志实例已初始化...
[2020-04-12 18:40:51:299] [vo.logVo.LogVo.<init>] [INFO] 日志实例已初始化...
[2020-04-12 18:40:51:299] [vo.logVo.LogVo.<init>] [INFO] 日志实例已初始化...
[2020-04-12 18:40:51:300] [vo.logVo.LogVo.<init>] [INFO] 日志实例已初始化...
[2020-04-12 18:40:51:301] [vo.logVo.LogVo.<init>] [INFO] 日志实例已初始化...
[2020-04-12 18:40:51:302] [vo.logVo.LogVo.<init>] [INFO] 日志实例已初始化...
[2020-04-12 18:40:51:303] [vo.logVo.LogVo.<init>] [INFO] 日志实例已初始化...
[2020-04-12 18:40:51:304] [vo.logVo.LogVo.<init>] [INFO] 日志实例已初始化...
[2020-04-12 18:40:51:304] [vo.logVo.LogVo.<init>] [INFO] 日志实例已初始化...
[2020-04-12 18:40:51:305] [vo.logVo.LogVo.<init>] [INFO] 日志实例已初始化...
[2020-04-12 18:40:51:309] [vo.logVo.LogVo.<init>] [INFO] 日志实例已初始化...
[2020-04-12 18:40:51:311] [vo.logVo.LogVo.<init>] [INFO] 日志实例已初始化...
[2020-04-12 18:40:51:312] [vo.logVo.LogVo.<init>] [INFO] 日志实例已初始化...
[2020-04-12 18:40:51:313] [vo.logVo.LogVo.<init>] [INFO] 日志实例已初始化...
[2020-04-12 18:40:51:314] [vo.logVo.LogVo.<init>] [INFO] 日志实例已初始化...
[2020-04-12 18:40:51:315] [vo.logVo.LogVo.<init>] [INFO] 日志实例已初始化...
[2020-04-12 18:40:51:315] [vo.logVo.LogVo.<init>] [INFO] 日志实例已初始化...
[2020-04-12 18:40:51:316] [vo.logVo.LogVo.<init>] [INFO] 日志实例已初始化...
[2020-04-12 18:40:51:317] [vo.logVo.LogVo.<init>] [INFO] 日志实例已初始化...
[2020-04-12 18:40:51:319] [vo.logVo.LogVo.<init>] [INFO] 日志实例已初始化...
[2020-04-12 18:40:51:320] [vo.logVo.LogVo.<init>] [INFO] 日志实例已初始化...
[2020-04-12 18:40:51:321] [vo.logVo.LogVo.<init>] [INFO] 日志实例已初始化...
[2020-04-12 18:40:51:321] [vo.logVo.LogVo.<init>] [INFO] 日志实例已初始化...
[2020-04-12 18:40:51:322] [vo.logVo.LogVo.<init>] [INFO] 日志实例已初始化...
[2020-04-12 18:40:51:322] [vo.logVo.LogVo.<init>] [INFO] 日志实例已初始化...
[2020-04-12 18:40:51:323] [vo.logVo.LogVo.<init>] [INFO] 日志实例已初始化...
[2020-04-12 18:40:51:324] [vo.logVo.LogVo.<init>] [INFO] 日志实例已初始化...
[2020-04-12 18:40:51:324] [vo.logVo.LogVo.<init>] [INFO] 日志实例已初始化...
[2020-04-12 18:40:51:325] [vo.logVo.LogVo.<init>] [INFO] 日志实例已初始化...
[2020-04-12 18:40:51:325] [vo.logVo.LogVo.<init>] [INFO] 日志实例已初始化...
[2020-04-12 18:40:51:326] [vo.logVo.LogVo.<init>] [INFO] 日志实例已初始化...
[2020-04-12 18:40:51:326] [vo.logVo.LogVo.<init>] [INFO] 日志实例已初始化...
[2020-04-12 18:40:51:327] [vo.logVo.LogVo.<init>] [INFO] 日志实例已初始化...
[2020-04-12 18:40:51:327] [vo.logVo.LogVo.<init>] [INFO] 日志实例已初始化...
[2020-04-12 18:40:51:327] [vo.logVo.LogVo.<init>] [INFO] 日志实例已初始化...
[2020-04-12 18:40:51:328] [vo.logVo.LogVo.<init>] [INFO] 日志实例已初始化...
[2020-04-12 18:40:51:328] [vo.logVo.LogVo.<init>] [INFO] 日志实例已初始化...
[2020-04-12 18:40:51:330] [vo.logVo.LogVo.<init>] [INFO] 日志实例已初始化...
[2020-04-12 18:40:51:331] [vo.logVo.LogVo.<init>] [INFO] 日志实例已初始化...
[2020-04-12 18:40:51:331] [vo.logVo.LogVo.<init>] [INFO] 日志实例已初始化...
[2020-04-12 18:40:51:332] [vo.logVo.LogVo.<init>] [INFO] 日志实例已初始化...
[2020-04-12 18:40:51:332] [vo.logVo.LogVo.<init>] [INFO] 日志实例已初始化...
[2020-04-12 18:40:51:333] [vo.logVo.LogVo.<init>] [INFO] 日志实例已初始化...
[2020-04-12 18:40:51:333] [vo.logVo.LogVo.<init>] [INFO] 日志实例已初始化...
[2020-04-12 18:40:51:334] [vo.logVo.LogVo.<init>] [INFO] 日志实例已初始化...
[2020-04-12 18:40:51:337] [vo.logVo.LogVo.<init>] [INFO] 日志实例已初始化...
[2020-04-12 18:40:51:338] [vo.logVo.LogVo.<init>] [INFO] 日志实例已初始化...
[2020-04-12 18:40:51:338] [vo.logVo.LogVo.<init>] [INFO] 日志实例已初始化...
[2020-04-12 18:40:51:339] [vo.logVo.LogVo.<init>] [INFO] 日志实例已初始化...
[2020-04-12 18:40:51:339] [vo.logVo.LogVo.<init>] [INFO] 日志实例已初始化...
[2020-04-12 18:40:51:340] [vo.logVo.LogVo.<init>] [INFO] 日志实例已初始化...
[2020-04-12 18:40:51:341] [vo.logVo.LogVo.<init>] [INFO] 日志实例已初始化...
[2020-04-12 18:40:51:341] [vo.logVo.LogVo.<init>] [INFO] 日志实例已初始化...
[2020-04-12 18:40:51:342] [vo.logVo.LogVo.<init>] [INFO] 日志实例已初始化...
[2020-04-12 18:40:51:342] [vo.logVo.LogVo.<init>] [INFO] 日志实例已初始化...
[2020-04-12 18:40:51:343] [vo.logVo.LogVo.<init>] [INFO] 日志实例已初始化...
[2020-04-12 18:40:51:343] [vo.logVo.LogVo.<init>] [INFO] 日志实例已初始化...
[2020-04-12 18:40:51:344] [vo.logVo.LogVo.<init>] [INFO] 日志实例已初始化...
[2020-04-12 18:40:51:344] [vo.logVo.LogVo.<init>] [INFO] 日志实例已初始化...
[2020-04-12 18:40:51:345] [vo.logVo.LogVo.<init>] [INFO] 日志实例已初始化...
[2020-04-12 18:40:51:345] [vo.logVo.LogVo.<init>] [INFO] 日志实例已初始化...
[2020-04-12 18:40:51:346] [vo.logVo.LogVo.<init>] [INFO] 日志实例已初始化...
[2020-04-12 18:40:51:347] [vo.logVo.LogVo.<init>] [INFO] 日志实例已初始化...
[2020-04-12 18:40:51:348] [vo.logVo.LogVo.<init>] [INFO] 日志实例已初始化...
[2020-04-12 18:40:51:349] [vo.logVo.LogVo.<init>] [INFO] 日志实例已初始化...
[2020-04-12 18:40:51:350] [vo.logVo.LogVo.<init>] [INFO] 日志实例已初始化...
[2020-04-12 18:40:51:350] [vo.logVo.LogVo.<init>] [INFO] 日志实例已初始化...
[2020-04-12 18:40:51:351] [vo.logVo.LogVo.<init>] [INFO] 日志实例已初始化...
[2020-04-12 18:40:51:354] [vo.logVo.LogVo.<init>] [INFO] 日志实例已初始化...
[2020-04-12 18:40:51:355] [vo.logVo.LogVo.<init>] [INFO] 日志实例已初始化...
[2020-04-12 18:40:51:356] [vo.logVo.LogVo.<init>] [INFO] 日志实例已初始化...
[2020-04-12 18:40:51:357] [vo.logVo.LogVo.<init>] [INFO] 日志实例已初始化...
[2020-04-12 18:40:51:358] [vo.logVo.LogVo.<init>] [INFO] 日志实例已初始化...
[2020-04-12 18:40:51:358] [vo.logVo.LogVo.<init>] [INFO] 日志实例已初始化...
[2020-04-12 18:40:51:359] [vo.logVo.LogVo.<init>] [INFO] 日志实例已初始化...
[2020-04-12 18:40:51:359] [vo.logVo.LogVo.<init>] [INFO] 日志实例已初始化...
[2020-04-12 18:40:51:360] [vo.logVo.LogVo.<init>] [INFO] 日志实例已初始化...
[2020-04-12 18:40:51:361] [vo.logVo.LogVo.<init>] [INFO] 日志实例已初始化...
[2020-04-12 18:40:51:361] [vo.logVo.LogVo.<init>] [INFO] 日志实例已初始化...
[2020-04-12 18:40:51:361] [vo.logVo.LogVo.<init>] [INFO] 日志实例已初始化...
[2020-04-12 18:40:51:362] [vo.logVo.LogVo.<init>] [INFO] 日志实例已初始化...
[2020-04-12 18:40:51:362] [vo.logVo.LogVo.<init>] [INFO] 日志实例已初始化...
[2020-04-12 18:40:51:363] [vo.logVo.LogVo.<init>] [INFO] 日志实例已初始化...
[2020-04-12 18:40:51:363] [vo.logVo.LogVo.<init>] [INFO] 日志实例已初始化...
[2020-04-12 18:40:51:364] [vo.logVo.LogVo.<init>] [INFO] 日志实例已初始化...
[2020-04-12 18:40:51:364] [vo.logVo.LogVo.<init>] [INFO] 日志实例已初始化...
[2020-04-12 18:40:51:365] [vo.logVo.LogVo.<init>] [INFO] 日志实例已初始化...
[2020-04-12 18:40:51:365] [vo.logVo.LogVo.<init>] [INFO] 日志实例已初始化...
[2020-04-12 18:40:51:366] [vo.logVo.LogVo.<init>] [INFO] 日志实例已初始化...
[2020-04-12 18:40:51:366] [vo.logVo.LogVo.<init>] [INFO] 日志实例已初始化...
[2020-04-12 18:40:51:367] [vo.logVo.LogVo.<init>] [INFO] 日志实例已初始化...
[2020-04-12 18:40:51:370] [vo.logVo.LogVo.<init>] [INFO] 日志实例已初始化...
[2020-04-12 18:40:51:372] [vo.logVo.LogVo.<init>] [INFO] 日志实例已初始化...
[2020-04-12 18:40:51:373] [vo.logVo.LogVo.<init>] [INFO] 日志实例已初始化...
[2020-04-12 18:40:51:373] [vo.logVo.LogVo.<init>] [INFO] 日志实例已初始化...
[2020-04-12 18:40:51:374] [vo.logVo.LogVo.<init>] [INFO] 日志实例已初始化...
[2020-04-12 18:40:51:375] [vo.logVo.LogVo.<init>] [INFO] 日志实例已初始化...
[2020-04-12 18:40:51:375] [vo.logVo.LogVo.<init>] [INFO] 日志实例已初始化...
[2020-04-12 18:40:51:376] [vo.logVo.LogVo.<init>] [INFO] 日志实例已初始化...
[2020-04-12 18:40:51:376] [vo.logVo.LogVo.<init>] [INFO] 日志实例已初始化...
[2020-04-12 18:40:51:376] [vo.logVo.LogVo.<init>] [INFO] 日志实例已初始化...
[2020-04-12 18:40:51:377] [vo.logVo.LogVo.<init>] [INFO] 日志实例已初始化...
[2020-04-12 18:40:51:377] [vo.logVo.LogVo.<init>] [INFO] 日志实例已初始化...
[2020-04-12 18:40:51:378] [vo.logVo.LogVo.<init>] [INFO] 日志实例已初始化...
[2020-04-12 18:40:51:378] [vo.logVo.LogVo.<init>] [INFO] 日志实例已初始化...
[2020-04-12 18:40:51:379] [vo.logVo.LogVo.<init>] [INFO] 日志实例已初始化...
[2020-04-12 18:40:51:379] [vo.logVo.LogVo.<init>] [INFO] 日志实例已初始化...
[2020-04-12 18:40:51:380] [vo.logVo.LogVo.<init>] [INFO] 日志实例已初始化...
[2020-04-12 18:40:51:380] [vo.logVo.LogVo.<init>] [INFO] 日志实例已初始化...
[2020-04-12 18:40:51:381] [vo.logVo.LogVo.<init>] [INFO] 日志实例已初始化...
[2020-04-12 18:40:51:381] [vo.logVo.LogVo.<init>] [INFO] 日志实例已初始化...
[2020-04-12 18:40:51:382] [vo.logVo.LogVo.<init>] [INFO] 日志实例已初始化...
[2020-04-12 18:40:51:389] [vo.logVo.LogVo.<init>] [INFO] 日志实例已初始化...
[2020-04-12 18:40:51:389] [vo.logVo.LogVo.<init>] [INFO] 日志实例已初始化...
[2020-04-12 18:40:51:394] [vo.logVo.LogVo.<init>] [INFO] 日志实例已初始化...
[2020-04-12 18:40:51:394] [vo.logVo.LogVo.<init>] [INFO] 日志实例已初始化...
[2020-04-12 18:40:51:395] [vo.logVo.LogVo.<init>] [INFO] 日志实例已初始化...
[2020-04-12 18:40:51:396] [vo.logVo.LogVo.<init>] [INFO] 日志实例已初始化...
[2020-04-12 18:40:51:396] [vo.logVo.LogVo.<init>] [INFO] 日志实例已初始化...
[2020-04-12 18:40:51:397] [vo.logVo.LogVo.<init>] [INFO] 日志实例已初始化...
[2020-04-12 18:40:51:397] [vo.logVo.LogVo.<init>] [INFO] 日志实例已初始化...
[2020-04-12 18:40:51:398] [vo.logVo.LogVo.<init>] [INFO] 日志实例已初始化...
[2020-04-12 18:40:51:398] [vo.logVo.LogVo.<init>] [INFO] 日志实例已初始化...
[2020-04-12 18:40:51:398] [vo.logVo.LogVo.<init>] [INFO] 日志实例已初始化...
[2020-04-12 18:40:51:399] [vo.logVo.LogVo.<init>] [INFO] 日志实例已初始化...
[2020-04-12 18:40:51:399] [vo.logVo.LogVo.<init>] [INFO] 日志实例已初始化...
[2020-04-12 18:40:51:399] [vo.logVo.LogVo.<init>] [INFO] 日志实例已初始化...
[2020-04-12 18:40:51:400] [vo.logVo.LogVo.<init>] [INFO] 日志实例已初始化...
[2020-04-12 18:40:51:400] [vo.logVo.LogVo.<init>] [INFO] 日志实例已初始化...
[2020-04-12 18:40:51:403] [vo.logVo.LogVo.<init>] [INFO] 日志实例已初始化...
[2020-04-12 18:40:51:413] [vo.logVo.LogVo.<init>] [INFO] 日志实例已初始化...
[2020-04-12 18:40:51:418] [vo.logVo.LogVo.<init>] [INFO] 日志实例已初始化...
[2020-04-12 18:40:51:495] [action.userAction.LoginAction.execute] [INFO] admin 登录成功,登录时间:2020-04-12 18:40:51
[2020-04-12 18:41:31:712] [vo.logVo.LogVo.<init>] [INFO] 日志实例已初始化...
[2020-04-12 18:41:31:713] [vo.logVo.LogVo.<init>] [INFO] 日志实例已初始化...
[2020-04-12 18:41:31:713] [vo.logVo.LogVo.<init>] [INFO] 日志实例已初始化...
[2020-04-12 18:41:31:714] [vo.logVo.LogVo.<init>] [INFO] 日志实例已初始化...
[2020-04-12 18:41:31:714] [vo.logVo.LogVo.<init>] [INFO] 日志实例已初始化...
[2020-04-12 18:41:31:715] [vo.logVo.LogVo.<init>] [INFO] 日志实例已初始化...
[2020-04-12 18:41:31:716] [vo.logVo.LogVo.<init>] [INFO] 日志实例已初始化...
[2020-04-12 18:41:31:717] [vo.logVo.LogVo.<init>] [INFO] 日志实例已初始化...
[2020-04-12 18:41:31:718] [vo.logVo.LogVo.<init>] [INFO] 日志实例已初始化...
[2020-04-12 18:41:31:719] [vo.logVo.LogVo.<init>] [INFO] 日志实例已初始化...
[2020-04-12 18:41:31:719] [vo.logVo.LogVo.<init>] [INFO] 日志实例已初始化...
[2020-04-12 18:41:31:721] [vo.logVo.LogVo.<init>] [INFO] 日志实例已初始化...
[2020-04-12 18:41:31:722] [vo.logVo.LogVo.<init>] [INFO] 日志实例已初始化...
[2020-04-12 18:41:31:722] [vo.logVo.LogVo.<init>] [INFO] 日志实例已初始化...
[2020-04-12 18:41:31:723] [vo.logVo.LogVo.<init>] [INFO] 日志实例已初始化...
[2020-04-12 18:41:31:723] [vo.logVo.LogVo.<init>] [INFO] 日志实例已初始化...
[2020-04-12 18:41:31:724] [vo.logVo.LogVo.<init>] [INFO] 日志实例已初始化...
[2020-04-12 18:41:31:724] [vo.logVo.LogVo.<init>] [INFO] 日志实例已初始化...
[2020-04-12 18:41:31:725] [vo.logVo.LogVo.<init>] [INFO] 日志实例已初始化...
[2020-04-12 18:41:31:725] [vo.logVo.LogVo.<init>] [INFO] 日志实例已初始化...
[2020-04-12 18:41:31:726] [vo.logVo.LogVo.<init>] [INFO] 日志实例已初始化...
[2020-04-12 18:41:31:726] [vo.logVo.LogVo.<init>] [INFO] 日志实例已初始化...
[2020-04-12 18:41:31:727] [vo.logVo.LogVo.<init>] [INFO] 日志实例已初始化...
[2020-04-12 18:41:31:729] [vo.logVo.LogVo.<init>] [INFO] 日志实例已初始化...
[2020-04-12 18:41:31:731] [vo.logVo.LogVo.<init>] [INFO] 日志实例已初始化...
[2020-04-12 18:41:31:732] [vo.logVo.LogVo.<init>] [INFO] 日志实例已初始化...
[2020-04-12 18:41:31:733] [vo.logVo.LogVo.<init>] [INFO] 日志实例已初始化...
[2020-04-12 18:41:31:734] [vo.logVo.LogVo.<init>] [INFO] 日志实例已初始化...
[2020-04-12 18:41:31:735] [vo.logVo.LogVo.<init>] [INFO] 日志实例已初始化...
[2020-04-12 18:41:31:735] [vo.logVo.LogVo.<init>] [INFO] 日志实例已初始化...
[2020-04-12 18:41:31:736] [vo.logVo.LogVo.<init>] [INFO] 日志实例已初始化...
[2020-04-12 18:41:31:736] [vo.logVo.LogVo.<init>] [INFO] 日志实例已初始化...
[2020-04-12 18:41:31:737] [vo.logVo.LogVo.<init>] [INFO] 日志实例已初始化...
[2020-04-12 18:41:31:737] [vo.logVo.LogVo.<init>] [INFO] 日志实例已初始化...
[2020-04-12 18:41:31:738] [vo.logVo.LogVo.<init>] [INFO] 日志实例已初始化...
[2020-04-12 18:41:31:738] [vo.logVo.LogVo.<init>] [INFO] 日志实例已初始化...
[2020-04-12 18:41:31:739] [vo.logVo.LogVo.<init>] [INFO] 日志实例已初始化...
[2020-04-12 18:41:31:739] [vo.logVo.LogVo.<init>] [INFO] 日志实例已初始化...
[2020-04-12 18:41:31:739] [vo.logVo.LogVo.<init>] [INFO] 日志实例已初始化...
[2020-04-12 18:41:31:740] [vo.logVo.LogVo.<init>] [INFO] 日志实例已初始化...
[2020-04-12 18:41:31:740] [vo.logVo.LogVo.<init>] [INFO] 日志实例已初始化...
[2020-04-12 18:41:31:740] [vo.logVo.LogVo.<init>] [INFO] 日志实例已初始化...
[2020-04-12 18:41:31:741] [vo.logVo.LogVo.<init>] [INFO] 日志实例已初始化...
[2020-04-12 18:41:31:742] [vo.logVo.LogVo.<init>] [INFO] 日志实例已初始化...
[2020-04-12 18:41:31:742] [vo.logVo.LogVo.<init>] [INFO] 日志实例已初始化...
[2020-04-12 18:41:31:743] [vo.logVo.LogVo.<init>] [INFO] 日志实例已初始化...
[2020-04-12 18:41:31:743] [vo.logVo.LogVo.<init>] [INFO] 日志实例已初始化...
[2020-04-12 18:41:31:744] [vo.logVo.LogVo.<init>] [INFO] 日志实例已初始化...
[2020-04-12 18:41:31:744] [vo.logVo.LogVo.<init>] [INFO] 日志实例已初始化...
[2020-04-12 18:41:31:745] [vo.logVo.LogVo.<init>] [INFO] 日志实例已初始化...
[2020-04-12 18:41:31:745] [vo.logVo.LogVo.<init>] [INFO] 日志实例已初始化...
[2020-04-12 18:41:31:746] [vo.logVo.LogVo.<init>] [INFO] 日志实例已初始化...
[2020-04-12 18:41:31:747] [vo.logVo.LogVo.<init>] [INFO] 日志实例已初始化...
[2020-04-12 18:41:31:748] [vo.logVo.LogVo.<init>] [INFO] 日志实例已初始化...
[2020-04-12 18:41:31:748] [vo.logVo.LogVo.<init>] [INFO] 日志实例已初始化...
[2020-04-12 18:41:31:749] [vo.logVo.LogVo.<init>] [INFO] 日志实例已初始化...
[2020-04-12 18:41:31:749] [vo.logVo.LogVo.<init>] [INFO] 日志实例已初始化...
[2020-04-12 18:41:31:750] [vo.logVo.LogVo.<init>] [INFO] 日志实例已初始化...
[2020-04-12 18:41:31:751] [vo.logVo.LogVo.<init>] [INFO] 日志实例已初始化...
[2020-04-12 18:41:31:752] [vo.logVo.LogVo.<init>] [INFO] 日志实例已初始化...
[2020-04-12 18:41:31:752] [vo.logVo.LogVo.<init>] [INFO] 日志实例已初始化...
[2020-04-12 18:41:31:753] [vo.logVo.LogVo.<init>] [INFO] 日志实例已初始化...
[2020-04-12 18:41:31:753] [vo.logVo.LogVo.<init>] [INFO] 日志实例已初始化...
[2020-04-12 18:41:31:754] [vo.logVo.LogVo.<init>] [INFO] 日志实例已初始化...
[2020-04-12 18:41:31:754] [vo.logVo.LogVo.<init>] [INFO] 日志实例已初始化...
[2020-04-12 18:41:31:755] [vo.logVo.LogVo.<init>] [INFO] 日志实例已初始化...
[2020-04-12 18:41:31:755] [vo.logVo.LogVo.<init>] [INFO] 日志实例已初始化...
[2020-04-12 18:41:31:756] [vo.logVo.LogVo.<init>] [INFO] 日志实例已初始化...
[2020-04-12 18:41:31:757] [vo.logVo.LogVo.<init>] [INFO] 日志实例已初始化...
[2020-04-12 18:41:31:757] [vo.logVo.LogVo.<init>] [INFO] 日志实例已初始化...
[2020-04-12 18:41:31:758] [vo.logVo.LogVo.<init>] [INFO] 日志实例已初始化...
[2020-04-12 18:41:31:758] [vo.logVo.LogVo.<init>] [INFO] 日志实例已初始化...
[2020-04-12 18:41:31:759] [vo.logVo.LogVo.<init>] [INFO] 日志实例已初始化...
[2020-04-12 18:41:31:759] [vo.logVo.LogVo.<init>] [INFO] 日志实例已初始化...
[2020-04-12 18:41:31:760] [vo.logVo.LogVo.<init>] [INFO] 日志实例已初始化...
[2020-04-12 18:41:31:760] [vo.logVo.LogVo.<init>] [INFO] 日志实例已初始化...
[2020-04-12 18:41:31:761] [vo.logVo.LogVo.<init>] [INFO] 日志实例已初始化...
[2020-04-12 18:41:31:761] [vo.logVo.LogVo.<init>] [INFO] 日志实例已初始化...
[2020-04-12 18:41:31:762] [vo.logVo.LogVo.<init>] [INFO] 日志实例已初始化...
[2020-04-12 18:41:31:763] [vo.logVo.LogVo.<init>] [INFO] 日志实例已初始化...
[2020-04-12 18:41:31:764] [vo.logVo.LogVo.<init>] [INFO] 日志实例已初始化...
[2020-04-12 18:41:31:765] [vo.logVo.LogVo.<init>] [INFO] 日志实例已初始化...
[2020-04-12 18:41:31:766] [vo.logVo.LogVo.<init>] [INFO] 日志实例已初始化...
[2020-04-12 18:41:31:767] [vo.logVo.LogVo.<init>] [INFO] 日志实例已初始化...
[2020-04-12 18:41:31:768] [vo.logVo.LogVo.<init>] [INFO] 日志实例已初始化...
[2020-04-12 18:41:31:768] [vo.logVo.LogVo.<init>] [INFO] 日志实例已初始化...
[2020-04-12 18:41:31:769] [vo.logVo.LogVo.<init>] [INFO] 日志实例已初始化...
[2020-04-12 18:41:31:769] [vo.logVo.LogVo.<init>] [INFO] 日志实例已初始化...
[2020-04-12 18:41:31:770] [vo.logVo.LogVo.<init>] [INFO] 日志实例已初始化...
[2020-04-12 18:41:31:770] [vo.logVo.LogVo.<init>] [INFO] 日志实例已初始化...
[2020-04-12 18:41:31:771] [vo.logVo.LogVo.<init>] [INFO] 日志实例已初始化...
[2020-04-12 18:41:31:772] [vo.logVo.LogVo.<init>] [INFO] 日志实例已初始化...
[2020-04-12 18:41:31:772] [vo.logVo.LogVo.<init>] [INFO] 日志实例已初始化...
[2020-04-12 18:41:31:772] [vo.logVo.LogVo.<init>] [INFO] 日志实例已初始化...
[2020-04-12 18:41:31:773] [vo.logVo.LogVo.<init>] [INFO] 日志实例已初始化...
[2020-04-12 18:41:31:773] [vo.logVo.LogVo.<init>] [INFO] 日志实例已初始化...
[2020-04-12 18:41:31:774] [vo.logVo.LogVo.<init>] [INFO] 日志实例已初始化...
[2020-04-12 18:41:31:775] [vo.logVo.LogVo.<init>] [INFO] 日志实例已初始化...
[2020-04-12 18:41:31:775] [vo.logVo.LogVo.<init>] [INFO] 日志实例已初始化...
[2020-04-12 18:41:31:776] [vo.logVo.LogVo.<init>] [INFO] 日志实例已初始化...
[2020-04-12 18:41:31:776] [vo.logVo.LogVo.<init>] [INFO] 日志实例已初始化...
[2020-04-12 18:41:31:777] [vo.logVo.LogVo.<init>] [INFO] 日志实例已初始化...
[2020-04-12 18:41:31:777] [vo.logVo.LogVo.<init>] [INFO] 日志实例已初始化...
[2020-04-12 18:41:31:778] [vo.logVo.LogVo.<init>] [INFO] 日志实例已初始化...
[2020-04-12 18:41:31:782] [vo.logVo.LogVo.<init>] [INFO] 日志实例已初始化...
[2020-04-12 18:41:31:782] [vo.logVo.LogVo.<init>] [INFO] 日志实例已初始化...
[2020-04-12 18:41:31:783] [vo.logVo.LogVo.<init>] [INFO] 日志实例已初始化...
[2020-04-12 18:41:31:783] [vo.logVo.LogVo.<init>] [INFO] 日志实例已初始化...
[2020-04-12 18:41:31:784] [vo.logVo.LogVo.<init>] [INFO] 日志实例已初始化...
[2020-04-12 18:41:31:785] [vo.logVo.LogVo.<init>] [INFO] 日志实例已初始化...
[2020-04-12 18:41:31:785] [vo.logVo.LogVo.<init>] [INFO] 日志实例已初始化...
[2020-04-12 18:41:31:786] [vo.logVo.LogVo.<init>] [INFO] 日志实例已初始化...
[2020-04-12 18:41:31:786] [vo.logVo.LogVo.<init>] [INFO] 日志实例已初始化...
[2020-04-12 18:41:31:787] [vo.logVo.LogVo.<init>] [INFO] 日志实例已初始化...
[2020-04-12 18:41:31:787] [vo.logVo.LogVo.<init>] [INFO] 日志实例已初始化...
[2020-04-12 18:41:31:788] [vo.logVo.LogVo.<init>] [INFO] 日志实例已初始化...
[2020-04-12 18:41:31:789] [vo.logVo.LogVo.<init>] [INFO] 日志实例已初始化...
[2020-04-12 18:41:31:793] [vo.logVo.LogVo.<init>] [INFO] 日志实例已初始化...
[2020-04-12 18:41:31:793] [vo.logVo.LogVo.<init>] [INFO] 日志实例已初始化...
[2020-04-12 18:41:31:794] [vo.logVo.LogVo.<init>] [INFO] 日志实例已初始化...
[2020-04-12 18:41:31:795] [vo.logVo.LogVo.<init>] [INFO] 日志实例已初始化...
[2020-04-12 18:41:31:798] [vo.logVo.LogVo.<init>] [INFO] 日志实例已初始化...
[2020-04-12 18:41:31:798] [vo.logVo.LogVo.<init>] [INFO] 日志实例已初始化...
[2020-04-12 18:41:31:799] [vo.logVo.LogVo.<init>] [INFO] 日志实例已初始化...
[2020-04-12 18:41:31:800] [vo.logVo.LogVo.<init>] [INFO] 日志实例已初始化...
[2020-04-12 18:41:31:803] [vo.logVo.LogVo.<init>] [INFO] 日志实例已初始化...
[2020-04-12 18:41:31:803] [vo.logVo.LogVo.<init>] [INFO] 日志实例已初始化...
[2020-04-12 18:41:31:804] [vo.logVo.LogVo.<init>] [INFO] 日志实例已初始化...
[2020-04-12 18:41:31:804] [vo.logVo.LogVo.<init>] [INFO] 日志实例已初始化...
[2020-04-12 18:41:31:805] [vo.logVo.LogVo.<init>] [INFO] 日志实例已初始化...
[2020-04-12 18:41:31:805] [vo.logVo.LogVo.<init>] [INFO] 日志实例已初始化...
[2020-04-12 18:41:31:806] [vo.logVo.LogVo.<init>] [INFO] 日志实例已初始化...
[2020-04-12 18:41:31:807] [vo.logVo.LogVo.<init>] [INFO] 日志实例已初始化...
[2020-04-12 18:41:31:807] [vo.logVo.LogVo.<init>] [INFO] 日志实例已初始化...
[2020-04-12 18:41:31:808] [vo.logVo.LogVo.<init>] [INFO] 日志实例已初始化...
[2020-04-12 18:41:31:808] [vo.logVo.LogVo.<init>] [INFO] 日志实例已初始化...
[2020-04-12 18:41:31:808] [vo.logVo.LogVo.<init>] [INFO] 日志实例已初始化...
[2020-04-12 18:41:31:809] [vo.logVo.LogVo.<init>] [INFO] 日志实例已初始化...
[2020-04-12 18:41:31:809] [vo.logVo.LogVo.<init>] [INFO] 日志实例已初始化...
[2020-04-12 18:41:31:809] [vo.logVo.LogVo.<init>] [INFO] 日志实例已初始化...
[2020-04-12 18:41:31:810] [vo.logVo.LogVo.<init>] [INFO] 日志实例已初始化...
[2020-04-12 18:41:31:810] [vo.logVo.LogVo.<init>] [INFO] 日志实例已初始化...
[2020-04-12 18:41:31:810] [vo.logVo.LogVo.<init>] [INFO] 日志实例已初始化...
[2020-04-12 18:41:31:811] [vo.logVo.LogVo.<init>] [INFO] 日志实例已初始化...
[2020-04-12 18:41:31:811] [vo.logVo.LogVo.<init>] [INFO] 日志实例已初始化...
[2020-04-12 18:41:31:813] [vo.logVo.LogVo.<init>] [INFO] 日志实例已初始化...
[2020-04-12 18:41:31:814] [vo.logVo.LogVo.<init>] [INFO] 日志实例已初始化...
[2020-04-12 18:41:31:815] [vo.logVo.LogVo.<init>] [INFO] 日志实例已初始化...
[2020-04-12 18:41:31:816] [vo.logVo.LogVo.<init>] [INFO] 日志实例已初始化...
[2020-04-12 18:41:31:817] [vo.logVo.LogVo.<init>] [INFO] 日志实例已初始化...
[2020-04-12 18:41:31:817] [vo.logVo.LogVo.<init>] [INFO] 日志实例已初始化...
[2020-04-12 18:41:31:818] [vo.logVo.LogVo.<init>] [INFO] 日志实例已初始化...
[2020-04-12 18:41:31:818] [vo.logVo.LogVo.<init>] [INFO] 日志实例已初始化...
[2020-04-12 18:41:31:819] [vo.logVo.LogVo.<init>] [INFO] 日志实例已初始化...
[2020-04-12 18:41:31:819] [vo.logVo.LogVo.<init>] [INFO] 日志实例已初始化...
[2020-04-12 18:41:31:820] [vo.logVo.LogVo.<init>] [INFO] 日志实例已初始化...
[2020-04-12 18:41:31:821] [vo.logVo.LogVo.<init>] [INFO] 日志实例已初始化...
[2020-04-12 18:41:31:821] [vo.logVo.LogVo.<init>] [INFO] 日志实例已初始化...
[2020-04-12 18:41:31:821] [vo.logVo.LogVo.<init>] [INFO] 日志实例已初始化...
[2020-04-12 18:41:31:822] [vo.logVo.LogVo.<init>] [INFO] 日志实例已初始化...
[2020-04-12 18:41:31:822] [vo.logVo.LogVo.<init>] [INFO] 日志实例已初始化...
[2020-04-12 18:41:31:823] [vo.logVo.LogVo.<init>] [INFO] 日志实例已初始化...
[2020-04-12 18:41:31:823] [vo.logVo.LogVo.<init>] [INFO] 日志实例已初始化...
[2020-04-12 18:41:31:824] [vo.logVo.LogVo.<init>] [INFO] 日志实例已初始化...
[2020-04-12 18:41:31:824] [vo.logVo.LogVo.<init>] [INFO] 日志实例已初始化...
[2020-04-12 18:41:31:825] [vo.logVo.LogVo.<init>] [INFO] 日志实例已初始化...
[2020-04-12 18:41:31:825] [vo.logVo.LogVo.<init>] [INFO] 日志实例已初始化...
[2020-04-12 18:41:31:825] [vo.logVo.LogVo.<init>] [INFO] 日志实例已初始化...
[2020-04-12 18:41:31:826] [vo.logVo.LogVo.<init>] [INFO] 日志实例已初始化...
[2020-04-12 18:41:31:826] [vo.logVo.LogVo.<init>] [INFO] 日志实例已初始化...
[2020-04-12 18:41:31:827] [vo.logVo.LogVo.<init>] [INFO] 日志实例已初始化...
[2020-04-12 18:41:31:830] [vo.logVo.LogVo.<init>] [INFO] 日志实例已初始化...
[2020-04-12 18:41:31:833] [vo.logVo.LogVo.<init>] [INFO] 日志实例已初始化...
[2020-04-12 18:41:31:834] [vo.logVo.LogVo.<init>] [INFO] 日志实例已初始化...
[2020-04-12 18:41:31:835] [vo.logVo.LogVo.<init>] [INFO] 日志实例已初始化...
[2020-04-12 18:41:31:836] [vo.logVo.LogVo.<init>] [INFO] 日志实例已初始化...
[2020-04-12 18:41:31:837] [vo.logVo.LogVo.<init>] [INFO] 日志实例已初始化...
[2020-04-12 18:41:31:837] [vo.logVo.LogVo.<init>] [INFO] 日志实例已初始化...
[2020-04-12 18:41:31:838] [vo.logVo.LogVo.<init>] [INFO] 日志实例已初始化...
[2020-04-12 18:41:31:838] [vo.logVo.LogVo.<init>] [INFO] 日志实例已初始化...
[2020-04-12 18:41:31:839] [vo.logVo.LogVo.<init>] [INFO] 日志实例已初始化...
[2020-04-12 18:41:31:839] [vo.logVo.LogVo.<init>] [INFO] 日志实例已初始化...
[2020-04-12 18:41:31:839] [vo.logVo.LogVo.<init>] [INFO] 日志实例已初始化...
[2020-04-12 18:41:31:840] [vo.logVo.LogVo.<init>] [INFO] 日志实例已初始化...
[2020-04-12 18:41:31:840] [vo.logVo.LogVo.<init>] [INFO] 日志实例已初始化...
[2020-04-12 18:41:31:841] [vo.logVo.LogVo.<init>] [INFO] 日志实例已初始化...
[2020-04-12 18:41:31:841] [vo.logVo.LogVo.<init>] [INFO] 日志实例已初始化...
[2020-04-12 18:41:31:841] [vo.logVo.LogVo.<init>] [INFO] 日志实例已初始化...
[2020-04-12 18:41:31:842] [vo.logVo.LogVo.<init>] [INFO] 日志实例已初始化...
[2020-04-12 18:41:31:842] [vo.logVo.LogVo.<init>] [INFO] 日志实例已初始化...
[2020-04-12 18:41:31:842] [vo.logVo.LogVo.<init>] [INFO] 日志实例已初始化...
[2020-04-12 18:41:31:843] [vo.logVo.LogVo.<init>] [INFO] 日志实例已初始化...
[2020-04-12 18:41:31:843] [vo.logVo.LogVo.<init>] [INFO] 日志实例已初始化...
[2020-04-12 18:41:31:844] [vo.logVo.LogVo.<init>] [INFO] 日志实例已初始化...
[2020-04-12 18:41:31:844] [vo.logVo.LogVo.<init>] [INFO] 日志实例已初始化...
[2020-04-12 18:41:31:844] [vo.logVo.LogVo.<init>] [INFO] 日志实例已初始化...
[2020-04-12 18:41:31:845] [vo.logVo.LogVo.<init>] [INFO] 日志实例已初始化...
[2020-04-12 18:41:31:846] [vo.logVo.LogVo.<init>] [INFO] 日志实例已初始化...
[2020-04-12 18:41:31:847] [vo.logVo.LogVo.<init>] [INFO] 日志实例已初始化...
[2020-04-12 18:41:31:847] [vo.logVo.LogVo.<init>] [INFO] 日志实例已初始化...
[2020-04-12 18:41:31:848] [vo.logVo.LogVo.<init>] [INFO] 日志实例已初始化...
[2020-04-12 18:41:31:848] [vo.logVo.LogVo.<init>] [INFO] 日志实例已初始化...
[2020-04-12 18:41:31:849] [vo.logVo.LogVo.<init>] [INFO] 日志实例已初始化...
[2020-04-12 18:41:31:849] [vo.logVo.LogVo.<init>] [INFO] 日志实例已初始化...
[2020-04-12 18:41:31:850] [vo.logVo.LogVo.<init>] [INFO] 日志实例已初始化...
[2020-04-12 18:41:31:850] [vo.logVo.LogVo.<init>] [INFO] 日志实例已初始化...
[2020-04-12 18:41:31:851] [vo.logVo.LogVo.<init>] [INFO] 日志实例已初始化...
[2020-04-12 18:41:31:852] [vo.logVo.LogVo.<init>] [INFO] 日志实例已初始化...
[2020-04-12 18:41:31:853] [vo.logVo.LogVo.<init>] [INFO] 日志实例已初始化...
[2020-04-12 18:41:31:854] [vo.logVo.LogVo.<init>] [INFO] 日志实例已初始化...
[2020-04-12 18:41:31:855] [vo.logVo.LogVo.<init>] [INFO] 日志实例已初始化...
[2020-04-12 18:41:31:856] [vo.logVo.LogVo.<init>] [INFO] 日志实例已初始化...
[2020-04-12 18:41:31:856] [vo.logVo.LogVo.<init>] [INFO] 日志实例已初始化...
[2020-04-12 18:41:31:857] [vo.logVo.LogVo.<init>] [INFO] 日志实例已初始化...
[2020-04-12 18:41:31:858] [vo.logVo.LogVo.<init>] [INFO] 日志实例已初始化...
[2020-04-12 18:41:31:858] [vo.logVo.LogVo.<init>] [INFO] 日志实例已初始化...
[2020-04-12 18:41:31:859] [vo.logVo.LogVo.<init>] [INFO] 日志实例已初始化...
[2020-04-12 18:41:31:859] [vo.logVo.LogVo.<init>] [INFO] 日志实例已初始化...
[2020-04-12 18:41:31:860] [vo.logVo.LogVo.<init>] [INFO] 日志实例已初始化...
[2020-04-12 18:41:31:860] [vo.logVo.LogVo.<init>] [INFO] 日志实例已初始化...
[2020-04-12 18:41:31:861] [vo.logVo.LogVo.<init>] [INFO] 日志实例已初始化...
[2020-04-12 18:41:31:862] [vo.logVo.LogVo.<init>] [INFO] 日志实例已初始化...
[2020-04-12 18:41:31:863] [vo.logVo.LogVo.<init>] [INFO] 日志实例已初始化...
[2020-04-12 18:41:31:864] [vo.logVo.LogVo.<init>] [INFO] 日志实例已初始化...
[2020-04-12 18:41:31:865] [vo.logVo.LogVo.<init>] [INFO] 日志实例已初始化...
[2020-04-12 18:41:31:867] [vo.logVo.LogVo.<init>] [INFO] 日志实例已初始化...
[2020-04-12 18:41:31:867] [vo.logVo.LogVo.<init>] [INFO] 日志实例已初始化...
[2020-04-12 18:41:31:868] [vo.logVo.LogVo.<init>] [INFO] 日志实例已初始化...
[2020-04-12 18:41:31:869] [vo.logVo.LogVo.<init>] [INFO] 日志实例已初始化...
[2020-04-12 18:41:31:870] [vo.logVo.LogVo.<init>] [INFO] 日志实例已初始化...
[2020-04-12 18:41:31:870] [vo.logVo.LogVo.<init>] [INFO] 日志实例已初始化...
[2020-04-12 18:41:31:871] [vo.logVo.LogVo.<init>] [INFO] 日志实例已初始化...
[2020-04-12 18:41:31:871] [vo.logVo.LogVo.<init>] [INFO] 日志实例已初始化...
[2020-04-12 18:41:31:871] [vo.logVo.LogVo.<init>] [INFO] 日志实例已初始化...
[2020-04-12 18:41:31:872] [vo.logVo.LogVo.<init>] [INFO] 日志实例已初始化...
[2020-04-12 18:41:31:872] [vo.logVo.LogVo.<init>] [INFO] 日志实例已初始化...
[2020-04-12 18:41:31:873] [vo.logVo.LogVo.<init>] [INFO] 日志实例已初始化...
[2020-04-12 18:41:31:874] [vo.logVo.LogVo.<init>] [INFO] 日志实例已初始化...
[2020-04-12 18:41:31:874] [vo.logVo.LogVo.<init>] [INFO] 日志实例已初始化...
[2020-04-12 18:41:31:875] [vo.logVo.LogVo.<init>] [INFO] 日志实例已初始化...
[2020-04-12 18:41:31:876] [vo.logVo.LogVo.<init>] [INFO] 日志实例已初始化...
[2020-04-12 18:41:31:876] [vo.logVo.LogVo.<init>] [INFO] 日志实例已初始化...
[2020-04-12 18:41:31:877] [vo.logVo.LogVo.<init>] [INFO] 日志实例已初始化...
[2020-04-12 18:41:31:877] [vo.logVo.LogVo.<init>] [INFO] 日志实例已初始化...
[2020-04-12 18:41:31:878] [vo.logVo.LogVo.<init>] [INFO] 日志实例已初始化...
[2020-04-12 18:41:31:883] [vo.logVo.LogVo.<init>] [INFO] 日志实例已初始化...
[2020-04-12 18:41:31:883] [vo.logVo.LogVo.<init>] [INFO] 日志实例已初始化...
[2020-04-12 18:41:31:885] [vo.logVo.LogVo.<init>] [INFO] 日志实例已初始化...
[2020-04-12 18:41:31:886] [vo.logVo.LogVo.<init>] [INFO] 日志实例已初始化...
[2020-04-12 18:41:31:886] [vo.logVo.LogVo.<init>] [INFO] 日志实例已初始化...
[2020-04-12 18:41:31:887] [vo.logVo.LogVo.<init>] [INFO] 日志实例已初始化...
[2020-04-12 18:41:31:887] [vo.logVo.LogVo.<init>] [INFO] 日志实例已初始化...
[2020-04-12 18:41:31:888] [vo.logVo.LogVo.<init>] [INFO] 日志实例已初始化...
[2020-04-12 18:41:31:888] [vo.logVo.LogVo.<init>] [INFO] 日志实例已初始化...
[2020-04-12 18:41:31:889] [vo.logVo.LogVo.<init>] [INFO] 日志实例已初始化...
[2020-04-12 18:41:31:892] [vo.logVo.LogVo.<init>] [INFO] 日志实例已初始化...
[2020-04-12 18:41:31:893] [vo.logVo.LogVo.<init>] [INFO] 日志实例已初始化...
[2020-04-12 18:41:31:899] [vo.logVo.LogVo.<init>] [INFO] 日志实例已初始化...
[2020-04-12 18:41:31:900] [vo.logVo.LogVo.<init>] [INFO] 日志实例已初始化...
[2020-04-12 18:41:31:901] [vo.logVo.LogVo.<init>] [INFO] 日志实例已初始化...
[2020-04-12 18:41:31:902] [vo.logVo.LogVo.<init>] [INFO] 日志实例已初始化...
[2020-04-12 18:41:31:903] [vo.logVo.LogVo.<init>] [INFO] 日志实例已初始化...
[2020-04-12 18:41:31:921] [vo.logVo.LogVo.<init>] [INFO] 日志实例已初始化...
[2020-04-12 18:41:31:922] [vo.logVo.LogVo.<init>] [INFO] 日志实例已初始化...
[2020-04-12 18:41:31:922] [vo.logVo.LogVo.<init>] [INFO] 日志实例已初始化...
[2020-04-12 18:41:31:923] [vo.logVo.LogVo.<init>] [INFO] 日志实例已初始化...
[2020-04-12 18:41:31:925] [vo.logVo.LogVo.<init>] [INFO] 日志实例已初始化...
[2020-04-12 18:41:31:926] [vo.logVo.LogVo.<init>] [INFO] 日志实例已初始化...
[2020-04-12 18:41:31:926] [vo.logVo.LogVo.<init>] [INFO] 日志实例已初始化...
[2020-04-12 18:41:31:927] [vo.logVo.LogVo.<init>] [INFO] 日志实例已初始化...
[2020-04-12 18:41:31:927] [vo.logVo.LogVo.<init>] [INFO] 日志实例已初始化...
[2020-04-12 18:41:31:931] [vo.logVo.LogVo.<init>] [INFO] 日志实例已初始化...
[2020-04-12 18:41:31:935] [vo.logVo.LogVo.<init>] [INFO] 日志实例已初始化...
[2020-04-12 18:41:31:935] [vo.logVo.LogVo.<init>] [INFO] 日志实例已初始化...
[2020-04-12 18:41:31:965] [vo.logVo.LogVo.<init>] [INFO] 日志实例已初始化...
[2020-04-12 18:41:31:965] [vo.logVo.LogVo.<init>] [INFO] 日志实例已初始化...
[2020-04-12 18:41:31:966] [vo.logVo.LogVo.<init>] [INFO] 日志实例已初始化...
[2020-04-12 18:41:31:966] [vo.logVo.LogVo.<init>] [INFO] 日志实例已初始化...
[2020-04-12 18:41:31:967] [vo.logVo.LogVo.<init>] [INFO] 日志实例已初始化...
[2020-04-12 18:41:31:969] [vo.logVo.LogVo.<init>] [INFO] 日志实例已初始化...
[2020-04-12 18:41:31:969] [vo.logVo.LogVo.<init>] [INFO] 日志实例已初始化...
[2020-04-12 18:41:31:969] [vo.logVo.LogVo.<init>] [INFO] 日志实例已初始化...
[2020-04-12 18:41:31:970] [vo.logVo.LogVo.<init>] [INFO] 日志实例已初始化...
[2020-04-12 18:41:31:970] [vo.logVo.LogVo.<init>] [INFO] 日志实例已初始化...
[2020-04-12 18:41:31:971] [vo.logVo.LogVo.<init>] [INFO] 日志实例已初始化...
[2020-04-12 18:41:31:971] [vo.logVo.LogVo.<init>] [INFO] 日志实例已初始化...
[2020-04-12 18:41:31:971] [vo.logVo.LogVo.<init>] [INFO] 日志实例已初始化...
[2020-04-12 18:41:31:972] [vo.logVo.LogVo.<init>] [INFO] 日志实例已初始化...
[2020-04-12 18:41:31:972] [vo.logVo.LogVo.<init>] [INFO] 日志实例已初始化...
[2020-04-12 18:41:31:973] [vo.logVo.LogVo.<init>] [INFO] 日志实例已初始化...
[2020-04-12 18:41:31:973] [vo.logVo.LogVo.<init>] [INFO] 日志实例已初始化...
[2020-04-12 18:41:31:973] [vo.logVo.LogVo.<init>] [INFO] 日志实例已初始化...
[2020-04-12 18:41:31:976] [vo.logVo.LogVo.<init>] [INFO] 日志实例已初始化...
[2020-04-12 18:41:31:977] [vo.logVo.LogVo.<init>] [INFO] 日志实例已初始化...
[2020-04-12 18:41:31:978] [vo.logVo.LogVo.<init>] [INFO] 日志实例已初始化...
[2020-04-12 18:41:32:007] [vo.logVo.LogVo.<init>] [INFO] 日志实例已初始化...
[2020-04-12 18:41:32:007] [vo.logVo.LogVo.<init>] [INFO] 日志实例已初始化...
[2020-04-12 18:41:32:008] [vo.logVo.LogVo.<init>] [INFO] 日志实例已初始化...
[2020-04-12 18:41:32:009] [vo.logVo.LogVo.<init>] [INFO] 日志实例已初始化...
[2020-04-12 18:41:32:010] [vo.logVo.LogVo.<init>] [INFO] 日志实例已初始化...
[2020-04-12 18:41:32:017] [vo.logVo.LogVo.<init>] [INFO] 日志实例已初始化...
[2020-04-12 18:41:32:017] [vo.logVo.LogVo.<init>] [INFO] 日志实例已初始化...
[2020-04-12 18:41:32:018] [vo.logVo.LogVo.<init>] [INFO] 日志实例已初始化...
[2020-04-12 18:41:32:018] [vo.logVo.LogVo.<init>] [INFO] 日志实例已初始化...
[2020-04-12 18:41:32:019] [vo.logVo.LogVo.<init>] [INFO] 日志实例已初始化...
[2020-04-12 18:41:32:019] [vo.logVo.LogVo.<init>] [INFO] 日志实例已初始化...
[2020-04-12 18:41:32:020] [vo.logVo.LogVo.<init>] [INFO] 日志实例已初始化...
[2020-04-12 18:41:32:020] [vo.logVo.LogVo.<init>] [INFO] 日志实例已初始化...
[2020-04-12 18:41:32:021] [vo.logVo.LogVo.<init>] [INFO] 日志实例已初始化...
[2020-04-12 18:41:32:021] [vo.logVo.LogVo.<init>] [INFO] 日志实例已初始化...
[2020-04-12 18:41:32:022] [vo.logVo.LogVo.<init>] [INFO] 日志实例已初始化...
[2020-04-12 18:41:32:022] [vo.logVo.LogVo.<init>] [INFO] 日志实例已初始化...
[2020-04-12 18:41:32:023] [vo.logVo.LogVo.<init>] [INFO] 日志实例已初始化...
[2020-04-12 18:41:32:024] [vo.logVo.LogVo.<init>] [INFO] 日志实例已初始化...
[2020-04-12 18:41:32:024] [vo.logVo.LogVo.<init>] [INFO] 日志实例已初始化...
[2020-04-12 18:41:32:025] [vo.logVo.LogVo.<init>] [INFO] 日志实例已初始化...
[2020-04-12 18:41:32:026] [vo.logVo.LogVo.<init>] [INFO] 日志实例已初始化...
[2020-04-12 18:41:32:027] [vo.logVo.LogVo.<init>] [INFO] 日志实例已初始化...
[2020-04-12 18:41:32:028] [vo.logVo.LogVo.<init>] [INFO] 日志实例已初始化...
[2020-04-12 18:41:32:029] [vo.logVo.LogVo.<init>] [INFO] 日志实例已初始化...
[2020-04-12 18:41:32:029] [vo.logVo.LogVo.<init>] [INFO] 日志实例已初始化...
[2020-04-12 18:41:32:030] [vo.logVo.LogVo.<init>] [INFO] 日志实例已初始化...
[2020-04-12 18:41:32:031] [vo.logVo.LogVo.<init>] [INFO] 日志实例已初始化...
[2020-04-12 18:41:32:032] [vo.logVo.LogVo.<init>] [INFO] 日志实例已初始化...
[2020-04-12 18:41:32:032] [vo.logVo.LogVo.<init>] [INFO] 日志实例已初始化...
[2020-04-12 18:41:32:033] [vo.logVo.LogVo.<init>] [INFO] 日志实例已初始化...
[2020-04-12 18:41:32:033] [vo.logVo.LogVo.<init>] [INFO] 日志实例已初始化...
[2020-04-12 18:41:32:034] [vo.logVo.LogVo.<init>] [INFO] 日志实例已初始化...
[2020-04-12 18:41:32:035] [vo.logVo.LogVo.<init>] [INFO] 日志实例已初始化...
[2020-04-12 18:41:32:035] [vo.logVo.LogVo.<init>] [INFO] 日志实例已初始化...
[2020-04-12 18:41:32:036] [vo.logVo.LogVo.<init>] [INFO] 日志实例已初始化...
[2020-04-12 18:41:32:067] [vo.logVo.LogVo.<init>] [INFO] 日志实例已初始化...
[2020-04-12 18:41:32:071] [vo.logVo.LogVo.<init>] [INFO] 日志实例已初始化...
[2020-04-12 18:41:32:071] [vo.logVo.LogVo.<init>] [INFO] 日志实例已初始化...
[2020-04-12 18:41:32:075] [vo.logVo.LogVo.<init>] [INFO] 日志实例已初始化...
[2020-04-12 18:41:32:075] [vo.logVo.LogVo.<init>] [INFO] 日志实例已初始化...
[2020-04-12 18:41:32:076] [vo.logVo.LogVo.<init>] [INFO] 日志实例已初始化...
[2020-04-12 18:41:32:076] [vo.logVo.LogVo.<init>] [INFO] 日志实例已初始化...
[2020-04-12 18:41:32:077] [vo.logVo.LogVo.<init>] [INFO] 日志实例已初始化...
[2020-04-12 18:41:32:077] [vo.logVo.LogVo.<init>] [INFO] 日志实例已初始化...
[2020-04-12 18:41:32:077] [vo.logVo.LogVo.<init>] [INFO] 日志实例已初始化...
[2020-04-12 18:41:32:078] [vo.logVo.LogVo.<init>] [INFO] 日志实例已初始化...
[2020-04-12 18:41:32:080] [vo.logVo.LogVo.<init>] [INFO] 日志实例已初始化...
[2020-04-12 18:41:32:081] [vo.logVo.LogVo.<init>] [INFO] 日志实例已初始化...
[2020-04-12 18:41:32:081] [vo.logVo.LogVo.<init>] [INFO] 日志实例已初始化...
[2020-04-12 18:41:32:081] [vo.logVo.LogVo.<init>] [INFO] 日志实例已初始化...
[2020-04-12 18:41:32:082] [vo.logVo.LogVo.<init>] [INFO] 日志实例已初始化...
[2020-04-12 18:41:32:082] [vo.logVo.LogVo.<init>] [INFO] 日志实例已初始化...
[2020-04-12 18:41:32:083] [vo.logVo.LogVo.<init>] [INFO] 日志实例已初始化...
[2020-04-12 18:41:32:083] [vo.logVo.LogVo.<init>] [INFO] 日志实例已初始化...
[2020-04-12 18:41:32:083] [vo.logVo.LogVo.<init>] [INFO] 日志实例已初始化...
[2020-04-12 18:41:32:084] [vo.logVo.LogVo.<init>] [INFO] 日志实例已初始化...
[2020-04-12 18:41:32:084] [vo.logVo.LogVo.<init>] [INFO] 日志实例已初始化...
[2020-04-12 18:41:32:085] [vo.logVo.LogVo.<init>] [INFO] 日志实例已初始化...
[2020-04-12 18:41:32:085] [vo.logVo.LogVo.<init>] [INFO] 日志实例已初始化...
[2020-04-12 18:41:32:086] [vo.logVo.LogVo.<init>] [INFO] 日志实例已初始化...
[2020-04-12 18:41:32:086] [vo.logVo.LogVo.<init>] [INFO] 日志实例已初始化...
[2020-04-12 18:41:32:086] [vo.logVo.LogVo.<init>] [INFO] 日志实例已初始化...
[2020-04-12 18:41:32:087] [vo.logVo.LogVo.<init>] [INFO] 日志实例已初始化...
[2020-04-12 18:41:32:087] [vo.logVo.LogVo.<init>] [INFO] 日志实例已初始化...
[2020-04-12 18:41:32:088] [vo.logVo.LogVo.<init>] [INFO] 日志实例已初始化...
[2020-04-12 18:41:32:088] [vo.logVo.LogVo.<init>] [INFO] 日志实例已初始化...
[2020-04-12 18:41:32:088] [vo.logVo.LogVo.<init>] [INFO] 日志实例已初始化...
[2020-04-12 18:41:32:089] [vo.logVo.LogVo.<init>] [INFO] 日志实例已初始化...
[2020-04-12 18:41:32:089] [vo.logVo.LogVo.<init>] [INFO] 日志实例已初始化...
[2020-04-12 18:41:32:089] [vo.logVo.LogVo.<init>] [INFO] 日志实例已初始化...
[2020-04-12 18:41:32:090] [vo.logVo.LogVo.<init>] [INFO] 日志实例已初始化...
[2020-04-12 18:41:32:090] [vo.logVo.LogVo.<init>] [INFO] 日志实例已初始化...
[2020-04-12 18:41:32:091] [vo.logVo.LogVo.<init>] [INFO] 日志实例已初始化...
[2020-04-12 18:41:32:091] [vo.logVo.LogVo.<init>] [INFO] 日志实例已初始化...
[2020-04-12 18:41:32:091] [vo.logVo.LogVo.<init>] [INFO] 日志实例已初始化...
[2020-04-12 18:41:32:092] [vo.logVo.LogVo.<init>] [INFO] 日志实例已初始化...
[2020-04-12 18:41:32:092] [vo.logVo.LogVo.<init>] [INFO] 日志实例已初始化...
[2020-04-12 18:41:32:092] [vo.logVo.LogVo.<init>] [INFO] 日志实例已初始化...
[2020-04-12 18:41:32:094] [vo.logVo.LogVo.<init>] [INFO] 日志实例已初始化...
[2020-04-12 18:41:32:096] [vo.logVo.LogVo.<init>] [INFO] 日志实例已初始化...
[2020-04-12 18:41:32:097] [vo.logVo.LogVo.<init>] [INFO] 日志实例已初始化...
[2020-04-12 18:41:32:097] [vo.logVo.LogVo.<init>] [INFO] 日志实例已初始化...
[2020-04-12 18:41:32:098] [vo.logVo.LogVo.<init>] [INFO] 日志实例已初始化...
[2020-04-12 18:41:32:098] [vo.logVo.LogVo.<init>] [INFO] 日志实例已初始化...
[2020-04-12 18:41:32:172] [vo.logVo.LogVo.<init>] [INFO] 日志实例已初始化...
[2020-04-12 18:41:32:173] [vo.logVo.LogVo.<init>] [INFO] 日志实例已初始化...
[2020-04-12 18:41:32:174] [vo.logVo.LogVo.<init>] [INFO] 日志实例已初始化...
[2020-04-12 18:41:32:175] [vo.logVo.LogVo.<init>] [INFO] 日志实例已初始化...
[2020-04-12 18:41:32:176] [vo.logVo.LogVo.<init>] [INFO] 日志实例已初始化...
[2020-04-12 18:41:32:176] [vo.logVo.LogVo.<init>] [INFO] 日志实例已初始化...
[2020-04-12 18:41:32:177] [vo.logVo.LogVo.<init>] [INFO] 日志实例已初始化...
[2020-04-12 18:41:32:178] [vo.logVo.LogVo.<init>] [INFO] 日志实例已初始化...
[2020-04-12 18:41:32:178] [vo.logVo.LogVo.<init>] [INFO] 日志实例已初始化...
[2020-04-12 18:41:32:179] [vo.logVo.LogVo.<init>] [INFO] 日志实例已初始化...
[2020-04-12 18:41:32:179] [vo.logVo.LogVo.<init>] [INFO] 日志实例已初始化...
[2020-04-12 18:41:32:189] [vo.logVo.LogVo.<init>] [INFO] 日志实例已初始化...
[2020-04-12 18:41:32:208] [vo.logVo.LogVo.<init>] [INFO] 日志实例已初始化...
[2020-04-12 18:41:32:330] [action.userAction.LoginAction.execute] [INFO] 该用户已登录，请稍后再试！
[2020-04-12 18:44:25:215] [vo.logVo.LogVo.<init>] [INFO] 日志实例已初始化...
[2020-04-12 18:44:25:220] [vo.logVo.LogVo.<init>] [INFO] 日志实例已初始化...
[2020-04-12 18:44:25:221] [vo.logVo.LogVo.<init>] [INFO] 日志实例已初始化...
[2020-04-12 18:44:25:221] [vo.logVo.LogVo.<init>] [INFO] 日志实例已初始化...
[2020-04-12 18:44:25:222] [vo.logVo.LogVo.<init>] [INFO] 日志实例已初始化...
[2020-04-12 18:44:25:222] [vo.logVo.LogVo.<init>] [INFO] 日志实例已初始化...
[2020-04-12 18:44:25:223] [vo.logVo.LogVo.<init>] [INFO] 日志实例已初始化...
[2020-04-12 18:44:25:223] [vo.logVo.LogVo.<init>] [INFO] 日志实例已初始化...
[2020-04-12 18:44:25:224] [vo.logVo.LogVo.<init>] [INFO] 日志实例已初始化...
[2020-04-12 18:44:25:224] [vo.logVo.LogVo.<init>] [INFO] 日志实例已初始化...
[2020-04-12 18:44:25:224] [vo.logVo.LogVo.<init>] [INFO] 日志实例已初始化...
[2020-04-12 18:44:25:225] [vo.logVo.LogVo.<init>] [INFO] 日志实例已初始化...
[2020-04-12 18:44:25:225] [vo.logVo.LogVo.<init>] [INFO] 日志实例已初始化...
[2020-04-12 18:44:25:226] [vo.logVo.LogVo.<init>] [INFO] 日志实例已初始化...
[2020-04-12 18:44:25:227] [vo.logVo.LogVo.<init>] [INFO] 日志实例已初始化...
[2020-04-12 18:44:25:227] [vo.logVo.LogVo.<init>] [INFO] 日志实例已初始化...
[2020-04-12 18:44:25:228] [vo.logVo.LogVo.<init>] [INFO] 日志实例已初始化...
[2020-04-12 18:44:25:228] [vo.logVo.LogVo.<init>] [INFO] 日志实例已初始化...
[2020-04-12 18:44:25:229] [vo.logVo.LogVo.<init>] [INFO] 日志实例已初始化...
[2020-04-12 18:44:25:230] [vo.logVo.LogVo.<init>] [INFO] 日志实例已初始化...
[2020-04-12 18:44:25:230] [vo.logVo.LogVo.<init>] [INFO] 日志实例已初始化...
[2020-04-12 18:44:25:231] [vo.logVo.LogVo.<init>] [INFO] 日志实例已初始化...
[2020-04-12 18:44:25:231] [vo.logVo.LogVo.<init>] [INFO] 日志实例已初始化...
[2020-04-12 18:44:25:232] [vo.logVo.LogVo.<init>] [INFO] 日志实例已初始化...
[2020-04-12 18:44:25:232] [vo.logVo.LogVo.<init>] [INFO] 日志实例已初始化...
[2020-04-12 18:44:25:233] [vo.logVo.LogVo.<init>] [INFO] 日志实例已初始化...
[2020-04-12 18:44:25:233] [vo.logVo.LogVo.<init>] [INFO] 日志实例已初始化...
[2020-04-12 18:44:25:234] [vo.logVo.LogVo.<init>] [INFO] 日志实例已初始化...
[2020-04-12 18:44:25:235] [vo.logVo.LogVo.<init>] [INFO] 日志实例已初始化...
[2020-04-12 18:44:25:235] [vo.logVo.LogVo.<init>] [INFO] 日志实例已初始化...
[2020-04-12 18:44:25:235] [vo.logVo.LogVo.<init>] [INFO] 日志实例已初始化...
[2020-04-12 18:44:25:236] [vo.logVo.LogVo.<init>] [INFO] 日志实例已初始化...
[2020-04-12 18:44:25:236] [vo.logVo.LogVo.<init>] [INFO] 日志实例已初始化...
[2020-04-12 18:44:25:237] [vo.logVo.LogVo.<init>] [INFO] 日志实例已初始化...
[2020-04-12 18:44:25:237] [vo.logVo.LogVo.<init>] [INFO] 日志实例已初始化...
[2020-04-12 18:44:25:238] [vo.logVo.LogVo.<init>] [INFO] 日志实例已初始化...
[2020-04-12 18:44:25:238] [vo.logVo.LogVo.<init>] [INFO] 日志实例已初始化...
[2020-04-12 18:44:25:238] [vo.logVo.LogVo.<init>] [INFO] 日志实例已初始化...
[2020-04-12 18:44:25:239] [vo.logVo.LogVo.<init>] [INFO] 日志实例已初始化...
[2020-04-12 18:44:25:239] [vo.logVo.LogVo.<init>] [INFO] 日志实例已初始化...
[2020-04-12 18:44:25:240] [vo.logVo.LogVo.<init>] [INFO] 日志实例已初始化...
[2020-04-12 18:44:25:240] [vo.logVo.LogVo.<init>] [INFO] 日志实例已初始化...
[2020-04-12 18:44:25:240] [vo.logVo.LogVo.<init>] [INFO] 日志实例已初始化...
[2020-04-12 18:44:25:241] [vo.logVo.LogVo.<init>] [INFO] 日志实例已初始化...
[2020-04-12 18:44:25:241] [vo.logVo.LogVo.<init>] [INFO] 日志实例已初始化...
[2020-04-12 18:44:25:242] [vo.logVo.LogVo.<init>] [INFO] 日志实例已初始化...
[2020-04-12 18:44:25:242] [vo.logVo.LogVo.<init>] [INFO] 日志实例已初始化...
[2020-04-12 18:44:25:243] [vo.logVo.LogVo.<init>] [INFO] 日志实例已初始化...
[2020-04-12 18:44:25:244] [vo.logVo.LogVo.<init>] [INFO] 日志实例已初始化...
[2020-04-12 18:44:25:246] [vo.logVo.LogVo.<init>] [INFO] 日志实例已初始化...
[2020-04-12 18:44:25:247] [vo.logVo.LogVo.<init>] [INFO] 日志实例已初始化...
[2020-04-12 18:44:25:247] [vo.logVo.LogVo.<init>] [INFO] 日志实例已初始化...
[2020-04-12 18:44:25:248] [vo.logVo.LogVo.<init>] [INFO] 日志实例已初始化...
[2020-04-12 18:44:25:248] [vo.logVo.LogVo.<init>] [INFO] 日志实例已初始化...
[2020-04-12 18:44:25:249] [vo.logVo.LogVo.<init>] [INFO] 日志实例已初始化...
[2020-04-12 18:44:25:249] [vo.logVo.LogVo.<init>] [INFO] 日志实例已初始化...
[2020-04-12 18:44:25:250] [vo.logVo.LogVo.<init>] [INFO] 日志实例已初始化...
[2020-04-12 18:44:25:250] [vo.logVo.LogVo.<init>] [INFO] 日志实例已初始化...
[2020-04-12 18:44:25:251] [vo.logVo.LogVo.<init>] [INFO] 日志实例已初始化...
[2020-04-12 18:44:25:251] [vo.logVo.LogVo.<init>] [INFO] 日志实例已初始化...
[2020-04-12 18:44:25:252] [vo.logVo.LogVo.<init>] [INFO] 日志实例已初始化...
[2020-04-12 18:44:25:252] [vo.logVo.LogVo.<init>] [INFO] 日志实例已初始化...
[2020-04-12 18:44:25:253] [vo.logVo.LogVo.<init>] [INFO] 日志实例已初始化...
[2020-04-12 18:44:25:253] [vo.logVo.LogVo.<init>] [INFO] 日志实例已初始化...
[2020-04-12 18:44:25:253] [vo.logVo.LogVo.<init>] [INFO] 日志实例已初始化...
[2020-04-12 18:44:25:254] [vo.logVo.LogVo.<init>] [INFO] 日志实例已初始化...
[2020-04-12 18:44:25:254] [vo.logVo.LogVo.<init>] [INFO] 日志实例已初始化...
[2020-04-12 18:44:25:255] [vo.logVo.LogVo.<init>] [INFO] 日志实例已初始化...
[2020-04-12 18:44:25:255] [vo.logVo.LogVo.<init>] [INFO] 日志实例已初始化...
[2020-04-12 18:44:25:256] [vo.logVo.LogVo.<init>] [INFO] 日志实例已初始化...
[2020-04-12 18:44:25:256] [vo.logVo.LogVo.<init>] [INFO] 日志实例已初始化...
[2020-04-12 18:44:25:257] [vo.logVo.LogVo.<init>] [INFO] 日志实例已初始化...
[2020-04-12 18:44:25:257] [vo.logVo.LogVo.<init>] [INFO] 日志实例已初始化...
[2020-04-12 18:44:25:258] [vo.logVo.LogVo.<init>] [INFO] 日志实例已初始化...
[2020-04-12 18:44:25:258] [vo.logVo.LogVo.<init>] [INFO] 日志实例已初始化...
[2020-04-12 18:44:25:259] [vo.logVo.LogVo.<init>] [INFO] 日志实例已初始化...
[2020-04-12 18:44:25:271] [vo.logVo.LogVo.<init>] [INFO] 日志实例已初始化...
[2020-04-12 18:44:25:271] [vo.logVo.LogVo.<init>] [INFO] 日志实例已初始化...
[2020-04-12 18:44:25:272] [vo.logVo.LogVo.<init>] [INFO] 日志实例已初始化...
[2020-04-12 18:44:25:272] [vo.logVo.LogVo.<init>] [INFO] 日志实例已初始化...
[2020-04-12 18:44:25:272] [vo.logVo.LogVo.<init>] [INFO] 日志实例已初始化...
[2020-04-12 18:44:25:273] [vo.logVo.LogVo.<init>] [INFO] 日志实例已初始化...
[2020-04-12 18:44:25:273] [vo.logVo.LogVo.<init>] [INFO] 日志实例已初始化...
[2020-04-12 18:44:25:274] [vo.logVo.LogVo.<init>] [INFO] 日志实例已初始化...
[2020-04-12 18:44:25:275] [vo.logVo.LogVo.<init>] [INFO] 日志实例已初始化...
[2020-04-12 18:44:25:276] [vo.logVo.LogVo.<init>] [INFO] 日志实例已初始化...
[2020-04-12 18:44:25:277] [vo.logVo.LogVo.<init>] [INFO] 日志实例已初始化...
[2020-04-12 18:44:25:278] [vo.logVo.LogVo.<init>] [INFO] 日志实例已初始化...
[2020-04-12 18:44:25:279] [vo.logVo.LogVo.<init>] [INFO] 日志实例已初始化...
[2020-04-12 18:44:25:279] [vo.logVo.LogVo.<init>] [INFO] 日志实例已初始化...
[2020-04-12 18:44:25:280] [vo.logVo.LogVo.<init>] [INFO] 日志实例已初始化...
[2020-04-12 18:44:25:280] [vo.logVo.LogVo.<init>] [INFO] 日志实例已初始化...
[2020-04-12 18:44:25:281] [vo.logVo.LogVo.<init>] [INFO] 日志实例已初始化...
[2020-04-12 18:44:25:281] [vo.logVo.LogVo.<init>] [INFO] 日志实例已初始化...
[2020-04-12 18:44:25:282] [vo.logVo.LogVo.<init>] [INFO] 日志实例已初始化...
[2020-04-12 18:44:25:282] [vo.logVo.LogVo.<init>] [INFO] 日志实例已初始化...
[2020-04-12 18:44:25:283] [vo.logVo.LogVo.<init>] [INFO] 日志实例已初始化...
[2020-04-12 18:44:25:283] [vo.logVo.LogVo.<init>] [INFO] 日志实例已初始化...
[2020-04-12 18:44:25:284] [vo.logVo.LogVo.<init>] [INFO] 日志实例已初始化...
[2020-04-12 18:44:25:285] [vo.logVo.LogVo.<init>] [INFO] 日志实例已初始化...
[2020-04-12 18:44:25:285] [vo.logVo.LogVo.<init>] [INFO] 日志实例已初始化...
[2020-04-12 18:44:25:286] [vo.logVo.LogVo.<init>] [INFO] 日志实例已初始化...
[2020-04-12 18:44:25:286] [vo.logVo.LogVo.<init>] [INFO] 日志实例已初始化...
[2020-04-12 18:44:25:287] [vo.logVo.LogVo.<init>] [INFO] 日志实例已初始化...
[2020-04-12 18:44:25:287] [vo.logVo.LogVo.<init>] [INFO] 日志实例已初始化...
[2020-04-12 18:44:25:288] [vo.logVo.LogVo.<init>] [INFO] 日志实例已初始化...
[2020-04-12 18:44:25:288] [vo.logVo.LogVo.<init>] [INFO] 日志实例已初始化...
[2020-04-12 18:44:25:288] [vo.logVo.LogVo.<init>] [INFO] 日志实例已初始化...
[2020-04-12 18:44:25:289] [vo.logVo.LogVo.<init>] [INFO] 日志实例已初始化...
[2020-04-12 18:44:25:289] [vo.logVo.LogVo.<init>] [INFO] 日志实例已初始化...
[2020-04-12 18:44:25:290] [vo.logVo.LogVo.<init>] [INFO] 日志实例已初始化...
[2020-04-12 18:44:25:291] [vo.logVo.LogVo.<init>] [INFO] 日志实例已初始化...
[2020-04-12 18:44:25:291] [vo.logVo.LogVo.<init>] [INFO] 日志实例已初始化...
[2020-04-12 18:44:25:292] [vo.logVo.LogVo.<init>] [INFO] 日志实例已初始化...
[2020-04-12 18:44:25:293] [vo.logVo.LogVo.<init>] [INFO] 日志实例已初始化...
[2020-04-12 18:44:25:293] [vo.logVo.LogVo.<init>] [INFO] 日志实例已初始化...
[2020-04-12 18:44:25:294] [vo.logVo.LogVo.<init>] [INFO] 日志实例已初始化...
[2020-04-12 18:44:25:295] [vo.logVo.LogVo.<init>] [INFO] 日志实例已初始化...
[2020-04-12 18:44:25:295] [vo.logVo.LogVo.<init>] [INFO] 日志实例已初始化...
[2020-04-12 18:44:25:296] [vo.logVo.LogVo.<init>] [INFO] 日志实例已初始化...
[2020-04-12 18:44:25:296] [vo.logVo.LogVo.<init>] [INFO] 日志实例已初始化...
[2020-04-12 18:44:25:296] [vo.logVo.LogVo.<init>] [INFO] 日志实例已初始化...
[2020-04-12 18:44:25:297] [vo.logVo.LogVo.<init>] [INFO] 日志实例已初始化...
[2020-04-12 18:44:25:297] [vo.logVo.LogVo.<init>] [INFO] 日志实例已初始化...
[2020-04-12 18:44:25:298] [vo.logVo.LogVo.<init>] [INFO] 日志实例已初始化...
[2020-04-12 18:44:25:298] [vo.logVo.LogVo.<init>] [INFO] 日志实例已初始化...
[2020-04-12 18:44:25:299] [vo.logVo.LogVo.<init>] [INFO] 日志实例已初始化...
[2020-04-12 18:44:25:299] [vo.logVo.LogVo.<init>] [INFO] 日志实例已初始化...
[2020-04-12 18:44:25:300] [vo.logVo.LogVo.<init>] [INFO] 日志实例已初始化...
[2020-04-12 18:44:25:300] [vo.logVo.LogVo.<init>] [INFO] 日志实例已初始化...
[2020-04-12 18:44:25:300] [vo.logVo.LogVo.<init>] [INFO] 日志实例已初始化...
[2020-04-12 18:44:25:301] [vo.logVo.LogVo.<init>] [INFO] 日志实例已初始化...
[2020-04-12 18:44:25:301] [vo.logVo.LogVo.<init>] [INFO] 日志实例已初始化...
[2020-04-12 18:44:25:302] [vo.logVo.LogVo.<init>] [INFO] 日志实例已初始化...
[2020-04-12 18:44:25:302] [vo.logVo.LogVo.<init>] [INFO] 日志实例已初始化...
[2020-04-12 18:44:25:302] [vo.logVo.LogVo.<init>] [INFO] 日志实例已初始化...
[2020-04-12 18:44:25:303] [vo.logVo.LogVo.<init>] [INFO] 日志实例已初始化...
[2020-04-12 18:44:25:303] [vo.logVo.LogVo.<init>] [INFO] 日志实例已初始化...
[2020-04-12 18:44:25:304] [vo.logVo.LogVo.<init>] [INFO] 日志实例已初始化...
[2020-04-12 18:44:25:304] [vo.logVo.LogVo.<init>] [INFO] 日志实例已初始化...
[2020-04-12 18:44:25:309] [vo.logVo.LogVo.<init>] [INFO] 日志实例已初始化...
[2020-04-12 18:44:25:310] [vo.logVo.LogVo.<init>] [INFO] 日志实例已初始化...
[2020-04-12 18:44:25:311] [vo.logVo.LogVo.<init>] [INFO] 日志实例已初始化...
[2020-04-12 18:44:25:311] [vo.logVo.LogVo.<init>] [INFO] 日志实例已初始化...
[2020-04-12 18:44:25:311] [vo.logVo.LogVo.<init>] [INFO] 日志实例已初始化...
[2020-04-12 18:44:25:312] [vo.logVo.LogVo.<init>] [INFO] 日志实例已初始化...
[2020-04-12 18:44:25:312] [vo.logVo.LogVo.<init>] [INFO] 日志实例已初始化...
[2020-04-12 18:44:25:313] [vo.logVo.LogVo.<init>] [INFO] 日志实例已初始化...
[2020-04-12 18:44:25:313] [vo.logVo.LogVo.<init>] [INFO] 日志实例已初始化...
[2020-04-12 18:44:25:314] [vo.logVo.LogVo.<init>] [INFO] 日志实例已初始化...
[2020-04-12 18:44:25:314] [vo.logVo.LogVo.<init>] [INFO] 日志实例已初始化...
[2020-04-12 18:44:25:315] [vo.logVo.LogVo.<init>] [INFO] 日志实例已初始化...
[2020-04-12 18:44:25:315] [vo.logVo.LogVo.<init>] [INFO] 日志实例已初始化...
[2020-04-12 18:44:25:316] [vo.logVo.LogVo.<init>] [INFO] 日志实例已初始化...
[2020-04-12 18:44:25:316] [vo.logVo.LogVo.<init>] [INFO] 日志实例已初始化...
[2020-04-12 18:44:25:317] [vo.logVo.LogVo.<init>] [INFO] 日志实例已初始化...
[2020-04-12 18:44:25:317] [vo.logVo.LogVo.<init>] [INFO] 日志实例已初始化...
[2020-04-12 18:44:25:318] [vo.logVo.LogVo.<init>] [INFO] 日志实例已初始化...
[2020-04-12 18:44:25:318] [vo.logVo.LogVo.<init>] [INFO] 日志实例已初始化...
[2020-04-12 18:44:25:318] [vo.logVo.LogVo.<init>] [INFO] 日志实例已初始化...
[2020-04-12 18:44:25:319] [vo.logVo.LogVo.<init>] [INFO] 日志实例已初始化...
[2020-04-12 18:44:25:319] [vo.logVo.LogVo.<init>] [INFO] 日志实例已初始化...
[2020-04-12 18:44:25:320] [vo.logVo.LogVo.<init>] [INFO] 日志实例已初始化...
[2020-04-12 18:44:25:320] [vo.logVo.LogVo.<init>] [INFO] 日志实例已初始化...
[2020-04-12 18:44:25:321] [vo.logVo.LogVo.<init>] [INFO] 日志实例已初始化...
[2020-04-12 18:44:25:322] [vo.logVo.LogVo.<init>] [INFO] 日志实例已初始化...
[2020-04-12 18:44:25:322] [vo.logVo.LogVo.<init>] [INFO] 日志实例已初始化...
[2020-04-12 18:44:25:323] [vo.logVo.LogVo.<init>] [INFO] 日志实例已初始化...
[2020-04-12 18:44:25:323] [vo.logVo.LogVo.<init>] [INFO] 日志实例已初始化...
[2020-04-12 18:44:25:324] [vo.logVo.LogVo.<init>] [INFO] 日志实例已初始化...
[2020-04-12 18:44:25:324] [vo.logVo.LogVo.<init>] [INFO] 日志实例已初始化...
[2020-04-12 18:44:25:325] [vo.logVo.LogVo.<init>] [INFO] 日志实例已初始化...
[2020-04-12 18:44:25:326] [vo.logVo.LogVo.<init>] [INFO] 日志实例已初始化...
[2020-04-12 18:44:25:326] [vo.logVo.LogVo.<init>] [INFO] 日志实例已初始化...
[2020-04-12 18:44:25:327] [vo.logVo.LogVo.<init>] [INFO] 日志实例已初始化...
[2020-04-12 18:44:25:328] [vo.logVo.LogVo.<init>] [INFO] 日志实例已初始化...
[2020-04-12 18:44:25:328] [vo.logVo.LogVo.<init>] [INFO] 日志实例已初始化...
[2020-04-12 18:44:25:328] [vo.logVo.LogVo.<init>] [INFO] 日志实例已初始化...
[2020-04-12 18:44:25:329] [vo.logVo.LogVo.<init>] [INFO] 日志实例已初始化...
[2020-04-12 18:44:25:329] [vo.logVo.LogVo.<init>] [INFO] 日志实例已初始化...
[2020-04-12 18:44:25:330] [vo.logVo.LogVo.<init>] [INFO] 日志实例已初始化...
[2020-04-12 18:44:25:330] [vo.logVo.LogVo.<init>] [INFO] 日志实例已初始化...
[2020-04-12 18:44:25:331] [vo.logVo.LogVo.<init>] [INFO] 日志实例已初始化...
[2020-04-12 18:44:25:331] [vo.logVo.LogVo.<init>] [INFO] 日志实例已初始化...
[2020-04-12 18:44:25:332] [vo.logVo.LogVo.<init>] [INFO] 日志实例已初始化...
[2020-04-12 18:44:25:332] [vo.logVo.LogVo.<init>] [INFO] 日志实例已初始化...
[2020-04-12 18:44:25:333] [vo.logVo.LogVo.<init>] [INFO] 日志实例已初始化...
[2020-04-12 18:44:25:333] [vo.logVo.LogVo.<init>] [INFO] 日志实例已初始化...
[2020-04-12 18:44:25:334] [vo.logVo.LogVo.<init>] [INFO] 日志实例已初始化...
[2020-04-12 18:44:25:334] [vo.logVo.LogVo.<init>] [INFO] 日志实例已初始化...
[2020-04-12 18:44:25:335] [vo.logVo.LogVo.<init>] [INFO] 日志实例已初始化...
[2020-04-12 18:44:25:335] [vo.logVo.LogVo.<init>] [INFO] 日志实例已初始化...
[2020-04-12 18:44:25:336] [vo.logVo.LogVo.<init>] [INFO] 日志实例已初始化...
[2020-04-12 18:44:25:336] [vo.logVo.LogVo.<init>] [INFO] 日志实例已初始化...
[2020-04-12 18:44:25:336] [vo.logVo.LogVo.<init>] [INFO] 日志实例已初始化...
[2020-04-12 18:44:25:337] [vo.logVo.LogVo.<init>] [INFO] 日志实例已初始化...
[2020-04-12 18:44:25:338] [vo.logVo.LogVo.<init>] [INFO] 日志实例已初始化...
[2020-04-12 18:44:25:338] [vo.logVo.LogVo.<init>] [INFO] 日志实例已初始化...
[2020-04-12 18:44:25:339] [vo.logVo.LogVo.<init>] [INFO] 日志实例已初始化...
[2020-04-12 18:44:25:339] [vo.logVo.LogVo.<init>] [INFO] 日志实例已初始化...
[2020-04-12 18:44:25:340] [vo.logVo.LogVo.<init>] [INFO] 日志实例已初始化...
[2020-04-12 18:44:25:340] [vo.logVo.LogVo.<init>] [INFO] 日志实例已初始化...
[2020-04-12 18:44:25:341] [vo.logVo.LogVo.<init>] [INFO] 日志实例已初始化...
[2020-04-12 18:44:25:341] [vo.logVo.LogVo.<init>] [INFO] 日志实例已初始化...
[2020-04-12 18:44:25:349] [vo.logVo.LogVo.<init>] [INFO] 日志实例已初始化...
[2020-04-12 18:44:25:350] [vo.logVo.LogVo.<init>] [INFO] 日志实例已初始化...
[2020-04-12 18:44:25:351] [vo.logVo.LogVo.<init>] [INFO] 日志实例已初始化...
[2020-04-12 18:44:25:351] [vo.logVo.LogVo.<init>] [INFO] 日志实例已初始化...
[2020-04-12 18:44:25:351] [vo.logVo.LogVo.<init>] [INFO] 日志实例已初始化...
[2020-04-12 18:44:25:352] [vo.logVo.LogVo.<init>] [INFO] 日志实例已初始化...
[2020-04-12 18:44:25:353] [vo.logVo.LogVo.<init>] [INFO] 日志实例已初始化...
[2020-04-12 18:44:25:353] [vo.logVo.LogVo.<init>] [INFO] 日志实例已初始化...
[2020-04-12 18:44:25:354] [vo.logVo.LogVo.<init>] [INFO] 日志实例已初始化...
[2020-04-12 18:44:25:355] [vo.logVo.LogVo.<init>] [INFO] 日志实例已初始化...
[2020-04-12 18:44:25:358] [vo.logVo.LogVo.<init>] [INFO] 日志实例已初始化...
[2020-04-12 18:44:25:361] [vo.logVo.LogVo.<init>] [INFO] 日志实例已初始化...
[2020-04-12 18:44:25:362] [vo.logVo.LogVo.<init>] [INFO] 日志实例已初始化...
[2020-04-12 18:44:25:363] [vo.logVo.LogVo.<init>] [INFO] 日志实例已初始化...
[2020-04-12 18:44:25:363] [vo.logVo.LogVo.<init>] [INFO] 日志实例已初始化...
[2020-04-12 18:44:25:364] [vo.logVo.LogVo.<init>] [INFO] 日志实例已初始化...
[2020-04-12 18:44:25:365] [vo.logVo.LogVo.<init>] [INFO] 日志实例已初始化...
[2020-04-12 18:44:25:365] [vo.logVo.LogVo.<init>] [INFO] 日志实例已初始化...
[2020-04-12 18:44:25:365] [vo.logVo.LogVo.<init>] [INFO] 日志实例已初始化...
[2020-04-12 18:44:25:366] [vo.logVo.LogVo.<init>] [INFO] 日志实例已初始化...
[2020-04-12 18:44:25:367] [vo.logVo.LogVo.<init>] [INFO] 日志实例已初始化...
[2020-04-12 18:44:25:367] [vo.logVo.LogVo.<init>] [INFO] 日志实例已初始化...
[2020-04-12 18:44:25:368] [vo.logVo.LogVo.<init>] [INFO] 日志实例已初始化...
[2020-04-12 18:44:25:368] [vo.logVo.LogVo.<init>] [INFO] 日志实例已初始化...
[2020-04-12 18:44:25:369] [vo.logVo.LogVo.<init>] [INFO] 日志实例已初始化...
[2020-04-12 18:44:25:369] [vo.logVo.LogVo.<init>] [INFO] 日志实例已初始化...
[2020-04-12 18:44:25:369] [vo.logVo.LogVo.<init>] [INFO] 日志实例已初始化...
[2020-04-12 18:44:25:370] [vo.logVo.LogVo.<init>] [INFO] 日志实例已初始化...
[2020-04-12 18:44:25:371] [vo.logVo.LogVo.<init>] [INFO] 日志实例已初始化...
[2020-04-12 18:44:25:371] [vo.logVo.LogVo.<init>] [INFO] 日志实例已初始化...
[2020-04-12 18:44:25:372] [vo.logVo.LogVo.<init>] [INFO] 日志实例已初始化...
[2020-04-12 18:44:25:372] [vo.logVo.LogVo.<init>] [INFO] 日志实例已初始化...
[2020-04-12 18:44:25:373] [vo.logVo.LogVo.<init>] [INFO] 日志实例已初始化...
[2020-04-12 18:44:25:373] [vo.logVo.LogVo.<init>] [INFO] 日志实例已初始化...
[2020-04-12 18:44:25:374] [vo.logVo.LogVo.<init>] [INFO] 日志实例已初始化...
[2020-04-12 18:44:25:377] [vo.logVo.LogVo.<init>] [INFO] 日志实例已初始化...
[2020-04-12 18:44:25:378] [vo.logVo.LogVo.<init>] [INFO] 日志实例已初始化...
[2020-04-12 18:44:25:378] [vo.logVo.LogVo.<init>] [INFO] 日志实例已初始化...
[2020-04-12 18:44:25:379] [vo.logVo.LogVo.<init>] [INFO] 日志实例已初始化...
[2020-04-12 18:44:25:379] [vo.logVo.LogVo.<init>] [INFO] 日志实例已初始化...
[2020-04-12 18:44:25:380] [vo.logVo.LogVo.<init>] [INFO] 日志实例已初始化...
[2020-04-12 18:44:25:380] [vo.logVo.LogVo.<init>] [INFO] 日志实例已初始化...
[2020-04-12 18:44:25:380] [vo.logVo.LogVo.<init>] [INFO] 日志实例已初始化...
[2020-04-12 18:44:25:381] [vo.logVo.LogVo.<init>] [INFO] 日志实例已初始化...
[2020-04-12 18:44:25:381] [vo.logVo.LogVo.<init>] [INFO] 日志实例已初始化...
[2020-04-12 18:44:25:382] [vo.logVo.LogVo.<init>] [INFO] 日志实例已初始化...
[2020-04-12 18:44:25:382] [vo.logVo.LogVo.<init>] [INFO] 日志实例已初始化...
[2020-04-12 18:44:25:383] [vo.logVo.LogVo.<init>] [INFO] 日志实例已初始化...
[2020-04-12 18:44:25:383] [vo.logVo.LogVo.<init>] [INFO] 日志实例已初始化...
[2020-04-12 18:44:25:384] [vo.logVo.LogVo.<init>] [INFO] 日志实例已初始化...
[2020-04-12 18:44:25:384] [vo.logVo.LogVo.<init>] [INFO] 日志实例已初始化...
[2020-04-12 18:44:25:385] [vo.logVo.LogVo.<init>] [INFO] 日志实例已初始化...
[2020-04-12 18:44:25:385] [vo.logVo.LogVo.<init>] [INFO] 日志实例已初始化...
[2020-04-12 18:44:25:385] [vo.logVo.LogVo.<init>] [INFO] 日志实例已初始化...
[2020-04-12 18:44:25:386] [vo.logVo.LogVo.<init>] [INFO] 日志实例已初始化...
[2020-04-12 18:44:25:386] [vo.logVo.LogVo.<init>] [INFO] 日志实例已初始化...
[2020-04-12 18:44:25:387] [vo.logVo.LogVo.<init>] [INFO] 日志实例已初始化...
[2020-04-12 18:44:25:387] [vo.logVo.LogVo.<init>] [INFO] 日志实例已初始化...
[2020-04-12 18:44:25:388] [vo.logVo.LogVo.<init>] [INFO] 日志实例已初始化...
[2020-04-12 18:44:25:388] [vo.logVo.LogVo.<init>] [INFO] 日志实例已初始化...
[2020-04-12 18:44:25:389] [vo.logVo.LogVo.<init>] [INFO] 日志实例已初始化...
[2020-04-12 18:44:25:389] [vo.logVo.LogVo.<init>] [INFO] 日志实例已初始化...
[2020-04-12 18:44:25:389] [vo.logVo.LogVo.<init>] [INFO] 日志实例已初始化...
[2020-04-12 18:44:25:390] [vo.logVo.LogVo.<init>] [INFO] 日志实例已初始化...
[2020-04-12 18:44:25:390] [vo.logVo.LogVo.<init>] [INFO] 日志实例已初始化...
[2020-04-12 18:44:25:393] [vo.logVo.LogVo.<init>] [INFO] 日志实例已初始化...
[2020-04-12 18:44:25:394] [vo.logVo.LogVo.<init>] [INFO] 日志实例已初始化...
[2020-04-12 18:44:25:394] [vo.logVo.LogVo.<init>] [INFO] 日志实例已初始化...
[2020-04-12 18:44:25:395] [vo.logVo.LogVo.<init>] [INFO] 日志实例已初始化...
[2020-04-12 18:44:25:395] [vo.logVo.LogVo.<init>] [INFO] 日志实例已初始化...
[2020-04-12 18:44:25:396] [vo.logVo.LogVo.<init>] [INFO] 日志实例已初始化...
[2020-04-12 18:44:25:396] [vo.logVo.LogVo.<init>] [INFO] 日志实例已初始化...
[2020-04-12 18:44:25:397] [vo.logVo.LogVo.<init>] [INFO] 日志实例已初始化...
[2020-04-12 18:44:25:397] [vo.logVo.LogVo.<init>] [INFO] 日志实例已初始化...
[2020-04-12 18:44:25:398] [vo.logVo.LogVo.<init>] [INFO] 日志实例已初始化...
[2020-04-12 18:44:25:398] [vo.logVo.LogVo.<init>] [INFO] 日志实例已初始化...
[2020-04-12 18:44:25:399] [vo.logVo.LogVo.<init>] [INFO] 日志实例已初始化...
[2020-04-12 18:44:25:399] [vo.logVo.LogVo.<init>] [INFO] 日志实例已初始化...
[2020-04-12 18:44:25:400] [vo.logVo.LogVo.<init>] [INFO] 日志实例已初始化...
[2020-04-12 18:44:25:401] [vo.logVo.LogVo.<init>] [INFO] 日志实例已初始化...
[2020-04-12 18:44:25:401] [vo.logVo.LogVo.<init>] [INFO] 日志实例已初始化...
[2020-04-12 18:44:25:402] [vo.logVo.LogVo.<init>] [INFO] 日志实例已初始化...
[2020-04-12 18:44:25:402] [vo.logVo.LogVo.<init>] [INFO] 日志实例已初始化...
[2020-04-12 18:44:25:403] [vo.logVo.LogVo.<init>] [INFO] 日志实例已初始化...
[2020-04-12 18:44:25:403] [vo.logVo.LogVo.<init>] [INFO] 日志实例已初始化...
[2020-04-12 18:44:25:404] [vo.logVo.LogVo.<init>] [INFO] 日志实例已初始化...
[2020-04-12 18:44:25:404] [vo.logVo.LogVo.<init>] [INFO] 日志实例已初始化...
[2020-04-12 18:44:25:405] [vo.logVo.LogVo.<init>] [INFO] 日志实例已初始化...
[2020-04-12 18:44:25:405] [vo.logVo.LogVo.<init>] [INFO] 日志实例已初始化...
[2020-04-12 18:44:25:405] [vo.logVo.LogVo.<init>] [INFO] 日志实例已初始化...
[2020-04-12 18:44:25:406] [vo.logVo.LogVo.<init>] [INFO] 日志实例已初始化...
[2020-04-12 18:44:25:406] [vo.logVo.LogVo.<init>] [INFO] 日志实例已初始化...
[2020-04-12 18:44:25:407] [vo.logVo.LogVo.<init>] [INFO] 日志实例已初始化...
[2020-04-12 18:44:25:407] [vo.logVo.LogVo.<init>] [INFO] 日志实例已初始化...
[2020-04-12 18:44:25:407] [vo.logVo.LogVo.<init>] [INFO] 日志实例已初始化...
[2020-04-12 18:44:25:408] [vo.logVo.LogVo.<init>] [INFO] 日志实例已初始化...
[2020-04-12 18:44:25:408] [vo.logVo.LogVo.<init>] [INFO] 日志实例已初始化...
[2020-04-12 18:44:25:409] [vo.logVo.LogVo.<init>] [INFO] 日志实例已初始化...
[2020-04-12 18:44:25:409] [vo.logVo.LogVo.<init>] [INFO] 日志实例已初始化...
[2020-04-12 18:44:25:410] [vo.logVo.LogVo.<init>] [INFO] 日志实例已初始化...
[2020-04-12 18:44:25:410] [vo.logVo.LogVo.<init>] [INFO] 日志实例已初始化...
[2020-04-12 18:44:25:410] [vo.logVo.LogVo.<init>] [INFO] 日志实例已初始化...
[2020-04-12 18:44:25:411] [vo.logVo.LogVo.<init>] [INFO] 日志实例已初始化...
[2020-04-12 18:44:25:411] [vo.logVo.LogVo.<init>] [INFO] 日志实例已初始化...
[2020-04-12 18:44:25:412] [vo.logVo.LogVo.<init>] [INFO] 日志实例已初始化...
[2020-04-12 18:44:25:412] [vo.logVo.LogVo.<init>] [INFO] 日志实例已初始化...
[2020-04-12 18:44:25:412] [vo.logVo.LogVo.<init>] [INFO] 日志实例已初始化...
[2020-04-12 18:44:25:413] [vo.logVo.LogVo.<init>] [INFO] 日志实例已初始化...
[2020-04-12 18:44:25:413] [vo.logVo.LogVo.<init>] [INFO] 日志实例已初始化...
[2020-04-12 18:44:25:414] [vo.logVo.LogVo.<init>] [INFO] 日志实例已初始化...
[2020-04-12 18:44:25:414] [vo.logVo.LogVo.<init>] [INFO] 日志实例已初始化...
[2020-04-12 18:44:25:415] [vo.logVo.LogVo.<init>] [INFO] 日志实例已初始化...
[2020-04-12 18:44:25:416] [vo.logVo.LogVo.<init>] [INFO] 日志实例已初始化...
[2020-04-12 18:44:25:417] [vo.logVo.LogVo.<init>] [INFO] 日志实例已初始化...
[2020-04-12 18:44:25:417] [vo.logVo.LogVo.<init>] [INFO] 日志实例已初始化...
[2020-04-12 18:44:25:418] [vo.logVo.LogVo.<init>] [INFO] 日志实例已初始化...
[2020-04-12 18:44:25:418] [vo.logVo.LogVo.<init>] [INFO] 日志实例已初始化...
[2020-04-12 18:44:25:419] [vo.logVo.LogVo.<init>] [INFO] 日志实例已初始化...
[2020-04-12 18:44:25:419] [vo.logVo.LogVo.<init>] [INFO] 日志实例已初始化...
[2020-04-12 18:44:25:420] [vo.logVo.LogVo.<init>] [INFO] 日志实例已初始化...
[2020-04-12 18:44:25:420] [vo.logVo.LogVo.<init>] [INFO] 日志实例已初始化...
[2020-04-12 18:44:25:421] [vo.logVo.LogVo.<init>] [INFO] 日志实例已初始化...
[2020-04-12 18:44:25:421] [vo.logVo.LogVo.<init>] [INFO] 日志实例已初始化...
[2020-04-12 18:44:25:422] [vo.logVo.LogVo.<init>] [INFO] 日志实例已初始化...
[2020-04-12 18:44:25:422] [vo.logVo.LogVo.<init>] [INFO] 日志实例已初始化...
[2020-04-12 18:44:25:422] [vo.logVo.LogVo.<init>] [INFO] 日志实例已初始化...
[2020-04-12 18:44:25:423] [vo.logVo.LogVo.<init>] [INFO] 日志实例已初始化...
[2020-04-12 18:44:25:423] [vo.logVo.LogVo.<init>] [INFO] 日志实例已初始化...
[2020-04-12 18:44:25:424] [vo.logVo.LogVo.<init>] [INFO] 日志实例已初始化...
[2020-04-12 18:44:25:424] [vo.logVo.LogVo.<init>] [INFO] 日志实例已初始化...
[2020-04-12 18:44:25:427] [vo.logVo.LogVo.<init>] [INFO] 日志实例已初始化...
[2020-04-12 18:44:25:428] [vo.logVo.LogVo.<init>] [INFO] 日志实例已初始化...
[2020-04-12 18:44:25:428] [vo.logVo.LogVo.<init>] [INFO] 日志实例已初始化...
[2020-04-12 18:44:25:443] [vo.logVo.LogVo.<init>] [INFO] 日志实例已初始化...
[2020-04-12 18:44:25:443] [vo.logVo.LogVo.<init>] [INFO] 日志实例已初始化...
[2020-04-12 18:44:25:444] [vo.logVo.LogVo.<init>] [INFO] 日志实例已初始化...
[2020-04-12 18:44:25:444] [vo.logVo.LogVo.<init>] [INFO] 日志实例已初始化...
[2020-04-12 18:44:25:446] [vo.logVo.LogVo.<init>] [INFO] 日志实例已初始化...
[2020-04-12 18:44:25:453] [vo.logVo.LogVo.<init>] [INFO] 日志实例已初始化...
[2020-04-12 18:44:25:459] [vo.logVo.LogVo.<init>] [INFO] 日志实例已初始化...
[2020-04-12 18:44:25:463] [vo.logVo.LogVo.<init>] [INFO] 日志实例已初始化...
[2020-04-12 18:44:25:463] [vo.logVo.LogVo.<init>] [INFO] 日志实例已初始化...
[2020-04-12 18:44:25:467] [vo.logVo.LogVo.<init>] [INFO] 日志实例已初始化...
[2020-04-12 18:44:25:467] [vo.logVo.LogVo.<init>] [INFO] 日志实例已初始化...
[2020-04-12 18:44:25:468] [vo.logVo.LogVo.<init>] [INFO] 日志实例已初始化...
[2020-04-12 18:44:25:468] [vo.logVo.LogVo.<init>] [INFO] 日志实例已初始化...
[2020-04-12 18:44:25:469] [vo.logVo.LogVo.<init>] [INFO] 日志实例已初始化...
[2020-04-12 18:44:25:469] [vo.logVo.LogVo.<init>] [INFO] 日志实例已初始化...
[2020-04-12 18:44:25:470] [vo.logVo.LogVo.<init>] [INFO] 日志实例已初始化...
[2020-04-12 18:44:25:470] [vo.logVo.LogVo.<init>] [INFO] 日志实例已初始化...
[2020-04-12 18:44:25:470] [vo.logVo.LogVo.<init>] [INFO] 日志实例已初始化...
[2020-04-12 18:44:25:471] [vo.logVo.LogVo.<init>] [INFO] 日志实例已初始化...
[2020-04-12 18:44:25:472] [vo.logVo.LogVo.<init>] [INFO] 日志实例已初始化...
[2020-04-12 18:44:25:472] [vo.logVo.LogVo.<init>] [INFO] 日志实例已初始化...
[2020-04-12 18:44:25:473] [vo.logVo.LogVo.<init>] [INFO] 日志实例已初始化...
[2020-04-12 18:44:25:473] [vo.logVo.LogVo.<init>] [INFO] 日志实例已初始化...
[2020-04-12 18:44:25:473] [vo.logVo.LogVo.<init>] [INFO] 日志实例已初始化...
[2020-04-12 18:44:25:474] [vo.logVo.LogVo.<init>] [INFO] 日志实例已初始化...
[2020-04-12 18:44:25:477] [vo.logVo.LogVo.<init>] [INFO] 日志实例已初始化...
[2020-04-12 18:44:25:477] [vo.logVo.LogVo.<init>] [INFO] 日志实例已初始化...
[2020-04-12 18:44:25:478] [vo.logVo.LogVo.<init>] [INFO] 日志实例已初始化...
[2020-04-12 18:44:25:478] [vo.logVo.LogVo.<init>] [INFO] 日志实例已初始化...
[2020-04-12 18:44:25:478] [vo.logVo.LogVo.<init>] [INFO] 日志实例已初始化...
[2020-04-12 18:44:25:479] [vo.logVo.LogVo.<init>] [INFO] 日志实例已初始化...
[2020-04-12 18:44:25:479] [vo.logVo.LogVo.<init>] [INFO] 日志实例已初始化...
[2020-04-12 18:44:25:480] [vo.logVo.LogVo.<init>] [INFO] 日志实例已初始化...
[2020-04-12 18:44:25:480] [vo.logVo.LogVo.<init>] [INFO] 日志实例已初始化...
[2020-04-12 18:44:25:480] [vo.logVo.LogVo.<init>] [INFO] 日志实例已初始化...
[2020-04-12 18:44:25:481] [vo.logVo.LogVo.<init>] [INFO] 日志实例已初始化...
[2020-04-12 18:44:25:481] [vo.logVo.LogVo.<init>] [INFO] 日志实例已初始化...
[2020-04-12 18:44:25:482] [vo.logVo.LogVo.<init>] [INFO] 日志实例已初始化...
[2020-04-12 18:44:25:482] [vo.logVo.LogVo.<init>] [INFO] 日志实例已初始化...
[2020-04-12 18:44:25:482] [vo.logVo.LogVo.<init>] [INFO] 日志实例已初始化...
[2020-04-12 18:44:25:483] [vo.logVo.LogVo.<init>] [INFO] 日志实例已初始化...
[2020-04-12 18:44:25:483] [vo.logVo.LogVo.<init>] [INFO] 日志实例已初始化...
[2020-04-12 18:44:25:483] [vo.logVo.LogVo.<init>] [INFO] 日志实例已初始化...
[2020-04-12 18:44:25:484] [vo.logVo.LogVo.<init>] [INFO] 日志实例已初始化...
[2020-04-12 18:44:25:484] [vo.logVo.LogVo.<init>] [INFO] 日志实例已初始化...
[2020-04-12 18:44:25:484] [vo.logVo.LogVo.<init>] [INFO] 日志实例已初始化...
[2020-04-12 18:44:25:485] [vo.logVo.LogVo.<init>] [INFO] 日志实例已初始化...
[2020-04-12 18:44:25:485] [vo.logVo.LogVo.<init>] [INFO] 日志实例已初始化...
[2020-04-12 18:44:25:487] [vo.logVo.LogVo.<init>] [INFO] 日志实例已初始化...
[2020-04-12 18:44:25:488] [vo.logVo.LogVo.<init>] [INFO] 日志实例已初始化...
[2020-04-12 18:44:25:488] [vo.logVo.LogVo.<init>] [INFO] 日志实例已初始化...
[2020-04-12 18:44:25:489] [vo.logVo.LogVo.<init>] [INFO] 日志实例已初始化...
[2020-04-12 18:44:25:489] [vo.logVo.LogVo.<init>] [INFO] 日志实例已初始化...
[2020-04-12 18:44:25:490] [vo.logVo.LogVo.<init>] [INFO] 日志实例已初始化...
[2020-04-12 18:44:25:499] [vo.logVo.LogVo.<init>] [INFO] 日志实例已初始化...
[2020-04-12 18:44:25:526] [vo.logVo.LogVo.<init>] [INFO] 日志实例已初始化...
[2020-04-12 18:44:25:613] [action.userAction.LoginAction.execute] [INFO] admin 登录成功,登录时间:2020-04-12 18:44:25
[2020-04-12 18:44:43:876] [vo.logVo.LogVo.<init>] [INFO] 日志实例已初始化...
[2020-04-12 18:44:43:885] [vo.logVo.LogVo.<init>] [INFO] 日志实例已初始化...
[2020-04-12 18:44:43:898] [vo.logVo.LogVo.<init>] [INFO] 日志实例已初始化...
[2020-04-12 18:44:43:900] [vo.logVo.LogVo.<init>] [INFO] 日志实例已初始化...
[2020-04-12 18:44:43:901] [vo.logVo.LogVo.<init>] [INFO] 日志实例已初始化...
[2020-04-12 18:44:43:902] [vo.logVo.LogVo.<init>] [INFO] 日志实例已初始化...
[2020-04-12 18:44:43:903] [vo.logVo.LogVo.<init>] [INFO] 日志实例已初始化...
[2020-04-12 18:44:43:903] [vo.logVo.LogVo.<init>] [INFO] 日志实例已初始化...
[2020-04-12 18:44:43:904] [vo.logVo.LogVo.<init>] [INFO] 日志实例已初始化...
[2020-04-12 18:44:43:905] [vo.logVo.LogVo.<init>] [INFO] 日志实例已初始化...
[2020-04-12 18:44:43:906] [vo.logVo.LogVo.<init>] [INFO] 日志实例已初始化...
[2020-04-12 18:44:43:907] [vo.logVo.LogVo.<init>] [INFO] 日志实例已初始化...
[2020-04-12 18:44:43:907] [vo.logVo.LogVo.<init>] [INFO] 日志实例已初始化...
[2020-04-12 18:44:43:908] [vo.logVo.LogVo.<init>] [INFO] 日志实例已初始化...
[2020-04-12 18:44:43:909] [vo.logVo.LogVo.<init>] [INFO] 日志实例已初始化...
[2020-04-12 18:44:43:910] [vo.logVo.LogVo.<init>] [INFO] 日志实例已初始化...
[2020-04-12 18:44:43:911] [vo.logVo.LogVo.<init>] [INFO] 日志实例已初始化...
[2020-04-12 18:44:43:912] [vo.logVo.LogVo.<init>] [INFO] 日志实例已初始化...
[2020-04-12 18:44:43:913] [vo.logVo.LogVo.<init>] [INFO] 日志实例已初始化...
[2020-04-12 18:44:43:913] [vo.logVo.LogVo.<init>] [INFO] 日志实例已初始化...
[2020-04-12 18:44:43:914] [vo.logVo.LogVo.<init>] [INFO] 日志实例已初始化...
[2020-04-12 18:44:43:915] [vo.logVo.LogVo.<init>] [INFO] 日志实例已初始化...
[2020-04-12 18:44:43:915] [vo.logVo.LogVo.<init>] [INFO] 日志实例已初始化...
[2020-04-12 18:44:43:916] [vo.logVo.LogVo.<init>] [INFO] 日志实例已初始化...
[2020-04-12 18:44:43:916] [vo.logVo.LogVo.<init>] [INFO] 日志实例已初始化...
[2020-04-12 18:44:43:917] [vo.logVo.LogVo.<init>] [INFO] 日志实例已初始化...
[2020-04-12 18:44:43:918] [vo.logVo.LogVo.<init>] [INFO] 日志实例已初始化...
[2020-04-12 18:44:43:919] [vo.logVo.LogVo.<init>] [INFO] 日志实例已初始化...
[2020-04-12 18:44:43:919] [vo.logVo.LogVo.<init>] [INFO] 日志实例已初始化...
[2020-04-12 18:44:43:920] [vo.logVo.LogVo.<init>] [INFO] 日志实例已初始化...
[2020-04-12 18:44:43:920] [vo.logVo.LogVo.<init>] [INFO] 日志实例已初始化...
[2020-04-12 18:44:43:920] [vo.logVo.LogVo.<init>] [INFO] 日志实例已初始化...
[2020-04-12 18:44:43:921] [vo.logVo.LogVo.<init>] [INFO] 日志实例已初始化...
[2020-04-12 18:44:43:921] [vo.logVo.LogVo.<init>] [INFO] 日志实例已初始化...
[2020-04-12 18:44:43:922] [vo.logVo.LogVo.<init>] [INFO] 日志实例已初始化...
[2020-04-12 18:44:43:922] [vo.logVo.LogVo.<init>] [INFO] 日志实例已初始化...
[2020-04-12 18:44:43:922] [vo.logVo.LogVo.<init>] [INFO] 日志实例已初始化...
[2020-04-12 18:44:43:923] [vo.logVo.LogVo.<init>] [INFO] 日志实例已初始化...
[2020-04-12 18:44:43:923] [vo.logVo.LogVo.<init>] [INFO] 日志实例已初始化...
[2020-04-12 18:44:43:924] [vo.logVo.LogVo.<init>] [INFO] 日志实例已初始化...
[2020-04-12 18:44:43:924] [vo.logVo.LogVo.<init>] [INFO] 日志实例已初始化...
[2020-04-12 18:44:43:925] [vo.logVo.LogVo.<init>] [INFO] 日志实例已初始化...
[2020-04-12 18:44:43:926] [vo.logVo.LogVo.<init>] [INFO] 日志实例已初始化...
[2020-04-12 18:44:43:926] [vo.logVo.LogVo.<init>] [INFO] 日志实例已初始化...
[2020-04-12 18:44:43:927] [vo.logVo.LogVo.<init>] [INFO] 日志实例已初始化...
[2020-04-12 18:44:43:927] [vo.logVo.LogVo.<init>] [INFO] 日志实例已初始化...
[2020-04-12 18:44:43:927] [vo.logVo.LogVo.<init>] [INFO] 日志实例已初始化...
[2020-04-12 18:44:43:928] [vo.logVo.LogVo.<init>] [INFO] 日志实例已初始化...
[2020-04-12 18:44:43:928] [vo.logVo.LogVo.<init>] [INFO] 日志实例已初始化...
[2020-04-12 18:44:43:929] [vo.logVo.LogVo.<init>] [INFO] 日志实例已初始化...
[2020-04-12 18:44:43:929] [vo.logVo.LogVo.<init>] [INFO] 日志实例已初始化...
[2020-04-12 18:44:43:929] [vo.logVo.LogVo.<init>] [INFO] 日志实例已初始化...
[2020-04-12 18:44:43:930] [vo.logVo.LogVo.<init>] [INFO] 日志实例已初始化...
[2020-04-12 18:44:43:931] [vo.logVo.LogVo.<init>] [INFO] 日志实例已初始化...
[2020-04-12 18:44:43:931] [vo.logVo.LogVo.<init>] [INFO] 日志实例已初始化...
[2020-04-12 18:44:43:934] [vo.logVo.LogVo.<init>] [INFO] 日志实例已初始化...
[2020-04-12 18:44:43:936] [vo.logVo.LogVo.<init>] [INFO] 日志实例已初始化...
[2020-04-12 18:44:43:937] [vo.logVo.LogVo.<init>] [INFO] 日志实例已初始化...
[2020-04-12 18:44:43:938] [vo.logVo.LogVo.<init>] [INFO] 日志实例已初始化...
[2020-04-12 18:44:43:940] [vo.logVo.LogVo.<init>] [INFO] 日志实例已初始化...
[2020-04-12 18:44:43:940] [vo.logVo.LogVo.<init>] [INFO] 日志实例已初始化...
[2020-04-12 18:44:43:941] [vo.logVo.LogVo.<init>] [INFO] 日志实例已初始化...
[2020-04-12 18:44:43:941] [vo.logVo.LogVo.<init>] [INFO] 日志实例已初始化...
[2020-04-12 18:44:43:942] [vo.logVo.LogVo.<init>] [INFO] 日志实例已初始化...
[2020-04-12 18:44:43:942] [vo.logVo.LogVo.<init>] [INFO] 日志实例已初始化...
[2020-04-12 18:44:43:943] [vo.logVo.LogVo.<init>] [INFO] 日志实例已初始化...
[2020-04-12 18:44:43:943] [vo.logVo.LogVo.<init>] [INFO] 日志实例已初始化...
[2020-04-12 18:44:43:943] [vo.logVo.LogVo.<init>] [INFO] 日志实例已初始化...
[2020-04-12 18:44:43:944] [vo.logVo.LogVo.<init>] [INFO] 日志实例已初始化...
[2020-04-12 18:44:43:944] [vo.logVo.LogVo.<init>] [INFO] 日志实例已初始化...
[2020-04-12 18:44:43:945] [vo.logVo.LogVo.<init>] [INFO] 日志实例已初始化...
[2020-04-12 18:44:43:945] [vo.logVo.LogVo.<init>] [INFO] 日志实例已初始化...
[2020-04-12 18:44:43:945] [vo.logVo.LogVo.<init>] [INFO] 日志实例已初始化...
[2020-04-12 18:44:43:946] [vo.logVo.LogVo.<init>] [INFO] 日志实例已初始化...
[2020-04-12 18:44:43:946] [vo.logVo.LogVo.<init>] [INFO] 日志实例已初始化...
[2020-04-12 18:44:43:947] [vo.logVo.LogVo.<init>] [INFO] 日志实例已初始化...
[2020-04-12 18:44:43:947] [vo.logVo.LogVo.<init>] [INFO] 日志实例已初始化...
[2020-04-12 18:44:43:948] [vo.logVo.LogVo.<init>] [INFO] 日志实例已初始化...
[2020-04-12 18:44:43:948] [vo.logVo.LogVo.<init>] [INFO] 日志实例已初始化...
[2020-04-12 18:44:43:948] [vo.logVo.LogVo.<init>] [INFO] 日志实例已初始化...
[2020-04-12 18:44:43:949] [vo.logVo.LogVo.<init>] [INFO] 日志实例已初始化...
[2020-04-12 18:44:43:950] [vo.logVo.LogVo.<init>] [INFO] 日志实例已初始化...
[2020-04-12 18:44:43:950] [vo.logVo.LogVo.<init>] [INFO] 日志实例已初始化...
[2020-04-12 18:44:43:952] [vo.logVo.LogVo.<init>] [INFO] 日志实例已初始化...
[2020-04-12 18:44:43:952] [vo.logVo.LogVo.<init>] [INFO] 日志实例已初始化...
[2020-04-12 18:44:43:953] [vo.logVo.LogVo.<init>] [INFO] 日志实例已初始化...
[2020-04-12 18:44:43:953] [vo.logVo.LogVo.<init>] [INFO] 日志实例已初始化...
[2020-04-12 18:44:43:954] [vo.logVo.LogVo.<init>] [INFO] 日志实例已初始化...
[2020-04-12 18:44:43:954] [vo.logVo.LogVo.<init>] [INFO] 日志实例已初始化...
[2020-04-12 18:44:43:955] [vo.logVo.LogVo.<init>] [INFO] 日志实例已初始化...
[2020-04-12 18:44:43:955] [vo.logVo.LogVo.<init>] [INFO] 日志实例已初始化...
[2020-04-12 18:44:43:956] [vo.logVo.LogVo.<init>] [INFO] 日志实例已初始化...
[2020-04-12 18:44:43:957] [vo.logVo.LogVo.<init>] [INFO] 日志实例已初始化...
[2020-04-12 18:44:43:957] [vo.logVo.LogVo.<init>] [INFO] 日志实例已初始化...
[2020-04-12 18:44:43:958] [vo.logVo.LogVo.<init>] [INFO] 日志实例已初始化...
[2020-04-12 18:44:43:958] [vo.logVo.LogVo.<init>] [INFO] 日志实例已初始化...
[2020-04-12 18:44:43:959] [vo.logVo.LogVo.<init>] [INFO] 日志实例已初始化...
[2020-04-12 18:44:43:959] [vo.logVo.LogVo.<init>] [INFO] 日志实例已初始化...
[2020-04-12 18:44:43:959] [vo.logVo.LogVo.<init>] [INFO] 日志实例已初始化...
[2020-04-12 18:44:43:960] [vo.logVo.LogVo.<init>] [INFO] 日志实例已初始化...
[2020-04-12 18:44:43:960] [vo.logVo.LogVo.<init>] [INFO] 日志实例已初始化...
[2020-04-12 18:44:43:961] [vo.logVo.LogVo.<init>] [INFO] 日志实例已初始化...
[2020-04-12 18:44:43:962] [vo.logVo.LogVo.<init>] [INFO] 日志实例已初始化...
[2020-04-12 18:44:43:963] [vo.logVo.LogVo.<init>] [INFO] 日志实例已初始化...
[2020-04-12 18:44:43:998] [vo.logVo.LogVo.<init>] [INFO] 日志实例已初始化...
[2020-04-12 18:44:43:998] [vo.logVo.LogVo.<init>] [INFO] 日志实例已初始化...
[2020-04-12 18:44:43:999] [vo.logVo.LogVo.<init>] [INFO] 日志实例已初始化...
[2020-04-12 18:44:43:999] [vo.logVo.LogVo.<init>] [INFO] 日志实例已初始化...
[2020-04-12 18:44:44:000] [vo.logVo.LogVo.<init>] [INFO] 日志实例已初始化...
[2020-04-12 18:44:44:001] [vo.logVo.LogVo.<init>] [INFO] 日志实例已初始化...
[2020-04-12 18:44:44:002] [vo.logVo.LogVo.<init>] [INFO] 日志实例已初始化...
[2020-04-12 18:44:44:003] [vo.logVo.LogVo.<init>] [INFO] 日志实例已初始化...
[2020-04-12 18:44:44:003] [vo.logVo.LogVo.<init>] [INFO] 日志实例已初始化...
[2020-04-12 18:44:44:004] [vo.logVo.LogVo.<init>] [INFO] 日志实例已初始化...
[2020-04-12 18:44:44:004] [vo.logVo.LogVo.<init>] [INFO] 日志实例已初始化...
[2020-04-12 18:44:44:005] [vo.logVo.LogVo.<init>] [INFO] 日志实例已初始化...
[2020-04-12 18:44:44:005] [vo.logVo.LogVo.<init>] [INFO] 日志实例已初始化...
[2020-04-12 18:44:44:006] [vo.logVo.LogVo.<init>] [INFO] 日志实例已初始化...
[2020-04-12 18:44:44:007] [vo.logVo.LogVo.<init>] [INFO] 日志实例已初始化...
[2020-04-12 18:44:44:011] [vo.logVo.LogVo.<init>] [INFO] 日志实例已初始化...
[2020-04-12 18:44:44:012] [vo.logVo.LogVo.<init>] [INFO] 日志实例已初始化...
[2020-04-12 18:44:44:012] [vo.logVo.LogVo.<init>] [INFO] 日志实例已初始化...
[2020-04-12 18:44:44:012] [vo.logVo.LogVo.<init>] [INFO] 日志实例已初始化...
[2020-04-12 18:44:44:013] [vo.logVo.LogVo.<init>] [INFO] 日志实例已初始化...
[2020-04-12 18:44:44:013] [vo.logVo.LogVo.<init>] [INFO] 日志实例已初始化...
[2020-04-12 18:44:44:014] [vo.logVo.LogVo.<init>] [INFO] 日志实例已初始化...
[2020-04-12 18:44:44:014] [vo.logVo.LogVo.<init>] [INFO] 日志实例已初始化...
[2020-04-12 18:44:44:015] [vo.logVo.LogVo.<init>] [INFO] 日志实例已初始化...
[2020-04-12 18:44:44:016] [vo.logVo.LogVo.<init>] [INFO] 日志实例已初始化...
[2020-04-12 18:44:44:016] [vo.logVo.LogVo.<init>] [INFO] 日志实例已初始化...
[2020-04-12 18:44:44:016] [vo.logVo.LogVo.<init>] [INFO] 日志实例已初始化...
[2020-04-12 18:44:44:017] [vo.logVo.LogVo.<init>] [INFO] 日志实例已初始化...
[2020-04-12 18:44:44:017] [vo.logVo.LogVo.<init>] [INFO] 日志实例已初始化...
[2020-04-12 18:44:44:018] [vo.logVo.LogVo.<init>] [INFO] 日志实例已初始化...
[2020-04-12 18:44:44:018] [vo.logVo.LogVo.<init>] [INFO] 日志实例已初始化...
[2020-04-12 18:44:44:018] [vo.logVo.LogVo.<init>] [INFO] 日志实例已初始化...
[2020-04-12 18:44:44:019] [vo.logVo.LogVo.<init>] [INFO] 日志实例已初始化...
[2020-04-12 18:44:44:019] [vo.logVo.LogVo.<init>] [INFO] 日志实例已初始化...
[2020-04-12 18:44:44:020] [vo.logVo.LogVo.<init>] [INFO] 日志实例已初始化...
[2020-04-12 18:44:44:020] [vo.logVo.LogVo.<init>] [INFO] 日志实例已初始化...
[2020-04-12 18:44:44:023] [vo.logVo.LogVo.<init>] [INFO] 日志实例已初始化...
[2020-04-12 18:44:44:027] [vo.logVo.LogVo.<init>] [INFO] 日志实例已初始化...
[2020-04-12 18:44:44:027] [vo.logVo.LogVo.<init>] [INFO] 日志实例已初始化...
[2020-04-12 18:44:44:028] [vo.logVo.LogVo.<init>] [INFO] 日志实例已初始化...
[2020-04-12 18:44:44:029] [vo.logVo.LogVo.<init>] [INFO] 日志实例已初始化...
[2020-04-12 18:44:44:030] [vo.logVo.LogVo.<init>] [INFO] 日志实例已初始化...
[2020-04-12 18:44:44:030] [vo.logVo.LogVo.<init>] [INFO] 日志实例已初始化...
[2020-04-12 18:44:44:030] [vo.logVo.LogVo.<init>] [INFO] 日志实例已初始化...
[2020-04-12 18:44:44:031] [vo.logVo.LogVo.<init>] [INFO] 日志实例已初始化...
[2020-04-12 18:44:44:031] [vo.logVo.LogVo.<init>] [INFO] 日志实例已初始化...
[2020-04-12 18:44:44:032] [vo.logVo.LogVo.<init>] [INFO] 日志实例已初始化...
[2020-04-12 18:44:44:032] [vo.logVo.LogVo.<init>] [INFO] 日志实例已初始化...
[2020-04-12 18:44:44:033] [vo.logVo.LogVo.<init>] [INFO] 日志实例已初始化...
[2020-04-12 18:44:44:033] [vo.logVo.LogVo.<init>] [INFO] 日志实例已初始化...
[2020-04-12 18:44:44:034] [vo.logVo.LogVo.<init>] [INFO] 日志实例已初始化...
[2020-04-12 18:44:44:034] [vo.logVo.LogVo.<init>] [INFO] 日志实例已初始化...
[2020-04-12 18:44:44:037] [vo.logVo.LogVo.<init>] [INFO] 日志实例已初始化...
[2020-04-12 18:44:44:037] [vo.logVo.LogVo.<init>] [INFO] 日志实例已初始化...
[2020-04-12 18:44:44:037] [vo.logVo.LogVo.<init>] [INFO] 日志实例已初始化...
[2020-04-12 18:44:44:038] [vo.logVo.LogVo.<init>] [INFO] 日志实例已初始化...
[2020-04-12 18:44:44:038] [vo.logVo.LogVo.<init>] [INFO] 日志实例已初始化...
[2020-04-12 18:44:44:039] [vo.logVo.LogVo.<init>] [INFO] 日志实例已初始化...
[2020-04-12 18:44:44:039] [vo.logVo.LogVo.<init>] [INFO] 日志实例已初始化...
[2020-04-12 18:44:44:042] [vo.logVo.LogVo.<init>] [INFO] 日志实例已初始化...
[2020-04-12 18:44:44:043] [vo.logVo.LogVo.<init>] [INFO] 日志实例已初始化...
[2020-04-12 18:44:44:043] [vo.logVo.LogVo.<init>] [INFO] 日志实例已初始化...
[2020-04-12 18:44:44:044] [vo.logVo.LogVo.<init>] [INFO] 日志实例已初始化...
[2020-04-12 18:44:44:053] [vo.logVo.LogVo.<init>] [INFO] 日志实例已初始化...
[2020-04-12 18:44:44:054] [vo.logVo.LogVo.<init>] [INFO] 日志实例已初始化...
[2020-04-12 18:44:44:056] [vo.logVo.LogVo.<init>] [INFO] 日志实例已初始化...
[2020-04-12 18:44:44:060] [vo.logVo.LogVo.<init>] [INFO] 日志实例已初始化...
[2020-04-12 18:44:44:061] [vo.logVo.LogVo.<init>] [INFO] 日志实例已初始化...
[2020-04-12 18:44:44:062] [vo.logVo.LogVo.<init>] [INFO] 日志实例已初始化...
[2020-04-12 18:44:44:063] [vo.logVo.LogVo.<init>] [INFO] 日志实例已初始化...
[2020-04-12 18:44:44:064] [vo.logVo.LogVo.<init>] [INFO] 日志实例已初始化...
[2020-04-12 18:44:44:065] [vo.logVo.LogVo.<init>] [INFO] 日志实例已初始化...
[2020-04-12 18:44:44:066] [vo.logVo.LogVo.<init>] [INFO] 日志实例已初始化...
[2020-04-12 18:44:44:067] [vo.logVo.LogVo.<init>] [INFO] 日志实例已初始化...
[2020-04-12 18:44:44:068] [vo.logVo.LogVo.<init>] [INFO] 日志实例已初始化...
[2020-04-12 18:44:44:070] [vo.logVo.LogVo.<init>] [INFO] 日志实例已初始化...
[2020-04-12 18:44:44:070] [vo.logVo.LogVo.<init>] [INFO] 日志实例已初始化...
[2020-04-12 18:44:44:070] [vo.logVo.LogVo.<init>] [INFO] 日志实例已初始化...
[2020-04-12 18:44:44:071] [vo.logVo.LogVo.<init>] [INFO] 日志实例已初始化...
[2020-04-12 18:44:44:071] [vo.logVo.LogVo.<init>] [INFO] 日志实例已初始化...
[2020-04-12 18:44:44:071] [vo.logVo.LogVo.<init>] [INFO] 日志实例已初始化...
[2020-04-12 18:44:44:072] [vo.logVo.LogVo.<init>] [INFO] 日志实例已初始化...
[2020-04-12 18:44:44:072] [vo.logVo.LogVo.<init>] [INFO] 日志实例已初始化...
[2020-04-12 18:44:44:073] [vo.logVo.LogVo.<init>] [INFO] 日志实例已初始化...
[2020-04-12 18:44:44:073] [vo.logVo.LogVo.<init>] [INFO] 日志实例已初始化...
[2020-04-12 18:44:44:075] [vo.logVo.LogVo.<init>] [INFO] 日志实例已初始化...
[2020-04-12 18:44:44:076] [vo.logVo.LogVo.<init>] [INFO] 日志实例已初始化...
[2020-04-12 18:44:44:076] [vo.logVo.LogVo.<init>] [INFO] 日志实例已初始化...
[2020-04-12 18:44:44:077] [vo.logVo.LogVo.<init>] [INFO] 日志实例已初始化...
[2020-04-12 18:44:44:078] [vo.logVo.LogVo.<init>] [INFO] 日志实例已初始化...
[2020-04-12 18:44:44:079] [vo.logVo.LogVo.<init>] [INFO] 日志实例已初始化...
[2020-04-12 18:44:44:080] [vo.logVo.LogVo.<init>] [INFO] 日志实例已初始化...
[2020-04-12 18:44:44:081] [vo.logVo.LogVo.<init>] [INFO] 日志实例已初始化...
[2020-04-12 18:44:44:081] [vo.logVo.LogVo.<init>] [INFO] 日志实例已初始化...
[2020-04-12 18:44:44:081] [vo.logVo.LogVo.<init>] [INFO] 日志实例已初始化...
[2020-04-12 18:44:44:082] [vo.logVo.LogVo.<init>] [INFO] 日志实例已初始化...
[2020-04-12 18:44:44:082] [vo.logVo.LogVo.<init>] [INFO] 日志实例已初始化...
[2020-04-12 18:44:44:083] [vo.logVo.LogVo.<init>] [INFO] 日志实例已初始化...
[2020-04-12 18:44:44:084] [vo.logVo.LogVo.<init>] [INFO] 日志实例已初始化...
[2020-04-12 18:44:44:085] [vo.logVo.LogVo.<init>] [INFO] 日志实例已初始化...
[2020-04-12 18:44:44:089] [vo.logVo.LogVo.<init>] [INFO] 日志实例已初始化...
[2020-04-12 18:44:44:091] [vo.logVo.LogVo.<init>] [INFO] 日志实例已初始化...
[2020-04-12 18:44:44:092] [vo.logVo.LogVo.<init>] [INFO] 日志实例已初始化...
[2020-04-12 18:44:44:093] [vo.logVo.LogVo.<init>] [INFO] 日志实例已初始化...
[2020-04-12 18:44:44:099] [vo.logVo.LogVo.<init>] [INFO] 日志实例已初始化...
[2020-04-12 18:44:44:099] [vo.logVo.LogVo.<init>] [INFO] 日志实例已初始化...
[2020-04-12 18:44:44:100] [vo.logVo.LogVo.<init>] [INFO] 日志实例已初始化...
[2020-04-12 18:44:44:101] [vo.logVo.LogVo.<init>] [INFO] 日志实例已初始化...
[2020-04-12 18:44:44:102] [vo.logVo.LogVo.<init>] [INFO] 日志实例已初始化...
[2020-04-12 18:44:44:103] [vo.logVo.LogVo.<init>] [INFO] 日志实例已初始化...
[2020-04-12 18:44:44:105] [vo.logVo.LogVo.<init>] [INFO] 日志实例已初始化...
[2020-04-12 18:44:44:106] [vo.logVo.LogVo.<init>] [INFO] 日志实例已初始化...
[2020-04-12 18:44:44:107] [vo.logVo.LogVo.<init>] [INFO] 日志实例已初始化...
[2020-04-12 18:44:44:108] [vo.logVo.LogVo.<init>] [INFO] 日志实例已初始化...
[2020-04-12 18:44:44:110] [vo.logVo.LogVo.<init>] [INFO] 日志实例已初始化...
[2020-04-12 18:44:44:111] [vo.logVo.LogVo.<init>] [INFO] 日志实例已初始化...
[2020-04-12 18:44:44:111] [vo.logVo.LogVo.<init>] [INFO] 日志实例已初始化...
[2020-04-12 18:44:44:112] [vo.logVo.LogVo.<init>] [INFO] 日志实例已初始化...
[2020-04-12 18:44:44:113] [vo.logVo.LogVo.<init>] [INFO] 日志实例已初始化...
[2020-04-12 18:44:44:113] [vo.logVo.LogVo.<init>] [INFO] 日志实例已初始化...
[2020-04-12 18:44:44:114] [vo.logVo.LogVo.<init>] [INFO] 日志实例已初始化...
[2020-04-12 18:44:44:115] [vo.logVo.LogVo.<init>] [INFO] 日志实例已初始化...
[2020-04-12 18:44:44:117] [vo.logVo.LogVo.<init>] [INFO] 日志实例已初始化...
[2020-04-12 18:44:44:118] [vo.logVo.LogVo.<init>] [INFO] 日志实例已初始化...
[2020-04-12 18:44:44:118] [vo.logVo.LogVo.<init>] [INFO] 日志实例已初始化...
[2020-04-12 18:44:44:120] [vo.logVo.LogVo.<init>] [INFO] 日志实例已初始化...
[2020-04-12 18:44:44:122] [vo.logVo.LogVo.<init>] [INFO] 日志实例已初始化...
[2020-04-12 18:44:44:123] [vo.logVo.LogVo.<init>] [INFO] 日志实例已初始化...
[2020-04-12 18:44:44:125] [vo.logVo.LogVo.<init>] [INFO] 日志实例已初始化...
[2020-04-12 18:44:44:127] [vo.logVo.LogVo.<init>] [INFO] 日志实例已初始化...
[2020-04-12 18:44:44:128] [vo.logVo.LogVo.<init>] [INFO] 日志实例已初始化...
[2020-04-12 18:44:44:128] [vo.logVo.LogVo.<init>] [INFO] 日志实例已初始化...
[2020-04-12 18:44:44:129] [vo.logVo.LogVo.<init>] [INFO] 日志实例已初始化...
[2020-04-12 18:44:44:129] [vo.logVo.LogVo.<init>] [INFO] 日志实例已初始化...
[2020-04-12 18:44:44:130] [vo.logVo.LogVo.<init>] [INFO] 日志实例已初始化...
[2020-04-12 18:44:44:130] [vo.logVo.LogVo.<init>] [INFO] 日志实例已初始化...
[2020-04-12 18:44:44:131] [vo.logVo.LogVo.<init>] [INFO] 日志实例已初始化...
[2020-04-12 18:44:44:131] [vo.logVo.LogVo.<init>] [INFO] 日志实例已初始化...
[2020-04-12 18:44:44:132] [vo.logVo.LogVo.<init>] [INFO] 日志实例已初始化...
[2020-04-12 18:44:44:132] [vo.logVo.LogVo.<init>] [INFO] 日志实例已初始化...
[2020-04-12 18:44:44:133] [vo.logVo.LogVo.<init>] [INFO] 日志实例已初始化...
[2020-04-12 18:44:44:133] [vo.logVo.LogVo.<init>] [INFO] 日志实例已初始化...
[2020-04-12 18:44:44:134] [vo.logVo.LogVo.<init>] [INFO] 日志实例已初始化...
[2020-04-12 18:44:44:134] [vo.logVo.LogVo.<init>] [INFO] 日志实例已初始化...
[2020-04-12 18:44:44:134] [vo.logVo.LogVo.<init>] [INFO] 日志实例已初始化...
[2020-04-12 18:44:44:135] [vo.logVo.LogVo.<init>] [INFO] 日志实例已初始化...
[2020-04-12 18:44:44:135] [vo.logVo.LogVo.<init>] [INFO] 日志实例已初始化...
[2020-04-12 18:44:44:135] [vo.logVo.LogVo.<init>] [INFO] 日志实例已初始化...
[2020-04-12 18:44:44:136] [vo.logVo.LogVo.<init>] [INFO] 日志实例已初始化...
[2020-04-12 18:44:44:137] [vo.logVo.LogVo.<init>] [INFO] 日志实例已初始化...
[2020-04-12 18:44:44:137] [vo.logVo.LogVo.<init>] [INFO] 日志实例已初始化...
[2020-04-12 18:44:44:138] [vo.logVo.LogVo.<init>] [INFO] 日志实例已初始化...
[2020-04-12 18:44:44:140] [vo.logVo.LogVo.<init>] [INFO] 日志实例已初始化...
[2020-04-12 18:44:44:141] [vo.logVo.LogVo.<init>] [INFO] 日志实例已初始化...
[2020-04-12 18:44:44:146] [vo.logVo.LogVo.<init>] [INFO] 日志实例已初始化...
[2020-04-12 18:44:44:146] [vo.logVo.LogVo.<init>] [INFO] 日志实例已初始化...
[2020-04-12 18:44:44:147] [vo.logVo.LogVo.<init>] [INFO] 日志实例已初始化...
[2020-04-12 18:44:44:148] [vo.logVo.LogVo.<init>] [INFO] 日志实例已初始化...
[2020-04-12 18:44:44:149] [vo.logVo.LogVo.<init>] [INFO] 日志实例已初始化...
[2020-04-12 18:44:44:149] [vo.logVo.LogVo.<init>] [INFO] 日志实例已初始化...
[2020-04-12 18:44:44:150] [vo.logVo.LogVo.<init>] [INFO] 日志实例已初始化...
[2020-04-12 18:44:44:151] [vo.logVo.LogVo.<init>] [INFO] 日志实例已初始化...
[2020-04-12 18:44:44:153] [vo.logVo.LogVo.<init>] [INFO] 日志实例已初始化...
[2020-04-12 18:44:44:154] [vo.logVo.LogVo.<init>] [INFO] 日志实例已初始化...
[2020-04-12 18:44:44:154] [vo.logVo.LogVo.<init>] [INFO] 日志实例已初始化...
[2020-04-12 18:44:44:155] [vo.logVo.LogVo.<init>] [INFO] 日志实例已初始化...
[2020-04-12 18:44:44:155] [vo.logVo.LogVo.<init>] [INFO] 日志实例已初始化...
[2020-04-12 18:44:44:156] [vo.logVo.LogVo.<init>] [INFO] 日志实例已初始化...
[2020-04-12 18:44:44:156] [vo.logVo.LogVo.<init>] [INFO] 日志实例已初始化...
[2020-04-12 18:44:44:158] [vo.logVo.LogVo.<init>] [INFO] 日志实例已初始化...
[2020-04-12 18:44:44:160] [vo.logVo.LogVo.<init>] [INFO] 日志实例已初始化...
[2020-04-12 18:44:44:161] [vo.logVo.LogVo.<init>] [INFO] 日志实例已初始化...
[2020-04-12 18:44:44:161] [vo.logVo.LogVo.<init>] [INFO] 日志实例已初始化...
[2020-04-12 18:44:44:162] [vo.logVo.LogVo.<init>] [INFO] 日志实例已初始化...
[2020-04-12 18:44:44:162] [vo.logVo.LogVo.<init>] [INFO] 日志实例已初始化...
[2020-04-12 18:44:44:163] [vo.logVo.LogVo.<init>] [INFO] 日志实例已初始化...
[2020-04-12 18:44:44:163] [vo.logVo.LogVo.<init>] [INFO] 日志实例已初始化...
[2020-04-12 18:44:44:163] [vo.logVo.LogVo.<init>] [INFO] 日志实例已初始化...
[2020-04-12 18:44:44:164] [vo.logVo.LogVo.<init>] [INFO] 日志实例已初始化...
[2020-04-12 18:44:44:165] [vo.logVo.LogVo.<init>] [INFO] 日志实例已初始化...
[2020-04-12 18:44:44:168] [vo.logVo.LogVo.<init>] [INFO] 日志实例已初始化...
[2020-04-12 18:44:44:169] [vo.logVo.LogVo.<init>] [INFO] 日志实例已初始化...
[2020-04-12 18:44:44:169] [vo.logVo.LogVo.<init>] [INFO] 日志实例已初始化...
[2020-04-12 18:44:44:170] [vo.logVo.LogVo.<init>] [INFO] 日志实例已初始化...
[2020-04-12 18:44:44:171] [vo.logVo.LogVo.<init>] [INFO] 日志实例已初始化...
[2020-04-12 18:44:44:172] [vo.logVo.LogVo.<init>] [INFO] 日志实例已初始化...
[2020-04-12 18:44:44:172] [vo.logVo.LogVo.<init>] [INFO] 日志实例已初始化...
[2020-04-12 18:44:44:173] [vo.logVo.LogVo.<init>] [INFO] 日志实例已初始化...
[2020-04-12 18:44:44:173] [vo.logVo.LogVo.<init>] [INFO] 日志实例已初始化...
[2020-04-12 18:44:44:175] [vo.logVo.LogVo.<init>] [INFO] 日志实例已初始化...
[2020-04-12 18:44:44:175] [vo.logVo.LogVo.<init>] [INFO] 日志实例已初始化...
[2020-04-12 18:44:44:177] [vo.logVo.LogVo.<init>] [INFO] 日志实例已初始化...
[2020-04-12 18:44:44:177] [vo.logVo.LogVo.<init>] [INFO] 日志实例已初始化...
[2020-04-12 18:44:44:178] [vo.logVo.LogVo.<init>] [INFO] 日志实例已初始化...
[2020-04-12 18:44:44:178] [vo.logVo.LogVo.<init>] [INFO] 日志实例已初始化...
[2020-04-12 18:44:44:179] [vo.logVo.LogVo.<init>] [INFO] 日志实例已初始化...
[2020-04-12 18:44:44:179] [vo.logVo.LogVo.<init>] [INFO] 日志实例已初始化...
[2020-04-12 18:44:44:179] [vo.logVo.LogVo.<init>] [INFO] 日志实例已初始化...
[2020-04-12 18:44:44:180] [vo.logVo.LogVo.<init>] [INFO] 日志实例已初始化...
[2020-04-12 18:44:44:180] [vo.logVo.LogVo.<init>] [INFO] 日志实例已初始化...
[2020-04-12 18:44:44:181] [vo.logVo.LogVo.<init>] [INFO] 日志实例已初始化...
[2020-04-12 18:44:44:182] [vo.logVo.LogVo.<init>] [INFO] 日志实例已初始化...
[2020-04-12 18:44:44:182] [vo.logVo.LogVo.<init>] [INFO] 日志实例已初始化...
[2020-04-12 18:44:44:183] [vo.logVo.LogVo.<init>] [INFO] 日志实例已初始化...
[2020-04-12 18:44:44:184] [vo.logVo.LogVo.<init>] [INFO] 日志实例已初始化...
[2020-04-12 18:44:44:184] [vo.logVo.LogVo.<init>] [INFO] 日志实例已初始化...
[2020-04-12 18:44:44:185] [vo.logVo.LogVo.<init>] [INFO] 日志实例已初始化...
[2020-04-12 18:44:44:186] [vo.logVo.LogVo.<init>] [INFO] 日志实例已初始化...
[2020-04-12 18:44:44:186] [vo.logVo.LogVo.<init>] [INFO] 日志实例已初始化...
[2020-04-12 18:44:44:187] [vo.logVo.LogVo.<init>] [INFO] 日志实例已初始化...
[2020-04-12 18:44:44:187] [vo.logVo.LogVo.<init>] [INFO] 日志实例已初始化...
[2020-04-12 18:44:44:187] [vo.logVo.LogVo.<init>] [INFO] 日志实例已初始化...
[2020-04-12 18:44:44:192] [vo.logVo.LogVo.<init>] [INFO] 日志实例已初始化...
[2020-04-12 18:44:44:193] [vo.logVo.LogVo.<init>] [INFO] 日志实例已初始化...
[2020-04-12 18:44:44:194] [vo.logVo.LogVo.<init>] [INFO] 日志实例已初始化...
[2020-04-12 18:44:44:194] [vo.logVo.LogVo.<init>] [INFO] 日志实例已初始化...
[2020-04-12 18:44:44:195] [vo.logVo.LogVo.<init>] [INFO] 日志实例已初始化...
[2020-04-12 18:44:44:195] [vo.logVo.LogVo.<init>] [INFO] 日志实例已初始化...
[2020-04-12 18:44:44:195] [vo.logVo.LogVo.<init>] [INFO] 日志实例已初始化...
[2020-04-12 18:44:44:196] [vo.logVo.LogVo.<init>] [INFO] 日志实例已初始化...
[2020-04-12 18:44:44:196] [vo.logVo.LogVo.<init>] [INFO] 日志实例已初始化...
[2020-04-12 18:44:44:196] [vo.logVo.LogVo.<init>] [INFO] 日志实例已初始化...
[2020-04-12 18:44:44:197] [vo.logVo.LogVo.<init>] [INFO] 日志实例已初始化...
[2020-04-12 18:44:44:197] [vo.logVo.LogVo.<init>] [INFO] 日志实例已初始化...
[2020-04-12 18:44:44:198] [vo.logVo.LogVo.<init>] [INFO] 日志实例已初始化...
[2020-04-12 18:44:44:198] [vo.logVo.LogVo.<init>] [INFO] 日志实例已初始化...
[2020-04-12 18:44:44:198] [vo.logVo.LogVo.<init>] [INFO] 日志实例已初始化...
[2020-04-12 18:44:44:198] [vo.logVo.LogVo.<init>] [INFO] 日志实例已初始化...
[2020-04-12 18:44:44:199] [vo.logVo.LogVo.<init>] [INFO] 日志实例已初始化...
[2020-04-12 18:44:44:199] [vo.logVo.LogVo.<init>] [INFO] 日志实例已初始化...
[2020-04-12 18:44:44:200] [vo.logVo.LogVo.<init>] [INFO] 日志实例已初始化...
[2020-04-12 18:44:44:200] [vo.logVo.LogVo.<init>] [INFO] 日志实例已初始化...
[2020-04-12 18:44:44:201] [vo.logVo.LogVo.<init>] [INFO] 日志实例已初始化...
[2020-04-12 18:44:44:202] [vo.logVo.LogVo.<init>] [INFO] 日志实例已初始化...
[2020-04-12 18:44:44:203] [vo.logVo.LogVo.<init>] [INFO] 日志实例已初始化...
[2020-04-12 18:44:44:204] [vo.logVo.LogVo.<init>] [INFO] 日志实例已初始化...
[2020-04-12 18:44:44:205] [vo.logVo.LogVo.<init>] [INFO] 日志实例已初始化...
[2020-04-12 18:44:44:206] [vo.logVo.LogVo.<init>] [INFO] 日志实例已初始化...
[2020-04-12 18:44:44:207] [vo.logVo.LogVo.<init>] [INFO] 日志实例已初始化...
[2020-04-12 18:44:44:208] [vo.logVo.LogVo.<init>] [INFO] 日志实例已初始化...
[2020-04-12 18:44:44:208] [vo.logVo.LogVo.<init>] [INFO] 日志实例已初始化...
[2020-04-12 18:44:44:209] [vo.logVo.LogVo.<init>] [INFO] 日志实例已初始化...
[2020-04-12 18:44:44:210] [vo.logVo.LogVo.<init>] [INFO] 日志实例已初始化...
[2020-04-12 18:44:44:210] [vo.logVo.LogVo.<init>] [INFO] 日志实例已初始化...
[2020-04-12 18:44:44:210] [vo.logVo.LogVo.<init>] [INFO] 日志实例已初始化...
[2020-04-12 18:44:44:211] [vo.logVo.LogVo.<init>] [INFO] 日志实例已初始化...
[2020-04-12 18:44:44:211] [vo.logVo.LogVo.<init>] [INFO] 日志实例已初始化...
[2020-04-12 18:44:44:212] [vo.logVo.LogVo.<init>] [INFO] 日志实例已初始化...
[2020-04-12 18:44:44:212] [vo.logVo.LogVo.<init>] [INFO] 日志实例已初始化...
[2020-04-12 18:44:44:213] [vo.logVo.LogVo.<init>] [INFO] 日志实例已初始化...
[2020-04-12 18:44:44:214] [vo.logVo.LogVo.<init>] [INFO] 日志实例已初始化...
[2020-04-12 18:44:44:215] [vo.logVo.LogVo.<init>] [INFO] 日志实例已初始化...
[2020-04-12 18:44:44:217] [vo.logVo.LogVo.<init>] [INFO] 日志实例已初始化...
[2020-04-12 18:44:44:218] [vo.logVo.LogVo.<init>] [INFO] 日志实例已初始化...
[2020-04-12 18:44:44:219] [vo.logVo.LogVo.<init>] [INFO] 日志实例已初始化...
[2020-04-12 18:44:44:220] [vo.logVo.LogVo.<init>] [INFO] 日志实例已初始化...
[2020-04-12 18:44:44:221] [vo.logVo.LogVo.<init>] [INFO] 日志实例已初始化...
[2020-04-12 18:44:44:222] [vo.logVo.LogVo.<init>] [INFO] 日志实例已初始化...
[2020-04-12 18:44:44:225] [vo.logVo.LogVo.<init>] [INFO] 日志实例已初始化...
[2020-04-12 18:44:44:226] [vo.logVo.LogVo.<init>] [INFO] 日志实例已初始化...
[2020-04-12 18:44:44:227] [vo.logVo.LogVo.<init>] [INFO] 日志实例已初始化...
[2020-04-12 18:44:44:228] [vo.logVo.LogVo.<init>] [INFO] 日志实例已初始化...
[2020-04-12 18:44:44:229] [vo.logVo.LogVo.<init>] [INFO] 日志实例已初始化...
[2020-04-12 18:44:44:230] [vo.logVo.LogVo.<init>] [INFO] 日志实例已初始化...
[2020-04-12 18:44:44:230] [vo.logVo.LogVo.<init>] [INFO] 日志实例已初始化...
[2020-04-12 18:44:44:231] [vo.logVo.LogVo.<init>] [INFO] 日志实例已初始化...
[2020-04-12 18:44:44:231] [vo.logVo.LogVo.<init>] [INFO] 日志实例已初始化...
[2020-04-12 18:44:44:232] [vo.logVo.LogVo.<init>] [INFO] 日志实例已初始化...
[2020-04-12 18:44:44:233] [vo.logVo.LogVo.<init>] [INFO] 日志实例已初始化...
[2020-04-12 18:44:44:234] [vo.logVo.LogVo.<init>] [INFO] 日志实例已初始化...
[2020-04-12 18:44:44:235] [vo.logVo.LogVo.<init>] [INFO] 日志实例已初始化...
[2020-04-12 18:44:44:235] [vo.logVo.LogVo.<init>] [INFO] 日志实例已初始化...
[2020-04-12 18:44:44:237] [vo.logVo.LogVo.<init>] [INFO] 日志实例已初始化...
[2020-04-12 18:44:44:237] [vo.logVo.LogVo.<init>] [INFO] 日志实例已初始化...
[2020-04-12 18:44:44:237] [vo.logVo.LogVo.<init>] [INFO] 日志实例已初始化...
[2020-04-12 18:44:44:238] [vo.logVo.LogVo.<init>] [INFO] 日志实例已初始化...
[2020-04-12 18:44:44:238] [vo.logVo.LogVo.<init>] [INFO] 日志实例已初始化...
[2020-04-12 18:44:44:239] [vo.logVo.LogVo.<init>] [INFO] 日志实例已初始化...
[2020-04-12 18:44:44:239] [vo.logVo.LogVo.<init>] [INFO] 日志实例已初始化...
[2020-04-12 18:44:44:242] [vo.logVo.LogVo.<init>] [INFO] 日志实例已初始化...
[2020-04-12 18:44:44:243] [vo.logVo.LogVo.<init>] [INFO] 日志实例已初始化...
[2020-04-12 18:44:44:245] [vo.logVo.LogVo.<init>] [INFO] 日志实例已初始化...
[2020-04-12 18:44:44:247] [vo.logVo.LogVo.<init>] [INFO] 日志实例已初始化...
[2020-04-12 18:44:44:247] [vo.logVo.LogVo.<init>] [INFO] 日志实例已初始化...
[2020-04-12 18:44:44:248] [vo.logVo.LogVo.<init>] [INFO] 日志实例已初始化...
[2020-04-12 18:44:44:249] [vo.logVo.LogVo.<init>] [INFO] 日志实例已初始化...
[2020-04-12 18:44:44:249] [vo.logVo.LogVo.<init>] [INFO] 日志实例已初始化...
[2020-04-12 18:44:44:250] [vo.logVo.LogVo.<init>] [INFO] 日志实例已初始化...
[2020-04-12 18:44:44:252] [vo.logVo.LogVo.<init>] [INFO] 日志实例已初始化...
[2020-04-12 18:45:28:120] [vo.logVo.LogVo.<init>] [INFO] 日志实例已初始化...
[2020-04-12 18:45:28:124] [vo.logVo.LogVo.<init>] [INFO] 日志实例已初始化...
[2020-04-12 18:45:28:143] [vo.logVo.LogVo.<init>] [INFO] 日志实例已初始化...
[2020-04-12 18:45:28:144] [vo.logVo.LogVo.<init>] [INFO] 日志实例已初始化...
[2020-04-12 18:45:28:144] [vo.logVo.LogVo.<init>] [INFO] 日志实例已初始化...
[2020-04-12 18:45:28:145] [vo.logVo.LogVo.<init>] [INFO] 日志实例已初始化...
[2020-04-12 18:45:28:145] [vo.logVo.LogVo.<init>] [INFO] 日志实例已初始化...
[2020-04-12 18:45:28:146] [vo.logVo.LogVo.<init>] [INFO] 日志实例已初始化...
[2020-04-12 18:45:28:146] [vo.logVo.LogVo.<init>] [INFO] 日志实例已初始化...
[2020-04-12 18:45:28:146] [vo.logVo.LogVo.<init>] [INFO] 日志实例已初始化...
[2020-04-12 18:45:28:147] [vo.logVo.LogVo.<init>] [INFO] 日志实例已初始化...
[2020-04-12 18:45:28:147] [vo.logVo.LogVo.<init>] [INFO] 日志实例已初始化...
[2020-04-12 18:45:28:147] [vo.logVo.LogVo.<init>] [INFO] 日志实例已初始化...
[2020-04-12 18:45:28:148] [vo.logVo.LogVo.<init>] [INFO] 日志实例已初始化...
[2020-04-12 18:45:28:148] [vo.logVo.LogVo.<init>] [INFO] 日志实例已初始化...
[2020-04-12 18:45:28:148] [vo.logVo.LogVo.<init>] [INFO] 日志实例已初始化...
[2020-04-12 18:45:28:148] [vo.logVo.LogVo.<init>] [INFO] 日志实例已初始化...
[2020-04-12 18:45:28:149] [vo.logVo.LogVo.<init>] [INFO] 日志实例已初始化...
[2020-04-12 18:45:28:149] [vo.logVo.LogVo.<init>] [INFO] 日志实例已初始化...
[2020-04-12 18:45:28:149] [vo.logVo.LogVo.<init>] [INFO] 日志实例已初始化...
[2020-04-12 18:45:28:150] [vo.logVo.LogVo.<init>] [INFO] 日志实例已初始化...
[2020-04-12 18:45:28:150] [vo.logVo.LogVo.<init>] [INFO] 日志实例已初始化...
[2020-04-12 18:45:28:150] [vo.logVo.LogVo.<init>] [INFO] 日志实例已初始化...
[2020-04-12 18:45:28:150] [vo.logVo.LogVo.<init>] [INFO] 日志实例已初始化...
[2020-04-12 18:45:28:151] [vo.logVo.LogVo.<init>] [INFO] 日志实例已初始化...
[2020-04-12 18:45:28:151] [vo.logVo.LogVo.<init>] [INFO] 日志实例已初始化...
[2020-04-12 18:45:28:151] [vo.logVo.LogVo.<init>] [INFO] 日志实例已初始化...
[2020-04-12 18:45:28:151] [vo.logVo.LogVo.<init>] [INFO] 日志实例已初始化...
[2020-04-12 18:45:28:151] [vo.logVo.LogVo.<init>] [INFO] 日志实例已初始化...
[2020-04-12 18:45:28:152] [vo.logVo.LogVo.<init>] [INFO] 日志实例已初始化...
[2020-04-12 18:45:28:152] [vo.logVo.LogVo.<init>] [INFO] 日志实例已初始化...
[2020-04-12 18:45:28:152] [vo.logVo.LogVo.<init>] [INFO] 日志实例已初始化...
[2020-04-12 18:45:28:152] [vo.logVo.LogVo.<init>] [INFO] 日志实例已初始化...
[2020-04-12 18:45:28:153] [vo.logVo.LogVo.<init>] [INFO] 日志实例已初始化...
[2020-04-12 18:45:28:153] [vo.logVo.LogVo.<init>] [INFO] 日志实例已初始化...
[2020-04-12 18:45:28:154] [vo.logVo.LogVo.<init>] [INFO] 日志实例已初始化...
[2020-04-12 18:45:28:155] [vo.logVo.LogVo.<init>] [INFO] 日志实例已初始化...
[2020-04-12 18:45:28:155] [vo.logVo.LogVo.<init>] [INFO] 日志实例已初始化...
[2020-04-12 18:45:28:156] [vo.logVo.LogVo.<init>] [INFO] 日志实例已初始化...
[2020-04-12 18:45:28:156] [vo.logVo.LogVo.<init>] [INFO] 日志实例已初始化...
[2020-04-12 18:45:28:157] [vo.logVo.LogVo.<init>] [INFO] 日志实例已初始化...
[2020-04-12 18:45:28:157] [vo.logVo.LogVo.<init>] [INFO] 日志实例已初始化...
[2020-04-12 18:45:28:157] [vo.logVo.LogVo.<init>] [INFO] 日志实例已初始化...
[2020-04-12 18:45:28:158] [vo.logVo.LogVo.<init>] [INFO] 日志实例已初始化...
[2020-04-12 18:45:28:158] [vo.logVo.LogVo.<init>] [INFO] 日志实例已初始化...
[2020-04-12 18:45:28:158] [vo.logVo.LogVo.<init>] [INFO] 日志实例已初始化...
[2020-04-12 18:45:28:159] [vo.logVo.LogVo.<init>] [INFO] 日志实例已初始化...
[2020-04-12 18:45:28:159] [vo.logVo.LogVo.<init>] [INFO] 日志实例已初始化...
[2020-04-12 18:45:28:159] [vo.logVo.LogVo.<init>] [INFO] 日志实例已初始化...
[2020-04-12 18:45:28:159] [vo.logVo.LogVo.<init>] [INFO] 日志实例已初始化...
[2020-04-12 18:45:28:160] [vo.logVo.LogVo.<init>] [INFO] 日志实例已初始化...
[2020-04-12 18:45:28:160] [vo.logVo.LogVo.<init>] [INFO] 日志实例已初始化...
[2020-04-12 18:45:28:160] [vo.logVo.LogVo.<init>] [INFO] 日志实例已初始化...
[2020-04-12 18:45:28:161] [vo.logVo.LogVo.<init>] [INFO] 日志实例已初始化...
[2020-04-12 18:45:28:161] [vo.logVo.LogVo.<init>] [INFO] 日志实例已初始化...
[2020-04-12 18:45:28:162] [vo.logVo.LogVo.<init>] [INFO] 日志实例已初始化...
[2020-04-12 18:45:28:162] [vo.logVo.LogVo.<init>] [INFO] 日志实例已初始化...
[2020-04-12 18:45:28:162] [vo.logVo.LogVo.<init>] [INFO] 日志实例已初始化...
[2020-04-12 18:45:28:162] [vo.logVo.LogVo.<init>] [INFO] 日志实例已初始化...
[2020-04-12 18:45:28:163] [vo.logVo.LogVo.<init>] [INFO] 日志实例已初始化...
[2020-04-12 18:45:28:163] [vo.logVo.LogVo.<init>] [INFO] 日志实例已初始化...
[2020-04-12 18:45:28:163] [vo.logVo.LogVo.<init>] [INFO] 日志实例已初始化...
[2020-04-12 18:45:28:164] [vo.logVo.LogVo.<init>] [INFO] 日志实例已初始化...
[2020-04-12 18:45:28:164] [vo.logVo.LogVo.<init>] [INFO] 日志实例已初始化...
[2020-04-12 18:45:28:165] [vo.logVo.LogVo.<init>] [INFO] 日志实例已初始化...
[2020-04-12 18:45:28:165] [vo.logVo.LogVo.<init>] [INFO] 日志实例已初始化...
[2020-04-12 18:45:28:166] [vo.logVo.LogVo.<init>] [INFO] 日志实例已初始化...
[2020-04-12 18:45:28:167] [vo.logVo.LogVo.<init>] [INFO] 日志实例已初始化...
[2020-04-12 18:45:28:167] [vo.logVo.LogVo.<init>] [INFO] 日志实例已初始化...
[2020-04-12 18:45:28:167] [vo.logVo.LogVo.<init>] [INFO] 日志实例已初始化...
[2020-04-12 18:45:28:168] [vo.logVo.LogVo.<init>] [INFO] 日志实例已初始化...
[2020-04-12 18:45:28:168] [vo.logVo.LogVo.<init>] [INFO] 日志实例已初始化...
[2020-04-12 18:45:28:168] [vo.logVo.LogVo.<init>] [INFO] 日志实例已初始化...
[2020-04-12 18:45:28:169] [vo.logVo.LogVo.<init>] [INFO] 日志实例已初始化...
[2020-04-12 18:45:28:169] [vo.logVo.LogVo.<init>] [INFO] 日志实例已初始化...
[2020-04-12 18:45:28:169] [vo.logVo.LogVo.<init>] [INFO] 日志实例已初始化...
[2020-04-12 18:45:28:170] [vo.logVo.LogVo.<init>] [INFO] 日志实例已初始化...
[2020-04-12 18:45:28:170] [vo.logVo.LogVo.<init>] [INFO] 日志实例已初始化...
[2020-04-12 18:45:28:170] [vo.logVo.LogVo.<init>] [INFO] 日志实例已初始化...
[2020-04-12 18:45:28:170] [vo.logVo.LogVo.<init>] [INFO] 日志实例已初始化...
[2020-04-12 18:45:28:170] [vo.logVo.LogVo.<init>] [INFO] 日志实例已初始化...
[2020-04-12 18:45:28:171] [vo.logVo.LogVo.<init>] [INFO] 日志实例已初始化...
[2020-04-12 18:45:28:171] [vo.logVo.LogVo.<init>] [INFO] 日志实例已初始化...
[2020-04-12 18:45:28:171] [vo.logVo.LogVo.<init>] [INFO] 日志实例已初始化...
[2020-04-12 18:45:28:171] [vo.logVo.LogVo.<init>] [INFO] 日志实例已初始化...
[2020-04-12 18:45:28:172] [vo.logVo.LogVo.<init>] [INFO] 日志实例已初始化...
[2020-04-12 18:45:28:172] [vo.logVo.LogVo.<init>] [INFO] 日志实例已初始化...
[2020-04-12 18:45:28:172] [vo.logVo.LogVo.<init>] [INFO] 日志实例已初始化...
[2020-04-12 18:45:28:172] [vo.logVo.LogVo.<init>] [INFO] 日志实例已初始化...
[2020-04-12 18:45:28:173] [vo.logVo.LogVo.<init>] [INFO] 日志实例已初始化...
[2020-04-12 18:45:28:173] [vo.logVo.LogVo.<init>] [INFO] 日志实例已初始化...
[2020-04-12 18:45:28:173] [vo.logVo.LogVo.<init>] [INFO] 日志实例已初始化...
[2020-04-12 18:45:28:173] [vo.logVo.LogVo.<init>] [INFO] 日志实例已初始化...
[2020-04-12 18:45:28:174] [vo.logVo.LogVo.<init>] [INFO] 日志实例已初始化...
[2020-04-12 18:45:28:174] [vo.logVo.LogVo.<init>] [INFO] 日志实例已初始化...
[2020-04-12 18:45:28:174] [vo.logVo.LogVo.<init>] [INFO] 日志实例已初始化...
[2020-04-12 18:45:28:174] [vo.logVo.LogVo.<init>] [INFO] 日志实例已初始化...
[2020-04-12 18:45:28:174] [vo.logVo.LogVo.<init>] [INFO] 日志实例已初始化...
[2020-04-12 18:45:28:175] [vo.logVo.LogVo.<init>] [INFO] 日志实例已初始化...
[2020-04-12 18:45:28:175] [vo.logVo.LogVo.<init>] [INFO] 日志实例已初始化...
[2020-04-12 18:45:28:175] [vo.logVo.LogVo.<init>] [INFO] 日志实例已初始化...
[2020-04-12 18:45:28:175] [vo.logVo.LogVo.<init>] [INFO] 日志实例已初始化...
[2020-04-12 18:45:28:176] [vo.logVo.LogVo.<init>] [INFO] 日志实例已初始化...
[2020-04-12 18:45:28:176] [vo.logVo.LogVo.<init>] [INFO] 日志实例已初始化...
[2020-04-12 18:45:28:177] [vo.logVo.LogVo.<init>] [INFO] 日志实例已初始化...
[2020-04-12 18:45:28:177] [vo.logVo.LogVo.<init>] [INFO] 日志实例已初始化...
[2020-04-12 18:45:28:177] [vo.logVo.LogVo.<init>] [INFO] 日志实例已初始化...
[2020-04-12 18:45:28:177] [vo.logVo.LogVo.<init>] [INFO] 日志实例已初始化...
[2020-04-12 18:45:28:178] [vo.logVo.LogVo.<init>] [INFO] 日志实例已初始化...
[2020-04-12 18:45:28:178] [vo.logVo.LogVo.<init>] [INFO] 日志实例已初始化...
[2020-04-12 18:45:28:178] [vo.logVo.LogVo.<init>] [INFO] 日志实例已初始化...
[2020-04-12 18:45:28:179] [vo.logVo.LogVo.<init>] [INFO] 日志实例已初始化...
[2020-04-12 18:45:28:179] [vo.logVo.LogVo.<init>] [INFO] 日志实例已初始化...
[2020-04-12 18:45:28:179] [vo.logVo.LogVo.<init>] [INFO] 日志实例已初始化...
[2020-04-12 18:45:28:179] [vo.logVo.LogVo.<init>] [INFO] 日志实例已初始化...
[2020-04-12 18:45:28:180] [vo.logVo.LogVo.<init>] [INFO] 日志实例已初始化...
[2020-04-12 18:45:28:180] [vo.logVo.LogVo.<init>] [INFO] 日志实例已初始化...
[2020-04-12 18:45:28:181] [vo.logVo.LogVo.<init>] [INFO] 日志实例已初始化...
[2020-04-12 18:45:28:182] [vo.logVo.LogVo.<init>] [INFO] 日志实例已初始化...
[2020-04-12 18:45:28:182] [vo.logVo.LogVo.<init>] [INFO] 日志实例已初始化...
[2020-04-12 18:45:28:183] [vo.logVo.LogVo.<init>] [INFO] 日志实例已初始化...
[2020-04-12 18:45:28:183] [vo.logVo.LogVo.<init>] [INFO] 日志实例已初始化...
[2020-04-12 18:45:28:184] [vo.logVo.LogVo.<init>] [INFO] 日志实例已初始化...
[2020-04-12 18:45:28:184] [vo.logVo.LogVo.<init>] [INFO] 日志实例已初始化...
[2020-04-12 18:45:28:184] [vo.logVo.LogVo.<init>] [INFO] 日志实例已初始化...
[2020-04-12 18:45:28:185] [vo.logVo.LogVo.<init>] [INFO] 日志实例已初始化...
[2020-04-12 18:45:28:185] [vo.logVo.LogVo.<init>] [INFO] 日志实例已初始化...
[2020-04-12 18:45:28:185] [vo.logVo.LogVo.<init>] [INFO] 日志实例已初始化...
[2020-04-12 18:45:28:185] [vo.logVo.LogVo.<init>] [INFO] 日志实例已初始化...
[2020-04-12 18:45:28:186] [vo.logVo.LogVo.<init>] [INFO] 日志实例已初始化...
[2020-04-12 18:45:28:186] [vo.logVo.LogVo.<init>] [INFO] 日志实例已初始化...
[2020-04-12 18:45:28:186] [vo.logVo.LogVo.<init>] [INFO] 日志实例已初始化...
[2020-04-12 18:45:28:186] [vo.logVo.LogVo.<init>] [INFO] 日志实例已初始化...
[2020-04-12 18:45:28:187] [vo.logVo.LogVo.<init>] [INFO] 日志实例已初始化...
[2020-04-12 18:45:28:187] [vo.logVo.LogVo.<init>] [INFO] 日志实例已初始化...
[2020-04-12 18:45:28:187] [vo.logVo.LogVo.<init>] [INFO] 日志实例已初始化...
[2020-04-12 18:45:28:187] [vo.logVo.LogVo.<init>] [INFO] 日志实例已初始化...
[2020-04-12 18:45:28:188] [vo.logVo.LogVo.<init>] [INFO] 日志实例已初始化...
[2020-04-12 18:45:28:188] [vo.logVo.LogVo.<init>] [INFO] 日志实例已初始化...
[2020-04-12 18:45:28:188] [vo.logVo.LogVo.<init>] [INFO] 日志实例已初始化...
[2020-04-12 18:45:28:188] [vo.logVo.LogVo.<init>] [INFO] 日志实例已初始化...
[2020-04-12 18:45:28:189] [vo.logVo.LogVo.<init>] [INFO] 日志实例已初始化...
[2020-04-12 18:45:28:189] [vo.logVo.LogVo.<init>] [INFO] 日志实例已初始化...
[2020-04-12 18:45:28:189] [vo.logVo.LogVo.<init>] [INFO] 日志实例已初始化...
[2020-04-12 18:45:28:189] [vo.logVo.LogVo.<init>] [INFO] 日志实例已初始化...
[2020-04-12 18:45:28:189] [vo.logVo.LogVo.<init>] [INFO] 日志实例已初始化...
[2020-04-12 18:45:28:190] [vo.logVo.LogVo.<init>] [INFO] 日志实例已初始化...
[2020-04-12 18:45:28:190] [vo.logVo.LogVo.<init>] [INFO] 日志实例已初始化...
[2020-04-12 18:45:28:190] [vo.logVo.LogVo.<init>] [INFO] 日志实例已初始化...
[2020-04-12 18:45:28:190] [vo.logVo.LogVo.<init>] [INFO] 日志实例已初始化...
[2020-04-12 18:45:28:191] [vo.logVo.LogVo.<init>] [INFO] 日志实例已初始化...
[2020-04-12 18:45:28:191] [vo.logVo.LogVo.<init>] [INFO] 日志实例已初始化...
[2020-04-12 18:45:28:191] [vo.logVo.LogVo.<init>] [INFO] 日志实例已初始化...
[2020-04-12 18:45:28:191] [vo.logVo.LogVo.<init>] [INFO] 日志实例已初始化...
[2020-04-12 18:45:28:192] [vo.logVo.LogVo.<init>] [INFO] 日志实例已初始化...
[2020-04-12 18:45:28:192] [vo.logVo.LogVo.<init>] [INFO] 日志实例已初始化...
[2020-04-12 18:45:28:192] [vo.logVo.LogVo.<init>] [INFO] 日志实例已初始化...
[2020-04-12 18:45:28:192] [vo.logVo.LogVo.<init>] [INFO] 日志实例已初始化...
[2020-04-12 18:45:28:193] [vo.logVo.LogVo.<init>] [INFO] 日志实例已初始化...
[2020-04-12 18:45:28:193] [vo.logVo.LogVo.<init>] [INFO] 日志实例已初始化...
[2020-04-12 18:45:28:193] [vo.logVo.LogVo.<init>] [INFO] 日志实例已初始化...
[2020-04-12 18:45:28:193] [vo.logVo.LogVo.<init>] [INFO] 日志实例已初始化...
[2020-04-12 18:45:28:194] [vo.logVo.LogVo.<init>] [INFO] 日志实例已初始化...
[2020-04-12 18:45:28:194] [vo.logVo.LogVo.<init>] [INFO] 日志实例已初始化...
[2020-04-12 18:45:28:194] [vo.logVo.LogVo.<init>] [INFO] 日志实例已初始化...
[2020-04-12 18:45:28:194] [vo.logVo.LogVo.<init>] [INFO] 日志实例已初始化...
[2020-04-12 18:45:28:195] [vo.logVo.LogVo.<init>] [INFO] 日志实例已初始化...
[2020-04-12 18:45:28:195] [vo.logVo.LogVo.<init>] [INFO] 日志实例已初始化...
[2020-04-12 18:45:28:195] [vo.logVo.LogVo.<init>] [INFO] 日志实例已初始化...
[2020-04-12 18:45:28:195] [vo.logVo.LogVo.<init>] [INFO] 日志实例已初始化...
[2020-04-12 18:45:28:196] [vo.logVo.LogVo.<init>] [INFO] 日志实例已初始化...
[2020-04-12 18:45:28:196] [vo.logVo.LogVo.<init>] [INFO] 日志实例已初始化...
[2020-04-12 18:45:28:197] [vo.logVo.LogVo.<init>] [INFO] 日志实例已初始化...
[2020-04-12 18:45:28:197] [vo.logVo.LogVo.<init>] [INFO] 日志实例已初始化...
[2020-04-12 18:45:28:198] [vo.logVo.LogVo.<init>] [INFO] 日志实例已初始化...
[2020-04-12 18:45:28:198] [vo.logVo.LogVo.<init>] [INFO] 日志实例已初始化...
[2020-04-12 18:45:28:198] [vo.logVo.LogVo.<init>] [INFO] 日志实例已初始化...
[2020-04-12 18:45:28:198] [vo.logVo.LogVo.<init>] [INFO] 日志实例已初始化...
[2020-04-12 18:45:28:199] [vo.logVo.LogVo.<init>] [INFO] 日志实例已初始化...
[2020-04-12 18:45:28:199] [vo.logVo.LogVo.<init>] [INFO] 日志实例已初始化...
[2020-04-12 18:45:28:199] [vo.logVo.LogVo.<init>] [INFO] 日志实例已初始化...
[2020-04-12 18:45:28:199] [vo.logVo.LogVo.<init>] [INFO] 日志实例已初始化...
[2020-04-12 18:45:28:199] [vo.logVo.LogVo.<init>] [INFO] 日志实例已初始化...
[2020-04-12 18:45:28:200] [vo.logVo.LogVo.<init>] [INFO] 日志实例已初始化...
[2020-04-12 18:45:28:200] [vo.logVo.LogVo.<init>] [INFO] 日志实例已初始化...
[2020-04-12 18:45:28:200] [vo.logVo.LogVo.<init>] [INFO] 日志实例已初始化...
[2020-04-12 18:45:28:200] [vo.logVo.LogVo.<init>] [INFO] 日志实例已初始化...
[2020-04-12 18:45:28:201] [vo.logVo.LogVo.<init>] [INFO] 日志实例已初始化...
[2020-04-12 18:45:28:201] [vo.logVo.LogVo.<init>] [INFO] 日志实例已初始化...
[2020-04-12 18:45:28:201] [vo.logVo.LogVo.<init>] [INFO] 日志实例已初始化...
[2020-04-12 18:45:28:201] [vo.logVo.LogVo.<init>] [INFO] 日志实例已初始化...
[2020-04-12 18:45:28:202] [vo.logVo.LogVo.<init>] [INFO] 日志实例已初始化...
[2020-04-12 18:45:28:202] [vo.logVo.LogVo.<init>] [INFO] 日志实例已初始化...
[2020-04-12 18:45:28:202] [vo.logVo.LogVo.<init>] [INFO] 日志实例已初始化...
[2020-04-12 18:45:28:202] [vo.logVo.LogVo.<init>] [INFO] 日志实例已初始化...
[2020-04-12 18:45:28:202] [vo.logVo.LogVo.<init>] [INFO] 日志实例已初始化...
[2020-04-12 18:45:28:203] [vo.logVo.LogVo.<init>] [INFO] 日志实例已初始化...
[2020-04-12 18:45:28:203] [vo.logVo.LogVo.<init>] [INFO] 日志实例已初始化...
[2020-04-12 18:45:28:203] [vo.logVo.LogVo.<init>] [INFO] 日志实例已初始化...
[2020-04-12 18:45:28:203] [vo.logVo.LogVo.<init>] [INFO] 日志实例已初始化...
[2020-04-12 18:45:28:204] [vo.logVo.LogVo.<init>] [INFO] 日志实例已初始化...
[2020-04-12 18:45:28:204] [vo.logVo.LogVo.<init>] [INFO] 日志实例已初始化...
[2020-04-12 18:45:28:204] [vo.logVo.LogVo.<init>] [INFO] 日志实例已初始化...
[2020-04-12 18:45:28:204] [vo.logVo.LogVo.<init>] [INFO] 日志实例已初始化...
[2020-04-12 18:45:28:205] [vo.logVo.LogVo.<init>] [INFO] 日志实例已初始化...
[2020-04-12 18:45:28:205] [vo.logVo.LogVo.<init>] [INFO] 日志实例已初始化...
[2020-04-12 18:45:28:205] [vo.logVo.LogVo.<init>] [INFO] 日志实例已初始化...
[2020-04-12 18:45:28:206] [vo.logVo.LogVo.<init>] [INFO] 日志实例已初始化...
[2020-04-12 18:45:28:206] [vo.logVo.LogVo.<init>] [INFO] 日志实例已初始化...
[2020-04-12 18:45:28:206] [vo.logVo.LogVo.<init>] [INFO] 日志实例已初始化...
[2020-04-12 18:45:28:206] [vo.logVo.LogVo.<init>] [INFO] 日志实例已初始化...
[2020-04-12 18:45:28:207] [vo.logVo.LogVo.<init>] [INFO] 日志实例已初始化...
[2020-04-12 18:45:28:207] [vo.logVo.LogVo.<init>] [INFO] 日志实例已初始化...
[2020-04-12 18:45:28:207] [vo.logVo.LogVo.<init>] [INFO] 日志实例已初始化...
[2020-04-12 18:45:28:207] [vo.logVo.LogVo.<init>] [INFO] 日志实例已初始化...
[2020-04-12 18:45:28:208] [vo.logVo.LogVo.<init>] [INFO] 日志实例已初始化...
[2020-04-12 18:45:28:208] [vo.logVo.LogVo.<init>] [INFO] 日志实例已初始化...
[2020-04-12 18:45:28:208] [vo.logVo.LogVo.<init>] [INFO] 日志实例已初始化...
[2020-04-12 18:45:28:208] [vo.logVo.LogVo.<init>] [INFO] 日志实例已初始化...
[2020-04-12 18:45:28:209] [vo.logVo.LogVo.<init>] [INFO] 日志实例已初始化...
[2020-04-12 18:45:28:209] [vo.logVo.LogVo.<init>] [INFO] 日志实例已初始化...
[2020-04-12 18:45:28:209] [vo.logVo.LogVo.<init>] [INFO] 日志实例已初始化...
[2020-04-12 18:45:28:210] [vo.logVo.LogVo.<init>] [INFO] 日志实例已初始化...
[2020-04-12 18:45:28:210] [vo.logVo.LogVo.<init>] [INFO] 日志实例已初始化...
[2020-04-12 18:45:28:210] [vo.logVo.LogVo.<init>] [INFO] 日志实例已初始化...
[2020-04-12 18:45:28:210] [vo.logVo.LogVo.<init>] [INFO] 日志实例已初始化...
[2020-04-12 18:45:28:211] [vo.logVo.LogVo.<init>] [INFO] 日志实例已初始化...
[2020-04-12 18:45:28:211] [vo.logVo.LogVo.<init>] [INFO] 日志实例已初始化...
[2020-04-12 18:45:28:211] [vo.logVo.LogVo.<init>] [INFO] 日志实例已初始化...
[2020-04-12 18:45:28:211] [vo.logVo.LogVo.<init>] [INFO] 日志实例已初始化...
[2020-04-12 18:45:28:212] [vo.logVo.LogVo.<init>] [INFO] 日志实例已初始化...
[2020-04-12 18:45:28:212] [vo.logVo.LogVo.<init>] [INFO] 日志实例已初始化...
[2020-04-12 18:45:28:212] [vo.logVo.LogVo.<init>] [INFO] 日志实例已初始化...
[2020-04-12 18:45:28:212] [vo.logVo.LogVo.<init>] [INFO] 日志实例已初始化...
[2020-04-12 18:45:28:212] [vo.logVo.LogVo.<init>] [INFO] 日志实例已初始化...
[2020-04-12 18:45:28:213] [vo.logVo.LogVo.<init>] [INFO] 日志实例已初始化...
[2020-04-12 18:45:28:213] [vo.logVo.LogVo.<init>] [INFO] 日志实例已初始化...
[2020-04-12 18:45:28:213] [vo.logVo.LogVo.<init>] [INFO] 日志实例已初始化...
[2020-04-12 18:45:28:214] [vo.logVo.LogVo.<init>] [INFO] 日志实例已初始化...
[2020-04-12 18:45:28:214] [vo.logVo.LogVo.<init>] [INFO] 日志实例已初始化...
[2020-04-12 18:45:28:215] [vo.logVo.LogVo.<init>] [INFO] 日志实例已初始化...
[2020-04-12 18:45:28:215] [vo.logVo.LogVo.<init>] [INFO] 日志实例已初始化...
[2020-04-12 18:45:28:215] [vo.logVo.LogVo.<init>] [INFO] 日志实例已初始化...
[2020-04-12 18:45:28:216] [vo.logVo.LogVo.<init>] [INFO] 日志实例已初始化...
[2020-04-12 18:45:28:216] [vo.logVo.LogVo.<init>] [INFO] 日志实例已初始化...
[2020-04-12 18:45:28:216] [vo.logVo.LogVo.<init>] [INFO] 日志实例已初始化...
[2020-04-12 18:45:28:217] [vo.logVo.LogVo.<init>] [INFO] 日志实例已初始化...
[2020-04-12 18:45:28:217] [vo.logVo.LogVo.<init>] [INFO] 日志实例已初始化...
[2020-04-12 18:45:28:217] [vo.logVo.LogVo.<init>] [INFO] 日志实例已初始化...
[2020-04-12 18:45:28:217] [vo.logVo.LogVo.<init>] [INFO] 日志实例已初始化...
[2020-04-12 18:45:28:218] [vo.logVo.LogVo.<init>] [INFO] 日志实例已初始化...
[2020-04-12 18:45:28:218] [vo.logVo.LogVo.<init>] [INFO] 日志实例已初始化...
[2020-04-12 18:45:28:219] [vo.logVo.LogVo.<init>] [INFO] 日志实例已初始化...
[2020-04-12 18:45:28:219] [vo.logVo.LogVo.<init>] [INFO] 日志实例已初始化...
[2020-04-12 18:45:28:220] [vo.logVo.LogVo.<init>] [INFO] 日志实例已初始化...
[2020-04-12 18:45:28:220] [vo.logVo.LogVo.<init>] [INFO] 日志实例已初始化...
[2020-04-12 18:45:28:221] [vo.logVo.LogVo.<init>] [INFO] 日志实例已初始化...
[2020-04-12 18:45:28:221] [vo.logVo.LogVo.<init>] [INFO] 日志实例已初始化...
[2020-04-12 18:45:28:221] [vo.logVo.LogVo.<init>] [INFO] 日志实例已初始化...
[2020-04-12 18:45:28:222] [vo.logVo.LogVo.<init>] [INFO] 日志实例已初始化...
[2020-04-12 18:45:28:222] [vo.logVo.LogVo.<init>] [INFO] 日志实例已初始化...
[2020-04-12 18:45:28:223] [vo.logVo.LogVo.<init>] [INFO] 日志实例已初始化...
[2020-04-12 18:45:28:223] [vo.logVo.LogVo.<init>] [INFO] 日志实例已初始化...
[2020-04-12 18:45:28:224] [vo.logVo.LogVo.<init>] [INFO] 日志实例已初始化...
[2020-04-12 18:45:28:224] [vo.logVo.LogVo.<init>] [INFO] 日志实例已初始化...
[2020-04-12 18:45:28:225] [vo.logVo.LogVo.<init>] [INFO] 日志实例已初始化...
[2020-04-12 18:45:28:225] [vo.logVo.LogVo.<init>] [INFO] 日志实例已初始化...
[2020-04-12 18:45:28:225] [vo.logVo.LogVo.<init>] [INFO] 日志实例已初始化...
[2020-04-12 18:45:28:226] [vo.logVo.LogVo.<init>] [INFO] 日志实例已初始化...
[2020-04-12 18:45:28:227] [vo.logVo.LogVo.<init>] [INFO] 日志实例已初始化...
[2020-04-12 18:45:28:227] [vo.logVo.LogVo.<init>] [INFO] 日志实例已初始化...
[2020-04-12 18:45:28:228] [vo.logVo.LogVo.<init>] [INFO] 日志实例已初始化...
[2020-04-12 18:45:28:228] [vo.logVo.LogVo.<init>] [INFO] 日志实例已初始化...
[2020-04-12 18:45:28:229] [vo.logVo.LogVo.<init>] [INFO] 日志实例已初始化...
[2020-04-12 18:45:28:229] [vo.logVo.LogVo.<init>] [INFO] 日志实例已初始化...
[2020-04-12 18:45:28:230] [vo.logVo.LogVo.<init>] [INFO] 日志实例已初始化...
[2020-04-12 18:45:28:231] [vo.logVo.LogVo.<init>] [INFO] 日志实例已初始化...
[2020-04-12 18:45:28:232] [vo.logVo.LogVo.<init>] [INFO] 日志实例已初始化...
[2020-04-12 18:45:28:232] [vo.logVo.LogVo.<init>] [INFO] 日志实例已初始化...
[2020-04-12 18:45:28:233] [vo.logVo.LogVo.<init>] [INFO] 日志实例已初始化...
[2020-04-12 18:45:28:233] [vo.logVo.LogVo.<init>] [INFO] 日志实例已初始化...
[2020-04-12 18:45:28:234] [vo.logVo.LogVo.<init>] [INFO] 日志实例已初始化...
[2020-04-12 18:45:28:234] [vo.logVo.LogVo.<init>] [INFO] 日志实例已初始化...
[2020-04-12 18:45:28:235] [vo.logVo.LogVo.<init>] [INFO] 日志实例已初始化...
[2020-04-12 18:45:28:236] [vo.logVo.LogVo.<init>] [INFO] 日志实例已初始化...
[2020-04-12 18:45:28:236] [vo.logVo.LogVo.<init>] [INFO] 日志实例已初始化...
[2020-04-12 18:45:28:237] [vo.logVo.LogVo.<init>] [INFO] 日志实例已初始化...
[2020-04-12 18:45:28:237] [vo.logVo.LogVo.<init>] [INFO] 日志实例已初始化...
[2020-04-12 18:45:28:238] [vo.logVo.LogVo.<init>] [INFO] 日志实例已初始化...
[2020-04-12 18:45:28:238] [vo.logVo.LogVo.<init>] [INFO] 日志实例已初始化...
[2020-04-12 18:45:28:239] [vo.logVo.LogVo.<init>] [INFO] 日志实例已初始化...
[2020-04-12 18:45:28:239] [vo.logVo.LogVo.<init>] [INFO] 日志实例已初始化...
[2020-04-12 18:45:28:240] [vo.logVo.LogVo.<init>] [INFO] 日志实例已初始化...
[2020-04-12 18:45:28:240] [vo.logVo.LogVo.<init>] [INFO] 日志实例已初始化...
[2020-04-12 18:45:28:241] [vo.logVo.LogVo.<init>] [INFO] 日志实例已初始化...
[2020-04-12 18:45:28:241] [vo.logVo.LogVo.<init>] [INFO] 日志实例已初始化...
[2020-04-12 18:45:28:242] [vo.logVo.LogVo.<init>] [INFO] 日志实例已初始化...
[2020-04-12 18:45:28:246] [vo.logVo.LogVo.<init>] [INFO] 日志实例已初始化...
[2020-04-12 18:45:28:246] [vo.logVo.LogVo.<init>] [INFO] 日志实例已初始化...
[2020-04-12 18:45:28:247] [vo.logVo.LogVo.<init>] [INFO] 日志实例已初始化...
[2020-04-12 18:45:28:248] [vo.logVo.LogVo.<init>] [INFO] 日志实例已初始化...
[2020-04-12 18:45:28:248] [vo.logVo.LogVo.<init>] [INFO] 日志实例已初始化...
[2020-04-12 18:45:28:248] [vo.logVo.LogVo.<init>] [INFO] 日志实例已初始化...
[2020-04-12 18:45:28:249] [vo.logVo.LogVo.<init>] [INFO] 日志实例已初始化...
[2020-04-12 18:45:28:249] [vo.logVo.LogVo.<init>] [INFO] 日志实例已初始化...
[2020-04-12 18:45:28:250] [vo.logVo.LogVo.<init>] [INFO] 日志实例已初始化...
[2020-04-12 18:45:28:250] [vo.logVo.LogVo.<init>] [INFO] 日志实例已初始化...
[2020-04-12 18:45:28:250] [vo.logVo.LogVo.<init>] [INFO] 日志实例已初始化...
[2020-04-12 18:45:28:251] [vo.logVo.LogVo.<init>] [INFO] 日志实例已初始化...
[2020-04-12 18:45:28:251] [vo.logVo.LogVo.<init>] [INFO] 日志实例已初始化...
[2020-04-12 18:45:28:251] [vo.logVo.LogVo.<init>] [INFO] 日志实例已初始化...
[2020-04-12 18:45:28:252] [vo.logVo.LogVo.<init>] [INFO] 日志实例已初始化...
[2020-04-12 18:45:28:253] [vo.logVo.LogVo.<init>] [INFO] 日志实例已初始化...
[2020-04-12 18:45:28:253] [vo.logVo.LogVo.<init>] [INFO] 日志实例已初始化...
[2020-04-12 18:45:28:254] [vo.logVo.LogVo.<init>] [INFO] 日志实例已初始化...
[2020-04-12 18:45:28:254] [vo.logVo.LogVo.<init>] [INFO] 日志实例已初始化...
[2020-04-12 18:45:28:255] [vo.logVo.LogVo.<init>] [INFO] 日志实例已初始化...
[2020-04-12 18:45:28:256] [vo.logVo.LogVo.<init>] [INFO] 日志实例已初始化...
[2020-04-12 18:45:28:256] [vo.logVo.LogVo.<init>] [INFO] 日志实例已初始化...
[2020-04-12 18:45:28:267] [vo.logVo.LogVo.<init>] [INFO] 日志实例已初始化...
[2020-04-12 18:45:28:268] [vo.logVo.LogVo.<init>] [INFO] 日志实例已初始化...
[2020-04-12 18:45:28:269] [vo.logVo.LogVo.<init>] [INFO] 日志实例已初始化...
[2020-04-12 18:45:28:269] [vo.logVo.LogVo.<init>] [INFO] 日志实例已初始化...
[2020-04-12 18:45:28:270] [vo.logVo.LogVo.<init>] [INFO] 日志实例已初始化...
[2020-04-12 18:45:28:270] [vo.logVo.LogVo.<init>] [INFO] 日志实例已初始化...
[2020-04-12 18:45:28:271] [vo.logVo.LogVo.<init>] [INFO] 日志实例已初始化...
[2020-04-12 18:45:28:271] [vo.logVo.LogVo.<init>] [INFO] 日志实例已初始化...
[2020-04-12 18:45:28:272] [vo.logVo.LogVo.<init>] [INFO] 日志实例已初始化...
[2020-04-12 18:45:28:272] [vo.logVo.LogVo.<init>] [INFO] 日志实例已初始化...
[2020-04-12 18:45:28:273] [vo.logVo.LogVo.<init>] [INFO] 日志实例已初始化...
[2020-04-12 18:45:28:274] [vo.logVo.LogVo.<init>] [INFO] 日志实例已初始化...
[2020-04-12 18:45:28:274] [vo.logVo.LogVo.<init>] [INFO] 日志实例已初始化...
[2020-04-12 18:45:28:275] [vo.logVo.LogVo.<init>] [INFO] 日志实例已初始化...
[2020-04-12 18:45:28:276] [vo.logVo.LogVo.<init>] [INFO] 日志实例已初始化...
[2020-04-12 18:45:28:276] [vo.logVo.LogVo.<init>] [INFO] 日志实例已初始化...
[2020-04-12 18:45:28:277] [vo.logVo.LogVo.<init>] [INFO] 日志实例已初始化...
[2020-04-12 18:45:28:277] [vo.logVo.LogVo.<init>] [INFO] 日志实例已初始化...
[2020-04-12 18:45:28:279] [vo.logVo.LogVo.<init>] [INFO] 日志实例已初始化...
[2020-04-12 18:45:28:279] [vo.logVo.LogVo.<init>] [INFO] 日志实例已初始化...
[2020-04-12 18:45:28:282] [vo.logVo.LogVo.<init>] [INFO] 日志实例已初始化...
[2020-04-12 18:45:28:283] [vo.logVo.LogVo.<init>] [INFO] 日志实例已初始化...
[2020-04-12 18:45:28:284] [vo.logVo.LogVo.<init>] [INFO] 日志实例已初始化...
[2020-04-12 18:45:28:284] [vo.logVo.LogVo.<init>] [INFO] 日志实例已初始化...
[2020-04-12 18:45:28:285] [vo.logVo.LogVo.<init>] [INFO] 日志实例已初始化...
[2020-04-12 18:45:28:285] [vo.logVo.LogVo.<init>] [INFO] 日志实例已初始化...
[2020-04-12 18:45:28:286] [vo.logVo.LogVo.<init>] [INFO] 日志实例已初始化...
[2020-04-12 18:45:28:286] [vo.logVo.LogVo.<init>] [INFO] 日志实例已初始化...
[2020-04-12 18:45:28:286] [vo.logVo.LogVo.<init>] [INFO] 日志实例已初始化...
[2020-04-12 18:45:28:287] [vo.logVo.LogVo.<init>] [INFO] 日志实例已初始化...
[2020-04-12 18:45:28:287] [vo.logVo.LogVo.<init>] [INFO] 日志实例已初始化...
[2020-04-12 18:45:28:288] [vo.logVo.LogVo.<init>] [INFO] 日志实例已初始化...
[2020-04-12 18:45:28:288] [vo.logVo.LogVo.<init>] [INFO] 日志实例已初始化...
[2020-04-12 18:45:28:289] [vo.logVo.LogVo.<init>] [INFO] 日志实例已初始化...
[2020-04-12 18:45:28:289] [vo.logVo.LogVo.<init>] [INFO] 日志实例已初始化...
[2020-04-12 18:45:28:290] [vo.logVo.LogVo.<init>] [INFO] 日志实例已初始化...
[2020-04-12 18:45:28:290] [vo.logVo.LogVo.<init>] [INFO] 日志实例已初始化...
[2020-04-12 18:45:28:291] [vo.logVo.LogVo.<init>] [INFO] 日志实例已初始化...
[2020-04-12 18:45:28:292] [vo.logVo.LogVo.<init>] [INFO] 日志实例已初始化...
[2020-04-12 18:45:28:293] [vo.logVo.LogVo.<init>] [INFO] 日志实例已初始化...
[2020-04-12 18:45:28:293] [vo.logVo.LogVo.<init>] [INFO] 日志实例已初始化...
[2020-04-12 18:45:28:294] [vo.logVo.LogVo.<init>] [INFO] 日志实例已初始化...
[2020-04-12 18:45:28:294] [vo.logVo.LogVo.<init>] [INFO] 日志实例已初始化...
[2020-04-12 18:45:28:295] [vo.logVo.LogVo.<init>] [INFO] 日志实例已初始化...
[2020-04-12 18:45:28:296] [vo.logVo.LogVo.<init>] [INFO] 日志实例已初始化...
[2020-04-12 18:45:28:296] [vo.logVo.LogVo.<init>] [INFO] 日志实例已初始化...
[2020-04-12 18:45:28:297] [vo.logVo.LogVo.<init>] [INFO] 日志实例已初始化...
[2020-04-12 18:45:28:298] [vo.logVo.LogVo.<init>] [INFO] 日志实例已初始化...
[2020-04-12 18:45:28:299] [vo.logVo.LogVo.<init>] [INFO] 日志实例已初始化...
[2020-04-12 18:45:28:299] [vo.logVo.LogVo.<init>] [INFO] 日志实例已初始化...
[2020-04-12 18:45:28:300] [vo.logVo.LogVo.<init>] [INFO] 日志实例已初始化...
[2020-04-12 18:45:28:300] [vo.logVo.LogVo.<init>] [INFO] 日志实例已初始化...
[2020-04-12 18:45:28:301] [vo.logVo.LogVo.<init>] [INFO] 日志实例已初始化...
[2020-04-12 18:45:28:301] [vo.logVo.LogVo.<init>] [INFO] 日志实例已初始化...
[2020-04-12 18:45:28:302] [vo.logVo.LogVo.<init>] [INFO] 日志实例已初始化...
[2020-04-12 18:45:28:303] [vo.logVo.LogVo.<init>] [INFO] 日志实例已初始化...
[2020-04-12 18:45:28:304] [vo.logVo.LogVo.<init>] [INFO] 日志实例已初始化...
[2020-04-12 18:45:28:304] [vo.logVo.LogVo.<init>] [INFO] 日志实例已初始化...
[2020-04-12 18:45:28:305] [vo.logVo.LogVo.<init>] [INFO] 日志实例已初始化...
[2020-04-12 18:45:28:305] [vo.logVo.LogVo.<init>] [INFO] 日志实例已初始化...
[2020-04-12 18:45:28:305] [vo.logVo.LogVo.<init>] [INFO] 日志实例已初始化...
[2020-04-12 18:45:28:306] [vo.logVo.LogVo.<init>] [INFO] 日志实例已初始化...
[2020-04-12 18:45:28:306] [vo.logVo.LogVo.<init>] [INFO] 日志实例已初始化...
[2020-04-12 18:45:28:307] [vo.logVo.LogVo.<init>] [INFO] 日志实例已初始化...
[2020-04-12 18:45:28:308] [vo.logVo.LogVo.<init>] [INFO] 日志实例已初始化...
[2020-04-12 18:45:28:309] [vo.logVo.LogVo.<init>] [INFO] 日志实例已初始化...
[2020-04-12 18:45:28:310] [vo.logVo.LogVo.<init>] [INFO] 日志实例已初始化...
[2020-04-12 18:45:28:311] [vo.logVo.LogVo.<init>] [INFO] 日志实例已初始化...
[2020-04-12 18:45:28:312] [vo.logVo.LogVo.<init>] [INFO] 日志实例已初始化...
[2020-04-12 18:45:28:312] [vo.logVo.LogVo.<init>] [INFO] 日志实例已初始化...
[2020-04-12 18:45:28:313] [vo.logVo.LogVo.<init>] [INFO] 日志实例已初始化...
[2020-04-12 18:45:28:314] [vo.logVo.LogVo.<init>] [INFO] 日志实例已初始化...
[2020-04-12 18:45:28:314] [vo.logVo.LogVo.<init>] [INFO] 日志实例已初始化...
[2020-04-12 18:45:28:315] [vo.logVo.LogVo.<init>] [INFO] 日志实例已初始化...
[2020-04-12 18:45:43:590] [vo.logVo.LogVo.<init>] [INFO] 日志实例已初始化...
[2020-04-12 18:45:43:597] [vo.logVo.LogVo.<init>] [INFO] 日志实例已初始化...
[2020-04-12 18:45:43:642] [vo.logVo.LogVo.<init>] [INFO] 日志实例已初始化...
[2020-04-12 18:45:43:643] [vo.logVo.LogVo.<init>] [INFO] 日志实例已初始化...
[2020-04-12 18:45:43:644] [vo.logVo.LogVo.<init>] [INFO] 日志实例已初始化...
[2020-04-12 18:45:43:644] [vo.logVo.LogVo.<init>] [INFO] 日志实例已初始化...
[2020-04-12 18:45:43:644] [vo.logVo.LogVo.<init>] [INFO] 日志实例已初始化...
[2020-04-12 18:45:43:645] [vo.logVo.LogVo.<init>] [INFO] 日志实例已初始化...
[2020-04-12 18:45:43:645] [vo.logVo.LogVo.<init>] [INFO] 日志实例已初始化...
[2020-04-12 18:45:43:646] [vo.logVo.LogVo.<init>] [INFO] 日志实例已初始化...
[2020-04-12 18:45:43:646] [vo.logVo.LogVo.<init>] [INFO] 日志实例已初始化...
[2020-04-12 18:45:43:647] [vo.logVo.LogVo.<init>] [INFO] 日志实例已初始化...
[2020-04-12 18:45:43:647] [vo.logVo.LogVo.<init>] [INFO] 日志实例已初始化...
[2020-04-12 18:45:43:647] [vo.logVo.LogVo.<init>] [INFO] 日志实例已初始化...
[2020-04-12 18:45:43:648] [vo.logVo.LogVo.<init>] [INFO] 日志实例已初始化...
[2020-04-12 18:45:43:648] [vo.logVo.LogVo.<init>] [INFO] 日志实例已初始化...
[2020-04-12 18:45:43:649] [vo.logVo.LogVo.<init>] [INFO] 日志实例已初始化...
[2020-04-12 18:45:43:650] [vo.logVo.LogVo.<init>] [INFO] 日志实例已初始化...
[2020-04-12 18:45:43:650] [vo.logVo.LogVo.<init>] [INFO] 日志实例已初始化...
[2020-04-12 18:45:43:651] [vo.logVo.LogVo.<init>] [INFO] 日志实例已初始化...
[2020-04-12 18:45:43:651] [vo.logVo.LogVo.<init>] [INFO] 日志实例已初始化...
[2020-04-12 18:45:43:652] [vo.logVo.LogVo.<init>] [INFO] 日志实例已初始化...
[2020-04-12 18:45:43:652] [vo.logVo.LogVo.<init>] [INFO] 日志实例已初始化...
[2020-04-12 18:45:43:653] [vo.logVo.LogVo.<init>] [INFO] 日志实例已初始化...
[2020-04-12 18:45:43:653] [vo.logVo.LogVo.<init>] [INFO] 日志实例已初始化...
[2020-04-12 18:45:43:654] [vo.logVo.LogVo.<init>] [INFO] 日志实例已初始化...
[2020-04-12 18:45:43:654] [vo.logVo.LogVo.<init>] [INFO] 日志实例已初始化...
[2020-04-12 18:45:43:655] [vo.logVo.LogVo.<init>] [INFO] 日志实例已初始化...
[2020-04-12 18:45:43:655] [vo.logVo.LogVo.<init>] [INFO] 日志实例已初始化...
[2020-04-12 18:45:43:656] [vo.logVo.LogVo.<init>] [INFO] 日志实例已初始化...
[2020-04-12 18:45:43:656] [vo.logVo.LogVo.<init>] [INFO] 日志实例已初始化...
[2020-04-12 18:45:43:657] [vo.logVo.LogVo.<init>] [INFO] 日志实例已初始化...
[2020-04-12 18:45:43:657] [vo.logVo.LogVo.<init>] [INFO] 日志实例已初始化...
[2020-04-12 18:45:43:658] [vo.logVo.LogVo.<init>] [INFO] 日志实例已初始化...
[2020-04-12 18:45:43:659] [vo.logVo.LogVo.<init>] [INFO] 日志实例已初始化...
[2020-04-12 18:45:43:659] [vo.logVo.LogVo.<init>] [INFO] 日志实例已初始化...
[2020-04-12 18:45:43:660] [vo.logVo.LogVo.<init>] [INFO] 日志实例已初始化...
[2020-04-12 18:45:43:660] [vo.logVo.LogVo.<init>] [INFO] 日志实例已初始化...
[2020-04-12 18:45:43:661] [vo.logVo.LogVo.<init>] [INFO] 日志实例已初始化...
[2020-04-12 18:45:43:661] [vo.logVo.LogVo.<init>] [INFO] 日志实例已初始化...
[2020-04-12 18:45:43:662] [vo.logVo.LogVo.<init>] [INFO] 日志实例已初始化...
[2020-04-12 18:45:43:662] [vo.logVo.LogVo.<init>] [INFO] 日志实例已初始化...
[2020-04-12 18:45:43:662] [vo.logVo.LogVo.<init>] [INFO] 日志实例已初始化...
[2020-04-12 18:45:43:663] [vo.logVo.LogVo.<init>] [INFO] 日志实例已初始化...
[2020-04-12 18:45:43:663] [vo.logVo.LogVo.<init>] [INFO] 日志实例已初始化...
[2020-04-12 18:45:43:663] [vo.logVo.LogVo.<init>] [INFO] 日志实例已初始化...
[2020-04-12 18:45:43:664] [vo.logVo.LogVo.<init>] [INFO] 日志实例已初始化...
[2020-04-12 18:45:43:665] [vo.logVo.LogVo.<init>] [INFO] 日志实例已初始化...
[2020-04-12 18:45:43:666] [vo.logVo.LogVo.<init>] [INFO] 日志实例已初始化...
[2020-04-12 18:45:43:667] [vo.logVo.LogVo.<init>] [INFO] 日志实例已初始化...
[2020-04-12 18:45:43:667] [vo.logVo.LogVo.<init>] [INFO] 日志实例已初始化...
[2020-04-12 18:45:43:667] [vo.logVo.LogVo.<init>] [INFO] 日志实例已初始化...
[2020-04-12 18:45:43:668] [vo.logVo.LogVo.<init>] [INFO] 日志实例已初始化...
[2020-04-12 18:45:43:668] [vo.logVo.LogVo.<init>] [INFO] 日志实例已初始化...
[2020-04-12 18:45:43:669] [vo.logVo.LogVo.<init>] [INFO] 日志实例已初始化...
[2020-04-12 18:45:43:669] [vo.logVo.LogVo.<init>] [INFO] 日志实例已初始化...
[2020-04-12 18:45:43:670] [vo.logVo.LogVo.<init>] [INFO] 日志实例已初始化...
[2020-04-12 18:45:43:670] [vo.logVo.LogVo.<init>] [INFO] 日志实例已初始化...
[2020-04-12 18:45:43:671] [vo.logVo.LogVo.<init>] [INFO] 日志实例已初始化...
[2020-04-12 18:45:43:671] [vo.logVo.LogVo.<init>] [INFO] 日志实例已初始化...
[2020-04-12 18:45:43:672] [vo.logVo.LogVo.<init>] [INFO] 日志实例已初始化...
[2020-04-12 18:45:43:672] [vo.logVo.LogVo.<init>] [INFO] 日志实例已初始化...
[2020-04-12 18:45:43:673] [vo.logVo.LogVo.<init>] [INFO] 日志实例已初始化...
[2020-04-12 18:45:43:673] [vo.logVo.LogVo.<init>] [INFO] 日志实例已初始化...
[2020-04-12 18:45:43:674] [vo.logVo.LogVo.<init>] [INFO] 日志实例已初始化...
[2020-04-12 18:45:43:674] [vo.logVo.LogVo.<init>] [INFO] 日志实例已初始化...
[2020-04-12 18:45:43:675] [vo.logVo.LogVo.<init>] [INFO] 日志实例已初始化...
[2020-04-12 18:45:43:675] [vo.logVo.LogVo.<init>] [INFO] 日志实例已初始化...
[2020-04-12 18:45:43:676] [vo.logVo.LogVo.<init>] [INFO] 日志实例已初始化...
[2020-04-12 18:45:43:676] [vo.logVo.LogVo.<init>] [INFO] 日志实例已初始化...
[2020-04-12 18:45:43:677] [vo.logVo.LogVo.<init>] [INFO] 日志实例已初始化...
[2020-04-12 18:45:43:677] [vo.logVo.LogVo.<init>] [INFO] 日志实例已初始化...
[2020-04-12 18:45:43:678] [vo.logVo.LogVo.<init>] [INFO] 日志实例已初始化...
[2020-04-12 18:45:43:678] [vo.logVo.LogVo.<init>] [INFO] 日志实例已初始化...
[2020-04-12 18:45:43:678] [vo.logVo.LogVo.<init>] [INFO] 日志实例已初始化...
[2020-04-12 18:45:43:679] [vo.logVo.LogVo.<init>] [INFO] 日志实例已初始化...
[2020-04-12 18:45:43:679] [vo.logVo.LogVo.<init>] [INFO] 日志实例已初始化...
[2020-04-12 18:45:43:680] [vo.logVo.LogVo.<init>] [INFO] 日志实例已初始化...
[2020-04-12 18:45:43:681] [vo.logVo.LogVo.<init>] [INFO] 日志实例已初始化...
[2020-04-12 18:45:43:682] [vo.logVo.LogVo.<init>] [INFO] 日志实例已初始化...
[2020-04-12 18:45:43:683] [vo.logVo.LogVo.<init>] [INFO] 日志实例已初始化...
[2020-04-12 18:45:43:684] [vo.logVo.LogVo.<init>] [INFO] 日志实例已初始化...
[2020-04-12 18:45:43:684] [vo.logVo.LogVo.<init>] [INFO] 日志实例已初始化...
[2020-04-12 18:45:43:685] [vo.logVo.LogVo.<init>] [INFO] 日志实例已初始化...
[2020-04-12 18:45:43:685] [vo.logVo.LogVo.<init>] [INFO] 日志实例已初始化...
[2020-04-12 18:45:43:686] [vo.logVo.LogVo.<init>] [INFO] 日志实例已初始化...
[2020-04-12 18:45:43:687] [vo.logVo.LogVo.<init>] [INFO] 日志实例已初始化...
[2020-04-12 18:45:43:687] [vo.logVo.LogVo.<init>] [INFO] 日志实例已初始化...
[2020-04-12 18:45:43:687] [vo.logVo.LogVo.<init>] [INFO] 日志实例已初始化...
[2020-04-12 18:45:43:688] [vo.logVo.LogVo.<init>] [INFO] 日志实例已初始化...
[2020-04-12 18:45:43:688] [vo.logVo.LogVo.<init>] [INFO] 日志实例已初始化...
[2020-04-12 18:45:43:689] [vo.logVo.LogVo.<init>] [INFO] 日志实例已初始化...
[2020-04-12 18:45:43:689] [vo.logVo.LogVo.<init>] [INFO] 日志实例已初始化...
[2020-04-12 18:45:43:689] [vo.logVo.LogVo.<init>] [INFO] 日志实例已初始化...
[2020-04-12 18:45:43:690] [vo.logVo.LogVo.<init>] [INFO] 日志实例已初始化...
[2020-04-12 18:45:43:690] [vo.logVo.LogVo.<init>] [INFO] 日志实例已初始化...
[2020-04-12 18:45:43:691] [vo.logVo.LogVo.<init>] [INFO] 日志实例已初始化...
[2020-04-12 18:45:43:691] [vo.logVo.LogVo.<init>] [INFO] 日志实例已初始化...
[2020-04-12 18:45:43:692] [vo.logVo.LogVo.<init>] [INFO] 日志实例已初始化...
[2020-04-12 18:45:43:692] [vo.logVo.LogVo.<init>] [INFO] 日志实例已初始化...
[2020-04-12 18:45:43:693] [vo.logVo.LogVo.<init>] [INFO] 日志实例已初始化...
[2020-04-12 18:45:43:693] [vo.logVo.LogVo.<init>] [INFO] 日志实例已初始化...
[2020-04-12 18:45:43:694] [vo.logVo.LogVo.<init>] [INFO] 日志实例已初始化...
[2020-04-12 18:45:43:694] [vo.logVo.LogVo.<init>] [INFO] 日志实例已初始化...
[2020-04-12 18:45:43:695] [vo.logVo.LogVo.<init>] [INFO] 日志实例已初始化...
[2020-04-12 18:45:43:695] [vo.logVo.LogVo.<init>] [INFO] 日志实例已初始化...
[2020-04-12 18:45:43:696] [vo.logVo.LogVo.<init>] [INFO] 日志实例已初始化...
[2020-04-12 18:45:43:696] [vo.logVo.LogVo.<init>] [INFO] 日志实例已初始化...
[2020-04-12 18:45:43:697] [vo.logVo.LogVo.<init>] [INFO] 日志实例已初始化...
[2020-04-12 18:45:43:698] [vo.logVo.LogVo.<init>] [INFO] 日志实例已初始化...
[2020-04-12 18:45:43:700] [vo.logVo.LogVo.<init>] [INFO] 日志实例已初始化...
[2020-04-12 18:45:43:701] [vo.logVo.LogVo.<init>] [INFO] 日志实例已初始化...
[2020-04-12 18:45:43:701] [vo.logVo.LogVo.<init>] [INFO] 日志实例已初始化...
[2020-04-12 18:45:43:702] [vo.logVo.LogVo.<init>] [INFO] 日志实例已初始化...
[2020-04-12 18:45:43:703] [vo.logVo.LogVo.<init>] [INFO] 日志实例已初始化...
[2020-04-12 18:45:43:703] [vo.logVo.LogVo.<init>] [INFO] 日志实例已初始化...
[2020-04-12 18:45:43:704] [vo.logVo.LogVo.<init>] [INFO] 日志实例已初始化...
[2020-04-12 18:45:43:704] [vo.logVo.LogVo.<init>] [INFO] 日志实例已初始化...
[2020-04-12 18:45:43:705] [vo.logVo.LogVo.<init>] [INFO] 日志实例已初始化...
[2020-04-12 18:45:43:705] [vo.logVo.LogVo.<init>] [INFO] 日志实例已初始化...
[2020-04-12 18:45:43:706] [vo.logVo.LogVo.<init>] [INFO] 日志实例已初始化...
[2020-04-12 18:45:43:707] [vo.logVo.LogVo.<init>] [INFO] 日志实例已初始化...
[2020-04-12 18:45:43:707] [vo.logVo.LogVo.<init>] [INFO] 日志实例已初始化...
[2020-04-12 18:45:43:708] [vo.logVo.LogVo.<init>] [INFO] 日志实例已初始化...
[2020-04-12 18:45:43:708] [vo.logVo.LogVo.<init>] [INFO] 日志实例已初始化...
[2020-04-12 18:45:43:709] [vo.logVo.LogVo.<init>] [INFO] 日志实例已初始化...
[2020-04-12 18:45:43:709] [vo.logVo.LogVo.<init>] [INFO] 日志实例已初始化...
[2020-04-12 18:45:43:710] [vo.logVo.LogVo.<init>] [INFO] 日志实例已初始化...
[2020-04-12 18:45:43:710] [vo.logVo.LogVo.<init>] [INFO] 日志实例已初始化...
[2020-04-12 18:45:43:711] [vo.logVo.LogVo.<init>] [INFO] 日志实例已初始化...
[2020-04-12 18:45:43:711] [vo.logVo.LogVo.<init>] [INFO] 日志实例已初始化...
[2020-04-12 18:45:43:712] [vo.logVo.LogVo.<init>] [INFO] 日志实例已初始化...
[2020-04-12 18:45:43:713] [vo.logVo.LogVo.<init>] [INFO] 日志实例已初始化...
[2020-04-12 18:45:43:713] [vo.logVo.LogVo.<init>] [INFO] 日志实例已初始化...
[2020-04-12 18:45:43:714] [vo.logVo.LogVo.<init>] [INFO] 日志实例已初始化...
[2020-04-12 18:45:43:716] [vo.logVo.LogVo.<init>] [INFO] 日志实例已初始化...
[2020-04-12 18:45:43:716] [vo.logVo.LogVo.<init>] [INFO] 日志实例已初始化...
[2020-04-12 18:45:43:717] [vo.logVo.LogVo.<init>] [INFO] 日志实例已初始化...
[2020-04-12 18:45:43:718] [vo.logVo.LogVo.<init>] [INFO] 日志实例已初始化...
[2020-04-12 18:45:43:718] [vo.logVo.LogVo.<init>] [INFO] 日志实例已初始化...
[2020-04-12 18:45:43:718] [vo.logVo.LogVo.<init>] [INFO] 日志实例已初始化...
[2020-04-12 18:45:43:719] [vo.logVo.LogVo.<init>] [INFO] 日志实例已初始化...
[2020-04-12 18:45:43:719] [vo.logVo.LogVo.<init>] [INFO] 日志实例已初始化...
[2020-04-12 18:45:43:720] [vo.logVo.LogVo.<init>] [INFO] 日志实例已初始化...
[2020-04-12 18:45:43:720] [vo.logVo.LogVo.<init>] [INFO] 日志实例已初始化...
[2020-04-12 18:45:43:721] [vo.logVo.LogVo.<init>] [INFO] 日志实例已初始化...
[2020-04-12 18:45:43:721] [vo.logVo.LogVo.<init>] [INFO] 日志实例已初始化...
[2020-04-12 18:45:43:721] [vo.logVo.LogVo.<init>] [INFO] 日志实例已初始化...
[2020-04-12 18:45:43:722] [vo.logVo.LogVo.<init>] [INFO] 日志实例已初始化...
[2020-04-12 18:45:43:722] [vo.logVo.LogVo.<init>] [INFO] 日志实例已初始化...
[2020-04-12 18:45:43:723] [vo.logVo.LogVo.<init>] [INFO] 日志实例已初始化...
[2020-04-12 18:45:43:723] [vo.logVo.LogVo.<init>] [INFO] 日志实例已初始化...
[2020-04-12 18:45:43:723] [vo.logVo.LogVo.<init>] [INFO] 日志实例已初始化...
[2020-04-12 18:45:43:724] [vo.logVo.LogVo.<init>] [INFO] 日志实例已初始化...
[2020-04-12 18:45:43:724] [vo.logVo.LogVo.<init>] [INFO] 日志实例已初始化...
[2020-04-12 18:45:43:725] [vo.logVo.LogVo.<init>] [INFO] 日志实例已初始化...
[2020-04-12 18:45:43:725] [vo.logVo.LogVo.<init>] [INFO] 日志实例已初始化...
[2020-04-12 18:45:43:726] [vo.logVo.LogVo.<init>] [INFO] 日志实例已初始化...
[2020-04-12 18:45:43:726] [vo.logVo.LogVo.<init>] [INFO] 日志实例已初始化...
[2020-04-12 18:45:43:727] [vo.logVo.LogVo.<init>] [INFO] 日志实例已初始化...
[2020-04-12 18:45:43:727] [vo.logVo.LogVo.<init>] [INFO] 日志实例已初始化...
[2020-04-12 18:45:43:728] [vo.logVo.LogVo.<init>] [INFO] 日志实例已初始化...
[2020-04-12 18:45:43:729] [vo.logVo.LogVo.<init>] [INFO] 日志实例已初始化...
[2020-04-12 18:45:43:729] [vo.logVo.LogVo.<init>] [INFO] 日志实例已初始化...
[2020-04-12 18:45:43:730] [vo.logVo.LogVo.<init>] [INFO] 日志实例已初始化...
[2020-04-12 18:45:43:730] [vo.logVo.LogVo.<init>] [INFO] 日志实例已初始化...
[2020-04-12 18:45:43:730] [vo.logVo.LogVo.<init>] [INFO] 日志实例已初始化...
[2020-04-12 18:45:43:731] [vo.logVo.LogVo.<init>] [INFO] 日志实例已初始化...
[2020-04-12 18:45:43:732] [vo.logVo.LogVo.<init>] [INFO] 日志实例已初始化...
[2020-04-12 18:45:43:733] [vo.logVo.LogVo.<init>] [INFO] 日志实例已初始化...
[2020-04-12 18:45:43:733] [vo.logVo.LogVo.<init>] [INFO] 日志实例已初始化...
[2020-04-12 18:45:43:734] [vo.logVo.LogVo.<init>] [INFO] 日志实例已初始化...
[2020-04-12 18:45:43:734] [vo.logVo.LogVo.<init>] [INFO] 日志实例已初始化...
[2020-04-12 18:45:43:735] [vo.logVo.LogVo.<init>] [INFO] 日志实例已初始化...
[2020-04-12 18:45:43:736] [vo.logVo.LogVo.<init>] [INFO] 日志实例已初始化...
[2020-04-12 18:45:43:736] [vo.logVo.LogVo.<init>] [INFO] 日志实例已初始化...
[2020-04-12 18:45:43:737] [vo.logVo.LogVo.<init>] [INFO] 日志实例已初始化...
[2020-04-12 18:45:43:737] [vo.logVo.LogVo.<init>] [INFO] 日志实例已初始化...
[2020-04-12 18:45:43:737] [vo.logVo.LogVo.<init>] [INFO] 日志实例已初始化...
[2020-04-12 18:45:43:738] [vo.logVo.LogVo.<init>] [INFO] 日志实例已初始化...
[2020-04-12 18:45:43:738] [vo.logVo.LogVo.<init>] [INFO] 日志实例已初始化...
[2020-04-12 18:45:43:739] [vo.logVo.LogVo.<init>] [INFO] 日志实例已初始化...
[2020-04-12 18:45:43:739] [vo.logVo.LogVo.<init>] [INFO] 日志实例已初始化...
[2020-04-12 18:45:43:739] [vo.logVo.LogVo.<init>] [INFO] 日志实例已初始化...
[2020-04-12 18:45:43:740] [vo.logVo.LogVo.<init>] [INFO] 日志实例已初始化...
[2020-04-12 18:45:43:740] [vo.logVo.LogVo.<init>] [INFO] 日志实例已初始化...
[2020-04-12 18:45:43:741] [vo.logVo.LogVo.<init>] [INFO] 日志实例已初始化...
[2020-04-12 18:45:43:741] [vo.logVo.LogVo.<init>] [INFO] 日志实例已初始化...
[2020-04-12 18:45:43:741] [vo.logVo.LogVo.<init>] [INFO] 日志实例已初始化...
[2020-04-12 18:45:43:742] [vo.logVo.LogVo.<init>] [INFO] 日志实例已初始化...
[2020-04-12 18:45:43:742] [vo.logVo.LogVo.<init>] [INFO] 日志实例已初始化...
[2020-04-12 18:45:43:743] [vo.logVo.LogVo.<init>] [INFO] 日志实例已初始化...
[2020-04-12 18:45:43:744] [vo.logVo.LogVo.<init>] [INFO] 日志实例已初始化...
[2020-04-12 18:45:43:744] [vo.logVo.LogVo.<init>] [INFO] 日志实例已初始化...
[2020-04-12 18:45:43:745] [vo.logVo.LogVo.<init>] [INFO] 日志实例已初始化...
[2020-04-12 18:45:43:746] [vo.logVo.LogVo.<init>] [INFO] 日志实例已初始化...
[2020-04-12 18:45:43:746] [vo.logVo.LogVo.<init>] [INFO] 日志实例已初始化...
[2020-04-12 18:45:43:747] [vo.logVo.LogVo.<init>] [INFO] 日志实例已初始化...
[2020-04-12 18:45:43:748] [vo.logVo.LogVo.<init>] [INFO] 日志实例已初始化...
[2020-04-12 18:45:43:749] [vo.logVo.LogVo.<init>] [INFO] 日志实例已初始化...
[2020-04-12 18:45:43:750] [vo.logVo.LogVo.<init>] [INFO] 日志实例已初始化...
[2020-04-12 18:45:43:750] [vo.logVo.LogVo.<init>] [INFO] 日志实例已初始化...
[2020-04-12 18:45:43:751] [vo.logVo.LogVo.<init>] [INFO] 日志实例已初始化...
[2020-04-12 18:45:43:751] [vo.logVo.LogVo.<init>] [INFO] 日志实例已初始化...
[2020-04-12 18:45:43:751] [vo.logVo.LogVo.<init>] [INFO] 日志实例已初始化...
[2020-04-12 18:45:43:752] [vo.logVo.LogVo.<init>] [INFO] 日志实例已初始化...
[2020-04-12 18:45:43:752] [vo.logVo.LogVo.<init>] [INFO] 日志实例已初始化...
[2020-04-12 18:45:43:752] [vo.logVo.LogVo.<init>] [INFO] 日志实例已初始化...
[2020-04-12 18:45:43:753] [vo.logVo.LogVo.<init>] [INFO] 日志实例已初始化...
[2020-04-12 18:45:43:754] [vo.logVo.LogVo.<init>] [INFO] 日志实例已初始化...
[2020-04-12 18:45:43:754] [vo.logVo.LogVo.<init>] [INFO] 日志实例已初始化...
[2020-04-12 18:45:43:755] [vo.logVo.LogVo.<init>] [INFO] 日志实例已初始化...
[2020-04-12 18:45:43:755] [vo.logVo.LogVo.<init>] [INFO] 日志实例已初始化...
[2020-04-12 18:45:43:755] [vo.logVo.LogVo.<init>] [INFO] 日志实例已初始化...
[2020-04-12 18:45:43:756] [vo.logVo.LogVo.<init>] [INFO] 日志实例已初始化...
[2020-04-12 18:45:43:756] [vo.logVo.LogVo.<init>] [INFO] 日志实例已初始化...
[2020-04-12 18:45:43:757] [vo.logVo.LogVo.<init>] [INFO] 日志实例已初始化...
[2020-04-12 18:45:43:757] [vo.logVo.LogVo.<init>] [INFO] 日志实例已初始化...
[2020-04-12 18:45:43:757] [vo.logVo.LogVo.<init>] [INFO] 日志实例已初始化...
[2020-04-12 18:45:43:758] [vo.logVo.LogVo.<init>] [INFO] 日志实例已初始化...
[2020-04-12 18:45:43:758] [vo.logVo.LogVo.<init>] [INFO] 日志实例已初始化...
[2020-04-12 18:45:43:758] [vo.logVo.LogVo.<init>] [INFO] 日志实例已初始化...
[2020-04-12 18:45:43:759] [vo.logVo.LogVo.<init>] [INFO] 日志实例已初始化...
[2020-04-12 18:45:43:759] [vo.logVo.LogVo.<init>] [INFO] 日志实例已初始化...
[2020-04-12 18:45:43:760] [vo.logVo.LogVo.<init>] [INFO] 日志实例已初始化...
[2020-04-12 18:45:43:760] [vo.logVo.LogVo.<init>] [INFO] 日志实例已初始化...
[2020-04-12 18:45:43:760] [vo.logVo.LogVo.<init>] [INFO] 日志实例已初始化...
[2020-04-12 18:45:43:762] [vo.logVo.LogVo.<init>] [INFO] 日志实例已初始化...
[2020-04-12 18:45:43:762] [vo.logVo.LogVo.<init>] [INFO] 日志实例已初始化...
[2020-04-12 18:45:43:763] [vo.logVo.LogVo.<init>] [INFO] 日志实例已初始化...
[2020-04-12 18:45:43:764] [vo.logVo.LogVo.<init>] [INFO] 日志实例已初始化...
[2020-04-12 18:45:43:765] [vo.logVo.LogVo.<init>] [INFO] 日志实例已初始化...
[2020-04-12 18:45:43:766] [vo.logVo.LogVo.<init>] [INFO] 日志实例已初始化...
[2020-04-12 18:45:43:767] [vo.logVo.LogVo.<init>] [INFO] 日志实例已初始化...
[2020-04-12 18:45:43:767] [vo.logVo.LogVo.<init>] [INFO] 日志实例已初始化...
[2020-04-12 18:45:43:768] [vo.logVo.LogVo.<init>] [INFO] 日志实例已初始化...
[2020-04-12 18:45:43:768] [vo.logVo.LogVo.<init>] [INFO] 日志实例已初始化...
[2020-04-12 18:45:43:769] [vo.logVo.LogVo.<init>] [INFO] 日志实例已初始化...
[2020-04-12 18:45:43:769] [vo.logVo.LogVo.<init>] [INFO] 日志实例已初始化...
[2020-04-12 18:45:43:770] [vo.logVo.LogVo.<init>] [INFO] 日志实例已初始化...
[2020-04-12 18:45:43:770] [vo.logVo.LogVo.<init>] [INFO] 日志实例已初始化...
[2020-04-12 18:45:43:771] [vo.logVo.LogVo.<init>] [INFO] 日志实例已初始化...
[2020-04-12 18:45:43:771] [vo.logVo.LogVo.<init>] [INFO] 日志实例已初始化...
[2020-04-12 18:45:43:772] [vo.logVo.LogVo.<init>] [INFO] 日志实例已初始化...
[2020-04-12 18:45:43:772] [vo.logVo.LogVo.<init>] [INFO] 日志实例已初始化...
[2020-04-12 18:45:43:773] [vo.logVo.LogVo.<init>] [INFO] 日志实例已初始化...
[2020-04-12 18:45:43:773] [vo.logVo.LogVo.<init>] [INFO] 日志实例已初始化...
[2020-04-12 18:45:43:774] [vo.logVo.LogVo.<init>] [INFO] 日志实例已初始化...
[2020-04-12 18:45:43:775] [vo.logVo.LogVo.<init>] [INFO] 日志实例已初始化...
[2020-04-12 18:45:43:775] [vo.logVo.LogVo.<init>] [INFO] 日志实例已初始化...
[2020-04-12 18:45:43:776] [vo.logVo.LogVo.<init>] [INFO] 日志实例已初始化...
[2020-04-12 18:45:43:776] [vo.logVo.LogVo.<init>] [INFO] 日志实例已初始化...
[2020-04-12 18:45:43:777] [vo.logVo.LogVo.<init>] [INFO] 日志实例已初始化...
[2020-04-12 18:45:43:777] [vo.logVo.LogVo.<init>] [INFO] 日志实例已初始化...
[2020-04-12 18:45:43:778] [vo.logVo.LogVo.<init>] [INFO] 日志实例已初始化...
[2020-04-12 18:45:43:778] [vo.logVo.LogVo.<init>] [INFO] 日志实例已初始化...
[2020-04-12 18:45:43:779] [vo.logVo.LogVo.<init>] [INFO] 日志实例已初始化...
[2020-04-12 18:45:43:779] [vo.logVo.LogVo.<init>] [INFO] 日志实例已初始化...
[2020-04-12 18:45:43:779] [vo.logVo.LogVo.<init>] [INFO] 日志实例已初始化...
[2020-04-12 18:45:43:780] [vo.logVo.LogVo.<init>] [INFO] 日志实例已初始化...
[2020-04-12 18:45:43:780] [vo.logVo.LogVo.<init>] [INFO] 日志实例已初始化...
[2020-04-12 18:45:43:780] [vo.logVo.LogVo.<init>] [INFO] 日志实例已初始化...
[2020-04-12 18:45:43:781] [vo.logVo.LogVo.<init>] [INFO] 日志实例已初始化...
[2020-04-12 18:45:43:781] [vo.logVo.LogVo.<init>] [INFO] 日志实例已初始化...
[2020-04-12 18:45:43:782] [vo.logVo.LogVo.<init>] [INFO] 日志实例已初始化...
[2020-04-12 18:45:43:783] [vo.logVo.LogVo.<init>] [INFO] 日志实例已初始化...
[2020-04-12 18:45:43:783] [vo.logVo.LogVo.<init>] [INFO] 日志实例已初始化...
[2020-04-12 18:45:43:784] [vo.logVo.LogVo.<init>] [INFO] 日志实例已初始化...
[2020-04-12 18:45:43:785] [vo.logVo.LogVo.<init>] [INFO] 日志实例已初始化...
[2020-04-12 18:45:43:785] [vo.logVo.LogVo.<init>] [INFO] 日志实例已初始化...
[2020-04-12 18:45:43:786] [vo.logVo.LogVo.<init>] [INFO] 日志实例已初始化...
[2020-04-12 18:45:43:786] [vo.logVo.LogVo.<init>] [INFO] 日志实例已初始化...
[2020-04-12 18:45:43:787] [vo.logVo.LogVo.<init>] [INFO] 日志实例已初始化...
[2020-04-12 18:45:43:787] [vo.logVo.LogVo.<init>] [INFO] 日志实例已初始化...
[2020-04-12 18:45:43:788] [vo.logVo.LogVo.<init>] [INFO] 日志实例已初始化...
[2020-04-12 18:45:43:788] [vo.logVo.LogVo.<init>] [INFO] 日志实例已初始化...
[2020-04-12 18:45:43:789] [vo.logVo.LogVo.<init>] [INFO] 日志实例已初始化...
[2020-04-12 18:45:43:789] [vo.logVo.LogVo.<init>] [INFO] 日志实例已初始化...
[2020-04-12 18:45:43:790] [vo.logVo.LogVo.<init>] [INFO] 日志实例已初始化...
[2020-04-12 18:45:43:790] [vo.logVo.LogVo.<init>] [INFO] 日志实例已初始化...
[2020-04-12 18:45:43:791] [vo.logVo.LogVo.<init>] [INFO] 日志实例已初始化...
[2020-04-12 18:45:43:791] [vo.logVo.LogVo.<init>] [INFO] 日志实例已初始化...
[2020-04-12 18:45:43:792] [vo.logVo.LogVo.<init>] [INFO] 日志实例已初始化...
[2020-04-12 18:45:43:792] [vo.logVo.LogVo.<init>] [INFO] 日志实例已初始化...
[2020-04-12 18:45:43:793] [vo.logVo.LogVo.<init>] [INFO] 日志实例已初始化...
[2020-04-12 18:45:43:793] [vo.logVo.LogVo.<init>] [INFO] 日志实例已初始化...
[2020-04-12 18:45:43:794] [vo.logVo.LogVo.<init>] [INFO] 日志实例已初始化...
[2020-04-12 18:45:43:794] [vo.logVo.LogVo.<init>] [INFO] 日志实例已初始化...
[2020-04-12 18:45:43:795] [vo.logVo.LogVo.<init>] [INFO] 日志实例已初始化...
[2020-04-12 18:45:43:796] [vo.logVo.LogVo.<init>] [INFO] 日志实例已初始化...
[2020-04-12 18:45:43:796] [vo.logVo.LogVo.<init>] [INFO] 日志实例已初始化...
[2020-04-12 18:45:43:797] [vo.logVo.LogVo.<init>] [INFO] 日志实例已初始化...
[2020-04-12 18:45:43:797] [vo.logVo.LogVo.<init>] [INFO] 日志实例已初始化...
[2020-04-12 18:45:43:798] [vo.logVo.LogVo.<init>] [INFO] 日志实例已初始化...
[2020-04-12 18:45:43:798] [vo.logVo.LogVo.<init>] [INFO] 日志实例已初始化...
[2020-04-12 18:45:43:799] [vo.logVo.LogVo.<init>] [INFO] 日志实例已初始化...
[2020-04-12 18:45:43:799] [vo.logVo.LogVo.<init>] [INFO] 日志实例已初始化...
[2020-04-12 18:45:43:800] [vo.logVo.LogVo.<init>] [INFO] 日志实例已初始化...
[2020-04-12 18:45:43:800] [vo.logVo.LogVo.<init>] [INFO] 日志实例已初始化...
[2020-04-12 18:45:43:801] [vo.logVo.LogVo.<init>] [INFO] 日志实例已初始化...
[2020-04-12 18:45:43:801] [vo.logVo.LogVo.<init>] [INFO] 日志实例已初始化...
[2020-04-12 18:45:43:802] [vo.logVo.LogVo.<init>] [INFO] 日志实例已初始化...
[2020-04-12 18:45:43:802] [vo.logVo.LogVo.<init>] [INFO] 日志实例已初始化...
[2020-04-12 18:45:43:803] [vo.logVo.LogVo.<init>] [INFO] 日志实例已初始化...
[2020-04-12 18:45:43:803] [vo.logVo.LogVo.<init>] [INFO] 日志实例已初始化...
[2020-04-12 18:45:43:805] [vo.logVo.LogVo.<init>] [INFO] 日志实例已初始化...
[2020-04-12 18:45:43:806] [vo.logVo.LogVo.<init>] [INFO] 日志实例已初始化...
[2020-04-12 18:45:43:806] [vo.logVo.LogVo.<init>] [INFO] 日志实例已初始化...
[2020-04-12 18:45:43:807] [vo.logVo.LogVo.<init>] [INFO] 日志实例已初始化...
[2020-04-12 18:45:43:808] [vo.logVo.LogVo.<init>] [INFO] 日志实例已初始化...
[2020-04-12 18:45:43:808] [vo.logVo.LogVo.<init>] [INFO] 日志实例已初始化...
[2020-04-12 18:45:43:809] [vo.logVo.LogVo.<init>] [INFO] 日志实例已初始化...
[2020-04-12 18:45:43:809] [vo.logVo.LogVo.<init>] [INFO] 日志实例已初始化...
[2020-04-12 18:45:43:810] [vo.logVo.LogVo.<init>] [INFO] 日志实例已初始化...
[2020-04-12 18:45:43:810] [vo.logVo.LogVo.<init>] [INFO] 日志实例已初始化...
[2020-04-12 18:45:43:811] [vo.logVo.LogVo.<init>] [INFO] 日志实例已初始化...
[2020-04-12 18:45:43:811] [vo.logVo.LogVo.<init>] [INFO] 日志实例已初始化...
[2020-04-12 18:45:43:812] [vo.logVo.LogVo.<init>] [INFO] 日志实例已初始化...
[2020-04-12 18:45:43:812] [vo.logVo.LogVo.<init>] [INFO] 日志实例已初始化...
[2020-04-12 18:45:43:813] [vo.logVo.LogVo.<init>] [INFO] 日志实例已初始化...
[2020-04-12 18:45:43:813] [vo.logVo.LogVo.<init>] [INFO] 日志实例已初始化...
[2020-04-12 18:45:43:814] [vo.logVo.LogVo.<init>] [INFO] 日志实例已初始化...
[2020-04-12 18:45:43:814] [vo.logVo.LogVo.<init>] [INFO] 日志实例已初始化...
[2020-04-12 18:45:43:815] [vo.logVo.LogVo.<init>] [INFO] 日志实例已初始化...
[2020-04-12 18:45:43:816] [vo.logVo.LogVo.<init>] [INFO] 日志实例已初始化...
[2020-04-12 18:45:43:816] [vo.logVo.LogVo.<init>] [INFO] 日志实例已初始化...
[2020-04-12 18:45:43:817] [vo.logVo.LogVo.<init>] [INFO] 日志实例已初始化...
[2020-04-12 18:45:43:817] [vo.logVo.LogVo.<init>] [INFO] 日志实例已初始化...
[2020-04-12 18:45:43:818] [vo.logVo.LogVo.<init>] [INFO] 日志实例已初始化...
[2020-04-12 18:45:43:818] [vo.logVo.LogVo.<init>] [INFO] 日志实例已初始化...
[2020-04-12 18:45:43:819] [vo.logVo.LogVo.<init>] [INFO] 日志实例已初始化...
[2020-04-12 18:45:43:819] [vo.logVo.LogVo.<init>] [INFO] 日志实例已初始化...
[2020-04-12 18:45:43:820] [vo.logVo.LogVo.<init>] [INFO] 日志实例已初始化...
[2020-04-12 18:45:43:821] [vo.logVo.LogVo.<init>] [INFO] 日志实例已初始化...
[2020-04-12 18:45:43:821] [vo.logVo.LogVo.<init>] [INFO] 日志实例已初始化...
[2020-04-12 18:45:43:822] [vo.logVo.LogVo.<init>] [INFO] 日志实例已初始化...
[2020-04-12 18:45:43:822] [vo.logVo.LogVo.<init>] [INFO] 日志实例已初始化...
[2020-04-12 18:45:43:823] [vo.logVo.LogVo.<init>] [INFO] 日志实例已初始化...
[2020-04-12 18:45:43:823] [vo.logVo.LogVo.<init>] [INFO] 日志实例已初始化...
[2020-04-12 18:45:43:824] [vo.logVo.LogVo.<init>] [INFO] 日志实例已初始化...
[2020-04-12 18:45:43:824] [vo.logVo.LogVo.<init>] [INFO] 日志实例已初始化...
[2020-04-12 18:45:43:825] [vo.logVo.LogVo.<init>] [INFO] 日志实例已初始化...
[2020-04-12 18:45:43:825] [vo.logVo.LogVo.<init>] [INFO] 日志实例已初始化...
[2020-04-12 18:45:43:826] [vo.logVo.LogVo.<init>] [INFO] 日志实例已初始化...
[2020-04-12 18:45:43:827] [vo.logVo.LogVo.<init>] [INFO] 日志实例已初始化...
[2020-04-12 18:45:43:827] [vo.logVo.LogVo.<init>] [INFO] 日志实例已初始化...
[2020-04-12 18:45:43:828] [vo.logVo.LogVo.<init>] [INFO] 日志实例已初始化...
[2020-04-12 18:45:43:828] [vo.logVo.LogVo.<init>] [INFO] 日志实例已初始化...
[2020-04-12 18:45:43:829] [vo.logVo.LogVo.<init>] [INFO] 日志实例已初始化...
[2020-04-12 18:45:43:830] [vo.logVo.LogVo.<init>] [INFO] 日志实例已初始化...
[2020-04-12 18:45:43:830] [vo.logVo.LogVo.<init>] [INFO] 日志实例已初始化...
[2020-04-12 18:45:43:831] [vo.logVo.LogVo.<init>] [INFO] 日志实例已初始化...
[2020-04-12 18:45:43:831] [vo.logVo.LogVo.<init>] [INFO] 日志实例已初始化...
[2020-04-12 18:45:43:832] [vo.logVo.LogVo.<init>] [INFO] 日志实例已初始化...
[2020-04-12 18:45:43:833] [vo.logVo.LogVo.<init>] [INFO] 日志实例已初始化...
[2020-04-12 18:45:43:833] [vo.logVo.LogVo.<init>] [INFO] 日志实例已初始化...
[2020-04-12 18:45:43:834] [vo.logVo.LogVo.<init>] [INFO] 日志实例已初始化...
[2020-04-12 18:45:43:834] [vo.logVo.LogVo.<init>] [INFO] 日志实例已初始化...
[2020-04-12 18:45:43:835] [vo.logVo.LogVo.<init>] [INFO] 日志实例已初始化...
[2020-04-12 18:45:43:835] [vo.logVo.LogVo.<init>] [INFO] 日志实例已初始化...
[2020-04-12 18:45:43:836] [vo.logVo.LogVo.<init>] [INFO] 日志实例已初始化...
[2020-04-12 18:45:43:837] [vo.logVo.LogVo.<init>] [INFO] 日志实例已初始化...
[2020-04-12 18:45:43:837] [vo.logVo.LogVo.<init>] [INFO] 日志实例已初始化...
[2020-04-12 18:45:43:838] [vo.logVo.LogVo.<init>] [INFO] 日志实例已初始化...
[2020-04-12 18:45:43:839] [vo.logVo.LogVo.<init>] [INFO] 日志实例已初始化...
[2020-04-12 18:45:43:839] [vo.logVo.LogVo.<init>] [INFO] 日志实例已初始化...
[2020-04-12 18:45:43:840] [vo.logVo.LogVo.<init>] [INFO] 日志实例已初始化...
[2020-04-12 18:45:43:840] [vo.logVo.LogVo.<init>] [INFO] 日志实例已初始化...
[2020-04-12 18:45:43:840] [vo.logVo.LogVo.<init>] [INFO] 日志实例已初始化...
[2020-04-12 18:45:43:841] [vo.logVo.LogVo.<init>] [INFO] 日志实例已初始化...
[2020-04-12 18:45:43:841] [vo.logVo.LogVo.<init>] [INFO] 日志实例已初始化...
[2020-04-12 18:45:43:842] [vo.logVo.LogVo.<init>] [INFO] 日志实例已初始化...
[2020-04-12 18:45:43:842] [vo.logVo.LogVo.<init>] [INFO] 日志实例已初始化...
[2020-04-12 18:45:43:843] [vo.logVo.LogVo.<init>] [INFO] 日志实例已初始化...
[2020-04-12 18:45:43:843] [vo.logVo.LogVo.<init>] [INFO] 日志实例已初始化...
[2020-04-12 18:45:43:843] [vo.logVo.LogVo.<init>] [INFO] 日志实例已初始化...
[2020-04-12 18:45:43:844] [vo.logVo.LogVo.<init>] [INFO] 日志实例已初始化...
[2020-04-12 18:45:43:844] [vo.logVo.LogVo.<init>] [INFO] 日志实例已初始化...
[2020-04-12 18:45:43:845] [vo.logVo.LogVo.<init>] [INFO] 日志实例已初始化...
[2020-04-12 18:45:43:845] [vo.logVo.LogVo.<init>] [INFO] 日志实例已初始化...
[2020-04-12 18:45:43:846] [vo.logVo.LogVo.<init>] [INFO] 日志实例已初始化...
[2020-04-12 18:45:43:846] [vo.logVo.LogVo.<init>] [INFO] 日志实例已初始化...
[2020-04-12 18:45:43:846] [vo.logVo.LogVo.<init>] [INFO] 日志实例已初始化...
[2020-04-12 18:45:43:847] [vo.logVo.LogVo.<init>] [INFO] 日志实例已初始化...
[2020-04-12 18:45:43:847] [vo.logVo.LogVo.<init>] [INFO] 日志实例已初始化...
[2020-04-12 18:45:43:848] [vo.logVo.LogVo.<init>] [INFO] 日志实例已初始化...
[2020-04-12 18:45:43:848] [vo.logVo.LogVo.<init>] [INFO] 日志实例已初始化...
[2020-04-12 18:45:43:849] [vo.logVo.LogVo.<init>] [INFO] 日志实例已初始化...
[2020-04-12 18:45:43:850] [vo.logVo.LogVo.<init>] [INFO] 日志实例已初始化...
[2020-04-12 18:45:43:850] [vo.logVo.LogVo.<init>] [INFO] 日志实例已初始化...
[2020-04-12 18:45:43:851] [vo.logVo.LogVo.<init>] [INFO] 日志实例已初始化...
[2020-04-12 18:45:43:851] [vo.logVo.LogVo.<init>] [INFO] 日志实例已初始化...
[2020-04-12 18:45:43:852] [vo.logVo.LogVo.<init>] [INFO] 日志实例已初始化...
[2020-04-12 18:46:42:722] [aop.AnnotationCommenAop.writeLog] [INFO] 开始保存操作日志...
[2020-04-12 18:46:42:838] [aop.AnnotationCommenAop.writeLog] [INFO] 保存操作日志成功.
[2020-04-12 18:53:30:946] [vo.logVo.LogVo.<init>] [INFO] 日志实例已初始化...
[2020-04-12 18:53:30:947] [vo.logVo.LogVo.<init>] [INFO] 日志实例已初始化...
[2020-04-12 18:53:30:947] [vo.logVo.LogVo.<init>] [INFO] 日志实例已初始化...
[2020-04-12 18:53:30:948] [vo.logVo.LogVo.<init>] [INFO] 日志实例已初始化...
[2020-04-12 18:53:30:948] [vo.logVo.LogVo.<init>] [INFO] 日志实例已初始化...
[2020-04-12 18:53:30:949] [vo.logVo.LogVo.<init>] [INFO] 日志实例已初始化...
[2020-04-12 18:53:30:949] [vo.logVo.LogVo.<init>] [INFO] 日志实例已初始化...
[2020-04-12 18:53:30:950] [vo.logVo.LogVo.<init>] [INFO] 日志实例已初始化...
[2020-04-12 18:53:30:950] [vo.logVo.LogVo.<init>] [INFO] 日志实例已初始化...
[2020-04-12 18:53:30:951] [vo.logVo.LogVo.<init>] [INFO] 日志实例已初始化...
[2020-04-12 18:53:30:951] [vo.logVo.LogVo.<init>] [INFO] 日志实例已初始化...
[2020-04-12 18:53:30:951] [vo.logVo.LogVo.<init>] [INFO] 日志实例已初始化...
[2020-04-12 18:53:30:952] [vo.logVo.LogVo.<init>] [INFO] 日志实例已初始化...
[2020-04-12 18:53:30:952] [vo.logVo.LogVo.<init>] [INFO] 日志实例已初始化...
[2020-04-12 18:53:30:953] [vo.logVo.LogVo.<init>] [INFO] 日志实例已初始化...
[2020-04-12 18:53:30:953] [vo.logVo.LogVo.<init>] [INFO] 日志实例已初始化...
[2020-04-12 18:53:30:953] [vo.logVo.LogVo.<init>] [INFO] 日志实例已初始化...
[2020-04-12 18:53:30:953] [vo.logVo.LogVo.<init>] [INFO] 日志实例已初始化...
[2020-04-12 18:53:30:954] [vo.logVo.LogVo.<init>] [INFO] 日志实例已初始化...
[2020-04-12 18:53:30:954] [vo.logVo.LogVo.<init>] [INFO] 日志实例已初始化...
[2020-04-12 18:53:30:954] [vo.logVo.LogVo.<init>] [INFO] 日志实例已初始化...
[2020-04-12 18:53:30:954] [vo.logVo.LogVo.<init>] [INFO] 日志实例已初始化...
[2020-04-12 18:53:30:954] [vo.logVo.LogVo.<init>] [INFO] 日志实例已初始化...
[2020-04-12 18:53:30:955] [vo.logVo.LogVo.<init>] [INFO] 日志实例已初始化...
[2020-04-12 18:53:30:955] [vo.logVo.LogVo.<init>] [INFO] 日志实例已初始化...
[2020-04-12 18:53:30:955] [vo.logVo.LogVo.<init>] [INFO] 日志实例已初始化...
[2020-04-12 18:53:30:956] [vo.logVo.LogVo.<init>] [INFO] 日志实例已初始化...
[2020-04-12 18:53:30:956] [vo.logVo.LogVo.<init>] [INFO] 日志实例已初始化...
[2020-04-12 18:53:30:956] [vo.logVo.LogVo.<init>] [INFO] 日志实例已初始化...
[2020-04-12 18:53:30:957] [vo.logVo.LogVo.<init>] [INFO] 日志实例已初始化...
[2020-04-12 18:53:30:957] [vo.logVo.LogVo.<init>] [INFO] 日志实例已初始化...
[2020-04-12 18:53:30:957] [vo.logVo.LogVo.<init>] [INFO] 日志实例已初始化...
[2020-04-12 18:53:30:958] [vo.logVo.LogVo.<init>] [INFO] 日志实例已初始化...
[2020-04-12 18:53:30:959] [vo.logVo.LogVo.<init>] [INFO] 日志实例已初始化...
[2020-04-12 18:53:30:960] [vo.logVo.LogVo.<init>] [INFO] 日志实例已初始化...
[2020-04-12 18:53:30:961] [vo.logVo.LogVo.<init>] [INFO] 日志实例已初始化...
[2020-04-12 18:53:30:961] [vo.logVo.LogVo.<init>] [INFO] 日志实例已初始化...
[2020-04-12 18:53:30:962] [vo.logVo.LogVo.<init>] [INFO] 日志实例已初始化...
[2020-04-12 18:53:30:962] [vo.logVo.LogVo.<init>] [INFO] 日志实例已初始化...
[2020-04-12 18:53:30:963] [vo.logVo.LogVo.<init>] [INFO] 日志实例已初始化...
[2020-04-12 18:53:30:963] [vo.logVo.LogVo.<init>] [INFO] 日志实例已初始化...
[2020-04-12 18:53:30:963] [vo.logVo.LogVo.<init>] [INFO] 日志实例已初始化...
[2020-04-12 18:53:30:977] [vo.logVo.LogVo.<init>] [INFO] 日志实例已初始化...
[2020-04-12 18:53:30:978] [vo.logVo.LogVo.<init>] [INFO] 日志实例已初始化...
[2020-04-12 18:53:30:979] [vo.logVo.LogVo.<init>] [INFO] 日志实例已初始化...
[2020-04-12 18:53:30:979] [vo.logVo.LogVo.<init>] [INFO] 日志实例已初始化...
[2020-04-12 18:53:30:980] [vo.logVo.LogVo.<init>] [INFO] 日志实例已初始化...
[2020-04-12 18:53:30:980] [vo.logVo.LogVo.<init>] [INFO] 日志实例已初始化...
[2020-04-12 18:53:30:981] [vo.logVo.LogVo.<init>] [INFO] 日志实例已初始化...
[2020-04-12 18:53:30:981] [vo.logVo.LogVo.<init>] [INFO] 日志实例已初始化...
[2020-04-12 18:53:30:982] [vo.logVo.LogVo.<init>] [INFO] 日志实例已初始化...
[2020-04-12 18:53:30:982] [vo.logVo.LogVo.<init>] [INFO] 日志实例已初始化...
[2020-04-12 18:53:30:983] [vo.logVo.LogVo.<init>] [INFO] 日志实例已初始化...
[2020-04-12 18:53:30:983] [vo.logVo.LogVo.<init>] [INFO] 日志实例已初始化...
[2020-04-12 18:53:30:984] [vo.logVo.LogVo.<init>] [INFO] 日志实例已初始化...
[2020-04-12 18:53:30:984] [vo.logVo.LogVo.<init>] [INFO] 日志实例已初始化...
[2020-04-12 18:53:30:985] [vo.logVo.LogVo.<init>] [INFO] 日志实例已初始化...
[2020-04-12 18:53:30:985] [vo.logVo.LogVo.<init>] [INFO] 日志实例已初始化...
[2020-04-12 18:53:30:986] [vo.logVo.LogVo.<init>] [INFO] 日志实例已初始化...
[2020-04-12 18:53:30:986] [vo.logVo.LogVo.<init>] [INFO] 日志实例已初始化...
[2020-04-12 18:53:30:987] [vo.logVo.LogVo.<init>] [INFO] 日志实例已初始化...
[2020-04-12 18:53:30:987] [vo.logVo.LogVo.<init>] [INFO] 日志实例已初始化...
[2020-04-12 18:53:30:988] [vo.logVo.LogVo.<init>] [INFO] 日志实例已初始化...
[2020-04-12 18:53:30:988] [vo.logVo.LogVo.<init>] [INFO] 日志实例已初始化...
[2020-04-12 18:53:30:989] [vo.logVo.LogVo.<init>] [INFO] 日志实例已初始化...
[2020-04-12 18:53:30:989] [vo.logVo.LogVo.<init>] [INFO] 日志实例已初始化...
[2020-04-12 18:53:30:990] [vo.logVo.LogVo.<init>] [INFO] 日志实例已初始化...
[2020-04-12 18:53:30:990] [vo.logVo.LogVo.<init>] [INFO] 日志实例已初始化...
[2020-04-12 18:53:30:990] [vo.logVo.LogVo.<init>] [INFO] 日志实例已初始化...
[2020-04-12 18:53:30:990] [vo.logVo.LogVo.<init>] [INFO] 日志实例已初始化...
[2020-04-12 18:53:30:991] [vo.logVo.LogVo.<init>] [INFO] 日志实例已初始化...
[2020-04-12 18:53:30:991] [vo.logVo.LogVo.<init>] [INFO] 日志实例已初始化...
[2020-04-12 18:53:30:992] [vo.logVo.LogVo.<init>] [INFO] 日志实例已初始化...
[2020-04-12 18:53:30:992] [vo.logVo.LogVo.<init>] [INFO] 日志实例已初始化...
[2020-04-12 18:53:30:992] [vo.logVo.LogVo.<init>] [INFO] 日志实例已初始化...
[2020-04-12 18:53:30:993] [vo.logVo.LogVo.<init>] [INFO] 日志实例已初始化...
[2020-04-12 18:53:30:994] [vo.logVo.LogVo.<init>] [INFO] 日志实例已初始化...
[2020-04-12 18:53:30:994] [vo.logVo.LogVo.<init>] [INFO] 日志实例已初始化...
[2020-04-12 18:53:30:995] [vo.logVo.LogVo.<init>] [INFO] 日志实例已初始化...
[2020-04-12 18:53:30:995] [vo.logVo.LogVo.<init>] [INFO] 日志实例已初始化...
[2020-04-12 18:53:30:996] [vo.logVo.LogVo.<init>] [INFO] 日志实例已初始化...
[2020-04-12 18:53:30:996] [vo.logVo.LogVo.<init>] [INFO] 日志实例已初始化...
[2020-04-12 18:53:30:996] [vo.logVo.LogVo.<init>] [INFO] 日志实例已初始化...
[2020-04-12 18:53:30:997] [vo.logVo.LogVo.<init>] [INFO] 日志实例已初始化...
[2020-04-12 18:53:30:997] [vo.logVo.LogVo.<init>] [INFO] 日志实例已初始化...
[2020-04-12 18:53:30:998] [vo.logVo.LogVo.<init>] [INFO] 日志实例已初始化...
[2020-04-12 18:53:30:998] [vo.logVo.LogVo.<init>] [INFO] 日志实例已初始化...
[2020-04-12 18:53:30:999] [vo.logVo.LogVo.<init>] [INFO] 日志实例已初始化...
[2020-04-12 18:53:30:999] [vo.logVo.LogVo.<init>] [INFO] 日志实例已初始化...
[2020-04-12 18:53:31:000] [vo.logVo.LogVo.<init>] [INFO] 日志实例已初始化...
[2020-04-12 18:53:31:000] [vo.logVo.LogVo.<init>] [INFO] 日志实例已初始化...
[2020-04-12 18:53:31:000] [vo.logVo.LogVo.<init>] [INFO] 日志实例已初始化...
[2020-04-12 18:53:31:001] [vo.logVo.LogVo.<init>] [INFO] 日志实例已初始化...
[2020-04-12 18:53:31:001] [vo.logVo.LogVo.<init>] [INFO] 日志实例已初始化...
[2020-04-12 18:53:31:001] [vo.logVo.LogVo.<init>] [INFO] 日志实例已初始化...
[2020-04-12 18:53:31:002] [vo.logVo.LogVo.<init>] [INFO] 日志实例已初始化...
[2020-04-12 18:53:31:002] [vo.logVo.LogVo.<init>] [INFO] 日志实例已初始化...
[2020-04-12 18:53:31:002] [vo.logVo.LogVo.<init>] [INFO] 日志实例已初始化...
[2020-04-12 18:53:31:003] [vo.logVo.LogVo.<init>] [INFO] 日志实例已初始化...
[2020-04-12 18:53:31:003] [vo.logVo.LogVo.<init>] [INFO] 日志实例已初始化...
[2020-04-12 18:53:31:003] [vo.logVo.LogVo.<init>] [INFO] 日志实例已初始化...
[2020-04-12 18:53:31:004] [vo.logVo.LogVo.<init>] [INFO] 日志实例已初始化...
[2020-04-12 18:53:31:004] [vo.logVo.LogVo.<init>] [INFO] 日志实例已初始化...
[2020-04-12 18:53:31:005] [vo.logVo.LogVo.<init>] [INFO] 日志实例已初始化...
[2020-04-12 18:53:31:005] [vo.logVo.LogVo.<init>] [INFO] 日志实例已初始化...
[2020-04-12 18:53:31:005] [vo.logVo.LogVo.<init>] [INFO] 日志实例已初始化...
[2020-04-12 18:53:31:006] [vo.logVo.LogVo.<init>] [INFO] 日志实例已初始化...
[2020-04-12 18:53:31:006] [vo.logVo.LogVo.<init>] [INFO] 日志实例已初始化...
[2020-04-12 18:53:31:007] [vo.logVo.LogVo.<init>] [INFO] 日志实例已初始化...
[2020-04-12 18:53:31:007] [vo.logVo.LogVo.<init>] [INFO] 日志实例已初始化...
[2020-04-12 18:53:31:008] [vo.logVo.LogVo.<init>] [INFO] 日志实例已初始化...
[2020-04-12 18:53:31:009] [vo.logVo.LogVo.<init>] [INFO] 日志实例已初始化...
[2020-04-12 18:53:31:009] [vo.logVo.LogVo.<init>] [INFO] 日志实例已初始化...
[2020-04-12 18:53:31:010] [vo.logVo.LogVo.<init>] [INFO] 日志实例已初始化...
[2020-04-12 18:53:31:010] [vo.logVo.LogVo.<init>] [INFO] 日志实例已初始化...
[2020-04-12 18:53:31:011] [vo.logVo.LogVo.<init>] [INFO] 日志实例已初始化...
[2020-04-12 18:53:31:014] [vo.logVo.LogVo.<init>] [INFO] 日志实例已初始化...
[2020-04-12 18:53:31:015] [vo.logVo.LogVo.<init>] [INFO] 日志实例已初始化...
[2020-04-12 18:53:31:015] [vo.logVo.LogVo.<init>] [INFO] 日志实例已初始化...
[2020-04-12 18:53:31:016] [vo.logVo.LogVo.<init>] [INFO] 日志实例已初始化...
[2020-04-12 18:53:31:017] [vo.logVo.LogVo.<init>] [INFO] 日志实例已初始化...
[2020-04-12 18:53:31:017] [vo.logVo.LogVo.<init>] [INFO] 日志实例已初始化...
[2020-04-12 18:53:31:018] [vo.logVo.LogVo.<init>] [INFO] 日志实例已初始化...
[2020-04-12 18:53:31:018] [vo.logVo.LogVo.<init>] [INFO] 日志实例已初始化...
[2020-04-12 18:53:31:019] [vo.logVo.LogVo.<init>] [INFO] 日志实例已初始化...
[2020-04-12 18:53:31:019] [vo.logVo.LogVo.<init>] [INFO] 日志实例已初始化...
[2020-04-12 18:53:31:034] [vo.logVo.LogVo.<init>] [INFO] 日志实例已初始化...
[2020-04-12 18:53:31:034] [vo.logVo.LogVo.<init>] [INFO] 日志实例已初始化...
[2020-04-12 18:53:31:035] [vo.logVo.LogVo.<init>] [INFO] 日志实例已初始化...
[2020-04-12 18:53:31:035] [vo.logVo.LogVo.<init>] [INFO] 日志实例已初始化...
[2020-04-12 18:53:31:036] [vo.logVo.LogVo.<init>] [INFO] 日志实例已初始化...
[2020-04-12 18:53:31:036] [vo.logVo.LogVo.<init>] [INFO] 日志实例已初始化...
[2020-04-12 18:53:31:036] [vo.logVo.LogVo.<init>] [INFO] 日志实例已初始化...
[2020-04-12 18:53:31:037] [vo.logVo.LogVo.<init>] [INFO] 日志实例已初始化...
[2020-04-12 18:53:31:037] [vo.logVo.LogVo.<init>] [INFO] 日志实例已初始化...
[2020-04-12 18:53:31:038] [vo.logVo.LogVo.<init>] [INFO] 日志实例已初始化...
[2020-04-12 18:53:31:038] [vo.logVo.LogVo.<init>] [INFO] 日志实例已初始化...
[2020-04-12 18:53:31:039] [vo.logVo.LogVo.<init>] [INFO] 日志实例已初始化...
[2020-04-12 18:53:31:039] [vo.logVo.LogVo.<init>] [INFO] 日志实例已初始化...
[2020-04-12 18:53:31:040] [vo.logVo.LogVo.<init>] [INFO] 日志实例已初始化...
[2020-04-12 18:53:31:041] [vo.logVo.LogVo.<init>] [INFO] 日志实例已初始化...
[2020-04-12 18:53:31:042] [vo.logVo.LogVo.<init>] [INFO] 日志实例已初始化...
[2020-04-12 18:53:31:043] [vo.logVo.LogVo.<init>] [INFO] 日志实例已初始化...
[2020-04-12 18:53:31:043] [vo.logVo.LogVo.<init>] [INFO] 日志实例已初始化...
[2020-04-12 18:53:31:044] [vo.logVo.LogVo.<init>] [INFO] 日志实例已初始化...
[2020-04-12 18:53:31:044] [vo.logVo.LogVo.<init>] [INFO] 日志实例已初始化...
[2020-04-12 18:53:31:045] [vo.logVo.LogVo.<init>] [INFO] 日志实例已初始化...
[2020-04-12 18:53:31:045] [vo.logVo.LogVo.<init>] [INFO] 日志实例已初始化...
[2020-04-12 18:53:31:046] [vo.logVo.LogVo.<init>] [INFO] 日志实例已初始化...
[2020-04-12 18:53:31:046] [vo.logVo.LogVo.<init>] [INFO] 日志实例已初始化...
[2020-04-12 18:53:31:047] [vo.logVo.LogVo.<init>] [INFO] 日志实例已初始化...
[2020-04-12 18:53:31:047] [vo.logVo.LogVo.<init>] [INFO] 日志实例已初始化...
[2020-04-12 18:53:31:048] [vo.logVo.LogVo.<init>] [INFO] 日志实例已初始化...
[2020-04-12 18:53:31:049] [vo.logVo.LogVo.<init>] [INFO] 日志实例已初始化...
[2020-04-12 18:53:31:049] [vo.logVo.LogVo.<init>] [INFO] 日志实例已初始化...
[2020-04-12 18:53:31:050] [vo.logVo.LogVo.<init>] [INFO] 日志实例已初始化...
[2020-04-12 18:53:31:050] [vo.logVo.LogVo.<init>] [INFO] 日志实例已初始化...
[2020-04-12 18:53:31:051] [vo.logVo.LogVo.<init>] [INFO] 日志实例已初始化...
[2020-04-12 18:53:31:051] [vo.logVo.LogVo.<init>] [INFO] 日志实例已初始化...
[2020-04-12 18:53:31:052] [vo.logVo.LogVo.<init>] [INFO] 日志实例已初始化...
[2020-04-12 18:53:31:052] [vo.logVo.LogVo.<init>] [INFO] 日志实例已初始化...
[2020-04-12 18:53:31:052] [vo.logVo.LogVo.<init>] [INFO] 日志实例已初始化...
[2020-04-12 18:53:31:053] [vo.logVo.LogVo.<init>] [INFO] 日志实例已初始化...
[2020-04-12 18:53:31:053] [vo.logVo.LogVo.<init>] [INFO] 日志实例已初始化...
[2020-04-12 18:53:31:054] [vo.logVo.LogVo.<init>] [INFO] 日志实例已初始化...
[2020-04-12 18:53:31:054] [vo.logVo.LogVo.<init>] [INFO] 日志实例已初始化...
[2020-04-12 18:53:31:054] [vo.logVo.LogVo.<init>] [INFO] 日志实例已初始化...
[2020-04-12 18:53:31:055] [vo.logVo.LogVo.<init>] [INFO] 日志实例已初始化...
[2020-04-12 18:53:31:055] [vo.logVo.LogVo.<init>] [INFO] 日志实例已初始化...
[2020-04-12 18:53:31:056] [vo.logVo.LogVo.<init>] [INFO] 日志实例已初始化...
[2020-04-12 18:53:31:056] [vo.logVo.LogVo.<init>] [INFO] 日志实例已初始化...
[2020-04-12 18:53:31:057] [vo.logVo.LogVo.<init>] [INFO] 日志实例已初始化...
[2020-04-12 18:53:31:059] [vo.logVo.LogVo.<init>] [INFO] 日志实例已初始化...
[2020-04-12 18:53:31:060] [vo.logVo.LogVo.<init>] [INFO] 日志实例已初始化...
[2020-04-12 18:53:31:061] [vo.logVo.LogVo.<init>] [INFO] 日志实例已初始化...
[2020-04-12 18:53:31:061] [vo.logVo.LogVo.<init>] [INFO] 日志实例已初始化...
[2020-04-12 18:53:31:062] [vo.logVo.LogVo.<init>] [INFO] 日志实例已初始化...
[2020-04-12 18:53:31:062] [vo.logVo.LogVo.<init>] [INFO] 日志实例已初始化...
[2020-04-12 18:53:31:063] [vo.logVo.LogVo.<init>] [INFO] 日志实例已初始化...
[2020-04-12 18:53:31:063] [vo.logVo.LogVo.<init>] [INFO] 日志实例已初始化...
[2020-04-12 18:53:31:063] [vo.logVo.LogVo.<init>] [INFO] 日志实例已初始化...
[2020-04-12 18:53:31:064] [vo.logVo.LogVo.<init>] [INFO] 日志实例已初始化...
[2020-04-12 18:53:31:064] [vo.logVo.LogVo.<init>] [INFO] 日志实例已初始化...
[2020-04-12 18:53:31:065] [vo.logVo.LogVo.<init>] [INFO] 日志实例已初始化...
[2020-04-12 18:53:31:065] [vo.logVo.LogVo.<init>] [INFO] 日志实例已初始化...
[2020-04-12 18:53:31:066] [vo.logVo.LogVo.<init>] [INFO] 日志实例已初始化...
[2020-04-12 18:53:31:066] [vo.logVo.LogVo.<init>] [INFO] 日志实例已初始化...
[2020-04-12 18:53:31:067] [vo.logVo.LogVo.<init>] [INFO] 日志实例已初始化...
[2020-04-12 18:53:31:067] [vo.logVo.LogVo.<init>] [INFO] 日志实例已初始化...
[2020-04-12 18:53:31:067] [vo.logVo.LogVo.<init>] [INFO] 日志实例已初始化...
[2020-04-12 18:53:31:068] [vo.logVo.LogVo.<init>] [INFO] 日志实例已初始化...
[2020-04-12 18:53:31:068] [vo.logVo.LogVo.<init>] [INFO] 日志实例已初始化...
[2020-04-12 18:53:31:069] [vo.logVo.LogVo.<init>] [INFO] 日志实例已初始化...
[2020-04-12 18:53:31:069] [vo.logVo.LogVo.<init>] [INFO] 日志实例已初始化...
[2020-04-12 18:53:31:070] [vo.logVo.LogVo.<init>] [INFO] 日志实例已初始化...
[2020-04-12 18:53:31:070] [vo.logVo.LogVo.<init>] [INFO] 日志实例已初始化...
[2020-04-12 18:53:31:073] [vo.logVo.LogVo.<init>] [INFO] 日志实例已初始化...
[2020-04-12 18:53:31:077] [vo.logVo.LogVo.<init>] [INFO] 日志实例已初始化...
[2020-04-12 18:53:31:078] [vo.logVo.LogVo.<init>] [INFO] 日志实例已初始化...
[2020-04-12 18:53:31:078] [vo.logVo.LogVo.<init>] [INFO] 日志实例已初始化...
[2020-04-12 18:53:31:079] [vo.logVo.LogVo.<init>] [INFO] 日志实例已初始化...
[2020-04-12 18:53:31:079] [vo.logVo.LogVo.<init>] [INFO] 日志实例已初始化...
[2020-04-12 18:53:31:079] [vo.logVo.LogVo.<init>] [INFO] 日志实例已初始化...
[2020-04-12 18:53:31:080] [vo.logVo.LogVo.<init>] [INFO] 日志实例已初始化...
[2020-04-12 18:53:31:080] [vo.logVo.LogVo.<init>] [INFO] 日志实例已初始化...
[2020-04-12 18:53:31:080] [vo.logVo.LogVo.<init>] [INFO] 日志实例已初始化...
[2020-04-12 18:53:31:081] [vo.logVo.LogVo.<init>] [INFO] 日志实例已初始化...
[2020-04-12 18:53:31:081] [vo.logVo.LogVo.<init>] [INFO] 日志实例已初始化...
[2020-04-12 18:53:31:082] [vo.logVo.LogVo.<init>] [INFO] 日志实例已初始化...
[2020-04-12 18:53:31:082] [vo.logVo.LogVo.<init>] [INFO] 日志实例已初始化...
[2020-04-12 18:53:31:084] [vo.logVo.LogVo.<init>] [INFO] 日志实例已初始化...
[2020-04-12 18:53:31:085] [vo.logVo.LogVo.<init>] [INFO] 日志实例已初始化...
[2020-04-12 18:53:31:086] [vo.logVo.LogVo.<init>] [INFO] 日志实例已初始化...
[2020-04-12 18:53:31:088] [vo.logVo.LogVo.<init>] [INFO] 日志实例已初始化...
[2020-04-12 18:53:31:101] [vo.logVo.LogVo.<init>] [INFO] 日志实例已初始化...
[2020-04-12 18:53:31:107] [vo.logVo.LogVo.<init>] [INFO] 日志实例已初始化...
[2020-04-12 18:53:31:108] [vo.logVo.LogVo.<init>] [INFO] 日志实例已初始化...
[2020-04-12 18:53:31:110] [vo.logVo.LogVo.<init>] [INFO] 日志实例已初始化...
[2020-04-12 18:53:31:110] [vo.logVo.LogVo.<init>] [INFO] 日志实例已初始化...
[2020-04-12 18:53:31:111] [vo.logVo.LogVo.<init>] [INFO] 日志实例已初始化...
[2020-04-12 18:53:31:111] [vo.logVo.LogVo.<init>] [INFO] 日志实例已初始化...
[2020-04-12 18:53:31:112] [vo.logVo.LogVo.<init>] [INFO] 日志实例已初始化...
[2020-04-12 18:53:31:113] [vo.logVo.LogVo.<init>] [INFO] 日志实例已初始化...
[2020-04-12 18:53:31:115] [vo.logVo.LogVo.<init>] [INFO] 日志实例已初始化...
[2020-04-12 18:53:31:116] [vo.logVo.LogVo.<init>] [INFO] 日志实例已初始化...
[2020-04-12 18:53:31:116] [vo.logVo.LogVo.<init>] [INFO] 日志实例已初始化...
[2020-04-12 18:53:31:117] [vo.logVo.LogVo.<init>] [INFO] 日志实例已初始化...
[2020-04-12 18:53:31:120] [vo.logVo.LogVo.<init>] [INFO] 日志实例已初始化...
[2020-04-12 18:53:31:121] [vo.logVo.LogVo.<init>] [INFO] 日志实例已初始化...
[2020-04-12 18:53:31:122] [vo.logVo.LogVo.<init>] [INFO] 日志实例已初始化...
[2020-04-12 18:53:31:132] [vo.logVo.LogVo.<init>] [INFO] 日志实例已初始化...
[2020-04-12 18:53:31:133] [vo.logVo.LogVo.<init>] [INFO] 日志实例已初始化...
[2020-04-12 18:53:31:133] [vo.logVo.LogVo.<init>] [INFO] 日志实例已初始化...
[2020-04-12 18:53:31:134] [vo.logVo.LogVo.<init>] [INFO] 日志实例已初始化...
[2020-04-12 18:53:31:147] [vo.logVo.LogVo.<init>] [INFO] 日志实例已初始化...
[2020-04-12 18:53:31:148] [vo.logVo.LogVo.<init>] [INFO] 日志实例已初始化...
[2020-04-12 18:53:31:149] [vo.logVo.LogVo.<init>] [INFO] 日志实例已初始化...
[2020-04-12 18:53:31:150] [vo.logVo.LogVo.<init>] [INFO] 日志实例已初始化...
[2020-04-12 18:53:31:150] [vo.logVo.LogVo.<init>] [INFO] 日志实例已初始化...
[2020-04-12 18:53:31:151] [vo.logVo.LogVo.<init>] [INFO] 日志实例已初始化...
[2020-04-12 18:53:31:151] [vo.logVo.LogVo.<init>] [INFO] 日志实例已初始化...
[2020-04-12 18:53:31:154] [vo.logVo.LogVo.<init>] [INFO] 日志实例已初始化...
[2020-04-12 18:53:31:155] [vo.logVo.LogVo.<init>] [INFO] 日志实例已初始化...
[2020-04-12 18:53:31:156] [vo.logVo.LogVo.<init>] [INFO] 日志实例已初始化...
[2020-04-12 18:53:31:156] [vo.logVo.LogVo.<init>] [INFO] 日志实例已初始化...
[2020-04-12 18:53:31:157] [vo.logVo.LogVo.<init>] [INFO] 日志实例已初始化...
[2020-04-12 18:53:31:158] [vo.logVo.LogVo.<init>] [INFO] 日志实例已初始化...
[2020-04-12 18:53:31:160] [vo.logVo.LogVo.<init>] [INFO] 日志实例已初始化...
[2020-04-12 18:53:31:162] [vo.logVo.LogVo.<init>] [INFO] 日志实例已初始化...
[2020-04-12 18:53:31:163] [vo.logVo.LogVo.<init>] [INFO] 日志实例已初始化...
[2020-04-12 18:53:31:163] [vo.logVo.LogVo.<init>] [INFO] 日志实例已初始化...
[2020-04-12 18:53:31:164] [vo.logVo.LogVo.<init>] [INFO] 日志实例已初始化...
[2020-04-12 18:53:31:164] [vo.logVo.LogVo.<init>] [INFO] 日志实例已初始化...
[2020-04-12 18:53:31:165] [vo.logVo.LogVo.<init>] [INFO] 日志实例已初始化...
[2020-04-12 18:53:31:165] [vo.logVo.LogVo.<init>] [INFO] 日志实例已初始化...
[2020-04-12 18:53:31:166] [vo.logVo.LogVo.<init>] [INFO] 日志实例已初始化...
[2020-04-12 18:53:31:167] [vo.logVo.LogVo.<init>] [INFO] 日志实例已初始化...
[2020-04-12 18:53:31:168] [vo.logVo.LogVo.<init>] [INFO] 日志实例已初始化...
[2020-04-12 18:53:31:169] [vo.logVo.LogVo.<init>] [INFO] 日志实例已初始化...
[2020-04-12 18:53:31:170] [vo.logVo.LogVo.<init>] [INFO] 日志实例已初始化...
[2020-04-12 18:53:31:171] [vo.logVo.LogVo.<init>] [INFO] 日志实例已初始化...
[2020-04-12 18:53:31:172] [vo.logVo.LogVo.<init>] [INFO] 日志实例已初始化...
[2020-04-12 18:53:31:173] [vo.logVo.LogVo.<init>] [INFO] 日志实例已初始化...
[2020-04-12 18:53:31:174] [vo.logVo.LogVo.<init>] [INFO] 日志实例已初始化...
[2020-04-12 18:53:31:175] [vo.logVo.LogVo.<init>] [INFO] 日志实例已初始化...
[2020-04-12 18:53:31:176] [vo.logVo.LogVo.<init>] [INFO] 日志实例已初始化...
[2020-04-12 18:53:31:176] [vo.logVo.LogVo.<init>] [INFO] 日志实例已初始化...
[2020-04-12 18:53:31:177] [vo.logVo.LogVo.<init>] [INFO] 日志实例已初始化...
[2020-04-12 18:53:31:177] [vo.logVo.LogVo.<init>] [INFO] 日志实例已初始化...
[2020-04-12 18:53:31:178] [vo.logVo.LogVo.<init>] [INFO] 日志实例已初始化...
[2020-04-12 18:53:31:178] [vo.logVo.LogVo.<init>] [INFO] 日志实例已初始化...
[2020-04-12 18:53:31:178] [vo.logVo.LogVo.<init>] [INFO] 日志实例已初始化...
[2020-04-12 18:53:31:179] [vo.logVo.LogVo.<init>] [INFO] 日志实例已初始化...
[2020-04-12 18:53:31:179] [vo.logVo.LogVo.<init>] [INFO] 日志实例已初始化...
[2020-04-12 18:53:31:180] [vo.logVo.LogVo.<init>] [INFO] 日志实例已初始化...
[2020-04-12 18:53:31:180] [vo.logVo.LogVo.<init>] [INFO] 日志实例已初始化...
[2020-04-12 18:53:31:180] [vo.logVo.LogVo.<init>] [INFO] 日志实例已初始化...
[2020-04-12 18:53:31:181] [vo.logVo.LogVo.<init>] [INFO] 日志实例已初始化...
[2020-04-12 18:53:31:181] [vo.logVo.LogVo.<init>] [INFO] 日志实例已初始化...
[2020-04-12 18:53:31:181] [vo.logVo.LogVo.<init>] [INFO] 日志实例已初始化...
[2020-04-12 18:53:31:182] [vo.logVo.LogVo.<init>] [INFO] 日志实例已初始化...
[2020-04-12 18:53:31:183] [vo.logVo.LogVo.<init>] [INFO] 日志实例已初始化...
[2020-04-12 18:53:31:184] [vo.logVo.LogVo.<init>] [INFO] 日志实例已初始化...
[2020-04-12 18:53:31:184] [vo.logVo.LogVo.<init>] [INFO] 日志实例已初始化...
[2020-04-12 18:53:31:185] [vo.logVo.LogVo.<init>] [INFO] 日志实例已初始化...
[2020-04-12 18:53:31:185] [vo.logVo.LogVo.<init>] [INFO] 日志实例已初始化...
[2020-04-12 18:53:31:185] [vo.logVo.LogVo.<init>] [INFO] 日志实例已初始化...
[2020-04-12 18:53:31:186] [vo.logVo.LogVo.<init>] [INFO] 日志实例已初始化...
[2020-04-12 18:53:31:186] [vo.logVo.LogVo.<init>] [INFO] 日志实例已初始化...
[2020-04-12 18:53:31:187] [vo.logVo.LogVo.<init>] [INFO] 日志实例已初始化...
[2020-04-12 18:53:31:187] [vo.logVo.LogVo.<init>] [INFO] 日志实例已初始化...
[2020-04-12 18:53:31:188] [vo.logVo.LogVo.<init>] [INFO] 日志实例已初始化...
[2020-04-12 18:53:31:189] [vo.logVo.LogVo.<init>] [INFO] 日志实例已初始化...
[2020-04-12 18:53:31:189] [vo.logVo.LogVo.<init>] [INFO] 日志实例已初始化...
[2020-04-12 18:53:31:191] [vo.logVo.LogVo.<init>] [INFO] 日志实例已初始化...
[2020-04-12 18:53:31:192] [vo.logVo.LogVo.<init>] [INFO] 日志实例已初始化...
[2020-04-12 18:53:31:193] [vo.logVo.LogVo.<init>] [INFO] 日志实例已初始化...
[2020-04-12 18:53:31:194] [vo.logVo.LogVo.<init>] [INFO] 日志实例已初始化...
[2020-04-12 18:53:31:197] [vo.logVo.LogVo.<init>] [INFO] 日志实例已初始化...
[2020-04-12 18:53:31:198] [vo.logVo.LogVo.<init>] [INFO] 日志实例已初始化...
[2020-04-12 18:53:31:199] [vo.logVo.LogVo.<init>] [INFO] 日志实例已初始化...
[2020-04-12 18:53:31:199] [vo.logVo.LogVo.<init>] [INFO] 日志实例已初始化...
[2020-04-12 18:53:31:200] [vo.logVo.LogVo.<init>] [INFO] 日志实例已初始化...
[2020-04-12 18:53:31:201] [vo.logVo.LogVo.<init>] [INFO] 日志实例已初始化...
[2020-04-12 18:53:31:202] [vo.logVo.LogVo.<init>] [INFO] 日志实例已初始化...
[2020-04-12 18:53:31:202] [vo.logVo.LogVo.<init>] [INFO] 日志实例已初始化...
[2020-04-12 18:53:31:203] [vo.logVo.LogVo.<init>] [INFO] 日志实例已初始化...
[2020-04-12 18:53:31:204] [vo.logVo.LogVo.<init>] [INFO] 日志实例已初始化...
[2020-04-12 18:53:31:204] [vo.logVo.LogVo.<init>] [INFO] 日志实例已初始化...
[2020-04-12 18:53:31:205] [vo.logVo.LogVo.<init>] [INFO] 日志实例已初始化...
[2020-04-12 18:53:31:205] [vo.logVo.LogVo.<init>] [INFO] 日志实例已初始化...
[2020-04-12 18:53:31:206] [vo.logVo.LogVo.<init>] [INFO] 日志实例已初始化...
[2020-04-12 18:53:31:212] [vo.logVo.LogVo.<init>] [INFO] 日志实例已初始化...
[2020-04-12 18:53:31:212] [vo.logVo.LogVo.<init>] [INFO] 日志实例已初始化...
[2020-04-12 18:53:31:213] [vo.logVo.LogVo.<init>] [INFO] 日志实例已初始化...
[2020-04-12 18:53:31:214] [vo.logVo.LogVo.<init>] [INFO] 日志实例已初始化...
[2020-04-12 18:53:31:215] [vo.logVo.LogVo.<init>] [INFO] 日志实例已初始化...
[2020-04-12 18:53:31:215] [vo.logVo.LogVo.<init>] [INFO] 日志实例已初始化...
[2020-04-12 18:53:31:216] [vo.logVo.LogVo.<init>] [INFO] 日志实例已初始化...
[2020-04-12 18:53:31:216] [vo.logVo.LogVo.<init>] [INFO] 日志实例已初始化...
[2020-04-12 18:53:31:217] [vo.logVo.LogVo.<init>] [INFO] 日志实例已初始化...
[2020-04-12 18:53:31:218] [vo.logVo.LogVo.<init>] [INFO] 日志实例已初始化...
[2020-04-12 18:53:31:219] [vo.logVo.LogVo.<init>] [INFO] 日志实例已初始化...
[2020-04-12 18:53:31:219] [vo.logVo.LogVo.<init>] [INFO] 日志实例已初始化...
[2020-04-12 18:53:31:221] [vo.logVo.LogVo.<init>] [INFO] 日志实例已初始化...
[2020-04-12 18:53:31:222] [vo.logVo.LogVo.<init>] [INFO] 日志实例已初始化...
[2020-04-12 18:53:31:223] [vo.logVo.LogVo.<init>] [INFO] 日志实例已初始化...
[2020-04-12 18:53:31:227] [vo.logVo.LogVo.<init>] [INFO] 日志实例已初始化...
[2020-04-12 18:53:31:228] [vo.logVo.LogVo.<init>] [INFO] 日志实例已初始化...
[2020-04-12 18:53:31:229] [vo.logVo.LogVo.<init>] [INFO] 日志实例已初始化...
[2020-04-12 18:53:31:230] [vo.logVo.LogVo.<init>] [INFO] 日志实例已初始化...
[2020-04-12 18:53:31:230] [vo.logVo.LogVo.<init>] [INFO] 日志实例已初始化...
[2020-04-12 18:53:31:231] [vo.logVo.LogVo.<init>] [INFO] 日志实例已初始化...
[2020-04-12 18:53:31:231] [vo.logVo.LogVo.<init>] [INFO] 日志实例已初始化...
[2020-04-12 18:53:31:232] [vo.logVo.LogVo.<init>] [INFO] 日志实例已初始化...
[2020-04-12 18:53:31:232] [vo.logVo.LogVo.<init>] [INFO] 日志实例已初始化...
[2020-04-12 18:53:31:232] [vo.logVo.LogVo.<init>] [INFO] 日志实例已初始化...
[2020-04-12 18:53:31:233] [vo.logVo.LogVo.<init>] [INFO] 日志实例已初始化...
[2020-04-12 18:53:31:233] [vo.logVo.LogVo.<init>] [INFO] 日志实例已初始化...
[2020-04-12 18:53:31:234] [vo.logVo.LogVo.<init>] [INFO] 日志实例已初始化...
[2020-04-12 18:53:31:234] [vo.logVo.LogVo.<init>] [INFO] 日志实例已初始化...
[2020-04-12 18:53:31:234] [vo.logVo.LogVo.<init>] [INFO] 日志实例已初始化...
[2020-04-12 18:53:31:235] [vo.logVo.LogVo.<init>] [INFO] 日志实例已初始化...
[2020-04-12 18:53:31:235] [vo.logVo.LogVo.<init>] [INFO] 日志实例已初始化...
[2020-04-12 18:53:31:236] [vo.logVo.LogVo.<init>] [INFO] 日志实例已初始化...
[2020-04-12 18:53:31:236] [vo.logVo.LogVo.<init>] [INFO] 日志实例已初始化...
[2020-04-12 18:53:31:236] [vo.logVo.LogVo.<init>] [INFO] 日志实例已初始化...
[2020-04-12 18:53:31:237] [vo.logVo.LogVo.<init>] [INFO] 日志实例已初始化...
[2020-04-12 18:53:31:237] [vo.logVo.LogVo.<init>] [INFO] 日志实例已初始化...
[2020-04-12 18:53:31:237] [vo.logVo.LogVo.<init>] [INFO] 日志实例已初始化...
[2020-04-12 18:53:31:238] [vo.logVo.LogVo.<init>] [INFO] 日志实例已初始化...
[2020-04-12 18:53:31:239] [vo.logVo.LogVo.<init>] [INFO] 日志实例已初始化...
[2020-04-12 18:53:31:239] [vo.logVo.LogVo.<init>] [INFO] 日志实例已初始化...
[2020-04-12 18:53:31:240] [vo.logVo.LogVo.<init>] [INFO] 日志实例已初始化...
[2020-04-12 18:53:31:240] [vo.logVo.LogVo.<init>] [INFO] 日志实例已初始化...
[2020-04-12 18:53:31:241] [vo.logVo.LogVo.<init>] [INFO] 日志实例已初始化...
[2020-04-12 18:53:31:243] [vo.logVo.LogVo.<init>] [INFO] 日志实例已初始化...
[2020-04-12 18:53:31:245] [vo.logVo.LogVo.<init>] [INFO] 日志实例已初始化...
[2020-04-12 18:53:31:245] [vo.logVo.LogVo.<init>] [INFO] 日志实例已初始化...
[2020-04-12 18:53:31:246] [vo.logVo.LogVo.<init>] [INFO] 日志实例已初始化...
[2020-04-12 18:53:31:246] [vo.logVo.LogVo.<init>] [INFO] 日志实例已初始化...
[2020-04-12 18:53:31:246] [vo.logVo.LogVo.<init>] [INFO] 日志实例已初始化...
[2020-04-12 18:53:31:246] [vo.logVo.LogVo.<init>] [INFO] 日志实例已初始化...
[2020-04-12 18:53:31:247] [vo.logVo.LogVo.<init>] [INFO] 日志实例已初始化...
[2020-04-12 18:53:31:247] [vo.logVo.LogVo.<init>] [INFO] 日志实例已初始化...
[2020-04-12 18:53:31:248] [vo.logVo.LogVo.<init>] [INFO] 日志实例已初始化...
[2020-04-12 18:53:31:248] [vo.logVo.LogVo.<init>] [INFO] 日志实例已初始化...
[2020-04-12 18:53:31:248] [vo.logVo.LogVo.<init>] [INFO] 日志实例已初始化...
[2020-04-12 18:53:31:249] [vo.logVo.LogVo.<init>] [INFO] 日志实例已初始化...
[2020-04-12 18:53:31:249] [vo.logVo.LogVo.<init>] [INFO] 日志实例已初始化...
[2020-04-12 18:53:31:249] [vo.logVo.LogVo.<init>] [INFO] 日志实例已初始化...
[2020-04-12 18:53:31:250] [vo.logVo.LogVo.<init>] [INFO] 日志实例已初始化...
[2020-04-12 18:53:31:250] [vo.logVo.LogVo.<init>] [INFO] 日志实例已初始化...
[2020-04-12 18:53:31:251] [vo.logVo.LogVo.<init>] [INFO] 日志实例已初始化...
[2020-04-12 18:53:31:251] [vo.logVo.LogVo.<init>] [INFO] 日志实例已初始化...
[2020-04-12 18:53:31:251] [vo.logVo.LogVo.<init>] [INFO] 日志实例已初始化...
[2020-04-12 18:53:31:252] [vo.logVo.LogVo.<init>] [INFO] 日志实例已初始化...
[2020-04-12 18:53:31:252] [vo.logVo.LogVo.<init>] [INFO] 日志实例已初始化...
[2020-04-12 18:53:31:252] [vo.logVo.LogVo.<init>] [INFO] 日志实例已初始化...
[2020-04-12 18:53:31:253] [vo.logVo.LogVo.<init>] [INFO] 日志实例已初始化...
[2020-04-12 18:53:31:253] [vo.logVo.LogVo.<init>] [INFO] 日志实例已初始化...
[2020-04-12 18:53:31:254] [vo.logVo.LogVo.<init>] [INFO] 日志实例已初始化...
[2020-04-12 18:53:31:254] [vo.logVo.LogVo.<init>] [INFO] 日志实例已初始化...
[2020-04-12 18:53:31:254] [vo.logVo.LogVo.<init>] [INFO] 日志实例已初始化...
[2020-04-12 18:53:31:255] [vo.logVo.LogVo.<init>] [INFO] 日志实例已初始化...
[2020-04-12 18:53:31:255] [vo.logVo.LogVo.<init>] [INFO] 日志实例已初始化...
[2020-04-12 18:53:31:255] [vo.logVo.LogVo.<init>] [INFO] 日志实例已初始化...
[2020-04-12 18:53:31:256] [vo.logVo.LogVo.<init>] [INFO] 日志实例已初始化...
[2020-04-12 18:53:31:256] [vo.logVo.LogVo.<init>] [INFO] 日志实例已初始化...
[2020-04-12 18:53:31:256] [vo.logVo.LogVo.<init>] [INFO] 日志实例已初始化...
[2020-04-12 18:53:31:256] [vo.logVo.LogVo.<init>] [INFO] 日志实例已初始化...
[2020-04-12 18:53:31:265] [vo.logVo.LogVo.<init>] [INFO] 日志实例已初始化...
[2020-04-12 18:53:31:268] [vo.logVo.LogVo.<init>] [INFO] 日志实例已初始化...
[2020-04-12 18:53:31:331] [action.userAction.LoginAction.execute] [INFO] 该用户已登录，请稍后再试！
[2020-04-12 18:53:52:890] [vo.logVo.LogVo.<init>] [INFO] 日志实例已初始化...
[2020-04-12 18:53:52:891] [vo.logVo.LogVo.<init>] [INFO] 日志实例已初始化...
[2020-04-12 18:53:52:891] [vo.logVo.LogVo.<init>] [INFO] 日志实例已初始化...
[2020-04-12 18:53:52:892] [vo.logVo.LogVo.<init>] [INFO] 日志实例已初始化...
[2020-04-12 18:53:52:892] [vo.logVo.LogVo.<init>] [INFO] 日志实例已初始化...
[2020-04-12 18:53:52:893] [vo.logVo.LogVo.<init>] [INFO] 日志实例已初始化...
[2020-04-12 18:53:52:893] [vo.logVo.LogVo.<init>] [INFO] 日志实例已初始化...
[2020-04-12 18:53:52:893] [vo.logVo.LogVo.<init>] [INFO] 日志实例已初始化...
[2020-04-12 18:53:52:894] [vo.logVo.LogVo.<init>] [INFO] 日志实例已初始化...
[2020-04-12 18:53:52:894] [vo.logVo.LogVo.<init>] [INFO] 日志实例已初始化...
[2020-04-12 18:53:52:894] [vo.logVo.LogVo.<init>] [INFO] 日志实例已初始化...
[2020-04-12 18:53:52:894] [vo.logVo.LogVo.<init>] [INFO] 日志实例已初始化...
[2020-04-12 18:53:52:895] [vo.logVo.LogVo.<init>] [INFO] 日志实例已初始化...
[2020-04-12 18:53:52:895] [vo.logVo.LogVo.<init>] [INFO] 日志实例已初始化...
[2020-04-12 18:53:52:896] [vo.logVo.LogVo.<init>] [INFO] 日志实例已初始化...
[2020-04-12 18:53:52:896] [vo.logVo.LogVo.<init>] [INFO] 日志实例已初始化...
[2020-04-12 18:53:52:897] [vo.logVo.LogVo.<init>] [INFO] 日志实例已初始化...
[2020-04-12 18:53:52:897] [vo.logVo.LogVo.<init>] [INFO] 日志实例已初始化...
[2020-04-12 18:53:52:898] [vo.logVo.LogVo.<init>] [INFO] 日志实例已初始化...
[2020-04-12 18:53:52:898] [vo.logVo.LogVo.<init>] [INFO] 日志实例已初始化...
[2020-04-12 18:53:52:899] [vo.logVo.LogVo.<init>] [INFO] 日志实例已初始化...
[2020-04-12 18:53:52:899] [vo.logVo.LogVo.<init>] [INFO] 日志实例已初始化...
[2020-04-12 18:53:52:900] [vo.logVo.LogVo.<init>] [INFO] 日志实例已初始化...
[2020-04-12 18:53:52:901] [vo.logVo.LogVo.<init>] [INFO] 日志实例已初始化...
[2020-04-12 18:53:52:902] [vo.logVo.LogVo.<init>] [INFO] 日志实例已初始化...
[2020-04-12 18:53:52:903] [vo.logVo.LogVo.<init>] [INFO] 日志实例已初始化...
[2020-04-12 18:53:52:903] [vo.logVo.LogVo.<init>] [INFO] 日志实例已初始化...
[2020-04-12 18:53:52:904] [vo.logVo.LogVo.<init>] [INFO] 日志实例已初始化...
[2020-04-12 18:53:52:904] [vo.logVo.LogVo.<init>] [INFO] 日志实例已初始化...
[2020-04-12 18:53:52:905] [vo.logVo.LogVo.<init>] [INFO] 日志实例已初始化...
[2020-04-12 18:53:52:906] [vo.logVo.LogVo.<init>] [INFO] 日志实例已初始化...
[2020-04-12 18:53:52:906] [vo.logVo.LogVo.<init>] [INFO] 日志实例已初始化...
[2020-04-12 18:53:52:906] [vo.logVo.LogVo.<init>] [INFO] 日志实例已初始化...
[2020-04-12 18:53:52:907] [vo.logVo.LogVo.<init>] [INFO] 日志实例已初始化...
[2020-04-12 18:53:52:907] [vo.logVo.LogVo.<init>] [INFO] 日志实例已初始化...
[2020-04-12 18:53:52:907] [vo.logVo.LogVo.<init>] [INFO] 日志实例已初始化...
[2020-04-12 18:53:52:908] [vo.logVo.LogVo.<init>] [INFO] 日志实例已初始化...
[2020-04-12 18:53:52:908] [vo.logVo.LogVo.<init>] [INFO] 日志实例已初始化...
[2020-04-12 18:53:52:909] [vo.logVo.LogVo.<init>] [INFO] 日志实例已初始化...
[2020-04-12 18:53:52:909] [vo.logVo.LogVo.<init>] [INFO] 日志实例已初始化...
[2020-04-12 18:53:52:910] [vo.logVo.LogVo.<init>] [INFO] 日志实例已初始化...
[2020-04-12 18:53:52:910] [vo.logVo.LogVo.<init>] [INFO] 日志实例已初始化...
[2020-04-12 18:53:52:910] [vo.logVo.LogVo.<init>] [INFO] 日志实例已初始化...
[2020-04-12 18:53:52:911] [vo.logVo.LogVo.<init>] [INFO] 日志实例已初始化...
[2020-04-12 18:53:52:911] [vo.logVo.LogVo.<init>] [INFO] 日志实例已初始化...
[2020-04-12 18:53:52:911] [vo.logVo.LogVo.<init>] [INFO] 日志实例已初始化...
[2020-04-12 18:53:52:911] [vo.logVo.LogVo.<init>] [INFO] 日志实例已初始化...
[2020-04-12 18:53:52:912] [vo.logVo.LogVo.<init>] [INFO] 日志实例已初始化...
[2020-04-12 18:53:52:912] [vo.logVo.LogVo.<init>] [INFO] 日志实例已初始化...
[2020-04-12 18:53:52:912] [vo.logVo.LogVo.<init>] [INFO] 日志实例已初始化...
[2020-04-12 18:53:52:913] [vo.logVo.LogVo.<init>] [INFO] 日志实例已初始化...
[2020-04-12 18:53:52:913] [vo.logVo.LogVo.<init>] [INFO] 日志实例已初始化...
[2020-04-12 18:53:52:913] [vo.logVo.LogVo.<init>] [INFO] 日志实例已初始化...
[2020-04-12 18:53:52:913] [vo.logVo.LogVo.<init>] [INFO] 日志实例已初始化...
[2020-04-12 18:53:52:914] [vo.logVo.LogVo.<init>] [INFO] 日志实例已初始化...
[2020-04-12 18:53:52:914] [vo.logVo.LogVo.<init>] [INFO] 日志实例已初始化...
[2020-04-12 18:53:52:914] [vo.logVo.LogVo.<init>] [INFO] 日志实例已初始化...
[2020-04-12 18:53:52:914] [vo.logVo.LogVo.<init>] [INFO] 日志实例已初始化...
[2020-04-12 18:53:52:915] [vo.logVo.LogVo.<init>] [INFO] 日志实例已初始化...
[2020-04-12 18:53:52:915] [vo.logVo.LogVo.<init>] [INFO] 日志实例已初始化...
[2020-04-12 18:53:52:915] [vo.logVo.LogVo.<init>] [INFO] 日志实例已初始化...
[2020-04-12 18:53:52:915] [vo.logVo.LogVo.<init>] [INFO] 日志实例已初始化...
[2020-04-12 18:53:52:915] [vo.logVo.LogVo.<init>] [INFO] 日志实例已初始化...
[2020-04-12 18:53:52:916] [vo.logVo.LogVo.<init>] [INFO] 日志实例已初始化...
[2020-04-12 18:53:52:916] [vo.logVo.LogVo.<init>] [INFO] 日志实例已初始化...
[2020-04-12 18:53:52:917] [vo.logVo.LogVo.<init>] [INFO] 日志实例已初始化...
[2020-04-12 18:53:52:917] [vo.logVo.LogVo.<init>] [INFO] 日志实例已初始化...
[2020-04-12 18:53:52:918] [vo.logVo.LogVo.<init>] [INFO] 日志实例已初始化...
[2020-04-12 18:53:52:919] [vo.logVo.LogVo.<init>] [INFO] 日志实例已初始化...
[2020-04-12 18:53:52:919] [vo.logVo.LogVo.<init>] [INFO] 日志实例已初始化...
[2020-04-12 18:53:52:920] [vo.logVo.LogVo.<init>] [INFO] 日志实例已初始化...
[2020-04-12 18:53:52:921] [vo.logVo.LogVo.<init>] [INFO] 日志实例已初始化...
[2020-04-12 18:53:52:921] [vo.logVo.LogVo.<init>] [INFO] 日志实例已初始化...
[2020-04-12 18:53:52:922] [vo.logVo.LogVo.<init>] [INFO] 日志实例已初始化...
[2020-04-12 18:53:52:923] [vo.logVo.LogVo.<init>] [INFO] 日志实例已初始化...
[2020-04-12 18:53:52:923] [vo.logVo.LogVo.<init>] [INFO] 日志实例已初始化...
[2020-04-12 18:53:52:924] [vo.logVo.LogVo.<init>] [INFO] 日志实例已初始化...
[2020-04-12 18:53:52:924] [vo.logVo.LogVo.<init>] [INFO] 日志实例已初始化...
[2020-04-12 18:53:52:925] [vo.logVo.LogVo.<init>] [INFO] 日志实例已初始化...
[2020-04-12 18:53:52:925] [vo.logVo.LogVo.<init>] [INFO] 日志实例已初始化...
[2020-04-12 18:53:52:926] [vo.logVo.LogVo.<init>] [INFO] 日志实例已初始化...
[2020-04-12 18:53:52:926] [vo.logVo.LogVo.<init>] [INFO] 日志实例已初始化...
[2020-04-12 18:53:52:927] [vo.logVo.LogVo.<init>] [INFO] 日志实例已初始化...
[2020-04-12 18:53:52:927] [vo.logVo.LogVo.<init>] [INFO] 日志实例已初始化...
[2020-04-12 18:53:52:927] [vo.logVo.LogVo.<init>] [INFO] 日志实例已初始化...
[2020-04-12 18:53:52:928] [vo.logVo.LogVo.<init>] [INFO] 日志实例已初始化...
[2020-04-12 18:53:52:928] [vo.logVo.LogVo.<init>] [INFO] 日志实例已初始化...
[2020-04-12 18:53:52:928] [vo.logVo.LogVo.<init>] [INFO] 日志实例已初始化...
[2020-04-12 18:53:52:929] [vo.logVo.LogVo.<init>] [INFO] 日志实例已初始化...
[2020-04-12 18:53:52:929] [vo.logVo.LogVo.<init>] [INFO] 日志实例已初始化...
[2020-04-12 18:53:52:930] [vo.logVo.LogVo.<init>] [INFO] 日志实例已初始化...
[2020-04-12 18:53:52:930] [vo.logVo.LogVo.<init>] [INFO] 日志实例已初始化...
[2020-04-12 18:53:52:930] [vo.logVo.LogVo.<init>] [INFO] 日志实例已初始化...
[2020-04-12 18:53:52:931] [vo.logVo.LogVo.<init>] [INFO] 日志实例已初始化...
[2020-04-12 18:53:52:931] [vo.logVo.LogVo.<init>] [INFO] 日志实例已初始化...
[2020-04-12 18:53:52:932] [vo.logVo.LogVo.<init>] [INFO] 日志实例已初始化...
[2020-04-12 18:53:52:932] [vo.logVo.LogVo.<init>] [INFO] 日志实例已初始化...
[2020-04-12 18:53:52:933] [vo.logVo.LogVo.<init>] [INFO] 日志实例已初始化...
[2020-04-12 18:53:52:934] [vo.logVo.LogVo.<init>] [INFO] 日志实例已初始化...
[2020-04-12 18:53:52:935] [vo.logVo.LogVo.<init>] [INFO] 日志实例已初始化...
[2020-04-12 18:53:52:935] [vo.logVo.LogVo.<init>] [INFO] 日志实例已初始化...
[2020-04-12 18:53:52:936] [vo.logVo.LogVo.<init>] [INFO] 日志实例已初始化...
[2020-04-12 18:53:52:937] [vo.logVo.LogVo.<init>] [INFO] 日志实例已初始化...
[2020-04-12 18:53:52:938] [vo.logVo.LogVo.<init>] [INFO] 日志实例已初始化...
[2020-04-12 18:53:52:938] [vo.logVo.LogVo.<init>] [INFO] 日志实例已初始化...
[2020-04-12 18:53:52:939] [vo.logVo.LogVo.<init>] [INFO] 日志实例已初始化...
[2020-04-12 18:53:52:939] [vo.logVo.LogVo.<init>] [INFO] 日志实例已初始化...
[2020-04-12 18:53:52:940] [vo.logVo.LogVo.<init>] [INFO] 日志实例已初始化...
[2020-04-12 18:53:52:940] [vo.logVo.LogVo.<init>] [INFO] 日志实例已初始化...
[2020-04-12 18:53:52:941] [vo.logVo.LogVo.<init>] [INFO] 日志实例已初始化...
[2020-04-12 18:53:52:941] [vo.logVo.LogVo.<init>] [INFO] 日志实例已初始化...
[2020-04-12 18:53:52:941] [vo.logVo.LogVo.<init>] [INFO] 日志实例已初始化...
[2020-04-12 18:53:52:942] [vo.logVo.LogVo.<init>] [INFO] 日志实例已初始化...
[2020-04-12 18:53:52:942] [vo.logVo.LogVo.<init>] [INFO] 日志实例已初始化...
[2020-04-12 18:53:52:942] [vo.logVo.LogVo.<init>] [INFO] 日志实例已初始化...
[2020-04-12 18:53:52:943] [vo.logVo.LogVo.<init>] [INFO] 日志实例已初始化...
[2020-04-12 18:53:52:943] [vo.logVo.LogVo.<init>] [INFO] 日志实例已初始化...
[2020-04-12 18:53:52:944] [vo.logVo.LogVo.<init>] [INFO] 日志实例已初始化...
[2020-04-12 18:53:52:944] [vo.logVo.LogVo.<init>] [INFO] 日志实例已初始化...
[2020-04-12 18:53:52:945] [vo.logVo.LogVo.<init>] [INFO] 日志实例已初始化...
[2020-04-12 18:53:52:945] [vo.logVo.LogVo.<init>] [INFO] 日志实例已初始化...
[2020-04-12 18:53:52:945] [vo.logVo.LogVo.<init>] [INFO] 日志实例已初始化...
[2020-04-12 18:53:52:946] [vo.logVo.LogVo.<init>] [INFO] 日志实例已初始化...
[2020-04-12 18:53:52:946] [vo.logVo.LogVo.<init>] [INFO] 日志实例已初始化...
[2020-04-12 18:53:52:947] [vo.logVo.LogVo.<init>] [INFO] 日志实例已初始化...
[2020-04-12 18:53:52:947] [vo.logVo.LogVo.<init>] [INFO] 日志实例已初始化...
[2020-04-12 18:53:52:947] [vo.logVo.LogVo.<init>] [INFO] 日志实例已初始化...
[2020-04-12 18:53:52:948] [vo.logVo.LogVo.<init>] [INFO] 日志实例已初始化...
[2020-04-12 18:53:52:948] [vo.logVo.LogVo.<init>] [INFO] 日志实例已初始化...
[2020-04-12 18:53:52:949] [vo.logVo.LogVo.<init>] [INFO] 日志实例已初始化...
[2020-04-12 18:53:52:949] [vo.logVo.LogVo.<init>] [INFO] 日志实例已初始化...
[2020-04-12 18:53:52:950] [vo.logVo.LogVo.<init>] [INFO] 日志实例已初始化...
[2020-04-12 18:53:52:951] [vo.logVo.LogVo.<init>] [INFO] 日志实例已初始化...
[2020-04-12 18:53:52:951] [vo.logVo.LogVo.<init>] [INFO] 日志实例已初始化...
[2020-04-12 18:53:52:951] [vo.logVo.LogVo.<init>] [INFO] 日志实例已初始化...
[2020-04-12 18:53:52:952] [vo.logVo.LogVo.<init>] [INFO] 日志实例已初始化...
[2020-04-12 18:53:52:952] [vo.logVo.LogVo.<init>] [INFO] 日志实例已初始化...
[2020-04-12 18:53:52:953] [vo.logVo.LogVo.<init>] [INFO] 日志实例已初始化...
[2020-04-12 18:53:52:953] [vo.logVo.LogVo.<init>] [INFO] 日志实例已初始化...
[2020-04-12 18:53:52:954] [vo.logVo.LogVo.<init>] [INFO] 日志实例已初始化...
[2020-04-12 18:53:52:955] [vo.logVo.LogVo.<init>] [INFO] 日志实例已初始化...
[2020-04-12 18:53:52:955] [vo.logVo.LogVo.<init>] [INFO] 日志实例已初始化...
[2020-04-12 18:53:52:956] [vo.logVo.LogVo.<init>] [INFO] 日志实例已初始化...
[2020-04-12 18:53:52:957] [vo.logVo.LogVo.<init>] [INFO] 日志实例已初始化...
[2020-04-12 18:53:52:957] [vo.logVo.LogVo.<init>] [INFO] 日志实例已初始化...
[2020-04-12 18:53:52:957] [vo.logVo.LogVo.<init>] [INFO] 日志实例已初始化...
[2020-04-12 18:53:52:958] [vo.logVo.LogVo.<init>] [INFO] 日志实例已初始化...
[2020-04-12 18:53:52:958] [vo.logVo.LogVo.<init>] [INFO] 日志实例已初始化...
[2020-04-12 18:53:52:959] [vo.logVo.LogVo.<init>] [INFO] 日志实例已初始化...
[2020-04-12 18:53:52:959] [vo.logVo.LogVo.<init>] [INFO] 日志实例已初始化...
[2020-04-12 18:53:52:960] [vo.logVo.LogVo.<init>] [INFO] 日志实例已初始化...
[2020-04-12 18:53:52:960] [vo.logVo.LogVo.<init>] [INFO] 日志实例已初始化...
[2020-04-12 18:53:52:961] [vo.logVo.LogVo.<init>] [INFO] 日志实例已初始化...
[2020-04-12 18:53:52:961] [vo.logVo.LogVo.<init>] [INFO] 日志实例已初始化...
[2020-04-12 18:53:52:962] [vo.logVo.LogVo.<init>] [INFO] 日志实例已初始化...
[2020-04-12 18:53:52:962] [vo.logVo.LogVo.<init>] [INFO] 日志实例已初始化...
[2020-04-12 18:53:52:962] [vo.logVo.LogVo.<init>] [INFO] 日志实例已初始化...
[2020-04-12 18:53:52:963] [vo.logVo.LogVo.<init>] [INFO] 日志实例已初始化...
[2020-04-12 18:53:52:963] [vo.logVo.LogVo.<init>] [INFO] 日志实例已初始化...
[2020-04-12 18:53:52:963] [vo.logVo.LogVo.<init>] [INFO] 日志实例已初始化...
[2020-04-12 18:53:52:964] [vo.logVo.LogVo.<init>] [INFO] 日志实例已初始化...
[2020-04-12 18:53:52:964] [vo.logVo.LogVo.<init>] [INFO] 日志实例已初始化...
[2020-04-12 18:53:52:964] [vo.logVo.LogVo.<init>] [INFO] 日志实例已初始化...
[2020-04-12 18:53:52:964] [vo.logVo.LogVo.<init>] [INFO] 日志实例已初始化...
[2020-04-12 18:53:52:965] [vo.logVo.LogVo.<init>] [INFO] 日志实例已初始化...
[2020-04-12 18:53:52:965] [vo.logVo.LogVo.<init>] [INFO] 日志实例已初始化...
[2020-04-12 18:53:52:965] [vo.logVo.LogVo.<init>] [INFO] 日志实例已初始化...
[2020-04-12 18:53:52:965] [vo.logVo.LogVo.<init>] [INFO] 日志实例已初始化...
[2020-04-12 18:53:52:966] [vo.logVo.LogVo.<init>] [INFO] 日志实例已初始化...
[2020-04-12 18:53:52:966] [vo.logVo.LogVo.<init>] [INFO] 日志实例已初始化...
[2020-04-12 18:53:52:966] [vo.logVo.LogVo.<init>] [INFO] 日志实例已初始化...
[2020-04-12 18:53:52:967] [vo.logVo.LogVo.<init>] [INFO] 日志实例已初始化...
[2020-04-12 18:53:52:967] [vo.logVo.LogVo.<init>] [INFO] 日志实例已初始化...
[2020-04-12 18:53:52:967] [vo.logVo.LogVo.<init>] [INFO] 日志实例已初始化...
[2020-04-12 18:53:52:967] [vo.logVo.LogVo.<init>] [INFO] 日志实例已初始化...
[2020-04-12 18:53:52:967] [vo.logVo.LogVo.<init>] [INFO] 日志实例已初始化...
[2020-04-12 18:53:52:968] [vo.logVo.LogVo.<init>] [INFO] 日志实例已初始化...
[2020-04-12 18:53:52:968] [vo.logVo.LogVo.<init>] [INFO] 日志实例已初始化...
[2020-04-12 18:53:52:968] [vo.logVo.LogVo.<init>] [INFO] 日志实例已初始化...
[2020-04-12 18:53:52:969] [vo.logVo.LogVo.<init>] [INFO] 日志实例已初始化...
[2020-04-12 18:53:52:969] [vo.logVo.LogVo.<init>] [INFO] 日志实例已初始化...
[2020-04-12 18:53:52:970] [vo.logVo.LogVo.<init>] [INFO] 日志实例已初始化...
[2020-04-12 18:53:52:971] [vo.logVo.LogVo.<init>] [INFO] 日志实例已初始化...
[2020-04-12 18:53:52:972] [vo.logVo.LogVo.<init>] [INFO] 日志实例已初始化...
[2020-04-12 18:53:52:972] [vo.logVo.LogVo.<init>] [INFO] 日志实例已初始化...
[2020-04-12 18:53:52:973] [vo.logVo.LogVo.<init>] [INFO] 日志实例已初始化...
[2020-04-12 18:53:52:973] [vo.logVo.LogVo.<init>] [INFO] 日志实例已初始化...
[2020-04-12 18:53:52:974] [vo.logVo.LogVo.<init>] [INFO] 日志实例已初始化...
[2020-04-12 18:53:52:974] [vo.logVo.LogVo.<init>] [INFO] 日志实例已初始化...
[2020-04-12 18:53:52:974] [vo.logVo.LogVo.<init>] [INFO] 日志实例已初始化...
[2020-04-12 18:53:52:975] [vo.logVo.LogVo.<init>] [INFO] 日志实例已初始化...
[2020-04-12 18:53:52:975] [vo.logVo.LogVo.<init>] [INFO] 日志实例已初始化...
[2020-04-12 18:53:52:975] [vo.logVo.LogVo.<init>] [INFO] 日志实例已初始化...
[2020-04-12 18:53:52:975] [vo.logVo.LogVo.<init>] [INFO] 日志实例已初始化...
[2020-04-12 18:53:52:976] [vo.logVo.LogVo.<init>] [INFO] 日志实例已初始化...
[2020-04-12 18:53:52:976] [vo.logVo.LogVo.<init>] [INFO] 日志实例已初始化...
[2020-04-12 18:53:52:976] [vo.logVo.LogVo.<init>] [INFO] 日志实例已初始化...
[2020-04-12 18:53:52:976] [vo.logVo.LogVo.<init>] [INFO] 日志实例已初始化...
[2020-04-12 18:53:52:981] [vo.logVo.LogVo.<init>] [INFO] 日志实例已初始化...
[2020-04-12 18:53:52:982] [vo.logVo.LogVo.<init>] [INFO] 日志实例已初始化...
[2020-04-12 18:53:52:983] [vo.logVo.LogVo.<init>] [INFO] 日志实例已初始化...
[2020-04-12 18:53:52:983] [vo.logVo.LogVo.<init>] [INFO] 日志实例已初始化...
[2020-04-12 18:53:52:984] [vo.logVo.LogVo.<init>] [INFO] 日志实例已初始化...
[2020-04-12 18:53:52:984] [vo.logVo.LogVo.<init>] [INFO] 日志实例已初始化...
[2020-04-12 18:53:52:985] [vo.logVo.LogVo.<init>] [INFO] 日志实例已初始化...
[2020-04-12 18:53:52:985] [vo.logVo.LogVo.<init>] [INFO] 日志实例已初始化...
[2020-04-12 18:53:52:986] [vo.logVo.LogVo.<init>] [INFO] 日志实例已初始化...
[2020-04-12 18:53:52:989] [vo.logVo.LogVo.<init>] [INFO] 日志实例已初始化...
[2020-04-12 18:53:52:990] [vo.logVo.LogVo.<init>] [INFO] 日志实例已初始化...
[2020-04-12 18:53:52:990] [vo.logVo.LogVo.<init>] [INFO] 日志实例已初始化...
[2020-04-12 18:53:52:991] [vo.logVo.LogVo.<init>] [INFO] 日志实例已初始化...
[2020-04-12 18:53:52:991] [vo.logVo.LogVo.<init>] [INFO] 日志实例已初始化...
[2020-04-12 18:53:52:992] [vo.logVo.LogVo.<init>] [INFO] 日志实例已初始化...
[2020-04-12 18:53:52:992] [vo.logVo.LogVo.<init>] [INFO] 日志实例已初始化...
[2020-04-12 18:53:52:993] [vo.logVo.LogVo.<init>] [INFO] 日志实例已初始化...
[2020-04-12 18:53:52:993] [vo.logVo.LogVo.<init>] [INFO] 日志实例已初始化...
[2020-04-12 18:53:52:993] [vo.logVo.LogVo.<init>] [INFO] 日志实例已初始化...
[2020-04-12 18:53:52:994] [vo.logVo.LogVo.<init>] [INFO] 日志实例已初始化...
[2020-04-12 18:53:52:994] [vo.logVo.LogVo.<init>] [INFO] 日志实例已初始化...
[2020-04-12 18:53:52:994] [vo.logVo.LogVo.<init>] [INFO] 日志实例已初始化...
[2020-04-12 18:53:52:994] [vo.logVo.LogVo.<init>] [INFO] 日志实例已初始化...
[2020-04-12 18:53:52:995] [vo.logVo.LogVo.<init>] [INFO] 日志实例已初始化...
[2020-04-12 18:53:52:995] [vo.logVo.LogVo.<init>] [INFO] 日志实例已初始化...
[2020-04-12 18:53:52:996] [vo.logVo.LogVo.<init>] [INFO] 日志实例已初始化...
[2020-04-12 18:53:52:996] [vo.logVo.LogVo.<init>] [INFO] 日志实例已初始化...
[2020-04-12 18:53:52:996] [vo.logVo.LogVo.<init>] [INFO] 日志实例已初始化...
[2020-04-12 18:53:52:996] [vo.logVo.LogVo.<init>] [INFO] 日志实例已初始化...
[2020-04-12 18:53:52:997] [vo.logVo.LogVo.<init>] [INFO] 日志实例已初始化...
[2020-04-12 18:53:52:997] [vo.logVo.LogVo.<init>] [INFO] 日志实例已初始化...
[2020-04-12 18:53:52:997] [vo.logVo.LogVo.<init>] [INFO] 日志实例已初始化...
[2020-04-12 18:53:52:998] [vo.logVo.LogVo.<init>] [INFO] 日志实例已初始化...
[2020-04-12 18:53:52:998] [vo.logVo.LogVo.<init>] [INFO] 日志实例已初始化...
[2020-04-12 18:53:52:998] [vo.logVo.LogVo.<init>] [INFO] 日志实例已初始化...
[2020-04-12 18:53:52:999] [vo.logVo.LogVo.<init>] [INFO] 日志实例已初始化...
[2020-04-12 18:53:52:999] [vo.logVo.LogVo.<init>] [INFO] 日志实例已初始化...
[2020-04-12 18:53:52:999] [vo.logVo.LogVo.<init>] [INFO] 日志实例已初始化...
[2020-04-12 18:53:52:999] [vo.logVo.LogVo.<init>] [INFO] 日志实例已初始化...
[2020-04-12 18:53:53:000] [vo.logVo.LogVo.<init>] [INFO] 日志实例已初始化...
[2020-04-12 18:53:53:000] [vo.logVo.LogVo.<init>] [INFO] 日志实例已初始化...
[2020-04-12 18:53:53:000] [vo.logVo.LogVo.<init>] [INFO] 日志实例已初始化...
[2020-04-12 18:53:53:000] [vo.logVo.LogVo.<init>] [INFO] 日志实例已初始化...
[2020-04-12 18:53:53:001] [vo.logVo.LogVo.<init>] [INFO] 日志实例已初始化...
[2020-04-12 18:53:53:001] [vo.logVo.LogVo.<init>] [INFO] 日志实例已初始化...
[2020-04-12 18:53:53:002] [vo.logVo.LogVo.<init>] [INFO] 日志实例已初始化...
[2020-04-12 18:53:53:002] [vo.logVo.LogVo.<init>] [INFO] 日志实例已初始化...
[2020-04-12 18:53:53:003] [vo.logVo.LogVo.<init>] [INFO] 日志实例已初始化...
[2020-04-12 18:53:53:004] [vo.logVo.LogVo.<init>] [INFO] 日志实例已初始化...
[2020-04-12 18:53:53:004] [vo.logVo.LogVo.<init>] [INFO] 日志实例已初始化...
[2020-04-12 18:53:53:005] [vo.logVo.LogVo.<init>] [INFO] 日志实例已初始化...
[2020-04-12 18:53:53:005] [vo.logVo.LogVo.<init>] [INFO] 日志实例已初始化...
[2020-04-12 18:53:53:005] [vo.logVo.LogVo.<init>] [INFO] 日志实例已初始化...
[2020-04-12 18:53:53:006] [vo.logVo.LogVo.<init>] [INFO] 日志实例已初始化...
[2020-04-12 18:53:53:006] [vo.logVo.LogVo.<init>] [INFO] 日志实例已初始化...
[2020-04-12 18:53:53:007] [vo.logVo.LogVo.<init>] [INFO] 日志实例已初始化...
[2020-04-12 18:53:53:007] [vo.logVo.LogVo.<init>] [INFO] 日志实例已初始化...
[2020-04-12 18:53:53:007] [vo.logVo.LogVo.<init>] [INFO] 日志实例已初始化...
[2020-04-12 18:53:53:008] [vo.logVo.LogVo.<init>] [INFO] 日志实例已初始化...
[2020-04-12 18:53:53:010] [vo.logVo.LogVo.<init>] [INFO] 日志实例已初始化...
[2020-04-12 18:53:53:011] [vo.logVo.LogVo.<init>] [INFO] 日志实例已初始化...
[2020-04-12 18:53:53:011] [vo.logVo.LogVo.<init>] [INFO] 日志实例已初始化...
[2020-04-12 18:53:53:012] [vo.logVo.LogVo.<init>] [INFO] 日志实例已初始化...
[2020-04-12 18:53:53:012] [vo.logVo.LogVo.<init>] [INFO] 日志实例已初始化...
[2020-04-12 18:53:53:012] [vo.logVo.LogVo.<init>] [INFO] 日志实例已初始化...
[2020-04-12 18:53:53:013] [vo.logVo.LogVo.<init>] [INFO] 日志实例已初始化...
[2020-04-12 18:53:53:013] [vo.logVo.LogVo.<init>] [INFO] 日志实例已初始化...
[2020-04-12 18:53:53:013] [vo.logVo.LogVo.<init>] [INFO] 日志实例已初始化...
[2020-04-12 18:53:53:013] [vo.logVo.LogVo.<init>] [INFO] 日志实例已初始化...
[2020-04-12 18:53:53:014] [vo.logVo.LogVo.<init>] [INFO] 日志实例已初始化...
[2020-04-12 18:53:53:014] [vo.logVo.LogVo.<init>] [INFO] 日志实例已初始化...
[2020-04-12 18:53:53:014] [vo.logVo.LogVo.<init>] [INFO] 日志实例已初始化...
[2020-04-12 18:53:53:015] [vo.logVo.LogVo.<init>] [INFO] 日志实例已初始化...
[2020-04-12 18:53:53:015] [vo.logVo.LogVo.<init>] [INFO] 日志实例已初始化...
[2020-04-12 18:53:53:015] [vo.logVo.LogVo.<init>] [INFO] 日志实例已初始化...
[2020-04-12 18:53:53:015] [vo.logVo.LogVo.<init>] [INFO] 日志实例已初始化...
[2020-04-12 18:53:53:016] [vo.logVo.LogVo.<init>] [INFO] 日志实例已初始化...
[2020-04-12 18:53:53:016] [vo.logVo.LogVo.<init>] [INFO] 日志实例已初始化...
[2020-04-12 18:53:53:016] [vo.logVo.LogVo.<init>] [INFO] 日志实例已初始化...
[2020-04-12 18:53:53:016] [vo.logVo.LogVo.<init>] [INFO] 日志实例已初始化...
[2020-04-12 18:53:53:017] [vo.logVo.LogVo.<init>] [INFO] 日志实例已初始化...
[2020-04-12 18:53:53:017] [vo.logVo.LogVo.<init>] [INFO] 日志实例已初始化...
[2020-04-12 18:53:53:017] [vo.logVo.LogVo.<init>] [INFO] 日志实例已初始化...
[2020-04-12 18:53:53:017] [vo.logVo.LogVo.<init>] [INFO] 日志实例已初始化...
[2020-04-12 18:53:53:018] [vo.logVo.LogVo.<init>] [INFO] 日志实例已初始化...
[2020-04-12 18:53:53:018] [vo.logVo.LogVo.<init>] [INFO] 日志实例已初始化...
[2020-04-12 18:53:53:018] [vo.logVo.LogVo.<init>] [INFO] 日志实例已初始化...
[2020-04-12 18:53:53:019] [vo.logVo.LogVo.<init>] [INFO] 日志实例已初始化...
[2020-04-12 18:53:53:019] [vo.logVo.LogVo.<init>] [INFO] 日志实例已初始化...
[2020-04-12 18:53:53:021] [vo.logVo.LogVo.<init>] [INFO] 日志实例已初始化...
[2020-04-12 18:53:53:022] [vo.logVo.LogVo.<init>] [INFO] 日志实例已初始化...
[2020-04-12 18:53:53:023] [vo.logVo.LogVo.<init>] [INFO] 日志实例已初始化...
[2020-04-12 18:53:53:023] [vo.logVo.LogVo.<init>] [INFO] 日志实例已初始化...
[2020-04-12 18:53:53:023] [vo.logVo.LogVo.<init>] [INFO] 日志实例已初始化...
[2020-04-12 18:53:53:024] [vo.logVo.LogVo.<init>] [INFO] 日志实例已初始化...
[2020-04-12 18:53:53:024] [vo.logVo.LogVo.<init>] [INFO] 日志实例已初始化...
[2020-04-12 18:53:53:025] [vo.logVo.LogVo.<init>] [INFO] 日志实例已初始化...
[2020-04-12 18:53:53:025] [vo.logVo.LogVo.<init>] [INFO] 日志实例已初始化...
[2020-04-12 18:53:53:026] [vo.logVo.LogVo.<init>] [INFO] 日志实例已初始化...
[2020-04-12 18:53:53:026] [vo.logVo.LogVo.<init>] [INFO] 日志实例已初始化...
[2020-04-12 18:53:53:027] [vo.logVo.LogVo.<init>] [INFO] 日志实例已初始化...
[2020-04-12 18:53:53:027] [vo.logVo.LogVo.<init>] [INFO] 日志实例已初始化...
[2020-04-12 18:53:53:027] [vo.logVo.LogVo.<init>] [INFO] 日志实例已初始化...
[2020-04-12 18:53:53:028] [vo.logVo.LogVo.<init>] [INFO] 日志实例已初始化...
[2020-04-12 18:53:53:028] [vo.logVo.LogVo.<init>] [INFO] 日志实例已初始化...
[2020-04-12 18:53:53:029] [vo.logVo.LogVo.<init>] [INFO] 日志实例已初始化...
[2020-04-12 18:53:53:029] [vo.logVo.LogVo.<init>] [INFO] 日志实例已初始化...
[2020-04-12 18:53:53:029] [vo.logVo.LogVo.<init>] [INFO] 日志实例已初始化...
[2020-04-12 18:53:53:030] [vo.logVo.LogVo.<init>] [INFO] 日志实例已初始化...
[2020-04-12 18:53:53:030] [vo.logVo.LogVo.<init>] [INFO] 日志实例已初始化...
[2020-04-12 18:53:53:031] [vo.logVo.LogVo.<init>] [INFO] 日志实例已初始化...
[2020-04-12 18:53:53:031] [vo.logVo.LogVo.<init>] [INFO] 日志实例已初始化...
[2020-04-12 18:53:53:031] [vo.logVo.LogVo.<init>] [INFO] 日志实例已初始化...
[2020-04-12 18:53:53:031] [vo.logVo.LogVo.<init>] [INFO] 日志实例已初始化...
[2020-04-12 18:53:53:032] [vo.logVo.LogVo.<init>] [INFO] 日志实例已初始化...
[2020-04-12 18:53:53:032] [vo.logVo.LogVo.<init>] [INFO] 日志实例已初始化...
[2020-04-12 18:53:53:032] [vo.logVo.LogVo.<init>] [INFO] 日志实例已初始化...
[2020-04-12 18:53:53:032] [vo.logVo.LogVo.<init>] [INFO] 日志实例已初始化...
[2020-04-12 18:53:53:033] [vo.logVo.LogVo.<init>] [INFO] 日志实例已初始化...
[2020-04-12 18:53:53:033] [vo.logVo.LogVo.<init>] [INFO] 日志实例已初始化...
[2020-04-12 18:53:53:033] [vo.logVo.LogVo.<init>] [INFO] 日志实例已初始化...
[2020-04-12 18:53:53:033] [vo.logVo.LogVo.<init>] [INFO] 日志实例已初始化...
[2020-04-12 18:53:53:034] [vo.logVo.LogVo.<init>] [INFO] 日志实例已初始化...
[2020-04-12 18:53:53:034] [vo.logVo.LogVo.<init>] [INFO] 日志实例已初始化...
[2020-04-12 18:53:53:035] [vo.logVo.LogVo.<init>] [INFO] 日志实例已初始化...
[2020-04-12 18:53:53:035] [vo.logVo.LogVo.<init>] [INFO] 日志实例已初始化...
[2020-04-12 18:53:53:035] [vo.logVo.LogVo.<init>] [INFO] 日志实例已初始化...
[2020-04-12 18:53:53:036] [vo.logVo.LogVo.<init>] [INFO] 日志实例已初始化...
[2020-04-12 18:53:53:036] [vo.logVo.LogVo.<init>] [INFO] 日志实例已初始化...
[2020-04-12 18:53:53:037] [vo.logVo.LogVo.<init>] [INFO] 日志实例已初始化...
[2020-04-12 18:53:53:037] [vo.logVo.LogVo.<init>] [INFO] 日志实例已初始化...
[2020-04-12 18:53:53:038] [vo.logVo.LogVo.<init>] [INFO] 日志实例已初始化...
[2020-04-12 18:53:53:039] [vo.logVo.LogVo.<init>] [INFO] 日志实例已初始化...
[2020-04-12 18:53:53:041] [vo.logVo.LogVo.<init>] [INFO] 日志实例已初始化...
[2020-04-12 18:53:53:042] [vo.logVo.LogVo.<init>] [INFO] 日志实例已初始化...
[2020-04-12 18:53:53:044] [vo.logVo.LogVo.<init>] [INFO] 日志实例已初始化...
[2020-04-12 18:53:53:044] [vo.logVo.LogVo.<init>] [INFO] 日志实例已初始化...
[2020-04-12 18:53:53:044] [vo.logVo.LogVo.<init>] [INFO] 日志实例已初始化...
[2020-04-12 18:53:53:045] [vo.logVo.LogVo.<init>] [INFO] 日志实例已初始化...
[2020-04-12 18:53:53:045] [vo.logVo.LogVo.<init>] [INFO] 日志实例已初始化...
[2020-04-12 18:53:53:046] [vo.logVo.LogVo.<init>] [INFO] 日志实例已初始化...
[2020-04-12 18:53:53:046] [vo.logVo.LogVo.<init>] [INFO] 日志实例已初始化...
[2020-04-12 18:53:53:046] [vo.logVo.LogVo.<init>] [INFO] 日志实例已初始化...
[2020-04-12 18:53:53:046] [vo.logVo.LogVo.<init>] [INFO] 日志实例已初始化...
[2020-04-12 18:53:53:047] [vo.logVo.LogVo.<init>] [INFO] 日志实例已初始化...
[2020-04-12 18:53:53:047] [vo.logVo.LogVo.<init>] [INFO] 日志实例已初始化...
[2020-04-12 18:53:53:047] [vo.logVo.LogVo.<init>] [INFO] 日志实例已初始化...
[2020-04-12 18:53:53:048] [vo.logVo.LogVo.<init>] [INFO] 日志实例已初始化...
[2020-04-12 18:53:53:049] [vo.logVo.LogVo.<init>] [INFO] 日志实例已初始化...
[2020-04-12 18:53:53:049] [vo.logVo.LogVo.<init>] [INFO] 日志实例已初始化...
[2020-04-12 18:53:53:050] [vo.logVo.LogVo.<init>] [INFO] 日志实例已初始化...
[2020-04-12 18:53:53:050] [vo.logVo.LogVo.<init>] [INFO] 日志实例已初始化...
[2020-04-12 18:53:53:051] [vo.logVo.LogVo.<init>] [INFO] 日志实例已初始化...
[2020-04-12 18:53:53:052] [vo.logVo.LogVo.<init>] [INFO] 日志实例已初始化...
[2020-04-12 18:53:53:058] [vo.logVo.LogVo.<init>] [INFO] 日志实例已初始化...
[2020-04-12 18:53:53:059] [vo.logVo.LogVo.<init>] [INFO] 日志实例已初始化...
[2020-04-12 18:53:53:060] [vo.logVo.LogVo.<init>] [INFO] 日志实例已初始化...
[2020-04-12 18:53:53:060] [vo.logVo.LogVo.<init>] [INFO] 日志实例已初始化...
[2020-04-12 18:53:53:060] [vo.logVo.LogVo.<init>] [INFO] 日志实例已初始化...
[2020-04-12 18:53:53:061] [vo.logVo.LogVo.<init>] [INFO] 日志实例已初始化...
[2020-04-12 18:53:53:061] [vo.logVo.LogVo.<init>] [INFO] 日志实例已初始化...
[2020-04-12 18:53:53:062] [vo.logVo.LogVo.<init>] [INFO] 日志实例已初始化...
[2020-04-12 18:53:53:062] [vo.logVo.LogVo.<init>] [INFO] 日志实例已初始化...
[2020-04-12 18:53:53:062] [vo.logVo.LogVo.<init>] [INFO] 日志实例已初始化...
[2020-04-12 18:53:53:062] [vo.logVo.LogVo.<init>] [INFO] 日志实例已初始化...
[2020-04-12 18:53:53:063] [vo.logVo.LogVo.<init>] [INFO] 日志实例已初始化...
[2020-04-12 18:53:53:063] [vo.logVo.LogVo.<init>] [INFO] 日志实例已初始化...
[2020-04-12 18:53:53:063] [vo.logVo.LogVo.<init>] [INFO] 日志实例已初始化...
[2020-04-12 18:53:53:063] [vo.logVo.LogVo.<init>] [INFO] 日志实例已初始化...
[2020-04-12 18:53:53:064] [vo.logVo.LogVo.<init>] [INFO] 日志实例已初始化...
[2020-04-12 18:53:53:064] [vo.logVo.LogVo.<init>] [INFO] 日志实例已初始化...
[2020-04-12 18:53:53:064] [vo.logVo.LogVo.<init>] [INFO] 日志实例已初始化...
[2020-04-12 18:53:53:064] [vo.logVo.LogVo.<init>] [INFO] 日志实例已初始化...
[2020-04-12 18:53:53:065] [vo.logVo.LogVo.<init>] [INFO] 日志实例已初始化...
[2020-04-12 18:53:53:065] [vo.logVo.LogVo.<init>] [INFO] 日志实例已初始化...
[2020-04-12 18:53:53:065] [vo.logVo.LogVo.<init>] [INFO] 日志实例已初始化...
[2020-04-12 18:53:53:065] [vo.logVo.LogVo.<init>] [INFO] 日志实例已初始化...
[2020-04-12 18:53:53:066] [vo.logVo.LogVo.<init>] [INFO] 日志实例已初始化...
[2020-04-12 18:53:53:066] [vo.logVo.LogVo.<init>] [INFO] 日志实例已初始化...
[2020-04-12 18:53:53:066] [vo.logVo.LogVo.<init>] [INFO] 日志实例已初始化...
[2020-04-12 18:53:53:066] [vo.logVo.LogVo.<init>] [INFO] 日志实例已初始化...
[2020-04-12 18:53:53:067] [vo.logVo.LogVo.<init>] [INFO] 日志实例已初始化...
[2020-04-12 18:53:53:067] [vo.logVo.LogVo.<init>] [INFO] 日志实例已初始化...
[2020-04-12 18:53:53:068] [vo.logVo.LogVo.<init>] [INFO] 日志实例已初始化...
[2020-04-12 18:53:53:068] [vo.logVo.LogVo.<init>] [INFO] 日志实例已初始化...
[2020-04-12 18:53:53:068] [vo.logVo.LogVo.<init>] [INFO] 日志实例已初始化...
[2020-04-12 18:53:53:069] [vo.logVo.LogVo.<init>] [INFO] 日志实例已初始化...
[2020-04-12 18:53:53:070] [vo.logVo.LogVo.<init>] [INFO] 日志实例已初始化...
[2020-04-12 18:53:53:071] [vo.logVo.LogVo.<init>] [INFO] 日志实例已初始化...
[2020-04-12 18:53:53:071] [vo.logVo.LogVo.<init>] [INFO] 日志实例已初始化...
[2020-04-12 18:53:53:072] [vo.logVo.LogVo.<init>] [INFO] 日志实例已初始化...
[2020-04-12 18:53:53:073] [vo.logVo.LogVo.<init>] [INFO] 日志实例已初始化...
[2020-04-12 18:53:53:073] [vo.logVo.LogVo.<init>] [INFO] 日志实例已初始化...
[2020-04-12 18:53:53:080] [vo.logVo.LogVo.<init>] [INFO] 日志实例已初始化...
[2020-04-12 18:53:53:083] [vo.logVo.LogVo.<init>] [INFO] 日志实例已初始化...
[2020-04-12 18:53:53:150] [action.userAction.LoginAction.execute] [INFO] 该用户已登录，请稍后再试！
[2020-04-12 18:55:49:581] [vo.logVo.LogVo.<init>] [INFO] 日志实例已初始化...
[2020-04-12 18:55:49:582] [vo.logVo.LogVo.<init>] [INFO] 日志实例已初始化...
[2020-04-12 18:55:49:583] [vo.logVo.LogVo.<init>] [INFO] 日志实例已初始化...
[2020-04-12 18:55:49:583] [vo.logVo.LogVo.<init>] [INFO] 日志实例已初始化...
[2020-04-12 18:55:49:583] [vo.logVo.LogVo.<init>] [INFO] 日志实例已初始化...
[2020-04-12 18:55:49:584] [vo.logVo.LogVo.<init>] [INFO] 日志实例已初始化...
[2020-04-12 18:55:49:584] [vo.logVo.LogVo.<init>] [INFO] 日志实例已初始化...
[2020-04-12 18:55:49:584] [vo.logVo.LogVo.<init>] [INFO] 日志实例已初始化...
[2020-04-12 18:55:49:585] [vo.logVo.LogVo.<init>] [INFO] 日志实例已初始化...
[2020-04-12 18:55:49:585] [vo.logVo.LogVo.<init>] [INFO] 日志实例已初始化...
[2020-04-12 18:55:49:585] [vo.logVo.LogVo.<init>] [INFO] 日志实例已初始化...
[2020-04-12 18:55:49:585] [vo.logVo.LogVo.<init>] [INFO] 日志实例已初始化...
[2020-04-12 18:55:49:586] [vo.logVo.LogVo.<init>] [INFO] 日志实例已初始化...
[2020-04-12 18:55:49:586] [vo.logVo.LogVo.<init>] [INFO] 日志实例已初始化...
[2020-04-12 18:55:49:586] [vo.logVo.LogVo.<init>] [INFO] 日志实例已初始化...
[2020-04-12 18:55:49:587] [vo.logVo.LogVo.<init>] [INFO] 日志实例已初始化...
[2020-04-12 18:55:49:587] [vo.logVo.LogVo.<init>] [INFO] 日志实例已初始化...
[2020-04-12 18:55:49:587] [vo.logVo.LogVo.<init>] [INFO] 日志实例已初始化...
[2020-04-12 18:55:49:587] [vo.logVo.LogVo.<init>] [INFO] 日志实例已初始化...
[2020-04-12 18:55:49:588] [vo.logVo.LogVo.<init>] [INFO] 日志实例已初始化...
[2020-04-12 18:55:49:588] [vo.logVo.LogVo.<init>] [INFO] 日志实例已初始化...
[2020-04-12 18:55:49:589] [vo.logVo.LogVo.<init>] [INFO] 日志实例已初始化...
[2020-04-12 18:55:49:590] [vo.logVo.LogVo.<init>] [INFO] 日志实例已初始化...
[2020-04-12 18:55:49:590] [vo.logVo.LogVo.<init>] [INFO] 日志实例已初始化...
[2020-04-12 18:55:49:591] [vo.logVo.LogVo.<init>] [INFO] 日志实例已初始化...
[2020-04-12 18:55:49:591] [vo.logVo.LogVo.<init>] [INFO] 日志实例已初始化...
[2020-04-12 18:55:49:592] [vo.logVo.LogVo.<init>] [INFO] 日志实例已初始化...
[2020-04-12 18:55:49:592] [vo.logVo.LogVo.<init>] [INFO] 日志实例已初始化...
[2020-04-12 18:55:49:592] [vo.logVo.LogVo.<init>] [INFO] 日志实例已初始化...
[2020-04-12 18:55:49:593] [vo.logVo.LogVo.<init>] [INFO] 日志实例已初始化...
[2020-04-12 18:55:49:593] [vo.logVo.LogVo.<init>] [INFO] 日志实例已初始化...
[2020-04-12 18:55:49:594] [vo.logVo.LogVo.<init>] [INFO] 日志实例已初始化...
[2020-04-12 18:55:49:594] [vo.logVo.LogVo.<init>] [INFO] 日志实例已初始化...
[2020-04-12 18:55:49:594] [vo.logVo.LogVo.<init>] [INFO] 日志实例已初始化...
[2020-04-12 18:55:49:595] [vo.logVo.LogVo.<init>] [INFO] 日志实例已初始化...
[2020-04-12 18:55:49:595] [vo.logVo.LogVo.<init>] [INFO] 日志实例已初始化...
[2020-04-12 18:55:49:595] [vo.logVo.LogVo.<init>] [INFO] 日志实例已初始化...
[2020-04-12 18:55:49:596] [vo.logVo.LogVo.<init>] [INFO] 日志实例已初始化...
[2020-04-12 18:55:49:596] [vo.logVo.LogVo.<init>] [INFO] 日志实例已初始化...
[2020-04-12 18:55:49:596] [vo.logVo.LogVo.<init>] [INFO] 日志实例已初始化...
[2020-04-12 18:55:49:597] [vo.logVo.LogVo.<init>] [INFO] 日志实例已初始化...
[2020-04-12 18:55:49:597] [vo.logVo.LogVo.<init>] [INFO] 日志实例已初始化...
[2020-04-12 18:55:49:597] [vo.logVo.LogVo.<init>] [INFO] 日志实例已初始化...
[2020-04-12 18:55:49:597] [vo.logVo.LogVo.<init>] [INFO] 日志实例已初始化...
[2020-04-12 18:55:49:598] [vo.logVo.LogVo.<init>] [INFO] 日志实例已初始化...
[2020-04-12 18:55:49:598] [vo.logVo.LogVo.<init>] [INFO] 日志实例已初始化...
[2020-04-12 18:55:49:598] [vo.logVo.LogVo.<init>] [INFO] 日志实例已初始化...
[2020-04-12 18:55:49:599] [vo.logVo.LogVo.<init>] [INFO] 日志实例已初始化...
[2020-04-12 18:55:49:599] [vo.logVo.LogVo.<init>] [INFO] 日志实例已初始化...
[2020-04-12 18:55:49:599] [vo.logVo.LogVo.<init>] [INFO] 日志实例已初始化...
[2020-04-12 18:55:49:599] [vo.logVo.LogVo.<init>] [INFO] 日志实例已初始化...
[2020-04-12 18:55:49:600] [vo.logVo.LogVo.<init>] [INFO] 日志实例已初始化...
[2020-04-12 18:55:49:600] [vo.logVo.LogVo.<init>] [INFO] 日志实例已初始化...
[2020-04-12 18:55:49:600] [vo.logVo.LogVo.<init>] [INFO] 日志实例已初始化...
[2020-04-12 18:55:49:600] [vo.logVo.LogVo.<init>] [INFO] 日志实例已初始化...
[2020-04-12 18:55:49:601] [vo.logVo.LogVo.<init>] [INFO] 日志实例已初始化...
[2020-04-12 18:55:49:601] [vo.logVo.LogVo.<init>] [INFO] 日志实例已初始化...
[2020-04-12 18:55:49:601] [vo.logVo.LogVo.<init>] [INFO] 日志实例已初始化...
[2020-04-12 18:55:49:602] [vo.logVo.LogVo.<init>] [INFO] 日志实例已初始化...
[2020-04-12 18:55:49:602] [vo.logVo.LogVo.<init>] [INFO] 日志实例已初始化...
[2020-04-12 18:55:49:602] [vo.logVo.LogVo.<init>] [INFO] 日志实例已初始化...
[2020-04-12 18:55:49:603] [vo.logVo.LogVo.<init>] [INFO] 日志实例已初始化...
[2020-04-12 18:55:49:603] [vo.logVo.LogVo.<init>] [INFO] 日志实例已初始化...
[2020-04-12 18:55:49:604] [vo.logVo.LogVo.<init>] [INFO] 日志实例已初始化...
[2020-04-12 18:55:49:604] [vo.logVo.LogVo.<init>] [INFO] 日志实例已初始化...
[2020-04-12 18:55:49:605] [vo.logVo.LogVo.<init>] [INFO] 日志实例已初始化...
[2020-04-12 18:55:49:605] [vo.logVo.LogVo.<init>] [INFO] 日志实例已初始化...
[2020-04-12 18:55:49:606] [vo.logVo.LogVo.<init>] [INFO] 日志实例已初始化...
[2020-04-12 18:55:49:607] [vo.logVo.LogVo.<init>] [INFO] 日志实例已初始化...
[2020-04-12 18:55:49:607] [vo.logVo.LogVo.<init>] [INFO] 日志实例已初始化...
[2020-04-12 18:55:49:609] [vo.logVo.LogVo.<init>] [INFO] 日志实例已初始化...
[2020-04-12 18:55:49:610] [vo.logVo.LogVo.<init>] [INFO] 日志实例已初始化...
[2020-04-12 18:55:49:611] [vo.logVo.LogVo.<init>] [INFO] 日志实例已初始化...
[2020-04-12 18:55:49:611] [vo.logVo.LogVo.<init>] [INFO] 日志实例已初始化...
[2020-04-12 18:55:49:612] [vo.logVo.LogVo.<init>] [INFO] 日志实例已初始化...
[2020-04-12 18:55:49:612] [vo.logVo.LogVo.<init>] [INFO] 日志实例已初始化...
[2020-04-12 18:55:49:612] [vo.logVo.LogVo.<init>] [INFO] 日志实例已初始化...
[2020-04-12 18:55:49:613] [vo.logVo.LogVo.<init>] [INFO] 日志实例已初始化...
[2020-04-12 18:55:49:613] [vo.logVo.LogVo.<init>] [INFO] 日志实例已初始化...
[2020-04-12 18:55:49:614] [vo.logVo.LogVo.<init>] [INFO] 日志实例已初始化...
[2020-04-12 18:55:49:614] [vo.logVo.LogVo.<init>] [INFO] 日志实例已初始化...
[2020-04-12 18:55:49:614] [vo.logVo.LogVo.<init>] [INFO] 日志实例已初始化...
[2020-04-12 18:55:49:615] [vo.logVo.LogVo.<init>] [INFO] 日志实例已初始化...
[2020-04-12 18:55:49:615] [vo.logVo.LogVo.<init>] [INFO] 日志实例已初始化...
[2020-04-12 18:55:49:616] [vo.logVo.LogVo.<init>] [INFO] 日志实例已初始化...
[2020-04-12 18:55:49:616] [vo.logVo.LogVo.<init>] [INFO] 日志实例已初始化...
[2020-04-12 18:55:49:617] [vo.logVo.LogVo.<init>] [INFO] 日志实例已初始化...
[2020-04-12 18:55:49:617] [vo.logVo.LogVo.<init>] [INFO] 日志实例已初始化...
[2020-04-12 18:55:49:618] [vo.logVo.LogVo.<init>] [INFO] 日志实例已初始化...
[2020-04-12 18:55:49:618] [vo.logVo.LogVo.<init>] [INFO] 日志实例已初始化...
[2020-04-12 18:55:49:619] [vo.logVo.LogVo.<init>] [INFO] 日志实例已初始化...
[2020-04-12 18:55:49:619] [vo.logVo.LogVo.<init>] [INFO] 日志实例已初始化...
[2020-04-12 18:55:49:620] [vo.logVo.LogVo.<init>] [INFO] 日志实例已初始化...
[2020-04-12 18:55:49:621] [vo.logVo.LogVo.<init>] [INFO] 日志实例已初始化...
[2020-04-12 18:55:49:621] [vo.logVo.LogVo.<init>] [INFO] 日志实例已初始化...
[2020-04-12 18:55:49:621] [vo.logVo.LogVo.<init>] [INFO] 日志实例已初始化...
[2020-04-12 18:55:49:622] [vo.logVo.LogVo.<init>] [INFO] 日志实例已初始化...
[2020-04-12 18:55:49:622] [vo.logVo.LogVo.<init>] [INFO] 日志实例已初始化...
[2020-04-12 18:55:49:623] [vo.logVo.LogVo.<init>] [INFO] 日志实例已初始化...
[2020-04-12 18:55:49:623] [vo.logVo.LogVo.<init>] [INFO] 日志实例已初始化...
[2020-04-12 18:55:49:624] [vo.logVo.LogVo.<init>] [INFO] 日志实例已初始化...
[2020-04-12 18:55:49:624] [vo.logVo.LogVo.<init>] [INFO] 日志实例已初始化...
[2020-04-12 18:55:49:624] [vo.logVo.LogVo.<init>] [INFO] 日志实例已初始化...
[2020-04-12 18:55:49:625] [vo.logVo.LogVo.<init>] [INFO] 日志实例已初始化...
[2020-04-12 18:55:49:625] [vo.logVo.LogVo.<init>] [INFO] 日志实例已初始化...
[2020-04-12 18:55:49:625] [vo.logVo.LogVo.<init>] [INFO] 日志实例已初始化...
[2020-04-12 18:55:49:625] [vo.logVo.LogVo.<init>] [INFO] 日志实例已初始化...
[2020-04-12 18:55:49:626] [vo.logVo.LogVo.<init>] [INFO] 日志实例已初始化...
[2020-04-12 18:55:49:626] [vo.logVo.LogVo.<init>] [INFO] 日志实例已初始化...
[2020-04-12 18:55:49:626] [vo.logVo.LogVo.<init>] [INFO] 日志实例已初始化...
[2020-04-12 18:55:49:626] [vo.logVo.LogVo.<init>] [INFO] 日志实例已初始化...
[2020-04-12 18:55:49:627] [vo.logVo.LogVo.<init>] [INFO] 日志实例已初始化...
[2020-04-12 18:55:49:627] [vo.logVo.LogVo.<init>] [INFO] 日志实例已初始化...
[2020-04-12 18:55:49:627] [vo.logVo.LogVo.<init>] [INFO] 日志实例已初始化...
[2020-04-12 18:55:49:627] [vo.logVo.LogVo.<init>] [INFO] 日志实例已初始化...
[2020-04-12 18:55:49:628] [vo.logVo.LogVo.<init>] [INFO] 日志实例已初始化...
[2020-04-12 18:55:49:628] [vo.logVo.LogVo.<init>] [INFO] 日志实例已初始化...
[2020-04-12 18:55:49:628] [vo.logVo.LogVo.<init>] [INFO] 日志实例已初始化...
[2020-04-12 18:55:49:628] [vo.logVo.LogVo.<init>] [INFO] 日志实例已初始化...
[2020-04-12 18:55:49:629] [vo.logVo.LogVo.<init>] [INFO] 日志实例已初始化...
[2020-04-12 18:55:49:629] [vo.logVo.LogVo.<init>] [INFO] 日志实例已初始化...
[2020-04-12 18:55:49:629] [vo.logVo.LogVo.<init>] [INFO] 日志实例已初始化...
[2020-04-12 18:55:49:629] [vo.logVo.LogVo.<init>] [INFO] 日志实例已初始化...
[2020-04-12 18:55:49:630] [vo.logVo.LogVo.<init>] [INFO] 日志实例已初始化...
[2020-04-12 18:55:49:630] [vo.logVo.LogVo.<init>] [INFO] 日志实例已初始化...
[2020-04-12 18:55:49:630] [vo.logVo.LogVo.<init>] [INFO] 日志实例已初始化...
[2020-04-12 18:55:49:630] [vo.logVo.LogVo.<init>] [INFO] 日志实例已初始化...
[2020-04-12 18:55:49:630] [vo.logVo.LogVo.<init>] [INFO] 日志实例已初始化...
[2020-04-12 18:55:49:631] [vo.logVo.LogVo.<init>] [INFO] 日志实例已初始化...
[2020-04-12 18:55:49:631] [vo.logVo.LogVo.<init>] [INFO] 日志实例已初始化...
[2020-04-12 18:55:49:631] [vo.logVo.LogVo.<init>] [INFO] 日志实例已初始化...
[2020-04-12 18:55:49:632] [vo.logVo.LogVo.<init>] [INFO] 日志实例已初始化...
[2020-04-12 18:55:49:632] [vo.logVo.LogVo.<init>] [INFO] 日志实例已初始化...
[2020-04-12 18:55:49:632] [vo.logVo.LogVo.<init>] [INFO] 日志实例已初始化...
[2020-04-12 18:55:49:632] [vo.logVo.LogVo.<init>] [INFO] 日志实例已初始化...
[2020-04-12 18:55:49:633] [vo.logVo.LogVo.<init>] [INFO] 日志实例已初始化...
[2020-04-12 18:55:49:633] [vo.logVo.LogVo.<init>] [INFO] 日志实例已初始化...
[2020-04-12 18:55:49:633] [vo.logVo.LogVo.<init>] [INFO] 日志实例已初始化...
[2020-04-12 18:55:49:634] [vo.logVo.LogVo.<init>] [INFO] 日志实例已初始化...
[2020-04-12 18:55:49:634] [vo.logVo.LogVo.<init>] [INFO] 日志实例已初始化...
[2020-04-12 18:55:49:635] [vo.logVo.LogVo.<init>] [INFO] 日志实例已初始化...
[2020-04-12 18:55:49:635] [vo.logVo.LogVo.<init>] [INFO] 日志实例已初始化...
[2020-04-12 18:55:49:635] [vo.logVo.LogVo.<init>] [INFO] 日志实例已初始化...
[2020-04-12 18:55:49:636] [vo.logVo.LogVo.<init>] [INFO] 日志实例已初始化...
[2020-04-12 18:55:49:636] [vo.logVo.LogVo.<init>] [INFO] 日志实例已初始化...
[2020-04-12 18:55:49:636] [vo.logVo.LogVo.<init>] [INFO] 日志实例已初始化...
[2020-04-12 18:55:49:637] [vo.logVo.LogVo.<init>] [INFO] 日志实例已初始化...
[2020-04-12 18:55:49:637] [vo.logVo.LogVo.<init>] [INFO] 日志实例已初始化...
[2020-04-12 18:55:49:637] [vo.logVo.LogVo.<init>] [INFO] 日志实例已初始化...
[2020-04-12 18:55:49:637] [vo.logVo.LogVo.<init>] [INFO] 日志实例已初始化...
[2020-04-12 18:55:49:637] [vo.logVo.LogVo.<init>] [INFO] 日志实例已初始化...
[2020-04-12 18:55:49:637] [vo.logVo.LogVo.<init>] [INFO] 日志实例已初始化...
[2020-04-12 18:55:49:638] [vo.logVo.LogVo.<init>] [INFO] 日志实例已初始化...
[2020-04-12 18:55:49:638] [vo.logVo.LogVo.<init>] [INFO] 日志实例已初始化...
[2020-04-12 18:55:49:638] [vo.logVo.LogVo.<init>] [INFO] 日志实例已初始化...
[2020-04-12 18:55:49:639] [vo.logVo.LogVo.<init>] [INFO] 日志实例已初始化...
[2020-04-12 18:55:49:639] [vo.logVo.LogVo.<init>] [INFO] 日志实例已初始化...
[2020-04-12 18:55:49:640] [vo.logVo.LogVo.<init>] [INFO] 日志实例已初始化...
[2020-04-12 18:55:49:640] [vo.logVo.LogVo.<init>] [INFO] 日志实例已初始化...
[2020-04-12 18:55:49:640] [vo.logVo.LogVo.<init>] [INFO] 日志实例已初始化...
[2020-04-12 18:55:49:640] [vo.logVo.LogVo.<init>] [INFO] 日志实例已初始化...
[2020-04-12 18:55:49:640] [vo.logVo.LogVo.<init>] [INFO] 日志实例已初始化...
[2020-04-12 18:55:49:641] [vo.logVo.LogVo.<init>] [INFO] 日志实例已初始化...
[2020-04-12 18:55:49:641] [vo.logVo.LogVo.<init>] [INFO] 日志实例已初始化...
[2020-04-12 18:55:49:641] [vo.logVo.LogVo.<init>] [INFO] 日志实例已初始化...
[2020-04-12 18:55:49:641] [vo.logVo.LogVo.<init>] [INFO] 日志实例已初始化...
[2020-04-12 18:55:49:642] [vo.logVo.LogVo.<init>] [INFO] 日志实例已初始化...
[2020-04-12 18:55:49:642] [vo.logVo.LogVo.<init>] [INFO] 日志实例已初始化...
[2020-04-12 18:55:49:642] [vo.logVo.LogVo.<init>] [INFO] 日志实例已初始化...
[2020-04-12 18:55:49:642] [vo.logVo.LogVo.<init>] [INFO] 日志实例已初始化...
[2020-04-12 18:55:49:643] [vo.logVo.LogVo.<init>] [INFO] 日志实例已初始化...
[2020-04-12 18:55:49:643] [vo.logVo.LogVo.<init>] [INFO] 日志实例已初始化...
[2020-04-12 18:55:49:643] [vo.logVo.LogVo.<init>] [INFO] 日志实例已初始化...
[2020-04-12 18:55:49:643] [vo.logVo.LogVo.<init>] [INFO] 日志实例已初始化...
[2020-04-12 18:55:49:643] [vo.logVo.LogVo.<init>] [INFO] 日志实例已初始化...
[2020-04-12 18:55:49:644] [vo.logVo.LogVo.<init>] [INFO] 日志实例已初始化...
[2020-04-12 18:55:49:644] [vo.logVo.LogVo.<init>] [INFO] 日志实例已初始化...
[2020-04-12 18:55:49:644] [vo.logVo.LogVo.<init>] [INFO] 日志实例已初始化...
[2020-04-12 18:55:49:644] [vo.logVo.LogVo.<init>] [INFO] 日志实例已初始化...
[2020-04-12 18:55:49:645] [vo.logVo.LogVo.<init>] [INFO] 日志实例已初始化...
[2020-04-12 18:55:49:645] [vo.logVo.LogVo.<init>] [INFO] 日志实例已初始化...
[2020-04-12 18:55:49:645] [vo.logVo.LogVo.<init>] [INFO] 日志实例已初始化...
[2020-04-12 18:55:49:645] [vo.logVo.LogVo.<init>] [INFO] 日志实例已初始化...
[2020-04-12 18:55:49:646] [vo.logVo.LogVo.<init>] [INFO] 日志实例已初始化...
[2020-04-12 18:55:49:646] [vo.logVo.LogVo.<init>] [INFO] 日志实例已初始化...
[2020-04-12 18:55:49:646] [vo.logVo.LogVo.<init>] [INFO] 日志实例已初始化...
[2020-04-12 18:55:49:646] [vo.logVo.LogVo.<init>] [INFO] 日志实例已初始化...
[2020-04-12 18:55:49:647] [vo.logVo.LogVo.<init>] [INFO] 日志实例已初始化...
[2020-04-12 18:55:49:647] [vo.logVo.LogVo.<init>] [INFO] 日志实例已初始化...
[2020-04-12 18:55:49:647] [vo.logVo.LogVo.<init>] [INFO] 日志实例已初始化...
[2020-04-12 18:55:49:647] [vo.logVo.LogVo.<init>] [INFO] 日志实例已初始化...
[2020-04-12 18:55:49:647] [vo.logVo.LogVo.<init>] [INFO] 日志实例已初始化...
[2020-04-12 18:55:49:648] [vo.logVo.LogVo.<init>] [INFO] 日志实例已初始化...
[2020-04-12 18:55:49:648] [vo.logVo.LogVo.<init>] [INFO] 日志实例已初始化...
[2020-04-12 18:55:49:648] [vo.logVo.LogVo.<init>] [INFO] 日志实例已初始化...
[2020-04-12 18:55:49:648] [vo.logVo.LogVo.<init>] [INFO] 日志实例已初始化...
[2020-04-12 18:55:49:649] [vo.logVo.LogVo.<init>] [INFO] 日志实例已初始化...
[2020-04-12 18:55:49:649] [vo.logVo.LogVo.<init>] [INFO] 日志实例已初始化...
[2020-04-12 18:55:49:649] [vo.logVo.LogVo.<init>] [INFO] 日志实例已初始化...
[2020-04-12 18:55:49:649] [vo.logVo.LogVo.<init>] [INFO] 日志实例已初始化...
[2020-04-12 18:55:49:649] [vo.logVo.LogVo.<init>] [INFO] 日志实例已初始化...
[2020-04-12 18:55:49:650] [vo.logVo.LogVo.<init>] [INFO] 日志实例已初始化...
[2020-04-12 18:55:49:650] [vo.logVo.LogVo.<init>] [INFO] 日志实例已初始化...
[2020-04-12 18:55:49:650] [vo.logVo.LogVo.<init>] [INFO] 日志实例已初始化...
[2020-04-12 18:55:49:650] [vo.logVo.LogVo.<init>] [INFO] 日志实例已初始化...
[2020-04-12 18:55:49:651] [vo.logVo.LogVo.<init>] [INFO] 日志实例已初始化...
[2020-04-12 18:55:49:651] [vo.logVo.LogVo.<init>] [INFO] 日志实例已初始化...
[2020-04-12 18:55:49:651] [vo.logVo.LogVo.<init>] [INFO] 日志实例已初始化...
[2020-04-12 18:55:49:651] [vo.logVo.LogVo.<init>] [INFO] 日志实例已初始化...
[2020-04-12 18:55:49:651] [vo.logVo.LogVo.<init>] [INFO] 日志实例已初始化...
[2020-04-12 18:55:49:652] [vo.logVo.LogVo.<init>] [INFO] 日志实例已初始化...
[2020-04-12 18:55:49:652] [vo.logVo.LogVo.<init>] [INFO] 日志实例已初始化...
[2020-04-12 18:55:49:652] [vo.logVo.LogVo.<init>] [INFO] 日志实例已初始化...
[2020-04-12 18:55:49:652] [vo.logVo.LogVo.<init>] [INFO] 日志实例已初始化...
[2020-04-12 18:55:49:653] [vo.logVo.LogVo.<init>] [INFO] 日志实例已初始化...
[2020-04-12 18:55:49:653] [vo.logVo.LogVo.<init>] [INFO] 日志实例已初始化...
[2020-04-12 18:55:49:653] [vo.logVo.LogVo.<init>] [INFO] 日志实例已初始化...
[2020-04-12 18:55:49:653] [vo.logVo.LogVo.<init>] [INFO] 日志实例已初始化...
[2020-04-12 18:55:49:653] [vo.logVo.LogVo.<init>] [INFO] 日志实例已初始化...
[2020-04-12 18:55:49:654] [vo.logVo.LogVo.<init>] [INFO] 日志实例已初始化...
[2020-04-12 18:55:49:654] [vo.logVo.LogVo.<init>] [INFO] 日志实例已初始化...
[2020-04-12 18:55:49:654] [vo.logVo.LogVo.<init>] [INFO] 日志实例已初始化...
[2020-04-12 18:55:49:655] [vo.logVo.LogVo.<init>] [INFO] 日志实例已初始化...
[2020-04-12 18:55:49:655] [vo.logVo.LogVo.<init>] [INFO] 日志实例已初始化...
[2020-04-12 18:55:49:655] [vo.logVo.LogVo.<init>] [INFO] 日志实例已初始化...
[2020-04-12 18:55:49:655] [vo.logVo.LogVo.<init>] [INFO] 日志实例已初始化...
[2020-04-12 18:55:49:656] [vo.logVo.LogVo.<init>] [INFO] 日志实例已初始化...
[2020-04-12 18:55:49:656] [vo.logVo.LogVo.<init>] [INFO] 日志实例已初始化...
[2020-04-12 18:55:49:656] [vo.logVo.LogVo.<init>] [INFO] 日志实例已初始化...
[2020-04-12 18:55:49:656] [vo.logVo.LogVo.<init>] [INFO] 日志实例已初始化...
[2020-04-12 18:55:49:657] [vo.logVo.LogVo.<init>] [INFO] 日志实例已初始化...
[2020-04-12 18:55:49:657] [vo.logVo.LogVo.<init>] [INFO] 日志实例已初始化...
[2020-04-12 18:55:49:657] [vo.logVo.LogVo.<init>] [INFO] 日志实例已初始化...
[2020-04-12 18:55:49:657] [vo.logVo.LogVo.<init>] [INFO] 日志实例已初始化...
[2020-04-12 18:55:49:657] [vo.logVo.LogVo.<init>] [INFO] 日志实例已初始化...
[2020-04-12 18:55:49:658] [vo.logVo.LogVo.<init>] [INFO] 日志实例已初始化...
[2020-04-12 18:55:49:658] [vo.logVo.LogVo.<init>] [INFO] 日志实例已初始化...
[2020-04-12 18:55:49:658] [vo.logVo.LogVo.<init>] [INFO] 日志实例已初始化...
[2020-04-12 18:55:49:659] [vo.logVo.LogVo.<init>] [INFO] 日志实例已初始化...
[2020-04-12 18:55:49:659] [vo.logVo.LogVo.<init>] [INFO] 日志实例已初始化...
[2020-04-12 18:55:49:659] [vo.logVo.LogVo.<init>] [INFO] 日志实例已初始化...
[2020-04-12 18:55:49:659] [vo.logVo.LogVo.<init>] [INFO] 日志实例已初始化...
[2020-04-12 18:55:49:660] [vo.logVo.LogVo.<init>] [INFO] 日志实例已初始化...
[2020-04-12 18:55:49:660] [vo.logVo.LogVo.<init>] [INFO] 日志实例已初始化...
[2020-04-12 18:55:49:660] [vo.logVo.LogVo.<init>] [INFO] 日志实例已初始化...
[2020-04-12 18:55:49:660] [vo.logVo.LogVo.<init>] [INFO] 日志实例已初始化...
[2020-04-12 18:55:49:660] [vo.logVo.LogVo.<init>] [INFO] 日志实例已初始化...
[2020-04-12 18:55:49:661] [vo.logVo.LogVo.<init>] [INFO] 日志实例已初始化...
[2020-04-12 18:55:49:661] [vo.logVo.LogVo.<init>] [INFO] 日志实例已初始化...
[2020-04-12 18:55:49:661] [vo.logVo.LogVo.<init>] [INFO] 日志实例已初始化...
[2020-04-12 18:55:49:661] [vo.logVo.LogVo.<init>] [INFO] 日志实例已初始化...
[2020-04-12 18:55:49:662] [vo.logVo.LogVo.<init>] [INFO] 日志实例已初始化...
[2020-04-12 18:55:49:662] [vo.logVo.LogVo.<init>] [INFO] 日志实例已初始化...
[2020-04-12 18:55:49:662] [vo.logVo.LogVo.<init>] [INFO] 日志实例已初始化...
[2020-04-12 18:55:49:662] [vo.logVo.LogVo.<init>] [INFO] 日志实例已初始化...
[2020-04-12 18:55:49:663] [vo.logVo.LogVo.<init>] [INFO] 日志实例已初始化...
[2020-04-12 18:55:49:663] [vo.logVo.LogVo.<init>] [INFO] 日志实例已初始化...
[2020-04-12 18:55:49:663] [vo.logVo.LogVo.<init>] [INFO] 日志实例已初始化...
[2020-04-12 18:55:49:663] [vo.logVo.LogVo.<init>] [INFO] 日志实例已初始化...
[2020-04-12 18:55:49:664] [vo.logVo.LogVo.<init>] [INFO] 日志实例已初始化...
[2020-04-12 18:55:49:664] [vo.logVo.LogVo.<init>] [INFO] 日志实例已初始化...
[2020-04-12 18:55:49:664] [vo.logVo.LogVo.<init>] [INFO] 日志实例已初始化...
[2020-04-12 18:55:49:664] [vo.logVo.LogVo.<init>] [INFO] 日志实例已初始化...
[2020-04-12 18:55:49:665] [vo.logVo.LogVo.<init>] [INFO] 日志实例已初始化...
[2020-04-12 18:55:49:665] [vo.logVo.LogVo.<init>] [INFO] 日志实例已初始化...
[2020-04-12 18:55:49:665] [vo.logVo.LogVo.<init>] [INFO] 日志实例已初始化...
[2020-04-12 18:55:49:665] [vo.logVo.LogVo.<init>] [INFO] 日志实例已初始化...
[2020-04-12 18:55:49:665] [vo.logVo.LogVo.<init>] [INFO] 日志实例已初始化...
[2020-04-12 18:55:49:666] [vo.logVo.LogVo.<init>] [INFO] 日志实例已初始化...
[2020-04-12 18:55:49:666] [vo.logVo.LogVo.<init>] [INFO] 日志实例已初始化...
[2020-04-12 18:55:49:666] [vo.logVo.LogVo.<init>] [INFO] 日志实例已初始化...
[2020-04-12 18:55:49:667] [vo.logVo.LogVo.<init>] [INFO] 日志实例已初始化...
[2020-04-12 18:55:49:667] [vo.logVo.LogVo.<init>] [INFO] 日志实例已初始化...
[2020-04-12 18:55:49:667] [vo.logVo.LogVo.<init>] [INFO] 日志实例已初始化...
[2020-04-12 18:55:49:668] [vo.logVo.LogVo.<init>] [INFO] 日志实例已初始化...
[2020-04-12 18:55:49:668] [vo.logVo.LogVo.<init>] [INFO] 日志实例已初始化...
[2020-04-12 18:55:49:668] [vo.logVo.LogVo.<init>] [INFO] 日志实例已初始化...
[2020-04-12 18:55:49:669] [vo.logVo.LogVo.<init>] [INFO] 日志实例已初始化...
[2020-04-12 18:55:49:669] [vo.logVo.LogVo.<init>] [INFO] 日志实例已初始化...
[2020-04-12 18:55:49:669] [vo.logVo.LogVo.<init>] [INFO] 日志实例已初始化...
[2020-04-12 18:55:49:669] [vo.logVo.LogVo.<init>] [INFO] 日志实例已初始化...
[2020-04-12 18:55:49:670] [vo.logVo.LogVo.<init>] [INFO] 日志实例已初始化...
[2020-04-12 18:55:49:670] [vo.logVo.LogVo.<init>] [INFO] 日志实例已初始化...
[2020-04-12 18:55:49:670] [vo.logVo.LogVo.<init>] [INFO] 日志实例已初始化...
[2020-04-12 18:55:49:670] [vo.logVo.LogVo.<init>] [INFO] 日志实例已初始化...
[2020-04-12 18:55:49:671] [vo.logVo.LogVo.<init>] [INFO] 日志实例已初始化...
[2020-04-12 18:55:49:671] [vo.logVo.LogVo.<init>] [INFO] 日志实例已初始化...
[2020-04-12 18:55:49:671] [vo.logVo.LogVo.<init>] [INFO] 日志实例已初始化...
[2020-04-12 18:55:49:671] [vo.logVo.LogVo.<init>] [INFO] 日志实例已初始化...
[2020-04-12 18:55:49:671] [vo.logVo.LogVo.<init>] [INFO] 日志实例已初始化...
[2020-04-12 18:55:49:672] [vo.logVo.LogVo.<init>] [INFO] 日志实例已初始化...
[2020-04-12 18:55:49:672] [vo.logVo.LogVo.<init>] [INFO] 日志实例已初始化...
[2020-04-12 18:55:49:673] [vo.logVo.LogVo.<init>] [INFO] 日志实例已初始化...
[2020-04-12 18:55:49:673] [vo.logVo.LogVo.<init>] [INFO] 日志实例已初始化...
[2020-04-12 18:55:49:674] [vo.logVo.LogVo.<init>] [INFO] 日志实例已初始化...
[2020-04-12 18:55:49:674] [vo.logVo.LogVo.<init>] [INFO] 日志实例已初始化...
[2020-04-12 18:55:49:675] [vo.logVo.LogVo.<init>] [INFO] 日志实例已初始化...
[2020-04-12 18:55:49:675] [vo.logVo.LogVo.<init>] [INFO] 日志实例已初始化...
[2020-04-12 18:55:49:676] [vo.logVo.LogVo.<init>] [INFO] 日志实例已初始化...
[2020-04-12 18:55:49:676] [vo.logVo.LogVo.<init>] [INFO] 日志实例已初始化...
[2020-04-12 18:55:49:676] [vo.logVo.LogVo.<init>] [INFO] 日志实例已初始化...
[2020-04-12 18:55:49:677] [vo.logVo.LogVo.<init>] [INFO] 日志实例已初始化...
[2020-04-12 18:55:49:677] [vo.logVo.LogVo.<init>] [INFO] 日志实例已初始化...
[2020-04-12 18:55:49:677] [vo.logVo.LogVo.<init>] [INFO] 日志实例已初始化...
[2020-04-12 18:55:49:678] [vo.logVo.LogVo.<init>] [INFO] 日志实例已初始化...
[2020-04-12 18:55:49:678] [vo.logVo.LogVo.<init>] [INFO] 日志实例已初始化...
[2020-04-12 18:55:49:678] [vo.logVo.LogVo.<init>] [INFO] 日志实例已初始化...
[2020-04-12 18:55:49:679] [vo.logVo.LogVo.<init>] [INFO] 日志实例已初始化...
[2020-04-12 18:55:49:679] [vo.logVo.LogVo.<init>] [INFO] 日志实例已初始化...
[2020-04-12 18:55:49:679] [vo.logVo.LogVo.<init>] [INFO] 日志实例已初始化...
[2020-04-12 18:55:49:679] [vo.logVo.LogVo.<init>] [INFO] 日志实例已初始化...
[2020-04-12 18:55:49:680] [vo.logVo.LogVo.<init>] [INFO] 日志实例已初始化...
[2020-04-12 18:55:49:680] [vo.logVo.LogVo.<init>] [INFO] 日志实例已初始化...
[2020-04-12 18:55:49:680] [vo.logVo.LogVo.<init>] [INFO] 日志实例已初始化...
[2020-04-12 18:55:49:680] [vo.logVo.LogVo.<init>] [INFO] 日志实例已初始化...
[2020-04-12 18:55:49:681] [vo.logVo.LogVo.<init>] [INFO] 日志实例已初始化...
[2020-04-12 18:55:49:681] [vo.logVo.LogVo.<init>] [INFO] 日志实例已初始化...
[2020-04-12 18:55:49:681] [vo.logVo.LogVo.<init>] [INFO] 日志实例已初始化...
[2020-04-12 18:55:49:682] [vo.logVo.LogVo.<init>] [INFO] 日志实例已初始化...
[2020-04-12 18:55:49:682] [vo.logVo.LogVo.<init>] [INFO] 日志实例已初始化...
[2020-04-12 18:55:49:683] [vo.logVo.LogVo.<init>] [INFO] 日志实例已初始化...
[2020-04-12 18:55:49:683] [vo.logVo.LogVo.<init>] [INFO] 日志实例已初始化...
[2020-04-12 18:55:49:683] [vo.logVo.LogVo.<init>] [INFO] 日志实例已初始化...
[2020-04-12 18:55:49:684] [vo.logVo.LogVo.<init>] [INFO] 日志实例已初始化...
[2020-04-12 18:55:49:684] [vo.logVo.LogVo.<init>] [INFO] 日志实例已初始化...
[2020-04-12 18:55:49:684] [vo.logVo.LogVo.<init>] [INFO] 日志实例已初始化...
[2020-04-12 18:55:49:684] [vo.logVo.LogVo.<init>] [INFO] 日志实例已初始化...
[2020-04-12 18:55:49:685] [vo.logVo.LogVo.<init>] [INFO] 日志实例已初始化...
[2020-04-12 18:55:49:685] [vo.logVo.LogVo.<init>] [INFO] 日志实例已初始化...
[2020-04-12 18:55:49:685] [vo.logVo.LogVo.<init>] [INFO] 日志实例已初始化...
[2020-04-12 18:55:49:686] [vo.logVo.LogVo.<init>] [INFO] 日志实例已初始化...
[2020-04-12 18:55:49:686] [vo.logVo.LogVo.<init>] [INFO] 日志实例已初始化...
[2020-04-12 18:55:49:686] [vo.logVo.LogVo.<init>] [INFO] 日志实例已初始化...
[2020-04-12 18:55:49:686] [vo.logVo.LogVo.<init>] [INFO] 日志实例已初始化...
[2020-04-12 18:55:49:687] [vo.logVo.LogVo.<init>] [INFO] 日志实例已初始化...
[2020-04-12 18:55:49:687] [vo.logVo.LogVo.<init>] [INFO] 日志实例已初始化...
[2020-04-12 18:55:49:687] [vo.logVo.LogVo.<init>] [INFO] 日志实例已初始化...
[2020-04-12 18:55:49:687] [vo.logVo.LogVo.<init>] [INFO] 日志实例已初始化...
[2020-04-12 18:55:49:688] [vo.logVo.LogVo.<init>] [INFO] 日志实例已初始化...
[2020-04-12 18:55:49:688] [vo.logVo.LogVo.<init>] [INFO] 日志实例已初始化...
[2020-04-12 18:55:49:689] [vo.logVo.LogVo.<init>] [INFO] 日志实例已初始化...
[2020-04-12 18:55:49:689] [vo.logVo.LogVo.<init>] [INFO] 日志实例已初始化...
[2020-04-12 18:55:49:690] [vo.logVo.LogVo.<init>] [INFO] 日志实例已初始化...
[2020-04-12 18:55:49:690] [vo.logVo.LogVo.<init>] [INFO] 日志实例已初始化...
[2020-04-12 18:55:49:691] [vo.logVo.LogVo.<init>] [INFO] 日志实例已初始化...
[2020-04-12 18:55:49:691] [vo.logVo.LogVo.<init>] [INFO] 日志实例已初始化...
[2020-04-12 18:55:49:691] [vo.logVo.LogVo.<init>] [INFO] 日志实例已初始化...
[2020-04-12 18:55:49:691] [vo.logVo.LogVo.<init>] [INFO] 日志实例已初始化...
[2020-04-12 18:55:49:692] [vo.logVo.LogVo.<init>] [INFO] 日志实例已初始化...
[2020-04-12 18:55:49:692] [vo.logVo.LogVo.<init>] [INFO] 日志实例已初始化...
[2020-04-12 18:55:49:692] [vo.logVo.LogVo.<init>] [INFO] 日志实例已初始化...
[2020-04-12 18:55:49:693] [vo.logVo.LogVo.<init>] [INFO] 日志实例已初始化...
[2020-04-12 18:55:49:693] [vo.logVo.LogVo.<init>] [INFO] 日志实例已初始化...
[2020-04-12 18:55:49:693] [vo.logVo.LogVo.<init>] [INFO] 日志实例已初始化...
[2020-04-12 18:55:49:693] [vo.logVo.LogVo.<init>] [INFO] 日志实例已初始化...
[2020-04-12 18:55:49:694] [vo.logVo.LogVo.<init>] [INFO] 日志实例已初始化...
[2020-04-12 18:55:49:694] [vo.logVo.LogVo.<init>] [INFO] 日志实例已初始化...
[2020-04-12 18:55:49:694] [vo.logVo.LogVo.<init>] [INFO] 日志实例已初始化...
[2020-04-12 18:55:49:694] [vo.logVo.LogVo.<init>] [INFO] 日志实例已初始化...
[2020-04-12 18:55:49:695] [vo.logVo.LogVo.<init>] [INFO] 日志实例已初始化...
[2020-04-12 18:55:49:695] [vo.logVo.LogVo.<init>] [INFO] 日志实例已初始化...
[2020-04-12 18:55:49:695] [vo.logVo.LogVo.<init>] [INFO] 日志实例已初始化...
[2020-04-12 18:55:49:695] [vo.logVo.LogVo.<init>] [INFO] 日志实例已初始化...
[2020-04-12 18:55:49:695] [vo.logVo.LogVo.<init>] [INFO] 日志实例已初始化...
[2020-04-12 18:55:49:696] [vo.logVo.LogVo.<init>] [INFO] 日志实例已初始化...
[2020-04-12 18:55:49:696] [vo.logVo.LogVo.<init>] [INFO] 日志实例已初始化...
[2020-04-12 18:55:49:696] [vo.logVo.LogVo.<init>] [INFO] 日志实例已初始化...
[2020-04-12 18:55:49:697] [vo.logVo.LogVo.<init>] [INFO] 日志实例已初始化...
[2020-04-12 18:55:49:697] [vo.logVo.LogVo.<init>] [INFO] 日志实例已初始化...
[2020-04-12 18:55:49:698] [vo.logVo.LogVo.<init>] [INFO] 日志实例已初始化...
[2020-04-12 18:55:49:698] [vo.logVo.LogVo.<init>] [INFO] 日志实例已初始化...
[2020-04-12 18:55:49:698] [vo.logVo.LogVo.<init>] [INFO] 日志实例已初始化...
[2020-04-12 18:55:49:698] [vo.logVo.LogVo.<init>] [INFO] 日志实例已初始化...
[2020-04-12 18:55:49:699] [vo.logVo.LogVo.<init>] [INFO] 日志实例已初始化...
[2020-04-12 18:55:49:699] [vo.logVo.LogVo.<init>] [INFO] 日志实例已初始化...
[2020-04-12 18:55:49:699] [vo.logVo.LogVo.<init>] [INFO] 日志实例已初始化...
[2020-04-12 18:55:49:699] [vo.logVo.LogVo.<init>] [INFO] 日志实例已初始化...
[2020-04-12 18:55:49:700] [vo.logVo.LogVo.<init>] [INFO] 日志实例已初始化...
[2020-04-12 18:55:49:700] [vo.logVo.LogVo.<init>] [INFO] 日志实例已初始化...
[2020-04-12 18:55:49:700] [vo.logVo.LogVo.<init>] [INFO] 日志实例已初始化...
[2020-04-12 18:55:49:701] [vo.logVo.LogVo.<init>] [INFO] 日志实例已初始化...
[2020-04-12 18:55:49:701] [vo.logVo.LogVo.<init>] [INFO] 日志实例已初始化...
[2020-04-12 18:55:49:701] [vo.logVo.LogVo.<init>] [INFO] 日志实例已初始化...
[2020-04-12 18:55:49:701] [vo.logVo.LogVo.<init>] [INFO] 日志实例已初始化...
[2020-04-12 18:55:49:702] [vo.logVo.LogVo.<init>] [INFO] 日志实例已初始化...
[2020-04-12 18:55:49:702] [vo.logVo.LogVo.<init>] [INFO] 日志实例已初始化...
[2020-04-12 18:55:49:702] [vo.logVo.LogVo.<init>] [INFO] 日志实例已初始化...
[2020-04-12 18:55:49:702] [vo.logVo.LogVo.<init>] [INFO] 日志实例已初始化...
[2020-04-12 18:55:49:703] [vo.logVo.LogVo.<init>] [INFO] 日志实例已初始化...
[2020-04-12 18:55:49:703] [vo.logVo.LogVo.<init>] [INFO] 日志实例已初始化...
[2020-04-12 18:55:49:703] [vo.logVo.LogVo.<init>] [INFO] 日志实例已初始化...
[2020-04-12 18:55:49:709] [vo.logVo.LogVo.<init>] [INFO] 日志实例已初始化...
[2020-04-12 18:55:49:712] [vo.logVo.LogVo.<init>] [INFO] 日志实例已初始化...
[2020-04-12 18:55:49:778] [action.userAction.LoginAction.execute] [INFO] admin 登录成功,登录时间:2020-04-12 18:55:49
[2020-04-12 18:55:58:848] [vo.logVo.LogVo.<init>] [INFO] 日志实例已初始化...
[2020-04-12 18:55:58:849] [vo.logVo.LogVo.<init>] [INFO] 日志实例已初始化...
[2020-04-12 18:55:58:849] [vo.logVo.LogVo.<init>] [INFO] 日志实例已初始化...
[2020-04-12 18:55:58:850] [vo.logVo.LogVo.<init>] [INFO] 日志实例已初始化...
[2020-04-12 18:55:58:851] [vo.logVo.LogVo.<init>] [INFO] 日志实例已初始化...
[2020-04-12 18:55:58:851] [vo.logVo.LogVo.<init>] [INFO] 日志实例已初始化...
[2020-04-12 18:55:58:852] [vo.logVo.LogVo.<init>] [INFO] 日志实例已初始化...
[2020-04-12 18:55:58:853] [vo.logVo.LogVo.<init>] [INFO] 日志实例已初始化...
[2020-04-12 18:55:58:855] [vo.logVo.LogVo.<init>] [INFO] 日志实例已初始化...
[2020-04-12 18:55:58:855] [vo.logVo.LogVo.<init>] [INFO] 日志实例已初始化...
[2020-04-12 18:55:58:856] [vo.logVo.LogVo.<init>] [INFO] 日志实例已初始化...
[2020-04-12 18:55:58:856] [vo.logVo.LogVo.<init>] [INFO] 日志实例已初始化...
[2020-04-12 18:55:58:856] [vo.logVo.LogVo.<init>] [INFO] 日志实例已初始化...
[2020-04-12 18:55:58:857] [vo.logVo.LogVo.<init>] [INFO] 日志实例已初始化...
[2020-04-12 18:55:58:857] [vo.logVo.LogVo.<init>] [INFO] 日志实例已初始化...
[2020-04-12 18:55:58:857] [vo.logVo.LogVo.<init>] [INFO] 日志实例已初始化...
[2020-04-12 18:55:58:858] [vo.logVo.LogVo.<init>] [INFO] 日志实例已初始化...
[2020-04-12 18:55:58:859] [vo.logVo.LogVo.<init>] [INFO] 日志实例已初始化...
[2020-04-12 18:55:58:860] [vo.logVo.LogVo.<init>] [INFO] 日志实例已初始化...
[2020-04-12 18:55:58:860] [vo.logVo.LogVo.<init>] [INFO] 日志实例已初始化...
[2020-04-12 18:55:58:861] [vo.logVo.LogVo.<init>] [INFO] 日志实例已初始化...
[2020-04-12 18:55:58:861] [vo.logVo.LogVo.<init>] [INFO] 日志实例已初始化...
[2020-04-12 18:55:58:861] [vo.logVo.LogVo.<init>] [INFO] 日志实例已初始化...
[2020-04-12 18:55:58:862] [vo.logVo.LogVo.<init>] [INFO] 日志实例已初始化...
[2020-04-12 18:55:58:862] [vo.logVo.LogVo.<init>] [INFO] 日志实例已初始化...
[2020-04-12 18:55:58:862] [vo.logVo.LogVo.<init>] [INFO] 日志实例已初始化...
[2020-04-12 18:55:58:862] [vo.logVo.LogVo.<init>] [INFO] 日志实例已初始化...
[2020-04-12 18:55:58:866] [vo.logVo.LogVo.<init>] [INFO] 日志实例已初始化...
[2020-04-12 18:55:58:867] [vo.logVo.LogVo.<init>] [INFO] 日志实例已初始化...
[2020-04-12 18:55:58:868] [vo.logVo.LogVo.<init>] [INFO] 日志实例已初始化...
[2020-04-12 18:55:58:869] [vo.logVo.LogVo.<init>] [INFO] 日志实例已初始化...
[2020-04-12 18:55:58:871] [vo.logVo.LogVo.<init>] [INFO] 日志实例已初始化...
[2020-04-12 18:55:58:872] [vo.logVo.LogVo.<init>] [INFO] 日志实例已初始化...
[2020-04-12 18:55:58:873] [vo.logVo.LogVo.<init>] [INFO] 日志实例已初始化...
[2020-04-12 18:55:58:874] [vo.logVo.LogVo.<init>] [INFO] 日志实例已初始化...
[2020-04-12 18:55:58:874] [vo.logVo.LogVo.<init>] [INFO] 日志实例已初始化...
[2020-04-12 18:55:58:875] [vo.logVo.LogVo.<init>] [INFO] 日志实例已初始化...
[2020-04-12 18:55:58:875] [vo.logVo.LogVo.<init>] [INFO] 日志实例已初始化...
[2020-04-12 18:55:58:876] [vo.logVo.LogVo.<init>] [INFO] 日志实例已初始化...
[2020-04-12 18:55:58:876] [vo.logVo.LogVo.<init>] [INFO] 日志实例已初始化...
[2020-04-12 18:55:58:876] [vo.logVo.LogVo.<init>] [INFO] 日志实例已初始化...
[2020-04-12 18:55:58:877] [vo.logVo.LogVo.<init>] [INFO] 日志实例已初始化...
[2020-04-12 18:55:58:877] [vo.logVo.LogVo.<init>] [INFO] 日志实例已初始化...
[2020-04-12 18:55:58:878] [vo.logVo.LogVo.<init>] [INFO] 日志实例已初始化...
[2020-04-12 18:55:58:878] [vo.logVo.LogVo.<init>] [INFO] 日志实例已初始化...
[2020-04-12 18:55:58:879] [vo.logVo.LogVo.<init>] [INFO] 日志实例已初始化...
[2020-04-12 18:55:58:879] [vo.logVo.LogVo.<init>] [INFO] 日志实例已初始化...
[2020-04-12 18:55:58:879] [vo.logVo.LogVo.<init>] [INFO] 日志实例已初始化...
[2020-04-12 18:55:58:880] [vo.logVo.LogVo.<init>] [INFO] 日志实例已初始化...
[2020-04-12 18:55:58:881] [vo.logVo.LogVo.<init>] [INFO] 日志实例已初始化...
[2020-04-12 18:55:58:882] [vo.logVo.LogVo.<init>] [INFO] 日志实例已初始化...
[2020-04-12 18:55:58:884] [vo.logVo.LogVo.<init>] [INFO] 日志实例已初始化...
[2020-04-12 18:55:58:885] [vo.logVo.LogVo.<init>] [INFO] 日志实例已初始化...
[2020-04-12 18:55:58:886] [vo.logVo.LogVo.<init>] [INFO] 日志实例已初始化...
[2020-04-12 18:55:58:887] [vo.logVo.LogVo.<init>] [INFO] 日志实例已初始化...
[2020-04-12 18:55:58:887] [vo.logVo.LogVo.<init>] [INFO] 日志实例已初始化...
[2020-04-12 18:55:58:888] [vo.logVo.LogVo.<init>] [INFO] 日志实例已初始化...
[2020-04-12 18:55:58:888] [vo.logVo.LogVo.<init>] [INFO] 日志实例已初始化...
[2020-04-12 18:55:58:889] [vo.logVo.LogVo.<init>] [INFO] 日志实例已初始化...
[2020-04-12 18:55:58:889] [vo.logVo.LogVo.<init>] [INFO] 日志实例已初始化...
[2020-04-12 18:55:58:890] [vo.logVo.LogVo.<init>] [INFO] 日志实例已初始化...
[2020-04-12 18:55:58:890] [vo.logVo.LogVo.<init>] [INFO] 日志实例已初始化...
[2020-04-12 18:55:58:891] [vo.logVo.LogVo.<init>] [INFO] 日志实例已初始化...
[2020-04-12 18:55:58:891] [vo.logVo.LogVo.<init>] [INFO] 日志实例已初始化...
[2020-04-12 18:55:58:892] [vo.logVo.LogVo.<init>] [INFO] 日志实例已初始化...
[2020-04-12 18:55:58:892] [vo.logVo.LogVo.<init>] [INFO] 日志实例已初始化...
[2020-04-12 18:55:58:897] [vo.logVo.LogVo.<init>] [INFO] 日志实例已初始化...
[2020-04-12 18:55:58:898] [vo.logVo.LogVo.<init>] [INFO] 日志实例已初始化...
[2020-04-12 18:55:58:899] [vo.logVo.LogVo.<init>] [INFO] 日志实例已初始化...
[2020-04-12 18:55:58:900] [vo.logVo.LogVo.<init>] [INFO] 日志实例已初始化...
[2020-04-12 18:55:58:900] [vo.logVo.LogVo.<init>] [INFO] 日志实例已初始化...
[2020-04-12 18:55:58:900] [vo.logVo.LogVo.<init>] [INFO] 日志实例已初始化...
[2020-04-12 18:55:58:901] [vo.logVo.LogVo.<init>] [INFO] 日志实例已初始化...
[2020-04-12 18:55:58:901] [vo.logVo.LogVo.<init>] [INFO] 日志实例已初始化...
[2020-04-12 18:55:58:902] [vo.logVo.LogVo.<init>] [INFO] 日志实例已初始化...
[2020-04-12 18:55:58:902] [vo.logVo.LogVo.<init>] [INFO] 日志实例已初始化...
[2020-04-12 18:55:58:903] [vo.logVo.LogVo.<init>] [INFO] 日志实例已初始化...
[2020-04-12 18:55:58:903] [vo.logVo.LogVo.<init>] [INFO] 日志实例已初始化...
[2020-04-12 18:55:58:903] [vo.logVo.LogVo.<init>] [INFO] 日志实例已初始化...
[2020-04-12 18:55:58:904] [vo.logVo.LogVo.<init>] [INFO] 日志实例已初始化...
[2020-04-12 18:55:58:904] [vo.logVo.LogVo.<init>] [INFO] 日志实例已初始化...
[2020-04-12 18:55:58:905] [vo.logVo.LogVo.<init>] [INFO] 日志实例已初始化...
[2020-04-12 18:55:58:905] [vo.logVo.LogVo.<init>] [INFO] 日志实例已初始化...
[2020-04-12 18:55:58:905] [vo.logVo.LogVo.<init>] [INFO] 日志实例已初始化...
[2020-04-12 18:55:58:906] [vo.logVo.LogVo.<init>] [INFO] 日志实例已初始化...
[2020-04-12 18:55:58:906] [vo.logVo.LogVo.<init>] [INFO] 日志实例已初始化...
[2020-04-12 18:55:58:907] [vo.logVo.LogVo.<init>] [INFO] 日志实例已初始化...
[2020-04-12 18:55:58:907] [vo.logVo.LogVo.<init>] [INFO] 日志实例已初始化...
[2020-04-12 18:55:58:907] [vo.logVo.LogVo.<init>] [INFO] 日志实例已初始化...
[2020-04-12 18:55:58:907] [vo.logVo.LogVo.<init>] [INFO] 日志实例已初始化...
[2020-04-12 18:55:58:908] [vo.logVo.LogVo.<init>] [INFO] 日志实例已初始化...
[2020-04-12 18:55:58:908] [vo.logVo.LogVo.<init>] [INFO] 日志实例已初始化...
[2020-04-12 18:55:58:908] [vo.logVo.LogVo.<init>] [INFO] 日志实例已初始化...
[2020-04-12 18:55:58:909] [vo.logVo.LogVo.<init>] [INFO] 日志实例已初始化...
[2020-04-12 18:55:58:909] [vo.logVo.LogVo.<init>] [INFO] 日志实例已初始化...
[2020-04-12 18:55:58:909] [vo.logVo.LogVo.<init>] [INFO] 日志实例已初始化...
[2020-04-12 18:55:58:909] [vo.logVo.LogVo.<init>] [INFO] 日志实例已初始化...
[2020-04-12 18:55:58:910] [vo.logVo.LogVo.<init>] [INFO] 日志实例已初始化...
[2020-04-12 18:55:58:910] [vo.logVo.LogVo.<init>] [INFO] 日志实例已初始化...
[2020-04-12 18:55:58:910] [vo.logVo.LogVo.<init>] [INFO] 日志实例已初始化...
[2020-04-12 18:55:58:911] [vo.logVo.LogVo.<init>] [INFO] 日志实例已初始化...
[2020-04-12 18:55:58:911] [vo.logVo.LogVo.<init>] [INFO] 日志实例已初始化...
[2020-04-12 18:55:58:912] [vo.logVo.LogVo.<init>] [INFO] 日志实例已初始化...
[2020-04-12 18:55:58:912] [vo.logVo.LogVo.<init>] [INFO] 日志实例已初始化...
[2020-04-12 18:55:58:912] [vo.logVo.LogVo.<init>] [INFO] 日志实例已初始化...
[2020-04-12 18:55:58:913] [vo.logVo.LogVo.<init>] [INFO] 日志实例已初始化...
[2020-04-12 18:55:58:913] [vo.logVo.LogVo.<init>] [INFO] 日志实例已初始化...
[2020-04-12 18:55:58:914] [vo.logVo.LogVo.<init>] [INFO] 日志实例已初始化...
[2020-04-12 18:55:58:914] [vo.logVo.LogVo.<init>] [INFO] 日志实例已初始化...
[2020-04-12 18:55:58:914] [vo.logVo.LogVo.<init>] [INFO] 日志实例已初始化...
[2020-04-12 18:55:58:915] [vo.logVo.LogVo.<init>] [INFO] 日志实例已初始化...
[2020-04-12 18:55:58:915] [vo.logVo.LogVo.<init>] [INFO] 日志实例已初始化...
[2020-04-12 18:55:58:915] [vo.logVo.LogVo.<init>] [INFO] 日志实例已初始化...
[2020-04-12 18:55:58:916] [vo.logVo.LogVo.<init>] [INFO] 日志实例已初始化...
[2020-04-12 18:55:58:916] [vo.logVo.LogVo.<init>] [INFO] 日志实例已初始化...
[2020-04-12 18:55:58:916] [vo.logVo.LogVo.<init>] [INFO] 日志实例已初始化...
[2020-04-12 18:55:58:917] [vo.logVo.LogVo.<init>] [INFO] 日志实例已初始化...
[2020-04-12 18:55:58:917] [vo.logVo.LogVo.<init>] [INFO] 日志实例已初始化...
[2020-04-12 18:55:58:918] [vo.logVo.LogVo.<init>] [INFO] 日志实例已初始化...
[2020-04-12 18:55:58:918] [vo.logVo.LogVo.<init>] [INFO] 日志实例已初始化...
[2020-04-12 18:55:58:918] [vo.logVo.LogVo.<init>] [INFO] 日志实例已初始化...
[2020-04-12 18:55:58:919] [vo.logVo.LogVo.<init>] [INFO] 日志实例已初始化...
[2020-04-12 18:55:58:919] [vo.logVo.LogVo.<init>] [INFO] 日志实例已初始化...
[2020-04-12 18:55:58:920] [vo.logVo.LogVo.<init>] [INFO] 日志实例已初始化...
[2020-04-12 18:55:58:920] [vo.logVo.LogVo.<init>] [INFO] 日志实例已初始化...
[2020-04-12 18:55:58:920] [vo.logVo.LogVo.<init>] [INFO] 日志实例已初始化...
[2020-04-12 18:55:58:920] [vo.logVo.LogVo.<init>] [INFO] 日志实例已初始化...
[2020-04-12 18:55:58:921] [vo.logVo.LogVo.<init>] [INFO] 日志实例已初始化...
[2020-04-12 18:55:58:921] [vo.logVo.LogVo.<init>] [INFO] 日志实例已初始化...
[2020-04-12 18:55:58:921] [vo.logVo.LogVo.<init>] [INFO] 日志实例已初始化...
[2020-04-12 18:55:58:922] [vo.logVo.LogVo.<init>] [INFO] 日志实例已初始化...
[2020-04-12 18:55:58:922] [vo.logVo.LogVo.<init>] [INFO] 日志实例已初始化...
[2020-04-12 18:55:58:922] [vo.logVo.LogVo.<init>] [INFO] 日志实例已初始化...
[2020-04-12 18:55:58:922] [vo.logVo.LogVo.<init>] [INFO] 日志实例已初始化...
[2020-04-12 18:55:58:923] [vo.logVo.LogVo.<init>] [INFO] 日志实例已初始化...
[2020-04-12 18:55:58:923] [vo.logVo.LogVo.<init>] [INFO] 日志实例已初始化...
[2020-04-12 18:55:58:923] [vo.logVo.LogVo.<init>] [INFO] 日志实例已初始化...
[2020-04-12 18:55:58:923] [vo.logVo.LogVo.<init>] [INFO] 日志实例已初始化...
[2020-04-12 18:55:58:924] [vo.logVo.LogVo.<init>] [INFO] 日志实例已初始化...
[2020-04-12 18:55:58:924] [vo.logVo.LogVo.<init>] [INFO] 日志实例已初始化...
[2020-04-12 18:55:58:925] [vo.logVo.LogVo.<init>] [INFO] 日志实例已初始化...
[2020-04-12 18:55:58:925] [vo.logVo.LogVo.<init>] [INFO] 日志实例已初始化...
[2020-04-12 18:55:58:926] [vo.logVo.LogVo.<init>] [INFO] 日志实例已初始化...
[2020-04-12 18:55:58:926] [vo.logVo.LogVo.<init>] [INFO] 日志实例已初始化...
[2020-04-12 18:55:58:927] [vo.logVo.LogVo.<init>] [INFO] 日志实例已初始化...
[2020-04-12 18:55:58:927] [vo.logVo.LogVo.<init>] [INFO] 日志实例已初始化...
[2020-04-12 18:55:58:928] [vo.logVo.LogVo.<init>] [INFO] 日志实例已初始化...
[2020-04-12 18:55:58:928] [vo.logVo.LogVo.<init>] [INFO] 日志实例已初始化...
[2020-04-12 18:55:58:928] [vo.logVo.LogVo.<init>] [INFO] 日志实例已初始化...
[2020-04-12 18:55:58:929] [vo.logVo.LogVo.<init>] [INFO] 日志实例已初始化...
[2020-04-12 18:55:58:929] [vo.logVo.LogVo.<init>] [INFO] 日志实例已初始化...
[2020-04-12 18:55:58:929] [vo.logVo.LogVo.<init>] [INFO] 日志实例已初始化...
[2020-04-12 18:55:58:930] [vo.logVo.LogVo.<init>] [INFO] 日志实例已初始化...
[2020-04-12 18:55:58:931] [vo.logVo.LogVo.<init>] [INFO] 日志实例已初始化...
[2020-04-12 18:55:58:932] [vo.logVo.LogVo.<init>] [INFO] 日志实例已初始化...
[2020-04-12 18:55:58:933] [vo.logVo.LogVo.<init>] [INFO] 日志实例已初始化...
[2020-04-12 18:55:58:934] [vo.logVo.LogVo.<init>] [INFO] 日志实例已初始化...
[2020-04-12 18:55:58:935] [vo.logVo.LogVo.<init>] [INFO] 日志实例已初始化...
[2020-04-12 18:55:58:935] [vo.logVo.LogVo.<init>] [INFO] 日志实例已初始化...
[2020-04-12 18:55:58:936] [vo.logVo.LogVo.<init>] [INFO] 日志实例已初始化...
[2020-04-12 18:55:58:936] [vo.logVo.LogVo.<init>] [INFO] 日志实例已初始化...
[2020-04-12 18:55:58:937] [vo.logVo.LogVo.<init>] [INFO] 日志实例已初始化...
[2020-04-12 18:55:58:937] [vo.logVo.LogVo.<init>] [INFO] 日志实例已初始化...
[2020-04-12 18:55:58:938] [vo.logVo.LogVo.<init>] [INFO] 日志实例已初始化...
[2020-04-12 18:55:58:938] [vo.logVo.LogVo.<init>] [INFO] 日志实例已初始化...
[2020-04-12 18:55:58:938] [vo.logVo.LogVo.<init>] [INFO] 日志实例已初始化...
[2020-04-12 18:55:58:939] [vo.logVo.LogVo.<init>] [INFO] 日志实例已初始化...
[2020-04-12 18:55:58:939] [vo.logVo.LogVo.<init>] [INFO] 日志实例已初始化...
[2020-04-12 18:55:58:940] [vo.logVo.LogVo.<init>] [INFO] 日志实例已初始化...
[2020-04-12 18:55:58:940] [vo.logVo.LogVo.<init>] [INFO] 日志实例已初始化...
[2020-04-12 18:55:58:940] [vo.logVo.LogVo.<init>] [INFO] 日志实例已初始化...
[2020-04-12 18:55:58:940] [vo.logVo.LogVo.<init>] [INFO] 日志实例已初始化...
[2020-04-12 18:55:58:941] [vo.logVo.LogVo.<init>] [INFO] 日志实例已初始化...
[2020-04-12 18:55:58:941] [vo.logVo.LogVo.<init>] [INFO] 日志实例已初始化...
[2020-04-12 18:55:58:941] [vo.logVo.LogVo.<init>] [INFO] 日志实例已初始化...
[2020-04-12 18:55:58:941] [vo.logVo.LogVo.<init>] [INFO] 日志实例已初始化...
[2020-04-12 18:55:58:942] [vo.logVo.LogVo.<init>] [INFO] 日志实例已初始化...
[2020-04-12 18:55:58:942] [vo.logVo.LogVo.<init>] [INFO] 日志实例已初始化...
[2020-04-12 18:55:58:942] [vo.logVo.LogVo.<init>] [INFO] 日志实例已初始化...
[2020-04-12 18:55:58:942] [vo.logVo.LogVo.<init>] [INFO] 日志实例已初始化...
[2020-04-12 18:55:58:943] [vo.logVo.LogVo.<init>] [INFO] 日志实例已初始化...
[2020-04-12 18:55:58:943] [vo.logVo.LogVo.<init>] [INFO] 日志实例已初始化...
[2020-04-12 18:55:58:943] [vo.logVo.LogVo.<init>] [INFO] 日志实例已初始化...
[2020-04-12 18:55:58:943] [vo.logVo.LogVo.<init>] [INFO] 日志实例已初始化...
[2020-04-12 18:55:58:944] [vo.logVo.LogVo.<init>] [INFO] 日志实例已初始化...
[2020-04-12 18:55:58:944] [vo.logVo.LogVo.<init>] [INFO] 日志实例已初始化...
[2020-04-12 18:55:58:945] [vo.logVo.LogVo.<init>] [INFO] 日志实例已初始化...
[2020-04-12 18:55:58:945] [vo.logVo.LogVo.<init>] [INFO] 日志实例已初始化...
[2020-04-12 18:55:58:946] [vo.logVo.LogVo.<init>] [INFO] 日志实例已初始化...
[2020-04-12 18:55:58:946] [vo.logVo.LogVo.<init>] [INFO] 日志实例已初始化...
[2020-04-12 18:55:58:947] [vo.logVo.LogVo.<init>] [INFO] 日志实例已初始化...
[2020-04-12 18:55:58:947] [vo.logVo.LogVo.<init>] [INFO] 日志实例已初始化...
[2020-04-12 18:55:58:948] [vo.logVo.LogVo.<init>] [INFO] 日志实例已初始化...
[2020-04-12 18:55:58:950] [vo.logVo.LogVo.<init>] [INFO] 日志实例已初始化...
[2020-04-12 18:55:58:951] [vo.logVo.LogVo.<init>] [INFO] 日志实例已初始化...
[2020-04-12 18:55:58:951] [vo.logVo.LogVo.<init>] [INFO] 日志实例已初始化...
[2020-04-12 18:55:58:951] [vo.logVo.LogVo.<init>] [INFO] 日志实例已初始化...
[2020-04-12 18:55:58:952] [vo.logVo.LogVo.<init>] [INFO] 日志实例已初始化...
[2020-04-12 18:55:58:952] [vo.logVo.LogVo.<init>] [INFO] 日志实例已初始化...
[2020-04-12 18:55:58:952] [vo.logVo.LogVo.<init>] [INFO] 日志实例已初始化...
[2020-04-12 18:55:58:953] [vo.logVo.LogVo.<init>] [INFO] 日志实例已初始化...
[2020-04-12 18:55:58:953] [vo.logVo.LogVo.<init>] [INFO] 日志实例已初始化...
[2020-04-12 18:55:58:953] [vo.logVo.LogVo.<init>] [INFO] 日志实例已初始化...
[2020-04-12 18:55:58:954] [vo.logVo.LogVo.<init>] [INFO] 日志实例已初始化...
[2020-04-12 18:55:58:954] [vo.logVo.LogVo.<init>] [INFO] 日志实例已初始化...
[2020-04-12 18:55:58:955] [vo.logVo.LogVo.<init>] [INFO] 日志实例已初始化...
[2020-04-12 18:55:58:955] [vo.logVo.LogVo.<init>] [INFO] 日志实例已初始化...
[2020-04-12 18:55:58:955] [vo.logVo.LogVo.<init>] [INFO] 日志实例已初始化...
[2020-04-12 18:55:58:956] [vo.logVo.LogVo.<init>] [INFO] 日志实例已初始化...
[2020-04-12 18:55:58:956] [vo.logVo.LogVo.<init>] [INFO] 日志实例已初始化...
[2020-04-12 18:55:58:957] [vo.logVo.LogVo.<init>] [INFO] 日志实例已初始化...
[2020-04-12 18:55:58:957] [vo.logVo.LogVo.<init>] [INFO] 日志实例已初始化...
[2020-04-12 18:55:58:958] [vo.logVo.LogVo.<init>] [INFO] 日志实例已初始化...
[2020-04-12 18:55:58:959] [vo.logVo.LogVo.<init>] [INFO] 日志实例已初始化...
[2020-04-12 18:55:58:960] [vo.logVo.LogVo.<init>] [INFO] 日志实例已初始化...
[2020-04-12 18:55:58:960] [vo.logVo.LogVo.<init>] [INFO] 日志实例已初始化...
[2020-04-12 18:55:58:960] [vo.logVo.LogVo.<init>] [INFO] 日志实例已初始化...
[2020-04-12 18:55:58:960] [vo.logVo.LogVo.<init>] [INFO] 日志实例已初始化...
[2020-04-12 18:55:58:961] [vo.logVo.LogVo.<init>] [INFO] 日志实例已初始化...
[2020-04-12 18:55:58:961] [vo.logVo.LogVo.<init>] [INFO] 日志实例已初始化...
[2020-04-12 18:55:58:961] [vo.logVo.LogVo.<init>] [INFO] 日志实例已初始化...
[2020-04-12 18:55:58:962] [vo.logVo.LogVo.<init>] [INFO] 日志实例已初始化...
[2020-04-12 18:55:58:962] [vo.logVo.LogVo.<init>] [INFO] 日志实例已初始化...
[2020-04-12 18:55:58:962] [vo.logVo.LogVo.<init>] [INFO] 日志实例已初始化...
[2020-04-12 18:55:58:962] [vo.logVo.LogVo.<init>] [INFO] 日志实例已初始化...
[2020-04-12 18:55:58:963] [vo.logVo.LogVo.<init>] [INFO] 日志实例已初始化...
[2020-04-12 18:55:58:964] [vo.logVo.LogVo.<init>] [INFO] 日志实例已初始化...
[2020-04-12 18:55:58:965] [vo.logVo.LogVo.<init>] [INFO] 日志实例已初始化...
[2020-04-12 18:55:58:966] [vo.logVo.LogVo.<init>] [INFO] 日志实例已初始化...
[2020-04-12 18:55:58:966] [vo.logVo.LogVo.<init>] [INFO] 日志实例已初始化...
[2020-04-12 18:55:58:966] [vo.logVo.LogVo.<init>] [INFO] 日志实例已初始化...
[2020-04-12 18:55:58:967] [vo.logVo.LogVo.<init>] [INFO] 日志实例已初始化...
[2020-04-12 18:55:58:967] [vo.logVo.LogVo.<init>] [INFO] 日志实例已初始化...
[2020-04-12 18:55:58:967] [vo.logVo.LogVo.<init>] [INFO] 日志实例已初始化...
[2020-04-12 18:55:58:968] [vo.logVo.LogVo.<init>] [INFO] 日志实例已初始化...
[2020-04-12 18:55:58:968] [vo.logVo.LogVo.<init>] [INFO] 日志实例已初始化...
[2020-04-12 18:55:58:968] [vo.logVo.LogVo.<init>] [INFO] 日志实例已初始化...
[2020-04-12 18:55:58:969] [vo.logVo.LogVo.<init>] [INFO] 日志实例已初始化...
[2020-04-12 18:55:58:969] [vo.logVo.LogVo.<init>] [INFO] 日志实例已初始化...
[2020-04-12 18:55:58:970] [vo.logVo.LogVo.<init>] [INFO] 日志实例已初始化...
[2020-04-12 18:55:58:970] [vo.logVo.LogVo.<init>] [INFO] 日志实例已初始化...
[2020-04-12 18:55:58:970] [vo.logVo.LogVo.<init>] [INFO] 日志实例已初始化...
[2020-04-12 18:55:58:971] [vo.logVo.LogVo.<init>] [INFO] 日志实例已初始化...
[2020-04-12 18:55:58:971] [vo.logVo.LogVo.<init>] [INFO] 日志实例已初始化...
[2020-04-12 18:55:58:972] [vo.logVo.LogVo.<init>] [INFO] 日志实例已初始化...
[2020-04-12 18:55:58:972] [vo.logVo.LogVo.<init>] [INFO] 日志实例已初始化...
[2020-04-12 18:55:58:972] [vo.logVo.LogVo.<init>] [INFO] 日志实例已初始化...
[2020-04-12 18:55:58:973] [vo.logVo.LogVo.<init>] [INFO] 日志实例已初始化...
[2020-04-12 18:55:58:973] [vo.logVo.LogVo.<init>] [INFO] 日志实例已初始化...
[2020-04-12 18:55:58:974] [vo.logVo.LogVo.<init>] [INFO] 日志实例已初始化...
[2020-04-12 18:55:58:974] [vo.logVo.LogVo.<init>] [INFO] 日志实例已初始化...
[2020-04-12 18:55:58:974] [vo.logVo.LogVo.<init>] [INFO] 日志实例已初始化...
[2020-04-12 18:55:58:975] [vo.logVo.LogVo.<init>] [INFO] 日志实例已初始化...
[2020-04-12 18:55:58:975] [vo.logVo.LogVo.<init>] [INFO] 日志实例已初始化...
[2020-04-12 18:55:58:976] [vo.logVo.LogVo.<init>] [INFO] 日志实例已初始化...
[2020-04-12 18:55:58:976] [vo.logVo.LogVo.<init>] [INFO] 日志实例已初始化...
[2020-04-12 18:55:58:976] [vo.logVo.LogVo.<init>] [INFO] 日志实例已初始化...
[2020-04-12 18:55:58:976] [vo.logVo.LogVo.<init>] [INFO] 日志实例已初始化...
[2020-04-12 18:55:58:977] [vo.logVo.LogVo.<init>] [INFO] 日志实例已初始化...
[2020-04-12 18:55:58:978] [vo.logVo.LogVo.<init>] [INFO] 日志实例已初始化...
[2020-04-12 18:55:58:981] [vo.logVo.LogVo.<init>] [INFO] 日志实例已初始化...
[2020-04-12 18:55:58:982] [vo.logVo.LogVo.<init>] [INFO] 日志实例已初始化...
[2020-04-12 18:55:58:982] [vo.logVo.LogVo.<init>] [INFO] 日志实例已初始化...
[2020-04-12 18:55:58:983] [vo.logVo.LogVo.<init>] [INFO] 日志实例已初始化...
[2020-04-12 18:55:58:983] [vo.logVo.LogVo.<init>] [INFO] 日志实例已初始化...
[2020-04-12 18:55:58:984] [vo.logVo.LogVo.<init>] [INFO] 日志实例已初始化...
[2020-04-12 18:55:58:984] [vo.logVo.LogVo.<init>] [INFO] 日志实例已初始化...
[2020-04-12 18:55:58:985] [vo.logVo.LogVo.<init>] [INFO] 日志实例已初始化...
[2020-04-12 18:55:58:985] [vo.logVo.LogVo.<init>] [INFO] 日志实例已初始化...
[2020-04-12 18:55:58:985] [vo.logVo.LogVo.<init>] [INFO] 日志实例已初始化...
[2020-04-12 18:55:58:986] [vo.logVo.LogVo.<init>] [INFO] 日志实例已初始化...
[2020-04-12 18:55:58:986] [vo.logVo.LogVo.<init>] [INFO] 日志实例已初始化...
[2020-04-12 18:55:58:987] [vo.logVo.LogVo.<init>] [INFO] 日志实例已初始化...
[2020-04-12 18:55:58:987] [vo.logVo.LogVo.<init>] [INFO] 日志实例已初始化...
[2020-04-12 18:55:58:987] [vo.logVo.LogVo.<init>] [INFO] 日志实例已初始化...
[2020-04-12 18:55:58:987] [vo.logVo.LogVo.<init>] [INFO] 日志实例已初始化...
[2020-04-12 18:55:58:988] [vo.logVo.LogVo.<init>] [INFO] 日志实例已初始化...
[2020-04-12 18:55:58:988] [vo.logVo.LogVo.<init>] [INFO] 日志实例已初始化...
[2020-04-12 18:55:58:989] [vo.logVo.LogVo.<init>] [INFO] 日志实例已初始化...
[2020-04-12 18:55:58:989] [vo.logVo.LogVo.<init>] [INFO] 日志实例已初始化...
[2020-04-12 18:55:58:989] [vo.logVo.LogVo.<init>] [INFO] 日志实例已初始化...
[2020-04-12 18:55:58:990] [vo.logVo.LogVo.<init>] [INFO] 日志实例已初始化...
[2020-04-12 18:55:58:990] [vo.logVo.LogVo.<init>] [INFO] 日志实例已初始化...
[2020-04-12 18:55:58:990] [vo.logVo.LogVo.<init>] [INFO] 日志实例已初始化...
[2020-04-12 18:55:58:990] [vo.logVo.LogVo.<init>] [INFO] 日志实例已初始化...
[2020-04-12 18:55:58:991] [vo.logVo.LogVo.<init>] [INFO] 日志实例已初始化...
[2020-04-12 18:55:58:991] [vo.logVo.LogVo.<init>] [INFO] 日志实例已初始化...
[2020-04-12 18:55:58:991] [vo.logVo.LogVo.<init>] [INFO] 日志实例已初始化...
[2020-04-12 18:55:58:992] [vo.logVo.LogVo.<init>] [INFO] 日志实例已初始化...
[2020-04-12 18:55:58:992] [vo.logVo.LogVo.<init>] [INFO] 日志实例已初始化...
[2020-04-12 18:55:58:992] [vo.logVo.LogVo.<init>] [INFO] 日志实例已初始化...
[2020-04-12 18:55:58:993] [vo.logVo.LogVo.<init>] [INFO] 日志实例已初始化...
[2020-04-12 18:55:58:993] [vo.logVo.LogVo.<init>] [INFO] 日志实例已初始化...
[2020-04-12 18:55:58:994] [vo.logVo.LogVo.<init>] [INFO] 日志实例已初始化...
[2020-04-12 18:55:58:994] [vo.logVo.LogVo.<init>] [INFO] 日志实例已初始化...
[2020-04-12 18:55:58:994] [vo.logVo.LogVo.<init>] [INFO] 日志实例已初始化...
[2020-04-12 18:55:58:995] [vo.logVo.LogVo.<init>] [INFO] 日志实例已初始化...
[2020-04-12 18:55:58:995] [vo.logVo.LogVo.<init>] [INFO] 日志实例已初始化...
[2020-04-12 18:55:58:995] [vo.logVo.LogVo.<init>] [INFO] 日志实例已初始化...
[2020-04-12 18:55:58:995] [vo.logVo.LogVo.<init>] [INFO] 日志实例已初始化...
[2020-04-12 18:55:58:996] [vo.logVo.LogVo.<init>] [INFO] 日志实例已初始化...
[2020-04-12 18:55:58:996] [vo.logVo.LogVo.<init>] [INFO] 日志实例已初始化...
[2020-04-12 18:55:58:997] [vo.logVo.LogVo.<init>] [INFO] 日志实例已初始化...
[2020-04-12 18:55:58:999] [vo.logVo.LogVo.<init>] [INFO] 日志实例已初始化...
[2020-04-12 18:55:59:000] [vo.logVo.LogVo.<init>] [INFO] 日志实例已初始化...
[2020-04-12 18:55:59:001] [vo.logVo.LogVo.<init>] [INFO] 日志实例已初始化...
[2020-04-12 18:55:59:002] [vo.logVo.LogVo.<init>] [INFO] 日志实例已初始化...
[2020-04-12 18:55:59:003] [vo.logVo.LogVo.<init>] [INFO] 日志实例已初始化...
[2020-04-12 18:55:59:003] [vo.logVo.LogVo.<init>] [INFO] 日志实例已初始化...
[2020-04-12 18:55:59:003] [vo.logVo.LogVo.<init>] [INFO] 日志实例已初始化...
[2020-04-12 18:55:59:004] [vo.logVo.LogVo.<init>] [INFO] 日志实例已初始化...
[2020-04-12 18:55:59:004] [vo.logVo.LogVo.<init>] [INFO] 日志实例已初始化...
[2020-04-12 18:55:59:005] [vo.logVo.LogVo.<init>] [INFO] 日志实例已初始化...
[2020-04-12 18:55:59:005] [vo.logVo.LogVo.<init>] [INFO] 日志实例已初始化...
[2020-04-12 18:55:59:005] [vo.logVo.LogVo.<init>] [INFO] 日志实例已初始化...
[2020-04-12 18:55:59:006] [vo.logVo.LogVo.<init>] [INFO] 日志实例已初始化...
[2020-04-12 18:55:59:006] [vo.logVo.LogVo.<init>] [INFO] 日志实例已初始化...
[2020-04-12 18:55:59:006] [vo.logVo.LogVo.<init>] [INFO] 日志实例已初始化...
[2020-04-12 18:55:59:006] [vo.logVo.LogVo.<init>] [INFO] 日志实例已初始化...
[2020-04-12 18:55:59:007] [vo.logVo.LogVo.<init>] [INFO] 日志实例已初始化...
[2020-04-12 18:55:59:007] [vo.logVo.LogVo.<init>] [INFO] 日志实例已初始化...
[2020-04-12 18:55:59:007] [vo.logVo.LogVo.<init>] [INFO] 日志实例已初始化...
[2020-04-12 18:55:59:008] [vo.logVo.LogVo.<init>] [INFO] 日志实例已初始化...
[2020-04-12 18:55:59:008] [vo.logVo.LogVo.<init>] [INFO] 日志实例已初始化...
[2020-04-12 18:55:59:009] [vo.logVo.LogVo.<init>] [INFO] 日志实例已初始化...
[2020-04-12 18:55:59:012] [vo.logVo.LogVo.<init>] [INFO] 日志实例已初始化...
[2020-04-12 18:55:59:012] [vo.logVo.LogVo.<init>] [INFO] 日志实例已初始化...
[2020-04-12 18:55:59:013] [vo.logVo.LogVo.<init>] [INFO] 日志实例已初始化...
[2020-04-12 18:55:59:016] [vo.logVo.LogVo.<init>] [INFO] 日志实例已初始化...
[2020-04-12 18:55:59:017] [vo.logVo.LogVo.<init>] [INFO] 日志实例已初始化...
[2020-04-12 18:55:59:017] [vo.logVo.LogVo.<init>] [INFO] 日志实例已初始化...
[2020-04-12 18:55:59:017] [vo.logVo.LogVo.<init>] [INFO] 日志实例已初始化...
[2020-04-12 18:55:59:018] [vo.logVo.LogVo.<init>] [INFO] 日志实例已初始化...
[2020-04-12 18:55:59:018] [vo.logVo.LogVo.<init>] [INFO] 日志实例已初始化...
[2020-04-12 18:55:59:019] [vo.logVo.LogVo.<init>] [INFO] 日志实例已初始化...
[2020-04-12 18:55:59:020] [vo.logVo.LogVo.<init>] [INFO] 日志实例已初始化...
[2020-04-12 18:55:59:020] [vo.logVo.LogVo.<init>] [INFO] 日志实例已初始化...
[2020-04-12 18:55:59:021] [vo.logVo.LogVo.<init>] [INFO] 日志实例已初始化...
[2020-04-12 18:55:59:021] [vo.logVo.LogVo.<init>] [INFO] 日志实例已初始化...
[2020-04-12 18:55:59:022] [vo.logVo.LogVo.<init>] [INFO] 日志实例已初始化...
[2020-04-12 18:55:59:022] [vo.logVo.LogVo.<init>] [INFO] 日志实例已初始化...
[2020-04-12 18:55:59:023] [vo.logVo.LogVo.<init>] [INFO] 日志实例已初始化...
[2020-04-12 18:55:59:023] [vo.logVo.LogVo.<init>] [INFO] 日志实例已初始化...
[2020-04-12 18:55:59:023] [vo.logVo.LogVo.<init>] [INFO] 日志实例已初始化...
[2020-04-12 18:55:59:024] [vo.logVo.LogVo.<init>] [INFO] 日志实例已初始化...
[2020-04-12 18:55:59:024] [vo.logVo.LogVo.<init>] [INFO] 日志实例已初始化...
[2020-04-12 18:55:59:024] [vo.logVo.LogVo.<init>] [INFO] 日志实例已初始化...
[2020-04-12 18:55:59:025] [vo.logVo.LogVo.<init>] [INFO] 日志实例已初始化...
[2020-04-12 18:55:59:026] [vo.logVo.LogVo.<init>] [INFO] 日志实例已初始化...
[2020-04-12 18:55:59:026] [vo.logVo.LogVo.<init>] [INFO] 日志实例已初始化...
[2020-04-12 18:55:59:027] [vo.logVo.LogVo.<init>] [INFO] 日志实例已初始化...
[2020-04-12 18:55:59:027] [vo.logVo.LogVo.<init>] [INFO] 日志实例已初始化...
[2020-04-12 18:55:59:028] [vo.logVo.LogVo.<init>] [INFO] 日志实例已初始化...
[2020-04-12 18:55:59:028] [vo.logVo.LogVo.<init>] [INFO] 日志实例已初始化...
[2020-04-12 18:55:59:029] [vo.logVo.LogVo.<init>] [INFO] 日志实例已初始化...
[2020-04-12 18:55:59:029] [vo.logVo.LogVo.<init>] [INFO] 日志实例已初始化...
[2020-04-12 18:55:59:031] [vo.logVo.LogVo.<init>] [INFO] 日志实例已初始化...
[2020-04-12 18:55:59:032] [vo.logVo.LogVo.<init>] [INFO] 日志实例已初始化...
[2020-04-12 18:55:59:032] [vo.logVo.LogVo.<init>] [INFO] 日志实例已初始化...
[2020-04-12 18:55:59:033] [vo.logVo.LogVo.<init>] [INFO] 日志实例已初始化...
[2020-04-12 18:55:59:033] [vo.logVo.LogVo.<init>] [INFO] 日志实例已初始化...
[2020-04-12 18:55:59:034] [vo.logVo.LogVo.<init>] [INFO] 日志实例已初始化...
[2020-04-12 18:55:59:034] [vo.logVo.LogVo.<init>] [INFO] 日志实例已初始化...
[2020-04-12 18:55:59:035] [vo.logVo.LogVo.<init>] [INFO] 日志实例已初始化...
[2020-04-12 18:55:59:035] [vo.logVo.LogVo.<init>] [INFO] 日志实例已初始化...
[2020-04-12 18:55:59:035] [vo.logVo.LogVo.<init>] [INFO] 日志实例已初始化...
[2020-04-12 18:55:59:036] [vo.logVo.LogVo.<init>] [INFO] 日志实例已初始化...
[2020-04-12 18:55:59:036] [vo.logVo.LogVo.<init>] [INFO] 日志实例已初始化...
[2020-04-12 18:55:59:036] [vo.logVo.LogVo.<init>] [INFO] 日志实例已初始化...
[2020-04-12 18:55:59:037] [vo.logVo.LogVo.<init>] [INFO] 日志实例已初始化...
[2020-04-12 18:55:59:037] [vo.logVo.LogVo.<init>] [INFO] 日志实例已初始化...
[2020-04-12 18:55:59:038] [vo.logVo.LogVo.<init>] [INFO] 日志实例已初始化...
[2020-04-12 18:55:59:038] [vo.logVo.LogVo.<init>] [INFO] 日志实例已初始化...
[2020-04-12 18:55:59:039] [vo.logVo.LogVo.<init>] [INFO] 日志实例已初始化...
[2020-04-12 18:55:59:039] [vo.logVo.LogVo.<init>] [INFO] 日志实例已初始化...
[2020-04-12 18:55:59:039] [vo.logVo.LogVo.<init>] [INFO] 日志实例已初始化...
[2020-04-12 18:55:59:040] [vo.logVo.LogVo.<init>] [INFO] 日志实例已初始化...
[2020-04-12 18:55:59:041] [vo.logVo.LogVo.<init>] [INFO] 日志实例已初始化...
[2020-04-12 18:55:59:041] [vo.logVo.LogVo.<init>] [INFO] 日志实例已初始化...
[2020-04-12 18:55:59:042] [vo.logVo.LogVo.<init>] [INFO] 日志实例已初始化...
[2020-04-12 18:55:59:043] [vo.logVo.LogVo.<init>] [INFO] 日志实例已初始化...
[2020-04-12 18:55:59:043] [vo.logVo.LogVo.<init>] [INFO] 日志实例已初始化...
[2020-04-12 18:55:59:044] [vo.logVo.LogVo.<init>] [INFO] 日志实例已初始化...
[2020-04-12 18:55:59:044] [vo.logVo.LogVo.<init>] [INFO] 日志实例已初始化...
[2020-04-12 18:55:59:045] [vo.logVo.LogVo.<init>] [INFO] 日志实例已初始化...
[2020-04-12 18:55:59:045] [vo.logVo.LogVo.<init>] [INFO] 日志实例已初始化...
[2020-04-12 18:55:59:046] [vo.logVo.LogVo.<init>] [INFO] 日志实例已初始化...
[2020-04-12 18:55:59:047] [vo.logVo.LogVo.<init>] [INFO] 日志实例已初始化...
[2020-04-12 18:55:59:047] [vo.logVo.LogVo.<init>] [INFO] 日志实例已初始化...
[2020-04-12 18:55:59:048] [vo.logVo.LogVo.<init>] [INFO] 日志实例已初始化...
[2020-04-12 18:55:59:049] [vo.logVo.LogVo.<init>] [INFO] 日志实例已初始化...
[2020-04-12 18:55:59:057] [vo.logVo.LogVo.<init>] [INFO] 日志实例已初始化...
[2020-04-12 18:55:59:061] [vo.logVo.LogVo.<init>] [INFO] 日志实例已初始化...
[2020-04-12 18:55:59:284] [action.userAction.LoginAction.execute] [INFO] 该用户已登录，请稍后再试！
[2020-04-12 18:56:30:049] [vo.logVo.LogVo.<init>] [INFO] 日志实例已初始化...
[2020-04-12 18:56:30:050] [vo.logVo.LogVo.<init>] [INFO] 日志实例已初始化...
[2020-04-12 18:56:30:051] [vo.logVo.LogVo.<init>] [INFO] 日志实例已初始化...
[2020-04-12 18:56:30:051] [vo.logVo.LogVo.<init>] [INFO] 日志实例已初始化...
[2020-04-12 18:56:30:052] [vo.logVo.LogVo.<init>] [INFO] 日志实例已初始化...
[2020-04-12 18:56:30:052] [vo.logVo.LogVo.<init>] [INFO] 日志实例已初始化...
[2020-04-12 18:56:30:053] [vo.logVo.LogVo.<init>] [INFO] 日志实例已初始化...
[2020-04-12 18:56:30:053] [vo.logVo.LogVo.<init>] [INFO] 日志实例已初始化...
[2020-04-12 18:56:30:054] [vo.logVo.LogVo.<init>] [INFO] 日志实例已初始化...
[2020-04-12 18:56:30:054] [vo.logVo.LogVo.<init>] [INFO] 日志实例已初始化...
[2020-04-12 18:56:30:054] [vo.logVo.LogVo.<init>] [INFO] 日志实例已初始化...
[2020-04-12 18:56:30:055] [vo.logVo.LogVo.<init>] [INFO] 日志实例已初始化...
[2020-04-12 18:56:30:056] [vo.logVo.LogVo.<init>] [INFO] 日志实例已初始化...
[2020-04-12 18:56:30:057] [vo.logVo.LogVo.<init>] [INFO] 日志实例已初始化...
[2020-04-12 18:56:30:058] [vo.logVo.LogVo.<init>] [INFO] 日志实例已初始化...
[2020-04-12 18:56:30:059] [vo.logVo.LogVo.<init>] [INFO] 日志实例已初始化...
[2020-04-12 18:56:30:060] [vo.logVo.LogVo.<init>] [INFO] 日志实例已初始化...
[2020-04-12 18:56:30:060] [vo.logVo.LogVo.<init>] [INFO] 日志实例已初始化...
[2020-04-12 18:56:30:061] [vo.logVo.LogVo.<init>] [INFO] 日志实例已初始化...
[2020-04-12 18:56:30:061] [vo.logVo.LogVo.<init>] [INFO] 日志实例已初始化...
[2020-04-12 18:56:30:061] [vo.logVo.LogVo.<init>] [INFO] 日志实例已初始化...
[2020-04-12 18:56:30:062] [vo.logVo.LogVo.<init>] [INFO] 日志实例已初始化...
[2020-04-12 18:56:30:063] [vo.logVo.LogVo.<init>] [INFO] 日志实例已初始化...
[2020-04-12 18:56:30:064] [vo.logVo.LogVo.<init>] [INFO] 日志实例已初始化...
[2020-04-12 18:56:30:065] [vo.logVo.LogVo.<init>] [INFO] 日志实例已初始化...
[2020-04-12 18:56:30:065] [vo.logVo.LogVo.<init>] [INFO] 日志实例已初始化...
[2020-04-12 18:56:30:066] [vo.logVo.LogVo.<init>] [INFO] 日志实例已初始化...
[2020-04-12 18:56:30:066] [vo.logVo.LogVo.<init>] [INFO] 日志实例已初始化...
[2020-04-12 18:56:30:067] [vo.logVo.LogVo.<init>] [INFO] 日志实例已初始化...
[2020-04-12 18:56:30:067] [vo.logVo.LogVo.<init>] [INFO] 日志实例已初始化...
[2020-04-12 18:56:30:068] [vo.logVo.LogVo.<init>] [INFO] 日志实例已初始化...
[2020-04-12 18:56:30:068] [vo.logVo.LogVo.<init>] [INFO] 日志实例已初始化...
[2020-04-12 18:56:30:069] [vo.logVo.LogVo.<init>] [INFO] 日志实例已初始化...
[2020-04-12 18:56:30:069] [vo.logVo.LogVo.<init>] [INFO] 日志实例已初始化...
[2020-04-12 18:56:30:070] [vo.logVo.LogVo.<init>] [INFO] 日志实例已初始化...
[2020-04-12 18:56:30:071] [vo.logVo.LogVo.<init>] [INFO] 日志实例已初始化...
[2020-04-12 18:56:30:072] [vo.logVo.LogVo.<init>] [INFO] 日志实例已初始化...
[2020-04-12 18:56:30:072] [vo.logVo.LogVo.<init>] [INFO] 日志实例已初始化...
[2020-04-12 18:56:30:073] [vo.logVo.LogVo.<init>] [INFO] 日志实例已初始化...
[2020-04-12 18:56:30:073] [vo.logVo.LogVo.<init>] [INFO] 日志实例已初始化...
[2020-04-12 18:56:30:074] [vo.logVo.LogVo.<init>] [INFO] 日志实例已初始化...
[2020-04-12 18:56:30:074] [vo.logVo.LogVo.<init>] [INFO] 日志实例已初始化...
[2020-04-12 18:56:30:075] [vo.logVo.LogVo.<init>] [INFO] 日志实例已初始化...
[2020-04-12 18:56:30:075] [vo.logVo.LogVo.<init>] [INFO] 日志实例已初始化...
[2020-04-12 18:56:30:076] [vo.logVo.LogVo.<init>] [INFO] 日志实例已初始化...
[2020-04-12 18:56:30:076] [vo.logVo.LogVo.<init>] [INFO] 日志实例已初始化...
[2020-04-12 18:56:30:076] [vo.logVo.LogVo.<init>] [INFO] 日志实例已初始化...
[2020-04-12 18:56:30:077] [vo.logVo.LogVo.<init>] [INFO] 日志实例已初始化...
[2020-04-12 18:56:30:077] [vo.logVo.LogVo.<init>] [INFO] 日志实例已初始化...
[2020-04-12 18:56:30:078] [vo.logVo.LogVo.<init>] [INFO] 日志实例已初始化...
[2020-04-12 18:56:30:078] [vo.logVo.LogVo.<init>] [INFO] 日志实例已初始化...
[2020-04-12 18:56:30:079] [vo.logVo.LogVo.<init>] [INFO] 日志实例已初始化...
[2020-04-12 18:56:30:079] [vo.logVo.LogVo.<init>] [INFO] 日志实例已初始化...
[2020-04-12 18:56:30:080] [vo.logVo.LogVo.<init>] [INFO] 日志实例已初始化...
[2020-04-12 18:56:30:081] [vo.logVo.LogVo.<init>] [INFO] 日志实例已初始化...
[2020-04-12 18:56:30:082] [vo.logVo.LogVo.<init>] [INFO] 日志实例已初始化...
[2020-04-12 18:56:30:083] [vo.logVo.LogVo.<init>] [INFO] 日志实例已初始化...
[2020-04-12 18:56:30:083] [vo.logVo.LogVo.<init>] [INFO] 日志实例已初始化...
[2020-04-12 18:56:30:084] [vo.logVo.LogVo.<init>] [INFO] 日志实例已初始化...
[2020-04-12 18:56:30:084] [vo.logVo.LogVo.<init>] [INFO] 日志实例已初始化...
[2020-04-12 18:56:30:085] [vo.logVo.LogVo.<init>] [INFO] 日志实例已初始化...
[2020-04-12 18:56:30:089] [vo.logVo.LogVo.<init>] [INFO] 日志实例已初始化...
[2020-04-12 18:56:30:090] [vo.logVo.LogVo.<init>] [INFO] 日志实例已初始化...
[2020-04-12 18:56:30:091] [vo.logVo.LogVo.<init>] [INFO] 日志实例已初始化...
[2020-04-12 18:56:30:092] [vo.logVo.LogVo.<init>] [INFO] 日志实例已初始化...
[2020-04-12 18:56:30:092] [vo.logVo.LogVo.<init>] [INFO] 日志实例已初始化...
[2020-04-12 18:56:30:093] [vo.logVo.LogVo.<init>] [INFO] 日志实例已初始化...
[2020-04-12 18:56:30:094] [vo.logVo.LogVo.<init>] [INFO] 日志实例已初始化...
[2020-04-12 18:56:30:095] [vo.logVo.LogVo.<init>] [INFO] 日志实例已初始化...
[2020-04-12 18:56:30:096] [vo.logVo.LogVo.<init>] [INFO] 日志实例已初始化...
[2020-04-12 18:56:30:096] [vo.logVo.LogVo.<init>] [INFO] 日志实例已初始化...
[2020-04-12 18:56:30:097] [vo.logVo.LogVo.<init>] [INFO] 日志实例已初始化...
[2020-04-12 18:56:30:105] [vo.logVo.LogVo.<init>] [INFO] 日志实例已初始化...
[2020-04-12 18:56:30:106] [vo.logVo.LogVo.<init>] [INFO] 日志实例已初始化...
[2020-04-12 18:56:30:106] [vo.logVo.LogVo.<init>] [INFO] 日志实例已初始化...
[2020-04-12 18:56:30:107] [vo.logVo.LogVo.<init>] [INFO] 日志实例已初始化...
[2020-04-12 18:56:30:107] [vo.logVo.LogVo.<init>] [INFO] 日志实例已初始化...
[2020-04-12 18:56:30:109] [vo.logVo.LogVo.<init>] [INFO] 日志实例已初始化...
[2020-04-12 18:56:30:109] [vo.logVo.LogVo.<init>] [INFO] 日志实例已初始化...
[2020-04-12 18:56:30:110] [vo.logVo.LogVo.<init>] [INFO] 日志实例已初始化...
[2020-04-12 18:56:30:110] [vo.logVo.LogVo.<init>] [INFO] 日志实例已初始化...
[2020-04-12 18:56:30:111] [vo.logVo.LogVo.<init>] [INFO] 日志实例已初始化...
[2020-04-12 18:56:30:112] [vo.logVo.LogVo.<init>] [INFO] 日志实例已初始化...
[2020-04-12 18:56:30:112] [vo.logVo.LogVo.<init>] [INFO] 日志实例已初始化...
[2020-04-12 18:56:30:113] [vo.logVo.LogVo.<init>] [INFO] 日志实例已初始化...
[2020-04-12 18:56:30:113] [vo.logVo.LogVo.<init>] [INFO] 日志实例已初始化...
[2020-04-12 18:56:30:114] [vo.logVo.LogVo.<init>] [INFO] 日志实例已初始化...
[2020-04-12 18:56:30:115] [vo.logVo.LogVo.<init>] [INFO] 日志实例已初始化...
[2020-04-12 18:56:30:115] [vo.logVo.LogVo.<init>] [INFO] 日志实例已初始化...
[2020-04-12 18:56:30:116] [vo.logVo.LogVo.<init>] [INFO] 日志实例已初始化...
[2020-04-12 18:56:30:117] [vo.logVo.LogVo.<init>] [INFO] 日志实例已初始化...
[2020-04-12 18:56:30:117] [vo.logVo.LogVo.<init>] [INFO] 日志实例已初始化...
[2020-04-12 18:56:30:119] [vo.logVo.LogVo.<init>] [INFO] 日志实例已初始化...
[2020-04-12 18:56:30:120] [vo.logVo.LogVo.<init>] [INFO] 日志实例已初始化...
[2020-04-12 18:56:30:121] [vo.logVo.LogVo.<init>] [INFO] 日志实例已初始化...
[2020-04-12 18:56:30:121] [vo.logVo.LogVo.<init>] [INFO] 日志实例已初始化...
[2020-04-12 18:56:30:122] [vo.logVo.LogVo.<init>] [INFO] 日志实例已初始化...
[2020-04-12 18:56:30:122] [vo.logVo.LogVo.<init>] [INFO] 日志实例已初始化...
[2020-04-12 18:56:30:123] [vo.logVo.LogVo.<init>] [INFO] 日志实例已初始化...
[2020-04-12 18:56:30:123] [vo.logVo.LogVo.<init>] [INFO] 日志实例已初始化...
[2020-04-12 18:56:30:124] [vo.logVo.LogVo.<init>] [INFO] 日志实例已初始化...
[2020-04-12 18:56:30:125] [vo.logVo.LogVo.<init>] [INFO] 日志实例已初始化...
[2020-04-12 18:56:30:125] [vo.logVo.LogVo.<init>] [INFO] 日志实例已初始化...
[2020-04-12 18:56:30:126] [vo.logVo.LogVo.<init>] [INFO] 日志实例已初始化...
[2020-04-12 18:56:30:126] [vo.logVo.LogVo.<init>] [INFO] 日志实例已初始化...
[2020-04-12 18:56:30:126] [vo.logVo.LogVo.<init>] [INFO] 日志实例已初始化...
[2020-04-12 18:56:30:127] [vo.logVo.LogVo.<init>] [INFO] 日志实例已初始化...
[2020-04-12 18:56:30:128] [vo.logVo.LogVo.<init>] [INFO] 日志实例已初始化...
[2020-04-12 18:56:30:129] [vo.logVo.LogVo.<init>] [INFO] 日志实例已初始化...
[2020-04-12 18:56:30:129] [vo.logVo.LogVo.<init>] [INFO] 日志实例已初始化...
[2020-04-12 18:56:30:130] [vo.logVo.LogVo.<init>] [INFO] 日志实例已初始化...
[2020-04-12 18:56:30:130] [vo.logVo.LogVo.<init>] [INFO] 日志实例已初始化...
[2020-04-12 18:56:30:131] [vo.logVo.LogVo.<init>] [INFO] 日志实例已初始化...
[2020-04-12 18:56:30:131] [vo.logVo.LogVo.<init>] [INFO] 日志实例已初始化...
[2020-04-12 18:56:30:132] [vo.logVo.LogVo.<init>] [INFO] 日志实例已初始化...
[2020-04-12 18:56:30:136] [vo.logVo.LogVo.<init>] [INFO] 日志实例已初始化...
[2020-04-12 18:56:30:137] [vo.logVo.LogVo.<init>] [INFO] 日志实例已初始化...
[2020-04-12 18:56:30:139] [vo.logVo.LogVo.<init>] [INFO] 日志实例已初始化...
[2020-04-12 18:56:30:140] [vo.logVo.LogVo.<init>] [INFO] 日志实例已初始化...
[2020-04-12 18:56:30:145] [vo.logVo.LogVo.<init>] [INFO] 日志实例已初始化...
[2020-04-12 18:56:30:145] [vo.logVo.LogVo.<init>] [INFO] 日志实例已初始化...
[2020-04-12 18:56:30:146] [vo.logVo.LogVo.<init>] [INFO] 日志实例已初始化...
[2020-04-12 18:56:30:146] [vo.logVo.LogVo.<init>] [INFO] 日志实例已初始化...
[2020-04-12 18:56:30:146] [vo.logVo.LogVo.<init>] [INFO] 日志实例已初始化...
[2020-04-12 18:56:30:154] [vo.logVo.LogVo.<init>] [INFO] 日志实例已初始化...
[2020-04-12 18:56:30:155] [vo.logVo.LogVo.<init>] [INFO] 日志实例已初始化...
[2020-04-12 18:56:30:156] [vo.logVo.LogVo.<init>] [INFO] 日志实例已初始化...
[2020-04-12 18:56:30:156] [vo.logVo.LogVo.<init>] [INFO] 日志实例已初始化...
[2020-04-12 18:56:30:157] [vo.logVo.LogVo.<init>] [INFO] 日志实例已初始化...
[2020-04-12 18:56:30:157] [vo.logVo.LogVo.<init>] [INFO] 日志实例已初始化...
[2020-04-12 18:56:30:159] [vo.logVo.LogVo.<init>] [INFO] 日志实例已初始化...
[2020-04-12 18:56:30:159] [vo.logVo.LogVo.<init>] [INFO] 日志实例已初始化...
[2020-04-12 18:56:30:160] [vo.logVo.LogVo.<init>] [INFO] 日志实例已初始化...
[2020-04-12 18:56:30:161] [vo.logVo.LogVo.<init>] [INFO] 日志实例已初始化...
[2020-04-12 18:56:30:161] [vo.logVo.LogVo.<init>] [INFO] 日志实例已初始化...
[2020-04-12 18:56:30:162] [vo.logVo.LogVo.<init>] [INFO] 日志实例已初始化...
[2020-04-12 18:56:30:163] [vo.logVo.LogVo.<init>] [INFO] 日志实例已初始化...
[2020-04-12 18:56:30:163] [vo.logVo.LogVo.<init>] [INFO] 日志实例已初始化...
[2020-04-12 18:56:30:167] [vo.logVo.LogVo.<init>] [INFO] 日志实例已初始化...
[2020-04-12 18:56:30:169] [vo.logVo.LogVo.<init>] [INFO] 日志实例已初始化...
[2020-04-12 18:56:30:169] [vo.logVo.LogVo.<init>] [INFO] 日志实例已初始化...
[2020-04-12 18:56:30:170] [vo.logVo.LogVo.<init>] [INFO] 日志实例已初始化...
[2020-04-12 18:56:30:171] [vo.logVo.LogVo.<init>] [INFO] 日志实例已初始化...
[2020-04-12 18:56:30:171] [vo.logVo.LogVo.<init>] [INFO] 日志实例已初始化...
[2020-04-12 18:56:30:172] [vo.logVo.LogVo.<init>] [INFO] 日志实例已初始化...
[2020-04-12 18:56:30:172] [vo.logVo.LogVo.<init>] [INFO] 日志实例已初始化...
[2020-04-12 18:56:30:173] [vo.logVo.LogVo.<init>] [INFO] 日志实例已初始化...
[2020-04-12 18:56:30:173] [vo.logVo.LogVo.<init>] [INFO] 日志实例已初始化...
[2020-04-12 18:56:30:174] [vo.logVo.LogVo.<init>] [INFO] 日志实例已初始化...
[2020-04-12 18:56:30:174] [vo.logVo.LogVo.<init>] [INFO] 日志实例已初始化...
[2020-04-12 18:56:30:175] [vo.logVo.LogVo.<init>] [INFO] 日志实例已初始化...
[2020-04-12 18:56:30:175] [vo.logVo.LogVo.<init>] [INFO] 日志实例已初始化...
[2020-04-12 18:56:30:175] [vo.logVo.LogVo.<init>] [INFO] 日志实例已初始化...
[2020-04-12 18:56:30:176] [vo.logVo.LogVo.<init>] [INFO] 日志实例已初始化...
[2020-04-12 18:56:30:177] [vo.logVo.LogVo.<init>] [INFO] 日志实例已初始化...
[2020-04-12 18:56:30:177] [vo.logVo.LogVo.<init>] [INFO] 日志实例已初始化...
[2020-04-12 18:56:30:177] [vo.logVo.LogVo.<init>] [INFO] 日志实例已初始化...
[2020-04-12 18:56:30:178] [vo.logVo.LogVo.<init>] [INFO] 日志实例已初始化...
[2020-04-12 18:56:30:178] [vo.logVo.LogVo.<init>] [INFO] 日志实例已初始化...
[2020-04-12 18:56:30:179] [vo.logVo.LogVo.<init>] [INFO] 日志实例已初始化...
[2020-04-12 18:56:30:179] [vo.logVo.LogVo.<init>] [INFO] 日志实例已初始化...
[2020-04-12 18:56:30:180] [vo.logVo.LogVo.<init>] [INFO] 日志实例已初始化...
[2020-04-12 18:56:30:181] [vo.logVo.LogVo.<init>] [INFO] 日志实例已初始化...
[2020-04-12 18:56:30:184] [vo.logVo.LogVo.<init>] [INFO] 日志实例已初始化...
[2020-04-12 18:56:30:185] [vo.logVo.LogVo.<init>] [INFO] 日志实例已初始化...
[2020-04-12 18:56:30:185] [vo.logVo.LogVo.<init>] [INFO] 日志实例已初始化...
[2020-04-12 18:56:30:186] [vo.logVo.LogVo.<init>] [INFO] 日志实例已初始化...
[2020-04-12 18:56:30:187] [vo.logVo.LogVo.<init>] [INFO] 日志实例已初始化...
[2020-04-12 18:56:30:187] [vo.logVo.LogVo.<init>] [INFO] 日志实例已初始化...
[2020-04-12 18:56:30:188] [vo.logVo.LogVo.<init>] [INFO] 日志实例已初始化...
[2020-04-12 18:56:30:189] [vo.logVo.LogVo.<init>] [INFO] 日志实例已初始化...
[2020-04-12 18:56:30:189] [vo.logVo.LogVo.<init>] [INFO] 日志实例已初始化...
[2020-04-12 18:56:30:191] [vo.logVo.LogVo.<init>] [INFO] 日志实例已初始化...
[2020-04-12 18:56:30:191] [vo.logVo.LogVo.<init>] [INFO] 日志实例已初始化...
[2020-04-12 18:56:30:192] [vo.logVo.LogVo.<init>] [INFO] 日志实例已初始化...
[2020-04-12 18:56:30:192] [vo.logVo.LogVo.<init>] [INFO] 日志实例已初始化...
[2020-04-12 18:56:30:193] [vo.logVo.LogVo.<init>] [INFO] 日志实例已初始化...
[2020-04-12 18:56:30:193] [vo.logVo.LogVo.<init>] [INFO] 日志实例已初始化...
[2020-04-12 18:56:30:193] [vo.logVo.LogVo.<init>] [INFO] 日志实例已初始化...
[2020-04-12 18:56:30:194] [vo.logVo.LogVo.<init>] [INFO] 日志实例已初始化...
[2020-04-12 18:56:30:194] [vo.logVo.LogVo.<init>] [INFO] 日志实例已初始化...
[2020-04-12 18:56:30:195] [vo.logVo.LogVo.<init>] [INFO] 日志实例已初始化...
[2020-04-12 18:56:30:195] [vo.logVo.LogVo.<init>] [INFO] 日志实例已初始化...
[2020-04-12 18:56:30:196] [vo.logVo.LogVo.<init>] [INFO] 日志实例已初始化...
[2020-04-12 18:56:30:196] [vo.logVo.LogVo.<init>] [INFO] 日志实例已初始化...
[2020-04-12 18:56:30:196] [vo.logVo.LogVo.<init>] [INFO] 日志实例已初始化...
[2020-04-12 18:56:30:197] [vo.logVo.LogVo.<init>] [INFO] 日志实例已初始化...
[2020-04-12 18:56:30:197] [vo.logVo.LogVo.<init>] [INFO] 日志实例已初始化...
[2020-04-12 18:56:30:198] [vo.logVo.LogVo.<init>] [INFO] 日志实例已初始化...
[2020-04-12 18:56:30:198] [vo.logVo.LogVo.<init>] [INFO] 日志实例已初始化...
[2020-04-12 18:56:30:201] [vo.logVo.LogVo.<init>] [INFO] 日志实例已初始化...
[2020-04-12 18:56:30:202] [vo.logVo.LogVo.<init>] [INFO] 日志实例已初始化...
[2020-04-12 18:56:30:204] [vo.logVo.LogVo.<init>] [INFO] 日志实例已初始化...
[2020-04-12 18:56:30:205] [vo.logVo.LogVo.<init>] [INFO] 日志实例已初始化...
[2020-04-12 18:56:30:206] [vo.logVo.LogVo.<init>] [INFO] 日志实例已初始化...
[2020-04-12 18:56:30:206] [vo.logVo.LogVo.<init>] [INFO] 日志实例已初始化...
[2020-04-12 18:56:30:207] [vo.logVo.LogVo.<init>] [INFO] 日志实例已初始化...
[2020-04-12 18:56:30:207] [vo.logVo.LogVo.<init>] [INFO] 日志实例已初始化...
[2020-04-12 18:56:30:208] [vo.logVo.LogVo.<init>] [INFO] 日志实例已初始化...
[2020-04-12 18:56:30:217] [vo.logVo.LogVo.<init>] [INFO] 日志实例已初始化...
[2020-04-12 18:56:30:219] [vo.logVo.LogVo.<init>] [INFO] 日志实例已初始化...
[2020-04-12 18:56:30:219] [vo.logVo.LogVo.<init>] [INFO] 日志实例已初始化...
[2020-04-12 18:56:30:220] [vo.logVo.LogVo.<init>] [INFO] 日志实例已初始化...
[2020-04-12 18:56:30:220] [vo.logVo.LogVo.<init>] [INFO] 日志实例已初始化...
[2020-04-12 18:56:30:221] [vo.logVo.LogVo.<init>] [INFO] 日志实例已初始化...
[2020-04-12 18:56:30:221] [vo.logVo.LogVo.<init>] [INFO] 日志实例已初始化...
[2020-04-12 18:56:30:222] [vo.logVo.LogVo.<init>] [INFO] 日志实例已初始化...
[2020-04-12 18:56:30:222] [vo.logVo.LogVo.<init>] [INFO] 日志实例已初始化...
[2020-04-12 18:56:30:223] [vo.logVo.LogVo.<init>] [INFO] 日志实例已初始化...
[2020-04-12 18:56:30:223] [vo.logVo.LogVo.<init>] [INFO] 日志实例已初始化...
[2020-04-12 18:56:30:223] [vo.logVo.LogVo.<init>] [INFO] 日志实例已初始化...
[2020-04-12 18:56:30:224] [vo.logVo.LogVo.<init>] [INFO] 日志实例已初始化...
[2020-04-12 18:56:30:224] [vo.logVo.LogVo.<init>] [INFO] 日志实例已初始化...
[2020-04-12 18:56:30:225] [vo.logVo.LogVo.<init>] [INFO] 日志实例已初始化...
[2020-04-12 18:56:30:225] [vo.logVo.LogVo.<init>] [INFO] 日志实例已初始化...
[2020-04-12 18:56:30:226] [vo.logVo.LogVo.<init>] [INFO] 日志实例已初始化...
[2020-04-12 18:56:30:226] [vo.logVo.LogVo.<init>] [INFO] 日志实例已初始化...
[2020-04-12 18:56:30:226] [vo.logVo.LogVo.<init>] [INFO] 日志实例已初始化...
[2020-04-12 18:56:30:227] [vo.logVo.LogVo.<init>] [INFO] 日志实例已初始化...
[2020-04-12 18:56:30:227] [vo.logVo.LogVo.<init>] [INFO] 日志实例已初始化...
[2020-04-12 18:56:30:228] [vo.logVo.LogVo.<init>] [INFO] 日志实例已初始化...
[2020-04-12 18:56:30:228] [vo.logVo.LogVo.<init>] [INFO] 日志实例已初始化...
[2020-04-12 18:56:30:229] [vo.logVo.LogVo.<init>] [INFO] 日志实例已初始化...
[2020-04-12 18:56:30:230] [vo.logVo.LogVo.<init>] [INFO] 日志实例已初始化...
[2020-04-12 18:56:30:230] [vo.logVo.LogVo.<init>] [INFO] 日志实例已初始化...
[2020-04-12 18:56:30:231] [vo.logVo.LogVo.<init>] [INFO] 日志实例已初始化...
[2020-04-12 18:56:30:231] [vo.logVo.LogVo.<init>] [INFO] 日志实例已初始化...
[2020-04-12 18:56:30:232] [vo.logVo.LogVo.<init>] [INFO] 日志实例已初始化...
[2020-04-12 18:56:30:232] [vo.logVo.LogVo.<init>] [INFO] 日志实例已初始化...
[2020-04-12 18:56:30:233] [vo.logVo.LogVo.<init>] [INFO] 日志实例已初始化...
[2020-04-12 18:56:30:233] [vo.logVo.LogVo.<init>] [INFO] 日志实例已初始化...
[2020-04-12 18:56:30:234] [vo.logVo.LogVo.<init>] [INFO] 日志实例已初始化...
[2020-04-12 18:56:30:235] [vo.logVo.LogVo.<init>] [INFO] 日志实例已初始化...
[2020-04-12 18:56:30:235] [vo.logVo.LogVo.<init>] [INFO] 日志实例已初始化...
[2020-04-12 18:56:30:236] [vo.logVo.LogVo.<init>] [INFO] 日志实例已初始化...
[2020-04-12 18:56:30:236] [vo.logVo.LogVo.<init>] [INFO] 日志实例已初始化...
[2020-04-12 18:56:30:237] [vo.logVo.LogVo.<init>] [INFO] 日志实例已初始化...
[2020-04-12 18:56:30:237] [vo.logVo.LogVo.<init>] [INFO] 日志实例已初始化...
[2020-04-12 18:56:30:238] [vo.logVo.LogVo.<init>] [INFO] 日志实例已初始化...
[2020-04-12 18:56:30:238] [vo.logVo.LogVo.<init>] [INFO] 日志实例已初始化...
[2020-04-12 18:56:30:239] [vo.logVo.LogVo.<init>] [INFO] 日志实例已初始化...
[2020-04-12 18:56:30:239] [vo.logVo.LogVo.<init>] [INFO] 日志实例已初始化...
[2020-04-12 18:56:30:240] [vo.logVo.LogVo.<init>] [INFO] 日志实例已初始化...
[2020-04-12 18:56:30:240] [vo.logVo.LogVo.<init>] [INFO] 日志实例已初始化...
[2020-04-12 18:56:30:242] [vo.logVo.LogVo.<init>] [INFO] 日志实例已初始化...
[2020-04-12 18:56:30:244] [vo.logVo.LogVo.<init>] [INFO] 日志实例已初始化...
[2020-04-12 18:56:30:245] [vo.logVo.LogVo.<init>] [INFO] 日志实例已初始化...
[2020-04-12 18:56:30:245] [vo.logVo.LogVo.<init>] [INFO] 日志实例已初始化...
[2020-04-12 18:56:30:246] [vo.logVo.LogVo.<init>] [INFO] 日志实例已初始化...
[2020-04-12 18:56:30:246] [vo.logVo.LogVo.<init>] [INFO] 日志实例已初始化...
[2020-04-12 18:56:30:249] [vo.logVo.LogVo.<init>] [INFO] 日志实例已初始化...
[2020-04-12 18:56:30:249] [vo.logVo.LogVo.<init>] [INFO] 日志实例已初始化...
[2020-04-12 18:56:30:250] [vo.logVo.LogVo.<init>] [INFO] 日志实例已初始化...
[2020-04-12 18:56:30:250] [vo.logVo.LogVo.<init>] [INFO] 日志实例已初始化...
[2020-04-12 18:56:30:251] [vo.logVo.LogVo.<init>] [INFO] 日志实例已初始化...
[2020-04-12 18:56:30:252] [vo.logVo.LogVo.<init>] [INFO] 日志实例已初始化...
[2020-04-12 18:56:30:253] [vo.logVo.LogVo.<init>] [INFO] 日志实例已初始化...
[2020-04-12 18:56:30:253] [vo.logVo.LogVo.<init>] [INFO] 日志实例已初始化...
[2020-04-12 18:56:30:254] [vo.logVo.LogVo.<init>] [INFO] 日志实例已初始化...
[2020-04-12 18:56:30:255] [vo.logVo.LogVo.<init>] [INFO] 日志实例已初始化...
[2020-04-12 18:56:30:256] [vo.logVo.LogVo.<init>] [INFO] 日志实例已初始化...
[2020-04-12 18:56:30:256] [vo.logVo.LogVo.<init>] [INFO] 日志实例已初始化...
[2020-04-12 18:56:30:257] [vo.logVo.LogVo.<init>] [INFO] 日志实例已初始化...
[2020-04-12 18:56:30:258] [vo.logVo.LogVo.<init>] [INFO] 日志实例已初始化...
[2020-04-12 18:56:30:258] [vo.logVo.LogVo.<init>] [INFO] 日志实例已初始化...
[2020-04-12 18:56:30:259] [vo.logVo.LogVo.<init>] [INFO] 日志实例已初始化...
[2020-04-12 18:56:30:259] [vo.logVo.LogVo.<init>] [INFO] 日志实例已初始化...
[2020-04-12 18:56:30:260] [vo.logVo.LogVo.<init>] [INFO] 日志实例已初始化...
[2020-04-12 18:56:30:261] [vo.logVo.LogVo.<init>] [INFO] 日志实例已初始化...
[2020-04-12 18:56:30:261] [vo.logVo.LogVo.<init>] [INFO] 日志实例已初始化...
[2020-04-12 18:56:30:262] [vo.logVo.LogVo.<init>] [INFO] 日志实例已初始化...
[2020-04-12 18:56:30:262] [vo.logVo.LogVo.<init>] [INFO] 日志实例已初始化...
[2020-04-12 18:56:30:263] [vo.logVo.LogVo.<init>] [INFO] 日志实例已初始化...
[2020-04-12 18:56:30:263] [vo.logVo.LogVo.<init>] [INFO] 日志实例已初始化...
[2020-04-12 18:56:30:263] [vo.logVo.LogVo.<init>] [INFO] 日志实例已初始化...
[2020-04-12 18:56:30:268] [vo.logVo.LogVo.<init>] [INFO] 日志实例已初始化...
[2020-04-12 18:56:30:269] [vo.logVo.LogVo.<init>] [INFO] 日志实例已初始化...
[2020-04-12 18:56:30:273] [vo.logVo.LogVo.<init>] [INFO] 日志实例已初始化...
[2020-04-12 18:56:30:274] [vo.logVo.LogVo.<init>] [INFO] 日志实例已初始化...
[2020-04-12 18:56:30:275] [vo.logVo.LogVo.<init>] [INFO] 日志实例已初始化...
[2020-04-12 18:56:30:276] [vo.logVo.LogVo.<init>] [INFO] 日志实例已初始化...
[2020-04-12 18:56:30:276] [vo.logVo.LogVo.<init>] [INFO] 日志实例已初始化...
[2020-04-12 18:56:30:277] [vo.logVo.LogVo.<init>] [INFO] 日志实例已初始化...
[2020-04-12 18:56:30:277] [vo.logVo.LogVo.<init>] [INFO] 日志实例已初始化...
[2020-04-12 18:56:30:277] [vo.logVo.LogVo.<init>] [INFO] 日志实例已初始化...
[2020-04-12 18:56:30:278] [vo.logVo.LogVo.<init>] [INFO] 日志实例已初始化...
[2020-04-12 18:56:30:278] [vo.logVo.LogVo.<init>] [INFO] 日志实例已初始化...
[2020-04-12 18:56:30:279] [vo.logVo.LogVo.<init>] [INFO] 日志实例已初始化...
[2020-04-12 18:56:30:279] [vo.logVo.LogVo.<init>] [INFO] 日志实例已初始化...
[2020-04-12 18:56:30:280] [vo.logVo.LogVo.<init>] [INFO] 日志实例已初始化...
[2020-04-12 18:56:30:280] [vo.logVo.LogVo.<init>] [INFO] 日志实例已初始化...
[2020-04-12 18:56:30:280] [vo.logVo.LogVo.<init>] [INFO] 日志实例已初始化...
[2020-04-12 18:56:30:281] [vo.logVo.LogVo.<init>] [INFO] 日志实例已初始化...
[2020-04-12 18:56:30:281] [vo.logVo.LogVo.<init>] [INFO] 日志实例已初始化...
[2020-04-12 18:56:30:282] [vo.logVo.LogVo.<init>] [INFO] 日志实例已初始化...
[2020-04-12 18:56:30:283] [vo.logVo.LogVo.<init>] [INFO] 日志实例已初始化...
[2020-04-12 18:56:30:283] [vo.logVo.LogVo.<init>] [INFO] 日志实例已初始化...
[2020-04-12 18:56:30:284] [vo.logVo.LogVo.<init>] [INFO] 日志实例已初始化...
[2020-04-12 18:56:30:287] [vo.logVo.LogVo.<init>] [INFO] 日志实例已初始化...
[2020-04-12 18:56:30:287] [vo.logVo.LogVo.<init>] [INFO] 日志实例已初始化...
[2020-04-12 18:56:30:289] [vo.logVo.LogVo.<init>] [INFO] 日志实例已初始化...
[2020-04-12 18:56:30:290] [vo.logVo.LogVo.<init>] [INFO] 日志实例已初始化...
[2020-04-12 18:56:30:290] [vo.logVo.LogVo.<init>] [INFO] 日志实例已初始化...
[2020-04-12 18:56:30:291] [vo.logVo.LogVo.<init>] [INFO] 日志实例已初始化...
[2020-04-12 18:56:30:292] [vo.logVo.LogVo.<init>] [INFO] 日志实例已初始化...
[2020-04-12 18:56:30:293] [vo.logVo.LogVo.<init>] [INFO] 日志实例已初始化...
[2020-04-12 18:56:30:293] [vo.logVo.LogVo.<init>] [INFO] 日志实例已初始化...
[2020-04-12 18:56:30:294] [vo.logVo.LogVo.<init>] [INFO] 日志实例已初始化...
[2020-04-12 18:56:30:294] [vo.logVo.LogVo.<init>] [INFO] 日志实例已初始化...
[2020-04-12 18:56:30:294] [vo.logVo.LogVo.<init>] [INFO] 日志实例已初始化...
[2020-04-12 18:56:30:295] [vo.logVo.LogVo.<init>] [INFO] 日志实例已初始化...
[2020-04-12 18:56:30:295] [vo.logVo.LogVo.<init>] [INFO] 日志实例已初始化...
[2020-04-12 18:56:30:296] [vo.logVo.LogVo.<init>] [INFO] 日志实例已初始化...
[2020-04-12 18:56:30:296] [vo.logVo.LogVo.<init>] [INFO] 日志实例已初始化...
[2020-04-12 18:56:30:297] [vo.logVo.LogVo.<init>] [INFO] 日志实例已初始化...
[2020-04-12 18:56:30:297] [vo.logVo.LogVo.<init>] [INFO] 日志实例已初始化...
[2020-04-12 18:56:30:297] [vo.logVo.LogVo.<init>] [INFO] 日志实例已初始化...
[2020-04-12 18:56:30:298] [vo.logVo.LogVo.<init>] [INFO] 日志实例已初始化...
[2020-04-12 18:56:30:298] [vo.logVo.LogVo.<init>] [INFO] 日志实例已初始化...
[2020-04-12 18:56:30:299] [vo.logVo.LogVo.<init>] [INFO] 日志实例已初始化...
[2020-04-12 18:56:30:299] [vo.logVo.LogVo.<init>] [INFO] 日志实例已初始化...
[2020-04-12 18:56:30:300] [vo.logVo.LogVo.<init>] [INFO] 日志实例已初始化...
[2020-04-12 18:56:30:301] [vo.logVo.LogVo.<init>] [INFO] 日志实例已初始化...
[2020-04-12 18:56:30:301] [vo.logVo.LogVo.<init>] [INFO] 日志实例已初始化...
[2020-04-12 18:56:30:301] [vo.logVo.LogVo.<init>] [INFO] 日志实例已初始化...
[2020-04-12 18:56:30:302] [vo.logVo.LogVo.<init>] [INFO] 日志实例已初始化...
[2020-04-12 18:56:30:302] [vo.logVo.LogVo.<init>] [INFO] 日志实例已初始化...
[2020-04-12 18:56:30:303] [vo.logVo.LogVo.<init>] [INFO] 日志实例已初始化...
[2020-04-12 18:56:30:303] [vo.logVo.LogVo.<init>] [INFO] 日志实例已初始化...
[2020-04-12 18:56:30:303] [vo.logVo.LogVo.<init>] [INFO] 日志实例已初始化...
[2020-04-12 18:56:30:304] [vo.logVo.LogVo.<init>] [INFO] 日志实例已初始化...
[2020-04-12 18:56:30:304] [vo.logVo.LogVo.<init>] [INFO] 日志实例已初始化...
[2020-04-12 18:56:30:305] [vo.logVo.LogVo.<init>] [INFO] 日志实例已初始化...
[2020-04-12 18:56:30:305] [vo.logVo.LogVo.<init>] [INFO] 日志实例已初始化...
[2020-04-12 18:56:30:305] [vo.logVo.LogVo.<init>] [INFO] 日志实例已初始化...
[2020-04-12 18:56:30:306] [vo.logVo.LogVo.<init>] [INFO] 日志实例已初始化...
[2020-04-12 18:56:30:306] [vo.logVo.LogVo.<init>] [INFO] 日志实例已初始化...
[2020-04-12 18:56:30:306] [vo.logVo.LogVo.<init>] [INFO] 日志实例已初始化...
[2020-04-12 18:56:30:307] [vo.logVo.LogVo.<init>] [INFO] 日志实例已初始化...
[2020-04-12 18:56:30:307] [vo.logVo.LogVo.<init>] [INFO] 日志实例已初始化...
[2020-04-12 18:56:30:308] [vo.logVo.LogVo.<init>] [INFO] 日志实例已初始化...
[2020-04-12 18:56:30:308] [vo.logVo.LogVo.<init>] [INFO] 日志实例已初始化...
[2020-04-12 18:56:30:308] [vo.logVo.LogVo.<init>] [INFO] 日志实例已初始化...
[2020-04-12 18:56:30:309] [vo.logVo.LogVo.<init>] [INFO] 日志实例已初始化...
[2020-04-12 18:56:30:309] [vo.logVo.LogVo.<init>] [INFO] 日志实例已初始化...
[2020-04-12 18:56:30:309] [vo.logVo.LogVo.<init>] [INFO] 日志实例已初始化...
[2020-04-12 18:56:30:310] [vo.logVo.LogVo.<init>] [INFO] 日志实例已初始化...
[2020-04-12 18:56:30:310] [vo.logVo.LogVo.<init>] [INFO] 日志实例已初始化...
[2020-04-12 18:56:30:311] [vo.logVo.LogVo.<init>] [INFO] 日志实例已初始化...
[2020-04-12 18:56:30:311] [vo.logVo.LogVo.<init>] [INFO] 日志实例已初始化...
[2020-04-12 18:56:30:311] [vo.logVo.LogVo.<init>] [INFO] 日志实例已初始化...
[2020-04-12 18:56:30:311] [vo.logVo.LogVo.<init>] [INFO] 日志实例已初始化...
[2020-04-12 18:56:30:312] [vo.logVo.LogVo.<init>] [INFO] 日志实例已初始化...
[2020-04-12 18:56:30:312] [vo.logVo.LogVo.<init>] [INFO] 日志实例已初始化...
[2020-04-12 18:56:30:312] [vo.logVo.LogVo.<init>] [INFO] 日志实例已初始化...
[2020-04-12 18:56:30:312] [vo.logVo.LogVo.<init>] [INFO] 日志实例已初始化...
[2020-04-12 18:56:30:313] [vo.logVo.LogVo.<init>] [INFO] 日志实例已初始化...
[2020-04-12 18:56:30:313] [vo.logVo.LogVo.<init>] [INFO] 日志实例已初始化...
[2020-04-12 18:56:30:314] [vo.logVo.LogVo.<init>] [INFO] 日志实例已初始化...
[2020-04-12 18:56:30:314] [vo.logVo.LogVo.<init>] [INFO] 日志实例已初始化...
[2020-04-12 18:56:30:315] [vo.logVo.LogVo.<init>] [INFO] 日志实例已初始化...
[2020-04-12 18:56:30:315] [vo.logVo.LogVo.<init>] [INFO] 日志实例已初始化...
[2020-04-12 18:56:30:315] [vo.logVo.LogVo.<init>] [INFO] 日志实例已初始化...
[2020-04-12 18:56:30:316] [vo.logVo.LogVo.<init>] [INFO] 日志实例已初始化...
[2020-04-12 18:56:30:316] [vo.logVo.LogVo.<init>] [INFO] 日志实例已初始化...
[2020-04-12 18:56:30:317] [vo.logVo.LogVo.<init>] [INFO] 日志实例已初始化...
[2020-04-12 18:56:30:317] [vo.logVo.LogVo.<init>] [INFO] 日志实例已初始化...
[2020-04-12 18:56:30:318] [vo.logVo.LogVo.<init>] [INFO] 日志实例已初始化...
[2020-04-12 18:56:30:318] [vo.logVo.LogVo.<init>] [INFO] 日志实例已初始化...
[2020-04-12 18:56:30:319] [vo.logVo.LogVo.<init>] [INFO] 日志实例已初始化...
[2020-04-12 18:56:30:319] [vo.logVo.LogVo.<init>] [INFO] 日志实例已初始化...
[2020-04-12 18:56:30:320] [vo.logVo.LogVo.<init>] [INFO] 日志实例已初始化...
[2020-04-12 18:56:30:320] [vo.logVo.LogVo.<init>] [INFO] 日志实例已初始化...
[2020-04-12 18:56:30:321] [vo.logVo.LogVo.<init>] [INFO] 日志实例已初始化...
[2020-04-12 18:56:30:321] [vo.logVo.LogVo.<init>] [INFO] 日志实例已初始化...
[2020-04-12 18:56:30:322] [vo.logVo.LogVo.<init>] [INFO] 日志实例已初始化...
[2020-04-12 18:56:30:322] [vo.logVo.LogVo.<init>] [INFO] 日志实例已初始化...
[2020-04-12 18:56:30:322] [vo.logVo.LogVo.<init>] [INFO] 日志实例已初始化...
[2020-04-12 18:56:30:323] [vo.logVo.LogVo.<init>] [INFO] 日志实例已初始化...
[2020-04-12 18:56:30:324] [vo.logVo.LogVo.<init>] [INFO] 日志实例已初始化...
[2020-04-12 18:56:30:325] [vo.logVo.LogVo.<init>] [INFO] 日志实例已初始化...
[2020-04-12 18:56:30:326] [vo.logVo.LogVo.<init>] [INFO] 日志实例已初始化...
[2020-04-12 18:56:30:326] [vo.logVo.LogVo.<init>] [INFO] 日志实例已初始化...
[2020-04-12 18:56:30:327] [vo.logVo.LogVo.<init>] [INFO] 日志实例已初始化...
[2020-04-12 18:56:30:327] [vo.logVo.LogVo.<init>] [INFO] 日志实例已初始化...
[2020-04-12 18:56:30:327] [vo.logVo.LogVo.<init>] [INFO] 日志实例已初始化...
[2020-04-12 18:56:30:328] [vo.logVo.LogVo.<init>] [INFO] 日志实例已初始化...
[2020-04-12 18:56:30:329] [vo.logVo.LogVo.<init>] [INFO] 日志实例已初始化...
[2020-04-12 18:56:30:329] [vo.logVo.LogVo.<init>] [INFO] 日志实例已初始化...
[2020-04-12 18:56:30:329] [vo.logVo.LogVo.<init>] [INFO] 日志实例已初始化...
[2020-04-12 18:56:30:330] [vo.logVo.LogVo.<init>] [INFO] 日志实例已初始化...
[2020-04-12 18:56:30:342] [vo.logVo.LogVo.<init>] [INFO] 日志实例已初始化...
[2020-04-12 18:56:30:346] [vo.logVo.LogVo.<init>] [INFO] 日志实例已初始化...
[2020-04-12 18:56:30:413] [action.userAction.LoginAction.execute] [INFO] 该用户已登录，请稍后再试！
[2020-04-12 18:58:25:538] [vo.logVo.LogVo.<init>] [INFO] 日志实例已初始化...
[2020-04-12 18:58:25:538] [vo.logVo.LogVo.<init>] [INFO] 日志实例已初始化...
[2020-04-12 18:58:25:539] [vo.logVo.LogVo.<init>] [INFO] 日志实例已初始化...
[2020-04-12 18:58:25:539] [vo.logVo.LogVo.<init>] [INFO] 日志实例已初始化...
[2020-04-12 18:58:25:540] [vo.logVo.LogVo.<init>] [INFO] 日志实例已初始化...
[2020-04-12 18:58:25:540] [vo.logVo.LogVo.<init>] [INFO] 日志实例已初始化...
[2020-04-12 18:58:25:541] [vo.logVo.LogVo.<init>] [INFO] 日志实例已初始化...
[2020-04-12 18:58:25:541] [vo.logVo.LogVo.<init>] [INFO] 日志实例已初始化...
[2020-04-12 18:58:25:542] [vo.logVo.LogVo.<init>] [INFO] 日志实例已初始化...
[2020-04-12 18:58:25:542] [vo.logVo.LogVo.<init>] [INFO] 日志实例已初始化...
[2020-04-12 18:58:25:542] [vo.logVo.LogVo.<init>] [INFO] 日志实例已初始化...
[2020-04-12 18:58:25:543] [vo.logVo.LogVo.<init>] [INFO] 日志实例已初始化...
[2020-04-12 18:58:25:543] [vo.logVo.LogVo.<init>] [INFO] 日志实例已初始化...
[2020-04-12 18:58:25:544] [vo.logVo.LogVo.<init>] [INFO] 日志实例已初始化...
[2020-04-12 18:58:25:544] [vo.logVo.LogVo.<init>] [INFO] 日志实例已初始化...
[2020-04-12 18:58:25:544] [vo.logVo.LogVo.<init>] [INFO] 日志实例已初始化...
[2020-04-12 18:58:25:545] [vo.logVo.LogVo.<init>] [INFO] 日志实例已初始化...
[2020-04-12 18:58:25:545] [vo.logVo.LogVo.<init>] [INFO] 日志实例已初始化...
[2020-04-12 18:58:25:546] [vo.logVo.LogVo.<init>] [INFO] 日志实例已初始化...
[2020-04-12 18:58:25:546] [vo.logVo.LogVo.<init>] [INFO] 日志实例已初始化...
[2020-04-12 18:58:25:547] [vo.logVo.LogVo.<init>] [INFO] 日志实例已初始化...
[2020-04-12 18:58:25:547] [vo.logVo.LogVo.<init>] [INFO] 日志实例已初始化...
[2020-04-12 18:58:25:548] [vo.logVo.LogVo.<init>] [INFO] 日志实例已初始化...
[2020-04-12 18:58:25:548] [vo.logVo.LogVo.<init>] [INFO] 日志实例已初始化...
[2020-04-12 18:58:25:548] [vo.logVo.LogVo.<init>] [INFO] 日志实例已初始化...
[2020-04-12 18:58:25:549] [vo.logVo.LogVo.<init>] [INFO] 日志实例已初始化...
[2020-04-12 18:58:25:549] [vo.logVo.LogVo.<init>] [INFO] 日志实例已初始化...
[2020-04-12 18:58:25:550] [vo.logVo.LogVo.<init>] [INFO] 日志实例已初始化...
[2020-04-12 18:58:25:550] [vo.logVo.LogVo.<init>] [INFO] 日志实例已初始化...
[2020-04-12 18:58:25:551] [vo.logVo.LogVo.<init>] [INFO] 日志实例已初始化...
[2020-04-12 18:58:25:551] [vo.logVo.LogVo.<init>] [INFO] 日志实例已初始化...
[2020-04-12 18:58:25:551] [vo.logVo.LogVo.<init>] [INFO] 日志实例已初始化...
[2020-04-12 18:58:25:552] [vo.logVo.LogVo.<init>] [INFO] 日志实例已初始化...
[2020-04-12 18:58:25:552] [vo.logVo.LogVo.<init>] [INFO] 日志实例已初始化...
[2020-04-12 18:58:25:553] [vo.logVo.LogVo.<init>] [INFO] 日志实例已初始化...
[2020-04-12 18:58:25:553] [vo.logVo.LogVo.<init>] [INFO] 日志实例已初始化...
[2020-04-12 18:58:25:554] [vo.logVo.LogVo.<init>] [INFO] 日志实例已初始化...
[2020-04-12 18:58:25:564] [vo.logVo.LogVo.<init>] [INFO] 日志实例已初始化...
[2020-04-12 18:58:25:565] [vo.logVo.LogVo.<init>] [INFO] 日志实例已初始化...
[2020-04-12 18:58:25:566] [vo.logVo.LogVo.<init>] [INFO] 日志实例已初始化...
[2020-04-12 18:58:25:567] [vo.logVo.LogVo.<init>] [INFO] 日志实例已初始化...
[2020-04-12 18:58:25:568] [vo.logVo.LogVo.<init>] [INFO] 日志实例已初始化...
[2020-04-12 18:58:25:569] [vo.logVo.LogVo.<init>] [INFO] 日志实例已初始化...
[2020-04-12 18:58:25:569] [vo.logVo.LogVo.<init>] [INFO] 日志实例已初始化...
[2020-04-12 18:58:25:570] [vo.logVo.LogVo.<init>] [INFO] 日志实例已初始化...
[2020-04-12 18:58:25:572] [vo.logVo.LogVo.<init>] [INFO] 日志实例已初始化...
[2020-04-12 18:58:25:572] [vo.logVo.LogVo.<init>] [INFO] 日志实例已初始化...
[2020-04-12 18:58:25:572] [vo.logVo.LogVo.<init>] [INFO] 日志实例已初始化...
[2020-04-12 18:58:25:573] [vo.logVo.LogVo.<init>] [INFO] 日志实例已初始化...
[2020-04-12 18:58:25:574] [vo.logVo.LogVo.<init>] [INFO] 日志实例已初始化...
[2020-04-12 18:58:25:574] [vo.logVo.LogVo.<init>] [INFO] 日志实例已初始化...
[2020-04-12 18:58:25:574] [vo.logVo.LogVo.<init>] [INFO] 日志实例已初始化...
[2020-04-12 18:58:25:575] [vo.logVo.LogVo.<init>] [INFO] 日志实例已初始化...
[2020-04-12 18:58:25:575] [vo.logVo.LogVo.<init>] [INFO] 日志实例已初始化...
[2020-04-12 18:58:25:576] [vo.logVo.LogVo.<init>] [INFO] 日志实例已初始化...
[2020-04-12 18:58:25:576] [vo.logVo.LogVo.<init>] [INFO] 日志实例已初始化...
[2020-04-12 18:58:25:577] [vo.logVo.LogVo.<init>] [INFO] 日志实例已初始化...
[2020-04-12 18:58:25:577] [vo.logVo.LogVo.<init>] [INFO] 日志实例已初始化...
[2020-04-12 18:58:25:577] [vo.logVo.LogVo.<init>] [INFO] 日志实例已初始化...
[2020-04-12 18:58:25:582] [vo.logVo.LogVo.<init>] [INFO] 日志实例已初始化...
[2020-04-12 18:58:25:582] [vo.logVo.LogVo.<init>] [INFO] 日志实例已初始化...
[2020-04-12 18:58:25:583] [vo.logVo.LogVo.<init>] [INFO] 日志实例已初始化...
[2020-04-12 18:58:25:583] [vo.logVo.LogVo.<init>] [INFO] 日志实例已初始化...
[2020-04-12 18:58:25:584] [vo.logVo.LogVo.<init>] [INFO] 日志实例已初始化...
[2020-04-12 18:58:25:584] [vo.logVo.LogVo.<init>] [INFO] 日志实例已初始化...
[2020-04-12 18:58:25:586] [vo.logVo.LogVo.<init>] [INFO] 日志实例已初始化...
[2020-04-12 18:58:25:587] [vo.logVo.LogVo.<init>] [INFO] 日志实例已初始化...
[2020-04-12 18:58:25:587] [vo.logVo.LogVo.<init>] [INFO] 日志实例已初始化...
[2020-04-12 18:58:25:588] [vo.logVo.LogVo.<init>] [INFO] 日志实例已初始化...
[2020-04-12 18:58:25:590] [vo.logVo.LogVo.<init>] [INFO] 日志实例已初始化...
[2020-04-12 18:58:25:591] [vo.logVo.LogVo.<init>] [INFO] 日志实例已初始化...
[2020-04-12 18:58:25:591] [vo.logVo.LogVo.<init>] [INFO] 日志实例已初始化...
[2020-04-12 18:58:25:592] [vo.logVo.LogVo.<init>] [INFO] 日志实例已初始化...
[2020-04-12 18:58:25:592] [vo.logVo.LogVo.<init>] [INFO] 日志实例已初始化...
[2020-04-12 18:58:25:593] [vo.logVo.LogVo.<init>] [INFO] 日志实例已初始化...
[2020-04-12 18:58:25:593] [vo.logVo.LogVo.<init>] [INFO] 日志实例已初始化...
[2020-04-12 18:58:25:594] [vo.logVo.LogVo.<init>] [INFO] 日志实例已初始化...
[2020-04-12 18:58:25:594] [vo.logVo.LogVo.<init>] [INFO] 日志实例已初始化...
[2020-04-12 18:58:25:612] [vo.logVo.LogVo.<init>] [INFO] 日志实例已初始化...
[2020-04-12 18:58:25:613] [vo.logVo.LogVo.<init>] [INFO] 日志实例已初始化...
[2020-04-12 18:58:25:613] [vo.logVo.LogVo.<init>] [INFO] 日志实例已初始化...
[2020-04-12 18:58:25:614] [vo.logVo.LogVo.<init>] [INFO] 日志实例已初始化...
[2020-04-12 18:58:25:614] [vo.logVo.LogVo.<init>] [INFO] 日志实例已初始化...
[2020-04-12 18:58:25:621] [vo.logVo.LogVo.<init>] [INFO] 日志实例已初始化...
[2020-04-12 18:58:25:625] [vo.logVo.LogVo.<init>] [INFO] 日志实例已初始化...
[2020-04-12 18:58:25:627] [vo.logVo.LogVo.<init>] [INFO] 日志实例已初始化...
[2020-04-12 18:58:25:628] [vo.logVo.LogVo.<init>] [INFO] 日志实例已初始化...
[2020-04-12 18:58:25:628] [vo.logVo.LogVo.<init>] [INFO] 日志实例已初始化...
[2020-04-12 18:58:25:630] [vo.logVo.LogVo.<init>] [INFO] 日志实例已初始化...
[2020-04-12 18:58:25:631] [vo.logVo.LogVo.<init>] [INFO] 日志实例已初始化...
[2020-04-12 18:58:25:632] [vo.logVo.LogVo.<init>] [INFO] 日志实例已初始化...
[2020-04-12 18:58:25:634] [vo.logVo.LogVo.<init>] [INFO] 日志实例已初始化...
[2020-04-12 18:58:25:635] [vo.logVo.LogVo.<init>] [INFO] 日志实例已初始化...
[2020-04-12 18:58:25:638] [vo.logVo.LogVo.<init>] [INFO] 日志实例已初始化...
[2020-04-12 18:58:25:641] [vo.logVo.LogVo.<init>] [INFO] 日志实例已初始化...
[2020-04-12 18:58:25:642] [vo.logVo.LogVo.<init>] [INFO] 日志实例已初始化...
[2020-04-12 18:58:25:643] [vo.logVo.LogVo.<init>] [INFO] 日志实例已初始化...
[2020-04-12 18:58:25:643] [vo.logVo.LogVo.<init>] [INFO] 日志实例已初始化...
[2020-04-12 18:58:25:643] [vo.logVo.LogVo.<init>] [INFO] 日志实例已初始化...
[2020-04-12 18:58:25:645] [vo.logVo.LogVo.<init>] [INFO] 日志实例已初始化...
[2020-04-12 18:58:25:645] [vo.logVo.LogVo.<init>] [INFO] 日志实例已初始化...
[2020-04-12 18:58:25:646] [vo.logVo.LogVo.<init>] [INFO] 日志实例已初始化...
[2020-04-12 18:58:25:646] [vo.logVo.LogVo.<init>] [INFO] 日志实例已初始化...
[2020-04-12 18:58:25:651] [vo.logVo.LogVo.<init>] [INFO] 日志实例已初始化...
[2020-04-12 18:58:25:651] [vo.logVo.LogVo.<init>] [INFO] 日志实例已初始化...
[2020-04-12 18:58:25:652] [vo.logVo.LogVo.<init>] [INFO] 日志实例已初始化...
[2020-04-12 18:58:25:654] [vo.logVo.LogVo.<init>] [INFO] 日志实例已初始化...
[2020-04-12 18:58:25:662] [vo.logVo.LogVo.<init>] [INFO] 日志实例已初始化...
[2020-04-12 18:58:25:662] [vo.logVo.LogVo.<init>] [INFO] 日志实例已初始化...
[2020-04-12 18:58:25:663] [vo.logVo.LogVo.<init>] [INFO] 日志实例已初始化...
[2020-04-12 18:58:25:663] [vo.logVo.LogVo.<init>] [INFO] 日志实例已初始化...
[2020-04-12 18:58:25:664] [vo.logVo.LogVo.<init>] [INFO] 日志实例已初始化...
[2020-04-12 18:58:25:665] [vo.logVo.LogVo.<init>] [INFO] 日志实例已初始化...
[2020-04-12 18:58:25:666] [vo.logVo.LogVo.<init>] [INFO] 日志实例已初始化...
[2020-04-12 18:58:25:666] [vo.logVo.LogVo.<init>] [INFO] 日志实例已初始化...
[2020-04-12 18:58:25:667] [vo.logVo.LogVo.<init>] [INFO] 日志实例已初始化...
[2020-04-12 18:58:25:667] [vo.logVo.LogVo.<init>] [INFO] 日志实例已初始化...
[2020-04-12 18:58:25:667] [vo.logVo.LogVo.<init>] [INFO] 日志实例已初始化...
[2020-04-12 18:58:25:668] [vo.logVo.LogVo.<init>] [INFO] 日志实例已初始化...
[2020-04-12 18:58:25:669] [vo.logVo.LogVo.<init>] [INFO] 日志实例已初始化...
[2020-04-12 18:58:25:670] [vo.logVo.LogVo.<init>] [INFO] 日志实例已初始化...
[2020-04-12 18:58:25:670] [vo.logVo.LogVo.<init>] [INFO] 日志实例已初始化...
[2020-04-12 18:58:25:671] [vo.logVo.LogVo.<init>] [INFO] 日志实例已初始化...
[2020-04-12 18:58:25:671] [vo.logVo.LogVo.<init>] [INFO] 日志实例已初始化...
[2020-04-12 18:58:25:672] [vo.logVo.LogVo.<init>] [INFO] 日志实例已初始化...
[2020-04-12 18:58:25:672] [vo.logVo.LogVo.<init>] [INFO] 日志实例已初始化...
[2020-04-12 18:58:25:673] [vo.logVo.LogVo.<init>] [INFO] 日志实例已初始化...
[2020-04-12 18:58:25:673] [vo.logVo.LogVo.<init>] [INFO] 日志实例已初始化...
[2020-04-12 18:58:25:674] [vo.logVo.LogVo.<init>] [INFO] 日志实例已初始化...
[2020-04-12 18:58:25:674] [vo.logVo.LogVo.<init>] [INFO] 日志实例已初始化...
[2020-04-12 18:58:25:675] [vo.logVo.LogVo.<init>] [INFO] 日志实例已初始化...
[2020-04-12 18:58:25:675] [vo.logVo.LogVo.<init>] [INFO] 日志实例已初始化...
[2020-04-12 18:58:25:676] [vo.logVo.LogVo.<init>] [INFO] 日志实例已初始化...
[2020-04-12 18:58:25:676] [vo.logVo.LogVo.<init>] [INFO] 日志实例已初始化...
[2020-04-12 18:58:25:676] [vo.logVo.LogVo.<init>] [INFO] 日志实例已初始化...
[2020-04-12 18:58:25:678] [vo.logVo.LogVo.<init>] [INFO] 日志实例已初始化...
[2020-04-12 18:58:25:678] [vo.logVo.LogVo.<init>] [INFO] 日志实例已初始化...
[2020-04-12 18:58:25:679] [vo.logVo.LogVo.<init>] [INFO] 日志实例已初始化...
[2020-04-12 18:58:25:679] [vo.logVo.LogVo.<init>] [INFO] 日志实例已初始化...
[2020-04-12 18:58:25:682] [vo.logVo.LogVo.<init>] [INFO] 日志实例已初始化...
[2020-04-12 18:58:25:683] [vo.logVo.LogVo.<init>] [INFO] 日志实例已初始化...
[2020-04-12 18:58:25:684] [vo.logVo.LogVo.<init>] [INFO] 日志实例已初始化...
[2020-04-12 18:58:25:685] [vo.logVo.LogVo.<init>] [INFO] 日志实例已初始化...
[2020-04-12 18:58:25:685] [vo.logVo.LogVo.<init>] [INFO] 日志实例已初始化...
[2020-04-12 18:58:25:686] [vo.logVo.LogVo.<init>] [INFO] 日志实例已初始化...
[2020-04-12 18:58:25:686] [vo.logVo.LogVo.<init>] [INFO] 日志实例已初始化...
[2020-04-12 18:58:25:687] [vo.logVo.LogVo.<init>] [INFO] 日志实例已初始化...
[2020-04-12 18:58:25:687] [vo.logVo.LogVo.<init>] [INFO] 日志实例已初始化...
[2020-04-12 18:58:25:688] [vo.logVo.LogVo.<init>] [INFO] 日志实例已初始化...
[2020-04-12 18:58:25:689] [vo.logVo.LogVo.<init>] [INFO] 日志实例已初始化...
[2020-04-12 18:58:25:690] [vo.logVo.LogVo.<init>] [INFO] 日志实例已初始化...
[2020-04-12 18:58:25:690] [vo.logVo.LogVo.<init>] [INFO] 日志实例已初始化...
[2020-04-12 18:58:25:691] [vo.logVo.LogVo.<init>] [INFO] 日志实例已初始化...
[2020-04-12 18:58:25:691] [vo.logVo.LogVo.<init>] [INFO] 日志实例已初始化...
[2020-04-12 18:58:25:692] [vo.logVo.LogVo.<init>] [INFO] 日志实例已初始化...
[2020-04-12 18:58:25:692] [vo.logVo.LogVo.<init>] [INFO] 日志实例已初始化...
[2020-04-12 18:58:25:693] [vo.logVo.LogVo.<init>] [INFO] 日志实例已初始化...
[2020-04-12 18:58:25:693] [vo.logVo.LogVo.<init>] [INFO] 日志实例已初始化...
[2020-04-12 18:58:25:694] [vo.logVo.LogVo.<init>] [INFO] 日志实例已初始化...
[2020-04-12 18:58:25:694] [vo.logVo.LogVo.<init>] [INFO] 日志实例已初始化...
[2020-04-12 18:58:25:694] [vo.logVo.LogVo.<init>] [INFO] 日志实例已初始化...
[2020-04-12 18:58:25:695] [vo.logVo.LogVo.<init>] [INFO] 日志实例已初始化...
[2020-04-12 18:58:25:700] [vo.logVo.LogVo.<init>] [INFO] 日志实例已初始化...
[2020-04-12 18:58:25:701] [vo.logVo.LogVo.<init>] [INFO] 日志实例已初始化...
[2020-04-12 18:58:25:701] [vo.logVo.LogVo.<init>] [INFO] 日志实例已初始化...
[2020-04-12 18:58:25:702] [vo.logVo.LogVo.<init>] [INFO] 日志实例已初始化...
[2020-04-12 18:58:25:702] [vo.logVo.LogVo.<init>] [INFO] 日志实例已初始化...
[2020-04-12 18:58:25:703] [vo.logVo.LogVo.<init>] [INFO] 日志实例已初始化...
[2020-04-12 18:58:25:705] [vo.logVo.LogVo.<init>] [INFO] 日志实例已初始化...
[2020-04-12 18:58:25:706] [vo.logVo.LogVo.<init>] [INFO] 日志实例已初始化...
[2020-04-12 18:58:25:707] [vo.logVo.LogVo.<init>] [INFO] 日志实例已初始化...
[2020-04-12 18:58:25:708] [vo.logVo.LogVo.<init>] [INFO] 日志实例已初始化...
[2020-04-12 18:58:25:708] [vo.logVo.LogVo.<init>] [INFO] 日志实例已初始化...
[2020-04-12 18:58:25:709] [vo.logVo.LogVo.<init>] [INFO] 日志实例已初始化...
[2020-04-12 18:58:25:709] [vo.logVo.LogVo.<init>] [INFO] 日志实例已初始化...
[2020-04-12 18:58:25:710] [vo.logVo.LogVo.<init>] [INFO] 日志实例已初始化...
[2020-04-12 18:58:25:710] [vo.logVo.LogVo.<init>] [INFO] 日志实例已初始化...
[2020-04-12 18:58:25:711] [vo.logVo.LogVo.<init>] [INFO] 日志实例已初始化...
[2020-04-12 18:58:25:712] [vo.logVo.LogVo.<init>] [INFO] 日志实例已初始化...
[2020-04-12 18:58:25:714] [vo.logVo.LogVo.<init>] [INFO] 日志实例已初始化...
[2020-04-12 18:58:25:714] [vo.logVo.LogVo.<init>] [INFO] 日志实例已初始化...
[2020-04-12 18:58:25:715] [vo.logVo.LogVo.<init>] [INFO] 日志实例已初始化...
[2020-04-12 18:58:25:715] [vo.logVo.LogVo.<init>] [INFO] 日志实例已初始化...
[2020-04-12 18:58:25:716] [vo.logVo.LogVo.<init>] [INFO] 日志实例已初始化...
[2020-04-12 18:58:25:716] [vo.logVo.LogVo.<init>] [INFO] 日志实例已初始化...
[2020-04-12 18:58:25:717] [vo.logVo.LogVo.<init>] [INFO] 日志实例已初始化...
[2020-04-12 18:58:25:717] [vo.logVo.LogVo.<init>] [INFO] 日志实例已初始化...
[2020-04-12 18:58:25:718] [vo.logVo.LogVo.<init>] [INFO] 日志实例已初始化...
[2020-04-12 18:58:25:718] [vo.logVo.LogVo.<init>] [INFO] 日志实例已初始化...
[2020-04-12 18:58:25:719] [vo.logVo.LogVo.<init>] [INFO] 日志实例已初始化...
[2020-04-12 18:58:25:720] [vo.logVo.LogVo.<init>] [INFO] 日志实例已初始化...
[2020-04-12 18:58:25:720] [vo.logVo.LogVo.<init>] [INFO] 日志实例已初始化...
[2020-04-12 18:58:25:720] [vo.logVo.LogVo.<init>] [INFO] 日志实例已初始化...
[2020-04-12 18:58:25:721] [vo.logVo.LogVo.<init>] [INFO] 日志实例已初始化...
[2020-04-12 18:58:25:721] [vo.logVo.LogVo.<init>] [INFO] 日志实例已初始化...
[2020-04-12 18:58:25:722] [vo.logVo.LogVo.<init>] [INFO] 日志实例已初始化...
[2020-04-12 18:58:25:722] [vo.logVo.LogVo.<init>] [INFO] 日志实例已初始化...
[2020-04-12 18:58:25:723] [vo.logVo.LogVo.<init>] [INFO] 日志实例已初始化...
[2020-04-12 18:58:25:724] [vo.logVo.LogVo.<init>] [INFO] 日志实例已初始化...
[2020-04-12 18:58:25:724] [vo.logVo.LogVo.<init>] [INFO] 日志实例已初始化...
[2020-04-12 18:58:25:725] [vo.logVo.LogVo.<init>] [INFO] 日志实例已初始化...
[2020-04-12 18:58:25:725] [vo.logVo.LogVo.<init>] [INFO] 日志实例已初始化...
[2020-04-12 18:58:25:726] [vo.logVo.LogVo.<init>] [INFO] 日志实例已初始化...
[2020-04-12 18:58:25:726] [vo.logVo.LogVo.<init>] [INFO] 日志实例已初始化...
[2020-04-12 18:58:25:727] [vo.logVo.LogVo.<init>] [INFO] 日志实例已初始化...
[2020-04-12 18:58:25:727] [vo.logVo.LogVo.<init>] [INFO] 日志实例已初始化...
[2020-04-12 18:58:25:728] [vo.logVo.LogVo.<init>] [INFO] 日志实例已初始化...
[2020-04-12 18:58:25:728] [vo.logVo.LogVo.<init>] [INFO] 日志实例已初始化...
[2020-04-12 18:58:25:729] [vo.logVo.LogVo.<init>] [INFO] 日志实例已初始化...
[2020-04-12 18:58:25:730] [vo.logVo.LogVo.<init>] [INFO] 日志实例已初始化...
[2020-04-12 18:58:25:730] [vo.logVo.LogVo.<init>] [INFO] 日志实例已初始化...
[2020-04-12 18:58:25:731] [vo.logVo.LogVo.<init>] [INFO] 日志实例已初始化...
[2020-04-12 18:58:25:731] [vo.logVo.LogVo.<init>] [INFO] 日志实例已初始化...
[2020-04-12 18:58:25:732] [vo.logVo.LogVo.<init>] [INFO] 日志实例已初始化...
[2020-04-12 18:58:25:732] [vo.logVo.LogVo.<init>] [INFO] 日志实例已初始化...
[2020-04-12 18:58:25:732] [vo.logVo.LogVo.<init>] [INFO] 日志实例已初始化...
[2020-04-12 18:58:25:733] [vo.logVo.LogVo.<init>] [INFO] 日志实例已初始化...
[2020-04-12 18:58:25:733] [vo.logVo.LogVo.<init>] [INFO] 日志实例已初始化...
[2020-04-12 18:58:25:734] [vo.logVo.LogVo.<init>] [INFO] 日志实例已初始化...
[2020-04-12 18:58:25:734] [vo.logVo.LogVo.<init>] [INFO] 日志实例已初始化...
[2020-04-12 18:58:25:735] [vo.logVo.LogVo.<init>] [INFO] 日志实例已初始化...
[2020-04-12 18:58:25:735] [vo.logVo.LogVo.<init>] [INFO] 日志实例已初始化...
[2020-04-12 18:58:25:736] [vo.logVo.LogVo.<init>] [INFO] 日志实例已初始化...
[2020-04-12 18:58:25:736] [vo.logVo.LogVo.<init>] [INFO] 日志实例已初始化...
[2020-04-12 18:58:25:736] [vo.logVo.LogVo.<init>] [INFO] 日志实例已初始化...
[2020-04-12 18:58:25:737] [vo.logVo.LogVo.<init>] [INFO] 日志实例已初始化...
[2020-04-12 18:58:25:737] [vo.logVo.LogVo.<init>] [INFO] 日志实例已初始化...
[2020-04-12 18:58:25:738] [vo.logVo.LogVo.<init>] [INFO] 日志实例已初始化...
[2020-04-12 18:58:25:738] [vo.logVo.LogVo.<init>] [INFO] 日志实例已初始化...
[2020-04-12 18:58:25:739] [vo.logVo.LogVo.<init>] [INFO] 日志实例已初始化...
[2020-04-12 18:58:25:739] [vo.logVo.LogVo.<init>] [INFO] 日志实例已初始化...
[2020-04-12 18:58:25:739] [vo.logVo.LogVo.<init>] [INFO] 日志实例已初始化...
[2020-04-12 18:58:25:740] [vo.logVo.LogVo.<init>] [INFO] 日志实例已初始化...
[2020-04-12 18:58:25:740] [vo.logVo.LogVo.<init>] [INFO] 日志实例已初始化...
[2020-04-12 18:58:25:741] [vo.logVo.LogVo.<init>] [INFO] 日志实例已初始化...
[2020-04-12 18:58:25:741] [vo.logVo.LogVo.<init>] [INFO] 日志实例已初始化...
[2020-04-12 18:58:25:741] [vo.logVo.LogVo.<init>] [INFO] 日志实例已初始化...
[2020-04-12 18:58:25:742] [vo.logVo.LogVo.<init>] [INFO] 日志实例已初始化...
[2020-04-12 18:58:25:742] [vo.logVo.LogVo.<init>] [INFO] 日志实例已初始化...
[2020-04-12 18:58:25:743] [vo.logVo.LogVo.<init>] [INFO] 日志实例已初始化...
[2020-04-12 18:58:25:743] [vo.logVo.LogVo.<init>] [INFO] 日志实例已初始化...
[2020-04-12 18:58:25:744] [vo.logVo.LogVo.<init>] [INFO] 日志实例已初始化...
[2020-04-12 18:58:25:744] [vo.logVo.LogVo.<init>] [INFO] 日志实例已初始化...
[2020-04-12 18:58:25:745] [vo.logVo.LogVo.<init>] [INFO] 日志实例已初始化...
[2020-04-12 18:58:25:746] [vo.logVo.LogVo.<init>] [INFO] 日志实例已初始化...
[2020-04-12 18:58:25:747] [vo.logVo.LogVo.<init>] [INFO] 日志实例已初始化...
[2020-04-12 18:58:25:747] [vo.logVo.LogVo.<init>] [INFO] 日志实例已初始化...
[2020-04-12 18:58:25:748] [vo.logVo.LogVo.<init>] [INFO] 日志实例已初始化...
[2020-04-12 18:58:25:749] [vo.logVo.LogVo.<init>] [INFO] 日志实例已初始化...
[2020-04-12 18:58:25:750] [vo.logVo.LogVo.<init>] [INFO] 日志实例已初始化...
[2020-04-12 18:58:25:750] [vo.logVo.LogVo.<init>] [INFO] 日志实例已初始化...
[2020-04-12 18:58:25:751] [vo.logVo.LogVo.<init>] [INFO] 日志实例已初始化...
[2020-04-12 18:58:25:751] [vo.logVo.LogVo.<init>] [INFO] 日志实例已初始化...
[2020-04-12 18:58:25:752] [vo.logVo.LogVo.<init>] [INFO] 日志实例已初始化...
[2020-04-12 18:58:25:753] [vo.logVo.LogVo.<init>] [INFO] 日志实例已初始化...
[2020-04-12 18:58:25:753] [vo.logVo.LogVo.<init>] [INFO] 日志实例已初始化...
[2020-04-12 18:58:25:754] [vo.logVo.LogVo.<init>] [INFO] 日志实例已初始化...
[2020-04-12 18:58:25:754] [vo.logVo.LogVo.<init>] [INFO] 日志实例已初始化...
[2020-04-12 18:58:25:755] [vo.logVo.LogVo.<init>] [INFO] 日志实例已初始化...
[2020-04-12 18:58:25:755] [vo.logVo.LogVo.<init>] [INFO] 日志实例已初始化...
[2020-04-12 18:58:25:756] [vo.logVo.LogVo.<init>] [INFO] 日志实例已初始化...
[2020-04-12 18:58:25:756] [vo.logVo.LogVo.<init>] [INFO] 日志实例已初始化...
[2020-04-12 18:58:25:756] [vo.logVo.LogVo.<init>] [INFO] 日志实例已初始化...
[2020-04-12 18:58:25:757] [vo.logVo.LogVo.<init>] [INFO] 日志实例已初始化...
[2020-04-12 18:58:25:757] [vo.logVo.LogVo.<init>] [INFO] 日志实例已初始化...
[2020-04-12 18:58:25:759] [vo.logVo.LogVo.<init>] [INFO] 日志实例已初始化...
[2020-04-12 18:58:25:759] [vo.logVo.LogVo.<init>] [INFO] 日志实例已初始化...
[2020-04-12 18:58:25:760] [vo.logVo.LogVo.<init>] [INFO] 日志实例已初始化...
[2020-04-12 18:58:25:760] [vo.logVo.LogVo.<init>] [INFO] 日志实例已初始化...
[2020-04-12 18:58:25:761] [vo.logVo.LogVo.<init>] [INFO] 日志实例已初始化...
[2020-04-12 18:58:25:761] [vo.logVo.LogVo.<init>] [INFO] 日志实例已初始化...
[2020-04-12 18:58:25:762] [vo.logVo.LogVo.<init>] [INFO] 日志实例已初始化...
[2020-04-12 18:58:25:762] [vo.logVo.LogVo.<init>] [INFO] 日志实例已初始化...
[2020-04-12 18:58:25:763] [vo.logVo.LogVo.<init>] [INFO] 日志实例已初始化...
[2020-04-12 18:58:25:763] [vo.logVo.LogVo.<init>] [INFO] 日志实例已初始化...
[2020-04-12 18:58:25:764] [vo.logVo.LogVo.<init>] [INFO] 日志实例已初始化...
[2020-04-12 18:58:25:764] [vo.logVo.LogVo.<init>] [INFO] 日志实例已初始化...
[2020-04-12 18:58:25:765] [vo.logVo.LogVo.<init>] [INFO] 日志实例已初始化...
[2020-04-12 18:58:25:765] [vo.logVo.LogVo.<init>] [INFO] 日志实例已初始化...
[2020-04-12 18:58:25:766] [vo.logVo.LogVo.<init>] [INFO] 日志实例已初始化...
[2020-04-12 18:58:25:766] [vo.logVo.LogVo.<init>] [INFO] 日志实例已初始化...
[2020-04-12 18:58:25:767] [vo.logVo.LogVo.<init>] [INFO] 日志实例已初始化...
[2020-04-12 18:58:25:767] [vo.logVo.LogVo.<init>] [INFO] 日志实例已初始化...
[2020-04-12 18:58:25:767] [vo.logVo.LogVo.<init>] [INFO] 日志实例已初始化...
[2020-04-12 18:58:25:768] [vo.logVo.LogVo.<init>] [INFO] 日志实例已初始化...
[2020-04-12 18:58:25:768] [vo.logVo.LogVo.<init>] [INFO] 日志实例已初始化...
[2020-04-12 18:58:25:770] [vo.logVo.LogVo.<init>] [INFO] 日志实例已初始化...
[2020-04-12 18:58:25:770] [vo.logVo.LogVo.<init>] [INFO] 日志实例已初始化...
[2020-04-12 18:58:25:771] [vo.logVo.LogVo.<init>] [INFO] 日志实例已初始化...
[2020-04-12 18:58:25:771] [vo.logVo.LogVo.<init>] [INFO] 日志实例已初始化...
[2020-04-12 18:58:25:772] [vo.logVo.LogVo.<init>] [INFO] 日志实例已初始化...
[2020-04-12 18:58:25:772] [vo.logVo.LogVo.<init>] [INFO] 日志实例已初始化...
[2020-04-12 18:58:25:773] [vo.logVo.LogVo.<init>] [INFO] 日志实例已初始化...
[2020-04-12 18:58:25:773] [vo.logVo.LogVo.<init>] [INFO] 日志实例已初始化...
[2020-04-12 18:58:25:774] [vo.logVo.LogVo.<init>] [INFO] 日志实例已初始化...
[2020-04-12 18:58:25:774] [vo.logVo.LogVo.<init>] [INFO] 日志实例已初始化...
[2020-04-12 18:58:25:775] [vo.logVo.LogVo.<init>] [INFO] 日志实例已初始化...
[2020-04-12 18:58:25:775] [vo.logVo.LogVo.<init>] [INFO] 日志实例已初始化...
[2020-04-12 18:58:25:776] [vo.logVo.LogVo.<init>] [INFO] 日志实例已初始化...
[2020-04-12 18:58:25:776] [vo.logVo.LogVo.<init>] [INFO] 日志实例已初始化...
[2020-04-12 18:58:25:776] [vo.logVo.LogVo.<init>] [INFO] 日志实例已初始化...
[2020-04-12 18:58:25:778] [vo.logVo.LogVo.<init>] [INFO] 日志实例已初始化...
[2020-04-12 18:58:25:780] [vo.logVo.LogVo.<init>] [INFO] 日志实例已初始化...
[2020-04-12 18:58:25:781] [vo.logVo.LogVo.<init>] [INFO] 日志实例已初始化...
[2020-04-12 18:58:25:781] [vo.logVo.LogVo.<init>] [INFO] 日志实例已初始化...
[2020-04-12 18:58:25:782] [vo.logVo.LogVo.<init>] [INFO] 日志实例已初始化...
[2020-04-12 18:58:25:783] [vo.logVo.LogVo.<init>] [INFO] 日志实例已初始化...
[2020-04-12 18:58:25:783] [vo.logVo.LogVo.<init>] [INFO] 日志实例已初始化...
[2020-04-12 18:58:25:784] [vo.logVo.LogVo.<init>] [INFO] 日志实例已初始化...
[2020-04-12 18:58:25:784] [vo.logVo.LogVo.<init>] [INFO] 日志实例已初始化...
[2020-04-12 18:58:25:784] [vo.logVo.LogVo.<init>] [INFO] 日志实例已初始化...
[2020-04-12 18:58:25:785] [vo.logVo.LogVo.<init>] [INFO] 日志实例已初始化...
[2020-04-12 18:58:25:785] [vo.logVo.LogVo.<init>] [INFO] 日志实例已初始化...
[2020-04-12 18:58:25:786] [vo.logVo.LogVo.<init>] [INFO] 日志实例已初始化...
[2020-04-12 18:58:25:786] [vo.logVo.LogVo.<init>] [INFO] 日志实例已初始化...
[2020-04-12 18:58:25:787] [vo.logVo.LogVo.<init>] [INFO] 日志实例已初始化...
[2020-04-12 18:58:25:787] [vo.logVo.LogVo.<init>] [INFO] 日志实例已初始化...
[2020-04-12 18:58:25:787] [vo.logVo.LogVo.<init>] [INFO] 日志实例已初始化...
[2020-04-12 18:58:25:788] [vo.logVo.LogVo.<init>] [INFO] 日志实例已初始化...
[2020-04-12 18:58:25:788] [vo.logVo.LogVo.<init>] [INFO] 日志实例已初始化...
[2020-04-12 18:58:25:790] [vo.logVo.LogVo.<init>] [INFO] 日志实例已初始化...
[2020-04-12 18:58:25:790] [vo.logVo.LogVo.<init>] [INFO] 日志实例已初始化...
[2020-04-12 18:58:25:791] [vo.logVo.LogVo.<init>] [INFO] 日志实例已初始化...
[2020-04-12 18:58:25:791] [vo.logVo.LogVo.<init>] [INFO] 日志实例已初始化...
[2020-04-12 18:58:25:791] [vo.logVo.LogVo.<init>] [INFO] 日志实例已初始化...
[2020-04-12 18:58:25:792] [vo.logVo.LogVo.<init>] [INFO] 日志实例已初始化...
[2020-04-12 18:58:25:792] [vo.logVo.LogVo.<init>] [INFO] 日志实例已初始化...
[2020-04-12 18:58:25:793] [vo.logVo.LogVo.<init>] [INFO] 日志实例已初始化...
[2020-04-12 18:58:25:793] [vo.logVo.LogVo.<init>] [INFO] 日志实例已初始化...
[2020-04-12 18:58:25:793] [vo.logVo.LogVo.<init>] [INFO] 日志实例已初始化...
[2020-04-12 18:58:25:794] [vo.logVo.LogVo.<init>] [INFO] 日志实例已初始化...
[2020-04-12 18:58:25:794] [vo.logVo.LogVo.<init>] [INFO] 日志实例已初始化...
[2020-04-12 18:58:25:795] [vo.logVo.LogVo.<init>] [INFO] 日志实例已初始化...
[2020-04-12 18:58:25:795] [vo.logVo.LogVo.<init>] [INFO] 日志实例已初始化...
[2020-04-12 18:58:25:795] [vo.logVo.LogVo.<init>] [INFO] 日志实例已初始化...
[2020-04-12 18:58:25:796] [vo.logVo.LogVo.<init>] [INFO] 日志实例已初始化...
[2020-04-12 18:58:25:796] [vo.logVo.LogVo.<init>] [INFO] 日志实例已初始化...
[2020-04-12 18:58:25:797] [vo.logVo.LogVo.<init>] [INFO] 日志实例已初始化...
[2020-04-12 18:58:25:797] [vo.logVo.LogVo.<init>] [INFO] 日志实例已初始化...
[2020-04-12 18:58:25:798] [vo.logVo.LogVo.<init>] [INFO] 日志实例已初始化...
[2020-04-12 18:58:25:798] [vo.logVo.LogVo.<init>] [INFO] 日志实例已初始化...
[2020-04-12 18:58:25:798] [vo.logVo.LogVo.<init>] [INFO] 日志实例已初始化...
[2020-04-12 18:58:25:799] [vo.logVo.LogVo.<init>] [INFO] 日志实例已初始化...
[2020-04-12 18:58:25:799] [vo.logVo.LogVo.<init>] [INFO] 日志实例已初始化...
[2020-04-12 18:58:25:800] [vo.logVo.LogVo.<init>] [INFO] 日志实例已初始化...
[2020-04-12 18:58:25:800] [vo.logVo.LogVo.<init>] [INFO] 日志实例已初始化...
[2020-04-12 18:58:25:800] [vo.logVo.LogVo.<init>] [INFO] 日志实例已初始化...
[2020-04-12 18:58:25:801] [vo.logVo.LogVo.<init>] [INFO] 日志实例已初始化...
[2020-04-12 18:58:25:801] [vo.logVo.LogVo.<init>] [INFO] 日志实例已初始化...
[2020-04-12 18:58:25:802] [vo.logVo.LogVo.<init>] [INFO] 日志实例已初始化...
[2020-04-12 18:58:25:802] [vo.logVo.LogVo.<init>] [INFO] 日志实例已初始化...
[2020-04-12 18:58:25:803] [vo.logVo.LogVo.<init>] [INFO] 日志实例已初始化...
[2020-04-12 18:58:25:803] [vo.logVo.LogVo.<init>] [INFO] 日志实例已初始化...
[2020-04-12 18:58:25:803] [vo.logVo.LogVo.<init>] [INFO] 日志实例已初始化...
[2020-04-12 18:58:25:804] [vo.logVo.LogVo.<init>] [INFO] 日志实例已初始化...
[2020-04-12 18:58:25:804] [vo.logVo.LogVo.<init>] [INFO] 日志实例已初始化...
[2020-04-12 18:58:25:805] [vo.logVo.LogVo.<init>] [INFO] 日志实例已初始化...
[2020-04-12 18:58:25:807] [vo.logVo.LogVo.<init>] [INFO] 日志实例已初始化...
[2020-04-12 18:58:25:807] [vo.logVo.LogVo.<init>] [INFO] 日志实例已初始化...
[2020-04-12 18:58:25:808] [vo.logVo.LogVo.<init>] [INFO] 日志实例已初始化...
[2020-04-12 18:58:25:808] [vo.logVo.LogVo.<init>] [INFO] 日志实例已初始化...
[2020-04-12 18:58:25:809] [vo.logVo.LogVo.<init>] [INFO] 日志实例已初始化...
[2020-04-12 18:58:25:810] [vo.logVo.LogVo.<init>] [INFO] 日志实例已初始化...
[2020-04-12 18:58:25:810] [vo.logVo.LogVo.<init>] [INFO] 日志实例已初始化...
[2020-04-12 18:58:25:811] [vo.logVo.LogVo.<init>] [INFO] 日志实例已初始化...
[2020-04-12 18:58:25:812] [vo.logVo.LogVo.<init>] [INFO] 日志实例已初始化...
[2020-04-12 18:58:25:812] [vo.logVo.LogVo.<init>] [INFO] 日志实例已初始化...
[2020-04-12 18:58:25:812] [vo.logVo.LogVo.<init>] [INFO] 日志实例已初始化...
[2020-04-12 18:58:25:813] [vo.logVo.LogVo.<init>] [INFO] 日志实例已初始化...
[2020-04-12 18:58:25:813] [vo.logVo.LogVo.<init>] [INFO] 日志实例已初始化...
[2020-04-12 18:58:25:814] [vo.logVo.LogVo.<init>] [INFO] 日志实例已初始化...
[2020-04-12 18:58:25:814] [vo.logVo.LogVo.<init>] [INFO] 日志实例已初始化...
[2020-04-12 18:58:25:814] [vo.logVo.LogVo.<init>] [INFO] 日志实例已初始化...
[2020-04-12 18:58:25:815] [vo.logVo.LogVo.<init>] [INFO] 日志实例已初始化...
[2020-04-12 18:58:25:815] [vo.logVo.LogVo.<init>] [INFO] 日志实例已初始化...
[2020-04-12 18:58:25:816] [vo.logVo.LogVo.<init>] [INFO] 日志实例已初始化...
[2020-04-12 18:58:25:816] [vo.logVo.LogVo.<init>] [INFO] 日志实例已初始化...
[2020-04-12 18:58:25:816] [vo.logVo.LogVo.<init>] [INFO] 日志实例已初始化...
[2020-04-12 18:58:25:817] [vo.logVo.LogVo.<init>] [INFO] 日志实例已初始化...
[2020-04-12 18:58:25:817] [vo.logVo.LogVo.<init>] [INFO] 日志实例已初始化...
[2020-04-12 18:58:25:817] [vo.logVo.LogVo.<init>] [INFO] 日志实例已初始化...
[2020-04-12 18:58:25:818] [vo.logVo.LogVo.<init>] [INFO] 日志实例已初始化...
[2020-04-12 18:58:25:818] [vo.logVo.LogVo.<init>] [INFO] 日志实例已初始化...
[2020-04-12 18:58:25:819] [vo.logVo.LogVo.<init>] [INFO] 日志实例已初始化...
[2020-04-12 18:58:25:820] [vo.logVo.LogVo.<init>] [INFO] 日志实例已初始化...
[2020-04-12 18:58:25:820] [vo.logVo.LogVo.<init>] [INFO] 日志实例已初始化...
[2020-04-12 18:58:25:821] [vo.logVo.LogVo.<init>] [INFO] 日志实例已初始化...
[2020-04-12 18:58:25:822] [vo.logVo.LogVo.<init>] [INFO] 日志实例已初始化...
[2020-04-12 18:58:25:822] [vo.logVo.LogVo.<init>] [INFO] 日志实例已初始化...
[2020-04-12 18:58:25:823] [vo.logVo.LogVo.<init>] [INFO] 日志实例已初始化...
[2020-04-12 18:58:25:823] [vo.logVo.LogVo.<init>] [INFO] 日志实例已初始化...
[2020-04-12 18:58:25:831] [vo.logVo.LogVo.<init>] [INFO] 日志实例已初始化...
[2020-04-12 18:58:25:835] [vo.logVo.LogVo.<init>] [INFO] 日志实例已初始化...
[2020-04-12 18:58:25:895] [action.userAction.LoginAction.execute] [INFO] admin 登录成功,登录时间:2020-04-12 18:58:25
[2020-04-12 18:58:51:152] [vo.logVo.LogVo.<init>] [INFO] 日志实例已初始化...
[2020-04-12 18:58:51:153] [vo.logVo.LogVo.<init>] [INFO] 日志实例已初始化...
[2020-04-12 18:58:51:153] [vo.logVo.LogVo.<init>] [INFO] 日志实例已初始化...
[2020-04-12 18:58:51:154] [vo.logVo.LogVo.<init>] [INFO] 日志实例已初始化...
[2020-04-12 18:58:51:155] [vo.logVo.LogVo.<init>] [INFO] 日志实例已初始化...
[2020-04-12 18:58:51:155] [vo.logVo.LogVo.<init>] [INFO] 日志实例已初始化...
[2020-04-12 18:58:51:156] [vo.logVo.LogVo.<init>] [INFO] 日志实例已初始化...
[2020-04-12 18:58:51:156] [vo.logVo.LogVo.<init>] [INFO] 日志实例已初始化...
[2020-04-12 18:58:51:157] [vo.logVo.LogVo.<init>] [INFO] 日志实例已初始化...
[2020-04-12 18:58:51:157] [vo.logVo.LogVo.<init>] [INFO] 日志实例已初始化...
[2020-04-12 18:58:51:158] [vo.logVo.LogVo.<init>] [INFO] 日志实例已初始化...
[2020-04-12 18:58:51:158] [vo.logVo.LogVo.<init>] [INFO] 日志实例已初始化...
[2020-04-12 18:58:51:159] [vo.logVo.LogVo.<init>] [INFO] 日志实例已初始化...
[2020-04-12 18:58:51:159] [vo.logVo.LogVo.<init>] [INFO] 日志实例已初始化...
[2020-04-12 18:58:51:160] [vo.logVo.LogVo.<init>] [INFO] 日志实例已初始化...
[2020-04-12 18:58:51:160] [vo.logVo.LogVo.<init>] [INFO] 日志实例已初始化...
[2020-04-12 18:58:51:161] [vo.logVo.LogVo.<init>] [INFO] 日志实例已初始化...
[2020-04-12 18:58:51:162] [vo.logVo.LogVo.<init>] [INFO] 日志实例已初始化...
[2020-04-12 18:58:51:163] [vo.logVo.LogVo.<init>] [INFO] 日志实例已初始化...
[2020-04-12 18:58:51:164] [vo.logVo.LogVo.<init>] [INFO] 日志实例已初始化...
[2020-04-12 18:58:51:164] [vo.logVo.LogVo.<init>] [INFO] 日志实例已初始化...
[2020-04-12 18:58:51:165] [vo.logVo.LogVo.<init>] [INFO] 日志实例已初始化...
[2020-04-12 18:58:51:165] [vo.logVo.LogVo.<init>] [INFO] 日志实例已初始化...
[2020-04-12 18:58:51:165] [vo.logVo.LogVo.<init>] [INFO] 日志实例已初始化...
[2020-04-12 18:58:51:166] [vo.logVo.LogVo.<init>] [INFO] 日志实例已初始化...
[2020-04-12 18:58:51:166] [vo.logVo.LogVo.<init>] [INFO] 日志实例已初始化...
[2020-04-12 18:58:51:166] [vo.logVo.LogVo.<init>] [INFO] 日志实例已初始化...
[2020-04-12 18:58:51:167] [vo.logVo.LogVo.<init>] [INFO] 日志实例已初始化...
[2020-04-12 18:58:51:167] [vo.logVo.LogVo.<init>] [INFO] 日志实例已初始化...
[2020-04-12 18:58:51:167] [vo.logVo.LogVo.<init>] [INFO] 日志实例已初始化...
[2020-04-12 18:58:51:168] [vo.logVo.LogVo.<init>] [INFO] 日志实例已初始化...
[2020-04-12 18:58:51:169] [vo.logVo.LogVo.<init>] [INFO] 日志实例已初始化...
[2020-04-12 18:58:51:169] [vo.logVo.LogVo.<init>] [INFO] 日志实例已初始化...
[2020-04-12 18:58:51:169] [vo.logVo.LogVo.<init>] [INFO] 日志实例已初始化...
[2020-04-12 18:58:51:170] [vo.logVo.LogVo.<init>] [INFO] 日志实例已初始化...
[2020-04-12 18:58:51:170] [vo.logVo.LogVo.<init>] [INFO] 日志实例已初始化...
[2020-04-12 18:58:51:170] [vo.logVo.LogVo.<init>] [INFO] 日志实例已初始化...
[2020-04-12 18:58:51:170] [vo.logVo.LogVo.<init>] [INFO] 日志实例已初始化...
[2020-04-12 18:58:51:171] [vo.logVo.LogVo.<init>] [INFO] 日志实例已初始化...
[2020-04-12 18:58:51:171] [vo.logVo.LogVo.<init>] [INFO] 日志实例已初始化...
[2020-04-12 18:58:51:172] [vo.logVo.LogVo.<init>] [INFO] 日志实例已初始化...
[2020-04-12 18:58:51:172] [vo.logVo.LogVo.<init>] [INFO] 日志实例已初始化...
[2020-04-12 18:58:51:172] [vo.logVo.LogVo.<init>] [INFO] 日志实例已初始化...
[2020-04-12 18:58:51:173] [vo.logVo.LogVo.<init>] [INFO] 日志实例已初始化...
[2020-04-12 18:58:51:173] [vo.logVo.LogVo.<init>] [INFO] 日志实例已初始化...
[2020-04-12 18:58:51:173] [vo.logVo.LogVo.<init>] [INFO] 日志实例已初始化...
[2020-04-12 18:58:51:174] [vo.logVo.LogVo.<init>] [INFO] 日志实例已初始化...
[2020-04-12 18:58:51:174] [vo.logVo.LogVo.<init>] [INFO] 日志实例已初始化...
[2020-04-12 18:58:51:175] [vo.logVo.LogVo.<init>] [INFO] 日志实例已初始化...
[2020-04-12 18:58:51:175] [vo.logVo.LogVo.<init>] [INFO] 日志实例已初始化...
[2020-04-12 18:58:51:175] [vo.logVo.LogVo.<init>] [INFO] 日志实例已初始化...
[2020-04-12 18:58:51:176] [vo.logVo.LogVo.<init>] [INFO] 日志实例已初始化...
[2020-04-12 18:58:51:176] [vo.logVo.LogVo.<init>] [INFO] 日志实例已初始化...
[2020-04-12 18:58:51:176] [vo.logVo.LogVo.<init>] [INFO] 日志实例已初始化...
[2020-04-12 18:58:51:177] [vo.logVo.LogVo.<init>] [INFO] 日志实例已初始化...
[2020-04-12 18:58:51:177] [vo.logVo.LogVo.<init>] [INFO] 日志实例已初始化...
[2020-04-12 18:58:51:177] [vo.logVo.LogVo.<init>] [INFO] 日志实例已初始化...
[2020-04-12 18:58:51:178] [vo.logVo.LogVo.<init>] [INFO] 日志实例已初始化...
[2020-04-12 18:58:51:178] [vo.logVo.LogVo.<init>] [INFO] 日志实例已初始化...
[2020-04-12 18:58:51:178] [vo.logVo.LogVo.<init>] [INFO] 日志实例已初始化...
[2020-04-12 18:58:51:179] [vo.logVo.LogVo.<init>] [INFO] 日志实例已初始化...
[2020-04-12 18:58:51:179] [vo.logVo.LogVo.<init>] [INFO] 日志实例已初始化...
[2020-04-12 18:58:51:180] [vo.logVo.LogVo.<init>] [INFO] 日志实例已初始化...
[2020-04-12 18:58:51:180] [vo.logVo.LogVo.<init>] [INFO] 日志实例已初始化...
[2020-04-12 18:58:51:181] [vo.logVo.LogVo.<init>] [INFO] 日志实例已初始化...
[2020-04-12 18:58:51:181] [vo.logVo.LogVo.<init>] [INFO] 日志实例已初始化...
[2020-04-12 18:58:51:181] [vo.logVo.LogVo.<init>] [INFO] 日志实例已初始化...
[2020-04-12 18:58:51:182] [vo.logVo.LogVo.<init>] [INFO] 日志实例已初始化...
[2020-04-12 18:58:51:183] [vo.logVo.LogVo.<init>] [INFO] 日志实例已初始化...
[2020-04-12 18:58:51:183] [vo.logVo.LogVo.<init>] [INFO] 日志实例已初始化...
[2020-04-12 18:58:51:184] [vo.logVo.LogVo.<init>] [INFO] 日志实例已初始化...
[2020-04-12 18:58:51:184] [vo.logVo.LogVo.<init>] [INFO] 日志实例已初始化...
[2020-04-12 18:58:51:185] [vo.logVo.LogVo.<init>] [INFO] 日志实例已初始化...
[2020-04-12 18:58:51:185] [vo.logVo.LogVo.<init>] [INFO] 日志实例已初始化...
[2020-04-12 18:58:51:186] [vo.logVo.LogVo.<init>] [INFO] 日志实例已初始化...
[2020-04-12 18:58:51:186] [vo.logVo.LogVo.<init>] [INFO] 日志实例已初始化...
[2020-04-12 18:58:51:186] [vo.logVo.LogVo.<init>] [INFO] 日志实例已初始化...
[2020-04-12 18:58:51:187] [vo.logVo.LogVo.<init>] [INFO] 日志实例已初始化...
[2020-04-12 18:58:51:187] [vo.logVo.LogVo.<init>] [INFO] 日志实例已初始化...
[2020-04-12 18:58:51:188] [vo.logVo.LogVo.<init>] [INFO] 日志实例已初始化...
[2020-04-12 18:58:51:188] [vo.logVo.LogVo.<init>] [INFO] 日志实例已初始化...
[2020-04-12 18:58:51:188] [vo.logVo.LogVo.<init>] [INFO] 日志实例已初始化...
[2020-04-12 18:58:51:189] [vo.logVo.LogVo.<init>] [INFO] 日志实例已初始化...
[2020-04-12 18:58:51:189] [vo.logVo.LogVo.<init>] [INFO] 日志实例已初始化...
[2020-04-12 18:58:51:189] [vo.logVo.LogVo.<init>] [INFO] 日志实例已初始化...
[2020-04-12 18:58:51:190] [vo.logVo.LogVo.<init>] [INFO] 日志实例已初始化...
[2020-04-12 18:58:51:190] [vo.logVo.LogVo.<init>] [INFO] 日志实例已初始化...
[2020-04-12 18:58:51:190] [vo.logVo.LogVo.<init>] [INFO] 日志实例已初始化...
[2020-04-12 18:58:51:191] [vo.logVo.LogVo.<init>] [INFO] 日志实例已初始化...
[2020-04-12 18:58:51:191] [vo.logVo.LogVo.<init>] [INFO] 日志实例已初始化...
[2020-04-12 18:58:51:191] [vo.logVo.LogVo.<init>] [INFO] 日志实例已初始化...
[2020-04-12 18:58:51:191] [vo.logVo.LogVo.<init>] [INFO] 日志实例已初始化...
[2020-04-12 18:58:51:192] [vo.logVo.LogVo.<init>] [INFO] 日志实例已初始化...
[2020-04-12 18:58:51:192] [vo.logVo.LogVo.<init>] [INFO] 日志实例已初始化...
[2020-04-12 18:58:51:192] [vo.logVo.LogVo.<init>] [INFO] 日志实例已初始化...
[2020-04-12 18:58:51:192] [vo.logVo.LogVo.<init>] [INFO] 日志实例已初始化...
[2020-04-12 18:58:51:193] [vo.logVo.LogVo.<init>] [INFO] 日志实例已初始化...
[2020-04-12 18:58:51:193] [vo.logVo.LogVo.<init>] [INFO] 日志实例已初始化...
[2020-04-12 18:58:51:193] [vo.logVo.LogVo.<init>] [INFO] 日志实例已初始化...
[2020-04-12 18:58:51:194] [vo.logVo.LogVo.<init>] [INFO] 日志实例已初始化...
[2020-04-12 18:58:51:194] [vo.logVo.LogVo.<init>] [INFO] 日志实例已初始化...
[2020-04-12 18:58:51:194] [vo.logVo.LogVo.<init>] [INFO] 日志实例已初始化...
[2020-04-12 18:58:51:195] [vo.logVo.LogVo.<init>] [INFO] 日志实例已初始化...
[2020-04-12 18:58:51:195] [vo.logVo.LogVo.<init>] [INFO] 日志实例已初始化...
[2020-04-12 18:58:51:196] [vo.logVo.LogVo.<init>] [INFO] 日志实例已初始化...
[2020-04-12 18:58:51:196] [vo.logVo.LogVo.<init>] [INFO] 日志实例已初始化...
[2020-04-12 18:58:51:196] [vo.logVo.LogVo.<init>] [INFO] 日志实例已初始化...
[2020-04-12 18:58:51:197] [vo.logVo.LogVo.<init>] [INFO] 日志实例已初始化...
[2020-04-12 18:58:51:197] [vo.logVo.LogVo.<init>] [INFO] 日志实例已初始化...
[2020-04-12 18:58:51:198] [vo.logVo.LogVo.<init>] [INFO] 日志实例已初始化...
[2020-04-12 18:58:51:198] [vo.logVo.LogVo.<init>] [INFO] 日志实例已初始化...
[2020-04-12 18:58:51:198] [vo.logVo.LogVo.<init>] [INFO] 日志实例已初始化...
[2020-04-12 18:58:51:199] [vo.logVo.LogVo.<init>] [INFO] 日志实例已初始化...
[2020-04-12 18:58:51:199] [vo.logVo.LogVo.<init>] [INFO] 日志实例已初始化...
[2020-04-12 18:58:51:199] [vo.logVo.LogVo.<init>] [INFO] 日志实例已初始化...
[2020-04-12 18:58:51:200] [vo.logVo.LogVo.<init>] [INFO] 日志实例已初始化...
[2020-04-12 18:58:51:200] [vo.logVo.LogVo.<init>] [INFO] 日志实例已初始化...
[2020-04-12 18:58:51:201] [vo.logVo.LogVo.<init>] [INFO] 日志实例已初始化...
[2020-04-12 18:58:51:201] [vo.logVo.LogVo.<init>] [INFO] 日志实例已初始化...
[2020-04-12 18:58:51:201] [vo.logVo.LogVo.<init>] [INFO] 日志实例已初始化...
[2020-04-12 18:58:51:202] [vo.logVo.LogVo.<init>] [INFO] 日志实例已初始化...
[2020-04-12 18:58:51:202] [vo.logVo.LogVo.<init>] [INFO] 日志实例已初始化...
[2020-04-12 18:58:51:202] [vo.logVo.LogVo.<init>] [INFO] 日志实例已初始化...
[2020-04-12 18:58:51:203] [vo.logVo.LogVo.<init>] [INFO] 日志实例已初始化...
[2020-04-12 18:58:51:203] [vo.logVo.LogVo.<init>] [INFO] 日志实例已初始化...
[2020-04-12 18:58:51:203] [vo.logVo.LogVo.<init>] [INFO] 日志实例已初始化...
[2020-04-12 18:58:51:204] [vo.logVo.LogVo.<init>] [INFO] 日志实例已初始化...
[2020-04-12 18:58:51:204] [vo.logVo.LogVo.<init>] [INFO] 日志实例已初始化...
[2020-04-12 18:58:51:204] [vo.logVo.LogVo.<init>] [INFO] 日志实例已初始化...
[2020-04-12 18:58:51:205] [vo.logVo.LogVo.<init>] [INFO] 日志实例已初始化...
[2020-04-12 18:58:51:205] [vo.logVo.LogVo.<init>] [INFO] 日志实例已初始化...
[2020-04-12 18:58:51:206] [vo.logVo.LogVo.<init>] [INFO] 日志实例已初始化...
[2020-04-12 18:58:51:206] [vo.logVo.LogVo.<init>] [INFO] 日志实例已初始化...
[2020-04-12 18:58:51:206] [vo.logVo.LogVo.<init>] [INFO] 日志实例已初始化...
[2020-04-12 18:58:51:207] [vo.logVo.LogVo.<init>] [INFO] 日志实例已初始化...
[2020-04-12 18:58:51:207] [vo.logVo.LogVo.<init>] [INFO] 日志实例已初始化...
[2020-04-12 18:58:51:207] [vo.logVo.LogVo.<init>] [INFO] 日志实例已初始化...
[2020-04-12 18:58:51:208] [vo.logVo.LogVo.<init>] [INFO] 日志实例已初始化...
[2020-04-12 18:58:51:208] [vo.logVo.LogVo.<init>] [INFO] 日志实例已初始化...
[2020-04-12 18:58:51:208] [vo.logVo.LogVo.<init>] [INFO] 日志实例已初始化...
[2020-04-12 18:58:51:209] [vo.logVo.LogVo.<init>] [INFO] 日志实例已初始化...
[2020-04-12 18:58:51:209] [vo.logVo.LogVo.<init>] [INFO] 日志实例已初始化...
[2020-04-12 18:58:51:210] [vo.logVo.LogVo.<init>] [INFO] 日志实例已初始化...
[2020-04-12 18:58:51:210] [vo.logVo.LogVo.<init>] [INFO] 日志实例已初始化...
[2020-04-12 18:58:51:210] [vo.logVo.LogVo.<init>] [INFO] 日志实例已初始化...
[2020-04-12 18:58:51:210] [vo.logVo.LogVo.<init>] [INFO] 日志实例已初始化...
[2020-04-12 18:58:51:211] [vo.logVo.LogVo.<init>] [INFO] 日志实例已初始化...
[2020-04-12 18:58:51:211] [vo.logVo.LogVo.<init>] [INFO] 日志实例已初始化...
[2020-04-12 18:58:51:211] [vo.logVo.LogVo.<init>] [INFO] 日志实例已初始化...
[2020-04-12 18:58:51:212] [vo.logVo.LogVo.<init>] [INFO] 日志实例已初始化...
[2020-04-12 18:58:51:212] [vo.logVo.LogVo.<init>] [INFO] 日志实例已初始化...
[2020-04-12 18:58:51:212] [vo.logVo.LogVo.<init>] [INFO] 日志实例已初始化...
[2020-04-12 18:58:51:213] [vo.logVo.LogVo.<init>] [INFO] 日志实例已初始化...
[2020-04-12 18:58:51:214] [vo.logVo.LogVo.<init>] [INFO] 日志实例已初始化...
[2020-04-12 18:58:51:214] [vo.logVo.LogVo.<init>] [INFO] 日志实例已初始化...
[2020-04-12 18:58:51:215] [vo.logVo.LogVo.<init>] [INFO] 日志实例已初始化...
[2020-04-12 18:58:51:215] [vo.logVo.LogVo.<init>] [INFO] 日志实例已初始化...
[2020-04-12 18:58:51:215] [vo.logVo.LogVo.<init>] [INFO] 日志实例已初始化...
[2020-04-12 18:58:51:216] [vo.logVo.LogVo.<init>] [INFO] 日志实例已初始化...
[2020-04-12 18:58:51:216] [vo.logVo.LogVo.<init>] [INFO] 日志实例已初始化...
[2020-04-12 18:58:51:217] [vo.logVo.LogVo.<init>] [INFO] 日志实例已初始化...
[2020-04-12 18:58:51:217] [vo.logVo.LogVo.<init>] [INFO] 日志实例已初始化...
[2020-04-12 18:58:51:217] [vo.logVo.LogVo.<init>] [INFO] 日志实例已初始化...
[2020-04-12 18:58:51:218] [vo.logVo.LogVo.<init>] [INFO] 日志实例已初始化...
[2020-04-12 18:58:51:218] [vo.logVo.LogVo.<init>] [INFO] 日志实例已初始化...
[2020-04-12 18:58:51:218] [vo.logVo.LogVo.<init>] [INFO] 日志实例已初始化...
[2020-04-12 18:58:51:219] [vo.logVo.LogVo.<init>] [INFO] 日志实例已初始化...
[2020-04-12 18:58:51:219] [vo.logVo.LogVo.<init>] [INFO] 日志实例已初始化...
[2020-04-12 18:58:51:220] [vo.logVo.LogVo.<init>] [INFO] 日志实例已初始化...
[2020-04-12 18:58:51:220] [vo.logVo.LogVo.<init>] [INFO] 日志实例已初始化...
[2020-04-12 18:58:51:220] [vo.logVo.LogVo.<init>] [INFO] 日志实例已初始化...
[2020-04-12 18:58:51:220] [vo.logVo.LogVo.<init>] [INFO] 日志实例已初始化...
[2020-04-12 18:58:51:221] [vo.logVo.LogVo.<init>] [INFO] 日志实例已初始化...
[2020-04-12 18:58:51:221] [vo.logVo.LogVo.<init>] [INFO] 日志实例已初始化...
[2020-04-12 18:58:51:221] [vo.logVo.LogVo.<init>] [INFO] 日志实例已初始化...
[2020-04-12 18:58:51:221] [vo.logVo.LogVo.<init>] [INFO] 日志实例已初始化...
[2020-04-12 18:58:51:222] [vo.logVo.LogVo.<init>] [INFO] 日志实例已初始化...
[2020-04-12 18:58:51:222] [vo.logVo.LogVo.<init>] [INFO] 日志实例已初始化...
[2020-04-12 18:58:51:222] [vo.logVo.LogVo.<init>] [INFO] 日志实例已初始化...
[2020-04-12 18:58:51:222] [vo.logVo.LogVo.<init>] [INFO] 日志实例已初始化...
[2020-04-12 18:58:51:223] [vo.logVo.LogVo.<init>] [INFO] 日志实例已初始化...
[2020-04-12 18:58:51:223] [vo.logVo.LogVo.<init>] [INFO] 日志实例已初始化...
[2020-04-12 18:58:51:223] [vo.logVo.LogVo.<init>] [INFO] 日志实例已初始化...
[2020-04-12 18:58:51:223] [vo.logVo.LogVo.<init>] [INFO] 日志实例已初始化...
[2020-04-12 18:58:51:224] [vo.logVo.LogVo.<init>] [INFO] 日志实例已初始化...
[2020-04-12 18:58:51:224] [vo.logVo.LogVo.<init>] [INFO] 日志实例已初始化...
[2020-04-12 18:58:51:224] [vo.logVo.LogVo.<init>] [INFO] 日志实例已初始化...
[2020-04-12 18:58:51:224] [vo.logVo.LogVo.<init>] [INFO] 日志实例已初始化...
[2020-04-12 18:58:51:225] [vo.logVo.LogVo.<init>] [INFO] 日志实例已初始化...
[2020-04-12 18:58:51:225] [vo.logVo.LogVo.<init>] [INFO] 日志实例已初始化...
[2020-04-12 18:58:51:225] [vo.logVo.LogVo.<init>] [INFO] 日志实例已初始化...
[2020-04-12 18:58:51:225] [vo.logVo.LogVo.<init>] [INFO] 日志实例已初始化...
[2020-04-12 18:58:51:226] [vo.logVo.LogVo.<init>] [INFO] 日志实例已初始化...
[2020-04-12 18:58:51:226] [vo.logVo.LogVo.<init>] [INFO] 日志实例已初始化...
[2020-04-12 18:58:51:226] [vo.logVo.LogVo.<init>] [INFO] 日志实例已初始化...
[2020-04-12 18:58:51:226] [vo.logVo.LogVo.<init>] [INFO] 日志实例已初始化...
[2020-04-12 18:58:51:227] [vo.logVo.LogVo.<init>] [INFO] 日志实例已初始化...
[2020-04-12 18:58:51:227] [vo.logVo.LogVo.<init>] [INFO] 日志实例已初始化...
[2020-04-12 18:58:51:227] [vo.logVo.LogVo.<init>] [INFO] 日志实例已初始化...
[2020-04-12 18:58:51:227] [vo.logVo.LogVo.<init>] [INFO] 日志实例已初始化...
[2020-04-12 18:58:51:228] [vo.logVo.LogVo.<init>] [INFO] 日志实例已初始化...
[2020-04-12 18:58:51:228] [vo.logVo.LogVo.<init>] [INFO] 日志实例已初始化...
[2020-04-12 18:58:51:228] [vo.logVo.LogVo.<init>] [INFO] 日志实例已初始化...
[2020-04-12 18:58:51:228] [vo.logVo.LogVo.<init>] [INFO] 日志实例已初始化...
[2020-04-12 18:58:51:229] [vo.logVo.LogVo.<init>] [INFO] 日志实例已初始化...
[2020-04-12 18:58:51:229] [vo.logVo.LogVo.<init>] [INFO] 日志实例已初始化...
[2020-04-12 18:58:51:229] [vo.logVo.LogVo.<init>] [INFO] 日志实例已初始化...
[2020-04-12 18:58:51:230] [vo.logVo.LogVo.<init>] [INFO] 日志实例已初始化...
[2020-04-12 18:58:51:230] [vo.logVo.LogVo.<init>] [INFO] 日志实例已初始化...
[2020-04-12 18:58:51:230] [vo.logVo.LogVo.<init>] [INFO] 日志实例已初始化...
[2020-04-12 18:58:51:231] [vo.logVo.LogVo.<init>] [INFO] 日志实例已初始化...
[2020-04-12 18:58:51:231] [vo.logVo.LogVo.<init>] [INFO] 日志实例已初始化...
[2020-04-12 18:58:51:231] [vo.logVo.LogVo.<init>] [INFO] 日志实例已初始化...
[2020-04-12 18:58:51:231] [vo.logVo.LogVo.<init>] [INFO] 日志实例已初始化...
[2020-04-12 18:58:51:232] [vo.logVo.LogVo.<init>] [INFO] 日志实例已初始化...
[2020-04-12 18:58:51:232] [vo.logVo.LogVo.<init>] [INFO] 日志实例已初始化...
[2020-04-12 18:58:51:233] [vo.logVo.LogVo.<init>] [INFO] 日志实例已初始化...
[2020-04-12 18:58:51:233] [vo.logVo.LogVo.<init>] [INFO] 日志实例已初始化...
[2020-04-12 18:58:51:233] [vo.logVo.LogVo.<init>] [INFO] 日志实例已初始化...
[2020-04-12 18:58:51:234] [vo.logVo.LogVo.<init>] [INFO] 日志实例已初始化...
[2020-04-12 18:58:51:234] [vo.logVo.LogVo.<init>] [INFO] 日志实例已初始化...
[2020-04-12 18:58:51:234] [vo.logVo.LogVo.<init>] [INFO] 日志实例已初始化...
[2020-04-12 18:58:51:235] [vo.logVo.LogVo.<init>] [INFO] 日志实例已初始化...
[2020-04-12 18:58:51:235] [vo.logVo.LogVo.<init>] [INFO] 日志实例已初始化...
[2020-04-12 18:58:51:235] [vo.logVo.LogVo.<init>] [INFO] 日志实例已初始化...
[2020-04-12 18:58:51:236] [vo.logVo.LogVo.<init>] [INFO] 日志实例已初始化...
[2020-04-12 18:58:51:236] [vo.logVo.LogVo.<init>] [INFO] 日志实例已初始化...
[2020-04-12 18:58:51:236] [vo.logVo.LogVo.<init>] [INFO] 日志实例已初始化...
[2020-04-12 18:58:51:237] [vo.logVo.LogVo.<init>] [INFO] 日志实例已初始化...
[2020-04-12 18:58:51:237] [vo.logVo.LogVo.<init>] [INFO] 日志实例已初始化...
[2020-04-12 18:58:51:237] [vo.logVo.LogVo.<init>] [INFO] 日志实例已初始化...
[2020-04-12 18:58:51:237] [vo.logVo.LogVo.<init>] [INFO] 日志实例已初始化...
[2020-04-12 18:58:51:238] [vo.logVo.LogVo.<init>] [INFO] 日志实例已初始化...
[2020-04-12 18:58:51:238] [vo.logVo.LogVo.<init>] [INFO] 日志实例已初始化...
[2020-04-12 18:58:51:238] [vo.logVo.LogVo.<init>] [INFO] 日志实例已初始化...
[2020-04-12 18:58:51:239] [vo.logVo.LogVo.<init>] [INFO] 日志实例已初始化...
[2020-04-12 18:58:51:239] [vo.logVo.LogVo.<init>] [INFO] 日志实例已初始化...
[2020-04-12 18:58:51:240] [vo.logVo.LogVo.<init>] [INFO] 日志实例已初始化...
[2020-04-12 18:58:51:240] [vo.logVo.LogVo.<init>] [INFO] 日志实例已初始化...
[2020-04-12 18:58:51:240] [vo.logVo.LogVo.<init>] [INFO] 日志实例已初始化...
[2020-04-12 18:58:51:241] [vo.logVo.LogVo.<init>] [INFO] 日志实例已初始化...
[2020-04-12 18:58:51:241] [vo.logVo.LogVo.<init>] [INFO] 日志实例已初始化...
[2020-04-12 18:58:51:241] [vo.logVo.LogVo.<init>] [INFO] 日志实例已初始化...
[2020-04-12 18:58:51:242] [vo.logVo.LogVo.<init>] [INFO] 日志实例已初始化...
[2020-04-12 18:58:51:243] [vo.logVo.LogVo.<init>] [INFO] 日志实例已初始化...
[2020-04-12 18:58:51:245] [vo.logVo.LogVo.<init>] [INFO] 日志实例已初始化...
[2020-04-12 18:58:51:246] [vo.logVo.LogVo.<init>] [INFO] 日志实例已初始化...
[2020-04-12 18:58:51:246] [vo.logVo.LogVo.<init>] [INFO] 日志实例已初始化...
[2020-04-12 18:58:51:246] [vo.logVo.LogVo.<init>] [INFO] 日志实例已初始化...
[2020-04-12 18:58:51:247] [vo.logVo.LogVo.<init>] [INFO] 日志实例已初始化...
[2020-04-12 18:58:51:247] [vo.logVo.LogVo.<init>] [INFO] 日志实例已初始化...
[2020-04-12 18:58:51:247] [vo.logVo.LogVo.<init>] [INFO] 日志实例已初始化...
[2020-04-12 18:58:51:248] [vo.logVo.LogVo.<init>] [INFO] 日志实例已初始化...
[2020-04-12 18:58:51:248] [vo.logVo.LogVo.<init>] [INFO] 日志实例已初始化...
[2020-04-12 18:58:51:249] [vo.logVo.LogVo.<init>] [INFO] 日志实例已初始化...
[2020-04-12 18:58:51:249] [vo.logVo.LogVo.<init>] [INFO] 日志实例已初始化...
[2020-04-12 18:58:51:249] [vo.logVo.LogVo.<init>] [INFO] 日志实例已初始化...
[2020-04-12 18:58:51:250] [vo.logVo.LogVo.<init>] [INFO] 日志实例已初始化...
[2020-04-12 18:58:51:250] [vo.logVo.LogVo.<init>] [INFO] 日志实例已初始化...
[2020-04-12 18:58:51:250] [vo.logVo.LogVo.<init>] [INFO] 日志实例已初始化...
[2020-04-12 18:58:51:251] [vo.logVo.LogVo.<init>] [INFO] 日志实例已初始化...
[2020-04-12 18:58:51:251] [vo.logVo.LogVo.<init>] [INFO] 日志实例已初始化...
[2020-04-12 18:58:51:252] [vo.logVo.LogVo.<init>] [INFO] 日志实例已初始化...
[2020-04-12 18:58:51:252] [vo.logVo.LogVo.<init>] [INFO] 日志实例已初始化...
[2020-04-12 18:58:51:252] [vo.logVo.LogVo.<init>] [INFO] 日志实例已初始化...
[2020-04-12 18:58:51:252] [vo.logVo.LogVo.<init>] [INFO] 日志实例已初始化...
[2020-04-12 18:58:51:253] [vo.logVo.LogVo.<init>] [INFO] 日志实例已初始化...
[2020-04-12 18:58:51:253] [vo.logVo.LogVo.<init>] [INFO] 日志实例已初始化...
[2020-04-12 18:58:51:253] [vo.logVo.LogVo.<init>] [INFO] 日志实例已初始化...
[2020-04-12 18:58:51:254] [vo.logVo.LogVo.<init>] [INFO] 日志实例已初始化...
[2020-04-12 18:58:51:254] [vo.logVo.LogVo.<init>] [INFO] 日志实例已初始化...
[2020-04-12 18:58:51:254] [vo.logVo.LogVo.<init>] [INFO] 日志实例已初始化...
[2020-04-12 18:58:51:254] [vo.logVo.LogVo.<init>] [INFO] 日志实例已初始化...
[2020-04-12 18:58:51:255] [vo.logVo.LogVo.<init>] [INFO] 日志实例已初始化...
[2020-04-12 18:58:51:255] [vo.logVo.LogVo.<init>] [INFO] 日志实例已初始化...
[2020-04-12 18:58:51:255] [vo.logVo.LogVo.<init>] [INFO] 日志实例已初始化...
[2020-04-12 18:58:51:256] [vo.logVo.LogVo.<init>] [INFO] 日志实例已初始化...
[2020-04-12 18:58:51:256] [vo.logVo.LogVo.<init>] [INFO] 日志实例已初始化...
[2020-04-12 18:58:51:257] [vo.logVo.LogVo.<init>] [INFO] 日志实例已初始化...
[2020-04-12 18:58:51:257] [vo.logVo.LogVo.<init>] [INFO] 日志实例已初始化...
[2020-04-12 18:58:51:257] [vo.logVo.LogVo.<init>] [INFO] 日志实例已初始化...
[2020-04-12 18:58:51:257] [vo.logVo.LogVo.<init>] [INFO] 日志实例已初始化...
[2020-04-12 18:58:51:258] [vo.logVo.LogVo.<init>] [INFO] 日志实例已初始化...
[2020-04-12 18:58:51:258] [vo.logVo.LogVo.<init>] [INFO] 日志实例已初始化...
[2020-04-12 18:58:51:259] [vo.logVo.LogVo.<init>] [INFO] 日志实例已初始化...
[2020-04-12 18:58:51:259] [vo.logVo.LogVo.<init>] [INFO] 日志实例已初始化...
[2020-04-12 18:58:51:260] [vo.logVo.LogVo.<init>] [INFO] 日志实例已初始化...
[2020-04-12 18:58:51:260] [vo.logVo.LogVo.<init>] [INFO] 日志实例已初始化...
[2020-04-12 18:58:51:260] [vo.logVo.LogVo.<init>] [INFO] 日志实例已初始化...
[2020-04-12 18:58:51:261] [vo.logVo.LogVo.<init>] [INFO] 日志实例已初始化...
[2020-04-12 18:58:51:262] [vo.logVo.LogVo.<init>] [INFO] 日志实例已初始化...
[2020-04-12 18:58:51:262] [vo.logVo.LogVo.<init>] [INFO] 日志实例已初始化...
[2020-04-12 18:58:51:262] [vo.logVo.LogVo.<init>] [INFO] 日志实例已初始化...
[2020-04-12 18:58:51:263] [vo.logVo.LogVo.<init>] [INFO] 日志实例已初始化...
[2020-04-12 18:58:51:263] [vo.logVo.LogVo.<init>] [INFO] 日志实例已初始化...
[2020-04-12 18:58:51:263] [vo.logVo.LogVo.<init>] [INFO] 日志实例已初始化...
[2020-04-12 18:58:51:263] [vo.logVo.LogVo.<init>] [INFO] 日志实例已初始化...
[2020-04-12 18:58:51:264] [vo.logVo.LogVo.<init>] [INFO] 日志实例已初始化...
[2020-04-12 18:58:51:264] [vo.logVo.LogVo.<init>] [INFO] 日志实例已初始化...
[2020-04-12 18:58:51:264] [vo.logVo.LogVo.<init>] [INFO] 日志实例已初始化...
[2020-04-12 18:58:51:264] [vo.logVo.LogVo.<init>] [INFO] 日志实例已初始化...
[2020-04-12 18:58:51:265] [vo.logVo.LogVo.<init>] [INFO] 日志实例已初始化...
[2020-04-12 18:58:51:265] [vo.logVo.LogVo.<init>] [INFO] 日志实例已初始化...
[2020-04-12 18:58:51:265] [vo.logVo.LogVo.<init>] [INFO] 日志实例已初始化...
[2020-04-12 18:58:51:265] [vo.logVo.LogVo.<init>] [INFO] 日志实例已初始化...
[2020-04-12 18:58:51:266] [vo.logVo.LogVo.<init>] [INFO] 日志实例已初始化...
[2020-04-12 18:58:51:266] [vo.logVo.LogVo.<init>] [INFO] 日志实例已初始化...
[2020-04-12 18:58:51:266] [vo.logVo.LogVo.<init>] [INFO] 日志实例已初始化...
[2020-04-12 18:58:51:266] [vo.logVo.LogVo.<init>] [INFO] 日志实例已初始化...
[2020-04-12 18:58:51:266] [vo.logVo.LogVo.<init>] [INFO] 日志实例已初始化...
[2020-04-12 18:58:51:267] [vo.logVo.LogVo.<init>] [INFO] 日志实例已初始化...
[2020-04-12 18:58:51:267] [vo.logVo.LogVo.<init>] [INFO] 日志实例已初始化...
[2020-04-12 18:58:51:267] [vo.logVo.LogVo.<init>] [INFO] 日志实例已初始化...
[2020-04-12 18:58:51:267] [vo.logVo.LogVo.<init>] [INFO] 日志实例已初始化...
[2020-04-12 18:58:51:268] [vo.logVo.LogVo.<init>] [INFO] 日志实例已初始化...
[2020-04-12 18:58:51:268] [vo.logVo.LogVo.<init>] [INFO] 日志实例已初始化...
[2020-04-12 18:58:51:268] [vo.logVo.LogVo.<init>] [INFO] 日志实例已初始化...
[2020-04-12 18:58:51:268] [vo.logVo.LogVo.<init>] [INFO] 日志实例已初始化...
[2020-04-12 18:58:51:269] [vo.logVo.LogVo.<init>] [INFO] 日志实例已初始化...
[2020-04-12 18:58:51:269] [vo.logVo.LogVo.<init>] [INFO] 日志实例已初始化...
[2020-04-12 18:58:51:269] [vo.logVo.LogVo.<init>] [INFO] 日志实例已初始化...
[2020-04-12 18:58:51:269] [vo.logVo.LogVo.<init>] [INFO] 日志实例已初始化...
[2020-04-12 18:58:51:270] [vo.logVo.LogVo.<init>] [INFO] 日志实例已初始化...
[2020-04-12 18:58:51:270] [vo.logVo.LogVo.<init>] [INFO] 日志实例已初始化...
[2020-04-12 18:58:51:270] [vo.logVo.LogVo.<init>] [INFO] 日志实例已初始化...
[2020-04-12 18:58:51:270] [vo.logVo.LogVo.<init>] [INFO] 日志实例已初始化...
[2020-04-12 18:58:51:271] [vo.logVo.LogVo.<init>] [INFO] 日志实例已初始化...
[2020-04-12 18:58:51:271] [vo.logVo.LogVo.<init>] [INFO] 日志实例已初始化...
[2020-04-12 18:58:51:271] [vo.logVo.LogVo.<init>] [INFO] 日志实例已初始化...
[2020-04-12 18:58:51:271] [vo.logVo.LogVo.<init>] [INFO] 日志实例已初始化...
[2020-04-12 18:58:51:272] [vo.logVo.LogVo.<init>] [INFO] 日志实例已初始化...
[2020-04-12 18:58:51:272] [vo.logVo.LogVo.<init>] [INFO] 日志实例已初始化...
[2020-04-12 18:58:51:272] [vo.logVo.LogVo.<init>] [INFO] 日志实例已初始化...
[2020-04-12 18:58:51:272] [vo.logVo.LogVo.<init>] [INFO] 日志实例已初始化...
[2020-04-12 18:58:51:273] [vo.logVo.LogVo.<init>] [INFO] 日志实例已初始化...
[2020-04-12 18:58:51:273] [vo.logVo.LogVo.<init>] [INFO] 日志实例已初始化...
[2020-04-12 18:58:51:273] [vo.logVo.LogVo.<init>] [INFO] 日志实例已初始化...
[2020-04-12 18:58:51:273] [vo.logVo.LogVo.<init>] [INFO] 日志实例已初始化...
[2020-04-12 18:58:51:274] [vo.logVo.LogVo.<init>] [INFO] 日志实例已初始化...
[2020-04-12 18:58:51:274] [vo.logVo.LogVo.<init>] [INFO] 日志实例已初始化...
[2020-04-12 18:58:51:275] [vo.logVo.LogVo.<init>] [INFO] 日志实例已初始化...
[2020-04-12 18:58:51:275] [vo.logVo.LogVo.<init>] [INFO] 日志实例已初始化...
[2020-04-12 18:58:51:275] [vo.logVo.LogVo.<init>] [INFO] 日志实例已初始化...
[2020-04-12 18:58:51:276] [vo.logVo.LogVo.<init>] [INFO] 日志实例已初始化...
[2020-04-12 18:58:51:276] [vo.logVo.LogVo.<init>] [INFO] 日志实例已初始化...
[2020-04-12 18:58:51:276] [vo.logVo.LogVo.<init>] [INFO] 日志实例已初始化...
[2020-04-12 18:58:51:276] [vo.logVo.LogVo.<init>] [INFO] 日志实例已初始化...
[2020-04-12 18:58:51:277] [vo.logVo.LogVo.<init>] [INFO] 日志实例已初始化...
[2020-04-12 18:58:51:277] [vo.logVo.LogVo.<init>] [INFO] 日志实例已初始化...
[2020-04-12 18:58:51:277] [vo.logVo.LogVo.<init>] [INFO] 日志实例已初始化...
[2020-04-12 18:58:51:278] [vo.logVo.LogVo.<init>] [INFO] 日志实例已初始化...
[2020-04-12 18:58:51:278] [vo.logVo.LogVo.<init>] [INFO] 日志实例已初始化...
[2020-04-12 18:58:51:278] [vo.logVo.LogVo.<init>] [INFO] 日志实例已初始化...
[2020-04-12 18:58:51:278] [vo.logVo.LogVo.<init>] [INFO] 日志实例已初始化...
[2020-04-12 18:58:51:279] [vo.logVo.LogVo.<init>] [INFO] 日志实例已初始化...
[2020-04-12 18:58:51:279] [vo.logVo.LogVo.<init>] [INFO] 日志实例已初始化...
[2020-04-12 18:58:51:279] [vo.logVo.LogVo.<init>] [INFO] 日志实例已初始化...
[2020-04-12 18:58:51:279] [vo.logVo.LogVo.<init>] [INFO] 日志实例已初始化...
[2020-04-12 18:58:51:280] [vo.logVo.LogVo.<init>] [INFO] 日志实例已初始化...
[2020-04-12 18:58:51:280] [vo.logVo.LogVo.<init>] [INFO] 日志实例已初始化...
[2020-04-12 18:58:51:280] [vo.logVo.LogVo.<init>] [INFO] 日志实例已初始化...
[2020-04-12 18:58:51:280] [vo.logVo.LogVo.<init>] [INFO] 日志实例已初始化...
[2020-04-12 18:58:51:281] [vo.logVo.LogVo.<init>] [INFO] 日志实例已初始化...
[2020-04-12 18:58:51:281] [vo.logVo.LogVo.<init>] [INFO] 日志实例已初始化...
[2020-04-12 18:58:51:281] [vo.logVo.LogVo.<init>] [INFO] 日志实例已初始化...
[2020-04-12 18:58:51:281] [vo.logVo.LogVo.<init>] [INFO] 日志实例已初始化...
[2020-04-12 18:58:51:281] [vo.logVo.LogVo.<init>] [INFO] 日志实例已初始化...
[2020-04-12 18:58:51:282] [vo.logVo.LogVo.<init>] [INFO] 日志实例已初始化...
[2020-04-12 18:58:51:282] [vo.logVo.LogVo.<init>] [INFO] 日志实例已初始化...
[2020-04-12 18:58:51:282] [vo.logVo.LogVo.<init>] [INFO] 日志实例已初始化...
[2020-04-12 18:58:51:282] [vo.logVo.LogVo.<init>] [INFO] 日志实例已初始化...
[2020-04-12 18:58:51:283] [vo.logVo.LogVo.<init>] [INFO] 日志实例已初始化...
[2020-04-12 18:58:51:283] [vo.logVo.LogVo.<init>] [INFO] 日志实例已初始化...
[2020-04-12 18:58:51:283] [vo.logVo.LogVo.<init>] [INFO] 日志实例已初始化...
[2020-04-12 18:58:51:283] [vo.logVo.LogVo.<init>] [INFO] 日志实例已初始化...
[2020-04-12 18:58:51:283] [vo.logVo.LogVo.<init>] [INFO] 日志实例已初始化...
[2020-04-12 18:58:51:284] [vo.logVo.LogVo.<init>] [INFO] 日志实例已初始化...
[2020-04-12 18:58:51:284] [vo.logVo.LogVo.<init>] [INFO] 日志实例已初始化...
[2020-04-12 18:58:51:284] [vo.logVo.LogVo.<init>] [INFO] 日志实例已初始化...
[2020-04-12 18:58:51:284] [vo.logVo.LogVo.<init>] [INFO] 日志实例已初始化...
[2020-04-12 18:58:51:284] [vo.logVo.LogVo.<init>] [INFO] 日志实例已初始化...
[2020-04-12 18:58:51:285] [vo.logVo.LogVo.<init>] [INFO] 日志实例已初始化...
[2020-04-12 18:58:51:285] [vo.logVo.LogVo.<init>] [INFO] 日志实例已初始化...
[2020-04-12 18:58:51:285] [vo.logVo.LogVo.<init>] [INFO] 日志实例已初始化...
[2020-04-12 18:58:51:285] [vo.logVo.LogVo.<init>] [INFO] 日志实例已初始化...
[2020-04-12 18:58:51:286] [vo.logVo.LogVo.<init>] [INFO] 日志实例已初始化...
[2020-04-12 18:58:51:286] [vo.logVo.LogVo.<init>] [INFO] 日志实例已初始化...
[2020-04-12 18:58:51:286] [vo.logVo.LogVo.<init>] [INFO] 日志实例已初始化...
[2020-04-12 18:58:51:286] [vo.logVo.LogVo.<init>] [INFO] 日志实例已初始化...
[2020-04-12 18:58:51:286] [vo.logVo.LogVo.<init>] [INFO] 日志实例已初始化...
[2020-04-12 18:58:51:287] [vo.logVo.LogVo.<init>] [INFO] 日志实例已初始化...
[2020-04-12 18:58:51:292] [vo.logVo.LogVo.<init>] [INFO] 日志实例已初始化...
[2020-04-12 18:58:51:296] [vo.logVo.LogVo.<init>] [INFO] 日志实例已初始化...
[2020-04-12 18:58:51:365] [action.userAction.LoginAction.execute] [INFO] 该用户已登录，请稍后再试！
[2020-04-12 18:59:04:646] [action.userAction.LoginAction.execute] [INFO] 用户名不存在
[2020-04-12 18:59:23:802] [vo.logVo.LogVo.<init>] [INFO] 日志实例已初始化...
[2020-04-12 18:59:23:809] [vo.logVo.LogVo.<init>] [INFO] 日志实例已初始化...
[2020-04-12 18:59:23:837] [vo.logVo.LogVo.<init>] [INFO] 日志实例已初始化...
[2020-04-12 18:59:23:838] [vo.logVo.LogVo.<init>] [INFO] 日志实例已初始化...
[2020-04-12 18:59:23:839] [vo.logVo.LogVo.<init>] [INFO] 日志实例已初始化...
[2020-04-12 18:59:23:839] [vo.logVo.LogVo.<init>] [INFO] 日志实例已初始化...
[2020-04-12 18:59:23:839] [vo.logVo.LogVo.<init>] [INFO] 日志实例已初始化...
[2020-04-12 18:59:23:840] [vo.logVo.LogVo.<init>] [INFO] 日志实例已初始化...
[2020-04-12 18:59:23:840] [vo.logVo.LogVo.<init>] [INFO] 日志实例已初始化...
[2020-04-12 18:59:23:840] [vo.logVo.LogVo.<init>] [INFO] 日志实例已初始化...
[2020-04-12 18:59:23:841] [vo.logVo.LogVo.<init>] [INFO] 日志实例已初始化...
[2020-04-12 18:59:23:841] [vo.logVo.LogVo.<init>] [INFO] 日志实例已初始化...
[2020-04-12 18:59:23:842] [vo.logVo.LogVo.<init>] [INFO] 日志实例已初始化...
[2020-04-12 18:59:23:842] [vo.logVo.LogVo.<init>] [INFO] 日志实例已初始化...
[2020-04-12 18:59:23:843] [vo.logVo.LogVo.<init>] [INFO] 日志实例已初始化...
[2020-04-12 18:59:23:843] [vo.logVo.LogVo.<init>] [INFO] 日志实例已初始化...
[2020-04-12 18:59:23:844] [vo.logVo.LogVo.<init>] [INFO] 日志实例已初始化...
[2020-04-12 18:59:23:844] [vo.logVo.LogVo.<init>] [INFO] 日志实例已初始化...
[2020-04-12 18:59:23:845] [vo.logVo.LogVo.<init>] [INFO] 日志实例已初始化...
[2020-04-12 18:59:23:845] [vo.logVo.LogVo.<init>] [INFO] 日志实例已初始化...
[2020-04-12 18:59:23:846] [vo.logVo.LogVo.<init>] [INFO] 日志实例已初始化...
[2020-04-12 18:59:23:846] [vo.logVo.LogVo.<init>] [INFO] 日志实例已初始化...
[2020-04-12 18:59:23:847] [vo.logVo.LogVo.<init>] [INFO] 日志实例已初始化...
[2020-04-12 18:59:23:847] [vo.logVo.LogVo.<init>] [INFO] 日志实例已初始化...
[2020-04-12 18:59:23:848] [vo.logVo.LogVo.<init>] [INFO] 日志实例已初始化...
[2020-04-12 18:59:23:848] [vo.logVo.LogVo.<init>] [INFO] 日志实例已初始化...
[2020-04-12 18:59:23:848] [vo.logVo.LogVo.<init>] [INFO] 日志实例已初始化...
[2020-04-12 18:59:23:849] [vo.logVo.LogVo.<init>] [INFO] 日志实例已初始化...
[2020-04-12 18:59:23:849] [vo.logVo.LogVo.<init>] [INFO] 日志实例已初始化...
[2020-04-12 18:59:23:850] [vo.logVo.LogVo.<init>] [INFO] 日志实例已初始化...
[2020-04-12 18:59:23:850] [vo.logVo.LogVo.<init>] [INFO] 日志实例已初始化...
[2020-04-12 18:59:23:851] [vo.logVo.LogVo.<init>] [INFO] 日志实例已初始化...
[2020-04-12 18:59:23:852] [vo.logVo.LogVo.<init>] [INFO] 日志实例已初始化...
[2020-04-12 18:59:23:852] [vo.logVo.LogVo.<init>] [INFO] 日志实例已初始化...
[2020-04-12 18:59:23:853] [vo.logVo.LogVo.<init>] [INFO] 日志实例已初始化...
[2020-04-12 18:59:23:854] [vo.logVo.LogVo.<init>] [INFO] 日志实例已初始化...
[2020-04-12 18:59:23:854] [vo.logVo.LogVo.<init>] [INFO] 日志实例已初始化...
[2020-04-12 18:59:23:855] [vo.logVo.LogVo.<init>] [INFO] 日志实例已初始化...
[2020-04-12 18:59:23:855] [vo.logVo.LogVo.<init>] [INFO] 日志实例已初始化...
[2020-04-12 18:59:23:856] [vo.logVo.LogVo.<init>] [INFO] 日志实例已初始化...
[2020-04-12 18:59:23:857] [vo.logVo.LogVo.<init>] [INFO] 日志实例已初始化...
[2020-04-12 18:59:23:858] [vo.logVo.LogVo.<init>] [INFO] 日志实例已初始化...
[2020-04-12 18:59:23:858] [vo.logVo.LogVo.<init>] [INFO] 日志实例已初始化...
[2020-04-12 18:59:23:858] [vo.logVo.LogVo.<init>] [INFO] 日志实例已初始化...
[2020-04-12 18:59:23:859] [vo.logVo.LogVo.<init>] [INFO] 日志实例已初始化...
[2020-04-12 18:59:23:860] [vo.logVo.LogVo.<init>] [INFO] 日志实例已初始化...
[2020-04-12 18:59:23:861] [vo.logVo.LogVo.<init>] [INFO] 日志实例已初始化...
[2020-04-12 18:59:23:862] [vo.logVo.LogVo.<init>] [INFO] 日志实例已初始化...
[2020-04-12 18:59:23:863] [vo.logVo.LogVo.<init>] [INFO] 日志实例已初始化...
[2020-04-12 18:59:23:864] [vo.logVo.LogVo.<init>] [INFO] 日志实例已初始化...
[2020-04-12 18:59:23:865] [vo.logVo.LogVo.<init>] [INFO] 日志实例已初始化...
[2020-04-12 18:59:23:866] [vo.logVo.LogVo.<init>] [INFO] 日志实例已初始化...
[2020-04-12 18:59:23:867] [vo.logVo.LogVo.<init>] [INFO] 日志实例已初始化...
[2020-04-12 18:59:23:867] [vo.logVo.LogVo.<init>] [INFO] 日志实例已初始化...
[2020-04-12 18:59:23:868] [vo.logVo.LogVo.<init>] [INFO] 日志实例已初始化...
[2020-04-12 18:59:23:868] [vo.logVo.LogVo.<init>] [INFO] 日志实例已初始化...
[2020-04-12 18:59:23:869] [vo.logVo.LogVo.<init>] [INFO] 日志实例已初始化...
[2020-04-12 18:59:23:870] [vo.logVo.LogVo.<init>] [INFO] 日志实例已初始化...
[2020-04-12 18:59:23:870] [vo.logVo.LogVo.<init>] [INFO] 日志实例已初始化...
[2020-04-12 18:59:23:871] [vo.logVo.LogVo.<init>] [INFO] 日志实例已初始化...
[2020-04-12 18:59:23:871] [vo.logVo.LogVo.<init>] [INFO] 日志实例已初始化...
[2020-04-12 18:59:23:871] [vo.logVo.LogVo.<init>] [INFO] 日志实例已初始化...
[2020-04-12 18:59:23:872] [vo.logVo.LogVo.<init>] [INFO] 日志实例已初始化...
[2020-04-12 18:59:23:872] [vo.logVo.LogVo.<init>] [INFO] 日志实例已初始化...
[2020-04-12 18:59:23:873] [vo.logVo.LogVo.<init>] [INFO] 日志实例已初始化...
[2020-04-12 18:59:23:873] [vo.logVo.LogVo.<init>] [INFO] 日志实例已初始化...
[2020-04-12 18:59:23:874] [vo.logVo.LogVo.<init>] [INFO] 日志实例已初始化...
[2020-04-12 18:59:23:874] [vo.logVo.LogVo.<init>] [INFO] 日志实例已初始化...
[2020-04-12 18:59:23:874] [vo.logVo.LogVo.<init>] [INFO] 日志实例已初始化...
[2020-04-12 18:59:23:875] [vo.logVo.LogVo.<init>] [INFO] 日志实例已初始化...
[2020-04-12 18:59:23:875] [vo.logVo.LogVo.<init>] [INFO] 日志实例已初始化...
[2020-04-12 18:59:23:875] [vo.logVo.LogVo.<init>] [INFO] 日志实例已初始化...
[2020-04-12 18:59:23:876] [vo.logVo.LogVo.<init>] [INFO] 日志实例已初始化...
[2020-04-12 18:59:23:876] [vo.logVo.LogVo.<init>] [INFO] 日志实例已初始化...
[2020-04-12 18:59:23:877] [vo.logVo.LogVo.<init>] [INFO] 日志实例已初始化...
[2020-04-12 18:59:23:883] [vo.logVo.LogVo.<init>] [INFO] 日志实例已初始化...
[2020-04-12 18:59:23:883] [vo.logVo.LogVo.<init>] [INFO] 日志实例已初始化...
[2020-04-12 18:59:23:884] [vo.logVo.LogVo.<init>] [INFO] 日志实例已初始化...
[2020-04-12 18:59:23:884] [vo.logVo.LogVo.<init>] [INFO] 日志实例已初始化...
[2020-04-12 18:59:23:885] [vo.logVo.LogVo.<init>] [INFO] 日志实例已初始化...
[2020-04-12 18:59:23:885] [vo.logVo.LogVo.<init>] [INFO] 日志实例已初始化...
[2020-04-12 18:59:23:885] [vo.logVo.LogVo.<init>] [INFO] 日志实例已初始化...
[2020-04-12 18:59:23:886] [vo.logVo.LogVo.<init>] [INFO] 日志实例已初始化...
[2020-04-12 18:59:23:886] [vo.logVo.LogVo.<init>] [INFO] 日志实例已初始化...
[2020-04-12 18:59:23:887] [vo.logVo.LogVo.<init>] [INFO] 日志实例已初始化...
[2020-04-12 18:59:23:891] [vo.logVo.LogVo.<init>] [INFO] 日志实例已初始化...
[2020-04-12 18:59:23:892] [vo.logVo.LogVo.<init>] [INFO] 日志实例已初始化...
[2020-04-12 18:59:23:892] [vo.logVo.LogVo.<init>] [INFO] 日志实例已初始化...
[2020-04-12 18:59:23:893] [vo.logVo.LogVo.<init>] [INFO] 日志实例已初始化...
[2020-04-12 18:59:23:893] [vo.logVo.LogVo.<init>] [INFO] 日志实例已初始化...
[2020-04-12 18:59:23:894] [vo.logVo.LogVo.<init>] [INFO] 日志实例已初始化...
[2020-04-12 18:59:23:894] [vo.logVo.LogVo.<init>] [INFO] 日志实例已初始化...
[2020-04-12 18:59:23:895] [vo.logVo.LogVo.<init>] [INFO] 日志实例已初始化...
[2020-04-12 18:59:23:897] [vo.logVo.LogVo.<init>] [INFO] 日志实例已初始化...
[2020-04-12 18:59:23:898] [vo.logVo.LogVo.<init>] [INFO] 日志实例已初始化...
[2020-04-12 18:59:23:898] [vo.logVo.LogVo.<init>] [INFO] 日志实例已初始化...
[2020-04-12 18:59:23:898] [vo.logVo.LogVo.<init>] [INFO] 日志实例已初始化...
[2020-04-12 18:59:23:899] [vo.logVo.LogVo.<init>] [INFO] 日志实例已初始化...
[2020-04-12 18:59:23:899] [vo.logVo.LogVo.<init>] [INFO] 日志实例已初始化...
[2020-04-12 18:59:23:901] [vo.logVo.LogVo.<init>] [INFO] 日志实例已初始化...
[2020-04-12 18:59:23:901] [vo.logVo.LogVo.<init>] [INFO] 日志实例已初始化...
[2020-04-12 18:59:23:902] [vo.logVo.LogVo.<init>] [INFO] 日志实例已初始化...
[2020-04-12 18:59:23:903] [vo.logVo.LogVo.<init>] [INFO] 日志实例已初始化...
[2020-04-12 18:59:23:904] [vo.logVo.LogVo.<init>] [INFO] 日志实例已初始化...
[2020-04-12 18:59:23:904] [vo.logVo.LogVo.<init>] [INFO] 日志实例已初始化...
[2020-04-12 18:59:23:905] [vo.logVo.LogVo.<init>] [INFO] 日志实例已初始化...
[2020-04-12 18:59:23:905] [vo.logVo.LogVo.<init>] [INFO] 日志实例已初始化...
[2020-04-12 18:59:23:906] [vo.logVo.LogVo.<init>] [INFO] 日志实例已初始化...
[2020-04-12 18:59:23:906] [vo.logVo.LogVo.<init>] [INFO] 日志实例已初始化...
[2020-04-12 18:59:23:907] [vo.logVo.LogVo.<init>] [INFO] 日志实例已初始化...
[2020-04-12 18:59:23:907] [vo.logVo.LogVo.<init>] [INFO] 日志实例已初始化...
[2020-04-12 18:59:23:907] [vo.logVo.LogVo.<init>] [INFO] 日志实例已初始化...
[2020-04-12 18:59:23:908] [vo.logVo.LogVo.<init>] [INFO] 日志实例已初始化...
[2020-04-12 18:59:23:909] [vo.logVo.LogVo.<init>] [INFO] 日志实例已初始化...
[2020-04-12 18:59:23:909] [vo.logVo.LogVo.<init>] [INFO] 日志实例已初始化...
[2020-04-12 18:59:23:910] [vo.logVo.LogVo.<init>] [INFO] 日志实例已初始化...
[2020-04-12 18:59:23:910] [vo.logVo.LogVo.<init>] [INFO] 日志实例已初始化...
[2020-04-12 18:59:23:911] [vo.logVo.LogVo.<init>] [INFO] 日志实例已初始化...
[2020-04-12 18:59:23:911] [vo.logVo.LogVo.<init>] [INFO] 日志实例已初始化...
[2020-04-12 18:59:23:912] [vo.logVo.LogVo.<init>] [INFO] 日志实例已初始化...
[2020-04-12 18:59:23:912] [vo.logVo.LogVo.<init>] [INFO] 日志实例已初始化...
[2020-04-12 18:59:23:913] [vo.logVo.LogVo.<init>] [INFO] 日志实例已初始化...
[2020-04-12 18:59:23:913] [vo.logVo.LogVo.<init>] [INFO] 日志实例已初始化...
[2020-04-12 18:59:23:914] [vo.logVo.LogVo.<init>] [INFO] 日志实例已初始化...
[2020-04-12 18:59:23:914] [vo.logVo.LogVo.<init>] [INFO] 日志实例已初始化...
[2020-04-12 18:59:23:915] [vo.logVo.LogVo.<init>] [INFO] 日志实例已初始化...
[2020-04-12 18:59:23:915] [vo.logVo.LogVo.<init>] [INFO] 日志实例已初始化...
[2020-04-12 18:59:23:915] [vo.logVo.LogVo.<init>] [INFO] 日志实例已初始化...
[2020-04-12 18:59:23:916] [vo.logVo.LogVo.<init>] [INFO] 日志实例已初始化...
[2020-04-12 18:59:23:916] [vo.logVo.LogVo.<init>] [INFO] 日志实例已初始化...
[2020-04-12 18:59:23:917] [vo.logVo.LogVo.<init>] [INFO] 日志实例已初始化...
[2020-04-12 18:59:23:917] [vo.logVo.LogVo.<init>] [INFO] 日志实例已初始化...
[2020-04-12 18:59:23:918] [vo.logVo.LogVo.<init>] [INFO] 日志实例已初始化...
[2020-04-12 18:59:23:918] [vo.logVo.LogVo.<init>] [INFO] 日志实例已初始化...
[2020-04-12 18:59:23:919] [vo.logVo.LogVo.<init>] [INFO] 日志实例已初始化...
[2020-04-12 18:59:23:919] [vo.logVo.LogVo.<init>] [INFO] 日志实例已初始化...
[2020-04-12 18:59:23:920] [vo.logVo.LogVo.<init>] [INFO] 日志实例已初始化...
[2020-04-12 18:59:23:920] [vo.logVo.LogVo.<init>] [INFO] 日志实例已初始化...
[2020-04-12 18:59:23:920] [vo.logVo.LogVo.<init>] [INFO] 日志实例已初始化...
[2020-04-12 18:59:23:921] [vo.logVo.LogVo.<init>] [INFO] 日志实例已初始化...
[2020-04-12 18:59:23:921] [vo.logVo.LogVo.<init>] [INFO] 日志实例已初始化...
[2020-04-12 18:59:23:922] [vo.logVo.LogVo.<init>] [INFO] 日志实例已初始化...
[2020-04-12 18:59:23:922] [vo.logVo.LogVo.<init>] [INFO] 日志实例已初始化...
[2020-04-12 18:59:23:923] [vo.logVo.LogVo.<init>] [INFO] 日志实例已初始化...
[2020-04-12 18:59:23:923] [vo.logVo.LogVo.<init>] [INFO] 日志实例已初始化...
[2020-04-12 18:59:23:924] [vo.logVo.LogVo.<init>] [INFO] 日志实例已初始化...
[2020-04-12 18:59:23:924] [vo.logVo.LogVo.<init>] [INFO] 日志实例已初始化...
[2020-04-12 18:59:23:925] [vo.logVo.LogVo.<init>] [INFO] 日志实例已初始化...
[2020-04-12 18:59:23:925] [vo.logVo.LogVo.<init>] [INFO] 日志实例已初始化...
[2020-04-12 18:59:23:925] [vo.logVo.LogVo.<init>] [INFO] 日志实例已初始化...
[2020-04-12 18:59:23:926] [vo.logVo.LogVo.<init>] [INFO] 日志实例已初始化...
[2020-04-12 18:59:23:926] [vo.logVo.LogVo.<init>] [INFO] 日志实例已初始化...
[2020-04-12 18:59:23:926] [vo.logVo.LogVo.<init>] [INFO] 日志实例已初始化...
[2020-04-12 18:59:23:927] [vo.logVo.LogVo.<init>] [INFO] 日志实例已初始化...
[2020-04-12 18:59:23:927] [vo.logVo.LogVo.<init>] [INFO] 日志实例已初始化...
[2020-04-12 18:59:23:927] [vo.logVo.LogVo.<init>] [INFO] 日志实例已初始化...
[2020-04-12 18:59:23:927] [vo.logVo.LogVo.<init>] [INFO] 日志实例已初始化...
[2020-04-12 18:59:23:928] [vo.logVo.LogVo.<init>] [INFO] 日志实例已初始化...
[2020-04-12 18:59:23:928] [vo.logVo.LogVo.<init>] [INFO] 日志实例已初始化...
[2020-04-12 18:59:23:929] [vo.logVo.LogVo.<init>] [INFO] 日志实例已初始化...
[2020-04-12 18:59:23:929] [vo.logVo.LogVo.<init>] [INFO] 日志实例已初始化...
[2020-04-12 18:59:23:930] [vo.logVo.LogVo.<init>] [INFO] 日志实例已初始化...
[2020-04-12 18:59:23:932] [vo.logVo.LogVo.<init>] [INFO] 日志实例已初始化...
[2020-04-12 18:59:23:933] [vo.logVo.LogVo.<init>] [INFO] 日志实例已初始化...
[2020-04-12 18:59:23:933] [vo.logVo.LogVo.<init>] [INFO] 日志实例已初始化...
[2020-04-12 18:59:23:934] [vo.logVo.LogVo.<init>] [INFO] 日志实例已初始化...
[2020-04-12 18:59:23:934] [vo.logVo.LogVo.<init>] [INFO] 日志实例已初始化...
[2020-04-12 18:59:23:935] [vo.logVo.LogVo.<init>] [INFO] 日志实例已初始化...
[2020-04-12 18:59:23:935] [vo.logVo.LogVo.<init>] [INFO] 日志实例已初始化...
[2020-04-12 18:59:23:935] [vo.logVo.LogVo.<init>] [INFO] 日志实例已初始化...
[2020-04-12 18:59:23:936] [vo.logVo.LogVo.<init>] [INFO] 日志实例已初始化...
[2020-04-12 18:59:23:936] [vo.logVo.LogVo.<init>] [INFO] 日志实例已初始化...
[2020-04-12 18:59:23:936] [vo.logVo.LogVo.<init>] [INFO] 日志实例已初始化...
[2020-04-12 18:59:23:937] [vo.logVo.LogVo.<init>] [INFO] 日志实例已初始化...
[2020-04-12 18:59:23:937] [vo.logVo.LogVo.<init>] [INFO] 日志实例已初始化...
[2020-04-12 18:59:23:937] [vo.logVo.LogVo.<init>] [INFO] 日志实例已初始化...
[2020-04-12 18:59:23:938] [vo.logVo.LogVo.<init>] [INFO] 日志实例已初始化...
[2020-04-12 18:59:23:938] [vo.logVo.LogVo.<init>] [INFO] 日志实例已初始化...
[2020-04-12 18:59:23:939] [vo.logVo.LogVo.<init>] [INFO] 日志实例已初始化...
[2020-04-12 18:59:23:939] [vo.logVo.LogVo.<init>] [INFO] 日志实例已初始化...
[2020-04-12 18:59:23:940] [vo.logVo.LogVo.<init>] [INFO] 日志实例已初始化...
[2020-04-12 18:59:23:940] [vo.logVo.LogVo.<init>] [INFO] 日志实例已初始化...
[2020-04-12 18:59:23:940] [vo.logVo.LogVo.<init>] [INFO] 日志实例已初始化...
[2020-04-12 18:59:23:941] [vo.logVo.LogVo.<init>] [INFO] 日志实例已初始化...
[2020-04-12 18:59:23:941] [vo.logVo.LogVo.<init>] [INFO] 日志实例已初始化...
[2020-04-12 18:59:23:942] [vo.logVo.LogVo.<init>] [INFO] 日志实例已初始化...
[2020-04-12 18:59:23:942] [vo.logVo.LogVo.<init>] [INFO] 日志实例已初始化...
[2020-04-12 18:59:23:943] [vo.logVo.LogVo.<init>] [INFO] 日志实例已初始化...
[2020-04-12 18:59:23:943] [vo.logVo.LogVo.<init>] [INFO] 日志实例已初始化...
[2020-04-12 18:59:23:943] [vo.logVo.LogVo.<init>] [INFO] 日志实例已初始化...
[2020-04-12 18:59:23:944] [vo.logVo.LogVo.<init>] [INFO] 日志实例已初始化...
[2020-04-12 18:59:23:944] [vo.logVo.LogVo.<init>] [INFO] 日志实例已初始化...
[2020-04-12 18:59:23:945] [vo.logVo.LogVo.<init>] [INFO] 日志实例已初始化...
[2020-04-12 18:59:23:945] [vo.logVo.LogVo.<init>] [INFO] 日志实例已初始化...
[2020-04-12 18:59:23:945] [vo.logVo.LogVo.<init>] [INFO] 日志实例已初始化...
[2020-04-12 18:59:23:946] [vo.logVo.LogVo.<init>] [INFO] 日志实例已初始化...
[2020-04-12 18:59:23:946] [vo.logVo.LogVo.<init>] [INFO] 日志实例已初始化...
[2020-04-12 18:59:23:947] [vo.logVo.LogVo.<init>] [INFO] 日志实例已初始化...
[2020-04-12 18:59:23:947] [vo.logVo.LogVo.<init>] [INFO] 日志实例已初始化...
[2020-04-12 18:59:23:948] [vo.logVo.LogVo.<init>] [INFO] 日志实例已初始化...
[2020-04-12 18:59:23:948] [vo.logVo.LogVo.<init>] [INFO] 日志实例已初始化...
[2020-04-12 18:59:23:949] [vo.logVo.LogVo.<init>] [INFO] 日志实例已初始化...
[2020-04-12 18:59:23:949] [vo.logVo.LogVo.<init>] [INFO] 日志实例已初始化...
[2020-04-12 18:59:23:949] [vo.logVo.LogVo.<init>] [INFO] 日志实例已初始化...
[2020-04-12 18:59:23:950] [vo.logVo.LogVo.<init>] [INFO] 日志实例已初始化...
[2020-04-12 18:59:23:950] [vo.logVo.LogVo.<init>] [INFO] 日志实例已初始化...
[2020-04-12 18:59:23:951] [vo.logVo.LogVo.<init>] [INFO] 日志实例已初始化...
[2020-04-12 18:59:23:951] [vo.logVo.LogVo.<init>] [INFO] 日志实例已初始化...
[2020-04-12 18:59:23:951] [vo.logVo.LogVo.<init>] [INFO] 日志实例已初始化...
[2020-04-12 18:59:23:952] [vo.logVo.LogVo.<init>] [INFO] 日志实例已初始化...
[2020-04-12 18:59:23:953] [vo.logVo.LogVo.<init>] [INFO] 日志实例已初始化...
[2020-04-12 18:59:23:953] [vo.logVo.LogVo.<init>] [INFO] 日志实例已初始化...
[2020-04-12 18:59:23:953] [vo.logVo.LogVo.<init>] [INFO] 日志实例已初始化...
[2020-04-12 18:59:23:954] [vo.logVo.LogVo.<init>] [INFO] 日志实例已初始化...
[2020-04-12 18:59:23:954] [vo.logVo.LogVo.<init>] [INFO] 日志实例已初始化...
[2020-04-12 18:59:23:955] [vo.logVo.LogVo.<init>] [INFO] 日志实例已初始化...
[2020-04-12 18:59:23:955] [vo.logVo.LogVo.<init>] [INFO] 日志实例已初始化...
[2020-04-12 18:59:23:955] [vo.logVo.LogVo.<init>] [INFO] 日志实例已初始化...
[2020-04-12 18:59:23:956] [vo.logVo.LogVo.<init>] [INFO] 日志实例已初始化...
[2020-04-12 18:59:23:956] [vo.logVo.LogVo.<init>] [INFO] 日志实例已初始化...
[2020-04-12 18:59:23:957] [vo.logVo.LogVo.<init>] [INFO] 日志实例已初始化...
[2020-04-12 18:59:23:957] [vo.logVo.LogVo.<init>] [INFO] 日志实例已初始化...
[2020-04-12 18:59:23:957] [vo.logVo.LogVo.<init>] [INFO] 日志实例已初始化...
[2020-04-12 18:59:23:958] [vo.logVo.LogVo.<init>] [INFO] 日志实例已初始化...
[2020-04-12 18:59:23:958] [vo.logVo.LogVo.<init>] [INFO] 日志实例已初始化...
[2020-04-12 18:59:23:959] [vo.logVo.LogVo.<init>] [INFO] 日志实例已初始化...
[2020-04-12 18:59:23:959] [vo.logVo.LogVo.<init>] [INFO] 日志实例已初始化...
[2020-04-12 18:59:23:960] [vo.logVo.LogVo.<init>] [INFO] 日志实例已初始化...
[2020-04-12 18:59:23:960] [vo.logVo.LogVo.<init>] [INFO] 日志实例已初始化...
[2020-04-12 18:59:23:960] [vo.logVo.LogVo.<init>] [INFO] 日志实例已初始化...
[2020-04-12 18:59:23:961] [vo.logVo.LogVo.<init>] [INFO] 日志实例已初始化...
[2020-04-12 18:59:23:961] [vo.logVo.LogVo.<init>] [INFO] 日志实例已初始化...
[2020-04-12 18:59:23:961] [vo.logVo.LogVo.<init>] [INFO] 日志实例已初始化...
[2020-04-12 18:59:23:962] [vo.logVo.LogVo.<init>] [INFO] 日志实例已初始化...
[2020-04-12 18:59:23:962] [vo.logVo.LogVo.<init>] [INFO] 日志实例已初始化...
[2020-04-12 18:59:23:962] [vo.logVo.LogVo.<init>] [INFO] 日志实例已初始化...
[2020-04-12 18:59:23:962] [vo.logVo.LogVo.<init>] [INFO] 日志实例已初始化...
[2020-04-12 18:59:23:963] [vo.logVo.LogVo.<init>] [INFO] 日志实例已初始化...
[2020-04-12 18:59:23:963] [vo.logVo.LogVo.<init>] [INFO] 日志实例已初始化...
[2020-04-12 18:59:23:964] [vo.logVo.LogVo.<init>] [INFO] 日志实例已初始化...
[2020-04-12 18:59:23:964] [vo.logVo.LogVo.<init>] [INFO] 日志实例已初始化...
[2020-04-12 18:59:23:964] [vo.logVo.LogVo.<init>] [INFO] 日志实例已初始化...
[2020-04-12 18:59:23:965] [vo.logVo.LogVo.<init>] [INFO] 日志实例已初始化...
[2020-04-12 18:59:23:965] [vo.logVo.LogVo.<init>] [INFO] 日志实例已初始化...
[2020-04-12 18:59:23:966] [vo.logVo.LogVo.<init>] [INFO] 日志实例已初始化...
[2020-04-12 18:59:23:966] [vo.logVo.LogVo.<init>] [INFO] 日志实例已初始化...
[2020-04-12 18:59:23:967] [vo.logVo.LogVo.<init>] [INFO] 日志实例已初始化...
[2020-04-12 18:59:23:967] [vo.logVo.LogVo.<init>] [INFO] 日志实例已初始化...
[2020-04-12 18:59:23:968] [vo.logVo.LogVo.<init>] [INFO] 日志实例已初始化...
[2020-04-12 18:59:23:968] [vo.logVo.LogVo.<init>] [INFO] 日志实例已初始化...
[2020-04-12 18:59:23:968] [vo.logVo.LogVo.<init>] [INFO] 日志实例已初始化...
[2020-04-12 18:59:23:969] [vo.logVo.LogVo.<init>] [INFO] 日志实例已初始化...
[2020-04-12 18:59:23:969] [vo.logVo.LogVo.<init>] [INFO] 日志实例已初始化...
[2020-04-12 18:59:23:970] [vo.logVo.LogVo.<init>] [INFO] 日志实例已初始化...
[2020-04-12 18:59:23:970] [vo.logVo.LogVo.<init>] [INFO] 日志实例已初始化...
[2020-04-12 18:59:23:970] [vo.logVo.LogVo.<init>] [INFO] 日志实例已初始化...
[2020-04-12 18:59:23:971] [vo.logVo.LogVo.<init>] [INFO] 日志实例已初始化...
[2020-04-12 18:59:23:971] [vo.logVo.LogVo.<init>] [INFO] 日志实例已初始化...
[2020-04-12 18:59:23:971] [vo.logVo.LogVo.<init>] [INFO] 日志实例已初始化...
[2020-04-12 18:59:23:971] [vo.logVo.LogVo.<init>] [INFO] 日志实例已初始化...
[2020-04-12 18:59:23:972] [vo.logVo.LogVo.<init>] [INFO] 日志实例已初始化...
[2020-04-12 18:59:23:972] [vo.logVo.LogVo.<init>] [INFO] 日志实例已初始化...
[2020-04-12 18:59:23:972] [vo.logVo.LogVo.<init>] [INFO] 日志实例已初始化...
[2020-04-12 18:59:23:972] [vo.logVo.LogVo.<init>] [INFO] 日志实例已初始化...
[2020-04-12 18:59:23:973] [vo.logVo.LogVo.<init>] [INFO] 日志实例已初始化...
[2020-04-12 18:59:23:973] [vo.logVo.LogVo.<init>] [INFO] 日志实例已初始化...
[2020-04-12 18:59:23:973] [vo.logVo.LogVo.<init>] [INFO] 日志实例已初始化...
[2020-04-12 18:59:23:973] [vo.logVo.LogVo.<init>] [INFO] 日志实例已初始化...
[2020-04-12 18:59:23:974] [vo.logVo.LogVo.<init>] [INFO] 日志实例已初始化...
[2020-04-12 18:59:23:974] [vo.logVo.LogVo.<init>] [INFO] 日志实例已初始化...
[2020-04-12 18:59:23:975] [vo.logVo.LogVo.<init>] [INFO] 日志实例已初始化...
[2020-04-12 18:59:23:975] [vo.logVo.LogVo.<init>] [INFO] 日志实例已初始化...
[2020-04-12 18:59:23:975] [vo.logVo.LogVo.<init>] [INFO] 日志实例已初始化...
[2020-04-12 18:59:23:976] [vo.logVo.LogVo.<init>] [INFO] 日志实例已初始化...
[2020-04-12 18:59:23:976] [vo.logVo.LogVo.<init>] [INFO] 日志实例已初始化...
[2020-04-12 18:59:23:976] [vo.logVo.LogVo.<init>] [INFO] 日志实例已初始化...
[2020-04-12 18:59:23:977] [vo.logVo.LogVo.<init>] [INFO] 日志实例已初始化...
[2020-04-12 18:59:23:977] [vo.logVo.LogVo.<init>] [INFO] 日志实例已初始化...
[2020-04-12 18:59:23:977] [vo.logVo.LogVo.<init>] [INFO] 日志实例已初始化...
[2020-04-12 18:59:23:978] [vo.logVo.LogVo.<init>] [INFO] 日志实例已初始化...
[2020-04-12 18:59:23:978] [vo.logVo.LogVo.<init>] [INFO] 日志实例已初始化...
[2020-04-12 18:59:23:979] [vo.logVo.LogVo.<init>] [INFO] 日志实例已初始化...
[2020-04-12 18:59:23:979] [vo.logVo.LogVo.<init>] [INFO] 日志实例已初始化...
[2020-04-12 18:59:23:980] [vo.logVo.LogVo.<init>] [INFO] 日志实例已初始化...
[2020-04-12 18:59:23:980] [vo.logVo.LogVo.<init>] [INFO] 日志实例已初始化...
[2020-04-12 18:59:23:981] [vo.logVo.LogVo.<init>] [INFO] 日志实例已初始化...
[2020-04-12 18:59:23:981] [vo.logVo.LogVo.<init>] [INFO] 日志实例已初始化...
[2020-04-12 18:59:23:981] [vo.logVo.LogVo.<init>] [INFO] 日志实例已初始化...
[2020-04-12 18:59:23:982] [vo.logVo.LogVo.<init>] [INFO] 日志实例已初始化...
[2020-04-12 18:59:23:982] [vo.logVo.LogVo.<init>] [INFO] 日志实例已初始化...
[2020-04-12 18:59:23:983] [vo.logVo.LogVo.<init>] [INFO] 日志实例已初始化...
[2020-04-12 18:59:23:983] [vo.logVo.LogVo.<init>] [INFO] 日志实例已初始化...
[2020-04-12 18:59:23:984] [vo.logVo.LogVo.<init>] [INFO] 日志实例已初始化...
[2020-04-12 18:59:23:984] [vo.logVo.LogVo.<init>] [INFO] 日志实例已初始化...
[2020-04-12 18:59:23:985] [vo.logVo.LogVo.<init>] [INFO] 日志实例已初始化...
[2020-04-12 18:59:23:985] [vo.logVo.LogVo.<init>] [INFO] 日志实例已初始化...
[2020-04-12 18:59:23:985] [vo.logVo.LogVo.<init>] [INFO] 日志实例已初始化...
[2020-04-12 18:59:23:985] [vo.logVo.LogVo.<init>] [INFO] 日志实例已初始化...
[2020-04-12 18:59:23:986] [vo.logVo.LogVo.<init>] [INFO] 日志实例已初始化...
[2020-04-12 18:59:23:987] [vo.logVo.LogVo.<init>] [INFO] 日志实例已初始化...
[2020-04-12 18:59:23:987] [vo.logVo.LogVo.<init>] [INFO] 日志实例已初始化...
[2020-04-12 18:59:23:988] [vo.logVo.LogVo.<init>] [INFO] 日志实例已初始化...
[2020-04-12 18:59:23:988] [vo.logVo.LogVo.<init>] [INFO] 日志实例已初始化...
[2020-04-12 18:59:23:989] [vo.logVo.LogVo.<init>] [INFO] 日志实例已初始化...
[2020-04-12 18:59:23:989] [vo.logVo.LogVo.<init>] [INFO] 日志实例已初始化...
[2020-04-12 18:59:23:990] [vo.logVo.LogVo.<init>] [INFO] 日志实例已初始化...
[2020-04-12 18:59:23:990] [vo.logVo.LogVo.<init>] [INFO] 日志实例已初始化...
[2020-04-12 18:59:23:991] [vo.logVo.LogVo.<init>] [INFO] 日志实例已初始化...
[2020-04-12 18:59:23:991] [vo.logVo.LogVo.<init>] [INFO] 日志实例已初始化...
[2020-04-12 18:59:23:992] [vo.logVo.LogVo.<init>] [INFO] 日志实例已初始化...
[2020-04-12 18:59:23:992] [vo.logVo.LogVo.<init>] [INFO] 日志实例已初始化...
[2020-04-12 18:59:23:993] [vo.logVo.LogVo.<init>] [INFO] 日志实例已初始化...
[2020-04-12 18:59:23:993] [vo.logVo.LogVo.<init>] [INFO] 日志实例已初始化...
[2020-04-12 18:59:23:993] [vo.logVo.LogVo.<init>] [INFO] 日志实例已初始化...
[2020-04-12 18:59:23:994] [vo.logVo.LogVo.<init>] [INFO] 日志实例已初始化...
[2020-04-12 18:59:23:996] [vo.logVo.LogVo.<init>] [INFO] 日志实例已初始化...
[2020-04-12 18:59:23:997] [vo.logVo.LogVo.<init>] [INFO] 日志实例已初始化...
[2020-04-12 18:59:23:998] [vo.logVo.LogVo.<init>] [INFO] 日志实例已初始化...
[2020-04-12 18:59:23:998] [vo.logVo.LogVo.<init>] [INFO] 日志实例已初始化...
[2020-04-12 18:59:23:999] [vo.logVo.LogVo.<init>] [INFO] 日志实例已初始化...
[2020-04-12 18:59:23:999] [vo.logVo.LogVo.<init>] [INFO] 日志实例已初始化...
[2020-04-12 18:59:24:000] [vo.logVo.LogVo.<init>] [INFO] 日志实例已初始化...
[2020-04-12 18:59:24:000] [vo.logVo.LogVo.<init>] [INFO] 日志实例已初始化...
[2020-04-12 18:59:24:001] [vo.logVo.LogVo.<init>] [INFO] 日志实例已初始化...
[2020-04-12 18:59:24:001] [vo.logVo.LogVo.<init>] [INFO] 日志实例已初始化...
[2020-04-12 18:59:24:001] [vo.logVo.LogVo.<init>] [INFO] 日志实例已初始化...
[2020-04-12 18:59:24:002] [vo.logVo.LogVo.<init>] [INFO] 日志实例已初始化...
[2020-04-12 18:59:24:002] [vo.logVo.LogVo.<init>] [INFO] 日志实例已初始化...
[2020-04-12 18:59:24:003] [vo.logVo.LogVo.<init>] [INFO] 日志实例已初始化...
[2020-04-12 18:59:24:003] [vo.logVo.LogVo.<init>] [INFO] 日志实例已初始化...
[2020-04-12 18:59:24:003] [vo.logVo.LogVo.<init>] [INFO] 日志实例已初始化...
[2020-04-12 18:59:24:004] [vo.logVo.LogVo.<init>] [INFO] 日志实例已初始化...
[2020-04-12 18:59:24:004] [vo.logVo.LogVo.<init>] [INFO] 日志实例已初始化...
[2020-04-12 18:59:24:005] [vo.logVo.LogVo.<init>] [INFO] 日志实例已初始化...
[2020-04-12 18:59:24:005] [vo.logVo.LogVo.<init>] [INFO] 日志实例已初始化...
[2020-04-12 18:59:24:005] [vo.logVo.LogVo.<init>] [INFO] 日志实例已初始化...
[2020-04-12 18:59:24:005] [vo.logVo.LogVo.<init>] [INFO] 日志实例已初始化...
[2020-04-12 18:59:24:006] [vo.logVo.LogVo.<init>] [INFO] 日志实例已初始化...
[2020-04-12 18:59:24:006] [vo.logVo.LogVo.<init>] [INFO] 日志实例已初始化...
[2020-04-12 18:59:24:006] [vo.logVo.LogVo.<init>] [INFO] 日志实例已初始化...
[2020-04-12 18:59:24:006] [vo.logVo.LogVo.<init>] [INFO] 日志实例已初始化...
[2020-04-12 18:59:24:007] [vo.logVo.LogVo.<init>] [INFO] 日志实例已初始化...
[2020-04-12 18:59:24:007] [vo.logVo.LogVo.<init>] [INFO] 日志实例已初始化...
[2020-04-12 18:59:24:007] [vo.logVo.LogVo.<init>] [INFO] 日志实例已初始化...
[2020-04-12 18:59:24:007] [vo.logVo.LogVo.<init>] [INFO] 日志实例已初始化...
[2020-04-12 18:59:24:008] [vo.logVo.LogVo.<init>] [INFO] 日志实例已初始化...
[2020-04-12 18:59:24:008] [vo.logVo.LogVo.<init>] [INFO] 日志实例已初始化...
[2020-04-12 18:59:24:008] [vo.logVo.LogVo.<init>] [INFO] 日志实例已初始化...
[2020-04-12 18:59:24:009] [vo.logVo.LogVo.<init>] [INFO] 日志实例已初始化...
[2020-04-12 18:59:24:009] [vo.logVo.LogVo.<init>] [INFO] 日志实例已初始化...
[2020-04-12 18:59:24:010] [vo.logVo.LogVo.<init>] [INFO] 日志实例已初始化...
[2020-04-12 18:59:24:010] [vo.logVo.LogVo.<init>] [INFO] 日志实例已初始化...
[2020-04-12 18:59:24:011] [vo.logVo.LogVo.<init>] [INFO] 日志实例已初始化...
[2020-04-12 18:59:24:011] [vo.logVo.LogVo.<init>] [INFO] 日志实例已初始化...
[2020-04-12 18:59:24:012] [vo.logVo.LogVo.<init>] [INFO] 日志实例已初始化...
[2020-04-12 18:59:24:012] [vo.logVo.LogVo.<init>] [INFO] 日志实例已初始化...
[2020-04-12 18:59:24:013] [vo.logVo.LogVo.<init>] [INFO] 日志实例已初始化...
[2020-04-12 18:59:24:013] [vo.logVo.LogVo.<init>] [INFO] 日志实例已初始化...
[2020-04-12 18:59:24:013] [vo.logVo.LogVo.<init>] [INFO] 日志实例已初始化...
[2020-04-12 18:59:24:014] [vo.logVo.LogVo.<init>] [INFO] 日志实例已初始化...
[2020-04-12 18:59:24:014] [vo.logVo.LogVo.<init>] [INFO] 日志实例已初始化...
[2020-04-12 18:59:24:015] [vo.logVo.LogVo.<init>] [INFO] 日志实例已初始化...
[2020-04-12 18:59:24:015] [vo.logVo.LogVo.<init>] [INFO] 日志实例已初始化...
[2020-04-12 18:59:24:015] [vo.logVo.LogVo.<init>] [INFO] 日志实例已初始化...
[2020-04-12 18:59:24:016] [vo.logVo.LogVo.<init>] [INFO] 日志实例已初始化...
[2020-04-12 18:59:24:016] [vo.logVo.LogVo.<init>] [INFO] 日志实例已初始化...
[2020-04-12 18:59:24:016] [vo.logVo.LogVo.<init>] [INFO] 日志实例已初始化...
[2020-04-12 18:59:24:016] [vo.logVo.LogVo.<init>] [INFO] 日志实例已初始化...
[2020-04-12 18:59:24:017] [vo.logVo.LogVo.<init>] [INFO] 日志实例已初始化...
[2020-04-12 18:59:24:017] [vo.logVo.LogVo.<init>] [INFO] 日志实例已初始化...
[2020-04-12 18:59:24:017] [vo.logVo.LogVo.<init>] [INFO] 日志实例已初始化...
[2020-04-12 18:59:24:018] [vo.logVo.LogVo.<init>] [INFO] 日志实例已初始化...
[2020-04-12 18:59:24:018] [vo.logVo.LogVo.<init>] [INFO] 日志实例已初始化...
[2020-04-12 18:59:24:019] [vo.logVo.LogVo.<init>] [INFO] 日志实例已初始化...
[2020-04-12 18:59:24:019] [vo.logVo.LogVo.<init>] [INFO] 日志实例已初始化...
[2020-04-12 18:59:24:020] [vo.logVo.LogVo.<init>] [INFO] 日志实例已初始化...
[2020-04-12 18:59:24:020] [vo.logVo.LogVo.<init>] [INFO] 日志实例已初始化...
[2020-04-12 18:59:24:021] [vo.logVo.LogVo.<init>] [INFO] 日志实例已初始化...
[2020-04-12 18:59:24:021] [vo.logVo.LogVo.<init>] [INFO] 日志实例已初始化...
[2020-04-12 18:59:24:021] [vo.logVo.LogVo.<init>] [INFO] 日志实例已初始化...
[2020-04-12 18:59:24:022] [vo.logVo.LogVo.<init>] [INFO] 日志实例已初始化...
[2020-04-12 18:59:24:022] [vo.logVo.LogVo.<init>] [INFO] 日志实例已初始化...
[2020-04-12 18:59:24:022] [vo.logVo.LogVo.<init>] [INFO] 日志实例已初始化...
[2020-04-12 18:59:24:023] [vo.logVo.LogVo.<init>] [INFO] 日志实例已初始化...
[2020-04-12 18:59:24:023] [vo.logVo.LogVo.<init>] [INFO] 日志实例已初始化...
[2020-04-12 18:59:24:024] [vo.logVo.LogVo.<init>] [INFO] 日志实例已初始化...
[2020-04-12 18:59:24:024] [vo.logVo.LogVo.<init>] [INFO] 日志实例已初始化...
[2020-04-12 18:59:24:024] [vo.logVo.LogVo.<init>] [INFO] 日志实例已初始化...
[2020-04-12 18:59:24:025] [vo.logVo.LogVo.<init>] [INFO] 日志实例已初始化...
[2020-04-12 18:59:24:025] [vo.logVo.LogVo.<init>] [INFO] 日志实例已初始化...
[2020-04-12 18:59:24:026] [vo.logVo.LogVo.<init>] [INFO] 日志实例已初始化...
[2020-04-12 18:59:24:027] [vo.logVo.LogVo.<init>] [INFO] 日志实例已初始化...
[2020-04-12 18:59:24:027] [vo.logVo.LogVo.<init>] [INFO] 日志实例已初始化...
[2020-04-12 18:59:24:035] [action.userAction.LoginAction.execute] [INFO] WangWu用户密码错误
[2020-04-12 18:59:32:036] [vo.logVo.LogVo.<init>] [INFO] 日志实例已初始化...
[2020-04-12 18:59:32:036] [vo.logVo.LogVo.<init>] [INFO] 日志实例已初始化...
[2020-04-12 18:59:32:037] [vo.logVo.LogVo.<init>] [INFO] 日志实例已初始化...
[2020-04-12 18:59:32:037] [vo.logVo.LogVo.<init>] [INFO] 日志实例已初始化...
[2020-04-12 18:59:32:038] [vo.logVo.LogVo.<init>] [INFO] 日志实例已初始化...
[2020-04-12 18:59:32:039] [vo.logVo.LogVo.<init>] [INFO] 日志实例已初始化...
[2020-04-12 18:59:32:040] [vo.logVo.LogVo.<init>] [INFO] 日志实例已初始化...
[2020-04-12 18:59:32:040] [vo.logVo.LogVo.<init>] [INFO] 日志实例已初始化...
[2020-04-12 18:59:32:041] [vo.logVo.LogVo.<init>] [INFO] 日志实例已初始化...
[2020-04-12 18:59:32:041] [vo.logVo.LogVo.<init>] [INFO] 日志实例已初始化...
[2020-04-12 18:59:32:042] [vo.logVo.LogVo.<init>] [INFO] 日志实例已初始化...
[2020-04-12 18:59:32:043] [vo.logVo.LogVo.<init>] [INFO] 日志实例已初始化...
[2020-04-12 18:59:32:043] [vo.logVo.LogVo.<init>] [INFO] 日志实例已初始化...
[2020-04-12 18:59:32:044] [vo.logVo.LogVo.<init>] [INFO] 日志实例已初始化...
[2020-04-12 18:59:32:044] [vo.logVo.LogVo.<init>] [INFO] 日志实例已初始化...
[2020-04-12 18:59:32:045] [vo.logVo.LogVo.<init>] [INFO] 日志实例已初始化...
[2020-04-12 18:59:32:045] [vo.logVo.LogVo.<init>] [INFO] 日志实例已初始化...
[2020-04-12 18:59:32:046] [vo.logVo.LogVo.<init>] [INFO] 日志实例已初始化...
[2020-04-12 18:59:32:046] [vo.logVo.LogVo.<init>] [INFO] 日志实例已初始化...
[2020-04-12 18:59:32:047] [vo.logVo.LogVo.<init>] [INFO] 日志实例已初始化...
[2020-04-12 18:59:32:047] [vo.logVo.LogVo.<init>] [INFO] 日志实例已初始化...
[2020-04-12 18:59:32:048] [vo.logVo.LogVo.<init>] [INFO] 日志实例已初始化...
[2020-04-12 18:59:32:048] [vo.logVo.LogVo.<init>] [INFO] 日志实例已初始化...
[2020-04-12 18:59:32:049] [vo.logVo.LogVo.<init>] [INFO] 日志实例已初始化...
[2020-04-12 18:59:32:049] [vo.logVo.LogVo.<init>] [INFO] 日志实例已初始化...
[2020-04-12 18:59:32:050] [vo.logVo.LogVo.<init>] [INFO] 日志实例已初始化...
[2020-04-12 18:59:32:050] [vo.logVo.LogVo.<init>] [INFO] 日志实例已初始化...
[2020-04-12 18:59:32:050] [vo.logVo.LogVo.<init>] [INFO] 日志实例已初始化...
[2020-04-12 18:59:32:051] [vo.logVo.LogVo.<init>] [INFO] 日志实例已初始化...
[2020-04-12 18:59:32:051] [vo.logVo.LogVo.<init>] [INFO] 日志实例已初始化...
[2020-04-12 18:59:32:052] [vo.logVo.LogVo.<init>] [INFO] 日志实例已初始化...
[2020-04-12 18:59:32:052] [vo.logVo.LogVo.<init>] [INFO] 日志实例已初始化...
[2020-04-12 18:59:32:052] [vo.logVo.LogVo.<init>] [INFO] 日志实例已初始化...
[2020-04-12 18:59:32:053] [vo.logVo.LogVo.<init>] [INFO] 日志实例已初始化...
[2020-04-12 18:59:32:053] [vo.logVo.LogVo.<init>] [INFO] 日志实例已初始化...
[2020-04-12 18:59:32:054] [vo.logVo.LogVo.<init>] [INFO] 日志实例已初始化...
[2020-04-12 18:59:32:054] [vo.logVo.LogVo.<init>] [INFO] 日志实例已初始化...
[2020-04-12 18:59:32:055] [vo.logVo.LogVo.<init>] [INFO] 日志实例已初始化...
[2020-04-12 18:59:32:055] [vo.logVo.LogVo.<init>] [INFO] 日志实例已初始化...
[2020-04-12 18:59:32:056] [vo.logVo.LogVo.<init>] [INFO] 日志实例已初始化...
[2020-04-12 18:59:32:056] [vo.logVo.LogVo.<init>] [INFO] 日志实例已初始化...
[2020-04-12 18:59:32:057] [vo.logVo.LogVo.<init>] [INFO] 日志实例已初始化...
[2020-04-12 18:59:32:057] [vo.logVo.LogVo.<init>] [INFO] 日志实例已初始化...
[2020-04-12 18:59:32:058] [vo.logVo.LogVo.<init>] [INFO] 日志实例已初始化...
[2020-04-12 18:59:32:058] [vo.logVo.LogVo.<init>] [INFO] 日志实例已初始化...
[2020-04-12 18:59:32:059] [vo.logVo.LogVo.<init>] [INFO] 日志实例已初始化...
[2020-04-12 18:59:32:060] [vo.logVo.LogVo.<init>] [INFO] 日志实例已初始化...
[2020-04-12 18:59:32:060] [vo.logVo.LogVo.<init>] [INFO] 日志实例已初始化...
[2020-04-12 18:59:32:061] [vo.logVo.LogVo.<init>] [INFO] 日志实例已初始化...
[2020-04-12 18:59:32:061] [vo.logVo.LogVo.<init>] [INFO] 日志实例已初始化...
[2020-04-12 18:59:32:062] [vo.logVo.LogVo.<init>] [INFO] 日志实例已初始化...
[2020-04-12 18:59:32:062] [vo.logVo.LogVo.<init>] [INFO] 日志实例已初始化...
[2020-04-12 18:59:32:063] [vo.logVo.LogVo.<init>] [INFO] 日志实例已初始化...
[2020-04-12 18:59:32:063] [vo.logVo.LogVo.<init>] [INFO] 日志实例已初始化...
[2020-04-12 18:59:32:063] [vo.logVo.LogVo.<init>] [INFO] 日志实例已初始化...
[2020-04-12 18:59:32:064] [vo.logVo.LogVo.<init>] [INFO] 日志实例已初始化...
[2020-04-12 18:59:32:064] [vo.logVo.LogVo.<init>] [INFO] 日志实例已初始化...
[2020-04-12 18:59:32:064] [vo.logVo.LogVo.<init>] [INFO] 日志实例已初始化...
[2020-04-12 18:59:32:065] [vo.logVo.LogVo.<init>] [INFO] 日志实例已初始化...
[2020-04-12 18:59:32:065] [vo.logVo.LogVo.<init>] [INFO] 日志实例已初始化...
[2020-04-12 18:59:32:066] [vo.logVo.LogVo.<init>] [INFO] 日志实例已初始化...
[2020-04-12 18:59:32:066] [vo.logVo.LogVo.<init>] [INFO] 日志实例已初始化...
[2020-04-12 18:59:32:067] [vo.logVo.LogVo.<init>] [INFO] 日志实例已初始化...
[2020-04-12 18:59:32:067] [vo.logVo.LogVo.<init>] [INFO] 日志实例已初始化...
[2020-04-12 18:59:32:067] [vo.logVo.LogVo.<init>] [INFO] 日志实例已初始化...
[2020-04-12 18:59:32:068] [vo.logVo.LogVo.<init>] [INFO] 日志实例已初始化...
[2020-04-12 18:59:32:068] [vo.logVo.LogVo.<init>] [INFO] 日志实例已初始化...
[2020-04-12 18:59:32:068] [vo.logVo.LogVo.<init>] [INFO] 日志实例已初始化...
[2020-04-12 18:59:32:069] [vo.logVo.LogVo.<init>] [INFO] 日志实例已初始化...
[2020-04-12 18:59:32:069] [vo.logVo.LogVo.<init>] [INFO] 日志实例已初始化...
[2020-04-12 18:59:32:070] [vo.logVo.LogVo.<init>] [INFO] 日志实例已初始化...
[2020-04-12 18:59:32:070] [vo.logVo.LogVo.<init>] [INFO] 日志实例已初始化...
[2020-04-12 18:59:32:071] [vo.logVo.LogVo.<init>] [INFO] 日志实例已初始化...
[2020-04-12 18:59:32:071] [vo.logVo.LogVo.<init>] [INFO] 日志实例已初始化...
[2020-04-12 18:59:32:072] [vo.logVo.LogVo.<init>] [INFO] 日志实例已初始化...
[2020-04-12 18:59:32:073] [vo.logVo.LogVo.<init>] [INFO] 日志实例已初始化...
[2020-04-12 18:59:32:074] [vo.logVo.LogVo.<init>] [INFO] 日志实例已初始化...
[2020-04-12 18:59:32:074] [vo.logVo.LogVo.<init>] [INFO] 日志实例已初始化...
[2020-04-12 18:59:32:075] [vo.logVo.LogVo.<init>] [INFO] 日志实例已初始化...
[2020-04-12 18:59:32:075] [vo.logVo.LogVo.<init>] [INFO] 日志实例已初始化...
[2020-04-12 18:59:32:076] [vo.logVo.LogVo.<init>] [INFO] 日志实例已初始化...
[2020-04-12 18:59:32:076] [vo.logVo.LogVo.<init>] [INFO] 日志实例已初始化...
[2020-04-12 18:59:32:076] [vo.logVo.LogVo.<init>] [INFO] 日志实例已初始化...
[2020-04-12 18:59:32:077] [vo.logVo.LogVo.<init>] [INFO] 日志实例已初始化...
[2020-04-12 18:59:32:077] [vo.logVo.LogVo.<init>] [INFO] 日志实例已初始化...
[2020-04-12 18:59:32:077] [vo.logVo.LogVo.<init>] [INFO] 日志实例已初始化...
[2020-04-12 18:59:32:078] [vo.logVo.LogVo.<init>] [INFO] 日志实例已初始化...
[2020-04-12 18:59:32:078] [vo.logVo.LogVo.<init>] [INFO] 日志实例已初始化...
[2020-04-12 18:59:32:078] [vo.logVo.LogVo.<init>] [INFO] 日志实例已初始化...
[2020-04-12 18:59:32:079] [vo.logVo.LogVo.<init>] [INFO] 日志实例已初始化...
[2020-04-12 18:59:32:079] [vo.logVo.LogVo.<init>] [INFO] 日志实例已初始化...
[2020-04-12 18:59:32:080] [vo.logVo.LogVo.<init>] [INFO] 日志实例已初始化...
[2020-04-12 18:59:32:080] [vo.logVo.LogVo.<init>] [INFO] 日志实例已初始化...
[2020-04-12 18:59:32:080] [vo.logVo.LogVo.<init>] [INFO] 日志实例已初始化...
[2020-04-12 18:59:32:081] [vo.logVo.LogVo.<init>] [INFO] 日志实例已初始化...
[2020-04-12 18:59:32:081] [vo.logVo.LogVo.<init>] [INFO] 日志实例已初始化...
[2020-04-12 18:59:32:082] [vo.logVo.LogVo.<init>] [INFO] 日志实例已初始化...
[2020-04-12 18:59:32:082] [vo.logVo.LogVo.<init>] [INFO] 日志实例已初始化...
[2020-04-12 18:59:32:083] [vo.logVo.LogVo.<init>] [INFO] 日志实例已初始化...
[2020-04-12 18:59:32:083] [vo.logVo.LogVo.<init>] [INFO] 日志实例已初始化...
[2020-04-12 18:59:32:084] [vo.logVo.LogVo.<init>] [INFO] 日志实例已初始化...
[2020-04-12 18:59:32:084] [vo.logVo.LogVo.<init>] [INFO] 日志实例已初始化...
[2020-04-12 18:59:32:084] [vo.logVo.LogVo.<init>] [INFO] 日志实例已初始化...
[2020-04-12 18:59:32:085] [vo.logVo.LogVo.<init>] [INFO] 日志实例已初始化...
[2020-04-12 18:59:32:085] [vo.logVo.LogVo.<init>] [INFO] 日志实例已初始化...
[2020-04-12 18:59:32:085] [vo.logVo.LogVo.<init>] [INFO] 日志实例已初始化...
[2020-04-12 18:59:32:086] [vo.logVo.LogVo.<init>] [INFO] 日志实例已初始化...
[2020-04-12 18:59:32:086] [vo.logVo.LogVo.<init>] [INFO] 日志实例已初始化...
[2020-04-12 18:59:32:086] [vo.logVo.LogVo.<init>] [INFO] 日志实例已初始化...
[2020-04-12 18:59:32:086] [vo.logVo.LogVo.<init>] [INFO] 日志实例已初始化...
[2020-04-12 18:59:32:087] [vo.logVo.LogVo.<init>] [INFO] 日志实例已初始化...
[2020-04-12 18:59:32:089] [vo.logVo.LogVo.<init>] [INFO] 日志实例已初始化...
[2020-04-12 18:59:32:090] [vo.logVo.LogVo.<init>] [INFO] 日志实例已初始化...
[2020-04-12 18:59:32:090] [vo.logVo.LogVo.<init>] [INFO] 日志实例已初始化...
[2020-04-12 18:59:32:091] [vo.logVo.LogVo.<init>] [INFO] 日志实例已初始化...
[2020-04-12 18:59:32:091] [vo.logVo.LogVo.<init>] [INFO] 日志实例已初始化...
[2020-04-12 18:59:32:092] [vo.logVo.LogVo.<init>] [INFO] 日志实例已初始化...
[2020-04-12 18:59:32:092] [vo.logVo.LogVo.<init>] [INFO] 日志实例已初始化...
[2020-04-12 18:59:32:093] [vo.logVo.LogVo.<init>] [INFO] 日志实例已初始化...
[2020-04-12 18:59:32:093] [vo.logVo.LogVo.<init>] [INFO] 日志实例已初始化...
[2020-04-12 18:59:32:093] [vo.logVo.LogVo.<init>] [INFO] 日志实例已初始化...
[2020-04-12 18:59:32:094] [vo.logVo.LogVo.<init>] [INFO] 日志实例已初始化...
[2020-04-12 18:59:32:094] [vo.logVo.LogVo.<init>] [INFO] 日志实例已初始化...
[2020-04-12 18:59:32:095] [vo.logVo.LogVo.<init>] [INFO] 日志实例已初始化...
[2020-04-12 18:59:32:095] [vo.logVo.LogVo.<init>] [INFO] 日志实例已初始化...
[2020-04-12 18:59:32:095] [vo.logVo.LogVo.<init>] [INFO] 日志实例已初始化...
[2020-04-12 18:59:32:096] [vo.logVo.LogVo.<init>] [INFO] 日志实例已初始化...
[2020-04-12 18:59:32:096] [vo.logVo.LogVo.<init>] [INFO] 日志实例已初始化...
[2020-04-12 18:59:32:097] [vo.logVo.LogVo.<init>] [INFO] 日志实例已初始化...
[2020-04-12 18:59:32:097] [vo.logVo.LogVo.<init>] [INFO] 日志实例已初始化...
[2020-04-12 18:59:32:098] [vo.logVo.LogVo.<init>] [INFO] 日志实例已初始化...
[2020-04-12 18:59:32:100] [vo.logVo.LogVo.<init>] [INFO] 日志实例已初始化...
[2020-04-12 18:59:32:101] [vo.logVo.LogVo.<init>] [INFO] 日志实例已初始化...
[2020-04-12 18:59:32:101] [vo.logVo.LogVo.<init>] [INFO] 日志实例已初始化...
[2020-04-12 18:59:32:102] [vo.logVo.LogVo.<init>] [INFO] 日志实例已初始化...
[2020-04-12 18:59:32:103] [vo.logVo.LogVo.<init>] [INFO] 日志实例已初始化...
[2020-04-12 18:59:32:103] [vo.logVo.LogVo.<init>] [INFO] 日志实例已初始化...
[2020-04-12 18:59:32:104] [vo.logVo.LogVo.<init>] [INFO] 日志实例已初始化...
[2020-04-12 18:59:32:104] [vo.logVo.LogVo.<init>] [INFO] 日志实例已初始化...
[2020-04-12 18:59:32:106] [vo.logVo.LogVo.<init>] [INFO] 日志实例已初始化...
[2020-04-12 18:59:32:107] [vo.logVo.LogVo.<init>] [INFO] 日志实例已初始化...
[2020-04-12 18:59:32:108] [vo.logVo.LogVo.<init>] [INFO] 日志实例已初始化...
[2020-04-12 18:59:32:109] [vo.logVo.LogVo.<init>] [INFO] 日志实例已初始化...
[2020-04-12 18:59:32:109] [vo.logVo.LogVo.<init>] [INFO] 日志实例已初始化...
[2020-04-12 18:59:32:110] [vo.logVo.LogVo.<init>] [INFO] 日志实例已初始化...
[2020-04-12 18:59:32:110] [vo.logVo.LogVo.<init>] [INFO] 日志实例已初始化...
[2020-04-12 18:59:32:110] [vo.logVo.LogVo.<init>] [INFO] 日志实例已初始化...
[2020-04-12 18:59:32:111] [vo.logVo.LogVo.<init>] [INFO] 日志实例已初始化...
[2020-04-12 18:59:32:111] [vo.logVo.LogVo.<init>] [INFO] 日志实例已初始化...
[2020-04-12 18:59:32:111] [vo.logVo.LogVo.<init>] [INFO] 日志实例已初始化...
[2020-04-12 18:59:32:111] [vo.logVo.LogVo.<init>] [INFO] 日志实例已初始化...
[2020-04-12 18:59:32:112] [vo.logVo.LogVo.<init>] [INFO] 日志实例已初始化...
[2020-04-12 18:59:32:112] [vo.logVo.LogVo.<init>] [INFO] 日志实例已初始化...
[2020-04-12 18:59:32:112] [vo.logVo.LogVo.<init>] [INFO] 日志实例已初始化...
[2020-04-12 18:59:32:113] [vo.logVo.LogVo.<init>] [INFO] 日志实例已初始化...
[2020-04-12 18:59:32:114] [vo.logVo.LogVo.<init>] [INFO] 日志实例已初始化...
[2020-04-12 18:59:32:114] [vo.logVo.LogVo.<init>] [INFO] 日志实例已初始化...
[2020-04-12 18:59:32:115] [vo.logVo.LogVo.<init>] [INFO] 日志实例已初始化...
[2020-04-12 18:59:32:115] [vo.logVo.LogVo.<init>] [INFO] 日志实例已初始化...
[2020-04-12 18:59:32:116] [vo.logVo.LogVo.<init>] [INFO] 日志实例已初始化...
[2020-04-12 18:59:32:116] [vo.logVo.LogVo.<init>] [INFO] 日志实例已初始化...
[2020-04-12 18:59:32:117] [vo.logVo.LogVo.<init>] [INFO] 日志实例已初始化...
[2020-04-12 18:59:32:117] [vo.logVo.LogVo.<init>] [INFO] 日志实例已初始化...
[2020-04-12 18:59:32:118] [vo.logVo.LogVo.<init>] [INFO] 日志实例已初始化...
[2020-04-12 18:59:32:118] [vo.logVo.LogVo.<init>] [INFO] 日志实例已初始化...
[2020-04-12 18:59:32:118] [vo.logVo.LogVo.<init>] [INFO] 日志实例已初始化...
[2020-04-12 18:59:32:123] [vo.logVo.LogVo.<init>] [INFO] 日志实例已初始化...
[2020-04-12 18:59:32:124] [vo.logVo.LogVo.<init>] [INFO] 日志实例已初始化...
[2020-04-12 18:59:32:125] [vo.logVo.LogVo.<init>] [INFO] 日志实例已初始化...
[2020-04-12 18:59:32:125] [vo.logVo.LogVo.<init>] [INFO] 日志实例已初始化...
[2020-04-12 18:59:32:126] [vo.logVo.LogVo.<init>] [INFO] 日志实例已初始化...
[2020-04-12 18:59:32:126] [vo.logVo.LogVo.<init>] [INFO] 日志实例已初始化...
[2020-04-12 18:59:32:127] [vo.logVo.LogVo.<init>] [INFO] 日志实例已初始化...
[2020-04-12 18:59:32:127] [vo.logVo.LogVo.<init>] [INFO] 日志实例已初始化...
[2020-04-12 18:59:32:128] [vo.logVo.LogVo.<init>] [INFO] 日志实例已初始化...
[2020-04-12 18:59:32:128] [vo.logVo.LogVo.<init>] [INFO] 日志实例已初始化...
[2020-04-12 18:59:32:130] [vo.logVo.LogVo.<init>] [INFO] 日志实例已初始化...
[2020-04-12 18:59:32:131] [vo.logVo.LogVo.<init>] [INFO] 日志实例已初始化...
[2020-04-12 18:59:32:131] [vo.logVo.LogVo.<init>] [INFO] 日志实例已初始化...
[2020-04-12 18:59:32:132] [vo.logVo.LogVo.<init>] [INFO] 日志实例已初始化...
[2020-04-12 18:59:32:132] [vo.logVo.LogVo.<init>] [INFO] 日志实例已初始化...
[2020-04-12 18:59:32:133] [vo.logVo.LogVo.<init>] [INFO] 日志实例已初始化...
[2020-04-12 18:59:32:133] [vo.logVo.LogVo.<init>] [INFO] 日志实例已初始化...
[2020-04-12 18:59:32:133] [vo.logVo.LogVo.<init>] [INFO] 日志实例已初始化...
[2020-04-12 18:59:32:134] [vo.logVo.LogVo.<init>] [INFO] 日志实例已初始化...
[2020-04-12 18:59:32:134] [vo.logVo.LogVo.<init>] [INFO] 日志实例已初始化...
[2020-04-12 18:59:32:135] [vo.logVo.LogVo.<init>] [INFO] 日志实例已初始化...
[2020-04-12 18:59:32:135] [vo.logVo.LogVo.<init>] [INFO] 日志实例已初始化...
[2020-04-12 18:59:32:136] [vo.logVo.LogVo.<init>] [INFO] 日志实例已初始化...
[2020-04-12 18:59:32:136] [vo.logVo.LogVo.<init>] [INFO] 日志实例已初始化...
[2020-04-12 18:59:32:136] [vo.logVo.LogVo.<init>] [INFO] 日志实例已初始化...
[2020-04-12 18:59:32:137] [vo.logVo.LogVo.<init>] [INFO] 日志实例已初始化...
[2020-04-12 18:59:32:137] [vo.logVo.LogVo.<init>] [INFO] 日志实例已初始化...
[2020-04-12 18:59:32:139] [vo.logVo.LogVo.<init>] [INFO] 日志实例已初始化...
[2020-04-12 18:59:32:140] [vo.logVo.LogVo.<init>] [INFO] 日志实例已初始化...
[2020-04-12 18:59:32:140] [vo.logVo.LogVo.<init>] [INFO] 日志实例已初始化...
[2020-04-12 18:59:32:141] [vo.logVo.LogVo.<init>] [INFO] 日志实例已初始化...
[2020-04-12 18:59:32:141] [vo.logVo.LogVo.<init>] [INFO] 日志实例已初始化...
[2020-04-12 18:59:32:142] [vo.logVo.LogVo.<init>] [INFO] 日志实例已初始化...
[2020-04-12 18:59:32:142] [vo.logVo.LogVo.<init>] [INFO] 日志实例已初始化...
[2020-04-12 18:59:32:142] [vo.logVo.LogVo.<init>] [INFO] 日志实例已初始化...
[2020-04-12 18:59:32:143] [vo.logVo.LogVo.<init>] [INFO] 日志实例已初始化...
[2020-04-12 18:59:32:143] [vo.logVo.LogVo.<init>] [INFO] 日志实例已初始化...
[2020-04-12 18:59:32:143] [vo.logVo.LogVo.<init>] [INFO] 日志实例已初始化...
[2020-04-12 18:59:32:144] [vo.logVo.LogVo.<init>] [INFO] 日志实例已初始化...
[2020-04-12 18:59:32:144] [vo.logVo.LogVo.<init>] [INFO] 日志实例已初始化...
[2020-04-12 18:59:32:145] [vo.logVo.LogVo.<init>] [INFO] 日志实例已初始化...
[2020-04-12 18:59:32:146] [vo.logVo.LogVo.<init>] [INFO] 日志实例已初始化...
[2020-04-12 18:59:32:147] [vo.logVo.LogVo.<init>] [INFO] 日志实例已初始化...
[2020-04-12 18:59:32:148] [vo.logVo.LogVo.<init>] [INFO] 日志实例已初始化...
[2020-04-12 18:59:32:148] [vo.logVo.LogVo.<init>] [INFO] 日志实例已初始化...
[2020-04-12 18:59:32:149] [vo.logVo.LogVo.<init>] [INFO] 日志实例已初始化...
[2020-04-12 18:59:32:149] [vo.logVo.LogVo.<init>] [INFO] 日志实例已初始化...
[2020-04-12 18:59:32:157] [vo.logVo.LogVo.<init>] [INFO] 日志实例已初始化...
[2020-04-12 18:59:32:158] [vo.logVo.LogVo.<init>] [INFO] 日志实例已初始化...
[2020-04-12 18:59:32:158] [vo.logVo.LogVo.<init>] [INFO] 日志实例已初始化...
[2020-04-12 18:59:32:158] [vo.logVo.LogVo.<init>] [INFO] 日志实例已初始化...
[2020-04-12 18:59:32:160] [vo.logVo.LogVo.<init>] [INFO] 日志实例已初始化...
[2020-04-12 18:59:32:161] [vo.logVo.LogVo.<init>] [INFO] 日志实例已初始化...
[2020-04-12 18:59:32:162] [vo.logVo.LogVo.<init>] [INFO] 日志实例已初始化...
[2020-04-12 18:59:32:162] [vo.logVo.LogVo.<init>] [INFO] 日志实例已初始化...
[2020-04-12 18:59:32:163] [vo.logVo.LogVo.<init>] [INFO] 日志实例已初始化...
[2020-04-12 18:59:32:163] [vo.logVo.LogVo.<init>] [INFO] 日志实例已初始化...
[2020-04-12 18:59:32:164] [vo.logVo.LogVo.<init>] [INFO] 日志实例已初始化...
[2020-04-12 18:59:32:164] [vo.logVo.LogVo.<init>] [INFO] 日志实例已初始化...
[2020-04-12 18:59:32:165] [vo.logVo.LogVo.<init>] [INFO] 日志实例已初始化...
[2020-04-12 18:59:32:165] [vo.logVo.LogVo.<init>] [INFO] 日志实例已初始化...
[2020-04-12 18:59:32:165] [vo.logVo.LogVo.<init>] [INFO] 日志实例已初始化...
[2020-04-12 18:59:32:166] [vo.logVo.LogVo.<init>] [INFO] 日志实例已初始化...
[2020-04-12 18:59:32:166] [vo.logVo.LogVo.<init>] [INFO] 日志实例已初始化...
[2020-04-12 18:59:32:166] [vo.logVo.LogVo.<init>] [INFO] 日志实例已初始化...
[2020-04-12 18:59:32:167] [vo.logVo.LogVo.<init>] [INFO] 日志实例已初始化...
[2020-04-12 18:59:32:167] [vo.logVo.LogVo.<init>] [INFO] 日志实例已初始化...
[2020-04-12 18:59:32:168] [vo.logVo.LogVo.<init>] [INFO] 日志实例已初始化...
[2020-04-12 18:59:32:168] [vo.logVo.LogVo.<init>] [INFO] 日志实例已初始化...
[2020-04-12 18:59:32:170] [vo.logVo.LogVo.<init>] [INFO] 日志实例已初始化...
[2020-04-12 18:59:32:172] [vo.logVo.LogVo.<init>] [INFO] 日志实例已初始化...
[2020-04-12 18:59:32:172] [vo.logVo.LogVo.<init>] [INFO] 日志实例已初始化...
[2020-04-12 18:59:32:173] [vo.logVo.LogVo.<init>] [INFO] 日志实例已初始化...
[2020-04-12 18:59:32:175] [vo.logVo.LogVo.<init>] [INFO] 日志实例已初始化...
[2020-04-12 18:59:32:175] [vo.logVo.LogVo.<init>] [INFO] 日志实例已初始化...
[2020-04-12 18:59:32:176] [vo.logVo.LogVo.<init>] [INFO] 日志实例已初始化...
[2020-04-12 18:59:32:176] [vo.logVo.LogVo.<init>] [INFO] 日志实例已初始化...
[2020-04-12 18:59:32:177] [vo.logVo.LogVo.<init>] [INFO] 日志实例已初始化...
[2020-04-12 18:59:32:178] [vo.logVo.LogVo.<init>] [INFO] 日志实例已初始化...
[2020-04-12 18:59:32:179] [vo.logVo.LogVo.<init>] [INFO] 日志实例已初始化...
[2020-04-12 18:59:32:180] [vo.logVo.LogVo.<init>] [INFO] 日志实例已初始化...
[2020-04-12 18:59:32:180] [vo.logVo.LogVo.<init>] [INFO] 日志实例已初始化...
[2020-04-12 18:59:32:181] [vo.logVo.LogVo.<init>] [INFO] 日志实例已初始化...
[2020-04-12 18:59:32:181] [vo.logVo.LogVo.<init>] [INFO] 日志实例已初始化...
[2020-04-12 18:59:32:181] [vo.logVo.LogVo.<init>] [INFO] 日志实例已初始化...
[2020-04-12 18:59:32:183] [vo.logVo.LogVo.<init>] [INFO] 日志实例已初始化...
[2020-04-12 18:59:32:184] [vo.logVo.LogVo.<init>] [INFO] 日志实例已初始化...
[2020-04-12 18:59:32:191] [vo.logVo.LogVo.<init>] [INFO] 日志实例已初始化...
[2020-04-12 18:59:32:191] [vo.logVo.LogVo.<init>] [INFO] 日志实例已初始化...
[2020-04-12 18:59:32:192] [vo.logVo.LogVo.<init>] [INFO] 日志实例已初始化...
[2020-04-12 18:59:32:193] [vo.logVo.LogVo.<init>] [INFO] 日志实例已初始化...
[2020-04-12 18:59:32:194] [vo.logVo.LogVo.<init>] [INFO] 日志实例已初始化...
[2020-04-12 18:59:32:194] [vo.logVo.LogVo.<init>] [INFO] 日志实例已初始化...
[2020-04-12 18:59:32:195] [vo.logVo.LogVo.<init>] [INFO] 日志实例已初始化...
[2020-04-12 18:59:32:195] [vo.logVo.LogVo.<init>] [INFO] 日志实例已初始化...
[2020-04-12 18:59:32:197] [vo.logVo.LogVo.<init>] [INFO] 日志实例已初始化...
[2020-04-12 18:59:32:197] [vo.logVo.LogVo.<init>] [INFO] 日志实例已初始化...
[2020-04-12 18:59:32:198] [vo.logVo.LogVo.<init>] [INFO] 日志实例已初始化...
[2020-04-12 18:59:32:198] [vo.logVo.LogVo.<init>] [INFO] 日志实例已初始化...
[2020-04-12 18:59:32:198] [vo.logVo.LogVo.<init>] [INFO] 日志实例已初始化...
[2020-04-12 18:59:32:199] [vo.logVo.LogVo.<init>] [INFO] 日志实例已初始化...
[2020-04-12 18:59:32:199] [vo.logVo.LogVo.<init>] [INFO] 日志实例已初始化...
[2020-04-12 18:59:32:200] [vo.logVo.LogVo.<init>] [INFO] 日志实例已初始化...
[2020-04-12 18:59:32:200] [vo.logVo.LogVo.<init>] [INFO] 日志实例已初始化...
[2020-04-12 18:59:32:201] [vo.logVo.LogVo.<init>] [INFO] 日志实例已初始化...
[2020-04-12 18:59:32:201] [vo.logVo.LogVo.<init>] [INFO] 日志实例已初始化...
[2020-04-12 18:59:32:202] [vo.logVo.LogVo.<init>] [INFO] 日志实例已初始化...
[2020-04-12 18:59:32:202] [vo.logVo.LogVo.<init>] [INFO] 日志实例已初始化...
[2020-04-12 18:59:32:203] [vo.logVo.LogVo.<init>] [INFO] 日志实例已初始化...
[2020-04-12 18:59:32:203] [vo.logVo.LogVo.<init>] [INFO] 日志实例已初始化...
[2020-04-12 18:59:32:204] [vo.logVo.LogVo.<init>] [INFO] 日志实例已初始化...
[2020-04-12 18:59:32:205] [vo.logVo.LogVo.<init>] [INFO] 日志实例已初始化...
[2020-04-12 18:59:32:205] [vo.logVo.LogVo.<init>] [INFO] 日志实例已初始化...
[2020-04-12 18:59:32:206] [vo.logVo.LogVo.<init>] [INFO] 日志实例已初始化...
[2020-04-12 18:59:32:206] [vo.logVo.LogVo.<init>] [INFO] 日志实例已初始化...
[2020-04-12 18:59:32:207] [vo.logVo.LogVo.<init>] [INFO] 日志实例已初始化...
[2020-04-12 18:59:32:207] [vo.logVo.LogVo.<init>] [INFO] 日志实例已初始化...
[2020-04-12 18:59:32:208] [vo.logVo.LogVo.<init>] [INFO] 日志实例已初始化...
[2020-04-12 18:59:32:209] [vo.logVo.LogVo.<init>] [INFO] 日志实例已初始化...
[2020-04-12 18:59:32:210] [vo.logVo.LogVo.<init>] [INFO] 日志实例已初始化...
[2020-04-12 18:59:32:211] [vo.logVo.LogVo.<init>] [INFO] 日志实例已初始化...
[2020-04-12 18:59:32:211] [vo.logVo.LogVo.<init>] [INFO] 日志实例已初始化...
[2020-04-12 18:59:32:212] [vo.logVo.LogVo.<init>] [INFO] 日志实例已初始化...
[2020-04-12 18:59:32:214] [vo.logVo.LogVo.<init>] [INFO] 日志实例已初始化...
[2020-04-12 18:59:32:215] [vo.logVo.LogVo.<init>] [INFO] 日志实例已初始化...
[2020-04-12 18:59:32:215] [vo.logVo.LogVo.<init>] [INFO] 日志实例已初始化...
[2020-04-12 18:59:32:216] [vo.logVo.LogVo.<init>] [INFO] 日志实例已初始化...
[2020-04-12 18:59:32:217] [vo.logVo.LogVo.<init>] [INFO] 日志实例已初始化...
[2020-04-12 18:59:32:218] [vo.logVo.LogVo.<init>] [INFO] 日志实例已初始化...
[2020-04-12 18:59:32:219] [vo.logVo.LogVo.<init>] [INFO] 日志实例已初始化...
[2020-04-12 18:59:32:219] [vo.logVo.LogVo.<init>] [INFO] 日志实例已初始化...
[2020-04-12 18:59:32:220] [vo.logVo.LogVo.<init>] [INFO] 日志实例已初始化...
[2020-04-12 18:59:32:220] [vo.logVo.LogVo.<init>] [INFO] 日志实例已初始化...
[2020-04-12 18:59:32:221] [vo.logVo.LogVo.<init>] [INFO] 日志实例已初始化...
[2020-04-12 18:59:32:222] [vo.logVo.LogVo.<init>] [INFO] 日志实例已初始化...
[2020-04-12 18:59:32:223] [vo.logVo.LogVo.<init>] [INFO] 日志实例已初始化...
[2020-04-12 18:59:32:223] [vo.logVo.LogVo.<init>] [INFO] 日志实例已初始化...
[2020-04-12 18:59:32:224] [vo.logVo.LogVo.<init>] [INFO] 日志实例已初始化...
[2020-04-12 18:59:32:225] [vo.logVo.LogVo.<init>] [INFO] 日志实例已初始化...
[2020-04-12 18:59:32:226] [vo.logVo.LogVo.<init>] [INFO] 日志实例已初始化...
[2020-04-12 18:59:32:228] [vo.logVo.LogVo.<init>] [INFO] 日志实例已初始化...
[2020-04-12 18:59:32:228] [vo.logVo.LogVo.<init>] [INFO] 日志实例已初始化...
[2020-04-12 18:59:32:229] [vo.logVo.LogVo.<init>] [INFO] 日志实例已初始化...
[2020-04-12 18:59:32:230] [vo.logVo.LogVo.<init>] [INFO] 日志实例已初始化...
[2020-04-12 18:59:32:230] [vo.logVo.LogVo.<init>] [INFO] 日志实例已初始化...
[2020-04-12 18:59:32:231] [vo.logVo.LogVo.<init>] [INFO] 日志实例已初始化...
[2020-04-12 18:59:32:231] [vo.logVo.LogVo.<init>] [INFO] 日志实例已初始化...
[2020-04-12 18:59:32:231] [vo.logVo.LogVo.<init>] [INFO] 日志实例已初始化...
[2020-04-12 18:59:32:232] [vo.logVo.LogVo.<init>] [INFO] 日志实例已初始化...
[2020-04-12 18:59:32:232] [vo.logVo.LogVo.<init>] [INFO] 日志实例已初始化...
[2020-04-12 18:59:32:233] [vo.logVo.LogVo.<init>] [INFO] 日志实例已初始化...
[2020-04-12 18:59:32:233] [vo.logVo.LogVo.<init>] [INFO] 日志实例已初始化...
[2020-04-12 18:59:32:234] [vo.logVo.LogVo.<init>] [INFO] 日志实例已初始化...
[2020-04-12 18:59:32:235] [vo.logVo.LogVo.<init>] [INFO] 日志实例已初始化...
[2020-04-12 18:59:32:235] [vo.logVo.LogVo.<init>] [INFO] 日志实例已初始化...
[2020-04-12 18:59:32:236] [vo.logVo.LogVo.<init>] [INFO] 日志实例已初始化...
[2020-04-12 18:59:32:236] [vo.logVo.LogVo.<init>] [INFO] 日志实例已初始化...
[2020-04-12 18:59:32:237] [vo.logVo.LogVo.<init>] [INFO] 日志实例已初始化...
[2020-04-12 18:59:32:237] [vo.logVo.LogVo.<init>] [INFO] 日志实例已初始化...
[2020-04-12 18:59:32:238] [vo.logVo.LogVo.<init>] [INFO] 日志实例已初始化...
[2020-04-12 18:59:32:238] [vo.logVo.LogVo.<init>] [INFO] 日志实例已初始化...
[2020-04-12 18:59:32:239] [vo.logVo.LogVo.<init>] [INFO] 日志实例已初始化...
[2020-04-12 18:59:32:240] [vo.logVo.LogVo.<init>] [INFO] 日志实例已初始化...
[2020-04-12 18:59:32:240] [vo.logVo.LogVo.<init>] [INFO] 日志实例已初始化...
[2020-04-12 18:59:32:241] [vo.logVo.LogVo.<init>] [INFO] 日志实例已初始化...
[2020-04-12 18:59:32:241] [vo.logVo.LogVo.<init>] [INFO] 日志实例已初始化...
[2020-04-12 18:59:32:242] [vo.logVo.LogVo.<init>] [INFO] 日志实例已初始化...
[2020-04-12 18:59:32:242] [vo.logVo.LogVo.<init>] [INFO] 日志实例已初始化...
[2020-04-12 18:59:32:243] [vo.logVo.LogVo.<init>] [INFO] 日志实例已初始化...
[2020-04-12 18:59:32:243] [vo.logVo.LogVo.<init>] [INFO] 日志实例已初始化...
[2020-04-12 18:59:32:243] [vo.logVo.LogVo.<init>] [INFO] 日志实例已初始化...
[2020-04-12 18:59:32:244] [vo.logVo.LogVo.<init>] [INFO] 日志实例已初始化...
[2020-04-12 18:59:32:244] [vo.logVo.LogVo.<init>] [INFO] 日志实例已初始化...
[2020-04-12 18:59:32:245] [vo.logVo.LogVo.<init>] [INFO] 日志实例已初始化...
[2020-04-12 18:59:32:245] [vo.logVo.LogVo.<init>] [INFO] 日志实例已初始化...
[2020-04-12 18:59:32:246] [vo.logVo.LogVo.<init>] [INFO] 日志实例已初始化...
[2020-04-12 18:59:32:246] [vo.logVo.LogVo.<init>] [INFO] 日志实例已初始化...
[2020-04-12 18:59:32:247] [vo.logVo.LogVo.<init>] [INFO] 日志实例已初始化...
[2020-04-12 18:59:32:247] [vo.logVo.LogVo.<init>] [INFO] 日志实例已初始化...
[2020-04-12 18:59:32:248] [vo.logVo.LogVo.<init>] [INFO] 日志实例已初始化...
[2020-04-12 18:59:32:248] [vo.logVo.LogVo.<init>] [INFO] 日志实例已初始化...
[2020-04-12 18:59:32:249] [vo.logVo.LogVo.<init>] [INFO] 日志实例已初始化...
[2020-04-12 18:59:32:249] [vo.logVo.LogVo.<init>] [INFO] 日志实例已初始化...
[2020-04-12 18:59:32:250] [vo.logVo.LogVo.<init>] [INFO] 日志实例已初始化...
[2020-04-12 18:59:32:250] [vo.logVo.LogVo.<init>] [INFO] 日志实例已初始化...
[2020-04-12 18:59:32:251] [vo.logVo.LogVo.<init>] [INFO] 日志实例已初始化...
[2020-04-12 18:59:32:251] [vo.logVo.LogVo.<init>] [INFO] 日志实例已初始化...
[2020-04-12 18:59:32:252] [vo.logVo.LogVo.<init>] [INFO] 日志实例已初始化...
[2020-04-12 18:59:32:252] [vo.logVo.LogVo.<init>] [INFO] 日志实例已初始化...
[2020-04-12 18:59:32:253] [vo.logVo.LogVo.<init>] [INFO] 日志实例已初始化...
[2020-04-12 18:59:32:253] [vo.logVo.LogVo.<init>] [INFO] 日志实例已初始化...
[2020-04-12 18:59:32:254] [vo.logVo.LogVo.<init>] [INFO] 日志实例已初始化...
[2020-04-12 18:59:32:254] [vo.logVo.LogVo.<init>] [INFO] 日志实例已初始化...
[2020-04-12 18:59:32:255] [vo.logVo.LogVo.<init>] [INFO] 日志实例已初始化...
[2020-04-12 18:59:32:255] [vo.logVo.LogVo.<init>] [INFO] 日志实例已初始化...
[2020-04-12 18:59:32:256] [vo.logVo.LogVo.<init>] [INFO] 日志实例已初始化...
[2020-04-12 18:59:32:257] [vo.logVo.LogVo.<init>] [INFO] 日志实例已初始化...
[2020-04-12 18:59:32:257] [vo.logVo.LogVo.<init>] [INFO] 日志实例已初始化...
[2020-04-12 18:59:32:258] [vo.logVo.LogVo.<init>] [INFO] 日志实例已初始化...
[2020-04-12 18:59:32:258] [vo.logVo.LogVo.<init>] [INFO] 日志实例已初始化...
[2020-04-12 18:59:32:258] [vo.logVo.LogVo.<init>] [INFO] 日志实例已初始化...
[2020-04-12 18:59:32:259] [vo.logVo.LogVo.<init>] [INFO] 日志实例已初始化...
[2020-04-12 18:59:32:259] [vo.logVo.LogVo.<init>] [INFO] 日志实例已初始化...
[2020-04-12 18:59:32:260] [vo.logVo.LogVo.<init>] [INFO] 日志实例已初始化...
[2020-04-12 18:59:32:260] [vo.logVo.LogVo.<init>] [INFO] 日志实例已初始化...
[2020-04-12 18:59:32:261] [vo.logVo.LogVo.<init>] [INFO] 日志实例已初始化...
[2020-04-12 18:59:32:261] [vo.logVo.LogVo.<init>] [INFO] 日志实例已初始化...
[2020-04-12 18:59:32:261] [vo.logVo.LogVo.<init>] [INFO] 日志实例已初始化...
[2020-04-12 18:59:32:262] [vo.logVo.LogVo.<init>] [INFO] 日志实例已初始化...
[2020-04-12 18:59:32:262] [vo.logVo.LogVo.<init>] [INFO] 日志实例已初始化...
[2020-04-12 18:59:32:263] [vo.logVo.LogVo.<init>] [INFO] 日志实例已初始化...
[2020-04-12 18:59:32:263] [vo.logVo.LogVo.<init>] [INFO] 日志实例已初始化...
[2020-04-12 18:59:32:264] [vo.logVo.LogVo.<init>] [INFO] 日志实例已初始化...
[2020-04-12 18:59:32:264] [vo.logVo.LogVo.<init>] [INFO] 日志实例已初始化...
[2020-04-12 18:59:32:264] [vo.logVo.LogVo.<init>] [INFO] 日志实例已初始化...
[2020-04-12 18:59:32:264] [vo.logVo.LogVo.<init>] [INFO] 日志实例已初始化...
[2020-04-12 18:59:32:265] [vo.logVo.LogVo.<init>] [INFO] 日志实例已初始化...
[2020-04-12 18:59:32:265] [vo.logVo.LogVo.<init>] [INFO] 日志实例已初始化...
[2020-04-12 18:59:32:266] [vo.logVo.LogVo.<init>] [INFO] 日志实例已初始化...
[2020-04-12 18:59:32:267] [vo.logVo.LogVo.<init>] [INFO] 日志实例已初始化...
[2020-04-12 18:59:32:267] [vo.logVo.LogVo.<init>] [INFO] 日志实例已初始化...
[2020-04-12 18:59:32:268] [vo.logVo.LogVo.<init>] [INFO] 日志实例已初始化...
[2020-04-12 18:59:32:268] [vo.logVo.LogVo.<init>] [INFO] 日志实例已初始化...
[2020-04-12 18:59:32:268] [vo.logVo.LogVo.<init>] [INFO] 日志实例已初始化...
[2020-04-12 18:59:32:269] [vo.logVo.LogVo.<init>] [INFO] 日志实例已初始化...
[2020-04-12 18:59:32:279] [vo.logVo.LogVo.<init>] [INFO] 日志实例已初始化...
[2020-04-12 18:59:32:284] [vo.logVo.LogVo.<init>] [INFO] 日志实例已初始化...
[2020-04-12 18:59:37:347] [action.userAction.LoginAction.execute] [INFO] 该用户已登录，请稍后再试！
[2020-04-12 18:59:55:681] [vo.logVo.LogVo.<init>] [INFO] 日志实例已初始化...
[2020-04-12 18:59:55:688] [vo.logVo.LogVo.<init>] [INFO] 日志实例已初始化...
[2020-04-12 18:59:55:713] [vo.logVo.LogVo.<init>] [INFO] 日志实例已初始化...
[2020-04-12 18:59:55:713] [vo.logVo.LogVo.<init>] [INFO] 日志实例已初始化...
[2020-04-12 18:59:55:714] [vo.logVo.LogVo.<init>] [INFO] 日志实例已初始化...
[2020-04-12 18:59:55:715] [vo.logVo.LogVo.<init>] [INFO] 日志实例已初始化...
[2020-04-12 18:59:55:715] [vo.logVo.LogVo.<init>] [INFO] 日志实例已初始化...
[2020-04-12 18:59:55:716] [vo.logVo.LogVo.<init>] [INFO] 日志实例已初始化...
[2020-04-12 18:59:55:717] [vo.logVo.LogVo.<init>] [INFO] 日志实例已初始化...
[2020-04-12 18:59:55:717] [vo.logVo.LogVo.<init>] [INFO] 日志实例已初始化...
[2020-04-12 18:59:55:717] [vo.logVo.LogVo.<init>] [INFO] 日志实例已初始化...
[2020-04-12 18:59:55:717] [vo.logVo.LogVo.<init>] [INFO] 日志实例已初始化...
[2020-04-12 18:59:55:718] [vo.logVo.LogVo.<init>] [INFO] 日志实例已初始化...
[2020-04-12 18:59:55:718] [vo.logVo.LogVo.<init>] [INFO] 日志实例已初始化...
[2020-04-12 18:59:55:718] [vo.logVo.LogVo.<init>] [INFO] 日志实例已初始化...
[2020-04-12 18:59:55:718] [vo.logVo.LogVo.<init>] [INFO] 日志实例已初始化...
[2020-04-12 18:59:55:718] [vo.logVo.LogVo.<init>] [INFO] 日志实例已初始化...
[2020-04-12 18:59:55:719] [vo.logVo.LogVo.<init>] [INFO] 日志实例已初始化...
[2020-04-12 18:59:55:719] [vo.logVo.LogVo.<init>] [INFO] 日志实例已初始化...
[2020-04-12 18:59:55:719] [vo.logVo.LogVo.<init>] [INFO] 日志实例已初始化...
[2020-04-12 18:59:55:719] [vo.logVo.LogVo.<init>] [INFO] 日志实例已初始化...
[2020-04-12 18:59:55:720] [vo.logVo.LogVo.<init>] [INFO] 日志实例已初始化...
[2020-04-12 18:59:55:720] [vo.logVo.LogVo.<init>] [INFO] 日志实例已初始化...
[2020-04-12 18:59:55:720] [vo.logVo.LogVo.<init>] [INFO] 日志实例已初始化...
[2020-04-12 18:59:55:721] [vo.logVo.LogVo.<init>] [INFO] 日志实例已初始化...
[2020-04-12 18:59:55:721] [vo.logVo.LogVo.<init>] [INFO] 日志实例已初始化...
[2020-04-12 18:59:55:721] [vo.logVo.LogVo.<init>] [INFO] 日志实例已初始化...
[2020-04-12 18:59:55:722] [vo.logVo.LogVo.<init>] [INFO] 日志实例已初始化...
[2020-04-12 18:59:55:722] [vo.logVo.LogVo.<init>] [INFO] 日志实例已初始化...
[2020-04-12 18:59:55:722] [vo.logVo.LogVo.<init>] [INFO] 日志实例已初始化...
[2020-04-12 18:59:55:722] [vo.logVo.LogVo.<init>] [INFO] 日志实例已初始化...
[2020-04-12 18:59:55:722] [vo.logVo.LogVo.<init>] [INFO] 日志实例已初始化...
[2020-04-12 18:59:55:723] [vo.logVo.LogVo.<init>] [INFO] 日志实例已初始化...
[2020-04-12 18:59:55:723] [vo.logVo.LogVo.<init>] [INFO] 日志实例已初始化...
[2020-04-12 18:59:55:723] [vo.logVo.LogVo.<init>] [INFO] 日志实例已初始化...
[2020-04-12 18:59:55:723] [vo.logVo.LogVo.<init>] [INFO] 日志实例已初始化...
[2020-04-12 18:59:55:724] [vo.logVo.LogVo.<init>] [INFO] 日志实例已初始化...
[2020-04-12 18:59:55:724] [vo.logVo.LogVo.<init>] [INFO] 日志实例已初始化...
[2020-04-12 18:59:55:724] [vo.logVo.LogVo.<init>] [INFO] 日志实例已初始化...
[2020-04-12 18:59:55:724] [vo.logVo.LogVo.<init>] [INFO] 日志实例已初始化...
[2020-04-12 18:59:55:724] [vo.logVo.LogVo.<init>] [INFO] 日志实例已初始化...
[2020-04-12 18:59:55:725] [vo.logVo.LogVo.<init>] [INFO] 日志实例已初始化...
[2020-04-12 18:59:55:725] [vo.logVo.LogVo.<init>] [INFO] 日志实例已初始化...
[2020-04-12 18:59:55:725] [vo.logVo.LogVo.<init>] [INFO] 日志实例已初始化...
[2020-04-12 18:59:55:725] [vo.logVo.LogVo.<init>] [INFO] 日志实例已初始化...
[2020-04-12 18:59:55:726] [vo.logVo.LogVo.<init>] [INFO] 日志实例已初始化...
[2020-04-12 18:59:55:726] [vo.logVo.LogVo.<init>] [INFO] 日志实例已初始化...
[2020-04-12 18:59:55:726] [vo.logVo.LogVo.<init>] [INFO] 日志实例已初始化...
[2020-04-12 18:59:55:726] [vo.logVo.LogVo.<init>] [INFO] 日志实例已初始化...
[2020-04-12 18:59:55:726] [vo.logVo.LogVo.<init>] [INFO] 日志实例已初始化...
[2020-04-12 18:59:55:727] [vo.logVo.LogVo.<init>] [INFO] 日志实例已初始化...
[2020-04-12 18:59:55:727] [vo.logVo.LogVo.<init>] [INFO] 日志实例已初始化...
[2020-04-12 18:59:55:727] [vo.logVo.LogVo.<init>] [INFO] 日志实例已初始化...
[2020-04-12 18:59:55:727] [vo.logVo.LogVo.<init>] [INFO] 日志实例已初始化...
[2020-04-12 18:59:55:728] [vo.logVo.LogVo.<init>] [INFO] 日志实例已初始化...
[2020-04-12 18:59:55:728] [vo.logVo.LogVo.<init>] [INFO] 日志实例已初始化...
[2020-04-12 18:59:55:728] [vo.logVo.LogVo.<init>] [INFO] 日志实例已初始化...
[2020-04-12 18:59:55:728] [vo.logVo.LogVo.<init>] [INFO] 日志实例已初始化...
[2020-04-12 18:59:55:728] [vo.logVo.LogVo.<init>] [INFO] 日志实例已初始化...
[2020-04-12 18:59:55:729] [vo.logVo.LogVo.<init>] [INFO] 日志实例已初始化...
[2020-04-12 18:59:55:729] [vo.logVo.LogVo.<init>] [INFO] 日志实例已初始化...
[2020-04-12 18:59:55:729] [vo.logVo.LogVo.<init>] [INFO] 日志实例已初始化...
[2020-04-12 18:59:55:729] [vo.logVo.LogVo.<init>] [INFO] 日志实例已初始化...
[2020-04-12 18:59:55:730] [vo.logVo.LogVo.<init>] [INFO] 日志实例已初始化...
[2020-04-12 18:59:55:730] [vo.logVo.LogVo.<init>] [INFO] 日志实例已初始化...
[2020-04-12 18:59:55:730] [vo.logVo.LogVo.<init>] [INFO] 日志实例已初始化...
[2020-04-12 18:59:55:730] [vo.logVo.LogVo.<init>] [INFO] 日志实例已初始化...
[2020-04-12 18:59:55:730] [vo.logVo.LogVo.<init>] [INFO] 日志实例已初始化...
[2020-04-12 18:59:55:731] [vo.logVo.LogVo.<init>] [INFO] 日志实例已初始化...
[2020-04-12 18:59:55:731] [vo.logVo.LogVo.<init>] [INFO] 日志实例已初始化...
[2020-04-12 18:59:55:731] [vo.logVo.LogVo.<init>] [INFO] 日志实例已初始化...
[2020-04-12 18:59:55:731] [vo.logVo.LogVo.<init>] [INFO] 日志实例已初始化...
[2020-04-12 18:59:55:732] [vo.logVo.LogVo.<init>] [INFO] 日志实例已初始化...
[2020-04-12 18:59:55:732] [vo.logVo.LogVo.<init>] [INFO] 日志实例已初始化...
[2020-04-12 18:59:55:733] [vo.logVo.LogVo.<init>] [INFO] 日志实例已初始化...
[2020-04-12 18:59:55:733] [vo.logVo.LogVo.<init>] [INFO] 日志实例已初始化...
[2020-04-12 18:59:55:733] [vo.logVo.LogVo.<init>] [INFO] 日志实例已初始化...
[2020-04-12 18:59:55:733] [vo.logVo.LogVo.<init>] [INFO] 日志实例已初始化...
[2020-04-12 18:59:55:734] [vo.logVo.LogVo.<init>] [INFO] 日志实例已初始化...
[2020-04-12 18:59:55:734] [vo.logVo.LogVo.<init>] [INFO] 日志实例已初始化...
[2020-04-12 18:59:55:734] [vo.logVo.LogVo.<init>] [INFO] 日志实例已初始化...
[2020-04-12 18:59:55:734] [vo.logVo.LogVo.<init>] [INFO] 日志实例已初始化...
[2020-04-12 18:59:55:734] [vo.logVo.LogVo.<init>] [INFO] 日志实例已初始化...
[2020-04-12 18:59:55:735] [vo.logVo.LogVo.<init>] [INFO] 日志实例已初始化...
[2020-04-12 18:59:55:735] [vo.logVo.LogVo.<init>] [INFO] 日志实例已初始化...
[2020-04-12 18:59:55:735] [vo.logVo.LogVo.<init>] [INFO] 日志实例已初始化...
[2020-04-12 18:59:55:735] [vo.logVo.LogVo.<init>] [INFO] 日志实例已初始化...
[2020-04-12 18:59:55:735] [vo.logVo.LogVo.<init>] [INFO] 日志实例已初始化...
[2020-04-12 18:59:55:736] [vo.logVo.LogVo.<init>] [INFO] 日志实例已初始化...
[2020-04-12 18:59:55:736] [vo.logVo.LogVo.<init>] [INFO] 日志实例已初始化...
[2020-04-12 18:59:55:736] [vo.logVo.LogVo.<init>] [INFO] 日志实例已初始化...
[2020-04-12 18:59:55:736] [vo.logVo.LogVo.<init>] [INFO] 日志实例已初始化...
[2020-04-12 18:59:55:737] [vo.logVo.LogVo.<init>] [INFO] 日志实例已初始化...
[2020-04-12 18:59:55:737] [vo.logVo.LogVo.<init>] [INFO] 日志实例已初始化...
[2020-04-12 18:59:55:737] [vo.logVo.LogVo.<init>] [INFO] 日志实例已初始化...
[2020-04-12 18:59:55:737] [vo.logVo.LogVo.<init>] [INFO] 日志实例已初始化...
[2020-04-12 18:59:55:738] [vo.logVo.LogVo.<init>] [INFO] 日志实例已初始化...
[2020-04-12 18:59:55:738] [vo.logVo.LogVo.<init>] [INFO] 日志实例已初始化...
[2020-04-12 18:59:55:738] [vo.logVo.LogVo.<init>] [INFO] 日志实例已初始化...
[2020-04-12 18:59:55:738] [vo.logVo.LogVo.<init>] [INFO] 日志实例已初始化...
[2020-04-12 18:59:55:738] [vo.logVo.LogVo.<init>] [INFO] 日志实例已初始化...
[2020-04-12 18:59:55:739] [vo.logVo.LogVo.<init>] [INFO] 日志实例已初始化...
[2020-04-12 18:59:55:739] [vo.logVo.LogVo.<init>] [INFO] 日志实例已初始化...
[2020-04-12 18:59:55:739] [vo.logVo.LogVo.<init>] [INFO] 日志实例已初始化...
[2020-04-12 18:59:55:739] [vo.logVo.LogVo.<init>] [INFO] 日志实例已初始化...
[2020-04-12 18:59:55:740] [vo.logVo.LogVo.<init>] [INFO] 日志实例已初始化...
[2020-04-12 18:59:55:740] [vo.logVo.LogVo.<init>] [INFO] 日志实例已初始化...
[2020-04-12 18:59:55:740] [vo.logVo.LogVo.<init>] [INFO] 日志实例已初始化...
[2020-04-12 18:59:55:740] [vo.logVo.LogVo.<init>] [INFO] 日志实例已初始化...
[2020-04-12 18:59:55:741] [vo.logVo.LogVo.<init>] [INFO] 日志实例已初始化...
[2020-04-12 18:59:55:741] [vo.logVo.LogVo.<init>] [INFO] 日志实例已初始化...
[2020-04-12 18:59:55:741] [vo.logVo.LogVo.<init>] [INFO] 日志实例已初始化...
[2020-04-12 18:59:55:741] [vo.logVo.LogVo.<init>] [INFO] 日志实例已初始化...
[2020-04-12 18:59:55:741] [vo.logVo.LogVo.<init>] [INFO] 日志实例已初始化...
[2020-04-12 18:59:55:742] [vo.logVo.LogVo.<init>] [INFO] 日志实例已初始化...
[2020-04-12 18:59:55:742] [vo.logVo.LogVo.<init>] [INFO] 日志实例已初始化...
[2020-04-12 18:59:55:742] [vo.logVo.LogVo.<init>] [INFO] 日志实例已初始化...
[2020-04-12 18:59:55:742] [vo.logVo.LogVo.<init>] [INFO] 日志实例已初始化...
[2020-04-12 18:59:55:743] [vo.logVo.LogVo.<init>] [INFO] 日志实例已初始化...
[2020-04-12 18:59:55:743] [vo.logVo.LogVo.<init>] [INFO] 日志实例已初始化...
[2020-04-12 18:59:55:744] [vo.logVo.LogVo.<init>] [INFO] 日志实例已初始化...
[2020-04-12 18:59:55:744] [vo.logVo.LogVo.<init>] [INFO] 日志实例已初始化...
[2020-04-12 18:59:55:745] [vo.logVo.LogVo.<init>] [INFO] 日志实例已初始化...
[2020-04-12 18:59:55:745] [vo.logVo.LogVo.<init>] [INFO] 日志实例已初始化...
[2020-04-12 18:59:55:746] [vo.logVo.LogVo.<init>] [INFO] 日志实例已初始化...
[2020-04-12 18:59:55:746] [vo.logVo.LogVo.<init>] [INFO] 日志实例已初始化...
[2020-04-12 18:59:55:746] [vo.logVo.LogVo.<init>] [INFO] 日志实例已初始化...
[2020-04-12 18:59:55:747] [vo.logVo.LogVo.<init>] [INFO] 日志实例已初始化...
[2020-04-12 18:59:55:747] [vo.logVo.LogVo.<init>] [INFO] 日志实例已初始化...
[2020-04-12 18:59:55:748] [vo.logVo.LogVo.<init>] [INFO] 日志实例已初始化...
[2020-04-12 18:59:55:749] [vo.logVo.LogVo.<init>] [INFO] 日志实例已初始化...
[2020-04-12 18:59:55:750] [vo.logVo.LogVo.<init>] [INFO] 日志实例已初始化...
[2020-04-12 18:59:55:750] [vo.logVo.LogVo.<init>] [INFO] 日志实例已初始化...
[2020-04-12 18:59:55:750] [vo.logVo.LogVo.<init>] [INFO] 日志实例已初始化...
[2020-04-12 18:59:55:750] [vo.logVo.LogVo.<init>] [INFO] 日志实例已初始化...
[2020-04-12 18:59:55:751] [vo.logVo.LogVo.<init>] [INFO] 日志实例已初始化...
[2020-04-12 18:59:55:751] [vo.logVo.LogVo.<init>] [INFO] 日志实例已初始化...
[2020-04-12 18:59:55:751] [vo.logVo.LogVo.<init>] [INFO] 日志实例已初始化...
[2020-04-12 18:59:55:751] [vo.logVo.LogVo.<init>] [INFO] 日志实例已初始化...
[2020-04-12 18:59:55:752] [vo.logVo.LogVo.<init>] [INFO] 日志实例已初始化...
[2020-04-12 18:59:55:752] [vo.logVo.LogVo.<init>] [INFO] 日志实例已初始化...
[2020-04-12 18:59:55:752] [vo.logVo.LogVo.<init>] [INFO] 日志实例已初始化...
[2020-04-12 18:59:55:752] [vo.logVo.LogVo.<init>] [INFO] 日志实例已初始化...
[2020-04-12 18:59:55:752] [vo.logVo.LogVo.<init>] [INFO] 日志实例已初始化...
[2020-04-12 18:59:55:753] [vo.logVo.LogVo.<init>] [INFO] 日志实例已初始化...
[2020-04-12 18:59:55:753] [vo.logVo.LogVo.<init>] [INFO] 日志实例已初始化...
[2020-04-12 18:59:55:753] [vo.logVo.LogVo.<init>] [INFO] 日志实例已初始化...
[2020-04-12 18:59:55:753] [vo.logVo.LogVo.<init>] [INFO] 日志实例已初始化...
[2020-04-12 18:59:55:753] [vo.logVo.LogVo.<init>] [INFO] 日志实例已初始化...
[2020-04-12 18:59:55:754] [vo.logVo.LogVo.<init>] [INFO] 日志实例已初始化...
[2020-04-12 18:59:55:754] [vo.logVo.LogVo.<init>] [INFO] 日志实例已初始化...
[2020-04-12 18:59:55:754] [vo.logVo.LogVo.<init>] [INFO] 日志实例已初始化...
[2020-04-12 18:59:55:754] [vo.logVo.LogVo.<init>] [INFO] 日志实例已初始化...
[2020-04-12 18:59:55:755] [vo.logVo.LogVo.<init>] [INFO] 日志实例已初始化...
[2020-04-12 18:59:55:755] [vo.logVo.LogVo.<init>] [INFO] 日志实例已初始化...
[2020-04-12 18:59:55:755] [vo.logVo.LogVo.<init>] [INFO] 日志实例已初始化...
[2020-04-12 18:59:55:755] [vo.logVo.LogVo.<init>] [INFO] 日志实例已初始化...
[2020-04-12 18:59:55:755] [vo.logVo.LogVo.<init>] [INFO] 日志实例已初始化...
[2020-04-12 18:59:55:756] [vo.logVo.LogVo.<init>] [INFO] 日志实例已初始化...
[2020-04-12 18:59:55:756] [vo.logVo.LogVo.<init>] [INFO] 日志实例已初始化...
[2020-04-12 18:59:55:756] [vo.logVo.LogVo.<init>] [INFO] 日志实例已初始化...
[2020-04-12 18:59:55:756] [vo.logVo.LogVo.<init>] [INFO] 日志实例已初始化...
[2020-04-12 18:59:55:757] [vo.logVo.LogVo.<init>] [INFO] 日志实例已初始化...
[2020-04-12 18:59:55:757] [vo.logVo.LogVo.<init>] [INFO] 日志实例已初始化...
[2020-04-12 18:59:55:757] [vo.logVo.LogVo.<init>] [INFO] 日志实例已初始化...
[2020-04-12 18:59:55:757] [vo.logVo.LogVo.<init>] [INFO] 日志实例已初始化...
[2020-04-12 18:59:55:757] [vo.logVo.LogVo.<init>] [INFO] 日志实例已初始化...
[2020-04-12 18:59:55:758] [vo.logVo.LogVo.<init>] [INFO] 日志实例已初始化...
[2020-04-12 18:59:55:758] [vo.logVo.LogVo.<init>] [INFO] 日志实例已初始化...
[2020-04-12 18:59:55:759] [vo.logVo.LogVo.<init>] [INFO] 日志实例已初始化...
[2020-04-12 18:59:55:760] [vo.logVo.LogVo.<init>] [INFO] 日志实例已初始化...
[2020-04-12 18:59:55:760] [vo.logVo.LogVo.<init>] [INFO] 日志实例已初始化...
[2020-04-12 18:59:55:761] [vo.logVo.LogVo.<init>] [INFO] 日志实例已初始化...
[2020-04-12 18:59:55:761] [vo.logVo.LogVo.<init>] [INFO] 日志实例已初始化...
[2020-04-12 18:59:55:761] [vo.logVo.LogVo.<init>] [INFO] 日志实例已初始化...
[2020-04-12 18:59:55:761] [vo.logVo.LogVo.<init>] [INFO] 日志实例已初始化...
[2020-04-12 18:59:55:762] [vo.logVo.LogVo.<init>] [INFO] 日志实例已初始化...
[2020-04-12 18:59:55:762] [vo.logVo.LogVo.<init>] [INFO] 日志实例已初始化...
[2020-04-12 18:59:55:762] [vo.logVo.LogVo.<init>] [INFO] 日志实例已初始化...
[2020-04-12 18:59:55:762] [vo.logVo.LogVo.<init>] [INFO] 日志实例已初始化...
[2020-04-12 18:59:55:763] [vo.logVo.LogVo.<init>] [INFO] 日志实例已初始化...
[2020-04-12 18:59:55:763] [vo.logVo.LogVo.<init>] [INFO] 日志实例已初始化...
[2020-04-12 18:59:55:763] [vo.logVo.LogVo.<init>] [INFO] 日志实例已初始化...
[2020-04-12 18:59:55:763] [vo.logVo.LogVo.<init>] [INFO] 日志实例已初始化...
[2020-04-12 18:59:55:763] [vo.logVo.LogVo.<init>] [INFO] 日志实例已初始化...
[2020-04-12 18:59:55:764] [vo.logVo.LogVo.<init>] [INFO] 日志实例已初始化...
[2020-04-12 18:59:55:764] [vo.logVo.LogVo.<init>] [INFO] 日志实例已初始化...
[2020-04-12 18:59:55:764] [vo.logVo.LogVo.<init>] [INFO] 日志实例已初始化...
[2020-04-12 18:59:55:764] [vo.logVo.LogVo.<init>] [INFO] 日志实例已初始化...
[2020-04-12 18:59:55:765] [vo.logVo.LogVo.<init>] [INFO] 日志实例已初始化...
[2020-04-12 18:59:55:765] [vo.logVo.LogVo.<init>] [INFO] 日志实例已初始化...
[2020-04-12 18:59:55:765] [vo.logVo.LogVo.<init>] [INFO] 日志实例已初始化...
[2020-04-12 18:59:55:765] [vo.logVo.LogVo.<init>] [INFO] 日志实例已初始化...
[2020-04-12 18:59:55:766] [vo.logVo.LogVo.<init>] [INFO] 日志实例已初始化...
[2020-04-12 18:59:55:766] [vo.logVo.LogVo.<init>] [INFO] 日志实例已初始化...
[2020-04-12 18:59:55:766] [vo.logVo.LogVo.<init>] [INFO] 日志实例已初始化...
[2020-04-12 18:59:55:766] [vo.logVo.LogVo.<init>] [INFO] 日志实例已初始化...
[2020-04-12 18:59:55:766] [vo.logVo.LogVo.<init>] [INFO] 日志实例已初始化...
[2020-04-12 18:59:55:767] [vo.logVo.LogVo.<init>] [INFO] 日志实例已初始化...
[2020-04-12 18:59:55:767] [vo.logVo.LogVo.<init>] [INFO] 日志实例已初始化...
[2020-04-12 18:59:55:767] [vo.logVo.LogVo.<init>] [INFO] 日志实例已初始化...
[2020-04-12 18:59:55:767] [vo.logVo.LogVo.<init>] [INFO] 日志实例已初始化...
[2020-04-12 18:59:55:768] [vo.logVo.LogVo.<init>] [INFO] 日志实例已初始化...
[2020-04-12 18:59:55:768] [vo.logVo.LogVo.<init>] [INFO] 日志实例已初始化...
[2020-04-12 18:59:55:768] [vo.logVo.LogVo.<init>] [INFO] 日志实例已初始化...
[2020-04-12 18:59:55:768] [vo.logVo.LogVo.<init>] [INFO] 日志实例已初始化...
[2020-04-12 18:59:55:768] [vo.logVo.LogVo.<init>] [INFO] 日志实例已初始化...
[2020-04-12 18:59:55:769] [vo.logVo.LogVo.<init>] [INFO] 日志实例已初始化...
[2020-04-12 18:59:55:769] [vo.logVo.LogVo.<init>] [INFO] 日志实例已初始化...
[2020-04-12 18:59:55:769] [vo.logVo.LogVo.<init>] [INFO] 日志实例已初始化...
[2020-04-12 18:59:55:769] [vo.logVo.LogVo.<init>] [INFO] 日志实例已初始化...
[2020-04-12 18:59:55:770] [vo.logVo.LogVo.<init>] [INFO] 日志实例已初始化...
[2020-04-12 18:59:55:770] [vo.logVo.LogVo.<init>] [INFO] 日志实例已初始化...
[2020-04-12 18:59:55:770] [vo.logVo.LogVo.<init>] [INFO] 日志实例已初始化...
[2020-04-12 18:59:55:770] [vo.logVo.LogVo.<init>] [INFO] 日志实例已初始化...
[2020-04-12 18:59:55:771] [vo.logVo.LogVo.<init>] [INFO] 日志实例已初始化...
[2020-04-12 18:59:55:771] [vo.logVo.LogVo.<init>] [INFO] 日志实例已初始化...
[2020-04-12 18:59:55:771] [vo.logVo.LogVo.<init>] [INFO] 日志实例已初始化...
[2020-04-12 18:59:55:771] [vo.logVo.LogVo.<init>] [INFO] 日志实例已初始化...
[2020-04-12 18:59:55:771] [vo.logVo.LogVo.<init>] [INFO] 日志实例已初始化...
[2020-04-12 18:59:55:772] [vo.logVo.LogVo.<init>] [INFO] 日志实例已初始化...
[2020-04-12 18:59:55:772] [vo.logVo.LogVo.<init>] [INFO] 日志实例已初始化...
[2020-04-12 18:59:55:772] [vo.logVo.LogVo.<init>] [INFO] 日志实例已初始化...
[2020-04-12 18:59:55:772] [vo.logVo.LogVo.<init>] [INFO] 日志实例已初始化...
[2020-04-12 18:59:55:773] [vo.logVo.LogVo.<init>] [INFO] 日志实例已初始化...
[2020-04-12 18:59:55:773] [vo.logVo.LogVo.<init>] [INFO] 日志实例已初始化...
[2020-04-12 18:59:55:773] [vo.logVo.LogVo.<init>] [INFO] 日志实例已初始化...
[2020-04-12 18:59:55:773] [vo.logVo.LogVo.<init>] [INFO] 日志实例已初始化...
[2020-04-12 18:59:55:773] [vo.logVo.LogVo.<init>] [INFO] 日志实例已初始化...
[2020-04-12 18:59:55:774] [vo.logVo.LogVo.<init>] [INFO] 日志实例已初始化...
[2020-04-12 18:59:55:774] [vo.logVo.LogVo.<init>] [INFO] 日志实例已初始化...
[2020-04-12 18:59:55:774] [vo.logVo.LogVo.<init>] [INFO] 日志实例已初始化...
[2020-04-12 18:59:55:774] [vo.logVo.LogVo.<init>] [INFO] 日志实例已初始化...
[2020-04-12 18:59:55:775] [vo.logVo.LogVo.<init>] [INFO] 日志实例已初始化...
[2020-04-12 18:59:55:775] [vo.logVo.LogVo.<init>] [INFO] 日志实例已初始化...
[2020-04-12 18:59:55:775] [vo.logVo.LogVo.<init>] [INFO] 日志实例已初始化...
[2020-04-12 18:59:55:775] [vo.logVo.LogVo.<init>] [INFO] 日志实例已初始化...
[2020-04-12 18:59:55:775] [vo.logVo.LogVo.<init>] [INFO] 日志实例已初始化...
[2020-04-12 18:59:55:776] [vo.logVo.LogVo.<init>] [INFO] 日志实例已初始化...
[2020-04-12 18:59:55:776] [vo.logVo.LogVo.<init>] [INFO] 日志实例已初始化...
[2020-04-12 18:59:55:776] [vo.logVo.LogVo.<init>] [INFO] 日志实例已初始化...
[2020-04-12 18:59:55:776] [vo.logVo.LogVo.<init>] [INFO] 日志实例已初始化...
[2020-04-12 18:59:55:776] [vo.logVo.LogVo.<init>] [INFO] 日志实例已初始化...
[2020-04-12 18:59:55:777] [vo.logVo.LogVo.<init>] [INFO] 日志实例已初始化...
[2020-04-12 18:59:55:777] [vo.logVo.LogVo.<init>] [INFO] 日志实例已初始化...
[2020-04-12 18:59:55:778] [vo.logVo.LogVo.<init>] [INFO] 日志实例已初始化...
[2020-04-12 18:59:55:778] [vo.logVo.LogVo.<init>] [INFO] 日志实例已初始化...
[2020-04-12 18:59:55:778] [vo.logVo.LogVo.<init>] [INFO] 日志实例已初始化...
[2020-04-12 18:59:55:778] [vo.logVo.LogVo.<init>] [INFO] 日志实例已初始化...
[2020-04-12 18:59:55:779] [vo.logVo.LogVo.<init>] [INFO] 日志实例已初始化...
[2020-04-12 18:59:55:779] [vo.logVo.LogVo.<init>] [INFO] 日志实例已初始化...
[2020-04-12 18:59:55:779] [vo.logVo.LogVo.<init>] [INFO] 日志实例已初始化...
[2020-04-12 18:59:55:779] [vo.logVo.LogVo.<init>] [INFO] 日志实例已初始化...
[2020-04-12 18:59:55:780] [vo.logVo.LogVo.<init>] [INFO] 日志实例已初始化...
[2020-04-12 18:59:55:780] [vo.logVo.LogVo.<init>] [INFO] 日志实例已初始化...
[2020-04-12 18:59:55:780] [vo.logVo.LogVo.<init>] [INFO] 日志实例已初始化...
[2020-04-12 18:59:55:781] [vo.logVo.LogVo.<init>] [INFO] 日志实例已初始化...
[2020-04-12 18:59:55:781] [vo.logVo.LogVo.<init>] [INFO] 日志实例已初始化...
[2020-04-12 18:59:55:781] [vo.logVo.LogVo.<init>] [INFO] 日志实例已初始化...
[2020-04-12 18:59:55:781] [vo.logVo.LogVo.<init>] [INFO] 日志实例已初始化...
[2020-04-12 18:59:55:781] [vo.logVo.LogVo.<init>] [INFO] 日志实例已初始化...
[2020-04-12 18:59:55:782] [vo.logVo.LogVo.<init>] [INFO] 日志实例已初始化...
[2020-04-12 18:59:55:782] [vo.logVo.LogVo.<init>] [INFO] 日志实例已初始化...
[2020-04-12 18:59:55:782] [vo.logVo.LogVo.<init>] [INFO] 日志实例已初始化...
[2020-04-12 18:59:55:783] [vo.logVo.LogVo.<init>] [INFO] 日志实例已初始化...
[2020-04-12 18:59:55:783] [vo.logVo.LogVo.<init>] [INFO] 日志实例已初始化...
[2020-04-12 18:59:55:783] [vo.logVo.LogVo.<init>] [INFO] 日志实例已初始化...
[2020-04-12 18:59:55:783] [vo.logVo.LogVo.<init>] [INFO] 日志实例已初始化...
[2020-04-12 18:59:55:784] [vo.logVo.LogVo.<init>] [INFO] 日志实例已初始化...
[2020-04-12 18:59:55:784] [vo.logVo.LogVo.<init>] [INFO] 日志实例已初始化...
[2020-04-12 18:59:55:784] [vo.logVo.LogVo.<init>] [INFO] 日志实例已初始化...
[2020-04-12 18:59:55:784] [vo.logVo.LogVo.<init>] [INFO] 日志实例已初始化...
[2020-04-12 18:59:55:784] [vo.logVo.LogVo.<init>] [INFO] 日志实例已初始化...
[2020-04-12 18:59:55:785] [vo.logVo.LogVo.<init>] [INFO] 日志实例已初始化...
[2020-04-12 18:59:55:785] [vo.logVo.LogVo.<init>] [INFO] 日志实例已初始化...
[2020-04-12 18:59:55:785] [vo.logVo.LogVo.<init>] [INFO] 日志实例已初始化...
[2020-04-12 18:59:55:785] [vo.logVo.LogVo.<init>] [INFO] 日志实例已初始化...
[2020-04-12 18:59:55:786] [vo.logVo.LogVo.<init>] [INFO] 日志实例已初始化...
[2020-04-12 18:59:55:786] [vo.logVo.LogVo.<init>] [INFO] 日志实例已初始化...
[2020-04-12 18:59:55:786] [vo.logVo.LogVo.<init>] [INFO] 日志实例已初始化...
[2020-04-12 18:59:55:786] [vo.logVo.LogVo.<init>] [INFO] 日志实例已初始化...
[2020-04-12 18:59:55:786] [vo.logVo.LogVo.<init>] [INFO] 日志实例已初始化...
[2020-04-12 18:59:55:787] [vo.logVo.LogVo.<init>] [INFO] 日志实例已初始化...
[2020-04-12 18:59:55:787] [vo.logVo.LogVo.<init>] [INFO] 日志实例已初始化...
[2020-04-12 18:59:55:787] [vo.logVo.LogVo.<init>] [INFO] 日志实例已初始化...
[2020-04-12 18:59:55:787] [vo.logVo.LogVo.<init>] [INFO] 日志实例已初始化...
[2020-04-12 18:59:55:788] [vo.logVo.LogVo.<init>] [INFO] 日志实例已初始化...
[2020-04-12 18:59:55:788] [vo.logVo.LogVo.<init>] [INFO] 日志实例已初始化...
[2020-04-12 18:59:55:788] [vo.logVo.LogVo.<init>] [INFO] 日志实例已初始化...
[2020-04-12 18:59:55:788] [vo.logVo.LogVo.<init>] [INFO] 日志实例已初始化...
[2020-04-12 18:59:55:788] [vo.logVo.LogVo.<init>] [INFO] 日志实例已初始化...
[2020-04-12 18:59:55:789] [vo.logVo.LogVo.<init>] [INFO] 日志实例已初始化...
[2020-04-12 18:59:55:789] [vo.logVo.LogVo.<init>] [INFO] 日志实例已初始化...
[2020-04-12 18:59:55:789] [vo.logVo.LogVo.<init>] [INFO] 日志实例已初始化...
[2020-04-12 18:59:55:789] [vo.logVo.LogVo.<init>] [INFO] 日志实例已初始化...
[2020-04-12 18:59:55:790] [vo.logVo.LogVo.<init>] [INFO] 日志实例已初始化...
[2020-04-12 18:59:55:790] [vo.logVo.LogVo.<init>] [INFO] 日志实例已初始化...
[2020-04-12 18:59:55:790] [vo.logVo.LogVo.<init>] [INFO] 日志实例已初始化...
[2020-04-12 18:59:55:790] [vo.logVo.LogVo.<init>] [INFO] 日志实例已初始化...
[2020-04-12 18:59:55:791] [vo.logVo.LogVo.<init>] [INFO] 日志实例已初始化...
[2020-04-12 18:59:55:791] [vo.logVo.LogVo.<init>] [INFO] 日志实例已初始化...
[2020-04-12 18:59:55:791] [vo.logVo.LogVo.<init>] [INFO] 日志实例已初始化...
[2020-04-12 18:59:55:792] [vo.logVo.LogVo.<init>] [INFO] 日志实例已初始化...
[2020-04-12 18:59:55:792] [vo.logVo.LogVo.<init>] [INFO] 日志实例已初始化...
[2020-04-12 18:59:55:792] [vo.logVo.LogVo.<init>] [INFO] 日志实例已初始化...
[2020-04-12 18:59:55:792] [vo.logVo.LogVo.<init>] [INFO] 日志实例已初始化...
[2020-04-12 18:59:55:792] [vo.logVo.LogVo.<init>] [INFO] 日志实例已初始化...
[2020-04-12 18:59:55:793] [vo.logVo.LogVo.<init>] [INFO] 日志实例已初始化...
[2020-04-12 18:59:55:793] [vo.logVo.LogVo.<init>] [INFO] 日志实例已初始化...
[2020-04-12 18:59:55:793] [vo.logVo.LogVo.<init>] [INFO] 日志实例已初始化...
[2020-04-12 18:59:55:793] [vo.logVo.LogVo.<init>] [INFO] 日志实例已初始化...
[2020-04-12 18:59:55:794] [vo.logVo.LogVo.<init>] [INFO] 日志实例已初始化...
[2020-04-12 18:59:55:794] [vo.logVo.LogVo.<init>] [INFO] 日志实例已初始化...
[2020-04-12 18:59:55:794] [vo.logVo.LogVo.<init>] [INFO] 日志实例已初始化...
[2020-04-12 18:59:55:795] [vo.logVo.LogVo.<init>] [INFO] 日志实例已初始化...
[2020-04-12 18:59:55:795] [vo.logVo.LogVo.<init>] [INFO] 日志实例已初始化...
[2020-04-12 18:59:55:795] [vo.logVo.LogVo.<init>] [INFO] 日志实例已初始化...
[2020-04-12 18:59:55:795] [vo.logVo.LogVo.<init>] [INFO] 日志实例已初始化...
[2020-04-12 18:59:55:796] [vo.logVo.LogVo.<init>] [INFO] 日志实例已初始化...
[2020-04-12 18:59:55:796] [vo.logVo.LogVo.<init>] [INFO] 日志实例已初始化...
[2020-04-12 18:59:55:796] [vo.logVo.LogVo.<init>] [INFO] 日志实例已初始化...
[2020-04-12 18:59:55:796] [vo.logVo.LogVo.<init>] [INFO] 日志实例已初始化...
[2020-04-12 18:59:55:796] [vo.logVo.LogVo.<init>] [INFO] 日志实例已初始化...
[2020-04-12 18:59:55:797] [vo.logVo.LogVo.<init>] [INFO] 日志实例已初始化...
[2020-04-12 18:59:55:797] [vo.logVo.LogVo.<init>] [INFO] 日志实例已初始化...
[2020-04-12 18:59:55:797] [vo.logVo.LogVo.<init>] [INFO] 日志实例已初始化...
[2020-04-12 18:59:55:797] [vo.logVo.LogVo.<init>] [INFO] 日志实例已初始化...
[2020-04-12 18:59:55:797] [vo.logVo.LogVo.<init>] [INFO] 日志实例已初始化...
[2020-04-12 18:59:55:798] [vo.logVo.LogVo.<init>] [INFO] 日志实例已初始化...
[2020-04-12 18:59:55:798] [vo.logVo.LogVo.<init>] [INFO] 日志实例已初始化...
[2020-04-12 18:59:55:798] [vo.logVo.LogVo.<init>] [INFO] 日志实例已初始化...
[2020-04-12 18:59:55:798] [vo.logVo.LogVo.<init>] [INFO] 日志实例已初始化...
[2020-04-12 18:59:55:799] [vo.logVo.LogVo.<init>] [INFO] 日志实例已初始化...
[2020-04-12 18:59:55:799] [vo.logVo.LogVo.<init>] [INFO] 日志实例已初始化...
[2020-04-12 18:59:55:799] [vo.logVo.LogVo.<init>] [INFO] 日志实例已初始化...
[2020-04-12 18:59:55:800] [vo.logVo.LogVo.<init>] [INFO] 日志实例已初始化...
[2020-04-12 18:59:55:800] [vo.logVo.LogVo.<init>] [INFO] 日志实例已初始化...
[2020-04-12 18:59:55:800] [vo.logVo.LogVo.<init>] [INFO] 日志实例已初始化...
[2020-04-12 18:59:55:800] [vo.logVo.LogVo.<init>] [INFO] 日志实例已初始化...
[2020-04-12 18:59:55:800] [vo.logVo.LogVo.<init>] [INFO] 日志实例已初始化...
[2020-04-12 18:59:55:801] [vo.logVo.LogVo.<init>] [INFO] 日志实例已初始化...
[2020-04-12 18:59:55:801] [vo.logVo.LogVo.<init>] [INFO] 日志实例已初始化...
[2020-04-12 18:59:55:801] [vo.logVo.LogVo.<init>] [INFO] 日志实例已初始化...
[2020-04-12 18:59:55:801] [vo.logVo.LogVo.<init>] [INFO] 日志实例已初始化...
[2020-04-12 18:59:55:801] [vo.logVo.LogVo.<init>] [INFO] 日志实例已初始化...
[2020-04-12 18:59:55:802] [vo.logVo.LogVo.<init>] [INFO] 日志实例已初始化...
[2020-04-12 18:59:55:802] [vo.logVo.LogVo.<init>] [INFO] 日志实例已初始化...
[2020-04-12 18:59:55:802] [vo.logVo.LogVo.<init>] [INFO] 日志实例已初始化...
[2020-04-12 18:59:55:803] [vo.logVo.LogVo.<init>] [INFO] 日志实例已初始化...
[2020-04-12 18:59:55:803] [vo.logVo.LogVo.<init>] [INFO] 日志实例已初始化...
[2020-04-12 18:59:55:803] [vo.logVo.LogVo.<init>] [INFO] 日志实例已初始化...
[2020-04-12 18:59:55:803] [vo.logVo.LogVo.<init>] [INFO] 日志实例已初始化...
[2020-04-12 18:59:55:803] [vo.logVo.LogVo.<init>] [INFO] 日志实例已初始化...
[2020-04-12 18:59:55:804] [vo.logVo.LogVo.<init>] [INFO] 日志实例已初始化...
[2020-04-12 18:59:55:804] [vo.logVo.LogVo.<init>] [INFO] 日志实例已初始化...
[2020-04-12 18:59:55:804] [vo.logVo.LogVo.<init>] [INFO] 日志实例已初始化...
[2020-04-12 18:59:55:804] [vo.logVo.LogVo.<init>] [INFO] 日志实例已初始化...
[2020-04-12 18:59:55:805] [vo.logVo.LogVo.<init>] [INFO] 日志实例已初始化...
[2020-04-12 18:59:55:805] [vo.logVo.LogVo.<init>] [INFO] 日志实例已初始化...
[2020-04-12 18:59:55:805] [vo.logVo.LogVo.<init>] [INFO] 日志实例已初始化...
[2020-04-12 18:59:55:805] [vo.logVo.LogVo.<init>] [INFO] 日志实例已初始化...
[2020-04-12 18:59:55:805] [vo.logVo.LogVo.<init>] [INFO] 日志实例已初始化...
[2020-04-12 18:59:55:806] [vo.logVo.LogVo.<init>] [INFO] 日志实例已初始化...
[2020-04-12 18:59:55:806] [vo.logVo.LogVo.<init>] [INFO] 日志实例已初始化...
[2020-04-12 18:59:55:807] [vo.logVo.LogVo.<init>] [INFO] 日志实例已初始化...
[2020-04-12 18:59:55:807] [vo.logVo.LogVo.<init>] [INFO] 日志实例已初始化...
[2020-04-12 18:59:55:807] [vo.logVo.LogVo.<init>] [INFO] 日志实例已初始化...
[2020-04-12 18:59:55:807] [vo.logVo.LogVo.<init>] [INFO] 日志实例已初始化...
[2020-04-12 18:59:55:807] [vo.logVo.LogVo.<init>] [INFO] 日志实例已初始化...
[2020-04-12 18:59:55:807] [vo.logVo.LogVo.<init>] [INFO] 日志实例已初始化...
[2020-04-12 18:59:55:807] [vo.logVo.LogVo.<init>] [INFO] 日志实例已初始化...
[2020-04-12 18:59:55:808] [vo.logVo.LogVo.<init>] [INFO] 日志实例已初始化...
[2020-04-12 18:59:55:808] [vo.logVo.LogVo.<init>] [INFO] 日志实例已初始化...
[2020-04-12 18:59:55:808] [vo.logVo.LogVo.<init>] [INFO] 日志实例已初始化...
[2020-04-12 18:59:55:809] [vo.logVo.LogVo.<init>] [INFO] 日志实例已初始化...
[2020-04-12 18:59:55:810] [vo.logVo.LogVo.<init>] [INFO] 日志实例已初始化...
[2020-04-12 18:59:55:810] [vo.logVo.LogVo.<init>] [INFO] 日志实例已初始化...
[2020-04-12 18:59:55:811] [vo.logVo.LogVo.<init>] [INFO] 日志实例已初始化...
[2020-04-12 18:59:55:812] [vo.logVo.LogVo.<init>] [INFO] 日志实例已初始化...
[2020-04-12 18:59:55:812] [vo.logVo.LogVo.<init>] [INFO] 日志实例已初始化...
[2020-04-12 18:59:55:812] [vo.logVo.LogVo.<init>] [INFO] 日志实例已初始化...
[2020-04-12 18:59:55:812] [vo.logVo.LogVo.<init>] [INFO] 日志实例已初始化...
[2020-04-12 18:59:55:813] [vo.logVo.LogVo.<init>] [INFO] 日志实例已初始化...
[2020-04-12 18:59:55:813] [vo.logVo.LogVo.<init>] [INFO] 日志实例已初始化...
[2020-04-12 18:59:55:813] [vo.logVo.LogVo.<init>] [INFO] 日志实例已初始化...
[2020-04-12 18:59:55:813] [vo.logVo.LogVo.<init>] [INFO] 日志实例已初始化...
[2020-04-12 18:59:55:813] [vo.logVo.LogVo.<init>] [INFO] 日志实例已初始化...
[2020-04-12 18:59:55:814] [vo.logVo.LogVo.<init>] [INFO] 日志实例已初始化...
[2020-04-12 18:59:55:814] [vo.logVo.LogVo.<init>] [INFO] 日志实例已初始化...
[2020-04-12 18:59:55:814] [vo.logVo.LogVo.<init>] [INFO] 日志实例已初始化...
[2020-04-12 18:59:55:814] [vo.logVo.LogVo.<init>] [INFO] 日志实例已初始化...
[2020-04-12 18:59:55:815] [vo.logVo.LogVo.<init>] [INFO] 日志实例已初始化...
[2020-04-12 18:59:55:815] [vo.logVo.LogVo.<init>] [INFO] 日志实例已初始化...
[2020-04-12 18:59:55:821] [action.userAction.LoginAction.execute] [INFO] 该用户已登录，请稍后再试！
[2020-04-12 19:31:13:058] [util.MyApplicationContextAnnotion.<init>] [INFO] 获取上下文工具类初始化成功!
[2020-04-12 19:31:13:924] [aop.AnnotationCommenAop.<init>] [INFO] 注解式切面已初始化...
[2020-04-12 19:31:16:011] [vo.logVo.LogVo.<init>] [INFO] 日志实例已初始化...
[2020-04-12 19:31:16:568] [aop.ConfigCommenAop.<init>] [INFO] 切面已初始化...
[2020-04-12 19:31:16:616] [vo.logVo.LogVo.<init>] [INFO] 日志实例已初始化...
[2020-04-12 19:31:16:628] [webservice.WebServiceInterface.<init>] [INFO] spring管理web service1
[2020-04-12 19:31:40:155] [action.userAction.LoginAction.destroySession] [INFO] admin退出成功！
[2020-04-12 19:31:47:902] [vo.logVo.LogVo.<init>] [INFO] 日志实例已初始化...
[2020-04-12 19:31:47:910] [vo.logVo.LogVo.<init>] [INFO] 日志实例已初始化...
[2020-04-12 19:31:47:911] [vo.logVo.LogVo.<init>] [INFO] 日志实例已初始化...
[2020-04-12 19:31:47:912] [vo.logVo.LogVo.<init>] [INFO] 日志实例已初始化...
[2020-04-12 19:31:47:913] [vo.logVo.LogVo.<init>] [INFO] 日志实例已初始化...
[2020-04-12 19:31:47:914] [vo.logVo.LogVo.<init>] [INFO] 日志实例已初始化...
[2020-04-12 19:31:47:915] [vo.logVo.LogVo.<init>] [INFO] 日志实例已初始化...
[2020-04-12 19:31:47:915] [vo.logVo.LogVo.<init>] [INFO] 日志实例已初始化...
[2020-04-12 19:31:47:916] [vo.logVo.LogVo.<init>] [INFO] 日志实例已初始化...
[2020-04-12 19:31:47:917] [vo.logVo.LogVo.<init>] [INFO] 日志实例已初始化...
[2020-04-12 19:31:47:918] [vo.logVo.LogVo.<init>] [INFO] 日志实例已初始化...
[2020-04-12 19:31:47:918] [vo.logVo.LogVo.<init>] [INFO] 日志实例已初始化...
[2020-04-12 19:31:47:919] [vo.logVo.LogVo.<init>] [INFO] 日志实例已初始化...
[2020-04-12 19:31:47:922] [vo.logVo.LogVo.<init>] [INFO] 日志实例已初始化...
[2020-04-12 19:31:47:923] [vo.logVo.LogVo.<init>] [INFO] 日志实例已初始化...
[2020-04-12 19:31:47:924] [vo.logVo.LogVo.<init>] [INFO] 日志实例已初始化...
[2020-04-12 19:31:47:926] [vo.logVo.LogVo.<init>] [INFO] 日志实例已初始化...
[2020-04-12 19:31:47:927] [vo.logVo.LogVo.<init>] [INFO] 日志实例已初始化...
[2020-04-12 19:31:47:928] [vo.logVo.LogVo.<init>] [INFO] 日志实例已初始化...
[2020-04-12 19:31:47:929] [vo.logVo.LogVo.<init>] [INFO] 日志实例已初始化...
[2020-04-12 19:31:47:930] [vo.logVo.LogVo.<init>] [INFO] 日志实例已初始化...
[2020-04-12 19:31:47:931] [vo.logVo.LogVo.<init>] [INFO] 日志实例已初始化...
[2020-04-12 19:31:47:932] [vo.logVo.LogVo.<init>] [INFO] 日志实例已初始化...
[2020-04-12 19:31:47:932] [vo.logVo.LogVo.<init>] [INFO] 日志实例已初始化...
[2020-04-12 19:31:47:933] [vo.logVo.LogVo.<init>] [INFO] 日志实例已初始化...
[2020-04-12 19:31:47:934] [vo.logVo.LogVo.<init>] [INFO] 日志实例已初始化...
[2020-04-12 19:31:47:934] [vo.logVo.LogVo.<init>] [INFO] 日志实例已初始化...
[2020-04-12 19:31:47:935] [vo.logVo.LogVo.<init>] [INFO] 日志实例已初始化...
[2020-04-12 19:31:47:935] [vo.logVo.LogVo.<init>] [INFO] 日志实例已初始化...
[2020-04-12 19:31:47:936] [vo.logVo.LogVo.<init>] [INFO] 日志实例已初始化...
[2020-04-12 19:31:47:936] [vo.logVo.LogVo.<init>] [INFO] 日志实例已初始化...
[2020-04-12 19:31:47:937] [vo.logVo.LogVo.<init>] [INFO] 日志实例已初始化...
[2020-04-12 19:31:47:937] [vo.logVo.LogVo.<init>] [INFO] 日志实例已初始化...
[2020-04-12 19:31:47:937] [vo.logVo.LogVo.<init>] [INFO] 日志实例已初始化...
[2020-04-12 19:31:47:938] [vo.logVo.LogVo.<init>] [INFO] 日志实例已初始化...
[2020-04-12 19:31:47:939] [vo.logVo.LogVo.<init>] [INFO] 日志实例已初始化...
[2020-04-12 19:31:47:939] [vo.logVo.LogVo.<init>] [INFO] 日志实例已初始化...
[2020-04-12 19:31:47:940] [vo.logVo.LogVo.<init>] [INFO] 日志实例已初始化...
[2020-04-12 19:31:47:941] [vo.logVo.LogVo.<init>] [INFO] 日志实例已初始化...
[2020-04-12 19:31:47:942] [vo.logVo.LogVo.<init>] [INFO] 日志实例已初始化...
[2020-04-12 19:31:47:942] [vo.logVo.LogVo.<init>] [INFO] 日志实例已初始化...
[2020-04-12 19:31:47:944] [vo.logVo.LogVo.<init>] [INFO] 日志实例已初始化...
[2020-04-12 19:31:47:948] [vo.logVo.LogVo.<init>] [INFO] 日志实例已初始化...
[2020-04-12 19:31:47:949] [vo.logVo.LogVo.<init>] [INFO] 日志实例已初始化...
[2020-04-12 19:31:47:950] [vo.logVo.LogVo.<init>] [INFO] 日志实例已初始化...
[2020-04-12 19:31:47:951] [vo.logVo.LogVo.<init>] [INFO] 日志实例已初始化...
[2020-04-12 19:31:47:952] [vo.logVo.LogVo.<init>] [INFO] 日志实例已初始化...
[2020-04-12 19:31:47:953] [vo.logVo.LogVo.<init>] [INFO] 日志实例已初始化...
[2020-04-12 19:31:47:955] [vo.logVo.LogVo.<init>] [INFO] 日志实例已初始化...
[2020-04-12 19:31:47:956] [vo.logVo.LogVo.<init>] [INFO] 日志实例已初始化...
[2020-04-12 19:31:47:958] [vo.logVo.LogVo.<init>] [INFO] 日志实例已初始化...
[2020-04-12 19:31:47:959] [vo.logVo.LogVo.<init>] [INFO] 日志实例已初始化...
[2020-04-12 19:31:47:963] [vo.logVo.LogVo.<init>] [INFO] 日志实例已初始化...
[2020-04-12 19:31:47:965] [vo.logVo.LogVo.<init>] [INFO] 日志实例已初始化...
[2020-04-12 19:31:47:967] [vo.logVo.LogVo.<init>] [INFO] 日志实例已初始化...
[2020-04-12 19:31:47:968] [vo.logVo.LogVo.<init>] [INFO] 日志实例已初始化...
[2020-04-12 19:31:47:969] [vo.logVo.LogVo.<init>] [INFO] 日志实例已初始化...
[2020-04-12 19:31:47:970] [vo.logVo.LogVo.<init>] [INFO] 日志实例已初始化...
[2020-04-12 19:31:47:972] [vo.logVo.LogVo.<init>] [INFO] 日志实例已初始化...
[2020-04-12 19:31:47:973] [vo.logVo.LogVo.<init>] [INFO] 日志实例已初始化...
[2020-04-12 19:31:47:974] [vo.logVo.LogVo.<init>] [INFO] 日志实例已初始化...
[2020-04-12 19:31:47:975] [vo.logVo.LogVo.<init>] [INFO] 日志实例已初始化...
[2020-04-12 19:31:47:978] [vo.logVo.LogVo.<init>] [INFO] 日志实例已初始化...
[2020-04-12 19:31:47:981] [vo.logVo.LogVo.<init>] [INFO] 日志实例已初始化...
[2020-04-12 19:31:47:982] [vo.logVo.LogVo.<init>] [INFO] 日志实例已初始化...
[2020-04-12 19:31:47:983] [vo.logVo.LogVo.<init>] [INFO] 日志实例已初始化...
[2020-04-12 19:31:47:985] [vo.logVo.LogVo.<init>] [INFO] 日志实例已初始化...
[2020-04-12 19:31:47:986] [vo.logVo.LogVo.<init>] [INFO] 日志实例已初始化...
[2020-04-12 19:31:47:987] [vo.logVo.LogVo.<init>] [INFO] 日志实例已初始化...
[2020-04-12 19:31:47:988] [vo.logVo.LogVo.<init>] [INFO] 日志实例已初始化...
[2020-04-12 19:31:47:989] [vo.logVo.LogVo.<init>] [INFO] 日志实例已初始化...
[2020-04-12 19:31:47:989] [vo.logVo.LogVo.<init>] [INFO] 日志实例已初始化...
[2020-04-12 19:31:47:990] [vo.logVo.LogVo.<init>] [INFO] 日志实例已初始化...
[2020-04-12 19:31:47:990] [vo.logVo.LogVo.<init>] [INFO] 日志实例已初始化...
[2020-04-12 19:31:47:991] [vo.logVo.LogVo.<init>] [INFO] 日志实例已初始化...
[2020-04-12 19:31:47:992] [vo.logVo.LogVo.<init>] [INFO] 日志实例已初始化...
[2020-04-12 19:31:47:994] [vo.logVo.LogVo.<init>] [INFO] 日志实例已初始化...
[2020-04-12 19:31:47:996] [vo.logVo.LogVo.<init>] [INFO] 日志实例已初始化...
[2020-04-12 19:31:47:997] [vo.logVo.LogVo.<init>] [INFO] 日志实例已初始化...
[2020-04-12 19:31:47:997] [vo.logVo.LogVo.<init>] [INFO] 日志实例已初始化...
[2020-04-12 19:31:47:998] [vo.logVo.LogVo.<init>] [INFO] 日志实例已初始化...
[2020-04-12 19:31:47:998] [vo.logVo.LogVo.<init>] [INFO] 日志实例已初始化...
[2020-04-12 19:31:47:999] [vo.logVo.LogVo.<init>] [INFO] 日志实例已初始化...
[2020-04-12 19:31:47:999] [vo.logVo.LogVo.<init>] [INFO] 日志实例已初始化...
[2020-04-12 19:31:48:000] [vo.logVo.LogVo.<init>] [INFO] 日志实例已初始化...
[2020-04-12 19:31:48:000] [vo.logVo.LogVo.<init>] [INFO] 日志实例已初始化...
[2020-04-12 19:31:48:001] [vo.logVo.LogVo.<init>] [INFO] 日志实例已初始化...
[2020-04-12 19:31:48:001] [vo.logVo.LogVo.<init>] [INFO] 日志实例已初始化...
[2020-04-12 19:31:48:002] [vo.logVo.LogVo.<init>] [INFO] 日志实例已初始化...
[2020-04-12 19:31:48:002] [vo.logVo.LogVo.<init>] [INFO] 日志实例已初始化...
[2020-04-12 19:31:48:003] [vo.logVo.LogVo.<init>] [INFO] 日志实例已初始化...
[2020-04-12 19:31:48:004] [vo.logVo.LogVo.<init>] [INFO] 日志实例已初始化...
[2020-04-12 19:31:48:004] [vo.logVo.LogVo.<init>] [INFO] 日志实例已初始化...
[2020-04-12 19:31:48:005] [vo.logVo.LogVo.<init>] [INFO] 日志实例已初始化...
[2020-04-12 19:31:48:006] [vo.logVo.LogVo.<init>] [INFO] 日志实例已初始化...
[2020-04-12 19:31:48:006] [vo.logVo.LogVo.<init>] [INFO] 日志实例已初始化...
[2020-04-12 19:31:48:007] [vo.logVo.LogVo.<init>] [INFO] 日志实例已初始化...
[2020-04-12 19:31:48:008] [vo.logVo.LogVo.<init>] [INFO] 日志实例已初始化...
[2020-04-12 19:31:48:012] [vo.logVo.LogVo.<init>] [INFO] 日志实例已初始化...
[2020-04-12 19:31:48:014] [vo.logVo.LogVo.<init>] [INFO] 日志实例已初始化...
[2020-04-12 19:31:48:015] [vo.logVo.LogVo.<init>] [INFO] 日志实例已初始化...
[2020-04-12 19:31:48:016] [vo.logVo.LogVo.<init>] [INFO] 日志实例已初始化...
[2020-04-12 19:31:48:016] [vo.logVo.LogVo.<init>] [INFO] 日志实例已初始化...
[2020-04-12 19:31:48:017] [vo.logVo.LogVo.<init>] [INFO] 日志实例已初始化...
[2020-04-12 19:31:48:017] [vo.logVo.LogVo.<init>] [INFO] 日志实例已初始化...
[2020-04-12 19:31:48:018] [vo.logVo.LogVo.<init>] [INFO] 日志实例已初始化...
[2020-04-12 19:31:48:019] [vo.logVo.LogVo.<init>] [INFO] 日志实例已初始化...
[2020-04-12 19:31:48:020] [vo.logVo.LogVo.<init>] [INFO] 日志实例已初始化...
[2020-04-12 19:31:48:020] [vo.logVo.LogVo.<init>] [INFO] 日志实例已初始化...
[2020-04-12 19:31:48:023] [vo.logVo.LogVo.<init>] [INFO] 日志实例已初始化...
[2020-04-12 19:31:48:025] [vo.logVo.LogVo.<init>] [INFO] 日志实例已初始化...
[2020-04-12 19:31:48:028] [vo.logVo.LogVo.<init>] [INFO] 日志实例已初始化...
[2020-04-12 19:31:48:029] [vo.logVo.LogVo.<init>] [INFO] 日志实例已初始化...
[2020-04-12 19:31:48:030] [vo.logVo.LogVo.<init>] [INFO] 日志实例已初始化...
[2020-04-12 19:31:48:031] [vo.logVo.LogVo.<init>] [INFO] 日志实例已初始化...
[2020-04-12 19:31:48:032] [vo.logVo.LogVo.<init>] [INFO] 日志实例已初始化...
[2020-04-12 19:31:48:033] [vo.logVo.LogVo.<init>] [INFO] 日志实例已初始化...
[2020-04-12 19:31:48:036] [vo.logVo.LogVo.<init>] [INFO] 日志实例已初始化...
[2020-04-12 19:31:48:037] [vo.logVo.LogVo.<init>] [INFO] 日志实例已初始化...
[2020-04-12 19:31:48:038] [vo.logVo.LogVo.<init>] [INFO] 日志实例已初始化...
[2020-04-12 19:31:48:041] [vo.logVo.LogVo.<init>] [INFO] 日志实例已初始化...
[2020-04-12 19:31:48:043] [vo.logVo.LogVo.<init>] [INFO] 日志实例已初始化...
[2020-04-12 19:31:48:045] [vo.logVo.LogVo.<init>] [INFO] 日志实例已初始化...
[2020-04-12 19:31:48:046] [vo.logVo.LogVo.<init>] [INFO] 日志实例已初始化...
[2020-04-12 19:31:48:047] [vo.logVo.LogVo.<init>] [INFO] 日志实例已初始化...
[2020-04-12 19:31:48:048] [vo.logVo.LogVo.<init>] [INFO] 日志实例已初始化...
[2020-04-12 19:31:48:049] [vo.logVo.LogVo.<init>] [INFO] 日志实例已初始化...
[2020-04-12 19:31:48:055] [vo.logVo.LogVo.<init>] [INFO] 日志实例已初始化...
[2020-04-12 19:31:48:058] [vo.logVo.LogVo.<init>] [INFO] 日志实例已初始化...
[2020-04-12 19:31:48:061] [vo.logVo.LogVo.<init>] [INFO] 日志实例已初始化...
[2020-04-12 19:31:48:061] [vo.logVo.LogVo.<init>] [INFO] 日志实例已初始化...
[2020-04-12 19:31:48:062] [vo.logVo.LogVo.<init>] [INFO] 日志实例已初始化...
[2020-04-12 19:31:48:063] [vo.logVo.LogVo.<init>] [INFO] 日志实例已初始化...
[2020-04-12 19:31:48:064] [vo.logVo.LogVo.<init>] [INFO] 日志实例已初始化...
[2020-04-12 19:31:48:065] [vo.logVo.LogVo.<init>] [INFO] 日志实例已初始化...
[2020-04-12 19:31:48:066] [vo.logVo.LogVo.<init>] [INFO] 日志实例已初始化...
[2020-04-12 19:31:48:067] [vo.logVo.LogVo.<init>] [INFO] 日志实例已初始化...
[2020-04-12 19:31:48:068] [vo.logVo.LogVo.<init>] [INFO] 日志实例已初始化...
[2020-04-12 19:31:48:069] [vo.logVo.LogVo.<init>] [INFO] 日志实例已初始化...
[2020-04-12 19:31:48:070] [vo.logVo.LogVo.<init>] [INFO] 日志实例已初始化...
[2020-04-12 19:31:48:071] [vo.logVo.LogVo.<init>] [INFO] 日志实例已初始化...
[2020-04-12 19:31:48:072] [vo.logVo.LogVo.<init>] [INFO] 日志实例已初始化...
[2020-04-12 19:31:48:073] [vo.logVo.LogVo.<init>] [INFO] 日志实例已初始化...
[2020-04-12 19:31:48:075] [vo.logVo.LogVo.<init>] [INFO] 日志实例已初始化...
[2020-04-12 19:31:48:077] [vo.logVo.LogVo.<init>] [INFO] 日志实例已初始化...
[2020-04-12 19:31:48:078] [vo.logVo.LogVo.<init>] [INFO] 日志实例已初始化...
[2020-04-12 19:31:48:079] [vo.logVo.LogVo.<init>] [INFO] 日志实例已初始化...
[2020-04-12 19:31:48:080] [vo.logVo.LogVo.<init>] [INFO] 日志实例已初始化...
[2020-04-12 19:31:48:081] [vo.logVo.LogVo.<init>] [INFO] 日志实例已初始化...
[2020-04-12 19:31:48:082] [vo.logVo.LogVo.<init>] [INFO] 日志实例已初始化...
[2020-04-12 19:31:48:082] [vo.logVo.LogVo.<init>] [INFO] 日志实例已初始化...
[2020-04-12 19:31:48:083] [vo.logVo.LogVo.<init>] [INFO] 日志实例已初始化...
[2020-04-12 19:31:48:083] [vo.logVo.LogVo.<init>] [INFO] 日志实例已初始化...
[2020-04-12 19:31:48:084] [vo.logVo.LogVo.<init>] [INFO] 日志实例已初始化...
[2020-04-12 19:31:48:085] [vo.logVo.LogVo.<init>] [INFO] 日志实例已初始化...
[2020-04-12 19:31:48:085] [vo.logVo.LogVo.<init>] [INFO] 日志实例已初始化...
[2020-04-12 19:31:48:085] [vo.logVo.LogVo.<init>] [INFO] 日志实例已初始化...
[2020-04-12 19:31:48:086] [vo.logVo.LogVo.<init>] [INFO] 日志实例已初始化...
[2020-04-12 19:31:48:087] [vo.logVo.LogVo.<init>] [INFO] 日志实例已初始化...
[2020-04-12 19:31:48:087] [vo.logVo.LogVo.<init>] [INFO] 日志实例已初始化...
[2020-04-12 19:31:48:088] [vo.logVo.LogVo.<init>] [INFO] 日志实例已初始化...
[2020-04-12 19:31:48:088] [vo.logVo.LogVo.<init>] [INFO] 日志实例已初始化...
[2020-04-12 19:31:48:089] [vo.logVo.LogVo.<init>] [INFO] 日志实例已初始化...
[2020-04-12 19:31:48:089] [vo.logVo.LogVo.<init>] [INFO] 日志实例已初始化...
[2020-04-12 19:31:48:090] [vo.logVo.LogVo.<init>] [INFO] 日志实例已初始化...
[2020-04-12 19:31:48:090] [vo.logVo.LogVo.<init>] [INFO] 日志实例已初始化...
[2020-04-12 19:31:48:091] [vo.logVo.LogVo.<init>] [INFO] 日志实例已初始化...
[2020-04-12 19:31:48:092] [vo.logVo.LogVo.<init>] [INFO] 日志实例已初始化...
[2020-04-12 19:31:48:092] [vo.logVo.LogVo.<init>] [INFO] 日志实例已初始化...
[2020-04-12 19:31:48:093] [vo.logVo.LogVo.<init>] [INFO] 日志实例已初始化...
[2020-04-12 19:31:48:095] [vo.logVo.LogVo.<init>] [INFO] 日志实例已初始化...
[2020-04-12 19:31:48:096] [vo.logVo.LogVo.<init>] [INFO] 日志实例已初始化...
[2020-04-12 19:31:48:097] [vo.logVo.LogVo.<init>] [INFO] 日志实例已初始化...
[2020-04-12 19:31:48:098] [vo.logVo.LogVo.<init>] [INFO] 日志实例已初始化...
[2020-04-12 19:31:48:099] [vo.logVo.LogVo.<init>] [INFO] 日志实例已初始化...
[2020-04-12 19:31:48:100] [vo.logVo.LogVo.<init>] [INFO] 日志实例已初始化...
[2020-04-12 19:31:48:102] [vo.logVo.LogVo.<init>] [INFO] 日志实例已初始化...
[2020-04-12 19:31:48:103] [vo.logVo.LogVo.<init>] [INFO] 日志实例已初始化...
[2020-04-12 19:31:48:103] [vo.logVo.LogVo.<init>] [INFO] 日志实例已初始化...
[2020-04-12 19:31:48:104] [vo.logVo.LogVo.<init>] [INFO] 日志实例已初始化...
[2020-04-12 19:31:48:105] [vo.logVo.LogVo.<init>] [INFO] 日志实例已初始化...
[2020-04-12 19:31:48:105] [vo.logVo.LogVo.<init>] [INFO] 日志实例已初始化...
[2020-04-12 19:31:48:106] [vo.logVo.LogVo.<init>] [INFO] 日志实例已初始化...
[2020-04-12 19:31:48:107] [vo.logVo.LogVo.<init>] [INFO] 日志实例已初始化...
[2020-04-12 19:31:48:109] [vo.logVo.LogVo.<init>] [INFO] 日志实例已初始化...
[2020-04-12 19:31:48:111] [vo.logVo.LogVo.<init>] [INFO] 日志实例已初始化...
[2020-04-12 19:31:48:112] [vo.logVo.LogVo.<init>] [INFO] 日志实例已初始化...
[2020-04-12 19:31:48:113] [vo.logVo.LogVo.<init>] [INFO] 日志实例已初始化...
[2020-04-12 19:31:48:114] [vo.logVo.LogVo.<init>] [INFO] 日志实例已初始化...
[2020-04-12 19:31:48:115] [vo.logVo.LogVo.<init>] [INFO] 日志实例已初始化...
[2020-04-12 19:31:48:116] [vo.logVo.LogVo.<init>] [INFO] 日志实例已初始化...
[2020-04-12 19:31:48:117] [vo.logVo.LogVo.<init>] [INFO] 日志实例已初始化...
[2020-04-12 19:31:48:117] [vo.logVo.LogVo.<init>] [INFO] 日志实例已初始化...
[2020-04-12 19:31:48:118] [vo.logVo.LogVo.<init>] [INFO] 日志实例已初始化...
[2020-04-12 19:31:48:119] [vo.logVo.LogVo.<init>] [INFO] 日志实例已初始化...
[2020-04-12 19:31:48:119] [vo.logVo.LogVo.<init>] [INFO] 日志实例已初始化...
[2020-04-12 19:31:48:120] [vo.logVo.LogVo.<init>] [INFO] 日志实例已初始化...
[2020-04-12 19:31:48:120] [vo.logVo.LogVo.<init>] [INFO] 日志实例已初始化...
[2020-04-12 19:31:48:121] [vo.logVo.LogVo.<init>] [INFO] 日志实例已初始化...
[2020-04-12 19:31:48:121] [vo.logVo.LogVo.<init>] [INFO] 日志实例已初始化...
[2020-04-12 19:31:48:121] [vo.logVo.LogVo.<init>] [INFO] 日志实例已初始化...
[2020-04-12 19:31:48:122] [vo.logVo.LogVo.<init>] [INFO] 日志实例已初始化...
[2020-04-12 19:31:48:122] [vo.logVo.LogVo.<init>] [INFO] 日志实例已初始化...
[2020-04-12 19:31:48:122] [vo.logVo.LogVo.<init>] [INFO] 日志实例已初始化...
[2020-04-12 19:31:48:123] [vo.logVo.LogVo.<init>] [INFO] 日志实例已初始化...
[2020-04-12 19:31:48:124] [vo.logVo.LogVo.<init>] [INFO] 日志实例已初始化...
[2020-04-12 19:31:48:124] [vo.logVo.LogVo.<init>] [INFO] 日志实例已初始化...
[2020-04-12 19:31:48:125] [vo.logVo.LogVo.<init>] [INFO] 日志实例已初始化...
[2020-04-12 19:31:48:126] [vo.logVo.LogVo.<init>] [INFO] 日志实例已初始化...
[2020-04-12 19:31:48:126] [vo.logVo.LogVo.<init>] [INFO] 日志实例已初始化...
[2020-04-12 19:31:48:127] [vo.logVo.LogVo.<init>] [INFO] 日志实例已初始化...
[2020-04-12 19:31:48:128] [vo.logVo.LogVo.<init>] [INFO] 日志实例已初始化...
[2020-04-12 19:31:48:128] [vo.logVo.LogVo.<init>] [INFO] 日志实例已初始化...
[2020-04-12 19:31:48:129] [vo.logVo.LogVo.<init>] [INFO] 日志实例已初始化...
[2020-04-12 19:31:48:130] [vo.logVo.LogVo.<init>] [INFO] 日志实例已初始化...
[2020-04-12 19:31:48:130] [vo.logVo.LogVo.<init>] [INFO] 日志实例已初始化...
[2020-04-12 19:31:48:131] [vo.logVo.LogVo.<init>] [INFO] 日志实例已初始化...
[2020-04-12 19:31:48:131] [vo.logVo.LogVo.<init>] [INFO] 日志实例已初始化...
[2020-04-12 19:31:48:132] [vo.logVo.LogVo.<init>] [INFO] 日志实例已初始化...
[2020-04-12 19:31:48:132] [vo.logVo.LogVo.<init>] [INFO] 日志实例已初始化...
[2020-04-12 19:31:48:133] [vo.logVo.LogVo.<init>] [INFO] 日志实例已初始化...
[2020-04-12 19:31:48:133] [vo.logVo.LogVo.<init>] [INFO] 日志实例已初始化...
[2020-04-12 19:31:48:134] [vo.logVo.LogVo.<init>] [INFO] 日志实例已初始化...
[2020-04-12 19:31:48:134] [vo.logVo.LogVo.<init>] [INFO] 日志实例已初始化...
[2020-04-12 19:31:48:135] [vo.logVo.LogVo.<init>] [INFO] 日志实例已初始化...
[2020-04-12 19:31:48:135] [vo.logVo.LogVo.<init>] [INFO] 日志实例已初始化...
[2020-04-12 19:31:48:135] [vo.logVo.LogVo.<init>] [INFO] 日志实例已初始化...
[2020-04-12 19:31:48:136] [vo.logVo.LogVo.<init>] [INFO] 日志实例已初始化...
[2020-04-12 19:31:48:136] [vo.logVo.LogVo.<init>] [INFO] 日志实例已初始化...
[2020-04-12 19:31:48:137] [vo.logVo.LogVo.<init>] [INFO] 日志实例已初始化...
[2020-04-12 19:31:48:137] [vo.logVo.LogVo.<init>] [INFO] 日志实例已初始化...
[2020-04-12 19:31:48:138] [vo.logVo.LogVo.<init>] [INFO] 日志实例已初始化...
[2020-04-12 19:31:48:139] [vo.logVo.LogVo.<init>] [INFO] 日志实例已初始化...
[2020-04-12 19:31:48:140] [vo.logVo.LogVo.<init>] [INFO] 日志实例已初始化...
[2020-04-12 19:31:48:140] [vo.logVo.LogVo.<init>] [INFO] 日志实例已初始化...
[2020-04-12 19:31:48:142] [vo.logVo.LogVo.<init>] [INFO] 日志实例已初始化...
[2020-04-12 19:31:48:144] [vo.logVo.LogVo.<init>] [INFO] 日志实例已初始化...
[2020-04-12 19:31:48:145] [vo.logVo.LogVo.<init>] [INFO] 日志实例已初始化...
[2020-04-12 19:31:48:145] [vo.logVo.LogVo.<init>] [INFO] 日志实例已初始化...
[2020-04-12 19:31:48:146] [vo.logVo.LogVo.<init>] [INFO] 日志实例已初始化...
[2020-04-12 19:31:48:146] [vo.logVo.LogVo.<init>] [INFO] 日志实例已初始化...
[2020-04-12 19:31:48:147] [vo.logVo.LogVo.<init>] [INFO] 日志实例已初始化...
[2020-04-12 19:31:48:147] [vo.logVo.LogVo.<init>] [INFO] 日志实例已初始化...
[2020-04-12 19:31:48:148] [vo.logVo.LogVo.<init>] [INFO] 日志实例已初始化...
[2020-04-12 19:31:48:149] [vo.logVo.LogVo.<init>] [INFO] 日志实例已初始化...
[2020-04-12 19:31:48:150] [vo.logVo.LogVo.<init>] [INFO] 日志实例已初始化...
[2020-04-12 19:31:48:151] [vo.logVo.LogVo.<init>] [INFO] 日志实例已初始化...
[2020-04-12 19:31:48:151] [vo.logVo.LogVo.<init>] [INFO] 日志实例已初始化...
[2020-04-12 19:31:48:152] [vo.logVo.LogVo.<init>] [INFO] 日志实例已初始化...
[2020-04-12 19:31:48:153] [vo.logVo.LogVo.<init>] [INFO] 日志实例已初始化...
[2020-04-12 19:31:48:154] [vo.logVo.LogVo.<init>] [INFO] 日志实例已初始化...
[2020-04-12 19:31:48:155] [vo.logVo.LogVo.<init>] [INFO] 日志实例已初始化...
[2020-04-12 19:31:48:156] [vo.logVo.LogVo.<init>] [INFO] 日志实例已初始化...
[2020-04-12 19:31:48:157] [vo.logVo.LogVo.<init>] [INFO] 日志实例已初始化...
[2020-04-12 19:31:48:157] [vo.logVo.LogVo.<init>] [INFO] 日志实例已初始化...
[2020-04-12 19:31:48:158] [vo.logVo.LogVo.<init>] [INFO] 日志实例已初始化...
[2020-04-12 19:31:48:159] [vo.logVo.LogVo.<init>] [INFO] 日志实例已初始化...
[2020-04-12 19:31:48:160] [vo.logVo.LogVo.<init>] [INFO] 日志实例已初始化...
[2020-04-12 19:31:48:161] [vo.logVo.LogVo.<init>] [INFO] 日志实例已初始化...
[2020-04-12 19:31:48:162] [vo.logVo.LogVo.<init>] [INFO] 日志实例已初始化...
[2020-04-12 19:31:48:163] [vo.logVo.LogVo.<init>] [INFO] 日志实例已初始化...
[2020-04-12 19:31:48:167] [vo.logVo.LogVo.<init>] [INFO] 日志实例已初始化...
[2020-04-12 19:31:48:168] [vo.logVo.LogVo.<init>] [INFO] 日志实例已初始化...
[2020-04-12 19:31:48:169] [vo.logVo.LogVo.<init>] [INFO] 日志实例已初始化...
[2020-04-12 19:31:48:170] [vo.logVo.LogVo.<init>] [INFO] 日志实例已初始化...
[2020-04-12 19:31:48:171] [vo.logVo.LogVo.<init>] [INFO] 日志实例已初始化...
[2020-04-12 19:31:48:172] [vo.logVo.LogVo.<init>] [INFO] 日志实例已初始化...
[2020-04-12 19:31:48:173] [vo.logVo.LogVo.<init>] [INFO] 日志实例已初始化...
[2020-04-12 19:31:48:174] [vo.logVo.LogVo.<init>] [INFO] 日志实例已初始化...
[2020-04-12 19:31:48:176] [vo.logVo.LogVo.<init>] [INFO] 日志实例已初始化...
[2020-04-12 19:31:48:179] [vo.logVo.LogVo.<init>] [INFO] 日志实例已初始化...
[2020-04-12 19:31:48:179] [vo.logVo.LogVo.<init>] [INFO] 日志实例已初始化...
[2020-04-12 19:31:48:182] [vo.logVo.LogVo.<init>] [INFO] 日志实例已初始化...
[2020-04-12 19:31:48:183] [vo.logVo.LogVo.<init>] [INFO] 日志实例已初始化...
[2020-04-12 19:31:48:185] [vo.logVo.LogVo.<init>] [INFO] 日志实例已初始化...
[2020-04-12 19:31:48:186] [vo.logVo.LogVo.<init>] [INFO] 日志实例已初始化...
[2020-04-12 19:31:48:186] [vo.logVo.LogVo.<init>] [INFO] 日志实例已初始化...
[2020-04-12 19:31:48:187] [vo.logVo.LogVo.<init>] [INFO] 日志实例已初始化...
[2020-04-12 19:31:48:188] [vo.logVo.LogVo.<init>] [INFO] 日志实例已初始化...
[2020-04-12 19:31:48:189] [vo.logVo.LogVo.<init>] [INFO] 日志实例已初始化...
[2020-04-12 19:31:48:190] [vo.logVo.LogVo.<init>] [INFO] 日志实例已初始化...
[2020-04-12 19:31:48:191] [vo.logVo.LogVo.<init>] [INFO] 日志实例已初始化...
[2020-04-12 19:31:48:191] [vo.logVo.LogVo.<init>] [INFO] 日志实例已初始化...
[2020-04-12 19:31:48:192] [vo.logVo.LogVo.<init>] [INFO] 日志实例已初始化...
[2020-04-12 19:31:48:192] [vo.logVo.LogVo.<init>] [INFO] 日志实例已初始化...
[2020-04-12 19:31:48:192] [vo.logVo.LogVo.<init>] [INFO] 日志实例已初始化...
[2020-04-12 19:31:48:193] [vo.logVo.LogVo.<init>] [INFO] 日志实例已初始化...
[2020-04-12 19:31:48:195] [vo.logVo.LogVo.<init>] [INFO] 日志实例已初始化...
[2020-04-12 19:31:48:196] [vo.logVo.LogVo.<init>] [INFO] 日志实例已初始化...
[2020-04-12 19:31:48:197] [vo.logVo.LogVo.<init>] [INFO] 日志实例已初始化...
[2020-04-12 19:31:48:198] [vo.logVo.LogVo.<init>] [INFO] 日志实例已初始化...
[2020-04-12 19:31:48:199] [vo.logVo.LogVo.<init>] [INFO] 日志实例已初始化...
[2020-04-12 19:31:48:200] [vo.logVo.LogVo.<init>] [INFO] 日志实例已初始化...
[2020-04-12 19:31:48:201] [vo.logVo.LogVo.<init>] [INFO] 日志实例已初始化...
[2020-04-12 19:31:48:202] [vo.logVo.LogVo.<init>] [INFO] 日志实例已初始化...
[2020-04-12 19:31:48:203] [vo.logVo.LogVo.<init>] [INFO] 日志实例已初始化...
[2020-04-12 19:31:48:204] [vo.logVo.LogVo.<init>] [INFO] 日志实例已初始化...
[2020-04-12 19:31:48:205] [vo.logVo.LogVo.<init>] [INFO] 日志实例已初始化...
[2020-04-12 19:31:48:208] [vo.logVo.LogVo.<init>] [INFO] 日志实例已初始化...
[2020-04-12 19:31:48:209] [vo.logVo.LogVo.<init>] [INFO] 日志实例已初始化...
[2020-04-12 19:31:48:209] [vo.logVo.LogVo.<init>] [INFO] 日志实例已初始化...
[2020-04-12 19:31:48:210] [vo.logVo.LogVo.<init>] [INFO] 日志实例已初始化...
[2020-04-12 19:31:48:211] [vo.logVo.LogVo.<init>] [INFO] 日志实例已初始化...
[2020-04-12 19:31:48:212] [vo.logVo.LogVo.<init>] [INFO] 日志实例已初始化...
[2020-04-12 19:31:48:213] [vo.logVo.LogVo.<init>] [INFO] 日志实例已初始化...
[2020-04-12 19:31:48:214] [vo.logVo.LogVo.<init>] [INFO] 日志实例已初始化...
[2020-04-12 19:31:48:215] [vo.logVo.LogVo.<init>] [INFO] 日志实例已初始化...
[2020-04-12 19:31:48:215] [vo.logVo.LogVo.<init>] [INFO] 日志实例已初始化...
[2020-04-12 19:31:48:216] [vo.logVo.LogVo.<init>] [INFO] 日志实例已初始化...
[2020-04-12 19:31:48:217] [vo.logVo.LogVo.<init>] [INFO] 日志实例已初始化...
[2020-04-12 19:31:48:217] [vo.logVo.LogVo.<init>] [INFO] 日志实例已初始化...
[2020-04-12 19:31:48:218] [vo.logVo.LogVo.<init>] [INFO] 日志实例已初始化...
[2020-04-12 19:31:48:219] [vo.logVo.LogVo.<init>] [INFO] 日志实例已初始化...
[2020-04-12 19:31:48:220] [vo.logVo.LogVo.<init>] [INFO] 日志实例已初始化...
[2020-04-12 19:31:48:221] [vo.logVo.LogVo.<init>] [INFO] 日志实例已初始化...
[2020-04-12 19:31:48:221] [vo.logVo.LogVo.<init>] [INFO] 日志实例已初始化...
[2020-04-12 19:31:48:222] [vo.logVo.LogVo.<init>] [INFO] 日志实例已初始化...
[2020-04-12 19:31:48:222] [vo.logVo.LogVo.<init>] [INFO] 日志实例已初始化...
[2020-04-12 19:31:48:223] [vo.logVo.LogVo.<init>] [INFO] 日志实例已初始化...
[2020-04-12 19:31:48:223] [vo.logVo.LogVo.<init>] [INFO] 日志实例已初始化...
[2020-04-12 19:31:48:223] [vo.logVo.LogVo.<init>] [INFO] 日志实例已初始化...
[2020-04-12 19:31:48:224] [vo.logVo.LogVo.<init>] [INFO] 日志实例已初始化...
[2020-04-12 19:31:48:225] [vo.logVo.LogVo.<init>] [INFO] 日志实例已初始化...
[2020-04-12 19:31:48:225] [vo.logVo.LogVo.<init>] [INFO] 日志实例已初始化...
[2020-04-12 19:31:48:226] [vo.logVo.LogVo.<init>] [INFO] 日志实例已初始化...
[2020-04-12 19:31:48:226] [vo.logVo.LogVo.<init>] [INFO] 日志实例已初始化...
[2020-04-12 19:31:48:227] [vo.logVo.LogVo.<init>] [INFO] 日志实例已初始化...
[2020-04-12 19:31:48:228] [vo.logVo.LogVo.<init>] [INFO] 日志实例已初始化...
[2020-04-12 19:31:48:228] [vo.logVo.LogVo.<init>] [INFO] 日志实例已初始化...
[2020-04-12 19:31:48:228] [vo.logVo.LogVo.<init>] [INFO] 日志实例已初始化...
[2020-04-12 19:31:48:229] [vo.logVo.LogVo.<init>] [INFO] 日志实例已初始化...
[2020-04-12 19:31:48:229] [vo.logVo.LogVo.<init>] [INFO] 日志实例已初始化...
[2020-04-12 19:31:48:230] [vo.logVo.LogVo.<init>] [INFO] 日志实例已初始化...
[2020-04-12 19:31:48:230] [vo.logVo.LogVo.<init>] [INFO] 日志实例已初始化...
[2020-04-12 19:31:48:230] [vo.logVo.LogVo.<init>] [INFO] 日志实例已初始化...
[2020-04-12 19:31:48:231] [vo.logVo.LogVo.<init>] [INFO] 日志实例已初始化...
[2020-04-12 19:31:48:231] [vo.logVo.LogVo.<init>] [INFO] 日志实例已初始化...
[2020-04-12 19:31:48:232] [vo.logVo.LogVo.<init>] [INFO] 日志实例已初始化...
[2020-04-12 19:31:48:232] [vo.logVo.LogVo.<init>] [INFO] 日志实例已初始化...
[2020-04-12 19:31:48:233] [vo.logVo.LogVo.<init>] [INFO] 日志实例已初始化...
[2020-04-12 19:31:48:233] [vo.logVo.LogVo.<init>] [INFO] 日志实例已初始化...
[2020-04-12 19:31:48:234] [vo.logVo.LogVo.<init>] [INFO] 日志实例已初始化...
[2020-04-12 19:31:48:234] [vo.logVo.LogVo.<init>] [INFO] 日志实例已初始化...
[2020-04-12 19:31:48:234] [vo.logVo.LogVo.<init>] [INFO] 日志实例已初始化...
[2020-04-12 19:31:48:235] [vo.logVo.LogVo.<init>] [INFO] 日志实例已初始化...
[2020-04-12 19:31:48:235] [vo.logVo.LogVo.<init>] [INFO] 日志实例已初始化...
[2020-04-12 19:31:48:236] [vo.logVo.LogVo.<init>] [INFO] 日志实例已初始化...
[2020-04-12 19:31:48:236] [vo.logVo.LogVo.<init>] [INFO] 日志实例已初始化...
[2020-04-12 19:31:48:237] [vo.logVo.LogVo.<init>] [INFO] 日志实例已初始化...
[2020-04-12 19:31:48:238] [vo.logVo.LogVo.<init>] [INFO] 日志实例已初始化...
[2020-04-12 19:31:48:238] [vo.logVo.LogVo.<init>] [INFO] 日志实例已初始化...
[2020-04-12 19:31:48:239] [vo.logVo.LogVo.<init>] [INFO] 日志实例已初始化...
[2020-04-12 19:31:48:239] [vo.logVo.LogVo.<init>] [INFO] 日志实例已初始化...
[2020-04-12 19:31:48:240] [vo.logVo.LogVo.<init>] [INFO] 日志实例已初始化...
[2020-04-12 19:31:48:240] [vo.logVo.LogVo.<init>] [INFO] 日志实例已初始化...
[2020-04-12 19:31:48:240] [vo.logVo.LogVo.<init>] [INFO] 日志实例已初始化...
[2020-04-12 19:31:48:241] [vo.logVo.LogVo.<init>] [INFO] 日志实例已初始化...
[2020-04-12 19:31:48:241] [vo.logVo.LogVo.<init>] [INFO] 日志实例已初始化...
[2020-04-12 19:31:48:242] [vo.logVo.LogVo.<init>] [INFO] 日志实例已初始化...
[2020-04-12 19:31:48:242] [vo.logVo.LogVo.<init>] [INFO] 日志实例已初始化...
[2020-04-12 19:31:48:245] [vo.logVo.LogVo.<init>] [INFO] 日志实例已初始化...
[2020-04-12 19:31:48:246] [vo.logVo.LogVo.<init>] [INFO] 日志实例已初始化...
[2020-04-12 19:31:48:246] [vo.logVo.LogVo.<init>] [INFO] 日志实例已初始化...
[2020-04-12 19:31:48:247] [vo.logVo.LogVo.<init>] [INFO] 日志实例已初始化...
[2020-04-12 19:31:48:248] [vo.logVo.LogVo.<init>] [INFO] 日志实例已初始化...
[2020-04-12 19:31:48:249] [vo.logVo.LogVo.<init>] [INFO] 日志实例已初始化...
[2020-04-12 19:31:48:249] [vo.logVo.LogVo.<init>] [INFO] 日志实例已初始化...
[2020-04-12 19:31:48:250] [vo.logVo.LogVo.<init>] [INFO] 日志实例已初始化...
[2020-04-12 19:31:48:251] [vo.logVo.LogVo.<init>] [INFO] 日志实例已初始化...
[2020-04-12 19:31:48:252] [vo.logVo.LogVo.<init>] [INFO] 日志实例已初始化...
[2020-04-12 19:31:48:253] [vo.logVo.LogVo.<init>] [INFO] 日志实例已初始化...
[2020-04-12 19:31:48:253] [vo.logVo.LogVo.<init>] [INFO] 日志实例已初始化...
[2020-04-12 19:31:48:254] [vo.logVo.LogVo.<init>] [INFO] 日志实例已初始化...
[2020-04-12 19:31:48:254] [vo.logVo.LogVo.<init>] [INFO] 日志实例已初始化...
[2020-04-12 19:31:48:255] [vo.logVo.LogVo.<init>] [INFO] 日志实例已初始化...
[2020-04-12 19:31:48:255] [vo.logVo.LogVo.<init>] [INFO] 日志实例已初始化...
[2020-04-12 19:31:48:256] [vo.logVo.LogVo.<init>] [INFO] 日志实例已初始化...
[2020-04-12 19:31:48:257] [vo.logVo.LogVo.<init>] [INFO] 日志实例已初始化...
[2020-04-12 19:31:48:257] [vo.logVo.LogVo.<init>] [INFO] 日志实例已初始化...
[2020-04-12 19:31:48:258] [vo.logVo.LogVo.<init>] [INFO] 日志实例已初始化...
[2020-04-12 19:31:48:258] [vo.logVo.LogVo.<init>] [INFO] 日志实例已初始化...
[2020-04-12 19:31:48:259] [vo.logVo.LogVo.<init>] [INFO] 日志实例已初始化...
[2020-04-12 19:31:48:261] [vo.logVo.LogVo.<init>] [INFO] 日志实例已初始化...
[2020-04-12 19:31:48:262] [vo.logVo.LogVo.<init>] [INFO] 日志实例已初始化...
[2020-04-12 19:31:48:263] [vo.logVo.LogVo.<init>] [INFO] 日志实例已初始化...
[2020-04-12 19:31:48:264] [vo.logVo.LogVo.<init>] [INFO] 日志实例已初始化...
[2020-04-12 19:31:48:265] [vo.logVo.LogVo.<init>] [INFO] 日志实例已初始化...
[2020-04-12 19:31:48:266] [vo.logVo.LogVo.<init>] [INFO] 日志实例已初始化...
[2020-04-12 19:31:48:266] [vo.logVo.LogVo.<init>] [INFO] 日志实例已初始化...
[2020-04-12 19:31:48:267] [vo.logVo.LogVo.<init>] [INFO] 日志实例已初始化...
[2020-04-12 19:31:48:267] [vo.logVo.LogVo.<init>] [INFO] 日志实例已初始化...
[2020-04-12 19:31:48:307] [vo.logVo.LogVo.<init>] [INFO] 日志实例已初始化...
[2020-04-12 19:31:48:317] [vo.logVo.LogVo.<init>] [INFO] 日志实例已初始化...
[2020-04-12 19:31:48:461] [action.userAction.LoginAction.execute] [INFO] admin用户密码错误
[2020-04-12 19:31:55:367] [vo.logVo.LogVo.<init>] [INFO] 日志实例已初始化...
[2020-04-12 19:31:55:368] [vo.logVo.LogVo.<init>] [INFO] 日志实例已初始化...
[2020-04-12 19:31:55:369] [vo.logVo.LogVo.<init>] [INFO] 日志实例已初始化...
[2020-04-12 19:31:55:370] [vo.logVo.LogVo.<init>] [INFO] 日志实例已初始化...
[2020-04-12 19:31:55:371] [vo.logVo.LogVo.<init>] [INFO] 日志实例已初始化...
[2020-04-12 19:31:55:372] [vo.logVo.LogVo.<init>] [INFO] 日志实例已初始化...
[2020-04-12 19:31:55:373] [vo.logVo.LogVo.<init>] [INFO] 日志实例已初始化...
[2020-04-12 19:31:55:374] [vo.logVo.LogVo.<init>] [INFO] 日志实例已初始化...
[2020-04-12 19:31:55:375] [vo.logVo.LogVo.<init>] [INFO] 日志实例已初始化...
[2020-04-12 19:31:55:376] [vo.logVo.LogVo.<init>] [INFO] 日志实例已初始化...
[2020-04-12 19:31:55:377] [vo.logVo.LogVo.<init>] [INFO] 日志实例已初始化...
[2020-04-12 19:31:55:377] [vo.logVo.LogVo.<init>] [INFO] 日志实例已初始化...
[2020-04-12 19:31:55:378] [vo.logVo.LogVo.<init>] [INFO] 日志实例已初始化...
[2020-04-12 19:31:55:379] [vo.logVo.LogVo.<init>] [INFO] 日志实例已初始化...
[2020-04-12 19:31:55:380] [vo.logVo.LogVo.<init>] [INFO] 日志实例已初始化...
[2020-04-12 19:31:55:380] [vo.logVo.LogVo.<init>] [INFO] 日志实例已初始化...
[2020-04-12 19:31:55:381] [vo.logVo.LogVo.<init>] [INFO] 日志实例已初始化...
[2020-04-12 19:31:55:383] [vo.logVo.LogVo.<init>] [INFO] 日志实例已初始化...
[2020-04-12 19:31:55:385] [vo.logVo.LogVo.<init>] [INFO] 日志实例已初始化...
[2020-04-12 19:31:55:387] [vo.logVo.LogVo.<init>] [INFO] 日志实例已初始化...
[2020-04-12 19:31:55:390] [vo.logVo.LogVo.<init>] [INFO] 日志实例已初始化...
[2020-04-12 19:31:55:391] [vo.logVo.LogVo.<init>] [INFO] 日志实例已初始化...
[2020-04-12 19:31:55:392] [vo.logVo.LogVo.<init>] [INFO] 日志实例已初始化...
[2020-04-12 19:31:55:393] [vo.logVo.LogVo.<init>] [INFO] 日志实例已初始化...
[2020-04-12 19:31:55:394] [vo.logVo.LogVo.<init>] [INFO] 日志实例已初始化...
[2020-04-12 19:31:55:395] [vo.logVo.LogVo.<init>] [INFO] 日志实例已初始化...
[2020-04-12 19:31:55:396] [vo.logVo.LogVo.<init>] [INFO] 日志实例已初始化...
[2020-04-12 19:31:55:397] [vo.logVo.LogVo.<init>] [INFO] 日志实例已初始化...
[2020-04-12 19:31:55:398] [vo.logVo.LogVo.<init>] [INFO] 日志实例已初始化...
[2020-04-12 19:31:55:398] [vo.logVo.LogVo.<init>] [INFO] 日志实例已初始化...
[2020-04-12 19:31:55:399] [vo.logVo.LogVo.<init>] [INFO] 日志实例已初始化...
[2020-04-12 19:31:55:402] [vo.logVo.LogVo.<init>] [INFO] 日志实例已初始化...
[2020-04-12 19:31:55:403] [vo.logVo.LogVo.<init>] [INFO] 日志实例已初始化...
[2020-04-12 19:31:55:405] [vo.logVo.LogVo.<init>] [INFO] 日志实例已初始化...
[2020-04-12 19:31:55:406] [vo.logVo.LogVo.<init>] [INFO] 日志实例已初始化...
[2020-04-12 19:31:55:406] [vo.logVo.LogVo.<init>] [INFO] 日志实例已初始化...
[2020-04-12 19:31:55:407] [vo.logVo.LogVo.<init>] [INFO] 日志实例已初始化...
[2020-04-12 19:31:55:407] [vo.logVo.LogVo.<init>] [INFO] 日志实例已初始化...
[2020-04-12 19:31:55:408] [vo.logVo.LogVo.<init>] [INFO] 日志实例已初始化...
[2020-04-12 19:31:55:408] [vo.logVo.LogVo.<init>] [INFO] 日志实例已初始化...
[2020-04-12 19:31:55:409] [vo.logVo.LogVo.<init>] [INFO] 日志实例已初始化...
[2020-04-12 19:31:55:410] [vo.logVo.LogVo.<init>] [INFO] 日志实例已初始化...
[2020-04-12 19:31:55:410] [vo.logVo.LogVo.<init>] [INFO] 日志实例已初始化...
[2020-04-12 19:31:55:411] [vo.logVo.LogVo.<init>] [INFO] 日志实例已初始化...
[2020-04-12 19:31:55:411] [vo.logVo.LogVo.<init>] [INFO] 日志实例已初始化...
[2020-04-12 19:31:55:412] [vo.logVo.LogVo.<init>] [INFO] 日志实例已初始化...
[2020-04-12 19:31:55:412] [vo.logVo.LogVo.<init>] [INFO] 日志实例已初始化...
[2020-04-12 19:31:55:413] [vo.logVo.LogVo.<init>] [INFO] 日志实例已初始化...
[2020-04-12 19:31:55:413] [vo.logVo.LogVo.<init>] [INFO] 日志实例已初始化...
[2020-04-12 19:31:55:414] [vo.logVo.LogVo.<init>] [INFO] 日志实例已初始化...
[2020-04-12 19:31:55:415] [vo.logVo.LogVo.<init>] [INFO] 日志实例已初始化...
[2020-04-12 19:31:55:416] [vo.logVo.LogVo.<init>] [INFO] 日志实例已初始化...
[2020-04-12 19:31:55:416] [vo.logVo.LogVo.<init>] [INFO] 日志实例已初始化...
[2020-04-12 19:31:55:417] [vo.logVo.LogVo.<init>] [INFO] 日志实例已初始化...
[2020-04-12 19:31:55:417] [vo.logVo.LogVo.<init>] [INFO] 日志实例已初始化...
[2020-04-12 19:31:55:418] [vo.logVo.LogVo.<init>] [INFO] 日志实例已初始化...
[2020-04-12 19:31:55:419] [vo.logVo.LogVo.<init>] [INFO] 日志实例已初始化...
[2020-04-12 19:31:55:420] [vo.logVo.LogVo.<init>] [INFO] 日志实例已初始化...
[2020-04-12 19:31:55:429] [vo.logVo.LogVo.<init>] [INFO] 日志实例已初始化...
[2020-04-12 19:31:55:431] [vo.logVo.LogVo.<init>] [INFO] 日志实例已初始化...
[2020-04-12 19:31:55:432] [vo.logVo.LogVo.<init>] [INFO] 日志实例已初始化...
[2020-04-12 19:31:55:433] [vo.logVo.LogVo.<init>] [INFO] 日志实例已初始化...
[2020-04-12 19:31:55:434] [vo.logVo.LogVo.<init>] [INFO] 日志实例已初始化...
[2020-04-12 19:31:55:434] [vo.logVo.LogVo.<init>] [INFO] 日志实例已初始化...
[2020-04-12 19:31:55:435] [vo.logVo.LogVo.<init>] [INFO] 日志实例已初始化...
[2020-04-12 19:31:55:437] [vo.logVo.LogVo.<init>] [INFO] 日志实例已初始化...
[2020-04-12 19:31:55:438] [vo.logVo.LogVo.<init>] [INFO] 日志实例已初始化...
[2020-04-12 19:31:55:439] [vo.logVo.LogVo.<init>] [INFO] 日志实例已初始化...
[2020-04-12 19:31:55:440] [vo.logVo.LogVo.<init>] [INFO] 日志实例已初始化...
[2020-04-12 19:31:55:441] [vo.logVo.LogVo.<init>] [INFO] 日志实例已初始化...
[2020-04-12 19:31:55:441] [vo.logVo.LogVo.<init>] [INFO] 日志实例已初始化...
[2020-04-12 19:31:55:442] [vo.logVo.LogVo.<init>] [INFO] 日志实例已初始化...
[2020-04-12 19:31:55:443] [vo.logVo.LogVo.<init>] [INFO] 日志实例已初始化...
[2020-04-12 19:31:55:444] [vo.logVo.LogVo.<init>] [INFO] 日志实例已初始化...
[2020-04-12 19:31:55:445] [vo.logVo.LogVo.<init>] [INFO] 日志实例已初始化...
[2020-04-12 19:31:55:445] [vo.logVo.LogVo.<init>] [INFO] 日志实例已初始化...
[2020-04-12 19:31:55:446] [vo.logVo.LogVo.<init>] [INFO] 日志实例已初始化...
[2020-04-12 19:31:55:447] [vo.logVo.LogVo.<init>] [INFO] 日志实例已初始化...
[2020-04-12 19:31:55:448] [vo.logVo.LogVo.<init>] [INFO] 日志实例已初始化...
[2020-04-12 19:31:55:449] [vo.logVo.LogVo.<init>] [INFO] 日志实例已初始化...
[2020-04-12 19:31:55:450] [vo.logVo.LogVo.<init>] [INFO] 日志实例已初始化...
[2020-04-12 19:31:55:451] [vo.logVo.LogVo.<init>] [INFO] 日志实例已初始化...
[2020-04-12 19:31:55:452] [vo.logVo.LogVo.<init>] [INFO] 日志实例已初始化...
[2020-04-12 19:31:55:453] [vo.logVo.LogVo.<init>] [INFO] 日志实例已初始化...
[2020-04-12 19:31:55:457] [vo.logVo.LogVo.<init>] [INFO] 日志实例已初始化...
[2020-04-12 19:31:55:457] [vo.logVo.LogVo.<init>] [INFO] 日志实例已初始化...
[2020-04-12 19:31:55:458] [vo.logVo.LogVo.<init>] [INFO] 日志实例已初始化...
[2020-04-12 19:31:55:459] [vo.logVo.LogVo.<init>] [INFO] 日志实例已初始化...
[2020-04-12 19:31:55:460] [vo.logVo.LogVo.<init>] [INFO] 日志实例已初始化...
[2020-04-12 19:31:55:462] [vo.logVo.LogVo.<init>] [INFO] 日志实例已初始化...
[2020-04-12 19:31:55:463] [vo.logVo.LogVo.<init>] [INFO] 日志实例已初始化...
[2020-04-12 19:31:55:466] [vo.logVo.LogVo.<init>] [INFO] 日志实例已初始化...
[2020-04-12 19:31:55:467] [vo.logVo.LogVo.<init>] [INFO] 日志实例已初始化...
[2020-04-12 19:31:55:468] [vo.logVo.LogVo.<init>] [INFO] 日志实例已初始化...
[2020-04-12 19:31:55:468] [vo.logVo.LogVo.<init>] [INFO] 日志实例已初始化...
[2020-04-12 19:31:55:469] [vo.logVo.LogVo.<init>] [INFO] 日志实例已初始化...
[2020-04-12 19:31:55:470] [vo.logVo.LogVo.<init>] [INFO] 日志实例已初始化...
[2020-04-12 19:31:55:471] [vo.logVo.LogVo.<init>] [INFO] 日志实例已初始化...
[2020-04-12 19:31:55:472] [vo.logVo.LogVo.<init>] [INFO] 日志实例已初始化...
[2020-04-12 19:31:55:484] [vo.logVo.LogVo.<init>] [INFO] 日志实例已初始化...
[2020-04-12 19:31:55:489] [vo.logVo.LogVo.<init>] [INFO] 日志实例已初始化...
[2020-04-12 19:31:55:492] [vo.logVo.LogVo.<init>] [INFO] 日志实例已初始化...
[2020-04-12 19:31:55:493] [vo.logVo.LogVo.<init>] [INFO] 日志实例已初始化...
[2020-04-12 19:31:55:495] [vo.logVo.LogVo.<init>] [INFO] 日志实例已初始化...
[2020-04-12 19:31:55:496] [vo.logVo.LogVo.<init>] [INFO] 日志实例已初始化...
[2020-04-12 19:31:55:496] [vo.logVo.LogVo.<init>] [INFO] 日志实例已初始化...
[2020-04-12 19:31:55:497] [vo.logVo.LogVo.<init>] [INFO] 日志实例已初始化...
[2020-04-12 19:31:55:497] [vo.logVo.LogVo.<init>] [INFO] 日志实例已初始化...
[2020-04-12 19:31:55:498] [vo.logVo.LogVo.<init>] [INFO] 日志实例已初始化...
[2020-04-12 19:31:55:498] [vo.logVo.LogVo.<init>] [INFO] 日志实例已初始化...
[2020-04-12 19:31:55:499] [vo.logVo.LogVo.<init>] [INFO] 日志实例已初始化...
[2020-04-12 19:31:55:500] [vo.logVo.LogVo.<init>] [INFO] 日志实例已初始化...
[2020-04-12 19:31:55:501] [vo.logVo.LogVo.<init>] [INFO] 日志实例已初始化...
[2020-04-12 19:31:55:502] [vo.logVo.LogVo.<init>] [INFO] 日志实例已初始化...
[2020-04-12 19:31:55:502] [vo.logVo.LogVo.<init>] [INFO] 日志实例已初始化...
[2020-04-12 19:31:55:503] [vo.logVo.LogVo.<init>] [INFO] 日志实例已初始化...
[2020-04-12 19:31:55:504] [vo.logVo.LogVo.<init>] [INFO] 日志实例已初始化...
[2020-04-12 19:31:55:505] [vo.logVo.LogVo.<init>] [INFO] 日志实例已初始化...
[2020-04-12 19:31:55:505] [vo.logVo.LogVo.<init>] [INFO] 日志实例已初始化...
[2020-04-12 19:31:55:506] [vo.logVo.LogVo.<init>] [INFO] 日志实例已初始化...
[2020-04-12 19:31:55:507] [vo.logVo.LogVo.<init>] [INFO] 日志实例已初始化...
[2020-04-12 19:31:55:509] [vo.logVo.LogVo.<init>] [INFO] 日志实例已初始化...
[2020-04-12 19:31:55:510] [vo.logVo.LogVo.<init>] [INFO] 日志实例已初始化...
[2020-04-12 19:31:55:511] [vo.logVo.LogVo.<init>] [INFO] 日志实例已初始化...
[2020-04-12 19:31:55:512] [vo.logVo.LogVo.<init>] [INFO] 日志实例已初始化...
[2020-04-12 19:31:55:513] [vo.logVo.LogVo.<init>] [INFO] 日志实例已初始化...
[2020-04-12 19:31:55:514] [vo.logVo.LogVo.<init>] [INFO] 日志实例已初始化...
[2020-04-12 19:31:55:515] [vo.logVo.LogVo.<init>] [INFO] 日志实例已初始化...
[2020-04-12 19:31:55:516] [vo.logVo.LogVo.<init>] [INFO] 日志实例已初始化...
[2020-04-12 19:31:55:516] [vo.logVo.LogVo.<init>] [INFO] 日志实例已初始化...
[2020-04-12 19:31:55:517] [vo.logVo.LogVo.<init>] [INFO] 日志实例已初始化...
[2020-04-12 19:31:55:518] [vo.logVo.LogVo.<init>] [INFO] 日志实例已初始化...
[2020-04-12 19:31:55:519] [vo.logVo.LogVo.<init>] [INFO] 日志实例已初始化...
[2020-04-12 19:31:55:520] [vo.logVo.LogVo.<init>] [INFO] 日志实例已初始化...
[2020-04-12 19:31:55:520] [vo.logVo.LogVo.<init>] [INFO] 日志实例已初始化...
[2020-04-12 19:31:55:521] [vo.logVo.LogVo.<init>] [INFO] 日志实例已初始化...
[2020-04-12 19:31:55:522] [vo.logVo.LogVo.<init>] [INFO] 日志实例已初始化...
[2020-04-12 19:31:55:522] [vo.logVo.LogVo.<init>] [INFO] 日志实例已初始化...
[2020-04-12 19:31:55:523] [vo.logVo.LogVo.<init>] [INFO] 日志实例已初始化...
[2020-04-12 19:31:55:524] [vo.logVo.LogVo.<init>] [INFO] 日志实例已初始化...
[2020-04-12 19:31:55:525] [vo.logVo.LogVo.<init>] [INFO] 日志实例已初始化...
[2020-04-12 19:31:55:525] [vo.logVo.LogVo.<init>] [INFO] 日志实例已初始化...
[2020-04-12 19:31:55:526] [vo.logVo.LogVo.<init>] [INFO] 日志实例已初始化...
[2020-04-12 19:31:55:527] [vo.logVo.LogVo.<init>] [INFO] 日志实例已初始化...
[2020-04-12 19:31:55:527] [vo.logVo.LogVo.<init>] [INFO] 日志实例已初始化...
[2020-04-12 19:31:55:528] [vo.logVo.LogVo.<init>] [INFO] 日志实例已初始化...
[2020-04-12 19:31:55:528] [vo.logVo.LogVo.<init>] [INFO] 日志实例已初始化...
[2020-04-12 19:31:55:529] [vo.logVo.LogVo.<init>] [INFO] 日志实例已初始化...
[2020-04-12 19:31:55:529] [vo.logVo.LogVo.<init>] [INFO] 日志实例已初始化...
[2020-04-12 19:31:55:530] [vo.logVo.LogVo.<init>] [INFO] 日志实例已初始化...
[2020-04-12 19:31:55:530] [vo.logVo.LogVo.<init>] [INFO] 日志实例已初始化...
[2020-04-12 19:31:55:531] [vo.logVo.LogVo.<init>] [INFO] 日志实例已初始化...
[2020-04-12 19:31:55:531] [vo.logVo.LogVo.<init>] [INFO] 日志实例已初始化...
[2020-04-12 19:31:55:532] [vo.logVo.LogVo.<init>] [INFO] 日志实例已初始化...
[2020-04-12 19:31:55:532] [vo.logVo.LogVo.<init>] [INFO] 日志实例已初始化...
[2020-04-12 19:31:55:533] [vo.logVo.LogVo.<init>] [INFO] 日志实例已初始化...
[2020-04-12 19:31:55:534] [vo.logVo.LogVo.<init>] [INFO] 日志实例已初始化...
[2020-04-12 19:31:55:534] [vo.logVo.LogVo.<init>] [INFO] 日志实例已初始化...
[2020-04-12 19:31:55:535] [vo.logVo.LogVo.<init>] [INFO] 日志实例已初始化...
[2020-04-12 19:31:55:536] [vo.logVo.LogVo.<init>] [INFO] 日志实例已初始化...
[2020-04-12 19:31:55:537] [vo.logVo.LogVo.<init>] [INFO] 日志实例已初始化...
[2020-04-12 19:31:55:537] [vo.logVo.LogVo.<init>] [INFO] 日志实例已初始化...
[2020-04-12 19:31:55:538] [vo.logVo.LogVo.<init>] [INFO] 日志实例已初始化...
[2020-04-12 19:31:55:538] [vo.logVo.LogVo.<init>] [INFO] 日志实例已初始化...
[2020-04-12 19:31:55:538] [vo.logVo.LogVo.<init>] [INFO] 日志实例已初始化...
[2020-04-12 19:31:55:542] [vo.logVo.LogVo.<init>] [INFO] 日志实例已初始化...
[2020-04-12 19:31:55:542] [vo.logVo.LogVo.<init>] [INFO] 日志实例已初始化...
[2020-04-12 19:31:55:543] [vo.logVo.LogVo.<init>] [INFO] 日志实例已初始化...
[2020-04-12 19:31:55:544] [vo.logVo.LogVo.<init>] [INFO] 日志实例已初始化...
[2020-04-12 19:31:55:544] [vo.logVo.LogVo.<init>] [INFO] 日志实例已初始化...
[2020-04-12 19:31:55:545] [vo.logVo.LogVo.<init>] [INFO] 日志实例已初始化...
[2020-04-12 19:31:55:546] [vo.logVo.LogVo.<init>] [INFO] 日志实例已初始化...
[2020-04-12 19:31:55:546] [vo.logVo.LogVo.<init>] [INFO] 日志实例已初始化...
[2020-04-12 19:31:55:546] [vo.logVo.LogVo.<init>] [INFO] 日志实例已初始化...
[2020-04-12 19:31:55:547] [vo.logVo.LogVo.<init>] [INFO] 日志实例已初始化...
[2020-04-12 19:31:55:548] [vo.logVo.LogVo.<init>] [INFO] 日志实例已初始化...
[2020-04-12 19:31:55:548] [vo.logVo.LogVo.<init>] [INFO] 日志实例已初始化...
[2020-04-12 19:31:55:549] [vo.logVo.LogVo.<init>] [INFO] 日志实例已初始化...
[2020-04-12 19:31:55:549] [vo.logVo.LogVo.<init>] [INFO] 日志实例已初始化...
[2020-04-12 19:31:55:549] [vo.logVo.LogVo.<init>] [INFO] 日志实例已初始化...
[2020-04-12 19:31:55:549] [vo.logVo.LogVo.<init>] [INFO] 日志实例已初始化...
[2020-04-12 19:31:55:550] [vo.logVo.LogVo.<init>] [INFO] 日志实例已初始化...
[2020-04-12 19:31:55:550] [vo.logVo.LogVo.<init>] [INFO] 日志实例已初始化...
[2020-04-12 19:31:55:551] [vo.logVo.LogVo.<init>] [INFO] 日志实例已初始化...
[2020-04-12 19:31:55:551] [vo.logVo.LogVo.<init>] [INFO] 日志实例已初始化...
[2020-04-12 19:31:55:552] [vo.logVo.LogVo.<init>] [INFO] 日志实例已初始化...
[2020-04-12 19:31:55:553] [vo.logVo.LogVo.<init>] [INFO] 日志实例已初始化...
[2020-04-12 19:31:55:553] [vo.logVo.LogVo.<init>] [INFO] 日志实例已初始化...
[2020-04-12 19:31:55:554] [vo.logVo.LogVo.<init>] [INFO] 日志实例已初始化...
[2020-04-12 19:31:55:555] [vo.logVo.LogVo.<init>] [INFO] 日志实例已初始化...
[2020-04-12 19:31:55:555] [vo.logVo.LogVo.<init>] [INFO] 日志实例已初始化...
[2020-04-12 19:31:55:556] [vo.logVo.LogVo.<init>] [INFO] 日志实例已初始化...
[2020-04-12 19:31:55:556] [vo.logVo.LogVo.<init>] [INFO] 日志实例已初始化...
[2020-04-12 19:31:55:557] [vo.logVo.LogVo.<init>] [INFO] 日志实例已初始化...
[2020-04-12 19:31:55:557] [vo.logVo.LogVo.<init>] [INFO] 日志实例已初始化...
[2020-04-12 19:31:55:559] [vo.logVo.LogVo.<init>] [INFO] 日志实例已初始化...
[2020-04-12 19:31:55:559] [vo.logVo.LogVo.<init>] [INFO] 日志实例已初始化...
[2020-04-12 19:31:55:559] [vo.logVo.LogVo.<init>] [INFO] 日志实例已初始化...
[2020-04-12 19:31:55:560] [vo.logVo.LogVo.<init>] [INFO] 日志实例已初始化...
[2020-04-12 19:31:55:560] [vo.logVo.LogVo.<init>] [INFO] 日志实例已初始化...
[2020-04-12 19:31:55:560] [vo.logVo.LogVo.<init>] [INFO] 日志实例已初始化...
[2020-04-12 19:31:55:561] [vo.logVo.LogVo.<init>] [INFO] 日志实例已初始化...
[2020-04-12 19:31:55:561] [vo.logVo.LogVo.<init>] [INFO] 日志实例已初始化...
[2020-04-12 19:31:55:562] [vo.logVo.LogVo.<init>] [INFO] 日志实例已初始化...
[2020-04-12 19:31:55:562] [vo.logVo.LogVo.<init>] [INFO] 日志实例已初始化...
[2020-04-12 19:31:55:562] [vo.logVo.LogVo.<init>] [INFO] 日志实例已初始化...
[2020-04-12 19:31:55:562] [vo.logVo.LogVo.<init>] [INFO] 日志实例已初始化...
[2020-04-12 19:31:55:563] [vo.logVo.LogVo.<init>] [INFO] 日志实例已初始化...
[2020-04-12 19:31:55:563] [vo.logVo.LogVo.<init>] [INFO] 日志实例已初始化...
[2020-04-12 19:31:55:563] [vo.logVo.LogVo.<init>] [INFO] 日志实例已初始化...
[2020-04-12 19:31:55:564] [vo.logVo.LogVo.<init>] [INFO] 日志实例已初始化...
[2020-04-12 19:31:55:566] [vo.logVo.LogVo.<init>] [INFO] 日志实例已初始化...
[2020-04-12 19:31:55:566] [vo.logVo.LogVo.<init>] [INFO] 日志实例已初始化...
[2020-04-12 19:31:55:567] [vo.logVo.LogVo.<init>] [INFO] 日志实例已初始化...
[2020-04-12 19:31:55:568] [vo.logVo.LogVo.<init>] [INFO] 日志实例已初始化...
[2020-04-12 19:31:55:569] [vo.logVo.LogVo.<init>] [INFO] 日志实例已初始化...
[2020-04-12 19:31:55:570] [vo.logVo.LogVo.<init>] [INFO] 日志实例已初始化...
[2020-04-12 19:31:55:571] [vo.logVo.LogVo.<init>] [INFO] 日志实例已初始化...
[2020-04-12 19:31:55:571] [vo.logVo.LogVo.<init>] [INFO] 日志实例已初始化...
[2020-04-12 19:31:55:571] [vo.logVo.LogVo.<init>] [INFO] 日志实例已初始化...
[2020-04-12 19:31:55:572] [vo.logVo.LogVo.<init>] [INFO] 日志实例已初始化...
[2020-04-12 19:31:55:572] [vo.logVo.LogVo.<init>] [INFO] 日志实例已初始化...
[2020-04-12 19:31:55:573] [vo.logVo.LogVo.<init>] [INFO] 日志实例已初始化...
[2020-04-12 19:31:55:579] [vo.logVo.LogVo.<init>] [INFO] 日志实例已初始化...
[2020-04-12 19:31:55:580] [vo.logVo.LogVo.<init>] [INFO] 日志实例已初始化...
[2020-04-12 19:31:55:580] [vo.logVo.LogVo.<init>] [INFO] 日志实例已初始化...
[2020-04-12 19:31:55:581] [vo.logVo.LogVo.<init>] [INFO] 日志实例已初始化...
[2020-04-12 19:31:55:581] [vo.logVo.LogVo.<init>] [INFO] 日志实例已初始化...
[2020-04-12 19:31:55:582] [vo.logVo.LogVo.<init>] [INFO] 日志实例已初始化...
[2020-04-12 19:31:55:582] [vo.logVo.LogVo.<init>] [INFO] 日志实例已初始化...
[2020-04-12 19:31:55:583] [vo.logVo.LogVo.<init>] [INFO] 日志实例已初始化...
[2020-04-12 19:31:55:585] [vo.logVo.LogVo.<init>] [INFO] 日志实例已初始化...
[2020-04-12 19:31:55:585] [vo.logVo.LogVo.<init>] [INFO] 日志实例已初始化...
[2020-04-12 19:31:55:587] [vo.logVo.LogVo.<init>] [INFO] 日志实例已初始化...
[2020-04-12 19:31:55:592] [vo.logVo.LogVo.<init>] [INFO] 日志实例已初始化...
[2020-04-12 19:31:55:593] [vo.logVo.LogVo.<init>] [INFO] 日志实例已初始化...
[2020-04-12 19:31:55:594] [vo.logVo.LogVo.<init>] [INFO] 日志实例已初始化...
[2020-04-12 19:31:55:595] [vo.logVo.LogVo.<init>] [INFO] 日志实例已初始化...
[2020-04-12 19:31:55:596] [vo.logVo.LogVo.<init>] [INFO] 日志实例已初始化...
[2020-04-12 19:31:55:597] [vo.logVo.LogVo.<init>] [INFO] 日志实例已初始化...
[2020-04-12 19:31:55:600] [vo.logVo.LogVo.<init>] [INFO] 日志实例已初始化...
[2020-04-12 19:31:55:603] [vo.logVo.LogVo.<init>] [INFO] 日志实例已初始化...
[2020-04-12 19:31:55:605] [vo.logVo.LogVo.<init>] [INFO] 日志实例已初始化...
[2020-04-12 19:31:55:606] [vo.logVo.LogVo.<init>] [INFO] 日志实例已初始化...
[2020-04-12 19:31:55:606] [vo.logVo.LogVo.<init>] [INFO] 日志实例已初始化...
[2020-04-12 19:31:55:607] [vo.logVo.LogVo.<init>] [INFO] 日志实例已初始化...
[2020-04-12 19:31:55:607] [vo.logVo.LogVo.<init>] [INFO] 日志实例已初始化...
[2020-04-12 19:31:55:608] [vo.logVo.LogVo.<init>] [INFO] 日志实例已初始化...
[2020-04-12 19:31:55:608] [vo.logVo.LogVo.<init>] [INFO] 日志实例已初始化...
[2020-04-12 19:31:55:609] [vo.logVo.LogVo.<init>] [INFO] 日志实例已初始化...
[2020-04-12 19:31:55:609] [vo.logVo.LogVo.<init>] [INFO] 日志实例已初始化...
[2020-04-12 19:31:55:609] [vo.logVo.LogVo.<init>] [INFO] 日志实例已初始化...
[2020-04-12 19:31:55:610] [vo.logVo.LogVo.<init>] [INFO] 日志实例已初始化...
[2020-04-12 19:31:55:610] [vo.logVo.LogVo.<init>] [INFO] 日志实例已初始化...
[2020-04-12 19:31:55:611] [vo.logVo.LogVo.<init>] [INFO] 日志实例已初始化...
[2020-04-12 19:31:55:611] [vo.logVo.LogVo.<init>] [INFO] 日志实例已初始化...
[2020-04-12 19:31:55:612] [vo.logVo.LogVo.<init>] [INFO] 日志实例已初始化...
[2020-04-12 19:31:55:612] [vo.logVo.LogVo.<init>] [INFO] 日志实例已初始化...
[2020-04-12 19:31:55:612] [vo.logVo.LogVo.<init>] [INFO] 日志实例已初始化...
[2020-04-12 19:31:55:613] [vo.logVo.LogVo.<init>] [INFO] 日志实例已初始化...
[2020-04-12 19:31:55:613] [vo.logVo.LogVo.<init>] [INFO] 日志实例已初始化...
[2020-04-12 19:31:55:614] [vo.logVo.LogVo.<init>] [INFO] 日志实例已初始化...
[2020-04-12 19:31:55:615] [vo.logVo.LogVo.<init>] [INFO] 日志实例已初始化...
[2020-04-12 19:31:55:615] [vo.logVo.LogVo.<init>] [INFO] 日志实例已初始化...
[2020-04-12 19:31:55:616] [vo.logVo.LogVo.<init>] [INFO] 日志实例已初始化...
[2020-04-12 19:31:55:618] [vo.logVo.LogVo.<init>] [INFO] 日志实例已初始化...
[2020-04-12 19:31:55:618] [vo.logVo.LogVo.<init>] [INFO] 日志实例已初始化...
[2020-04-12 19:31:55:619] [vo.logVo.LogVo.<init>] [INFO] 日志实例已初始化...
[2020-04-12 19:31:55:620] [vo.logVo.LogVo.<init>] [INFO] 日志实例已初始化...
[2020-04-12 19:31:55:621] [vo.logVo.LogVo.<init>] [INFO] 日志实例已初始化...
[2020-04-12 19:31:55:622] [vo.logVo.LogVo.<init>] [INFO] 日志实例已初始化...
[2020-04-12 19:31:55:622] [vo.logVo.LogVo.<init>] [INFO] 日志实例已初始化...
[2020-04-12 19:31:55:623] [vo.logVo.LogVo.<init>] [INFO] 日志实例已初始化...
[2020-04-12 19:31:55:623] [vo.logVo.LogVo.<init>] [INFO] 日志实例已初始化...
[2020-04-12 19:31:55:624] [vo.logVo.LogVo.<init>] [INFO] 日志实例已初始化...
[2020-04-12 19:31:55:625] [vo.logVo.LogVo.<init>] [INFO] 日志实例已初始化...
[2020-04-12 19:31:55:625] [vo.logVo.LogVo.<init>] [INFO] 日志实例已初始化...
[2020-04-12 19:31:55:626] [vo.logVo.LogVo.<init>] [INFO] 日志实例已初始化...
[2020-04-12 19:31:55:626] [vo.logVo.LogVo.<init>] [INFO] 日志实例已初始化...
[2020-04-12 19:31:55:627] [vo.logVo.LogVo.<init>] [INFO] 日志实例已初始化...
[2020-04-12 19:31:55:627] [vo.logVo.LogVo.<init>] [INFO] 日志实例已初始化...
[2020-04-12 19:31:55:628] [vo.logVo.LogVo.<init>] [INFO] 日志实例已初始化...
[2020-04-12 19:31:55:628] [vo.logVo.LogVo.<init>] [INFO] 日志实例已初始化...
[2020-04-12 19:31:55:629] [vo.logVo.LogVo.<init>] [INFO] 日志实例已初始化...
[2020-04-12 19:31:55:629] [vo.logVo.LogVo.<init>] [INFO] 日志实例已初始化...
[2020-04-12 19:31:55:630] [vo.logVo.LogVo.<init>] [INFO] 日志实例已初始化...
[2020-04-12 19:31:55:630] [vo.logVo.LogVo.<init>] [INFO] 日志实例已初始化...
[2020-04-12 19:31:55:631] [vo.logVo.LogVo.<init>] [INFO] 日志实例已初始化...
[2020-04-12 19:31:55:631] [vo.logVo.LogVo.<init>] [INFO] 日志实例已初始化...
[2020-04-12 19:31:55:632] [vo.logVo.LogVo.<init>] [INFO] 日志实例已初始化...
[2020-04-12 19:31:55:632] [vo.logVo.LogVo.<init>] [INFO] 日志实例已初始化...
[2020-04-12 19:31:55:633] [vo.logVo.LogVo.<init>] [INFO] 日志实例已初始化...
[2020-04-12 19:31:55:634] [vo.logVo.LogVo.<init>] [INFO] 日志实例已初始化...
[2020-04-12 19:31:55:635] [vo.logVo.LogVo.<init>] [INFO] 日志实例已初始化...
[2020-04-12 19:31:55:635] [vo.logVo.LogVo.<init>] [INFO] 日志实例已初始化...
[2020-04-12 19:31:55:636] [vo.logVo.LogVo.<init>] [INFO] 日志实例已初始化...
[2020-04-12 19:31:55:636] [vo.logVo.LogVo.<init>] [INFO] 日志实例已初始化...
[2020-04-12 19:31:55:639] [vo.logVo.LogVo.<init>] [INFO] 日志实例已初始化...
[2020-04-12 19:31:55:640] [vo.logVo.LogVo.<init>] [INFO] 日志实例已初始化...
[2020-04-12 19:31:55:641] [vo.logVo.LogVo.<init>] [INFO] 日志实例已初始化...
[2020-04-12 19:31:55:641] [vo.logVo.LogVo.<init>] [INFO] 日志实例已初始化...
[2020-04-12 19:31:55:642] [vo.logVo.LogVo.<init>] [INFO] 日志实例已初始化...
[2020-04-12 19:31:55:642] [vo.logVo.LogVo.<init>] [INFO] 日志实例已初始化...
[2020-04-12 19:31:55:643] [vo.logVo.LogVo.<init>] [INFO] 日志实例已初始化...
[2020-04-12 19:31:55:643] [vo.logVo.LogVo.<init>] [INFO] 日志实例已初始化...
[2020-04-12 19:31:55:643] [vo.logVo.LogVo.<init>] [INFO] 日志实例已初始化...
[2020-04-12 19:31:55:644] [vo.logVo.LogVo.<init>] [INFO] 日志实例已初始化...
[2020-04-12 19:31:55:644] [vo.logVo.LogVo.<init>] [INFO] 日志实例已初始化...
[2020-04-12 19:31:55:645] [vo.logVo.LogVo.<init>] [INFO] 日志实例已初始化...
[2020-04-12 19:31:55:646] [vo.logVo.LogVo.<init>] [INFO] 日志实例已初始化...
[2020-04-12 19:31:55:646] [vo.logVo.LogVo.<init>] [INFO] 日志实例已初始化...
[2020-04-12 19:31:55:647] [vo.logVo.LogVo.<init>] [INFO] 日志实例已初始化...
[2020-04-12 19:31:55:647] [vo.logVo.LogVo.<init>] [INFO] 日志实例已初始化...
[2020-04-12 19:31:55:648] [vo.logVo.LogVo.<init>] [INFO] 日志实例已初始化...
[2020-04-12 19:31:55:648] [vo.logVo.LogVo.<init>] [INFO] 日志实例已初始化...
[2020-04-12 19:31:55:648] [vo.logVo.LogVo.<init>] [INFO] 日志实例已初始化...
[2020-04-12 19:31:55:649] [vo.logVo.LogVo.<init>] [INFO] 日志实例已初始化...
[2020-04-12 19:31:55:650] [vo.logVo.LogVo.<init>] [INFO] 日志实例已初始化...
[2020-04-12 19:31:55:650] [vo.logVo.LogVo.<init>] [INFO] 日志实例已初始化...
[2020-04-12 19:31:55:651] [vo.logVo.LogVo.<init>] [INFO] 日志实例已初始化...
[2020-04-12 19:31:55:652] [vo.logVo.LogVo.<init>] [INFO] 日志实例已初始化...
[2020-04-12 19:31:55:653] [vo.logVo.LogVo.<init>] [INFO] 日志实例已初始化...
[2020-04-12 19:31:55:654] [vo.logVo.LogVo.<init>] [INFO] 日志实例已初始化...
[2020-04-12 19:31:55:654] [vo.logVo.LogVo.<init>] [INFO] 日志实例已初始化...
[2020-04-12 19:31:55:654] [vo.logVo.LogVo.<init>] [INFO] 日志实例已初始化...
[2020-04-12 19:31:55:655] [vo.logVo.LogVo.<init>] [INFO] 日志实例已初始化...
[2020-04-12 19:31:55:655] [vo.logVo.LogVo.<init>] [INFO] 日志实例已初始化...
[2020-04-12 19:31:55:656] [vo.logVo.LogVo.<init>] [INFO] 日志实例已初始化...
[2020-04-12 19:31:55:656] [vo.logVo.LogVo.<init>] [INFO] 日志实例已初始化...
[2020-04-12 19:31:55:657] [vo.logVo.LogVo.<init>] [INFO] 日志实例已初始化...
[2020-04-12 19:31:55:657] [vo.logVo.LogVo.<init>] [INFO] 日志实例已初始化...
[2020-04-12 19:31:55:658] [vo.logVo.LogVo.<init>] [INFO] 日志实例已初始化...
[2020-04-12 19:31:55:658] [vo.logVo.LogVo.<init>] [INFO] 日志实例已初始化...
[2020-04-12 19:31:55:678] [vo.logVo.LogVo.<init>] [INFO] 日志实例已初始化...
[2020-04-12 19:31:55:679] [vo.logVo.LogVo.<init>] [INFO] 日志实例已初始化...
[2020-04-12 19:31:55:680] [vo.logVo.LogVo.<init>] [INFO] 日志实例已初始化...
[2020-04-12 19:31:55:681] [vo.logVo.LogVo.<init>] [INFO] 日志实例已初始化...
[2020-04-12 19:31:55:682] [vo.logVo.LogVo.<init>] [INFO] 日志实例已初始化...
[2020-04-12 19:31:55:683] [vo.logVo.LogVo.<init>] [INFO] 日志实例已初始化...
[2020-04-12 19:31:55:683] [vo.logVo.LogVo.<init>] [INFO] 日志实例已初始化...
[2020-04-12 19:31:55:684] [vo.logVo.LogVo.<init>] [INFO] 日志实例已初始化...
[2020-04-12 19:31:55:685] [vo.logVo.LogVo.<init>] [INFO] 日志实例已初始化...
[2020-04-12 19:31:55:686] [vo.logVo.LogVo.<init>] [INFO] 日志实例已初始化...
[2020-04-12 19:31:55:688] [vo.logVo.LogVo.<init>] [INFO] 日志实例已初始化...
[2020-04-12 19:31:55:689] [vo.logVo.LogVo.<init>] [INFO] 日志实例已初始化...
[2020-04-12 19:31:55:690] [vo.logVo.LogVo.<init>] [INFO] 日志实例已初始化...
[2020-04-12 19:31:55:690] [vo.logVo.LogVo.<init>] [INFO] 日志实例已初始化...
[2020-04-12 19:31:55:690] [vo.logVo.LogVo.<init>] [INFO] 日志实例已初始化...
[2020-04-12 19:31:55:691] [vo.logVo.LogVo.<init>] [INFO] 日志实例已初始化...
[2020-04-12 19:31:55:691] [vo.logVo.LogVo.<init>] [INFO] 日志实例已初始化...
[2020-04-12 19:31:55:692] [vo.logVo.LogVo.<init>] [INFO] 日志实例已初始化...
[2020-04-12 19:31:55:693] [vo.logVo.LogVo.<init>] [INFO] 日志实例已初始化...
[2020-04-12 19:31:55:693] [vo.logVo.LogVo.<init>] [INFO] 日志实例已初始化...
[2020-04-12 19:31:55:694] [vo.logVo.LogVo.<init>] [INFO] 日志实例已初始化...
[2020-04-12 19:31:55:694] [vo.logVo.LogVo.<init>] [INFO] 日志实例已初始化...
[2020-04-12 19:31:55:695] [vo.logVo.LogVo.<init>] [INFO] 日志实例已初始化...
[2020-04-12 19:31:55:695] [vo.logVo.LogVo.<init>] [INFO] 日志实例已初始化...
[2020-04-12 19:31:55:695] [vo.logVo.LogVo.<init>] [INFO] 日志实例已初始化...
[2020-04-12 19:31:55:696] [vo.logVo.LogVo.<init>] [INFO] 日志实例已初始化...
[2020-04-12 19:31:55:696] [vo.logVo.LogVo.<init>] [INFO] 日志实例已初始化...
[2020-04-12 19:31:55:696] [vo.logVo.LogVo.<init>] [INFO] 日志实例已初始化...
[2020-04-12 19:31:55:697] [vo.logVo.LogVo.<init>] [INFO] 日志实例已初始化...
[2020-04-12 19:31:55:698] [vo.logVo.LogVo.<init>] [INFO] 日志实例已初始化...
[2020-04-12 19:31:55:698] [vo.logVo.LogVo.<init>] [INFO] 日志实例已初始化...
[2020-04-12 19:31:55:699] [vo.logVo.LogVo.<init>] [INFO] 日志实例已初始化...
[2020-04-12 19:31:55:699] [vo.logVo.LogVo.<init>] [INFO] 日志实例已初始化...
[2020-04-12 19:31:55:700] [vo.logVo.LogVo.<init>] [INFO] 日志实例已初始化...
[2020-04-12 19:31:55:701] [vo.logVo.LogVo.<init>] [INFO] 日志实例已初始化...
[2020-04-12 19:31:55:707] [vo.logVo.LogVo.<init>] [INFO] 日志实例已初始化...
[2020-04-12 19:31:55:707] [vo.logVo.LogVo.<init>] [INFO] 日志实例已初始化...
[2020-04-12 19:31:55:708] [vo.logVo.LogVo.<init>] [INFO] 日志实例已初始化...
[2020-04-12 19:31:55:709] [vo.logVo.LogVo.<init>] [INFO] 日志实例已初始化...
[2020-04-12 19:31:55:710] [vo.logVo.LogVo.<init>] [INFO] 日志实例已初始化...
[2020-04-12 19:31:55:711] [vo.logVo.LogVo.<init>] [INFO] 日志实例已初始化...
[2020-04-12 19:31:55:715] [vo.logVo.LogVo.<init>] [INFO] 日志实例已初始化...
[2020-04-12 19:31:55:716] [vo.logVo.LogVo.<init>] [INFO] 日志实例已初始化...
[2020-04-12 19:31:55:716] [vo.logVo.LogVo.<init>] [INFO] 日志实例已初始化...
[2020-04-12 19:31:55:717] [vo.logVo.LogVo.<init>] [INFO] 日志实例已初始化...
[2020-04-12 19:31:55:717] [vo.logVo.LogVo.<init>] [INFO] 日志实例已初始化...
[2020-04-12 19:31:55:718] [vo.logVo.LogVo.<init>] [INFO] 日志实例已初始化...
[2020-04-12 19:31:55:719] [vo.logVo.LogVo.<init>] [INFO] 日志实例已初始化...
[2020-04-12 19:31:55:720] [vo.logVo.LogVo.<init>] [INFO] 日志实例已初始化...
[2020-04-12 19:31:55:721] [vo.logVo.LogVo.<init>] [INFO] 日志实例已初始化...
[2020-04-12 19:31:55:721] [vo.logVo.LogVo.<init>] [INFO] 日志实例已初始化...
[2020-04-12 19:31:55:721] [vo.logVo.LogVo.<init>] [INFO] 日志实例已初始化...
[2020-04-12 19:31:55:722] [vo.logVo.LogVo.<init>] [INFO] 日志实例已初始化...
[2020-04-12 19:31:55:722] [vo.logVo.LogVo.<init>] [INFO] 日志实例已初始化...
[2020-04-12 19:31:55:722] [vo.logVo.LogVo.<init>] [INFO] 日志实例已初始化...
[2020-04-12 19:31:55:723] [vo.logVo.LogVo.<init>] [INFO] 日志实例已初始化...
[2020-04-12 19:31:55:723] [vo.logVo.LogVo.<init>] [INFO] 日志实例已初始化...
[2020-04-12 19:31:55:724] [vo.logVo.LogVo.<init>] [INFO] 日志实例已初始化...
[2020-04-12 19:31:55:750] [vo.logVo.LogVo.<init>] [INFO] 日志实例已初始化...
[2020-04-12 19:31:55:758] [vo.logVo.LogVo.<init>] [INFO] 日志实例已初始化...
[2020-04-12 19:31:55:931] [action.userAction.LoginAction.execute] [INFO] admin 登录成功,登录时间:2020-04-12 19:31:55
[2020-04-12 19:32:06:413] [vo.logVo.LogVo.<init>] [INFO] 日志实例已初始化...
[2020-04-12 19:32:06:414] [vo.logVo.LogVo.<init>] [INFO] 日志实例已初始化...
[2020-04-12 19:32:06:415] [vo.logVo.LogVo.<init>] [INFO] 日志实例已初始化...
[2020-04-12 19:32:06:415] [vo.logVo.LogVo.<init>] [INFO] 日志实例已初始化...
[2020-04-12 19:32:06:416] [vo.logVo.LogVo.<init>] [INFO] 日志实例已初始化...
[2020-04-12 19:32:06:416] [vo.logVo.LogVo.<init>] [INFO] 日志实例已初始化...
[2020-04-12 19:32:06:417] [vo.logVo.LogVo.<init>] [INFO] 日志实例已初始化...
[2020-04-12 19:32:06:417] [vo.logVo.LogVo.<init>] [INFO] 日志实例已初始化...
[2020-04-12 19:32:06:418] [vo.logVo.LogVo.<init>] [INFO] 日志实例已初始化...
[2020-04-12 19:32:06:418] [vo.logVo.LogVo.<init>] [INFO] 日志实例已初始化...
[2020-04-12 19:32:06:419] [vo.logVo.LogVo.<init>] [INFO] 日志实例已初始化...
[2020-04-12 19:32:06:420] [vo.logVo.LogVo.<init>] [INFO] 日志实例已初始化...
[2020-04-12 19:32:06:420] [vo.logVo.LogVo.<init>] [INFO] 日志实例已初始化...
[2020-04-12 19:32:06:421] [vo.logVo.LogVo.<init>] [INFO] 日志实例已初始化...
[2020-04-12 19:32:06:422] [vo.logVo.LogVo.<init>] [INFO] 日志实例已初始化...
[2020-04-12 19:32:06:422] [vo.logVo.LogVo.<init>] [INFO] 日志实例已初始化...
[2020-04-12 19:32:06:423] [vo.logVo.LogVo.<init>] [INFO] 日志实例已初始化...
[2020-04-12 19:32:06:423] [vo.logVo.LogVo.<init>] [INFO] 日志实例已初始化...
[2020-04-12 19:32:06:424] [vo.logVo.LogVo.<init>] [INFO] 日志实例已初始化...
[2020-04-12 19:32:06:425] [vo.logVo.LogVo.<init>] [INFO] 日志实例已初始化...
[2020-04-12 19:32:06:425] [vo.logVo.LogVo.<init>] [INFO] 日志实例已初始化...
[2020-04-12 19:32:06:426] [vo.logVo.LogVo.<init>] [INFO] 日志实例已初始化...
[2020-04-12 19:32:06:427] [vo.logVo.LogVo.<init>] [INFO] 日志实例已初始化...
[2020-04-12 19:32:06:427] [vo.logVo.LogVo.<init>] [INFO] 日志实例已初始化...
[2020-04-12 19:32:06:428] [vo.logVo.LogVo.<init>] [INFO] 日志实例已初始化...
[2020-04-12 19:32:06:428] [vo.logVo.LogVo.<init>] [INFO] 日志实例已初始化...
[2020-04-12 19:32:06:429] [vo.logVo.LogVo.<init>] [INFO] 日志实例已初始化...
[2020-04-12 19:32:06:429] [vo.logVo.LogVo.<init>] [INFO] 日志实例已初始化...
[2020-04-12 19:32:06:430] [vo.logVo.LogVo.<init>] [INFO] 日志实例已初始化...
[2020-04-12 19:32:06:431] [vo.logVo.LogVo.<init>] [INFO] 日志实例已初始化...
[2020-04-12 19:32:06:431] [vo.logVo.LogVo.<init>] [INFO] 日志实例已初始化...
[2020-04-12 19:32:06:432] [vo.logVo.LogVo.<init>] [INFO] 日志实例已初始化...
[2020-04-12 19:32:06:432] [vo.logVo.LogVo.<init>] [INFO] 日志实例已初始化...
[2020-04-12 19:32:06:433] [vo.logVo.LogVo.<init>] [INFO] 日志实例已初始化...
[2020-04-12 19:32:06:434] [vo.logVo.LogVo.<init>] [INFO] 日志实例已初始化...
[2020-04-12 19:32:06:434] [vo.logVo.LogVo.<init>] [INFO] 日志实例已初始化...
[2020-04-12 19:32:06:435] [vo.logVo.LogVo.<init>] [INFO] 日志实例已初始化...
[2020-04-12 19:32:06:435] [vo.logVo.LogVo.<init>] [INFO] 日志实例已初始化...
[2020-04-12 19:32:06:436] [vo.logVo.LogVo.<init>] [INFO] 日志实例已初始化...
[2020-04-12 19:32:06:436] [vo.logVo.LogVo.<init>] [INFO] 日志实例已初始化...
[2020-04-12 19:32:06:437] [vo.logVo.LogVo.<init>] [INFO] 日志实例已初始化...
[2020-04-12 19:32:06:438] [vo.logVo.LogVo.<init>] [INFO] 日志实例已初始化...
[2020-04-12 19:32:06:438] [vo.logVo.LogVo.<init>] [INFO] 日志实例已初始化...
[2020-04-12 19:32:06:439] [vo.logVo.LogVo.<init>] [INFO] 日志实例已初始化...
[2020-04-12 19:32:06:439] [vo.logVo.LogVo.<init>] [INFO] 日志实例已初始化...
[2020-04-12 19:32:06:440] [vo.logVo.LogVo.<init>] [INFO] 日志实例已初始化...
[2020-04-12 19:32:06:441] [vo.logVo.LogVo.<init>] [INFO] 日志实例已初始化...
[2020-04-12 19:32:06:442] [vo.logVo.LogVo.<init>] [INFO] 日志实例已初始化...
[2020-04-12 19:32:06:444] [vo.logVo.LogVo.<init>] [INFO] 日志实例已初始化...
[2020-04-12 19:32:06:445] [vo.logVo.LogVo.<init>] [INFO] 日志实例已初始化...
[2020-04-12 19:32:06:445] [vo.logVo.LogVo.<init>] [INFO] 日志实例已初始化...
[2020-04-12 19:32:06:446] [vo.logVo.LogVo.<init>] [INFO] 日志实例已初始化...
[2020-04-12 19:32:06:446] [vo.logVo.LogVo.<init>] [INFO] 日志实例已初始化...
[2020-04-12 19:32:06:447] [vo.logVo.LogVo.<init>] [INFO] 日志实例已初始化...
[2020-04-12 19:32:06:447] [vo.logVo.LogVo.<init>] [INFO] 日志实例已初始化...
[2020-04-12 19:32:06:448] [vo.logVo.LogVo.<init>] [INFO] 日志实例已初始化...
[2020-04-12 19:32:06:449] [vo.logVo.LogVo.<init>] [INFO] 日志实例已初始化...
[2020-04-12 19:32:06:449] [vo.logVo.LogVo.<init>] [INFO] 日志实例已初始化...
[2020-04-12 19:32:06:450] [vo.logVo.LogVo.<init>] [INFO] 日志实例已初始化...
[2020-04-12 19:32:06:450] [vo.logVo.LogVo.<init>] [INFO] 日志实例已初始化...
[2020-04-12 19:32:06:451] [vo.logVo.LogVo.<init>] [INFO] 日志实例已初始化...
[2020-04-12 19:32:06:451] [vo.logVo.LogVo.<init>] [INFO] 日志实例已初始化...
[2020-04-12 19:32:06:452] [vo.logVo.LogVo.<init>] [INFO] 日志实例已初始化...
[2020-04-12 19:32:06:452] [vo.logVo.LogVo.<init>] [INFO] 日志实例已初始化...
[2020-04-12 19:32:06:453] [vo.logVo.LogVo.<init>] [INFO] 日志实例已初始化...
[2020-04-12 19:32:06:456] [vo.logVo.LogVo.<init>] [INFO] 日志实例已初始化...
[2020-04-12 19:32:06:457] [vo.logVo.LogVo.<init>] [INFO] 日志实例已初始化...
[2020-04-12 19:32:06:458] [vo.logVo.LogVo.<init>] [INFO] 日志实例已初始化...
[2020-04-12 19:32:06:459] [vo.logVo.LogVo.<init>] [INFO] 日志实例已初始化...
[2020-04-12 19:32:06:460] [vo.logVo.LogVo.<init>] [INFO] 日志实例已初始化...
[2020-04-12 19:32:06:461] [vo.logVo.LogVo.<init>] [INFO] 日志实例已初始化...
[2020-04-12 19:32:06:461] [vo.logVo.LogVo.<init>] [INFO] 日志实例已初始化...
[2020-04-12 19:32:06:462] [vo.logVo.LogVo.<init>] [INFO] 日志实例已初始化...
[2020-04-12 19:32:06:463] [vo.logVo.LogVo.<init>] [INFO] 日志实例已初始化...
[2020-04-12 19:32:06:464] [vo.logVo.LogVo.<init>] [INFO] 日志实例已初始化...
[2020-04-12 19:32:06:464] [vo.logVo.LogVo.<init>] [INFO] 日志实例已初始化...
[2020-04-12 19:32:06:465] [vo.logVo.LogVo.<init>] [INFO] 日志实例已初始化...
[2020-04-12 19:32:06:466] [vo.logVo.LogVo.<init>] [INFO] 日志实例已初始化...
[2020-04-12 19:32:06:467] [vo.logVo.LogVo.<init>] [INFO] 日志实例已初始化...
[2020-04-12 19:32:06:469] [vo.logVo.LogVo.<init>] [INFO] 日志实例已初始化...
[2020-04-12 19:32:06:470] [vo.logVo.LogVo.<init>] [INFO] 日志实例已初始化...
[2020-04-12 19:32:06:471] [vo.logVo.LogVo.<init>] [INFO] 日志实例已初始化...
[2020-04-12 19:32:06:471] [vo.logVo.LogVo.<init>] [INFO] 日志实例已初始化...
[2020-04-12 19:32:06:479] [vo.logVo.LogVo.<init>] [INFO] 日志实例已初始化...
[2020-04-12 19:32:06:480] [vo.logVo.LogVo.<init>] [INFO] 日志实例已初始化...
[2020-04-12 19:32:06:480] [vo.logVo.LogVo.<init>] [INFO] 日志实例已初始化...
[2020-04-12 19:32:06:481] [vo.logVo.LogVo.<init>] [INFO] 日志实例已初始化...
[2020-04-12 19:32:06:481] [vo.logVo.LogVo.<init>] [INFO] 日志实例已初始化...
[2020-04-12 19:32:06:482] [vo.logVo.LogVo.<init>] [INFO] 日志实例已初始化...
[2020-04-12 19:32:06:482] [vo.logVo.LogVo.<init>] [INFO] 日志实例已初始化...
[2020-04-12 19:32:06:487] [vo.logVo.LogVo.<init>] [INFO] 日志实例已初始化...
[2020-04-12 19:32:06:488] [vo.logVo.LogVo.<init>] [INFO] 日志实例已初始化...
[2020-04-12 19:32:06:488] [vo.logVo.LogVo.<init>] [INFO] 日志实例已初始化...
[2020-04-12 19:32:06:489] [vo.logVo.LogVo.<init>] [INFO] 日志实例已初始化...
[2020-04-12 19:32:06:489] [vo.logVo.LogVo.<init>] [INFO] 日志实例已初始化...
[2020-04-12 19:32:06:490] [vo.logVo.LogVo.<init>] [INFO] 日志实例已初始化...
[2020-04-12 19:32:06:490] [vo.logVo.LogVo.<init>] [INFO] 日志实例已初始化...
[2020-04-12 19:32:06:491] [vo.logVo.LogVo.<init>] [INFO] 日志实例已初始化...
[2020-04-12 19:32:06:491] [vo.logVo.LogVo.<init>] [INFO] 日志实例已初始化...
[2020-04-12 19:32:06:492] [vo.logVo.LogVo.<init>] [INFO] 日志实例已初始化...
[2020-04-12 19:32:06:493] [vo.logVo.LogVo.<init>] [INFO] 日志实例已初始化...
[2020-04-12 19:32:06:494] [vo.logVo.LogVo.<init>] [INFO] 日志实例已初始化...
[2020-04-12 19:32:06:494] [vo.logVo.LogVo.<init>] [INFO] 日志实例已初始化...
[2020-04-12 19:32:06:496] [vo.logVo.LogVo.<init>] [INFO] 日志实例已初始化...
[2020-04-12 19:32:06:497] [vo.logVo.LogVo.<init>] [INFO] 日志实例已初始化...
[2020-04-12 19:32:06:498] [vo.logVo.LogVo.<init>] [INFO] 日志实例已初始化...
[2020-04-12 19:32:06:499] [vo.logVo.LogVo.<init>] [INFO] 日志实例已初始化...
[2020-04-12 19:32:06:500] [vo.logVo.LogVo.<init>] [INFO] 日志实例已初始化...
[2020-04-12 19:32:06:500] [vo.logVo.LogVo.<init>] [INFO] 日志实例已初始化...
[2020-04-12 19:32:06:501] [vo.logVo.LogVo.<init>] [INFO] 日志实例已初始化...
[2020-04-12 19:32:06:503] [vo.logVo.LogVo.<init>] [INFO] 日志实例已初始化...
[2020-04-12 19:32:06:503] [vo.logVo.LogVo.<init>] [INFO] 日志实例已初始化...
[2020-04-12 19:32:06:505] [vo.logVo.LogVo.<init>] [INFO] 日志实例已初始化...
[2020-04-12 19:32:06:506] [vo.logVo.LogVo.<init>] [INFO] 日志实例已初始化...
[2020-04-12 19:32:06:507] [vo.logVo.LogVo.<init>] [INFO] 日志实例已初始化...
[2020-04-12 19:32:06:507] [vo.logVo.LogVo.<init>] [INFO] 日志实例已初始化...
[2020-04-12 19:32:06:508] [vo.logVo.LogVo.<init>] [INFO] 日志实例已初始化...
[2020-04-12 19:32:06:513] [vo.logVo.LogVo.<init>] [INFO] 日志实例已初始化...
[2020-04-12 19:32:06:516] [vo.logVo.LogVo.<init>] [INFO] 日志实例已初始化...
[2020-04-12 19:32:06:516] [vo.logVo.LogVo.<init>] [INFO] 日志实例已初始化...
[2020-04-12 19:32:06:517] [vo.logVo.LogVo.<init>] [INFO] 日志实例已初始化...
[2020-04-12 19:32:06:517] [vo.logVo.LogVo.<init>] [INFO] 日志实例已初始化...
[2020-04-12 19:32:06:518] [vo.logVo.LogVo.<init>] [INFO] 日志实例已初始化...
[2020-04-12 19:32:06:518] [vo.logVo.LogVo.<init>] [INFO] 日志实例已初始化...
[2020-04-12 19:32:06:520] [vo.logVo.LogVo.<init>] [INFO] 日志实例已初始化...
[2020-04-12 19:32:06:521] [vo.logVo.LogVo.<init>] [INFO] 日志实例已初始化...
[2020-04-12 19:32:06:522] [vo.logVo.LogVo.<init>] [INFO] 日志实例已初始化...
[2020-04-12 19:32:06:522] [vo.logVo.LogVo.<init>] [INFO] 日志实例已初始化...
[2020-04-12 19:32:06:523] [vo.logVo.LogVo.<init>] [INFO] 日志实例已初始化...
[2020-04-12 19:32:06:523] [vo.logVo.LogVo.<init>] [INFO] 日志实例已初始化...
[2020-04-12 19:32:06:524] [vo.logVo.LogVo.<init>] [INFO] 日志实例已初始化...
[2020-04-12 19:32:06:526] [vo.logVo.LogVo.<init>] [INFO] 日志实例已初始化...
[2020-04-12 19:32:06:526] [vo.logVo.LogVo.<init>] [INFO] 日志实例已初始化...
[2020-04-12 19:32:06:527] [vo.logVo.LogVo.<init>] [INFO] 日志实例已初始化...
[2020-04-12 19:32:06:527] [vo.logVo.LogVo.<init>] [INFO] 日志实例已初始化...
[2020-04-12 19:32:06:528] [vo.logVo.LogVo.<init>] [INFO] 日志实例已初始化...
[2020-04-12 19:32:06:528] [vo.logVo.LogVo.<init>] [INFO] 日志实例已初始化...
[2020-04-12 19:32:06:529] [vo.logVo.LogVo.<init>] [INFO] 日志实例已初始化...
[2020-04-12 19:32:06:529] [vo.logVo.LogVo.<init>] [INFO] 日志实例已初始化...
[2020-04-12 19:32:06:530] [vo.logVo.LogVo.<init>] [INFO] 日志实例已初始化...
[2020-04-12 19:32:06:531] [vo.logVo.LogVo.<init>] [INFO] 日志实例已初始化...
[2020-04-12 19:32:06:533] [vo.logVo.LogVo.<init>] [INFO] 日志实例已初始化...
[2020-04-12 19:32:06:534] [vo.logVo.LogVo.<init>] [INFO] 日志实例已初始化...
[2020-04-12 19:32:06:534] [vo.logVo.LogVo.<init>] [INFO] 日志实例已初始化...
[2020-04-12 19:32:06:535] [vo.logVo.LogVo.<init>] [INFO] 日志实例已初始化...
[2020-04-12 19:32:06:536] [vo.logVo.LogVo.<init>] [INFO] 日志实例已初始化...
[2020-04-12 19:32:06:537] [vo.logVo.LogVo.<init>] [INFO] 日志实例已初始化...
[2020-04-12 19:32:06:538] [vo.logVo.LogVo.<init>] [INFO] 日志实例已初始化...
[2020-04-12 19:32:06:538] [vo.logVo.LogVo.<init>] [INFO] 日志实例已初始化...
[2020-04-12 19:32:06:538] [vo.logVo.LogVo.<init>] [INFO] 日志实例已初始化...
[2020-04-12 19:32:06:539] [vo.logVo.LogVo.<init>] [INFO] 日志实例已初始化...
[2020-04-12 19:32:06:540] [vo.logVo.LogVo.<init>] [INFO] 日志实例已初始化...
[2020-04-12 19:32:06:544] [vo.logVo.LogVo.<init>] [INFO] 日志实例已初始化...
[2020-04-12 19:32:06:544] [vo.logVo.LogVo.<init>] [INFO] 日志实例已初始化...
[2020-04-12 19:32:06:546] [vo.logVo.LogVo.<init>] [INFO] 日志实例已初始化...
[2020-04-12 19:32:06:546] [vo.logVo.LogVo.<init>] [INFO] 日志实例已初始化...
[2020-04-12 19:32:06:547] [vo.logVo.LogVo.<init>] [INFO] 日志实例已初始化...
[2020-04-12 19:32:06:548] [vo.logVo.LogVo.<init>] [INFO] 日志实例已初始化...
[2020-04-12 19:32:06:549] [vo.logVo.LogVo.<init>] [INFO] 日志实例已初始化...
[2020-04-12 19:32:06:549] [vo.logVo.LogVo.<init>] [INFO] 日志实例已初始化...
[2020-04-12 19:32:06:550] [vo.logVo.LogVo.<init>] [INFO] 日志实例已初始化...
[2020-04-12 19:32:06:550] [vo.logVo.LogVo.<init>] [INFO] 日志实例已初始化...
[2020-04-12 19:32:06:551] [vo.logVo.LogVo.<init>] [INFO] 日志实例已初始化...
[2020-04-12 19:32:06:551] [vo.logVo.LogVo.<init>] [INFO] 日志实例已初始化...
[2020-04-12 19:32:06:552] [vo.logVo.LogVo.<init>] [INFO] 日志实例已初始化...
[2020-04-12 19:32:06:552] [vo.logVo.LogVo.<init>] [INFO] 日志实例已初始化...
[2020-04-12 19:32:06:553] [vo.logVo.LogVo.<init>] [INFO] 日志实例已初始化...
[2020-04-12 19:32:06:553] [vo.logVo.LogVo.<init>] [INFO] 日志实例已初始化...
[2020-04-12 19:32:06:554] [vo.logVo.LogVo.<init>] [INFO] 日志实例已初始化...
[2020-04-12 19:32:06:554] [vo.logVo.LogVo.<init>] [INFO] 日志实例已初始化...
[2020-04-12 19:32:06:554] [vo.logVo.LogVo.<init>] [INFO] 日志实例已初始化...
[2020-04-12 19:32:06:557] [vo.logVo.LogVo.<init>] [INFO] 日志实例已初始化...
[2020-04-12 19:32:06:557] [vo.logVo.LogVo.<init>] [INFO] 日志实例已初始化...
[2020-04-12 19:32:06:558] [vo.logVo.LogVo.<init>] [INFO] 日志实例已初始化...
[2020-04-12 19:32:06:559] [vo.logVo.LogVo.<init>] [INFO] 日志实例已初始化...
[2020-04-12 19:32:06:560] [vo.logVo.LogVo.<init>] [INFO] 日志实例已初始化...
[2020-04-12 19:32:06:560] [vo.logVo.LogVo.<init>] [INFO] 日志实例已初始化...
[2020-04-12 19:32:06:561] [vo.logVo.LogVo.<init>] [INFO] 日志实例已初始化...
[2020-04-12 19:32:06:561] [vo.logVo.LogVo.<init>] [INFO] 日志实例已初始化...
[2020-04-12 19:32:06:562] [vo.logVo.LogVo.<init>] [INFO] 日志实例已初始化...
[2020-04-12 19:32:06:562] [vo.logVo.LogVo.<init>] [INFO] 日志实例已初始化...
[2020-04-12 19:32:06:562] [vo.logVo.LogVo.<init>] [INFO] 日志实例已初始化...
[2020-04-12 19:32:06:563] [vo.logVo.LogVo.<init>] [INFO] 日志实例已初始化...
[2020-04-12 19:32:06:564] [vo.logVo.LogVo.<init>] [INFO] 日志实例已初始化...
[2020-04-12 19:32:06:566] [vo.logVo.LogVo.<init>] [INFO] 日志实例已初始化...
[2020-04-12 19:32:06:567] [vo.logVo.LogVo.<init>] [INFO] 日志实例已初始化...
[2020-04-12 19:32:06:568] [vo.logVo.LogVo.<init>] [INFO] 日志实例已初始化...
[2020-04-12 19:32:06:568] [vo.logVo.LogVo.<init>] [INFO] 日志实例已初始化...
[2020-04-12 19:32:06:569] [vo.logVo.LogVo.<init>] [INFO] 日志实例已初始化...
[2020-04-12 19:32:06:570] [vo.logVo.LogVo.<init>] [INFO] 日志实例已初始化...
[2020-04-12 19:32:06:574] [vo.logVo.LogVo.<init>] [INFO] 日志实例已初始化...
[2020-04-12 19:32:06:575] [vo.logVo.LogVo.<init>] [INFO] 日志实例已初始化...
[2020-04-12 19:32:06:576] [vo.logVo.LogVo.<init>] [INFO] 日志实例已初始化...
[2020-04-12 19:32:06:576] [vo.logVo.LogVo.<init>] [INFO] 日志实例已初始化...
[2020-04-12 19:32:06:577] [vo.logVo.LogVo.<init>] [INFO] 日志实例已初始化...
[2020-04-12 19:32:06:578] [vo.logVo.LogVo.<init>] [INFO] 日志实例已初始化...
[2020-04-12 19:32:06:579] [vo.logVo.LogVo.<init>] [INFO] 日志实例已初始化...
[2020-04-12 19:32:06:580] [vo.logVo.LogVo.<init>] [INFO] 日志实例已初始化...
[2020-04-12 19:32:06:581] [vo.logVo.LogVo.<init>] [INFO] 日志实例已初始化...
[2020-04-12 19:32:06:583] [vo.logVo.LogVo.<init>] [INFO] 日志实例已初始化...
[2020-04-12 19:32:06:584] [vo.logVo.LogVo.<init>] [INFO] 日志实例已初始化...
[2020-04-12 19:32:06:585] [vo.logVo.LogVo.<init>] [INFO] 日志实例已初始化...
[2020-04-12 19:32:06:585] [vo.logVo.LogVo.<init>] [INFO] 日志实例已初始化...
[2020-04-12 19:32:06:586] [vo.logVo.LogVo.<init>] [INFO] 日志实例已初始化...
[2020-04-12 19:32:06:586] [vo.logVo.LogVo.<init>] [INFO] 日志实例已初始化...
[2020-04-12 19:32:06:588] [vo.logVo.LogVo.<init>] [INFO] 日志实例已初始化...
[2020-04-12 19:32:06:588] [vo.logVo.LogVo.<init>] [INFO] 日志实例已初始化...
[2020-04-12 19:32:06:589] [vo.logVo.LogVo.<init>] [INFO] 日志实例已初始化...
[2020-04-12 19:32:06:589] [vo.logVo.LogVo.<init>] [INFO] 日志实例已初始化...
[2020-04-12 19:32:06:590] [vo.logVo.LogVo.<init>] [INFO] 日志实例已初始化...
[2020-04-12 19:32:06:590] [vo.logVo.LogVo.<init>] [INFO] 日志实例已初始化...
[2020-04-12 19:32:06:591] [vo.logVo.LogVo.<init>] [INFO] 日志实例已初始化...
[2020-04-12 19:32:06:591] [vo.logVo.LogVo.<init>] [INFO] 日志实例已初始化...
[2020-04-12 19:32:06:592] [vo.logVo.LogVo.<init>] [INFO] 日志实例已初始化...
[2020-04-12 19:32:06:593] [vo.logVo.LogVo.<init>] [INFO] 日志实例已初始化...
[2020-04-12 19:32:06:593] [vo.logVo.LogVo.<init>] [INFO] 日志实例已初始化...
[2020-04-12 19:32:06:594] [vo.logVo.LogVo.<init>] [INFO] 日志实例已初始化...
[2020-04-12 19:32:06:594] [vo.logVo.LogVo.<init>] [INFO] 日志实例已初始化...
[2020-04-12 19:32:06:597] [vo.logVo.LogVo.<init>] [INFO] 日志实例已初始化...
[2020-04-12 19:32:06:597] [vo.logVo.LogVo.<init>] [INFO] 日志实例已初始化...
[2020-04-12 19:32:06:598] [vo.logVo.LogVo.<init>] [INFO] 日志实例已初始化...
[2020-04-12 19:32:06:599] [vo.logVo.LogVo.<init>] [INFO] 日志实例已初始化...
[2020-04-12 19:32:06:600] [vo.logVo.LogVo.<init>] [INFO] 日志实例已初始化...
[2020-04-12 19:32:06:600] [vo.logVo.LogVo.<init>] [INFO] 日志实例已初始化...
[2020-04-12 19:32:06:601] [vo.logVo.LogVo.<init>] [INFO] 日志实例已初始化...
[2020-04-12 19:32:06:601] [vo.logVo.LogVo.<init>] [INFO] 日志实例已初始化...
[2020-04-12 19:32:06:601] [vo.logVo.LogVo.<init>] [INFO] 日志实例已初始化...
[2020-04-12 19:32:06:602] [vo.logVo.LogVo.<init>] [INFO] 日志实例已初始化...
[2020-04-12 19:32:06:602] [vo.logVo.LogVo.<init>] [INFO] 日志实例已初始化...
[2020-04-12 19:32:06:602] [vo.logVo.LogVo.<init>] [INFO] 日志实例已初始化...
[2020-04-12 19:32:06:603] [vo.logVo.LogVo.<init>] [INFO] 日志实例已初始化...
[2020-04-12 19:32:06:604] [vo.logVo.LogVo.<init>] [INFO] 日志实例已初始化...
[2020-04-12 19:32:06:606] [vo.logVo.LogVo.<init>] [INFO] 日志实例已初始化...
[2020-04-12 19:32:06:606] [vo.logVo.LogVo.<init>] [INFO] 日志实例已初始化...
[2020-04-12 19:32:06:607] [vo.logVo.LogVo.<init>] [INFO] 日志实例已初始化...
[2020-04-12 19:32:06:607] [vo.logVo.LogVo.<init>] [INFO] 日志实例已初始化...
[2020-04-12 19:32:06:608] [vo.logVo.LogVo.<init>] [INFO] 日志实例已初始化...
[2020-04-12 19:32:06:609] [vo.logVo.LogVo.<init>] [INFO] 日志实例已初始化...
[2020-04-12 19:32:06:610] [vo.logVo.LogVo.<init>] [INFO] 日志实例已初始化...
[2020-04-12 19:32:06:610] [vo.logVo.LogVo.<init>] [INFO] 日志实例已初始化...
[2020-04-12 19:32:06:611] [vo.logVo.LogVo.<init>] [INFO] 日志实例已初始化...
[2020-04-12 19:32:06:612] [vo.logVo.LogVo.<init>] [INFO] 日志实例已初始化...
[2020-04-12 19:32:06:612] [vo.logVo.LogVo.<init>] [INFO] 日志实例已初始化...
[2020-04-12 19:32:06:613] [vo.logVo.LogVo.<init>] [INFO] 日志实例已初始化...
[2020-04-12 19:32:06:614] [vo.logVo.LogVo.<init>] [INFO] 日志实例已初始化...
[2020-04-12 19:32:06:614] [vo.logVo.LogVo.<init>] [INFO] 日志实例已初始化...
[2020-04-12 19:32:06:615] [vo.logVo.LogVo.<init>] [INFO] 日志实例已初始化...
[2020-04-12 19:32:06:616] [vo.logVo.LogVo.<init>] [INFO] 日志实例已初始化...
[2020-04-12 19:32:06:616] [vo.logVo.LogVo.<init>] [INFO] 日志实例已初始化...
[2020-04-12 19:32:06:618] [vo.logVo.LogVo.<init>] [INFO] 日志实例已初始化...
[2020-04-12 19:32:06:619] [vo.logVo.LogVo.<init>] [INFO] 日志实例已初始化...
[2020-04-12 19:32:06:620] [vo.logVo.LogVo.<init>] [INFO] 日志实例已初始化...
[2020-04-12 19:32:06:621] [vo.logVo.LogVo.<init>] [INFO] 日志实例已初始化...
[2020-04-12 19:32:06:621] [vo.logVo.LogVo.<init>] [INFO] 日志实例已初始化...
[2020-04-12 19:32:06:622] [vo.logVo.LogVo.<init>] [INFO] 日志实例已初始化...
[2020-04-12 19:32:06:622] [vo.logVo.LogVo.<init>] [INFO] 日志实例已初始化...
[2020-04-12 19:32:06:623] [vo.logVo.LogVo.<init>] [INFO] 日志实例已初始化...
[2020-04-12 19:32:06:623] [vo.logVo.LogVo.<init>] [INFO] 日志实例已初始化...
[2020-04-12 19:32:06:623] [vo.logVo.LogVo.<init>] [INFO] 日志实例已初始化...
[2020-04-12 19:32:06:624] [vo.logVo.LogVo.<init>] [INFO] 日志实例已初始化...
[2020-04-12 19:32:06:624] [vo.logVo.LogVo.<init>] [INFO] 日志实例已初始化...
[2020-04-12 19:32:06:625] [vo.logVo.LogVo.<init>] [INFO] 日志实例已初始化...
[2020-04-12 19:32:06:625] [vo.logVo.LogVo.<init>] [INFO] 日志实例已初始化...
[2020-04-12 19:32:06:626] [vo.logVo.LogVo.<init>] [INFO] 日志实例已初始化...
[2020-04-12 19:32:06:626] [vo.logVo.LogVo.<init>] [INFO] 日志实例已初始化...
[2020-04-12 19:32:06:627] [vo.logVo.LogVo.<init>] [INFO] 日志实例已初始化...
[2020-04-12 19:32:06:627] [vo.logVo.LogVo.<init>] [INFO] 日志实例已初始化...
[2020-04-12 19:32:06:628] [vo.logVo.LogVo.<init>] [INFO] 日志实例已初始化...
[2020-04-12 19:32:06:628] [vo.logVo.LogVo.<init>] [INFO] 日志实例已初始化...
[2020-04-12 19:32:06:629] [vo.logVo.LogVo.<init>] [INFO] 日志实例已初始化...
[2020-04-12 19:32:06:629] [vo.logVo.LogVo.<init>] [INFO] 日志实例已初始化...
[2020-04-12 19:32:06:629] [vo.logVo.LogVo.<init>] [INFO] 日志实例已初始化...
[2020-04-12 19:32:06:630] [vo.logVo.LogVo.<init>] [INFO] 日志实例已初始化...
[2020-04-12 19:32:06:630] [vo.logVo.LogVo.<init>] [INFO] 日志实例已初始化...
[2020-04-12 19:32:06:630] [vo.logVo.LogVo.<init>] [INFO] 日志实例已初始化...
[2020-04-12 19:32:06:631] [vo.logVo.LogVo.<init>] [INFO] 日志实例已初始化...
[2020-04-12 19:32:06:631] [vo.logVo.LogVo.<init>] [INFO] 日志实例已初始化...
[2020-04-12 19:32:06:631] [vo.logVo.LogVo.<init>] [INFO] 日志实例已初始化...
[2020-04-12 19:32:06:631] [vo.logVo.LogVo.<init>] [INFO] 日志实例已初始化...
[2020-04-12 19:32:06:632] [vo.logVo.LogVo.<init>] [INFO] 日志实例已初始化...
[2020-04-12 19:32:06:632] [vo.logVo.LogVo.<init>] [INFO] 日志实例已初始化...
[2020-04-12 19:32:06:633] [vo.logVo.LogVo.<init>] [INFO] 日志实例已初始化...
[2020-04-12 19:32:06:634] [vo.logVo.LogVo.<init>] [INFO] 日志实例已初始化...
[2020-04-12 19:32:06:636] [vo.logVo.LogVo.<init>] [INFO] 日志实例已初始化...
[2020-04-12 19:32:06:636] [vo.logVo.LogVo.<init>] [INFO] 日志实例已初始化...
[2020-04-12 19:32:06:637] [vo.logVo.LogVo.<init>] [INFO] 日志实例已初始化...
[2020-04-12 19:32:06:638] [vo.logVo.LogVo.<init>] [INFO] 日志实例已初始化...
[2020-04-12 19:32:06:638] [vo.logVo.LogVo.<init>] [INFO] 日志实例已初始化...
[2020-04-12 19:32:06:639] [vo.logVo.LogVo.<init>] [INFO] 日志实例已初始化...
[2020-04-12 19:32:06:639] [vo.logVo.LogVo.<init>] [INFO] 日志实例已初始化...
[2020-04-12 19:32:06:640] [vo.logVo.LogVo.<init>] [INFO] 日志实例已初始化...
[2020-04-12 19:32:06:640] [vo.logVo.LogVo.<init>] [INFO] 日志实例已初始化...
[2020-04-12 19:32:06:641] [vo.logVo.LogVo.<init>] [INFO] 日志实例已初始化...
[2020-04-12 19:32:06:641] [vo.logVo.LogVo.<init>] [INFO] 日志实例已初始化...
[2020-04-12 19:32:06:642] [vo.logVo.LogVo.<init>] [INFO] 日志实例已初始化...
[2020-04-12 19:32:06:642] [vo.logVo.LogVo.<init>] [INFO] 日志实例已初始化...
[2020-04-12 19:32:06:643] [vo.logVo.LogVo.<init>] [INFO] 日志实例已初始化...
[2020-04-12 19:32:06:644] [vo.logVo.LogVo.<init>] [INFO] 日志实例已初始化...
[2020-04-12 19:32:06:645] [vo.logVo.LogVo.<init>] [INFO] 日志实例已初始化...
[2020-04-12 19:32:06:645] [vo.logVo.LogVo.<init>] [INFO] 日志实例已初始化...
[2020-04-12 19:32:06:646] [vo.logVo.LogVo.<init>] [INFO] 日志实例已初始化...
[2020-04-12 19:32:06:646] [vo.logVo.LogVo.<init>] [INFO] 日志实例已初始化...
[2020-04-12 19:32:06:647] [vo.logVo.LogVo.<init>] [INFO] 日志实例已初始化...
[2020-04-12 19:32:06:648] [vo.logVo.LogVo.<init>] [INFO] 日志实例已初始化...
[2020-04-12 19:32:06:649] [vo.logVo.LogVo.<init>] [INFO] 日志实例已初始化...
[2020-04-12 19:32:06:652] [vo.logVo.LogVo.<init>] [INFO] 日志实例已初始化...
[2020-04-12 19:32:06:652] [vo.logVo.LogVo.<init>] [INFO] 日志实例已初始化...
[2020-04-12 19:32:06:652] [vo.logVo.LogVo.<init>] [INFO] 日志实例已初始化...
[2020-04-12 19:32:06:653] [vo.logVo.LogVo.<init>] [INFO] 日志实例已初始化...
[2020-04-12 19:32:06:653] [vo.logVo.LogVo.<init>] [INFO] 日志实例已初始化...
[2020-04-12 19:32:06:655] [vo.logVo.LogVo.<init>] [INFO] 日志实例已初始化...
[2020-04-12 19:32:06:655] [vo.logVo.LogVo.<init>] [INFO] 日志实例已初始化...
[2020-04-12 19:32:06:656] [vo.logVo.LogVo.<init>] [INFO] 日志实例已初始化...
[2020-04-12 19:32:06:656] [vo.logVo.LogVo.<init>] [INFO] 日志实例已初始化...
[2020-04-12 19:32:06:656] [vo.logVo.LogVo.<init>] [INFO] 日志实例已初始化...
[2020-04-12 19:32:06:657] [vo.logVo.LogVo.<init>] [INFO] 日志实例已初始化...
[2020-04-12 19:32:06:657] [vo.logVo.LogVo.<init>] [INFO] 日志实例已初始化...
[2020-04-12 19:32:06:657] [vo.logVo.LogVo.<init>] [INFO] 日志实例已初始化...
[2020-04-12 19:32:06:658] [vo.logVo.LogVo.<init>] [INFO] 日志实例已初始化...
[2020-04-12 19:32:06:658] [vo.logVo.LogVo.<init>] [INFO] 日志实例已初始化...
[2020-04-12 19:32:06:659] [vo.logVo.LogVo.<init>] [INFO] 日志实例已初始化...
[2020-04-12 19:32:06:659] [vo.logVo.LogVo.<init>] [INFO] 日志实例已初始化...
[2020-04-12 19:32:06:660] [vo.logVo.LogVo.<init>] [INFO] 日志实例已初始化...
[2020-04-12 19:32:06:660] [vo.logVo.LogVo.<init>] [INFO] 日志实例已初始化...
[2020-04-12 19:32:06:660] [vo.logVo.LogVo.<init>] [INFO] 日志实例已初始化...
[2020-04-12 19:32:06:661] [vo.logVo.LogVo.<init>] [INFO] 日志实例已初始化...
[2020-04-12 19:32:06:662] [vo.logVo.LogVo.<init>] [INFO] 日志实例已初始化...
[2020-04-12 19:32:06:662] [vo.logVo.LogVo.<init>] [INFO] 日志实例已初始化...
[2020-04-12 19:32:06:663] [vo.logVo.LogVo.<init>] [INFO] 日志实例已初始化...
[2020-04-12 19:32:06:663] [vo.logVo.LogVo.<init>] [INFO] 日志实例已初始化...
[2020-04-12 19:32:06:663] [vo.logVo.LogVo.<init>] [INFO] 日志实例已初始化...
[2020-04-12 19:32:06:666] [vo.logVo.LogVo.<init>] [INFO] 日志实例已初始化...
[2020-04-12 19:32:06:667] [vo.logVo.LogVo.<init>] [INFO] 日志实例已初始化...
[2020-04-12 19:32:06:668] [vo.logVo.LogVo.<init>] [INFO] 日志实例已初始化...
[2020-04-12 19:32:06:668] [vo.logVo.LogVo.<init>] [INFO] 日志实例已初始化...
[2020-04-12 19:32:06:669] [vo.logVo.LogVo.<init>] [INFO] 日志实例已初始化...
[2020-04-12 19:32:06:669] [vo.logVo.LogVo.<init>] [INFO] 日志实例已初始化...
[2020-04-12 19:32:06:669] [vo.logVo.LogVo.<init>] [INFO] 日志实例已初始化...
[2020-04-12 19:32:06:670] [vo.logVo.LogVo.<init>] [INFO] 日志实例已初始化...
[2020-04-12 19:32:06:670] [vo.logVo.LogVo.<init>] [INFO] 日志实例已初始化...
[2020-04-12 19:32:06:671] [vo.logVo.LogVo.<init>] [INFO] 日志实例已初始化...
[2020-04-12 19:32:06:671] [vo.logVo.LogVo.<init>] [INFO] 日志实例已初始化...
[2020-04-12 19:32:06:672] [vo.logVo.LogVo.<init>] [INFO] 日志实例已初始化...
[2020-04-12 19:32:06:673] [vo.logVo.LogVo.<init>] [INFO] 日志实例已初始化...
[2020-04-12 19:32:06:673] [vo.logVo.LogVo.<init>] [INFO] 日志实例已初始化...
[2020-04-12 19:32:06:677] [vo.logVo.LogVo.<init>] [INFO] 日志实例已初始化...
[2020-04-12 19:32:06:678] [vo.logVo.LogVo.<init>] [INFO] 日志实例已初始化...
[2020-04-12 19:32:06:678] [vo.logVo.LogVo.<init>] [INFO] 日志实例已初始化...
[2020-04-12 19:32:06:680] [vo.logVo.LogVo.<init>] [INFO] 日志实例已初始化...
[2020-04-12 19:32:06:681] [vo.logVo.LogVo.<init>] [INFO] 日志实例已初始化...
[2020-04-12 19:32:06:682] [vo.logVo.LogVo.<init>] [INFO] 日志实例已初始化...
[2020-04-12 19:32:06:683] [vo.logVo.LogVo.<init>] [INFO] 日志实例已初始化...
[2020-04-12 19:32:06:684] [vo.logVo.LogVo.<init>] [INFO] 日志实例已初始化...
[2020-04-12 19:32:06:685] [vo.logVo.LogVo.<init>] [INFO] 日志实例已初始化...
[2020-04-12 19:32:06:685] [vo.logVo.LogVo.<init>] [INFO] 日志实例已初始化...
[2020-04-12 19:32:06:686] [vo.logVo.LogVo.<init>] [INFO] 日志实例已初始化...
[2020-04-12 19:32:06:686] [vo.logVo.LogVo.<init>] [INFO] 日志实例已初始化...
[2020-04-12 19:32:06:687] [vo.logVo.LogVo.<init>] [INFO] 日志实例已初始化...
[2020-04-12 19:32:06:687] [vo.logVo.LogVo.<init>] [INFO] 日志实例已初始化...
[2020-04-12 19:32:06:688] [vo.logVo.LogVo.<init>] [INFO] 日志实例已初始化...
[2020-04-12 19:32:06:688] [vo.logVo.LogVo.<init>] [INFO] 日志实例已初始化...
[2020-04-12 19:32:06:689] [vo.logVo.LogVo.<init>] [INFO] 日志实例已初始化...
[2020-04-12 19:32:06:689] [vo.logVo.LogVo.<init>] [INFO] 日志实例已初始化...
[2020-04-12 19:32:06:690] [vo.logVo.LogVo.<init>] [INFO] 日志实例已初始化...
[2020-04-12 19:32:06:690] [vo.logVo.LogVo.<init>] [INFO] 日志实例已初始化...
[2020-04-12 19:32:06:691] [vo.logVo.LogVo.<init>] [INFO] 日志实例已初始化...
[2020-04-12 19:32:06:693] [vo.logVo.LogVo.<init>] [INFO] 日志实例已初始化...
[2020-04-12 19:32:06:697] [vo.logVo.LogVo.<init>] [INFO] 日志实例已初始化...
[2020-04-12 19:32:06:698] [vo.logVo.LogVo.<init>] [INFO] 日志实例已初始化...
[2020-04-12 19:32:06:699] [vo.logVo.LogVo.<init>] [INFO] 日志实例已初始化...
[2020-04-12 19:32:06:699] [vo.logVo.LogVo.<init>] [INFO] 日志实例已初始化...
[2020-04-12 19:32:06:700] [vo.logVo.LogVo.<init>] [INFO] 日志实例已初始化...
[2020-04-12 19:32:06:701] [vo.logVo.LogVo.<init>] [INFO] 日志实例已初始化...
[2020-04-12 19:32:06:702] [vo.logVo.LogVo.<init>] [INFO] 日志实例已初始化...
[2020-04-12 19:32:06:702] [vo.logVo.LogVo.<init>] [INFO] 日志实例已初始化...
[2020-04-12 19:32:06:704] [vo.logVo.LogVo.<init>] [INFO] 日志实例已初始化...
[2020-04-12 19:32:06:704] [vo.logVo.LogVo.<init>] [INFO] 日志实例已初始化...
[2020-04-12 19:32:06:706] [vo.logVo.LogVo.<init>] [INFO] 日志实例已初始化...
[2020-04-12 19:32:06:706] [vo.logVo.LogVo.<init>] [INFO] 日志实例已初始化...
[2020-04-12 19:32:06:707] [vo.logVo.LogVo.<init>] [INFO] 日志实例已初始化...
[2020-04-12 19:32:06:707] [vo.logVo.LogVo.<init>] [INFO] 日志实例已初始化...
[2020-04-12 19:32:06:708] [vo.logVo.LogVo.<init>] [INFO] 日志实例已初始化...
[2020-04-12 19:32:06:710] [vo.logVo.LogVo.<init>] [INFO] 日志实例已初始化...
[2020-04-12 19:32:06:710] [vo.logVo.LogVo.<init>] [INFO] 日志实例已初始化...
[2020-04-12 19:32:06:711] [vo.logVo.LogVo.<init>] [INFO] 日志实例已初始化...
[2020-04-12 19:32:06:711] [vo.logVo.LogVo.<init>] [INFO] 日志实例已初始化...
[2020-04-12 19:32:06:711] [vo.logVo.LogVo.<init>] [INFO] 日志实例已初始化...
[2020-04-12 19:32:06:713] [vo.logVo.LogVo.<init>] [INFO] 日志实例已初始化...
[2020-04-12 19:32:06:714] [vo.logVo.LogVo.<init>] [INFO] 日志实例已初始化...
[2020-04-12 19:32:06:715] [vo.logVo.LogVo.<init>] [INFO] 日志实例已初始化...
[2020-04-12 19:32:06:715] [vo.logVo.LogVo.<init>] [INFO] 日志实例已初始化...
[2020-04-12 19:32:06:746] [vo.logVo.LogVo.<init>] [INFO] 日志实例已初始化...
[2020-04-12 19:32:06:752] [vo.logVo.LogVo.<init>] [INFO] 日志实例已初始化...
[2020-04-12 19:32:07:010] [action.userAction.LoginAction.execute] [INFO] 该用户已登录，请稍后再试！
[2020-04-12 19:32:24:540] [vo.logVo.LogVo.<init>] [INFO] 日志实例已初始化...
[2020-04-12 19:32:24:587] [vo.logVo.LogVo.<init>] [INFO] 日志实例已初始化...
[2020-04-12 19:32:24:697] [vo.logVo.LogVo.<init>] [INFO] 日志实例已初始化...
[2020-04-12 19:32:24:698] [vo.logVo.LogVo.<init>] [INFO] 日志实例已初始化...
[2020-04-12 19:32:24:698] [vo.logVo.LogVo.<init>] [INFO] 日志实例已初始化...
[2020-04-12 19:32:24:699] [vo.logVo.LogVo.<init>] [INFO] 日志实例已初始化...
[2020-04-12 19:32:24:699] [vo.logVo.LogVo.<init>] [INFO] 日志实例已初始化...
[2020-04-12 19:32:24:700] [vo.logVo.LogVo.<init>] [INFO] 日志实例已初始化...
[2020-04-12 19:32:24:700] [vo.logVo.LogVo.<init>] [INFO] 日志实例已初始化...
[2020-04-12 19:32:24:701] [vo.logVo.LogVo.<init>] [INFO] 日志实例已初始化...
[2020-04-12 19:32:24:701] [vo.logVo.LogVo.<init>] [INFO] 日志实例已初始化...
[2020-04-12 19:32:24:701] [vo.logVo.LogVo.<init>] [INFO] 日志实例已初始化...
[2020-04-12 19:32:24:702] [vo.logVo.LogVo.<init>] [INFO] 日志实例已初始化...
[2020-04-12 19:32:24:702] [vo.logVo.LogVo.<init>] [INFO] 日志实例已初始化...
[2020-04-12 19:32:24:702] [vo.logVo.LogVo.<init>] [INFO] 日志实例已初始化...
[2020-04-12 19:32:24:703] [vo.logVo.LogVo.<init>] [INFO] 日志实例已初始化...
[2020-04-12 19:32:24:704] [vo.logVo.LogVo.<init>] [INFO] 日志实例已初始化...
[2020-04-12 19:32:24:704] [vo.logVo.LogVo.<init>] [INFO] 日志实例已初始化...
[2020-04-12 19:32:24:704] [vo.logVo.LogVo.<init>] [INFO] 日志实例已初始化...
[2020-04-12 19:32:24:704] [vo.logVo.LogVo.<init>] [INFO] 日志实例已初始化...
[2020-04-12 19:32:24:705] [vo.logVo.LogVo.<init>] [INFO] 日志实例已初始化...
[2020-04-12 19:32:24:705] [vo.logVo.LogVo.<init>] [INFO] 日志实例已初始化...
[2020-04-12 19:32:24:706] [vo.logVo.LogVo.<init>] [INFO] 日志实例已初始化...
[2020-04-12 19:32:24:706] [vo.logVo.LogVo.<init>] [INFO] 日志实例已初始化...
[2020-04-12 19:32:24:706] [vo.logVo.LogVo.<init>] [INFO] 日志实例已初始化...
[2020-04-12 19:32:24:707] [vo.logVo.LogVo.<init>] [INFO] 日志实例已初始化...
[2020-04-12 19:32:24:707] [vo.logVo.LogVo.<init>] [INFO] 日志实例已初始化...
[2020-04-12 19:32:24:708] [vo.logVo.LogVo.<init>] [INFO] 日志实例已初始化...
[2020-04-12 19:32:24:708] [vo.logVo.LogVo.<init>] [INFO] 日志实例已初始化...
[2020-04-12 19:32:24:708] [vo.logVo.LogVo.<init>] [INFO] 日志实例已初始化...
[2020-04-12 19:32:24:709] [vo.logVo.LogVo.<init>] [INFO] 日志实例已初始化...
[2020-04-12 19:32:24:709] [vo.logVo.LogVo.<init>] [INFO] 日志实例已初始化...
[2020-04-12 19:32:24:710] [vo.logVo.LogVo.<init>] [INFO] 日志实例已初始化...
[2020-04-12 19:32:24:710] [vo.logVo.LogVo.<init>] [INFO] 日志实例已初始化...
[2020-04-12 19:32:24:710] [vo.logVo.LogVo.<init>] [INFO] 日志实例已初始化...
[2020-04-12 19:32:24:711] [vo.logVo.LogVo.<init>] [INFO] 日志实例已初始化...
[2020-04-12 19:32:24:711] [vo.logVo.LogVo.<init>] [INFO] 日志实例已初始化...
[2020-04-12 19:32:24:711] [vo.logVo.LogVo.<init>] [INFO] 日志实例已初始化...
[2020-04-12 19:32:24:712] [vo.logVo.LogVo.<init>] [INFO] 日志实例已初始化...
[2020-04-12 19:32:24:712] [vo.logVo.LogVo.<init>] [INFO] 日志实例已初始化...
[2020-04-12 19:32:24:713] [vo.logVo.LogVo.<init>] [INFO] 日志实例已初始化...
[2020-04-12 19:32:24:713] [vo.logVo.LogVo.<init>] [INFO] 日志实例已初始化...
[2020-04-12 19:32:24:713] [vo.logVo.LogVo.<init>] [INFO] 日志实例已初始化...
[2020-04-12 19:32:24:714] [vo.logVo.LogVo.<init>] [INFO] 日志实例已初始化...
[2020-04-12 19:32:24:755] [vo.logVo.LogVo.<init>] [INFO] 日志实例已初始化...
[2020-04-12 19:32:24:755] [vo.logVo.LogVo.<init>] [INFO] 日志实例已初始化...
[2020-04-12 19:32:24:756] [vo.logVo.LogVo.<init>] [INFO] 日志实例已初始化...
[2020-04-12 19:32:24:756] [vo.logVo.LogVo.<init>] [INFO] 日志实例已初始化...
[2020-04-12 19:32:24:757] [vo.logVo.LogVo.<init>] [INFO] 日志实例已初始化...
[2020-04-12 19:32:24:757] [vo.logVo.LogVo.<init>] [INFO] 日志实例已初始化...
[2020-04-12 19:32:24:758] [vo.logVo.LogVo.<init>] [INFO] 日志实例已初始化...
[2020-04-12 19:32:24:758] [vo.logVo.LogVo.<init>] [INFO] 日志实例已初始化...
[2020-04-12 19:32:24:758] [vo.logVo.LogVo.<init>] [INFO] 日志实例已初始化...
[2020-04-12 19:32:24:759] [vo.logVo.LogVo.<init>] [INFO] 日志实例已初始化...
[2020-04-12 19:32:24:760] [vo.logVo.LogVo.<init>] [INFO] 日志实例已初始化...
[2020-04-12 19:32:24:760] [vo.logVo.LogVo.<init>] [INFO] 日志实例已初始化...
[2020-04-12 19:32:24:761] [vo.logVo.LogVo.<init>] [INFO] 日志实例已初始化...
[2020-04-12 19:32:24:761] [vo.logVo.LogVo.<init>] [INFO] 日志实例已初始化...
[2020-04-12 19:32:24:762] [vo.logVo.LogVo.<init>] [INFO] 日志实例已初始化...
[2020-04-12 19:32:24:762] [vo.logVo.LogVo.<init>] [INFO] 日志实例已初始化...
[2020-04-12 19:32:24:763] [vo.logVo.LogVo.<init>] [INFO] 日志实例已初始化...
[2020-04-12 19:32:24:764] [vo.logVo.LogVo.<init>] [INFO] 日志实例已初始化...
[2020-04-12 19:32:24:764] [vo.logVo.LogVo.<init>] [INFO] 日志实例已初始化...
[2020-04-12 19:32:24:765] [vo.logVo.LogVo.<init>] [INFO] 日志实例已初始化...
[2020-04-12 19:32:24:765] [vo.logVo.LogVo.<init>] [INFO] 日志实例已初始化...
[2020-04-12 19:32:24:766] [vo.logVo.LogVo.<init>] [INFO] 日志实例已初始化...
[2020-04-12 19:32:24:767] [vo.logVo.LogVo.<init>] [INFO] 日志实例已初始化...
[2020-04-12 19:32:24:768] [vo.logVo.LogVo.<init>] [INFO] 日志实例已初始化...
[2020-04-12 19:32:24:769] [vo.logVo.LogVo.<init>] [INFO] 日志实例已初始化...
[2020-04-12 19:32:24:770] [vo.logVo.LogVo.<init>] [INFO] 日志实例已初始化...
[2020-04-12 19:32:24:771] [vo.logVo.LogVo.<init>] [INFO] 日志实例已初始化...
[2020-04-12 19:32:24:772] [vo.logVo.LogVo.<init>] [INFO] 日志实例已初始化...
[2020-04-12 19:32:24:774] [vo.logVo.LogVo.<init>] [INFO] 日志实例已初始化...
[2020-04-12 19:32:24:775] [vo.logVo.LogVo.<init>] [INFO] 日志实例已初始化...
[2020-04-12 19:32:24:776] [vo.logVo.LogVo.<init>] [INFO] 日志实例已初始化...
[2020-04-12 19:32:24:777] [vo.logVo.LogVo.<init>] [INFO] 日志实例已初始化...
[2020-04-12 19:32:24:778] [vo.logVo.LogVo.<init>] [INFO] 日志实例已初始化...
[2020-04-12 19:32:24:779] [vo.logVo.LogVo.<init>] [INFO] 日志实例已初始化...
[2020-04-12 19:32:24:779] [vo.logVo.LogVo.<init>] [INFO] 日志实例已初始化...
[2020-04-12 19:32:24:780] [vo.logVo.LogVo.<init>] [INFO] 日志实例已初始化...
[2020-04-12 19:32:24:780] [vo.logVo.LogVo.<init>] [INFO] 日志实例已初始化...
[2020-04-12 19:32:24:781] [vo.logVo.LogVo.<init>] [INFO] 日志实例已初始化...
[2020-04-12 19:32:24:782] [vo.logVo.LogVo.<init>] [INFO] 日志实例已初始化...
[2020-04-12 19:32:24:783] [vo.logVo.LogVo.<init>] [INFO] 日志实例已初始化...
[2020-04-12 19:32:24:784] [vo.logVo.LogVo.<init>] [INFO] 日志实例已初始化...
[2020-04-12 19:32:24:785] [vo.logVo.LogVo.<init>] [INFO] 日志实例已初始化...
[2020-04-12 19:32:24:786] [vo.logVo.LogVo.<init>] [INFO] 日志实例已初始化...
[2020-04-12 19:32:24:787] [vo.logVo.LogVo.<init>] [INFO] 日志实例已初始化...
[2020-04-12 19:32:24:787] [vo.logVo.LogVo.<init>] [INFO] 日志实例已初始化...
[2020-04-12 19:32:24:788] [vo.logVo.LogVo.<init>] [INFO] 日志实例已初始化...
[2020-04-12 19:32:24:788] [vo.logVo.LogVo.<init>] [INFO] 日志实例已初始化...
[2020-04-12 19:32:24:788] [vo.logVo.LogVo.<init>] [INFO] 日志实例已初始化...
[2020-04-12 19:32:24:789] [vo.logVo.LogVo.<init>] [INFO] 日志实例已初始化...
[2020-04-12 19:32:24:813] [vo.logVo.LogVo.<init>] [INFO] 日志实例已初始化...
[2020-04-12 19:32:24:814] [vo.logVo.LogVo.<init>] [INFO] 日志实例已初始化...
[2020-04-12 19:32:24:814] [vo.logVo.LogVo.<init>] [INFO] 日志实例已初始化...
[2020-04-12 19:32:24:815] [vo.logVo.LogVo.<init>] [INFO] 日志实例已初始化...
[2020-04-12 19:32:24:815] [vo.logVo.LogVo.<init>] [INFO] 日志实例已初始化...
[2020-04-12 19:32:24:816] [vo.logVo.LogVo.<init>] [INFO] 日志实例已初始化...
[2020-04-12 19:32:24:816] [vo.logVo.LogVo.<init>] [INFO] 日志实例已初始化...
[2020-04-12 19:32:24:816] [vo.logVo.LogVo.<init>] [INFO] 日志实例已初始化...
[2020-04-12 19:32:24:817] [vo.logVo.LogVo.<init>] [INFO] 日志实例已初始化...
[2020-04-12 19:32:24:818] [vo.logVo.LogVo.<init>] [INFO] 日志实例已初始化...
[2020-04-12 19:32:24:818] [vo.logVo.LogVo.<init>] [INFO] 日志实例已初始化...
[2020-04-12 19:32:24:819] [vo.logVo.LogVo.<init>] [INFO] 日志实例已初始化...
[2020-04-12 19:32:24:819] [vo.logVo.LogVo.<init>] [INFO] 日志实例已初始化...
[2020-04-12 19:32:24:820] [vo.logVo.LogVo.<init>] [INFO] 日志实例已初始化...
[2020-04-12 19:32:24:820] [vo.logVo.LogVo.<init>] [INFO] 日志实例已初始化...
[2020-04-12 19:32:24:820] [vo.logVo.LogVo.<init>] [INFO] 日志实例已初始化...
[2020-04-12 19:32:24:821] [vo.logVo.LogVo.<init>] [INFO] 日志实例已初始化...
[2020-04-12 19:32:24:821] [vo.logVo.LogVo.<init>] [INFO] 日志实例已初始化...
[2020-04-12 19:32:24:822] [vo.logVo.LogVo.<init>] [INFO] 日志实例已初始化...
[2020-04-12 19:32:24:822] [vo.logVo.LogVo.<init>] [INFO] 日志实例已初始化...
[2020-04-12 19:32:24:823] [vo.logVo.LogVo.<init>] [INFO] 日志实例已初始化...
[2020-04-12 19:32:24:824] [vo.logVo.LogVo.<init>] [INFO] 日志实例已初始化...
[2020-04-12 19:32:24:824] [vo.logVo.LogVo.<init>] [INFO] 日志实例已初始化...
[2020-04-12 19:32:24:825] [vo.logVo.LogVo.<init>] [INFO] 日志实例已初始化...
[2020-04-12 19:32:24:825] [vo.logVo.LogVo.<init>] [INFO] 日志实例已初始化...
[2020-04-12 19:32:24:826] [vo.logVo.LogVo.<init>] [INFO] 日志实例已初始化...
[2020-04-12 19:32:24:827] [vo.logVo.LogVo.<init>] [INFO] 日志实例已初始化...
[2020-04-12 19:32:24:827] [vo.logVo.LogVo.<init>] [INFO] 日志实例已初始化...
[2020-04-12 19:32:24:828] [vo.logVo.LogVo.<init>] [INFO] 日志实例已初始化...
[2020-04-12 19:32:24:828] [vo.logVo.LogVo.<init>] [INFO] 日志实例已初始化...
[2020-04-12 19:32:24:829] [vo.logVo.LogVo.<init>] [INFO] 日志实例已初始化...
[2020-04-12 19:32:24:829] [vo.logVo.LogVo.<init>] [INFO] 日志实例已初始化...
[2020-04-12 19:32:24:829] [vo.logVo.LogVo.<init>] [INFO] 日志实例已初始化...
[2020-04-12 19:32:24:830] [vo.logVo.LogVo.<init>] [INFO] 日志实例已初始化...
[2020-04-12 19:32:24:830] [vo.logVo.LogVo.<init>] [INFO] 日志实例已初始化...
[2020-04-12 19:32:24:831] [vo.logVo.LogVo.<init>] [INFO] 日志实例已初始化...
[2020-04-12 19:32:24:831] [vo.logVo.LogVo.<init>] [INFO] 日志实例已初始化...
[2020-04-12 19:32:24:831] [vo.logVo.LogVo.<init>] [INFO] 日志实例已初始化...
[2020-04-12 19:32:24:832] [vo.logVo.LogVo.<init>] [INFO] 日志实例已初始化...
[2020-04-12 19:32:24:832] [vo.logVo.LogVo.<init>] [INFO] 日志实例已初始化...
[2020-04-12 19:32:24:833] [vo.logVo.LogVo.<init>] [INFO] 日志实例已初始化...
[2020-04-12 19:32:24:833] [vo.logVo.LogVo.<init>] [INFO] 日志实例已初始化...
[2020-04-12 19:32:24:834] [vo.logVo.LogVo.<init>] [INFO] 日志实例已初始化...
[2020-04-12 19:32:24:834] [vo.logVo.LogVo.<init>] [INFO] 日志实例已初始化...
[2020-04-12 19:32:24:834] [vo.logVo.LogVo.<init>] [INFO] 日志实例已初始化...
[2020-04-12 19:32:24:834] [vo.logVo.LogVo.<init>] [INFO] 日志实例已初始化...
[2020-04-12 19:32:24:835] [vo.logVo.LogVo.<init>] [INFO] 日志实例已初始化...
[2020-04-12 19:32:24:835] [vo.logVo.LogVo.<init>] [INFO] 日志实例已初始化...
[2020-04-12 19:32:24:836] [vo.logVo.LogVo.<init>] [INFO] 日志实例已初始化...
[2020-04-12 19:32:24:859] [vo.logVo.LogVo.<init>] [INFO] 日志实例已初始化...
[2020-04-12 19:32:24:860] [vo.logVo.LogVo.<init>] [INFO] 日志实例已初始化...
[2020-04-12 19:32:24:860] [vo.logVo.LogVo.<init>] [INFO] 日志实例已初始化...
[2020-04-12 19:32:24:861] [vo.logVo.LogVo.<init>] [INFO] 日志实例已初始化...
[2020-04-12 19:32:24:861] [vo.logVo.LogVo.<init>] [INFO] 日志实例已初始化...
[2020-04-12 19:32:24:861] [vo.logVo.LogVo.<init>] [INFO] 日志实例已初始化...
[2020-04-12 19:32:24:862] [vo.logVo.LogVo.<init>] [INFO] 日志实例已初始化...
[2020-04-12 19:32:24:862] [vo.logVo.LogVo.<init>] [INFO] 日志实例已初始化...
[2020-04-12 19:32:24:862] [vo.logVo.LogVo.<init>] [INFO] 日志实例已初始化...
[2020-04-12 19:32:24:863] [vo.logVo.LogVo.<init>] [INFO] 日志实例已初始化...
[2020-04-12 19:32:24:863] [vo.logVo.LogVo.<init>] [INFO] 日志实例已初始化...
[2020-04-12 19:32:24:864] [vo.logVo.LogVo.<init>] [INFO] 日志实例已初始化...
[2020-04-12 19:32:24:864] [vo.logVo.LogVo.<init>] [INFO] 日志实例已初始化...
[2020-04-12 19:32:24:864] [vo.logVo.LogVo.<init>] [INFO] 日志实例已初始化...
[2020-04-12 19:32:24:866] [vo.logVo.LogVo.<init>] [INFO] 日志实例已初始化...
[2020-04-12 19:32:24:867] [vo.logVo.LogVo.<init>] [INFO] 日志实例已初始化...
[2020-04-12 19:32:24:870] [vo.logVo.LogVo.<init>] [INFO] 日志实例已初始化...
[2020-04-12 19:32:24:870] [vo.logVo.LogVo.<init>] [INFO] 日志实例已初始化...
[2020-04-12 19:32:24:871] [vo.logVo.LogVo.<init>] [INFO] 日志实例已初始化...
[2020-04-12 19:32:24:871] [vo.logVo.LogVo.<init>] [INFO] 日志实例已初始化...
[2020-04-12 19:32:24:872] [vo.logVo.LogVo.<init>] [INFO] 日志实例已初始化...
[2020-04-12 19:32:24:872] [vo.logVo.LogVo.<init>] [INFO] 日志实例已初始化...
[2020-04-12 19:32:24:873] [vo.logVo.LogVo.<init>] [INFO] 日志实例已初始化...
[2020-04-12 19:32:24:873] [vo.logVo.LogVo.<init>] [INFO] 日志实例已初始化...
[2020-04-12 19:32:24:875] [vo.logVo.LogVo.<init>] [INFO] 日志实例已初始化...
[2020-04-12 19:32:24:876] [vo.logVo.LogVo.<init>] [INFO] 日志实例已初始化...
[2020-04-12 19:32:24:876] [vo.logVo.LogVo.<init>] [INFO] 日志实例已初始化...
[2020-04-12 19:32:24:877] [vo.logVo.LogVo.<init>] [INFO] 日志实例已初始化...
[2020-04-12 19:32:24:877] [vo.logVo.LogVo.<init>] [INFO] 日志实例已初始化...
[2020-04-12 19:32:24:878] [vo.logVo.LogVo.<init>] [INFO] 日志实例已初始化...
[2020-04-12 19:32:24:878] [vo.logVo.LogVo.<init>] [INFO] 日志实例已初始化...
[2020-04-12 19:32:24:879] [vo.logVo.LogVo.<init>] [INFO] 日志实例已初始化...
[2020-04-12 19:32:24:879] [vo.logVo.LogVo.<init>] [INFO] 日志实例已初始化...
[2020-04-12 19:32:24:880] [vo.logVo.LogVo.<init>] [INFO] 日志实例已初始化...
[2020-04-12 19:32:24:880] [vo.logVo.LogVo.<init>] [INFO] 日志实例已初始化...
[2020-04-12 19:32:24:881] [vo.logVo.LogVo.<init>] [INFO] 日志实例已初始化...
[2020-04-12 19:32:24:881] [vo.logVo.LogVo.<init>] [INFO] 日志实例已初始化...
[2020-04-12 19:32:24:882] [vo.logVo.LogVo.<init>] [INFO] 日志实例已初始化...
[2020-04-12 19:32:24:882] [vo.logVo.LogVo.<init>] [INFO] 日志实例已初始化...
[2020-04-12 19:32:24:883] [vo.logVo.LogVo.<init>] [INFO] 日志实例已初始化...
[2020-04-12 19:32:24:883] [vo.logVo.LogVo.<init>] [INFO] 日志实例已初始化...
[2020-04-12 19:32:24:885] [vo.logVo.LogVo.<init>] [INFO] 日志实例已初始化...
[2020-04-12 19:32:24:885] [vo.logVo.LogVo.<init>] [INFO] 日志实例已初始化...
[2020-04-12 19:32:24:886] [vo.logVo.LogVo.<init>] [INFO] 日志实例已初始化...
[2020-04-12 19:32:24:886] [vo.logVo.LogVo.<init>] [INFO] 日志实例已初始化...
[2020-04-12 19:32:24:887] [vo.logVo.LogVo.<init>] [INFO] 日志实例已初始化...
[2020-04-12 19:32:24:887] [vo.logVo.LogVo.<init>] [INFO] 日志实例已初始化...
[2020-04-12 19:32:24:888] [vo.logVo.LogVo.<init>] [INFO] 日志实例已初始化...
[2020-04-12 19:32:24:908] [vo.logVo.LogVo.<init>] [INFO] 日志实例已初始化...
[2020-04-12 19:32:24:909] [vo.logVo.LogVo.<init>] [INFO] 日志实例已初始化...
[2020-04-12 19:32:24:909] [vo.logVo.LogVo.<init>] [INFO] 日志实例已初始化...
[2020-04-12 19:32:24:910] [vo.logVo.LogVo.<init>] [INFO] 日志实例已初始化...
[2020-04-12 19:32:24:910] [vo.logVo.LogVo.<init>] [INFO] 日志实例已初始化...
[2020-04-12 19:32:24:911] [vo.logVo.LogVo.<init>] [INFO] 日志实例已初始化...
[2020-04-12 19:32:24:911] [vo.logVo.LogVo.<init>] [INFO] 日志实例已初始化...
[2020-04-12 19:32:24:912] [vo.logVo.LogVo.<init>] [INFO] 日志实例已初始化...
[2020-04-12 19:32:24:912] [vo.logVo.LogVo.<init>] [INFO] 日志实例已初始化...
[2020-04-12 19:32:24:913] [vo.logVo.LogVo.<init>] [INFO] 日志实例已初始化...
[2020-04-12 19:32:24:913] [vo.logVo.LogVo.<init>] [INFO] 日志实例已初始化...
[2020-04-12 19:32:24:913] [vo.logVo.LogVo.<init>] [INFO] 日志实例已初始化...
[2020-04-12 19:32:24:914] [vo.logVo.LogVo.<init>] [INFO] 日志实例已初始化...
[2020-04-12 19:32:24:915] [vo.logVo.LogVo.<init>] [INFO] 日志实例已初始化...
[2020-04-12 19:32:24:915] [vo.logVo.LogVo.<init>] [INFO] 日志实例已初始化...
[2020-04-12 19:32:24:915] [vo.logVo.LogVo.<init>] [INFO] 日志实例已初始化...
[2020-04-12 19:32:24:916] [vo.logVo.LogVo.<init>] [INFO] 日志实例已初始化...
[2020-04-12 19:32:24:916] [vo.logVo.LogVo.<init>] [INFO] 日志实例已初始化...
[2020-04-12 19:32:24:917] [vo.logVo.LogVo.<init>] [INFO] 日志实例已初始化...
[2020-04-12 19:32:24:917] [vo.logVo.LogVo.<init>] [INFO] 日志实例已初始化...
[2020-04-12 19:32:24:917] [vo.logVo.LogVo.<init>] [INFO] 日志实例已初始化...
[2020-04-12 19:32:24:918] [vo.logVo.LogVo.<init>] [INFO] 日志实例已初始化...
[2020-04-12 19:32:24:918] [vo.logVo.LogVo.<init>] [INFO] 日志实例已初始化...
[2020-04-12 19:32:24:919] [vo.logVo.LogVo.<init>] [INFO] 日志实例已初始化...
[2020-04-12 19:32:24:919] [vo.logVo.LogVo.<init>] [INFO] 日志实例已初始化...
[2020-04-12 19:32:24:920] [vo.logVo.LogVo.<init>] [INFO] 日志实例已初始化...
[2020-04-12 19:32:24:921] [vo.logVo.LogVo.<init>] [INFO] 日志实例已初始化...
[2020-04-12 19:32:24:921] [vo.logVo.LogVo.<init>] [INFO] 日志实例已初始化...
[2020-04-12 19:32:24:922] [vo.logVo.LogVo.<init>] [INFO] 日志实例已初始化...
[2020-04-12 19:32:24:922] [vo.logVo.LogVo.<init>] [INFO] 日志实例已初始化...
[2020-04-12 19:32:24:923] [vo.logVo.LogVo.<init>] [INFO] 日志实例已初始化...
[2020-04-12 19:32:24:923] [vo.logVo.LogVo.<init>] [INFO] 日志实例已初始化...
[2020-04-12 19:32:24:924] [vo.logVo.LogVo.<init>] [INFO] 日志实例已初始化...
[2020-04-12 19:32:24:925] [vo.logVo.LogVo.<init>] [INFO] 日志实例已初始化...
[2020-04-12 19:32:24:925] [vo.logVo.LogVo.<init>] [INFO] 日志实例已初始化...
[2020-04-12 19:32:24:926] [vo.logVo.LogVo.<init>] [INFO] 日志实例已初始化...
[2020-04-12 19:32:24:926] [vo.logVo.LogVo.<init>] [INFO] 日志实例已初始化...
[2020-04-12 19:32:24:927] [vo.logVo.LogVo.<init>] [INFO] 日志实例已初始化...
[2020-04-12 19:32:24:927] [vo.logVo.LogVo.<init>] [INFO] 日志实例已初始化...
[2020-04-12 19:32:24:928] [vo.logVo.LogVo.<init>] [INFO] 日志实例已初始化...
[2020-04-12 19:32:24:928] [vo.logVo.LogVo.<init>] [INFO] 日志实例已初始化...
[2020-04-12 19:32:24:929] [vo.logVo.LogVo.<init>] [INFO] 日志实例已初始化...
[2020-04-12 19:32:24:929] [vo.logVo.LogVo.<init>] [INFO] 日志实例已初始化...
[2020-04-12 19:32:24:961] [vo.logVo.LogVo.<init>] [INFO] 日志实例已初始化...
[2020-04-12 19:32:24:962] [vo.logVo.LogVo.<init>] [INFO] 日志实例已初始化...
[2020-04-12 19:32:24:962] [vo.logVo.LogVo.<init>] [INFO] 日志实例已初始化...
[2020-04-12 19:32:24:965] [vo.logVo.LogVo.<init>] [INFO] 日志实例已初始化...
[2020-04-12 19:32:24:967] [vo.logVo.LogVo.<init>] [INFO] 日志实例已初始化...
[2020-04-12 19:32:24:968] [vo.logVo.LogVo.<init>] [INFO] 日志实例已初始化...
[2020-04-12 19:32:24:969] [vo.logVo.LogVo.<init>] [INFO] 日志实例已初始化...
[2020-04-12 19:32:24:970] [vo.logVo.LogVo.<init>] [INFO] 日志实例已初始化...
[2020-04-12 19:32:24:971] [vo.logVo.LogVo.<init>] [INFO] 日志实例已初始化...
[2020-04-12 19:32:24:972] [vo.logVo.LogVo.<init>] [INFO] 日志实例已初始化...
[2020-04-12 19:32:24:973] [vo.logVo.LogVo.<init>] [INFO] 日志实例已初始化...
[2020-04-12 19:32:25:002] [vo.logVo.LogVo.<init>] [INFO] 日志实例已初始化...
[2020-04-12 19:32:25:005] [vo.logVo.LogVo.<init>] [INFO] 日志实例已初始化...
[2020-04-12 19:32:25:006] [vo.logVo.LogVo.<init>] [INFO] 日志实例已初始化...
[2020-04-12 19:32:25:009] [vo.logVo.LogVo.<init>] [INFO] 日志实例已初始化...
[2020-04-12 19:32:25:011] [vo.logVo.LogVo.<init>] [INFO] 日志实例已初始化...
[2020-04-12 19:32:25:019] [vo.logVo.LogVo.<init>] [INFO] 日志实例已初始化...
[2020-04-12 19:32:25:020] [vo.logVo.LogVo.<init>] [INFO] 日志实例已初始化...
[2020-04-12 19:32:25:021] [vo.logVo.LogVo.<init>] [INFO] 日志实例已初始化...
[2020-04-12 19:32:25:022] [vo.logVo.LogVo.<init>] [INFO] 日志实例已初始化...
[2020-04-12 19:32:25:023] [vo.logVo.LogVo.<init>] [INFO] 日志实例已初始化...
[2020-04-12 19:32:25:028] [vo.logVo.LogVo.<init>] [INFO] 日志实例已初始化...
[2020-04-12 19:32:25:030] [vo.logVo.LogVo.<init>] [INFO] 日志实例已初始化...
[2020-04-12 19:32:25:079] [vo.logVo.LogVo.<init>] [INFO] 日志实例已初始化...
[2020-04-12 19:32:25:079] [vo.logVo.LogVo.<init>] [INFO] 日志实例已初始化...
[2020-04-12 19:32:25:080] [vo.logVo.LogVo.<init>] [INFO] 日志实例已初始化...
[2020-04-12 19:32:25:081] [vo.logVo.LogVo.<init>] [INFO] 日志实例已初始化...
[2020-04-12 19:32:25:082] [vo.logVo.LogVo.<init>] [INFO] 日志实例已初始化...
[2020-04-12 19:32:25:083] [vo.logVo.LogVo.<init>] [INFO] 日志实例已初始化...
[2020-04-12 19:32:25:084] [vo.logVo.LogVo.<init>] [INFO] 日志实例已初始化...
[2020-04-12 19:32:25:084] [vo.logVo.LogVo.<init>] [INFO] 日志实例已初始化...
[2020-04-12 19:32:25:085] [vo.logVo.LogVo.<init>] [INFO] 日志实例已初始化...
[2020-04-12 19:32:25:087] [vo.logVo.LogVo.<init>] [INFO] 日志实例已初始化...
[2020-04-12 19:32:25:087] [vo.logVo.LogVo.<init>] [INFO] 日志实例已初始化...
[2020-04-12 19:32:25:087] [vo.logVo.LogVo.<init>] [INFO] 日志实例已初始化...
[2020-04-12 19:32:25:088] [vo.logVo.LogVo.<init>] [INFO] 日志实例已初始化...
[2020-04-12 19:32:25:088] [vo.logVo.LogVo.<init>] [INFO] 日志实例已初始化...
[2020-04-12 19:32:25:094] [vo.logVo.LogVo.<init>] [INFO] 日志实例已初始化...
[2020-04-12 19:32:25:095] [vo.logVo.LogVo.<init>] [INFO] 日志实例已初始化...
[2020-04-12 19:32:25:096] [vo.logVo.LogVo.<init>] [INFO] 日志实例已初始化...
[2020-04-12 19:32:25:096] [vo.logVo.LogVo.<init>] [INFO] 日志实例已初始化...
[2020-04-12 19:32:25:097] [vo.logVo.LogVo.<init>] [INFO] 日志实例已初始化...
[2020-04-12 19:32:25:097] [vo.logVo.LogVo.<init>] [INFO] 日志实例已初始化...
[2020-04-12 19:32:25:098] [vo.logVo.LogVo.<init>] [INFO] 日志实例已初始化...
[2020-04-12 19:32:25:098] [vo.logVo.LogVo.<init>] [INFO] 日志实例已初始化...
[2020-04-12 19:32:25:099] [vo.logVo.LogVo.<init>] [INFO] 日志实例已初始化...
[2020-04-12 19:32:25:099] [vo.logVo.LogVo.<init>] [INFO] 日志实例已初始化...
[2020-04-12 19:32:25:100] [vo.logVo.LogVo.<init>] [INFO] 日志实例已初始化...
[2020-04-12 19:32:25:100] [vo.logVo.LogVo.<init>] [INFO] 日志实例已初始化...
[2020-04-12 19:32:25:101] [vo.logVo.LogVo.<init>] [INFO] 日志实例已初始化...
[2020-04-12 19:32:25:101] [vo.logVo.LogVo.<init>] [INFO] 日志实例已初始化...
[2020-04-12 19:32:25:102] [vo.logVo.LogVo.<init>] [INFO] 日志实例已初始化...
[2020-04-12 19:32:25:104] [vo.logVo.LogVo.<init>] [INFO] 日志实例已初始化...
[2020-04-12 19:32:25:105] [vo.logVo.LogVo.<init>] [INFO] 日志实例已初始化...
[2020-04-12 19:32:25:105] [vo.logVo.LogVo.<init>] [INFO] 日志实例已初始化...
[2020-04-12 19:32:25:106] [vo.logVo.LogVo.<init>] [INFO] 日志实例已初始化...
[2020-04-12 19:32:25:107] [vo.logVo.LogVo.<init>] [INFO] 日志实例已初始化...
[2020-04-12 19:32:25:108] [vo.logVo.LogVo.<init>] [INFO] 日志实例已初始化...
[2020-04-12 19:32:25:109] [vo.logVo.LogVo.<init>] [INFO] 日志实例已初始化...
[2020-04-12 19:32:25:109] [vo.logVo.LogVo.<init>] [INFO] 日志实例已初始化...
[2020-04-12 19:32:25:109] [vo.logVo.LogVo.<init>] [INFO] 日志实例已初始化...
[2020-04-12 19:32:25:112] [vo.logVo.LogVo.<init>] [INFO] 日志实例已初始化...
[2020-04-12 19:32:25:112] [vo.logVo.LogVo.<init>] [INFO] 日志实例已初始化...
[2020-04-12 19:32:25:113] [vo.logVo.LogVo.<init>] [INFO] 日志实例已初始化...
[2020-04-12 19:32:25:113] [vo.logVo.LogVo.<init>] [INFO] 日志实例已初始化...
[2020-04-12 19:32:25:115] [vo.logVo.LogVo.<init>] [INFO] 日志实例已初始化...
[2020-04-12 19:32:25:116] [vo.logVo.LogVo.<init>] [INFO] 日志实例已初始化...
[2020-04-12 19:32:25:118] [vo.logVo.LogVo.<init>] [INFO] 日志实例已初始化...
[2020-04-12 19:32:25:120] [vo.logVo.LogVo.<init>] [INFO] 日志实例已初始化...
[2020-04-12 19:32:25:121] [vo.logVo.LogVo.<init>] [INFO] 日志实例已初始化...
[2020-04-12 19:32:25:122] [vo.logVo.LogVo.<init>] [INFO] 日志实例已初始化...
[2020-04-12 19:32:25:152] [vo.logVo.LogVo.<init>] [INFO] 日志实例已初始化...
[2020-04-12 19:32:25:156] [vo.logVo.LogVo.<init>] [INFO] 日志实例已初始化...
[2020-04-12 19:32:25:162] [vo.logVo.LogVo.<init>] [INFO] 日志实例已初始化...
[2020-04-12 19:32:25:162] [vo.logVo.LogVo.<init>] [INFO] 日志实例已初始化...
[2020-04-12 19:32:25:163] [vo.logVo.LogVo.<init>] [INFO] 日志实例已初始化...
[2020-04-12 19:32:25:165] [vo.logVo.LogVo.<init>] [INFO] 日志实例已初始化...
[2020-04-12 19:32:25:166] [vo.logVo.LogVo.<init>] [INFO] 日志实例已初始化...
[2020-04-12 19:32:25:171] [vo.logVo.LogVo.<init>] [INFO] 日志实例已初始化...
[2020-04-12 19:32:25:172] [vo.logVo.LogVo.<init>] [INFO] 日志实例已初始化...
[2020-04-12 19:32:25:174] [vo.logVo.LogVo.<init>] [INFO] 日志实例已初始化...
[2020-04-12 19:32:25:175] [vo.logVo.LogVo.<init>] [INFO] 日志实例已初始化...
[2020-04-12 19:32:25:176] [vo.logVo.LogVo.<init>] [INFO] 日志实例已初始化...
[2020-04-12 19:32:25:176] [vo.logVo.LogVo.<init>] [INFO] 日志实例已初始化...
[2020-04-12 19:32:25:177] [vo.logVo.LogVo.<init>] [INFO] 日志实例已初始化...
[2020-04-12 19:32:25:178] [vo.logVo.LogVo.<init>] [INFO] 日志实例已初始化...
[2020-04-12 19:32:25:179] [vo.logVo.LogVo.<init>] [INFO] 日志实例已初始化...
[2020-04-12 19:32:25:180] [vo.logVo.LogVo.<init>] [INFO] 日志实例已初始化...
[2020-04-12 19:32:25:181] [vo.logVo.LogVo.<init>] [INFO] 日志实例已初始化...
[2020-04-12 19:32:25:183] [vo.logVo.LogVo.<init>] [INFO] 日志实例已初始化...
[2020-04-12 19:32:25:186] [vo.logVo.LogVo.<init>] [INFO] 日志实例已初始化...
[2020-04-12 19:32:25:187] [vo.logVo.LogVo.<init>] [INFO] 日志实例已初始化...
[2020-04-12 19:32:25:188] [vo.logVo.LogVo.<init>] [INFO] 日志实例已初始化...
[2020-04-12 19:32:25:189] [vo.logVo.LogVo.<init>] [INFO] 日志实例已初始化...
[2020-04-12 19:32:25:192] [vo.logVo.LogVo.<init>] [INFO] 日志实例已初始化...
[2020-04-12 19:32:25:194] [vo.logVo.LogVo.<init>] [INFO] 日志实例已初始化...
[2020-04-12 19:32:25:195] [vo.logVo.LogVo.<init>] [INFO] 日志实例已初始化...
[2020-04-12 19:32:25:195] [vo.logVo.LogVo.<init>] [INFO] 日志实例已初始化...
[2020-04-12 19:32:25:196] [vo.logVo.LogVo.<init>] [INFO] 日志实例已初始化...
[2020-04-12 19:32:25:198] [vo.logVo.LogVo.<init>] [INFO] 日志实例已初始化...
[2020-04-12 19:32:25:199] [vo.logVo.LogVo.<init>] [INFO] 日志实例已初始化...
[2020-04-12 19:32:25:200] [vo.logVo.LogVo.<init>] [INFO] 日志实例已初始化...
[2020-04-12 19:32:25:201] [vo.logVo.LogVo.<init>] [INFO] 日志实例已初始化...
[2020-04-12 19:32:25:230] [vo.logVo.LogVo.<init>] [INFO] 日志实例已初始化...
[2020-04-12 19:32:25:232] [vo.logVo.LogVo.<init>] [INFO] 日志实例已初始化...
[2020-04-12 19:32:25:233] [vo.logVo.LogVo.<init>] [INFO] 日志实例已初始化...
[2020-04-12 19:32:25:235] [vo.logVo.LogVo.<init>] [INFO] 日志实例已初始化...
[2020-04-12 19:32:25:236] [vo.logVo.LogVo.<init>] [INFO] 日志实例已初始化...
[2020-04-12 19:32:25:237] [vo.logVo.LogVo.<init>] [INFO] 日志实例已初始化...
[2020-04-12 19:32:25:237] [vo.logVo.LogVo.<init>] [INFO] 日志实例已初始化...
[2020-04-12 19:32:25:238] [vo.logVo.LogVo.<init>] [INFO] 日志实例已初始化...
[2020-04-12 19:32:25:239] [vo.logVo.LogVo.<init>] [INFO] 日志实例已初始化...
[2020-04-12 19:32:25:240] [vo.logVo.LogVo.<init>] [INFO] 日志实例已初始化...
[2020-04-12 19:32:25:241] [vo.logVo.LogVo.<init>] [INFO] 日志实例已初始化...
[2020-04-12 19:32:25:244] [vo.logVo.LogVo.<init>] [INFO] 日志实例已初始化...
[2020-04-12 19:32:25:245] [vo.logVo.LogVo.<init>] [INFO] 日志实例已初始化...
[2020-04-12 19:32:25:247] [vo.logVo.LogVo.<init>] [INFO] 日志实例已初始化...
[2020-04-12 19:32:25:247] [vo.logVo.LogVo.<init>] [INFO] 日志实例已初始化...
[2020-04-12 19:32:25:248] [vo.logVo.LogVo.<init>] [INFO] 日志实例已初始化...
[2020-04-12 19:32:25:249] [vo.logVo.LogVo.<init>] [INFO] 日志实例已初始化...
[2020-04-12 19:32:25:251] [vo.logVo.LogVo.<init>] [INFO] 日志实例已初始化...
[2020-04-12 19:32:25:252] [vo.logVo.LogVo.<init>] [INFO] 日志实例已初始化...
[2020-04-12 19:32:25:252] [vo.logVo.LogVo.<init>] [INFO] 日志实例已初始化...
[2020-04-12 19:32:25:253] [vo.logVo.LogVo.<init>] [INFO] 日志实例已初始化...
[2020-04-12 19:32:25:253] [vo.logVo.LogVo.<init>] [INFO] 日志实例已初始化...
[2020-04-12 19:32:25:255] [vo.logVo.LogVo.<init>] [INFO] 日志实例已初始化...
[2020-04-12 19:32:25:257] [vo.logVo.LogVo.<init>] [INFO] 日志实例已初始化...
[2020-04-12 19:32:25:257] [vo.logVo.LogVo.<init>] [INFO] 日志实例已初始化...
[2020-04-12 19:32:25:259] [vo.logVo.LogVo.<init>] [INFO] 日志实例已初始化...
[2020-04-12 19:32:25:259] [vo.logVo.LogVo.<init>] [INFO] 日志实例已初始化...
[2020-04-12 19:32:25:261] [vo.logVo.LogVo.<init>] [INFO] 日志实例已初始化...
[2020-04-12 19:32:25:262] [vo.logVo.LogVo.<init>] [INFO] 日志实例已初始化...
[2020-04-12 19:32:25:262] [vo.logVo.LogVo.<init>] [INFO] 日志实例已初始化...
[2020-04-12 19:32:25:267] [vo.logVo.LogVo.<init>] [INFO] 日志实例已初始化...
[2020-04-12 19:32:25:268] [vo.logVo.LogVo.<init>] [INFO] 日志实例已初始化...
[2020-04-12 19:32:25:269] [vo.logVo.LogVo.<init>] [INFO] 日志实例已初始化...
[2020-04-12 19:32:25:270] [vo.logVo.LogVo.<init>] [INFO] 日志实例已初始化...
[2020-04-12 19:32:25:271] [vo.logVo.LogVo.<init>] [INFO] 日志实例已初始化...
[2020-04-12 19:32:25:272] [vo.logVo.LogVo.<init>] [INFO] 日志实例已初始化...
[2020-04-12 19:32:25:279] [vo.logVo.LogVo.<init>] [INFO] 日志实例已初始化...
[2020-04-12 19:32:25:280] [vo.logVo.LogVo.<init>] [INFO] 日志实例已初始化...
[2020-04-12 19:32:25:280] [vo.logVo.LogVo.<init>] [INFO] 日志实例已初始化...
[2020-04-12 19:32:25:280] [vo.logVo.LogVo.<init>] [INFO] 日志实例已初始化...
[2020-04-12 19:32:25:281] [vo.logVo.LogVo.<init>] [INFO] 日志实例已初始化...
[2020-04-12 19:32:25:282] [vo.logVo.LogVo.<init>] [INFO] 日志实例已初始化...
[2020-04-12 19:32:25:283] [vo.logVo.LogVo.<init>] [INFO] 日志实例已初始化...
[2020-04-12 19:32:25:284] [vo.logVo.LogVo.<init>] [INFO] 日志实例已初始化...
[2020-04-12 19:32:25:285] [vo.logVo.LogVo.<init>] [INFO] 日志实例已初始化...
[2020-04-12 19:32:25:285] [vo.logVo.LogVo.<init>] [INFO] 日志实例已初始化...
[2020-04-12 19:32:25:286] [vo.logVo.LogVo.<init>] [INFO] 日志实例已初始化...
[2020-04-12 19:32:25:287] [vo.logVo.LogVo.<init>] [INFO] 日志实例已初始化...
[2020-04-12 19:32:25:288] [vo.logVo.LogVo.<init>] [INFO] 日志实例已初始化...
[2020-04-12 19:32:25:289] [vo.logVo.LogVo.<init>] [INFO] 日志实例已初始化...
[2020-04-12 19:32:25:292] [vo.logVo.LogVo.<init>] [INFO] 日志实例已初始化...
[2020-04-12 19:32:25:293] [vo.logVo.LogVo.<init>] [INFO] 日志实例已初始化...
[2020-04-12 19:32:25:295] [vo.logVo.LogVo.<init>] [INFO] 日志实例已初始化...
[2020-04-12 19:32:25:295] [vo.logVo.LogVo.<init>] [INFO] 日志实例已初始化...
[2020-04-12 19:32:25:296] [vo.logVo.LogVo.<init>] [INFO] 日志实例已初始化...
[2020-04-12 19:32:25:296] [vo.logVo.LogVo.<init>] [INFO] 日志实例已初始化...
[2020-04-12 19:32:25:297] [vo.logVo.LogVo.<init>] [INFO] 日志实例已初始化...
[2020-04-12 19:37:18:496] [util.MyApplicationContextAnnotion.<init>] [INFO] 获取上下文工具类初始化成功!
[2020-04-12 19:37:18:961] [aop.AnnotationCommenAop.<init>] [INFO] 注解式切面已初始化...
[2020-04-12 19:37:20:567] [vo.logVo.LogVo.<init>] [INFO] 日志实例已初始化...
[2020-04-12 19:37:20:994] [aop.ConfigCommenAop.<init>] [INFO] 切面已初始化...
[2020-04-12 19:37:21:044] [vo.logVo.LogVo.<init>] [INFO] 日志实例已初始化...
[2020-04-12 19:37:21:056] [webservice.WebServiceInterface.<init>] [INFO] spring管理web service1
[2020-04-12 19:38:12:108] [vo.logVo.LogVo.<init>] [INFO] 日志实例已初始化...
[2020-04-12 19:38:12:118] [vo.logVo.LogVo.<init>] [INFO] 日志实例已初始化...
[2020-04-12 19:38:12:119] [vo.logVo.LogVo.<init>] [INFO] 日志实例已初始化...
[2020-04-12 19:38:12:120] [vo.logVo.LogVo.<init>] [INFO] 日志实例已初始化...
[2020-04-12 19:38:12:122] [vo.logVo.LogVo.<init>] [INFO] 日志实例已初始化...
[2020-04-12 19:38:12:123] [vo.logVo.LogVo.<init>] [INFO] 日志实例已初始化...
[2020-04-12 19:38:12:124] [vo.logVo.LogVo.<init>] [INFO] 日志实例已初始化...
[2020-04-12 19:38:12:126] [vo.logVo.LogVo.<init>] [INFO] 日志实例已初始化...
[2020-04-12 19:38:12:127] [vo.logVo.LogVo.<init>] [INFO] 日志实例已初始化...
[2020-04-12 19:38:12:128] [vo.logVo.LogVo.<init>] [INFO] 日志实例已初始化...
[2020-04-12 19:38:12:129] [vo.logVo.LogVo.<init>] [INFO] 日志实例已初始化...
[2020-04-12 19:38:12:130] [vo.logVo.LogVo.<init>] [INFO] 日志实例已初始化...
[2020-04-12 19:38:12:140] [vo.logVo.LogVo.<init>] [INFO] 日志实例已初始化...
[2020-04-12 19:38:12:143] [vo.logVo.LogVo.<init>] [INFO] 日志实例已初始化...
[2020-04-12 19:38:12:144] [vo.logVo.LogVo.<init>] [INFO] 日志实例已初始化...
[2020-04-12 19:38:12:147] [vo.logVo.LogVo.<init>] [INFO] 日志实例已初始化...
[2020-04-12 19:38:12:152] [vo.logVo.LogVo.<init>] [INFO] 日志实例已初始化...
[2020-04-12 19:38:12:154] [vo.logVo.LogVo.<init>] [INFO] 日志实例已初始化...
[2020-04-12 19:38:12:155] [vo.logVo.LogVo.<init>] [INFO] 日志实例已初始化...
[2020-04-12 19:38:12:157] [vo.logVo.LogVo.<init>] [INFO] 日志实例已初始化...
[2020-04-12 19:38:12:158] [vo.logVo.LogVo.<init>] [INFO] 日志实例已初始化...
[2020-04-12 19:38:12:159] [vo.logVo.LogVo.<init>] [INFO] 日志实例已初始化...
[2020-04-12 19:38:12:160] [vo.logVo.LogVo.<init>] [INFO] 日志实例已初始化...
[2020-04-12 19:38:12:161] [vo.logVo.LogVo.<init>] [INFO] 日志实例已初始化...
[2020-04-12 19:38:12:163] [vo.logVo.LogVo.<init>] [INFO] 日志实例已初始化...
[2020-04-12 19:38:12:164] [vo.logVo.LogVo.<init>] [INFO] 日志实例已初始化...
[2020-04-12 19:38:12:166] [vo.logVo.LogVo.<init>] [INFO] 日志实例已初始化...
[2020-04-12 19:38:12:167] [vo.logVo.LogVo.<init>] [INFO] 日志实例已初始化...
[2020-04-12 19:38:12:168] [vo.logVo.LogVo.<init>] [INFO] 日志实例已初始化...
[2020-04-12 19:38:12:171] [vo.logVo.LogVo.<init>] [INFO] 日志实例已初始化...
[2020-04-12 19:38:12:172] [vo.logVo.LogVo.<init>] [INFO] 日志实例已初始化...
[2020-04-12 19:38:12:174] [vo.logVo.LogVo.<init>] [INFO] 日志实例已初始化...
[2020-04-12 19:38:12:176] [vo.logVo.LogVo.<init>] [INFO] 日志实例已初始化...
[2020-04-12 19:38:12:177] [vo.logVo.LogVo.<init>] [INFO] 日志实例已初始化...
[2020-04-12 19:38:12:179] [vo.logVo.LogVo.<init>] [INFO] 日志实例已初始化...
[2020-04-12 19:38:12:180] [vo.logVo.LogVo.<init>] [INFO] 日志实例已初始化...
[2020-04-12 19:38:12:182] [vo.logVo.LogVo.<init>] [INFO] 日志实例已初始化...
[2020-04-12 19:38:12:184] [vo.logVo.LogVo.<init>] [INFO] 日志实例已初始化...
[2020-04-12 19:38:12:185] [vo.logVo.LogVo.<init>] [INFO] 日志实例已初始化...
[2020-04-12 19:38:12:187] [vo.logVo.LogVo.<init>] [INFO] 日志实例已初始化...
[2020-04-12 19:38:12:188] [vo.logVo.LogVo.<init>] [INFO] 日志实例已初始化...
[2020-04-12 19:38:12:190] [vo.logVo.LogVo.<init>] [INFO] 日志实例已初始化...
[2020-04-12 19:38:12:191] [vo.logVo.LogVo.<init>] [INFO] 日志实例已初始化...
[2020-04-12 19:38:12:192] [vo.logVo.LogVo.<init>] [INFO] 日志实例已初始化...
[2020-04-12 19:38:12:194] [vo.logVo.LogVo.<init>] [INFO] 日志实例已初始化...
[2020-04-12 19:38:12:195] [vo.logVo.LogVo.<init>] [INFO] 日志实例已初始化...
[2020-04-12 19:38:12:197] [vo.logVo.LogVo.<init>] [INFO] 日志实例已初始化...
[2020-04-12 19:38:12:199] [vo.logVo.LogVo.<init>] [INFO] 日志实例已初始化...
[2020-04-12 19:38:12:200] [vo.logVo.LogVo.<init>] [INFO] 日志实例已初始化...
[2020-04-12 19:38:12:201] [vo.logVo.LogVo.<init>] [INFO] 日志实例已初始化...
[2020-04-12 19:38:12:204] [vo.logVo.LogVo.<init>] [INFO] 日志实例已初始化...
[2020-04-12 19:38:12:206] [vo.logVo.LogVo.<init>] [INFO] 日志实例已初始化...
[2020-04-12 19:38:12:207] [vo.logVo.LogVo.<init>] [INFO] 日志实例已初始化...
[2020-04-12 19:38:12:209] [vo.logVo.LogVo.<init>] [INFO] 日志实例已初始化...
[2020-04-12 19:38:12:210] [vo.logVo.LogVo.<init>] [INFO] 日志实例已初始化...
[2020-04-12 19:38:12:212] [vo.logVo.LogVo.<init>] [INFO] 日志实例已初始化...
[2020-04-12 19:38:12:215] [vo.logVo.LogVo.<init>] [INFO] 日志实例已初始化...
[2020-04-12 19:38:12:220] [vo.logVo.LogVo.<init>] [INFO] 日志实例已初始化...
[2020-04-12 19:38:12:222] [vo.logVo.LogVo.<init>] [INFO] 日志实例已初始化...
[2020-04-12 19:38:12:222] [vo.logVo.LogVo.<init>] [INFO] 日志实例已初始化...
[2020-04-12 19:38:12:224] [vo.logVo.LogVo.<init>] [INFO] 日志实例已初始化...
[2020-04-12 19:38:12:225] [vo.logVo.LogVo.<init>] [INFO] 日志实例已初始化...
[2020-04-12 19:38:12:226] [vo.logVo.LogVo.<init>] [INFO] 日志实例已初始化...
[2020-04-12 19:38:12:230] [vo.logVo.LogVo.<init>] [INFO] 日志实例已初始化...
[2020-04-12 19:38:12:231] [vo.logVo.LogVo.<init>] [INFO] 日志实例已初始化...
[2020-04-12 19:38:12:232] [vo.logVo.LogVo.<init>] [INFO] 日志实例已初始化...
[2020-04-12 19:38:12:233] [vo.logVo.LogVo.<init>] [INFO] 日志实例已初始化...
[2020-04-12 19:38:12:234] [vo.logVo.LogVo.<init>] [INFO] 日志实例已初始化...
[2020-04-12 19:38:12:235] [vo.logVo.LogVo.<init>] [INFO] 日志实例已初始化...
[2020-04-12 19:38:12:236] [vo.logVo.LogVo.<init>] [INFO] 日志实例已初始化...
[2020-04-12 19:38:12:237] [vo.logVo.LogVo.<init>] [INFO] 日志实例已初始化...
[2020-04-12 19:38:12:238] [vo.logVo.LogVo.<init>] [INFO] 日志实例已初始化...
[2020-04-12 19:38:12:239] [vo.logVo.LogVo.<init>] [INFO] 日志实例已初始化...
[2020-04-12 19:38:12:239] [vo.logVo.LogVo.<init>] [INFO] 日志实例已初始化...
[2020-04-12 19:38:12:240] [vo.logVo.LogVo.<init>] [INFO] 日志实例已初始化...
[2020-04-12 19:38:12:241] [vo.logVo.LogVo.<init>] [INFO] 日志实例已初始化...
[2020-04-12 19:38:12:242] [vo.logVo.LogVo.<init>] [INFO] 日志实例已初始化...
[2020-04-12 19:38:12:242] [vo.logVo.LogVo.<init>] [INFO] 日志实例已初始化...
[2020-04-12 19:38:12:244] [vo.logVo.LogVo.<init>] [INFO] 日志实例已初始化...
[2020-04-12 19:38:12:245] [vo.logVo.LogVo.<init>] [INFO] 日志实例已初始化...
[2020-04-12 19:38:12:246] [vo.logVo.LogVo.<init>] [INFO] 日志实例已初始化...
[2020-04-12 19:38:12:247] [vo.logVo.LogVo.<init>] [INFO] 日志实例已初始化...
[2020-04-12 19:38:12:248] [vo.logVo.LogVo.<init>] [INFO] 日志实例已初始化...
[2020-04-12 19:38:12:249] [vo.logVo.LogVo.<init>] [INFO] 日志实例已初始化...
[2020-04-12 19:38:12:250] [vo.logVo.LogVo.<init>] [INFO] 日志实例已初始化...
[2020-04-12 19:38:12:250] [vo.logVo.LogVo.<init>] [INFO] 日志实例已初始化...
[2020-04-12 19:38:12:251] [vo.logVo.LogVo.<init>] [INFO] 日志实例已初始化...
[2020-04-12 19:38:12:251] [vo.logVo.LogVo.<init>] [INFO] 日志实例已初始化...
[2020-04-12 19:38:12:252] [vo.logVo.LogVo.<init>] [INFO] 日志实例已初始化...
[2020-04-12 19:38:12:253] [vo.logVo.LogVo.<init>] [INFO] 日志实例已初始化...
[2020-04-12 19:38:12:254] [vo.logVo.LogVo.<init>] [INFO] 日志实例已初始化...
[2020-04-12 19:38:12:255] [vo.logVo.LogVo.<init>] [INFO] 日志实例已初始化...
[2020-04-12 19:38:12:256] [vo.logVo.LogVo.<init>] [INFO] 日志实例已初始化...
[2020-04-12 19:38:12:256] [vo.logVo.LogVo.<init>] [INFO] 日志实例已初始化...
[2020-04-12 19:38:12:257] [vo.logVo.LogVo.<init>] [INFO] 日志实例已初始化...
[2020-04-12 19:38:12:257] [vo.logVo.LogVo.<init>] [INFO] 日志实例已初始化...
[2020-04-12 19:38:12:258] [vo.logVo.LogVo.<init>] [INFO] 日志实例已初始化...
[2020-04-12 19:38:12:259] [vo.logVo.LogVo.<init>] [INFO] 日志实例已初始化...
[2020-04-12 19:38:12:259] [vo.logVo.LogVo.<init>] [INFO] 日志实例已初始化...
[2020-04-12 19:38:12:260] [vo.logVo.LogVo.<init>] [INFO] 日志实例已初始化...
[2020-04-12 19:38:12:261] [vo.logVo.LogVo.<init>] [INFO] 日志实例已初始化...
[2020-04-12 19:38:12:262] [vo.logVo.LogVo.<init>] [INFO] 日志实例已初始化...
[2020-04-12 19:38:12:263] [vo.logVo.LogVo.<init>] [INFO] 日志实例已初始化...
[2020-04-12 19:38:12:263] [vo.logVo.LogVo.<init>] [INFO] 日志实例已初始化...
[2020-04-12 19:38:12:264] [vo.logVo.LogVo.<init>] [INFO] 日志实例已初始化...
[2020-04-12 19:38:12:265] [vo.logVo.LogVo.<init>] [INFO] 日志实例已初始化...
[2020-04-12 19:38:12:265] [vo.logVo.LogVo.<init>] [INFO] 日志实例已初始化...
[2020-04-12 19:38:12:266] [vo.logVo.LogVo.<init>] [INFO] 日志实例已初始化...
[2020-04-12 19:38:12:267] [vo.logVo.LogVo.<init>] [INFO] 日志实例已初始化...
[2020-04-12 19:38:12:267] [vo.logVo.LogVo.<init>] [INFO] 日志实例已初始化...
[2020-04-12 19:38:12:269] [vo.logVo.LogVo.<init>] [INFO] 日志实例已初始化...
[2020-04-12 19:38:12:270] [vo.logVo.LogVo.<init>] [INFO] 日志实例已初始化...
[2020-04-12 19:38:12:271] [vo.logVo.LogVo.<init>] [INFO] 日志实例已初始化...
[2020-04-12 19:38:12:271] [vo.logVo.LogVo.<init>] [INFO] 日志实例已初始化...
[2020-04-12 19:38:12:272] [vo.logVo.LogVo.<init>] [INFO] 日志实例已初始化...
[2020-04-12 19:38:12:273] [vo.logVo.LogVo.<init>] [INFO] 日志实例已初始化...
[2020-04-12 19:38:12:273] [vo.logVo.LogVo.<init>] [INFO] 日志实例已初始化...
[2020-04-12 19:38:12:274] [vo.logVo.LogVo.<init>] [INFO] 日志实例已初始化...
[2020-04-12 19:38:12:275] [vo.logVo.LogVo.<init>] [INFO] 日志实例已初始化...
[2020-04-12 19:38:12:276] [vo.logVo.LogVo.<init>] [INFO] 日志实例已初始化...
[2020-04-12 19:38:12:277] [vo.logVo.LogVo.<init>] [INFO] 日志实例已初始化...
[2020-04-12 19:38:12:279] [vo.logVo.LogVo.<init>] [INFO] 日志实例已初始化...
[2020-04-12 19:38:12:280] [vo.logVo.LogVo.<init>] [INFO] 日志实例已初始化...
[2020-04-12 19:38:12:281] [vo.logVo.LogVo.<init>] [INFO] 日志实例已初始化...
[2020-04-12 19:38:12:282] [vo.logVo.LogVo.<init>] [INFO] 日志实例已初始化...
[2020-04-12 19:38:12:285] [vo.logVo.LogVo.<init>] [INFO] 日志实例已初始化...
[2020-04-12 19:38:12:302] [vo.logVo.LogVo.<init>] [INFO] 日志实例已初始化...
[2020-04-12 19:38:12:304] [vo.logVo.LogVo.<init>] [INFO] 日志实例已初始化...
[2020-04-12 19:38:12:305] [vo.logVo.LogVo.<init>] [INFO] 日志实例已初始化...
[2020-04-12 19:38:12:308] [vo.logVo.LogVo.<init>] [INFO] 日志实例已初始化...
[2020-04-12 19:38:12:309] [vo.logVo.LogVo.<init>] [INFO] 日志实例已初始化...
[2020-04-12 19:38:12:310] [vo.logVo.LogVo.<init>] [INFO] 日志实例已初始化...
[2020-04-12 19:38:12:311] [vo.logVo.LogVo.<init>] [INFO] 日志实例已初始化...
[2020-04-12 19:38:12:312] [vo.logVo.LogVo.<init>] [INFO] 日志实例已初始化...
[2020-04-12 19:38:12:313] [vo.logVo.LogVo.<init>] [INFO] 日志实例已初始化...
[2020-04-12 19:38:12:314] [vo.logVo.LogVo.<init>] [INFO] 日志实例已初始化...
[2020-04-12 19:38:12:314] [vo.logVo.LogVo.<init>] [INFO] 日志实例已初始化...
[2020-04-12 19:38:12:315] [vo.logVo.LogVo.<init>] [INFO] 日志实例已初始化...
[2020-04-12 19:38:12:316] [vo.logVo.LogVo.<init>] [INFO] 日志实例已初始化...
[2020-04-12 19:38:12:317] [vo.logVo.LogVo.<init>] [INFO] 日志实例已初始化...
[2020-04-12 19:38:12:318] [vo.logVo.LogVo.<init>] [INFO] 日志实例已初始化...
[2020-04-12 19:38:12:319] [vo.logVo.LogVo.<init>] [INFO] 日志实例已初始化...
[2020-04-12 19:38:12:320] [vo.logVo.LogVo.<init>] [INFO] 日志实例已初始化...
[2020-04-12 19:38:12:320] [vo.logVo.LogVo.<init>] [INFO] 日志实例已初始化...
[2020-04-12 19:38:12:321] [vo.logVo.LogVo.<init>] [INFO] 日志实例已初始化...
[2020-04-12 19:38:12:321] [vo.logVo.LogVo.<init>] [INFO] 日志实例已初始化...
[2020-04-12 19:38:12:322] [vo.logVo.LogVo.<init>] [INFO] 日志实例已初始化...
[2020-04-12 19:38:12:324] [vo.logVo.LogVo.<init>] [INFO] 日志实例已初始化...
[2020-04-12 19:38:12:326] [vo.logVo.LogVo.<init>] [INFO] 日志实例已初始化...
[2020-04-12 19:38:12:327] [vo.logVo.LogVo.<init>] [INFO] 日志实例已初始化...
[2020-04-12 19:38:12:328] [vo.logVo.LogVo.<init>] [INFO] 日志实例已初始化...
[2020-04-12 19:38:12:329] [vo.logVo.LogVo.<init>] [INFO] 日志实例已初始化...
[2020-04-12 19:38:12:330] [vo.logVo.LogVo.<init>] [INFO] 日志实例已初始化...
[2020-04-12 19:38:12:330] [vo.logVo.LogVo.<init>] [INFO] 日志实例已初始化...
[2020-04-12 19:38:12:331] [vo.logVo.LogVo.<init>] [INFO] 日志实例已初始化...
[2020-04-12 19:38:12:332] [vo.logVo.LogVo.<init>] [INFO] 日志实例已初始化...
[2020-04-12 19:38:12:333] [vo.logVo.LogVo.<init>] [INFO] 日志实例已初始化...
[2020-04-12 19:38:12:335] [vo.logVo.LogVo.<init>] [INFO] 日志实例已初始化...
[2020-04-12 19:38:12:336] [vo.logVo.LogVo.<init>] [INFO] 日志实例已初始化...
[2020-04-12 19:38:12:337] [vo.logVo.LogVo.<init>] [INFO] 日志实例已初始化...
[2020-04-12 19:38:12:338] [vo.logVo.LogVo.<init>] [INFO] 日志实例已初始化...
[2020-04-12 19:38:12:358] [vo.logVo.LogVo.<init>] [INFO] 日志实例已初始化...
[2020-04-12 19:38:12:359] [vo.logVo.LogVo.<init>] [INFO] 日志实例已初始化...
[2020-04-12 19:38:12:360] [vo.logVo.LogVo.<init>] [INFO] 日志实例已初始化...
[2020-04-12 19:38:12:361] [vo.logVo.LogVo.<init>] [INFO] 日志实例已初始化...
[2020-04-12 19:38:12:363] [vo.logVo.LogVo.<init>] [INFO] 日志实例已初始化...
[2020-04-12 19:38:12:364] [vo.logVo.LogVo.<init>] [INFO] 日志实例已初始化...
[2020-04-12 19:38:12:365] [vo.logVo.LogVo.<init>] [INFO] 日志实例已初始化...
[2020-04-12 19:38:12:366] [vo.logVo.LogVo.<init>] [INFO] 日志实例已初始化...
[2020-04-12 19:38:12:367] [vo.logVo.LogVo.<init>] [INFO] 日志实例已初始化...
[2020-04-12 19:38:12:368] [vo.logVo.LogVo.<init>] [INFO] 日志实例已初始化...
[2020-04-12 19:38:12:369] [vo.logVo.LogVo.<init>] [INFO] 日志实例已初始化...
[2020-04-12 19:38:12:371] [vo.logVo.LogVo.<init>] [INFO] 日志实例已初始化...
[2020-04-12 19:38:12:372] [vo.logVo.LogVo.<init>] [INFO] 日志实例已初始化...
[2020-04-12 19:38:12:374] [vo.logVo.LogVo.<init>] [INFO] 日志实例已初始化...
[2020-04-12 19:38:12:375] [vo.logVo.LogVo.<init>] [INFO] 日志实例已初始化...
[2020-04-12 19:38:12:376] [vo.logVo.LogVo.<init>] [INFO] 日志实例已初始化...
[2020-04-12 19:38:12:377] [vo.logVo.LogVo.<init>] [INFO] 日志实例已初始化...
[2020-04-12 19:38:12:378] [vo.logVo.LogVo.<init>] [INFO] 日志实例已初始化...
[2020-04-12 19:38:12:380] [vo.logVo.LogVo.<init>] [INFO] 日志实例已初始化...
[2020-04-12 19:38:12:381] [vo.logVo.LogVo.<init>] [INFO] 日志实例已初始化...
[2020-04-12 19:38:12:384] [vo.logVo.LogVo.<init>] [INFO] 日志实例已初始化...
[2020-04-12 19:38:12:385] [vo.logVo.LogVo.<init>] [INFO] 日志实例已初始化...
[2020-04-12 19:38:12:386] [vo.logVo.LogVo.<init>] [INFO] 日志实例已初始化...
[2020-04-12 19:38:12:387] [vo.logVo.LogVo.<init>] [INFO] 日志实例已初始化...
[2020-04-12 19:38:12:389] [vo.logVo.LogVo.<init>] [INFO] 日志实例已初始化...
[2020-04-12 19:38:12:390] [vo.logVo.LogVo.<init>] [INFO] 日志实例已初始化...
[2020-04-12 19:38:12:391] [vo.logVo.LogVo.<init>] [INFO] 日志实例已初始化...
[2020-04-12 19:38:12:392] [vo.logVo.LogVo.<init>] [INFO] 日志实例已初始化...
[2020-04-12 19:38:12:393] [vo.logVo.LogVo.<init>] [INFO] 日志实例已初始化...
[2020-04-12 19:38:12:394] [vo.logVo.LogVo.<init>] [INFO] 日志实例已初始化...
[2020-04-12 19:38:12:395] [vo.logVo.LogVo.<init>] [INFO] 日志实例已初始化...
[2020-04-12 19:38:12:396] [vo.logVo.LogVo.<init>] [INFO] 日志实例已初始化...
[2020-04-12 19:38:12:397] [vo.logVo.LogVo.<init>] [INFO] 日志实例已初始化...
[2020-04-12 19:38:12:397] [vo.logVo.LogVo.<init>] [INFO] 日志实例已初始化...
[2020-04-12 19:38:12:398] [vo.logVo.LogVo.<init>] [INFO] 日志实例已初始化...
[2020-04-12 19:38:12:399] [vo.logVo.LogVo.<init>] [INFO] 日志实例已初始化...
[2020-04-12 19:38:12:400] [vo.logVo.LogVo.<init>] [INFO] 日志实例已初始化...
[2020-04-12 19:38:12:400] [vo.logVo.LogVo.<init>] [INFO] 日志实例已初始化...
[2020-04-12 19:38:12:401] [vo.logVo.LogVo.<init>] [INFO] 日志实例已初始化...
[2020-04-12 19:38:12:401] [vo.logVo.LogVo.<init>] [INFO] 日志实例已初始化...
[2020-04-12 19:38:12:402] [vo.logVo.LogVo.<init>] [INFO] 日志实例已初始化...
[2020-04-12 19:38:12:403] [vo.logVo.LogVo.<init>] [INFO] 日志实例已初始化...
[2020-04-12 19:38:12:403] [vo.logVo.LogVo.<init>] [INFO] 日志实例已初始化...
[2020-04-12 19:38:12:404] [vo.logVo.LogVo.<init>] [INFO] 日志实例已初始化...
[2020-04-12 19:38:12:404] [vo.logVo.LogVo.<init>] [INFO] 日志实例已初始化...
[2020-04-12 19:38:12:405] [vo.logVo.LogVo.<init>] [INFO] 日志实例已初始化...
[2020-04-12 19:38:12:406] [vo.logVo.LogVo.<init>] [INFO] 日志实例已初始化...
[2020-04-12 19:38:12:406] [vo.logVo.LogVo.<init>] [INFO] 日志实例已初始化...
[2020-04-12 19:38:12:407] [vo.logVo.LogVo.<init>] [INFO] 日志实例已初始化...
[2020-04-12 19:38:12:408] [vo.logVo.LogVo.<init>] [INFO] 日志实例已初始化...
[2020-04-12 19:38:12:409] [vo.logVo.LogVo.<init>] [INFO] 日志实例已初始化...
[2020-04-12 19:38:12:410] [vo.logVo.LogVo.<init>] [INFO] 日志实例已初始化...
[2020-04-12 19:38:12:410] [vo.logVo.LogVo.<init>] [INFO] 日志实例已初始化...
[2020-04-12 19:38:12:412] [vo.logVo.LogVo.<init>] [INFO] 日志实例已初始化...
[2020-04-12 19:38:12:412] [vo.logVo.LogVo.<init>] [INFO] 日志实例已初始化...
[2020-04-12 19:38:12:413] [vo.logVo.LogVo.<init>] [INFO] 日志实例已初始化...
[2020-04-12 19:38:12:414] [vo.logVo.LogVo.<init>] [INFO] 日志实例已初始化...
[2020-04-12 19:38:12:415] [vo.logVo.LogVo.<init>] [INFO] 日志实例已初始化...
[2020-04-12 19:38:12:416] [vo.logVo.LogVo.<init>] [INFO] 日志实例已初始化...
[2020-04-12 19:38:12:417] [vo.logVo.LogVo.<init>] [INFO] 日志实例已初始化...
[2020-04-12 19:38:12:418] [vo.logVo.LogVo.<init>] [INFO] 日志实例已初始化...
[2020-04-12 19:38:12:418] [vo.logVo.LogVo.<init>] [INFO] 日志实例已初始化...
[2020-04-12 19:38:12:419] [vo.logVo.LogVo.<init>] [INFO] 日志实例已初始化...
[2020-04-12 19:38:12:420] [vo.logVo.LogVo.<init>] [INFO] 日志实例已初始化...
[2020-04-12 19:38:12:421] [vo.logVo.LogVo.<init>] [INFO] 日志实例已初始化...
[2020-04-12 19:38:12:421] [vo.logVo.LogVo.<init>] [INFO] 日志实例已初始化...
[2020-04-12 19:38:12:422] [vo.logVo.LogVo.<init>] [INFO] 日志实例已初始化...
[2020-04-12 19:38:12:424] [vo.logVo.LogVo.<init>] [INFO] 日志实例已初始化...
[2020-04-12 19:38:12:425] [vo.logVo.LogVo.<init>] [INFO] 日志实例已初始化...
[2020-04-12 19:38:12:425] [vo.logVo.LogVo.<init>] [INFO] 日志实例已初始化...
[2020-04-12 19:38:12:426] [vo.logVo.LogVo.<init>] [INFO] 日志实例已初始化...
[2020-04-12 19:38:12:427] [vo.logVo.LogVo.<init>] [INFO] 日志实例已初始化...
[2020-04-12 19:38:12:428] [vo.logVo.LogVo.<init>] [INFO] 日志实例已初始化...
[2020-04-12 19:38:12:429] [vo.logVo.LogVo.<init>] [INFO] 日志实例已初始化...
[2020-04-12 19:38:12:430] [vo.logVo.LogVo.<init>] [INFO] 日志实例已初始化...
[2020-04-12 19:38:12:431] [vo.logVo.LogVo.<init>] [INFO] 日志实例已初始化...
[2020-04-12 19:38:12:432] [vo.logVo.LogVo.<init>] [INFO] 日志实例已初始化...
[2020-04-12 19:38:12:433] [vo.logVo.LogVo.<init>] [INFO] 日志实例已初始化...
[2020-04-12 19:38:12:434] [vo.logVo.LogVo.<init>] [INFO] 日志实例已初始化...
[2020-04-12 19:38:12:435] [vo.logVo.LogVo.<init>] [INFO] 日志实例已初始化...
[2020-04-12 19:38:12:435] [vo.logVo.LogVo.<init>] [INFO] 日志实例已初始化...
[2020-04-12 19:38:12:436] [vo.logVo.LogVo.<init>] [INFO] 日志实例已初始化...
[2020-04-12 19:38:12:437] [vo.logVo.LogVo.<init>] [INFO] 日志实例已初始化...
[2020-04-12 19:38:12:438] [vo.logVo.LogVo.<init>] [INFO] 日志实例已初始化...
[2020-04-12 19:38:12:438] [vo.logVo.LogVo.<init>] [INFO] 日志实例已初始化...
[2020-04-12 19:38:12:439] [vo.logVo.LogVo.<init>] [INFO] 日志实例已初始化...
[2020-04-12 19:38:12:439] [vo.logVo.LogVo.<init>] [INFO] 日志实例已初始化...
[2020-04-12 19:38:12:440] [vo.logVo.LogVo.<init>] [INFO] 日志实例已初始化...
[2020-04-12 19:38:12:441] [vo.logVo.LogVo.<init>] [INFO] 日志实例已初始化...
[2020-04-12 19:38:12:442] [vo.logVo.LogVo.<init>] [INFO] 日志实例已初始化...
[2020-04-12 19:38:12:444] [vo.logVo.LogVo.<init>] [INFO] 日志实例已初始化...
[2020-04-12 19:38:12:444] [vo.logVo.LogVo.<init>] [INFO] 日志实例已初始化...
[2020-04-12 19:38:12:445] [vo.logVo.LogVo.<init>] [INFO] 日志实例已初始化...
[2020-04-12 19:38:12:446] [vo.logVo.LogVo.<init>] [INFO] 日志实例已初始化...
[2020-04-12 19:38:12:447] [vo.logVo.LogVo.<init>] [INFO] 日志实例已初始化...
[2020-04-12 19:38:12:448] [vo.logVo.LogVo.<init>] [INFO] 日志实例已初始化...
[2020-04-12 19:38:12:448] [vo.logVo.LogVo.<init>] [INFO] 日志实例已初始化...
[2020-04-12 19:38:12:449] [vo.logVo.LogVo.<init>] [INFO] 日志实例已初始化...
[2020-04-12 19:38:12:450] [vo.logVo.LogVo.<init>] [INFO] 日志实例已初始化...
[2020-04-12 19:38:12:453] [vo.logVo.LogVo.<init>] [INFO] 日志实例已初始化...
[2020-04-12 19:38:12:454] [vo.logVo.LogVo.<init>] [INFO] 日志实例已初始化...
[2020-04-12 19:38:12:455] [vo.logVo.LogVo.<init>] [INFO] 日志实例已初始化...
[2020-04-12 19:38:12:456] [vo.logVo.LogVo.<init>] [INFO] 日志实例已初始化...
[2020-04-12 19:38:12:456] [vo.logVo.LogVo.<init>] [INFO] 日志实例已初始化...
[2020-04-12 19:38:12:457] [vo.logVo.LogVo.<init>] [INFO] 日志实例已初始化...
[2020-04-12 19:38:12:458] [vo.logVo.LogVo.<init>] [INFO] 日志实例已初始化...
[2020-04-12 19:38:12:459] [vo.logVo.LogVo.<init>] [INFO] 日志实例已初始化...
[2020-04-12 19:38:12:459] [vo.logVo.LogVo.<init>] [INFO] 日志实例已初始化...
[2020-04-12 19:38:12:460] [vo.logVo.LogVo.<init>] [INFO] 日志实例已初始化...
[2020-04-12 19:38:12:460] [vo.logVo.LogVo.<init>] [INFO] 日志实例已初始化...
[2020-04-12 19:38:12:461] [vo.logVo.LogVo.<init>] [INFO] 日志实例已初始化...
[2020-04-12 19:38:12:463] [vo.logVo.LogVo.<init>] [INFO] 日志实例已初始化...
[2020-04-12 19:38:12:464] [vo.logVo.LogVo.<init>] [INFO] 日志实例已初始化...
[2020-04-12 19:38:12:465] [vo.logVo.LogVo.<init>] [INFO] 日志实例已初始化...
[2020-04-12 19:38:12:465] [vo.logVo.LogVo.<init>] [INFO] 日志实例已初始化...
[2020-04-12 19:38:12:466] [vo.logVo.LogVo.<init>] [INFO] 日志实例已初始化...
[2020-04-12 19:38:12:467] [vo.logVo.LogVo.<init>] [INFO] 日志实例已初始化...
[2020-04-12 19:38:12:468] [vo.logVo.LogVo.<init>] [INFO] 日志实例已初始化...
[2020-04-12 19:38:12:469] [vo.logVo.LogVo.<init>] [INFO] 日志实例已初始化...
[2020-04-12 19:38:12:469] [vo.logVo.LogVo.<init>] [INFO] 日志实例已初始化...
[2020-04-12 19:38:12:470] [vo.logVo.LogVo.<init>] [INFO] 日志实例已初始化...
[2020-04-12 19:38:12:471] [vo.logVo.LogVo.<init>] [INFO] 日志实例已初始化...
[2020-04-12 19:38:12:471] [vo.logVo.LogVo.<init>] [INFO] 日志实例已初始化...
[2020-04-12 19:38:12:472] [vo.logVo.LogVo.<init>] [INFO] 日志实例已初始化...
[2020-04-12 19:38:12:473] [vo.logVo.LogVo.<init>] [INFO] 日志实例已初始化...
[2020-04-12 19:38:12:474] [vo.logVo.LogVo.<init>] [INFO] 日志实例已初始化...
[2020-04-12 19:38:12:475] [vo.logVo.LogVo.<init>] [INFO] 日志实例已初始化...
[2020-04-12 19:38:12:476] [vo.logVo.LogVo.<init>] [INFO] 日志实例已初始化...
[2020-04-12 19:38:12:477] [vo.logVo.LogVo.<init>] [INFO] 日志实例已初始化...
[2020-04-12 19:38:12:477] [vo.logVo.LogVo.<init>] [INFO] 日志实例已初始化...
[2020-04-12 19:38:12:478] [vo.logVo.LogVo.<init>] [INFO] 日志实例已初始化...
[2020-04-12 19:38:12:479] [vo.logVo.LogVo.<init>] [INFO] 日志实例已初始化...
[2020-04-12 19:38:12:480] [vo.logVo.LogVo.<init>] [INFO] 日志实例已初始化...
[2020-04-12 19:38:12:481] [vo.logVo.LogVo.<init>] [INFO] 日志实例已初始化...
[2020-04-12 19:38:12:482] [vo.logVo.LogVo.<init>] [INFO] 日志实例已初始化...
[2020-04-12 19:38:12:483] [vo.logVo.LogVo.<init>] [INFO] 日志实例已初始化...
[2020-04-12 19:38:12:484] [vo.logVo.LogVo.<init>] [INFO] 日志实例已初始化...
[2020-04-12 19:38:12:485] [vo.logVo.LogVo.<init>] [INFO] 日志实例已初始化...
[2020-04-12 19:38:12:485] [vo.logVo.LogVo.<init>] [INFO] 日志实例已初始化...
[2020-04-12 19:38:12:486] [vo.logVo.LogVo.<init>] [INFO] 日志实例已初始化...
[2020-04-12 19:38:12:487] [vo.logVo.LogVo.<init>] [INFO] 日志实例已初始化...
[2020-04-12 19:38:12:487] [vo.logVo.LogVo.<init>] [INFO] 日志实例已初始化...
[2020-04-12 19:38:12:488] [vo.logVo.LogVo.<init>] [INFO] 日志实例已初始化...
[2020-04-12 19:38:12:488] [vo.logVo.LogVo.<init>] [INFO] 日志实例已初始化...
[2020-04-12 19:38:12:489] [vo.logVo.LogVo.<init>] [INFO] 日志实例已初始化...
[2020-04-12 19:38:12:490] [vo.logVo.LogVo.<init>] [INFO] 日志实例已初始化...
[2020-04-12 19:38:12:490] [vo.logVo.LogVo.<init>] [INFO] 日志实例已初始化...
[2020-04-12 19:38:12:490] [vo.logVo.LogVo.<init>] [INFO] 日志实例已初始化...
[2020-04-12 19:38:12:491] [vo.logVo.LogVo.<init>] [INFO] 日志实例已初始化...
[2020-04-12 19:38:12:491] [vo.logVo.LogVo.<init>] [INFO] 日志实例已初始化...
[2020-04-12 19:38:12:491] [vo.logVo.LogVo.<init>] [INFO] 日志实例已初始化...
[2020-04-12 19:38:12:492] [vo.logVo.LogVo.<init>] [INFO] 日志实例已初始化...
[2020-04-12 19:38:12:492] [vo.logVo.LogVo.<init>] [INFO] 日志实例已初始化...
[2020-04-12 19:38:12:493] [vo.logVo.LogVo.<init>] [INFO] 日志实例已初始化...
[2020-04-12 19:38:12:494] [vo.logVo.LogVo.<init>] [INFO] 日志实例已初始化...
[2020-04-12 19:38:12:494] [vo.logVo.LogVo.<init>] [INFO] 日志实例已初始化...
[2020-04-12 19:38:12:495] [vo.logVo.LogVo.<init>] [INFO] 日志实例已初始化...
[2020-04-12 19:38:12:495] [vo.logVo.LogVo.<init>] [INFO] 日志实例已初始化...
[2020-04-12 19:38:12:496] [vo.logVo.LogVo.<init>] [INFO] 日志实例已初始化...
[2020-04-12 19:38:12:496] [vo.logVo.LogVo.<init>] [INFO] 日志实例已初始化...
[2020-04-12 19:38:12:497] [vo.logVo.LogVo.<init>] [INFO] 日志实例已初始化...
[2020-04-12 19:38:12:497] [vo.logVo.LogVo.<init>] [INFO] 日志实例已初始化...
[2020-04-12 19:38:12:498] [vo.logVo.LogVo.<init>] [INFO] 日志实例已初始化...
[2020-04-12 19:38:12:499] [vo.logVo.LogVo.<init>] [INFO] 日志实例已初始化...
[2020-04-12 19:38:12:500] [vo.logVo.LogVo.<init>] [INFO] 日志实例已初始化...
[2020-04-12 19:38:12:501] [vo.logVo.LogVo.<init>] [INFO] 日志实例已初始化...
[2020-04-12 19:38:12:503] [vo.logVo.LogVo.<init>] [INFO] 日志实例已初始化...
[2020-04-12 19:38:12:504] [vo.logVo.LogVo.<init>] [INFO] 日志实例已初始化...
[2020-04-12 19:38:12:505] [vo.logVo.LogVo.<init>] [INFO] 日志实例已初始化...
[2020-04-12 19:38:12:506] [vo.logVo.LogVo.<init>] [INFO] 日志实例已初始化...
[2020-04-12 19:38:12:507] [vo.logVo.LogVo.<init>] [INFO] 日志实例已初始化...
[2020-04-12 19:38:12:508] [vo.logVo.LogVo.<init>] [INFO] 日志实例已初始化...
[2020-04-12 19:38:12:508] [vo.logVo.LogVo.<init>] [INFO] 日志实例已初始化...
[2020-04-12 19:38:12:509] [vo.logVo.LogVo.<init>] [INFO] 日志实例已初始化...
[2020-04-12 19:38:12:510] [vo.logVo.LogVo.<init>] [INFO] 日志实例已初始化...
[2020-04-12 19:38:12:511] [vo.logVo.LogVo.<init>] [INFO] 日志实例已初始化...
[2020-04-12 19:38:12:512] [vo.logVo.LogVo.<init>] [INFO] 日志实例已初始化...
[2020-04-12 19:38:12:516] [vo.logVo.LogVo.<init>] [INFO] 日志实例已初始化...
[2020-04-12 19:38:12:518] [vo.logVo.LogVo.<init>] [INFO] 日志实例已初始化...
[2020-04-12 19:38:12:519] [vo.logVo.LogVo.<init>] [INFO] 日志实例已初始化...
[2020-04-12 19:38:12:520] [vo.logVo.LogVo.<init>] [INFO] 日志实例已初始化...
[2020-04-12 19:38:12:521] [vo.logVo.LogVo.<init>] [INFO] 日志实例已初始化...
[2020-04-12 19:38:12:522] [vo.logVo.LogVo.<init>] [INFO] 日志实例已初始化...
[2020-04-12 19:38:12:522] [vo.logVo.LogVo.<init>] [INFO] 日志实例已初始化...
[2020-04-12 19:38:12:525] [vo.logVo.LogVo.<init>] [INFO] 日志实例已初始化...
[2020-04-12 19:38:12:526] [vo.logVo.LogVo.<init>] [INFO] 日志实例已初始化...
[2020-04-12 19:38:12:527] [vo.logVo.LogVo.<init>] [INFO] 日志实例已初始化...
[2020-04-12 19:38:12:528] [vo.logVo.LogVo.<init>] [INFO] 日志实例已初始化...
[2020-04-12 19:38:12:528] [vo.logVo.LogVo.<init>] [INFO] 日志实例已初始化...
[2020-04-12 19:38:12:529] [vo.logVo.LogVo.<init>] [INFO] 日志实例已初始化...
[2020-04-12 19:38:12:530] [vo.logVo.LogVo.<init>] [INFO] 日志实例已初始化...
[2020-04-12 19:38:12:531] [vo.logVo.LogVo.<init>] [INFO] 日志实例已初始化...
[2020-04-12 19:38:12:532] [vo.logVo.LogVo.<init>] [INFO] 日志实例已初始化...
[2020-04-12 19:38:12:534] [vo.logVo.LogVo.<init>] [INFO] 日志实例已初始化...
[2020-04-12 19:38:12:536] [vo.logVo.LogVo.<init>] [INFO] 日志实例已初始化...
[2020-04-12 19:38:12:536] [vo.logVo.LogVo.<init>] [INFO] 日志实例已初始化...
[2020-04-12 19:38:12:537] [vo.logVo.LogVo.<init>] [INFO] 日志实例已初始化...
[2020-04-12 19:38:12:538] [vo.logVo.LogVo.<init>] [INFO] 日志实例已初始化...
[2020-04-12 19:38:12:542] [vo.logVo.LogVo.<init>] [INFO] 日志实例已初始化...
[2020-04-12 19:38:12:545] [vo.logVo.LogVo.<init>] [INFO] 日志实例已初始化...
[2020-04-12 19:38:12:546] [vo.logVo.LogVo.<init>] [INFO] 日志实例已初始化...
[2020-04-12 19:38:12:547] [vo.logVo.LogVo.<init>] [INFO] 日志实例已初始化...
[2020-04-12 19:38:12:548] [vo.logVo.LogVo.<init>] [INFO] 日志实例已初始化...
[2020-04-12 19:38:12:549] [vo.logVo.LogVo.<init>] [INFO] 日志实例已初始化...
[2020-04-12 19:38:12:549] [vo.logVo.LogVo.<init>] [INFO] 日志实例已初始化...
[2020-04-12 19:38:12:550] [vo.logVo.LogVo.<init>] [INFO] 日志实例已初始化...
[2020-04-12 19:38:12:551] [vo.logVo.LogVo.<init>] [INFO] 日志实例已初始化...
[2020-04-12 19:38:12:552] [vo.logVo.LogVo.<init>] [INFO] 日志实例已初始化...
[2020-04-12 19:38:12:553] [vo.logVo.LogVo.<init>] [INFO] 日志实例已初始化...
[2020-04-12 19:38:12:555] [vo.logVo.LogVo.<init>] [INFO] 日志实例已初始化...
[2020-04-12 19:38:12:556] [vo.logVo.LogVo.<init>] [INFO] 日志实例已初始化...
[2020-04-12 19:38:12:557] [vo.logVo.LogVo.<init>] [INFO] 日志实例已初始化...
[2020-04-12 19:38:12:557] [vo.logVo.LogVo.<init>] [INFO] 日志实例已初始化...
[2020-04-12 19:38:12:558] [vo.logVo.LogVo.<init>] [INFO] 日志实例已初始化...
[2020-04-12 19:38:12:558] [vo.logVo.LogVo.<init>] [INFO] 日志实例已初始化...
[2020-04-12 19:38:12:558] [vo.logVo.LogVo.<init>] [INFO] 日志实例已初始化...
[2020-04-12 19:38:12:560] [vo.logVo.LogVo.<init>] [INFO] 日志实例已初始化...
[2020-04-12 19:38:12:561] [vo.logVo.LogVo.<init>] [INFO] 日志实例已初始化...
[2020-04-12 19:38:12:561] [vo.logVo.LogVo.<init>] [INFO] 日志实例已初始化...
[2020-04-12 19:38:12:562] [vo.logVo.LogVo.<init>] [INFO] 日志实例已初始化...
[2020-04-12 19:38:12:563] [vo.logVo.LogVo.<init>] [INFO] 日志实例已初始化...
[2020-04-12 19:38:12:564] [vo.logVo.LogVo.<init>] [INFO] 日志实例已初始化...
[2020-04-12 19:38:12:565] [vo.logVo.LogVo.<init>] [INFO] 日志实例已初始化...
[2020-04-12 19:38:12:565] [vo.logVo.LogVo.<init>] [INFO] 日志实例已初始化...
[2020-04-12 19:38:12:566] [vo.logVo.LogVo.<init>] [INFO] 日志实例已初始化...
[2020-04-12 19:38:12:567] [vo.logVo.LogVo.<init>] [INFO] 日志实例已初始化...
[2020-04-12 19:38:12:568] [vo.logVo.LogVo.<init>] [INFO] 日志实例已初始化...
[2020-04-12 19:38:12:568] [vo.logVo.LogVo.<init>] [INFO] 日志实例已初始化...
[2020-04-12 19:38:12:569] [vo.logVo.LogVo.<init>] [INFO] 日志实例已初始化...
[2020-04-12 19:38:12:570] [vo.logVo.LogVo.<init>] [INFO] 日志实例已初始化...
[2020-04-12 19:38:12:618] [vo.logVo.LogVo.<init>] [INFO] 日志实例已初始化...
[2020-04-12 19:38:12:629] [vo.logVo.LogVo.<init>] [INFO] 日志实例已初始化...
[2020-04-12 19:38:12:821] [action.userAction.LoginAction.execute] [INFO] admin 登录成功,登录时间:2020-04-12 19:38:12
[2020-04-12 19:38:19:278] [vo.logVo.LogVo.<init>] [INFO] 日志实例已初始化...
[2020-04-12 19:38:19:280] [vo.logVo.LogVo.<init>] [INFO] 日志实例已初始化...
[2020-04-12 19:38:19:281] [vo.logVo.LogVo.<init>] [INFO] 日志实例已初始化...
[2020-04-12 19:38:19:282] [vo.logVo.LogVo.<init>] [INFO] 日志实例已初始化...
[2020-04-12 19:38:19:283] [vo.logVo.LogVo.<init>] [INFO] 日志实例已初始化...
[2020-04-12 19:38:19:284] [vo.logVo.LogVo.<init>] [INFO] 日志实例已初始化...
[2020-04-12 19:38:19:285] [vo.logVo.LogVo.<init>] [INFO] 日志实例已初始化...
[2020-04-12 19:38:19:285] [vo.logVo.LogVo.<init>] [INFO] 日志实例已初始化...
[2020-04-12 19:38:19:286] [vo.logVo.LogVo.<init>] [INFO] 日志实例已初始化...
[2020-04-12 19:38:19:287] [vo.logVo.LogVo.<init>] [INFO] 日志实例已初始化...
[2020-04-12 19:38:19:288] [vo.logVo.LogVo.<init>] [INFO] 日志实例已初始化...
[2020-04-12 19:38:19:289] [vo.logVo.LogVo.<init>] [INFO] 日志实例已初始化...
[2020-04-12 19:38:19:290] [vo.logVo.LogVo.<init>] [INFO] 日志实例已初始化...
[2020-04-12 19:38:19:290] [vo.logVo.LogVo.<init>] [INFO] 日志实例已初始化...
[2020-04-12 19:38:19:291] [vo.logVo.LogVo.<init>] [INFO] 日志实例已初始化...
[2020-04-12 19:38:19:292] [vo.logVo.LogVo.<init>] [INFO] 日志实例已初始化...
[2020-04-12 19:38:19:293] [vo.logVo.LogVo.<init>] [INFO] 日志实例已初始化...
[2020-04-12 19:38:19:294] [vo.logVo.LogVo.<init>] [INFO] 日志实例已初始化...
[2020-04-12 19:38:19:294] [vo.logVo.LogVo.<init>] [INFO] 日志实例已初始化...
[2020-04-12 19:38:19:295] [vo.logVo.LogVo.<init>] [INFO] 日志实例已初始化...
[2020-04-12 19:38:19:296] [vo.logVo.LogVo.<init>] [INFO] 日志实例已初始化...
[2020-04-12 19:38:19:297] [vo.logVo.LogVo.<init>] [INFO] 日志实例已初始化...
[2020-04-12 19:38:19:298] [vo.logVo.LogVo.<init>] [INFO] 日志实例已初始化...
[2020-04-12 19:38:19:299] [vo.logVo.LogVo.<init>] [INFO] 日志实例已初始化...
[2020-04-12 19:38:19:300] [vo.logVo.LogVo.<init>] [INFO] 日志实例已初始化...
[2020-04-12 19:38:19:301] [vo.logVo.LogVo.<init>] [INFO] 日志实例已初始化...
[2020-04-12 19:38:19:301] [vo.logVo.LogVo.<init>] [INFO] 日志实例已初始化...
[2020-04-12 19:38:19:302] [vo.logVo.LogVo.<init>] [INFO] 日志实例已初始化...
[2020-04-12 19:38:19:304] [vo.logVo.LogVo.<init>] [INFO] 日志实例已初始化...
[2020-04-12 19:38:19:304] [vo.logVo.LogVo.<init>] [INFO] 日志实例已初始化...
[2020-04-12 19:38:19:305] [vo.logVo.LogVo.<init>] [INFO] 日志实例已初始化...
[2020-04-12 19:38:19:307] [vo.logVo.LogVo.<init>] [INFO] 日志实例已初始化...
[2020-04-12 19:38:19:310] [vo.logVo.LogVo.<init>] [INFO] 日志实例已初始化...
[2020-04-12 19:38:19:310] [vo.logVo.LogVo.<init>] [INFO] 日志实例已初始化...
[2020-04-12 19:38:19:312] [vo.logVo.LogVo.<init>] [INFO] 日志实例已初始化...
[2020-04-12 19:38:19:312] [vo.logVo.LogVo.<init>] [INFO] 日志实例已初始化...
[2020-04-12 19:38:19:313] [vo.logVo.LogVo.<init>] [INFO] 日志实例已初始化...
[2020-04-12 19:38:19:314] [vo.logVo.LogVo.<init>] [INFO] 日志实例已初始化...
[2020-04-12 19:38:19:315] [vo.logVo.LogVo.<init>] [INFO] 日志实例已初始化...
[2020-04-12 19:38:19:316] [vo.logVo.LogVo.<init>] [INFO] 日志实例已初始化...
[2020-04-12 19:38:19:316] [vo.logVo.LogVo.<init>] [INFO] 日志实例已初始化...
[2020-04-12 19:38:19:317] [vo.logVo.LogVo.<init>] [INFO] 日志实例已初始化...
[2020-04-12 19:38:19:317] [vo.logVo.LogVo.<init>] [INFO] 日志实例已初始化...
[2020-04-12 19:38:19:318] [vo.logVo.LogVo.<init>] [INFO] 日志实例已初始化...
[2020-04-12 19:38:19:319] [vo.logVo.LogVo.<init>] [INFO] 日志实例已初始化...
[2020-04-12 19:38:19:320] [vo.logVo.LogVo.<init>] [INFO] 日志实例已初始化...
[2020-04-12 19:38:19:320] [vo.logVo.LogVo.<init>] [INFO] 日志实例已初始化...
[2020-04-12 19:38:19:321] [vo.logVo.LogVo.<init>] [INFO] 日志实例已初始化...
[2020-04-12 19:38:19:322] [vo.logVo.LogVo.<init>] [INFO] 日志实例已初始化...
[2020-04-12 19:38:19:323] [vo.logVo.LogVo.<init>] [INFO] 日志实例已初始化...
[2020-04-12 19:38:19:324] [vo.logVo.LogVo.<init>] [INFO] 日志实例已初始化...
[2020-04-12 19:38:19:325] [vo.logVo.LogVo.<init>] [INFO] 日志实例已初始化...
[2020-04-12 19:38:19:325] [vo.logVo.LogVo.<init>] [INFO] 日志实例已初始化...
[2020-04-12 19:38:19:326] [vo.logVo.LogVo.<init>] [INFO] 日志实例已初始化...
[2020-04-12 19:38:19:327] [vo.logVo.LogVo.<init>] [INFO] 日志实例已初始化...
[2020-04-12 19:38:19:327] [vo.logVo.LogVo.<init>] [INFO] 日志实例已初始化...
[2020-04-12 19:38:19:328] [vo.logVo.LogVo.<init>] [INFO] 日志实例已初始化...
[2020-04-12 19:38:19:329] [vo.logVo.LogVo.<init>] [INFO] 日志实例已初始化...
[2020-04-12 19:38:19:330] [vo.logVo.LogVo.<init>] [INFO] 日志实例已初始化...
[2020-04-12 19:38:19:331] [vo.logVo.LogVo.<init>] [INFO] 日志实例已初始化...
[2020-04-12 19:38:19:332] [vo.logVo.LogVo.<init>] [INFO] 日志实例已初始化...
[2020-04-12 19:38:19:333] [vo.logVo.LogVo.<init>] [INFO] 日志实例已初始化...
[2020-04-12 19:38:19:334] [vo.logVo.LogVo.<init>] [INFO] 日志实例已初始化...
[2020-04-12 19:38:19:335] [vo.logVo.LogVo.<init>] [INFO] 日志实例已初始化...
[2020-04-12 19:38:19:335] [vo.logVo.LogVo.<init>] [INFO] 日志实例已初始化...
[2020-04-12 19:38:19:336] [vo.logVo.LogVo.<init>] [INFO] 日志实例已初始化...
[2020-04-12 19:38:19:337] [vo.logVo.LogVo.<init>] [INFO] 日志实例已初始化...
[2020-04-12 19:38:19:338] [vo.logVo.LogVo.<init>] [INFO] 日志实例已初始化...
[2020-04-12 19:38:19:339] [vo.logVo.LogVo.<init>] [INFO] 日志实例已初始化...
[2020-04-12 19:38:19:342] [vo.logVo.LogVo.<init>] [INFO] 日志实例已初始化...
[2020-04-12 19:38:19:343] [vo.logVo.LogVo.<init>] [INFO] 日志实例已初始化...
[2020-04-12 19:38:19:345] [vo.logVo.LogVo.<init>] [INFO] 日志实例已初始化...
[2020-04-12 19:38:19:346] [vo.logVo.LogVo.<init>] [INFO] 日志实例已初始化...
[2020-04-12 19:38:19:347] [vo.logVo.LogVo.<init>] [INFO] 日志实例已初始化...
[2020-04-12 19:38:19:348] [vo.logVo.LogVo.<init>] [INFO] 日志实例已初始化...
[2020-04-12 19:38:19:348] [vo.logVo.LogVo.<init>] [INFO] 日志实例已初始化...
[2020-04-12 19:38:19:349] [vo.logVo.LogVo.<init>] [INFO] 日志实例已初始化...
[2020-04-12 19:38:19:350] [vo.logVo.LogVo.<init>] [INFO] 日志实例已初始化...
[2020-04-12 19:38:19:350] [vo.logVo.LogVo.<init>] [INFO] 日志实例已初始化...
[2020-04-12 19:38:19:351] [vo.logVo.LogVo.<init>] [INFO] 日志实例已初始化...
[2020-04-12 19:38:19:351] [vo.logVo.LogVo.<init>] [INFO] 日志实例已初始化...
[2020-04-12 19:38:19:352] [vo.logVo.LogVo.<init>] [INFO] 日志实例已初始化...
[2020-04-12 19:38:19:352] [vo.logVo.LogVo.<init>] [INFO] 日志实例已初始化...
[2020-04-12 19:38:19:352] [vo.logVo.LogVo.<init>] [INFO] 日志实例已初始化...
[2020-04-12 19:38:19:353] [vo.logVo.LogVo.<init>] [INFO] 日志实例已初始化...
[2020-04-12 19:38:19:353] [vo.logVo.LogVo.<init>] [INFO] 日志实例已初始化...
[2020-04-12 19:38:19:354] [vo.logVo.LogVo.<init>] [INFO] 日志实例已初始化...
[2020-04-12 19:38:19:354] [vo.logVo.LogVo.<init>] [INFO] 日志实例已初始化...
[2020-04-12 19:38:19:356] [vo.logVo.LogVo.<init>] [INFO] 日志实例已初始化...
[2020-04-12 19:38:19:356] [vo.logVo.LogVo.<init>] [INFO] 日志实例已初始化...
[2020-04-12 19:38:19:357] [vo.logVo.LogVo.<init>] [INFO] 日志实例已初始化...
[2020-04-12 19:38:19:358] [vo.logVo.LogVo.<init>] [INFO] 日志实例已初始化...
[2020-04-12 19:38:19:359] [vo.logVo.LogVo.<init>] [INFO] 日志实例已初始化...
[2020-04-12 19:38:19:360] [vo.logVo.LogVo.<init>] [INFO] 日志实例已初始化...
[2020-04-12 19:38:19:360] [vo.logVo.LogVo.<init>] [INFO] 日志实例已初始化...
[2020-04-12 19:38:19:362] [vo.logVo.LogVo.<init>] [INFO] 日志实例已初始化...
[2020-04-12 19:38:19:363] [vo.logVo.LogVo.<init>] [INFO] 日志实例已初始化...
[2020-04-12 19:38:19:364] [vo.logVo.LogVo.<init>] [INFO] 日志实例已初始化...
[2020-04-12 19:38:19:365] [vo.logVo.LogVo.<init>] [INFO] 日志实例已初始化...
[2020-04-12 19:38:19:366] [vo.logVo.LogVo.<init>] [INFO] 日志实例已初始化...
[2020-04-12 19:38:19:366] [vo.logVo.LogVo.<init>] [INFO] 日志实例已初始化...
[2020-04-12 19:38:19:367] [vo.logVo.LogVo.<init>] [INFO] 日志实例已初始化...
[2020-04-12 19:38:19:368] [vo.logVo.LogVo.<init>] [INFO] 日志实例已初始化...
[2020-04-12 19:38:19:368] [vo.logVo.LogVo.<init>] [INFO] 日志实例已初始化...
[2020-04-12 19:38:19:371] [vo.logVo.LogVo.<init>] [INFO] 日志实例已初始化...
[2020-04-12 19:38:19:371] [vo.logVo.LogVo.<init>] [INFO] 日志实例已初始化...
[2020-04-12 19:38:19:372] [vo.logVo.LogVo.<init>] [INFO] 日志实例已初始化...
[2020-04-12 19:38:19:373] [vo.logVo.LogVo.<init>] [INFO] 日志实例已初始化...
[2020-04-12 19:38:19:373] [vo.logVo.LogVo.<init>] [INFO] 日志实例已初始化...
[2020-04-12 19:38:19:374] [vo.logVo.LogVo.<init>] [INFO] 日志实例已初始化...
[2020-04-12 19:38:19:375] [vo.logVo.LogVo.<init>] [INFO] 日志实例已初始化...
[2020-04-12 19:38:19:376] [vo.logVo.LogVo.<init>] [INFO] 日志实例已初始化...
[2020-04-12 19:38:19:376] [vo.logVo.LogVo.<init>] [INFO] 日志实例已初始化...
[2020-04-12 19:38:19:381] [vo.logVo.LogVo.<init>] [INFO] 日志实例已初始化...
[2020-04-12 19:38:19:382] [vo.logVo.LogVo.<init>] [INFO] 日志实例已初始化...
[2020-04-12 19:38:19:382] [vo.logVo.LogVo.<init>] [INFO] 日志实例已初始化...
[2020-04-12 19:38:19:385] [vo.logVo.LogVo.<init>] [INFO] 日志实例已初始化...
[2020-04-12 19:38:19:386] [vo.logVo.LogVo.<init>] [INFO] 日志实例已初始化...
[2020-04-12 19:38:19:386] [vo.logVo.LogVo.<init>] [INFO] 日志实例已初始化...
[2020-04-12 19:38:19:389] [vo.logVo.LogVo.<init>] [INFO] 日志实例已初始化...
[2020-04-12 19:38:19:390] [vo.logVo.LogVo.<init>] [INFO] 日志实例已初始化...
[2020-04-12 19:38:19:391] [vo.logVo.LogVo.<init>] [INFO] 日志实例已初始化...
[2020-04-12 19:38:19:392] [vo.logVo.LogVo.<init>] [INFO] 日志实例已初始化...
[2020-04-12 19:38:19:392] [vo.logVo.LogVo.<init>] [INFO] 日志实例已初始化...
[2020-04-12 19:38:19:393] [vo.logVo.LogVo.<init>] [INFO] 日志实例已初始化...
[2020-04-12 19:38:19:397] [vo.logVo.LogVo.<init>] [INFO] 日志实例已初始化...
[2020-04-12 19:38:19:398] [vo.logVo.LogVo.<init>] [INFO] 日志实例已初始化...
[2020-04-12 19:38:19:398] [vo.logVo.LogVo.<init>] [INFO] 日志实例已初始化...
[2020-04-12 19:38:19:399] [vo.logVo.LogVo.<init>] [INFO] 日志实例已初始化...
[2020-04-12 19:38:19:401] [vo.logVo.LogVo.<init>] [INFO] 日志实例已初始化...
[2020-04-12 19:38:19:402] [vo.logVo.LogVo.<init>] [INFO] 日志实例已初始化...
[2020-04-12 19:38:19:402] [vo.logVo.LogVo.<init>] [INFO] 日志实例已初始化...
[2020-04-12 19:38:19:403] [vo.logVo.LogVo.<init>] [INFO] 日志实例已初始化...
[2020-04-12 19:38:19:405] [vo.logVo.LogVo.<init>] [INFO] 日志实例已初始化...
[2020-04-12 19:38:19:405] [vo.logVo.LogVo.<init>] [INFO] 日志实例已初始化...
[2020-04-12 19:38:19:406] [vo.logVo.LogVo.<init>] [INFO] 日志实例已初始化...
[2020-04-12 19:38:19:407] [vo.logVo.LogVo.<init>] [INFO] 日志实例已初始化...
[2020-04-12 19:38:19:407] [vo.logVo.LogVo.<init>] [INFO] 日志实例已初始化...
[2020-04-12 19:38:19:408] [vo.logVo.LogVo.<init>] [INFO] 日志实例已初始化...
[2020-04-12 19:38:19:408] [vo.logVo.LogVo.<init>] [INFO] 日志实例已初始化...
[2020-04-12 19:38:19:409] [vo.logVo.LogVo.<init>] [INFO] 日志实例已初始化...
[2020-04-12 19:38:19:410] [vo.logVo.LogVo.<init>] [INFO] 日志实例已初始化...
[2020-04-12 19:38:19:410] [vo.logVo.LogVo.<init>] [INFO] 日志实例已初始化...
[2020-04-12 19:38:19:414] [vo.logVo.LogVo.<init>] [INFO] 日志实例已初始化...
[2020-04-12 19:38:19:415] [vo.logVo.LogVo.<init>] [INFO] 日志实例已初始化...
[2020-04-12 19:38:19:416] [vo.logVo.LogVo.<init>] [INFO] 日志实例已初始化...
[2020-04-12 19:38:19:417] [vo.logVo.LogVo.<init>] [INFO] 日志实例已初始化...
[2020-04-12 19:38:19:418] [vo.logVo.LogVo.<init>] [INFO] 日志实例已初始化...
[2020-04-12 19:38:19:418] [vo.logVo.LogVo.<init>] [INFO] 日志实例已初始化...
[2020-04-12 19:38:19:419] [vo.logVo.LogVo.<init>] [INFO] 日志实例已初始化...
[2020-04-12 19:38:19:420] [vo.logVo.LogVo.<init>] [INFO] 日志实例已初始化...
[2020-04-12 19:38:19:420] [vo.logVo.LogVo.<init>] [INFO] 日志实例已初始化...
[2020-04-12 19:38:19:421] [vo.logVo.LogVo.<init>] [INFO] 日志实例已初始化...
[2020-04-12 19:38:19:422] [vo.logVo.LogVo.<init>] [INFO] 日志实例已初始化...
[2020-04-12 19:38:19:422] [vo.logVo.LogVo.<init>] [INFO] 日志实例已初始化...
[2020-04-12 19:38:19:422] [vo.logVo.LogVo.<init>] [INFO] 日志实例已初始化...
[2020-04-12 19:38:19:423] [vo.logVo.LogVo.<init>] [INFO] 日志实例已初始化...
[2020-04-12 19:38:19:423] [vo.logVo.LogVo.<init>] [INFO] 日志实例已初始化...
[2020-04-12 19:38:19:424] [vo.logVo.LogVo.<init>] [INFO] 日志实例已初始化...
[2020-04-12 19:38:19:424] [vo.logVo.LogVo.<init>] [INFO] 日志实例已初始化...
[2020-04-12 19:38:19:425] [vo.logVo.LogVo.<init>] [INFO] 日志实例已初始化...
[2020-04-12 19:38:19:425] [vo.logVo.LogVo.<init>] [INFO] 日志实例已初始化...
[2020-04-12 19:38:19:426] [vo.logVo.LogVo.<init>] [INFO] 日志实例已初始化...
[2020-04-12 19:38:19:426] [vo.logVo.LogVo.<init>] [INFO] 日志实例已初始化...
[2020-04-12 19:38:19:427] [vo.logVo.LogVo.<init>] [INFO] 日志实例已初始化...
[2020-04-12 19:38:19:429] [vo.logVo.LogVo.<init>] [INFO] 日志实例已初始化...
[2020-04-12 19:38:19:432] [vo.logVo.LogVo.<init>] [INFO] 日志实例已初始化...
[2020-04-12 19:38:19:432] [vo.logVo.LogVo.<init>] [INFO] 日志实例已初始化...
[2020-04-12 19:38:19:433] [vo.logVo.LogVo.<init>] [INFO] 日志实例已初始化...
[2020-04-12 19:38:19:433] [vo.logVo.LogVo.<init>] [INFO] 日志实例已初始化...
[2020-04-12 19:38:19:434] [vo.logVo.LogVo.<init>] [INFO] 日志实例已初始化...
[2020-04-12 19:38:19:435] [vo.logVo.LogVo.<init>] [INFO] 日志实例已初始化...
[2020-04-12 19:38:19:437] [vo.logVo.LogVo.<init>] [INFO] 日志实例已初始化...
[2020-04-12 19:38:19:437] [vo.logVo.LogVo.<init>] [INFO] 日志实例已初始化...
[2020-04-12 19:38:19:438] [vo.logVo.LogVo.<init>] [INFO] 日志实例已初始化...
[2020-04-12 19:38:19:438] [vo.logVo.LogVo.<init>] [INFO] 日志实例已初始化...
[2020-04-12 19:38:19:439] [vo.logVo.LogVo.<init>] [INFO] 日志实例已初始化...
[2020-04-12 19:38:19:439] [vo.logVo.LogVo.<init>] [INFO] 日志实例已初始化...
[2020-04-12 19:38:19:440] [vo.logVo.LogVo.<init>] [INFO] 日志实例已初始化...
[2020-04-12 19:38:19:440] [vo.logVo.LogVo.<init>] [INFO] 日志实例已初始化...
[2020-04-12 19:38:19:441] [vo.logVo.LogVo.<init>] [INFO] 日志实例已初始化...
[2020-04-12 19:38:19:442] [vo.logVo.LogVo.<init>] [INFO] 日志实例已初始化...
[2020-04-12 19:38:19:442] [vo.logVo.LogVo.<init>] [INFO] 日志实例已初始化...
[2020-04-12 19:38:19:443] [vo.logVo.LogVo.<init>] [INFO] 日志实例已初始化...
[2020-04-12 19:38:19:443] [vo.logVo.LogVo.<init>] [INFO] 日志实例已初始化...
[2020-04-12 19:38:19:444] [vo.logVo.LogVo.<init>] [INFO] 日志实例已初始化...
[2020-04-12 19:38:19:445] [vo.logVo.LogVo.<init>] [INFO] 日志实例已初始化...
[2020-04-12 19:38:19:446] [vo.logVo.LogVo.<init>] [INFO] 日志实例已初始化...
[2020-04-12 19:38:19:446] [vo.logVo.LogVo.<init>] [INFO] 日志实例已初始化...
[2020-04-12 19:38:19:447] [vo.logVo.LogVo.<init>] [INFO] 日志实例已初始化...
[2020-04-12 19:38:19:448] [vo.logVo.LogVo.<init>] [INFO] 日志实例已初始化...
[2020-04-12 19:38:19:448] [vo.logVo.LogVo.<init>] [INFO] 日志实例已初始化...
[2020-04-12 19:38:19:449] [vo.logVo.LogVo.<init>] [INFO] 日志实例已初始化...
[2020-04-12 19:38:19:449] [vo.logVo.LogVo.<init>] [INFO] 日志实例已初始化...
[2020-04-12 19:38:19:449] [vo.logVo.LogVo.<init>] [INFO] 日志实例已初始化...
[2020-04-12 19:38:19:450] [vo.logVo.LogVo.<init>] [INFO] 日志实例已初始化...
[2020-04-12 19:38:19:450] [vo.logVo.LogVo.<init>] [INFO] 日志实例已初始化...
[2020-04-12 19:38:19:451] [vo.logVo.LogVo.<init>] [INFO] 日志实例已初始化...
[2020-04-12 19:38:19:451] [vo.logVo.LogVo.<init>] [INFO] 日志实例已初始化...
[2020-04-12 19:38:19:452] [vo.logVo.LogVo.<init>] [INFO] 日志实例已初始化...
[2020-04-12 19:38:19:453] [vo.logVo.LogVo.<init>] [INFO] 日志实例已初始化...
[2020-04-12 19:38:19:453] [vo.logVo.LogVo.<init>] [INFO] 日志实例已初始化...
[2020-04-12 19:38:19:454] [vo.logVo.LogVo.<init>] [INFO] 日志实例已初始化...
[2020-04-12 19:38:19:455] [vo.logVo.LogVo.<init>] [INFO] 日志实例已初始化...
[2020-04-12 19:38:19:455] [vo.logVo.LogVo.<init>] [INFO] 日志实例已初始化...
[2020-04-12 19:38:19:456] [vo.logVo.LogVo.<init>] [INFO] 日志实例已初始化...
[2020-04-12 19:38:19:456] [vo.logVo.LogVo.<init>] [INFO] 日志实例已初始化...
[2020-04-12 19:38:19:456] [vo.logVo.LogVo.<init>] [INFO] 日志实例已初始化...
[2020-04-12 19:38:19:457] [vo.logVo.LogVo.<init>] [INFO] 日志实例已初始化...
[2020-04-12 19:38:19:457] [vo.logVo.LogVo.<init>] [INFO] 日志实例已初始化...
[2020-04-12 19:38:19:458] [vo.logVo.LogVo.<init>] [INFO] 日志实例已初始化...
[2020-04-12 19:38:19:459] [vo.logVo.LogVo.<init>] [INFO] 日志实例已初始化...
[2020-04-12 19:38:19:460] [vo.logVo.LogVo.<init>] [INFO] 日志实例已初始化...
[2020-04-12 19:38:19:463] [vo.logVo.LogVo.<init>] [INFO] 日志实例已初始化...
[2020-04-12 19:38:19:464] [vo.logVo.LogVo.<init>] [INFO] 日志实例已初始化...
[2020-04-12 19:38:19:465] [vo.logVo.LogVo.<init>] [INFO] 日志实例已初始化...
[2020-04-12 19:38:19:466] [vo.logVo.LogVo.<init>] [INFO] 日志实例已初始化...
[2020-04-12 19:38:19:466] [vo.logVo.LogVo.<init>] [INFO] 日志实例已初始化...
[2020-04-12 19:38:19:467] [vo.logVo.LogVo.<init>] [INFO] 日志实例已初始化...
[2020-04-12 19:38:19:468] [vo.logVo.LogVo.<init>] [INFO] 日志实例已初始化...
[2020-04-12 19:38:19:468] [vo.logVo.LogVo.<init>] [INFO] 日志实例已初始化...
[2020-04-12 19:38:19:469] [vo.logVo.LogVo.<init>] [INFO] 日志实例已初始化...
[2020-04-12 19:38:19:470] [vo.logVo.LogVo.<init>] [INFO] 日志实例已初始化...
[2020-04-12 19:38:19:470] [vo.logVo.LogVo.<init>] [INFO] 日志实例已初始化...
[2020-04-12 19:38:19:471] [vo.logVo.LogVo.<init>] [INFO] 日志实例已初始化...
[2020-04-12 19:38:19:471] [vo.logVo.LogVo.<init>] [INFO] 日志实例已初始化...
[2020-04-12 19:38:19:472] [vo.logVo.LogVo.<init>] [INFO] 日志实例已初始化...
[2020-04-12 19:38:19:472] [vo.logVo.LogVo.<init>] [INFO] 日志实例已初始化...
[2020-04-12 19:38:19:473] [vo.logVo.LogVo.<init>] [INFO] 日志实例已初始化...
[2020-04-12 19:38:19:474] [vo.logVo.LogVo.<init>] [INFO] 日志实例已初始化...
[2020-04-12 19:38:19:474] [vo.logVo.LogVo.<init>] [INFO] 日志实例已初始化...
[2020-04-12 19:38:19:475] [vo.logVo.LogVo.<init>] [INFO] 日志实例已初始化...
[2020-04-12 19:38:19:475] [vo.logVo.LogVo.<init>] [INFO] 日志实例已初始化...
[2020-04-12 19:38:19:476] [vo.logVo.LogVo.<init>] [INFO] 日志实例已初始化...
[2020-04-12 19:38:19:477] [vo.logVo.LogVo.<init>] [INFO] 日志实例已初始化...
[2020-04-12 19:38:19:477] [vo.logVo.LogVo.<init>] [INFO] 日志实例已初始化...
[2020-04-12 19:38:19:479] [vo.logVo.LogVo.<init>] [INFO] 日志实例已初始化...
[2020-04-12 19:38:19:480] [vo.logVo.LogVo.<init>] [INFO] 日志实例已初始化...
[2020-04-12 19:38:19:481] [vo.logVo.LogVo.<init>] [INFO] 日志实例已初始化...
[2020-04-12 19:38:19:481] [vo.logVo.LogVo.<init>] [INFO] 日志实例已初始化...
[2020-04-12 19:38:19:482] [vo.logVo.LogVo.<init>] [INFO] 日志实例已初始化...
[2020-04-12 19:38:19:483] [vo.logVo.LogVo.<init>] [INFO] 日志实例已初始化...
[2020-04-12 19:38:19:484] [vo.logVo.LogVo.<init>] [INFO] 日志实例已初始化...
[2020-04-12 19:38:19:485] [vo.logVo.LogVo.<init>] [INFO] 日志实例已初始化...
[2020-04-12 19:38:19:485] [vo.logVo.LogVo.<init>] [INFO] 日志实例已初始化...
[2020-04-12 19:38:19:486] [vo.logVo.LogVo.<init>] [INFO] 日志实例已初始化...
[2020-04-12 19:38:19:486] [vo.logVo.LogVo.<init>] [INFO] 日志实例已初始化...
[2020-04-12 19:38:19:487] [vo.logVo.LogVo.<init>] [INFO] 日志实例已初始化...
[2020-04-12 19:38:19:487] [vo.logVo.LogVo.<init>] [INFO] 日志实例已初始化...
[2020-04-12 19:38:19:488] [vo.logVo.LogVo.<init>] [INFO] 日志实例已初始化...
[2020-04-12 19:38:19:488] [vo.logVo.LogVo.<init>] [INFO] 日志实例已初始化...
[2020-04-12 19:38:19:488] [vo.logVo.LogVo.<init>] [INFO] 日志实例已初始化...
[2020-04-12 19:38:19:489] [vo.logVo.LogVo.<init>] [INFO] 日志实例已初始化...
[2020-04-12 19:38:19:489] [vo.logVo.LogVo.<init>] [INFO] 日志实例已初始化...
[2020-04-12 19:38:19:490] [vo.logVo.LogVo.<init>] [INFO] 日志实例已初始化...
[2020-04-12 19:38:19:490] [vo.logVo.LogVo.<init>] [INFO] 日志实例已初始化...
[2020-04-12 19:38:19:490] [vo.logVo.LogVo.<init>] [INFO] 日志实例已初始化...
[2020-04-12 19:38:19:491] [vo.logVo.LogVo.<init>] [INFO] 日志实例已初始化...
[2020-04-12 19:38:19:491] [vo.logVo.LogVo.<init>] [INFO] 日志实例已初始化...
[2020-04-12 19:38:19:491] [vo.logVo.LogVo.<init>] [INFO] 日志实例已初始化...
[2020-04-12 19:38:19:492] [vo.logVo.LogVo.<init>] [INFO] 日志实例已初始化...
[2020-04-12 19:38:19:495] [vo.logVo.LogVo.<init>] [INFO] 日志实例已初始化...
[2020-04-12 19:38:19:496] [vo.logVo.LogVo.<init>] [INFO] 日志实例已初始化...
[2020-04-12 19:38:19:496] [vo.logVo.LogVo.<init>] [INFO] 日志实例已初始化...
[2020-04-12 19:38:19:497] [vo.logVo.LogVo.<init>] [INFO] 日志实例已初始化...
[2020-04-12 19:38:19:498] [vo.logVo.LogVo.<init>] [INFO] 日志实例已初始化...
[2020-04-12 19:38:19:498] [vo.logVo.LogVo.<init>] [INFO] 日志实例已初始化...
[2020-04-12 19:38:19:499] [vo.logVo.LogVo.<init>] [INFO] 日志实例已初始化...
[2020-04-12 19:38:19:501] [vo.logVo.LogVo.<init>] [INFO] 日志实例已初始化...
[2020-04-12 19:38:19:501] [vo.logVo.LogVo.<init>] [INFO] 日志实例已初始化...
[2020-04-12 19:38:19:502] [vo.logVo.LogVo.<init>] [INFO] 日志实例已初始化...
[2020-04-12 19:38:19:503] [vo.logVo.LogVo.<init>] [INFO] 日志实例已初始化...
[2020-04-12 19:38:19:504] [vo.logVo.LogVo.<init>] [INFO] 日志实例已初始化...
[2020-04-12 19:38:19:505] [vo.logVo.LogVo.<init>] [INFO] 日志实例已初始化...
[2020-04-12 19:38:19:505] [vo.logVo.LogVo.<init>] [INFO] 日志实例已初始化...
[2020-04-12 19:38:19:506] [vo.logVo.LogVo.<init>] [INFO] 日志实例已初始化...
[2020-04-12 19:38:19:506] [vo.logVo.LogVo.<init>] [INFO] 日志实例已初始化...
[2020-04-12 19:38:19:507] [vo.logVo.LogVo.<init>] [INFO] 日志实例已初始化...
[2020-04-12 19:38:19:509] [vo.logVo.LogVo.<init>] [INFO] 日志实例已初始化...
[2020-04-12 19:38:19:509] [vo.logVo.LogVo.<init>] [INFO] 日志实例已初始化...
[2020-04-12 19:38:19:510] [vo.logVo.LogVo.<init>] [INFO] 日志实例已初始化...
[2020-04-12 19:38:19:510] [vo.logVo.LogVo.<init>] [INFO] 日志实例已初始化...
[2020-04-12 19:38:19:515] [vo.logVo.LogVo.<init>] [INFO] 日志实例已初始化...
[2020-04-12 19:38:19:516] [vo.logVo.LogVo.<init>] [INFO] 日志实例已初始化...
[2020-04-12 19:38:19:517] [vo.logVo.LogVo.<init>] [INFO] 日志实例已初始化...
[2020-04-12 19:38:19:518] [vo.logVo.LogVo.<init>] [INFO] 日志实例已初始化...
[2020-04-12 19:38:19:519] [vo.logVo.LogVo.<init>] [INFO] 日志实例已初始化...
[2020-04-12 19:38:19:519] [vo.logVo.LogVo.<init>] [INFO] 日志实例已初始化...
[2020-04-12 19:38:19:520] [vo.logVo.LogVo.<init>] [INFO] 日志实例已初始化...
[2020-04-12 19:38:19:520] [vo.logVo.LogVo.<init>] [INFO] 日志实例已初始化...
[2020-04-12 19:38:19:520] [vo.logVo.LogVo.<init>] [INFO] 日志实例已初始化...
[2020-04-12 19:38:19:521] [vo.logVo.LogVo.<init>] [INFO] 日志实例已初始化...
[2020-04-12 19:38:19:521] [vo.logVo.LogVo.<init>] [INFO] 日志实例已初始化...
[2020-04-12 19:38:19:522] [vo.logVo.LogVo.<init>] [INFO] 日志实例已初始化...
[2020-04-12 19:38:19:523] [vo.logVo.LogVo.<init>] [INFO] 日志实例已初始化...
[2020-04-12 19:38:19:523] [vo.logVo.LogVo.<init>] [INFO] 日志实例已初始化...
[2020-04-12 19:38:19:525] [vo.logVo.LogVo.<init>] [INFO] 日志实例已初始化...
[2020-04-12 19:38:19:525] [vo.logVo.LogVo.<init>] [INFO] 日志实例已初始化...
[2020-04-12 19:38:19:526] [vo.logVo.LogVo.<init>] [INFO] 日志实例已初始化...
[2020-04-12 19:38:19:526] [vo.logVo.LogVo.<init>] [INFO] 日志实例已初始化...
[2020-04-12 19:38:19:529] [vo.logVo.LogVo.<init>] [INFO] 日志实例已初始化...
[2020-04-12 19:38:19:530] [vo.logVo.LogVo.<init>] [INFO] 日志实例已初始化...
[2020-04-12 19:38:19:530] [vo.logVo.LogVo.<init>] [INFO] 日志实例已初始化...
[2020-04-12 19:38:19:531] [vo.logVo.LogVo.<init>] [INFO] 日志实例已初始化...
[2020-04-12 19:38:19:532] [vo.logVo.LogVo.<init>] [INFO] 日志实例已初始化...
[2020-04-12 19:38:19:533] [vo.logVo.LogVo.<init>] [INFO] 日志实例已初始化...
[2020-04-12 19:38:19:533] [vo.logVo.LogVo.<init>] [INFO] 日志实例已初始化...
[2020-04-12 19:38:19:534] [vo.logVo.LogVo.<init>] [INFO] 日志实例已初始化...
[2020-04-12 19:38:19:535] [vo.logVo.LogVo.<init>] [INFO] 日志实例已初始化...
[2020-04-12 19:38:19:535] [vo.logVo.LogVo.<init>] [INFO] 日志实例已初始化...
[2020-04-12 19:38:19:536] [vo.logVo.LogVo.<init>] [INFO] 日志实例已初始化...
[2020-04-12 19:38:19:536] [vo.logVo.LogVo.<init>] [INFO] 日志实例已初始化...
[2020-04-12 19:38:19:537] [vo.logVo.LogVo.<init>] [INFO] 日志实例已初始化...
[2020-04-12 19:38:19:537] [vo.logVo.LogVo.<init>] [INFO] 日志实例已初始化...
[2020-04-12 19:38:19:537] [vo.logVo.LogVo.<init>] [INFO] 日志实例已初始化...
[2020-04-12 19:38:19:538] [vo.logVo.LogVo.<init>] [INFO] 日志实例已初始化...
[2020-04-12 19:38:19:538] [vo.logVo.LogVo.<init>] [INFO] 日志实例已初始化...
[2020-04-12 19:38:19:538] [vo.logVo.LogVo.<init>] [INFO] 日志实例已初始化...
[2020-04-12 19:38:19:539] [vo.logVo.LogVo.<init>] [INFO] 日志实例已初始化...
[2020-04-12 19:38:19:539] [vo.logVo.LogVo.<init>] [INFO] 日志实例已初始化...
[2020-04-12 19:38:19:539] [vo.logVo.LogVo.<init>] [INFO] 日志实例已初始化...
[2020-04-12 19:38:19:541] [vo.logVo.LogVo.<init>] [INFO] 日志实例已初始化...
[2020-04-12 19:38:19:542] [vo.logVo.LogVo.<init>] [INFO] 日志实例已初始化...
[2020-04-12 19:38:19:543] [vo.logVo.LogVo.<init>] [INFO] 日志实例已初始化...
[2020-04-12 19:38:19:543] [vo.logVo.LogVo.<init>] [INFO] 日志实例已初始化...
[2020-04-12 19:38:19:545] [vo.logVo.LogVo.<init>] [INFO] 日志实例已初始化...
[2020-04-12 19:38:19:546] [vo.logVo.LogVo.<init>] [INFO] 日志实例已初始化...
[2020-04-12 19:38:19:547] [vo.logVo.LogVo.<init>] [INFO] 日志实例已初始化...
[2020-04-12 19:38:19:547] [vo.logVo.LogVo.<init>] [INFO] 日志实例已初始化...
[2020-04-12 19:38:19:548] [vo.logVo.LogVo.<init>] [INFO] 日志实例已初始化...
[2020-04-12 19:38:19:549] [vo.logVo.LogVo.<init>] [INFO] 日志实例已初始化...
[2020-04-12 19:38:19:549] [vo.logVo.LogVo.<init>] [INFO] 日志实例已初始化...
[2020-04-12 19:38:19:550] [vo.logVo.LogVo.<init>] [INFO] 日志实例已初始化...
[2020-04-12 19:38:19:551] [vo.logVo.LogVo.<init>] [INFO] 日志实例已初始化...
[2020-04-12 19:38:19:551] [vo.logVo.LogVo.<init>] [INFO] 日志实例已初始化...
[2020-04-12 19:38:19:552] [vo.logVo.LogVo.<init>] [INFO] 日志实例已初始化...
[2020-04-12 19:38:19:552] [vo.logVo.LogVo.<init>] [INFO] 日志实例已初始化...
[2020-04-12 19:38:19:552] [vo.logVo.LogVo.<init>] [INFO] 日志实例已初始化...
[2020-04-12 19:38:19:553] [vo.logVo.LogVo.<init>] [INFO] 日志实例已初始化...
[2020-04-12 19:38:19:553] [vo.logVo.LogVo.<init>] [INFO] 日志实例已初始化...
[2020-04-12 19:38:19:554] [vo.logVo.LogVo.<init>] [INFO] 日志实例已初始化...
[2020-04-12 19:38:19:554] [vo.logVo.LogVo.<init>] [INFO] 日志实例已初始化...
[2020-04-12 19:38:19:554] [vo.logVo.LogVo.<init>] [INFO] 日志实例已初始化...
[2020-04-12 19:38:19:554] [vo.logVo.LogVo.<init>] [INFO] 日志实例已初始化...
[2020-04-12 19:38:19:555] [vo.logVo.LogVo.<init>] [INFO] 日志实例已初始化...
[2020-04-12 19:38:19:555] [vo.logVo.LogVo.<init>] [INFO] 日志实例已初始化...
[2020-04-12 19:38:19:555] [vo.logVo.LogVo.<init>] [INFO] 日志实例已初始化...
[2020-04-12 19:38:19:557] [vo.logVo.LogVo.<init>] [INFO] 日志实例已初始化...
[2020-04-12 19:38:19:557] [vo.logVo.LogVo.<init>] [INFO] 日志实例已初始化...
[2020-04-12 19:38:19:558] [vo.logVo.LogVo.<init>] [INFO] 日志实例已初始化...
[2020-04-12 19:38:19:558] [vo.logVo.LogVo.<init>] [INFO] 日志实例已初始化...
[2020-04-12 19:38:19:559] [vo.logVo.LogVo.<init>] [INFO] 日志实例已初始化...
[2020-04-12 19:38:19:559] [vo.logVo.LogVo.<init>] [INFO] 日志实例已初始化...
[2020-04-12 19:38:19:559] [vo.logVo.LogVo.<init>] [INFO] 日志实例已初始化...
[2020-04-12 19:38:19:560] [vo.logVo.LogVo.<init>] [INFO] 日志实例已初始化...
[2020-04-12 19:38:19:560] [vo.logVo.LogVo.<init>] [INFO] 日志实例已初始化...
[2020-04-12 19:38:19:562] [vo.logVo.LogVo.<init>] [INFO] 日志实例已初始化...
[2020-04-12 19:38:19:562] [vo.logVo.LogVo.<init>] [INFO] 日志实例已初始化...
[2020-04-12 19:38:19:563] [vo.logVo.LogVo.<init>] [INFO] 日志实例已初始化...
[2020-04-12 19:38:19:564] [vo.logVo.LogVo.<init>] [INFO] 日志实例已初始化...
[2020-04-12 19:38:19:565] [vo.logVo.LogVo.<init>] [INFO] 日志实例已初始化...
[2020-04-12 19:38:19:565] [vo.logVo.LogVo.<init>] [INFO] 日志实例已初始化...
[2020-04-12 19:38:19:565] [vo.logVo.LogVo.<init>] [INFO] 日志实例已初始化...
[2020-04-12 19:38:19:566] [vo.logVo.LogVo.<init>] [INFO] 日志实例已初始化...
[2020-04-12 19:38:19:566] [vo.logVo.LogVo.<init>] [INFO] 日志实例已初始化...
[2020-04-12 19:38:19:566] [vo.logVo.LogVo.<init>] [INFO] 日志实例已初始化...
[2020-04-12 19:38:19:567] [vo.logVo.LogVo.<init>] [INFO] 日志实例已初始化...
[2020-04-12 19:38:19:567] [vo.logVo.LogVo.<init>] [INFO] 日志实例已初始化...
[2020-04-12 19:38:19:567] [vo.logVo.LogVo.<init>] [INFO] 日志实例已初始化...
[2020-04-12 19:38:19:568] [vo.logVo.LogVo.<init>] [INFO] 日志实例已初始化...
[2020-04-12 19:38:19:569] [vo.logVo.LogVo.<init>] [INFO] 日志实例已初始化...
[2020-04-12 19:38:19:569] [vo.logVo.LogVo.<init>] [INFO] 日志实例已初始化...
[2020-04-12 19:38:19:570] [vo.logVo.LogVo.<init>] [INFO] 日志实例已初始化...
[2020-04-12 19:38:19:570] [vo.logVo.LogVo.<init>] [INFO] 日志实例已初始化...
[2020-04-12 19:38:19:571] [vo.logVo.LogVo.<init>] [INFO] 日志实例已初始化...
[2020-04-12 19:38:19:571] [vo.logVo.LogVo.<init>] [INFO] 日志实例已初始化...
[2020-04-12 19:38:19:571] [vo.logVo.LogVo.<init>] [INFO] 日志实例已初始化...
[2020-04-12 19:38:19:572] [vo.logVo.LogVo.<init>] [INFO] 日志实例已初始化...
[2020-04-12 19:38:19:573] [vo.logVo.LogVo.<init>] [INFO] 日志实例已初始化...
[2020-04-12 19:38:19:573] [vo.logVo.LogVo.<init>] [INFO] 日志实例已初始化...
[2020-04-12 19:38:19:574] [vo.logVo.LogVo.<init>] [INFO] 日志实例已初始化...
[2020-04-12 19:38:19:575] [vo.logVo.LogVo.<init>] [INFO] 日志实例已初始化...
[2020-04-12 19:38:19:575] [vo.logVo.LogVo.<init>] [INFO] 日志实例已初始化...
[2020-04-12 19:38:19:575] [vo.logVo.LogVo.<init>] [INFO] 日志实例已初始化...
[2020-04-12 19:38:19:576] [vo.logVo.LogVo.<init>] [INFO] 日志实例已初始化...
[2020-04-12 19:38:19:576] [vo.logVo.LogVo.<init>] [INFO] 日志实例已初始化...
[2020-04-12 19:38:19:577] [vo.logVo.LogVo.<init>] [INFO] 日志实例已初始化...
[2020-04-12 19:38:19:577] [vo.logVo.LogVo.<init>] [INFO] 日志实例已初始化...
[2020-04-12 19:38:19:577] [vo.logVo.LogVo.<init>] [INFO] 日志实例已初始化...
[2020-04-12 19:38:19:578] [vo.logVo.LogVo.<init>] [INFO] 日志实例已初始化...
[2020-04-12 19:38:19:578] [vo.logVo.LogVo.<init>] [INFO] 日志实例已初始化...
[2020-04-12 19:38:19:613] [vo.logVo.LogVo.<init>] [INFO] 日志实例已初始化...
[2020-04-12 19:38:19:620] [vo.logVo.LogVo.<init>] [INFO] 日志实例已初始化...
[2020-04-12 19:38:19:773] [action.userAction.LoginAction.execute] [INFO] 该用户已登录，请稍后再试！
[2020-04-12 19:39:04:400] [action.userAction.LoginAction.destroySession] [INFO] admin退出成功！
[2020-04-12 19:39:08:019] [vo.logVo.LogVo.<init>] [INFO] 日志实例已初始化...
[2020-04-12 19:39:08:020] [vo.logVo.LogVo.<init>] [INFO] 日志实例已初始化...
[2020-04-12 19:39:08:020] [vo.logVo.LogVo.<init>] [INFO] 日志实例已初始化...
[2020-04-12 19:39:08:021] [vo.logVo.LogVo.<init>] [INFO] 日志实例已初始化...
[2020-04-12 19:39:08:021] [vo.logVo.LogVo.<init>] [INFO] 日志实例已初始化...
[2020-04-12 19:39:08:022] [vo.logVo.LogVo.<init>] [INFO] 日志实例已初始化...
[2020-04-12 19:39:08:022] [vo.logVo.LogVo.<init>] [INFO] 日志实例已初始化...
[2020-04-12 19:39:08:022] [vo.logVo.LogVo.<init>] [INFO] 日志实例已初始化...
[2020-04-12 19:39:08:024] [vo.logVo.LogVo.<init>] [INFO] 日志实例已初始化...
[2020-04-12 19:39:08:024] [vo.logVo.LogVo.<init>] [INFO] 日志实例已初始化...
[2020-04-12 19:39:08:025] [vo.logVo.LogVo.<init>] [INFO] 日志实例已初始化...
[2020-04-12 19:39:08:026] [vo.logVo.LogVo.<init>] [INFO] 日志实例已初始化...
[2020-04-12 19:39:08:026] [vo.logVo.LogVo.<init>] [INFO] 日志实例已初始化...
[2020-04-12 19:39:08:027] [vo.logVo.LogVo.<init>] [INFO] 日志实例已初始化...
[2020-04-12 19:39:08:028] [vo.logVo.LogVo.<init>] [INFO] 日志实例已初始化...
[2020-04-12 19:39:08:028] [vo.logVo.LogVo.<init>] [INFO] 日志实例已初始化...
[2020-04-12 19:39:08:029] [vo.logVo.LogVo.<init>] [INFO] 日志实例已初始化...
[2020-04-12 19:39:08:030] [vo.logVo.LogVo.<init>] [INFO] 日志实例已初始化...
[2020-04-12 19:39:08:031] [vo.logVo.LogVo.<init>] [INFO] 日志实例已初始化...
[2020-04-12 19:39:08:032] [vo.logVo.LogVo.<init>] [INFO] 日志实例已初始化...
[2020-04-12 19:39:08:032] [vo.logVo.LogVo.<init>] [INFO] 日志实例已初始化...
[2020-04-12 19:39:08:033] [vo.logVo.LogVo.<init>] [INFO] 日志实例已初始化...
[2020-04-12 19:39:08:034] [vo.logVo.LogVo.<init>] [INFO] 日志实例已初始化...
[2020-04-12 19:39:08:034] [vo.logVo.LogVo.<init>] [INFO] 日志实例已初始化...
[2020-04-12 19:39:08:035] [vo.logVo.LogVo.<init>] [INFO] 日志实例已初始化...
[2020-04-12 19:39:08:037] [vo.logVo.LogVo.<init>] [INFO] 日志实例已初始化...
[2020-04-12 19:39:08:038] [vo.logVo.LogVo.<init>] [INFO] 日志实例已初始化...
[2020-04-12 19:39:08:038] [vo.logVo.LogVo.<init>] [INFO] 日志实例已初始化...
[2020-04-12 19:39:08:039] [vo.logVo.LogVo.<init>] [INFO] 日志实例已初始化...
[2020-04-12 19:39:08:040] [vo.logVo.LogVo.<init>] [INFO] 日志实例已初始化...
[2020-04-12 19:39:08:041] [vo.logVo.LogVo.<init>] [INFO] 日志实例已初始化...
[2020-04-12 19:39:08:041] [vo.logVo.LogVo.<init>] [INFO] 日志实例已初始化...
[2020-04-12 19:39:08:042] [vo.logVo.LogVo.<init>] [INFO] 日志实例已初始化...
[2020-04-12 19:39:08:043] [vo.logVo.LogVo.<init>] [INFO] 日志实例已初始化...
[2020-04-12 19:39:08:043] [vo.logVo.LogVo.<init>] [INFO] 日志实例已初始化...
[2020-04-12 19:39:08:044] [vo.logVo.LogVo.<init>] [INFO] 日志实例已初始化...
[2020-04-12 19:39:08:045] [vo.logVo.LogVo.<init>] [INFO] 日志实例已初始化...
[2020-04-12 19:39:08:045] [vo.logVo.LogVo.<init>] [INFO] 日志实例已初始化...
[2020-04-12 19:39:08:046] [vo.logVo.LogVo.<init>] [INFO] 日志实例已初始化...
[2020-04-12 19:39:08:047] [vo.logVo.LogVo.<init>] [INFO] 日志实例已初始化...
[2020-04-12 19:39:08:049] [vo.logVo.LogVo.<init>] [INFO] 日志实例已初始化...
[2020-04-12 19:39:08:049] [vo.logVo.LogVo.<init>] [INFO] 日志实例已初始化...
[2020-04-12 19:39:08:050] [vo.logVo.LogVo.<init>] [INFO] 日志实例已初始化...
[2020-04-12 19:39:08:050] [vo.logVo.LogVo.<init>] [INFO] 日志实例已初始化...
[2020-04-12 19:39:08:051] [vo.logVo.LogVo.<init>] [INFO] 日志实例已初始化...
[2020-04-12 19:39:08:052] [vo.logVo.LogVo.<init>] [INFO] 日志实例已初始化...
[2020-04-12 19:39:08:052] [vo.logVo.LogVo.<init>] [INFO] 日志实例已初始化...
[2020-04-12 19:39:08:053] [vo.logVo.LogVo.<init>] [INFO] 日志实例已初始化...
[2020-04-12 19:39:08:054] [vo.logVo.LogVo.<init>] [INFO] 日志实例已初始化...
[2020-04-12 19:39:08:054] [vo.logVo.LogVo.<init>] [INFO] 日志实例已初始化...
[2020-04-12 19:39:08:055] [vo.logVo.LogVo.<init>] [INFO] 日志实例已初始化...
[2020-04-12 19:39:08:055] [vo.logVo.LogVo.<init>] [INFO] 日志实例已初始化...
[2020-04-12 19:39:08:056] [vo.logVo.LogVo.<init>] [INFO] 日志实例已初始化...
[2020-04-12 19:39:08:056] [vo.logVo.LogVo.<init>] [INFO] 日志实例已初始化...
[2020-04-12 19:39:08:057] [vo.logVo.LogVo.<init>] [INFO] 日志实例已初始化...
[2020-04-12 19:39:08:058] [vo.logVo.LogVo.<init>] [INFO] 日志实例已初始化...
[2020-04-12 19:39:08:059] [vo.logVo.LogVo.<init>] [INFO] 日志实例已初始化...
[2020-04-12 19:39:08:060] [vo.logVo.LogVo.<init>] [INFO] 日志实例已初始化...
[2020-04-12 19:39:08:060] [vo.logVo.LogVo.<init>] [INFO] 日志实例已初始化...
[2020-04-12 19:39:08:061] [vo.logVo.LogVo.<init>] [INFO] 日志实例已初始化...
[2020-04-12 19:39:08:062] [vo.logVo.LogVo.<init>] [INFO] 日志实例已初始化...
[2020-04-12 19:39:08:063] [vo.logVo.LogVo.<init>] [INFO] 日志实例已初始化...
[2020-04-12 19:39:08:064] [vo.logVo.LogVo.<init>] [INFO] 日志实例已初始化...
[2020-04-12 19:39:08:065] [vo.logVo.LogVo.<init>] [INFO] 日志实例已初始化...
[2020-04-12 19:39:08:066] [vo.logVo.LogVo.<init>] [INFO] 日志实例已初始化...
[2020-04-12 19:39:08:066] [vo.logVo.LogVo.<init>] [INFO] 日志实例已初始化...
[2020-04-12 19:39:08:067] [vo.logVo.LogVo.<init>] [INFO] 日志实例已初始化...
[2020-04-12 19:39:08:068] [vo.logVo.LogVo.<init>] [INFO] 日志实例已初始化...
[2020-04-12 19:39:08:069] [vo.logVo.LogVo.<init>] [INFO] 日志实例已初始化...
[2020-04-12 19:39:08:069] [vo.logVo.LogVo.<init>] [INFO] 日志实例已初始化...
[2020-04-12 19:39:08:070] [vo.logVo.LogVo.<init>] [INFO] 日志实例已初始化...
[2020-04-12 19:39:08:070] [vo.logVo.LogVo.<init>] [INFO] 日志实例已初始化...
[2020-04-12 19:39:08:071] [vo.logVo.LogVo.<init>] [INFO] 日志实例已初始化...
[2020-04-12 19:39:08:072] [vo.logVo.LogVo.<init>] [INFO] 日志实例已初始化...
[2020-04-12 19:39:08:073] [vo.logVo.LogVo.<init>] [INFO] 日志实例已初始化...
[2020-04-12 19:39:08:074] [vo.logVo.LogVo.<init>] [INFO] 日志实例已初始化...
[2020-04-12 19:39:08:075] [vo.logVo.LogVo.<init>] [INFO] 日志实例已初始化...
[2020-04-12 19:39:08:075] [vo.logVo.LogVo.<init>] [INFO] 日志实例已初始化...
[2020-04-12 19:39:08:076] [vo.logVo.LogVo.<init>] [INFO] 日志实例已初始化...
[2020-04-12 19:39:08:076] [vo.logVo.LogVo.<init>] [INFO] 日志实例已初始化...
[2020-04-12 19:39:08:079] [vo.logVo.LogVo.<init>] [INFO] 日志实例已初始化...
[2020-04-12 19:39:08:079] [vo.logVo.LogVo.<init>] [INFO] 日志实例已初始化...
[2020-04-12 19:39:08:081] [vo.logVo.LogVo.<init>] [INFO] 日志实例已初始化...
[2020-04-12 19:39:08:082] [vo.logVo.LogVo.<init>] [INFO] 日志实例已初始化...
[2020-04-12 19:39:08:082] [vo.logVo.LogVo.<init>] [INFO] 日志实例已初始化...
[2020-04-12 19:39:08:084] [vo.logVo.LogVo.<init>] [INFO] 日志实例已初始化...
[2020-04-12 19:39:08:085] [vo.logVo.LogVo.<init>] [INFO] 日志实例已初始化...
[2020-04-12 19:39:08:086] [vo.logVo.LogVo.<init>] [INFO] 日志实例已初始化...
[2020-04-12 19:39:08:086] [vo.logVo.LogVo.<init>] [INFO] 日志实例已初始化...
[2020-04-12 19:39:08:087] [vo.logVo.LogVo.<init>] [INFO] 日志实例已初始化...
[2020-04-12 19:39:08:088] [vo.logVo.LogVo.<init>] [INFO] 日志实例已初始化...
[2020-04-12 19:39:08:089] [vo.logVo.LogVo.<init>] [INFO] 日志实例已初始化...
[2020-04-12 19:39:08:089] [vo.logVo.LogVo.<init>] [INFO] 日志实例已初始化...
[2020-04-12 19:39:08:090] [vo.logVo.LogVo.<init>] [INFO] 日志实例已初始化...
[2020-04-12 19:39:08:091] [vo.logVo.LogVo.<init>] [INFO] 日志实例已初始化...
[2020-04-12 19:39:08:092] [vo.logVo.LogVo.<init>] [INFO] 日志实例已初始化...
[2020-04-12 19:39:08:093] [vo.logVo.LogVo.<init>] [INFO] 日志实例已初始化...
[2020-04-12 19:39:08:093] [vo.logVo.LogVo.<init>] [INFO] 日志实例已初始化...
[2020-04-12 19:39:08:094] [vo.logVo.LogVo.<init>] [INFO] 日志实例已初始化...
[2020-04-12 19:39:08:094] [vo.logVo.LogVo.<init>] [INFO] 日志实例已初始化...
[2020-04-12 19:39:08:095] [vo.logVo.LogVo.<init>] [INFO] 日志实例已初始化...
[2020-04-12 19:39:08:095] [vo.logVo.LogVo.<init>] [INFO] 日志实例已初始化...
[2020-04-12 19:39:08:096] [vo.logVo.LogVo.<init>] [INFO] 日志实例已初始化...
[2020-04-12 19:39:08:096] [vo.logVo.LogVo.<init>] [INFO] 日志实例已初始化...
[2020-04-12 19:39:08:097] [vo.logVo.LogVo.<init>] [INFO] 日志实例已初始化...
[2020-04-12 19:39:08:098] [vo.logVo.LogVo.<init>] [INFO] 日志实例已初始化...
[2020-04-12 19:39:08:099] [vo.logVo.LogVo.<init>] [INFO] 日志实例已初始化...
[2020-04-12 19:39:08:099] [vo.logVo.LogVo.<init>] [INFO] 日志实例已初始化...
[2020-04-12 19:39:08:100] [vo.logVo.LogVo.<init>] [INFO] 日志实例已初始化...
[2020-04-12 19:39:08:100] [vo.logVo.LogVo.<init>] [INFO] 日志实例已初始化...
[2020-04-12 19:39:08:100] [vo.logVo.LogVo.<init>] [INFO] 日志实例已初始化...
[2020-04-12 19:39:08:101] [vo.logVo.LogVo.<init>] [INFO] 日志实例已初始化...
[2020-04-12 19:39:08:101] [vo.logVo.LogVo.<init>] [INFO] 日志实例已初始化...
[2020-04-12 19:39:08:102] [vo.logVo.LogVo.<init>] [INFO] 日志实例已初始化...
[2020-04-12 19:39:08:102] [vo.logVo.LogVo.<init>] [INFO] 日志实例已初始化...
[2020-04-12 19:39:08:102] [vo.logVo.LogVo.<init>] [INFO] 日志实例已初始化...
[2020-04-12 19:39:08:103] [vo.logVo.LogVo.<init>] [INFO] 日志实例已初始化...
[2020-04-12 19:39:08:104] [vo.logVo.LogVo.<init>] [INFO] 日志实例已初始化...
[2020-04-12 19:39:08:105] [vo.logVo.LogVo.<init>] [INFO] 日志实例已初始化...
[2020-04-12 19:39:08:105] [vo.logVo.LogVo.<init>] [INFO] 日志实例已初始化...
[2020-04-12 19:39:08:106] [vo.logVo.LogVo.<init>] [INFO] 日志实例已初始化...
[2020-04-12 19:39:08:107] [vo.logVo.LogVo.<init>] [INFO] 日志实例已初始化...
[2020-04-12 19:39:08:107] [vo.logVo.LogVo.<init>] [INFO] 日志实例已初始化...
[2020-04-12 19:39:08:108] [vo.logVo.LogVo.<init>] [INFO] 日志实例已初始化...
[2020-04-12 19:39:08:108] [vo.logVo.LogVo.<init>] [INFO] 日志实例已初始化...
[2020-04-12 19:39:08:109] [vo.logVo.LogVo.<init>] [INFO] 日志实例已初始化...
[2020-04-12 19:39:08:109] [vo.logVo.LogVo.<init>] [INFO] 日志实例已初始化...
[2020-04-12 19:39:08:110] [vo.logVo.LogVo.<init>] [INFO] 日志实例已初始化...
[2020-04-12 19:39:08:111] [vo.logVo.LogVo.<init>] [INFO] 日志实例已初始化...
[2020-04-12 19:39:08:111] [vo.logVo.LogVo.<init>] [INFO] 日志实例已初始化...
[2020-04-12 19:39:08:112] [vo.logVo.LogVo.<init>] [INFO] 日志实例已初始化...
[2020-04-12 19:39:08:112] [vo.logVo.LogVo.<init>] [INFO] 日志实例已初始化...
[2020-04-12 19:39:08:113] [vo.logVo.LogVo.<init>] [INFO] 日志实例已初始化...
[2020-04-12 19:39:08:113] [vo.logVo.LogVo.<init>] [INFO] 日志实例已初始化...
[2020-04-12 19:39:08:114] [vo.logVo.LogVo.<init>] [INFO] 日志实例已初始化...
[2020-04-12 19:39:08:115] [vo.logVo.LogVo.<init>] [INFO] 日志实例已初始化...
[2020-04-12 19:39:08:115] [vo.logVo.LogVo.<init>] [INFO] 日志实例已初始化...
[2020-04-12 19:39:08:115] [vo.logVo.LogVo.<init>] [INFO] 日志实例已初始化...
[2020-04-12 19:39:08:115] [vo.logVo.LogVo.<init>] [INFO] 日志实例已初始化...
[2020-04-12 19:39:08:116] [vo.logVo.LogVo.<init>] [INFO] 日志实例已初始化...
[2020-04-12 19:39:08:116] [vo.logVo.LogVo.<init>] [INFO] 日志实例已初始化...
[2020-04-12 19:39:08:116] [vo.logVo.LogVo.<init>] [INFO] 日志实例已初始化...
[2020-04-12 19:39:08:116] [vo.logVo.LogVo.<init>] [INFO] 日志实例已初始化...
[2020-04-12 19:39:08:117] [vo.logVo.LogVo.<init>] [INFO] 日志实例已初始化...
[2020-04-12 19:39:08:117] [vo.logVo.LogVo.<init>] [INFO] 日志实例已初始化...
[2020-04-12 19:39:08:117] [vo.logVo.LogVo.<init>] [INFO] 日志实例已初始化...
[2020-04-12 19:39:08:117] [vo.logVo.LogVo.<init>] [INFO] 日志实例已初始化...
[2020-04-12 19:39:08:118] [vo.logVo.LogVo.<init>] [INFO] 日志实例已初始化...
[2020-04-12 19:39:08:118] [vo.logVo.LogVo.<init>] [INFO] 日志实例已初始化...
[2020-04-12 19:39:08:118] [vo.logVo.LogVo.<init>] [INFO] 日志实例已初始化...
[2020-04-12 19:39:08:118] [vo.logVo.LogVo.<init>] [INFO] 日志实例已初始化...
[2020-04-12 19:39:08:119] [vo.logVo.LogVo.<init>] [INFO] 日志实例已初始化...
[2020-04-12 19:39:08:119] [vo.logVo.LogVo.<init>] [INFO] 日志实例已初始化...
[2020-04-12 19:39:08:120] [vo.logVo.LogVo.<init>] [INFO] 日志实例已初始化...
[2020-04-12 19:39:08:120] [vo.logVo.LogVo.<init>] [INFO] 日志实例已初始化...
[2020-04-12 19:39:08:120] [vo.logVo.LogVo.<init>] [INFO] 日志实例已初始化...
[2020-04-12 19:39:08:120] [vo.logVo.LogVo.<init>] [INFO] 日志实例已初始化...
[2020-04-12 19:39:08:121] [vo.logVo.LogVo.<init>] [INFO] 日志实例已初始化...
[2020-04-12 19:39:08:121] [vo.logVo.LogVo.<init>] [INFO] 日志实例已初始化...
[2020-04-12 19:39:08:121] [vo.logVo.LogVo.<init>] [INFO] 日志实例已初始化...
[2020-04-12 19:39:08:121] [vo.logVo.LogVo.<init>] [INFO] 日志实例已初始化...
[2020-04-12 19:39:08:122] [vo.logVo.LogVo.<init>] [INFO] 日志实例已初始化...
[2020-04-12 19:39:08:122] [vo.logVo.LogVo.<init>] [INFO] 日志实例已初始化...
[2020-04-12 19:39:08:122] [vo.logVo.LogVo.<init>] [INFO] 日志实例已初始化...
[2020-04-12 19:39:08:122] [vo.logVo.LogVo.<init>] [INFO] 日志实例已初始化...
[2020-04-12 19:39:08:123] [vo.logVo.LogVo.<init>] [INFO] 日志实例已初始化...
[2020-04-12 19:39:08:123] [vo.logVo.LogVo.<init>] [INFO] 日志实例已初始化...
[2020-04-12 19:39:08:123] [vo.logVo.LogVo.<init>] [INFO] 日志实例已初始化...
[2020-04-12 19:39:08:123] [vo.logVo.LogVo.<init>] [INFO] 日志实例已初始化...
[2020-04-12 19:39:08:124] [vo.logVo.LogVo.<init>] [INFO] 日志实例已初始化...
[2020-04-12 19:39:08:124] [vo.logVo.LogVo.<init>] [INFO] 日志实例已初始化...
[2020-04-12 19:39:08:124] [vo.logVo.LogVo.<init>] [INFO] 日志实例已初始化...
[2020-04-12 19:39:08:124] [vo.logVo.LogVo.<init>] [INFO] 日志实例已初始化...
[2020-04-12 19:39:08:125] [vo.logVo.LogVo.<init>] [INFO] 日志实例已初始化...
[2020-04-12 19:39:08:125] [vo.logVo.LogVo.<init>] [INFO] 日志实例已初始化...
[2020-04-12 19:39:08:125] [vo.logVo.LogVo.<init>] [INFO] 日志实例已初始化...
[2020-04-12 19:39:08:125] [vo.logVo.LogVo.<init>] [INFO] 日志实例已初始化...
[2020-04-12 19:39:08:126] [vo.logVo.LogVo.<init>] [INFO] 日志实例已初始化...
[2020-04-12 19:39:08:126] [vo.logVo.LogVo.<init>] [INFO] 日志实例已初始化...
[2020-04-12 19:39:08:126] [vo.logVo.LogVo.<init>] [INFO] 日志实例已初始化...
[2020-04-12 19:39:08:126] [vo.logVo.LogVo.<init>] [INFO] 日志实例已初始化...
[2020-04-12 19:39:08:127] [vo.logVo.LogVo.<init>] [INFO] 日志实例已初始化...
[2020-04-12 19:39:08:127] [vo.logVo.LogVo.<init>] [INFO] 日志实例已初始化...
[2020-04-12 19:39:08:127] [vo.logVo.LogVo.<init>] [INFO] 日志实例已初始化...
[2020-04-12 19:39:08:127] [vo.logVo.LogVo.<init>] [INFO] 日志实例已初始化...
[2020-04-12 19:39:08:128] [vo.logVo.LogVo.<init>] [INFO] 日志实例已初始化...
[2020-04-12 19:39:08:128] [vo.logVo.LogVo.<init>] [INFO] 日志实例已初始化...
[2020-04-12 19:39:08:128] [vo.logVo.LogVo.<init>] [INFO] 日志实例已初始化...
[2020-04-12 19:39:08:129] [vo.logVo.LogVo.<init>] [INFO] 日志实例已初始化...
[2020-04-12 19:39:08:129] [vo.logVo.LogVo.<init>] [INFO] 日志实例已初始化...
[2020-04-12 19:39:08:129] [vo.logVo.LogVo.<init>] [INFO] 日志实例已初始化...
[2020-04-12 19:39:08:129] [vo.logVo.LogVo.<init>] [INFO] 日志实例已初始化...
[2020-04-12 19:39:08:130] [vo.logVo.LogVo.<init>] [INFO] 日志实例已初始化...
[2020-04-12 19:39:08:130] [vo.logVo.LogVo.<init>] [INFO] 日志实例已初始化...
[2020-04-12 19:39:08:130] [vo.logVo.LogVo.<init>] [INFO] 日志实例已初始化...
[2020-04-12 19:39:08:131] [vo.logVo.LogVo.<init>] [INFO] 日志实例已初始化...
[2020-04-12 19:39:08:131] [vo.logVo.LogVo.<init>] [INFO] 日志实例已初始化...
[2020-04-12 19:39:08:131] [vo.logVo.LogVo.<init>] [INFO] 日志实例已初始化...
[2020-04-12 19:39:08:132] [vo.logVo.LogVo.<init>] [INFO] 日志实例已初始化...
[2020-04-12 19:39:08:132] [vo.logVo.LogVo.<init>] [INFO] 日志实例已初始化...
[2020-04-12 19:39:08:132] [vo.logVo.LogVo.<init>] [INFO] 日志实例已初始化...
[2020-04-12 19:39:08:132] [vo.logVo.LogVo.<init>] [INFO] 日志实例已初始化...
[2020-04-12 19:39:08:133] [vo.logVo.LogVo.<init>] [INFO] 日志实例已初始化...
[2020-04-12 19:39:08:133] [vo.logVo.LogVo.<init>] [INFO] 日志实例已初始化...
[2020-04-12 19:39:08:133] [vo.logVo.LogVo.<init>] [INFO] 日志实例已初始化...
[2020-04-12 19:39:08:133] [vo.logVo.LogVo.<init>] [INFO] 日志实例已初始化...
[2020-04-12 19:39:08:134] [vo.logVo.LogVo.<init>] [INFO] 日志实例已初始化...
[2020-04-12 19:39:08:134] [vo.logVo.LogVo.<init>] [INFO] 日志实例已初始化...
[2020-04-12 19:39:08:135] [vo.logVo.LogVo.<init>] [INFO] 日志实例已初始化...
[2020-04-12 19:39:08:135] [vo.logVo.LogVo.<init>] [INFO] 日志实例已初始化...
[2020-04-12 19:39:08:136] [vo.logVo.LogVo.<init>] [INFO] 日志实例已初始化...
[2020-04-12 19:39:08:136] [vo.logVo.LogVo.<init>] [INFO] 日志实例已初始化...
[2020-04-12 19:39:08:136] [vo.logVo.LogVo.<init>] [INFO] 日志实例已初始化...
[2020-04-12 19:39:08:136] [vo.logVo.LogVo.<init>] [INFO] 日志实例已初始化...
[2020-04-12 19:39:08:137] [vo.logVo.LogVo.<init>] [INFO] 日志实例已初始化...
[2020-04-12 19:39:08:137] [vo.logVo.LogVo.<init>] [INFO] 日志实例已初始化...
[2020-04-12 19:39:08:137] [vo.logVo.LogVo.<init>] [INFO] 日志实例已初始化...
[2020-04-12 19:39:08:137] [vo.logVo.LogVo.<init>] [INFO] 日志实例已初始化...
[2020-04-12 19:39:08:138] [vo.logVo.LogVo.<init>] [INFO] 日志实例已初始化...
[2020-04-12 19:39:08:138] [vo.logVo.LogVo.<init>] [INFO] 日志实例已初始化...
[2020-04-12 19:39:08:138] [vo.logVo.LogVo.<init>] [INFO] 日志实例已初始化...
[2020-04-12 19:39:08:138] [vo.logVo.LogVo.<init>] [INFO] 日志实例已初始化...
[2020-04-12 19:39:08:139] [vo.logVo.LogVo.<init>] [INFO] 日志实例已初始化...
[2020-04-12 19:39:08:139] [vo.logVo.LogVo.<init>] [INFO] 日志实例已初始化...
[2020-04-12 19:39:08:139] [vo.logVo.LogVo.<init>] [INFO] 日志实例已初始化...
[2020-04-12 19:39:08:139] [vo.logVo.LogVo.<init>] [INFO] 日志实例已初始化...
[2020-04-12 19:39:08:140] [vo.logVo.LogVo.<init>] [INFO] 日志实例已初始化...
[2020-04-12 19:39:08:140] [vo.logVo.LogVo.<init>] [INFO] 日志实例已初始化...
[2020-04-12 19:39:08:140] [vo.logVo.LogVo.<init>] [INFO] 日志实例已初始化...
[2020-04-12 19:39:08:140] [vo.logVo.LogVo.<init>] [INFO] 日志实例已初始化...
[2020-04-12 19:39:08:141] [vo.logVo.LogVo.<init>] [INFO] 日志实例已初始化...
[2020-04-12 19:39:08:141] [vo.logVo.LogVo.<init>] [INFO] 日志实例已初始化...
[2020-04-12 19:39:08:141] [vo.logVo.LogVo.<init>] [INFO] 日志实例已初始化...
[2020-04-12 19:39:08:141] [vo.logVo.LogVo.<init>] [INFO] 日志实例已初始化...
[2020-04-12 19:39:08:142] [vo.logVo.LogVo.<init>] [INFO] 日志实例已初始化...
[2020-04-12 19:39:08:142] [vo.logVo.LogVo.<init>] [INFO] 日志实例已初始化...
[2020-04-12 19:39:08:142] [vo.logVo.LogVo.<init>] [INFO] 日志实例已初始化...
[2020-04-12 19:39:08:142] [vo.logVo.LogVo.<init>] [INFO] 日志实例已初始化...
[2020-04-12 19:39:08:143] [vo.logVo.LogVo.<init>] [INFO] 日志实例已初始化...
[2020-04-12 19:39:08:143] [vo.logVo.LogVo.<init>] [INFO] 日志实例已初始化...
[2020-04-12 19:39:08:143] [vo.logVo.LogVo.<init>] [INFO] 日志实例已初始化...
[2020-04-12 19:39:08:143] [vo.logVo.LogVo.<init>] [INFO] 日志实例已初始化...
[2020-04-12 19:39:08:144] [vo.logVo.LogVo.<init>] [INFO] 日志实例已初始化...
[2020-04-12 19:39:08:144] [vo.logVo.LogVo.<init>] [INFO] 日志实例已初始化...
[2020-04-12 19:39:08:144] [vo.logVo.LogVo.<init>] [INFO] 日志实例已初始化...
[2020-04-12 19:39:08:144] [vo.logVo.LogVo.<init>] [INFO] 日志实例已初始化...
[2020-04-12 19:39:08:145] [vo.logVo.LogVo.<init>] [INFO] 日志实例已初始化...
[2020-04-12 19:39:08:145] [vo.logVo.LogVo.<init>] [INFO] 日志实例已初始化...
[2020-04-12 19:39:08:145] [vo.logVo.LogVo.<init>] [INFO] 日志实例已初始化...
[2020-04-12 19:39:08:145] [vo.logVo.LogVo.<init>] [INFO] 日志实例已初始化...
[2020-04-12 19:39:08:146] [vo.logVo.LogVo.<init>] [INFO] 日志实例已初始化...
[2020-04-12 19:39:08:146] [vo.logVo.LogVo.<init>] [INFO] 日志实例已初始化...
[2020-04-12 19:39:08:146] [vo.logVo.LogVo.<init>] [INFO] 日志实例已初始化...
[2020-04-12 19:39:08:147] [vo.logVo.LogVo.<init>] [INFO] 日志实例已初始化...
[2020-04-12 19:39:08:147] [vo.logVo.LogVo.<init>] [INFO] 日志实例已初始化...
[2020-04-12 19:39:08:148] [vo.logVo.LogVo.<init>] [INFO] 日志实例已初始化...
[2020-04-12 19:39:08:148] [vo.logVo.LogVo.<init>] [INFO] 日志实例已初始化...
[2020-04-12 19:39:08:148] [vo.logVo.LogVo.<init>] [INFO] 日志实例已初始化...
[2020-04-12 19:39:08:149] [vo.logVo.LogVo.<init>] [INFO] 日志实例已初始化...
[2020-04-12 19:39:08:149] [vo.logVo.LogVo.<init>] [INFO] 日志实例已初始化...
[2020-04-12 19:39:08:149] [vo.logVo.LogVo.<init>] [INFO] 日志实例已初始化...
[2020-04-12 19:39:08:149] [vo.logVo.LogVo.<init>] [INFO] 日志实例已初始化...
[2020-04-12 19:39:08:150] [vo.logVo.LogVo.<init>] [INFO] 日志实例已初始化...
[2020-04-12 19:39:08:150] [vo.logVo.LogVo.<init>] [INFO] 日志实例已初始化...
[2020-04-12 19:39:08:150] [vo.logVo.LogVo.<init>] [INFO] 日志实例已初始化...
[2020-04-12 19:39:08:150] [vo.logVo.LogVo.<init>] [INFO] 日志实例已初始化...
[2020-04-12 19:39:08:151] [vo.logVo.LogVo.<init>] [INFO] 日志实例已初始化...
[2020-04-12 19:39:08:151] [vo.logVo.LogVo.<init>] [INFO] 日志实例已初始化...
[2020-04-12 19:39:08:151] [vo.logVo.LogVo.<init>] [INFO] 日志实例已初始化...
[2020-04-12 19:39:08:151] [vo.logVo.LogVo.<init>] [INFO] 日志实例已初始化...
[2020-04-12 19:39:08:152] [vo.logVo.LogVo.<init>] [INFO] 日志实例已初始化...
[2020-04-12 19:39:08:152] [vo.logVo.LogVo.<init>] [INFO] 日志实例已初始化...
[2020-04-12 19:39:08:152] [vo.logVo.LogVo.<init>] [INFO] 日志实例已初始化...
[2020-04-12 19:39:08:152] [vo.logVo.LogVo.<init>] [INFO] 日志实例已初始化...
[2020-04-12 19:39:08:153] [vo.logVo.LogVo.<init>] [INFO] 日志实例已初始化...
[2020-04-12 19:39:08:153] [vo.logVo.LogVo.<init>] [INFO] 日志实例已初始化...
[2020-04-12 19:39:08:153] [vo.logVo.LogVo.<init>] [INFO] 日志实例已初始化...
[2020-04-12 19:39:08:153] [vo.logVo.LogVo.<init>] [INFO] 日志实例已初始化...
[2020-04-12 19:39:08:154] [vo.logVo.LogVo.<init>] [INFO] 日志实例已初始化...
[2020-04-12 19:39:08:154] [vo.logVo.LogVo.<init>] [INFO] 日志实例已初始化...
[2020-04-12 19:39:08:154] [vo.logVo.LogVo.<init>] [INFO] 日志实例已初始化...
[2020-04-12 19:39:08:154] [vo.logVo.LogVo.<init>] [INFO] 日志实例已初始化...
[2020-04-12 19:39:08:155] [vo.logVo.LogVo.<init>] [INFO] 日志实例已初始化...
[2020-04-12 19:39:08:155] [vo.logVo.LogVo.<init>] [INFO] 日志实例已初始化...
[2020-04-12 19:39:08:155] [vo.logVo.LogVo.<init>] [INFO] 日志实例已初始化...
[2020-04-12 19:39:08:156] [vo.logVo.LogVo.<init>] [INFO] 日志实例已初始化...
[2020-04-12 19:39:08:156] [vo.logVo.LogVo.<init>] [INFO] 日志实例已初始化...
[2020-04-12 19:39:08:156] [vo.logVo.LogVo.<init>] [INFO] 日志实例已初始化...
[2020-04-12 19:39:08:156] [vo.logVo.LogVo.<init>] [INFO] 日志实例已初始化...
[2020-04-12 19:39:08:157] [vo.logVo.LogVo.<init>] [INFO] 日志实例已初始化...
[2020-04-12 19:39:08:157] [vo.logVo.LogVo.<init>] [INFO] 日志实例已初始化...
[2020-04-12 19:39:08:157] [vo.logVo.LogVo.<init>] [INFO] 日志实例已初始化...
[2020-04-12 19:39:08:157] [vo.logVo.LogVo.<init>] [INFO] 日志实例已初始化...
[2020-04-12 19:39:08:158] [vo.logVo.LogVo.<init>] [INFO] 日志实例已初始化...
[2020-04-12 19:39:08:158] [vo.logVo.LogVo.<init>] [INFO] 日志实例已初始化...
[2020-04-12 19:39:08:158] [vo.logVo.LogVo.<init>] [INFO] 日志实例已初始化...
[2020-04-12 19:39:08:158] [vo.logVo.LogVo.<init>] [INFO] 日志实例已初始化...
[2020-04-12 19:39:08:159] [vo.logVo.LogVo.<init>] [INFO] 日志实例已初始化...
[2020-04-12 19:39:08:159] [vo.logVo.LogVo.<init>] [INFO] 日志实例已初始化...
[2020-04-12 19:39:08:159] [vo.logVo.LogVo.<init>] [INFO] 日志实例已初始化...
[2020-04-12 19:39:08:159] [vo.logVo.LogVo.<init>] [INFO] 日志实例已初始化...
[2020-04-12 19:39:08:160] [vo.logVo.LogVo.<init>] [INFO] 日志实例已初始化...
[2020-04-12 19:39:08:160] [vo.logVo.LogVo.<init>] [INFO] 日志实例已初始化...
[2020-04-12 19:39:08:160] [vo.logVo.LogVo.<init>] [INFO] 日志实例已初始化...
[2020-04-12 19:39:08:160] [vo.logVo.LogVo.<init>] [INFO] 日志实例已初始化...
[2020-04-12 19:39:08:161] [vo.logVo.LogVo.<init>] [INFO] 日志实例已初始化...
[2020-04-12 19:39:08:161] [vo.logVo.LogVo.<init>] [INFO] 日志实例已初始化...
[2020-04-12 19:39:08:161] [vo.logVo.LogVo.<init>] [INFO] 日志实例已初始化...
[2020-04-12 19:39:08:161] [vo.logVo.LogVo.<init>] [INFO] 日志实例已初始化...
[2020-04-12 19:39:08:162] [vo.logVo.LogVo.<init>] [INFO] 日志实例已初始化...
[2020-04-12 19:39:08:162] [vo.logVo.LogVo.<init>] [INFO] 日志实例已初始化...
[2020-04-12 19:39:08:162] [vo.logVo.LogVo.<init>] [INFO] 日志实例已初始化...
[2020-04-12 19:39:08:162] [vo.logVo.LogVo.<init>] [INFO] 日志实例已初始化...
[2020-04-12 19:39:08:163] [vo.logVo.LogVo.<init>] [INFO] 日志实例已初始化...
[2020-04-12 19:39:08:163] [vo.logVo.LogVo.<init>] [INFO] 日志实例已初始化...
[2020-04-12 19:39:08:163] [vo.logVo.LogVo.<init>] [INFO] 日志实例已初始化...
[2020-04-12 19:39:08:164] [vo.logVo.LogVo.<init>] [INFO] 日志实例已初始化...
[2020-04-12 19:39:08:164] [vo.logVo.LogVo.<init>] [INFO] 日志实例已初始化...
[2020-04-12 19:39:08:164] [vo.logVo.LogVo.<init>] [INFO] 日志实例已初始化...
[2020-04-12 19:39:08:165] [vo.logVo.LogVo.<init>] [INFO] 日志实例已初始化...
[2020-04-12 19:39:08:165] [vo.logVo.LogVo.<init>] [INFO] 日志实例已初始化...
[2020-04-12 19:39:08:165] [vo.logVo.LogVo.<init>] [INFO] 日志实例已初始化...
[2020-04-12 19:39:08:165] [vo.logVo.LogVo.<init>] [INFO] 日志实例已初始化...
[2020-04-12 19:39:08:166] [vo.logVo.LogVo.<init>] [INFO] 日志实例已初始化...
[2020-04-12 19:39:08:166] [vo.logVo.LogVo.<init>] [INFO] 日志实例已初始化...
[2020-04-12 19:39:08:166] [vo.logVo.LogVo.<init>] [INFO] 日志实例已初始化...
[2020-04-12 19:39:08:166] [vo.logVo.LogVo.<init>] [INFO] 日志实例已初始化...
[2020-04-12 19:39:08:167] [vo.logVo.LogVo.<init>] [INFO] 日志实例已初始化...
[2020-04-12 19:39:08:167] [vo.logVo.LogVo.<init>] [INFO] 日志实例已初始化...
[2020-04-12 19:39:08:167] [vo.logVo.LogVo.<init>] [INFO] 日志实例已初始化...
[2020-04-12 19:39:08:168] [vo.logVo.LogVo.<init>] [INFO] 日志实例已初始化...
[2020-04-12 19:39:08:168] [vo.logVo.LogVo.<init>] [INFO] 日志实例已初始化...
[2020-04-12 19:39:08:168] [vo.logVo.LogVo.<init>] [INFO] 日志实例已初始化...
[2020-04-12 19:39:08:169] [vo.logVo.LogVo.<init>] [INFO] 日志实例已初始化...
[2020-04-12 19:39:08:169] [vo.logVo.LogVo.<init>] [INFO] 日志实例已初始化...
[2020-04-12 19:39:08:169] [vo.logVo.LogVo.<init>] [INFO] 日志实例已初始化...
[2020-04-12 19:39:08:169] [vo.logVo.LogVo.<init>] [INFO] 日志实例已初始化...
[2020-04-12 19:39:08:170] [vo.logVo.LogVo.<init>] [INFO] 日志实例已初始化...
[2020-04-12 19:39:08:170] [vo.logVo.LogVo.<init>] [INFO] 日志实例已初始化...
[2020-04-12 19:39:08:170] [vo.logVo.LogVo.<init>] [INFO] 日志实例已初始化...
[2020-04-12 19:39:08:170] [vo.logVo.LogVo.<init>] [INFO] 日志实例已初始化...
[2020-04-12 19:39:08:171] [vo.logVo.LogVo.<init>] [INFO] 日志实例已初始化...
[2020-04-12 19:39:08:171] [vo.logVo.LogVo.<init>] [INFO] 日志实例已初始化...
[2020-04-12 19:39:08:171] [vo.logVo.LogVo.<init>] [INFO] 日志实例已初始化...
[2020-04-12 19:39:08:171] [vo.logVo.LogVo.<init>] [INFO] 日志实例已初始化...
[2020-04-12 19:39:08:172] [vo.logVo.LogVo.<init>] [INFO] 日志实例已初始化...
[2020-04-12 19:39:08:172] [vo.logVo.LogVo.<init>] [INFO] 日志实例已初始化...
[2020-04-12 19:39:08:172] [vo.logVo.LogVo.<init>] [INFO] 日志实例已初始化...
[2020-04-12 19:39:08:173] [vo.logVo.LogVo.<init>] [INFO] 日志实例已初始化...
[2020-04-12 19:39:08:173] [vo.logVo.LogVo.<init>] [INFO] 日志实例已初始化...
[2020-04-12 19:39:08:173] [vo.logVo.LogVo.<init>] [INFO] 日志实例已初始化...
[2020-04-12 19:39:08:173] [vo.logVo.LogVo.<init>] [INFO] 日志实例已初始化...
[2020-04-12 19:39:08:174] [vo.logVo.LogVo.<init>] [INFO] 日志实例已初始化...
[2020-04-12 19:39:08:174] [vo.logVo.LogVo.<init>] [INFO] 日志实例已初始化...
[2020-04-12 19:39:08:174] [vo.logVo.LogVo.<init>] [INFO] 日志实例已初始化...
[2020-04-12 19:39:08:174] [vo.logVo.LogVo.<init>] [INFO] 日志实例已初始化...
[2020-04-12 19:39:08:175] [vo.logVo.LogVo.<init>] [INFO] 日志实例已初始化...
[2020-04-12 19:39:08:175] [vo.logVo.LogVo.<init>] [INFO] 日志实例已初始化...
[2020-04-12 19:39:08:175] [vo.logVo.LogVo.<init>] [INFO] 日志实例已初始化...
[2020-04-12 19:39:08:175] [vo.logVo.LogVo.<init>] [INFO] 日志实例已初始化...
[2020-04-12 19:39:08:176] [vo.logVo.LogVo.<init>] [INFO] 日志实例已初始化...
[2020-04-12 19:39:08:176] [vo.logVo.LogVo.<init>] [INFO] 日志实例已初始化...
[2020-04-12 19:39:08:176] [vo.logVo.LogVo.<init>] [INFO] 日志实例已初始化...
[2020-04-12 19:39:08:177] [vo.logVo.LogVo.<init>] [INFO] 日志实例已初始化...
[2020-04-12 19:39:08:177] [vo.logVo.LogVo.<init>] [INFO] 日志实例已初始化...
[2020-04-12 19:39:08:177] [vo.logVo.LogVo.<init>] [INFO] 日志实例已初始化...
[2020-04-12 19:39:08:177] [vo.logVo.LogVo.<init>] [INFO] 日志实例已初始化...
[2020-04-12 19:39:08:178] [vo.logVo.LogVo.<init>] [INFO] 日志实例已初始化...
[2020-04-12 19:39:08:178] [vo.logVo.LogVo.<init>] [INFO] 日志实例已初始化...
[2020-04-12 19:39:08:178] [vo.logVo.LogVo.<init>] [INFO] 日志实例已初始化...
[2020-04-12 19:39:08:178] [vo.logVo.LogVo.<init>] [INFO] 日志实例已初始化...
[2020-04-12 19:39:08:179] [vo.logVo.LogVo.<init>] [INFO] 日志实例已初始化...
[2020-04-12 19:39:08:179] [vo.logVo.LogVo.<init>] [INFO] 日志实例已初始化...
[2020-04-12 19:39:08:179] [vo.logVo.LogVo.<init>] [INFO] 日志实例已初始化...
[2020-04-12 19:39:08:180] [vo.logVo.LogVo.<init>] [INFO] 日志实例已初始化...
[2020-04-12 19:39:08:180] [vo.logVo.LogVo.<init>] [INFO] 日志实例已初始化...
[2020-04-12 19:39:08:181] [vo.logVo.LogVo.<init>] [INFO] 日志实例已初始化...
[2020-04-12 19:39:08:181] [vo.logVo.LogVo.<init>] [INFO] 日志实例已初始化...
[2020-04-12 19:39:08:181] [vo.logVo.LogVo.<init>] [INFO] 日志实例已初始化...
[2020-04-12 19:39:08:182] [vo.logVo.LogVo.<init>] [INFO] 日志实例已初始化...
[2020-04-12 19:39:08:182] [vo.logVo.LogVo.<init>] [INFO] 日志实例已初始化...
[2020-04-12 19:39:08:182] [vo.logVo.LogVo.<init>] [INFO] 日志实例已初始化...
[2020-04-12 19:39:08:183] [vo.logVo.LogVo.<init>] [INFO] 日志实例已初始化...
[2020-04-12 19:39:08:184] [vo.logVo.LogVo.<init>] [INFO] 日志实例已初始化...
[2020-04-12 19:39:08:185] [vo.logVo.LogVo.<init>] [INFO] 日志实例已初始化...
[2020-04-12 19:39:08:186] [vo.logVo.LogVo.<init>] [INFO] 日志实例已初始化...
[2020-04-12 19:39:08:186] [vo.logVo.LogVo.<init>] [INFO] 日志实例已初始化...
[2020-04-12 19:39:08:186] [vo.logVo.LogVo.<init>] [INFO] 日志实例已初始化...
[2020-04-12 19:39:08:187] [vo.logVo.LogVo.<init>] [INFO] 日志实例已初始化...
[2020-04-12 19:39:08:187] [vo.logVo.LogVo.<init>] [INFO] 日志实例已初始化...
[2020-04-12 19:39:08:188] [vo.logVo.LogVo.<init>] [INFO] 日志实例已初始化...
[2020-04-12 19:39:08:203] [vo.logVo.LogVo.<init>] [INFO] 日志实例已初始化...
[2020-04-12 19:39:08:210] [vo.logVo.LogVo.<init>] [INFO] 日志实例已初始化...
[2020-04-12 19:39:08:315] [action.userAction.LoginAction.execute] [INFO] 该用户已登录，请稍后再试！
[2020-04-12 19:40:02:636] [util.filter.StrutsFilter.destroy] [INFO] filter has been destoyed...
[2020-04-12 19:40:08:483] [util.MyApplicationContextAnnotion.<init>] [INFO] 获取上下文工具类初始化成功!
[2020-04-12 19:40:08:910] [aop.AnnotationCommenAop.<init>] [INFO] 注解式切面已初始化...
[2020-04-12 19:41:04:511] [util.MyApplicationContextAnnotion.<init>] [INFO] 获取上下文工具类初始化成功!
[2020-04-12 19:41:04:839] [aop.AnnotationCommenAop.<init>] [INFO] 注解式切面已初始化...
[2020-04-12 19:41:06:299] [vo.logVo.LogVo.<init>] [INFO] 日志实例已初始化...
[2020-04-12 19:41:06:723] [aop.ConfigCommenAop.<init>] [INFO] 切面已初始化...
[2020-04-12 19:41:06:757] [vo.logVo.LogVo.<init>] [INFO] 日志实例已初始化...
[2020-04-12 19:41:06:765] [webservice.WebServiceInterface.<init>] [INFO] spring管理web service1
[2020-04-12 19:41:33:821] [action.userAction.LoginAction.execute] [INFO] 用户名不存在
[2020-04-12 19:41:37:628] [vo.logVo.LogVo.<init>] [INFO] 日志实例已初始化...
[2020-04-12 19:41:37:638] [vo.logVo.LogVo.<init>] [INFO] 日志实例已初始化...
[2020-04-12 19:41:37:639] [vo.logVo.LogVo.<init>] [INFO] 日志实例已初始化...
[2020-04-12 19:41:37:640] [vo.logVo.LogVo.<init>] [INFO] 日志实例已初始化...
[2020-04-12 19:41:37:641] [vo.logVo.LogVo.<init>] [INFO] 日志实例已初始化...
[2020-04-12 19:41:37:642] [vo.logVo.LogVo.<init>] [INFO] 日志实例已初始化...
[2020-04-12 19:41:37:643] [vo.logVo.LogVo.<init>] [INFO] 日志实例已初始化...
[2020-04-12 19:41:37:644] [vo.logVo.LogVo.<init>] [INFO] 日志实例已初始化...
[2020-04-12 19:41:37:645] [vo.logVo.LogVo.<init>] [INFO] 日志实例已初始化...
[2020-04-12 19:41:37:646] [vo.logVo.LogVo.<init>] [INFO] 日志实例已初始化...
[2020-04-12 19:41:37:646] [vo.logVo.LogVo.<init>] [INFO] 日志实例已初始化...
[2020-04-12 19:41:37:647] [vo.logVo.LogVo.<init>] [INFO] 日志实例已初始化...
[2020-04-12 19:41:37:648] [vo.logVo.LogVo.<init>] [INFO] 日志实例已初始化...
[2020-04-12 19:41:37:649] [vo.logVo.LogVo.<init>] [INFO] 日志实例已初始化...
[2020-04-12 19:41:37:650] [vo.logVo.LogVo.<init>] [INFO] 日志实例已初始化...
[2020-04-12 19:41:37:651] [vo.logVo.LogVo.<init>] [INFO] 日志实例已初始化...
[2020-04-12 19:41:37:653] [vo.logVo.LogVo.<init>] [INFO] 日志实例已初始化...
[2020-04-12 19:41:37:654] [vo.logVo.LogVo.<init>] [INFO] 日志实例已初始化...
[2020-04-12 19:41:37:655] [vo.logVo.LogVo.<init>] [INFO] 日志实例已初始化...
[2020-04-12 19:41:37:656] [vo.logVo.LogVo.<init>] [INFO] 日志实例已初始化...
[2020-04-12 19:41:37:657] [vo.logVo.LogVo.<init>] [INFO] 日志实例已初始化...
[2020-04-12 19:41:37:658] [vo.logVo.LogVo.<init>] [INFO] 日志实例已初始化...
[2020-04-12 19:41:37:659] [vo.logVo.LogVo.<init>] [INFO] 日志实例已初始化...
[2020-04-12 19:41:37:660] [vo.logVo.LogVo.<init>] [INFO] 日志实例已初始化...
[2020-04-12 19:41:37:661] [vo.logVo.LogVo.<init>] [INFO] 日志实例已初始化...
[2020-04-12 19:41:37:662] [vo.logVo.LogVo.<init>] [INFO] 日志实例已初始化...
[2020-04-12 19:41:37:663] [vo.logVo.LogVo.<init>] [INFO] 日志实例已初始化...
[2020-04-12 19:41:37:664] [vo.logVo.LogVo.<init>] [INFO] 日志实例已初始化...
[2020-04-12 19:41:37:665] [vo.logVo.LogVo.<init>] [INFO] 日志实例已初始化...
[2020-04-12 19:41:37:666] [vo.logVo.LogVo.<init>] [INFO] 日志实例已初始化...
[2020-04-12 19:41:37:667] [vo.logVo.LogVo.<init>] [INFO] 日志实例已初始化...
[2020-04-12 19:41:37:668] [vo.logVo.LogVo.<init>] [INFO] 日志实例已初始化...
[2020-04-12 19:41:37:669] [vo.logVo.LogVo.<init>] [INFO] 日志实例已初始化...
[2020-04-12 19:41:37:670] [vo.logVo.LogVo.<init>] [INFO] 日志实例已初始化...
[2020-04-12 19:41:37:671] [vo.logVo.LogVo.<init>] [INFO] 日志实例已初始化...
[2020-04-12 19:41:37:672] [vo.logVo.LogVo.<init>] [INFO] 日志实例已初始化...
[2020-04-12 19:41:37:673] [vo.logVo.LogVo.<init>] [INFO] 日志实例已初始化...
[2020-04-12 19:41:37:674] [vo.logVo.LogVo.<init>] [INFO] 日志实例已初始化...
[2020-04-12 19:41:37:675] [vo.logVo.LogVo.<init>] [INFO] 日志实例已初始化...
[2020-04-12 19:41:37:677] [vo.logVo.LogVo.<init>] [INFO] 日志实例已初始化...
[2020-04-12 19:41:37:677] [vo.logVo.LogVo.<init>] [INFO] 日志实例已初始化...
[2020-04-12 19:41:37:678] [vo.logVo.LogVo.<init>] [INFO] 日志实例已初始化...
[2020-04-12 19:41:37:679] [vo.logVo.LogVo.<init>] [INFO] 日志实例已初始化...
[2020-04-12 19:41:37:681] [vo.logVo.LogVo.<init>] [INFO] 日志实例已初始化...
[2020-04-12 19:41:37:681] [vo.logVo.LogVo.<init>] [INFO] 日志实例已初始化...
[2020-04-12 19:41:37:682] [vo.logVo.LogVo.<init>] [INFO] 日志实例已初始化...
[2020-04-12 19:41:37:683] [vo.logVo.LogVo.<init>] [INFO] 日志实例已初始化...
[2020-04-12 19:41:37:685] [vo.logVo.LogVo.<init>] [INFO] 日志实例已初始化...
[2020-04-12 19:41:37:686] [vo.logVo.LogVo.<init>] [INFO] 日志实例已初始化...
[2020-04-12 19:41:37:687] [vo.logVo.LogVo.<init>] [INFO] 日志实例已初始化...
[2020-04-12 19:41:37:688] [vo.logVo.LogVo.<init>] [INFO] 日志实例已初始化...
[2020-04-12 19:41:37:689] [vo.logVo.LogVo.<init>] [INFO] 日志实例已初始化...
[2020-04-12 19:41:37:690] [vo.logVo.LogVo.<init>] [INFO] 日志实例已初始化...
[2020-04-12 19:41:37:691] [vo.logVo.LogVo.<init>] [INFO] 日志实例已初始化...
[2020-04-12 19:41:37:692] [vo.logVo.LogVo.<init>] [INFO] 日志实例已初始化...
[2020-04-12 19:41:37:693] [vo.logVo.LogVo.<init>] [INFO] 日志实例已初始化...
[2020-04-12 19:41:37:694] [vo.logVo.LogVo.<init>] [INFO] 日志实例已初始化...
[2020-04-12 19:41:37:695] [vo.logVo.LogVo.<init>] [INFO] 日志实例已初始化...
[2020-04-12 19:41:37:696] [vo.logVo.LogVo.<init>] [INFO] 日志实例已初始化...
[2020-04-12 19:41:37:697] [vo.logVo.LogVo.<init>] [INFO] 日志实例已初始化...
[2020-04-12 19:41:37:698] [vo.logVo.LogVo.<init>] [INFO] 日志实例已初始化...
[2020-04-12 19:41:37:700] [vo.logVo.LogVo.<init>] [INFO] 日志实例已初始化...
[2020-04-12 19:41:37:704] [vo.logVo.LogVo.<init>] [INFO] 日志实例已初始化...
[2020-04-12 19:41:37:706] [vo.logVo.LogVo.<init>] [INFO] 日志实例已初始化...
[2020-04-12 19:41:37:707] [vo.logVo.LogVo.<init>] [INFO] 日志实例已初始化...
[2020-04-12 19:41:37:708] [vo.logVo.LogVo.<init>] [INFO] 日志实例已初始化...
[2020-04-12 19:41:37:709] [vo.logVo.LogVo.<init>] [INFO] 日志实例已初始化...
[2020-04-12 19:41:37:710] [vo.logVo.LogVo.<init>] [INFO] 日志实例已初始化...
[2020-04-12 19:41:37:710] [vo.logVo.LogVo.<init>] [INFO] 日志实例已初始化...
[2020-04-12 19:41:37:711] [vo.logVo.LogVo.<init>] [INFO] 日志实例已初始化...
[2020-04-12 19:41:37:712] [vo.logVo.LogVo.<init>] [INFO] 日志实例已初始化...
[2020-04-12 19:41:37:713] [vo.logVo.LogVo.<init>] [INFO] 日志实例已初始化...
[2020-04-12 19:41:37:714] [vo.logVo.LogVo.<init>] [INFO] 日志实例已初始化...
[2020-04-12 19:41:37:715] [vo.logVo.LogVo.<init>] [INFO] 日志实例已初始化...
[2020-04-12 19:41:37:716] [vo.logVo.LogVo.<init>] [INFO] 日志实例已初始化...
[2020-04-12 19:41:37:718] [vo.logVo.LogVo.<init>] [INFO] 日志实例已初始化...
[2020-04-12 19:41:37:720] [vo.logVo.LogVo.<init>] [INFO] 日志实例已初始化...
[2020-04-12 19:41:37:721] [vo.logVo.LogVo.<init>] [INFO] 日志实例已初始化...
[2020-04-12 19:41:37:722] [vo.logVo.LogVo.<init>] [INFO] 日志实例已初始化...
[2020-04-12 19:41:37:723] [vo.logVo.LogVo.<init>] [INFO] 日志实例已初始化...
[2020-04-12 19:41:37:724] [vo.logVo.LogVo.<init>] [INFO] 日志实例已初始化...
[2020-04-12 19:41:37:725] [vo.logVo.LogVo.<init>] [INFO] 日志实例已初始化...
[2020-04-12 19:41:37:727] [vo.logVo.LogVo.<init>] [INFO] 日志实例已初始化...
[2020-04-12 19:41:37:728] [vo.logVo.LogVo.<init>] [INFO] 日志实例已初始化...
[2020-04-12 19:41:37:729] [vo.logVo.LogVo.<init>] [INFO] 日志实例已初始化...
[2020-04-12 19:41:37:730] [vo.logVo.LogVo.<init>] [INFO] 日志实例已初始化...
[2020-04-12 19:41:37:731] [vo.logVo.LogVo.<init>] [INFO] 日志实例已初始化...
[2020-04-12 19:41:37:731] [vo.logVo.LogVo.<init>] [INFO] 日志实例已初始化...
[2020-04-12 19:41:37:732] [vo.logVo.LogVo.<init>] [INFO] 日志实例已初始化...
[2020-04-12 19:41:37:734] [vo.logVo.LogVo.<init>] [INFO] 日志实例已初始化...
[2020-04-12 19:41:37:735] [vo.logVo.LogVo.<init>] [INFO] 日志实例已初始化...
[2020-04-12 19:41:37:736] [vo.logVo.LogVo.<init>] [INFO] 日志实例已初始化...
[2020-04-12 19:41:37:737] [vo.logVo.LogVo.<init>] [INFO] 日志实例已初始化...
[2020-04-12 19:41:37:737] [vo.logVo.LogVo.<init>] [INFO] 日志实例已初始化...
[2020-04-12 19:41:37:738] [vo.logVo.LogVo.<init>] [INFO] 日志实例已初始化...
[2020-04-12 19:41:37:739] [vo.logVo.LogVo.<init>] [INFO] 日志实例已初始化...
[2020-04-12 19:41:37:741] [vo.logVo.LogVo.<init>] [INFO] 日志实例已初始化...
[2020-04-12 19:41:37:742] [vo.logVo.LogVo.<init>] [INFO] 日志实例已初始化...
[2020-04-12 19:41:37:744] [vo.logVo.LogVo.<init>] [INFO] 日志实例已初始化...
[2020-04-12 19:41:37:746] [vo.logVo.LogVo.<init>] [INFO] 日志实例已初始化...
[2020-04-12 19:41:37:747] [vo.logVo.LogVo.<init>] [INFO] 日志实例已初始化...
[2020-04-12 19:41:37:748] [vo.logVo.LogVo.<init>] [INFO] 日志实例已初始化...
[2020-04-12 19:41:37:749] [vo.logVo.LogVo.<init>] [INFO] 日志实例已初始化...
[2020-04-12 19:41:37:751] [vo.logVo.LogVo.<init>] [INFO] 日志实例已初始化...
[2020-04-12 19:41:37:752] [vo.logVo.LogVo.<init>] [INFO] 日志实例已初始化...
[2020-04-12 19:41:37:753] [vo.logVo.LogVo.<init>] [INFO] 日志实例已初始化...
[2020-04-12 19:41:37:754] [vo.logVo.LogVo.<init>] [INFO] 日志实例已初始化...
[2020-04-12 19:41:37:754] [vo.logVo.LogVo.<init>] [INFO] 日志实例已初始化...
[2020-04-12 19:41:37:755] [vo.logVo.LogVo.<init>] [INFO] 日志实例已初始化...
[2020-04-12 19:41:37:756] [vo.logVo.LogVo.<init>] [INFO] 日志实例已初始化...
[2020-04-12 19:41:37:756] [vo.logVo.LogVo.<init>] [INFO] 日志实例已初始化...
[2020-04-12 19:41:37:757] [vo.logVo.LogVo.<init>] [INFO] 日志实例已初始化...
[2020-04-12 19:41:37:758] [vo.logVo.LogVo.<init>] [INFO] 日志实例已初始化...
[2020-04-12 19:41:37:759] [vo.logVo.LogVo.<init>] [INFO] 日志实例已初始化...
[2020-04-12 19:41:37:759] [vo.logVo.LogVo.<init>] [INFO] 日志实例已初始化...
[2020-04-12 19:41:37:760] [vo.logVo.LogVo.<init>] [INFO] 日志实例已初始化...
[2020-04-12 19:41:37:761] [vo.logVo.LogVo.<init>] [INFO] 日志实例已初始化...
[2020-04-12 19:41:37:761] [vo.logVo.LogVo.<init>] [INFO] 日志实例已初始化...
[2020-04-12 19:41:37:762] [vo.logVo.LogVo.<init>] [INFO] 日志实例已初始化...
[2020-04-12 19:41:37:764] [vo.logVo.LogVo.<init>] [INFO] 日志实例已初始化...
[2020-04-12 19:41:37:766] [vo.logVo.LogVo.<init>] [INFO] 日志实例已初始化...
[2020-04-12 19:41:37:769] [vo.logVo.LogVo.<init>] [INFO] 日志实例已初始化...
[2020-04-12 19:41:37:770] [vo.logVo.LogVo.<init>] [INFO] 日志实例已初始化...
[2020-04-12 19:41:37:773] [vo.logVo.LogVo.<init>] [INFO] 日志实例已初始化...
[2020-04-12 19:41:37:774] [vo.logVo.LogVo.<init>] [INFO] 日志实例已初始化...
[2020-04-12 19:41:37:775] [vo.logVo.LogVo.<init>] [INFO] 日志实例已初始化...
[2020-04-12 19:41:37:776] [vo.logVo.LogVo.<init>] [INFO] 日志实例已初始化...
[2020-04-12 19:41:37:777] [vo.logVo.LogVo.<init>] [INFO] 日志实例已初始化...
[2020-04-12 19:41:37:778] [vo.logVo.LogVo.<init>] [INFO] 日志实例已初始化...
[2020-04-12 19:41:37:778] [vo.logVo.LogVo.<init>] [INFO] 日志实例已初始化...
[2020-04-12 19:41:37:779] [vo.logVo.LogVo.<init>] [INFO] 日志实例已初始化...
[2020-04-12 19:41:37:780] [vo.logVo.LogVo.<init>] [INFO] 日志实例已初始化...
[2020-04-12 19:41:37:780] [vo.logVo.LogVo.<init>] [INFO] 日志实例已初始化...
[2020-04-12 19:41:37:781] [vo.logVo.LogVo.<init>] [INFO] 日志实例已初始化...
[2020-04-12 19:41:37:782] [vo.logVo.LogVo.<init>] [INFO] 日志实例已初始化...
[2020-04-12 19:41:37:782] [vo.logVo.LogVo.<init>] [INFO] 日志实例已初始化...
[2020-04-12 19:41:37:783] [vo.logVo.LogVo.<init>] [INFO] 日志实例已初始化...
[2020-04-12 19:41:37:784] [vo.logVo.LogVo.<init>] [INFO] 日志实例已初始化...
[2020-04-12 19:41:37:785] [vo.logVo.LogVo.<init>] [INFO] 日志实例已初始化...
[2020-04-12 19:41:37:786] [vo.logVo.LogVo.<init>] [INFO] 日志实例已初始化...
[2020-04-12 19:41:37:787] [vo.logVo.LogVo.<init>] [INFO] 日志实例已初始化...
[2020-04-12 19:41:37:787] [vo.logVo.LogVo.<init>] [INFO] 日志实例已初始化...
[2020-04-12 19:41:37:788] [vo.logVo.LogVo.<init>] [INFO] 日志实例已初始化...
[2020-04-12 19:41:37:789] [vo.logVo.LogVo.<init>] [INFO] 日志实例已初始化...
[2020-04-12 19:41:37:790] [vo.logVo.LogVo.<init>] [INFO] 日志实例已初始化...
[2020-04-12 19:41:37:791] [vo.logVo.LogVo.<init>] [INFO] 日志实例已初始化...
[2020-04-12 19:41:37:792] [vo.logVo.LogVo.<init>] [INFO] 日志实例已初始化...
[2020-04-12 19:41:37:793] [vo.logVo.LogVo.<init>] [INFO] 日志实例已初始化...
[2020-04-12 19:41:37:794] [vo.logVo.LogVo.<init>] [INFO] 日志实例已初始化...
[2020-04-12 19:41:37:795] [vo.logVo.LogVo.<init>] [INFO] 日志实例已初始化...
[2020-04-12 19:41:37:795] [vo.logVo.LogVo.<init>] [INFO] 日志实例已初始化...
[2020-04-12 19:41:37:796] [vo.logVo.LogVo.<init>] [INFO] 日志实例已初始化...
[2020-04-12 19:41:37:797] [vo.logVo.LogVo.<init>] [INFO] 日志实例已初始化...
[2020-04-12 19:41:37:798] [vo.logVo.LogVo.<init>] [INFO] 日志实例已初始化...
[2020-04-12 19:41:37:798] [vo.logVo.LogVo.<init>] [INFO] 日志实例已初始化...
[2020-04-12 19:41:37:799] [vo.logVo.LogVo.<init>] [INFO] 日志实例已初始化...
[2020-04-12 19:41:37:799] [vo.logVo.LogVo.<init>] [INFO] 日志实例已初始化...
[2020-04-12 19:41:37:801] [vo.logVo.LogVo.<init>] [INFO] 日志实例已初始化...
[2020-04-12 19:41:37:802] [vo.logVo.LogVo.<init>] [INFO] 日志实例已初始化...
[2020-04-12 19:41:37:806] [vo.logVo.LogVo.<init>] [INFO] 日志实例已初始化...
[2020-04-12 19:41:37:807] [vo.logVo.LogVo.<init>] [INFO] 日志实例已初始化...
[2020-04-12 19:41:37:808] [vo.logVo.LogVo.<init>] [INFO] 日志实例已初始化...
[2020-04-12 19:41:37:809] [vo.logVo.LogVo.<init>] [INFO] 日志实例已初始化...
[2020-04-12 19:41:37:810] [vo.logVo.LogVo.<init>] [INFO] 日志实例已初始化...
[2020-04-12 19:41:37:810] [vo.logVo.LogVo.<init>] [INFO] 日志实例已初始化...
[2020-04-12 19:41:37:811] [vo.logVo.LogVo.<init>] [INFO] 日志实例已初始化...
[2020-04-12 19:41:37:811] [vo.logVo.LogVo.<init>] [INFO] 日志实例已初始化...
[2020-04-12 19:41:37:813] [vo.logVo.LogVo.<init>] [INFO] 日志实例已初始化...
[2020-04-12 19:41:37:813] [vo.logVo.LogVo.<init>] [INFO] 日志实例已初始化...
[2020-04-12 19:41:37:814] [vo.logVo.LogVo.<init>] [INFO] 日志实例已初始化...
[2020-04-12 19:41:37:814] [vo.logVo.LogVo.<init>] [INFO] 日志实例已初始化...
[2020-04-12 19:41:37:815] [vo.logVo.LogVo.<init>] [INFO] 日志实例已初始化...
[2020-04-12 19:41:37:815] [vo.logVo.LogVo.<init>] [INFO] 日志实例已初始化...
[2020-04-12 19:41:37:816] [vo.logVo.LogVo.<init>] [INFO] 日志实例已初始化...
[2020-04-12 19:41:37:817] [vo.logVo.LogVo.<init>] [INFO] 日志实例已初始化...
[2020-04-12 19:41:37:818] [vo.logVo.LogVo.<init>] [INFO] 日志实例已初始化...
[2020-04-12 19:41:37:819] [vo.logVo.LogVo.<init>] [INFO] 日志实例已初始化...
[2020-04-12 19:41:37:819] [vo.logVo.LogVo.<init>] [INFO] 日志实例已初始化...
[2020-04-12 19:41:37:819] [vo.logVo.LogVo.<init>] [INFO] 日志实例已初始化...
[2020-04-12 19:41:37:820] [vo.logVo.LogVo.<init>] [INFO] 日志实例已初始化...
[2020-04-12 19:41:37:820] [vo.logVo.LogVo.<init>] [INFO] 日志实例已初始化...
[2020-04-12 19:41:37:821] [vo.logVo.LogVo.<init>] [INFO] 日志实例已初始化...
[2020-04-12 19:41:37:821] [vo.logVo.LogVo.<init>] [INFO] 日志实例已初始化...
[2020-04-12 19:41:37:821] [vo.logVo.LogVo.<init>] [INFO] 日志实例已初始化...
[2020-04-12 19:41:37:822] [vo.logVo.LogVo.<init>] [INFO] 日志实例已初始化...
[2020-04-12 19:41:37:822] [vo.logVo.LogVo.<init>] [INFO] 日志实例已初始化...
[2020-04-12 19:41:37:823] [vo.logVo.LogVo.<init>] [INFO] 日志实例已初始化...
[2020-04-12 19:41:37:823] [vo.logVo.LogVo.<init>] [INFO] 日志实例已初始化...
[2020-04-12 19:41:37:824] [vo.logVo.LogVo.<init>] [INFO] 日志实例已初始化...
[2020-04-12 19:41:37:824] [vo.logVo.LogVo.<init>] [INFO] 日志实例已初始化...
[2020-04-12 19:41:37:825] [vo.logVo.LogVo.<init>] [INFO] 日志实例已初始化...
[2020-04-12 19:41:37:827] [vo.logVo.LogVo.<init>] [INFO] 日志实例已初始化...
[2020-04-12 19:41:37:828] [vo.logVo.LogVo.<init>] [INFO] 日志实例已初始化...
[2020-04-12 19:41:37:829] [vo.logVo.LogVo.<init>] [INFO] 日志实例已初始化...
[2020-04-12 19:41:37:830] [vo.logVo.LogVo.<init>] [INFO] 日志实例已初始化...
[2020-04-12 19:41:37:831] [vo.logVo.LogVo.<init>] [INFO] 日志实例已初始化...
[2020-04-12 19:41:37:831] [vo.logVo.LogVo.<init>] [INFO] 日志实例已初始化...
[2020-04-12 19:41:37:832] [vo.logVo.LogVo.<init>] [INFO] 日志实例已初始化...
[2020-04-12 19:41:37:832] [vo.logVo.LogVo.<init>] [INFO] 日志实例已初始化...
[2020-04-12 19:41:37:833] [vo.logVo.LogVo.<init>] [INFO] 日志实例已初始化...
[2020-04-12 19:41:37:833] [vo.logVo.LogVo.<init>] [INFO] 日志实例已初始化...
[2020-04-12 19:41:37:834] [vo.logVo.LogVo.<init>] [INFO] 日志实例已初始化...
[2020-04-12 19:41:37:834] [vo.logVo.LogVo.<init>] [INFO] 日志实例已初始化...
[2020-04-12 19:41:37:835] [vo.logVo.LogVo.<init>] [INFO] 日志实例已初始化...
[2020-04-12 19:41:37:835] [vo.logVo.LogVo.<init>] [INFO] 日志实例已初始化...
[2020-04-12 19:41:37:836] [vo.logVo.LogVo.<init>] [INFO] 日志实例已初始化...
[2020-04-12 19:41:37:836] [vo.logVo.LogVo.<init>] [INFO] 日志实例已初始化...
[2020-04-12 19:41:37:837] [vo.logVo.LogVo.<init>] [INFO] 日志实例已初始化...
[2020-04-12 19:41:37:838] [vo.logVo.LogVo.<init>] [INFO] 日志实例已初始化...
[2020-04-12 19:41:37:839] [vo.logVo.LogVo.<init>] [INFO] 日志实例已初始化...
[2020-04-12 19:41:37:839] [vo.logVo.LogVo.<init>] [INFO] 日志实例已初始化...
[2020-04-12 19:41:37:840] [vo.logVo.LogVo.<init>] [INFO] 日志实例已初始化...
[2020-04-12 19:41:37:841] [vo.logVo.LogVo.<init>] [INFO] 日志实例已初始化...
[2020-04-12 19:41:37:842] [vo.logVo.LogVo.<init>] [INFO] 日志实例已初始化...
[2020-04-12 19:41:37:842] [vo.logVo.LogVo.<init>] [INFO] 日志实例已初始化...
[2020-04-12 19:41:37:843] [vo.logVo.LogVo.<init>] [INFO] 日志实例已初始化...
[2020-04-12 19:41:37:843] [vo.logVo.LogVo.<init>] [INFO] 日志实例已初始化...
[2020-04-12 19:41:37:843] [vo.logVo.LogVo.<init>] [INFO] 日志实例已初始化...
[2020-04-12 19:41:37:844] [vo.logVo.LogVo.<init>] [INFO] 日志实例已初始化...
[2020-04-12 19:41:37:844] [vo.logVo.LogVo.<init>] [INFO] 日志实例已初始化...
[2020-04-12 19:41:37:845] [vo.logVo.LogVo.<init>] [INFO] 日志实例已初始化...
[2020-04-12 19:41:37:845] [vo.logVo.LogVo.<init>] [INFO] 日志实例已初始化...
[2020-04-12 19:41:37:845] [vo.logVo.LogVo.<init>] [INFO] 日志实例已初始化...
[2020-04-12 19:41:37:846] [vo.logVo.LogVo.<init>] [INFO] 日志实例已初始化...
[2020-04-12 19:41:37:846] [vo.logVo.LogVo.<init>] [INFO] 日志实例已初始化...
[2020-04-12 19:41:37:846] [vo.logVo.LogVo.<init>] [INFO] 日志实例已初始化...
[2020-04-12 19:41:37:847] [vo.logVo.LogVo.<init>] [INFO] 日志实例已初始化...
[2020-04-12 19:41:37:847] [vo.logVo.LogVo.<init>] [INFO] 日志实例已初始化...
[2020-04-12 19:41:37:847] [vo.logVo.LogVo.<init>] [INFO] 日志实例已初始化...
[2020-04-12 19:41:37:848] [vo.logVo.LogVo.<init>] [INFO] 日志实例已初始化...
[2020-04-12 19:41:37:848] [vo.logVo.LogVo.<init>] [INFO] 日志实例已初始化...
[2020-04-12 19:41:37:849] [vo.logVo.LogVo.<init>] [INFO] 日志实例已初始化...
[2020-04-12 19:41:37:849] [vo.logVo.LogVo.<init>] [INFO] 日志实例已初始化...
[2020-04-12 19:41:37:849] [vo.logVo.LogVo.<init>] [INFO] 日志实例已初始化...
[2020-04-12 19:41:37:850] [vo.logVo.LogVo.<init>] [INFO] 日志实例已初始化...
[2020-04-12 19:41:37:851] [vo.logVo.LogVo.<init>] [INFO] 日志实例已初始化...
[2020-04-12 19:41:37:852] [vo.logVo.LogVo.<init>] [INFO] 日志实例已初始化...
[2020-04-12 19:41:37:852] [vo.logVo.LogVo.<init>] [INFO] 日志实例已初始化...
[2020-04-12 19:41:37:853] [vo.logVo.LogVo.<init>] [INFO] 日志实例已初始化...
[2020-04-12 19:41:37:855] [vo.logVo.LogVo.<init>] [INFO] 日志实例已初始化...
[2020-04-12 19:41:37:855] [vo.logVo.LogVo.<init>] [INFO] 日志实例已初始化...
[2020-04-12 19:41:37:856] [vo.logVo.LogVo.<init>] [INFO] 日志实例已初始化...
[2020-04-12 19:41:37:856] [vo.logVo.LogVo.<init>] [INFO] 日志实例已初始化...
[2020-04-12 19:41:37:857] [vo.logVo.LogVo.<init>] [INFO] 日志实例已初始化...
[2020-04-12 19:41:37:857] [vo.logVo.LogVo.<init>] [INFO] 日志实例已初始化...
[2020-04-12 19:41:37:858] [vo.logVo.LogVo.<init>] [INFO] 日志实例已初始化...
[2020-04-12 19:41:37:858] [vo.logVo.LogVo.<init>] [INFO] 日志实例已初始化...
[2020-04-12 19:41:37:859] [vo.logVo.LogVo.<init>] [INFO] 日志实例已初始化...
[2020-04-12 19:41:37:860] [vo.logVo.LogVo.<init>] [INFO] 日志实例已初始化...
[2020-04-12 19:41:37:860] [vo.logVo.LogVo.<init>] [INFO] 日志实例已初始化...
[2020-04-12 19:41:37:861] [vo.logVo.LogVo.<init>] [INFO] 日志实例已初始化...
[2020-04-12 19:41:37:861] [vo.logVo.LogVo.<init>] [INFO] 日志实例已初始化...
[2020-04-12 19:41:37:862] [vo.logVo.LogVo.<init>] [INFO] 日志实例已初始化...
[2020-04-12 19:41:37:863] [vo.logVo.LogVo.<init>] [INFO] 日志实例已初始化...
[2020-04-12 19:41:37:863] [vo.logVo.LogVo.<init>] [INFO] 日志实例已初始化...
[2020-04-12 19:41:37:864] [vo.logVo.LogVo.<init>] [INFO] 日志实例已初始化...
[2020-04-12 19:41:37:865] [vo.logVo.LogVo.<init>] [INFO] 日志实例已初始化...
[2020-04-12 19:41:37:866] [vo.logVo.LogVo.<init>] [INFO] 日志实例已初始化...
[2020-04-12 19:41:37:866] [vo.logVo.LogVo.<init>] [INFO] 日志实例已初始化...
[2020-04-12 19:41:37:867] [vo.logVo.LogVo.<init>] [INFO] 日志实例已初始化...
[2020-04-12 19:41:37:870] [vo.logVo.LogVo.<init>] [INFO] 日志实例已初始化...
[2020-04-12 19:41:37:871] [vo.logVo.LogVo.<init>] [INFO] 日志实例已初始化...
[2020-04-12 19:41:37:872] [vo.logVo.LogVo.<init>] [INFO] 日志实例已初始化...
[2020-04-12 19:41:37:872] [vo.logVo.LogVo.<init>] [INFO] 日志实例已初始化...
[2020-04-12 19:41:37:873] [vo.logVo.LogVo.<init>] [INFO] 日志实例已初始化...
[2020-04-12 19:41:37:874] [vo.logVo.LogVo.<init>] [INFO] 日志实例已初始化...
[2020-04-12 19:41:37:874] [vo.logVo.LogVo.<init>] [INFO] 日志实例已初始化...
[2020-04-12 19:41:37:875] [vo.logVo.LogVo.<init>] [INFO] 日志实例已初始化...
[2020-04-12 19:41:37:876] [vo.logVo.LogVo.<init>] [INFO] 日志实例已初始化...
[2020-04-12 19:41:37:877] [vo.logVo.LogVo.<init>] [INFO] 日志实例已初始化...
[2020-04-12 19:41:37:878] [vo.logVo.LogVo.<init>] [INFO] 日志实例已初始化...
[2020-04-12 19:41:37:879] [vo.logVo.LogVo.<init>] [INFO] 日志实例已初始化...
[2020-04-12 19:41:37:880] [vo.logVo.LogVo.<init>] [INFO] 日志实例已初始化...
[2020-04-12 19:41:37:880] [vo.logVo.LogVo.<init>] [INFO] 日志实例已初始化...
[2020-04-12 19:41:37:881] [vo.logVo.LogVo.<init>] [INFO] 日志实例已初始化...
[2020-04-12 19:41:37:881] [vo.logVo.LogVo.<init>] [INFO] 日志实例已初始化...
[2020-04-12 19:41:37:882] [vo.logVo.LogVo.<init>] [INFO] 日志实例已初始化...
[2020-04-12 19:41:37:882] [vo.logVo.LogVo.<init>] [INFO] 日志实例已初始化...
[2020-04-12 19:41:37:883] [vo.logVo.LogVo.<init>] [INFO] 日志实例已初始化...
[2020-04-12 19:41:37:884] [vo.logVo.LogVo.<init>] [INFO] 日志实例已初始化...
[2020-04-12 19:41:37:885] [vo.logVo.LogVo.<init>] [INFO] 日志实例已初始化...
[2020-04-12 19:41:37:886] [vo.logVo.LogVo.<init>] [INFO] 日志实例已初始化...
[2020-04-12 19:41:37:887] [vo.logVo.LogVo.<init>] [INFO] 日志实例已初始化...
[2020-04-12 19:41:37:887] [vo.logVo.LogVo.<init>] [INFO] 日志实例已初始化...
[2020-04-12 19:41:37:887] [vo.logVo.LogVo.<init>] [INFO] 日志实例已初始化...
[2020-04-12 19:41:37:888] [vo.logVo.LogVo.<init>] [INFO] 日志实例已初始化...
[2020-04-12 19:41:37:888] [vo.logVo.LogVo.<init>] [INFO] 日志实例已初始化...
[2020-04-12 19:41:37:889] [vo.logVo.LogVo.<init>] [INFO] 日志实例已初始化...
[2020-04-12 19:41:37:893] [vo.logVo.LogVo.<init>] [INFO] 日志实例已初始化...
[2020-04-12 19:41:37:894] [vo.logVo.LogVo.<init>] [INFO] 日志实例已初始化...
[2020-04-12 19:41:37:894] [vo.logVo.LogVo.<init>] [INFO] 日志实例已初始化...
[2020-04-12 19:41:37:895] [vo.logVo.LogVo.<init>] [INFO] 日志实例已初始化...
[2020-04-12 19:41:37:895] [vo.logVo.LogVo.<init>] [INFO] 日志实例已初始化...
[2020-04-12 19:41:37:896] [vo.logVo.LogVo.<init>] [INFO] 日志实例已初始化...
[2020-04-12 19:41:37:897] [vo.logVo.LogVo.<init>] [INFO] 日志实例已初始化...
[2020-04-12 19:41:37:898] [vo.logVo.LogVo.<init>] [INFO] 日志实例已初始化...
[2020-04-12 19:41:37:898] [vo.logVo.LogVo.<init>] [INFO] 日志实例已初始化...
[2020-04-12 19:41:37:899] [vo.logVo.LogVo.<init>] [INFO] 日志实例已初始化...
[2020-04-12 19:41:37:903] [vo.logVo.LogVo.<init>] [INFO] 日志实例已初始化...
[2020-04-12 19:41:37:904] [vo.logVo.LogVo.<init>] [INFO] 日志实例已初始化...
[2020-04-12 19:41:37:905] [vo.logVo.LogVo.<init>] [INFO] 日志实例已初始化...
[2020-04-12 19:41:37:906] [vo.logVo.LogVo.<init>] [INFO] 日志实例已初始化...
[2020-04-12 19:41:37:907] [vo.logVo.LogVo.<init>] [INFO] 日志实例已初始化...
[2020-04-12 19:41:37:907] [vo.logVo.LogVo.<init>] [INFO] 日志实例已初始化...
[2020-04-12 19:41:37:908] [vo.logVo.LogVo.<init>] [INFO] 日志实例已初始化...
[2020-04-12 19:41:37:909] [vo.logVo.LogVo.<init>] [INFO] 日志实例已初始化...
[2020-04-12 19:41:37:910] [vo.logVo.LogVo.<init>] [INFO] 日志实例已初始化...
[2020-04-12 19:41:37:910] [vo.logVo.LogVo.<init>] [INFO] 日志实例已初始化...
[2020-04-12 19:41:37:911] [vo.logVo.LogVo.<init>] [INFO] 日志实例已初始化...
[2020-04-12 19:41:37:912] [vo.logVo.LogVo.<init>] [INFO] 日志实例已初始化...
[2020-04-12 19:41:37:913] [vo.logVo.LogVo.<init>] [INFO] 日志实例已初始化...
[2020-04-12 19:41:37:913] [vo.logVo.LogVo.<init>] [INFO] 日志实例已初始化...
[2020-04-12 19:41:37:914] [vo.logVo.LogVo.<init>] [INFO] 日志实例已初始化...
[2020-04-12 19:41:37:915] [vo.logVo.LogVo.<init>] [INFO] 日志实例已初始化...
[2020-04-12 19:41:37:915] [vo.logVo.LogVo.<init>] [INFO] 日志实例已初始化...
[2020-04-12 19:41:37:919] [vo.logVo.LogVo.<init>] [INFO] 日志实例已初始化...
[2020-04-12 19:41:37:920] [vo.logVo.LogVo.<init>] [INFO] 日志实例已初始化...
[2020-04-12 19:41:37:921] [vo.logVo.LogVo.<init>] [INFO] 日志实例已初始化...
[2020-04-12 19:41:37:921] [vo.logVo.LogVo.<init>] [INFO] 日志实例已初始化...
[2020-04-12 19:41:37:922] [vo.logVo.LogVo.<init>] [INFO] 日志实例已初始化...
[2020-04-12 19:41:37:923] [vo.logVo.LogVo.<init>] [INFO] 日志实例已初始化...
[2020-04-12 19:41:37:923] [vo.logVo.LogVo.<init>] [INFO] 日志实例已初始化...
[2020-04-12 19:41:37:924] [vo.logVo.LogVo.<init>] [INFO] 日志实例已初始化...
[2020-04-12 19:41:37:924] [vo.logVo.LogVo.<init>] [INFO] 日志实例已初始化...
[2020-04-12 19:41:37:925] [vo.logVo.LogVo.<init>] [INFO] 日志实例已初始化...
[2020-04-12 19:41:37:925] [vo.logVo.LogVo.<init>] [INFO] 日志实例已初始化...
[2020-04-12 19:41:37:926] [vo.logVo.LogVo.<init>] [INFO] 日志实例已初始化...
[2020-04-12 19:41:37:926] [vo.logVo.LogVo.<init>] [INFO] 日志实例已初始化...
[2020-04-12 19:41:37:927] [vo.logVo.LogVo.<init>] [INFO] 日志实例已初始化...
[2020-04-12 19:41:37:927] [vo.logVo.LogVo.<init>] [INFO] 日志实例已初始化...
[2020-04-12 19:41:37:928] [vo.logVo.LogVo.<init>] [INFO] 日志实例已初始化...
[2020-04-12 19:41:37:928] [vo.logVo.LogVo.<init>] [INFO] 日志实例已初始化...
[2020-04-12 19:41:37:930] [vo.logVo.LogVo.<init>] [INFO] 日志实例已初始化...
[2020-04-12 19:41:37:930] [vo.logVo.LogVo.<init>] [INFO] 日志实例已初始化...
[2020-04-12 19:41:37:930] [vo.logVo.LogVo.<init>] [INFO] 日志实例已初始化...
[2020-04-12 19:41:37:931] [vo.logVo.LogVo.<init>] [INFO] 日志实例已初始化...
[2020-04-12 19:41:37:932] [vo.logVo.LogVo.<init>] [INFO] 日志实例已初始化...
[2020-04-12 19:41:37:933] [vo.logVo.LogVo.<init>] [INFO] 日志实例已初始化...
[2020-04-12 19:41:37:934] [vo.logVo.LogVo.<init>] [INFO] 日志实例已初始化...
[2020-04-12 19:41:37:935] [vo.logVo.LogVo.<init>] [INFO] 日志实例已初始化...
[2020-04-12 19:41:37:935] [vo.logVo.LogVo.<init>] [INFO] 日志实例已初始化...
[2020-04-12 19:41:37:936] [vo.logVo.LogVo.<init>] [INFO] 日志实例已初始化...
[2020-04-12 19:41:37:936] [vo.logVo.LogVo.<init>] [INFO] 日志实例已初始化...
[2020-04-12 19:41:37:937] [vo.logVo.LogVo.<init>] [INFO] 日志实例已初始化...
[2020-04-12 19:41:37:937] [vo.logVo.LogVo.<init>] [INFO] 日志实例已初始化...
[2020-04-12 19:41:37:938] [vo.logVo.LogVo.<init>] [INFO] 日志实例已初始化...
[2020-04-12 19:41:37:938] [vo.logVo.LogVo.<init>] [INFO] 日志实例已初始化...
[2020-04-12 19:41:37:938] [vo.logVo.LogVo.<init>] [INFO] 日志实例已初始化...
[2020-04-12 19:41:37:939] [vo.logVo.LogVo.<init>] [INFO] 日志实例已初始化...
[2020-04-12 19:41:37:940] [vo.logVo.LogVo.<init>] [INFO] 日志实例已初始化...
[2020-04-12 19:41:37:940] [vo.logVo.LogVo.<init>] [INFO] 日志实例已初始化...
[2020-04-12 19:41:37:941] [vo.logVo.LogVo.<init>] [INFO] 日志实例已初始化...
[2020-04-12 19:41:37:943] [vo.logVo.LogVo.<init>] [INFO] 日志实例已初始化...
[2020-04-12 19:41:37:943] [vo.logVo.LogVo.<init>] [INFO] 日志实例已初始化...
[2020-04-12 19:41:37:944] [vo.logVo.LogVo.<init>] [INFO] 日志实例已初始化...
[2020-04-12 19:41:37:945] [vo.logVo.LogVo.<init>] [INFO] 日志实例已初始化...
[2020-04-12 19:41:37:946] [vo.logVo.LogVo.<init>] [INFO] 日志实例已初始化...
[2020-04-12 19:41:37:946] [vo.logVo.LogVo.<init>] [INFO] 日志实例已初始化...
[2020-04-12 19:41:37:947] [vo.logVo.LogVo.<init>] [INFO] 日志实例已初始化...
[2020-04-12 19:41:37:948] [vo.logVo.LogVo.<init>] [INFO] 日志实例已初始化...
[2020-04-12 19:41:37:949] [vo.logVo.LogVo.<init>] [INFO] 日志实例已初始化...
[2020-04-12 19:41:37:949] [vo.logVo.LogVo.<init>] [INFO] 日志实例已初始化...
[2020-04-12 19:41:37:951] [vo.logVo.LogVo.<init>] [INFO] 日志实例已初始化...
[2020-04-12 19:41:37:952] [vo.logVo.LogVo.<init>] [INFO] 日志实例已初始化...
[2020-04-12 19:41:37:953] [vo.logVo.LogVo.<init>] [INFO] 日志实例已初始化...
[2020-04-12 19:41:37:954] [vo.logVo.LogVo.<init>] [INFO] 日志实例已初始化...
[2020-04-12 19:41:37:955] [vo.logVo.LogVo.<init>] [INFO] 日志实例已初始化...
[2020-04-12 19:41:37:957] [vo.logVo.LogVo.<init>] [INFO] 日志实例已初始化...
[2020-04-12 19:41:37:958] [vo.logVo.LogVo.<init>] [INFO] 日志实例已初始化...
[2020-04-12 19:41:37:958] [vo.logVo.LogVo.<init>] [INFO] 日志实例已初始化...
[2020-04-12 19:41:37:959] [vo.logVo.LogVo.<init>] [INFO] 日志实例已初始化...
[2020-04-12 19:41:37:960] [vo.logVo.LogVo.<init>] [INFO] 日志实例已初始化...
[2020-04-12 19:41:37:960] [vo.logVo.LogVo.<init>] [INFO] 日志实例已初始化...
[2020-04-12 19:41:37:961] [vo.logVo.LogVo.<init>] [INFO] 日志实例已初始化...
[2020-04-12 19:41:37:962] [vo.logVo.LogVo.<init>] [INFO] 日志实例已初始化...
[2020-04-12 19:41:37:962] [vo.logVo.LogVo.<init>] [INFO] 日志实例已初始化...
[2020-04-12 19:41:37:963] [vo.logVo.LogVo.<init>] [INFO] 日志实例已初始化...
[2020-04-12 19:41:37:964] [vo.logVo.LogVo.<init>] [INFO] 日志实例已初始化...
[2020-04-12 19:41:37:965] [vo.logVo.LogVo.<init>] [INFO] 日志实例已初始化...
[2020-04-12 19:41:37:967] [vo.logVo.LogVo.<init>] [INFO] 日志实例已初始化...
[2020-04-12 19:41:37:969] [vo.logVo.LogVo.<init>] [INFO] 日志实例已初始化...
[2020-04-12 19:41:37:970] [vo.logVo.LogVo.<init>] [INFO] 日志实例已初始化...
[2020-04-12 19:41:37:971] [vo.logVo.LogVo.<init>] [INFO] 日志实例已初始化...
[2020-04-12 19:41:37:972] [vo.logVo.LogVo.<init>] [INFO] 日志实例已初始化...
[2020-04-12 19:41:37:973] [vo.logVo.LogVo.<init>] [INFO] 日志实例已初始化...
[2020-04-12 19:41:37:974] [vo.logVo.LogVo.<init>] [INFO] 日志实例已初始化...
[2020-04-12 19:41:37:975] [vo.logVo.LogVo.<init>] [INFO] 日志实例已初始化...
[2020-04-12 19:41:37:975] [vo.logVo.LogVo.<init>] [INFO] 日志实例已初始化...
[2020-04-12 19:41:37:975] [vo.logVo.LogVo.<init>] [INFO] 日志实例已初始化...
[2020-04-12 19:41:37:976] [vo.logVo.LogVo.<init>] [INFO] 日志实例已初始化...
[2020-04-12 19:41:37:976] [vo.logVo.LogVo.<init>] [INFO] 日志实例已初始化...
[2020-04-12 19:41:38:023] [vo.logVo.LogVo.<init>] [INFO] 日志实例已初始化...
[2020-04-12 19:41:38:035] [vo.logVo.LogVo.<init>] [INFO] 日志实例已初始化...
[2020-04-12 19:41:38:209] [action.userAction.LoginAction.execute] [INFO] 该用户已登录，请稍后再试！
[2020-04-12 19:41:48:050] [vo.logVo.LogVo.<init>] [INFO] 日志实例已初始化...
[2020-04-12 19:41:48:052] [vo.logVo.LogVo.<init>] [INFO] 日志实例已初始化...
[2020-04-12 19:41:48:053] [vo.logVo.LogVo.<init>] [INFO] 日志实例已初始化...
[2020-04-12 19:41:48:054] [vo.logVo.LogVo.<init>] [INFO] 日志实例已初始化...
[2020-04-12 19:41:48:055] [vo.logVo.LogVo.<init>] [INFO] 日志实例已初始化...
[2020-04-12 19:41:48:057] [vo.logVo.LogVo.<init>] [INFO] 日志实例已初始化...
[2020-04-12 19:41:48:058] [vo.logVo.LogVo.<init>] [INFO] 日志实例已初始化...
[2020-04-12 19:41:48:059] [vo.logVo.LogVo.<init>] [INFO] 日志实例已初始化...
[2020-04-12 19:41:48:059] [vo.logVo.LogVo.<init>] [INFO] 日志实例已初始化...
[2020-04-12 19:41:48:060] [vo.logVo.LogVo.<init>] [INFO] 日志实例已初始化...
[2020-04-12 19:41:48:061] [vo.logVo.LogVo.<init>] [INFO] 日志实例已初始化...
[2020-04-12 19:41:48:061] [vo.logVo.LogVo.<init>] [INFO] 日志实例已初始化...
[2020-04-12 19:41:48:061] [vo.logVo.LogVo.<init>] [INFO] 日志实例已初始化...
[2020-04-12 19:41:48:062] [vo.logVo.LogVo.<init>] [INFO] 日志实例已初始化...
[2020-04-12 19:41:48:062] [vo.logVo.LogVo.<init>] [INFO] 日志实例已初始化...
[2020-04-12 19:41:48:063] [vo.logVo.LogVo.<init>] [INFO] 日志实例已初始化...
[2020-04-12 19:41:48:063] [vo.logVo.LogVo.<init>] [INFO] 日志实例已初始化...
[2020-04-12 19:41:48:063] [vo.logVo.LogVo.<init>] [INFO] 日志实例已初始化...
[2020-04-12 19:41:48:064] [vo.logVo.LogVo.<init>] [INFO] 日志实例已初始化...
[2020-04-12 19:41:48:064] [vo.logVo.LogVo.<init>] [INFO] 日志实例已初始化...
[2020-04-12 19:41:48:064] [vo.logVo.LogVo.<init>] [INFO] 日志实例已初始化...
[2020-04-12 19:41:48:065] [vo.logVo.LogVo.<init>] [INFO] 日志实例已初始化...
[2020-04-12 19:41:48:065] [vo.logVo.LogVo.<init>] [INFO] 日志实例已初始化...
[2020-04-12 19:41:48:066] [vo.logVo.LogVo.<init>] [INFO] 日志实例已初始化...
[2020-04-12 19:41:48:067] [vo.logVo.LogVo.<init>] [INFO] 日志实例已初始化...
[2020-04-12 19:41:48:067] [vo.logVo.LogVo.<init>] [INFO] 日志实例已初始化...
[2020-04-12 19:41:48:068] [vo.logVo.LogVo.<init>] [INFO] 日志实例已初始化...
[2020-04-12 19:41:48:068] [vo.logVo.LogVo.<init>] [INFO] 日志实例已初始化...
[2020-04-12 19:41:48:069] [vo.logVo.LogVo.<init>] [INFO] 日志实例已初始化...
[2020-04-12 19:41:48:069] [vo.logVo.LogVo.<init>] [INFO] 日志实例已初始化...
[2020-04-12 19:41:48:070] [vo.logVo.LogVo.<init>] [INFO] 日志实例已初始化...
[2020-04-12 19:41:48:071] [vo.logVo.LogVo.<init>] [INFO] 日志实例已初始化...
[2020-04-12 19:41:48:071] [vo.logVo.LogVo.<init>] [INFO] 日志实例已初始化...
[2020-04-12 19:41:48:072] [vo.logVo.LogVo.<init>] [INFO] 日志实例已初始化...
[2020-04-12 19:41:48:072] [vo.logVo.LogVo.<init>] [INFO] 日志实例已初始化...
[2020-04-12 19:41:48:073] [vo.logVo.LogVo.<init>] [INFO] 日志实例已初始化...
[2020-04-12 19:41:48:073] [vo.logVo.LogVo.<init>] [INFO] 日志实例已初始化...
[2020-04-12 19:41:48:074] [vo.logVo.LogVo.<init>] [INFO] 日志实例已初始化...
[2020-04-12 19:41:48:075] [vo.logVo.LogVo.<init>] [INFO] 日志实例已初始化...
[2020-04-12 19:41:48:075] [vo.logVo.LogVo.<init>] [INFO] 日志实例已初始化...
[2020-04-12 19:41:48:076] [vo.logVo.LogVo.<init>] [INFO] 日志实例已初始化...
[2020-04-12 19:41:48:077] [vo.logVo.LogVo.<init>] [INFO] 日志实例已初始化...
[2020-04-12 19:41:48:077] [vo.logVo.LogVo.<init>] [INFO] 日志实例已初始化...
[2020-04-12 19:41:48:078] [vo.logVo.LogVo.<init>] [INFO] 日志实例已初始化...
[2020-04-12 19:41:48:078] [vo.logVo.LogVo.<init>] [INFO] 日志实例已初始化...
[2020-04-12 19:41:48:078] [vo.logVo.LogVo.<init>] [INFO] 日志实例已初始化...
[2020-04-12 19:41:48:079] [vo.logVo.LogVo.<init>] [INFO] 日志实例已初始化...
[2020-04-12 19:41:48:079] [vo.logVo.LogVo.<init>] [INFO] 日志实例已初始化...
[2020-04-12 19:41:48:079] [vo.logVo.LogVo.<init>] [INFO] 日志实例已初始化...
[2020-04-12 19:41:48:080] [vo.logVo.LogVo.<init>] [INFO] 日志实例已初始化...
[2020-04-12 19:41:48:080] [vo.logVo.LogVo.<init>] [INFO] 日志实例已初始化...
[2020-04-12 19:41:48:080] [vo.logVo.LogVo.<init>] [INFO] 日志实例已初始化...
[2020-04-12 19:41:48:081] [vo.logVo.LogVo.<init>] [INFO] 日志实例已初始化...
[2020-04-12 19:41:48:081] [vo.logVo.LogVo.<init>] [INFO] 日志实例已初始化...
[2020-04-12 19:41:48:081] [vo.logVo.LogVo.<init>] [INFO] 日志实例已初始化...
[2020-04-12 19:41:48:082] [vo.logVo.LogVo.<init>] [INFO] 日志实例已初始化...
[2020-04-12 19:41:48:082] [vo.logVo.LogVo.<init>] [INFO] 日志实例已初始化...
[2020-04-12 19:41:48:083] [vo.logVo.LogVo.<init>] [INFO] 日志实例已初始化...
[2020-04-12 19:41:48:083] [vo.logVo.LogVo.<init>] [INFO] 日志实例已初始化...
[2020-04-12 19:41:48:084] [vo.logVo.LogVo.<init>] [INFO] 日志实例已初始化...
[2020-04-12 19:41:48:084] [vo.logVo.LogVo.<init>] [INFO] 日志实例已初始化...
[2020-04-12 19:41:48:085] [vo.logVo.LogVo.<init>] [INFO] 日志实例已初始化...
[2020-04-12 19:41:48:085] [vo.logVo.LogVo.<init>] [INFO] 日志实例已初始化...
[2020-04-12 19:41:48:086] [vo.logVo.LogVo.<init>] [INFO] 日志实例已初始化...
[2020-04-12 19:41:48:087] [vo.logVo.LogVo.<init>] [INFO] 日志实例已初始化...
[2020-04-12 19:41:48:088] [vo.logVo.LogVo.<init>] [INFO] 日志实例已初始化...
[2020-04-12 19:41:48:089] [vo.logVo.LogVo.<init>] [INFO] 日志实例已初始化...
[2020-04-12 19:41:48:089] [vo.logVo.LogVo.<init>] [INFO] 日志实例已初始化...
[2020-04-12 19:41:48:090] [vo.logVo.LogVo.<init>] [INFO] 日志实例已初始化...
[2020-04-12 19:41:48:091] [vo.logVo.LogVo.<init>] [INFO] 日志实例已初始化...
[2020-04-12 19:41:48:092] [vo.logVo.LogVo.<init>] [INFO] 日志实例已初始化...
[2020-04-12 19:41:48:092] [vo.logVo.LogVo.<init>] [INFO] 日志实例已初始化...
[2020-04-12 19:41:48:093] [vo.logVo.LogVo.<init>] [INFO] 日志实例已初始化...
[2020-04-12 19:41:48:093] [vo.logVo.LogVo.<init>] [INFO] 日志实例已初始化...
[2020-04-12 19:41:48:094] [vo.logVo.LogVo.<init>] [INFO] 日志实例已初始化...
[2020-04-12 19:41:48:094] [vo.logVo.LogVo.<init>] [INFO] 日志实例已初始化...
[2020-04-12 19:41:48:095] [vo.logVo.LogVo.<init>] [INFO] 日志实例已初始化...
[2020-04-12 19:41:48:095] [vo.logVo.LogVo.<init>] [INFO] 日志实例已初始化...
[2020-04-12 19:41:48:095] [vo.logVo.LogVo.<init>] [INFO] 日志实例已初始化...
[2020-04-12 19:41:48:096] [vo.logVo.LogVo.<init>] [INFO] 日志实例已初始化...
[2020-04-12 19:41:48:096] [vo.logVo.LogVo.<init>] [INFO] 日志实例已初始化...
[2020-04-12 19:41:48:096] [vo.logVo.LogVo.<init>] [INFO] 日志实例已初始化...
[2020-04-12 19:41:48:097] [vo.logVo.LogVo.<init>] [INFO] 日志实例已初始化...
[2020-04-12 19:41:48:097] [vo.logVo.LogVo.<init>] [INFO] 日志实例已初始化...
[2020-04-12 19:41:48:097] [vo.logVo.LogVo.<init>] [INFO] 日志实例已初始化...
[2020-04-12 19:41:48:098] [vo.logVo.LogVo.<init>] [INFO] 日志实例已初始化...
[2020-04-12 19:41:48:099] [vo.logVo.LogVo.<init>] [INFO] 日志实例已初始化...
[2020-04-12 19:41:48:099] [vo.logVo.LogVo.<init>] [INFO] 日志实例已初始化...
[2020-04-12 19:41:48:100] [vo.logVo.LogVo.<init>] [INFO] 日志实例已初始化...
[2020-04-12 19:41:48:100] [vo.logVo.LogVo.<init>] [INFO] 日志实例已初始化...
[2020-04-12 19:41:48:101] [vo.logVo.LogVo.<init>] [INFO] 日志实例已初始化...
[2020-04-12 19:41:48:102] [vo.logVo.LogVo.<init>] [INFO] 日志实例已初始化...
[2020-04-12 19:41:48:102] [vo.logVo.LogVo.<init>] [INFO] 日志实例已初始化...
[2020-04-12 19:41:48:103] [vo.logVo.LogVo.<init>] [INFO] 日志实例已初始化...
[2020-04-12 19:41:48:104] [vo.logVo.LogVo.<init>] [INFO] 日志实例已初始化...
[2020-04-12 19:41:48:104] [vo.logVo.LogVo.<init>] [INFO] 日志实例已初始化...
[2020-04-12 19:41:48:105] [vo.logVo.LogVo.<init>] [INFO] 日志实例已初始化...
[2020-04-12 19:41:48:106] [vo.logVo.LogVo.<init>] [INFO] 日志实例已初始化...
[2020-04-12 19:41:48:106] [vo.logVo.LogVo.<init>] [INFO] 日志实例已初始化...
[2020-04-12 19:41:48:107] [vo.logVo.LogVo.<init>] [INFO] 日志实例已初始化...
[2020-04-12 19:41:48:107] [vo.logVo.LogVo.<init>] [INFO] 日志实例已初始化...
[2020-04-12 19:41:48:108] [vo.logVo.LogVo.<init>] [INFO] 日志实例已初始化...
[2020-04-12 19:41:48:109] [vo.logVo.LogVo.<init>] [INFO] 日志实例已初始化...
[2020-04-12 19:41:48:110] [vo.logVo.LogVo.<init>] [INFO] 日志实例已初始化...
[2020-04-12 19:41:48:111] [vo.logVo.LogVo.<init>] [INFO] 日志实例已初始化...
[2020-04-12 19:41:48:111] [vo.logVo.LogVo.<init>] [INFO] 日志实例已初始化...
[2020-04-12 19:41:48:112] [vo.logVo.LogVo.<init>] [INFO] 日志实例已初始化...
[2020-04-12 19:41:48:112] [vo.logVo.LogVo.<init>] [INFO] 日志实例已初始化...
[2020-04-12 19:41:48:113] [vo.logVo.LogVo.<init>] [INFO] 日志实例已初始化...
[2020-04-12 19:41:48:114] [vo.logVo.LogVo.<init>] [INFO] 日志实例已初始化...
[2020-04-12 19:41:48:114] [vo.logVo.LogVo.<init>] [INFO] 日志实例已初始化...
[2020-04-12 19:41:48:115] [vo.logVo.LogVo.<init>] [INFO] 日志实例已初始化...
[2020-04-12 19:41:48:116] [vo.logVo.LogVo.<init>] [INFO] 日志实例已初始化...
[2020-04-12 19:41:48:116] [vo.logVo.LogVo.<init>] [INFO] 日志实例已初始化...
[2020-04-12 19:41:48:118] [vo.logVo.LogVo.<init>] [INFO] 日志实例已初始化...
[2020-04-12 19:41:48:119] [vo.logVo.LogVo.<init>] [INFO] 日志实例已初始化...
[2020-04-12 19:41:48:119] [vo.logVo.LogVo.<init>] [INFO] 日志实例已初始化...
[2020-04-12 19:41:48:121] [vo.logVo.LogVo.<init>] [INFO] 日志实例已初始化...
[2020-04-12 19:41:48:122] [vo.logVo.LogVo.<init>] [INFO] 日志实例已初始化...
[2020-04-12 19:41:48:123] [vo.logVo.LogVo.<init>] [INFO] 日志实例已初始化...
[2020-04-12 19:41:48:124] [vo.logVo.LogVo.<init>] [INFO] 日志实例已初始化...
[2020-04-12 19:41:48:125] [vo.logVo.LogVo.<init>] [INFO] 日志实例已初始化...
[2020-04-12 19:41:48:125] [vo.logVo.LogVo.<init>] [INFO] 日志实例已初始化...
[2020-04-12 19:41:48:126] [vo.logVo.LogVo.<init>] [INFO] 日志实例已初始化...
[2020-04-12 19:41:48:126] [vo.logVo.LogVo.<init>] [INFO] 日志实例已初始化...
[2020-04-12 19:41:48:127] [vo.logVo.LogVo.<init>] [INFO] 日志实例已初始化...
[2020-04-12 19:41:48:128] [vo.logVo.LogVo.<init>] [INFO] 日志实例已初始化...
[2020-04-12 19:41:48:128] [vo.logVo.LogVo.<init>] [INFO] 日志实例已初始化...
[2020-04-12 19:41:48:129] [vo.logVo.LogVo.<init>] [INFO] 日志实例已初始化...
[2020-04-12 19:41:48:129] [vo.logVo.LogVo.<init>] [INFO] 日志实例已初始化...
[2020-04-12 19:41:48:130] [vo.logVo.LogVo.<init>] [INFO] 日志实例已初始化...
[2020-04-12 19:41:48:130] [vo.logVo.LogVo.<init>] [INFO] 日志实例已初始化...
[2020-04-12 19:41:48:131] [vo.logVo.LogVo.<init>] [INFO] 日志实例已初始化...
[2020-04-12 19:41:48:132] [vo.logVo.LogVo.<init>] [INFO] 日志实例已初始化...
[2020-04-12 19:41:48:132] [vo.logVo.LogVo.<init>] [INFO] 日志实例已初始化...
[2020-04-12 19:41:48:133] [vo.logVo.LogVo.<init>] [INFO] 日志实例已初始化...
[2020-04-12 19:41:48:133] [vo.logVo.LogVo.<init>] [INFO] 日志实例已初始化...
[2020-04-12 19:41:48:134] [vo.logVo.LogVo.<init>] [INFO] 日志实例已初始化...
[2020-04-12 19:41:48:135] [vo.logVo.LogVo.<init>] [INFO] 日志实例已初始化...
[2020-04-12 19:41:48:135] [vo.logVo.LogVo.<init>] [INFO] 日志实例已初始化...
[2020-04-12 19:41:48:136] [vo.logVo.LogVo.<init>] [INFO] 日志实例已初始化...
[2020-04-12 19:41:48:137] [vo.logVo.LogVo.<init>] [INFO] 日志实例已初始化...
[2020-04-12 19:41:48:137] [vo.logVo.LogVo.<init>] [INFO] 日志实例已初始化...
[2020-04-12 19:41:48:138] [vo.logVo.LogVo.<init>] [INFO] 日志实例已初始化...
[2020-04-12 19:41:48:138] [vo.logVo.LogVo.<init>] [INFO] 日志实例已初始化...
[2020-04-12 19:41:48:139] [vo.logVo.LogVo.<init>] [INFO] 日志实例已初始化...
[2020-04-12 19:41:48:139] [vo.logVo.LogVo.<init>] [INFO] 日志实例已初始化...
[2020-04-12 19:41:48:140] [vo.logVo.LogVo.<init>] [INFO] 日志实例已初始化...
[2020-04-12 19:41:48:140] [vo.logVo.LogVo.<init>] [INFO] 日志实例已初始化...
[2020-04-12 19:41:48:141] [vo.logVo.LogVo.<init>] [INFO] 日志实例已初始化...
[2020-04-12 19:41:48:142] [vo.logVo.LogVo.<init>] [INFO] 日志实例已初始化...
[2020-04-12 19:41:48:142] [vo.logVo.LogVo.<init>] [INFO] 日志实例已初始化...
[2020-04-12 19:41:48:143] [vo.logVo.LogVo.<init>] [INFO] 日志实例已初始化...
[2020-04-12 19:41:48:143] [vo.logVo.LogVo.<init>] [INFO] 日志实例已初始化...
[2020-04-12 19:41:48:144] [vo.logVo.LogVo.<init>] [INFO] 日志实例已初始化...
[2020-04-12 19:41:48:144] [vo.logVo.LogVo.<init>] [INFO] 日志实例已初始化...
[2020-04-12 19:41:48:144] [vo.logVo.LogVo.<init>] [INFO] 日志实例已初始化...
[2020-04-12 19:41:48:145] [vo.logVo.LogVo.<init>] [INFO] 日志实例已初始化...
[2020-04-12 19:41:48:145] [vo.logVo.LogVo.<init>] [INFO] 日志实例已初始化...
[2020-04-12 19:41:48:146] [vo.logVo.LogVo.<init>] [INFO] 日志实例已初始化...
[2020-04-12 19:41:48:146] [vo.logVo.LogVo.<init>] [INFO] 日志实例已初始化...
[2020-04-12 19:41:48:147] [vo.logVo.LogVo.<init>] [INFO] 日志实例已初始化...
[2020-04-12 19:41:48:147] [vo.logVo.LogVo.<init>] [INFO] 日志实例已初始化...
[2020-04-12 19:41:48:148] [vo.logVo.LogVo.<init>] [INFO] 日志实例已初始化...
[2020-04-12 19:41:48:149] [vo.logVo.LogVo.<init>] [INFO] 日志实例已初始化...
[2020-04-12 19:41:48:151] [vo.logVo.LogVo.<init>] [INFO] 日志实例已初始化...
[2020-04-12 19:41:48:151] [vo.logVo.LogVo.<init>] [INFO] 日志实例已初始化...
[2020-04-12 19:41:48:152] [vo.logVo.LogVo.<init>] [INFO] 日志实例已初始化...
[2020-04-12 19:41:48:153] [vo.logVo.LogVo.<init>] [INFO] 日志实例已初始化...
[2020-04-12 19:41:48:153] [vo.logVo.LogVo.<init>] [INFO] 日志实例已初始化...
[2020-04-12 19:41:48:154] [vo.logVo.LogVo.<init>] [INFO] 日志实例已初始化...
[2020-04-12 19:41:48:154] [vo.logVo.LogVo.<init>] [INFO] 日志实例已初始化...
[2020-04-12 19:41:48:155] [vo.logVo.LogVo.<init>] [INFO] 日志实例已初始化...
[2020-04-12 19:41:48:155] [vo.logVo.LogVo.<init>] [INFO] 日志实例已初始化...
[2020-04-12 19:41:48:155] [vo.logVo.LogVo.<init>] [INFO] 日志实例已初始化...
[2020-04-12 19:41:48:156] [vo.logVo.LogVo.<init>] [INFO] 日志实例已初始化...
[2020-04-12 19:41:48:156] [vo.logVo.LogVo.<init>] [INFO] 日志实例已初始化...
[2020-04-12 19:41:48:156] [vo.logVo.LogVo.<init>] [INFO] 日志实例已初始化...
[2020-04-12 19:41:48:157] [vo.logVo.LogVo.<init>] [INFO] 日志实例已初始化...
[2020-04-12 19:41:48:157] [vo.logVo.LogVo.<init>] [INFO] 日志实例已初始化...
[2020-04-12 19:41:48:157] [vo.logVo.LogVo.<init>] [INFO] 日志实例已初始化...
[2020-04-12 19:41:48:158] [vo.logVo.LogVo.<init>] [INFO] 日志实例已初始化...
[2020-04-12 19:41:48:158] [vo.logVo.LogVo.<init>] [INFO] 日志实例已初始化...
[2020-04-12 19:41:48:158] [vo.logVo.LogVo.<init>] [INFO] 日志实例已初始化...
[2020-04-12 19:41:48:158] [vo.logVo.LogVo.<init>] [INFO] 日志实例已初始化...
[2020-04-12 19:41:48:159] [vo.logVo.LogVo.<init>] [INFO] 日志实例已初始化...
[2020-04-12 19:41:48:159] [vo.logVo.LogVo.<init>] [INFO] 日志实例已初始化...
[2020-04-12 19:41:48:159] [vo.logVo.LogVo.<init>] [INFO] 日志实例已初始化...
[2020-04-12 19:41:48:160] [vo.logVo.LogVo.<init>] [INFO] 日志实例已初始化...
[2020-04-12 19:41:48:160] [vo.logVo.LogVo.<init>] [INFO] 日志实例已初始化...
[2020-04-12 19:41:48:160] [vo.logVo.LogVo.<init>] [INFO] 日志实例已初始化...
[2020-04-12 19:41:48:161] [vo.logVo.LogVo.<init>] [INFO] 日志实例已初始化...
[2020-04-12 19:41:48:161] [vo.logVo.LogVo.<init>] [INFO] 日志实例已初始化...
[2020-04-12 19:41:48:161] [vo.logVo.LogVo.<init>] [INFO] 日志实例已初始化...
[2020-04-12 19:41:48:161] [vo.logVo.LogVo.<init>] [INFO] 日志实例已初始化...
[2020-04-12 19:41:48:162] [vo.logVo.LogVo.<init>] [INFO] 日志实例已初始化...
[2020-04-12 19:41:48:162] [vo.logVo.LogVo.<init>] [INFO] 日志实例已初始化...
[2020-04-12 19:41:48:162] [vo.logVo.LogVo.<init>] [INFO] 日志实例已初始化...
[2020-04-12 19:41:48:163] [vo.logVo.LogVo.<init>] [INFO] 日志实例已初始化...
[2020-04-12 19:41:48:163] [vo.logVo.LogVo.<init>] [INFO] 日志实例已初始化...
[2020-04-12 19:41:48:163] [vo.logVo.LogVo.<init>] [INFO] 日志实例已初始化...
[2020-04-12 19:41:48:164] [vo.logVo.LogVo.<init>] [INFO] 日志实例已初始化...
[2020-04-12 19:41:48:164] [vo.logVo.LogVo.<init>] [INFO] 日志实例已初始化...
[2020-04-12 19:41:48:164] [vo.logVo.LogVo.<init>] [INFO] 日志实例已初始化...
[2020-04-12 19:41:48:164] [vo.logVo.LogVo.<init>] [INFO] 日志实例已初始化...
[2020-04-12 19:41:48:165] [vo.logVo.LogVo.<init>] [INFO] 日志实例已初始化...
[2020-04-12 19:41:48:165] [vo.logVo.LogVo.<init>] [INFO] 日志实例已初始化...
[2020-04-12 19:41:48:165] [vo.logVo.LogVo.<init>] [INFO] 日志实例已初始化...
[2020-04-12 19:41:48:166] [vo.logVo.LogVo.<init>] [INFO] 日志实例已初始化...
[2020-04-12 19:41:48:166] [vo.logVo.LogVo.<init>] [INFO] 日志实例已初始化...
[2020-04-12 19:41:48:166] [vo.logVo.LogVo.<init>] [INFO] 日志实例已初始化...
[2020-04-12 19:41:48:167] [vo.logVo.LogVo.<init>] [INFO] 日志实例已初始化...
[2020-04-12 19:41:48:167] [vo.logVo.LogVo.<init>] [INFO] 日志实例已初始化...
[2020-04-12 19:41:48:168] [vo.logVo.LogVo.<init>] [INFO] 日志实例已初始化...
[2020-04-12 19:41:48:168] [vo.logVo.LogVo.<init>] [INFO] 日志实例已初始化...
[2020-04-12 19:41:48:169] [vo.logVo.LogVo.<init>] [INFO] 日志实例已初始化...
[2020-04-12 19:41:48:169] [vo.logVo.LogVo.<init>] [INFO] 日志实例已初始化...
[2020-04-12 19:41:48:170] [vo.logVo.LogVo.<init>] [INFO] 日志实例已初始化...
[2020-04-12 19:41:48:171] [vo.logVo.LogVo.<init>] [INFO] 日志实例已初始化...
[2020-04-12 19:41:48:172] [vo.logVo.LogVo.<init>] [INFO] 日志实例已初始化...
[2020-04-12 19:41:48:172] [vo.logVo.LogVo.<init>] [INFO] 日志实例已初始化...
[2020-04-12 19:41:48:173] [vo.logVo.LogVo.<init>] [INFO] 日志实例已初始化...
[2020-04-12 19:41:48:174] [vo.logVo.LogVo.<init>] [INFO] 日志实例已初始化...
[2020-04-12 19:41:48:174] [vo.logVo.LogVo.<init>] [INFO] 日志实例已初始化...
[2020-04-12 19:41:48:175] [vo.logVo.LogVo.<init>] [INFO] 日志实例已初始化...
[2020-04-12 19:41:48:175] [vo.logVo.LogVo.<init>] [INFO] 日志实例已初始化...
[2020-04-12 19:41:48:175] [vo.logVo.LogVo.<init>] [INFO] 日志实例已初始化...
[2020-04-12 19:41:48:176] [vo.logVo.LogVo.<init>] [INFO] 日志实例已初始化...
[2020-04-12 19:41:48:176] [vo.logVo.LogVo.<init>] [INFO] 日志实例已初始化...
[2020-04-12 19:41:48:176] [vo.logVo.LogVo.<init>] [INFO] 日志实例已初始化...
[2020-04-12 19:41:48:177] [vo.logVo.LogVo.<init>] [INFO] 日志实例已初始化...
[2020-04-12 19:41:48:177] [vo.logVo.LogVo.<init>] [INFO] 日志实例已初始化...
[2020-04-12 19:41:48:177] [vo.logVo.LogVo.<init>] [INFO] 日志实例已初始化...
[2020-04-12 19:41:48:178] [vo.logVo.LogVo.<init>] [INFO] 日志实例已初始化...
[2020-04-12 19:41:48:178] [vo.logVo.LogVo.<init>] [INFO] 日志实例已初始化...
[2020-04-12 19:41:48:179] [vo.logVo.LogVo.<init>] [INFO] 日志实例已初始化...
[2020-04-12 19:41:48:179] [vo.logVo.LogVo.<init>] [INFO] 日志实例已初始化...
[2020-04-12 19:41:48:180] [vo.logVo.LogVo.<init>] [INFO] 日志实例已初始化...
[2020-04-12 19:41:48:180] [vo.logVo.LogVo.<init>] [INFO] 日志实例已初始化...
[2020-04-12 19:41:48:181] [vo.logVo.LogVo.<init>] [INFO] 日志实例已初始化...
[2020-04-12 19:41:48:182] [vo.logVo.LogVo.<init>] [INFO] 日志实例已初始化...
[2020-04-12 19:41:48:182] [vo.logVo.LogVo.<init>] [INFO] 日志实例已初始化...
[2020-04-12 19:41:48:184] [vo.logVo.LogVo.<init>] [INFO] 日志实例已初始化...
[2020-04-12 19:41:48:184] [vo.logVo.LogVo.<init>] [INFO] 日志实例已初始化...
[2020-04-12 19:41:48:184] [vo.logVo.LogVo.<init>] [INFO] 日志实例已初始化...
[2020-04-12 19:41:48:185] [vo.logVo.LogVo.<init>] [INFO] 日志实例已初始化...
[2020-04-12 19:41:48:185] [vo.logVo.LogVo.<init>] [INFO] 日志实例已初始化...
[2020-04-12 19:41:48:185] [vo.logVo.LogVo.<init>] [INFO] 日志实例已初始化...
[2020-04-12 19:41:48:186] [vo.logVo.LogVo.<init>] [INFO] 日志实例已初始化...
[2020-04-12 19:41:48:186] [vo.logVo.LogVo.<init>] [INFO] 日志实例已初始化...
[2020-04-12 19:41:48:186] [vo.logVo.LogVo.<init>] [INFO] 日志实例已初始化...
[2020-04-12 19:41:48:186] [vo.logVo.LogVo.<init>] [INFO] 日志实例已初始化...
[2020-04-12 19:41:48:187] [vo.logVo.LogVo.<init>] [INFO] 日志实例已初始化...
[2020-04-12 19:41:48:187] [vo.logVo.LogVo.<init>] [INFO] 日志实例已初始化...
[2020-04-12 19:41:48:187] [vo.logVo.LogVo.<init>] [INFO] 日志实例已初始化...
[2020-04-12 19:41:48:187] [vo.logVo.LogVo.<init>] [INFO] 日志实例已初始化...
[2020-04-12 19:41:48:188] [vo.logVo.LogVo.<init>] [INFO] 日志实例已初始化...
[2020-04-12 19:41:48:188] [vo.logVo.LogVo.<init>] [INFO] 日志实例已初始化...
[2020-04-12 19:41:48:188] [vo.logVo.LogVo.<init>] [INFO] 日志实例已初始化...
[2020-04-12 19:41:48:188] [vo.logVo.LogVo.<init>] [INFO] 日志实例已初始化...
[2020-04-12 19:41:48:189] [vo.logVo.LogVo.<init>] [INFO] 日志实例已初始化...
[2020-04-12 19:41:48:190] [vo.logVo.LogVo.<init>] [INFO] 日志实例已初始化...
[2020-04-12 19:41:48:190] [vo.logVo.LogVo.<init>] [INFO] 日志实例已初始化...
[2020-04-12 19:41:48:191] [vo.logVo.LogVo.<init>] [INFO] 日志实例已初始化...
[2020-04-12 19:41:48:192] [vo.logVo.LogVo.<init>] [INFO] 日志实例已初始化...
[2020-04-12 19:41:48:193] [vo.logVo.LogVo.<init>] [INFO] 日志实例已初始化...
[2020-04-12 19:41:48:193] [vo.logVo.LogVo.<init>] [INFO] 日志实例已初始化...
[2020-04-12 19:41:48:194] [vo.logVo.LogVo.<init>] [INFO] 日志实例已初始化...
[2020-04-12 19:41:48:195] [vo.logVo.LogVo.<init>] [INFO] 日志实例已初始化...
[2020-04-12 19:41:48:195] [vo.logVo.LogVo.<init>] [INFO] 日志实例已初始化...
[2020-04-12 19:41:48:196] [vo.logVo.LogVo.<init>] [INFO] 日志实例已初始化...
[2020-04-12 19:41:48:196] [vo.logVo.LogVo.<init>] [INFO] 日志实例已初始化...
[2020-04-12 19:41:48:198] [vo.logVo.LogVo.<init>] [INFO] 日志实例已初始化...
[2020-04-12 19:41:48:199] [vo.logVo.LogVo.<init>] [INFO] 日志实例已初始化...
[2020-04-12 19:41:48:200] [vo.logVo.LogVo.<init>] [INFO] 日志实例已初始化...
[2020-04-12 19:41:48:200] [vo.logVo.LogVo.<init>] [INFO] 日志实例已初始化...
[2020-04-12 19:41:48:201] [vo.logVo.LogVo.<init>] [INFO] 日志实例已初始化...
[2020-04-12 19:41:48:201] [vo.logVo.LogVo.<init>] [INFO] 日志实例已初始化...
[2020-04-12 19:41:48:202] [vo.logVo.LogVo.<init>] [INFO] 日志实例已初始化...
[2020-04-12 19:41:48:202] [vo.logVo.LogVo.<init>] [INFO] 日志实例已初始化...
[2020-04-12 19:41:48:203] [vo.logVo.LogVo.<init>] [INFO] 日志实例已初始化...
[2020-04-12 19:41:48:203] [vo.logVo.LogVo.<init>] [INFO] 日志实例已初始化...
[2020-04-12 19:41:48:203] [vo.logVo.LogVo.<init>] [INFO] 日志实例已初始化...
[2020-04-12 19:41:48:204] [vo.logVo.LogVo.<init>] [INFO] 日志实例已初始化...
[2020-04-12 19:41:48:204] [vo.logVo.LogVo.<init>] [INFO] 日志实例已初始化...
[2020-04-12 19:41:48:204] [vo.logVo.LogVo.<init>] [INFO] 日志实例已初始化...
[2020-04-12 19:41:48:205] [vo.logVo.LogVo.<init>] [INFO] 日志实例已初始化...
[2020-04-12 19:41:48:205] [vo.logVo.LogVo.<init>] [INFO] 日志实例已初始化...
[2020-04-12 19:41:48:205] [vo.logVo.LogVo.<init>] [INFO] 日志实例已初始化...
[2020-04-12 19:41:48:206] [vo.logVo.LogVo.<init>] [INFO] 日志实例已初始化...
[2020-04-12 19:41:48:207] [vo.logVo.LogVo.<init>] [INFO] 日志实例已初始化...
[2020-04-12 19:41:48:207] [vo.logVo.LogVo.<init>] [INFO] 日志实例已初始化...
[2020-04-12 19:41:48:208] [vo.logVo.LogVo.<init>] [INFO] 日志实例已初始化...
[2020-04-12 19:41:48:208] [vo.logVo.LogVo.<init>] [INFO] 日志实例已初始化...
[2020-04-12 19:41:48:208] [vo.logVo.LogVo.<init>] [INFO] 日志实例已初始化...
[2020-04-12 19:41:48:209] [vo.logVo.LogVo.<init>] [INFO] 日志实例已初始化...
[2020-04-12 19:41:48:209] [vo.logVo.LogVo.<init>] [INFO] 日志实例已初始化...
[2020-04-12 19:41:48:209] [vo.logVo.LogVo.<init>] [INFO] 日志实例已初始化...
[2020-04-12 19:41:48:210] [vo.logVo.LogVo.<init>] [INFO] 日志实例已初始化...
[2020-04-12 19:41:48:210] [vo.logVo.LogVo.<init>] [INFO] 日志实例已初始化...
[2020-04-12 19:41:48:213] [vo.logVo.LogVo.<init>] [INFO] 日志实例已初始化...
[2020-04-12 19:41:48:214] [vo.logVo.LogVo.<init>] [INFO] 日志实例已初始化...
[2020-04-12 19:41:48:214] [vo.logVo.LogVo.<init>] [INFO] 日志实例已初始化...
[2020-04-12 19:41:48:215] [vo.logVo.LogVo.<init>] [INFO] 日志实例已初始化...
[2020-04-12 19:41:48:215] [vo.logVo.LogVo.<init>] [INFO] 日志实例已初始化...
[2020-04-12 19:41:48:216] [vo.logVo.LogVo.<init>] [INFO] 日志实例已初始化...
[2020-04-12 19:41:48:217] [vo.logVo.LogVo.<init>] [INFO] 日志实例已初始化...
[2020-04-12 19:41:48:217] [vo.logVo.LogVo.<init>] [INFO] 日志实例已初始化...
[2020-04-12 19:41:48:218] [vo.logVo.LogVo.<init>] [INFO] 日志实例已初始化...
[2020-04-12 19:41:48:219] [vo.logVo.LogVo.<init>] [INFO] 日志实例已初始化...
[2020-04-12 19:41:48:219] [vo.logVo.LogVo.<init>] [INFO] 日志实例已初始化...
[2020-04-12 19:41:48:220] [vo.logVo.LogVo.<init>] [INFO] 日志实例已初始化...
[2020-04-12 19:41:48:220] [vo.logVo.LogVo.<init>] [INFO] 日志实例已初始化...
[2020-04-12 19:41:48:221] [vo.logVo.LogVo.<init>] [INFO] 日志实例已初始化...
[2020-04-12 19:41:48:221] [vo.logVo.LogVo.<init>] [INFO] 日志实例已初始化...
[2020-04-12 19:41:48:222] [vo.logVo.LogVo.<init>] [INFO] 日志实例已初始化...
[2020-04-12 19:41:48:223] [vo.logVo.LogVo.<init>] [INFO] 日志实例已初始化...
[2020-04-12 19:41:48:223] [vo.logVo.LogVo.<init>] [INFO] 日志实例已初始化...
[2020-04-12 19:41:48:224] [vo.logVo.LogVo.<init>] [INFO] 日志实例已初始化...
[2020-04-12 19:41:48:225] [vo.logVo.LogVo.<init>] [INFO] 日志实例已初始化...
[2020-04-12 19:41:48:225] [vo.logVo.LogVo.<init>] [INFO] 日志实例已初始化...
[2020-04-12 19:41:48:226] [vo.logVo.LogVo.<init>] [INFO] 日志实例已初始化...
[2020-04-12 19:41:48:226] [vo.logVo.LogVo.<init>] [INFO] 日志实例已初始化...
[2020-04-12 19:41:48:227] [vo.logVo.LogVo.<init>] [INFO] 日志实例已初始化...
[2020-04-12 19:41:48:228] [vo.logVo.LogVo.<init>] [INFO] 日志实例已初始化...
[2020-04-12 19:41:48:228] [vo.logVo.LogVo.<init>] [INFO] 日志实例已初始化...
[2020-04-12 19:41:48:229] [vo.logVo.LogVo.<init>] [INFO] 日志实例已初始化...
[2020-04-12 19:41:48:229] [vo.logVo.LogVo.<init>] [INFO] 日志实例已初始化...
[2020-04-12 19:41:48:230] [vo.logVo.LogVo.<init>] [INFO] 日志实例已初始化...
[2020-04-12 19:41:48:230] [vo.logVo.LogVo.<init>] [INFO] 日志实例已初始化...
[2020-04-12 19:41:48:230] [vo.logVo.LogVo.<init>] [INFO] 日志实例已初始化...
[2020-04-12 19:41:48:231] [vo.logVo.LogVo.<init>] [INFO] 日志实例已初始化...
[2020-04-12 19:41:48:231] [vo.logVo.LogVo.<init>] [INFO] 日志实例已初始化...
[2020-04-12 19:41:48:232] [vo.logVo.LogVo.<init>] [INFO] 日志实例已初始化...
[2020-04-12 19:41:48:232] [vo.logVo.LogVo.<init>] [INFO] 日志实例已初始化...
[2020-04-12 19:41:48:232] [vo.logVo.LogVo.<init>] [INFO] 日志实例已初始化...
[2020-04-12 19:41:48:234] [vo.logVo.LogVo.<init>] [INFO] 日志实例已初始化...
[2020-04-12 19:41:48:235] [vo.logVo.LogVo.<init>] [INFO] 日志实例已初始化...
[2020-04-12 19:41:48:236] [vo.logVo.LogVo.<init>] [INFO] 日志实例已初始化...
[2020-04-12 19:41:48:236] [vo.logVo.LogVo.<init>] [INFO] 日志实例已初始化...
[2020-04-12 19:41:48:237] [vo.logVo.LogVo.<init>] [INFO] 日志实例已初始化...
[2020-04-12 19:41:48:237] [vo.logVo.LogVo.<init>] [INFO] 日志实例已初始化...
[2020-04-12 19:41:48:238] [vo.logVo.LogVo.<init>] [INFO] 日志实例已初始化...
[2020-04-12 19:41:48:238] [vo.logVo.LogVo.<init>] [INFO] 日志实例已初始化...
[2020-04-12 19:41:48:238] [vo.logVo.LogVo.<init>] [INFO] 日志实例已初始化...
[2020-04-12 19:41:48:239] [vo.logVo.LogVo.<init>] [INFO] 日志实例已初始化...
[2020-04-12 19:41:48:239] [vo.logVo.LogVo.<init>] [INFO] 日志实例已初始化...
[2020-04-12 19:41:48:239] [vo.logVo.LogVo.<init>] [INFO] 日志实例已初始化...
[2020-04-12 19:41:48:240] [vo.logVo.LogVo.<init>] [INFO] 日志实例已初始化...
[2020-04-12 19:41:48:240] [vo.logVo.LogVo.<init>] [INFO] 日志实例已初始化...
[2020-04-12 19:41:48:240] [vo.logVo.LogVo.<init>] [INFO] 日志实例已初始化...
[2020-04-12 19:41:48:241] [vo.logVo.LogVo.<init>] [INFO] 日志实例已初始化...
[2020-04-12 19:41:48:241] [vo.logVo.LogVo.<init>] [INFO] 日志实例已初始化...
[2020-04-12 19:41:48:242] [vo.logVo.LogVo.<init>] [INFO] 日志实例已初始化...
[2020-04-12 19:41:48:242] [vo.logVo.LogVo.<init>] [INFO] 日志实例已初始化...
[2020-04-12 19:41:48:242] [vo.logVo.LogVo.<init>] [INFO] 日志实例已初始化...
[2020-04-12 19:41:48:243] [vo.logVo.LogVo.<init>] [INFO] 日志实例已初始化...
[2020-04-12 19:41:48:243] [vo.logVo.LogVo.<init>] [INFO] 日志实例已初始化...
[2020-04-12 19:41:48:243] [vo.logVo.LogVo.<init>] [INFO] 日志实例已初始化...
[2020-04-12 19:41:48:243] [vo.logVo.LogVo.<init>] [INFO] 日志实例已初始化...
[2020-04-12 19:41:48:244] [vo.logVo.LogVo.<init>] [INFO] 日志实例已初始化...
[2020-04-12 19:41:48:244] [vo.logVo.LogVo.<init>] [INFO] 日志实例已初始化...
[2020-04-12 19:41:48:244] [vo.logVo.LogVo.<init>] [INFO] 日志实例已初始化...
[2020-04-12 19:41:48:245] [vo.logVo.LogVo.<init>] [INFO] 日志实例已初始化...
[2020-04-12 19:41:48:246] [vo.logVo.LogVo.<init>] [INFO] 日志实例已初始化...
[2020-04-12 19:41:48:246] [vo.logVo.LogVo.<init>] [INFO] 日志实例已初始化...
[2020-04-12 19:41:48:246] [vo.logVo.LogVo.<init>] [INFO] 日志实例已初始化...
[2020-04-12 19:41:48:247] [vo.logVo.LogVo.<init>] [INFO] 日志实例已初始化...
[2020-04-12 19:41:48:247] [vo.logVo.LogVo.<init>] [INFO] 日志实例已初始化...
[2020-04-12 19:41:48:247] [vo.logVo.LogVo.<init>] [INFO] 日志实例已初始化...
[2020-04-12 19:41:48:247] [vo.logVo.LogVo.<init>] [INFO] 日志实例已初始化...
[2020-04-12 19:41:48:248] [vo.logVo.LogVo.<init>] [INFO] 日志实例已初始化...
[2020-04-12 19:41:48:248] [vo.logVo.LogVo.<init>] [INFO] 日志实例已初始化...
[2020-04-12 19:41:48:248] [vo.logVo.LogVo.<init>] [INFO] 日志实例已初始化...
[2020-04-12 19:41:48:248] [vo.logVo.LogVo.<init>] [INFO] 日志实例已初始化...
[2020-04-12 19:41:48:249] [vo.logVo.LogVo.<init>] [INFO] 日志实例已初始化...
[2020-04-12 19:41:48:249] [vo.logVo.LogVo.<init>] [INFO] 日志实例已初始化...
[2020-04-12 19:41:48:249] [vo.logVo.LogVo.<init>] [INFO] 日志实例已初始化...
[2020-04-12 19:41:48:250] [vo.logVo.LogVo.<init>] [INFO] 日志实例已初始化...
[2020-04-12 19:41:48:250] [vo.logVo.LogVo.<init>] [INFO] 日志实例已初始化...
[2020-04-12 19:41:48:250] [vo.logVo.LogVo.<init>] [INFO] 日志实例已初始化...
[2020-04-12 19:41:48:250] [vo.logVo.LogVo.<init>] [INFO] 日志实例已初始化...
[2020-04-12 19:41:48:251] [vo.logVo.LogVo.<init>] [INFO] 日志实例已初始化...
[2020-04-12 19:41:48:251] [vo.logVo.LogVo.<init>] [INFO] 日志实例已初始化...
[2020-04-12 19:41:48:251] [vo.logVo.LogVo.<init>] [INFO] 日志实例已初始化...
[2020-04-12 19:41:48:251] [vo.logVo.LogVo.<init>] [INFO] 日志实例已初始化...
[2020-04-12 19:41:48:252] [vo.logVo.LogVo.<init>] [INFO] 日志实例已初始化...
[2020-04-12 19:41:48:252] [vo.logVo.LogVo.<init>] [INFO] 日志实例已初始化...
[2020-04-12 19:41:48:252] [vo.logVo.LogVo.<init>] [INFO] 日志实例已初始化...
[2020-04-12 19:41:48:253] [vo.logVo.LogVo.<init>] [INFO] 日志实例已初始化...
[2020-04-12 19:41:48:253] [vo.logVo.LogVo.<init>] [INFO] 日志实例已初始化...
[2020-04-12 19:41:48:273] [vo.logVo.LogVo.<init>] [INFO] 日志实例已初始化...
[2020-04-12 19:41:48:280] [vo.logVo.LogVo.<init>] [INFO] 日志实例已初始化...
[2020-04-12 19:41:48:373] [action.userAction.LoginAction.execute] [INFO] 该用户已登录，请稍后再试！
[2020-04-12 19:42:40:954] [util.MyApplicationContextAnnotion.<init>] [INFO] 获取上下文工具类初始化成功!
[2020-04-12 19:42:41:350] [aop.AnnotationCommenAop.<init>] [INFO] 注解式切面已初始化...
[2020-04-12 19:42:42:954] [vo.logVo.LogVo.<init>] [INFO] 日志实例已初始化...
[2020-04-12 19:42:43:433] [aop.ConfigCommenAop.<init>] [INFO] 切面已初始化...
[2020-04-12 19:42:43:498] [vo.logVo.LogVo.<init>] [INFO] 日志实例已初始化...
[2020-04-12 19:42:43:505] [webservice.WebServiceInterface.<init>] [INFO] spring管理web service1
[2020-04-12 19:43:52:833] [vo.logVo.LogVo.<init>] [INFO] 日志实例已初始化...
[2020-04-12 19:43:52:894] [vo.logVo.LogVo.<init>] [INFO] 日志实例已初始化...
[2020-04-12 19:43:52:896] [vo.logVo.LogVo.<init>] [INFO] 日志实例已初始化...
[2020-04-12 19:43:52:897] [vo.logVo.LogVo.<init>] [INFO] 日志实例已初始化...
[2020-04-12 19:43:52:899] [vo.logVo.LogVo.<init>] [INFO] 日志实例已初始化...
[2020-04-12 19:43:52:900] [vo.logVo.LogVo.<init>] [INFO] 日志实例已初始化...
[2020-04-12 19:43:52:903] [vo.logVo.LogVo.<init>] [INFO] 日志实例已初始化...
[2020-04-12 19:43:52:905] [vo.logVo.LogVo.<init>] [INFO] 日志实例已初始化...
[2020-04-12 19:43:52:907] [vo.logVo.LogVo.<init>] [INFO] 日志实例已初始化...
[2020-04-12 19:43:52:909] [vo.logVo.LogVo.<init>] [INFO] 日志实例已初始化...
[2020-04-12 19:43:52:911] [vo.logVo.LogVo.<init>] [INFO] 日志实例已初始化...
[2020-04-12 19:43:52:913] [vo.logVo.LogVo.<init>] [INFO] 日志实例已初始化...
[2020-04-12 19:43:52:914] [vo.logVo.LogVo.<init>] [INFO] 日志实例已初始化...
[2020-04-12 19:43:52:920] [vo.logVo.LogVo.<init>] [INFO] 日志实例已初始化...
[2020-04-12 19:43:52:922] [vo.logVo.LogVo.<init>] [INFO] 日志实例已初始化...
[2020-04-12 19:43:52:924] [vo.logVo.LogVo.<init>] [INFO] 日志实例已初始化...
[2020-04-12 19:43:52:929] [vo.logVo.LogVo.<init>] [INFO] 日志实例已初始化...
[2020-04-12 19:43:52:931] [vo.logVo.LogVo.<init>] [INFO] 日志实例已初始化...
[2020-04-12 19:43:52:933] [vo.logVo.LogVo.<init>] [INFO] 日志实例已初始化...
[2020-04-12 19:43:52:936] [vo.logVo.LogVo.<init>] [INFO] 日志实例已初始化...
[2020-04-12 19:43:52:938] [vo.logVo.LogVo.<init>] [INFO] 日志实例已初始化...
[2020-04-12 19:43:52:939] [vo.logVo.LogVo.<init>] [INFO] 日志实例已初始化...
[2020-04-12 19:43:52:942] [vo.logVo.LogVo.<init>] [INFO] 日志实例已初始化...
[2020-04-12 19:43:52:944] [vo.logVo.LogVo.<init>] [INFO] 日志实例已初始化...
[2020-04-12 19:43:52:946] [vo.logVo.LogVo.<init>] [INFO] 日志实例已初始化...
[2020-04-12 19:43:52:947] [vo.logVo.LogVo.<init>] [INFO] 日志实例已初始化...
[2020-04-12 19:43:52:951] [vo.logVo.LogVo.<init>] [INFO] 日志实例已初始化...
[2020-04-12 19:43:52:955] [vo.logVo.LogVo.<init>] [INFO] 日志实例已初始化...
[2020-04-12 19:43:52:957] [vo.logVo.LogVo.<init>] [INFO] 日志实例已初始化...
[2020-04-12 19:43:52:959] [vo.logVo.LogVo.<init>] [INFO] 日志实例已初始化...
[2020-04-12 19:43:52:966] [vo.logVo.LogVo.<init>] [INFO] 日志实例已初始化...
[2020-04-12 19:43:52:974] [vo.logVo.LogVo.<init>] [INFO] 日志实例已初始化...
[2020-04-12 19:43:52:981] [vo.logVo.LogVo.<init>] [INFO] 日志实例已初始化...
[2020-04-12 19:43:52:986] [vo.logVo.LogVo.<init>] [INFO] 日志实例已初始化...
[2020-04-12 19:43:52:989] [vo.logVo.LogVo.<init>] [INFO] 日志实例已初始化...
[2020-04-12 19:43:52:992] [vo.logVo.LogVo.<init>] [INFO] 日志实例已初始化...
[2020-04-12 19:43:52:996] [vo.logVo.LogVo.<init>] [INFO] 日志实例已初始化...
[2020-04-12 19:43:53:005] [vo.logVo.LogVo.<init>] [INFO] 日志实例已初始化...
[2020-04-12 19:43:53:015] [vo.logVo.LogVo.<init>] [INFO] 日志实例已初始化...
[2020-04-12 19:43:53:021] [vo.logVo.LogVo.<init>] [INFO] 日志实例已初始化...
[2020-04-12 19:43:53:023] [vo.logVo.LogVo.<init>] [INFO] 日志实例已初始化...
[2020-04-12 19:43:53:025] [vo.logVo.LogVo.<init>] [INFO] 日志实例已初始化...
[2020-04-12 19:43:53:027] [vo.logVo.LogVo.<init>] [INFO] 日志实例已初始化...
[2020-04-12 19:43:53:029] [vo.logVo.LogVo.<init>] [INFO] 日志实例已初始化...
[2020-04-12 19:43:53:031] [vo.logVo.LogVo.<init>] [INFO] 日志实例已初始化...
[2020-04-12 19:43:53:033] [vo.logVo.LogVo.<init>] [INFO] 日志实例已初始化...
[2020-04-12 19:43:53:034] [vo.logVo.LogVo.<init>] [INFO] 日志实例已初始化...
[2020-04-12 19:43:53:037] [vo.logVo.LogVo.<init>] [INFO] 日志实例已初始化...
[2020-04-12 19:43:53:039] [vo.logVo.LogVo.<init>] [INFO] 日志实例已初始化...
[2020-04-12 19:43:53:040] [vo.logVo.LogVo.<init>] [INFO] 日志实例已初始化...
[2020-04-12 19:43:53:043] [vo.logVo.LogVo.<init>] [INFO] 日志实例已初始化...
[2020-04-12 19:43:53:045] [vo.logVo.LogVo.<init>] [INFO] 日志实例已初始化...
[2020-04-12 19:43:53:047] [vo.logVo.LogVo.<init>] [INFO] 日志实例已初始化...
[2020-04-12 19:43:53:049] [vo.logVo.LogVo.<init>] [INFO] 日志实例已初始化...
[2020-04-12 19:43:53:051] [vo.logVo.LogVo.<init>] [INFO] 日志实例已初始化...
[2020-04-12 19:43:53:054] [vo.logVo.LogVo.<init>] [INFO] 日志实例已初始化...
[2020-04-12 19:43:53:056] [vo.logVo.LogVo.<init>] [INFO] 日志实例已初始化...
[2020-04-12 19:43:53:057] [vo.logVo.LogVo.<init>] [INFO] 日志实例已初始化...
[2020-04-12 19:43:53:059] [vo.logVo.LogVo.<init>] [INFO] 日志实例已初始化...
[2020-04-12 19:43:53:061] [vo.logVo.LogVo.<init>] [INFO] 日志实例已初始化...
[2020-04-12 19:43:53:063] [vo.logVo.LogVo.<init>] [INFO] 日志实例已初始化...
[2020-04-12 19:43:53:065] [vo.logVo.LogVo.<init>] [INFO] 日志实例已初始化...
[2020-04-12 19:43:53:067] [vo.logVo.LogVo.<init>] [INFO] 日志实例已初始化...
[2020-04-12 19:43:53:068] [vo.logVo.LogVo.<init>] [INFO] 日志实例已初始化...
[2020-04-12 19:43:53:070] [vo.logVo.LogVo.<init>] [INFO] 日志实例已初始化...
[2020-04-12 19:43:53:072] [vo.logVo.LogVo.<init>] [INFO] 日志实例已初始化...
[2020-04-12 19:43:53:073] [vo.logVo.LogVo.<init>] [INFO] 日志实例已初始化...
[2020-04-12 19:43:53:076] [vo.logVo.LogVo.<init>] [INFO] 日志实例已初始化...
[2020-04-12 19:43:53:078] [vo.logVo.LogVo.<init>] [INFO] 日志实例已初始化...
[2020-04-12 19:43:53:080] [vo.logVo.LogVo.<init>] [INFO] 日志实例已初始化...
[2020-04-12 19:43:53:081] [vo.logVo.LogVo.<init>] [INFO] 日志实例已初始化...
[2020-04-12 19:43:53:083] [vo.logVo.LogVo.<init>] [INFO] 日志实例已初始化...
[2020-04-12 19:43:53:085] [vo.logVo.LogVo.<init>] [INFO] 日志实例已初始化...
[2020-04-12 19:43:53:087] [vo.logVo.LogVo.<init>] [INFO] 日志实例已初始化...
[2020-04-12 19:43:53:089] [vo.logVo.LogVo.<init>] [INFO] 日志实例已初始化...
[2020-04-12 19:43:53:090] [vo.logVo.LogVo.<init>] [INFO] 日志实例已初始化...
[2020-04-12 19:43:53:093] [vo.logVo.LogVo.<init>] [INFO] 日志实例已初始化...
[2020-04-12 19:43:53:096] [vo.logVo.LogVo.<init>] [INFO] 日志实例已初始化...
[2020-04-12 19:43:53:099] [vo.logVo.LogVo.<init>] [INFO] 日志实例已初始化...
[2020-04-12 19:43:53:102] [vo.logVo.LogVo.<init>] [INFO] 日志实例已初始化...
[2020-04-12 19:43:53:104] [vo.logVo.LogVo.<init>] [INFO] 日志实例已初始化...
[2020-04-12 19:43:53:106] [vo.logVo.LogVo.<init>] [INFO] 日志实例已初始化...
[2020-04-12 19:43:53:108] [vo.logVo.LogVo.<init>] [INFO] 日志实例已初始化...
[2020-04-12 19:43:53:111] [vo.logVo.LogVo.<init>] [INFO] 日志实例已初始化...
[2020-04-12 19:43:53:113] [vo.logVo.LogVo.<init>] [INFO] 日志实例已初始化...
[2020-04-12 19:43:53:114] [vo.logVo.LogVo.<init>] [INFO] 日志实例已初始化...
[2020-04-12 19:43:53:116] [vo.logVo.LogVo.<init>] [INFO] 日志实例已初始化...
[2020-04-12 19:43:53:118] [vo.logVo.LogVo.<init>] [INFO] 日志实例已初始化...
[2020-04-12 19:43:53:121] [vo.logVo.LogVo.<init>] [INFO] 日志实例已初始化...
[2020-04-12 19:43:53:122] [vo.logVo.LogVo.<init>] [INFO] 日志实例已初始化...
[2020-04-12 19:43:53:124] [vo.logVo.LogVo.<init>] [INFO] 日志实例已初始化...
[2020-04-12 19:43:53:126] [vo.logVo.LogVo.<init>] [INFO] 日志实例已初始化...
[2020-04-12 19:43:53:128] [vo.logVo.LogVo.<init>] [INFO] 日志实例已初始化...
[2020-04-12 19:43:53:129] [vo.logVo.LogVo.<init>] [INFO] 日志实例已初始化...
[2020-04-12 19:43:53:131] [vo.logVo.LogVo.<init>] [INFO] 日志实例已初始化...
[2020-04-12 19:43:53:133] [vo.logVo.LogVo.<init>] [INFO] 日志实例已初始化...
[2020-04-12 19:43:53:136] [vo.logVo.LogVo.<init>] [INFO] 日志实例已初始化...
[2020-04-12 19:43:53:138] [vo.logVo.LogVo.<init>] [INFO] 日志实例已初始化...
[2020-04-12 19:43:53:140] [vo.logVo.LogVo.<init>] [INFO] 日志实例已初始化...
[2020-04-12 19:43:53:142] [vo.logVo.LogVo.<init>] [INFO] 日志实例已初始化...
[2020-04-12 19:43:53:143] [vo.logVo.LogVo.<init>] [INFO] 日志实例已初始化...
[2020-04-12 19:43:53:146] [vo.logVo.LogVo.<init>] [INFO] 日志实例已初始化...
[2020-04-12 19:43:53:147] [vo.logVo.LogVo.<init>] [INFO] 日志实例已初始化...
[2020-04-12 19:43:53:149] [vo.logVo.LogVo.<init>] [INFO] 日志实例已初始化...
[2020-04-12 19:43:53:151] [vo.logVo.LogVo.<init>] [INFO] 日志实例已初始化...
[2020-04-12 19:43:53:153] [vo.logVo.LogVo.<init>] [INFO] 日志实例已初始化...
[2020-04-12 19:43:53:155] [vo.logVo.LogVo.<init>] [INFO] 日志实例已初始化...
[2020-04-12 19:43:53:157] [vo.logVo.LogVo.<init>] [INFO] 日志实例已初始化...
[2020-04-12 19:43:53:159] [vo.logVo.LogVo.<init>] [INFO] 日志实例已初始化...
[2020-04-12 19:43:53:160] [vo.logVo.LogVo.<init>] [INFO] 日志实例已初始化...
[2020-04-12 19:43:53:162] [vo.logVo.LogVo.<init>] [INFO] 日志实例已初始化...
[2020-04-12 19:43:53:164] [vo.logVo.LogVo.<init>] [INFO] 日志实例已初始化...
[2020-04-12 19:43:53:166] [vo.logVo.LogVo.<init>] [INFO] 日志实例已初始化...
[2020-04-12 19:43:53:167] [vo.logVo.LogVo.<init>] [INFO] 日志实例已初始化...
[2020-04-12 19:43:53:171] [vo.logVo.LogVo.<init>] [INFO] 日志实例已初始化...
[2020-04-12 19:43:53:173] [vo.logVo.LogVo.<init>] [INFO] 日志实例已初始化...
[2020-04-12 19:43:53:175] [vo.logVo.LogVo.<init>] [INFO] 日志实例已初始化...
[2020-04-12 19:43:53:176] [vo.logVo.LogVo.<init>] [INFO] 日志实例已初始化...
[2020-04-12 19:43:53:178] [vo.logVo.LogVo.<init>] [INFO] 日志实例已初始化...
[2020-04-12 19:43:53:180] [vo.logVo.LogVo.<init>] [INFO] 日志实例已初始化...
[2020-04-12 19:43:53:181] [vo.logVo.LogVo.<init>] [INFO] 日志实例已初始化...
[2020-04-12 19:43:53:184] [vo.logVo.LogVo.<init>] [INFO] 日志实例已初始化...
[2020-04-12 19:43:53:186] [vo.logVo.LogVo.<init>] [INFO] 日志实例已初始化...
[2020-04-12 19:43:53:188] [vo.logVo.LogVo.<init>] [INFO] 日志实例已初始化...
[2020-04-12 19:43:53:190] [vo.logVo.LogVo.<init>] [INFO] 日志实例已初始化...
[2020-04-12 19:43:53:192] [vo.logVo.LogVo.<init>] [INFO] 日志实例已初始化...
[2020-04-12 19:43:53:193] [vo.logVo.LogVo.<init>] [INFO] 日志实例已初始化...
[2020-04-12 19:43:53:195] [vo.logVo.LogVo.<init>] [INFO] 日志实例已初始化...
[2020-04-12 19:43:53:197] [vo.logVo.LogVo.<init>] [INFO] 日志实例已初始化...
[2020-04-12 19:43:53:199] [vo.logVo.LogVo.<init>] [INFO] 日志实例已初始化...
[2020-04-12 19:43:53:202] [vo.logVo.LogVo.<init>] [INFO] 日志实例已初始化...
[2020-04-12 19:43:53:204] [vo.logVo.LogVo.<init>] [INFO] 日志实例已初始化...
[2020-04-12 19:43:53:206] [vo.logVo.LogVo.<init>] [INFO] 日志实例已初始化...
[2020-04-12 19:43:53:208] [vo.logVo.LogVo.<init>] [INFO] 日志实例已初始化...
[2020-04-12 19:43:53:210] [vo.logVo.LogVo.<init>] [INFO] 日志实例已初始化...
[2020-04-12 19:43:53:211] [vo.logVo.LogVo.<init>] [INFO] 日志实例已初始化...
[2020-04-12 19:43:53:215] [vo.logVo.LogVo.<init>] [INFO] 日志实例已初始化...
[2020-04-12 19:43:53:217] [vo.logVo.LogVo.<init>] [INFO] 日志实例已初始化...
[2020-04-12 19:43:53:220] [vo.logVo.LogVo.<init>] [INFO] 日志实例已初始化...
[2020-04-12 19:43:53:222] [vo.logVo.LogVo.<init>] [INFO] 日志实例已初始化...
[2020-04-12 19:43:53:224] [vo.logVo.LogVo.<init>] [INFO] 日志实例已初始化...
[2020-04-12 19:43:53:225] [vo.logVo.LogVo.<init>] [INFO] 日志实例已初始化...
[2020-04-12 19:43:53:227] [vo.logVo.LogVo.<init>] [INFO] 日志实例已初始化...
[2020-04-12 19:43:53:230] [vo.logVo.LogVo.<init>] [INFO] 日志实例已初始化...
[2020-04-12 19:43:53:232] [vo.logVo.LogVo.<init>] [INFO] 日志实例已初始化...
[2020-04-12 19:43:53:235] [vo.logVo.LogVo.<init>] [INFO] 日志实例已初始化...
[2020-04-12 19:43:53:237] [vo.logVo.LogVo.<init>] [INFO] 日志实例已初始化...
[2020-04-12 19:43:53:239] [vo.logVo.LogVo.<init>] [INFO] 日志实例已初始化...
[2020-04-12 19:43:53:242] [vo.logVo.LogVo.<init>] [INFO] 日志实例已初始化...
[2020-04-12 19:43:53:244] [vo.logVo.LogVo.<init>] [INFO] 日志实例已初始化...
[2020-04-12 19:43:53:247] [vo.logVo.LogVo.<init>] [INFO] 日志实例已初始化...
[2020-04-12 19:43:53:250] [vo.logVo.LogVo.<init>] [INFO] 日志实例已初始化...
[2020-04-12 19:43:53:253] [vo.logVo.LogVo.<init>] [INFO] 日志实例已初始化...
[2020-04-12 19:43:53:256] [vo.logVo.LogVo.<init>] [INFO] 日志实例已初始化...
[2020-04-12 19:43:53:259] [vo.logVo.LogVo.<init>] [INFO] 日志实例已初始化...
[2020-04-12 19:43:53:262] [vo.logVo.LogVo.<init>] [INFO] 日志实例已初始化...
[2020-04-12 19:43:53:264] [vo.logVo.LogVo.<init>] [INFO] 日志实例已初始化...
[2020-04-12 19:43:53:266] [vo.logVo.LogVo.<init>] [INFO] 日志实例已初始化...
[2020-04-12 19:43:53:269] [vo.logVo.LogVo.<init>] [INFO] 日志实例已初始化...
[2020-04-12 19:43:53:272] [vo.logVo.LogVo.<init>] [INFO] 日志实例已初始化...
[2020-04-12 19:43:53:274] [vo.logVo.LogVo.<init>] [INFO] 日志实例已初始化...
[2020-04-12 19:43:53:278] [vo.logVo.LogVo.<init>] [INFO] 日志实例已初始化...
[2020-04-12 19:43:53:280] [vo.logVo.LogVo.<init>] [INFO] 日志实例已初始化...
[2020-04-12 19:43:53:282] [vo.logVo.LogVo.<init>] [INFO] 日志实例已初始化...
[2020-04-12 19:43:53:285] [vo.logVo.LogVo.<init>] [INFO] 日志实例已初始化...
[2020-04-12 19:43:53:287] [vo.logVo.LogVo.<init>] [INFO] 日志实例已初始化...
[2020-04-12 19:43:53:289] [vo.logVo.LogVo.<init>] [INFO] 日志实例已初始化...
[2020-04-12 19:43:53:291] [vo.logVo.LogVo.<init>] [INFO] 日志实例已初始化...
[2020-04-12 19:43:53:294] [vo.logVo.LogVo.<init>] [INFO] 日志实例已初始化...
[2020-04-12 19:43:53:296] [vo.logVo.LogVo.<init>] [INFO] 日志实例已初始化...
[2020-04-12 19:43:53:299] [vo.logVo.LogVo.<init>] [INFO] 日志实例已初始化...
[2020-04-12 19:43:53:304] [vo.logVo.LogVo.<init>] [INFO] 日志实例已初始化...
[2020-04-12 19:43:53:307] [vo.logVo.LogVo.<init>] [INFO] 日志实例已初始化...
[2020-04-12 19:43:53:309] [vo.logVo.LogVo.<init>] [INFO] 日志实例已初始化...
[2020-04-12 19:43:53:310] [vo.logVo.LogVo.<init>] [INFO] 日志实例已初始化...
[2020-04-12 19:43:53:311] [vo.logVo.LogVo.<init>] [INFO] 日志实例已初始化...
[2020-04-12 19:43:53:313] [vo.logVo.LogVo.<init>] [INFO] 日志实例已初始化...
[2020-04-12 19:43:53:315] [vo.logVo.LogVo.<init>] [INFO] 日志实例已初始化...
[2020-04-12 19:43:53:319] [vo.logVo.LogVo.<init>] [INFO] 日志实例已初始化...
[2020-04-12 19:43:53:321] [vo.logVo.LogVo.<init>] [INFO] 日志实例已初始化...
[2020-04-12 19:43:53:327] [vo.logVo.LogVo.<init>] [INFO] 日志实例已初始化...
[2020-04-12 19:43:53:329] [vo.logVo.LogVo.<init>] [INFO] 日志实例已初始化...
[2020-04-12 19:43:53:332] [vo.logVo.LogVo.<init>] [INFO] 日志实例已初始化...
[2020-04-12 19:43:53:334] [vo.logVo.LogVo.<init>] [INFO] 日志实例已初始化...
[2020-04-12 19:43:53:337] [vo.logVo.LogVo.<init>] [INFO] 日志实例已初始化...
[2020-04-12 19:43:53:339] [vo.logVo.LogVo.<init>] [INFO] 日志实例已初始化...
[2020-04-12 19:43:53:341] [vo.logVo.LogVo.<init>] [INFO] 日志实例已初始化...
[2020-04-12 19:43:53:343] [vo.logVo.LogVo.<init>] [INFO] 日志实例已初始化...
[2020-04-12 19:43:53:346] [vo.logVo.LogVo.<init>] [INFO] 日志实例已初始化...
[2020-04-12 19:43:53:349] [vo.logVo.LogVo.<init>] [INFO] 日志实例已初始化...
[2020-04-12 19:43:53:353] [vo.logVo.LogVo.<init>] [INFO] 日志实例已初始化...
[2020-04-12 19:43:53:356] [vo.logVo.LogVo.<init>] [INFO] 日志实例已初始化...
[2020-04-12 19:43:53:359] [vo.logVo.LogVo.<init>] [INFO] 日志实例已初始化...
[2020-04-12 19:43:53:363] [vo.logVo.LogVo.<init>] [INFO] 日志实例已初始化...
[2020-04-12 19:43:53:366] [vo.logVo.LogVo.<init>] [INFO] 日志实例已初始化...
[2020-04-12 19:43:53:369] [vo.logVo.LogVo.<init>] [INFO] 日志实例已初始化...
[2020-04-12 19:43:53:372] [vo.logVo.LogVo.<init>] [INFO] 日志实例已初始化...
[2020-04-12 19:43:53:374] [vo.logVo.LogVo.<init>] [INFO] 日志实例已初始化...
[2020-04-12 19:43:53:376] [vo.logVo.LogVo.<init>] [INFO] 日志实例已初始化...
[2020-04-12 19:43:53:378] [vo.logVo.LogVo.<init>] [INFO] 日志实例已初始化...
[2020-04-12 19:43:53:380] [vo.logVo.LogVo.<init>] [INFO] 日志实例已初始化...
[2020-04-12 19:43:53:381] [vo.logVo.LogVo.<init>] [INFO] 日志实例已初始化...
[2020-04-12 19:43:53:386] [vo.logVo.LogVo.<init>] [INFO] 日志实例已初始化...
[2020-04-12 19:43:53:388] [vo.logVo.LogVo.<init>] [INFO] 日志实例已初始化...
[2020-04-12 19:43:53:391] [vo.logVo.LogVo.<init>] [INFO] 日志实例已初始化...
[2020-04-12 19:43:53:393] [vo.logVo.LogVo.<init>] [INFO] 日志实例已初始化...
[2020-04-12 19:43:53:396] [vo.logVo.LogVo.<init>] [INFO] 日志实例已初始化...
[2020-04-12 19:43:53:398] [vo.logVo.LogVo.<init>] [INFO] 日志实例已初始化...
[2020-04-12 19:43:53:401] [vo.logVo.LogVo.<init>] [INFO] 日志实例已初始化...
[2020-04-12 19:43:53:403] [vo.logVo.LogVo.<init>] [INFO] 日志实例已初始化...
[2020-04-12 19:43:53:406] [vo.logVo.LogVo.<init>] [INFO] 日志实例已初始化...
[2020-04-12 19:43:53:409] [vo.logVo.LogVo.<init>] [INFO] 日志实例已初始化...
[2020-04-12 19:43:53:413] [vo.logVo.LogVo.<init>] [INFO] 日志实例已初始化...
[2020-04-12 19:43:53:422] [vo.logVo.LogVo.<init>] [INFO] 日志实例已初始化...
[2020-04-12 19:43:53:428] [vo.logVo.LogVo.<init>] [INFO] 日志实例已初始化...
[2020-04-12 19:43:53:437] [vo.logVo.LogVo.<init>] [INFO] 日志实例已初始化...
[2020-04-12 19:43:53:443] [vo.logVo.LogVo.<init>] [INFO] 日志实例已初始化...
[2020-04-12 19:43:53:453] [vo.logVo.LogVo.<init>] [INFO] 日志实例已初始化...
[2020-04-12 19:43:53:458] [vo.logVo.LogVo.<init>] [INFO] 日志实例已初始化...
[2020-04-12 19:43:53:464] [vo.logVo.LogVo.<init>] [INFO] 日志实例已初始化...
[2020-04-12 19:43:53:473] [vo.logVo.LogVo.<init>] [INFO] 日志实例已初始化...
[2020-04-12 19:43:53:477] [vo.logVo.LogVo.<init>] [INFO] 日志实例已初始化...
[2020-04-12 19:43:53:480] [vo.logVo.LogVo.<init>] [INFO] 日志实例已初始化...
[2020-04-12 19:43:53:485] [vo.logVo.LogVo.<init>] [INFO] 日志实例已初始化...
[2020-04-12 19:43:53:489] [vo.logVo.LogVo.<init>] [INFO] 日志实例已初始化...
[2020-04-12 19:43:53:494] [vo.logVo.LogVo.<init>] [INFO] 日志实例已初始化...
[2020-04-12 19:43:53:497] [vo.logVo.LogVo.<init>] [INFO] 日志实例已初始化...
[2020-04-12 19:43:53:503] [vo.logVo.LogVo.<init>] [INFO] 日志实例已初始化...
[2020-04-12 19:43:53:507] [vo.logVo.LogVo.<init>] [INFO] 日志实例已初始化...
[2020-04-12 19:43:53:512] [vo.logVo.LogVo.<init>] [INFO] 日志实例已初始化...
[2020-04-12 19:43:53:515] [vo.logVo.LogVo.<init>] [INFO] 日志实例已初始化...
[2020-04-12 19:43:53:521] [vo.logVo.LogVo.<init>] [INFO] 日志实例已初始化...
[2020-04-12 19:43:53:524] [vo.logVo.LogVo.<init>] [INFO] 日志实例已初始化...
[2020-04-12 19:43:53:528] [vo.logVo.LogVo.<init>] [INFO] 日志实例已初始化...
[2020-04-12 19:43:53:536] [vo.logVo.LogVo.<init>] [INFO] 日志实例已初始化...
[2020-04-12 19:43:53:540] [vo.logVo.LogVo.<init>] [INFO] 日志实例已初始化...
[2020-04-12 19:43:53:545] [vo.logVo.LogVo.<init>] [INFO] 日志实例已初始化...
[2020-04-12 19:43:53:549] [vo.logVo.LogVo.<init>] [INFO] 日志实例已初始化...
[2020-04-12 19:43:53:554] [vo.logVo.LogVo.<init>] [INFO] 日志实例已初始化...
[2020-04-12 19:43:53:557] [vo.logVo.LogVo.<init>] [INFO] 日志实例已初始化...
[2020-04-12 19:43:53:561] [vo.logVo.LogVo.<init>] [INFO] 日志实例已初始化...
[2020-04-12 19:43:53:563] [vo.logVo.LogVo.<init>] [INFO] 日志实例已初始化...
[2020-04-12 19:43:53:566] [vo.logVo.LogVo.<init>] [INFO] 日志实例已初始化...
[2020-04-12 19:43:53:569] [vo.logVo.LogVo.<init>] [INFO] 日志实例已初始化...
[2020-04-12 19:43:53:573] [vo.logVo.LogVo.<init>] [INFO] 日志实例已初始化...
[2020-04-12 19:43:53:576] [vo.logVo.LogVo.<init>] [INFO] 日志实例已初始化...
[2020-04-12 19:43:53:580] [vo.logVo.LogVo.<init>] [INFO] 日志实例已初始化...
[2020-04-12 19:43:53:583] [vo.logVo.LogVo.<init>] [INFO] 日志实例已初始化...
[2020-04-12 19:43:53:585] [vo.logVo.LogVo.<init>] [INFO] 日志实例已初始化...
[2020-04-12 19:43:53:590] [vo.logVo.LogVo.<init>] [INFO] 日志实例已初始化...
[2020-04-12 19:43:53:593] [vo.logVo.LogVo.<init>] [INFO] 日志实例已初始化...
[2020-04-12 19:43:53:597] [vo.logVo.LogVo.<init>] [INFO] 日志实例已初始化...
[2020-04-12 19:43:53:599] [vo.logVo.LogVo.<init>] [INFO] 日志实例已初始化...
[2020-04-12 19:43:53:608] [vo.logVo.LogVo.<init>] [INFO] 日志实例已初始化...
[2020-04-12 19:43:53:612] [vo.logVo.LogVo.<init>] [INFO] 日志实例已初始化...
[2020-04-12 19:43:53:615] [vo.logVo.LogVo.<init>] [INFO] 日志实例已初始化...
[2020-04-12 19:43:53:618] [vo.logVo.LogVo.<init>] [INFO] 日志实例已初始化...
[2020-04-12 19:43:53:623] [vo.logVo.LogVo.<init>] [INFO] 日志实例已初始化...
[2020-04-12 19:43:53:625] [vo.logVo.LogVo.<init>] [INFO] 日志实例已初始化...
[2020-04-12 19:43:53:628] [vo.logVo.LogVo.<init>] [INFO] 日志实例已初始化...
[2020-04-12 19:43:53:630] [vo.logVo.LogVo.<init>] [INFO] 日志实例已初始化...
[2020-04-12 19:43:53:632] [vo.logVo.LogVo.<init>] [INFO] 日志实例已初始化...
[2020-04-12 19:43:53:636] [vo.logVo.LogVo.<init>] [INFO] 日志实例已初始化...
[2020-04-12 19:43:53:640] [vo.logVo.LogVo.<init>] [INFO] 日志实例已初始化...
[2020-04-12 19:43:53:644] [vo.logVo.LogVo.<init>] [INFO] 日志实例已初始化...
[2020-04-12 19:43:53:647] [vo.logVo.LogVo.<init>] [INFO] 日志实例已初始化...
[2020-04-12 19:43:53:653] [vo.logVo.LogVo.<init>] [INFO] 日志实例已初始化...
[2020-04-12 19:43:53:656] [vo.logVo.LogVo.<init>] [INFO] 日志实例已初始化...
[2020-04-12 19:43:53:660] [vo.logVo.LogVo.<init>] [INFO] 日志实例已初始化...
[2020-04-12 19:43:53:668] [vo.logVo.LogVo.<init>] [INFO] 日志实例已初始化...
[2020-04-12 19:43:53:673] [vo.logVo.LogVo.<init>] [INFO] 日志实例已初始化...
[2020-04-12 19:43:53:679] [vo.logVo.LogVo.<init>] [INFO] 日志实例已初始化...
[2020-04-12 19:43:53:684] [vo.logVo.LogVo.<init>] [INFO] 日志实例已初始化...
[2020-04-12 19:43:53:690] [vo.logVo.LogVo.<init>] [INFO] 日志实例已初始化...
[2020-04-12 19:43:53:696] [vo.logVo.LogVo.<init>] [INFO] 日志实例已初始化...
[2020-04-12 19:43:53:703] [vo.logVo.LogVo.<init>] [INFO] 日志实例已初始化...
[2020-04-12 19:43:53:707] [vo.logVo.LogVo.<init>] [INFO] 日志实例已初始化...
[2020-04-12 19:43:53:710] [vo.logVo.LogVo.<init>] [INFO] 日志实例已初始化...
[2020-04-12 19:43:53:713] [vo.logVo.LogVo.<init>] [INFO] 日志实例已初始化...
[2020-04-12 19:43:53:717] [vo.logVo.LogVo.<init>] [INFO] 日志实例已初始化...
[2020-04-12 19:43:53:722] [vo.logVo.LogVo.<init>] [INFO] 日志实例已初始化...
[2020-04-12 19:43:53:724] [vo.logVo.LogVo.<init>] [INFO] 日志实例已初始化...
[2020-04-12 19:43:53:726] [vo.logVo.LogVo.<init>] [INFO] 日志实例已初始化...
[2020-04-12 19:43:53:728] [vo.logVo.LogVo.<init>] [INFO] 日志实例已初始化...
[2020-04-12 19:43:53:732] [vo.logVo.LogVo.<init>] [INFO] 日志实例已初始化...
[2020-04-12 19:43:53:736] [vo.logVo.LogVo.<init>] [INFO] 日志实例已初始化...
[2020-04-12 19:43:53:739] [vo.logVo.LogVo.<init>] [INFO] 日志实例已初始化...
[2020-04-12 19:43:53:744] [vo.logVo.LogVo.<init>] [INFO] 日志实例已初始化...
[2020-04-12 19:43:53:747] [vo.logVo.LogVo.<init>] [INFO] 日志实例已初始化...
[2020-04-12 19:43:53:750] [vo.logVo.LogVo.<init>] [INFO] 日志实例已初始化...
[2020-04-12 19:43:53:755] [vo.logVo.LogVo.<init>] [INFO] 日志实例已初始化...
[2020-04-12 19:43:53:758] [vo.logVo.LogVo.<init>] [INFO] 日志实例已初始化...
[2020-04-12 19:43:53:761] [vo.logVo.LogVo.<init>] [INFO] 日志实例已初始化...
[2020-04-12 19:43:53:766] [vo.logVo.LogVo.<init>] [INFO] 日志实例已初始化...
[2020-04-12 19:43:53:770] [vo.logVo.LogVo.<init>] [INFO] 日志实例已初始化...
[2020-04-12 19:43:53:773] [vo.logVo.LogVo.<init>] [INFO] 日志实例已初始化...
[2020-04-12 19:43:53:775] [vo.logVo.LogVo.<init>] [INFO] 日志实例已初始化...
[2020-04-12 19:43:53:778] [vo.logVo.LogVo.<init>] [INFO] 日志实例已初始化...
[2020-04-12 19:43:53:780] [vo.logVo.LogVo.<init>] [INFO] 日志实例已初始化...
[2020-04-12 19:43:53:784] [vo.logVo.LogVo.<init>] [INFO] 日志实例已初始化...
[2020-04-12 19:43:53:788] [vo.logVo.LogVo.<init>] [INFO] 日志实例已初始化...
[2020-04-12 19:43:53:791] [vo.logVo.LogVo.<init>] [INFO] 日志实例已初始化...
[2020-04-12 19:43:53:794] [vo.logVo.LogVo.<init>] [INFO] 日志实例已初始化...
[2020-04-12 19:43:53:797] [vo.logVo.LogVo.<init>] [INFO] 日志实例已初始化...
[2020-04-12 19:43:53:804] [vo.logVo.LogVo.<init>] [INFO] 日志实例已初始化...
[2020-04-12 19:43:53:808] [vo.logVo.LogVo.<init>] [INFO] 日志实例已初始化...
[2020-04-12 19:43:53:811] [vo.logVo.LogVo.<init>] [INFO] 日志实例已初始化...
[2020-04-12 19:43:53:814] [vo.logVo.LogVo.<init>] [INFO] 日志实例已初始化...
[2020-04-12 19:43:53:817] [vo.logVo.LogVo.<init>] [INFO] 日志实例已初始化...
[2020-04-12 19:43:53:821] [vo.logVo.LogVo.<init>] [INFO] 日志实例已初始化...
[2020-04-12 19:43:53:838] [vo.logVo.LogVo.<init>] [INFO] 日志实例已初始化...
[2020-04-12 19:43:53:842] [vo.logVo.LogVo.<init>] [INFO] 日志实例已初始化...
[2020-04-12 19:43:53:846] [vo.logVo.LogVo.<init>] [INFO] 日志实例已初始化...
[2020-04-12 19:43:53:850] [vo.logVo.LogVo.<init>] [INFO] 日志实例已初始化...
[2020-04-12 19:43:53:862] [vo.logVo.LogVo.<init>] [INFO] 日志实例已初始化...
[2020-04-12 19:43:53:866] [vo.logVo.LogVo.<init>] [INFO] 日志实例已初始化...
[2020-04-12 19:43:53:875] [vo.logVo.LogVo.<init>] [INFO] 日志实例已初始化...
[2020-04-12 19:43:53:879] [vo.logVo.LogVo.<init>] [INFO] 日志实例已初始化...
[2020-04-12 19:43:53:882] [vo.logVo.LogVo.<init>] [INFO] 日志实例已初始化...
[2020-04-12 19:43:53:889] [vo.logVo.LogVo.<init>] [INFO] 日志实例已初始化...
[2020-04-12 19:43:53:893] [vo.logVo.LogVo.<init>] [INFO] 日志实例已初始化...
[2020-04-12 19:43:53:897] [vo.logVo.LogVo.<init>] [INFO] 日志实例已初始化...
[2020-04-12 19:43:53:901] [vo.logVo.LogVo.<init>] [INFO] 日志实例已初始化...
[2020-04-12 19:43:53:906] [vo.logVo.LogVo.<init>] [INFO] 日志实例已初始化...
[2020-04-12 19:43:53:912] [vo.logVo.LogVo.<init>] [INFO] 日志实例已初始化...
[2020-04-12 19:43:53:916] [vo.logVo.LogVo.<init>] [INFO] 日志实例已初始化...
[2020-04-12 19:43:53:926] [vo.logVo.LogVo.<init>] [INFO] 日志实例已初始化...
[2020-04-12 19:43:53:930] [vo.logVo.LogVo.<init>] [INFO] 日志实例已初始化...
[2020-04-12 19:43:53:934] [vo.logVo.LogVo.<init>] [INFO] 日志实例已初始化...
[2020-04-12 19:43:53:940] [vo.logVo.LogVo.<init>] [INFO] 日志实例已初始化...
[2020-04-12 19:43:53:946] [vo.logVo.LogVo.<init>] [INFO] 日志实例已初始化...
[2020-04-12 19:43:53:959] [vo.logVo.LogVo.<init>] [INFO] 日志实例已初始化...
[2020-04-12 19:43:53:963] [vo.logVo.LogVo.<init>] [INFO] 日志实例已初始化...
[2020-04-12 19:43:53:966] [vo.logVo.LogVo.<init>] [INFO] 日志实例已初始化...
[2020-04-12 19:43:53:971] [vo.logVo.LogVo.<init>] [INFO] 日志实例已初始化...
[2020-04-12 19:43:53:975] [vo.logVo.LogVo.<init>] [INFO] 日志实例已初始化...
[2020-04-12 19:43:53:978] [vo.logVo.LogVo.<init>] [INFO] 日志实例已初始化...
[2020-04-12 19:43:53:981] [vo.logVo.LogVo.<init>] [INFO] 日志实例已初始化...
[2020-04-12 19:43:53:987] [vo.logVo.LogVo.<init>] [INFO] 日志实例已初始化...
[2020-04-12 19:43:53:994] [vo.logVo.LogVo.<init>] [INFO] 日志实例已初始化...
[2020-04-12 19:43:53:999] [vo.logVo.LogVo.<init>] [INFO] 日志实例已初始化...
[2020-04-12 19:43:54:006] [vo.logVo.LogVo.<init>] [INFO] 日志实例已初始化...
[2020-04-12 19:43:54:011] [vo.logVo.LogVo.<init>] [INFO] 日志实例已初始化...
[2020-04-12 19:43:54:017] [vo.logVo.LogVo.<init>] [INFO] 日志实例已初始化...
[2020-04-12 19:43:54:021] [vo.logVo.LogVo.<init>] [INFO] 日志实例已初始化...
[2020-04-12 19:43:54:025] [vo.logVo.LogVo.<init>] [INFO] 日志实例已初始化...
[2020-04-12 19:43:54:029] [vo.logVo.LogVo.<init>] [INFO] 日志实例已初始化...
[2020-04-12 19:43:54:033] [vo.logVo.LogVo.<init>] [INFO] 日志实例已初始化...
[2020-04-12 19:43:54:037] [vo.logVo.LogVo.<init>] [INFO] 日志实例已初始化...
[2020-04-12 19:43:54:042] [vo.logVo.LogVo.<init>] [INFO] 日志实例已初始化...
[2020-04-12 19:43:54:045] [vo.logVo.LogVo.<init>] [INFO] 日志实例已初始化...
[2020-04-12 19:43:54:058] [vo.logVo.LogVo.<init>] [INFO] 日志实例已初始化...
[2020-04-12 19:43:54:083] [vo.logVo.LogVo.<init>] [INFO] 日志实例已初始化...
[2020-04-12 19:43:54:095] [vo.logVo.LogVo.<init>] [INFO] 日志实例已初始化...
[2020-04-12 19:43:54:098] [vo.logVo.LogVo.<init>] [INFO] 日志实例已初始化...
[2020-04-12 19:43:54:103] [vo.logVo.LogVo.<init>] [INFO] 日志实例已初始化...
[2020-04-12 19:43:54:107] [vo.logVo.LogVo.<init>] [INFO] 日志实例已初始化...
[2020-04-12 19:43:54:110] [vo.logVo.LogVo.<init>] [INFO] 日志实例已初始化...
[2020-04-12 19:43:54:114] [vo.logVo.LogVo.<init>] [INFO] 日志实例已初始化...
[2020-04-12 19:43:54:117] [vo.logVo.LogVo.<init>] [INFO] 日志实例已初始化...
[2020-04-12 19:43:54:120] [vo.logVo.LogVo.<init>] [INFO] 日志实例已初始化...
[2020-04-12 19:43:54:123] [vo.logVo.LogVo.<init>] [INFO] 日志实例已初始化...
[2020-04-12 19:43:54:125] [vo.logVo.LogVo.<init>] [INFO] 日志实例已初始化...
[2020-04-12 19:43:54:127] [vo.logVo.LogVo.<init>] [INFO] 日志实例已初始化...
[2020-04-12 19:43:54:129] [vo.logVo.LogVo.<init>] [INFO] 日志实例已初始化...
[2020-04-12 19:43:54:131] [vo.logVo.LogVo.<init>] [INFO] 日志实例已初始化...
[2020-04-12 19:43:54:134] [vo.logVo.LogVo.<init>] [INFO] 日志实例已初始化...
[2020-04-12 19:43:54:137] [vo.logVo.LogVo.<init>] [INFO] 日志实例已初始化...
[2020-04-12 19:43:54:140] [vo.logVo.LogVo.<init>] [INFO] 日志实例已初始化...
[2020-04-12 19:43:54:143] [vo.logVo.LogVo.<init>] [INFO] 日志实例已初始化...
[2020-04-12 19:43:54:145] [vo.logVo.LogVo.<init>] [INFO] 日志实例已初始化...
[2020-04-12 19:43:54:147] [vo.logVo.LogVo.<init>] [INFO] 日志实例已初始化...
[2020-04-12 19:43:54:149] [vo.logVo.LogVo.<init>] [INFO] 日志实例已初始化...
[2020-04-12 19:43:54:153] [vo.logVo.LogVo.<init>] [INFO] 日志实例已初始化...
[2020-04-12 19:43:54:156] [vo.logVo.LogVo.<init>] [INFO] 日志实例已初始化...
[2020-04-12 19:43:54:159] [vo.logVo.LogVo.<init>] [INFO] 日志实例已初始化...
[2020-04-12 19:43:54:162] [vo.logVo.LogVo.<init>] [INFO] 日志实例已初始化...
[2020-04-12 19:43:54:164] [vo.logVo.LogVo.<init>] [INFO] 日志实例已初始化...
[2020-04-12 19:43:54:166] [vo.logVo.LogVo.<init>] [INFO] 日志实例已初始化...
[2020-04-12 19:43:54:170] [vo.logVo.LogVo.<init>] [INFO] 日志实例已初始化...
[2020-04-12 19:43:54:173] [vo.logVo.LogVo.<init>] [INFO] 日志实例已初始化...
[2020-04-12 19:43:54:176] [vo.logVo.LogVo.<init>] [INFO] 日志实例已初始化...
[2020-04-12 19:43:54:178] [vo.logVo.LogVo.<init>] [INFO] 日志实例已初始化...
[2020-04-12 19:43:54:180] [vo.logVo.LogVo.<init>] [INFO] 日志实例已初始化...
[2020-04-12 19:43:54:183] [vo.logVo.LogVo.<init>] [INFO] 日志实例已初始化...
[2020-04-12 19:43:54:186] [vo.logVo.LogVo.<init>] [INFO] 日志实例已初始化...
[2020-04-12 19:43:54:188] [vo.logVo.LogVo.<init>] [INFO] 日志实例已初始化...
[2020-04-12 19:43:54:190] [vo.logVo.LogVo.<init>] [INFO] 日志实例已初始化...
[2020-04-12 19:43:54:191] [vo.logVo.LogVo.<init>] [INFO] 日志实例已初始化...
[2020-04-12 19:43:54:193] [vo.logVo.LogVo.<init>] [INFO] 日志实例已初始化...
[2020-04-12 19:43:54:195] [vo.logVo.LogVo.<init>] [INFO] 日志实例已初始化...
[2020-04-12 19:43:54:636] [vo.logVo.LogVo.<init>] [INFO] 日志实例已初始化...
[2020-04-12 19:43:54:780] [vo.logVo.LogVo.<init>] [INFO] 日志实例已初始化...
[2020-04-12 19:44:06:966] [action.userAction.LoginAction.execute] [INFO] admin 登录成功,登录时间:2020-04-12 19:44:06
[2020-04-12 19:45:17:949] [util.MyApplicationContextAnnotion.<init>] [INFO] 获取上下文工具类初始化成功!
[2020-04-12 19:45:18:286] [aop.AnnotationCommenAop.<init>] [INFO] 注解式切面已初始化...
[2020-04-12 19:45:19:779] [vo.logVo.LogVo.<init>] [INFO] 日志实例已初始化...
[2020-04-12 19:45:20:247] [aop.ConfigCommenAop.<init>] [INFO] 切面已初始化...
[2020-04-12 19:45:20:283] [vo.logVo.LogVo.<init>] [INFO] 日志实例已初始化...
[2020-04-12 19:45:20:290] [webservice.WebServiceInterface.<init>] [INFO] spring管理web service1
[2020-04-12 19:46:52:140] [action.userAction.LoginAction.destroySession] [INFO] admin退出成功！
[2020-04-12 19:51:23:618] [util.MyApplicationContextAnnotion.<init>] [INFO] 获取上下文工具类初始化成功!
[2020-04-12 19:51:23:966] [aop.AnnotationCommenAop.<init>] [INFO] 注解式切面已初始化...
[2020-04-12 19:51:28:102] [vo.logVo.LogVo.<init>] [INFO] 日志实例已初始化...
[2020-04-12 19:51:28:869] [aop.ConfigCommenAop.<init>] [INFO] 切面已初始化...
[2020-04-12 19:51:28:924] [vo.logVo.LogVo.<init>] [INFO] 日志实例已初始化...
[2020-04-12 19:51:28:937] [webservice.WebServiceInterface.<init>] [INFO] spring管理web service1
[2020-04-12 19:52:18:382] [vo.logVo.LogVo.<init>] [INFO] 日志实例已初始化...
[2020-04-12 19:52:18:669] [vo.logVo.LogVo.<init>] [INFO] 日志实例已初始化...
[2020-04-12 19:52:18:672] [vo.logVo.LogVo.<init>] [INFO] 日志实例已初始化...
[2020-04-12 19:52:18:675] [vo.logVo.LogVo.<init>] [INFO] 日志实例已初始化...
[2020-04-12 19:52:18:677] [vo.logVo.LogVo.<init>] [INFO] 日志实例已初始化...
[2020-04-12 19:52:18:679] [vo.logVo.LogVo.<init>] [INFO] 日志实例已初始化...
[2020-04-12 19:52:18:681] [vo.logVo.LogVo.<init>] [INFO] 日志实例已初始化...
[2020-04-12 19:52:18:686] [vo.logVo.LogVo.<init>] [INFO] 日志实例已初始化...
[2020-04-12 19:52:18:692] [vo.logVo.LogVo.<init>] [INFO] 日志实例已初始化...
[2020-04-12 19:52:18:695] [vo.logVo.LogVo.<init>] [INFO] 日志实例已初始化...
[2020-04-12 19:52:18:697] [vo.logVo.LogVo.<init>] [INFO] 日志实例已初始化...
[2020-04-12 19:52:18:699] [vo.logVo.LogVo.<init>] [INFO] 日志实例已初始化...
[2020-04-12 19:52:18:703] [vo.logVo.LogVo.<init>] [INFO] 日志实例已初始化...
[2020-04-12 19:52:18:709] [vo.logVo.LogVo.<init>] [INFO] 日志实例已初始化...
[2020-04-12 19:52:18:712] [vo.logVo.LogVo.<init>] [INFO] 日志实例已初始化...
[2020-04-12 19:52:18:715] [vo.logVo.LogVo.<init>] [INFO] 日志实例已初始化...
[2020-04-12 19:52:18:724] [vo.logVo.LogVo.<init>] [INFO] 日志实例已初始化...
[2020-04-12 19:52:18:726] [vo.logVo.LogVo.<init>] [INFO] 日志实例已初始化...
[2020-04-12 19:52:18:730] [vo.logVo.LogVo.<init>] [INFO] 日志实例已初始化...
[2020-04-12 19:52:18:734] [vo.logVo.LogVo.<init>] [INFO] 日志实例已初始化...
[2020-04-12 19:52:18:741] [vo.logVo.LogVo.<init>] [INFO] 日志实例已初始化...
[2020-04-12 19:52:18:745] [vo.logVo.LogVo.<init>] [INFO] 日志实例已初始化...
[2020-04-12 19:52:18:746] [vo.logVo.LogVo.<init>] [INFO] 日志实例已初始化...
[2020-04-12 19:52:18:748] [vo.logVo.LogVo.<init>] [INFO] 日志实例已初始化...
[2020-04-12 19:52:18:751] [vo.logVo.LogVo.<init>] [INFO] 日志实例已初始化...
[2020-04-12 19:52:18:753] [vo.logVo.LogVo.<init>] [INFO] 日志实例已初始化...
[2020-04-12 19:52:18:755] [vo.logVo.LogVo.<init>] [INFO] 日志实例已初始化...
[2020-04-12 19:52:18:760] [vo.logVo.LogVo.<init>] [INFO] 日志实例已初始化...
[2020-04-12 19:52:18:762] [vo.logVo.LogVo.<init>] [INFO] 日志实例已初始化...
[2020-04-12 19:52:18:769] [vo.logVo.LogVo.<init>] [INFO] 日志实例已初始化...
[2020-04-12 19:52:18:773] [vo.logVo.LogVo.<init>] [INFO] 日志实例已初始化...
[2020-04-12 19:52:18:777] [vo.logVo.LogVo.<init>] [INFO] 日志实例已初始化...
[2020-04-12 19:52:18:784] [vo.logVo.LogVo.<init>] [INFO] 日志实例已初始化...
[2020-04-12 19:52:18:786] [vo.logVo.LogVo.<init>] [INFO] 日志实例已初始化...
[2020-04-12 19:52:18:789] [vo.logVo.LogVo.<init>] [INFO] 日志实例已初始化...
[2020-04-12 19:52:18:794] [vo.logVo.LogVo.<init>] [INFO] 日志实例已初始化...
[2020-04-12 19:52:18:797] [vo.logVo.LogVo.<init>] [INFO] 日志实例已初始化...
[2020-04-12 19:52:18:798] [vo.logVo.LogVo.<init>] [INFO] 日志实例已初始化...
[2020-04-12 19:52:18:800] [vo.logVo.LogVo.<init>] [INFO] 日志实例已初始化...
[2020-04-12 19:52:18:804] [vo.logVo.LogVo.<init>] [INFO] 日志实例已初始化...
[2020-04-12 19:52:18:809] [vo.logVo.LogVo.<init>] [INFO] 日志实例已初始化...
[2020-04-12 19:52:18:811] [vo.logVo.LogVo.<init>] [INFO] 日志实例已初始化...
[2020-04-12 19:52:18:814] [vo.logVo.LogVo.<init>] [INFO] 日志实例已初始化...
[2020-04-12 19:52:18:816] [vo.logVo.LogVo.<init>] [INFO] 日志实例已初始化...
[2020-04-12 19:52:18:817] [vo.logVo.LogVo.<init>] [INFO] 日志实例已初始化...
[2020-04-12 19:52:18:819] [vo.logVo.LogVo.<init>] [INFO] 日志实例已初始化...
[2020-04-12 19:52:18:821] [vo.logVo.LogVo.<init>] [INFO] 日志实例已初始化...
[2020-04-12 19:52:18:825] [vo.logVo.LogVo.<init>] [INFO] 日志实例已初始化...
[2020-04-12 19:52:18:828] [vo.logVo.LogVo.<init>] [INFO] 日志实例已初始化...
[2020-04-12 19:52:18:830] [vo.logVo.LogVo.<init>] [INFO] 日志实例已初始化...
[2020-04-12 19:52:18:832] [vo.logVo.LogVo.<init>] [INFO] 日志实例已初始化...
[2020-04-12 19:52:18:833] [vo.logVo.LogVo.<init>] [INFO] 日志实例已初始化...
[2020-04-12 19:52:18:835] [vo.logVo.LogVo.<init>] [INFO] 日志实例已初始化...
[2020-04-12 19:52:18:840] [vo.logVo.LogVo.<init>] [INFO] 日志实例已初始化...
[2020-04-12 19:52:18:842] [vo.logVo.LogVo.<init>] [INFO] 日志实例已初始化...
[2020-04-12 19:52:18:844] [vo.logVo.LogVo.<init>] [INFO] 日志实例已初始化...
[2020-04-12 19:52:18:846] [vo.logVo.LogVo.<init>] [INFO] 日志实例已初始化...
[2020-04-12 19:52:18:848] [vo.logVo.LogVo.<init>] [INFO] 日志实例已初始化...
[2020-04-12 19:52:18:849] [vo.logVo.LogVo.<init>] [INFO] 日志实例已初始化...
[2020-04-12 19:52:18:854] [vo.logVo.LogVo.<init>] [INFO] 日志实例已初始化...
[2020-04-12 19:52:18:858] [vo.logVo.LogVo.<init>] [INFO] 日志实例已初始化...
[2020-04-12 19:52:18:862] [vo.logVo.LogVo.<init>] [INFO] 日志实例已初始化...
[2020-04-12 19:52:18:864] [vo.logVo.LogVo.<init>] [INFO] 日志实例已初始化...
[2020-04-12 19:52:18:865] [vo.logVo.LogVo.<init>] [INFO] 日志实例已初始化...
[2020-04-12 19:52:18:867] [vo.logVo.LogVo.<init>] [INFO] 日志实例已初始化...
[2020-04-12 19:52:18:869] [vo.logVo.LogVo.<init>] [INFO] 日志实例已初始化...
[2020-04-12 19:52:18:871] [vo.logVo.LogVo.<init>] [INFO] 日志实例已初始化...
[2020-04-12 19:52:18:872] [vo.logVo.LogVo.<init>] [INFO] 日志实例已初始化...
[2020-04-12 19:52:18:878] [vo.logVo.LogVo.<init>] [INFO] 日志实例已初始化...
[2020-04-12 19:52:18:884] [vo.logVo.LogVo.<init>] [INFO] 日志实例已初始化...
[2020-04-12 19:52:18:886] [vo.logVo.LogVo.<init>] [INFO] 日志实例已初始化...
[2020-04-12 19:52:18:890] [vo.logVo.LogVo.<init>] [INFO] 日志实例已初始化...
[2020-04-12 19:52:18:892] [vo.logVo.LogVo.<init>] [INFO] 日志实例已初始化...
[2020-04-12 19:52:18:894] [vo.logVo.LogVo.<init>] [INFO] 日志实例已初始化...
[2020-04-12 19:52:18:900] [vo.logVo.LogVo.<init>] [INFO] 日志实例已初始化...
[2020-04-12 19:52:18:904] [vo.logVo.LogVo.<init>] [INFO] 日志实例已初始化...
[2020-04-12 19:52:18:907] [vo.logVo.LogVo.<init>] [INFO] 日志实例已初始化...
[2020-04-12 19:52:18:910] [vo.logVo.LogVo.<init>] [INFO] 日志实例已初始化...
[2020-04-12 19:52:18:912] [vo.logVo.LogVo.<init>] [INFO] 日志实例已初始化...
[2020-04-12 19:52:18:915] [vo.logVo.LogVo.<init>] [INFO] 日志实例已初始化...
[2020-04-12 19:52:18:917] [vo.logVo.LogVo.<init>] [INFO] 日志实例已初始化...
[2020-04-12 19:52:18:919] [vo.logVo.LogVo.<init>] [INFO] 日志实例已初始化...
[2020-04-12 19:52:18:920] [vo.logVo.LogVo.<init>] [INFO] 日志实例已初始化...
[2020-04-12 19:52:18:923] [vo.logVo.LogVo.<init>] [INFO] 日志实例已初始化...
[2020-04-12 19:52:18:926] [vo.logVo.LogVo.<init>] [INFO] 日志实例已初始化...
[2020-04-12 19:52:18:928] [vo.logVo.LogVo.<init>] [INFO] 日志实例已初始化...
[2020-04-12 19:52:18:930] [vo.logVo.LogVo.<init>] [INFO] 日志实例已初始化...
[2020-04-12 19:52:18:933] [vo.logVo.LogVo.<init>] [INFO] 日志实例已初始化...
[2020-04-12 19:52:18:939] [vo.logVo.LogVo.<init>] [INFO] 日志实例已初始化...
[2020-04-12 19:52:18:941] [vo.logVo.LogVo.<init>] [INFO] 日志实例已初始化...
[2020-04-12 19:52:18:945] [vo.logVo.LogVo.<init>] [INFO] 日志实例已初始化...
[2020-04-12 19:52:18:948] [vo.logVo.LogVo.<init>] [INFO] 日志实例已初始化...
[2020-04-12 19:52:18:953] [vo.logVo.LogVo.<init>] [INFO] 日志实例已初始化...
[2020-04-12 19:52:18:956] [vo.logVo.LogVo.<init>] [INFO] 日志实例已初始化...
[2020-04-12 19:52:18:960] [vo.logVo.LogVo.<init>] [INFO] 日志实例已初始化...
[2020-04-12 19:52:18:964] [vo.logVo.LogVo.<init>] [INFO] 日志实例已初始化...
[2020-04-12 19:52:18:970] [vo.logVo.LogVo.<init>] [INFO] 日志实例已初始化...
[2020-04-12 19:52:18:972] [vo.logVo.LogVo.<init>] [INFO] 日志实例已初始化...
[2020-04-12 19:52:18:976] [vo.logVo.LogVo.<init>] [INFO] 日志实例已初始化...
[2020-04-12 19:52:18:980] [vo.logVo.LogVo.<init>] [INFO] 日志实例已初始化...
[2020-04-12 19:52:18:981] [vo.logVo.LogVo.<init>] [INFO] 日志实例已初始化...
[2020-04-12 19:52:18:990] [vo.logVo.LogVo.<init>] [INFO] 日志实例已初始化...
[2020-04-12 19:52:18:994] [vo.logVo.LogVo.<init>] [INFO] 日志实例已初始化...
[2020-04-12 19:52:18:997] [vo.logVo.LogVo.<init>] [INFO] 日志实例已初始化...
[2020-04-12 19:52:19:002] [vo.logVo.LogVo.<init>] [INFO] 日志实例已初始化...
[2020-04-12 19:52:19:006] [vo.logVo.LogVo.<init>] [INFO] 日志实例已初始化...
[2020-04-12 19:52:19:011] [vo.logVo.LogVo.<init>] [INFO] 日志实例已初始化...
[2020-04-12 19:52:19:013] [vo.logVo.LogVo.<init>] [INFO] 日志实例已初始化...
[2020-04-12 19:52:19:019] [vo.logVo.LogVo.<init>] [INFO] 日志实例已初始化...
[2020-04-12 19:52:19:027] [vo.logVo.LogVo.<init>] [INFO] 日志实例已初始化...
[2020-04-12 19:52:19:030] [vo.logVo.LogVo.<init>] [INFO] 日志实例已初始化...
[2020-04-12 19:52:19:032] [vo.logVo.LogVo.<init>] [INFO] 日志实例已初始化...
[2020-04-12 19:52:19:033] [vo.logVo.LogVo.<init>] [INFO] 日志实例已初始化...
[2020-04-12 19:52:19:036] [vo.logVo.LogVo.<init>] [INFO] 日志实例已初始化...
[2020-04-12 19:52:19:038] [vo.logVo.LogVo.<init>] [INFO] 日志实例已初始化...
[2020-04-12 19:52:19:040] [vo.logVo.LogVo.<init>] [INFO] 日志实例已初始化...
[2020-04-12 19:52:19:043] [vo.logVo.LogVo.<init>] [INFO] 日志实例已初始化...
[2020-04-12 19:52:19:049] [vo.logVo.LogVo.<init>] [INFO] 日志实例已初始化...
[2020-04-12 19:52:19:051] [vo.logVo.LogVo.<init>] [INFO] 日志实例已初始化...
[2020-04-12 19:52:19:052] [vo.logVo.LogVo.<init>] [INFO] 日志实例已初始化...
[2020-04-12 19:52:19:055] [vo.logVo.LogVo.<init>] [INFO] 日志实例已初始化...
[2020-04-12 19:52:19:060] [vo.logVo.LogVo.<init>] [INFO] 日志实例已初始化...
[2020-04-12 19:52:19:062] [vo.logVo.LogVo.<init>] [INFO] 日志实例已初始化...
[2020-04-12 19:52:19:064] [vo.logVo.LogVo.<init>] [INFO] 日志实例已初始化...
[2020-04-12 19:52:19:066] [vo.logVo.LogVo.<init>] [INFO] 日志实例已初始化...
[2020-04-12 19:52:19:069] [vo.logVo.LogVo.<init>] [INFO] 日志实例已初始化...
[2020-04-12 19:52:19:071] [vo.logVo.LogVo.<init>] [INFO] 日志实例已初始化...
[2020-04-12 19:52:19:075] [vo.logVo.LogVo.<init>] [INFO] 日志实例已初始化...
[2020-04-12 19:52:19:078] [vo.logVo.LogVo.<init>] [INFO] 日志实例已初始化...
[2020-04-12 19:52:19:081] [vo.logVo.LogVo.<init>] [INFO] 日志实例已初始化...
[2020-04-12 19:52:19:083] [vo.logVo.LogVo.<init>] [INFO] 日志实例已初始化...
[2020-04-12 19:52:19:087] [vo.logVo.LogVo.<init>] [INFO] 日志实例已初始化...
[2020-04-12 19:52:19:091] [vo.logVo.LogVo.<init>] [INFO] 日志实例已初始化...
[2020-04-12 19:52:19:093] [vo.logVo.LogVo.<init>] [INFO] 日志实例已初始化...
[2020-04-12 19:52:19:097] [vo.logVo.LogVo.<init>] [INFO] 日志实例已初始化...
[2020-04-12 19:52:19:102] [vo.logVo.LogVo.<init>] [INFO] 日志实例已初始化...
[2020-04-12 19:52:19:106] [vo.logVo.LogVo.<init>] [INFO] 日志实例已初始化...
[2020-04-12 19:52:19:108] [vo.logVo.LogVo.<init>] [INFO] 日志实例已初始化...
[2020-04-12 19:52:19:111] [vo.logVo.LogVo.<init>] [INFO] 日志实例已初始化...
[2020-04-12 19:52:19:113] [vo.logVo.LogVo.<init>] [INFO] 日志实例已初始化...
[2020-04-12 19:52:19:115] [vo.logVo.LogVo.<init>] [INFO] 日志实例已初始化...
[2020-04-12 19:52:19:118] [vo.logVo.LogVo.<init>] [INFO] 日志实例已初始化...
[2020-04-12 19:52:19:120] [vo.logVo.LogVo.<init>] [INFO] 日志实例已初始化...
[2020-04-12 19:52:19:121] [vo.logVo.LogVo.<init>] [INFO] 日志实例已初始化...
[2020-04-12 19:52:19:125] [vo.logVo.LogVo.<init>] [INFO] 日志实例已初始化...
[2020-04-12 19:52:19:128] [vo.logVo.LogVo.<init>] [INFO] 日志实例已初始化...
[2020-04-12 19:52:19:131] [vo.logVo.LogVo.<init>] [INFO] 日志实例已初始化...
[2020-04-12 19:52:19:133] [vo.logVo.LogVo.<init>] [INFO] 日志实例已初始化...
[2020-04-12 19:52:19:135] [vo.logVo.LogVo.<init>] [INFO] 日志实例已初始化...
[2020-04-12 19:52:19:139] [vo.logVo.LogVo.<init>] [INFO] 日志实例已初始化...
[2020-04-12 19:52:19:141] [vo.logVo.LogVo.<init>] [INFO] 日志实例已初始化...
[2020-04-12 19:52:19:144] [vo.logVo.LogVo.<init>] [INFO] 日志实例已初始化...
[2020-04-12 19:52:19:147] [vo.logVo.LogVo.<init>] [INFO] 日志实例已初始化...
[2020-04-12 19:52:19:149] [vo.logVo.LogVo.<init>] [INFO] 日志实例已初始化...
[2020-04-12 19:52:19:151] [vo.logVo.LogVo.<init>] [INFO] 日志实例已初始化...
[2020-04-12 19:52:19:154] [vo.logVo.LogVo.<init>] [INFO] 日志实例已初始化...
[2020-04-12 19:52:19:158] [vo.logVo.LogVo.<init>] [INFO] 日志实例已初始化...
[2020-04-12 19:52:19:161] [vo.logVo.LogVo.<init>] [INFO] 日志实例已初始化...
[2020-04-12 19:52:19:164] [vo.logVo.LogVo.<init>] [INFO] 日志实例已初始化...
[2020-04-12 19:52:19:167] [vo.logVo.LogVo.<init>] [INFO] 日志实例已初始化...
[2020-04-12 19:52:19:169] [vo.logVo.LogVo.<init>] [INFO] 日志实例已初始化...
[2020-04-12 19:52:19:172] [vo.logVo.LogVo.<init>] [INFO] 日志实例已初始化...
[2020-04-12 19:52:19:174] [vo.logVo.LogVo.<init>] [INFO] 日志实例已初始化...
[2020-04-12 19:52:19:177] [vo.logVo.LogVo.<init>] [INFO] 日志实例已初始化...
[2020-04-12 19:52:19:179] [vo.logVo.LogVo.<init>] [INFO] 日志实例已初始化...
[2020-04-12 19:52:19:182] [vo.logVo.LogVo.<init>] [INFO] 日志实例已初始化...
[2020-04-12 19:52:19:185] [vo.logVo.LogVo.<init>] [INFO] 日志实例已初始化...
[2020-04-12 19:52:19:188] [vo.logVo.LogVo.<init>] [INFO] 日志实例已初始化...
[2020-04-12 19:52:19:191] [vo.logVo.LogVo.<init>] [INFO] 日志实例已初始化...
[2020-04-12 19:52:19:193] [vo.logVo.LogVo.<init>] [INFO] 日志实例已初始化...
[2020-04-12 19:52:19:195] [vo.logVo.LogVo.<init>] [INFO] 日志实例已初始化...
[2020-04-12 19:52:19:197] [vo.logVo.LogVo.<init>] [INFO] 日志实例已初始化...
[2020-04-12 19:52:19:199] [vo.logVo.LogVo.<init>] [INFO] 日志实例已初始化...
[2020-04-12 19:52:19:201] [vo.logVo.LogVo.<init>] [INFO] 日志实例已初始化...
[2020-04-12 19:52:19:203] [vo.logVo.LogVo.<init>] [INFO] 日志实例已初始化...
[2020-04-12 19:52:19:206] [vo.logVo.LogVo.<init>] [INFO] 日志实例已初始化...
[2020-04-12 19:52:19:207] [vo.logVo.LogVo.<init>] [INFO] 日志实例已初始化...
[2020-04-12 19:52:19:210] [vo.logVo.LogVo.<init>] [INFO] 日志实例已初始化...
[2020-04-12 19:52:19:212] [vo.logVo.LogVo.<init>] [INFO] 日志实例已初始化...
[2020-04-12 19:52:19:214] [vo.logVo.LogVo.<init>] [INFO] 日志实例已初始化...
[2020-04-12 19:52:19:217] [vo.logVo.LogVo.<init>] [INFO] 日志实例已初始化...
[2020-04-12 19:52:19:218] [vo.logVo.LogVo.<init>] [INFO] 日志实例已初始化...
[2020-04-12 19:52:19:220] [vo.logVo.LogVo.<init>] [INFO] 日志实例已初始化...
[2020-04-12 19:52:19:222] [vo.logVo.LogVo.<init>] [INFO] 日志实例已初始化...
[2020-04-12 19:52:19:224] [vo.logVo.LogVo.<init>] [INFO] 日志实例已初始化...
[2020-04-12 19:52:19:226] [vo.logVo.LogVo.<init>] [INFO] 日志实例已初始化...
[2020-04-12 19:52:19:227] [vo.logVo.LogVo.<init>] [INFO] 日志实例已初始化...
[2020-04-12 19:52:19:230] [vo.logVo.LogVo.<init>] [INFO] 日志实例已初始化...
[2020-04-12 19:52:19:232] [vo.logVo.LogVo.<init>] [INFO] 日志实例已初始化...
[2020-04-12 19:52:19:233] [vo.logVo.LogVo.<init>] [INFO] 日志实例已初始化...
[2020-04-12 19:52:19:235] [vo.logVo.LogVo.<init>] [INFO] 日志实例已初始化...
[2020-04-12 19:52:19:237] [vo.logVo.LogVo.<init>] [INFO] 日志实例已初始化...
[2020-04-12 19:52:19:239] [vo.logVo.LogVo.<init>] [INFO] 日志实例已初始化...
[2020-04-12 19:52:19:241] [vo.logVo.LogVo.<init>] [INFO] 日志实例已初始化...
[2020-04-12 19:52:19:243] [vo.logVo.LogVo.<init>] [INFO] 日志实例已初始化...
[2020-04-12 19:52:19:246] [vo.logVo.LogVo.<init>] [INFO] 日志实例已初始化...
[2020-04-12 19:52:19:248] [vo.logVo.LogVo.<init>] [INFO] 日志实例已初始化...
[2020-04-12 19:52:19:250] [vo.logVo.LogVo.<init>] [INFO] 日志实例已初始化...
[2020-04-12 19:52:19:251] [vo.logVo.LogVo.<init>] [INFO] 日志实例已初始化...
[2020-04-12 19:52:19:253] [vo.logVo.LogVo.<init>] [INFO] 日志实例已初始化...
[2020-04-12 19:52:19:255] [vo.logVo.LogVo.<init>] [INFO] 日志实例已初始化...
[2020-04-12 19:52:19:257] [vo.logVo.LogVo.<init>] [INFO] 日志实例已初始化...
[2020-04-12 19:52:19:259] [vo.logVo.LogVo.<init>] [INFO] 日志实例已初始化...
[2020-04-12 19:52:19:261] [vo.logVo.LogVo.<init>] [INFO] 日志实例已初始化...
[2020-04-12 19:52:19:264] [vo.logVo.LogVo.<init>] [INFO] 日志实例已初始化...
[2020-04-12 19:52:19:265] [vo.logVo.LogVo.<init>] [INFO] 日志实例已初始化...
[2020-04-12 19:52:19:267] [vo.logVo.LogVo.<init>] [INFO] 日志实例已初始化...
[2020-04-12 19:52:19:269] [vo.logVo.LogVo.<init>] [INFO] 日志实例已初始化...
[2020-04-12 19:52:19:271] [vo.logVo.LogVo.<init>] [INFO] 日志实例已初始化...
[2020-04-12 19:52:19:273] [vo.logVo.LogVo.<init>] [INFO] 日志实例已初始化...
[2020-04-12 19:52:19:276] [vo.logVo.LogVo.<init>] [INFO] 日志实例已初始化...
[2020-04-12 19:52:19:278] [vo.logVo.LogVo.<init>] [INFO] 日志实例已初始化...
[2020-04-12 19:52:19:280] [vo.logVo.LogVo.<init>] [INFO] 日志实例已初始化...
[2020-04-12 19:52:19:281] [vo.logVo.LogVo.<init>] [INFO] 日志实例已初始化...
[2020-04-12 19:52:19:283] [vo.logVo.LogVo.<init>] [INFO] 日志实例已初始化...
[2020-04-12 19:52:19:285] [vo.logVo.LogVo.<init>] [INFO] 日志实例已初始化...
[2020-04-12 19:52:19:287] [vo.logVo.LogVo.<init>] [INFO] 日志实例已初始化...
[2020-04-12 19:52:19:288] [vo.logVo.LogVo.<init>] [INFO] 日志实例已初始化...
[2020-04-12 19:52:19:291] [vo.logVo.LogVo.<init>] [INFO] 日志实例已初始化...
[2020-04-12 19:52:19:293] [vo.logVo.LogVo.<init>] [INFO] 日志实例已初始化...
[2020-04-12 19:52:19:296] [vo.logVo.LogVo.<init>] [INFO] 日志实例已初始化...
[2020-04-12 19:52:19:298] [vo.logVo.LogVo.<init>] [INFO] 日志实例已初始化...
[2020-04-12 19:52:19:300] [vo.logVo.LogVo.<init>] [INFO] 日志实例已初始化...
[2020-04-12 19:52:19:302] [vo.logVo.LogVo.<init>] [INFO] 日志实例已初始化...
[2020-04-12 19:52:19:303] [vo.logVo.LogVo.<init>] [INFO] 日志实例已初始化...
[2020-04-12 19:52:19:305] [vo.logVo.LogVo.<init>] [INFO] 日志实例已初始化...
[2020-04-12 19:52:19:307] [vo.logVo.LogVo.<init>] [INFO] 日志实例已初始化...
[2020-04-12 19:52:19:309] [vo.logVo.LogVo.<init>] [INFO] 日志实例已初始化...
[2020-04-12 19:52:19:311] [vo.logVo.LogVo.<init>] [INFO] 日志实例已初始化...
[2020-04-12 19:52:19:313] [vo.logVo.LogVo.<init>] [INFO] 日志实例已初始化...
[2020-04-12 19:52:19:316] [vo.logVo.LogVo.<init>] [INFO] 日志实例已初始化...
[2020-04-12 19:52:19:319] [vo.logVo.LogVo.<init>] [INFO] 日志实例已初始化...
[2020-04-12 19:52:19:321] [vo.logVo.LogVo.<init>] [INFO] 日志实例已初始化...
[2020-04-12 19:52:19:322] [vo.logVo.LogVo.<init>] [INFO] 日志实例已初始化...
[2020-04-12 19:52:19:325] [vo.logVo.LogVo.<init>] [INFO] 日志实例已初始化...
[2020-04-12 19:52:19:327] [vo.logVo.LogVo.<init>] [INFO] 日志实例已初始化...
[2020-04-12 19:52:19:329] [vo.logVo.LogVo.<init>] [INFO] 日志实例已初始化...
[2020-04-12 19:52:19:331] [vo.logVo.LogVo.<init>] [INFO] 日志实例已初始化...
[2020-04-12 19:52:19:332] [vo.logVo.LogVo.<init>] [INFO] 日志实例已初始化...
[2020-04-12 19:52:19:334] [vo.logVo.LogVo.<init>] [INFO] 日志实例已初始化...
[2020-04-12 19:52:19:336] [vo.logVo.LogVo.<init>] [INFO] 日志实例已初始化...
[2020-04-12 19:52:19:338] [vo.logVo.LogVo.<init>] [INFO] 日志实例已初始化...
[2020-04-12 19:52:19:341] [vo.logVo.LogVo.<init>] [INFO] 日志实例已初始化...
[2020-04-12 19:52:19:343] [vo.logVo.LogVo.<init>] [INFO] 日志实例已初始化...
[2020-04-12 19:52:19:345] [vo.logVo.LogVo.<init>] [INFO] 日志实例已初始化...
[2020-04-12 19:52:19:347] [vo.logVo.LogVo.<init>] [INFO] 日志实例已初始化...
[2020-04-12 19:52:19:349] [vo.logVo.LogVo.<init>] [INFO] 日志实例已初始化...
[2020-04-12 19:52:19:350] [vo.logVo.LogVo.<init>] [INFO] 日志实例已初始化...
[2020-04-12 19:52:19:352] [vo.logVo.LogVo.<init>] [INFO] 日志实例已初始化...
[2020-04-12 19:52:19:354] [vo.logVo.LogVo.<init>] [INFO] 日志实例已初始化...
[2020-04-12 19:52:19:356] [vo.logVo.LogVo.<init>] [INFO] 日志实例已初始化...
[2020-04-12 19:52:19:358] [vo.logVo.LogVo.<init>] [INFO] 日志实例已初始化...
[2020-04-12 19:52:19:360] [vo.logVo.LogVo.<init>] [INFO] 日志实例已初始化...
[2020-04-12 19:52:19:363] [vo.logVo.LogVo.<init>] [INFO] 日志实例已初始化...
[2020-04-12 19:52:19:370] [vo.logVo.LogVo.<init>] [INFO] 日志实例已初始化...
[2020-04-12 19:52:19:374] [vo.logVo.LogVo.<init>] [INFO] 日志实例已初始化...
[2020-04-12 19:52:19:376] [vo.logVo.LogVo.<init>] [INFO] 日志实例已初始化...
[2020-04-12 19:52:19:379] [vo.logVo.LogVo.<init>] [INFO] 日志实例已初始化...
[2020-04-12 19:52:19:382] [vo.logVo.LogVo.<init>] [INFO] 日志实例已初始化...
[2020-04-12 19:52:19:386] [vo.logVo.LogVo.<init>] [INFO] 日志实例已初始化...
[2020-04-12 19:52:19:390] [vo.logVo.LogVo.<init>] [INFO] 日志实例已初始化...
[2020-04-12 19:52:19:393] [vo.logVo.LogVo.<init>] [INFO] 日志实例已初始化...
[2020-04-12 19:52:19:401] [vo.logVo.LogVo.<init>] [INFO] 日志实例已初始化...
[2020-04-12 19:52:19:406] [vo.logVo.LogVo.<init>] [INFO] 日志实例已初始化...
[2020-04-12 19:52:19:410] [vo.logVo.LogVo.<init>] [INFO] 日志实例已初始化...
[2020-04-12 19:52:19:413] [vo.logVo.LogVo.<init>] [INFO] 日志实例已初始化...
[2020-04-12 19:52:19:417] [vo.logVo.LogVo.<init>] [INFO] 日志实例已初始化...
[2020-04-12 19:52:19:420] [vo.logVo.LogVo.<init>] [INFO] 日志实例已初始化...
[2020-04-12 19:52:19:424] [vo.logVo.LogVo.<init>] [INFO] 日志实例已初始化...
[2020-04-12 19:52:19:427] [vo.logVo.LogVo.<init>] [INFO] 日志实例已初始化...
[2020-04-12 19:52:19:430] [vo.logVo.LogVo.<init>] [INFO] 日志实例已初始化...
[2020-04-12 19:52:19:433] [vo.logVo.LogVo.<init>] [INFO] 日志实例已初始化...
[2020-04-12 19:52:19:437] [vo.logVo.LogVo.<init>] [INFO] 日志实例已初始化...
[2020-04-12 19:52:19:440] [vo.logVo.LogVo.<init>] [INFO] 日志实例已初始化...
[2020-04-12 19:52:19:442] [vo.logVo.LogVo.<init>] [INFO] 日志实例已初始化...
[2020-04-12 19:52:19:444] [vo.logVo.LogVo.<init>] [INFO] 日志实例已初始化...
[2020-04-12 19:52:19:446] [vo.logVo.LogVo.<init>] [INFO] 日志实例已初始化...
[2020-04-12 19:52:19:448] [vo.logVo.LogVo.<init>] [INFO] 日志实例已初始化...
[2020-04-12 19:52:19:450] [vo.logVo.LogVo.<init>] [INFO] 日志实例已初始化...
[2020-04-12 19:52:19:452] [vo.logVo.LogVo.<init>] [INFO] 日志实例已初始化...
[2020-04-12 19:52:19:455] [vo.logVo.LogVo.<init>] [INFO] 日志实例已初始化...
[2020-04-12 19:52:19:457] [vo.logVo.LogVo.<init>] [INFO] 日志实例已初始化...
[2020-04-12 19:52:19:461] [vo.logVo.LogVo.<init>] [INFO] 日志实例已初始化...
[2020-04-12 19:52:19:465] [vo.logVo.LogVo.<init>] [INFO] 日志实例已初始化...
[2020-04-12 19:52:19:469] [vo.logVo.LogVo.<init>] [INFO] 日志实例已初始化...
[2020-04-12 19:52:19:471] [vo.logVo.LogVo.<init>] [INFO] 日志实例已初始化...
[2020-04-12 19:52:19:487] [vo.logVo.LogVo.<init>] [INFO] 日志实例已初始化...
[2020-04-12 19:52:19:491] [vo.logVo.LogVo.<init>] [INFO] 日志实例已初始化...
[2020-04-12 19:52:19:495] [vo.logVo.LogVo.<init>] [INFO] 日志实例已初始化...
[2020-04-12 19:52:19:501] [vo.logVo.LogVo.<init>] [INFO] 日志实例已初始化...
[2020-04-12 19:52:19:507] [vo.logVo.LogVo.<init>] [INFO] 日志实例已初始化...
[2020-04-12 19:52:19:512] [vo.logVo.LogVo.<init>] [INFO] 日志实例已初始化...
[2020-04-12 19:52:19:515] [vo.logVo.LogVo.<init>] [INFO] 日志实例已初始化...
[2020-04-12 19:52:19:521] [vo.logVo.LogVo.<init>] [INFO] 日志实例已初始化...
[2020-04-12 19:52:19:530] [vo.logVo.LogVo.<init>] [INFO] 日志实例已初始化...
[2020-04-12 19:52:19:533] [vo.logVo.LogVo.<init>] [INFO] 日志实例已初始化...
[2020-04-12 19:52:19:536] [vo.logVo.LogVo.<init>] [INFO] 日志实例已初始化...
[2020-04-12 19:52:19:538] [vo.logVo.LogVo.<init>] [INFO] 日志实例已初始化...
[2020-04-12 19:52:19:543] [vo.logVo.LogVo.<init>] [INFO] 日志实例已初始化...
[2020-04-12 19:52:19:545] [vo.logVo.LogVo.<init>] [INFO] 日志实例已初始化...
[2020-04-12 19:52:19:547] [vo.logVo.LogVo.<init>] [INFO] 日志实例已初始化...
[2020-04-12 19:52:19:550] [vo.logVo.LogVo.<init>] [INFO] 日志实例已初始化...
[2020-04-12 19:52:19:553] [vo.logVo.LogVo.<init>] [INFO] 日志实例已初始化...
[2020-04-12 19:52:19:557] [vo.logVo.LogVo.<init>] [INFO] 日志实例已初始化...
[2020-04-12 19:52:19:560] [vo.logVo.LogVo.<init>] [INFO] 日志实例已初始化...
[2020-04-12 19:52:19:563] [vo.logVo.LogVo.<init>] [INFO] 日志实例已初始化...
[2020-04-12 19:52:19:567] [vo.logVo.LogVo.<init>] [INFO] 日志实例已初始化...
[2020-04-12 19:52:19:570] [vo.logVo.LogVo.<init>] [INFO] 日志实例已初始化...
[2020-04-12 19:52:19:573] [vo.logVo.LogVo.<init>] [INFO] 日志实例已初始化...
[2020-04-12 19:52:19:576] [vo.logVo.LogVo.<init>] [INFO] 日志实例已初始化...
[2020-04-12 19:52:19:578] [vo.logVo.LogVo.<init>] [INFO] 日志实例已初始化...
[2020-04-12 19:52:19:580] [vo.logVo.LogVo.<init>] [INFO] 日志实例已初始化...
[2020-04-12 19:52:19:583] [vo.logVo.LogVo.<init>] [INFO] 日志实例已初始化...
[2020-04-12 19:52:19:585] [vo.logVo.LogVo.<init>] [INFO] 日志实例已初始化...
[2020-04-12 19:52:19:586] [vo.logVo.LogVo.<init>] [INFO] 日志实例已初始化...
[2020-04-12 19:52:19:588] [vo.logVo.LogVo.<init>] [INFO] 日志实例已初始化...
[2020-04-12 19:52:19:591] [vo.logVo.LogVo.<init>] [INFO] 日志实例已初始化...
[2020-04-12 19:52:19:593] [vo.logVo.LogVo.<init>] [INFO] 日志实例已初始化...
[2020-04-12 19:52:19:595] [vo.logVo.LogVo.<init>] [INFO] 日志实例已初始化...
[2020-04-12 19:52:19:597] [vo.logVo.LogVo.<init>] [INFO] 日志实例已初始化...
[2020-04-12 19:52:19:599] [vo.logVo.LogVo.<init>] [INFO] 日志实例已初始化...
[2020-04-12 19:52:19:601] [vo.logVo.LogVo.<init>] [INFO] 日志实例已初始化...
[2020-04-12 19:52:19:603] [vo.logVo.LogVo.<init>] [INFO] 日志实例已初始化...
[2020-04-12 19:52:19:606] [vo.logVo.LogVo.<init>] [INFO] 日志实例已初始化...
[2020-04-12 19:52:19:608] [vo.logVo.LogVo.<init>] [INFO] 日志实例已初始化...
[2020-04-12 19:52:19:611] [vo.logVo.LogVo.<init>] [INFO] 日志实例已初始化...
[2020-04-12 19:52:19:613] [vo.logVo.LogVo.<init>] [INFO] 日志实例已初始化...
[2020-04-12 19:52:19:615] [vo.logVo.LogVo.<init>] [INFO] 日志实例已初始化...
[2020-04-12 19:52:19:617] [vo.logVo.LogVo.<init>] [INFO] 日志实例已初始化...
[2020-04-12 19:52:19:619] [vo.logVo.LogVo.<init>] [INFO] 日志实例已初始化...
[2020-04-12 19:52:19:622] [vo.logVo.LogVo.<init>] [INFO] 日志实例已初始化...
[2020-04-12 19:52:19:624] [vo.logVo.LogVo.<init>] [INFO] 日志实例已初始化...
[2020-04-12 19:52:19:626] [vo.logVo.LogVo.<init>] [INFO] 日志实例已初始化...
[2020-04-12 19:52:19:627] [vo.logVo.LogVo.<init>] [INFO] 日志实例已初始化...
[2020-04-12 19:52:19:630] [vo.logVo.LogVo.<init>] [INFO] 日志实例已初始化...
[2020-04-12 19:52:19:632] [vo.logVo.LogVo.<init>] [INFO] 日志实例已初始化...
[2020-04-12 19:52:19:634] [vo.logVo.LogVo.<init>] [INFO] 日志实例已初始化...
[2020-04-12 19:52:19:636] [vo.logVo.LogVo.<init>] [INFO] 日志实例已初始化...
[2020-04-12 19:52:19:638] [vo.logVo.LogVo.<init>] [INFO] 日志实例已初始化...
[2020-04-12 19:52:19:640] [vo.logVo.LogVo.<init>] [INFO] 日志实例已初始化...
[2020-04-12 19:52:19:642] [vo.logVo.LogVo.<init>] [INFO] 日志实例已初始化...
[2020-04-12 19:52:19:644] [vo.logVo.LogVo.<init>] [INFO] 日志实例已初始化...
[2020-04-12 19:52:19:646] [vo.logVo.LogVo.<init>] [INFO] 日志实例已初始化...
[2020-04-12 19:52:19:648] [vo.logVo.LogVo.<init>] [INFO] 日志实例已初始化...
[2020-04-12 19:52:19:650] [vo.logVo.LogVo.<init>] [INFO] 日志实例已初始化...
[2020-04-12 19:52:19:652] [vo.logVo.LogVo.<init>] [INFO] 日志实例已初始化...
[2020-04-12 19:52:19:655] [vo.logVo.LogVo.<init>] [INFO] 日志实例已初始化...
[2020-04-12 19:52:19:658] [vo.logVo.LogVo.<init>] [INFO] 日志实例已初始化...
[2020-04-12 19:52:19:659] [vo.logVo.LogVo.<init>] [INFO] 日志实例已初始化...
[2020-04-12 19:52:19:661] [vo.logVo.LogVo.<init>] [INFO] 日志实例已初始化...
[2020-04-12 19:52:19:663] [vo.logVo.LogVo.<init>] [INFO] 日志实例已初始化...
[2020-04-12 19:52:19:665] [vo.logVo.LogVo.<init>] [INFO] 日志实例已初始化...
[2020-04-12 19:52:19:667] [vo.logVo.LogVo.<init>] [INFO] 日志实例已初始化...
[2020-04-12 19:52:19:669] [vo.logVo.LogVo.<init>] [INFO] 日志实例已初始化...
[2020-04-12 19:52:19:671] [vo.logVo.LogVo.<init>] [INFO] 日志实例已初始化...
[2020-04-12 19:52:19:673] [vo.logVo.LogVo.<init>] [INFO] 日志实例已初始化...
[2020-04-12 19:52:19:675] [vo.logVo.LogVo.<init>] [INFO] 日志实例已初始化...
[2020-04-12 19:52:19:677] [vo.logVo.LogVo.<init>] [INFO] 日志实例已初始化...
[2020-04-12 19:52:19:678] [vo.logVo.LogVo.<init>] [INFO] 日志实例已初始化...
[2020-04-12 19:52:19:680] [vo.logVo.LogVo.<init>] [INFO] 日志实例已初始化...
[2020-04-12 19:52:19:682] [vo.logVo.LogVo.<init>] [INFO] 日志实例已初始化...
[2020-04-12 19:52:19:683] [vo.logVo.LogVo.<init>] [INFO] 日志实例已初始化...
[2020-04-12 19:52:19:687] [vo.logVo.LogVo.<init>] [INFO] 日志实例已初始化...
[2020-04-12 19:52:19:690] [vo.logVo.LogVo.<init>] [INFO] 日志实例已初始化...
[2020-04-12 19:52:19:692] [vo.logVo.LogVo.<init>] [INFO] 日志实例已初始化...
[2020-04-12 19:52:19:694] [vo.logVo.LogVo.<init>] [INFO] 日志实例已初始化...
[2020-04-12 19:52:19:696] [vo.logVo.LogVo.<init>] [INFO] 日志实例已初始化...
[2020-04-12 19:52:19:697] [vo.logVo.LogVo.<init>] [INFO] 日志实例已初始化...
[2020-04-12 19:52:19:700] [vo.logVo.LogVo.<init>] [INFO] 日志实例已初始化...
[2020-04-12 19:52:19:702] [vo.logVo.LogVo.<init>] [INFO] 日志实例已初始化...
[2020-04-12 19:52:19:704] [vo.logVo.LogVo.<init>] [INFO] 日志实例已初始化...
[2020-04-12 19:52:19:706] [vo.logVo.LogVo.<init>] [INFO] 日志实例已初始化...
[2020-04-12 19:52:19:709] [vo.logVo.LogVo.<init>] [INFO] 日志实例已初始化...
[2020-04-12 19:52:19:710] [vo.logVo.LogVo.<init>] [INFO] 日志实例已初始化...
[2020-04-12 19:52:19:712] [vo.logVo.LogVo.<init>] [INFO] 日志实例已初始化...
[2020-04-12 19:52:19:715] [vo.logVo.LogVo.<init>] [INFO] 日志实例已初始化...
[2020-04-12 19:52:19:718] [vo.logVo.LogVo.<init>] [INFO] 日志实例已初始化...
[2020-04-12 19:52:19:719] [vo.logVo.LogVo.<init>] [INFO] 日志实例已初始化...
[2020-04-12 19:52:19:721] [vo.logVo.LogVo.<init>] [INFO] 日志实例已初始化...
[2020-04-12 19:52:19:723] [vo.logVo.LogVo.<init>] [INFO] 日志实例已初始化...
[2020-04-12 19:52:19:725] [vo.logVo.LogVo.<init>] [INFO] 日志实例已初始化...
[2020-04-12 19:52:19:727] [vo.logVo.LogVo.<init>] [INFO] 日志实例已初始化...
[2020-04-12 19:52:19:728] [vo.logVo.LogVo.<init>] [INFO] 日志实例已初始化...
[2020-04-12 19:52:19:731] [vo.logVo.LogVo.<init>] [INFO] 日志实例已初始化...
[2020-04-12 19:52:19:732] [vo.logVo.LogVo.<init>] [INFO] 日志实例已初始化...
[2020-04-12 19:52:19:734] [vo.logVo.LogVo.<init>] [INFO] 日志实例已初始化...
[2020-04-12 19:52:19:736] [vo.logVo.LogVo.<init>] [INFO] 日志实例已初始化...
[2020-04-12 19:52:19:738] [vo.logVo.LogVo.<init>] [INFO] 日志实例已初始化...
[2020-04-12 19:52:19:740] [vo.logVo.LogVo.<init>] [INFO] 日志实例已初始化...
[2020-04-12 19:52:19:742] [vo.logVo.LogVo.<init>] [INFO] 日志实例已初始化...
[2020-04-12 19:52:19:744] [vo.logVo.LogVo.<init>] [INFO] 日志实例已初始化...
[2020-04-12 19:52:20:070] [vo.logVo.LogVo.<init>] [INFO] 日志实例已初始化...
[2020-04-12 19:52:20:178] [vo.logVo.LogVo.<init>] [INFO] 日志实例已初始化...
[2020-04-12 19:52:59:895] [action.userAction.LoginAction.execute] [INFO] admin 登录成功,登录时间:2020-04-12 19:52:59
[2020-04-12 19:54:01:966] [action.userAction.LoginAction.destroySession] [INFO] admin退出成功！
[2020-04-12 19:54:14:945] [vo.logVo.LogVo.<init>] [INFO] 日志实例已初始化...
[2020-04-12 19:54:14:950] [vo.logVo.LogVo.<init>] [INFO] 日志实例已初始化...
[2020-04-12 19:54:14:955] [vo.logVo.LogVo.<init>] [INFO] 日志实例已初始化...
[2020-04-12 19:54:14:982] [vo.logVo.LogVo.<init>] [INFO] 日志实例已初始化...
[2020-04-12 19:54:14:987] [vo.logVo.LogVo.<init>] [INFO] 日志实例已初始化...
[2020-04-12 19:54:14:991] [vo.logVo.LogVo.<init>] [INFO] 日志实例已初始化...
[2020-04-12 19:54:15:021] [vo.logVo.LogVo.<init>] [INFO] 日志实例已初始化...
[2020-04-12 19:54:15:027] [vo.logVo.LogVo.<init>] [INFO] 日志实例已初始化...
[2020-04-12 19:54:15:032] [vo.logVo.LogVo.<init>] [INFO] 日志实例已初始化...
[2020-04-12 19:54:15:038] [vo.logVo.LogVo.<init>] [INFO] 日志实例已初始化...
[2020-04-12 19:54:15:044] [vo.logVo.LogVo.<init>] [INFO] 日志实例已初始化...
[2020-04-12 19:54:15:048] [vo.logVo.LogVo.<init>] [INFO] 日志实例已初始化...
[2020-04-12 19:54:15:052] [vo.logVo.LogVo.<init>] [INFO] 日志实例已初始化...
[2020-04-12 19:54:15:061] [vo.logVo.LogVo.<init>] [INFO] 日志实例已初始化...
[2020-04-12 19:54:15:110] [vo.logVo.LogVo.<init>] [INFO] 日志实例已初始化...
[2020-04-12 19:54:15:113] [vo.logVo.LogVo.<init>] [INFO] 日志实例已初始化...
[2020-04-12 19:54:15:121] [vo.logVo.LogVo.<init>] [INFO] 日志实例已初始化...
[2020-04-12 19:54:15:132] [vo.logVo.LogVo.<init>] [INFO] 日志实例已初始化...
[2020-04-12 19:54:15:137] [vo.logVo.LogVo.<init>] [INFO] 日志实例已初始化...
[2020-04-12 19:54:15:145] [vo.logVo.LogVo.<init>] [INFO] 日志实例已初始化...
[2020-04-12 19:54:15:152] [vo.logVo.LogVo.<init>] [INFO] 日志实例已初始化...
[2020-04-12 19:54:15:157] [vo.logVo.LogVo.<init>] [INFO] 日志实例已初始化...
[2020-04-12 19:54:15:209] [vo.logVo.LogVo.<init>] [INFO] 日志实例已初始化...
[2020-04-12 19:54:15:213] [vo.logVo.LogVo.<init>] [INFO] 日志实例已初始化...
[2020-04-12 19:54:15:217] [vo.logVo.LogVo.<init>] [INFO] 日志实例已初始化...
[2020-04-12 19:54:15:222] [vo.logVo.LogVo.<init>] [INFO] 日志实例已初始化...
[2020-04-12 19:54:15:232] [vo.logVo.LogVo.<init>] [INFO] 日志实例已初始化...
[2020-04-12 19:54:15:237] [vo.logVo.LogVo.<init>] [INFO] 日志实例已初始化...
[2020-04-12 19:54:15:242] [vo.logVo.LogVo.<init>] [INFO] 日志实例已初始化...
[2020-04-12 19:54:15:303] [vo.logVo.LogVo.<init>] [INFO] 日志实例已初始化...
[2020-04-12 19:54:15:313] [vo.logVo.LogVo.<init>] [INFO] 日志实例已初始化...
[2020-04-12 19:54:15:319] [vo.logVo.LogVo.<init>] [INFO] 日志实例已初始化...
[2020-04-12 19:54:15:323] [vo.logVo.LogVo.<init>] [INFO] 日志实例已初始化...
[2020-04-12 19:54:15:330] [vo.logVo.LogVo.<init>] [INFO] 日志实例已初始化...
[2020-04-12 19:54:15:334] [vo.logVo.LogVo.<init>] [INFO] 日志实例已初始化...
[2020-04-12 19:54:15:343] [vo.logVo.LogVo.<init>] [INFO] 日志实例已初始化...
[2020-04-12 19:54:15:348] [vo.logVo.LogVo.<init>] [INFO] 日志实例已初始化...
[2020-04-12 19:54:15:356] [vo.logVo.LogVo.<init>] [INFO] 日志实例已初始化...
[2020-04-12 19:54:15:362] [vo.logVo.LogVo.<init>] [INFO] 日志实例已初始化...
[2020-04-12 19:54:15:367] [vo.logVo.LogVo.<init>] [INFO] 日志实例已初始化...
[2020-04-12 19:54:15:382] [vo.logVo.LogVo.<init>] [INFO] 日志实例已初始化...
[2020-04-12 19:54:15:388] [vo.logVo.LogVo.<init>] [INFO] 日志实例已初始化...
[2020-04-12 19:54:15:395] [vo.logVo.LogVo.<init>] [INFO] 日志实例已初始化...
[2020-04-12 19:54:15:401] [vo.logVo.LogVo.<init>] [INFO] 日志实例已初始化...
[2020-04-12 19:54:15:406] [vo.logVo.LogVo.<init>] [INFO] 日志实例已初始化...
[2020-04-12 19:54:15:418] [vo.logVo.LogVo.<init>] [INFO] 日志实例已初始化...
[2020-04-12 19:54:15:422] [vo.logVo.LogVo.<init>] [INFO] 日志实例已初始化...
[2020-04-12 19:54:15:429] [vo.logVo.LogVo.<init>] [INFO] 日志实例已初始化...
[2020-04-12 19:54:15:443] [vo.logVo.LogVo.<init>] [INFO] 日志实例已初始化...
[2020-04-12 19:54:15:447] [vo.logVo.LogVo.<init>] [INFO] 日志实例已初始化...
[2020-04-12 19:54:15:450] [vo.logVo.LogVo.<init>] [INFO] 日志实例已初始化...
[2020-04-12 19:54:15:456] [vo.logVo.LogVo.<init>] [INFO] 日志实例已初始化...
[2020-04-12 19:54:15:461] [vo.logVo.LogVo.<init>] [INFO] 日志实例已初始化...
[2020-04-12 19:54:15:467] [vo.logVo.LogVo.<init>] [INFO] 日志实例已初始化...
[2020-04-12 19:54:15:471] [vo.logVo.LogVo.<init>] [INFO] 日志实例已初始化...
[2020-04-12 19:54:15:475] [vo.logVo.LogVo.<init>] [INFO] 日志实例已初始化...
[2020-04-12 19:54:15:480] [vo.logVo.LogVo.<init>] [INFO] 日志实例已初始化...
[2020-04-12 19:54:15:483] [vo.logVo.LogVo.<init>] [INFO] 日志实例已初始化...
[2020-04-12 19:54:15:486] [vo.logVo.LogVo.<init>] [INFO] 日志实例已初始化...
[2020-04-12 19:54:15:489] [vo.logVo.LogVo.<init>] [INFO] 日志实例已初始化...
[2020-04-12 19:54:15:494] [vo.logVo.LogVo.<init>] [INFO] 日志实例已初始化...
[2020-04-12 19:54:15:499] [vo.logVo.LogVo.<init>] [INFO] 日志实例已初始化...
[2020-04-12 19:54:15:503] [vo.logVo.LogVo.<init>] [INFO] 日志实例已初始化...
[2020-04-12 19:54:15:507] [vo.logVo.LogVo.<init>] [INFO] 日志实例已初始化...
[2020-04-12 19:54:15:511] [vo.logVo.LogVo.<init>] [INFO] 日志实例已初始化...
[2020-04-12 19:54:15:515] [vo.logVo.LogVo.<init>] [INFO] 日志实例已初始化...
[2020-04-12 19:54:15:519] [vo.logVo.LogVo.<init>] [INFO] 日志实例已初始化...
[2020-04-12 19:54:15:522] [vo.logVo.LogVo.<init>] [INFO] 日志实例已初始化...
[2020-04-12 19:54:15:528] [vo.logVo.LogVo.<init>] [INFO] 日志实例已初始化...
[2020-04-12 19:54:15:532] [vo.logVo.LogVo.<init>] [INFO] 日志实例已初始化...
[2020-04-12 19:54:15:535] [vo.logVo.LogVo.<init>] [INFO] 日志实例已初始化...
[2020-04-12 19:54:15:538] [vo.logVo.LogVo.<init>] [INFO] 日志实例已初始化...
[2020-04-12 19:54:15:542] [vo.logVo.LogVo.<init>] [INFO] 日志实例已初始化...
[2020-04-12 19:54:15:546] [vo.logVo.LogVo.<init>] [INFO] 日志实例已初始化...
[2020-04-12 19:54:15:551] [vo.logVo.LogVo.<init>] [INFO] 日志实例已初始化...
[2020-04-12 19:54:15:554] [vo.logVo.LogVo.<init>] [INFO] 日志实例已初始化...
[2020-04-12 19:54:15:559] [vo.logVo.LogVo.<init>] [INFO] 日志实例已初始化...
[2020-04-12 19:54:15:562] [vo.logVo.LogVo.<init>] [INFO] 日志实例已初始化...
[2020-04-12 19:54:15:566] [vo.logVo.LogVo.<init>] [INFO] 日志实例已初始化...
[2020-04-12 19:54:15:569] [vo.logVo.LogVo.<init>] [INFO] 日志实例已初始化...
[2020-04-12 19:54:15:573] [vo.logVo.LogVo.<init>] [INFO] 日志实例已初始化...
[2020-04-12 19:54:15:577] [vo.logVo.LogVo.<init>] [INFO] 日志实例已初始化...
[2020-04-12 19:54:15:582] [vo.logVo.LogVo.<init>] [INFO] 日志实例已初始化...
[2020-04-12 19:54:15:585] [vo.logVo.LogVo.<init>] [INFO] 日志实例已初始化...
[2020-04-12 19:54:15:589] [vo.logVo.LogVo.<init>] [INFO] 日志实例已初始化...
[2020-04-12 19:54:15:593] [vo.logVo.LogVo.<init>] [INFO] 日志实例已初始化...
[2020-04-12 19:54:15:597] [vo.logVo.LogVo.<init>] [INFO] 日志实例已初始化...
[2020-04-12 19:54:15:600] [vo.logVo.LogVo.<init>] [INFO] 日志实例已初始化...
[2020-04-12 19:54:15:602] [vo.logVo.LogVo.<init>] [INFO] 日志实例已初始化...
[2020-04-12 19:54:15:606] [vo.logVo.LogVo.<init>] [INFO] 日志实例已初始化...
[2020-04-12 19:54:15:609] [vo.logVo.LogVo.<init>] [INFO] 日志实例已初始化...
[2020-04-12 19:54:15:612] [vo.logVo.LogVo.<init>] [INFO] 日志实例已初始化...
[2020-04-12 19:54:15:616] [vo.logVo.LogVo.<init>] [INFO] 日志实例已初始化...
[2020-04-12 19:54:15:619] [vo.logVo.LogVo.<init>] [INFO] 日志实例已初始化...
[2020-04-12 19:54:15:626] [vo.logVo.LogVo.<init>] [INFO] 日志实例已初始化...
[2020-04-12 19:54:15:630] [vo.logVo.LogVo.<init>] [INFO] 日志实例已初始化...
[2020-04-12 19:54:15:634] [vo.logVo.LogVo.<init>] [INFO] 日志实例已初始化...
[2020-04-12 19:54:15:639] [vo.logVo.LogVo.<init>] [INFO] 日志实例已初始化...
[2020-04-12 19:54:15:645] [vo.logVo.LogVo.<init>] [INFO] 日志实例已初始化...
[2020-04-12 19:54:15:651] [vo.logVo.LogVo.<init>] [INFO] 日志实例已初始化...
[2020-04-12 19:54:15:655] [vo.logVo.LogVo.<init>] [INFO] 日志实例已初始化...
[2020-04-12 19:54:15:662] [vo.logVo.LogVo.<init>] [INFO] 日志实例已初始化...
[2020-04-12 19:54:15:668] [vo.logVo.LogVo.<init>] [INFO] 日志实例已初始化...
[2020-04-12 19:54:15:672] [vo.logVo.LogVo.<init>] [INFO] 日志实例已初始化...
[2020-04-12 19:54:15:683] [vo.logVo.LogVo.<init>] [INFO] 日志实例已初始化...
[2020-04-12 19:54:15:687] [vo.logVo.LogVo.<init>] [INFO] 日志实例已初始化...
[2020-04-12 19:54:15:689] [vo.logVo.LogVo.<init>] [INFO] 日志实例已初始化...
[2020-04-12 19:54:15:693] [vo.logVo.LogVo.<init>] [INFO] 日志实例已初始化...
[2020-04-12 19:54:15:697] [vo.logVo.LogVo.<init>] [INFO] 日志实例已初始化...
[2020-04-12 19:54:15:699] [vo.logVo.LogVo.<init>] [INFO] 日志实例已初始化...
[2020-04-12 19:54:15:701] [vo.logVo.LogVo.<init>] [INFO] 日志实例已初始化...
[2020-04-12 19:54:15:704] [vo.logVo.LogVo.<init>] [INFO] 日志实例已初始化...
[2020-04-12 19:54:15:707] [vo.logVo.LogVo.<init>] [INFO] 日志实例已初始化...
[2020-04-12 19:54:15:711] [vo.logVo.LogVo.<init>] [INFO] 日志实例已初始化...
[2020-04-12 19:54:15:719] [vo.logVo.LogVo.<init>] [INFO] 日志实例已初始化...
[2020-04-12 19:54:15:723] [vo.logVo.LogVo.<init>] [INFO] 日志实例已初始化...
[2020-04-12 19:54:15:728] [vo.logVo.LogVo.<init>] [INFO] 日志实例已初始化...
[2020-04-12 19:54:15:732] [vo.logVo.LogVo.<init>] [INFO] 日志实例已初始化...
[2020-04-12 19:54:15:735] [vo.logVo.LogVo.<init>] [INFO] 日志实例已初始化...
[2020-04-12 19:54:15:738] [vo.logVo.LogVo.<init>] [INFO] 日志实例已初始化...
[2020-04-12 19:54:15:742] [vo.logVo.LogVo.<init>] [INFO] 日志实例已初始化...
[2020-04-12 19:54:15:746] [vo.logVo.LogVo.<init>] [INFO] 日志实例已初始化...
[2020-04-12 19:54:15:751] [vo.logVo.LogVo.<init>] [INFO] 日志实例已初始化...
[2020-04-12 19:54:15:759] [vo.logVo.LogVo.<init>] [INFO] 日志实例已初始化...
[2020-04-12 19:54:15:768] [vo.logVo.LogVo.<init>] [INFO] 日志实例已初始化...
[2020-04-12 19:54:15:774] [vo.logVo.LogVo.<init>] [INFO] 日志实例已初始化...
[2020-04-12 19:54:15:783] [vo.logVo.LogVo.<init>] [INFO] 日志实例已初始化...
[2020-04-12 19:54:15:787] [vo.logVo.LogVo.<init>] [INFO] 日志实例已初始化...
[2020-04-12 19:54:15:793] [vo.logVo.LogVo.<init>] [INFO] 日志实例已初始化...
[2020-04-12 19:54:15:797] [vo.logVo.LogVo.<init>] [INFO] 日志实例已初始化...
[2020-04-12 19:54:15:800] [vo.logVo.LogVo.<init>] [INFO] 日志实例已初始化...
[2020-04-12 19:54:15:805] [vo.logVo.LogVo.<init>] [INFO] 日志实例已初始化...
[2020-04-12 19:54:15:812] [vo.logVo.LogVo.<init>] [INFO] 日志实例已初始化...
[2020-04-12 19:54:15:816] [vo.logVo.LogVo.<init>] [INFO] 日志实例已初始化...
[2020-04-12 19:54:15:821] [vo.logVo.LogVo.<init>] [INFO] 日志实例已初始化...
[2020-04-12 19:54:15:826] [vo.logVo.LogVo.<init>] [INFO] 日志实例已初始化...
[2020-04-12 19:54:15:831] [vo.logVo.LogVo.<init>] [INFO] 日志实例已初始化...
[2020-04-12 19:54:15:833] [vo.logVo.LogVo.<init>] [INFO] 日志实例已初始化...
[2020-04-12 19:54:15:837] [vo.logVo.LogVo.<init>] [INFO] 日志实例已初始化...
[2020-04-12 19:54:15:841] [vo.logVo.LogVo.<init>] [INFO] 日志实例已初始化...
[2020-04-12 19:54:15:845] [vo.logVo.LogVo.<init>] [INFO] 日志实例已初始化...
[2020-04-12 19:54:15:848] [vo.logVo.LogVo.<init>] [INFO] 日志实例已初始化...
[2020-04-12 19:54:15:853] [vo.logVo.LogVo.<init>] [INFO] 日志实例已初始化...
[2020-04-12 19:54:15:857] [vo.logVo.LogVo.<init>] [INFO] 日志实例已初始化...
[2020-04-12 19:54:15:861] [vo.logVo.LogVo.<init>] [INFO] 日志实例已初始化...
[2020-04-12 19:54:15:864] [vo.logVo.LogVo.<init>] [INFO] 日志实例已初始化...
[2020-04-12 19:54:15:867] [vo.logVo.LogVo.<init>] [INFO] 日志实例已初始化...
[2020-04-12 19:54:15:870] [vo.logVo.LogVo.<init>] [INFO] 日志实例已初始化...
[2020-04-12 19:54:15:874] [vo.logVo.LogVo.<init>] [INFO] 日志实例已初始化...
[2020-04-12 19:54:15:877] [vo.logVo.LogVo.<init>] [INFO] 日志实例已初始化...
[2020-04-12 19:54:15:882] [vo.logVo.LogVo.<init>] [INFO] 日志实例已初始化...
[2020-04-12 19:54:15:886] [vo.logVo.LogVo.<init>] [INFO] 日志实例已初始化...
[2020-04-12 19:54:15:890] [vo.logVo.LogVo.<init>] [INFO] 日志实例已初始化...
[2020-04-12 19:54:15:895] [vo.logVo.LogVo.<init>] [INFO] 日志实例已初始化...
[2020-04-12 19:54:15:898] [vo.logVo.LogVo.<init>] [INFO] 日志实例已初始化...
[2020-04-12 19:54:15:903] [vo.logVo.LogVo.<init>] [INFO] 日志实例已初始化...
[2020-04-12 19:54:15:906] [vo.logVo.LogVo.<init>] [INFO] 日志实例已初始化...
[2020-04-12 19:54:15:908] [vo.logVo.LogVo.<init>] [INFO] 日志实例已初始化...
[2020-04-12 19:54:15:911] [vo.logVo.LogVo.<init>] [INFO] 日志实例已初始化...
[2020-04-12 19:54:15:913] [vo.logVo.LogVo.<init>] [INFO] 日志实例已初始化...
[2020-04-12 19:54:15:916] [vo.logVo.LogVo.<init>] [INFO] 日志实例已初始化...
[2020-04-12 19:54:15:920] [vo.logVo.LogVo.<init>] [INFO] 日志实例已初始化...
[2020-04-12 19:54:15:924] [vo.logVo.LogVo.<init>] [INFO] 日志实例已初始化...
[2020-04-12 19:54:15:928] [vo.logVo.LogVo.<init>] [INFO] 日志实例已初始化...
[2020-04-12 19:54:15:931] [vo.logVo.LogVo.<init>] [INFO] 日志实例已初始化...
[2020-04-12 19:54:15:935] [vo.logVo.LogVo.<init>] [INFO] 日志实例已初始化...
[2020-04-12 19:54:15:939] [vo.logVo.LogVo.<init>] [INFO] 日志实例已初始化...
[2020-04-12 19:54:15:943] [vo.logVo.LogVo.<init>] [INFO] 日志实例已初始化...
[2020-04-12 19:54:15:948] [vo.logVo.LogVo.<init>] [INFO] 日志实例已初始化...
[2020-04-12 19:54:15:952] [vo.logVo.LogVo.<init>] [INFO] 日志实例已初始化...
[2020-04-12 19:54:15:954] [vo.logVo.LogVo.<init>] [INFO] 日志实例已初始化...
[2020-04-12 19:54:15:961] [vo.logVo.LogVo.<init>] [INFO] 日志实例已初始化...
[2020-04-12 19:54:15:966] [vo.logVo.LogVo.<init>] [INFO] 日志实例已初始化...
[2020-04-12 19:54:15:969] [vo.logVo.LogVo.<init>] [INFO] 日志实例已初始化...
[2020-04-12 19:54:15:973] [vo.logVo.LogVo.<init>] [INFO] 日志实例已初始化...
[2020-04-12 19:54:15:978] [vo.logVo.LogVo.<init>] [INFO] 日志实例已初始化...
[2020-04-12 19:54:15:980] [vo.logVo.LogVo.<init>] [INFO] 日志实例已初始化...
[2020-04-12 19:54:15:982] [vo.logVo.LogVo.<init>] [INFO] 日志实例已初始化...
[2020-04-12 19:54:15:985] [vo.logVo.LogVo.<init>] [INFO] 日志实例已初始化...
[2020-04-12 19:54:15:989] [vo.logVo.LogVo.<init>] [INFO] 日志实例已初始化...
[2020-04-12 19:54:15:992] [vo.logVo.LogVo.<init>] [INFO] 日志实例已初始化...
[2020-04-12 19:54:15:998] [vo.logVo.LogVo.<init>] [INFO] 日志实例已初始化...
[2020-04-12 19:54:16:001] [vo.logVo.LogVo.<init>] [INFO] 日志实例已初始化...
[2020-04-12 19:54:16:005] [vo.logVo.LogVo.<init>] [INFO] 日志实例已初始化...
[2020-04-12 19:54:16:010] [vo.logVo.LogVo.<init>] [INFO] 日志实例已初始化...
[2020-04-12 19:54:16:015] [vo.logVo.LogVo.<init>] [INFO] 日志实例已初始化...
[2020-04-12 19:54:16:018] [vo.logVo.LogVo.<init>] [INFO] 日志实例已初始化...
[2020-04-12 19:54:16:022] [vo.logVo.LogVo.<init>] [INFO] 日志实例已初始化...
[2020-04-12 19:54:16:029] [vo.logVo.LogVo.<init>] [INFO] 日志实例已初始化...
[2020-04-12 19:54:16:032] [vo.logVo.LogVo.<init>] [INFO] 日志实例已初始化...
[2020-04-12 19:54:16:036] [vo.logVo.LogVo.<init>] [INFO] 日志实例已初始化...
[2020-04-12 19:54:16:040] [vo.logVo.LogVo.<init>] [INFO] 日志实例已初始化...
[2020-04-12 19:54:16:044] [vo.logVo.LogVo.<init>] [INFO] 日志实例已初始化...
[2020-04-12 19:54:16:047] [vo.logVo.LogVo.<init>] [INFO] 日志实例已初始化...
[2020-04-12 19:54:16:051] [vo.logVo.LogVo.<init>] [INFO] 日志实例已初始化...
[2020-04-12 19:54:16:055] [vo.logVo.LogVo.<init>] [INFO] 日志实例已初始化...
[2020-04-12 19:54:16:060] [vo.logVo.LogVo.<init>] [INFO] 日志实例已初始化...
[2020-04-12 19:54:16:064] [vo.logVo.LogVo.<init>] [INFO] 日志实例已初始化...
[2020-04-12 19:54:16:069] [vo.logVo.LogVo.<init>] [INFO] 日志实例已初始化...
[2020-04-12 19:54:16:075] [vo.logVo.LogVo.<init>] [INFO] 日志实例已初始化...
[2020-04-12 19:54:16:079] [vo.logVo.LogVo.<init>] [INFO] 日志实例已初始化...
[2020-04-12 19:54:16:082] [vo.logVo.LogVo.<init>] [INFO] 日志实例已初始化...
[2020-04-12 19:54:16:086] [vo.logVo.LogVo.<init>] [INFO] 日志实例已初始化...
[2020-04-12 19:54:16:093] [vo.logVo.LogVo.<init>] [INFO] 日志实例已初始化...
[2020-04-12 19:54:16:100] [vo.logVo.LogVo.<init>] [INFO] 日志实例已初始化...
[2020-04-12 19:54:16:104] [vo.logVo.LogVo.<init>] [INFO] 日志实例已初始化...
[2020-04-12 19:54:16:109] [vo.logVo.LogVo.<init>] [INFO] 日志实例已初始化...
[2020-04-12 19:54:16:115] [vo.logVo.LogVo.<init>] [INFO] 日志实例已初始化...
[2020-04-12 19:54:16:118] [vo.logVo.LogVo.<init>] [INFO] 日志实例已初始化...
[2020-04-12 19:54:16:126] [vo.logVo.LogVo.<init>] [INFO] 日志实例已初始化...
[2020-04-12 19:54:16:130] [vo.logVo.LogVo.<init>] [INFO] 日志实例已初始化...
[2020-04-12 19:54:16:134] [vo.logVo.LogVo.<init>] [INFO] 日志实例已初始化...
[2020-04-12 19:54:16:137] [vo.logVo.LogVo.<init>] [INFO] 日志实例已初始化...
[2020-04-12 19:54:16:142] [vo.logVo.LogVo.<init>] [INFO] 日志实例已初始化...
[2020-04-12 19:54:16:145] [vo.logVo.LogVo.<init>] [INFO] 日志实例已初始化...
[2020-04-12 19:54:16:148] [vo.logVo.LogVo.<init>] [INFO] 日志实例已初始化...
[2020-04-12 19:54:16:153] [vo.logVo.LogVo.<init>] [INFO] 日志实例已初始化...
[2020-04-12 19:54:16:157] [vo.logVo.LogVo.<init>] [INFO] 日志实例已初始化...
[2020-04-12 19:54:16:161] [vo.logVo.LogVo.<init>] [INFO] 日志实例已初始化...
[2020-04-12 19:54:16:166] [vo.logVo.LogVo.<init>] [INFO] 日志实例已初始化...
[2020-04-12 19:54:16:170] [vo.logVo.LogVo.<init>] [INFO] 日志实例已初始化...
[2020-04-12 19:54:16:173] [vo.logVo.LogVo.<init>] [INFO] 日志实例已初始化...
[2020-04-12 19:54:16:178] [vo.logVo.LogVo.<init>] [INFO] 日志实例已初始化...
[2020-04-12 19:54:16:182] [vo.logVo.LogVo.<init>] [INFO] 日志实例已初始化...
[2020-04-12 19:54:16:186] [vo.logVo.LogVo.<init>] [INFO] 日志实例已初始化...
[2020-04-12 19:54:16:194] [vo.logVo.LogVo.<init>] [INFO] 日志实例已初始化...
[2020-04-12 19:54:16:198] [vo.logVo.LogVo.<init>] [INFO] 日志实例已初始化...
[2020-04-12 19:54:16:201] [vo.logVo.LogVo.<init>] [INFO] 日志实例已初始化...
[2020-04-12 19:54:16:206] [vo.logVo.LogVo.<init>] [INFO] 日志实例已初始化...
[2020-04-12 19:54:16:211] [vo.logVo.LogVo.<init>] [INFO] 日志实例已初始化...
[2020-04-12 19:54:16:215] [vo.logVo.LogVo.<init>] [INFO] 日志实例已初始化...
[2020-04-12 19:54:16:219] [vo.logVo.LogVo.<init>] [INFO] 日志实例已初始化...
[2020-04-12 19:54:16:222] [vo.logVo.LogVo.<init>] [INFO] 日志实例已初始化...
[2020-04-12 19:54:16:227] [vo.logVo.LogVo.<init>] [INFO] 日志实例已初始化...
[2020-04-12 19:54:16:237] [vo.logVo.LogVo.<init>] [INFO] 日志实例已初始化...
[2020-04-12 19:54:16:244] [vo.logVo.LogVo.<init>] [INFO] 日志实例已初始化...
[2020-04-12 19:54:16:250] [vo.logVo.LogVo.<init>] [INFO] 日志实例已初始化...
[2020-04-12 19:54:16:253] [vo.logVo.LogVo.<init>] [INFO] 日志实例已初始化...
[2020-04-12 19:54:16:257] [vo.logVo.LogVo.<init>] [INFO] 日志实例已初始化...
[2020-04-12 19:54:16:262] [vo.logVo.LogVo.<init>] [INFO] 日志实例已初始化...
[2020-04-12 19:54:16:265] [vo.logVo.LogVo.<init>] [INFO] 日志实例已初始化...
[2020-04-12 19:54:16:269] [vo.logVo.LogVo.<init>] [INFO] 日志实例已初始化...
[2020-04-12 19:54:16:272] [vo.logVo.LogVo.<init>] [INFO] 日志实例已初始化...
[2020-04-12 19:54:16:278] [vo.logVo.LogVo.<init>] [INFO] 日志实例已初始化...
[2020-04-12 19:54:16:282] [vo.logVo.LogVo.<init>] [INFO] 日志实例已初始化...
[2020-04-12 19:54:16:288] [vo.logVo.LogVo.<init>] [INFO] 日志实例已初始化...
[2020-04-12 19:54:16:293] [vo.logVo.LogVo.<init>] [INFO] 日志实例已初始化...
[2020-04-12 19:54:16:296] [vo.logVo.LogVo.<init>] [INFO] 日志实例已初始化...
[2020-04-12 19:54:16:299] [vo.logVo.LogVo.<init>] [INFO] 日志实例已初始化...
[2020-04-12 19:54:16:303] [vo.logVo.LogVo.<init>] [INFO] 日志实例已初始化...
[2020-04-12 19:54:16:310] [vo.logVo.LogVo.<init>] [INFO] 日志实例已初始化...
[2020-04-12 19:54:16:314] [vo.logVo.LogVo.<init>] [INFO] 日志实例已初始化...
[2020-04-12 19:54:16:319] [vo.logVo.LogVo.<init>] [INFO] 日志实例已初始化...
[2020-04-12 19:54:16:324] [vo.logVo.LogVo.<init>] [INFO] 日志实例已初始化...
[2020-04-12 19:54:16:329] [vo.logVo.LogVo.<init>] [INFO] 日志实例已初始化...
[2020-04-12 19:54:16:334] [vo.logVo.LogVo.<init>] [INFO] 日志实例已初始化...
[2020-04-12 19:54:16:338] [vo.logVo.LogVo.<init>] [INFO] 日志实例已初始化...
[2020-04-12 19:54:16:342] [vo.logVo.LogVo.<init>] [INFO] 日志实例已初始化...
[2020-04-12 19:54:16:346] [vo.logVo.LogVo.<init>] [INFO] 日志实例已初始化...
[2020-04-12 19:54:16:349] [vo.logVo.LogVo.<init>] [INFO] 日志实例已初始化...
[2020-04-12 19:54:16:353] [vo.logVo.LogVo.<init>] [INFO] 日志实例已初始化...
[2020-04-12 19:54:16:359] [vo.logVo.LogVo.<init>] [INFO] 日志实例已初始化...
[2020-04-12 19:54:16:363] [vo.logVo.LogVo.<init>] [INFO] 日志实例已初始化...
[2020-04-12 19:54:16:366] [vo.logVo.LogVo.<init>] [INFO] 日志实例已初始化...
[2020-04-12 19:54:16:374] [vo.logVo.LogVo.<init>] [INFO] 日志实例已初始化...
[2020-04-12 19:54:16:379] [vo.logVo.LogVo.<init>] [INFO] 日志实例已初始化...
[2020-04-12 19:54:16:383] [vo.logVo.LogVo.<init>] [INFO] 日志实例已初始化...
[2020-04-12 19:54:16:389] [vo.logVo.LogVo.<init>] [INFO] 日志实例已初始化...
[2020-04-12 19:54:16:395] [vo.logVo.LogVo.<init>] [INFO] 日志实例已初始化...
[2020-04-12 19:54:16:398] [vo.logVo.LogVo.<init>] [INFO] 日志实例已初始化...
[2020-04-12 19:54:16:403] [vo.logVo.LogVo.<init>] [INFO] 日志实例已初始化...
[2020-04-12 19:54:16:407] [vo.logVo.LogVo.<init>] [INFO] 日志实例已初始化...
[2020-04-12 19:54:16:411] [vo.logVo.LogVo.<init>] [INFO] 日志实例已初始化...
[2020-04-12 19:54:16:416] [vo.logVo.LogVo.<init>] [INFO] 日志实例已初始化...
[2020-04-12 19:54:16:421] [vo.logVo.LogVo.<init>] [INFO] 日志实例已初始化...
[2020-04-12 19:54:16:426] [vo.logVo.LogVo.<init>] [INFO] 日志实例已初始化...
[2020-04-12 19:54:16:429] [vo.logVo.LogVo.<init>] [INFO] 日志实例已初始化...
[2020-04-12 19:54:16:433] [vo.logVo.LogVo.<init>] [INFO] 日志实例已初始化...
[2020-04-12 19:54:16:437] [vo.logVo.LogVo.<init>] [INFO] 日志实例已初始化...
[2020-04-12 19:54:16:441] [vo.logVo.LogVo.<init>] [INFO] 日志实例已初始化...
[2020-04-12 19:54:16:449] [vo.logVo.LogVo.<init>] [INFO] 日志实例已初始化...
[2020-04-12 19:54:16:453] [vo.logVo.LogVo.<init>] [INFO] 日志实例已初始化...
[2020-04-12 19:54:16:458] [vo.logVo.LogVo.<init>] [INFO] 日志实例已初始化...
[2020-04-12 19:54:16:461] [vo.logVo.LogVo.<init>] [INFO] 日志实例已初始化...
[2020-04-12 19:54:16:466] [vo.logVo.LogVo.<init>] [INFO] 日志实例已初始化...
[2020-04-12 19:54:16:469] [vo.logVo.LogVo.<init>] [INFO] 日志实例已初始化...
[2020-04-12 19:54:16:472] [vo.logVo.LogVo.<init>] [INFO] 日志实例已初始化...
[2020-04-12 19:54:16:477] [vo.logVo.LogVo.<init>] [INFO] 日志实例已初始化...
[2020-04-12 19:54:16:482] [vo.logVo.LogVo.<init>] [INFO] 日志实例已初始化...
[2020-04-12 19:54:16:487] [vo.logVo.LogVo.<init>] [INFO] 日志实例已初始化...
[2020-04-12 19:54:16:490] [vo.logVo.LogVo.<init>] [INFO] 日志实例已初始化...
[2020-04-12 19:54:16:494] [vo.logVo.LogVo.<init>] [INFO] 日志实例已初始化...
[2020-04-12 19:54:16:503] [vo.logVo.LogVo.<init>] [INFO] 日志实例已初始化...
[2020-04-12 19:54:16:507] [vo.logVo.LogVo.<init>] [INFO] 日志实例已初始化...
[2020-04-12 19:54:16:511] [vo.logVo.LogVo.<init>] [INFO] 日志实例已初始化...
[2020-04-12 19:54:16:514] [vo.logVo.LogVo.<init>] [INFO] 日志实例已初始化...
[2020-04-12 19:54:16:518] [vo.logVo.LogVo.<init>] [INFO] 日志实例已初始化...
[2020-04-12 19:54:16:521] [vo.logVo.LogVo.<init>] [INFO] 日志实例已初始化...
[2020-04-12 19:54:16:529] [vo.logVo.LogVo.<init>] [INFO] 日志实例已初始化...
[2020-04-12 19:54:16:532] [vo.logVo.LogVo.<init>] [INFO] 日志实例已初始化...
[2020-04-12 19:54:16:536] [vo.logVo.LogVo.<init>] [INFO] 日志实例已初始化...
[2020-04-12 19:54:16:540] [vo.logVo.LogVo.<init>] [INFO] 日志实例已初始化...
[2020-04-12 19:54:16:546] [vo.logVo.LogVo.<init>] [INFO] 日志实例已初始化...
[2020-04-12 19:54:16:550] [vo.logVo.LogVo.<init>] [INFO] 日志实例已初始化...
[2020-04-12 19:54:16:556] [vo.logVo.LogVo.<init>] [INFO] 日志实例已初始化...
[2020-04-12 19:54:16:561] [vo.logVo.LogVo.<init>] [INFO] 日志实例已初始化...
[2020-04-12 19:54:16:565] [vo.logVo.LogVo.<init>] [INFO] 日志实例已初始化...
[2020-04-12 19:54:16:569] [vo.logVo.LogVo.<init>] [INFO] 日志实例已初始化...
[2020-04-12 19:54:16:572] [vo.logVo.LogVo.<init>] [INFO] 日志实例已初始化...
[2020-04-12 19:54:16:576] [vo.logVo.LogVo.<init>] [INFO] 日志实例已初始化...
[2020-04-12 19:54:16:579] [vo.logVo.LogVo.<init>] [INFO] 日志实例已初始化...
[2020-04-12 19:54:16:583] [vo.logVo.LogVo.<init>] [INFO] 日志实例已初始化...
[2020-04-12 19:54:16:587] [vo.logVo.LogVo.<init>] [INFO] 日志实例已初始化...
[2020-04-12 19:54:16:592] [vo.logVo.LogVo.<init>] [INFO] 日志实例已初始化...
[2020-04-12 19:54:16:596] [vo.logVo.LogVo.<init>] [INFO] 日志实例已初始化...
[2020-04-12 19:54:16:600] [vo.logVo.LogVo.<init>] [INFO] 日志实例已初始化...
[2020-04-12 19:54:16:603] [vo.logVo.LogVo.<init>] [INFO] 日志实例已初始化...
[2020-04-12 19:54:16:609] [vo.logVo.LogVo.<init>] [INFO] 日志实例已初始化...
[2020-04-12 19:54:16:617] [vo.logVo.LogVo.<init>] [INFO] 日志实例已初始化...
[2020-04-12 19:54:16:623] [vo.logVo.LogVo.<init>] [INFO] 日志实例已初始化...
[2020-04-12 19:54:16:630] [vo.logVo.LogVo.<init>] [INFO] 日志实例已初始化...
[2020-04-12 19:54:16:633] [vo.logVo.LogVo.<init>] [INFO] 日志实例已初始化...
[2020-04-12 19:54:16:638] [vo.logVo.LogVo.<init>] [INFO] 日志实例已初始化...
[2020-04-12 19:54:16:642] [vo.logVo.LogVo.<init>] [INFO] 日志实例已初始化...
[2020-04-12 19:54:16:646] [vo.logVo.LogVo.<init>] [INFO] 日志实例已初始化...
[2020-04-12 19:54:16:650] [vo.logVo.LogVo.<init>] [INFO] 日志实例已初始化...
[2020-04-12 19:54:16:654] [vo.logVo.LogVo.<init>] [INFO] 日志实例已初始化...
[2020-04-12 19:54:16:658] [vo.logVo.LogVo.<init>] [INFO] 日志实例已初始化...
[2020-04-12 19:54:16:662] [vo.logVo.LogVo.<init>] [INFO] 日志实例已初始化...
[2020-04-12 19:54:16:666] [vo.logVo.LogVo.<init>] [INFO] 日志实例已初始化...
[2020-04-12 19:54:16:669] [vo.logVo.LogVo.<init>] [INFO] 日志实例已初始化...
[2020-04-12 19:54:16:672] [vo.logVo.LogVo.<init>] [INFO] 日志实例已初始化...
[2020-04-12 19:54:16:675] [vo.logVo.LogVo.<init>] [INFO] 日志实例已初始化...
[2020-04-12 19:54:16:680] [vo.logVo.LogVo.<init>] [INFO] 日志实例已初始化...
[2020-04-12 19:54:16:687] [vo.logVo.LogVo.<init>] [INFO] 日志实例已初始化...
[2020-04-12 19:54:16:694] [vo.logVo.LogVo.<init>] [INFO] 日志实例已初始化...
[2020-04-12 19:54:16:698] [vo.logVo.LogVo.<init>] [INFO] 日志实例已初始化...
[2020-04-12 19:54:16:702] [vo.logVo.LogVo.<init>] [INFO] 日志实例已初始化...
[2020-04-12 19:54:16:705] [vo.logVo.LogVo.<init>] [INFO] 日志实例已初始化...
[2020-04-12 19:54:16:709] [vo.logVo.LogVo.<init>] [INFO] 日志实例已初始化...
[2020-04-12 19:54:16:713] [vo.logVo.LogVo.<init>] [INFO] 日志实例已初始化...
[2020-04-12 19:54:16:716] [vo.logVo.LogVo.<init>] [INFO] 日志实例已初始化...
[2020-04-12 19:54:16:719] [vo.logVo.LogVo.<init>] [INFO] 日志实例已初始化...
[2020-04-12 19:54:16:723] [vo.logVo.LogVo.<init>] [INFO] 日志实例已初始化...
[2020-04-12 19:54:16:731] [vo.logVo.LogVo.<init>] [INFO] 日志实例已初始化...
[2020-04-12 19:54:16:735] [vo.logVo.LogVo.<init>] [INFO] 日志实例已初始化...
[2020-04-12 19:54:16:739] [vo.logVo.LogVo.<init>] [INFO] 日志实例已初始化...
[2020-04-12 19:54:16:743] [vo.logVo.LogVo.<init>] [INFO] 日志实例已初始化...
[2020-04-12 19:54:16:749] [vo.logVo.LogVo.<init>] [INFO] 日志实例已初始化...
[2020-04-12 19:54:16:754] [vo.logVo.LogVo.<init>] [INFO] 日志实例已初始化...
[2020-04-12 19:54:16:760] [vo.logVo.LogVo.<init>] [INFO] 日志实例已初始化...
[2020-04-12 19:54:16:764] [vo.logVo.LogVo.<init>] [INFO] 日志实例已初始化...
[2020-04-12 19:54:16:768] [vo.logVo.LogVo.<init>] [INFO] 日志实例已初始化...
[2020-04-12 19:54:16:771] [vo.logVo.LogVo.<init>] [INFO] 日志实例已初始化...
[2020-04-12 19:54:16:776] [vo.logVo.LogVo.<init>] [INFO] 日志实例已初始化...
[2020-04-12 19:54:16:780] [vo.logVo.LogVo.<init>] [INFO] 日志实例已初始化...
[2020-04-12 19:54:16:783] [vo.logVo.LogVo.<init>] [INFO] 日志实例已初始化...
[2020-04-12 19:54:16:786] [vo.logVo.LogVo.<init>] [INFO] 日志实例已初始化...
[2020-04-12 19:54:16:792] [vo.logVo.LogVo.<init>] [INFO] 日志实例已初始化...
[2020-04-12 19:54:16:796] [vo.logVo.LogVo.<init>] [INFO] 日志实例已初始化...
[2020-04-12 19:54:16:799] [vo.logVo.LogVo.<init>] [INFO] 日志实例已初始化...
[2020-04-12 19:54:16:802] [vo.logVo.LogVo.<init>] [INFO] 日志实例已初始化...
[2020-04-12 19:54:16:807] [vo.logVo.LogVo.<init>] [INFO] 日志实例已初始化...
[2020-04-12 19:54:16:810] [vo.logVo.LogVo.<init>] [INFO] 日志实例已初始化...
[2020-04-12 19:54:16:813] [vo.logVo.LogVo.<init>] [INFO] 日志实例已初始化...
[2020-04-12 19:54:16:816] [vo.logVo.LogVo.<init>] [INFO] 日志实例已初始化...
[2020-04-12 19:54:16:819] [vo.logVo.LogVo.<init>] [INFO] 日志实例已初始化...
[2020-04-12 19:54:16:823] [vo.logVo.LogVo.<init>] [INFO] 日志实例已初始化...
[2020-04-12 19:54:16:827] [vo.logVo.LogVo.<init>] [INFO] 日志实例已初始化...
[2020-04-12 19:54:16:830] [vo.logVo.LogVo.<init>] [INFO] 日志实例已初始化...
[2020-04-12 19:54:16:833] [vo.logVo.LogVo.<init>] [INFO] 日志实例已初始化...
[2020-04-12 19:54:16:838] [vo.logVo.LogVo.<init>] [INFO] 日志实例已初始化...
[2020-04-12 19:54:16:844] [vo.logVo.LogVo.<init>] [INFO] 日志实例已初始化...
[2020-04-12 19:54:16:848] [vo.logVo.LogVo.<init>] [INFO] 日志实例已初始化...
[2020-04-12 19:54:16:851] [vo.logVo.LogVo.<init>] [INFO] 日志实例已初始化...
[2020-04-12 19:54:16:855] [vo.logVo.LogVo.<init>] [INFO] 日志实例已初始化...
[2020-04-12 19:54:16:858] [vo.logVo.LogVo.<init>] [INFO] 日志实例已初始化...
[2020-04-12 19:54:16:862] [vo.logVo.LogVo.<init>] [INFO] 日志实例已初始化...
[2020-04-12 19:54:16:865] [vo.logVo.LogVo.<init>] [INFO] 日志实例已初始化...
[2020-04-12 19:54:16:867] [vo.logVo.LogVo.<init>] [INFO] 日志实例已初始化...
[2020-04-12 19:54:16:870] [vo.logVo.LogVo.<init>] [INFO] 日志实例已初始化...
[2020-04-12 19:54:16:873] [vo.logVo.LogVo.<init>] [INFO] 日志实例已初始化...
[2020-04-12 19:54:16:876] [vo.logVo.LogVo.<init>] [INFO] 日志实例已初始化...
[2020-04-12 19:54:16:879] [vo.logVo.LogVo.<init>] [INFO] 日志实例已初始化...
[2020-04-12 19:54:16:882] [vo.logVo.LogVo.<init>] [INFO] 日志实例已初始化...
[2020-04-12 19:54:16:885] [vo.logVo.LogVo.<init>] [INFO] 日志实例已初始化...
[2020-04-12 19:54:16:887] [vo.logVo.LogVo.<init>] [INFO] 日志实例已初始化...
[2020-04-12 19:54:16:889] [vo.logVo.LogVo.<init>] [INFO] 日志实例已初始化...
[2020-04-12 19:54:16:891] [vo.logVo.LogVo.<init>] [INFO] 日志实例已初始化...
[2020-04-12 19:54:16:893] [vo.logVo.LogVo.<init>] [INFO] 日志实例已初始化...
[2020-04-12 19:54:16:895] [vo.logVo.LogVo.<init>] [INFO] 日志实例已初始化...
[2020-04-12 19:54:17:250] [vo.logVo.LogVo.<init>] [INFO] 日志实例已初始化...
[2020-04-12 19:54:17:401] [vo.logVo.LogVo.<init>] [INFO] 日志实例已初始化...
[2020-04-12 19:55:08:598] [action.userAction.LoginAction.execute] [INFO] admin 登录成功,登录时间:2020-04-12 19:55:08
[2020-04-12 19:55:26:061] [vo.logVo.LogVo.<init>] [INFO] 日志实例已初始化...
[2020-04-12 19:55:26:064] [vo.logVo.LogVo.<init>] [INFO] 日志实例已初始化...
[2020-04-12 19:55:26:065] [vo.logVo.LogVo.<init>] [INFO] 日志实例已初始化...
[2020-04-12 19:55:26:068] [vo.logVo.LogVo.<init>] [INFO] 日志实例已初始化...
[2020-04-12 19:55:26:069] [vo.logVo.LogVo.<init>] [INFO] 日志实例已初始化...
[2020-04-12 19:55:26:071] [vo.logVo.LogVo.<init>] [INFO] 日志实例已初始化...
[2020-04-12 19:55:26:073] [vo.logVo.LogVo.<init>] [INFO] 日志实例已初始化...
[2020-04-12 19:55:26:075] [vo.logVo.LogVo.<init>] [INFO] 日志实例已初始化...
[2020-04-12 19:55:26:077] [vo.logVo.LogVo.<init>] [INFO] 日志实例已初始化...
[2020-04-12 19:55:26:079] [vo.logVo.LogVo.<init>] [INFO] 日志实例已初始化...
[2020-04-12 19:55:26:081] [vo.logVo.LogVo.<init>] [INFO] 日志实例已初始化...
[2020-04-12 19:55:26:082] [vo.logVo.LogVo.<init>] [INFO] 日志实例已初始化...
[2020-04-12 19:55:26:084] [vo.logVo.LogVo.<init>] [INFO] 日志实例已初始化...
[2020-04-12 19:55:26:086] [vo.logVo.LogVo.<init>] [INFO] 日志实例已初始化...
[2020-04-12 19:55:26:088] [vo.logVo.LogVo.<init>] [INFO] 日志实例已初始化...
[2020-04-12 19:55:26:092] [vo.logVo.LogVo.<init>] [INFO] 日志实例已初始化...
[2020-04-12 19:55:26:096] [vo.logVo.LogVo.<init>] [INFO] 日志实例已初始化...
[2020-04-12 19:55:26:103] [vo.logVo.LogVo.<init>] [INFO] 日志实例已初始化...
[2020-04-12 19:55:26:109] [vo.logVo.LogVo.<init>] [INFO] 日志实例已初始化...
[2020-04-12 19:55:26:111] [vo.logVo.LogVo.<init>] [INFO] 日志实例已初始化...
[2020-04-12 19:55:26:115] [vo.logVo.LogVo.<init>] [INFO] 日志实例已初始化...
[2020-04-12 19:55:26:125] [vo.logVo.LogVo.<init>] [INFO] 日志实例已初始化...
[2020-04-12 19:55:26:129] [vo.logVo.LogVo.<init>] [INFO] 日志实例已初始化...
[2020-04-12 19:55:26:136] [vo.logVo.LogVo.<init>] [INFO] 日志实例已初始化...
[2020-04-12 19:55:26:169] [vo.logVo.LogVo.<init>] [INFO] 日志实例已初始化...
[2020-04-12 19:55:26:175] [vo.logVo.LogVo.<init>] [INFO] 日志实例已初始化...
[2020-04-12 19:55:26:179] [vo.logVo.LogVo.<init>] [INFO] 日志实例已初始化...
[2020-04-12 19:55:26:185] [vo.logVo.LogVo.<init>] [INFO] 日志实例已初始化...
[2020-04-12 19:55:26:188] [vo.logVo.LogVo.<init>] [INFO] 日志实例已初始化...
[2020-04-12 19:55:26:192] [vo.logVo.LogVo.<init>] [INFO] 日志实例已初始化...
[2020-04-12 19:55:26:194] [vo.logVo.LogVo.<init>] [INFO] 日志实例已初始化...
[2020-04-12 19:55:26:196] [vo.logVo.LogVo.<init>] [INFO] 日志实例已初始化...
[2020-04-12 19:55:26:198] [vo.logVo.LogVo.<init>] [INFO] 日志实例已初始化...
[2020-04-12 19:55:26:200] [vo.logVo.LogVo.<init>] [INFO] 日志实例已初始化...
[2020-04-12 19:55:26:202] [vo.logVo.LogVo.<init>] [INFO] 日志实例已初始化...
[2020-04-12 19:55:26:204] [vo.logVo.LogVo.<init>] [INFO] 日志实例已初始化...
[2020-04-12 19:55:26:207] [vo.logVo.LogVo.<init>] [INFO] 日志实例已初始化...
[2020-04-12 19:55:26:209] [vo.logVo.LogVo.<init>] [INFO] 日志实例已初始化...
[2020-04-12 19:55:26:211] [vo.logVo.LogVo.<init>] [INFO] 日志实例已初始化...
[2020-04-12 19:55:26:213] [vo.logVo.LogVo.<init>] [INFO] 日志实例已初始化...
[2020-04-12 19:55:26:216] [vo.logVo.LogVo.<init>] [INFO] 日志实例已初始化...
[2020-04-12 19:55:26:218] [vo.logVo.LogVo.<init>] [INFO] 日志实例已初始化...
[2020-04-12 19:55:26:220] [vo.logVo.LogVo.<init>] [INFO] 日志实例已初始化...
[2020-04-12 19:55:26:222] [vo.logVo.LogVo.<init>] [INFO] 日志实例已初始化...
[2020-04-12 19:55:26:224] [vo.logVo.LogVo.<init>] [INFO] 日志实例已初始化...
[2020-04-12 19:55:26:226] [vo.logVo.LogVo.<init>] [INFO] 日志实例已初始化...
[2020-04-12 19:55:26:229] [vo.logVo.LogVo.<init>] [INFO] 日志实例已初始化...
[2020-04-12 19:55:26:231] [vo.logVo.LogVo.<init>] [INFO] 日志实例已初始化...
[2020-04-12 19:55:26:233] [vo.logVo.LogVo.<init>] [INFO] 日志实例已初始化...
[2020-04-12 19:55:26:235] [vo.logVo.LogVo.<init>] [INFO] 日志实例已初始化...
[2020-04-12 19:55:26:237] [vo.logVo.LogVo.<init>] [INFO] 日志实例已初始化...
[2020-04-12 19:55:26:239] [vo.logVo.LogVo.<init>] [INFO] 日志实例已初始化...
[2020-04-12 19:55:26:242] [vo.logVo.LogVo.<init>] [INFO] 日志实例已初始化...
[2020-04-12 19:55:26:243] [vo.logVo.LogVo.<init>] [INFO] 日志实例已初始化...
[2020-04-12 19:55:26:246] [vo.logVo.LogVo.<init>] [INFO] 日志实例已初始化...
[2020-04-12 19:55:26:248] [vo.logVo.LogVo.<init>] [INFO] 日志实例已初始化...
[2020-04-12 19:55:26:250] [vo.logVo.LogVo.<init>] [INFO] 日志实例已初始化...
[2020-04-12 19:55:26:252] [vo.logVo.LogVo.<init>] [INFO] 日志实例已初始化...
[2020-04-12 19:55:26:254] [vo.logVo.LogVo.<init>] [INFO] 日志实例已初始化...
[2020-04-12 19:55:26:256] [vo.logVo.LogVo.<init>] [INFO] 日志实例已初始化...
[2020-04-12 19:55:26:258] [vo.logVo.LogVo.<init>] [INFO] 日志实例已初始化...
[2020-04-12 19:55:26:260] [vo.logVo.LogVo.<init>] [INFO] 日志实例已初始化...
[2020-04-12 19:55:26:262] [vo.logVo.LogVo.<init>] [INFO] 日志实例已初始化...
[2020-04-12 19:55:26:264] [vo.logVo.LogVo.<init>] [INFO] 日志实例已初始化...
[2020-04-12 19:55:26:266] [vo.logVo.LogVo.<init>] [INFO] 日志实例已初始化...
[2020-04-12 19:55:26:268] [vo.logVo.LogVo.<init>] [INFO] 日志实例已初始化...
[2020-04-12 19:55:26:270] [vo.logVo.LogVo.<init>] [INFO] 日志实例已初始化...
[2020-04-12 19:55:26:272] [vo.logVo.LogVo.<init>] [INFO] 日志实例已初始化...
[2020-04-12 19:55:26:274] [vo.logVo.LogVo.<init>] [INFO] 日志实例已初始化...
[2020-04-12 19:55:26:276] [vo.logVo.LogVo.<init>] [INFO] 日志实例已初始化...
[2020-04-12 19:55:26:280] [vo.logVo.LogVo.<init>] [INFO] 日志实例已初始化...
[2020-04-12 19:55:26:282] [vo.logVo.LogVo.<init>] [INFO] 日志实例已初始化...
[2020-04-12 19:55:26:284] [vo.logVo.LogVo.<init>] [INFO] 日志实例已初始化...
[2020-04-12 19:55:26:288] [vo.logVo.LogVo.<init>] [INFO] 日志实例已初始化...
[2020-04-12 19:55:26:292] [vo.logVo.LogVo.<init>] [INFO] 日志实例已初始化...
[2020-04-12 19:55:26:295] [vo.logVo.LogVo.<init>] [INFO] 日志实例已初始化...
[2020-04-12 19:55:26:299] [vo.logVo.LogVo.<init>] [INFO] 日志实例已初始化...
[2020-04-12 19:55:26:303] [vo.logVo.LogVo.<init>] [INFO] 日志实例已初始化...
[2020-04-12 19:55:26:306] [vo.logVo.LogVo.<init>] [INFO] 日志实例已初始化...
[2020-04-12 19:55:26:311] [vo.logVo.LogVo.<init>] [INFO] 日志实例已初始化...
[2020-04-12 19:55:26:314] [vo.logVo.LogVo.<init>] [INFO] 日志实例已初始化...
[2020-04-12 19:55:26:317] [vo.logVo.LogVo.<init>] [INFO] 日志实例已初始化...
[2020-04-12 19:55:26:320] [vo.logVo.LogVo.<init>] [INFO] 日志实例已初始化...
[2020-04-12 19:55:26:327] [vo.logVo.LogVo.<init>] [INFO] 日志实例已初始化...
[2020-04-12 19:55:26:331] [vo.logVo.LogVo.<init>] [INFO] 日志实例已初始化...
[2020-04-12 19:55:26:335] [vo.logVo.LogVo.<init>] [INFO] 日志实例已初始化...
[2020-04-12 19:55:26:339] [vo.logVo.LogVo.<init>] [INFO] 日志实例已初始化...
[2020-04-12 19:55:26:341] [vo.logVo.LogVo.<init>] [INFO] 日志实例已初始化...
[2020-04-12 19:55:26:343] [vo.logVo.LogVo.<init>] [INFO] 日志实例已初始化...
[2020-04-12 19:55:26:345] [vo.logVo.LogVo.<init>] [INFO] 日志实例已初始化...
[2020-04-12 19:55:26:351] [vo.logVo.LogVo.<init>] [INFO] 日志实例已初始化...
[2020-04-12 19:55:26:353] [vo.logVo.LogVo.<init>] [INFO] 日志实例已初始化...
[2020-04-12 19:55:26:355] [vo.logVo.LogVo.<init>] [INFO] 日志实例已初始化...
[2020-04-12 19:55:26:359] [vo.logVo.LogVo.<init>] [INFO] 日志实例已初始化...
[2020-04-12 19:55:26:361] [vo.logVo.LogVo.<init>] [INFO] 日志实例已初始化...
[2020-04-12 19:55:26:363] [vo.logVo.LogVo.<init>] [INFO] 日志实例已初始化...
[2020-04-12 19:55:26:366] [vo.logVo.LogVo.<init>] [INFO] 日志实例已初始化...
[2020-04-12 19:55:26:369] [vo.logVo.LogVo.<init>] [INFO] 日志实例已初始化...
[2020-04-12 19:55:26:371] [vo.logVo.LogVo.<init>] [INFO] 日志实例已初始化...
[2020-04-12 19:55:26:374] [vo.logVo.LogVo.<init>] [INFO] 日志实例已初始化...
[2020-04-12 19:55:26:376] [vo.logVo.LogVo.<init>] [INFO] 日志实例已初始化...
[2020-04-12 19:55:26:379] [vo.logVo.LogVo.<init>] [INFO] 日志实例已初始化...
[2020-04-12 19:55:26:381] [vo.logVo.LogVo.<init>] [INFO] 日志实例已初始化...
[2020-04-12 19:55:26:384] [vo.logVo.LogVo.<init>] [INFO] 日志实例已初始化...
[2020-04-12 19:55:26:388] [vo.logVo.LogVo.<init>] [INFO] 日志实例已初始化...
[2020-04-12 19:55:26:392] [vo.logVo.LogVo.<init>] [INFO] 日志实例已初始化...
[2020-04-12 19:55:26:394] [vo.logVo.LogVo.<init>] [INFO] 日志实例已初始化...
[2020-04-12 19:55:26:395] [vo.logVo.LogVo.<init>] [INFO] 日志实例已初始化...
[2020-04-12 19:55:26:398] [vo.logVo.LogVo.<init>] [INFO] 日志实例已初始化...
[2020-04-12 19:55:26:401] [vo.logVo.LogVo.<init>] [INFO] 日志实例已初始化...
[2020-04-12 19:55:26:403] [vo.logVo.LogVo.<init>] [INFO] 日志实例已初始化...
[2020-04-12 19:55:26:405] [vo.logVo.LogVo.<init>] [INFO] 日志实例已初始化...
[2020-04-12 19:55:26:408] [vo.logVo.LogVo.<init>] [INFO] 日志实例已初始化...
[2020-04-12 19:55:26:410] [vo.logVo.LogVo.<init>] [INFO] 日志实例已初始化...
[2020-04-12 19:55:26:413] [vo.logVo.LogVo.<init>] [INFO] 日志实例已初始化...
[2020-04-12 19:55:26:415] [vo.logVo.LogVo.<init>] [INFO] 日志实例已初始化...
[2020-04-12 19:55:26:417] [vo.logVo.LogVo.<init>] [INFO] 日志实例已初始化...
[2020-04-12 19:55:26:418] [vo.logVo.LogVo.<init>] [INFO] 日志实例已初始化...
[2020-04-12 19:55:26:420] [vo.logVo.LogVo.<init>] [INFO] 日志实例已初始化...
[2020-04-12 19:55:26:423] [vo.logVo.LogVo.<init>] [INFO] 日志实例已初始化...
[2020-04-12 19:55:26:426] [vo.logVo.LogVo.<init>] [INFO] 日志实例已初始化...
[2020-04-12 19:55:26:428] [vo.logVo.LogVo.<init>] [INFO] 日志实例已初始化...
[2020-04-12 19:55:26:431] [vo.logVo.LogVo.<init>] [INFO] 日志实例已初始化...
[2020-04-12 19:55:26:434] [vo.logVo.LogVo.<init>] [INFO] 日志实例已初始化...
[2020-04-12 19:55:26:436] [vo.logVo.LogVo.<init>] [INFO] 日志实例已初始化...
[2020-04-12 19:55:26:438] [vo.logVo.LogVo.<init>] [INFO] 日志实例已初始化...
[2020-04-12 19:55:26:441] [vo.logVo.LogVo.<init>] [INFO] 日志实例已初始化...
[2020-04-12 19:55:26:444] [vo.logVo.LogVo.<init>] [INFO] 日志实例已初始化...
[2020-04-12 19:55:26:446] [vo.logVo.LogVo.<init>] [INFO] 日志实例已初始化...
[2020-04-12 19:55:26:449] [vo.logVo.LogVo.<init>] [INFO] 日志实例已初始化...
[2020-04-12 19:55:26:452] [vo.logVo.LogVo.<init>] [INFO] 日志实例已初始化...
[2020-04-12 19:55:26:454] [vo.logVo.LogVo.<init>] [INFO] 日志实例已初始化...
[2020-04-12 19:55:26:457] [vo.logVo.LogVo.<init>] [INFO] 日志实例已初始化...
[2020-04-12 19:55:26:459] [vo.logVo.LogVo.<init>] [INFO] 日志实例已初始化...
[2020-04-12 19:55:26:461] [vo.logVo.LogVo.<init>] [INFO] 日志实例已初始化...
[2020-04-12 19:55:26:464] [vo.logVo.LogVo.<init>] [INFO] 日志实例已初始化...
[2020-04-12 19:55:26:467] [vo.logVo.LogVo.<init>] [INFO] 日志实例已初始化...
[2020-04-12 19:55:26:470] [vo.logVo.LogVo.<init>] [INFO] 日志实例已初始化...
[2020-04-12 19:55:26:473] [vo.logVo.LogVo.<init>] [INFO] 日志实例已初始化...
[2020-04-12 19:55:26:475] [vo.logVo.LogVo.<init>] [INFO] 日志实例已初始化...
[2020-04-12 19:55:26:478] [vo.logVo.LogVo.<init>] [INFO] 日志实例已初始化...
[2020-04-12 19:55:26:480] [vo.logVo.LogVo.<init>] [INFO] 日志实例已初始化...
[2020-04-12 19:55:26:482] [vo.logVo.LogVo.<init>] [INFO] 日志实例已初始化...
[2020-04-12 19:55:26:485] [vo.logVo.LogVo.<init>] [INFO] 日志实例已初始化...
[2020-04-12 19:55:26:487] [vo.logVo.LogVo.<init>] [INFO] 日志实例已初始化...
[2020-04-12 19:55:26:490] [vo.logVo.LogVo.<init>] [INFO] 日志实例已初始化...
[2020-04-12 19:55:26:492] [vo.logVo.LogVo.<init>] [INFO] 日志实例已初始化...
[2020-04-12 19:55:26:496] [vo.logVo.LogVo.<init>] [INFO] 日志实例已初始化...
[2020-04-12 19:55:26:499] [vo.logVo.LogVo.<init>] [INFO] 日志实例已初始化...
[2020-04-12 19:55:26:502] [vo.logVo.LogVo.<init>] [INFO] 日志实例已初始化...
[2020-04-12 19:55:26:504] [vo.logVo.LogVo.<init>] [INFO] 日志实例已初始化...
[2020-04-12 19:55:26:508] [vo.logVo.LogVo.<init>] [INFO] 日志实例已初始化...
[2020-04-12 19:55:26:510] [vo.logVo.LogVo.<init>] [INFO] 日志实例已初始化...
[2020-04-12 19:55:26:512] [vo.logVo.LogVo.<init>] [INFO] 日志实例已初始化...
[2020-04-12 19:55:26:513] [vo.logVo.LogVo.<init>] [INFO] 日志实例已初始化...
[2020-04-12 19:55:26:515] [vo.logVo.LogVo.<init>] [INFO] 日志实例已初始化...
[2020-04-12 19:55:26:517] [vo.logVo.LogVo.<init>] [INFO] 日志实例已初始化...
[2020-04-12 19:55:26:520] [vo.logVo.LogVo.<init>] [INFO] 日志实例已初始化...
[2020-04-12 19:55:26:521] [vo.logVo.LogVo.<init>] [INFO] 日志实例已初始化...
[2020-04-12 19:55:26:523] [vo.logVo.LogVo.<init>] [INFO] 日志实例已初始化...
[2020-04-12 19:55:26:525] [vo.logVo.LogVo.<init>] [INFO] 日志实例已初始化...
[2020-04-12 19:55:26:528] [vo.logVo.LogVo.<init>] [INFO] 日志实例已初始化...
[2020-04-12 19:55:26:531] [vo.logVo.LogVo.<init>] [INFO] 日志实例已初始化...
[2020-04-12 19:55:26:532] [vo.logVo.LogVo.<init>] [INFO] 日志实例已初始化...
[2020-04-12 19:55:26:535] [vo.logVo.LogVo.<init>] [INFO] 日志实例已初始化...
[2020-04-12 19:55:26:536] [vo.logVo.LogVo.<init>] [INFO] 日志实例已初始化...
[2020-04-12 19:55:26:538] [vo.logVo.LogVo.<init>] [INFO] 日志实例已初始化...
[2020-04-12 19:55:26:541] [vo.logVo.LogVo.<init>] [INFO] 日志实例已初始化...
[2020-04-12 19:55:26:543] [vo.logVo.LogVo.<init>] [INFO] 日志实例已初始化...
[2020-04-12 19:55:26:545] [vo.logVo.LogVo.<init>] [INFO] 日志实例已初始化...
[2020-04-12 19:55:26:547] [vo.logVo.LogVo.<init>] [INFO] 日志实例已初始化...
[2020-04-12 19:55:26:549] [vo.logVo.LogVo.<init>] [INFO] 日志实例已初始化...
[2020-04-12 19:55:26:551] [vo.logVo.LogVo.<init>] [INFO] 日志实例已初始化...
[2020-04-12 19:55:26:552] [vo.logVo.LogVo.<init>] [INFO] 日志实例已初始化...
[2020-04-12 19:55:26:554] [vo.logVo.LogVo.<init>] [INFO] 日志实例已初始化...
[2020-04-12 19:55:26:558] [vo.logVo.LogVo.<init>] [INFO] 日志实例已初始化...
[2020-04-12 19:55:26:561] [vo.logVo.LogVo.<init>] [INFO] 日志实例已初始化...
[2020-04-12 19:55:26:565] [vo.logVo.LogVo.<init>] [INFO] 日志实例已初始化...
[2020-04-12 19:55:26:567] [vo.logVo.LogVo.<init>] [INFO] 日志实例已初始化...
[2020-04-12 19:55:26:570] [vo.logVo.LogVo.<init>] [INFO] 日志实例已初始化...
[2020-04-12 19:55:26:572] [vo.logVo.LogVo.<init>] [INFO] 日志实例已初始化...
[2020-04-12 19:55:26:575] [vo.logVo.LogVo.<init>] [INFO] 日志实例已初始化...
[2020-04-12 19:55:26:577] [vo.logVo.LogVo.<init>] [INFO] 日志实例已初始化...
[2020-04-12 19:55:26:579] [vo.logVo.LogVo.<init>] [INFO] 日志实例已初始化...
[2020-04-12 19:55:26:581] [vo.logVo.LogVo.<init>] [INFO] 日志实例已初始化...
[2020-04-12 19:55:26:582] [vo.logVo.LogVo.<init>] [INFO] 日志实例已初始化...
[2020-04-12 19:55:26:584] [vo.logVo.LogVo.<init>] [INFO] 日志实例已初始化...
[2020-04-12 19:55:26:586] [vo.logVo.LogVo.<init>] [INFO] 日志实例已初始化...
[2020-04-12 19:55:26:589] [vo.logVo.LogVo.<init>] [INFO] 日志实例已初始化...
[2020-04-12 19:55:26:591] [vo.logVo.LogVo.<init>] [INFO] 日志实例已初始化...
[2020-04-12 19:55:26:593] [vo.logVo.LogVo.<init>] [INFO] 日志实例已初始化...
[2020-04-12 19:55:26:595] [vo.logVo.LogVo.<init>] [INFO] 日志实例已初始化...
[2020-04-12 19:55:26:597] [vo.logVo.LogVo.<init>] [INFO] 日志实例已初始化...
[2020-04-12 19:55:26:599] [vo.logVo.LogVo.<init>] [INFO] 日志实例已初始化...
[2020-04-12 19:55:26:601] [vo.logVo.LogVo.<init>] [INFO] 日志实例已初始化...
[2020-04-12 19:55:26:603] [vo.logVo.LogVo.<init>] [INFO] 日志实例已初始化...
[2020-04-12 19:55:26:606] [vo.logVo.LogVo.<init>] [INFO] 日志实例已初始化...
[2020-04-12 19:55:26:608] [vo.logVo.LogVo.<init>] [INFO] 日志实例已初始化...
[2020-04-12 19:55:26:610] [vo.logVo.LogVo.<init>] [INFO] 日志实例已初始化...
[2020-04-12 19:55:26:612] [vo.logVo.LogVo.<init>] [INFO] 日志实例已初始化...
[2020-04-12 19:55:26:614] [vo.logVo.LogVo.<init>] [INFO] 日志实例已初始化...
[2020-04-12 19:55:26:616] [vo.logVo.LogVo.<init>] [INFO] 日志实例已初始化...
[2020-04-12 19:55:26:618] [vo.logVo.LogVo.<init>] [INFO] 日志实例已初始化...
[2020-04-12 19:55:26:621] [vo.logVo.LogVo.<init>] [INFO] 日志实例已初始化...
[2020-04-12 19:55:26:626] [vo.logVo.LogVo.<init>] [INFO] 日志实例已初始化...
[2020-04-12 19:55:26:628] [vo.logVo.LogVo.<init>] [INFO] 日志实例已初始化...
[2020-04-12 19:55:26:630] [vo.logVo.LogVo.<init>] [INFO] 日志实例已初始化...
[2020-04-12 19:55:26:633] [vo.logVo.LogVo.<init>] [INFO] 日志实例已初始化...
[2020-04-12 19:55:26:635] [vo.logVo.LogVo.<init>] [INFO] 日志实例已初始化...
[2020-04-12 19:55:26:637] [vo.logVo.LogVo.<init>] [INFO] 日志实例已初始化...
[2020-04-12 19:55:26:639] [vo.logVo.LogVo.<init>] [INFO] 日志实例已初始化...
[2020-04-12 19:55:26:641] [vo.logVo.LogVo.<init>] [INFO] 日志实例已初始化...
[2020-04-12 19:55:26:643] [vo.logVo.LogVo.<init>] [INFO] 日志实例已初始化...
[2020-04-12 19:55:26:645] [vo.logVo.LogVo.<init>] [INFO] 日志实例已初始化...
[2020-04-12 19:55:26:646] [vo.logVo.LogVo.<init>] [INFO] 日志实例已初始化...
[2020-04-12 19:55:26:648] [vo.logVo.LogVo.<init>] [INFO] 日志实例已初始化...
[2020-04-12 19:55:26:650] [vo.logVo.LogVo.<init>] [INFO] 日志实例已初始化...
[2020-04-12 19:55:26:652] [vo.logVo.LogVo.<init>] [INFO] 日志实例已初始化...
[2020-04-12 19:55:26:654] [vo.logVo.LogVo.<init>] [INFO] 日志实例已初始化...
[2020-04-12 19:55:26:657] [vo.logVo.LogVo.<init>] [INFO] 日志实例已初始化...
[2020-04-12 19:55:26:659] [vo.logVo.LogVo.<init>] [INFO] 日志实例已初始化...
[2020-04-12 19:55:26:660] [vo.logVo.LogVo.<init>] [INFO] 日志实例已初始化...
[2020-04-12 19:55:26:662] [vo.logVo.LogVo.<init>] [INFO] 日志实例已初始化...
[2020-04-12 19:55:26:664] [vo.logVo.LogVo.<init>] [INFO] 日志实例已初始化...
[2020-04-12 19:55:26:666] [vo.logVo.LogVo.<init>] [INFO] 日志实例已初始化...
[2020-04-12 19:55:26:667] [vo.logVo.LogVo.<init>] [INFO] 日志实例已初始化...
[2020-04-12 19:55:26:670] [vo.logVo.LogVo.<init>] [INFO] 日志实例已初始化...
[2020-04-12 19:55:26:671] [vo.logVo.LogVo.<init>] [INFO] 日志实例已初始化...
[2020-04-12 19:55:26:673] [vo.logVo.LogVo.<init>] [INFO] 日志实例已初始化...
[2020-04-12 19:55:26:675] [vo.logVo.LogVo.<init>] [INFO] 日志实例已初始化...
[2020-04-12 19:55:26:677] [vo.logVo.LogVo.<init>] [INFO] 日志实例已初始化...
[2020-04-12 19:55:26:679] [vo.logVo.LogVo.<init>] [INFO] 日志实例已初始化...
[2020-04-12 19:55:26:681] [vo.logVo.LogVo.<init>] [INFO] 日志实例已初始化...
[2020-04-12 19:55:26:683] [vo.logVo.LogVo.<init>] [INFO] 日志实例已初始化...
[2020-04-12 19:55:26:686] [vo.logVo.LogVo.<init>] [INFO] 日志实例已初始化...
[2020-04-12 19:55:26:688] [vo.logVo.LogVo.<init>] [INFO] 日志实例已初始化...
[2020-04-12 19:55:26:691] [vo.logVo.LogVo.<init>] [INFO] 日志实例已初始化...
[2020-04-12 19:55:26:693] [vo.logVo.LogVo.<init>] [INFO] 日志实例已初始化...
[2020-04-12 19:55:26:695] [vo.logVo.LogVo.<init>] [INFO] 日志实例已初始化...
[2020-04-12 19:55:26:698] [vo.logVo.LogVo.<init>] [INFO] 日志实例已初始化...
[2020-04-12 19:55:26:700] [vo.logVo.LogVo.<init>] [INFO] 日志实例已初始化...
[2020-04-12 19:55:26:702] [vo.logVo.LogVo.<init>] [INFO] 日志实例已初始化...
[2020-04-12 19:55:26:703] [vo.logVo.LogVo.<init>] [INFO] 日志实例已初始化...
[2020-04-12 19:55:26:705] [vo.logVo.LogVo.<init>] [INFO] 日志实例已初始化...
[2020-04-12 19:55:26:708] [vo.logVo.LogVo.<init>] [INFO] 日志实例已初始化...
[2020-04-12 19:55:26:710] [vo.logVo.LogVo.<init>] [INFO] 日志实例已初始化...
[2020-04-12 19:55:26:712] [vo.logVo.LogVo.<init>] [INFO] 日志实例已初始化...
[2020-04-12 19:55:26:714] [vo.logVo.LogVo.<init>] [INFO] 日志实例已初始化...
[2020-04-12 19:55:26:716] [vo.logVo.LogVo.<init>] [INFO] 日志实例已初始化...
[2020-04-12 19:55:26:718] [vo.logVo.LogVo.<init>] [INFO] 日志实例已初始化...
[2020-04-12 19:55:26:720] [vo.logVo.LogVo.<init>] [INFO] 日志实例已初始化...
[2020-04-12 19:55:26:722] [vo.logVo.LogVo.<init>] [INFO] 日志实例已初始化...
[2020-04-12 19:55:26:724] [vo.logVo.LogVo.<init>] [INFO] 日志实例已初始化...
[2020-04-12 19:55:26:726] [vo.logVo.LogVo.<init>] [INFO] 日志实例已初始化...
[2020-04-12 19:55:26:729] [vo.logVo.LogVo.<init>] [INFO] 日志实例已初始化...
[2020-04-12 19:55:26:732] [vo.logVo.LogVo.<init>] [INFO] 日志实例已初始化...
[2020-04-12 19:55:26:734] [vo.logVo.LogVo.<init>] [INFO] 日志实例已初始化...
[2020-04-12 19:55:26:735] [vo.logVo.LogVo.<init>] [INFO] 日志实例已初始化...
[2020-04-12 19:55:26:737] [vo.logVo.LogVo.<init>] [INFO] 日志实例已初始化...
[2020-04-12 19:55:26:740] [vo.logVo.LogVo.<init>] [INFO] 日志实例已初始化...
[2020-04-12 19:55:26:742] [vo.logVo.LogVo.<init>] [INFO] 日志实例已初始化...
[2020-04-12 19:55:26:744] [vo.logVo.LogVo.<init>] [INFO] 日志实例已初始化...
[2020-04-12 19:55:26:746] [vo.logVo.LogVo.<init>] [INFO] 日志实例已初始化...
[2020-04-12 19:55:26:748] [vo.logVo.LogVo.<init>] [INFO] 日志实例已初始化...
[2020-04-12 19:55:26:750] [vo.logVo.LogVo.<init>] [INFO] 日志实例已初始化...
[2020-04-12 19:55:26:752] [vo.logVo.LogVo.<init>] [INFO] 日志实例已初始化...
[2020-04-12 19:55:26:755] [vo.logVo.LogVo.<init>] [INFO] 日志实例已初始化...
[2020-04-12 19:55:26:758] [vo.logVo.LogVo.<init>] [INFO] 日志实例已初始化...
[2020-04-12 19:55:26:760] [vo.logVo.LogVo.<init>] [INFO] 日志实例已初始化...
[2020-04-12 19:55:26:764] [vo.logVo.LogVo.<init>] [INFO] 日志实例已初始化...
[2020-04-12 19:55:26:766] [vo.logVo.LogVo.<init>] [INFO] 日志实例已初始化...
[2020-04-12 19:55:26:767] [vo.logVo.LogVo.<init>] [INFO] 日志实例已初始化...
[2020-04-12 19:55:26:770] [vo.logVo.LogVo.<init>] [INFO] 日志实例已初始化...
[2020-04-12 19:55:26:771] [vo.logVo.LogVo.<init>] [INFO] 日志实例已初始化...
[2020-04-12 19:55:26:775] [vo.logVo.LogVo.<init>] [INFO] 日志实例已初始化...
[2020-04-12 19:55:26:777] [vo.logVo.LogVo.<init>] [INFO] 日志实例已初始化...
[2020-04-12 19:55:26:779] [vo.logVo.LogVo.<init>] [INFO] 日志实例已初始化...
[2020-04-12 19:55:26:781] [vo.logVo.LogVo.<init>] [INFO] 日志实例已初始化...
[2020-04-12 19:55:26:783] [vo.logVo.LogVo.<init>] [INFO] 日志实例已初始化...
[2020-04-12 19:55:26:785] [vo.logVo.LogVo.<init>] [INFO] 日志实例已初始化...
[2020-04-12 19:55:26:787] [vo.logVo.LogVo.<init>] [INFO] 日志实例已初始化...
[2020-04-12 19:55:26:790] [vo.logVo.LogVo.<init>] [INFO] 日志实例已初始化...
[2020-04-12 19:55:26:793] [vo.logVo.LogVo.<init>] [INFO] 日志实例已初始化...
[2020-04-12 19:55:26:795] [vo.logVo.LogVo.<init>] [INFO] 日志实例已初始化...
[2020-04-12 19:55:26:796] [vo.logVo.LogVo.<init>] [INFO] 日志实例已初始化...
[2020-04-12 19:55:26:798] [vo.logVo.LogVo.<init>] [INFO] 日志实例已初始化...
[2020-04-12 19:55:26:800] [vo.logVo.LogVo.<init>] [INFO] 日志实例已初始化...
[2020-04-12 19:55:26:801] [vo.logVo.LogVo.<init>] [INFO] 日志实例已初始化...
[2020-04-12 19:55:26:803] [vo.logVo.LogVo.<init>] [INFO] 日志实例已初始化...
[2020-04-12 19:55:26:805] [vo.logVo.LogVo.<init>] [INFO] 日志实例已初始化...
[2020-04-12 19:55:26:809] [vo.logVo.LogVo.<init>] [INFO] 日志实例已初始化...
[2020-04-12 19:55:26:810] [vo.logVo.LogVo.<init>] [INFO] 日志实例已初始化...
[2020-04-12 19:55:26:813] [vo.logVo.LogVo.<init>] [INFO] 日志实例已初始化...
[2020-04-12 19:55:26:815] [vo.logVo.LogVo.<init>] [INFO] 日志实例已初始化...
[2020-04-12 19:55:26:817] [vo.logVo.LogVo.<init>] [INFO] 日志实例已初始化...
[2020-04-12 19:55:26:820] [vo.logVo.LogVo.<init>] [INFO] 日志实例已初始化...
[2020-04-12 19:55:26:823] [vo.logVo.LogVo.<init>] [INFO] 日志实例已初始化...
[2020-04-12 19:55:26:826] [vo.logVo.LogVo.<init>] [INFO] 日志实例已初始化...
[2020-04-12 19:55:26:829] [vo.logVo.LogVo.<init>] [INFO] 日志实例已初始化...
[2020-04-12 19:55:26:831] [vo.logVo.LogVo.<init>] [INFO] 日志实例已初始化...
[2020-04-12 19:55:26:833] [vo.logVo.LogVo.<init>] [INFO] 日志实例已初始化...
[2020-04-12 19:55:26:835] [vo.logVo.LogVo.<init>] [INFO] 日志实例已初始化...
[2020-04-12 19:55:26:837] [vo.logVo.LogVo.<init>] [INFO] 日志实例已初始化...
[2020-04-12 19:55:26:839] [vo.logVo.LogVo.<init>] [INFO] 日志实例已初始化...
[2020-04-12 19:55:26:843] [vo.logVo.LogVo.<init>] [INFO] 日志实例已初始化...
[2020-04-12 19:55:26:849] [vo.logVo.LogVo.<init>] [INFO] 日志实例已初始化...
[2020-04-12 19:55:26:850] [vo.logVo.LogVo.<init>] [INFO] 日志实例已初始化...
[2020-04-12 19:55:26:852] [vo.logVo.LogVo.<init>] [INFO] 日志实例已初始化...
[2020-04-12 19:55:26:854] [vo.logVo.LogVo.<init>] [INFO] 日志实例已初始化...
[2020-04-12 19:55:26:857] [vo.logVo.LogVo.<init>] [INFO] 日志实例已初始化...
[2020-04-12 19:55:26:858] [vo.logVo.LogVo.<init>] [INFO] 日志实例已初始化...
[2020-04-12 19:55:26:860] [vo.logVo.LogVo.<init>] [INFO] 日志实例已初始化...
[2020-04-12 19:55:26:862] [vo.logVo.LogVo.<init>] [INFO] 日志实例已初始化...
[2020-04-12 19:55:26:864] [vo.logVo.LogVo.<init>] [INFO] 日志实例已初始化...
[2020-04-12 19:55:26:865] [vo.logVo.LogVo.<init>] [INFO] 日志实例已初始化...
[2020-04-12 19:55:26:867] [vo.logVo.LogVo.<init>] [INFO] 日志实例已初始化...
[2020-04-12 19:55:26:871] [vo.logVo.LogVo.<init>] [INFO] 日志实例已初始化...
[2020-04-12 19:55:26:874] [vo.logVo.LogVo.<init>] [INFO] 日志实例已初始化...
[2020-04-12 19:55:26:876] [vo.logVo.LogVo.<init>] [INFO] 日志实例已初始化...
[2020-04-12 19:55:26:878] [vo.logVo.LogVo.<init>] [INFO] 日志实例已初始化...
[2020-04-12 19:55:26:880] [vo.logVo.LogVo.<init>] [INFO] 日志实例已初始化...
[2020-04-12 19:55:26:882] [vo.logVo.LogVo.<init>] [INFO] 日志实例已初始化...
[2020-04-12 19:55:26:885] [vo.logVo.LogVo.<init>] [INFO] 日志实例已初始化...
[2020-04-12 19:55:26:887] [vo.logVo.LogVo.<init>] [INFO] 日志实例已初始化...
[2020-04-12 19:55:26:890] [vo.logVo.LogVo.<init>] [INFO] 日志实例已初始化...
[2020-04-12 19:55:26:892] [vo.logVo.LogVo.<init>] [INFO] 日志实例已初始化...
[2020-04-12 19:55:26:894] [vo.logVo.LogVo.<init>] [INFO] 日志实例已初始化...
[2020-04-12 19:55:26:896] [vo.logVo.LogVo.<init>] [INFO] 日志实例已初始化...
[2020-04-12 19:55:26:898] [vo.logVo.LogVo.<init>] [INFO] 日志实例已初始化...
[2020-04-12 19:55:26:900] [vo.logVo.LogVo.<init>] [INFO] 日志实例已初始化...
[2020-04-12 19:55:26:902] [vo.logVo.LogVo.<init>] [INFO] 日志实例已初始化...
[2020-04-12 19:55:26:904] [vo.logVo.LogVo.<init>] [INFO] 日志实例已初始化...
[2020-04-12 19:55:26:907] [vo.logVo.LogVo.<init>] [INFO] 日志实例已初始化...
[2020-04-12 19:55:26:909] [vo.logVo.LogVo.<init>] [INFO] 日志实例已初始化...
[2020-04-12 19:55:26:911] [vo.logVo.LogVo.<init>] [INFO] 日志实例已初始化...
[2020-04-12 19:55:26:913] [vo.logVo.LogVo.<init>] [INFO] 日志实例已初始化...
[2020-04-12 19:55:26:915] [vo.logVo.LogVo.<init>] [INFO] 日志实例已初始化...
[2020-04-12 19:55:26:916] [vo.logVo.LogVo.<init>] [INFO] 日志实例已初始化...
[2020-04-12 19:55:26:918] [vo.logVo.LogVo.<init>] [INFO] 日志实例已初始化...
[2020-04-12 19:55:26:920] [vo.logVo.LogVo.<init>] [INFO] 日志实例已初始化...
[2020-04-12 19:55:26:922] [vo.logVo.LogVo.<init>] [INFO] 日志实例已初始化...
[2020-04-12 19:55:26:924] [vo.logVo.LogVo.<init>] [INFO] 日志实例已初始化...
[2020-04-12 19:55:26:926] [vo.logVo.LogVo.<init>] [INFO] 日志实例已初始化...
[2020-04-12 19:55:26:928] [vo.logVo.LogVo.<init>] [INFO] 日志实例已初始化...
[2020-04-12 19:55:26:931] [vo.logVo.LogVo.<init>] [INFO] 日志实例已初始化...
[2020-04-12 19:55:26:934] [vo.logVo.LogVo.<init>] [INFO] 日志实例已初始化...
[2020-04-12 19:55:26:937] [vo.logVo.LogVo.<init>] [INFO] 日志实例已初始化...
[2020-04-12 19:55:26:941] [vo.logVo.LogVo.<init>] [INFO] 日志实例已初始化...
[2020-04-12 19:55:26:945] [vo.logVo.LogVo.<init>] [INFO] 日志实例已初始化...
[2020-04-12 19:55:26:948] [vo.logVo.LogVo.<init>] [INFO] 日志实例已初始化...
[2020-04-12 19:55:26:952] [vo.logVo.LogVo.<init>] [INFO] 日志实例已初始化...
[2020-04-12 19:55:26:954] [vo.logVo.LogVo.<init>] [INFO] 日志实例已初始化...
[2020-04-12 19:55:26:956] [vo.logVo.LogVo.<init>] [INFO] 日志实例已初始化...
[2020-04-12 19:55:26:959] [vo.logVo.LogVo.<init>] [INFO] 日志实例已初始化...
[2020-04-12 19:55:26:960] [vo.logVo.LogVo.<init>] [INFO] 日志实例已初始化...
[2020-04-12 19:55:26:963] [vo.logVo.LogVo.<init>] [INFO] 日志实例已初始化...
[2020-04-12 19:55:26:965] [vo.logVo.LogVo.<init>] [INFO] 日志实例已初始化...
[2020-04-12 19:55:26:967] [vo.logVo.LogVo.<init>] [INFO] 日志实例已初始化...
[2020-04-12 19:55:26:969] [vo.logVo.LogVo.<init>] [INFO] 日志实例已初始化...
[2020-04-12 19:55:26:970] [vo.logVo.LogVo.<init>] [INFO] 日志实例已初始化...
[2020-04-12 19:55:26:973] [vo.logVo.LogVo.<init>] [INFO] 日志实例已初始化...
[2020-04-12 19:55:26:975] [vo.logVo.LogVo.<init>] [INFO] 日志实例已初始化...
[2020-04-12 19:55:26:978] [vo.logVo.LogVo.<init>] [INFO] 日志实例已初始化...
[2020-04-12 19:55:26:980] [vo.logVo.LogVo.<init>] [INFO] 日志实例已初始化...
[2020-04-12 19:55:26:982] [vo.logVo.LogVo.<init>] [INFO] 日志实例已初始化...
[2020-04-12 19:55:26:983] [vo.logVo.LogVo.<init>] [INFO] 日志实例已初始化...
[2020-04-12 19:55:26:985] [vo.logVo.LogVo.<init>] [INFO] 日志实例已初始化...
[2020-04-12 19:55:26:987] [vo.logVo.LogVo.<init>] [INFO] 日志实例已初始化...
[2020-04-12 19:55:26:989] [vo.logVo.LogVo.<init>] [INFO] 日志实例已初始化...
[2020-04-12 19:55:26:991] [vo.logVo.LogVo.<init>] [INFO] 日志实例已初始化...
[2020-04-12 19:55:26:993] [vo.logVo.LogVo.<init>] [INFO] 日志实例已初始化...
[2020-04-12 19:55:26:995] [vo.logVo.LogVo.<init>] [INFO] 日志实例已初始化...
[2020-04-12 19:55:26:998] [vo.logVo.LogVo.<init>] [INFO] 日志实例已初始化...
[2020-04-12 19:55:27:000] [vo.logVo.LogVo.<init>] [INFO] 日志实例已初始化...
[2020-04-12 19:55:27:003] [vo.logVo.LogVo.<init>] [INFO] 日志实例已初始化...
[2020-04-12 19:55:27:005] [vo.logVo.LogVo.<init>] [INFO] 日志实例已初始化...
[2020-04-12 19:55:27:008] [vo.logVo.LogVo.<init>] [INFO] 日志实例已初始化...
[2020-04-12 19:55:27:010] [vo.logVo.LogVo.<init>] [INFO] 日志实例已初始化...
[2020-04-12 19:55:27:012] [vo.logVo.LogVo.<init>] [INFO] 日志实例已初始化...
[2020-04-12 19:55:27:015] [vo.logVo.LogVo.<init>] [INFO] 日志实例已初始化...
[2020-04-12 19:55:27:017] [vo.logVo.LogVo.<init>] [INFO] 日志实例已初始化...
[2020-04-12 19:55:27:018] [vo.logVo.LogVo.<init>] [INFO] 日志实例已初始化...
[2020-04-12 19:55:27:020] [vo.logVo.LogVo.<init>] [INFO] 日志实例已初始化...
[2020-04-12 19:55:27:023] [vo.logVo.LogVo.<init>] [INFO] 日志实例已初始化...
[2020-04-12 19:55:27:026] [vo.logVo.LogVo.<init>] [INFO] 日志实例已初始化...
[2020-04-12 19:55:27:028] [vo.logVo.LogVo.<init>] [INFO] 日志实例已初始化...
[2020-04-12 19:55:27:030] [vo.logVo.LogVo.<init>] [INFO] 日志实例已初始化...
[2020-04-12 19:55:27:032] [vo.logVo.LogVo.<init>] [INFO] 日志实例已初始化...
[2020-04-12 19:55:27:034] [vo.logVo.LogVo.<init>] [INFO] 日志实例已初始化...
[2020-04-12 19:55:27:036] [vo.logVo.LogVo.<init>] [INFO] 日志实例已初始化...
[2020-04-12 19:55:27:038] [vo.logVo.LogVo.<init>] [INFO] 日志实例已初始化...
[2020-04-12 19:55:27:296] [vo.logVo.LogVo.<init>] [INFO] 日志实例已初始化...
[2020-04-12 19:55:27:481] [vo.logVo.LogVo.<init>] [INFO] 日志实例已初始化...
[2020-04-12 19:56:00:118] [action.userAction.LoginAction.execute] [INFO] 该用户已登录，请稍后再试！
[2020-04-12 19:56:18:349] [vo.logVo.LogVo.<init>] [INFO] 日志实例已初始化...
[2020-04-12 19:56:18:350] [vo.logVo.LogVo.<init>] [INFO] 日志实例已初始化...
[2020-04-12 19:56:18:352] [vo.logVo.LogVo.<init>] [INFO] 日志实例已初始化...
[2020-04-12 19:56:18:361] [vo.logVo.LogVo.<init>] [INFO] 日志实例已初始化...
[2020-04-12 19:56:18:363] [vo.logVo.LogVo.<init>] [INFO] 日志实例已初始化...
[2020-04-12 19:56:18:372] [vo.logVo.LogVo.<init>] [INFO] 日志实例已初始化...
[2020-04-12 19:56:18:379] [vo.logVo.LogVo.<init>] [INFO] 日志实例已初始化...
[2020-04-12 19:56:18:381] [vo.logVo.LogVo.<init>] [INFO] 日志实例已初始化...
[2020-04-12 19:56:18:384] [vo.logVo.LogVo.<init>] [INFO] 日志实例已初始化...
[2020-04-12 19:56:18:386] [vo.logVo.LogVo.<init>] [INFO] 日志实例已初始化...
[2020-04-12 19:56:18:387] [vo.logVo.LogVo.<init>] [INFO] 日志实例已初始化...
[2020-04-12 19:56:18:390] [vo.logVo.LogVo.<init>] [INFO] 日志实例已初始化...
[2020-04-12 19:56:18:391] [vo.logVo.LogVo.<init>] [INFO] 日志实例已初始化...
[2020-04-12 19:56:18:392] [vo.logVo.LogVo.<init>] [INFO] 日志实例已初始化...
[2020-04-12 19:56:18:394] [vo.logVo.LogVo.<init>] [INFO] 日志实例已初始化...
[2020-04-12 19:56:18:395] [vo.logVo.LogVo.<init>] [INFO] 日志实例已初始化...
[2020-04-12 19:56:18:421] [vo.logVo.LogVo.<init>] [INFO] 日志实例已初始化...
[2020-04-12 19:56:18:423] [vo.logVo.LogVo.<init>] [INFO] 日志实例已初始化...
[2020-04-12 19:56:18:424] [vo.logVo.LogVo.<init>] [INFO] 日志实例已初始化...
[2020-04-12 19:56:18:425] [vo.logVo.LogVo.<init>] [INFO] 日志实例已初始化...
[2020-04-12 19:56:18:426] [vo.logVo.LogVo.<init>] [INFO] 日志实例已初始化...
[2020-04-12 19:56:18:427] [vo.logVo.LogVo.<init>] [INFO] 日志实例已初始化...
[2020-04-12 19:56:18:429] [vo.logVo.LogVo.<init>] [INFO] 日志实例已初始化...
[2020-04-12 19:56:18:430] [vo.logVo.LogVo.<init>] [INFO] 日志实例已初始化...
[2020-04-12 19:56:18:431] [vo.logVo.LogVo.<init>] [INFO] 日志实例已初始化...
[2020-04-12 19:56:18:431] [vo.logVo.LogVo.<init>] [INFO] 日志实例已初始化...
[2020-04-12 19:56:18:432] [vo.logVo.LogVo.<init>] [INFO] 日志实例已初始化...
[2020-04-12 19:56:18:433] [vo.logVo.LogVo.<init>] [INFO] 日志实例已初始化...
[2020-04-12 19:56:18:434] [vo.logVo.LogVo.<init>] [INFO] 日志实例已初始化...
[2020-04-12 19:56:18:435] [vo.logVo.LogVo.<init>] [INFO] 日志实例已初始化...
[2020-04-12 19:56:18:436] [vo.logVo.LogVo.<init>] [INFO] 日志实例已初始化...
[2020-04-12 19:56:18:437] [vo.logVo.LogVo.<init>] [INFO] 日志实例已初始化...
[2020-04-12 19:56:18:440] [vo.logVo.LogVo.<init>] [INFO] 日志实例已初始化...
[2020-04-12 19:56:18:441] [vo.logVo.LogVo.<init>] [INFO] 日志实例已初始化...
[2020-04-12 19:56:18:442] [vo.logVo.LogVo.<init>] [INFO] 日志实例已初始化...
[2020-04-12 19:56:18:456] [vo.logVo.LogVo.<init>] [INFO] 日志实例已初始化...
[2020-04-12 19:56:18:457] [vo.logVo.LogVo.<init>] [INFO] 日志实例已初始化...
[2020-04-12 19:56:18:461] [vo.logVo.LogVo.<init>] [INFO] 日志实例已初始化...
[2020-04-12 19:56:18:493] [vo.logVo.LogVo.<init>] [INFO] 日志实例已初始化...
[2020-04-12 19:56:18:495] [vo.logVo.LogVo.<init>] [INFO] 日志实例已初始化...
[2020-04-12 19:56:18:497] [vo.logVo.LogVo.<init>] [INFO] 日志实例已初始化...
[2020-04-12 19:56:18:500] [vo.logVo.LogVo.<init>] [INFO] 日志实例已初始化...
[2020-04-12 19:56:18:501] [vo.logVo.LogVo.<init>] [INFO] 日志实例已初始化...
[2020-04-12 19:56:18:503] [vo.logVo.LogVo.<init>] [INFO] 日志实例已初始化...
[2020-04-12 19:56:18:504] [vo.logVo.LogVo.<init>] [INFO] 日志实例已初始化...
[2020-04-12 19:56:18:505] [vo.logVo.LogVo.<init>] [INFO] 日志实例已初始化...
[2020-04-12 19:56:18:514] [vo.logVo.LogVo.<init>] [INFO] 日志实例已初始化...
[2020-04-12 19:56:18:515] [vo.logVo.LogVo.<init>] [INFO] 日志实例已初始化...
[2020-04-12 19:56:18:517] [vo.logVo.LogVo.<init>] [INFO] 日志实例已初始化...
[2020-04-12 19:56:18:519] [vo.logVo.LogVo.<init>] [INFO] 日志实例已初始化...
[2020-04-12 19:56:18:533] [vo.logVo.LogVo.<init>] [INFO] 日志实例已初始化...
[2020-04-12 19:56:18:534] [vo.logVo.LogVo.<init>] [INFO] 日志实例已初始化...
[2020-04-12 19:56:18:535] [vo.logVo.LogVo.<init>] [INFO] 日志实例已初始化...
[2020-04-12 19:56:18:536] [vo.logVo.LogVo.<init>] [INFO] 日志实例已初始化...
[2020-04-12 19:56:18:550] [vo.logVo.LogVo.<init>] [INFO] 日志实例已初始化...
[2020-04-12 19:56:18:552] [vo.logVo.LogVo.<init>] [INFO] 日志实例已初始化...
[2020-04-12 19:56:18:554] [vo.logVo.LogVo.<init>] [INFO] 日志实例已初始化...
[2020-04-12 19:56:18:556] [vo.logVo.LogVo.<init>] [INFO] 日志实例已初始化...
[2020-04-12 19:56:18:568] [vo.logVo.LogVo.<init>] [INFO] 日志实例已初始化...
[2020-04-12 19:56:18:569] [vo.logVo.LogVo.<init>] [INFO] 日志实例已初始化...
[2020-04-12 19:56:18:570] [vo.logVo.LogVo.<init>] [INFO] 日志实例已初始化...
[2020-04-12 19:56:18:575] [vo.logVo.LogVo.<init>] [INFO] 日志实例已初始化...
[2020-04-12 19:56:18:576] [vo.logVo.LogVo.<init>] [INFO] 日志实例已初始化...
[2020-04-12 19:56:18:577] [vo.logVo.LogVo.<init>] [INFO] 日志实例已初始化...
[2020-04-12 19:56:18:578] [vo.logVo.LogVo.<init>] [INFO] 日志实例已初始化...
[2020-04-12 19:56:18:579] [vo.logVo.LogVo.<init>] [INFO] 日志实例已初始化...
[2020-04-12 19:56:18:580] [vo.logVo.LogVo.<init>] [INFO] 日志实例已初始化...
[2020-04-12 19:56:18:582] [vo.logVo.LogVo.<init>] [INFO] 日志实例已初始化...
[2020-04-12 19:56:18:582] [vo.logVo.LogVo.<init>] [INFO] 日志实例已初始化...
[2020-04-12 19:56:18:583] [vo.logVo.LogVo.<init>] [INFO] 日志实例已初始化...
[2020-04-12 19:56:18:584] [vo.logVo.LogVo.<init>] [INFO] 日志实例已初始化...
[2020-04-12 19:56:18:586] [vo.logVo.LogVo.<init>] [INFO] 日志实例已初始化...
[2020-04-12 19:56:18:592] [vo.logVo.LogVo.<init>] [INFO] 日志实例已初始化...
[2020-04-12 19:56:18:593] [vo.logVo.LogVo.<init>] [INFO] 日志实例已初始化...
[2020-04-12 19:56:18:593] [vo.logVo.LogVo.<init>] [INFO] 日志实例已初始化...
[2020-04-12 19:56:18:594] [vo.logVo.LogVo.<init>] [INFO] 日志实例已初始化...
[2020-04-12 19:56:18:595] [vo.logVo.LogVo.<init>] [INFO] 日志实例已初始化...
[2020-04-12 19:56:18:677] [vo.logVo.LogVo.<init>] [INFO] 日志实例已初始化...
[2020-04-12 19:56:18:679] [vo.logVo.LogVo.<init>] [INFO] 日志实例已初始化...
[2020-04-12 19:56:18:689] [vo.logVo.LogVo.<init>] [INFO] 日志实例已初始化...
[2020-04-12 19:56:18:690] [vo.logVo.LogVo.<init>] [INFO] 日志实例已初始化...
[2020-04-12 19:56:18:691] [vo.logVo.LogVo.<init>] [INFO] 日志实例已初始化...
[2020-04-12 19:56:18:694] [vo.logVo.LogVo.<init>] [INFO] 日志实例已初始化...
[2020-04-12 19:56:18:694] [vo.logVo.LogVo.<init>] [INFO] 日志实例已初始化...
[2020-04-12 19:56:18:695] [vo.logVo.LogVo.<init>] [INFO] 日志实例已初始化...
[2020-04-12 19:56:18:696] [vo.logVo.LogVo.<init>] [INFO] 日志实例已初始化...
[2020-04-12 19:56:18:697] [vo.logVo.LogVo.<init>] [INFO] 日志实例已初始化...
[2020-04-12 19:56:18:700] [vo.logVo.LogVo.<init>] [INFO] 日志实例已初始化...
[2020-04-12 19:56:18:701] [vo.logVo.LogVo.<init>] [INFO] 日志实例已初始化...
[2020-04-12 19:56:18:702] [vo.logVo.LogVo.<init>] [INFO] 日志实例已初始化...
[2020-04-12 19:56:18:704] [vo.logVo.LogVo.<init>] [INFO] 日志实例已初始化...
[2020-04-12 19:56:18:707] [vo.logVo.LogVo.<init>] [INFO] 日志实例已初始化...
[2020-04-12 19:56:18:709] [vo.logVo.LogVo.<init>] [INFO] 日志实例已初始化...
[2020-04-12 19:56:18:711] [vo.logVo.LogVo.<init>] [INFO] 日志实例已初始化...
[2020-04-12 19:56:18:714] [vo.logVo.LogVo.<init>] [INFO] 日志实例已初始化...
[2020-04-12 19:56:18:714] [vo.logVo.LogVo.<init>] [INFO] 日志实例已初始化...
[2020-04-12 19:56:18:715] [vo.logVo.LogVo.<init>] [INFO] 日志实例已初始化...
[2020-04-12 19:56:18:716] [vo.logVo.LogVo.<init>] [INFO] 日志实例已初始化...
[2020-04-12 19:56:18:717] [vo.logVo.LogVo.<init>] [INFO] 日志实例已初始化...
[2020-04-12 19:56:18:718] [vo.logVo.LogVo.<init>] [INFO] 日志实例已初始化...
[2020-04-12 19:56:18:719] [vo.logVo.LogVo.<init>] [INFO] 日志实例已初始化...
[2020-04-12 19:56:18:720] [vo.logVo.LogVo.<init>] [INFO] 日志实例已初始化...
[2020-04-12 19:56:18:721] [vo.logVo.LogVo.<init>] [INFO] 日志实例已初始化...
[2020-04-12 19:56:18:722] [vo.logVo.LogVo.<init>] [INFO] 日志实例已初始化...
[2020-04-12 19:56:18:724] [vo.logVo.LogVo.<init>] [INFO] 日志实例已初始化...
[2020-04-12 19:56:18:725] [vo.logVo.LogVo.<init>] [INFO] 日志实例已初始化...
[2020-04-12 19:56:18:749] [vo.logVo.LogVo.<init>] [INFO] 日志实例已初始化...
[2020-04-12 19:56:18:751] [vo.logVo.LogVo.<init>] [INFO] 日志实例已初始化...
[2020-04-12 19:56:18:753] [vo.logVo.LogVo.<init>] [INFO] 日志实例已初始化...
[2020-04-12 19:56:18:757] [vo.logVo.LogVo.<init>] [INFO] 日志实例已初始化...
[2020-04-12 19:56:18:759] [vo.logVo.LogVo.<init>] [INFO] 日志实例已初始化...
[2020-04-12 19:56:18:760] [vo.logVo.LogVo.<init>] [INFO] 日志实例已初始化...
[2020-04-12 19:56:18:761] [vo.logVo.LogVo.<init>] [INFO] 日志实例已初始化...
[2020-04-12 19:56:18:762] [vo.logVo.LogVo.<init>] [INFO] 日志实例已初始化...
[2020-04-12 19:56:18:763] [vo.logVo.LogVo.<init>] [INFO] 日志实例已初始化...
[2020-04-12 19:56:18:763] [vo.logVo.LogVo.<init>] [INFO] 日志实例已初始化...
[2020-04-12 19:56:18:766] [vo.logVo.LogVo.<init>] [INFO] 日志实例已初始化...
[2020-04-12 19:56:18:767] [vo.logVo.LogVo.<init>] [INFO] 日志实例已初始化...
[2020-04-12 19:56:18:768] [vo.logVo.LogVo.<init>] [INFO] 日志实例已初始化...
[2020-04-12 19:56:18:769] [vo.logVo.LogVo.<init>] [INFO] 日志实例已初始化...
[2020-04-12 19:56:18:770] [vo.logVo.LogVo.<init>] [INFO] 日志实例已初始化...
[2020-04-12 19:56:18:771] [vo.logVo.LogVo.<init>] [INFO] 日志实例已初始化...
[2020-04-12 19:56:18:773] [vo.logVo.LogVo.<init>] [INFO] 日志实例已初始化...
[2020-04-12 19:56:18:774] [vo.logVo.LogVo.<init>] [INFO] 日志实例已初始化...
[2020-04-12 19:56:18:786] [vo.logVo.LogVo.<init>] [INFO] 日志实例已初始化...
[2020-04-12 19:56:18:792] [vo.logVo.LogVo.<init>] [INFO] 日志实例已初始化...
[2020-04-12 19:56:18:793] [vo.logVo.LogVo.<init>] [INFO] 日志实例已初始化...
[2020-04-12 19:56:18:793] [vo.logVo.LogVo.<init>] [INFO] 日志实例已初始化...
[2020-04-12 19:56:18:794] [vo.logVo.LogVo.<init>] [INFO] 日志实例已初始化...
[2020-04-12 19:56:18:795] [vo.logVo.LogVo.<init>] [INFO] 日志实例已初始化...
[2020-04-12 19:56:18:796] [vo.logVo.LogVo.<init>] [INFO] 日志实例已初始化...
[2020-04-12 19:56:18:798] [vo.logVo.LogVo.<init>] [INFO] 日志实例已初始化...
[2020-04-12 19:56:18:799] [vo.logVo.LogVo.<init>] [INFO] 日志实例已初始化...
[2020-04-12 19:56:18:799] [vo.logVo.LogVo.<init>] [INFO] 日志实例已初始化...
[2020-04-12 19:56:18:810] [vo.logVo.LogVo.<init>] [INFO] 日志实例已初始化...
[2020-04-12 19:56:18:811] [vo.logVo.LogVo.<init>] [INFO] 日志实例已初始化...
[2020-04-12 19:56:18:815] [vo.logVo.LogVo.<init>] [INFO] 日志实例已初始化...
[2020-04-12 19:56:18:815] [vo.logVo.LogVo.<init>] [INFO] 日志实例已初始化...
[2020-04-12 19:56:18:816] [vo.logVo.LogVo.<init>] [INFO] 日志实例已初始化...
[2020-04-12 19:56:18:817] [vo.logVo.LogVo.<init>] [INFO] 日志实例已初始化...
[2020-04-12 19:56:18:817] [vo.logVo.LogVo.<init>] [INFO] 日志实例已初始化...
[2020-04-12 19:56:18:862] [vo.logVo.LogVo.<init>] [INFO] 日志实例已初始化...
[2020-04-12 19:56:18:863] [vo.logVo.LogVo.<init>] [INFO] 日志实例已初始化...
[2020-04-12 19:56:18:864] [vo.logVo.LogVo.<init>] [INFO] 日志实例已初始化...
[2020-04-12 19:56:18:865] [vo.logVo.LogVo.<init>] [INFO] 日志实例已初始化...
[2020-04-12 19:56:18:872] [vo.logVo.LogVo.<init>] [INFO] 日志实例已初始化...
[2020-04-12 19:56:18:873] [vo.logVo.LogVo.<init>] [INFO] 日志实例已初始化...
[2020-04-12 19:56:18:874] [vo.logVo.LogVo.<init>] [INFO] 日志实例已初始化...
[2020-04-12 19:56:18:875] [vo.logVo.LogVo.<init>] [INFO] 日志实例已初始化...
[2020-04-12 19:56:18:879] [vo.logVo.LogVo.<init>] [INFO] 日志实例已初始化...
[2020-04-12 19:56:18:887] [vo.logVo.LogVo.<init>] [INFO] 日志实例已初始化...
[2020-04-12 19:56:18:893] [vo.logVo.LogVo.<init>] [INFO] 日志实例已初始化...
[2020-04-12 19:56:18:894] [vo.logVo.LogVo.<init>] [INFO] 日志实例已初始化...
[2020-04-12 19:56:18:894] [vo.logVo.LogVo.<init>] [INFO] 日志实例已初始化...
[2020-04-12 19:56:18:895] [vo.logVo.LogVo.<init>] [INFO] 日志实例已初始化...
[2020-04-12 19:56:18:896] [vo.logVo.LogVo.<init>] [INFO] 日志实例已初始化...
[2020-04-12 19:56:18:896] [vo.logVo.LogVo.<init>] [INFO] 日志实例已初始化...
[2020-04-12 19:56:18:897] [vo.logVo.LogVo.<init>] [INFO] 日志实例已初始化...
[2020-04-12 19:56:18:905] [vo.logVo.LogVo.<init>] [INFO] 日志实例已初始化...
[2020-04-12 19:56:18:906] [vo.logVo.LogVo.<init>] [INFO] 日志实例已初始化...
[2020-04-12 19:56:18:909] [vo.logVo.LogVo.<init>] [INFO] 日志实例已初始化...
[2020-04-12 19:56:18:910] [vo.logVo.LogVo.<init>] [INFO] 日志实例已初始化...
[2020-04-12 19:56:18:911] [vo.logVo.LogVo.<init>] [INFO] 日志实例已初始化...
[2020-04-12 19:56:18:912] [vo.logVo.LogVo.<init>] [INFO] 日志实例已初始化...
[2020-04-12 19:56:18:913] [vo.logVo.LogVo.<init>] [INFO] 日志实例已初始化...
[2020-04-12 19:56:18:913] [vo.logVo.LogVo.<init>] [INFO] 日志实例已初始化...
[2020-04-12 19:56:18:914] [vo.logVo.LogVo.<init>] [INFO] 日志实例已初始化...
[2020-04-12 19:56:18:914] [vo.logVo.LogVo.<init>] [INFO] 日志实例已初始化...
[2020-04-12 19:56:18:915] [vo.logVo.LogVo.<init>] [INFO] 日志实例已初始化...
[2020-04-12 19:56:18:916] [vo.logVo.LogVo.<init>] [INFO] 日志实例已初始化...
[2020-04-12 19:56:18:917] [vo.logVo.LogVo.<init>] [INFO] 日志实例已初始化...
[2020-04-12 19:56:18:919] [vo.logVo.LogVo.<init>] [INFO] 日志实例已初始化...
[2020-04-12 19:56:18:919] [vo.logVo.LogVo.<init>] [INFO] 日志实例已初始化...
[2020-04-12 19:56:18:920] [vo.logVo.LogVo.<init>] [INFO] 日志实例已初始化...
[2020-04-12 19:56:18:922] [vo.logVo.LogVo.<init>] [INFO] 日志实例已初始化...
[2020-04-12 19:56:18:924] [vo.logVo.LogVo.<init>] [INFO] 日志实例已初始化...
[2020-04-12 19:56:18:925] [vo.logVo.LogVo.<init>] [INFO] 日志实例已初始化...
[2020-04-12 19:56:18:926] [vo.logVo.LogVo.<init>] [INFO] 日志实例已初始化...
[2020-04-12 19:56:18:927] [vo.logVo.LogVo.<init>] [INFO] 日志实例已初始化...
[2020-04-12 19:56:18:927] [vo.logVo.LogVo.<init>] [INFO] 日志实例已初始化...
[2020-04-12 19:56:18:928] [vo.logVo.LogVo.<init>] [INFO] 日志实例已初始化...
[2020-04-12 19:56:19:022] [vo.logVo.LogVo.<init>] [INFO] 日志实例已初始化...
[2020-04-12 19:56:19:023] [vo.logVo.LogVo.<init>] [INFO] 日志实例已初始化...
[2020-04-12 19:56:19:024] [vo.logVo.LogVo.<init>] [INFO] 日志实例已初始化...
[2020-04-12 19:56:19:031] [vo.logVo.LogVo.<init>] [INFO] 日志实例已初始化...
[2020-04-12 19:56:19:033] [vo.logVo.LogVo.<init>] [INFO] 日志实例已初始化...
[2020-04-12 19:56:19:034] [vo.logVo.LogVo.<init>] [INFO] 日志实例已初始化...
[2020-04-12 19:56:19:034] [vo.logVo.LogVo.<init>] [INFO] 日志实例已初始化...
[2020-04-12 19:56:19:035] [vo.logVo.LogVo.<init>] [INFO] 日志实例已初始化...
[2020-04-12 19:56:19:036] [vo.logVo.LogVo.<init>] [INFO] 日志实例已初始化...
[2020-04-12 19:56:19:036] [vo.logVo.LogVo.<init>] [INFO] 日志实例已初始化...
[2020-04-12 19:56:19:037] [vo.logVo.LogVo.<init>] [INFO] 日志实例已初始化...
[2020-04-12 19:56:19:037] [vo.logVo.LogVo.<init>] [INFO] 日志实例已初始化...
[2020-04-12 19:56:19:041] [vo.logVo.LogVo.<init>] [INFO] 日志实例已初始化...
[2020-04-12 19:56:19:042] [vo.logVo.LogVo.<init>] [INFO] 日志实例已初始化...
[2020-04-12 19:56:19:043] [vo.logVo.LogVo.<init>] [INFO] 日志实例已初始化...
[2020-04-12 19:56:19:045] [vo.logVo.LogVo.<init>] [INFO] 日志实例已初始化...
[2020-04-12 19:56:19:045] [vo.logVo.LogVo.<init>] [INFO] 日志实例已初始化...
[2020-04-12 19:56:19:046] [vo.logVo.LogVo.<init>] [INFO] 日志实例已初始化...
[2020-04-12 19:56:19:046] [vo.logVo.LogVo.<init>] [INFO] 日志实例已初始化...
[2020-04-12 19:56:19:047] [vo.logVo.LogVo.<init>] [INFO] 日志实例已初始化...
[2020-04-12 19:56:19:047] [vo.logVo.LogVo.<init>] [INFO] 日志实例已初始化...
[2020-04-12 19:56:19:053] [vo.logVo.LogVo.<init>] [INFO] 日志实例已初始化...
[2020-04-12 19:56:19:053] [vo.logVo.LogVo.<init>] [INFO] 日志实例已初始化...
[2020-04-12 19:56:19:060] [vo.logVo.LogVo.<init>] [INFO] 日志实例已初始化...
[2020-04-12 19:56:19:061] [vo.logVo.LogVo.<init>] [INFO] 日志实例已初始化...
[2020-04-12 19:56:19:065] [vo.logVo.LogVo.<init>] [INFO] 日志实例已初始化...
[2020-04-12 19:56:19:066] [vo.logVo.LogVo.<init>] [INFO] 日志实例已初始化...
[2020-04-12 19:56:19:068] [vo.logVo.LogVo.<init>] [INFO] 日志实例已初始化...
[2020-04-12 19:56:19:070] [vo.logVo.LogVo.<init>] [INFO] 日志实例已初始化...
[2020-04-12 19:56:19:072] [vo.logVo.LogVo.<init>] [INFO] 日志实例已初始化...
[2020-04-12 19:56:19:074] [vo.logVo.LogVo.<init>] [INFO] 日志实例已初始化...
[2020-04-12 19:56:19:077] [vo.logVo.LogVo.<init>] [INFO] 日志实例已初始化...
[2020-04-12 19:56:19:079] [vo.logVo.LogVo.<init>] [INFO] 日志实例已初始化...
[2020-04-12 19:56:19:081] [vo.logVo.LogVo.<init>] [INFO] 日志实例已初始化...
[2020-04-12 19:56:19:081] [vo.logVo.LogVo.<init>] [INFO] 日志实例已初始化...
[2020-04-12 19:56:19:247] [vo.logVo.LogVo.<init>] [INFO] 日志实例已初始化...
[2020-04-12 19:56:19:248] [vo.logVo.LogVo.<init>] [INFO] 日志实例已初始化...
[2020-04-12 19:56:19:248] [vo.logVo.LogVo.<init>] [INFO] 日志实例已初始化...
[2020-04-12 19:56:19:250] [vo.logVo.LogVo.<init>] [INFO] 日志实例已初始化...
[2020-04-12 19:56:19:251] [vo.logVo.LogVo.<init>] [INFO] 日志实例已初始化...
[2020-04-12 19:56:19:252] [vo.logVo.LogVo.<init>] [INFO] 日志实例已初始化...
[2020-04-12 19:56:19:254] [vo.logVo.LogVo.<init>] [INFO] 日志实例已初始化...
[2020-04-12 19:56:19:256] [vo.logVo.LogVo.<init>] [INFO] 日志实例已初始化...
[2020-04-12 19:56:19:257] [vo.logVo.LogVo.<init>] [INFO] 日志实例已初始化...
[2020-04-12 19:56:19:257] [vo.logVo.LogVo.<init>] [INFO] 日志实例已初始化...
[2020-04-12 19:56:19:258] [vo.logVo.LogVo.<init>] [INFO] 日志实例已初始化...
[2020-04-12 19:56:19:260] [vo.logVo.LogVo.<init>] [INFO] 日志实例已初始化...
[2020-04-12 19:56:19:261] [vo.logVo.LogVo.<init>] [INFO] 日志实例已初始化...
[2020-04-12 19:56:19:262] [vo.logVo.LogVo.<init>] [INFO] 日志实例已初始化...
[2020-04-12 19:56:19:264] [vo.logVo.LogVo.<init>] [INFO] 日志实例已初始化...
[2020-04-12 19:56:19:265] [vo.logVo.LogVo.<init>] [INFO] 日志实例已初始化...
[2020-04-12 19:56:19:266] [vo.logVo.LogVo.<init>] [INFO] 日志实例已初始化...
[2020-04-12 19:56:19:267] [vo.logVo.LogVo.<init>] [INFO] 日志实例已初始化...
[2020-04-12 19:56:19:268] [vo.logVo.LogVo.<init>] [INFO] 日志实例已初始化...
[2020-04-12 19:56:19:270] [vo.logVo.LogVo.<init>] [INFO] 日志实例已初始化...
[2020-04-12 19:56:19:272] [vo.logVo.LogVo.<init>] [INFO] 日志实例已初始化...
[2020-04-12 19:56:19:272] [vo.logVo.LogVo.<init>] [INFO] 日志实例已初始化...
[2020-04-12 19:56:19:273] [vo.logVo.LogVo.<init>] [INFO] 日志实例已初始化...
[2020-04-12 19:56:19:274] [vo.logVo.LogVo.<init>] [INFO] 日志实例已初始化...
[2020-04-12 19:56:19:274] [vo.logVo.LogVo.<init>] [INFO] 日志实例已初始化...
[2020-04-12 19:56:19:279] [vo.logVo.LogVo.<init>] [INFO] 日志实例已初始化...
[2020-04-12 19:56:19:280] [vo.logVo.LogVo.<init>] [INFO] 日志实例已初始化...
[2020-04-12 19:56:19:281] [vo.logVo.LogVo.<init>] [INFO] 日志实例已初始化...
[2020-04-12 19:56:19:281] [vo.logVo.LogVo.<init>] [INFO] 日志实例已初始化...
[2020-04-12 19:56:19:282] [vo.logVo.LogVo.<init>] [INFO] 日志实例已初始化...
[2020-04-12 19:56:19:283] [vo.logVo.LogVo.<init>] [INFO] 日志实例已初始化...
[2020-04-12 19:56:19:285] [vo.logVo.LogVo.<init>] [INFO] 日志实例已初始化...
[2020-04-12 19:56:19:286] [vo.logVo.LogVo.<init>] [INFO] 日志实例已初始化...
[2020-04-12 19:56:19:291] [vo.logVo.LogVo.<init>] [INFO] 日志实例已初始化...
[2020-04-12 19:56:19:291] [vo.logVo.LogVo.<init>] [INFO] 日志实例已初始化...
[2020-04-12 19:56:19:293] [vo.logVo.LogVo.<init>] [INFO] 日志实例已初始化...
[2020-04-12 19:56:19:294] [vo.logVo.LogVo.<init>] [INFO] 日志实例已初始化...
[2020-04-12 19:56:19:435] [vo.logVo.LogVo.<init>] [INFO] 日志实例已初始化...
[2020-04-12 19:56:19:436] [vo.logVo.LogVo.<init>] [INFO] 日志实例已初始化...
[2020-04-12 19:56:19:438] [vo.logVo.LogVo.<init>] [INFO] 日志实例已初始化...
[2020-04-12 19:56:19:439] [vo.logVo.LogVo.<init>] [INFO] 日志实例已初始化...
[2020-04-12 19:56:19:440] [vo.logVo.LogVo.<init>] [INFO] 日志实例已初始化...
[2020-04-12 19:56:19:440] [vo.logVo.LogVo.<init>] [INFO] 日志实例已初始化...
[2020-04-12 19:56:19:441] [vo.logVo.LogVo.<init>] [INFO] 日志实例已初始化...
[2020-04-12 19:56:19:441] [vo.logVo.LogVo.<init>] [INFO] 日志实例已初始化...
[2020-04-12 19:56:19:442] [vo.logVo.LogVo.<init>] [INFO] 日志实例已初始化...
[2020-04-12 19:56:19:442] [vo.logVo.LogVo.<init>] [INFO] 日志实例已初始化...
[2020-04-12 19:56:19:443] [vo.logVo.LogVo.<init>] [INFO] 日志实例已初始化...
[2020-04-12 19:56:19:443] [vo.logVo.LogVo.<init>] [INFO] 日志实例已初始化...
[2020-04-12 19:56:19:447] [vo.logVo.LogVo.<init>] [INFO] 日志实例已初始化...
[2020-04-12 19:56:19:447] [vo.logVo.LogVo.<init>] [INFO] 日志实例已初始化...
[2020-04-12 19:56:19:449] [vo.logVo.LogVo.<init>] [INFO] 日志实例已初始化...
[2020-04-12 19:56:19:449] [vo.logVo.LogVo.<init>] [INFO] 日志实例已初始化...
[2020-04-12 19:56:19:450] [vo.logVo.LogVo.<init>] [INFO] 日志实例已初始化...
[2020-04-12 19:56:19:450] [vo.logVo.LogVo.<init>] [INFO] 日志实例已初始化...
[2020-04-12 19:56:19:451] [vo.logVo.LogVo.<init>] [INFO] 日志实例已初始化...
[2020-04-12 19:56:19:452] [vo.logVo.LogVo.<init>] [INFO] 日志实例已初始化...
[2020-04-12 19:56:19:454] [vo.logVo.LogVo.<init>] [INFO] 日志实例已初始化...
[2020-04-12 19:56:19:455] [vo.logVo.LogVo.<init>] [INFO] 日志实例已初始化...
[2020-04-12 19:56:19:456] [vo.logVo.LogVo.<init>] [INFO] 日志实例已初始化...
[2020-04-12 19:56:19:457] [vo.logVo.LogVo.<init>] [INFO] 日志实例已初始化...
[2020-04-12 19:56:19:460] [vo.logVo.LogVo.<init>] [INFO] 日志实例已初始化...
[2020-04-12 19:56:19:464] [vo.logVo.LogVo.<init>] [INFO] 日志实例已初始化...
[2020-04-12 19:56:19:473] [vo.logVo.LogVo.<init>] [INFO] 日志实例已初始化...
[2020-04-12 19:56:19:474] [vo.logVo.LogVo.<init>] [INFO] 日志实例已初始化...
[2020-04-12 19:56:19:475] [vo.logVo.LogVo.<init>] [INFO] 日志实例已初始化...
[2020-04-12 19:56:19:476] [vo.logVo.LogVo.<init>] [INFO] 日志实例已初始化...
[2020-04-12 19:56:19:482] [vo.logVo.LogVo.<init>] [INFO] 日志实例已初始化...
[2020-04-12 19:56:19:483] [vo.logVo.LogVo.<init>] [INFO] 日志实例已初始化...
[2020-04-12 19:56:19:485] [vo.logVo.LogVo.<init>] [INFO] 日志实例已初始化...
[2020-04-12 19:56:19:486] [vo.logVo.LogVo.<init>] [INFO] 日志实例已初始化...
[2020-04-12 19:56:19:487] [vo.logVo.LogVo.<init>] [INFO] 日志实例已初始化...
[2020-04-12 19:56:19:512] [vo.logVo.LogVo.<init>] [INFO] 日志实例已初始化...
[2020-04-12 19:56:19:513] [vo.logVo.LogVo.<init>] [INFO] 日志实例已初始化...
[2020-04-12 19:56:19:514] [vo.logVo.LogVo.<init>] [INFO] 日志实例已初始化...
[2020-04-12 19:56:19:588] [vo.logVo.LogVo.<init>] [INFO] 日志实例已初始化...
[2020-04-12 19:56:19:590] [vo.logVo.LogVo.<init>] [INFO] 日志实例已初始化...
[2020-04-12 19:56:19:591] [vo.logVo.LogVo.<init>] [INFO] 日志实例已初始化...
[2020-04-12 19:56:19:595] [vo.logVo.LogVo.<init>] [INFO] 日志实例已初始化...
[2020-04-12 19:56:19:602] [vo.logVo.LogVo.<init>] [INFO] 日志实例已初始化...
[2020-04-12 19:56:19:603] [vo.logVo.LogVo.<init>] [INFO] 日志实例已初始化...
[2020-04-12 19:56:19:604] [vo.logVo.LogVo.<init>] [INFO] 日志实例已初始化...
[2020-04-12 19:56:19:605] [vo.logVo.LogVo.<init>] [INFO] 日志实例已初始化...
[2020-04-12 19:56:19:606] [vo.logVo.LogVo.<init>] [INFO] 日志实例已初始化...
[2020-04-12 19:56:19:616] [vo.logVo.LogVo.<init>] [INFO] 日志实例已初始化...
[2020-04-12 19:56:19:618] [vo.logVo.LogVo.<init>] [INFO] 日志实例已初始化...
[2020-04-12 19:56:19:621] [vo.logVo.LogVo.<init>] [INFO] 日志实例已初始化...
[2020-04-12 19:56:19:623] [vo.logVo.LogVo.<init>] [INFO] 日志实例已初始化...
[2020-04-12 19:56:19:624] [vo.logVo.LogVo.<init>] [INFO] 日志实例已初始化...
[2020-04-12 19:56:19:625] [vo.logVo.LogVo.<init>] [INFO] 日志实例已初始化...
[2020-04-12 19:56:19:628] [vo.logVo.LogVo.<init>] [INFO] 日志实例已初始化...
[2020-04-12 19:56:19:630] [vo.logVo.LogVo.<init>] [INFO] 日志实例已初始化...
[2020-04-12 19:56:19:639] [vo.logVo.LogVo.<init>] [INFO] 日志实例已初始化...
[2020-04-12 19:56:19:640] [vo.logVo.LogVo.<init>] [INFO] 日志实例已初始化...
[2020-04-12 19:56:19:644] [vo.logVo.LogVo.<init>] [INFO] 日志实例已初始化...
[2020-04-12 19:56:19:645] [vo.logVo.LogVo.<init>] [INFO] 日志实例已初始化...
[2020-04-12 19:56:19:647] [vo.logVo.LogVo.<init>] [INFO] 日志实例已初始化...
[2020-04-12 19:56:19:673] [vo.logVo.LogVo.<init>] [INFO] 日志实例已初始化...
[2020-04-12 19:56:19:674] [vo.logVo.LogVo.<init>] [INFO] 日志实例已初始化...
[2020-04-12 19:56:19:675] [vo.logVo.LogVo.<init>] [INFO] 日志实例已初始化...
[2020-04-12 19:56:19:677] [vo.logVo.LogVo.<init>] [INFO] 日志实例已初始化...
[2020-04-12 19:56:19:677] [vo.logVo.LogVo.<init>] [INFO] 日志实例已初始化...
[2020-04-12 19:56:19:678] [vo.logVo.LogVo.<init>] [INFO] 日志实例已初始化...
[2020-04-12 19:56:19:753] [vo.logVo.LogVo.<init>] [INFO] 日志实例已初始化...
[2020-04-12 19:56:19:756] [vo.logVo.LogVo.<init>] [INFO] 日志实例已初始化...
[2020-04-12 19:56:19:762] [vo.logVo.LogVo.<init>] [INFO] 日志实例已初始化...
[2020-04-12 19:56:19:763] [vo.logVo.LogVo.<init>] [INFO] 日志实例已初始化...
[2020-04-12 19:56:19:763] [vo.logVo.LogVo.<init>] [INFO] 日志实例已初始化...
[2020-04-12 19:56:19:764] [vo.logVo.LogVo.<init>] [INFO] 日志实例已初始化...
[2020-04-12 19:56:19:765] [vo.logVo.LogVo.<init>] [INFO] 日志实例已初始化...
[2020-04-12 19:56:19:765] [vo.logVo.LogVo.<init>] [INFO] 日志实例已初始化...
[2020-04-12 19:56:19:766] [vo.logVo.LogVo.<init>] [INFO] 日志实例已初始化...
[2020-04-12 19:56:19:766] [vo.logVo.LogVo.<init>] [INFO] 日志实例已初始化...
[2020-04-12 19:56:19:767] [vo.logVo.LogVo.<init>] [INFO] 日志实例已初始化...
[2020-04-12 19:56:19:768] [vo.logVo.LogVo.<init>] [INFO] 日志实例已初始化...
[2020-04-12 19:56:19:774] [vo.logVo.LogVo.<init>] [INFO] 日志实例已初始化...
[2020-04-12 19:56:19:780] [vo.logVo.LogVo.<init>] [INFO] 日志实例已初始化...
[2020-04-12 19:56:19:781] [vo.logVo.LogVo.<init>] [INFO] 日志实例已初始化...
[2020-04-12 19:56:19:782] [vo.logVo.LogVo.<init>] [INFO] 日志实例已初始化...
[2020-04-12 19:56:19:783] [vo.logVo.LogVo.<init>] [INFO] 日志实例已初始化...
[2020-04-12 19:56:19:785] [vo.logVo.LogVo.<init>] [INFO] 日志实例已初始化...
[2020-04-12 19:56:19:796] [vo.logVo.LogVo.<init>] [INFO] 日志实例已初始化...
[2020-04-12 19:56:19:797] [vo.logVo.LogVo.<init>] [INFO] 日志实例已初始化...
[2020-04-12 19:56:19:798] [vo.logVo.LogVo.<init>] [INFO] 日志实例已初始化...
[2020-04-12 19:56:19:801] [vo.logVo.LogVo.<init>] [INFO] 日志实例已初始化...
[2020-04-12 19:56:19:802] [vo.logVo.LogVo.<init>] [INFO] 日志实例已初始化...
[2020-04-12 19:56:19:803] [vo.logVo.LogVo.<init>] [INFO] 日志实例已初始化...
[2020-04-12 19:56:19:803] [vo.logVo.LogVo.<init>] [INFO] 日志实例已初始化...
[2020-04-12 19:56:19:804] [vo.logVo.LogVo.<init>] [INFO] 日志实例已初始化...
[2020-04-12 19:56:19:806] [vo.logVo.LogVo.<init>] [INFO] 日志实例已初始化...
[2020-04-12 19:56:19:807] [vo.logVo.LogVo.<init>] [INFO] 日志实例已初始化...
[2020-04-12 19:56:19:808] [vo.logVo.LogVo.<init>] [INFO] 日志实例已初始化...
[2020-04-12 19:56:19:811] [vo.logVo.LogVo.<init>] [INFO] 日志实例已初始化...
[2020-04-12 19:56:19:814] [vo.logVo.LogVo.<init>] [INFO] 日志实例已初始化...
[2020-04-12 19:56:19:814] [vo.logVo.LogVo.<init>] [INFO] 日志实例已初始化...
[2020-04-12 19:56:19:815] [vo.logVo.LogVo.<init>] [INFO] 日志实例已初始化...
[2020-04-12 19:56:19:816] [vo.logVo.LogVo.<init>] [INFO] 日志实例已初始化...
[2020-04-12 19:56:19:816] [vo.logVo.LogVo.<init>] [INFO] 日志实例已初始化...
[2020-04-12 19:56:19:817] [vo.logVo.LogVo.<init>] [INFO] 日志实例已初始化...
[2020-04-12 19:56:19:818] [vo.logVo.LogVo.<init>] [INFO] 日志实例已初始化...
[2020-04-12 19:56:19:819] [vo.logVo.LogVo.<init>] [INFO] 日志实例已初始化...
[2020-04-12 19:56:19:886] [vo.logVo.LogVo.<init>] [INFO] 日志实例已初始化...
[2020-04-12 19:56:19:891] [vo.logVo.LogVo.<init>] [INFO] 日志实例已初始化...
[2020-04-12 19:56:19:892] [vo.logVo.LogVo.<init>] [INFO] 日志实例已初始化...
[2020-04-12 19:56:19:893] [vo.logVo.LogVo.<init>] [INFO] 日志实例已初始化...
[2020-04-12 19:56:19:896] [vo.logVo.LogVo.<init>] [INFO] 日志实例已初始化...
[2020-04-12 19:56:19:897] [vo.logVo.LogVo.<init>] [INFO] 日志实例已初始化...
[2020-04-12 19:56:19:898] [vo.logVo.LogVo.<init>] [INFO] 日志实例已初始化...
[2020-04-12 19:56:19:906] [vo.logVo.LogVo.<init>] [INFO] 日志实例已初始化...
[2020-04-12 19:56:19:907] [vo.logVo.LogVo.<init>] [INFO] 日志实例已初始化...
[2020-04-12 19:56:19:908] [vo.logVo.LogVo.<init>] [INFO] 日志实例已初始化...
[2020-04-12 19:56:19:911] [vo.logVo.LogVo.<init>] [INFO] 日志实例已初始化...
[2020-04-12 19:56:19:912] [vo.logVo.LogVo.<init>] [INFO] 日志实例已初始化...
[2020-04-12 19:56:19:913] [vo.logVo.LogVo.<init>] [INFO] 日志实例已初始化...
[2020-04-12 19:56:19:916] [vo.logVo.LogVo.<init>] [INFO] 日志实例已初始化...
[2020-04-12 19:56:19:917] [vo.logVo.LogVo.<init>] [INFO] 日志实例已初始化...
[2020-04-12 19:56:19:922] [vo.logVo.LogVo.<init>] [INFO] 日志实例已初始化...
[2020-04-12 19:56:19:923] [vo.logVo.LogVo.<init>] [INFO] 日志实例已初始化...
[2020-04-12 19:56:19:924] [vo.logVo.LogVo.<init>] [INFO] 日志实例已初始化...
[2020-04-12 19:56:19:925] [vo.logVo.LogVo.<init>] [INFO] 日志实例已初始化...
[2020-04-12 19:56:19:926] [vo.logVo.LogVo.<init>] [INFO] 日志实例已初始化...
[2020-04-12 19:56:19:928] [vo.logVo.LogVo.<init>] [INFO] 日志实例已初始化...
[2020-04-12 19:56:19:935] [vo.logVo.LogVo.<init>] [INFO] 日志实例已初始化...
[2020-04-12 19:56:19:936] [vo.logVo.LogVo.<init>] [INFO] 日志实例已初始化...
[2020-04-12 19:56:19:939] [vo.logVo.LogVo.<init>] [INFO] 日志实例已初始化...
[2020-04-12 19:56:19:940] [vo.logVo.LogVo.<init>] [INFO] 日志实例已初始化...
[2020-04-12 19:56:19:943] [vo.logVo.LogVo.<init>] [INFO] 日志实例已初始化...
[2020-04-12 19:56:19:990] [vo.logVo.LogVo.<init>] [INFO] 日志实例已初始化...
[2020-04-12 19:56:19:991] [vo.logVo.LogVo.<init>] [INFO] 日志实例已初始化...
[2020-04-12 19:56:19:991] [vo.logVo.LogVo.<init>] [INFO] 日志实例已初始化...
[2020-04-12 19:56:20:003] [vo.logVo.LogVo.<init>] [INFO] 日志实例已初始化...
[2020-04-12 19:56:20:006] [vo.logVo.LogVo.<init>] [INFO] 日志实例已初始化...
[2020-04-12 19:56:20:007] [vo.logVo.LogVo.<init>] [INFO] 日志实例已初始化...
[2020-04-12 19:56:20:014] [vo.logVo.LogVo.<init>] [INFO] 日志实例已初始化...
[2020-04-12 19:56:20:015] [vo.logVo.LogVo.<init>] [INFO] 日志实例已初始化...
[2020-04-12 19:56:20:068] [vo.logVo.LogVo.<init>] [INFO] 日志实例已初始化...
[2020-04-12 19:56:20:167] [vo.logVo.LogVo.<init>] [INFO] 日志实例已初始化...
[2020-04-12 19:56:20:305] [action.userAction.LoginAction.execute] [INFO] 该用户已登录，请稍后再试！
[2020-04-12 19:56:25:873] [action.userAction.LoginAction.destroySession] [INFO] admin退出成功！
[2020-04-12 19:56:29:027] [vo.logVo.LogVo.<init>] [INFO] 日志实例已初始化...
[2020-04-12 19:56:29:028] [vo.logVo.LogVo.<init>] [INFO] 日志实例已初始化...
[2020-04-12 19:56:29:029] [vo.logVo.LogVo.<init>] [INFO] 日志实例已初始化...
[2020-04-12 19:56:29:030] [vo.logVo.LogVo.<init>] [INFO] 日志实例已初始化...
[2020-04-12 19:56:29:031] [vo.logVo.LogVo.<init>] [INFO] 日志实例已初始化...
[2020-04-12 19:56:29:031] [vo.logVo.LogVo.<init>] [INFO] 日志实例已初始化...
[2020-04-12 19:56:29:032] [vo.logVo.LogVo.<init>] [INFO] 日志实例已初始化...
[2020-04-12 19:56:29:032] [vo.logVo.LogVo.<init>] [INFO] 日志实例已初始化...
[2020-04-12 19:56:29:032] [vo.logVo.LogVo.<init>] [INFO] 日志实例已初始化...
[2020-04-12 19:56:29:033] [vo.logVo.LogVo.<init>] [INFO] 日志实例已初始化...
[2020-04-12 19:56:29:033] [vo.logVo.LogVo.<init>] [INFO] 日志实例已初始化...
[2020-04-12 19:56:29:034] [vo.logVo.LogVo.<init>] [INFO] 日志实例已初始化...
[2020-04-12 19:56:29:034] [vo.logVo.LogVo.<init>] [INFO] 日志实例已初始化...
[2020-04-12 19:56:29:034] [vo.logVo.LogVo.<init>] [INFO] 日志实例已初始化...
[2020-04-12 19:56:29:035] [vo.logVo.LogVo.<init>] [INFO] 日志实例已初始化...
[2020-04-12 19:56:29:035] [vo.logVo.LogVo.<init>] [INFO] 日志实例已初始化...
[2020-04-12 19:56:29:035] [vo.logVo.LogVo.<init>] [INFO] 日志实例已初始化...
[2020-04-12 19:56:29:036] [vo.logVo.LogVo.<init>] [INFO] 日志实例已初始化...
[2020-04-12 19:56:29:036] [vo.logVo.LogVo.<init>] [INFO] 日志实例已初始化...
[2020-04-12 19:56:29:036] [vo.logVo.LogVo.<init>] [INFO] 日志实例已初始化...
[2020-04-12 19:56:29:036] [vo.logVo.LogVo.<init>] [INFO] 日志实例已初始化...
[2020-04-12 19:56:29:037] [vo.logVo.LogVo.<init>] [INFO] 日志实例已初始化...
[2020-04-12 19:56:29:037] [vo.logVo.LogVo.<init>] [INFO] 日志实例已初始化...
[2020-04-12 19:56:29:037] [vo.logVo.LogVo.<init>] [INFO] 日志实例已初始化...
[2020-04-12 19:56:29:037] [vo.logVo.LogVo.<init>] [INFO] 日志实例已初始化...
[2020-04-12 19:56:29:038] [vo.logVo.LogVo.<init>] [INFO] 日志实例已初始化...
[2020-04-12 19:56:29:038] [vo.logVo.LogVo.<init>] [INFO] 日志实例已初始化...
[2020-04-12 19:56:29:038] [vo.logVo.LogVo.<init>] [INFO] 日志实例已初始化...
[2020-04-12 19:56:29:039] [vo.logVo.LogVo.<init>] [INFO] 日志实例已初始化...
[2020-04-12 19:56:29:039] [vo.logVo.LogVo.<init>] [INFO] 日志实例已初始化...
[2020-04-12 19:56:29:039] [vo.logVo.LogVo.<init>] [INFO] 日志实例已初始化...
[2020-04-12 19:56:29:039] [vo.logVo.LogVo.<init>] [INFO] 日志实例已初始化...
[2020-04-12 19:56:29:040] [vo.logVo.LogVo.<init>] [INFO] 日志实例已初始化...
[2020-04-12 19:56:29:040] [vo.logVo.LogVo.<init>] [INFO] 日志实例已初始化...
[2020-04-12 19:56:29:040] [vo.logVo.LogVo.<init>] [INFO] 日志实例已初始化...
[2020-04-12 19:56:29:041] [vo.logVo.LogVo.<init>] [INFO] 日志实例已初始化...
[2020-04-12 19:56:29:041] [vo.logVo.LogVo.<init>] [INFO] 日志实例已初始化...
[2020-04-12 19:56:29:042] [vo.logVo.LogVo.<init>] [INFO] 日志实例已初始化...
[2020-04-12 19:56:29:042] [vo.logVo.LogVo.<init>] [INFO] 日志实例已初始化...
[2020-04-12 19:56:29:043] [vo.logVo.LogVo.<init>] [INFO] 日志实例已初始化...
[2020-04-12 19:56:29:043] [vo.logVo.LogVo.<init>] [INFO] 日志实例已初始化...
[2020-04-12 19:56:29:044] [vo.logVo.LogVo.<init>] [INFO] 日志实例已初始化...
[2020-04-12 19:56:29:044] [vo.logVo.LogVo.<init>] [INFO] 日志实例已初始化...
[2020-04-12 19:56:29:044] [vo.logVo.LogVo.<init>] [INFO] 日志实例已初始化...
[2020-04-12 19:56:29:045] [vo.logVo.LogVo.<init>] [INFO] 日志实例已初始化...
[2020-04-12 19:56:29:046] [vo.logVo.LogVo.<init>] [INFO] 日志实例已初始化...
[2020-04-12 19:56:29:047] [vo.logVo.LogVo.<init>] [INFO] 日志实例已初始化...
[2020-04-12 19:56:29:047] [vo.logVo.LogVo.<init>] [INFO] 日志实例已初始化...
[2020-04-12 19:56:29:047] [vo.logVo.LogVo.<init>] [INFO] 日志实例已初始化...
[2020-04-12 19:56:29:048] [vo.logVo.LogVo.<init>] [INFO] 日志实例已初始化...
[2020-04-12 19:56:29:048] [vo.logVo.LogVo.<init>] [INFO] 日志实例已初始化...
[2020-04-12 19:56:29:048] [vo.logVo.LogVo.<init>] [INFO] 日志实例已初始化...
[2020-04-12 19:56:29:049] [vo.logVo.LogVo.<init>] [INFO] 日志实例已初始化...
[2020-04-12 19:56:29:049] [vo.logVo.LogVo.<init>] [INFO] 日志实例已初始化...
[2020-04-12 19:56:29:049] [vo.logVo.LogVo.<init>] [INFO] 日志实例已初始化...
[2020-04-12 19:56:29:050] [vo.logVo.LogVo.<init>] [INFO] 日志实例已初始化...
[2020-04-12 19:56:29:050] [vo.logVo.LogVo.<init>] [INFO] 日志实例已初始化...
[2020-04-12 19:56:29:051] [vo.logVo.LogVo.<init>] [INFO] 日志实例已初始化...
[2020-04-12 19:56:29:051] [vo.logVo.LogVo.<init>] [INFO] 日志实例已初始化...
[2020-04-12 19:56:29:051] [vo.logVo.LogVo.<init>] [INFO] 日志实例已初始化...
[2020-04-12 19:56:29:052] [vo.logVo.LogVo.<init>] [INFO] 日志实例已初始化...
[2020-04-12 19:56:29:052] [vo.logVo.LogVo.<init>] [INFO] 日志实例已初始化...
[2020-04-12 19:56:29:053] [vo.logVo.LogVo.<init>] [INFO] 日志实例已初始化...
[2020-04-12 19:56:29:053] [vo.logVo.LogVo.<init>] [INFO] 日志实例已初始化...
[2020-04-12 19:56:29:053] [vo.logVo.LogVo.<init>] [INFO] 日志实例已初始化...
[2020-04-12 19:56:29:054] [vo.logVo.LogVo.<init>] [INFO] 日志实例已初始化...
[2020-04-12 19:56:29:054] [vo.logVo.LogVo.<init>] [INFO] 日志实例已初始化...
[2020-04-12 19:56:29:055] [vo.logVo.LogVo.<init>] [INFO] 日志实例已初始化...
[2020-04-12 19:56:29:055] [vo.logVo.LogVo.<init>] [INFO] 日志实例已初始化...
[2020-04-12 19:56:29:056] [vo.logVo.LogVo.<init>] [INFO] 日志实例已初始化...
[2020-04-12 19:56:29:056] [vo.logVo.LogVo.<init>] [INFO] 日志实例已初始化...
[2020-04-12 19:56:29:057] [vo.logVo.LogVo.<init>] [INFO] 日志实例已初始化...
[2020-04-12 19:56:29:057] [vo.logVo.LogVo.<init>] [INFO] 日志实例已初始化...
[2020-04-12 19:56:29:059] [vo.logVo.LogVo.<init>] [INFO] 日志实例已初始化...
[2020-04-12 19:56:29:059] [vo.logVo.LogVo.<init>] [INFO] 日志实例已初始化...
[2020-04-12 19:56:29:059] [vo.logVo.LogVo.<init>] [INFO] 日志实例已初始化...
[2020-04-12 19:56:29:060] [vo.logVo.LogVo.<init>] [INFO] 日志实例已初始化...
[2020-04-12 19:56:29:061] [vo.logVo.LogVo.<init>] [INFO] 日志实例已初始化...
[2020-04-12 19:56:29:061] [vo.logVo.LogVo.<init>] [INFO] 日志实例已初始化...
[2020-04-12 19:56:29:062] [vo.logVo.LogVo.<init>] [INFO] 日志实例已初始化...
[2020-04-12 19:56:29:062] [vo.logVo.LogVo.<init>] [INFO] 日志实例已初始化...
[2020-04-12 19:56:29:063] [vo.logVo.LogVo.<init>] [INFO] 日志实例已初始化...
[2020-04-12 19:56:29:064] [vo.logVo.LogVo.<init>] [INFO] 日志实例已初始化...
[2020-04-12 19:56:29:064] [vo.logVo.LogVo.<init>] [INFO] 日志实例已初始化...
[2020-04-12 19:56:29:064] [vo.logVo.LogVo.<init>] [INFO] 日志实例已初始化...
[2020-04-12 19:56:29:064] [vo.logVo.LogVo.<init>] [INFO] 日志实例已初始化...
[2020-04-12 19:56:29:065] [vo.logVo.LogVo.<init>] [INFO] 日志实例已初始化...
[2020-04-12 19:56:29:065] [vo.logVo.LogVo.<init>] [INFO] 日志实例已初始化...
[2020-04-12 19:56:29:065] [vo.logVo.LogVo.<init>] [INFO] 日志实例已初始化...
[2020-04-12 19:56:29:065] [vo.logVo.LogVo.<init>] [INFO] 日志实例已初始化...
[2020-04-12 19:56:29:066] [vo.logVo.LogVo.<init>] [INFO] 日志实例已初始化...
[2020-04-12 19:56:29:066] [vo.logVo.LogVo.<init>] [INFO] 日志实例已初始化...
[2020-04-12 19:56:29:066] [vo.logVo.LogVo.<init>] [INFO] 日志实例已初始化...
[2020-04-12 19:56:29:066] [vo.logVo.LogVo.<init>] [INFO] 日志实例已初始化...
[2020-04-12 19:56:29:067] [vo.logVo.LogVo.<init>] [INFO] 日志实例已初始化...
[2020-04-12 19:56:29:067] [vo.logVo.LogVo.<init>] [INFO] 日志实例已初始化...
[2020-04-12 19:56:29:067] [vo.logVo.LogVo.<init>] [INFO] 日志实例已初始化...
[2020-04-12 19:56:29:068] [vo.logVo.LogVo.<init>] [INFO] 日志实例已初始化...
[2020-04-12 19:56:29:068] [vo.logVo.LogVo.<init>] [INFO] 日志实例已初始化...
[2020-04-12 19:56:29:068] [vo.logVo.LogVo.<init>] [INFO] 日志实例已初始化...
[2020-04-12 19:56:29:069] [vo.logVo.LogVo.<init>] [INFO] 日志实例已初始化...
[2020-04-12 19:56:29:069] [vo.logVo.LogVo.<init>] [INFO] 日志实例已初始化...
[2020-04-12 19:56:29:069] [vo.logVo.LogVo.<init>] [INFO] 日志实例已初始化...
[2020-04-12 19:56:29:069] [vo.logVo.LogVo.<init>] [INFO] 日志实例已初始化...
[2020-04-12 19:56:29:070] [vo.logVo.LogVo.<init>] [INFO] 日志实例已初始化...
[2020-04-12 19:56:29:070] [vo.logVo.LogVo.<init>] [INFO] 日志实例已初始化...
[2020-04-12 19:56:29:070] [vo.logVo.LogVo.<init>] [INFO] 日志实例已初始化...
[2020-04-12 19:56:29:070] [vo.logVo.LogVo.<init>] [INFO] 日志实例已初始化...
[2020-04-12 19:56:29:071] [vo.logVo.LogVo.<init>] [INFO] 日志实例已初始化...
[2020-04-12 19:56:29:071] [vo.logVo.LogVo.<init>] [INFO] 日志实例已初始化...
[2020-04-12 19:56:29:071] [vo.logVo.LogVo.<init>] [INFO] 日志实例已初始化...
[2020-04-12 19:56:29:071] [vo.logVo.LogVo.<init>] [INFO] 日志实例已初始化...
[2020-04-12 19:56:29:072] [vo.logVo.LogVo.<init>] [INFO] 日志实例已初始化...
[2020-04-12 19:56:29:072] [vo.logVo.LogVo.<init>] [INFO] 日志实例已初始化...
[2020-04-12 19:56:29:072] [vo.logVo.LogVo.<init>] [INFO] 日志实例已初始化...
[2020-04-12 19:56:29:072] [vo.logVo.LogVo.<init>] [INFO] 日志实例已初始化...
[2020-04-12 19:56:29:073] [vo.logVo.LogVo.<init>] [INFO] 日志实例已初始化...
[2020-04-12 19:56:29:073] [vo.logVo.LogVo.<init>] [INFO] 日志实例已初始化...
[2020-04-12 19:56:29:074] [vo.logVo.LogVo.<init>] [INFO] 日志实例已初始化...
[2020-04-12 19:56:29:074] [vo.logVo.LogVo.<init>] [INFO] 日志实例已初始化...
[2020-04-12 19:56:29:075] [vo.logVo.LogVo.<init>] [INFO] 日志实例已初始化...
[2020-04-12 19:56:29:075] [vo.logVo.LogVo.<init>] [INFO] 日志实例已初始化...
[2020-04-12 19:56:29:075] [vo.logVo.LogVo.<init>] [INFO] 日志实例已初始化...
[2020-04-12 19:56:29:075] [vo.logVo.LogVo.<init>] [INFO] 日志实例已初始化...
[2020-04-12 19:56:29:076] [vo.logVo.LogVo.<init>] [INFO] 日志实例已初始化...
[2020-04-12 19:56:29:076] [vo.logVo.LogVo.<init>] [INFO] 日志实例已初始化...
[2020-04-12 19:56:29:076] [vo.logVo.LogVo.<init>] [INFO] 日志实例已初始化...
[2020-04-12 19:56:29:077] [vo.logVo.LogVo.<init>] [INFO] 日志实例已初始化...
[2020-04-12 19:56:29:077] [vo.logVo.LogVo.<init>] [INFO] 日志实例已初始化...
[2020-04-12 19:56:29:077] [vo.logVo.LogVo.<init>] [INFO] 日志实例已初始化...
[2020-04-12 19:56:29:077] [vo.logVo.LogVo.<init>] [INFO] 日志实例已初始化...
[2020-04-12 19:56:29:078] [vo.logVo.LogVo.<init>] [INFO] 日志实例已初始化...
[2020-04-12 19:56:29:078] [vo.logVo.LogVo.<init>] [INFO] 日志实例已初始化...
[2020-04-12 19:56:29:078] [vo.logVo.LogVo.<init>] [INFO] 日志实例已初始化...
[2020-04-12 19:56:29:079] [vo.logVo.LogVo.<init>] [INFO] 日志实例已初始化...
[2020-04-12 19:56:29:079] [vo.logVo.LogVo.<init>] [INFO] 日志实例已初始化...
[2020-04-12 19:56:29:079] [vo.logVo.LogVo.<init>] [INFO] 日志实例已初始化...
[2020-04-12 19:56:29:079] [vo.logVo.LogVo.<init>] [INFO] 日志实例已初始化...
[2020-04-12 19:56:29:080] [vo.logVo.LogVo.<init>] [INFO] 日志实例已初始化...
[2020-04-12 19:56:29:080] [vo.logVo.LogVo.<init>] [INFO] 日志实例已初始化...
[2020-04-12 19:56:29:080] [vo.logVo.LogVo.<init>] [INFO] 日志实例已初始化...
[2020-04-12 19:56:29:080] [vo.logVo.LogVo.<init>] [INFO] 日志实例已初始化...
[2020-04-12 19:56:29:081] [vo.logVo.LogVo.<init>] [INFO] 日志实例已初始化...
[2020-04-12 19:56:29:081] [vo.logVo.LogVo.<init>] [INFO] 日志实例已初始化...
[2020-04-12 19:56:29:081] [vo.logVo.LogVo.<init>] [INFO] 日志实例已初始化...
[2020-04-12 19:56:29:082] [vo.logVo.LogVo.<init>] [INFO] 日志实例已初始化...
[2020-04-12 19:56:29:082] [vo.logVo.LogVo.<init>] [INFO] 日志实例已初始化...
[2020-04-12 19:56:29:083] [vo.logVo.LogVo.<init>] [INFO] 日志实例已初始化...
[2020-04-12 19:56:29:083] [vo.logVo.LogVo.<init>] [INFO] 日志实例已初始化...
[2020-04-12 19:56:29:083] [vo.logVo.LogVo.<init>] [INFO] 日志实例已初始化...
[2020-04-12 19:56:29:084] [vo.logVo.LogVo.<init>] [INFO] 日志实例已初始化...
[2020-04-12 19:56:29:084] [vo.logVo.LogVo.<init>] [INFO] 日志实例已初始化...
[2020-04-12 19:56:29:085] [vo.logVo.LogVo.<init>] [INFO] 日志实例已初始化...
[2020-04-12 19:56:29:085] [vo.logVo.LogVo.<init>] [INFO] 日志实例已初始化...
[2020-04-12 19:56:29:086] [vo.logVo.LogVo.<init>] [INFO] 日志实例已初始化...
[2020-04-12 19:56:29:086] [vo.logVo.LogVo.<init>] [INFO] 日志实例已初始化...
[2020-04-12 19:56:29:086] [vo.logVo.LogVo.<init>] [INFO] 日志实例已初始化...
[2020-04-12 19:56:29:087] [vo.logVo.LogVo.<init>] [INFO] 日志实例已初始化...
[2020-04-12 19:56:29:087] [vo.logVo.LogVo.<init>] [INFO] 日志实例已初始化...
[2020-04-12 19:56:29:087] [vo.logVo.LogVo.<init>] [INFO] 日志实例已初始化...
[2020-04-12 19:56:29:089] [vo.logVo.LogVo.<init>] [INFO] 日志实例已初始化...
[2020-04-12 19:56:29:089] [vo.logVo.LogVo.<init>] [INFO] 日志实例已初始化...
[2020-04-12 19:56:29:090] [vo.logVo.LogVo.<init>] [INFO] 日志实例已初始化...
[2020-04-12 19:56:29:091] [vo.logVo.LogVo.<init>] [INFO] 日志实例已初始化...
[2020-04-12 19:56:29:091] [vo.logVo.LogVo.<init>] [INFO] 日志实例已初始化...
[2020-04-12 19:56:29:092] [vo.logVo.LogVo.<init>] [INFO] 日志实例已初始化...
[2020-04-12 19:56:29:092] [vo.logVo.LogVo.<init>] [INFO] 日志实例已初始化...
[2020-04-12 19:56:29:092] [vo.logVo.LogVo.<init>] [INFO] 日志实例已初始化...
[2020-04-12 19:56:29:093] [vo.logVo.LogVo.<init>] [INFO] 日志实例已初始化...
[2020-04-12 19:56:29:093] [vo.logVo.LogVo.<init>] [INFO] 日志实例已初始化...
[2020-04-12 19:56:29:094] [vo.logVo.LogVo.<init>] [INFO] 日志实例已初始化...
[2020-04-12 19:56:29:094] [vo.logVo.LogVo.<init>] [INFO] 日志实例已初始化...
[2020-04-12 19:56:29:095] [vo.logVo.LogVo.<init>] [INFO] 日志实例已初始化...
[2020-04-12 19:56:29:095] [vo.logVo.LogVo.<init>] [INFO] 日志实例已初始化...
[2020-04-12 19:56:29:096] [vo.logVo.LogVo.<init>] [INFO] 日志实例已初始化...
[2020-04-12 19:56:29:097] [vo.logVo.LogVo.<init>] [INFO] 日志实例已初始化...
[2020-04-12 19:56:29:097] [vo.logVo.LogVo.<init>] [INFO] 日志实例已初始化...
[2020-04-12 19:56:29:097] [vo.logVo.LogVo.<init>] [INFO] 日志实例已初始化...
[2020-04-12 19:56:29:098] [vo.logVo.LogVo.<init>] [INFO] 日志实例已初始化...
[2020-04-12 19:56:29:098] [vo.logVo.LogVo.<init>] [INFO] 日志实例已初始化...
[2020-04-12 19:56:29:099] [vo.logVo.LogVo.<init>] [INFO] 日志实例已初始化...
[2020-04-12 19:56:29:100] [vo.logVo.LogVo.<init>] [INFO] 日志实例已初始化...
[2020-04-12 19:56:29:100] [vo.logVo.LogVo.<init>] [INFO] 日志实例已初始化...
[2020-04-12 19:56:29:100] [vo.logVo.LogVo.<init>] [INFO] 日志实例已初始化...
[2020-04-12 19:56:29:101] [vo.logVo.LogVo.<init>] [INFO] 日志实例已初始化...
[2020-04-12 19:56:29:101] [vo.logVo.LogVo.<init>] [INFO] 日志实例已初始化...
[2020-04-12 19:56:29:101] [vo.logVo.LogVo.<init>] [INFO] 日志实例已初始化...
[2020-04-12 19:56:29:102] [vo.logVo.LogVo.<init>] [INFO] 日志实例已初始化...
[2020-04-12 19:56:29:102] [vo.logVo.LogVo.<init>] [INFO] 日志实例已初始化...
[2020-04-12 19:56:29:102] [vo.logVo.LogVo.<init>] [INFO] 日志实例已初始化...
[2020-04-12 19:56:29:103] [vo.logVo.LogVo.<init>] [INFO] 日志实例已初始化...
[2020-04-12 19:56:29:103] [vo.logVo.LogVo.<init>] [INFO] 日志实例已初始化...
[2020-04-12 19:56:29:103] [vo.logVo.LogVo.<init>] [INFO] 日志实例已初始化...
[2020-04-12 19:56:29:104] [vo.logVo.LogVo.<init>] [INFO] 日志实例已初始化...
[2020-04-12 19:56:29:104] [vo.logVo.LogVo.<init>] [INFO] 日志实例已初始化...
[2020-04-12 19:56:29:104] [vo.logVo.LogVo.<init>] [INFO] 日志实例已初始化...
[2020-04-12 19:56:29:105] [vo.logVo.LogVo.<init>] [INFO] 日志实例已初始化...
[2020-04-12 19:56:29:105] [vo.logVo.LogVo.<init>] [INFO] 日志实例已初始化...
[2020-04-12 19:56:29:106] [vo.logVo.LogVo.<init>] [INFO] 日志实例已初始化...
[2020-04-12 19:56:29:106] [vo.logVo.LogVo.<init>] [INFO] 日志实例已初始化...
[2020-04-12 19:56:29:107] [vo.logVo.LogVo.<init>] [INFO] 日志实例已初始化...
[2020-04-12 19:56:29:107] [vo.logVo.LogVo.<init>] [INFO] 日志实例已初始化...
[2020-04-12 19:56:29:108] [vo.logVo.LogVo.<init>] [INFO] 日志实例已初始化...
[2020-04-12 19:56:29:109] [vo.logVo.LogVo.<init>] [INFO] 日志实例已初始化...
[2020-04-12 19:56:29:109] [vo.logVo.LogVo.<init>] [INFO] 日志实例已初始化...
[2020-04-12 19:56:29:110] [vo.logVo.LogVo.<init>] [INFO] 日志实例已初始化...
[2020-04-12 19:56:29:110] [vo.logVo.LogVo.<init>] [INFO] 日志实例已初始化...
[2020-04-12 19:56:29:111] [vo.logVo.LogVo.<init>] [INFO] 日志实例已初始化...
[2020-04-12 19:56:29:112] [vo.logVo.LogVo.<init>] [INFO] 日志实例已初始化...
[2020-04-12 19:56:29:113] [vo.logVo.LogVo.<init>] [INFO] 日志实例已初始化...
[2020-04-12 19:56:29:113] [vo.logVo.LogVo.<init>] [INFO] 日志实例已初始化...
[2020-04-12 19:56:29:114] [vo.logVo.LogVo.<init>] [INFO] 日志实例已初始化...
[2020-04-12 19:56:29:114] [vo.logVo.LogVo.<init>] [INFO] 日志实例已初始化...
[2020-04-12 19:56:29:115] [vo.logVo.LogVo.<init>] [INFO] 日志实例已初始化...
[2020-04-12 19:56:29:115] [vo.logVo.LogVo.<init>] [INFO] 日志实例已初始化...
[2020-04-12 19:56:29:116] [vo.logVo.LogVo.<init>] [INFO] 日志实例已初始化...
[2020-04-12 19:56:29:116] [vo.logVo.LogVo.<init>] [INFO] 日志实例已初始化...
[2020-04-12 19:56:29:117] [vo.logVo.LogVo.<init>] [INFO] 日志实例已初始化...
[2020-04-12 19:56:29:117] [vo.logVo.LogVo.<init>] [INFO] 日志实例已初始化...
[2020-04-12 19:56:29:117] [vo.logVo.LogVo.<init>] [INFO] 日志实例已初始化...
[2020-04-12 19:56:29:117] [vo.logVo.LogVo.<init>] [INFO] 日志实例已初始化...
[2020-04-12 19:56:29:118] [vo.logVo.LogVo.<init>] [INFO] 日志实例已初始化...
[2020-04-12 19:56:29:119] [vo.logVo.LogVo.<init>] [INFO] 日志实例已初始化...
[2020-04-12 19:56:29:119] [vo.logVo.LogVo.<init>] [INFO] 日志实例已初始化...
[2020-04-12 19:56:29:120] [vo.logVo.LogVo.<init>] [INFO] 日志实例已初始化...
[2020-04-12 19:56:29:120] [vo.logVo.LogVo.<init>] [INFO] 日志实例已初始化...
[2020-04-12 19:56:29:121] [vo.logVo.LogVo.<init>] [INFO] 日志实例已初始化...
[2020-04-12 19:56:29:121] [vo.logVo.LogVo.<init>] [INFO] 日志实例已初始化...
[2020-04-12 19:56:29:121] [vo.logVo.LogVo.<init>] [INFO] 日志实例已初始化...
[2020-04-12 19:56:29:122] [vo.logVo.LogVo.<init>] [INFO] 日志实例已初始化...
[2020-04-12 19:56:29:122] [vo.logVo.LogVo.<init>] [INFO] 日志实例已初始化...
[2020-04-12 19:56:29:122] [vo.logVo.LogVo.<init>] [INFO] 日志实例已初始化...
[2020-04-12 19:56:29:123] [vo.logVo.LogVo.<init>] [INFO] 日志实例已初始化...
[2020-04-12 19:56:29:123] [vo.logVo.LogVo.<init>] [INFO] 日志实例已初始化...
[2020-04-12 19:56:29:124] [vo.logVo.LogVo.<init>] [INFO] 日志实例已初始化...
[2020-04-12 19:56:29:124] [vo.logVo.LogVo.<init>] [INFO] 日志实例已初始化...
[2020-04-12 19:56:29:124] [vo.logVo.LogVo.<init>] [INFO] 日志实例已初始化...
[2020-04-12 19:56:29:124] [vo.logVo.LogVo.<init>] [INFO] 日志实例已初始化...
[2020-04-12 19:56:29:125] [vo.logVo.LogVo.<init>] [INFO] 日志实例已初始化...
[2020-04-12 19:56:29:125] [vo.logVo.LogVo.<init>] [INFO] 日志实例已初始化...
[2020-04-12 19:56:29:126] [vo.logVo.LogVo.<init>] [INFO] 日志实例已初始化...
[2020-04-12 19:56:29:126] [vo.logVo.LogVo.<init>] [INFO] 日志实例已初始化...
[2020-04-12 19:56:29:126] [vo.logVo.LogVo.<init>] [INFO] 日志实例已初始化...
[2020-04-12 19:56:29:126] [vo.logVo.LogVo.<init>] [INFO] 日志实例已初始化...
[2020-04-12 19:56:29:127] [vo.logVo.LogVo.<init>] [INFO] 日志实例已初始化...
[2020-04-12 19:56:29:127] [vo.logVo.LogVo.<init>] [INFO] 日志实例已初始化...
[2020-04-12 19:56:29:128] [vo.logVo.LogVo.<init>] [INFO] 日志实例已初始化...
[2020-04-12 19:56:29:129] [vo.logVo.LogVo.<init>] [INFO] 日志实例已初始化...
[2020-04-12 19:56:29:129] [vo.logVo.LogVo.<init>] [INFO] 日志实例已初始化...
[2020-04-12 19:56:29:130] [vo.logVo.LogVo.<init>] [INFO] 日志实例已初始化...
[2020-04-12 19:56:29:130] [vo.logVo.LogVo.<init>] [INFO] 日志实例已初始化...
[2020-04-12 19:56:29:130] [vo.logVo.LogVo.<init>] [INFO] 日志实例已初始化...
[2020-04-12 19:56:29:131] [vo.logVo.LogVo.<init>] [INFO] 日志实例已初始化...
[2020-04-12 19:56:29:131] [vo.logVo.LogVo.<init>] [INFO] 日志实例已初始化...
[2020-04-12 19:56:29:132] [vo.logVo.LogVo.<init>] [INFO] 日志实例已初始化...
[2020-04-12 19:56:29:132] [vo.logVo.LogVo.<init>] [INFO] 日志实例已初始化...
[2020-04-12 19:56:29:132] [vo.logVo.LogVo.<init>] [INFO] 日志实例已初始化...
[2020-04-12 19:56:29:132] [vo.logVo.LogVo.<init>] [INFO] 日志实例已初始化...
[2020-04-12 19:56:29:133] [vo.logVo.LogVo.<init>] [INFO] 日志实例已初始化...
[2020-04-12 19:56:29:133] [vo.logVo.LogVo.<init>] [INFO] 日志实例已初始化...
[2020-04-12 19:56:29:133] [vo.logVo.LogVo.<init>] [INFO] 日志实例已初始化...
[2020-04-12 19:56:29:134] [vo.logVo.LogVo.<init>] [INFO] 日志实例已初始化...
[2020-04-12 19:56:29:134] [vo.logVo.LogVo.<init>] [INFO] 日志实例已初始化...
[2020-04-12 19:56:29:135] [vo.logVo.LogVo.<init>] [INFO] 日志实例已初始化...
[2020-04-12 19:56:29:135] [vo.logVo.LogVo.<init>] [INFO] 日志实例已初始化...
[2020-04-12 19:56:29:135] [vo.logVo.LogVo.<init>] [INFO] 日志实例已初始化...
[2020-04-12 19:56:29:137] [vo.logVo.LogVo.<init>] [INFO] 日志实例已初始化...
[2020-04-12 19:56:29:137] [vo.logVo.LogVo.<init>] [INFO] 日志实例已初始化...
[2020-04-12 19:56:29:137] [vo.logVo.LogVo.<init>] [INFO] 日志实例已初始化...
[2020-04-12 19:56:29:137] [vo.logVo.LogVo.<init>] [INFO] 日志实例已初始化...
[2020-04-12 19:56:29:137] [vo.logVo.LogVo.<init>] [INFO] 日志实例已初始化...
[2020-04-12 19:56:29:138] [vo.logVo.LogVo.<init>] [INFO] 日志实例已初始化...
[2020-04-12 19:56:29:138] [vo.logVo.LogVo.<init>] [INFO] 日志实例已初始化...
[2020-04-12 19:56:29:138] [vo.logVo.LogVo.<init>] [INFO] 日志实例已初始化...
[2020-04-12 19:56:29:138] [vo.logVo.LogVo.<init>] [INFO] 日志实例已初始化...
[2020-04-12 19:56:29:139] [vo.logVo.LogVo.<init>] [INFO] 日志实例已初始化...
[2020-04-12 19:56:29:139] [vo.logVo.LogVo.<init>] [INFO] 日志实例已初始化...
[2020-04-12 19:56:29:139] [vo.logVo.LogVo.<init>] [INFO] 日志实例已初始化...
[2020-04-12 19:56:29:139] [vo.logVo.LogVo.<init>] [INFO] 日志实例已初始化...
[2020-04-12 19:56:29:140] [vo.logVo.LogVo.<init>] [INFO] 日志实例已初始化...
[2020-04-12 19:56:29:140] [vo.logVo.LogVo.<init>] [INFO] 日志实例已初始化...
[2020-04-12 19:56:29:140] [vo.logVo.LogVo.<init>] [INFO] 日志实例已初始化...
[2020-04-12 19:56:29:140] [vo.logVo.LogVo.<init>] [INFO] 日志实例已初始化...
[2020-04-12 19:56:29:141] [vo.logVo.LogVo.<init>] [INFO] 日志实例已初始化...
[2020-04-12 19:56:29:141] [vo.logVo.LogVo.<init>] [INFO] 日志实例已初始化...
[2020-04-12 19:56:29:141] [vo.logVo.LogVo.<init>] [INFO] 日志实例已初始化...
[2020-04-12 19:56:29:141] [vo.logVo.LogVo.<init>] [INFO] 日志实例已初始化...
[2020-04-12 19:56:29:142] [vo.logVo.LogVo.<init>] [INFO] 日志实例已初始化...
[2020-04-12 19:56:29:142] [vo.logVo.LogVo.<init>] [INFO] 日志实例已初始化...
[2020-04-12 19:56:29:142] [vo.logVo.LogVo.<init>] [INFO] 日志实例已初始化...
[2020-04-12 19:56:29:142] [vo.logVo.LogVo.<init>] [INFO] 日志实例已初始化...
[2020-04-12 19:56:29:143] [vo.logVo.LogVo.<init>] [INFO] 日志实例已初始化...
[2020-04-12 19:56:29:143] [vo.logVo.LogVo.<init>] [INFO] 日志实例已初始化...
[2020-04-12 19:56:29:143] [vo.logVo.LogVo.<init>] [INFO] 日志实例已初始化...
[2020-04-12 19:56:29:144] [vo.logVo.LogVo.<init>] [INFO] 日志实例已初始化...
[2020-04-12 19:56:29:144] [vo.logVo.LogVo.<init>] [INFO] 日志实例已初始化...
[2020-04-12 19:56:29:145] [vo.logVo.LogVo.<init>] [INFO] 日志实例已初始化...
[2020-04-12 19:56:29:145] [vo.logVo.LogVo.<init>] [INFO] 日志实例已初始化...
[2020-04-12 19:56:29:145] [vo.logVo.LogVo.<init>] [INFO] 日志实例已初始化...
[2020-04-12 19:56:29:147] [vo.logVo.LogVo.<init>] [INFO] 日志实例已初始化...
[2020-04-12 19:56:29:147] [vo.logVo.LogVo.<init>] [INFO] 日志实例已初始化...
[2020-04-12 19:56:29:147] [vo.logVo.LogVo.<init>] [INFO] 日志实例已初始化...
[2020-04-12 19:56:29:147] [vo.logVo.LogVo.<init>] [INFO] 日志实例已初始化...
[2020-04-12 19:56:29:147] [vo.logVo.LogVo.<init>] [INFO] 日志实例已初始化...
[2020-04-12 19:56:29:147] [vo.logVo.LogVo.<init>] [INFO] 日志实例已初始化...
[2020-04-12 19:56:29:147] [vo.logVo.LogVo.<init>] [INFO] 日志实例已初始化...
[2020-04-12 19:56:29:147] [vo.logVo.LogVo.<init>] [INFO] 日志实例已初始化...
[2020-04-12 19:56:29:148] [vo.logVo.LogVo.<init>] [INFO] 日志实例已初始化...
[2020-04-12 19:56:29:148] [vo.logVo.LogVo.<init>] [INFO] 日志实例已初始化...
[2020-04-12 19:56:29:149] [vo.logVo.LogVo.<init>] [INFO] 日志实例已初始化...
[2020-04-12 19:56:29:149] [vo.logVo.LogVo.<init>] [INFO] 日志实例已初始化...
[2020-04-12 19:56:29:149] [vo.logVo.LogVo.<init>] [INFO] 日志实例已初始化...
[2020-04-12 19:56:29:150] [vo.logVo.LogVo.<init>] [INFO] 日志实例已初始化...
[2020-04-12 19:56:29:150] [vo.logVo.LogVo.<init>] [INFO] 日志实例已初始化...
[2020-04-12 19:56:29:150] [vo.logVo.LogVo.<init>] [INFO] 日志实例已初始化...
[2020-04-12 19:56:29:151] [vo.logVo.LogVo.<init>] [INFO] 日志实例已初始化...
[2020-04-12 19:56:29:151] [vo.logVo.LogVo.<init>] [INFO] 日志实例已初始化...
[2020-04-12 19:56:29:151] [vo.logVo.LogVo.<init>] [INFO] 日志实例已初始化...
[2020-04-12 19:56:29:151] [vo.logVo.LogVo.<init>] [INFO] 日志实例已初始化...
[2020-04-12 19:56:29:152] [vo.logVo.LogVo.<init>] [INFO] 日志实例已初始化...
[2020-04-12 19:56:29:152] [vo.logVo.LogVo.<init>] [INFO] 日志实例已初始化...
[2020-04-12 19:56:29:152] [vo.logVo.LogVo.<init>] [INFO] 日志实例已初始化...
[2020-04-12 19:56:29:152] [vo.logVo.LogVo.<init>] [INFO] 日志实例已初始化...
[2020-04-12 19:56:29:153] [vo.logVo.LogVo.<init>] [INFO] 日志实例已初始化...
[2020-04-12 19:56:29:153] [vo.logVo.LogVo.<init>] [INFO] 日志实例已初始化...
[2020-04-12 19:56:29:153] [vo.logVo.LogVo.<init>] [INFO] 日志实例已初始化...
[2020-04-12 19:56:29:153] [vo.logVo.LogVo.<init>] [INFO] 日志实例已初始化...
[2020-04-12 19:56:29:154] [vo.logVo.LogVo.<init>] [INFO] 日志实例已初始化...
[2020-04-12 19:56:29:154] [vo.logVo.LogVo.<init>] [INFO] 日志实例已初始化...
[2020-04-12 19:56:29:154] [vo.logVo.LogVo.<init>] [INFO] 日志实例已初始化...
[2020-04-12 19:56:29:154] [vo.logVo.LogVo.<init>] [INFO] 日志实例已初始化...
[2020-04-12 19:56:29:155] [vo.logVo.LogVo.<init>] [INFO] 日志实例已初始化...
[2020-04-12 19:56:29:155] [vo.logVo.LogVo.<init>] [INFO] 日志实例已初始化...
[2020-04-12 19:56:29:155] [vo.logVo.LogVo.<init>] [INFO] 日志实例已初始化...
[2020-04-12 19:56:29:155] [vo.logVo.LogVo.<init>] [INFO] 日志实例已初始化...
[2020-04-12 19:56:29:156] [vo.logVo.LogVo.<init>] [INFO] 日志实例已初始化...
[2020-04-12 19:56:29:156] [vo.logVo.LogVo.<init>] [INFO] 日志实例已初始化...
[2020-04-12 19:56:29:156] [vo.logVo.LogVo.<init>] [INFO] 日志实例已初始化...
[2020-04-12 19:56:29:156] [vo.logVo.LogVo.<init>] [INFO] 日志实例已初始化...
[2020-04-12 19:56:29:157] [vo.logVo.LogVo.<init>] [INFO] 日志实例已初始化...
[2020-04-12 19:56:29:157] [vo.logVo.LogVo.<init>] [INFO] 日志实例已初始化...
[2020-04-12 19:56:29:157] [vo.logVo.LogVo.<init>] [INFO] 日志实例已初始化...
[2020-04-12 19:56:29:157] [vo.logVo.LogVo.<init>] [INFO] 日志实例已初始化...
[2020-04-12 19:56:29:158] [vo.logVo.LogVo.<init>] [INFO] 日志实例已初始化...
[2020-04-12 19:56:29:158] [vo.logVo.LogVo.<init>] [INFO] 日志实例已初始化...
[2020-04-12 19:56:29:158] [vo.logVo.LogVo.<init>] [INFO] 日志实例已初始化...
[2020-04-12 19:56:29:158] [vo.logVo.LogVo.<init>] [INFO] 日志实例已初始化...
[2020-04-12 19:56:29:159] [vo.logVo.LogVo.<init>] [INFO] 日志实例已初始化...
[2020-04-12 19:56:29:159] [vo.logVo.LogVo.<init>] [INFO] 日志实例已初始化...
[2020-04-12 19:56:29:159] [vo.logVo.LogVo.<init>] [INFO] 日志实例已初始化...
[2020-04-12 19:56:29:160] [vo.logVo.LogVo.<init>] [INFO] 日志实例已初始化...
[2020-04-12 19:56:29:160] [vo.logVo.LogVo.<init>] [INFO] 日志实例已初始化...
[2020-04-12 19:56:29:160] [vo.logVo.LogVo.<init>] [INFO] 日志实例已初始化...
[2020-04-12 19:56:29:161] [vo.logVo.LogVo.<init>] [INFO] 日志实例已初始化...
[2020-04-12 19:56:29:161] [vo.logVo.LogVo.<init>] [INFO] 日志实例已初始化...
[2020-04-12 19:56:29:161] [vo.logVo.LogVo.<init>] [INFO] 日志实例已初始化...
[2020-04-12 19:56:29:161] [vo.logVo.LogVo.<init>] [INFO] 日志实例已初始化...
[2020-04-12 19:56:29:162] [vo.logVo.LogVo.<init>] [INFO] 日志实例已初始化...
[2020-04-12 19:56:29:162] [vo.logVo.LogVo.<init>] [INFO] 日志实例已初始化...
[2020-04-12 19:56:29:162] [vo.logVo.LogVo.<init>] [INFO] 日志实例已初始化...
[2020-04-12 19:56:29:162] [vo.logVo.LogVo.<init>] [INFO] 日志实例已初始化...
[2020-04-12 19:56:29:163] [vo.logVo.LogVo.<init>] [INFO] 日志实例已初始化...
[2020-04-12 19:56:29:163] [vo.logVo.LogVo.<init>] [INFO] 日志实例已初始化...
[2020-04-12 19:56:29:163] [vo.logVo.LogVo.<init>] [INFO] 日志实例已初始化...
[2020-04-12 19:56:29:163] [vo.logVo.LogVo.<init>] [INFO] 日志实例已初始化...
[2020-04-12 19:56:29:164] [vo.logVo.LogVo.<init>] [INFO] 日志实例已初始化...
[2020-04-12 19:56:29:164] [vo.logVo.LogVo.<init>] [INFO] 日志实例已初始化...
[2020-04-12 19:56:29:164] [vo.logVo.LogVo.<init>] [INFO] 日志实例已初始化...
[2020-04-12 19:56:29:164] [vo.logVo.LogVo.<init>] [INFO] 日志实例已初始化...
[2020-04-12 19:56:29:165] [vo.logVo.LogVo.<init>] [INFO] 日志实例已初始化...
[2020-04-12 19:56:29:165] [vo.logVo.LogVo.<init>] [INFO] 日志实例已初始化...
[2020-04-12 19:56:29:165] [vo.logVo.LogVo.<init>] [INFO] 日志实例已初始化...
[2020-04-12 19:56:29:165] [vo.logVo.LogVo.<init>] [INFO] 日志实例已初始化...
[2020-04-12 19:56:29:166] [vo.logVo.LogVo.<init>] [INFO] 日志实例已初始化...
[2020-04-12 19:56:29:166] [vo.logVo.LogVo.<init>] [INFO] 日志实例已初始化...
[2020-04-12 19:56:29:166] [vo.logVo.LogVo.<init>] [INFO] 日志实例已初始化...
[2020-04-12 19:56:29:167] [vo.logVo.LogVo.<init>] [INFO] 日志实例已初始化...
[2020-04-12 19:56:29:167] [vo.logVo.LogVo.<init>] [INFO] 日志实例已初始化...
[2020-04-12 19:56:29:167] [vo.logVo.LogVo.<init>] [INFO] 日志实例已初始化...
[2020-04-12 19:56:29:168] [vo.logVo.LogVo.<init>] [INFO] 日志实例已初始化...
[2020-04-12 19:56:29:168] [vo.logVo.LogVo.<init>] [INFO] 日志实例已初始化...
[2020-04-12 19:56:29:168] [vo.logVo.LogVo.<init>] [INFO] 日志实例已初始化...
[2020-04-12 19:56:29:169] [vo.logVo.LogVo.<init>] [INFO] 日志实例已初始化...
[2020-04-12 19:56:29:169] [vo.logVo.LogVo.<init>] [INFO] 日志实例已初始化...
[2020-04-12 19:56:29:169] [vo.logVo.LogVo.<init>] [INFO] 日志实例已初始化...
[2020-04-12 19:56:29:169] [vo.logVo.LogVo.<init>] [INFO] 日志实例已初始化...
[2020-04-12 19:56:29:170] [vo.logVo.LogVo.<init>] [INFO] 日志实例已初始化...
[2020-04-12 19:56:29:170] [vo.logVo.LogVo.<init>] [INFO] 日志实例已初始化...
[2020-04-12 19:56:29:171] [vo.logVo.LogVo.<init>] [INFO] 日志实例已初始化...
[2020-04-12 19:56:29:171] [vo.logVo.LogVo.<init>] [INFO] 日志实例已初始化...
[2020-04-12 19:56:29:171] [vo.logVo.LogVo.<init>] [INFO] 日志实例已初始化...
[2020-04-12 19:56:29:186] [vo.logVo.LogVo.<init>] [INFO] 日志实例已初始化...
[2020-04-12 19:56:29:192] [vo.logVo.LogVo.<init>] [INFO] 日志实例已初始化...
[2020-04-12 19:56:29:326] [action.userAction.LoginAction.execute] [INFO] admin 登录成功,登录时间:2020-04-12 19:56:29
[2020-04-12 19:56:49:263] [vo.logVo.LogVo.<init>] [INFO] 日志实例已初始化...
[2020-04-12 19:56:49:272] [vo.logVo.LogVo.<init>] [INFO] 日志实例已初始化...
[2020-04-12 19:56:49:309] [vo.logVo.LogVo.<init>] [INFO] 日志实例已初始化...
[2020-04-12 19:56:49:310] [vo.logVo.LogVo.<init>] [INFO] 日志实例已初始化...
[2020-04-12 19:56:49:311] [vo.logVo.LogVo.<init>] [INFO] 日志实例已初始化...
[2020-04-12 19:56:49:311] [vo.logVo.LogVo.<init>] [INFO] 日志实例已初始化...
[2020-04-12 19:56:49:312] [vo.logVo.LogVo.<init>] [INFO] 日志实例已初始化...
[2020-04-12 19:56:49:312] [vo.logVo.LogVo.<init>] [INFO] 日志实例已初始化...
[2020-04-12 19:56:49:313] [vo.logVo.LogVo.<init>] [INFO] 日志实例已初始化...
[2020-04-12 19:56:49:314] [vo.logVo.LogVo.<init>] [INFO] 日志实例已初始化...
[2020-04-12 19:56:49:314] [vo.logVo.LogVo.<init>] [INFO] 日志实例已初始化...
[2020-04-12 19:56:49:315] [vo.logVo.LogVo.<init>] [INFO] 日志实例已初始化...
[2020-04-12 19:56:49:315] [vo.logVo.LogVo.<init>] [INFO] 日志实例已初始化...
[2020-04-12 19:56:49:315] [vo.logVo.LogVo.<init>] [INFO] 日志实例已初始化...
[2020-04-12 19:56:49:316] [vo.logVo.LogVo.<init>] [INFO] 日志实例已初始化...
[2020-04-12 19:56:49:316] [vo.logVo.LogVo.<init>] [INFO] 日志实例已初始化...
[2020-04-12 19:56:49:317] [vo.logVo.LogVo.<init>] [INFO] 日志实例已初始化...
[2020-04-12 19:56:49:317] [vo.logVo.LogVo.<init>] [INFO] 日志实例已初始化...
[2020-04-12 19:56:49:318] [vo.logVo.LogVo.<init>] [INFO] 日志实例已初始化...
[2020-04-12 19:56:49:318] [vo.logVo.LogVo.<init>] [INFO] 日志实例已初始化...
[2020-04-12 19:56:49:319] [vo.logVo.LogVo.<init>] [INFO] 日志实例已初始化...
[2020-04-12 19:56:49:319] [vo.logVo.LogVo.<init>] [INFO] 日志实例已初始化...
[2020-04-12 19:56:49:321] [vo.logVo.LogVo.<init>] [INFO] 日志实例已初始化...
[2020-04-12 19:56:49:323] [vo.logVo.LogVo.<init>] [INFO] 日志实例已初始化...
[2020-04-12 19:56:49:323] [vo.logVo.LogVo.<init>] [INFO] 日志实例已初始化...
[2020-04-12 19:56:49:325] [vo.logVo.LogVo.<init>] [INFO] 日志实例已初始化...
[2020-04-12 19:56:49:326] [vo.logVo.LogVo.<init>] [INFO] 日志实例已初始化...
[2020-04-12 19:56:49:328] [vo.logVo.LogVo.<init>] [INFO] 日志实例已初始化...
[2020-04-12 19:56:49:329] [vo.logVo.LogVo.<init>] [INFO] 日志实例已初始化...
[2020-04-12 19:56:49:329] [vo.logVo.LogVo.<init>] [INFO] 日志实例已初始化...
[2020-04-12 19:56:49:329] [vo.logVo.LogVo.<init>] [INFO] 日志实例已初始化...
[2020-04-12 19:56:49:330] [vo.logVo.LogVo.<init>] [INFO] 日志实例已初始化...
[2020-04-12 19:56:49:330] [vo.logVo.LogVo.<init>] [INFO] 日志实例已初始化...
[2020-04-12 19:56:49:331] [vo.logVo.LogVo.<init>] [INFO] 日志实例已初始化...
[2020-04-12 19:56:49:331] [vo.logVo.LogVo.<init>] [INFO] 日志实例已初始化...
[2020-04-12 19:56:49:332] [vo.logVo.LogVo.<init>] [INFO] 日志实例已初始化...
[2020-04-12 19:56:49:333] [vo.logVo.LogVo.<init>] [INFO] 日志实例已初始化...
[2020-04-12 19:56:49:333] [vo.logVo.LogVo.<init>] [INFO] 日志实例已初始化...
[2020-04-12 19:56:49:334] [vo.logVo.LogVo.<init>] [INFO] 日志实例已初始化...
[2020-04-12 19:56:49:335] [vo.logVo.LogVo.<init>] [INFO] 日志实例已初始化...
[2020-04-12 19:56:49:336] [vo.logVo.LogVo.<init>] [INFO] 日志实例已初始化...
[2020-04-12 19:56:49:338] [vo.logVo.LogVo.<init>] [INFO] 日志实例已初始化...
[2020-04-12 19:56:49:338] [vo.logVo.LogVo.<init>] [INFO] 日志实例已初始化...
[2020-04-12 19:56:49:339] [vo.logVo.LogVo.<init>] [INFO] 日志实例已初始化...
[2020-04-12 19:56:49:339] [vo.logVo.LogVo.<init>] [INFO] 日志实例已初始化...
[2020-04-12 19:56:49:340] [vo.logVo.LogVo.<init>] [INFO] 日志实例已初始化...
[2020-04-12 19:56:49:340] [vo.logVo.LogVo.<init>] [INFO] 日志实例已初始化...
[2020-04-12 19:56:49:343] [vo.logVo.LogVo.<init>] [INFO] 日志实例已初始化...
[2020-04-12 19:56:49:343] [vo.logVo.LogVo.<init>] [INFO] 日志实例已初始化...
[2020-04-12 19:56:49:344] [vo.logVo.LogVo.<init>] [INFO] 日志实例已初始化...
[2020-04-12 19:56:49:344] [vo.logVo.LogVo.<init>] [INFO] 日志实例已初始化...
[2020-04-12 19:56:49:345] [vo.logVo.LogVo.<init>] [INFO] 日志实例已初始化...
[2020-04-12 19:56:49:345] [vo.logVo.LogVo.<init>] [INFO] 日志实例已初始化...
[2020-04-12 19:56:49:346] [vo.logVo.LogVo.<init>] [INFO] 日志实例已初始化...
[2020-04-12 19:56:49:346] [vo.logVo.LogVo.<init>] [INFO] 日志实例已初始化...
[2020-04-12 19:56:49:346] [vo.logVo.LogVo.<init>] [INFO] 日志实例已初始化...
[2020-04-12 19:56:49:347] [vo.logVo.LogVo.<init>] [INFO] 日志实例已初始化...
[2020-04-12 19:56:49:347] [vo.logVo.LogVo.<init>] [INFO] 日志实例已初始化...
[2020-04-12 19:56:49:348] [vo.logVo.LogVo.<init>] [INFO] 日志实例已初始化...
[2020-04-12 19:56:49:348] [vo.logVo.LogVo.<init>] [INFO] 日志实例已初始化...
[2020-04-12 19:56:49:349] [vo.logVo.LogVo.<init>] [INFO] 日志实例已初始化...
[2020-04-12 19:56:49:350] [vo.logVo.LogVo.<init>] [INFO] 日志实例已初始化...
[2020-04-12 19:56:49:350] [vo.logVo.LogVo.<init>] [INFO] 日志实例已初始化...
[2020-04-12 19:56:49:359] [vo.logVo.LogVo.<init>] [INFO] 日志实例已初始化...
[2020-04-12 19:56:49:360] [vo.logVo.LogVo.<init>] [INFO] 日志实例已初始化...
[2020-04-12 19:56:49:361] [vo.logVo.LogVo.<init>] [INFO] 日志实例已初始化...
[2020-04-12 19:56:49:362] [vo.logVo.LogVo.<init>] [INFO] 日志实例已初始化...
[2020-04-12 19:56:49:362] [vo.logVo.LogVo.<init>] [INFO] 日志实例已初始化...
[2020-04-12 19:56:49:362] [vo.logVo.LogVo.<init>] [INFO] 日志实例已初始化...
[2020-04-12 19:56:49:363] [vo.logVo.LogVo.<init>] [INFO] 日志实例已初始化...
[2020-04-12 19:56:49:364] [vo.logVo.LogVo.<init>] [INFO] 日志实例已初始化...
[2020-04-12 19:56:49:364] [vo.logVo.LogVo.<init>] [INFO] 日志实例已初始化...
[2020-04-12 19:56:49:365] [vo.logVo.LogVo.<init>] [INFO] 日志实例已初始化...
[2020-04-12 19:56:49:365] [vo.logVo.LogVo.<init>] [INFO] 日志实例已初始化...
[2020-04-12 19:56:49:366] [vo.logVo.LogVo.<init>] [INFO] 日志实例已初始化...
[2020-04-12 19:56:49:367] [vo.logVo.LogVo.<init>] [INFO] 日志实例已初始化...
[2020-04-12 19:56:49:367] [vo.logVo.LogVo.<init>] [INFO] 日志实例已初始化...
[2020-04-12 19:56:49:369] [vo.logVo.LogVo.<init>] [INFO] 日志实例已初始化...
[2020-04-12 19:56:49:370] [vo.logVo.LogVo.<init>] [INFO] 日志实例已初始化...
[2020-04-12 19:56:49:370] [vo.logVo.LogVo.<init>] [INFO] 日志实例已初始化...
[2020-04-12 19:56:49:371] [vo.logVo.LogVo.<init>] [INFO] 日志实例已初始化...
[2020-04-12 19:56:49:372] [vo.logVo.LogVo.<init>] [INFO] 日志实例已初始化...
[2020-04-12 19:56:49:372] [vo.logVo.LogVo.<init>] [INFO] 日志实例已初始化...
[2020-04-12 19:56:49:373] [vo.logVo.LogVo.<init>] [INFO] 日志实例已初始化...
[2020-04-12 19:56:49:373] [vo.logVo.LogVo.<init>] [INFO] 日志实例已初始化...
[2020-04-12 19:56:49:374] [vo.logVo.LogVo.<init>] [INFO] 日志实例已初始化...
[2020-04-12 19:56:49:375] [vo.logVo.LogVo.<init>] [INFO] 日志实例已初始化...
[2020-04-12 19:56:49:376] [vo.logVo.LogVo.<init>] [INFO] 日志实例已初始化...
[2020-04-12 19:56:49:376] [vo.logVo.LogVo.<init>] [INFO] 日志实例已初始化...
[2020-04-12 19:56:49:377] [vo.logVo.LogVo.<init>] [INFO] 日志实例已初始化...
[2020-04-12 19:56:49:377] [vo.logVo.LogVo.<init>] [INFO] 日志实例已初始化...
[2020-04-12 19:56:49:378] [vo.logVo.LogVo.<init>] [INFO] 日志实例已初始化...
[2020-04-12 19:56:49:379] [vo.logVo.LogVo.<init>] [INFO] 日志实例已初始化...
[2020-04-12 19:56:49:379] [vo.logVo.LogVo.<init>] [INFO] 日志实例已初始化...
[2020-04-12 19:56:49:380] [vo.logVo.LogVo.<init>] [INFO] 日志实例已初始化...
[2020-04-12 19:56:49:380] [vo.logVo.LogVo.<init>] [INFO] 日志实例已初始化...
[2020-04-12 19:56:49:381] [vo.logVo.LogVo.<init>] [INFO] 日志实例已初始化...
[2020-04-12 19:56:49:382] [vo.logVo.LogVo.<init>] [INFO] 日志实例已初始化...
[2020-04-12 19:56:49:382] [vo.logVo.LogVo.<init>] [INFO] 日志实例已初始化...
[2020-04-12 19:56:49:383] [vo.logVo.LogVo.<init>] [INFO] 日志实例已初始化...
[2020-04-12 19:56:49:383] [vo.logVo.LogVo.<init>] [INFO] 日志实例已初始化...
[2020-04-12 19:56:49:383] [vo.logVo.LogVo.<init>] [INFO] 日志实例已初始化...
[2020-04-12 19:56:49:384] [vo.logVo.LogVo.<init>] [INFO] 日志实例已初始化...
[2020-04-12 19:56:49:385] [vo.logVo.LogVo.<init>] [INFO] 日志实例已初始化...
[2020-04-12 19:56:49:387] [vo.logVo.LogVo.<init>] [INFO] 日志实例已初始化...
[2020-04-12 19:56:49:387] [vo.logVo.LogVo.<init>] [INFO] 日志实例已初始化...
[2020-04-12 19:56:49:388] [vo.logVo.LogVo.<init>] [INFO] 日志实例已初始化...
[2020-04-12 19:56:49:389] [vo.logVo.LogVo.<init>] [INFO] 日志实例已初始化...
[2020-04-12 19:56:49:389] [vo.logVo.LogVo.<init>] [INFO] 日志实例已初始化...
[2020-04-12 19:56:49:390] [vo.logVo.LogVo.<init>] [INFO] 日志实例已初始化...
[2020-04-12 19:56:49:391] [vo.logVo.LogVo.<init>] [INFO] 日志实例已初始化...
[2020-04-12 19:56:49:392] [vo.logVo.LogVo.<init>] [INFO] 日志实例已初始化...
[2020-04-12 19:56:49:392] [vo.logVo.LogVo.<init>] [INFO] 日志实例已初始化...
[2020-04-12 19:56:49:393] [vo.logVo.LogVo.<init>] [INFO] 日志实例已初始化...
[2020-04-12 19:56:49:394] [vo.logVo.LogVo.<init>] [INFO] 日志实例已初始化...
[2020-04-12 19:56:49:394] [vo.logVo.LogVo.<init>] [INFO] 日志实例已初始化...
[2020-04-12 19:56:49:395] [vo.logVo.LogVo.<init>] [INFO] 日志实例已初始化...
[2020-04-12 19:56:49:395] [vo.logVo.LogVo.<init>] [INFO] 日志实例已初始化...
[2020-04-12 19:56:49:396] [vo.logVo.LogVo.<init>] [INFO] 日志实例已初始化...
[2020-04-12 19:56:49:396] [vo.logVo.LogVo.<init>] [INFO] 日志实例已初始化...
[2020-04-12 19:56:49:397] [vo.logVo.LogVo.<init>] [INFO] 日志实例已初始化...
[2020-04-12 19:56:49:398] [vo.logVo.LogVo.<init>] [INFO] 日志实例已初始化...
[2020-04-12 19:56:49:399] [vo.logVo.LogVo.<init>] [INFO] 日志实例已初始化...
[2020-04-12 19:56:49:399] [vo.logVo.LogVo.<init>] [INFO] 日志实例已初始化...
[2020-04-12 19:56:49:400] [vo.logVo.LogVo.<init>] [INFO] 日志实例已初始化...
[2020-04-12 19:56:49:400] [vo.logVo.LogVo.<init>] [INFO] 日志实例已初始化...
[2020-04-12 19:56:49:401] [vo.logVo.LogVo.<init>] [INFO] 日志实例已初始化...
[2020-04-12 19:56:49:401] [vo.logVo.LogVo.<init>] [INFO] 日志实例已初始化...
[2020-04-12 19:56:49:402] [vo.logVo.LogVo.<init>] [INFO] 日志实例已初始化...
[2020-04-12 19:56:49:402] [vo.logVo.LogVo.<init>] [INFO] 日志实例已初始化...
[2020-04-12 19:56:49:403] [vo.logVo.LogVo.<init>] [INFO] 日志实例已初始化...
[2020-04-12 19:56:49:403] [vo.logVo.LogVo.<init>] [INFO] 日志实例已初始化...
[2020-04-12 19:56:49:403] [vo.logVo.LogVo.<init>] [INFO] 日志实例已初始化...
[2020-04-12 19:56:49:404] [vo.logVo.LogVo.<init>] [INFO] 日志实例已初始化...
[2020-04-12 19:56:49:404] [vo.logVo.LogVo.<init>] [INFO] 日志实例已初始化...
[2020-04-12 19:56:49:404] [vo.logVo.LogVo.<init>] [INFO] 日志实例已初始化...
[2020-04-12 19:56:49:405] [vo.logVo.LogVo.<init>] [INFO] 日志实例已初始化...
[2020-04-12 19:56:49:405] [vo.logVo.LogVo.<init>] [INFO] 日志实例已初始化...
[2020-04-12 19:56:49:405] [vo.logVo.LogVo.<init>] [INFO] 日志实例已初始化...
[2020-04-12 19:56:49:406] [vo.logVo.LogVo.<init>] [INFO] 日志实例已初始化...
[2020-04-12 19:56:49:407] [vo.logVo.LogVo.<init>] [INFO] 日志实例已初始化...
[2020-04-12 19:56:49:410] [vo.logVo.LogVo.<init>] [INFO] 日志实例已初始化...
[2020-04-12 19:56:49:420] [vo.logVo.LogVo.<init>] [INFO] 日志实例已初始化...
[2020-04-12 19:56:49:421] [vo.logVo.LogVo.<init>] [INFO] 日志实例已初始化...
[2020-04-12 19:56:49:423] [vo.logVo.LogVo.<init>] [INFO] 日志实例已初始化...
[2020-04-12 19:56:49:429] [vo.logVo.LogVo.<init>] [INFO] 日志实例已初始化...
[2020-04-12 19:56:49:431] [vo.logVo.LogVo.<init>] [INFO] 日志实例已初始化...
[2020-04-12 19:56:49:432] [vo.logVo.LogVo.<init>] [INFO] 日志实例已初始化...
[2020-04-12 19:56:49:433] [vo.logVo.LogVo.<init>] [INFO] 日志实例已初始化...
[2020-04-12 19:56:49:433] [vo.logVo.LogVo.<init>] [INFO] 日志实例已初始化...
[2020-04-12 19:56:49:435] [vo.logVo.LogVo.<init>] [INFO] 日志实例已初始化...
[2020-04-12 19:56:49:436] [vo.logVo.LogVo.<init>] [INFO] 日志实例已初始化...
[2020-04-12 19:56:49:436] [vo.logVo.LogVo.<init>] [INFO] 日志实例已初始化...
[2020-04-12 19:56:49:437] [vo.logVo.LogVo.<init>] [INFO] 日志实例已初始化...
[2020-04-12 19:56:49:437] [vo.logVo.LogVo.<init>] [INFO] 日志实例已初始化...
[2020-04-12 19:56:49:438] [vo.logVo.LogVo.<init>] [INFO] 日志实例已初始化...
[2020-04-12 19:56:49:439] [vo.logVo.LogVo.<init>] [INFO] 日志实例已初始化...
[2020-04-12 19:56:49:439] [vo.logVo.LogVo.<init>] [INFO] 日志实例已初始化...
[2020-04-12 19:56:49:440] [vo.logVo.LogVo.<init>] [INFO] 日志实例已初始化...
[2020-04-12 19:56:49:441] [vo.logVo.LogVo.<init>] [INFO] 日志实例已初始化...
[2020-04-12 19:56:49:442] [vo.logVo.LogVo.<init>] [INFO] 日志实例已初始化...
[2020-04-12 19:56:49:443] [vo.logVo.LogVo.<init>] [INFO] 日志实例已初始化...
[2020-04-12 19:56:49:444] [vo.logVo.LogVo.<init>] [INFO] 日志实例已初始化...
[2020-04-12 19:56:49:444] [vo.logVo.LogVo.<init>] [INFO] 日志实例已初始化...
[2020-04-12 19:56:49:445] [vo.logVo.LogVo.<init>] [INFO] 日志实例已初始化...
[2020-04-12 19:56:49:446] [vo.logVo.LogVo.<init>] [INFO] 日志实例已初始化...
[2020-04-12 19:56:49:460] [vo.logVo.LogVo.<init>] [INFO] 日志实例已初始化...
[2020-04-12 19:56:49:461] [vo.logVo.LogVo.<init>] [INFO] 日志实例已初始化...
[2020-04-12 19:56:49:462] [vo.logVo.LogVo.<init>] [INFO] 日志实例已初始化...
[2020-04-12 19:56:49:462] [vo.logVo.LogVo.<init>] [INFO] 日志实例已初始化...
[2020-04-12 19:56:49:463] [vo.logVo.LogVo.<init>] [INFO] 日志实例已初始化...
[2020-04-12 19:56:49:464] [vo.logVo.LogVo.<init>] [INFO] 日志实例已初始化...
[2020-04-12 19:56:49:464] [vo.logVo.LogVo.<init>] [INFO] 日志实例已初始化...
[2020-04-12 19:56:49:477] [vo.logVo.LogVo.<init>] [INFO] 日志实例已初始化...
[2020-04-12 19:56:49:487] [vo.logVo.LogVo.<init>] [INFO] 日志实例已初始化...
[2020-04-12 19:56:49:489] [vo.logVo.LogVo.<init>] [INFO] 日志实例已初始化...
[2020-04-12 19:56:49:490] [vo.logVo.LogVo.<init>] [INFO] 日志实例已初始化...
[2020-04-12 19:56:49:491] [vo.logVo.LogVo.<init>] [INFO] 日志实例已初始化...
[2020-04-12 19:56:49:492] [vo.logVo.LogVo.<init>] [INFO] 日志实例已初始化...
[2020-04-12 19:56:49:492] [vo.logVo.LogVo.<init>] [INFO] 日志实例已初始化...
[2020-04-12 19:56:49:493] [vo.logVo.LogVo.<init>] [INFO] 日志实例已初始化...
[2020-04-12 19:56:49:493] [vo.logVo.LogVo.<init>] [INFO] 日志实例已初始化...
[2020-04-12 19:56:49:493] [vo.logVo.LogVo.<init>] [INFO] 日志实例已初始化...
[2020-04-12 19:56:49:494] [vo.logVo.LogVo.<init>] [INFO] 日志实例已初始化...
[2020-04-12 19:56:49:495] [vo.logVo.LogVo.<init>] [INFO] 日志实例已初始化...
[2020-04-12 19:56:49:496] [vo.logVo.LogVo.<init>] [INFO] 日志实例已初始化...
[2020-04-12 19:56:49:496] [vo.logVo.LogVo.<init>] [INFO] 日志实例已初始化...
[2020-04-12 19:56:49:497] [vo.logVo.LogVo.<init>] [INFO] 日志实例已初始化...
[2020-04-12 19:56:49:497] [vo.logVo.LogVo.<init>] [INFO] 日志实例已初始化...
[2020-04-12 19:56:49:498] [vo.logVo.LogVo.<init>] [INFO] 日志实例已初始化...
[2020-04-12 19:56:49:499] [vo.logVo.LogVo.<init>] [INFO] 日志实例已初始化...
[2020-04-12 19:56:49:500] [vo.logVo.LogVo.<init>] [INFO] 日志实例已初始化...
[2020-04-12 19:56:49:501] [vo.logVo.LogVo.<init>] [INFO] 日志实例已初始化...
[2020-04-12 19:56:49:501] [vo.logVo.LogVo.<init>] [INFO] 日志实例已初始化...
[2020-04-12 19:56:49:502] [vo.logVo.LogVo.<init>] [INFO] 日志实例已初始化...
[2020-04-12 19:56:49:504] [vo.logVo.LogVo.<init>] [INFO] 日志实例已初始化...
[2020-04-12 19:56:49:505] [vo.logVo.LogVo.<init>] [INFO] 日志实例已初始化...
[2020-04-12 19:56:49:507] [vo.logVo.LogVo.<init>] [INFO] 日志实例已初始化...
[2020-04-12 19:56:49:513] [vo.logVo.LogVo.<init>] [INFO] 日志实例已初始化...
[2020-04-12 19:56:49:514] [vo.logVo.LogVo.<init>] [INFO] 日志实例已初始化...
[2020-04-12 19:56:49:514] [vo.logVo.LogVo.<init>] [INFO] 日志实例已初始化...
[2020-04-12 19:56:49:515] [vo.logVo.LogVo.<init>] [INFO] 日志实例已初始化...
[2020-04-12 19:56:49:515] [vo.logVo.LogVo.<init>] [INFO] 日志实例已初始化...
[2020-04-12 19:56:49:516] [vo.logVo.LogVo.<init>] [INFO] 日志实例已初始化...
[2020-04-12 19:56:49:516] [vo.logVo.LogVo.<init>] [INFO] 日志实例已初始化...
[2020-04-12 19:56:49:517] [vo.logVo.LogVo.<init>] [INFO] 日志实例已初始化...
[2020-04-12 19:56:49:517] [vo.logVo.LogVo.<init>] [INFO] 日志实例已初始化...
[2020-04-12 19:56:49:518] [vo.logVo.LogVo.<init>] [INFO] 日志实例已初始化...
[2020-04-12 19:56:49:519] [vo.logVo.LogVo.<init>] [INFO] 日志实例已初始化...
[2020-04-12 19:56:49:520] [vo.logVo.LogVo.<init>] [INFO] 日志实例已初始化...
[2020-04-12 19:56:49:520] [vo.logVo.LogVo.<init>] [INFO] 日志实例已初始化...
[2020-04-12 19:56:49:521] [vo.logVo.LogVo.<init>] [INFO] 日志实例已初始化...
[2020-04-12 19:56:49:521] [vo.logVo.LogVo.<init>] [INFO] 日志实例已初始化...
[2020-04-12 19:56:49:521] [vo.logVo.LogVo.<init>] [INFO] 日志实例已初始化...
[2020-04-12 19:56:49:522] [vo.logVo.LogVo.<init>] [INFO] 日志实例已初始化...
[2020-04-12 19:56:49:522] [vo.logVo.LogVo.<init>] [INFO] 日志实例已初始化...
[2020-04-12 19:56:49:523] [vo.logVo.LogVo.<init>] [INFO] 日志实例已初始化...
[2020-04-12 19:56:49:523] [vo.logVo.LogVo.<init>] [INFO] 日志实例已初始化...
[2020-04-12 19:56:49:525] [vo.logVo.LogVo.<init>] [INFO] 日志实例已初始化...
[2020-04-12 19:56:49:527] [vo.logVo.LogVo.<init>] [INFO] 日志实例已初始化...
[2020-04-12 19:56:49:527] [vo.logVo.LogVo.<init>] [INFO] 日志实例已初始化...
[2020-04-12 19:56:49:528] [vo.logVo.LogVo.<init>] [INFO] 日志实例已初始化...
[2020-04-12 19:56:49:529] [vo.logVo.LogVo.<init>] [INFO] 日志实例已初始化...
[2020-04-12 19:56:49:529] [vo.logVo.LogVo.<init>] [INFO] 日志实例已初始化...
[2020-04-12 19:56:49:529] [vo.logVo.LogVo.<init>] [INFO] 日志实例已初始化...
[2020-04-12 19:56:49:537] [vo.logVo.LogVo.<init>] [INFO] 日志实例已初始化...
[2020-04-12 19:56:49:539] [vo.logVo.LogVo.<init>] [INFO] 日志实例已初始化...
[2020-04-12 19:56:49:540] [vo.logVo.LogVo.<init>] [INFO] 日志实例已初始化...
[2020-04-12 19:56:49:543] [vo.logVo.LogVo.<init>] [INFO] 日志实例已初始化...
[2020-04-12 19:56:49:544] [vo.logVo.LogVo.<init>] [INFO] 日志实例已初始化...
[2020-04-12 19:56:49:545] [vo.logVo.LogVo.<init>] [INFO] 日志实例已初始化...
[2020-04-12 19:56:49:546] [vo.logVo.LogVo.<init>] [INFO] 日志实例已初始化...
[2020-04-12 19:56:49:547] [vo.logVo.LogVo.<init>] [INFO] 日志实例已初始化...
[2020-04-12 19:56:49:547] [vo.logVo.LogVo.<init>] [INFO] 日志实例已初始化...
[2020-04-12 19:56:49:549] [vo.logVo.LogVo.<init>] [INFO] 日志实例已初始化...
[2020-04-12 19:56:49:550] [vo.logVo.LogVo.<init>] [INFO] 日志实例已初始化...
[2020-04-12 19:56:49:551] [vo.logVo.LogVo.<init>] [INFO] 日志实例已初始化...
[2020-04-12 19:56:49:552] [vo.logVo.LogVo.<init>] [INFO] 日志实例已初始化...
[2020-04-12 19:56:49:552] [vo.logVo.LogVo.<init>] [INFO] 日志实例已初始化...
[2020-04-12 19:56:49:554] [vo.logVo.LogVo.<init>] [INFO] 日志实例已初始化...
[2020-04-12 19:56:49:554] [vo.logVo.LogVo.<init>] [INFO] 日志实例已初始化...
[2020-04-12 19:56:49:555] [vo.logVo.LogVo.<init>] [INFO] 日志实例已初始化...
[2020-04-12 19:56:49:555] [vo.logVo.LogVo.<init>] [INFO] 日志实例已初始化...
[2020-04-12 19:56:49:557] [vo.logVo.LogVo.<init>] [INFO] 日志实例已初始化...
[2020-04-12 19:56:49:559] [vo.logVo.LogVo.<init>] [INFO] 日志实例已初始化...
[2020-04-12 19:56:49:559] [vo.logVo.LogVo.<init>] [INFO] 日志实例已初始化...
[2020-04-12 19:56:49:560] [vo.logVo.LogVo.<init>] [INFO] 日志实例已初始化...
[2020-04-12 19:56:49:561] [vo.logVo.LogVo.<init>] [INFO] 日志实例已初始化...
[2020-04-12 19:56:49:561] [vo.logVo.LogVo.<init>] [INFO] 日志实例已初始化...
[2020-04-12 19:56:49:562] [vo.logVo.LogVo.<init>] [INFO] 日志实例已初始化...
[2020-04-12 19:56:49:562] [vo.logVo.LogVo.<init>] [INFO] 日志实例已初始化...
[2020-04-12 19:56:49:563] [vo.logVo.LogVo.<init>] [INFO] 日志实例已初始化...
[2020-04-12 19:56:49:563] [vo.logVo.LogVo.<init>] [INFO] 日志实例已初始化...
[2020-04-12 19:56:49:564] [vo.logVo.LogVo.<init>] [INFO] 日志实例已初始化...
[2020-04-12 19:56:49:564] [vo.logVo.LogVo.<init>] [INFO] 日志实例已初始化...
[2020-04-12 19:56:49:564] [vo.logVo.LogVo.<init>] [INFO] 日志实例已初始化...
[2020-04-12 19:56:49:565] [vo.logVo.LogVo.<init>] [INFO] 日志实例已初始化...
[2020-04-12 19:56:49:565] [vo.logVo.LogVo.<init>] [INFO] 日志实例已初始化...
[2020-04-12 19:56:49:566] [vo.logVo.LogVo.<init>] [INFO] 日志实例已初始化...
[2020-04-12 19:56:49:566] [vo.logVo.LogVo.<init>] [INFO] 日志实例已初始化...
[2020-04-12 19:56:49:567] [vo.logVo.LogVo.<init>] [INFO] 日志实例已初始化...
[2020-04-12 19:56:49:567] [vo.logVo.LogVo.<init>] [INFO] 日志实例已初始化...
[2020-04-12 19:56:49:568] [vo.logVo.LogVo.<init>] [INFO] 日志实例已初始化...
[2020-04-12 19:56:49:568] [vo.logVo.LogVo.<init>] [INFO] 日志实例已初始化...
[2020-04-12 19:56:49:569] [vo.logVo.LogVo.<init>] [INFO] 日志实例已初始化...
[2020-04-12 19:56:49:570] [vo.logVo.LogVo.<init>] [INFO] 日志实例已初始化...
[2020-04-12 19:56:49:570] [vo.logVo.LogVo.<init>] [INFO] 日志实例已初始化...
[2020-04-12 19:56:49:571] [vo.logVo.LogVo.<init>] [INFO] 日志实例已初始化...
[2020-04-12 19:56:49:571] [vo.logVo.LogVo.<init>] [INFO] 日志实例已初始化...
[2020-04-12 19:56:49:573] [vo.logVo.LogVo.<init>] [INFO] 日志实例已初始化...
[2020-04-12 19:56:49:575] [vo.logVo.LogVo.<init>] [INFO] 日志实例已初始化...
[2020-04-12 19:56:49:576] [vo.logVo.LogVo.<init>] [INFO] 日志实例已初始化...
[2020-04-12 19:56:49:577] [vo.logVo.LogVo.<init>] [INFO] 日志实例已初始化...
[2020-04-12 19:56:49:577] [vo.logVo.LogVo.<init>] [INFO] 日志实例已初始化...
[2020-04-12 19:56:49:579] [vo.logVo.LogVo.<init>] [INFO] 日志实例已初始化...
[2020-04-12 19:56:49:580] [vo.logVo.LogVo.<init>] [INFO] 日志实例已初始化...
[2020-04-12 19:56:49:580] [vo.logVo.LogVo.<init>] [INFO] 日志实例已初始化...
[2020-04-12 19:56:49:586] [vo.logVo.LogVo.<init>] [INFO] 日志实例已初始化...
[2020-04-12 19:56:49:587] [vo.logVo.LogVo.<init>] [INFO] 日志实例已初始化...
[2020-04-12 19:56:49:590] [vo.logVo.LogVo.<init>] [INFO] 日志实例已初始化...
[2020-04-12 19:56:49:592] [vo.logVo.LogVo.<init>] [INFO] 日志实例已初始化...
[2020-04-12 19:56:49:592] [vo.logVo.LogVo.<init>] [INFO] 日志实例已初始化...
[2020-04-12 19:56:49:593] [vo.logVo.LogVo.<init>] [INFO] 日志实例已初始化...
[2020-04-12 19:56:49:593] [vo.logVo.LogVo.<init>] [INFO] 日志实例已初始化...
[2020-04-12 19:56:49:594] [vo.logVo.LogVo.<init>] [INFO] 日志实例已初始化...
[2020-04-12 19:56:49:594] [vo.logVo.LogVo.<init>] [INFO] 日志实例已初始化...
[2020-04-12 19:56:49:594] [vo.logVo.LogVo.<init>] [INFO] 日志实例已初始化...
[2020-04-12 19:56:49:595] [vo.logVo.LogVo.<init>] [INFO] 日志实例已初始化...
[2020-04-12 19:56:49:596] [vo.logVo.LogVo.<init>] [INFO] 日志实例已初始化...
[2020-04-12 19:56:49:597] [vo.logVo.LogVo.<init>] [INFO] 日志实例已初始化...
[2020-04-12 19:56:49:598] [vo.logVo.LogVo.<init>] [INFO] 日志实例已初始化...
[2020-04-12 19:56:49:599] [vo.logVo.LogVo.<init>] [INFO] 日志实例已初始化...
[2020-04-12 19:56:49:601] [vo.logVo.LogVo.<init>] [INFO] 日志实例已初始化...
[2020-04-12 19:56:49:611] [vo.logVo.LogVo.<init>] [INFO] 日志实例已初始化...
[2020-04-12 19:56:49:612] [vo.logVo.LogVo.<init>] [INFO] 日志实例已初始化...
[2020-04-12 19:56:49:612] [vo.logVo.LogVo.<init>] [INFO] 日志实例已初始化...
[2020-04-12 19:56:49:613] [vo.logVo.LogVo.<init>] [INFO] 日志实例已初始化...
[2020-04-12 19:56:49:614] [vo.logVo.LogVo.<init>] [INFO] 日志实例已初始化...
[2020-04-12 19:56:49:614] [vo.logVo.LogVo.<init>] [INFO] 日志实例已初始化...
[2020-04-12 19:56:49:615] [vo.logVo.LogVo.<init>] [INFO] 日志实例已初始化...
[2020-04-12 19:56:49:615] [vo.logVo.LogVo.<init>] [INFO] 日志实例已初始化...
[2020-04-12 19:56:49:616] [vo.logVo.LogVo.<init>] [INFO] 日志实例已初始化...
[2020-04-12 19:56:49:616] [vo.logVo.LogVo.<init>] [INFO] 日志实例已初始化...
[2020-04-12 19:56:49:617] [vo.logVo.LogVo.<init>] [INFO] 日志实例已初始化...
[2020-04-12 19:56:49:617] [vo.logVo.LogVo.<init>] [INFO] 日志实例已初始化...
[2020-04-12 19:56:49:619] [vo.logVo.LogVo.<init>] [INFO] 日志实例已初始化...
[2020-04-12 19:56:49:620] [vo.logVo.LogVo.<init>] [INFO] 日志实例已初始化...
[2020-04-12 19:56:49:621] [vo.logVo.LogVo.<init>] [INFO] 日志实例已初始化...
[2020-04-12 19:56:49:622] [vo.logVo.LogVo.<init>] [INFO] 日志实例已初始化...
[2020-04-12 19:56:49:623] [vo.logVo.LogVo.<init>] [INFO] 日志实例已初始化...
[2020-04-12 19:56:49:624] [vo.logVo.LogVo.<init>] [INFO] 日志实例已初始化...
[2020-04-12 19:56:49:625] [vo.logVo.LogVo.<init>] [INFO] 日志实例已初始化...
[2020-04-12 19:56:49:625] [vo.logVo.LogVo.<init>] [INFO] 日志实例已初始化...
[2020-04-12 19:56:49:626] [vo.logVo.LogVo.<init>] [INFO] 日志实例已初始化...
[2020-04-12 19:56:49:626] [vo.logVo.LogVo.<init>] [INFO] 日志实例已初始化...
[2020-04-12 19:56:49:627] [vo.logVo.LogVo.<init>] [INFO] 日志实例已初始化...
[2020-04-12 19:56:49:628] [vo.logVo.LogVo.<init>] [INFO] 日志实例已初始化...
[2020-04-12 19:56:49:629] [vo.logVo.LogVo.<init>] [INFO] 日志实例已初始化...
[2020-04-12 19:56:49:629] [vo.logVo.LogVo.<init>] [INFO] 日志实例已初始化...
[2020-04-12 19:56:49:630] [vo.logVo.LogVo.<init>] [INFO] 日志实例已初始化...
[2020-04-12 19:56:49:631] [vo.logVo.LogVo.<init>] [INFO] 日志实例已初始化...
[2020-04-12 19:56:49:631] [vo.logVo.LogVo.<init>] [INFO] 日志实例已初始化...
[2020-04-12 19:56:49:632] [vo.logVo.LogVo.<init>] [INFO] 日志实例已初始化...
[2020-04-12 19:56:49:639] [vo.logVo.LogVo.<init>] [INFO] 日志实例已初始化...
[2020-04-12 19:56:49:642] [vo.logVo.LogVo.<init>] [INFO] 日志实例已初始化...
[2020-04-12 19:56:49:645] [vo.logVo.LogVo.<init>] [INFO] 日志实例已初始化...
[2020-04-12 19:56:49:646] [vo.logVo.LogVo.<init>] [INFO] 日志实例已初始化...
[2020-04-12 19:56:49:651] [vo.logVo.LogVo.<init>] [INFO] 日志实例已初始化...
[2020-04-12 19:56:49:651] [vo.logVo.LogVo.<init>] [INFO] 日志实例已初始化...
[2020-04-12 19:56:49:652] [vo.logVo.LogVo.<init>] [INFO] 日志实例已初始化...
[2020-04-12 19:56:49:653] [vo.logVo.LogVo.<init>] [INFO] 日志实例已初始化...
[2020-04-12 19:56:49:653] [vo.logVo.LogVo.<init>] [INFO] 日志实例已初始化...
[2020-04-12 19:56:49:665] [vo.logVo.LogVo.<init>] [INFO] 日志实例已初始化...
[2020-04-12 19:56:49:666] [vo.logVo.LogVo.<init>] [INFO] 日志实例已初始化...
[2020-04-12 19:56:49:666] [vo.logVo.LogVo.<init>] [INFO] 日志实例已初始化...
[2020-04-12 19:56:49:667] [vo.logVo.LogVo.<init>] [INFO] 日志实例已初始化...
[2020-04-12 19:56:49:667] [vo.logVo.LogVo.<init>] [INFO] 日志实例已初始化...
[2020-04-12 19:56:49:668] [vo.logVo.LogVo.<init>] [INFO] 日志实例已初始化...
[2020-04-12 19:56:49:669] [vo.logVo.LogVo.<init>] [INFO] 日志实例已初始化...
[2020-04-12 19:56:49:670] [vo.logVo.LogVo.<init>] [INFO] 日志实例已初始化...
[2020-04-12 19:56:49:670] [vo.logVo.LogVo.<init>] [INFO] 日志实例已初始化...
[2020-04-12 19:56:49:671] [vo.logVo.LogVo.<init>] [INFO] 日志实例已初始化...
[2020-04-12 19:56:49:681] [vo.logVo.LogVo.<init>] [INFO] 日志实例已初始化...
[2020-04-12 19:56:49:681] [vo.logVo.LogVo.<init>] [INFO] 日志实例已初始化...
[2020-04-12 19:56:49:682] [vo.logVo.LogVo.<init>] [INFO] 日志实例已初始化...
[2020-04-12 19:56:49:682] [vo.logVo.LogVo.<init>] [INFO] 日志实例已初始化...
[2020-04-12 19:56:49:683] [vo.logVo.LogVo.<init>] [INFO] 日志实例已初始化...
[2020-04-12 19:56:49:684] [vo.logVo.LogVo.<init>] [INFO] 日志实例已初始化...
[2020-04-12 19:56:49:684] [vo.logVo.LogVo.<init>] [INFO] 日志实例已初始化...
[2020-04-12 19:56:49:685] [vo.logVo.LogVo.<init>] [INFO] 日志实例已初始化...
[2020-04-12 19:56:49:685] [vo.logVo.LogVo.<init>] [INFO] 日志实例已初始化...
[2020-04-12 19:56:49:686] [vo.logVo.LogVo.<init>] [INFO] 日志实例已初始化...
[2020-04-12 19:56:49:686] [vo.logVo.LogVo.<init>] [INFO] 日志实例已初始化...
[2020-04-12 19:56:49:687] [vo.logVo.LogVo.<init>] [INFO] 日志实例已初始化...
[2020-04-12 19:56:49:687] [vo.logVo.LogVo.<init>] [INFO] 日志实例已初始化...
[2020-04-12 19:56:49:689] [vo.logVo.LogVo.<init>] [INFO] 日志实例已初始化...
[2020-04-12 19:56:49:689] [vo.logVo.LogVo.<init>] [INFO] 日志实例已初始化...
[2020-04-12 19:56:49:692] [vo.logVo.LogVo.<init>] [INFO] 日志实例已初始化...
[2020-04-12 19:56:49:692] [vo.logVo.LogVo.<init>] [INFO] 日志实例已初始化...
[2020-04-12 19:56:49:693] [vo.logVo.LogVo.<init>] [INFO] 日志实例已初始化...
[2020-04-12 19:56:49:764] [vo.logVo.LogVo.<init>] [INFO] 日志实例已初始化...
[2020-04-12 19:56:49:765] [vo.logVo.LogVo.<init>] [INFO] 日志实例已初始化...
[2020-04-12 19:56:49:766] [vo.logVo.LogVo.<init>] [INFO] 日志实例已初始化...
[2020-04-12 19:56:49:766] [vo.logVo.LogVo.<init>] [INFO] 日志实例已初始化...
[2020-04-12 19:56:49:767] [vo.logVo.LogVo.<init>] [INFO] 日志实例已初始化...
[2020-04-12 19:56:49:769] [vo.logVo.LogVo.<init>] [INFO] 日志实例已初始化...
[2020-04-12 19:56:49:771] [vo.logVo.LogVo.<init>] [INFO] 日志实例已初始化...
[2020-04-12 19:56:49:785] [vo.logVo.LogVo.<init>] [INFO] 日志实例已初始化...
[2020-04-12 19:56:49:785] [vo.logVo.LogVo.<init>] [INFO] 日志实例已初始化...
[2020-04-12 19:56:49:786] [vo.logVo.LogVo.<init>] [INFO] 日志实例已初始化...
[2020-04-12 19:56:49:839] [vo.logVo.LogVo.<init>] [INFO] 日志实例已初始化...
[2020-04-12 19:56:49:840] [vo.logVo.LogVo.<init>] [INFO] 日志实例已初始化...
[2020-04-12 19:56:49:842] [vo.logVo.LogVo.<init>] [INFO] 日志实例已初始化...
[2020-04-12 19:56:49:843] [vo.logVo.LogVo.<init>] [INFO] 日志实例已初始化...
[2020-04-12 19:56:49:843] [vo.logVo.LogVo.<init>] [INFO] 日志实例已初始化...
[2020-04-12 19:56:49:844] [vo.logVo.LogVo.<init>] [INFO] 日志实例已初始化...
[2020-04-12 19:56:49:846] [vo.logVo.LogVo.<init>] [INFO] 日志实例已初始化...
[2020-04-12 19:56:49:846] [vo.logVo.LogVo.<init>] [INFO] 日志实例已初始化...
[2020-04-12 19:56:49:846] [vo.logVo.LogVo.<init>] [INFO] 日志实例已初始化...
[2020-04-12 19:56:49:847] [vo.logVo.LogVo.<init>] [INFO] 日志实例已初始化...
[2020-04-12 19:56:49:847] [vo.logVo.LogVo.<init>] [INFO] 日志实例已初始化...
[2020-04-12 19:56:49:899] [vo.logVo.LogVo.<init>] [INFO] 日志实例已初始化...
[2020-04-12 19:56:49:901] [vo.logVo.LogVo.<init>] [INFO] 日志实例已初始化...
[2020-04-12 19:56:49:901] [vo.logVo.LogVo.<init>] [INFO] 日志实例已初始化...
[2020-04-12 19:56:49:902] [vo.logVo.LogVo.<init>] [INFO] 日志实例已初始化...
[2020-04-12 19:56:49:902] [vo.logVo.LogVo.<init>] [INFO] 日志实例已初始化...
[2020-04-12 19:56:49:903] [vo.logVo.LogVo.<init>] [INFO] 日志实例已初始化...
[2020-04-12 19:56:49:903] [vo.logVo.LogVo.<init>] [INFO] 日志实例已初始化...
[2020-04-12 19:56:49:904] [vo.logVo.LogVo.<init>] [INFO] 日志实例已初始化...
[2020-04-12 19:56:49:904] [vo.logVo.LogVo.<init>] [INFO] 日志实例已初始化...
[2020-04-12 19:56:49:905] [vo.logVo.LogVo.<init>] [INFO] 日志实例已初始化...
[2020-04-12 19:56:49:905] [vo.logVo.LogVo.<init>] [INFO] 日志实例已初始化...
[2020-04-12 19:56:49:906] [vo.logVo.LogVo.<init>] [INFO] 日志实例已初始化...
[2020-04-12 19:56:49:937] [action.userAction.LoginAction.execute] [INFO] WangWu 登录成功,登录时间:2020-04-12 19:56:49
[2020-04-12 19:57:16:636] [vo.logVo.LogVo.<init>] [INFO] 日志实例已初始化...
[2020-04-12 19:57:16:644] [vo.logVo.LogVo.<init>] [INFO] 日志实例已初始化...
[2020-04-12 19:57:16:681] [vo.logVo.LogVo.<init>] [INFO] 日志实例已初始化...
[2020-04-12 19:57:16:682] [vo.logVo.LogVo.<init>] [INFO] 日志实例已初始化...
[2020-04-12 19:57:16:683] [vo.logVo.LogVo.<init>] [INFO] 日志实例已初始化...
[2020-04-12 19:57:16:683] [vo.logVo.LogVo.<init>] [INFO] 日志实例已初始化...
[2020-04-12 19:57:16:684] [vo.logVo.LogVo.<init>] [INFO] 日志实例已初始化...
[2020-04-12 19:57:16:684] [vo.logVo.LogVo.<init>] [INFO] 日志实例已初始化...
[2020-04-12 19:57:16:685] [vo.logVo.LogVo.<init>] [INFO] 日志实例已初始化...
[2020-04-12 19:57:16:686] [vo.logVo.LogVo.<init>] [INFO] 日志实例已初始化...
[2020-04-12 19:57:16:686] [vo.logVo.LogVo.<init>] [INFO] 日志实例已初始化...
[2020-04-12 19:57:16:687] [vo.logVo.LogVo.<init>] [INFO] 日志实例已初始化...
[2020-04-12 19:57:16:687] [vo.logVo.LogVo.<init>] [INFO] 日志实例已初始化...
[2020-04-12 19:57:16:688] [vo.logVo.LogVo.<init>] [INFO] 日志实例已初始化...
[2020-04-12 19:57:16:688] [vo.logVo.LogVo.<init>] [INFO] 日志实例已初始化...
[2020-04-12 19:57:16:688] [vo.logVo.LogVo.<init>] [INFO] 日志实例已初始化...
[2020-04-12 19:57:16:689] [vo.logVo.LogVo.<init>] [INFO] 日志实例已初始化...
[2020-04-12 19:57:16:689] [vo.logVo.LogVo.<init>] [INFO] 日志实例已初始化...
[2020-04-12 19:57:16:690] [vo.logVo.LogVo.<init>] [INFO] 日志实例已初始化...
[2020-04-12 19:57:16:690] [vo.logVo.LogVo.<init>] [INFO] 日志实例已初始化...
[2020-04-12 19:57:16:691] [vo.logVo.LogVo.<init>] [INFO] 日志实例已初始化...
[2020-04-12 19:57:16:691] [vo.logVo.LogVo.<init>] [INFO] 日志实例已初始化...
[2020-04-12 19:57:16:691] [vo.logVo.LogVo.<init>] [INFO] 日志实例已初始化...
[2020-04-12 19:57:16:692] [vo.logVo.LogVo.<init>] [INFO] 日志实例已初始化...
[2020-04-12 19:57:16:692] [vo.logVo.LogVo.<init>] [INFO] 日志实例已初始化...
[2020-04-12 19:57:16:693] [vo.logVo.LogVo.<init>] [INFO] 日志实例已初始化...
[2020-04-12 19:57:16:693] [vo.logVo.LogVo.<init>] [INFO] 日志实例已初始化...
[2020-04-12 19:57:16:694] [vo.logVo.LogVo.<init>] [INFO] 日志实例已初始化...
[2020-04-12 19:57:16:695] [vo.logVo.LogVo.<init>] [INFO] 日志实例已初始化...
[2020-04-12 19:57:16:695] [vo.logVo.LogVo.<init>] [INFO] 日志实例已初始化...
[2020-04-12 19:57:16:696] [vo.logVo.LogVo.<init>] [INFO] 日志实例已初始化...
[2020-04-12 19:57:16:697] [vo.logVo.LogVo.<init>] [INFO] 日志实例已初始化...
[2020-04-12 19:57:16:697] [vo.logVo.LogVo.<init>] [INFO] 日志实例已初始化...
[2020-04-12 19:57:16:698] [vo.logVo.LogVo.<init>] [INFO] 日志实例已初始化...
[2020-04-12 19:57:16:699] [vo.logVo.LogVo.<init>] [INFO] 日志实例已初始化...
[2020-04-12 19:57:16:700] [vo.logVo.LogVo.<init>] [INFO] 日志实例已初始化...
[2020-04-12 19:57:16:700] [vo.logVo.LogVo.<init>] [INFO] 日志实例已初始化...
[2020-04-12 19:57:16:701] [vo.logVo.LogVo.<init>] [INFO] 日志实例已初始化...
[2020-04-12 19:57:16:701] [vo.logVo.LogVo.<init>] [INFO] 日志实例已初始化...
[2020-04-12 19:57:16:702] [vo.logVo.LogVo.<init>] [INFO] 日志实例已初始化...
[2020-04-12 19:57:16:702] [vo.logVo.LogVo.<init>] [INFO] 日志实例已初始化...
[2020-04-12 19:57:16:703] [vo.logVo.LogVo.<init>] [INFO] 日志实例已初始化...
[2020-04-12 19:57:16:703] [vo.logVo.LogVo.<init>] [INFO] 日志实例已初始化...
[2020-04-12 19:57:16:704] [vo.logVo.LogVo.<init>] [INFO] 日志实例已初始化...
[2020-04-12 19:57:16:704] [vo.logVo.LogVo.<init>] [INFO] 日志实例已初始化...
[2020-04-12 19:57:16:705] [vo.logVo.LogVo.<init>] [INFO] 日志实例已初始化...
[2020-04-12 19:57:16:705] [vo.logVo.LogVo.<init>] [INFO] 日志实例已初始化...
[2020-04-12 19:57:16:706] [vo.logVo.LogVo.<init>] [INFO] 日志实例已初始化...
[2020-04-12 19:57:16:706] [vo.logVo.LogVo.<init>] [INFO] 日志实例已初始化...
[2020-04-12 19:57:16:707] [vo.logVo.LogVo.<init>] [INFO] 日志实例已初始化...
[2020-04-12 19:57:16:707] [vo.logVo.LogVo.<init>] [INFO] 日志实例已初始化...
[2020-04-12 19:57:16:708] [vo.logVo.LogVo.<init>] [INFO] 日志实例已初始化...
[2020-04-12 19:57:16:708] [vo.logVo.LogVo.<init>] [INFO] 日志实例已初始化...
[2020-04-12 19:57:16:709] [vo.logVo.LogVo.<init>] [INFO] 日志实例已初始化...
[2020-04-12 19:57:16:710] [vo.logVo.LogVo.<init>] [INFO] 日志实例已初始化...
[2020-04-12 19:57:16:711] [vo.logVo.LogVo.<init>] [INFO] 日志实例已初始化...
[2020-04-12 19:57:16:712] [vo.logVo.LogVo.<init>] [INFO] 日志实例已初始化...
[2020-04-12 19:57:16:714] [vo.logVo.LogVo.<init>] [INFO] 日志实例已初始化...
[2020-04-12 19:57:16:716] [vo.logVo.LogVo.<init>] [INFO] 日志实例已初始化...
[2020-04-12 19:57:16:716] [vo.logVo.LogVo.<init>] [INFO] 日志实例已初始化...
[2020-04-12 19:57:16:717] [vo.logVo.LogVo.<init>] [INFO] 日志实例已初始化...
[2020-04-12 19:57:16:717] [vo.logVo.LogVo.<init>] [INFO] 日志实例已初始化...
[2020-04-12 19:57:16:718] [vo.logVo.LogVo.<init>] [INFO] 日志实例已初始化...
[2020-04-12 19:57:16:718] [vo.logVo.LogVo.<init>] [INFO] 日志实例已初始化...
[2020-04-12 19:57:16:719] [vo.logVo.LogVo.<init>] [INFO] 日志实例已初始化...
[2020-04-12 19:57:16:719] [vo.logVo.LogVo.<init>] [INFO] 日志实例已初始化...
[2020-04-12 19:57:16:720] [vo.logVo.LogVo.<init>] [INFO] 日志实例已初始化...
[2020-04-12 19:57:16:720] [vo.logVo.LogVo.<init>] [INFO] 日志实例已初始化...
[2020-04-12 19:57:16:721] [vo.logVo.LogVo.<init>] [INFO] 日志实例已初始化...
[2020-04-12 19:57:16:721] [vo.logVo.LogVo.<init>] [INFO] 日志实例已初始化...
[2020-04-12 19:57:16:722] [vo.logVo.LogVo.<init>] [INFO] 日志实例已初始化...
[2020-04-12 19:57:16:722] [vo.logVo.LogVo.<init>] [INFO] 日志实例已初始化...
[2020-04-12 19:57:16:723] [vo.logVo.LogVo.<init>] [INFO] 日志实例已初始化...
[2020-04-12 19:57:16:723] [vo.logVo.LogVo.<init>] [INFO] 日志实例已初始化...
[2020-04-12 19:57:16:724] [vo.logVo.LogVo.<init>] [INFO] 日志实例已初始化...
[2020-04-12 19:57:16:724] [vo.logVo.LogVo.<init>] [INFO] 日志实例已初始化...
[2020-04-12 19:57:16:725] [vo.logVo.LogVo.<init>] [INFO] 日志实例已初始化...
[2020-04-12 19:57:16:725] [vo.logVo.LogVo.<init>] [INFO] 日志实例已初始化...
[2020-04-12 19:57:16:726] [vo.logVo.LogVo.<init>] [INFO] 日志实例已初始化...
[2020-04-12 19:57:16:726] [vo.logVo.LogVo.<init>] [INFO] 日志实例已初始化...
[2020-04-12 19:57:16:726] [vo.logVo.LogVo.<init>] [INFO] 日志实例已初始化...
[2020-04-12 19:57:16:727] [vo.logVo.LogVo.<init>] [INFO] 日志实例已初始化...
[2020-04-12 19:57:16:728] [vo.logVo.LogVo.<init>] [INFO] 日志实例已初始化...
[2020-04-12 19:57:16:730] [vo.logVo.LogVo.<init>] [INFO] 日志实例已初始化...
[2020-04-12 19:57:16:731] [vo.logVo.LogVo.<init>] [INFO] 日志实例已初始化...
[2020-04-12 19:57:16:731] [vo.logVo.LogVo.<init>] [INFO] 日志实例已初始化...
[2020-04-12 19:57:16:732] [vo.logVo.LogVo.<init>] [INFO] 日志实例已初始化...
[2020-04-12 19:57:16:733] [vo.logVo.LogVo.<init>] [INFO] 日志实例已初始化...
[2020-04-12 19:57:16:733] [vo.logVo.LogVo.<init>] [INFO] 日志实例已初始化...
[2020-04-12 19:57:16:734] [vo.logVo.LogVo.<init>] [INFO] 日志实例已初始化...
[2020-04-12 19:57:16:734] [vo.logVo.LogVo.<init>] [INFO] 日志实例已初始化...
[2020-04-12 19:57:16:735] [vo.logVo.LogVo.<init>] [INFO] 日志实例已初始化...
[2020-04-12 19:57:16:735] [vo.logVo.LogVo.<init>] [INFO] 日志实例已初始化...
[2020-04-12 19:57:16:736] [vo.logVo.LogVo.<init>] [INFO] 日志实例已初始化...
[2020-04-12 19:57:16:736] [vo.logVo.LogVo.<init>] [INFO] 日志实例已初始化...
[2020-04-12 19:57:16:737] [vo.logVo.LogVo.<init>] [INFO] 日志实例已初始化...
[2020-04-12 19:57:16:738] [vo.logVo.LogVo.<init>] [INFO] 日志实例已初始化...
[2020-04-12 19:57:16:738] [vo.logVo.LogVo.<init>] [INFO] 日志实例已初始化...
[2020-04-12 19:57:16:739] [vo.logVo.LogVo.<init>] [INFO] 日志实例已初始化...
[2020-04-12 19:57:16:740] [vo.logVo.LogVo.<init>] [INFO] 日志实例已初始化...
[2020-04-12 19:57:16:740] [vo.logVo.LogVo.<init>] [INFO] 日志实例已初始化...
[2020-04-12 19:57:16:741] [vo.logVo.LogVo.<init>] [INFO] 日志实例已初始化...
[2020-04-12 19:57:16:742] [vo.logVo.LogVo.<init>] [INFO] 日志实例已初始化...
[2020-04-12 19:57:16:743] [vo.logVo.LogVo.<init>] [INFO] 日志实例已初始化...
[2020-04-12 19:57:16:743] [vo.logVo.LogVo.<init>] [INFO] 日志实例已初始化...
[2020-04-12 19:57:16:744] [vo.logVo.LogVo.<init>] [INFO] 日志实例已初始化...
[2020-04-12 19:57:16:744] [vo.logVo.LogVo.<init>] [INFO] 日志实例已初始化...
[2020-04-12 19:57:16:745] [vo.logVo.LogVo.<init>] [INFO] 日志实例已初始化...
[2020-04-12 19:57:16:745] [vo.logVo.LogVo.<init>] [INFO] 日志实例已初始化...
[2020-04-12 19:57:16:746] [vo.logVo.LogVo.<init>] [INFO] 日志实例已初始化...
[2020-04-12 19:57:16:747] [vo.logVo.LogVo.<init>] [INFO] 日志实例已初始化...
[2020-04-12 19:57:16:751] [vo.logVo.LogVo.<init>] [INFO] 日志实例已初始化...
[2020-04-12 19:57:16:752] [vo.logVo.LogVo.<init>] [INFO] 日志实例已初始化...
[2020-04-12 19:57:16:753] [vo.logVo.LogVo.<init>] [INFO] 日志实例已初始化...
[2020-04-12 19:57:16:754] [vo.logVo.LogVo.<init>] [INFO] 日志实例已初始化...
[2020-04-12 19:57:16:756] [vo.logVo.LogVo.<init>] [INFO] 日志实例已初始化...
[2020-04-12 19:57:16:757] [vo.logVo.LogVo.<init>] [INFO] 日志实例已初始化...
[2020-04-12 19:57:16:761] [vo.logVo.LogVo.<init>] [INFO] 日志实例已初始化...
[2020-04-12 19:57:16:762] [vo.logVo.LogVo.<init>] [INFO] 日志实例已初始化...
[2020-04-12 19:57:16:763] [vo.logVo.LogVo.<init>] [INFO] 日志实例已初始化...
[2020-04-12 19:57:16:780] [vo.logVo.LogVo.<init>] [INFO] 日志实例已初始化...
[2020-04-12 19:57:16:787] [vo.logVo.LogVo.<init>] [INFO] 日志实例已初始化...
[2020-04-12 19:57:16:788] [vo.logVo.LogVo.<init>] [INFO] 日志实例已初始化...
[2020-04-12 19:57:16:789] [vo.logVo.LogVo.<init>] [INFO] 日志实例已初始化...
[2020-04-12 19:57:16:789] [vo.logVo.LogVo.<init>] [INFO] 日志实例已初始化...
[2020-04-12 19:57:16:790] [vo.logVo.LogVo.<init>] [INFO] 日志实例已初始化...
[2020-04-12 19:57:16:791] [vo.logVo.LogVo.<init>] [INFO] 日志实例已初始化...
[2020-04-12 19:57:16:791] [vo.logVo.LogVo.<init>] [INFO] 日志实例已初始化...
[2020-04-12 19:57:16:792] [vo.logVo.LogVo.<init>] [INFO] 日志实例已初始化...
[2020-04-12 19:57:16:793] [vo.logVo.LogVo.<init>] [INFO] 日志实例已初始化...
[2020-04-12 19:57:16:793] [vo.logVo.LogVo.<init>] [INFO] 日志实例已初始化...
[2020-04-12 19:57:16:794] [vo.logVo.LogVo.<init>] [INFO] 日志实例已初始化...
[2020-04-12 19:57:16:794] [vo.logVo.LogVo.<init>] [INFO] 日志实例已初始化...
[2020-04-12 19:57:16:795] [vo.logVo.LogVo.<init>] [INFO] 日志实例已初始化...
[2020-04-12 19:57:16:795] [vo.logVo.LogVo.<init>] [INFO] 日志实例已初始化...
[2020-04-12 19:57:16:796] [vo.logVo.LogVo.<init>] [INFO] 日志实例已初始化...
[2020-04-12 19:57:16:796] [vo.logVo.LogVo.<init>] [INFO] 日志实例已初始化...
[2020-04-12 19:57:16:797] [vo.logVo.LogVo.<init>] [INFO] 日志实例已初始化...
[2020-04-12 19:57:16:797] [vo.logVo.LogVo.<init>] [INFO] 日志实例已初始化...
[2020-04-12 19:57:16:798] [vo.logVo.LogVo.<init>] [INFO] 日志实例已初始化...
[2020-04-12 19:57:16:798] [vo.logVo.LogVo.<init>] [INFO] 日志实例已初始化...
[2020-04-12 19:57:16:799] [vo.logVo.LogVo.<init>] [INFO] 日志实例已初始化...
[2020-04-12 19:57:16:800] [vo.logVo.LogVo.<init>] [INFO] 日志实例已初始化...
[2020-04-12 19:57:16:800] [vo.logVo.LogVo.<init>] [INFO] 日志实例已初始化...
[2020-04-12 19:57:16:801] [vo.logVo.LogVo.<init>] [INFO] 日志实例已初始化...
[2020-04-12 19:57:16:801] [vo.logVo.LogVo.<init>] [INFO] 日志实例已初始化...
[2020-04-12 19:57:16:802] [vo.logVo.LogVo.<init>] [INFO] 日志实例已初始化...
[2020-04-12 19:57:16:802] [vo.logVo.LogVo.<init>] [INFO] 日志实例已初始化...
[2020-04-12 19:57:16:802] [vo.logVo.LogVo.<init>] [INFO] 日志实例已初始化...
[2020-04-12 19:57:16:803] [vo.logVo.LogVo.<init>] [INFO] 日志实例已初始化...
[2020-04-12 19:57:16:803] [vo.logVo.LogVo.<init>] [INFO] 日志实例已初始化...
[2020-04-12 19:57:16:804] [vo.logVo.LogVo.<init>] [INFO] 日志实例已初始化...
[2020-04-12 19:57:16:804] [vo.logVo.LogVo.<init>] [INFO] 日志实例已初始化...
[2020-04-12 19:57:16:804] [vo.logVo.LogVo.<init>] [INFO] 日志实例已初始化...
[2020-04-12 19:57:16:805] [vo.logVo.LogVo.<init>] [INFO] 日志实例已初始化...
[2020-04-12 19:57:16:805] [vo.logVo.LogVo.<init>] [INFO] 日志实例已初始化...
[2020-04-12 19:57:16:806] [vo.logVo.LogVo.<init>] [INFO] 日志实例已初始化...
[2020-04-12 19:57:16:807] [vo.logVo.LogVo.<init>] [INFO] 日志实例已初始化...
[2020-04-12 19:57:16:808] [vo.logVo.LogVo.<init>] [INFO] 日志实例已初始化...
[2020-04-12 19:57:16:809] [vo.logVo.LogVo.<init>] [INFO] 日志实例已初始化...
[2020-04-12 19:57:16:810] [vo.logVo.LogVo.<init>] [INFO] 日志实例已初始化...
[2020-04-12 19:57:16:811] [vo.logVo.LogVo.<init>] [INFO] 日志实例已初始化...
[2020-04-12 19:57:16:812] [vo.logVo.LogVo.<init>] [INFO] 日志实例已初始化...
[2020-04-12 19:57:16:813] [vo.logVo.LogVo.<init>] [INFO] 日志实例已初始化...
[2020-04-12 19:57:16:814] [vo.logVo.LogVo.<init>] [INFO] 日志实例已初始化...
[2020-04-12 19:57:16:815] [vo.logVo.LogVo.<init>] [INFO] 日志实例已初始化...
[2020-04-12 19:57:16:816] [vo.logVo.LogVo.<init>] [INFO] 日志实例已初始化...
[2020-04-12 19:57:16:818] [vo.logVo.LogVo.<init>] [INFO] 日志实例已初始化...
[2020-04-12 19:57:16:819] [vo.logVo.LogVo.<init>] [INFO] 日志实例已初始化...
[2020-04-12 19:57:16:822] [vo.logVo.LogVo.<init>] [INFO] 日志实例已初始化...
[2020-04-12 19:57:16:823] [vo.logVo.LogVo.<init>] [INFO] 日志实例已初始化...
[2020-04-12 19:57:16:824] [vo.logVo.LogVo.<init>] [INFO] 日志实例已初始化...
[2020-04-12 19:57:16:824] [vo.logVo.LogVo.<init>] [INFO] 日志实例已初始化...
[2020-04-12 19:57:16:825] [vo.logVo.LogVo.<init>] [INFO] 日志实例已初始化...
[2020-04-12 19:57:16:826] [vo.logVo.LogVo.<init>] [INFO] 日志实例已初始化...
[2020-04-12 19:57:16:826] [vo.logVo.LogVo.<init>] [INFO] 日志实例已初始化...
[2020-04-12 19:57:16:827] [vo.logVo.LogVo.<init>] [INFO] 日志实例已初始化...
[2020-04-12 19:57:16:828] [vo.logVo.LogVo.<init>] [INFO] 日志实例已初始化...
[2020-04-12 19:57:16:828] [vo.logVo.LogVo.<init>] [INFO] 日志实例已初始化...
[2020-04-12 19:57:16:829] [vo.logVo.LogVo.<init>] [INFO] 日志实例已初始化...
[2020-04-12 19:57:16:829] [vo.logVo.LogVo.<init>] [INFO] 日志实例已初始化...
[2020-04-12 19:57:16:830] [vo.logVo.LogVo.<init>] [INFO] 日志实例已初始化...
[2020-04-12 19:57:16:830] [vo.logVo.LogVo.<init>] [INFO] 日志实例已初始化...
[2020-04-12 19:57:16:831] [vo.logVo.LogVo.<init>] [INFO] 日志实例已初始化...
[2020-04-12 19:57:16:831] [vo.logVo.LogVo.<init>] [INFO] 日志实例已初始化...
[2020-04-12 19:57:16:831] [vo.logVo.LogVo.<init>] [INFO] 日志实例已初始化...
[2020-04-12 19:57:16:832] [vo.logVo.LogVo.<init>] [INFO] 日志实例已初始化...
[2020-04-12 19:57:16:832] [vo.logVo.LogVo.<init>] [INFO] 日志实例已初始化...
[2020-04-12 19:57:16:833] [vo.logVo.LogVo.<init>] [INFO] 日志实例已初始化...
[2020-04-12 19:57:16:833] [vo.logVo.LogVo.<init>] [INFO] 日志实例已初始化...
[2020-04-12 19:57:16:834] [vo.logVo.LogVo.<init>] [INFO] 日志实例已初始化...
[2020-04-12 19:57:16:835] [vo.logVo.LogVo.<init>] [INFO] 日志实例已初始化...
[2020-04-12 19:57:16:836] [vo.logVo.LogVo.<init>] [INFO] 日志实例已初始化...
[2020-04-12 19:57:16:837] [vo.logVo.LogVo.<init>] [INFO] 日志实例已初始化...
[2020-04-12 19:57:16:838] [vo.logVo.LogVo.<init>] [INFO] 日志实例已初始化...
[2020-04-12 19:57:16:838] [vo.logVo.LogVo.<init>] [INFO] 日志实例已初始化...
[2020-04-12 19:57:16:839] [vo.logVo.LogVo.<init>] [INFO] 日志实例已初始化...
[2020-04-12 19:57:16:840] [vo.logVo.LogVo.<init>] [INFO] 日志实例已初始化...
[2020-04-12 19:57:16:840] [vo.logVo.LogVo.<init>] [INFO] 日志实例已初始化...
[2020-04-12 19:57:16:841] [vo.logVo.LogVo.<init>] [INFO] 日志实例已初始化...
[2020-04-12 19:57:16:841] [vo.logVo.LogVo.<init>] [INFO] 日志实例已初始化...
[2020-04-12 19:57:16:841] [vo.logVo.LogVo.<init>] [INFO] 日志实例已初始化...
[2020-04-12 19:57:16:842] [vo.logVo.LogVo.<init>] [INFO] 日志实例已初始化...
[2020-04-12 19:57:16:842] [vo.logVo.LogVo.<init>] [INFO] 日志实例已初始化...
[2020-04-12 19:57:16:843] [vo.logVo.LogVo.<init>] [INFO] 日志实例已初始化...
[2020-04-12 19:57:16:843] [vo.logVo.LogVo.<init>] [INFO] 日志实例已初始化...
[2020-04-12 19:57:16:843] [vo.logVo.LogVo.<init>] [INFO] 日志实例已初始化...
[2020-04-12 19:57:16:844] [vo.logVo.LogVo.<init>] [INFO] 日志实例已初始化...
[2020-04-12 19:57:16:844] [vo.logVo.LogVo.<init>] [INFO] 日志实例已初始化...
[2020-04-12 19:57:16:845] [vo.logVo.LogVo.<init>] [INFO] 日志实例已初始化...
[2020-04-12 19:57:16:845] [vo.logVo.LogVo.<init>] [INFO] 日志实例已初始化...
[2020-04-12 19:57:16:847] [vo.logVo.LogVo.<init>] [INFO] 日志实例已初始化...
[2020-04-12 19:57:16:847] [vo.logVo.LogVo.<init>] [INFO] 日志实例已初始化...
[2020-04-12 19:57:16:848] [vo.logVo.LogVo.<init>] [INFO] 日志实例已初始化...
[2020-04-12 19:57:16:849] [vo.logVo.LogVo.<init>] [INFO] 日志实例已初始化...
[2020-04-12 19:57:16:849] [vo.logVo.LogVo.<init>] [INFO] 日志实例已初始化...
[2020-04-12 19:57:16:850] [vo.logVo.LogVo.<init>] [INFO] 日志实例已初始化...
[2020-04-12 19:57:16:875] [vo.logVo.LogVo.<init>] [INFO] 日志实例已初始化...
[2020-04-12 19:57:16:876] [vo.logVo.LogVo.<init>] [INFO] 日志实例已初始化...
[2020-04-12 19:57:16:877] [vo.logVo.LogVo.<init>] [INFO] 日志实例已初始化...
[2020-04-12 19:57:16:878] [vo.logVo.LogVo.<init>] [INFO] 日志实例已初始化...
[2020-04-12 19:57:16:879] [vo.logVo.LogVo.<init>] [INFO] 日志实例已初始化...
[2020-04-12 19:57:16:879] [vo.logVo.LogVo.<init>] [INFO] 日志实例已初始化...
[2020-04-12 19:57:16:880] [vo.logVo.LogVo.<init>] [INFO] 日志实例已初始化...
[2020-04-12 19:57:16:880] [vo.logVo.LogVo.<init>] [INFO] 日志实例已初始化...
[2020-04-12 19:57:16:881] [vo.logVo.LogVo.<init>] [INFO] 日志实例已初始化...
[2020-04-12 19:57:16:882] [vo.logVo.LogVo.<init>] [INFO] 日志实例已初始化...
[2020-04-12 19:57:16:883] [vo.logVo.LogVo.<init>] [INFO] 日志实例已初始化...
[2020-04-12 19:57:16:883] [vo.logVo.LogVo.<init>] [INFO] 日志实例已初始化...
[2020-04-12 19:57:16:884] [vo.logVo.LogVo.<init>] [INFO] 日志实例已初始化...
[2020-04-12 19:57:16:885] [vo.logVo.LogVo.<init>] [INFO] 日志实例已初始化...
[2020-04-12 19:57:16:886] [vo.logVo.LogVo.<init>] [INFO] 日志实例已初始化...
[2020-04-12 19:57:16:886] [vo.logVo.LogVo.<init>] [INFO] 日志实例已初始化...
[2020-04-12 19:57:16:887] [vo.logVo.LogVo.<init>] [INFO] 日志实例已初始化...
[2020-04-12 19:57:16:888] [vo.logVo.LogVo.<init>] [INFO] 日志实例已初始化...
[2020-04-12 19:57:16:888] [vo.logVo.LogVo.<init>] [INFO] 日志实例已初始化...
[2020-04-12 19:57:16:889] [vo.logVo.LogVo.<init>] [INFO] 日志实例已初始化...
[2020-04-12 19:57:16:890] [vo.logVo.LogVo.<init>] [INFO] 日志实例已初始化...
[2020-04-12 19:57:16:890] [vo.logVo.LogVo.<init>] [INFO] 日志实例已初始化...
[2020-04-12 19:57:16:891] [vo.logVo.LogVo.<init>] [INFO] 日志实例已初始化...
[2020-04-12 19:57:16:891] [vo.logVo.LogVo.<init>] [INFO] 日志实例已初始化...
[2020-04-12 19:57:16:892] [vo.logVo.LogVo.<init>] [INFO] 日志实例已初始化...
[2020-04-12 19:57:16:892] [vo.logVo.LogVo.<init>] [INFO] 日志实例已初始化...
[2020-04-12 19:57:16:893] [vo.logVo.LogVo.<init>] [INFO] 日志实例已初始化...
[2020-04-12 19:57:16:893] [vo.logVo.LogVo.<init>] [INFO] 日志实例已初始化...
[2020-04-12 19:57:16:894] [vo.logVo.LogVo.<init>] [INFO] 日志实例已初始化...
[2020-04-12 19:57:16:894] [vo.logVo.LogVo.<init>] [INFO] 日志实例已初始化...
[2020-04-12 19:57:16:894] [vo.logVo.LogVo.<init>] [INFO] 日志实例已初始化...
[2020-04-12 19:57:16:895] [vo.logVo.LogVo.<init>] [INFO] 日志实例已初始化...
[2020-04-12 19:57:16:895] [vo.logVo.LogVo.<init>] [INFO] 日志实例已初始化...
[2020-04-12 19:57:16:896] [vo.logVo.LogVo.<init>] [INFO] 日志实例已初始化...
[2020-04-12 19:57:16:896] [vo.logVo.LogVo.<init>] [INFO] 日志实例已初始化...
[2020-04-12 19:57:16:897] [vo.logVo.LogVo.<init>] [INFO] 日志实例已初始化...
[2020-04-12 19:57:16:897] [vo.logVo.LogVo.<init>] [INFO] 日志实例已初始化...
[2020-04-12 19:57:16:898] [vo.logVo.LogVo.<init>] [INFO] 日志实例已初始化...
[2020-04-12 19:57:16:898] [vo.logVo.LogVo.<init>] [INFO] 日志实例已初始化...
[2020-04-12 19:57:16:899] [vo.logVo.LogVo.<init>] [INFO] 日志实例已初始化...
[2020-04-12 19:57:16:900] [vo.logVo.LogVo.<init>] [INFO] 日志实例已初始化...
[2020-04-12 19:57:16:900] [vo.logVo.LogVo.<init>] [INFO] 日志实例已初始化...
[2020-04-12 19:57:16:901] [vo.logVo.LogVo.<init>] [INFO] 日志实例已初始化...
[2020-04-12 19:57:16:901] [vo.logVo.LogVo.<init>] [INFO] 日志实例已初始化...
[2020-04-12 19:57:16:902] [vo.logVo.LogVo.<init>] [INFO] 日志实例已初始化...
[2020-04-12 19:57:16:902] [vo.logVo.LogVo.<init>] [INFO] 日志实例已初始化...
[2020-04-12 19:57:16:903] [vo.logVo.LogVo.<init>] [INFO] 日志实例已初始化...
[2020-04-12 19:57:16:903] [vo.logVo.LogVo.<init>] [INFO] 日志实例已初始化...
[2020-04-12 19:57:16:910] [vo.logVo.LogVo.<init>] [INFO] 日志实例已初始化...
[2020-04-12 19:57:16:911] [vo.logVo.LogVo.<init>] [INFO] 日志实例已初始化...
[2020-04-12 19:57:16:912] [vo.logVo.LogVo.<init>] [INFO] 日志实例已初始化...
[2020-04-12 19:57:16:912] [vo.logVo.LogVo.<init>] [INFO] 日志实例已初始化...
[2020-04-12 19:57:16:913] [vo.logVo.LogVo.<init>] [INFO] 日志实例已初始化...
[2020-04-12 19:57:16:913] [vo.logVo.LogVo.<init>] [INFO] 日志实例已初始化...
[2020-04-12 19:57:16:913] [vo.logVo.LogVo.<init>] [INFO] 日志实例已初始化...
[2020-04-12 19:57:16:914] [vo.logVo.LogVo.<init>] [INFO] 日志实例已初始化...
[2020-04-12 19:57:16:915] [vo.logVo.LogVo.<init>] [INFO] 日志实例已初始化...
[2020-04-12 19:57:16:916] [vo.logVo.LogVo.<init>] [INFO] 日志实例已初始化...
[2020-04-12 19:57:16:916] [vo.logVo.LogVo.<init>] [INFO] 日志实例已初始化...
[2020-04-12 19:57:16:917] [vo.logVo.LogVo.<init>] [INFO] 日志实例已初始化...
[2020-04-12 19:57:16:919] [vo.logVo.LogVo.<init>] [INFO] 日志实例已初始化...
[2020-04-12 19:57:16:920] [vo.logVo.LogVo.<init>] [INFO] 日志实例已初始化...
[2020-04-12 19:57:16:921] [vo.logVo.LogVo.<init>] [INFO] 日志实例已初始化...
[2020-04-12 19:57:16:922] [vo.logVo.LogVo.<init>] [INFO] 日志实例已初始化...
[2020-04-12 19:57:16:923] [vo.logVo.LogVo.<init>] [INFO] 日志实例已初始化...
[2020-04-12 19:57:16:924] [vo.logVo.LogVo.<init>] [INFO] 日志实例已初始化...
[2020-04-12 19:57:16:925] [vo.logVo.LogVo.<init>] [INFO] 日志实例已初始化...
[2020-04-12 19:57:16:926] [vo.logVo.LogVo.<init>] [INFO] 日志实例已初始化...
[2020-04-12 19:57:16:927] [vo.logVo.LogVo.<init>] [INFO] 日志实例已初始化...
[2020-04-12 19:57:16:928] [vo.logVo.LogVo.<init>] [INFO] 日志实例已初始化...
[2020-04-12 19:57:16:929] [vo.logVo.LogVo.<init>] [INFO] 日志实例已初始化...
[2020-04-12 19:57:16:930] [vo.logVo.LogVo.<init>] [INFO] 日志实例已初始化...
[2020-04-12 19:57:16:930] [vo.logVo.LogVo.<init>] [INFO] 日志实例已初始化...
[2020-04-12 19:57:16:931] [vo.logVo.LogVo.<init>] [INFO] 日志实例已初始化...
[2020-04-12 19:57:16:932] [vo.logVo.LogVo.<init>] [INFO] 日志实例已初始化...
[2020-04-12 19:57:16:933] [vo.logVo.LogVo.<init>] [INFO] 日志实例已初始化...
[2020-04-12 19:57:16:933] [vo.logVo.LogVo.<init>] [INFO] 日志实例已初始化...
[2020-04-12 19:57:16:934] [vo.logVo.LogVo.<init>] [INFO] 日志实例已初始化...
[2020-04-12 19:57:16:935] [vo.logVo.LogVo.<init>] [INFO] 日志实例已初始化...
[2020-04-12 19:57:16:935] [vo.logVo.LogVo.<init>] [INFO] 日志实例已初始化...
[2020-04-12 19:57:16:936] [vo.logVo.LogVo.<init>] [INFO] 日志实例已初始化...
[2020-04-12 19:57:16:936] [vo.logVo.LogVo.<init>] [INFO] 日志实例已初始化...
[2020-04-12 19:57:16:937] [vo.logVo.LogVo.<init>] [INFO] 日志实例已初始化...
[2020-04-12 19:57:16:937] [vo.logVo.LogVo.<init>] [INFO] 日志实例已初始化...
[2020-04-12 19:57:16:938] [vo.logVo.LogVo.<init>] [INFO] 日志实例已初始化...
[2020-04-12 19:57:16:938] [vo.logVo.LogVo.<init>] [INFO] 日志实例已初始化...
[2020-04-12 19:57:16:939] [vo.logVo.LogVo.<init>] [INFO] 日志实例已初始化...
[2020-04-12 19:57:16:940] [vo.logVo.LogVo.<init>] [INFO] 日志实例已初始化...
[2020-04-12 19:57:16:940] [vo.logVo.LogVo.<init>] [INFO] 日志实例已初始化...
[2020-04-12 19:57:16:941] [vo.logVo.LogVo.<init>] [INFO] 日志实例已初始化...
[2020-04-12 19:57:16:941] [vo.logVo.LogVo.<init>] [INFO] 日志实例已初始化...
[2020-04-12 19:57:16:942] [vo.logVo.LogVo.<init>] [INFO] 日志实例已初始化...
[2020-04-12 19:57:16:942] [vo.logVo.LogVo.<init>] [INFO] 日志实例已初始化...
[2020-04-12 19:57:16:943] [vo.logVo.LogVo.<init>] [INFO] 日志实例已初始化...
[2020-04-12 19:57:16:943] [vo.logVo.LogVo.<init>] [INFO] 日志实例已初始化...
[2020-04-12 19:57:16:944] [vo.logVo.LogVo.<init>] [INFO] 日志实例已初始化...
[2020-04-12 19:57:16:945] [vo.logVo.LogVo.<init>] [INFO] 日志实例已初始化...
[2020-04-12 19:57:16:951] [vo.logVo.LogVo.<init>] [INFO] 日志实例已初始化...
[2020-04-12 19:57:16:953] [vo.logVo.LogVo.<init>] [INFO] 日志实例已初始化...
[2020-04-12 19:57:16:954] [vo.logVo.LogVo.<init>] [INFO] 日志实例已初始化...
[2020-04-12 19:57:16:954] [vo.logVo.LogVo.<init>] [INFO] 日志实例已初始化...
[2020-04-12 19:57:16:955] [vo.logVo.LogVo.<init>] [INFO] 日志实例已初始化...
[2020-04-12 19:57:16:957] [vo.logVo.LogVo.<init>] [INFO] 日志实例已初始化...
[2020-04-12 19:57:16:958] [vo.logVo.LogVo.<init>] [INFO] 日志实例已初始化...
[2020-04-12 19:57:16:960] [vo.logVo.LogVo.<init>] [INFO] 日志实例已初始化...
[2020-04-12 19:57:16:967] [vo.logVo.LogVo.<init>] [INFO] 日志实例已初始化...
[2020-04-12 19:57:16:968] [vo.logVo.LogVo.<init>] [INFO] 日志实例已初始化...
[2020-04-12 19:57:16:968] [vo.logVo.LogVo.<init>] [INFO] 日志实例已初始化...
[2020-04-12 19:57:16:969] [vo.logVo.LogVo.<init>] [INFO] 日志实例已初始化...
[2020-04-12 19:57:16:970] [vo.logVo.LogVo.<init>] [INFO] 日志实例已初始化...
[2020-04-12 19:57:16:970] [vo.logVo.LogVo.<init>] [INFO] 日志实例已初始化...
[2020-04-12 19:57:16:971] [vo.logVo.LogVo.<init>] [INFO] 日志实例已初始化...
[2020-04-12 19:57:16:971] [vo.logVo.LogVo.<init>] [INFO] 日志实例已初始化...
[2020-04-12 19:57:16:974] [vo.logVo.LogVo.<init>] [INFO] 日志实例已初始化...
[2020-04-12 19:57:16:975] [vo.logVo.LogVo.<init>] [INFO] 日志实例已初始化...
[2020-04-12 19:57:16:976] [vo.logVo.LogVo.<init>] [INFO] 日志实例已初始化...
[2020-04-12 19:57:16:976] [vo.logVo.LogVo.<init>] [INFO] 日志实例已初始化...
[2020-04-12 19:57:16:977] [vo.logVo.LogVo.<init>] [INFO] 日志实例已初始化...
[2020-04-12 19:57:16:978] [vo.logVo.LogVo.<init>] [INFO] 日志实例已初始化...
[2020-04-12 19:57:16:978] [vo.logVo.LogVo.<init>] [INFO] 日志实例已初始化...
[2020-04-12 19:57:16:980] [vo.logVo.LogVo.<init>] [INFO] 日志实例已初始化...
[2020-04-12 19:57:16:981] [vo.logVo.LogVo.<init>] [INFO] 日志实例已初始化...
[2020-04-12 19:57:16:983] [vo.logVo.LogVo.<init>] [INFO] 日志实例已初始化...
[2020-04-12 19:57:16:984] [vo.logVo.LogVo.<init>] [INFO] 日志实例已初始化...
[2020-04-12 19:57:16:985] [vo.logVo.LogVo.<init>] [INFO] 日志实例已初始化...
[2020-04-12 19:57:16:985] [vo.logVo.LogVo.<init>] [INFO] 日志实例已初始化...
[2020-04-12 19:57:16:986] [vo.logVo.LogVo.<init>] [INFO] 日志实例已初始化...
[2020-04-12 19:57:16:987] [vo.logVo.LogVo.<init>] [INFO] 日志实例已初始化...
[2020-04-12 19:57:16:987] [vo.logVo.LogVo.<init>] [INFO] 日志实例已初始化...
[2020-04-12 19:57:16:988] [vo.logVo.LogVo.<init>] [INFO] 日志实例已初始化...
[2020-04-12 19:57:16:991] [vo.logVo.LogVo.<init>] [INFO] 日志实例已初始化...
[2020-04-12 19:57:16:992] [vo.logVo.LogVo.<init>] [INFO] 日志实例已初始化...
[2020-04-12 19:57:16:993] [vo.logVo.LogVo.<init>] [INFO] 日志实例已初始化...
[2020-04-12 19:57:16:994] [vo.logVo.LogVo.<init>] [INFO] 日志实例已初始化...
[2020-04-12 19:57:16:996] [vo.logVo.LogVo.<init>] [INFO] 日志实例已初始化...
[2020-04-12 19:57:16:997] [vo.logVo.LogVo.<init>] [INFO] 日志实例已初始化...
[2020-04-12 19:57:16:998] [vo.logVo.LogVo.<init>] [INFO] 日志实例已初始化...
[2020-04-12 19:57:17:000] [vo.logVo.LogVo.<init>] [INFO] 日志实例已初始化...
[2020-04-12 19:57:17:005] [vo.logVo.LogVo.<init>] [INFO] 日志实例已初始化...
[2020-04-12 19:57:17:006] [vo.logVo.LogVo.<init>] [INFO] 日志实例已初始化...
[2020-04-12 19:57:17:007] [vo.logVo.LogVo.<init>] [INFO] 日志实例已初始化...
[2020-04-12 19:57:17:008] [vo.logVo.LogVo.<init>] [INFO] 日志实例已初始化...
[2020-04-12 19:57:17:008] [vo.logVo.LogVo.<init>] [INFO] 日志实例已初始化...
[2020-04-12 19:57:17:009] [vo.logVo.LogVo.<init>] [INFO] 日志实例已初始化...
[2020-04-12 19:57:17:010] [vo.logVo.LogVo.<init>] [INFO] 日志实例已初始化...
[2020-04-12 19:57:17:014] [vo.logVo.LogVo.<init>] [INFO] 日志实例已初始化...
[2020-04-12 19:57:17:016] [vo.logVo.LogVo.<init>] [INFO] 日志实例已初始化...
[2020-04-12 19:57:17:016] [vo.logVo.LogVo.<init>] [INFO] 日志实例已初始化...
[2020-04-12 19:57:17:017] [vo.logVo.LogVo.<init>] [INFO] 日志实例已初始化...
[2020-04-12 19:57:17:018] [vo.logVo.LogVo.<init>] [INFO] 日志实例已初始化...
[2020-04-12 19:57:17:018] [vo.logVo.LogVo.<init>] [INFO] 日志实例已初始化...
[2020-04-12 19:57:17:020] [vo.logVo.LogVo.<init>] [INFO] 日志实例已初始化...
[2020-04-12 19:57:17:021] [vo.logVo.LogVo.<init>] [INFO] 日志实例已初始化...
[2020-04-12 19:57:17:022] [vo.logVo.LogVo.<init>] [INFO] 日志实例已初始化...
[2020-04-12 19:57:17:023] [vo.logVo.LogVo.<init>] [INFO] 日志实例已初始化...
[2020-04-12 19:57:17:024] [vo.logVo.LogVo.<init>] [INFO] 日志实例已初始化...
[2020-04-12 19:57:17:025] [vo.logVo.LogVo.<init>] [INFO] 日志实例已初始化...
[2020-04-12 19:57:17:026] [vo.logVo.LogVo.<init>] [INFO] 日志实例已初始化...
[2020-04-12 19:57:17:029] [vo.logVo.LogVo.<init>] [INFO] 日志实例已初始化...
[2020-04-12 19:57:17:030] [vo.logVo.LogVo.<init>] [INFO] 日志实例已初始化...
[2020-04-12 19:57:17:036] [vo.logVo.LogVo.<init>] [INFO] 日志实例已初始化...
[2020-04-12 19:57:17:037] [vo.logVo.LogVo.<init>] [INFO] 日志实例已初始化...
[2020-04-12 19:57:17:038] [vo.logVo.LogVo.<init>] [INFO] 日志实例已初始化...
[2020-04-12 19:57:17:040] [vo.logVo.LogVo.<init>] [INFO] 日志实例已初始化...
[2020-04-12 19:57:17:041] [vo.logVo.LogVo.<init>] [INFO] 日志实例已初始化...
[2020-04-12 19:57:17:042] [vo.logVo.LogVo.<init>] [INFO] 日志实例已初始化...
[2020-04-12 19:57:17:043] [vo.logVo.LogVo.<init>] [INFO] 日志实例已初始化...
[2020-04-12 19:57:17:046] [vo.logVo.LogVo.<init>] [INFO] 日志实例已初始化...
[2020-04-12 19:57:17:046] [vo.logVo.LogVo.<init>] [INFO] 日志实例已初始化...
[2020-04-12 19:57:17:048] [vo.logVo.LogVo.<init>] [INFO] 日志实例已初始化...
[2020-04-12 19:57:17:050] [vo.logVo.LogVo.<init>] [INFO] 日志实例已初始化...
[2020-04-12 19:57:17:050] [vo.logVo.LogVo.<init>] [INFO] 日志实例已初始化...
[2020-04-12 19:57:17:051] [vo.logVo.LogVo.<init>] [INFO] 日志实例已初始化...
[2020-04-12 19:57:17:051] [vo.logVo.LogVo.<init>] [INFO] 日志实例已初始化...
[2020-04-12 19:57:17:052] [vo.logVo.LogVo.<init>] [INFO] 日志实例已初始化...
[2020-04-12 19:57:17:053] [vo.logVo.LogVo.<init>] [INFO] 日志实例已初始化...
[2020-04-12 19:57:17:067] [action.userAction.LoginAction.execute] [INFO] 该用户已登录，请稍后再试！
[2020-04-12 19:57:21:749] [action.userAction.LoginAction.destroySession] [INFO] WangWu退出成功！
[2020-04-12 19:57:30:211] [vo.logVo.LogVo.<init>] [INFO] 日志实例已初始化...
[2020-04-12 19:57:30:221] [vo.logVo.LogVo.<init>] [INFO] 日志实例已初始化...
[2020-04-12 19:57:30:248] [vo.logVo.LogVo.<init>] [INFO] 日志实例已初始化...
[2020-04-12 19:57:30:248] [vo.logVo.LogVo.<init>] [INFO] 日志实例已初始化...
[2020-04-12 19:57:30:249] [vo.logVo.LogVo.<init>] [INFO] 日志实例已初始化...
[2020-04-12 19:57:30:249] [vo.logVo.LogVo.<init>] [INFO] 日志实例已初始化...
[2020-04-12 19:57:30:250] [vo.logVo.LogVo.<init>] [INFO] 日志实例已初始化...
[2020-04-12 19:57:30:250] [vo.logVo.LogVo.<init>] [INFO] 日志实例已初始化...
[2020-04-12 19:57:30:251] [vo.logVo.LogVo.<init>] [INFO] 日志实例已初始化...
[2020-04-12 19:57:30:251] [vo.logVo.LogVo.<init>] [INFO] 日志实例已初始化...
[2020-04-12 19:57:30:251] [vo.logVo.LogVo.<init>] [INFO] 日志实例已初始化...
[2020-04-12 19:57:30:252] [vo.logVo.LogVo.<init>] [INFO] 日志实例已初始化...
[2020-04-12 19:57:30:252] [vo.logVo.LogVo.<init>] [INFO] 日志实例已初始化...
[2020-04-12 19:57:30:253] [vo.logVo.LogVo.<init>] [INFO] 日志实例已初始化...
[2020-04-12 19:57:30:253] [vo.logVo.LogVo.<init>] [INFO] 日志实例已初始化...
[2020-04-12 19:57:30:253] [vo.logVo.LogVo.<init>] [INFO] 日志实例已初始化...
[2020-04-12 19:57:30:254] [vo.logVo.LogVo.<init>] [INFO] 日志实例已初始化...
[2020-04-12 19:57:30:254] [vo.logVo.LogVo.<init>] [INFO] 日志实例已初始化...
[2020-04-12 19:57:30:254] [vo.logVo.LogVo.<init>] [INFO] 日志实例已初始化...
[2020-04-12 19:57:30:254] [vo.logVo.LogVo.<init>] [INFO] 日志实例已初始化...
[2020-04-12 19:57:30:255] [vo.logVo.LogVo.<init>] [INFO] 日志实例已初始化...
[2020-04-12 19:57:30:255] [vo.logVo.LogVo.<init>] [INFO] 日志实例已初始化...
[2020-04-12 19:57:30:255] [vo.logVo.LogVo.<init>] [INFO] 日志实例已初始化...
[2020-04-12 19:57:30:256] [vo.logVo.LogVo.<init>] [INFO] 日志实例已初始化...
[2020-04-12 19:57:30:256] [vo.logVo.LogVo.<init>] [INFO] 日志实例已初始化...
[2020-04-12 19:57:30:257] [vo.logVo.LogVo.<init>] [INFO] 日志实例已初始化...
[2020-04-12 19:57:30:257] [vo.logVo.LogVo.<init>] [INFO] 日志实例已初始化...
[2020-04-12 19:57:30:257] [vo.logVo.LogVo.<init>] [INFO] 日志实例已初始化...
[2020-04-12 19:57:30:258] [vo.logVo.LogVo.<init>] [INFO] 日志实例已初始化...
[2020-04-12 19:57:30:258] [vo.logVo.LogVo.<init>] [INFO] 日志实例已初始化...
[2020-04-12 19:57:30:258] [vo.logVo.LogVo.<init>] [INFO] 日志实例已初始化...
[2020-04-12 19:57:30:259] [vo.logVo.LogVo.<init>] [INFO] 日志实例已初始化...
[2020-04-12 19:57:30:259] [vo.logVo.LogVo.<init>] [INFO] 日志实例已初始化...
[2020-04-12 19:57:30:260] [vo.logVo.LogVo.<init>] [INFO] 日志实例已初始化...
[2020-04-12 19:57:30:260] [vo.logVo.LogVo.<init>] [INFO] 日志实例已初始化...
[2020-04-12 19:57:30:261] [vo.logVo.LogVo.<init>] [INFO] 日志实例已初始化...
[2020-04-12 19:57:30:261] [vo.logVo.LogVo.<init>] [INFO] 日志实例已初始化...
[2020-04-12 19:57:30:262] [vo.logVo.LogVo.<init>] [INFO] 日志实例已初始化...
[2020-04-12 19:57:30:263] [vo.logVo.LogVo.<init>] [INFO] 日志实例已初始化...
[2020-04-12 19:57:30:263] [vo.logVo.LogVo.<init>] [INFO] 日志实例已初始化...
[2020-04-12 19:57:30:264] [vo.logVo.LogVo.<init>] [INFO] 日志实例已初始化...
[2020-04-12 19:57:30:264] [vo.logVo.LogVo.<init>] [INFO] 日志实例已初始化...
[2020-04-12 19:57:30:265] [vo.logVo.LogVo.<init>] [INFO] 日志实例已初始化...
[2020-04-12 19:57:30:266] [vo.logVo.LogVo.<init>] [INFO] 日志实例已初始化...
[2020-04-12 19:57:30:266] [vo.logVo.LogVo.<init>] [INFO] 日志实例已初始化...
[2020-04-12 19:57:30:267] [vo.logVo.LogVo.<init>] [INFO] 日志实例已初始化...
[2020-04-12 19:57:30:267] [vo.logVo.LogVo.<init>] [INFO] 日志实例已初始化...
[2020-04-12 19:57:30:269] [vo.logVo.LogVo.<init>] [INFO] 日志实例已初始化...
[2020-04-12 19:57:30:270] [vo.logVo.LogVo.<init>] [INFO] 日志实例已初始化...
[2020-04-12 19:57:30:270] [vo.logVo.LogVo.<init>] [INFO] 日志实例已初始化...
[2020-04-12 19:57:30:271] [vo.logVo.LogVo.<init>] [INFO] 日志实例已初始化...
[2020-04-12 19:57:30:271] [vo.logVo.LogVo.<init>] [INFO] 日志实例已初始化...
[2020-04-12 19:57:30:271] [vo.logVo.LogVo.<init>] [INFO] 日志实例已初始化...
[2020-04-12 19:57:30:272] [vo.logVo.LogVo.<init>] [INFO] 日志实例已初始化...
[2020-04-12 19:57:30:272] [vo.logVo.LogVo.<init>] [INFO] 日志实例已初始化...
[2020-04-12 19:57:30:273] [vo.logVo.LogVo.<init>] [INFO] 日志实例已初始化...
[2020-04-12 19:57:30:273] [vo.logVo.LogVo.<init>] [INFO] 日志实例已初始化...
[2020-04-12 19:57:30:274] [vo.logVo.LogVo.<init>] [INFO] 日志实例已初始化...
[2020-04-12 19:57:30:275] [vo.logVo.LogVo.<init>] [INFO] 日志实例已初始化...
[2020-04-12 19:57:30:275] [vo.logVo.LogVo.<init>] [INFO] 日志实例已初始化...
[2020-04-12 19:57:30:276] [vo.logVo.LogVo.<init>] [INFO] 日志实例已初始化...
[2020-04-12 19:57:30:276] [vo.logVo.LogVo.<init>] [INFO] 日志实例已初始化...
[2020-04-12 19:57:30:277] [vo.logVo.LogVo.<init>] [INFO] 日志实例已初始化...
[2020-04-12 19:57:30:277] [vo.logVo.LogVo.<init>] [INFO] 日志实例已初始化...
[2020-04-12 19:57:30:277] [vo.logVo.LogVo.<init>] [INFO] 日志实例已初始化...
[2020-04-12 19:57:30:279] [vo.logVo.LogVo.<init>] [INFO] 日志实例已初始化...
[2020-04-12 19:57:30:279] [vo.logVo.LogVo.<init>] [INFO] 日志实例已初始化...
[2020-04-12 19:57:30:280] [vo.logVo.LogVo.<init>] [INFO] 日志实例已初始化...
[2020-04-12 19:57:30:281] [vo.logVo.LogVo.<init>] [INFO] 日志实例已初始化...
[2020-04-12 19:57:30:281] [vo.logVo.LogVo.<init>] [INFO] 日志实例已初始化...
[2020-04-12 19:57:30:282] [vo.logVo.LogVo.<init>] [INFO] 日志实例已初始化...
[2020-04-12 19:57:30:282] [vo.logVo.LogVo.<init>] [INFO] 日志实例已初始化...
[2020-04-12 19:57:30:283] [vo.logVo.LogVo.<init>] [INFO] 日志实例已初始化...
[2020-04-12 19:57:30:283] [vo.logVo.LogVo.<init>] [INFO] 日志实例已初始化...
[2020-04-12 19:57:30:284] [vo.logVo.LogVo.<init>] [INFO] 日志实例已初始化...
[2020-04-12 19:57:30:284] [vo.logVo.LogVo.<init>] [INFO] 日志实例已初始化...
[2020-04-12 19:57:30:284] [vo.logVo.LogVo.<init>] [INFO] 日志实例已初始化...
[2020-04-12 19:57:30:285] [vo.logVo.LogVo.<init>] [INFO] 日志实例已初始化...
[2020-04-12 19:57:30:286] [vo.logVo.LogVo.<init>] [INFO] 日志实例已初始化...
[2020-04-12 19:57:30:286] [vo.logVo.LogVo.<init>] [INFO] 日志实例已初始化...
[2020-04-12 19:57:30:287] [vo.logVo.LogVo.<init>] [INFO] 日志实例已初始化...
[2020-04-12 19:57:30:287] [vo.logVo.LogVo.<init>] [INFO] 日志实例已初始化...
[2020-04-12 19:57:30:288] [vo.logVo.LogVo.<init>] [INFO] 日志实例已初始化...
[2020-04-12 19:57:30:288] [vo.logVo.LogVo.<init>] [INFO] 日志实例已初始化...
[2020-04-12 19:57:30:289] [vo.logVo.LogVo.<init>] [INFO] 日志实例已初始化...
[2020-04-12 19:57:30:290] [vo.logVo.LogVo.<init>] [INFO] 日志实例已初始化...
[2020-04-12 19:57:30:290] [vo.logVo.LogVo.<init>] [INFO] 日志实例已初始化...
[2020-04-12 19:57:30:290] [vo.logVo.LogVo.<init>] [INFO] 日志实例已初始化...
[2020-04-12 19:57:30:291] [vo.logVo.LogVo.<init>] [INFO] 日志实例已初始化...
[2020-04-12 19:57:30:292] [vo.logVo.LogVo.<init>] [INFO] 日志实例已初始化...
[2020-04-12 19:57:30:292] [vo.logVo.LogVo.<init>] [INFO] 日志实例已初始化...
[2020-04-12 19:57:30:293] [vo.logVo.LogVo.<init>] [INFO] 日志实例已初始化...
[2020-04-12 19:57:30:293] [vo.logVo.LogVo.<init>] [INFO] 日志实例已初始化...
[2020-04-12 19:57:30:294] [vo.logVo.LogVo.<init>] [INFO] 日志实例已初始化...
[2020-04-12 19:57:30:295] [vo.logVo.LogVo.<init>] [INFO] 日志实例已初始化...
[2020-04-12 19:57:30:295] [vo.logVo.LogVo.<init>] [INFO] 日志实例已初始化...
[2020-04-12 19:57:30:296] [vo.logVo.LogVo.<init>] [INFO] 日志实例已初始化...
[2020-04-12 19:57:30:296] [vo.logVo.LogVo.<init>] [INFO] 日志实例已初始化...
[2020-04-12 19:57:30:297] [vo.logVo.LogVo.<init>] [INFO] 日志实例已初始化...
[2020-04-12 19:57:30:297] [vo.logVo.LogVo.<init>] [INFO] 日志实例已初始化...
[2020-04-12 19:57:30:297] [vo.logVo.LogVo.<init>] [INFO] 日志实例已初始化...
[2020-04-12 19:57:30:298] [vo.logVo.LogVo.<init>] [INFO] 日志实例已初始化...
[2020-04-12 19:57:30:298] [vo.logVo.LogVo.<init>] [INFO] 日志实例已初始化...
[2020-04-12 19:57:30:299] [vo.logVo.LogVo.<init>] [INFO] 日志实例已初始化...
[2020-04-12 19:57:30:299] [vo.logVo.LogVo.<init>] [INFO] 日志实例已初始化...
[2020-04-12 19:57:30:299] [vo.logVo.LogVo.<init>] [INFO] 日志实例已初始化...
[2020-04-12 19:57:30:300] [vo.logVo.LogVo.<init>] [INFO] 日志实例已初始化...
[2020-04-12 19:57:30:300] [vo.logVo.LogVo.<init>] [INFO] 日志实例已初始化...
[2020-04-12 19:57:30:301] [vo.logVo.LogVo.<init>] [INFO] 日志实例已初始化...
[2020-04-12 19:57:30:301] [vo.logVo.LogVo.<init>] [INFO] 日志实例已初始化...
[2020-04-12 19:57:30:302] [vo.logVo.LogVo.<init>] [INFO] 日志实例已初始化...
[2020-04-12 19:57:30:302] [vo.logVo.LogVo.<init>] [INFO] 日志实例已初始化...
[2020-04-12 19:57:30:303] [vo.logVo.LogVo.<init>] [INFO] 日志实例已初始化...
[2020-04-12 19:57:30:303] [vo.logVo.LogVo.<init>] [INFO] 日志实例已初始化...
[2020-04-12 19:57:30:304] [vo.logVo.LogVo.<init>] [INFO] 日志实例已初始化...
[2020-04-12 19:57:30:304] [vo.logVo.LogVo.<init>] [INFO] 日志实例已初始化...
[2020-04-12 19:57:30:304] [vo.logVo.LogVo.<init>] [INFO] 日志实例已初始化...
[2020-04-12 19:57:30:306] [vo.logVo.LogVo.<init>] [INFO] 日志实例已初始化...
[2020-04-12 19:57:30:307] [vo.logVo.LogVo.<init>] [INFO] 日志实例已初始化...
[2020-04-12 19:57:30:308] [vo.logVo.LogVo.<init>] [INFO] 日志实例已初始化...
[2020-04-12 19:57:30:309] [vo.logVo.LogVo.<init>] [INFO] 日志实例已初始化...
[2020-04-12 19:57:30:310] [vo.logVo.LogVo.<init>] [INFO] 日志实例已初始化...
[2020-04-12 19:57:30:311] [vo.logVo.LogVo.<init>] [INFO] 日志实例已初始化...
[2020-04-12 19:57:30:312] [vo.logVo.LogVo.<init>] [INFO] 日志实例已初始化...
[2020-04-12 19:57:30:312] [vo.logVo.LogVo.<init>] [INFO] 日志实例已初始化...
[2020-04-12 19:57:30:313] [vo.logVo.LogVo.<init>] [INFO] 日志实例已初始化...
[2020-04-12 19:57:30:313] [vo.logVo.LogVo.<init>] [INFO] 日志实例已初始化...
[2020-04-12 19:57:30:314] [vo.logVo.LogVo.<init>] [INFO] 日志实例已初始化...
[2020-04-12 19:57:30:315] [vo.logVo.LogVo.<init>] [INFO] 日志实例已初始化...
[2020-04-12 19:57:30:315] [vo.logVo.LogVo.<init>] [INFO] 日志实例已初始化...
[2020-04-12 19:57:30:315] [vo.logVo.LogVo.<init>] [INFO] 日志实例已初始化...
[2020-04-12 19:57:30:316] [vo.logVo.LogVo.<init>] [INFO] 日志实例已初始化...
[2020-04-12 19:57:30:316] [vo.logVo.LogVo.<init>] [INFO] 日志实例已初始化...
[2020-04-12 19:57:30:317] [vo.logVo.LogVo.<init>] [INFO] 日志实例已初始化...
[2020-04-12 19:57:30:317] [vo.logVo.LogVo.<init>] [INFO] 日志实例已初始化...
[2020-04-12 19:57:30:320] [vo.logVo.LogVo.<init>] [INFO] 日志实例已初始化...
[2020-04-12 19:57:30:325] [vo.logVo.LogVo.<init>] [INFO] 日志实例已初始化...
[2020-04-12 19:57:30:325] [vo.logVo.LogVo.<init>] [INFO] 日志实例已初始化...
[2020-04-12 19:57:30:326] [vo.logVo.LogVo.<init>] [INFO] 日志实例已初始化...
[2020-04-12 19:57:30:327] [vo.logVo.LogVo.<init>] [INFO] 日志实例已初始化...
[2020-04-12 19:57:30:331] [vo.logVo.LogVo.<init>] [INFO] 日志实例已初始化...
[2020-04-12 19:57:30:331] [vo.logVo.LogVo.<init>] [INFO] 日志实例已初始化...
[2020-04-12 19:57:30:332] [vo.logVo.LogVo.<init>] [INFO] 日志实例已初始化...
[2020-04-12 19:57:30:333] [vo.logVo.LogVo.<init>] [INFO] 日志实例已初始化...
[2020-04-12 19:57:30:334] [vo.logVo.LogVo.<init>] [INFO] 日志实例已初始化...
[2020-04-12 19:57:30:337] [vo.logVo.LogVo.<init>] [INFO] 日志实例已初始化...
[2020-04-12 19:57:30:339] [vo.logVo.LogVo.<init>] [INFO] 日志实例已初始化...
[2020-04-12 19:57:30:339] [vo.logVo.LogVo.<init>] [INFO] 日志实例已初始化...
[2020-04-12 19:57:30:341] [vo.logVo.LogVo.<init>] [INFO] 日志实例已初始化...
[2020-04-12 19:57:30:342] [vo.logVo.LogVo.<init>] [INFO] 日志实例已初始化...
[2020-04-12 19:57:30:342] [vo.logVo.LogVo.<init>] [INFO] 日志实例已初始化...
[2020-04-12 19:57:30:343] [vo.logVo.LogVo.<init>] [INFO] 日志实例已初始化...
[2020-04-12 19:57:30:343] [vo.logVo.LogVo.<init>] [INFO] 日志实例已初始化...
[2020-04-12 19:57:30:344] [vo.logVo.LogVo.<init>] [INFO] 日志实例已初始化...
[2020-04-12 19:57:30:344] [vo.logVo.LogVo.<init>] [INFO] 日志实例已初始化...
[2020-04-12 19:57:30:345] [vo.logVo.LogVo.<init>] [INFO] 日志实例已初始化...
[2020-04-12 19:57:30:345] [vo.logVo.LogVo.<init>] [INFO] 日志实例已初始化...
[2020-04-12 19:57:30:346] [vo.logVo.LogVo.<init>] [INFO] 日志实例已初始化...
[2020-04-12 19:57:30:346] [vo.logVo.LogVo.<init>] [INFO] 日志实例已初始化...
[2020-04-12 19:57:30:347] [vo.logVo.LogVo.<init>] [INFO] 日志实例已初始化...
[2020-04-12 19:57:30:347] [vo.logVo.LogVo.<init>] [INFO] 日志实例已初始化...
[2020-04-12 19:57:30:348] [vo.logVo.LogVo.<init>] [INFO] 日志实例已初始化...
[2020-04-12 19:57:30:349] [vo.logVo.LogVo.<init>] [INFO] 日志实例已初始化...
[2020-04-12 19:57:30:349] [vo.logVo.LogVo.<init>] [INFO] 日志实例已初始化...
[2020-04-12 19:57:30:350] [vo.logVo.LogVo.<init>] [INFO] 日志实例已初始化...
[2020-04-12 19:57:30:350] [vo.logVo.LogVo.<init>] [INFO] 日志实例已初始化...
[2020-04-12 19:57:30:351] [vo.logVo.LogVo.<init>] [INFO] 日志实例已初始化...
[2020-04-12 19:57:30:354] [vo.logVo.LogVo.<init>] [INFO] 日志实例已初始化...
[2020-04-12 19:57:30:355] [vo.logVo.LogVo.<init>] [INFO] 日志实例已初始化...
[2020-04-12 19:57:30:356] [vo.logVo.LogVo.<init>] [INFO] 日志实例已初始化...
[2020-04-12 19:57:30:357] [vo.logVo.LogVo.<init>] [INFO] 日志实例已初始化...
[2020-04-12 19:57:30:357] [vo.logVo.LogVo.<init>] [INFO] 日志实例已初始化...
[2020-04-12 19:57:30:359] [vo.logVo.LogVo.<init>] [INFO] 日志实例已初始化...
[2020-04-12 19:57:30:359] [vo.logVo.LogVo.<init>] [INFO] 日志实例已初始化...
[2020-04-12 19:57:30:360] [vo.logVo.LogVo.<init>] [INFO] 日志实例已初始化...
[2020-04-12 19:57:30:361] [vo.logVo.LogVo.<init>] [INFO] 日志实例已初始化...
[2020-04-12 19:57:30:361] [vo.logVo.LogVo.<init>] [INFO] 日志实例已初始化...
[2020-04-12 19:57:30:362] [vo.logVo.LogVo.<init>] [INFO] 日志实例已初始化...
[2020-04-12 19:57:30:362] [vo.logVo.LogVo.<init>] [INFO] 日志实例已初始化...
[2020-04-12 19:57:30:363] [vo.logVo.LogVo.<init>] [INFO] 日志实例已初始化...
[2020-04-12 19:57:30:363] [vo.logVo.LogVo.<init>] [INFO] 日志实例已初始化...
[2020-04-12 19:57:30:364] [vo.logVo.LogVo.<init>] [INFO] 日志实例已初始化...
[2020-04-12 19:57:30:365] [vo.logVo.LogVo.<init>] [INFO] 日志实例已初始化...
[2020-04-12 19:57:30:365] [vo.logVo.LogVo.<init>] [INFO] 日志实例已初始化...
[2020-04-12 19:57:30:366] [vo.logVo.LogVo.<init>] [INFO] 日志实例已初始化...
[2020-04-12 19:57:30:366] [vo.logVo.LogVo.<init>] [INFO] 日志实例已初始化...
[2020-04-12 19:57:30:367] [vo.logVo.LogVo.<init>] [INFO] 日志实例已初始化...
[2020-04-12 19:57:30:367] [vo.logVo.LogVo.<init>] [INFO] 日志实例已初始化...
[2020-04-12 19:57:30:368] [vo.logVo.LogVo.<init>] [INFO] 日志实例已初始化...
[2020-04-12 19:57:30:368] [vo.logVo.LogVo.<init>] [INFO] 日志实例已初始化...
[2020-04-12 19:57:30:369] [vo.logVo.LogVo.<init>] [INFO] 日志实例已初始化...
[2020-04-12 19:57:30:370] [vo.logVo.LogVo.<init>] [INFO] 日志实例已初始化...
[2020-04-12 19:57:30:370] [vo.logVo.LogVo.<init>] [INFO] 日志实例已初始化...
[2020-04-12 19:57:30:370] [vo.logVo.LogVo.<init>] [INFO] 日志实例已初始化...
[2020-04-12 19:57:30:371] [vo.logVo.LogVo.<init>] [INFO] 日志实例已初始化...
[2020-04-12 19:57:30:372] [vo.logVo.LogVo.<init>] [INFO] 日志实例已初始化...
[2020-04-12 19:57:30:372] [vo.logVo.LogVo.<init>] [INFO] 日志实例已初始化...
[2020-04-12 19:57:30:372] [vo.logVo.LogVo.<init>] [INFO] 日志实例已初始化...
[2020-04-12 19:57:30:373] [vo.logVo.LogVo.<init>] [INFO] 日志实例已初始化...
[2020-04-12 19:57:30:373] [vo.logVo.LogVo.<init>] [INFO] 日志实例已初始化...
[2020-04-12 19:57:30:373] [vo.logVo.LogVo.<init>] [INFO] 日志实例已初始化...
[2020-04-12 19:57:30:374] [vo.logVo.LogVo.<init>] [INFO] 日志实例已初始化...
[2020-04-12 19:57:30:374] [vo.logVo.LogVo.<init>] [INFO] 日志实例已初始化...
[2020-04-12 19:57:30:374] [vo.logVo.LogVo.<init>] [INFO] 日志实例已初始化...
[2020-04-12 19:57:30:374] [vo.logVo.LogVo.<init>] [INFO] 日志实例已初始化...
[2020-04-12 19:57:30:375] [vo.logVo.LogVo.<init>] [INFO] 日志实例已初始化...
[2020-04-12 19:57:30:376] [vo.logVo.LogVo.<init>] [INFO] 日志实例已初始化...
[2020-04-12 19:57:30:376] [vo.logVo.LogVo.<init>] [INFO] 日志实例已初始化...
[2020-04-12 19:57:30:377] [vo.logVo.LogVo.<init>] [INFO] 日志实例已初始化...
[2020-04-12 19:57:30:378] [vo.logVo.LogVo.<init>] [INFO] 日志实例已初始化...
[2020-04-12 19:57:30:378] [vo.logVo.LogVo.<init>] [INFO] 日志实例已初始化...
[2020-04-12 19:57:30:379] [vo.logVo.LogVo.<init>] [INFO] 日志实例已初始化...
[2020-04-12 19:57:30:380] [vo.logVo.LogVo.<init>] [INFO] 日志实例已初始化...
[2020-04-12 19:57:30:380] [vo.logVo.LogVo.<init>] [INFO] 日志实例已初始化...
[2020-04-12 19:57:30:381] [vo.logVo.LogVo.<init>] [INFO] 日志实例已初始化...
[2020-04-12 19:57:30:382] [vo.logVo.LogVo.<init>] [INFO] 日志实例已初始化...
[2020-04-12 19:57:30:382] [vo.logVo.LogVo.<init>] [INFO] 日志实例已初始化...
[2020-04-12 19:57:30:383] [vo.logVo.LogVo.<init>] [INFO] 日志实例已初始化...
[2020-04-12 19:57:30:388] [vo.logVo.LogVo.<init>] [INFO] 日志实例已初始化...
[2020-04-12 19:57:30:391] [vo.logVo.LogVo.<init>] [INFO] 日志实例已初始化...
[2020-04-12 19:57:30:392] [vo.logVo.LogVo.<init>] [INFO] 日志实例已初始化...
[2020-04-12 19:57:30:392] [vo.logVo.LogVo.<init>] [INFO] 日志实例已初始化...
[2020-04-12 19:57:30:393] [vo.logVo.LogVo.<init>] [INFO] 日志实例已初始化...
[2020-04-12 19:57:30:393] [vo.logVo.LogVo.<init>] [INFO] 日志实例已初始化...
[2020-04-12 19:57:30:394] [vo.logVo.LogVo.<init>] [INFO] 日志实例已初始化...
[2020-04-12 19:57:30:394] [vo.logVo.LogVo.<init>] [INFO] 日志实例已初始化...
[2020-04-12 19:57:30:395] [vo.logVo.LogVo.<init>] [INFO] 日志实例已初始化...
[2020-04-12 19:57:30:395] [vo.logVo.LogVo.<init>] [INFO] 日志实例已初始化...
[2020-04-12 19:57:30:396] [vo.logVo.LogVo.<init>] [INFO] 日志实例已初始化...
[2020-04-12 19:57:30:396] [vo.logVo.LogVo.<init>] [INFO] 日志实例已初始化...
[2020-04-12 19:57:30:397] [vo.logVo.LogVo.<init>] [INFO] 日志实例已初始化...
[2020-04-12 19:57:30:397] [vo.logVo.LogVo.<init>] [INFO] 日志实例已初始化...
[2020-04-12 19:57:30:398] [vo.logVo.LogVo.<init>] [INFO] 日志实例已初始化...
[2020-04-12 19:57:30:399] [vo.logVo.LogVo.<init>] [INFO] 日志实例已初始化...
[2020-04-12 19:57:30:400] [vo.logVo.LogVo.<init>] [INFO] 日志实例已初始化...
[2020-04-12 19:57:30:400] [vo.logVo.LogVo.<init>] [INFO] 日志实例已初始化...
[2020-04-12 19:57:30:401] [vo.logVo.LogVo.<init>] [INFO] 日志实例已初始化...
[2020-04-12 19:57:30:401] [vo.logVo.LogVo.<init>] [INFO] 日志实例已初始化...
[2020-04-12 19:57:30:403] [vo.logVo.LogVo.<init>] [INFO] 日志实例已初始化...
[2020-04-12 19:57:30:403] [vo.logVo.LogVo.<init>] [INFO] 日志实例已初始化...
[2020-04-12 19:57:30:404] [vo.logVo.LogVo.<init>] [INFO] 日志实例已初始化...
[2020-04-12 19:57:30:405] [vo.logVo.LogVo.<init>] [INFO] 日志实例已初始化...
[2020-04-12 19:57:30:405] [vo.logVo.LogVo.<init>] [INFO] 日志实例已初始化...
[2020-04-12 19:57:30:406] [vo.logVo.LogVo.<init>] [INFO] 日志实例已初始化...
[2020-04-12 19:57:30:406] [vo.logVo.LogVo.<init>] [INFO] 日志实例已初始化...
[2020-04-12 19:57:30:407] [vo.logVo.LogVo.<init>] [INFO] 日志实例已初始化...
[2020-04-12 19:57:30:407] [vo.logVo.LogVo.<init>] [INFO] 日志实例已初始化...
[2020-04-12 19:57:30:408] [vo.logVo.LogVo.<init>] [INFO] 日志实例已初始化...
[2020-04-12 19:57:30:408] [vo.logVo.LogVo.<init>] [INFO] 日志实例已初始化...
[2020-04-12 19:57:30:409] [vo.logVo.LogVo.<init>] [INFO] 日志实例已初始化...
[2020-04-12 19:57:30:410] [vo.logVo.LogVo.<init>] [INFO] 日志实例已初始化...
[2020-04-12 19:57:30:410] [vo.logVo.LogVo.<init>] [INFO] 日志实例已初始化...
[2020-04-12 19:57:30:410] [vo.logVo.LogVo.<init>] [INFO] 日志实例已初始化...
[2020-04-12 19:57:30:411] [vo.logVo.LogVo.<init>] [INFO] 日志实例已初始化...
[2020-04-12 19:57:30:411] [vo.logVo.LogVo.<init>] [INFO] 日志实例已初始化...
[2020-04-12 19:57:30:411] [vo.logVo.LogVo.<init>] [INFO] 日志实例已初始化...
[2020-04-12 19:57:30:412] [vo.logVo.LogVo.<init>] [INFO] 日志实例已初始化...
[2020-04-12 19:57:30:412] [vo.logVo.LogVo.<init>] [INFO] 日志实例已初始化...
[2020-04-12 19:57:30:412] [vo.logVo.LogVo.<init>] [INFO] 日志实例已初始化...
[2020-04-12 19:57:30:413] [vo.logVo.LogVo.<init>] [INFO] 日志实例已初始化...
[2020-04-12 19:57:30:413] [vo.logVo.LogVo.<init>] [INFO] 日志实例已初始化...
[2020-04-12 19:57:30:413] [vo.logVo.LogVo.<init>] [INFO] 日志实例已初始化...
[2020-04-12 19:57:30:414] [vo.logVo.LogVo.<init>] [INFO] 日志实例已初始化...
[2020-04-12 19:57:30:414] [vo.logVo.LogVo.<init>] [INFO] 日志实例已初始化...
[2020-04-12 19:57:30:414] [vo.logVo.LogVo.<init>] [INFO] 日志实例已初始化...
[2020-04-12 19:57:30:414] [vo.logVo.LogVo.<init>] [INFO] 日志实例已初始化...
[2020-04-12 19:57:30:415] [vo.logVo.LogVo.<init>] [INFO] 日志实例已初始化...
[2020-04-12 19:57:30:415] [vo.logVo.LogVo.<init>] [INFO] 日志实例已初始化...
[2020-04-12 19:57:30:416] [vo.logVo.LogVo.<init>] [INFO] 日志实例已初始化...
[2020-04-12 19:57:30:416] [vo.logVo.LogVo.<init>] [INFO] 日志实例已初始化...
[2020-04-12 19:57:30:417] [vo.logVo.LogVo.<init>] [INFO] 日志实例已初始化...
[2020-04-12 19:57:30:417] [vo.logVo.LogVo.<init>] [INFO] 日志实例已初始化...
[2020-04-12 19:57:30:420] [vo.logVo.LogVo.<init>] [INFO] 日志实例已初始化...
[2020-04-12 19:57:30:421] [vo.logVo.LogVo.<init>] [INFO] 日志实例已初始化...
[2020-04-12 19:57:30:421] [vo.logVo.LogVo.<init>] [INFO] 日志实例已初始化...
[2020-04-12 19:57:30:422] [vo.logVo.LogVo.<init>] [INFO] 日志实例已初始化...
[2020-04-12 19:57:30:422] [vo.logVo.LogVo.<init>] [INFO] 日志实例已初始化...
[2020-04-12 19:57:30:422] [vo.logVo.LogVo.<init>] [INFO] 日志实例已初始化...
[2020-04-12 19:57:30:423] [vo.logVo.LogVo.<init>] [INFO] 日志实例已初始化...
[2020-04-12 19:57:30:423] [vo.logVo.LogVo.<init>] [INFO] 日志实例已初始化...
[2020-04-12 19:57:30:424] [vo.logVo.LogVo.<init>] [INFO] 日志实例已初始化...
[2020-04-12 19:57:30:424] [vo.logVo.LogVo.<init>] [INFO] 日志实例已初始化...
[2020-04-12 19:57:30:425] [vo.logVo.LogVo.<init>] [INFO] 日志实例已初始化...
[2020-04-12 19:57:30:425] [vo.logVo.LogVo.<init>] [INFO] 日志实例已初始化...
[2020-04-12 19:57:30:425] [vo.logVo.LogVo.<init>] [INFO] 日志实例已初始化...
[2020-04-12 19:57:30:426] [vo.logVo.LogVo.<init>] [INFO] 日志实例已初始化...
[2020-04-12 19:57:30:426] [vo.logVo.LogVo.<init>] [INFO] 日志实例已初始化...
[2020-04-12 19:57:30:426] [vo.logVo.LogVo.<init>] [INFO] 日志实例已初始化...
[2020-04-12 19:57:30:427] [vo.logVo.LogVo.<init>] [INFO] 日志实例已初始化...
[2020-04-12 19:57:30:427] [vo.logVo.LogVo.<init>] [INFO] 日志实例已初始化...
[2020-04-12 19:57:30:427] [vo.logVo.LogVo.<init>] [INFO] 日志实例已初始化...
[2020-04-12 19:57:30:428] [vo.logVo.LogVo.<init>] [INFO] 日志实例已初始化...
[2020-04-12 19:57:30:428] [vo.logVo.LogVo.<init>] [INFO] 日志实例已初始化...
[2020-04-12 19:57:30:428] [vo.logVo.LogVo.<init>] [INFO] 日志实例已初始化...
[2020-04-12 19:57:30:429] [vo.logVo.LogVo.<init>] [INFO] 日志实例已初始化...
[2020-04-12 19:57:30:429] [vo.logVo.LogVo.<init>] [INFO] 日志实例已初始化...
[2020-04-12 19:57:30:430] [vo.logVo.LogVo.<init>] [INFO] 日志实例已初始化...
[2020-04-12 19:57:30:430] [vo.logVo.LogVo.<init>] [INFO] 日志实例已初始化...
[2020-04-12 19:57:30:431] [vo.logVo.LogVo.<init>] [INFO] 日志实例已初始化...
[2020-04-12 19:57:30:431] [vo.logVo.LogVo.<init>] [INFO] 日志实例已初始化...
[2020-04-12 19:57:30:432] [vo.logVo.LogVo.<init>] [INFO] 日志实例已初始化...
[2020-04-12 19:57:30:432] [vo.logVo.LogVo.<init>] [INFO] 日志实例已初始化...
[2020-04-12 19:57:30:433] [vo.logVo.LogVo.<init>] [INFO] 日志实例已初始化...
[2020-04-12 19:57:30:433] [vo.logVo.LogVo.<init>] [INFO] 日志实例已初始化...
[2020-04-12 19:57:30:434] [vo.logVo.LogVo.<init>] [INFO] 日志实例已初始化...
[2020-04-12 19:57:30:434] [vo.logVo.LogVo.<init>] [INFO] 日志实例已初始化...
[2020-04-12 19:57:30:435] [vo.logVo.LogVo.<init>] [INFO] 日志实例已初始化...
[2020-04-12 19:57:30:436] [vo.logVo.LogVo.<init>] [INFO] 日志实例已初始化...
[2020-04-12 19:57:30:436] [vo.logVo.LogVo.<init>] [INFO] 日志实例已初始化...
[2020-04-12 19:57:30:437] [vo.logVo.LogVo.<init>] [INFO] 日志实例已初始化...
[2020-04-12 19:57:30:437] [vo.logVo.LogVo.<init>] [INFO] 日志实例已初始化...
[2020-04-12 19:57:30:438] [vo.logVo.LogVo.<init>] [INFO] 日志实例已初始化...
[2020-04-12 19:57:30:438] [vo.logVo.LogVo.<init>] [INFO] 日志实例已初始化...
[2020-04-12 19:57:30:439] [vo.logVo.LogVo.<init>] [INFO] 日志实例已初始化...
[2020-04-12 19:57:30:439] [vo.logVo.LogVo.<init>] [INFO] 日志实例已初始化...
[2020-04-12 19:57:30:440] [vo.logVo.LogVo.<init>] [INFO] 日志实例已初始化...
[2020-04-12 19:57:30:440] [vo.logVo.LogVo.<init>] [INFO] 日志实例已初始化...
[2020-04-12 19:57:30:440] [vo.logVo.LogVo.<init>] [INFO] 日志实例已初始化...
[2020-04-12 19:57:30:441] [vo.logVo.LogVo.<init>] [INFO] 日志实例已初始化...
[2020-04-12 19:57:30:441] [vo.logVo.LogVo.<init>] [INFO] 日志实例已初始化...
[2020-04-12 19:57:30:441] [vo.logVo.LogVo.<init>] [INFO] 日志实例已初始化...
[2020-04-12 19:57:30:441] [vo.logVo.LogVo.<init>] [INFO] 日志实例已初始化...
[2020-04-12 19:57:30:442] [vo.logVo.LogVo.<init>] [INFO] 日志实例已初始化...
[2020-04-12 19:57:30:442] [vo.logVo.LogVo.<init>] [INFO] 日志实例已初始化...
[2020-04-12 19:57:30:442] [vo.logVo.LogVo.<init>] [INFO] 日志实例已初始化...
[2020-04-12 19:57:30:443] [vo.logVo.LogVo.<init>] [INFO] 日志实例已初始化...
[2020-04-12 19:57:30:443] [vo.logVo.LogVo.<init>] [INFO] 日志实例已初始化...
[2020-04-12 19:57:30:444] [vo.logVo.LogVo.<init>] [INFO] 日志实例已初始化...
[2020-04-12 19:57:30:444] [vo.logVo.LogVo.<init>] [INFO] 日志实例已初始化...
[2020-04-12 19:57:30:445] [vo.logVo.LogVo.<init>] [INFO] 日志实例已初始化...
[2020-04-12 19:57:30:445] [vo.logVo.LogVo.<init>] [INFO] 日志实例已初始化...
[2020-04-12 19:57:30:445] [vo.logVo.LogVo.<init>] [INFO] 日志实例已初始化...
[2020-04-12 19:57:30:446] [vo.logVo.LogVo.<init>] [INFO] 日志实例已初始化...
[2020-04-12 19:57:30:446] [vo.logVo.LogVo.<init>] [INFO] 日志实例已初始化...
[2020-04-12 19:57:30:447] [vo.logVo.LogVo.<init>] [INFO] 日志实例已初始化...
[2020-04-12 19:57:30:447] [vo.logVo.LogVo.<init>] [INFO] 日志实例已初始化...
[2020-04-12 19:57:30:447] [vo.logVo.LogVo.<init>] [INFO] 日志实例已初始化...
[2020-04-12 19:57:30:448] [vo.logVo.LogVo.<init>] [INFO] 日志实例已初始化...
[2020-04-12 19:57:30:449] [vo.logVo.LogVo.<init>] [INFO] 日志实例已初始化...
[2020-04-12 19:57:30:449] [vo.logVo.LogVo.<init>] [INFO] 日志实例已初始化...
[2020-04-12 19:57:30:450] [vo.logVo.LogVo.<init>] [INFO] 日志实例已初始化...
[2020-04-12 19:57:30:450] [vo.logVo.LogVo.<init>] [INFO] 日志实例已初始化...
[2020-04-12 19:57:30:451] [vo.logVo.LogVo.<init>] [INFO] 日志实例已初始化...
[2020-04-12 19:57:30:452] [vo.logVo.LogVo.<init>] [INFO] 日志实例已初始化...
[2020-04-12 19:57:30:453] [vo.logVo.LogVo.<init>] [INFO] 日志实例已初始化...
[2020-04-12 19:57:30:453] [vo.logVo.LogVo.<init>] [INFO] 日志实例已初始化...
[2020-04-12 19:57:30:453] [vo.logVo.LogVo.<init>] [INFO] 日志实例已初始化...
[2020-04-12 19:57:30:454] [vo.logVo.LogVo.<init>] [INFO] 日志实例已初始化...
[2020-04-12 19:57:30:454] [vo.logVo.LogVo.<init>] [INFO] 日志实例已初始化...
[2020-04-12 19:57:30:455] [vo.logVo.LogVo.<init>] [INFO] 日志实例已初始化...
[2020-04-12 19:57:30:455] [vo.logVo.LogVo.<init>] [INFO] 日志实例已初始化...
[2020-04-12 19:57:30:455] [vo.logVo.LogVo.<init>] [INFO] 日志实例已初始化...
[2020-04-12 19:57:30:456] [vo.logVo.LogVo.<init>] [INFO] 日志实例已初始化...
[2020-04-12 19:57:30:456] [vo.logVo.LogVo.<init>] [INFO] 日志实例已初始化...
[2020-04-12 19:57:30:456] [vo.logVo.LogVo.<init>] [INFO] 日志实例已初始化...
[2020-04-12 19:57:30:457] [vo.logVo.LogVo.<init>] [INFO] 日志实例已初始化...
[2020-04-12 19:57:30:457] [vo.logVo.LogVo.<init>] [INFO] 日志实例已初始化...
[2020-04-12 19:57:30:458] [vo.logVo.LogVo.<init>] [INFO] 日志实例已初始化...
[2020-04-12 19:57:30:458] [vo.logVo.LogVo.<init>] [INFO] 日志实例已初始化...
[2020-04-12 19:57:30:458] [vo.logVo.LogVo.<init>] [INFO] 日志实例已初始化...
[2020-04-12 19:57:30:459] [vo.logVo.LogVo.<init>] [INFO] 日志实例已初始化...
[2020-04-12 19:57:30:459] [vo.logVo.LogVo.<init>] [INFO] 日志实例已初始化...
[2020-04-12 19:57:30:460] [vo.logVo.LogVo.<init>] [INFO] 日志实例已初始化...
[2020-04-12 19:57:30:460] [vo.logVo.LogVo.<init>] [INFO] 日志实例已初始化...
[2020-04-12 19:57:30:460] [vo.logVo.LogVo.<init>] [INFO] 日志实例已初始化...
[2020-04-12 19:57:30:461] [vo.logVo.LogVo.<init>] [INFO] 日志实例已初始化...
[2020-04-12 19:57:30:461] [vo.logVo.LogVo.<init>] [INFO] 日志实例已初始化...
[2020-04-12 19:57:30:461] [vo.logVo.LogVo.<init>] [INFO] 日志实例已初始化...
[2020-04-12 19:57:30:462] [vo.logVo.LogVo.<init>] [INFO] 日志实例已初始化...
[2020-04-12 19:57:30:462] [vo.logVo.LogVo.<init>] [INFO] 日志实例已初始化...
[2020-04-12 19:57:30:463] [vo.logVo.LogVo.<init>] [INFO] 日志实例已初始化...
[2020-04-12 19:57:30:463] [vo.logVo.LogVo.<init>] [INFO] 日志实例已初始化...
[2020-04-12 19:57:30:463] [vo.logVo.LogVo.<init>] [INFO] 日志实例已初始化...
[2020-04-12 19:57:30:464] [vo.logVo.LogVo.<init>] [INFO] 日志实例已初始化...
[2020-04-12 19:57:30:464] [vo.logVo.LogVo.<init>] [INFO] 日志实例已初始化...
[2020-04-12 19:57:30:465] [vo.logVo.LogVo.<init>] [INFO] 日志实例已初始化...
[2020-04-12 19:57:30:465] [vo.logVo.LogVo.<init>] [INFO] 日志实例已初始化...
[2020-04-12 19:57:30:465] [vo.logVo.LogVo.<init>] [INFO] 日志实例已初始化...
[2020-04-12 19:57:30:466] [vo.logVo.LogVo.<init>] [INFO] 日志实例已初始化...
[2020-04-12 19:57:30:466] [vo.logVo.LogVo.<init>] [INFO] 日志实例已初始化...
[2020-04-12 19:57:30:467] [vo.logVo.LogVo.<init>] [INFO] 日志实例已初始化...
[2020-04-12 19:57:30:467] [vo.logVo.LogVo.<init>] [INFO] 日志实例已初始化...
[2020-04-12 19:57:30:468] [vo.logVo.LogVo.<init>] [INFO] 日志实例已初始化...
[2020-04-12 19:57:30:468] [vo.logVo.LogVo.<init>] [INFO] 日志实例已初始化...
[2020-04-12 19:57:30:469] [vo.logVo.LogVo.<init>] [INFO] 日志实例已初始化...
[2020-04-12 19:57:30:469] [vo.logVo.LogVo.<init>] [INFO] 日志实例已初始化...
[2020-04-12 19:57:30:470] [vo.logVo.LogVo.<init>] [INFO] 日志实例已初始化...
[2020-04-12 19:57:30:470] [vo.logVo.LogVo.<init>] [INFO] 日志实例已初始化...
[2020-04-12 19:57:30:471] [vo.logVo.LogVo.<init>] [INFO] 日志实例已初始化...
[2020-04-12 19:57:30:471] [vo.logVo.LogVo.<init>] [INFO] 日志实例已初始化...
[2020-04-12 19:57:30:472] [vo.logVo.LogVo.<init>] [INFO] 日志实例已初始化...
[2020-04-12 19:57:30:472] [vo.logVo.LogVo.<init>] [INFO] 日志实例已初始化...
[2020-04-12 19:57:30:472] [vo.logVo.LogVo.<init>] [INFO] 日志实例已初始化...
[2020-04-12 19:57:30:483] [action.userAction.LoginAction.execute] [INFO] WangWu 登录成功,登录时间:2020-04-12 19:57:30
[2020-04-12 19:57:33:037] [action.userAction.LoginAction.destroySession] [INFO] WangWu退出成功！
[2020-04-12 20:30:09:844] [util.MyApplicationContextAnnotion.<init>] [INFO] 获取上下文工具类初始化成功!
[2020-04-12 20:30:10:231] [aop.AnnotationCommenAop.<init>] [INFO] 注解式切面已初始化...
[2020-04-12 20:30:11:847] [vo.logVo.LogVo.<init>] [INFO] 日志实例已初始化...
[2020-04-12 20:30:12:261] [aop.ConfigCommenAop.<init>] [INFO] 切面已初始化...
[2020-04-12 20:30:12:304] [vo.logVo.LogVo.<init>] [INFO] 日志实例已初始化...
[2020-04-12 20:30:12:316] [webservice.WebServiceInterface.<init>] [INFO] spring管理web service1
[2020-04-12 20:32:09:368] [vo.logVo.LogVo.<init>] [INFO] 日志实例已初始化...
[2020-04-12 20:32:09:391] [vo.logVo.LogVo.<init>] [INFO] 日志实例已初始化...
[2020-04-12 20:32:09:444] [vo.logVo.LogVo.<init>] [INFO] 日志实例已初始化...
[2020-04-12 20:32:09:445] [vo.logVo.LogVo.<init>] [INFO] 日志实例已初始化...
[2020-04-12 20:32:09:446] [vo.logVo.LogVo.<init>] [INFO] 日志实例已初始化...
[2020-04-12 20:32:09:447] [vo.logVo.LogVo.<init>] [INFO] 日志实例已初始化...
[2020-04-12 20:32:09:448] [vo.logVo.LogVo.<init>] [INFO] 日志实例已初始化...
[2020-04-12 20:32:09:449] [vo.logVo.LogVo.<init>] [INFO] 日志实例已初始化...
[2020-04-12 20:32:09:449] [vo.logVo.LogVo.<init>] [INFO] 日志实例已初始化...
[2020-04-12 20:32:09:451] [vo.logVo.LogVo.<init>] [INFO] 日志实例已初始化...
[2020-04-12 20:32:09:452] [vo.logVo.LogVo.<init>] [INFO] 日志实例已初始化...
[2020-04-12 20:32:09:453] [vo.logVo.LogVo.<init>] [INFO] 日志实例已初始化...
[2020-04-12 20:32:09:454] [vo.logVo.LogVo.<init>] [INFO] 日志实例已初始化...
[2020-04-12 20:32:09:455] [vo.logVo.LogVo.<init>] [INFO] 日志实例已初始化...
[2020-04-12 20:32:09:456] [vo.logVo.LogVo.<init>] [INFO] 日志实例已初始化...
[2020-04-12 20:32:09:457] [vo.logVo.LogVo.<init>] [INFO] 日志实例已初始化...
[2020-04-12 20:32:09:458] [vo.logVo.LogVo.<init>] [INFO] 日志实例已初始化...
[2020-04-12 20:32:09:459] [vo.logVo.LogVo.<init>] [INFO] 日志实例已初始化...
[2020-04-12 20:32:09:460] [vo.logVo.LogVo.<init>] [INFO] 日志实例已初始化...
[2020-04-12 20:32:09:460] [vo.logVo.LogVo.<init>] [INFO] 日志实例已初始化...
[2020-04-12 20:32:09:461] [vo.logVo.LogVo.<init>] [INFO] 日志实例已初始化...
[2020-04-12 20:32:09:462] [vo.logVo.LogVo.<init>] [INFO] 日志实例已初始化...
[2020-04-12 20:32:09:462] [vo.logVo.LogVo.<init>] [INFO] 日志实例已初始化...
[2020-04-12 20:32:09:463] [vo.logVo.LogVo.<init>] [INFO] 日志实例已初始化...
[2020-04-12 20:32:09:464] [vo.logVo.LogVo.<init>] [INFO] 日志实例已初始化...
[2020-04-12 20:32:09:464] [vo.logVo.LogVo.<init>] [INFO] 日志实例已初始化...
[2020-04-12 20:32:09:465] [vo.logVo.LogVo.<init>] [INFO] 日志实例已初始化...
[2020-04-12 20:32:09:465] [vo.logVo.LogVo.<init>] [INFO] 日志实例已初始化...
[2020-04-12 20:32:09:466] [vo.logVo.LogVo.<init>] [INFO] 日志实例已初始化...
[2020-04-12 20:32:09:466] [vo.logVo.LogVo.<init>] [INFO] 日志实例已初始化...
[2020-04-12 20:32:09:467] [vo.logVo.LogVo.<init>] [INFO] 日志实例已初始化...
[2020-04-12 20:32:09:468] [vo.logVo.LogVo.<init>] [INFO] 日志实例已初始化...
[2020-04-12 20:32:09:468] [vo.logVo.LogVo.<init>] [INFO] 日志实例已初始化...
[2020-04-12 20:32:09:469] [vo.logVo.LogVo.<init>] [INFO] 日志实例已初始化...
[2020-04-12 20:32:09:470] [vo.logVo.LogVo.<init>] [INFO] 日志实例已初始化...
[2020-04-12 20:32:09:471] [vo.logVo.LogVo.<init>] [INFO] 日志实例已初始化...
[2020-04-12 20:32:09:471] [vo.logVo.LogVo.<init>] [INFO] 日志实例已初始化...
[2020-04-12 20:32:09:472] [vo.logVo.LogVo.<init>] [INFO] 日志实例已初始化...
[2020-04-12 20:32:09:473] [vo.logVo.LogVo.<init>] [INFO] 日志实例已初始化...
[2020-04-12 20:32:09:474] [vo.logVo.LogVo.<init>] [INFO] 日志实例已初始化...
[2020-04-12 20:32:09:474] [vo.logVo.LogVo.<init>] [INFO] 日志实例已初始化...
[2020-04-12 20:32:09:475] [vo.logVo.LogVo.<init>] [INFO] 日志实例已初始化...
[2020-04-12 20:32:09:476] [vo.logVo.LogVo.<init>] [INFO] 日志实例已初始化...
[2020-04-12 20:32:09:477] [vo.logVo.LogVo.<init>] [INFO] 日志实例已初始化...
[2020-04-12 20:32:09:478] [vo.logVo.LogVo.<init>] [INFO] 日志实例已初始化...
[2020-04-12 20:32:09:478] [vo.logVo.LogVo.<init>] [INFO] 日志实例已初始化...
[2020-04-12 20:32:09:479] [vo.logVo.LogVo.<init>] [INFO] 日志实例已初始化...
[2020-04-12 20:32:09:479] [vo.logVo.LogVo.<init>] [INFO] 日志实例已初始化...
[2020-04-12 20:32:09:480] [vo.logVo.LogVo.<init>] [INFO] 日志实例已初始化...
[2020-04-12 20:32:09:480] [vo.logVo.LogVo.<init>] [INFO] 日志实例已初始化...
[2020-04-12 20:32:09:481] [vo.logVo.LogVo.<init>] [INFO] 日志实例已初始化...
[2020-04-12 20:32:09:482] [vo.logVo.LogVo.<init>] [INFO] 日志实例已初始化...
[2020-04-12 20:32:09:483] [vo.logVo.LogVo.<init>] [INFO] 日志实例已初始化...
[2020-04-12 20:32:09:484] [vo.logVo.LogVo.<init>] [INFO] 日志实例已初始化...
[2020-04-12 20:32:09:484] [vo.logVo.LogVo.<init>] [INFO] 日志实例已初始化...
[2020-04-12 20:32:09:485] [vo.logVo.LogVo.<init>] [INFO] 日志实例已初始化...
[2020-04-12 20:32:09:486] [vo.logVo.LogVo.<init>] [INFO] 日志实例已初始化...
[2020-04-12 20:32:09:486] [vo.logVo.LogVo.<init>] [INFO] 日志实例已初始化...
[2020-04-12 20:32:09:487] [vo.logVo.LogVo.<init>] [INFO] 日志实例已初始化...
[2020-04-12 20:32:09:488] [vo.logVo.LogVo.<init>] [INFO] 日志实例已初始化...
[2020-04-12 20:32:09:489] [vo.logVo.LogVo.<init>] [INFO] 日志实例已初始化...
[2020-04-12 20:32:09:489] [vo.logVo.LogVo.<init>] [INFO] 日志实例已初始化...
[2020-04-12 20:32:09:490] [vo.logVo.LogVo.<init>] [INFO] 日志实例已初始化...
[2020-04-12 20:32:09:491] [vo.logVo.LogVo.<init>] [INFO] 日志实例已初始化...
[2020-04-12 20:32:09:491] [vo.logVo.LogVo.<init>] [INFO] 日志实例已初始化...
[2020-04-12 20:32:09:492] [vo.logVo.LogVo.<init>] [INFO] 日志实例已初始化...
[2020-04-12 20:32:09:493] [vo.logVo.LogVo.<init>] [INFO] 日志实例已初始化...
[2020-04-12 20:32:09:493] [vo.logVo.LogVo.<init>] [INFO] 日志实例已初始化...
[2020-04-12 20:32:09:495] [vo.logVo.LogVo.<init>] [INFO] 日志实例已初始化...
[2020-04-12 20:32:09:497] [vo.logVo.LogVo.<init>] [INFO] 日志实例已初始化...
[2020-04-12 20:32:09:498] [vo.logVo.LogVo.<init>] [INFO] 日志实例已初始化...
[2020-04-12 20:32:09:500] [vo.logVo.LogVo.<init>] [INFO] 日志实例已初始化...
[2020-04-12 20:32:09:501] [vo.logVo.LogVo.<init>] [INFO] 日志实例已初始化...
[2020-04-12 20:32:09:502] [vo.logVo.LogVo.<init>] [INFO] 日志实例已初始化...
[2020-04-12 20:32:09:503] [vo.logVo.LogVo.<init>] [INFO] 日志实例已初始化...
[2020-04-12 20:32:09:504] [vo.logVo.LogVo.<init>] [INFO] 日志实例已初始化...
[2020-04-12 20:32:09:505] [vo.logVo.LogVo.<init>] [INFO] 日志实例已初始化...
[2020-04-12 20:32:09:506] [vo.logVo.LogVo.<init>] [INFO] 日志实例已初始化...
[2020-04-12 20:32:09:507] [vo.logVo.LogVo.<init>] [INFO] 日志实例已初始化...
[2020-04-12 20:32:09:508] [vo.logVo.LogVo.<init>] [INFO] 日志实例已初始化...
[2020-04-12 20:32:09:509] [vo.logVo.LogVo.<init>] [INFO] 日志实例已初始化...
[2020-04-12 20:32:09:511] [vo.logVo.LogVo.<init>] [INFO] 日志实例已初始化...
[2020-04-12 20:32:09:511] [vo.logVo.LogVo.<init>] [INFO] 日志实例已初始化...
[2020-04-12 20:32:09:512] [vo.logVo.LogVo.<init>] [INFO] 日志实例已初始化...
[2020-04-12 20:32:09:513] [vo.logVo.LogVo.<init>] [INFO] 日志实例已初始化...
[2020-04-12 20:32:09:514] [vo.logVo.LogVo.<init>] [INFO] 日志实例已初始化...
[2020-04-12 20:32:09:515] [vo.logVo.LogVo.<init>] [INFO] 日志实例已初始化...
[2020-04-12 20:32:09:516] [vo.logVo.LogVo.<init>] [INFO] 日志实例已初始化...
[2020-04-12 20:32:09:517] [vo.logVo.LogVo.<init>] [INFO] 日志实例已初始化...
[2020-04-12 20:32:09:518] [vo.logVo.LogVo.<init>] [INFO] 日志实例已初始化...
[2020-04-12 20:32:09:519] [vo.logVo.LogVo.<init>] [INFO] 日志实例已初始化...
[2020-04-12 20:32:09:520] [vo.logVo.LogVo.<init>] [INFO] 日志实例已初始化...
[2020-04-12 20:32:09:521] [vo.logVo.LogVo.<init>] [INFO] 日志实例已初始化...
[2020-04-12 20:32:09:522] [vo.logVo.LogVo.<init>] [INFO] 日志实例已初始化...
[2020-04-12 20:32:09:523] [vo.logVo.LogVo.<init>] [INFO] 日志实例已初始化...
[2020-04-12 20:32:09:524] [vo.logVo.LogVo.<init>] [INFO] 日志实例已初始化...
[2020-04-12 20:32:09:525] [vo.logVo.LogVo.<init>] [INFO] 日志实例已初始化...
[2020-04-12 20:32:09:526] [vo.logVo.LogVo.<init>] [INFO] 日志实例已初始化...
[2020-04-12 20:32:09:527] [vo.logVo.LogVo.<init>] [INFO] 日志实例已初始化...
[2020-04-12 20:32:09:528] [vo.logVo.LogVo.<init>] [INFO] 日志实例已初始化...
[2020-04-12 20:32:09:530] [vo.logVo.LogVo.<init>] [INFO] 日志实例已初始化...
[2020-04-12 20:32:09:531] [vo.logVo.LogVo.<init>] [INFO] 日志实例已初始化...
[2020-04-12 20:32:09:535] [vo.logVo.LogVo.<init>] [INFO] 日志实例已初始化...
[2020-04-12 20:32:09:537] [vo.logVo.LogVo.<init>] [INFO] 日志实例已初始化...
[2020-04-12 20:32:09:544] [vo.logVo.LogVo.<init>] [INFO] 日志实例已初始化...
[2020-04-12 20:32:09:545] [vo.logVo.LogVo.<init>] [INFO] 日志实例已初始化...
[2020-04-12 20:32:09:547] [vo.logVo.LogVo.<init>] [INFO] 日志实例已初始化...
[2020-04-12 20:32:09:548] [vo.logVo.LogVo.<init>] [INFO] 日志实例已初始化...
[2020-04-12 20:32:09:549] [vo.logVo.LogVo.<init>] [INFO] 日志实例已初始化...
[2020-04-12 20:32:09:550] [vo.logVo.LogVo.<init>] [INFO] 日志实例已初始化...
[2020-04-12 20:32:09:551] [vo.logVo.LogVo.<init>] [INFO] 日志实例已初始化...
[2020-04-12 20:32:09:552] [vo.logVo.LogVo.<init>] [INFO] 日志实例已初始化...
[2020-04-12 20:32:09:553] [vo.logVo.LogVo.<init>] [INFO] 日志实例已初始化...
[2020-04-12 20:32:09:554] [vo.logVo.LogVo.<init>] [INFO] 日志实例已初始化...
[2020-04-12 20:32:09:554] [vo.logVo.LogVo.<init>] [INFO] 日志实例已初始化...
[2020-04-12 20:32:09:555] [vo.logVo.LogVo.<init>] [INFO] 日志实例已初始化...
[2020-04-12 20:32:09:556] [vo.logVo.LogVo.<init>] [INFO] 日志实例已初始化...
[2020-04-12 20:32:09:557] [vo.logVo.LogVo.<init>] [INFO] 日志实例已初始化...
[2020-04-12 20:32:09:557] [vo.logVo.LogVo.<init>] [INFO] 日志实例已初始化...
[2020-04-12 20:32:09:558] [vo.logVo.LogVo.<init>] [INFO] 日志实例已初始化...
[2020-04-12 20:32:09:559] [vo.logVo.LogVo.<init>] [INFO] 日志实例已初始化...
[2020-04-12 20:32:09:560] [vo.logVo.LogVo.<init>] [INFO] 日志实例已初始化...
[2020-04-12 20:32:09:560] [vo.logVo.LogVo.<init>] [INFO] 日志实例已初始化...
[2020-04-12 20:32:09:561] [vo.logVo.LogVo.<init>] [INFO] 日志实例已初始化...
[2020-04-12 20:32:09:562] [vo.logVo.LogVo.<init>] [INFO] 日志实例已初始化...
[2020-04-12 20:32:09:562] [vo.logVo.LogVo.<init>] [INFO] 日志实例已初始化...
[2020-04-12 20:32:09:563] [vo.logVo.LogVo.<init>] [INFO] 日志实例已初始化...
[2020-04-12 20:32:09:564] [vo.logVo.LogVo.<init>] [INFO] 日志实例已初始化...
[2020-04-12 20:32:09:565] [vo.logVo.LogVo.<init>] [INFO] 日志实例已初始化...
[2020-04-12 20:32:09:566] [vo.logVo.LogVo.<init>] [INFO] 日志实例已初始化...
[2020-04-12 20:32:09:567] [vo.logVo.LogVo.<init>] [INFO] 日志实例已初始化...
[2020-04-12 20:32:09:569] [vo.logVo.LogVo.<init>] [INFO] 日志实例已初始化...
[2020-04-12 20:32:09:570] [vo.logVo.LogVo.<init>] [INFO] 日志实例已初始化...
[2020-04-12 20:32:09:572] [vo.logVo.LogVo.<init>] [INFO] 日志实例已初始化...
[2020-04-12 20:32:09:573] [vo.logVo.LogVo.<init>] [INFO] 日志实例已初始化...
[2020-04-12 20:32:09:574] [vo.logVo.LogVo.<init>] [INFO] 日志实例已初始化...
[2020-04-12 20:32:09:575] [vo.logVo.LogVo.<init>] [INFO] 日志实例已初始化...
[2020-04-12 20:32:09:576] [vo.logVo.LogVo.<init>] [INFO] 日志实例已初始化...
[2020-04-12 20:32:09:576] [vo.logVo.LogVo.<init>] [INFO] 日志实例已初始化...
[2020-04-12 20:32:09:577] [vo.logVo.LogVo.<init>] [INFO] 日志实例已初始化...
[2020-04-12 20:32:09:578] [vo.logVo.LogVo.<init>] [INFO] 日志实例已初始化...
[2020-04-12 20:32:09:578] [vo.logVo.LogVo.<init>] [INFO] 日志实例已初始化...
[2020-04-12 20:32:09:579] [vo.logVo.LogVo.<init>] [INFO] 日志实例已初始化...
[2020-04-12 20:32:09:580] [vo.logVo.LogVo.<init>] [INFO] 日志实例已初始化...
[2020-04-12 20:32:09:580] [vo.logVo.LogVo.<init>] [INFO] 日志实例已初始化...
[2020-04-12 20:32:09:581] [vo.logVo.LogVo.<init>] [INFO] 日志实例已初始化...
[2020-04-12 20:32:09:581] [vo.logVo.LogVo.<init>] [INFO] 日志实例已初始化...
[2020-04-12 20:32:09:582] [vo.logVo.LogVo.<init>] [INFO] 日志实例已初始化...
[2020-04-12 20:32:09:583] [vo.logVo.LogVo.<init>] [INFO] 日志实例已初始化...
[2020-04-12 20:32:09:584] [vo.logVo.LogVo.<init>] [INFO] 日志实例已初始化...
[2020-04-12 20:32:09:585] [vo.logVo.LogVo.<init>] [INFO] 日志实例已初始化...
[2020-04-12 20:32:09:586] [vo.logVo.LogVo.<init>] [INFO] 日志实例已初始化...
[2020-04-12 20:32:09:586] [vo.logVo.LogVo.<init>] [INFO] 日志实例已初始化...
[2020-04-12 20:32:09:589] [vo.logVo.LogVo.<init>] [INFO] 日志实例已初始化...
[2020-04-12 20:32:09:591] [vo.logVo.LogVo.<init>] [INFO] 日志实例已初始化...
[2020-04-12 20:32:09:594] [vo.logVo.LogVo.<init>] [INFO] 日志实例已初始化...
[2020-04-12 20:32:09:595] [vo.logVo.LogVo.<init>] [INFO] 日志实例已初始化...
[2020-04-12 20:32:09:597] [vo.logVo.LogVo.<init>] [INFO] 日志实例已初始化...
[2020-04-12 20:32:09:600] [vo.logVo.LogVo.<init>] [INFO] 日志实例已初始化...
[2020-04-12 20:32:09:601] [vo.logVo.LogVo.<init>] [INFO] 日志实例已初始化...
[2020-04-12 20:32:09:602] [vo.logVo.LogVo.<init>] [INFO] 日志实例已初始化...
[2020-04-12 20:32:09:604] [vo.logVo.LogVo.<init>] [INFO] 日志实例已初始化...
[2020-04-12 20:32:09:605] [vo.logVo.LogVo.<init>] [INFO] 日志实例已初始化...
[2020-04-12 20:32:09:612] [vo.logVo.LogVo.<init>] [INFO] 日志实例已初始化...
[2020-04-12 20:32:09:614] [vo.logVo.LogVo.<init>] [INFO] 日志实例已初始化...
[2020-04-12 20:32:09:629] [vo.logVo.LogVo.<init>] [INFO] 日志实例已初始化...
[2020-04-12 20:32:09:630] [vo.logVo.LogVo.<init>] [INFO] 日志实例已初始化...
[2020-04-12 20:32:09:632] [vo.logVo.LogVo.<init>] [INFO] 日志实例已初始化...
[2020-04-12 20:32:09:637] [vo.logVo.LogVo.<init>] [INFO] 日志实例已初始化...
[2020-04-12 20:32:09:638] [vo.logVo.LogVo.<init>] [INFO] 日志实例已初始化...
[2020-04-12 20:32:09:640] [vo.logVo.LogVo.<init>] [INFO] 日志实例已初始化...
[2020-04-12 20:32:09:642] [vo.logVo.LogVo.<init>] [INFO] 日志实例已初始化...
[2020-04-12 20:32:09:643] [vo.logVo.LogVo.<init>] [INFO] 日志实例已初始化...
[2020-04-12 20:32:09:644] [vo.logVo.LogVo.<init>] [INFO] 日志实例已初始化...
[2020-04-12 20:32:09:644] [vo.logVo.LogVo.<init>] [INFO] 日志实例已初始化...
[2020-04-12 20:32:09:645] [vo.logVo.LogVo.<init>] [INFO] 日志实例已初始化...
[2020-04-12 20:32:09:646] [vo.logVo.LogVo.<init>] [INFO] 日志实例已初始化...
[2020-04-12 20:32:09:646] [vo.logVo.LogVo.<init>] [INFO] 日志实例已初始化...
[2020-04-12 20:32:09:647] [vo.logVo.LogVo.<init>] [INFO] 日志实例已初始化...
[2020-04-12 20:32:09:648] [vo.logVo.LogVo.<init>] [INFO] 日志实例已初始化...
[2020-04-12 20:32:09:648] [vo.logVo.LogVo.<init>] [INFO] 日志实例已初始化...
[2020-04-12 20:32:09:649] [vo.logVo.LogVo.<init>] [INFO] 日志实例已初始化...
[2020-04-12 20:32:09:651] [vo.logVo.LogVo.<init>] [INFO] 日志实例已初始化...
[2020-04-12 20:32:09:652] [vo.logVo.LogVo.<init>] [INFO] 日志实例已初始化...
[2020-04-12 20:32:09:653] [vo.logVo.LogVo.<init>] [INFO] 日志实例已初始化...
[2020-04-12 20:32:09:653] [vo.logVo.LogVo.<init>] [INFO] 日志实例已初始化...
[2020-04-12 20:32:09:654] [vo.logVo.LogVo.<init>] [INFO] 日志实例已初始化...
[2020-04-12 20:32:09:655] [vo.logVo.LogVo.<init>] [INFO] 日志实例已初始化...
[2020-04-12 20:32:09:656] [vo.logVo.LogVo.<init>] [INFO] 日志实例已初始化...
[2020-04-12 20:32:09:657] [vo.logVo.LogVo.<init>] [INFO] 日志实例已初始化...
[2020-04-12 20:32:09:657] [vo.logVo.LogVo.<init>] [INFO] 日志实例已初始化...
[2020-04-12 20:32:09:658] [vo.logVo.LogVo.<init>] [INFO] 日志实例已初始化...
[2020-04-12 20:32:09:659] [vo.logVo.LogVo.<init>] [INFO] 日志实例已初始化...
[2020-04-12 20:32:09:660] [vo.logVo.LogVo.<init>] [INFO] 日志实例已初始化...
[2020-04-12 20:32:09:660] [vo.logVo.LogVo.<init>] [INFO] 日志实例已初始化...
[2020-04-12 20:32:09:661] [vo.logVo.LogVo.<init>] [INFO] 日志实例已初始化...
[2020-04-12 20:32:09:662] [vo.logVo.LogVo.<init>] [INFO] 日志实例已初始化...
[2020-04-12 20:32:09:663] [vo.logVo.LogVo.<init>] [INFO] 日志实例已初始化...
[2020-04-12 20:32:09:663] [vo.logVo.LogVo.<init>] [INFO] 日志实例已初始化...
[2020-04-12 20:32:09:664] [vo.logVo.LogVo.<init>] [INFO] 日志实例已初始化...
[2020-04-12 20:32:09:665] [vo.logVo.LogVo.<init>] [INFO] 日志实例已初始化...
[2020-04-12 20:32:09:666] [vo.logVo.LogVo.<init>] [INFO] 日志实例已初始化...
[2020-04-12 20:32:09:669] [vo.logVo.LogVo.<init>] [INFO] 日志实例已初始化...
[2020-04-12 20:32:09:670] [vo.logVo.LogVo.<init>] [INFO] 日志实例已初始化...
[2020-04-12 20:32:09:671] [vo.logVo.LogVo.<init>] [INFO] 日志实例已初始化...
[2020-04-12 20:32:09:671] [vo.logVo.LogVo.<init>] [INFO] 日志实例已初始化...
[2020-04-12 20:32:09:673] [vo.logVo.LogVo.<init>] [INFO] 日志实例已初始化...
[2020-04-12 20:32:09:676] [vo.logVo.LogVo.<init>] [INFO] 日志实例已初始化...
[2020-04-12 20:32:09:677] [vo.logVo.LogVo.<init>] [INFO] 日志实例已初始化...
[2020-04-12 20:32:09:678] [vo.logVo.LogVo.<init>] [INFO] 日志实例已初始化...
[2020-04-12 20:32:09:679] [vo.logVo.LogVo.<init>] [INFO] 日志实例已初始化...
[2020-04-12 20:32:09:679] [vo.logVo.LogVo.<init>] [INFO] 日志实例已初始化...
[2020-04-12 20:32:09:681] [vo.logVo.LogVo.<init>] [INFO] 日志实例已初始化...
[2020-04-12 20:32:09:682] [vo.logVo.LogVo.<init>] [INFO] 日志实例已初始化...
[2020-04-12 20:32:09:683] [vo.logVo.LogVo.<init>] [INFO] 日志实例已初始化...
[2020-04-12 20:32:09:684] [vo.logVo.LogVo.<init>] [INFO] 日志实例已初始化...
[2020-04-12 20:32:09:685] [vo.logVo.LogVo.<init>] [INFO] 日志实例已初始化...
[2020-04-12 20:32:09:686] [vo.logVo.LogVo.<init>] [INFO] 日志实例已初始化...
[2020-04-12 20:32:09:687] [vo.logVo.LogVo.<init>] [INFO] 日志实例已初始化...
[2020-04-12 20:32:09:688] [vo.logVo.LogVo.<init>] [INFO] 日志实例已初始化...
[2020-04-12 20:32:09:690] [vo.logVo.LogVo.<init>] [INFO] 日志实例已初始化...
[2020-04-12 20:32:09:692] [vo.logVo.LogVo.<init>] [INFO] 日志实例已初始化...
[2020-04-12 20:32:09:693] [vo.logVo.LogVo.<init>] [INFO] 日志实例已初始化...
[2020-04-12 20:32:09:695] [vo.logVo.LogVo.<init>] [INFO] 日志实例已初始化...
[2020-04-12 20:32:09:697] [vo.logVo.LogVo.<init>] [INFO] 日志实例已初始化...
[2020-04-12 20:32:09:699] [vo.logVo.LogVo.<init>] [INFO] 日志实例已初始化...
[2020-04-12 20:32:09:701] [vo.logVo.LogVo.<init>] [INFO] 日志实例已初始化...
[2020-04-12 20:32:09:706] [vo.logVo.LogVo.<init>] [INFO] 日志实例已初始化...
[2020-04-12 20:32:09:707] [vo.logVo.LogVo.<init>] [INFO] 日志实例已初始化...
[2020-04-12 20:32:09:707] [vo.logVo.LogVo.<init>] [INFO] 日志实例已初始化...
[2020-04-12 20:32:09:708] [vo.logVo.LogVo.<init>] [INFO] 日志实例已初始化...
[2020-04-12 20:32:09:709] [vo.logVo.LogVo.<init>] [INFO] 日志实例已初始化...
[2020-04-12 20:32:09:710] [vo.logVo.LogVo.<init>] [INFO] 日志实例已初始化...
[2020-04-12 20:32:09:713] [vo.logVo.LogVo.<init>] [INFO] 日志实例已初始化...
[2020-04-12 20:32:09:714] [vo.logVo.LogVo.<init>] [INFO] 日志实例已初始化...
[2020-04-12 20:32:09:715] [vo.logVo.LogVo.<init>] [INFO] 日志实例已初始化...
[2020-04-12 20:32:09:716] [vo.logVo.LogVo.<init>] [INFO] 日志实例已初始化...
[2020-04-12 20:32:09:718] [vo.logVo.LogVo.<init>] [INFO] 日志实例已初始化...
[2020-04-12 20:32:09:720] [vo.logVo.LogVo.<init>] [INFO] 日志实例已初始化...
[2020-04-12 20:32:09:730] [vo.logVo.LogVo.<init>] [INFO] 日志实例已初始化...
[2020-04-12 20:32:09:731] [vo.logVo.LogVo.<init>] [INFO] 日志实例已初始化...
[2020-04-12 20:32:09:731] [vo.logVo.LogVo.<init>] [INFO] 日志实例已初始化...
[2020-04-12 20:32:09:732] [vo.logVo.LogVo.<init>] [INFO] 日志实例已初始化...
[2020-04-12 20:32:09:734] [vo.logVo.LogVo.<init>] [INFO] 日志实例已初始化...
[2020-04-12 20:32:09:735] [vo.logVo.LogVo.<init>] [INFO] 日志实例已初始化...
[2020-04-12 20:32:09:735] [vo.logVo.LogVo.<init>] [INFO] 日志实例已初始化...
[2020-04-12 20:32:09:736] [vo.logVo.LogVo.<init>] [INFO] 日志实例已初始化...
[2020-04-12 20:32:09:737] [vo.logVo.LogVo.<init>] [INFO] 日志实例已初始化...
[2020-04-12 20:32:09:738] [vo.logVo.LogVo.<init>] [INFO] 日志实例已初始化...
[2020-04-12 20:32:09:740] [vo.logVo.LogVo.<init>] [INFO] 日志实例已初始化...
[2020-04-12 20:32:09:741] [vo.logVo.LogVo.<init>] [INFO] 日志实例已初始化...
[2020-04-12 20:32:09:742] [vo.logVo.LogVo.<init>] [INFO] 日志实例已初始化...
[2020-04-12 20:32:09:743] [vo.logVo.LogVo.<init>] [INFO] 日志实例已初始化...
[2020-04-12 20:32:09:747] [vo.logVo.LogVo.<init>] [INFO] 日志实例已初始化...
[2020-04-12 20:32:09:748] [vo.logVo.LogVo.<init>] [INFO] 日志实例已初始化...
[2020-04-12 20:32:09:749] [vo.logVo.LogVo.<init>] [INFO] 日志实例已初始化...
[2020-04-12 20:32:09:750] [vo.logVo.LogVo.<init>] [INFO] 日志实例已初始化...
[2020-04-12 20:32:09:752] [vo.logVo.LogVo.<init>] [INFO] 日志实例已初始化...
[2020-04-12 20:32:09:753] [vo.logVo.LogVo.<init>] [INFO] 日志实例已初始化...
[2020-04-12 20:32:09:754] [vo.logVo.LogVo.<init>] [INFO] 日志实例已初始化...
[2020-04-12 20:32:09:754] [vo.logVo.LogVo.<init>] [INFO] 日志实例已初始化...
[2020-04-12 20:32:09:755] [vo.logVo.LogVo.<init>] [INFO] 日志实例已初始化...
[2020-04-12 20:32:09:756] [vo.logVo.LogVo.<init>] [INFO] 日志实例已初始化...
[2020-04-12 20:32:09:756] [vo.logVo.LogVo.<init>] [INFO] 日志实例已初始化...
[2020-04-12 20:32:09:757] [vo.logVo.LogVo.<init>] [INFO] 日志实例已初始化...
[2020-04-12 20:32:09:758] [vo.logVo.LogVo.<init>] [INFO] 日志实例已初始化...
[2020-04-12 20:32:09:759] [vo.logVo.LogVo.<init>] [INFO] 日志实例已初始化...
[2020-04-12 20:32:09:759] [vo.logVo.LogVo.<init>] [INFO] 日志实例已初始化...
[2020-04-12 20:32:09:760] [vo.logVo.LogVo.<init>] [INFO] 日志实例已初始化...
[2020-04-12 20:32:09:761] [vo.logVo.LogVo.<init>] [INFO] 日志实例已初始化...
[2020-04-12 20:32:09:762] [vo.logVo.LogVo.<init>] [INFO] 日志实例已初始化...
[2020-04-12 20:32:09:763] [vo.logVo.LogVo.<init>] [INFO] 日志实例已初始化...
[2020-04-12 20:32:09:763] [vo.logVo.LogVo.<init>] [INFO] 日志实例已初始化...
[2020-04-12 20:32:09:764] [vo.logVo.LogVo.<init>] [INFO] 日志实例已初始化...
[2020-04-12 20:32:09:765] [vo.logVo.LogVo.<init>] [INFO] 日志实例已初始化...
[2020-04-12 20:32:09:766] [vo.logVo.LogVo.<init>] [INFO] 日志实例已初始化...
[2020-04-12 20:32:09:766] [vo.logVo.LogVo.<init>] [INFO] 日志实例已初始化...
[2020-04-12 20:32:09:767] [vo.logVo.LogVo.<init>] [INFO] 日志实例已初始化...
[2020-04-12 20:32:09:768] [vo.logVo.LogVo.<init>] [INFO] 日志实例已初始化...
[2020-04-12 20:32:09:769] [vo.logVo.LogVo.<init>] [INFO] 日志实例已初始化...
[2020-04-12 20:32:09:769] [vo.logVo.LogVo.<init>] [INFO] 日志实例已初始化...
[2020-04-12 20:32:09:770] [vo.logVo.LogVo.<init>] [INFO] 日志实例已初始化...
[2020-04-12 20:32:09:771] [vo.logVo.LogVo.<init>] [INFO] 日志实例已初始化...
[2020-04-12 20:32:09:772] [vo.logVo.LogVo.<init>] [INFO] 日志实例已初始化...
[2020-04-12 20:32:09:773] [vo.logVo.LogVo.<init>] [INFO] 日志实例已初始化...
[2020-04-12 20:32:09:773] [vo.logVo.LogVo.<init>] [INFO] 日志实例已初始化...
[2020-04-12 20:32:09:774] [vo.logVo.LogVo.<init>] [INFO] 日志实例已初始化...
[2020-04-12 20:32:09:775] [vo.logVo.LogVo.<init>] [INFO] 日志实例已初始化...
[2020-04-12 20:32:09:776] [vo.logVo.LogVo.<init>] [INFO] 日志实例已初始化...
[2020-04-12 20:32:09:777] [vo.logVo.LogVo.<init>] [INFO] 日志实例已初始化...
[2020-04-12 20:32:09:778] [vo.logVo.LogVo.<init>] [INFO] 日志实例已初始化...
[2020-04-12 20:32:09:778] [vo.logVo.LogVo.<init>] [INFO] 日志实例已初始化...
[2020-04-12 20:32:09:779] [vo.logVo.LogVo.<init>] [INFO] 日志实例已初始化...
[2020-04-12 20:32:09:780] [vo.logVo.LogVo.<init>] [INFO] 日志实例已初始化...
[2020-04-12 20:32:09:780] [vo.logVo.LogVo.<init>] [INFO] 日志实例已初始化...
[2020-04-12 20:32:09:781] [vo.logVo.LogVo.<init>] [INFO] 日志实例已初始化...
[2020-04-12 20:32:09:781] [vo.logVo.LogVo.<init>] [INFO] 日志实例已初始化...
[2020-04-12 20:32:09:782] [vo.logVo.LogVo.<init>] [INFO] 日志实例已初始化...
[2020-04-12 20:32:09:783] [vo.logVo.LogVo.<init>] [INFO] 日志实例已初始化...
[2020-04-12 20:32:09:785] [vo.logVo.LogVo.<init>] [INFO] 日志实例已初始化...
[2020-04-12 20:32:09:785] [vo.logVo.LogVo.<init>] [INFO] 日志实例已初始化...
[2020-04-12 20:32:09:786] [vo.logVo.LogVo.<init>] [INFO] 日志实例已初始化...
[2020-04-12 20:32:09:786] [vo.logVo.LogVo.<init>] [INFO] 日志实例已初始化...
[2020-04-12 20:32:09:787] [vo.logVo.LogVo.<init>] [INFO] 日志实例已初始化...
[2020-04-12 20:32:09:787] [vo.logVo.LogVo.<init>] [INFO] 日志实例已初始化...
[2020-04-12 20:32:09:788] [vo.logVo.LogVo.<init>] [INFO] 日志实例已初始化...
[2020-04-12 20:32:09:789] [vo.logVo.LogVo.<init>] [INFO] 日志实例已初始化...
[2020-04-12 20:32:09:790] [vo.logVo.LogVo.<init>] [INFO] 日志实例已初始化...
[2020-04-12 20:32:09:791] [vo.logVo.LogVo.<init>] [INFO] 日志实例已初始化...
[2020-04-12 20:32:09:792] [vo.logVo.LogVo.<init>] [INFO] 日志实例已初始化...
[2020-04-12 20:32:09:793] [vo.logVo.LogVo.<init>] [INFO] 日志实例已初始化...
[2020-04-12 20:32:09:794] [vo.logVo.LogVo.<init>] [INFO] 日志实例已初始化...
[2020-04-12 20:32:09:794] [vo.logVo.LogVo.<init>] [INFO] 日志实例已初始化...
[2020-04-12 20:32:09:795] [vo.logVo.LogVo.<init>] [INFO] 日志实例已初始化...
[2020-04-12 20:32:09:796] [vo.logVo.LogVo.<init>] [INFO] 日志实例已初始化...
[2020-04-12 20:32:09:796] [vo.logVo.LogVo.<init>] [INFO] 日志实例已初始化...
[2020-04-12 20:32:09:798] [vo.logVo.LogVo.<init>] [INFO] 日志实例已初始化...
[2020-04-12 20:32:09:799] [vo.logVo.LogVo.<init>] [INFO] 日志实例已初始化...
[2020-04-12 20:32:09:804] [vo.logVo.LogVo.<init>] [INFO] 日志实例已初始化...
[2020-04-12 20:32:09:807] [vo.logVo.LogVo.<init>] [INFO] 日志实例已初始化...
[2020-04-12 20:32:09:808] [vo.logVo.LogVo.<init>] [INFO] 日志实例已初始化...
[2020-04-12 20:32:09:809] [vo.logVo.LogVo.<init>] [INFO] 日志实例已初始化...
[2020-04-12 20:32:09:809] [vo.logVo.LogVo.<init>] [INFO] 日志实例已初始化...
[2020-04-12 20:32:09:810] [vo.logVo.LogVo.<init>] [INFO] 日志实例已初始化...
[2020-04-12 20:32:09:811] [vo.logVo.LogVo.<init>] [INFO] 日志实例已初始化...
[2020-04-12 20:32:09:812] [vo.logVo.LogVo.<init>] [INFO] 日志实例已初始化...
[2020-04-12 20:32:09:813] [vo.logVo.LogVo.<init>] [INFO] 日志实例已初始化...
[2020-04-12 20:32:09:815] [vo.logVo.LogVo.<init>] [INFO] 日志实例已初始化...
[2020-04-12 20:32:09:830] [vo.logVo.LogVo.<init>] [INFO] 日志实例已初始化...
[2020-04-12 20:32:09:831] [vo.logVo.LogVo.<init>] [INFO] 日志实例已初始化...
[2020-04-12 20:32:09:832] [vo.logVo.LogVo.<init>] [INFO] 日志实例已初始化...
[2020-04-12 20:32:09:833] [vo.logVo.LogVo.<init>] [INFO] 日志实例已初始化...
[2020-04-12 20:32:09:835] [vo.logVo.LogVo.<init>] [INFO] 日志实例已初始化...
[2020-04-12 20:32:09:835] [vo.logVo.LogVo.<init>] [INFO] 日志实例已初始化...
[2020-04-12 20:32:09:836] [vo.logVo.LogVo.<init>] [INFO] 日志实例已初始化...
[2020-04-12 20:32:09:837] [vo.logVo.LogVo.<init>] [INFO] 日志实例已初始化...
[2020-04-12 20:32:09:838] [vo.logVo.LogVo.<init>] [INFO] 日志实例已初始化...
[2020-04-12 20:32:09:839] [vo.logVo.LogVo.<init>] [INFO] 日志实例已初始化...
[2020-04-12 20:32:09:840] [vo.logVo.LogVo.<init>] [INFO] 日志实例已初始化...
[2020-04-12 20:32:09:841] [vo.logVo.LogVo.<init>] [INFO] 日志实例已初始化...
[2020-04-12 20:32:09:842] [vo.logVo.LogVo.<init>] [INFO] 日志实例已初始化...
[2020-04-12 20:32:09:843] [vo.logVo.LogVo.<init>] [INFO] 日志实例已初始化...
[2020-04-12 20:32:09:844] [vo.logVo.LogVo.<init>] [INFO] 日志实例已初始化...
[2020-04-12 20:32:09:845] [vo.logVo.LogVo.<init>] [INFO] 日志实例已初始化...
[2020-04-12 20:32:09:846] [vo.logVo.LogVo.<init>] [INFO] 日志实例已初始化...
[2020-04-12 20:32:09:847] [vo.logVo.LogVo.<init>] [INFO] 日志实例已初始化...
[2020-04-12 20:32:09:847] [vo.logVo.LogVo.<init>] [INFO] 日志实例已初始化...
[2020-04-12 20:32:09:848] [vo.logVo.LogVo.<init>] [INFO] 日志实例已初始化...
[2020-04-12 20:32:09:849] [vo.logVo.LogVo.<init>] [INFO] 日志实例已初始化...
[2020-04-12 20:32:09:855] [vo.logVo.LogVo.<init>] [INFO] 日志实例已初始化...
[2020-04-12 20:32:09:857] [vo.logVo.LogVo.<init>] [INFO] 日志实例已初始化...
[2020-04-12 20:32:09:861] [vo.logVo.LogVo.<init>] [INFO] 日志实例已初始化...
[2020-04-12 20:32:09:862] [vo.logVo.LogVo.<init>] [INFO] 日志实例已初始化...
[2020-04-12 20:32:09:863] [vo.logVo.LogVo.<init>] [INFO] 日志实例已初始化...
[2020-04-12 20:32:09:868] [vo.logVo.LogVo.<init>] [INFO] 日志实例已初始化...
[2020-04-12 20:32:09:871] [vo.logVo.LogVo.<init>] [INFO] 日志实例已初始化...
[2020-04-12 20:32:09:872] [vo.logVo.LogVo.<init>] [INFO] 日志实例已初始化...
[2020-04-12 20:32:09:873] [vo.logVo.LogVo.<init>] [INFO] 日志实例已初始化...
[2020-04-12 20:32:09:873] [vo.logVo.LogVo.<init>] [INFO] 日志实例已初始化...
[2020-04-12 20:32:09:874] [vo.logVo.LogVo.<init>] [INFO] 日志实例已初始化...
[2020-04-12 20:32:09:875] [vo.logVo.LogVo.<init>] [INFO] 日志实例已初始化...
[2020-04-12 20:32:09:885] [vo.logVo.LogVo.<init>] [INFO] 日志实例已初始化...
[2020-04-12 20:32:09:886] [vo.logVo.LogVo.<init>] [INFO] 日志实例已初始化...
[2020-04-12 20:32:09:887] [vo.logVo.LogVo.<init>] [INFO] 日志实例已初始化...
[2020-04-12 20:32:09:888] [vo.logVo.LogVo.<init>] [INFO] 日志实例已初始化...
[2020-04-12 20:32:09:888] [vo.logVo.LogVo.<init>] [INFO] 日志实例已初始化...
[2020-04-12 20:32:09:889] [vo.logVo.LogVo.<init>] [INFO] 日志实例已初始化...
[2020-04-12 20:32:09:890] [vo.logVo.LogVo.<init>] [INFO] 日志实例已初始化...
[2020-04-12 20:32:09:891] [vo.logVo.LogVo.<init>] [INFO] 日志实例已初始化...
[2020-04-12 20:32:09:891] [vo.logVo.LogVo.<init>] [INFO] 日志实例已初始化...
[2020-04-12 20:32:09:892] [vo.logVo.LogVo.<init>] [INFO] 日志实例已初始化...
[2020-04-12 20:32:09:893] [vo.logVo.LogVo.<init>] [INFO] 日志实例已初始化...
[2020-04-12 20:32:09:894] [vo.logVo.LogVo.<init>] [INFO] 日志实例已初始化...
[2020-04-12 20:32:09:895] [vo.logVo.LogVo.<init>] [INFO] 日志实例已初始化...
[2020-04-12 20:32:09:896] [vo.logVo.LogVo.<init>] [INFO] 日志实例已初始化...
[2020-04-12 20:32:09:896] [vo.logVo.LogVo.<init>] [INFO] 日志实例已初始化...
[2020-04-12 20:32:09:897] [vo.logVo.LogVo.<init>] [INFO] 日志实例已初始化...
[2020-04-12 20:32:09:899] [vo.logVo.LogVo.<init>] [INFO] 日志实例已初始化...
[2020-04-12 20:32:09:900] [vo.logVo.LogVo.<init>] [INFO] 日志实例已初始化...
[2020-04-12 20:32:09:901] [vo.logVo.LogVo.<init>] [INFO] 日志实例已初始化...
[2020-04-12 20:32:09:903] [vo.logVo.LogVo.<init>] [INFO] 日志实例已初始化...
[2020-04-12 20:32:09:904] [vo.logVo.LogVo.<init>] [INFO] 日志实例已初始化...
[2020-04-12 20:32:09:904] [vo.logVo.LogVo.<init>] [INFO] 日志实例已初始化...
[2020-04-12 20:32:09:905] [vo.logVo.LogVo.<init>] [INFO] 日志实例已初始化...
[2020-04-12 20:32:09:906] [vo.logVo.LogVo.<init>] [INFO] 日志实例已初始化...
[2020-04-12 20:32:09:907] [vo.logVo.LogVo.<init>] [INFO] 日志实例已初始化...
[2020-04-12 20:32:09:907] [vo.logVo.LogVo.<init>] [INFO] 日志实例已初始化...
[2020-04-12 20:32:09:908] [vo.logVo.LogVo.<init>] [INFO] 日志实例已初始化...
[2020-04-12 20:32:09:909] [vo.logVo.LogVo.<init>] [INFO] 日志实例已初始化...
[2020-04-12 20:32:09:909] [vo.logVo.LogVo.<init>] [INFO] 日志实例已初始化...
[2020-04-12 20:32:09:910] [vo.logVo.LogVo.<init>] [INFO] 日志实例已初始化...
[2020-04-12 20:32:09:911] [vo.logVo.LogVo.<init>] [INFO] 日志实例已初始化...
[2020-04-12 20:32:09:912] [vo.logVo.LogVo.<init>] [INFO] 日志实例已初始化...
[2020-04-12 20:32:09:964] [action.userAction.LoginAction.execute] [INFO] WangWu用户密码错误
[2020-04-12 20:32:28:877] [vo.logVo.LogVo.<init>] [INFO] 日志实例已初始化...
[2020-04-12 20:32:28:884] [vo.logVo.LogVo.<init>] [INFO] 日志实例已初始化...
[2020-04-12 20:32:28:913] [vo.logVo.LogVo.<init>] [INFO] 日志实例已初始化...
[2020-04-12 20:32:28:914] [vo.logVo.LogVo.<init>] [INFO] 日志实例已初始化...
[2020-04-12 20:32:28:914] [vo.logVo.LogVo.<init>] [INFO] 日志实例已初始化...
[2020-04-12 20:32:28:915] [vo.logVo.LogVo.<init>] [INFO] 日志实例已初始化...
[2020-04-12 20:32:28:915] [vo.logVo.LogVo.<init>] [INFO] 日志实例已初始化...
[2020-04-12 20:32:28:916] [vo.logVo.LogVo.<init>] [INFO] 日志实例已初始化...
[2020-04-12 20:32:28:916] [vo.logVo.LogVo.<init>] [INFO] 日志实例已初始化...
[2020-04-12 20:32:28:916] [vo.logVo.LogVo.<init>] [INFO] 日志实例已初始化...
[2020-04-12 20:32:28:917] [vo.logVo.LogVo.<init>] [INFO] 日志实例已初始化...
[2020-04-12 20:32:28:917] [vo.logVo.LogVo.<init>] [INFO] 日志实例已初始化...
[2020-04-12 20:32:28:917] [vo.logVo.LogVo.<init>] [INFO] 日志实例已初始化...
[2020-04-12 20:32:28:918] [vo.logVo.LogVo.<init>] [INFO] 日志实例已初始化...
[2020-04-12 20:32:28:918] [vo.logVo.LogVo.<init>] [INFO] 日志实例已初始化...
[2020-04-12 20:32:28:918] [vo.logVo.LogVo.<init>] [INFO] 日志实例已初始化...
[2020-04-12 20:32:28:919] [vo.logVo.LogVo.<init>] [INFO] 日志实例已初始化...
[2020-04-12 20:32:28:919] [vo.logVo.LogVo.<init>] [INFO] 日志实例已初始化...
[2020-04-12 20:32:28:920] [vo.logVo.LogVo.<init>] [INFO] 日志实例已初始化...
[2020-04-12 20:32:28:920] [vo.logVo.LogVo.<init>] [INFO] 日志实例已初始化...
[2020-04-12 20:32:28:920] [vo.logVo.LogVo.<init>] [INFO] 日志实例已初始化...
[2020-04-12 20:32:28:921] [vo.logVo.LogVo.<init>] [INFO] 日志实例已初始化...
[2020-04-12 20:32:28:921] [vo.logVo.LogVo.<init>] [INFO] 日志实例已初始化...
[2020-04-12 20:32:28:921] [vo.logVo.LogVo.<init>] [INFO] 日志实例已初始化...
[2020-04-12 20:32:28:922] [vo.logVo.LogVo.<init>] [INFO] 日志实例已初始化...
[2020-04-12 20:32:28:922] [vo.logVo.LogVo.<init>] [INFO] 日志实例已初始化...
[2020-04-12 20:32:28:923] [vo.logVo.LogVo.<init>] [INFO] 日志实例已初始化...
[2020-04-12 20:32:28:923] [vo.logVo.LogVo.<init>] [INFO] 日志实例已初始化...
[2020-04-12 20:32:28:923] [vo.logVo.LogVo.<init>] [INFO] 日志实例已初始化...
[2020-04-12 20:32:28:924] [vo.logVo.LogVo.<init>] [INFO] 日志实例已初始化...
[2020-04-12 20:32:28:924] [vo.logVo.LogVo.<init>] [INFO] 日志实例已初始化...
[2020-04-12 20:32:28:925] [vo.logVo.LogVo.<init>] [INFO] 日志实例已初始化...
[2020-04-12 20:32:28:925] [vo.logVo.LogVo.<init>] [INFO] 日志实例已初始化...
[2020-04-12 20:32:28:925] [vo.logVo.LogVo.<init>] [INFO] 日志实例已初始化...
[2020-04-12 20:32:28:925] [vo.logVo.LogVo.<init>] [INFO] 日志实例已初始化...
[2020-04-12 20:32:28:926] [vo.logVo.LogVo.<init>] [INFO] 日志实例已初始化...
[2020-04-12 20:32:28:926] [vo.logVo.LogVo.<init>] [INFO] 日志实例已初始化...
[2020-04-12 20:32:28:926] [vo.logVo.LogVo.<init>] [INFO] 日志实例已初始化...
[2020-04-12 20:32:28:927] [vo.logVo.LogVo.<init>] [INFO] 日志实例已初始化...
[2020-04-12 20:32:28:927] [vo.logVo.LogVo.<init>] [INFO] 日志实例已初始化...
[2020-04-12 20:32:28:927] [vo.logVo.LogVo.<init>] [INFO] 日志实例已初始化...
[2020-04-12 20:32:28:928] [vo.logVo.LogVo.<init>] [INFO] 日志实例已初始化...
[2020-04-12 20:32:28:928] [vo.logVo.LogVo.<init>] [INFO] 日志实例已初始化...
[2020-04-12 20:32:28:928] [vo.logVo.LogVo.<init>] [INFO] 日志实例已初始化...
[2020-04-12 20:32:28:929] [vo.logVo.LogVo.<init>] [INFO] 日志实例已初始化...
[2020-04-12 20:32:28:929] [vo.logVo.LogVo.<init>] [INFO] 日志实例已初始化...
[2020-04-12 20:32:28:929] [vo.logVo.LogVo.<init>] [INFO] 日志实例已初始化...
[2020-04-12 20:32:28:930] [vo.logVo.LogVo.<init>] [INFO] 日志实例已初始化...
[2020-04-12 20:32:28:931] [vo.logVo.LogVo.<init>] [INFO] 日志实例已初始化...
[2020-04-12 20:32:28:931] [vo.logVo.LogVo.<init>] [INFO] 日志实例已初始化...
[2020-04-12 20:32:28:932] [vo.logVo.LogVo.<init>] [INFO] 日志实例已初始化...
[2020-04-12 20:32:28:933] [vo.logVo.LogVo.<init>] [INFO] 日志实例已初始化...
[2020-04-12 20:32:28:934] [vo.logVo.LogVo.<init>] [INFO] 日志实例已初始化...
[2020-04-12 20:32:28:937] [vo.logVo.LogVo.<init>] [INFO] 日志实例已初始化...
[2020-04-12 20:32:28:937] [vo.logVo.LogVo.<init>] [INFO] 日志实例已初始化...
[2020-04-12 20:32:28:938] [vo.logVo.LogVo.<init>] [INFO] 日志实例已初始化...
[2020-04-12 20:32:28:939] [vo.logVo.LogVo.<init>] [INFO] 日志实例已初始化...
[2020-04-12 20:32:28:939] [vo.logVo.LogVo.<init>] [INFO] 日志实例已初始化...
[2020-04-12 20:32:28:940] [vo.logVo.LogVo.<init>] [INFO] 日志实例已初始化...
[2020-04-12 20:32:28:941] [vo.logVo.LogVo.<init>] [INFO] 日志实例已初始化...
[2020-04-12 20:32:28:941] [vo.logVo.LogVo.<init>] [INFO] 日志实例已初始化...
[2020-04-12 20:32:28:942] [vo.logVo.LogVo.<init>] [INFO] 日志实例已初始化...
[2020-04-12 20:32:28:943] [vo.logVo.LogVo.<init>] [INFO] 日志实例已初始化...
[2020-04-12 20:32:28:943] [vo.logVo.LogVo.<init>] [INFO] 日志实例已初始化...
[2020-04-12 20:32:28:944] [vo.logVo.LogVo.<init>] [INFO] 日志实例已初始化...
[2020-04-12 20:32:28:944] [vo.logVo.LogVo.<init>] [INFO] 日志实例已初始化...
[2020-04-12 20:32:28:945] [vo.logVo.LogVo.<init>] [INFO] 日志实例已初始化...
[2020-04-12 20:32:28:945] [vo.logVo.LogVo.<init>] [INFO] 日志实例已初始化...
[2020-04-12 20:32:28:946] [vo.logVo.LogVo.<init>] [INFO] 日志实例已初始化...
[2020-04-12 20:32:28:947] [vo.logVo.LogVo.<init>] [INFO] 日志实例已初始化...
[2020-04-12 20:32:28:948] [vo.logVo.LogVo.<init>] [INFO] 日志实例已初始化...
[2020-04-12 20:32:28:948] [vo.logVo.LogVo.<init>] [INFO] 日志实例已初始化...
[2020-04-12 20:32:28:949] [vo.logVo.LogVo.<init>] [INFO] 日志实例已初始化...
[2020-04-12 20:32:28:950] [vo.logVo.LogVo.<init>] [INFO] 日志实例已初始化...
[2020-04-12 20:32:28:951] [vo.logVo.LogVo.<init>] [INFO] 日志实例已初始化...
[2020-04-12 20:32:28:951] [vo.logVo.LogVo.<init>] [INFO] 日志实例已初始化...
[2020-04-12 20:32:28:952] [vo.logVo.LogVo.<init>] [INFO] 日志实例已初始化...
[2020-04-12 20:32:28:952] [vo.logVo.LogVo.<init>] [INFO] 日志实例已初始化...
[2020-04-12 20:32:28:953] [vo.logVo.LogVo.<init>] [INFO] 日志实例已初始化...
[2020-04-12 20:32:28:954] [vo.logVo.LogVo.<init>] [INFO] 日志实例已初始化...
[2020-04-12 20:32:28:954] [vo.logVo.LogVo.<init>] [INFO] 日志实例已初始化...
[2020-04-12 20:32:28:955] [vo.logVo.LogVo.<init>] [INFO] 日志实例已初始化...
[2020-04-12 20:32:28:955] [vo.logVo.LogVo.<init>] [INFO] 日志实例已初始化...
[2020-04-12 20:32:28:956] [vo.logVo.LogVo.<init>] [INFO] 日志实例已初始化...
[2020-04-12 20:32:28:956] [vo.logVo.LogVo.<init>] [INFO] 日志实例已初始化...
[2020-04-12 20:32:28:957] [vo.logVo.LogVo.<init>] [INFO] 日志实例已初始化...
[2020-04-12 20:32:28:957] [vo.logVo.LogVo.<init>] [INFO] 日志实例已初始化...
[2020-04-12 20:32:28:958] [vo.logVo.LogVo.<init>] [INFO] 日志实例已初始化...
[2020-04-12 20:32:28:959] [vo.logVo.LogVo.<init>] [INFO] 日志实例已初始化...
[2020-04-12 20:32:28:959] [vo.logVo.LogVo.<init>] [INFO] 日志实例已初始化...
[2020-04-12 20:32:28:960] [vo.logVo.LogVo.<init>] [INFO] 日志实例已初始化...
[2020-04-12 20:32:28:960] [vo.logVo.LogVo.<init>] [INFO] 日志实例已初始化...
[2020-04-12 20:32:28:961] [vo.logVo.LogVo.<init>] [INFO] 日志实例已初始化...
[2020-04-12 20:32:28:961] [vo.logVo.LogVo.<init>] [INFO] 日志实例已初始化...
[2020-04-12 20:32:28:962] [vo.logVo.LogVo.<init>] [INFO] 日志实例已初始化...
[2020-04-12 20:32:28:963] [vo.logVo.LogVo.<init>] [INFO] 日志实例已初始化...
[2020-04-12 20:32:28:964] [vo.logVo.LogVo.<init>] [INFO] 日志实例已初始化...
[2020-04-12 20:32:28:965] [vo.logVo.LogVo.<init>] [INFO] 日志实例已初始化...
[2020-04-12 20:32:28:966] [vo.logVo.LogVo.<init>] [INFO] 日志实例已初始化...
[2020-04-12 20:32:28:967] [vo.logVo.LogVo.<init>] [INFO] 日志实例已初始化...
[2020-04-12 20:32:28:967] [vo.logVo.LogVo.<init>] [INFO] 日志实例已初始化...
[2020-04-12 20:32:28:968] [vo.logVo.LogVo.<init>] [INFO] 日志实例已初始化...
[2020-04-12 20:32:28:968] [vo.logVo.LogVo.<init>] [INFO] 日志实例已初始化...
[2020-04-12 20:32:28:969] [vo.logVo.LogVo.<init>] [INFO] 日志实例已初始化...
[2020-04-12 20:32:28:969] [vo.logVo.LogVo.<init>] [INFO] 日志实例已初始化...
[2020-04-12 20:32:28:970] [vo.logVo.LogVo.<init>] [INFO] 日志实例已初始化...
[2020-04-12 20:32:28:971] [vo.logVo.LogVo.<init>] [INFO] 日志实例已初始化...
[2020-04-12 20:32:28:971] [vo.logVo.LogVo.<init>] [INFO] 日志实例已初始化...
[2020-04-12 20:32:28:972] [vo.logVo.LogVo.<init>] [INFO] 日志实例已初始化...
[2020-04-12 20:32:28:972] [vo.logVo.LogVo.<init>] [INFO] 日志实例已初始化...
[2020-04-12 20:32:28:973] [vo.logVo.LogVo.<init>] [INFO] 日志实例已初始化...
[2020-04-12 20:32:28:973] [vo.logVo.LogVo.<init>] [INFO] 日志实例已初始化...
[2020-04-12 20:32:28:973] [vo.logVo.LogVo.<init>] [INFO] 日志实例已初始化...
[2020-04-12 20:32:28:974] [vo.logVo.LogVo.<init>] [INFO] 日志实例已初始化...
[2020-04-12 20:32:28:975] [vo.logVo.LogVo.<init>] [INFO] 日志实例已初始化...
[2020-04-12 20:32:28:975] [vo.logVo.LogVo.<init>] [INFO] 日志实例已初始化...
[2020-04-12 20:32:28:976] [vo.logVo.LogVo.<init>] [INFO] 日志实例已初始化...
[2020-04-12 20:32:28:976] [vo.logVo.LogVo.<init>] [INFO] 日志实例已初始化...
[2020-04-12 20:32:28:977] [vo.logVo.LogVo.<init>] [INFO] 日志实例已初始化...
[2020-04-12 20:32:28:977] [vo.logVo.LogVo.<init>] [INFO] 日志实例已初始化...
[2020-04-12 20:32:28:978] [vo.logVo.LogVo.<init>] [INFO] 日志实例已初始化...
[2020-04-12 20:32:28:978] [vo.logVo.LogVo.<init>] [INFO] 日志实例已初始化...
[2020-04-12 20:32:28:978] [vo.logVo.LogVo.<init>] [INFO] 日志实例已初始化...
[2020-04-12 20:32:28:979] [vo.logVo.LogVo.<init>] [INFO] 日志实例已初始化...
[2020-04-12 20:32:28:980] [vo.logVo.LogVo.<init>] [INFO] 日志实例已初始化...
[2020-04-12 20:32:28:981] [vo.logVo.LogVo.<init>] [INFO] 日志实例已初始化...
[2020-04-12 20:32:28:981] [vo.logVo.LogVo.<init>] [INFO] 日志实例已初始化...
[2020-04-12 20:32:28:982] [vo.logVo.LogVo.<init>] [INFO] 日志实例已初始化...
[2020-04-12 20:32:28:982] [vo.logVo.LogVo.<init>] [INFO] 日志实例已初始化...
[2020-04-12 20:32:28:983] [vo.logVo.LogVo.<init>] [INFO] 日志实例已初始化...
[2020-04-12 20:32:28:983] [vo.logVo.LogVo.<init>] [INFO] 日志实例已初始化...
[2020-04-12 20:32:28:983] [vo.logVo.LogVo.<init>] [INFO] 日志实例已初始化...
[2020-04-12 20:32:28:984] [vo.logVo.LogVo.<init>] [INFO] 日志实例已初始化...
[2020-04-12 20:32:28:984] [vo.logVo.LogVo.<init>] [INFO] 日志实例已初始化...
[2020-04-12 20:32:28:984] [vo.logVo.LogVo.<init>] [INFO] 日志实例已初始化...
[2020-04-12 20:32:28:985] [vo.logVo.LogVo.<init>] [INFO] 日志实例已初始化...
[2020-04-12 20:32:28:985] [vo.logVo.LogVo.<init>] [INFO] 日志实例已初始化...
[2020-04-12 20:32:28:985] [vo.logVo.LogVo.<init>] [INFO] 日志实例已初始化...
[2020-04-12 20:32:28:986] [vo.logVo.LogVo.<init>] [INFO] 日志实例已初始化...
[2020-04-12 20:32:28:986] [vo.logVo.LogVo.<init>] [INFO] 日志实例已初始化...
[2020-04-12 20:32:28:987] [vo.logVo.LogVo.<init>] [INFO] 日志实例已初始化...
[2020-04-12 20:32:28:987] [vo.logVo.LogVo.<init>] [INFO] 日志实例已初始化...
[2020-04-12 20:32:28:989] [vo.logVo.LogVo.<init>] [INFO] 日志实例已初始化...
[2020-04-12 20:32:28:989] [vo.logVo.LogVo.<init>] [INFO] 日志实例已初始化...
[2020-04-12 20:32:28:990] [vo.logVo.LogVo.<init>] [INFO] 日志实例已初始化...
[2020-04-12 20:32:28:990] [vo.logVo.LogVo.<init>] [INFO] 日志实例已初始化...
[2020-04-12 20:32:28:991] [vo.logVo.LogVo.<init>] [INFO] 日志实例已初始化...
[2020-04-12 20:32:28:991] [vo.logVo.LogVo.<init>] [INFO] 日志实例已初始化...
[2020-04-12 20:32:28:992] [vo.logVo.LogVo.<init>] [INFO] 日志实例已初始化...
[2020-04-12 20:32:28:992] [vo.logVo.LogVo.<init>] [INFO] 日志实例已初始化...
[2020-04-12 20:32:28:992] [vo.logVo.LogVo.<init>] [INFO] 日志实例已初始化...
[2020-04-12 20:32:28:993] [vo.logVo.LogVo.<init>] [INFO] 日志实例已初始化...
[2020-04-12 20:32:28:993] [vo.logVo.LogVo.<init>] [INFO] 日志实例已初始化...
[2020-04-12 20:32:28:994] [vo.logVo.LogVo.<init>] [INFO] 日志实例已初始化...
[2020-04-12 20:32:28:994] [vo.logVo.LogVo.<init>] [INFO] 日志实例已初始化...
[2020-04-12 20:32:28:994] [vo.logVo.LogVo.<init>] [INFO] 日志实例已初始化...
[2020-04-12 20:32:28:995] [vo.logVo.LogVo.<init>] [INFO] 日志实例已初始化...
[2020-04-12 20:32:28:996] [vo.logVo.LogVo.<init>] [INFO] 日志实例已初始化...
[2020-04-12 20:32:28:996] [vo.logVo.LogVo.<init>] [INFO] 日志实例已初始化...
[2020-04-12 20:32:28:996] [vo.logVo.LogVo.<init>] [INFO] 日志实例已初始化...
[2020-04-12 20:32:28:997] [vo.logVo.LogVo.<init>] [INFO] 日志实例已初始化...
[2020-04-12 20:32:28:997] [vo.logVo.LogVo.<init>] [INFO] 日志实例已初始化...
[2020-04-12 20:32:28:998] [vo.logVo.LogVo.<init>] [INFO] 日志实例已初始化...
[2020-04-12 20:32:28:999] [vo.logVo.LogVo.<init>] [INFO] 日志实例已初始化...
[2020-04-12 20:32:28:999] [vo.logVo.LogVo.<init>] [INFO] 日志实例已初始化...
[2020-04-12 20:32:29:000] [vo.logVo.LogVo.<init>] [INFO] 日志实例已初始化...
[2020-04-12 20:32:29:000] [vo.logVo.LogVo.<init>] [INFO] 日志实例已初始化...
[2020-04-12 20:32:29:001] [vo.logVo.LogVo.<init>] [INFO] 日志实例已初始化...
[2020-04-12 20:32:29:001] [vo.logVo.LogVo.<init>] [INFO] 日志实例已初始化...
[2020-04-12 20:32:29:001] [vo.logVo.LogVo.<init>] [INFO] 日志实例已初始化...
[2020-04-12 20:32:29:002] [vo.logVo.LogVo.<init>] [INFO] 日志实例已初始化...
[2020-04-12 20:32:29:003] [vo.logVo.LogVo.<init>] [INFO] 日志实例已初始化...
[2020-04-12 20:32:29:004] [vo.logVo.LogVo.<init>] [INFO] 日志实例已初始化...
[2020-04-12 20:32:29:005] [vo.logVo.LogVo.<init>] [INFO] 日志实例已初始化...
[2020-04-12 20:32:29:006] [vo.logVo.LogVo.<init>] [INFO] 日志实例已初始化...
[2020-04-12 20:32:29:007] [vo.logVo.LogVo.<init>] [INFO] 日志实例已初始化...
[2020-04-12 20:32:29:007] [vo.logVo.LogVo.<init>] [INFO] 日志实例已初始化...
[2020-04-12 20:32:29:008] [vo.logVo.LogVo.<init>] [INFO] 日志实例已初始化...
[2020-04-12 20:32:29:009] [vo.logVo.LogVo.<init>] [INFO] 日志实例已初始化...
[2020-04-12 20:32:29:010] [vo.logVo.LogVo.<init>] [INFO] 日志实例已初始化...
[2020-04-12 20:32:29:011] [vo.logVo.LogVo.<init>] [INFO] 日志实例已初始化...
[2020-04-12 20:32:29:012] [vo.logVo.LogVo.<init>] [INFO] 日志实例已初始化...
[2020-04-12 20:32:29:013] [vo.logVo.LogVo.<init>] [INFO] 日志实例已初始化...
[2020-04-12 20:32:29:014] [vo.logVo.LogVo.<init>] [INFO] 日志实例已初始化...
[2020-04-12 20:32:29:015] [vo.logVo.LogVo.<init>] [INFO] 日志实例已初始化...
[2020-04-12 20:32:29:016] [vo.logVo.LogVo.<init>] [INFO] 日志实例已初始化...
[2020-04-12 20:32:29:016] [vo.logVo.LogVo.<init>] [INFO] 日志实例已初始化...
[2020-04-12 20:32:29:017] [vo.logVo.LogVo.<init>] [INFO] 日志实例已初始化...
[2020-04-12 20:32:29:017] [vo.logVo.LogVo.<init>] [INFO] 日志实例已初始化...
[2020-04-12 20:32:29:017] [vo.logVo.LogVo.<init>] [INFO] 日志实例已初始化...
[2020-04-12 20:32:29:018] [vo.logVo.LogVo.<init>] [INFO] 日志实例已初始化...
[2020-04-12 20:32:29:018] [vo.logVo.LogVo.<init>] [INFO] 日志实例已初始化...
[2020-04-12 20:32:29:019] [vo.logVo.LogVo.<init>] [INFO] 日志实例已初始化...
[2020-04-12 20:32:29:019] [vo.logVo.LogVo.<init>] [INFO] 日志实例已初始化...
[2020-04-12 20:32:29:020] [vo.logVo.LogVo.<init>] [INFO] 日志实例已初始化...
[2020-04-12 20:32:29:020] [vo.logVo.LogVo.<init>] [INFO] 日志实例已初始化...
[2020-04-12 20:32:29:020] [vo.logVo.LogVo.<init>] [INFO] 日志实例已初始化...
[2020-04-12 20:32:29:021] [vo.logVo.LogVo.<init>] [INFO] 日志实例已初始化...
[2020-04-12 20:32:29:021] [vo.logVo.LogVo.<init>] [INFO] 日志实例已初始化...
[2020-04-12 20:32:29:022] [vo.logVo.LogVo.<init>] [INFO] 日志实例已初始化...
[2020-04-12 20:32:29:022] [vo.logVo.LogVo.<init>] [INFO] 日志实例已初始化...
[2020-04-12 20:32:29:022] [vo.logVo.LogVo.<init>] [INFO] 日志实例已初始化...
[2020-04-12 20:32:29:023] [vo.logVo.LogVo.<init>] [INFO] 日志实例已初始化...
[2020-04-12 20:32:29:023] [vo.logVo.LogVo.<init>] [INFO] 日志实例已初始化...
[2020-04-12 20:32:29:023] [vo.logVo.LogVo.<init>] [INFO] 日志实例已初始化...
[2020-04-12 20:32:29:024] [vo.logVo.LogVo.<init>] [INFO] 日志实例已初始化...
[2020-04-12 20:32:29:024] [vo.logVo.LogVo.<init>] [INFO] 日志实例已初始化...
[2020-04-12 20:32:29:025] [vo.logVo.LogVo.<init>] [INFO] 日志实例已初始化...
[2020-04-12 20:32:29:025] [vo.logVo.LogVo.<init>] [INFO] 日志实例已初始化...
[2020-04-12 20:32:29:026] [vo.logVo.LogVo.<init>] [INFO] 日志实例已初始化...
[2020-04-12 20:32:29:027] [vo.logVo.LogVo.<init>] [INFO] 日志实例已初始化...
[2020-04-12 20:32:29:027] [vo.logVo.LogVo.<init>] [INFO] 日志实例已初始化...
[2020-04-12 20:32:29:028] [vo.logVo.LogVo.<init>] [INFO] 日志实例已初始化...
[2020-04-12 20:32:29:029] [vo.logVo.LogVo.<init>] [INFO] 日志实例已初始化...
[2020-04-12 20:32:29:030] [vo.logVo.LogVo.<init>] [INFO] 日志实例已初始化...
[2020-04-12 20:32:29:030] [vo.logVo.LogVo.<init>] [INFO] 日志实例已初始化...
[2020-04-12 20:32:29:032] [vo.logVo.LogVo.<init>] [INFO] 日志实例已初始化...
[2020-04-12 20:32:29:033] [vo.logVo.LogVo.<init>] [INFO] 日志实例已初始化...
[2020-04-12 20:32:29:034] [vo.logVo.LogVo.<init>] [INFO] 日志实例已初始化...
[2020-04-12 20:32:29:034] [vo.logVo.LogVo.<init>] [INFO] 日志实例已初始化...
[2020-04-12 20:32:29:035] [vo.logVo.LogVo.<init>] [INFO] 日志实例已初始化...
[2020-04-12 20:32:29:035] [vo.logVo.LogVo.<init>] [INFO] 日志实例已初始化...
[2020-04-12 20:32:29:036] [vo.logVo.LogVo.<init>] [INFO] 日志实例已初始化...
[2020-04-12 20:32:29:036] [vo.logVo.LogVo.<init>] [INFO] 日志实例已初始化...
[2020-04-12 20:32:29:036] [vo.logVo.LogVo.<init>] [INFO] 日志实例已初始化...
[2020-04-12 20:32:29:037] [vo.logVo.LogVo.<init>] [INFO] 日志实例已初始化...
[2020-04-12 20:32:29:037] [vo.logVo.LogVo.<init>] [INFO] 日志实例已初始化...
[2020-04-12 20:32:29:038] [vo.logVo.LogVo.<init>] [INFO] 日志实例已初始化...
[2020-04-12 20:32:29:039] [vo.logVo.LogVo.<init>] [INFO] 日志实例已初始化...
[2020-04-12 20:32:29:040] [vo.logVo.LogVo.<init>] [INFO] 日志实例已初始化...
[2020-04-12 20:32:29:041] [vo.logVo.LogVo.<init>] [INFO] 日志实例已初始化...
[2020-04-12 20:32:29:042] [vo.logVo.LogVo.<init>] [INFO] 日志实例已初始化...
[2020-04-12 20:32:29:044] [vo.logVo.LogVo.<init>] [INFO] 日志实例已初始化...
[2020-04-12 20:32:29:046] [vo.logVo.LogVo.<init>] [INFO] 日志实例已初始化...
[2020-04-12 20:32:29:047] [vo.logVo.LogVo.<init>] [INFO] 日志实例已初始化...
[2020-04-12 20:32:29:047] [vo.logVo.LogVo.<init>] [INFO] 日志实例已初始化...
[2020-04-12 20:32:29:048] [vo.logVo.LogVo.<init>] [INFO] 日志实例已初始化...
[2020-04-12 20:32:29:050] [vo.logVo.LogVo.<init>] [INFO] 日志实例已初始化...
[2020-04-12 20:32:29:050] [vo.logVo.LogVo.<init>] [INFO] 日志实例已初始化...
[2020-04-12 20:32:29:051] [vo.logVo.LogVo.<init>] [INFO] 日志实例已初始化...
[2020-04-12 20:32:29:052] [vo.logVo.LogVo.<init>] [INFO] 日志实例已初始化...
[2020-04-12 20:32:29:053] [vo.logVo.LogVo.<init>] [INFO] 日志实例已初始化...
[2020-04-12 20:32:29:054] [vo.logVo.LogVo.<init>] [INFO] 日志实例已初始化...
[2020-04-12 20:32:29:055] [vo.logVo.LogVo.<init>] [INFO] 日志实例已初始化...
[2020-04-12 20:32:29:055] [vo.logVo.LogVo.<init>] [INFO] 日志实例已初始化...
[2020-04-12 20:32:29:056] [vo.logVo.LogVo.<init>] [INFO] 日志实例已初始化...
[2020-04-12 20:32:29:057] [vo.logVo.LogVo.<init>] [INFO] 日志实例已初始化...
[2020-04-12 20:32:29:058] [vo.logVo.LogVo.<init>] [INFO] 日志实例已初始化...
[2020-04-12 20:32:29:058] [vo.logVo.LogVo.<init>] [INFO] 日志实例已初始化...
[2020-04-12 20:32:29:059] [vo.logVo.LogVo.<init>] [INFO] 日志实例已初始化...
[2020-04-12 20:32:29:059] [vo.logVo.LogVo.<init>] [INFO] 日志实例已初始化...
[2020-04-12 20:32:29:060] [vo.logVo.LogVo.<init>] [INFO] 日志实例已初始化...
[2020-04-12 20:32:29:060] [vo.logVo.LogVo.<init>] [INFO] 日志实例已初始化...
[2020-04-12 20:32:29:061] [vo.logVo.LogVo.<init>] [INFO] 日志实例已初始化...
[2020-04-12 20:32:29:062] [vo.logVo.LogVo.<init>] [INFO] 日志实例已初始化...
[2020-04-12 20:32:29:062] [vo.logVo.LogVo.<init>] [INFO] 日志实例已初始化...
[2020-04-12 20:32:29:063] [vo.logVo.LogVo.<init>] [INFO] 日志实例已初始化...
[2020-04-12 20:32:29:063] [vo.logVo.LogVo.<init>] [INFO] 日志实例已初始化...
[2020-04-12 20:32:29:064] [vo.logVo.LogVo.<init>] [INFO] 日志实例已初始化...
[2020-04-12 20:32:29:065] [vo.logVo.LogVo.<init>] [INFO] 日志实例已初始化...
[2020-04-12 20:32:29:066] [vo.logVo.LogVo.<init>] [INFO] 日志实例已初始化...
[2020-04-12 20:32:29:067] [vo.logVo.LogVo.<init>] [INFO] 日志实例已初始化...
[2020-04-12 20:32:29:068] [vo.logVo.LogVo.<init>] [INFO] 日志实例已初始化...
[2020-04-12 20:32:29:069] [vo.logVo.LogVo.<init>] [INFO] 日志实例已初始化...
[2020-04-12 20:32:29:070] [vo.logVo.LogVo.<init>] [INFO] 日志实例已初始化...
[2020-04-12 20:32:29:070] [vo.logVo.LogVo.<init>] [INFO] 日志实例已初始化...
[2020-04-12 20:32:29:071] [vo.logVo.LogVo.<init>] [INFO] 日志实例已初始化...
[2020-04-12 20:32:29:073] [vo.logVo.LogVo.<init>] [INFO] 日志实例已初始化...
[2020-04-12 20:32:29:075] [vo.logVo.LogVo.<init>] [INFO] 日志实例已初始化...
[2020-04-12 20:32:29:076] [vo.logVo.LogVo.<init>] [INFO] 日志实例已初始化...
[2020-04-12 20:32:29:078] [vo.logVo.LogVo.<init>] [INFO] 日志实例已初始化...
[2020-04-12 20:32:29:080] [vo.logVo.LogVo.<init>] [INFO] 日志实例已初始化...
[2020-04-12 20:32:29:080] [vo.logVo.LogVo.<init>] [INFO] 日志实例已初始化...
[2020-04-12 20:32:29:081] [vo.logVo.LogVo.<init>] [INFO] 日志实例已初始化...
[2020-04-12 20:32:29:082] [vo.logVo.LogVo.<init>] [INFO] 日志实例已初始化...
[2020-04-12 20:32:29:083] [vo.logVo.LogVo.<init>] [INFO] 日志实例已初始化...
[2020-04-12 20:32:29:083] [vo.logVo.LogVo.<init>] [INFO] 日志实例已初始化...
[2020-04-12 20:32:29:084] [vo.logVo.LogVo.<init>] [INFO] 日志实例已初始化...
[2020-04-12 20:32:29:086] [vo.logVo.LogVo.<init>] [INFO] 日志实例已初始化...
[2020-04-12 20:32:29:087] [vo.logVo.LogVo.<init>] [INFO] 日志实例已初始化...
[2020-04-12 20:32:29:089] [vo.logVo.LogVo.<init>] [INFO] 日志实例已初始化...
[2020-04-12 20:32:29:090] [vo.logVo.LogVo.<init>] [INFO] 日志实例已初始化...
[2020-04-12 20:32:29:091] [vo.logVo.LogVo.<init>] [INFO] 日志实例已初始化...
[2020-04-12 20:32:29:092] [vo.logVo.LogVo.<init>] [INFO] 日志实例已初始化...
[2020-04-12 20:32:29:093] [vo.logVo.LogVo.<init>] [INFO] 日志实例已初始化...
[2020-04-12 20:32:29:094] [vo.logVo.LogVo.<init>] [INFO] 日志实例已初始化...
[2020-04-12 20:32:29:095] [vo.logVo.LogVo.<init>] [INFO] 日志实例已初始化...
[2020-04-12 20:32:29:096] [vo.logVo.LogVo.<init>] [INFO] 日志实例已初始化...
[2020-04-12 20:32:29:096] [vo.logVo.LogVo.<init>] [INFO] 日志实例已初始化...
[2020-04-12 20:32:29:099] [vo.logVo.LogVo.<init>] [INFO] 日志实例已初始化...
[2020-04-12 20:32:29:100] [vo.logVo.LogVo.<init>] [INFO] 日志实例已初始化...
[2020-04-12 20:32:29:100] [vo.logVo.LogVo.<init>] [INFO] 日志实例已初始化...
[2020-04-12 20:32:29:101] [vo.logVo.LogVo.<init>] [INFO] 日志实例已初始化...
[2020-04-12 20:32:29:101] [vo.logVo.LogVo.<init>] [INFO] 日志实例已初始化...
[2020-04-12 20:32:29:102] [vo.logVo.LogVo.<init>] [INFO] 日志实例已初始化...
[2020-04-12 20:32:29:103] [vo.logVo.LogVo.<init>] [INFO] 日志实例已初始化...
[2020-04-12 20:32:29:103] [vo.logVo.LogVo.<init>] [INFO] 日志实例已初始化...
[2020-04-12 20:32:29:104] [vo.logVo.LogVo.<init>] [INFO] 日志实例已初始化...
[2020-04-12 20:32:29:104] [vo.logVo.LogVo.<init>] [INFO] 日志实例已初始化...
[2020-04-12 20:32:29:105] [vo.logVo.LogVo.<init>] [INFO] 日志实例已初始化...
[2020-04-12 20:32:29:105] [vo.logVo.LogVo.<init>] [INFO] 日志实例已初始化...
[2020-04-12 20:32:29:106] [vo.logVo.LogVo.<init>] [INFO] 日志实例已初始化...
[2020-04-12 20:32:29:106] [vo.logVo.LogVo.<init>] [INFO] 日志实例已初始化...
[2020-04-12 20:32:29:106] [vo.logVo.LogVo.<init>] [INFO] 日志实例已初始化...
[2020-04-12 20:32:29:107] [vo.logVo.LogVo.<init>] [INFO] 日志实例已初始化...
[2020-04-12 20:32:29:107] [vo.logVo.LogVo.<init>] [INFO] 日志实例已初始化...
[2020-04-12 20:32:29:108] [vo.logVo.LogVo.<init>] [INFO] 日志实例已初始化...
[2020-04-12 20:32:29:109] [vo.logVo.LogVo.<init>] [INFO] 日志实例已初始化...
[2020-04-12 20:32:29:109] [vo.logVo.LogVo.<init>] [INFO] 日志实例已初始化...
[2020-04-12 20:32:29:111] [vo.logVo.LogVo.<init>] [INFO] 日志实例已初始化...
[2020-04-12 20:32:29:123] [vo.logVo.LogVo.<init>] [INFO] 日志实例已初始化...
[2020-04-12 20:32:29:124] [vo.logVo.LogVo.<init>] [INFO] 日志实例已初始化...
[2020-04-12 20:32:29:124] [vo.logVo.LogVo.<init>] [INFO] 日志实例已初始化...
[2020-04-12 20:32:29:125] [vo.logVo.LogVo.<init>] [INFO] 日志实例已初始化...
[2020-04-12 20:32:29:126] [vo.logVo.LogVo.<init>] [INFO] 日志实例已初始化...
[2020-04-12 20:32:29:126] [vo.logVo.LogVo.<init>] [INFO] 日志实例已初始化...
[2020-04-12 20:32:29:127] [vo.logVo.LogVo.<init>] [INFO] 日志实例已初始化...
[2020-04-12 20:32:29:127] [vo.logVo.LogVo.<init>] [INFO] 日志实例已初始化...
[2020-04-12 20:32:29:128] [vo.logVo.LogVo.<init>] [INFO] 日志实例已初始化...
[2020-04-12 20:32:29:128] [vo.logVo.LogVo.<init>] [INFO] 日志实例已初始化...
[2020-04-12 20:32:29:129] [vo.logVo.LogVo.<init>] [INFO] 日志实例已初始化...
[2020-04-12 20:32:29:129] [vo.logVo.LogVo.<init>] [INFO] 日志实例已初始化...
[2020-04-12 20:32:29:130] [vo.logVo.LogVo.<init>] [INFO] 日志实例已初始化...
[2020-04-12 20:32:29:130] [vo.logVo.LogVo.<init>] [INFO] 日志实例已初始化...
[2020-04-12 20:32:29:131] [vo.logVo.LogVo.<init>] [INFO] 日志实例已初始化...
[2020-04-12 20:32:29:131] [vo.logVo.LogVo.<init>] [INFO] 日志实例已初始化...
[2020-04-12 20:32:29:132] [vo.logVo.LogVo.<init>] [INFO] 日志实例已初始化...
[2020-04-12 20:32:29:133] [vo.logVo.LogVo.<init>] [INFO] 日志实例已初始化...
[2020-04-12 20:32:29:133] [vo.logVo.LogVo.<init>] [INFO] 日志实例已初始化...
[2020-04-12 20:32:29:134] [vo.logVo.LogVo.<init>] [INFO] 日志实例已初始化...
[2020-04-12 20:32:29:134] [vo.logVo.LogVo.<init>] [INFO] 日志实例已初始化...
[2020-04-12 20:32:29:134] [vo.logVo.LogVo.<init>] [INFO] 日志实例已初始化...
[2020-04-12 20:32:29:134] [vo.logVo.LogVo.<init>] [INFO] 日志实例已初始化...
[2020-04-12 20:32:29:135] [vo.logVo.LogVo.<init>] [INFO] 日志实例已初始化...
[2020-04-12 20:32:29:136] [vo.logVo.LogVo.<init>] [INFO] 日志实例已初始化...
[2020-04-12 20:32:29:136] [vo.logVo.LogVo.<init>] [INFO] 日志实例已初始化...
[2020-04-12 20:32:29:136] [vo.logVo.LogVo.<init>] [INFO] 日志实例已初始化...
[2020-04-12 20:32:29:137] [vo.logVo.LogVo.<init>] [INFO] 日志实例已初始化...
[2020-04-12 20:32:29:137] [vo.logVo.LogVo.<init>] [INFO] 日志实例已初始化...
[2020-04-12 20:32:29:137] [vo.logVo.LogVo.<init>] [INFO] 日志实例已初始化...
[2020-04-12 20:32:29:138] [vo.logVo.LogVo.<init>] [INFO] 日志实例已初始化...
[2020-04-12 20:32:29:138] [vo.logVo.LogVo.<init>] [INFO] 日志实例已初始化...
[2020-04-12 20:32:29:138] [vo.logVo.LogVo.<init>] [INFO] 日志实例已初始化...
[2020-04-12 20:32:29:139] [vo.logVo.LogVo.<init>] [INFO] 日志实例已初始化...
[2020-04-12 20:32:29:139] [vo.logVo.LogVo.<init>] [INFO] 日志实例已初始化...
[2020-04-12 20:32:29:139] [vo.logVo.LogVo.<init>] [INFO] 日志实例已初始化...
[2020-04-12 20:32:29:139] [vo.logVo.LogVo.<init>] [INFO] 日志实例已初始化...
[2020-04-12 20:32:29:140] [vo.logVo.LogVo.<init>] [INFO] 日志实例已初始化...
[2020-04-12 20:32:29:140] [vo.logVo.LogVo.<init>] [INFO] 日志实例已初始化...
[2020-04-12 20:32:29:141] [vo.logVo.LogVo.<init>] [INFO] 日志实例已初始化...
[2020-04-12 20:32:29:141] [vo.logVo.LogVo.<init>] [INFO] 日志实例已初始化...
[2020-04-12 20:32:29:141] [vo.logVo.LogVo.<init>] [INFO] 日志实例已初始化...
[2020-04-12 20:32:29:142] [vo.logVo.LogVo.<init>] [INFO] 日志实例已初始化...
[2020-04-12 20:32:29:142] [vo.logVo.LogVo.<init>] [INFO] 日志实例已初始化...
[2020-04-12 20:32:29:143] [vo.logVo.LogVo.<init>] [INFO] 日志实例已初始化...
[2020-04-12 20:32:29:143] [vo.logVo.LogVo.<init>] [INFO] 日志实例已初始化...
[2020-04-12 20:32:29:144] [vo.logVo.LogVo.<init>] [INFO] 日志实例已初始化...
[2020-04-12 20:32:29:144] [vo.logVo.LogVo.<init>] [INFO] 日志实例已初始化...
[2020-04-12 20:32:29:144] [vo.logVo.LogVo.<init>] [INFO] 日志实例已初始化...
[2020-04-12 20:32:29:145] [vo.logVo.LogVo.<init>] [INFO] 日志实例已初始化...
[2020-04-12 20:32:29:145] [vo.logVo.LogVo.<init>] [INFO] 日志实例已初始化...
[2020-04-12 20:32:29:145] [vo.logVo.LogVo.<init>] [INFO] 日志实例已初始化...
[2020-04-12 20:32:29:146] [vo.logVo.LogVo.<init>] [INFO] 日志实例已初始化...
[2020-04-12 20:32:29:146] [vo.logVo.LogVo.<init>] [INFO] 日志实例已初始化...
[2020-04-12 20:32:29:147] [vo.logVo.LogVo.<init>] [INFO] 日志实例已初始化...
[2020-04-12 20:32:29:147] [vo.logVo.LogVo.<init>] [INFO] 日志实例已初始化...
[2020-04-12 20:32:29:148] [vo.logVo.LogVo.<init>] [INFO] 日志实例已初始化...
[2020-04-12 20:32:29:149] [vo.logVo.LogVo.<init>] [INFO] 日志实例已初始化...
[2020-04-12 20:32:29:150] [vo.logVo.LogVo.<init>] [INFO] 日志实例已初始化...
[2020-04-12 20:32:29:150] [vo.logVo.LogVo.<init>] [INFO] 日志实例已初始化...
[2020-04-12 20:32:29:151] [vo.logVo.LogVo.<init>] [INFO] 日志实例已初始化...
[2020-04-12 20:32:29:152] [vo.logVo.LogVo.<init>] [INFO] 日志实例已初始化...
[2020-04-12 20:32:29:152] [vo.logVo.LogVo.<init>] [INFO] 日志实例已初始化...
[2020-04-12 20:32:29:153] [vo.logVo.LogVo.<init>] [INFO] 日志实例已初始化...
[2020-04-12 20:32:29:153] [vo.logVo.LogVo.<init>] [INFO] 日志实例已初始化...
[2020-04-12 20:32:29:154] [vo.logVo.LogVo.<init>] [INFO] 日志实例已初始化...
[2020-04-12 20:32:29:154] [vo.logVo.LogVo.<init>] [INFO] 日志实例已初始化...
[2020-04-12 20:32:29:155] [vo.logVo.LogVo.<init>] [INFO] 日志实例已初始化...
[2020-04-12 20:32:29:155] [vo.logVo.LogVo.<init>] [INFO] 日志实例已初始化...
[2020-04-12 20:32:29:155] [vo.logVo.LogVo.<init>] [INFO] 日志实例已初始化...
[2020-04-12 20:32:29:156] [vo.logVo.LogVo.<init>] [INFO] 日志实例已初始化...
[2020-04-12 20:32:29:156] [vo.logVo.LogVo.<init>] [INFO] 日志实例已初始化...
[2020-04-12 20:32:29:157] [vo.logVo.LogVo.<init>] [INFO] 日志实例已初始化...
[2020-04-12 20:32:29:157] [vo.logVo.LogVo.<init>] [INFO] 日志实例已初始化...
[2020-04-12 20:32:29:158] [vo.logVo.LogVo.<init>] [INFO] 日志实例已初始化...
[2020-04-12 20:32:29:158] [vo.logVo.LogVo.<init>] [INFO] 日志实例已初始化...
[2020-04-12 20:32:29:159] [vo.logVo.LogVo.<init>] [INFO] 日志实例已初始化...
[2020-04-12 20:32:29:159] [vo.logVo.LogVo.<init>] [INFO] 日志实例已初始化...
[2020-04-12 20:32:29:160] [vo.logVo.LogVo.<init>] [INFO] 日志实例已初始化...
[2020-04-12 20:32:29:160] [vo.logVo.LogVo.<init>] [INFO] 日志实例已初始化...
[2020-04-12 20:32:29:161] [vo.logVo.LogVo.<init>] [INFO] 日志实例已初始化...
[2020-04-12 20:32:29:161] [vo.logVo.LogVo.<init>] [INFO] 日志实例已初始化...
[2020-04-12 20:32:29:161] [vo.logVo.LogVo.<init>] [INFO] 日志实例已初始化...
[2020-04-12 20:32:29:179] [action.userAction.LoginAction.execute] [INFO] WangWu 登录成功,登录时间:2020-04-12 20:32:29
[2020-04-12 20:35:15:835] [aop.AnnotationCommenAop.writeLog] [INFO] 开始保存操作日志...
[2020-04-12 20:35:16:124] [aop.AnnotationCommenAop.writeLog] [INFO] 保存操作日志成功.
[2020-04-12 20:35:16:128] [aop.AnnotationCommenAop.writeLog] [INFO] 开始保存操作日志...
[2020-04-12 20:35:16:141] [vo.logVo.LogVo.<init>] [INFO] 日志实例已初始化...
[2020-04-12 20:35:16:142] [vo.logVo.LogVo.<init>] [INFO] 日志实例已初始化...
[2020-04-12 20:35:16:143] [vo.logVo.LogVo.<init>] [INFO] 日志实例已初始化...
[2020-04-12 20:35:16:144] [vo.logVo.LogVo.<init>] [INFO] 日志实例已初始化...
[2020-04-12 20:35:16:144] [vo.logVo.LogVo.<init>] [INFO] 日志实例已初始化...
[2020-04-12 20:35:16:145] [vo.logVo.LogVo.<init>] [INFO] 日志实例已初始化...
[2020-04-12 20:35:16:146] [vo.logVo.LogVo.<init>] [INFO] 日志实例已初始化...
[2020-04-12 20:35:16:146] [vo.logVo.LogVo.<init>] [INFO] 日志实例已初始化...
[2020-04-12 20:35:16:147] [vo.logVo.LogVo.<init>] [INFO] 日志实例已初始化...
[2020-04-12 20:35:16:147] [vo.logVo.LogVo.<init>] [INFO] 日志实例已初始化...
[2020-04-12 20:35:16:148] [vo.logVo.LogVo.<init>] [INFO] 日志实例已初始化...
[2020-04-12 20:35:16:148] [vo.logVo.LogVo.<init>] [INFO] 日志实例已初始化...
[2020-04-12 20:35:16:149] [vo.logVo.LogVo.<init>] [INFO] 日志实例已初始化...
[2020-04-12 20:35:16:150] [vo.logVo.LogVo.<init>] [INFO] 日志实例已初始化...
[2020-04-12 20:35:16:150] [vo.logVo.LogVo.<init>] [INFO] 日志实例已初始化...
[2020-04-12 20:35:16:151] [vo.logVo.LogVo.<init>] [INFO] 日志实例已初始化...
[2020-04-12 20:35:16:152] [vo.logVo.LogVo.<init>] [INFO] 日志实例已初始化...
[2020-04-12 20:35:16:152] [vo.logVo.LogVo.<init>] [INFO] 日志实例已初始化...
[2020-04-12 20:35:16:153] [vo.logVo.LogVo.<init>] [INFO] 日志实例已初始化...
[2020-04-12 20:35:16:153] [vo.logVo.LogVo.<init>] [INFO] 日志实例已初始化...
[2020-04-12 20:35:16:154] [vo.logVo.LogVo.<init>] [INFO] 日志实例已初始化...
[2020-04-12 20:35:16:154] [vo.logVo.LogVo.<init>] [INFO] 日志实例已初始化...
[2020-04-12 20:35:16:155] [vo.logVo.LogVo.<init>] [INFO] 日志实例已初始化...
[2020-04-12 20:35:16:155] [vo.logVo.LogVo.<init>] [INFO] 日志实例已初始化...
[2020-04-12 20:35:16:156] [vo.logVo.LogVo.<init>] [INFO] 日志实例已初始化...
[2020-04-12 20:35:16:156] [vo.logVo.LogVo.<init>] [INFO] 日志实例已初始化...
[2020-04-12 20:35:16:156] [vo.logVo.LogVo.<init>] [INFO] 日志实例已初始化...
[2020-04-12 20:35:16:157] [vo.logVo.LogVo.<init>] [INFO] 日志实例已初始化...
[2020-04-12 20:35:16:158] [vo.logVo.LogVo.<init>] [INFO] 日志实例已初始化...
[2020-04-12 20:35:16:158] [vo.logVo.LogVo.<init>] [INFO] 日志实例已初始化...
[2020-04-12 20:35:16:159] [vo.logVo.LogVo.<init>] [INFO] 日志实例已初始化...
[2020-04-12 20:35:16:159] [vo.logVo.LogVo.<init>] [INFO] 日志实例已初始化...
[2020-04-12 20:35:16:159] [vo.logVo.LogVo.<init>] [INFO] 日志实例已初始化...
[2020-04-12 20:35:16:160] [vo.logVo.LogVo.<init>] [INFO] 日志实例已初始化...
[2020-04-12 20:35:16:160] [vo.logVo.LogVo.<init>] [INFO] 日志实例已初始化...
[2020-04-12 20:35:16:161] [vo.logVo.LogVo.<init>] [INFO] 日志实例已初始化...
[2020-04-12 20:35:16:161] [vo.logVo.LogVo.<init>] [INFO] 日志实例已初始化...
[2020-04-12 20:35:16:161] [vo.logVo.LogVo.<init>] [INFO] 日志实例已初始化...
[2020-04-12 20:35:16:162] [vo.logVo.LogVo.<init>] [INFO] 日志实例已初始化...
[2020-04-12 20:35:16:162] [vo.logVo.LogVo.<init>] [INFO] 日志实例已初始化...
[2020-04-12 20:35:16:162] [vo.logVo.LogVo.<init>] [INFO] 日志实例已初始化...
[2020-04-12 20:35:16:163] [vo.logVo.LogVo.<init>] [INFO] 日志实例已初始化...
[2020-04-12 20:35:16:163] [vo.logVo.LogVo.<init>] [INFO] 日志实例已初始化...
[2020-04-12 20:35:16:164] [vo.logVo.LogVo.<init>] [INFO] 日志实例已初始化...
[2020-04-12 20:35:16:164] [vo.logVo.LogVo.<init>] [INFO] 日志实例已初始化...
[2020-04-12 20:35:16:164] [vo.logVo.LogVo.<init>] [INFO] 日志实例已初始化...
[2020-04-12 20:35:16:165] [vo.logVo.LogVo.<init>] [INFO] 日志实例已初始化...
[2020-04-12 20:35:16:165] [vo.logVo.LogVo.<init>] [INFO] 日志实例已初始化...
[2020-04-12 20:35:16:165] [vo.logVo.LogVo.<init>] [INFO] 日志实例已初始化...
[2020-04-12 20:35:16:166] [vo.logVo.LogVo.<init>] [INFO] 日志实例已初始化...
[2020-04-12 20:35:16:166] [vo.logVo.LogVo.<init>] [INFO] 日志实例已初始化...
[2020-04-12 20:35:16:167] [vo.logVo.LogVo.<init>] [INFO] 日志实例已初始化...
[2020-04-12 20:35:16:167] [vo.logVo.LogVo.<init>] [INFO] 日志实例已初始化...
[2020-04-12 20:35:16:167] [vo.logVo.LogVo.<init>] [INFO] 日志实例已初始化...
[2020-04-12 20:35:16:168] [vo.logVo.LogVo.<init>] [INFO] 日志实例已初始化...
[2020-04-12 20:35:16:168] [vo.logVo.LogVo.<init>] [INFO] 日志实例已初始化...
[2020-04-12 20:35:16:169] [vo.logVo.LogVo.<init>] [INFO] 日志实例已初始化...
[2020-04-12 20:35:16:169] [vo.logVo.LogVo.<init>] [INFO] 日志实例已初始化...
[2020-04-12 20:35:16:169] [vo.logVo.LogVo.<init>] [INFO] 日志实例已初始化...
[2020-04-12 20:35:16:170] [vo.logVo.LogVo.<init>] [INFO] 日志实例已初始化...
[2020-04-12 20:35:16:170] [vo.logVo.LogVo.<init>] [INFO] 日志实例已初始化...
[2020-04-12 20:35:16:171] [vo.logVo.LogVo.<init>] [INFO] 日志实例已初始化...
[2020-04-12 20:35:16:171] [vo.logVo.LogVo.<init>] [INFO] 日志实例已初始化...
[2020-04-12 20:35:16:171] [vo.logVo.LogVo.<init>] [INFO] 日志实例已初始化...
[2020-04-12 20:35:16:172] [vo.logVo.LogVo.<init>] [INFO] 日志实例已初始化...
[2020-04-12 20:35:16:173] [vo.logVo.LogVo.<init>] [INFO] 日志实例已初始化...
[2020-04-12 20:35:16:173] [vo.logVo.LogVo.<init>] [INFO] 日志实例已初始化...
[2020-04-12 20:35:16:174] [vo.logVo.LogVo.<init>] [INFO] 日志实例已初始化...
[2020-04-12 20:35:16:174] [vo.logVo.LogVo.<init>] [INFO] 日志实例已初始化...
[2020-04-12 20:35:16:174] [vo.logVo.LogVo.<init>] [INFO] 日志实例已初始化...
[2020-04-12 20:35:16:175] [vo.logVo.LogVo.<init>] [INFO] 日志实例已初始化...
[2020-04-12 20:35:16:175] [vo.logVo.LogVo.<init>] [INFO] 日志实例已初始化...
[2020-04-12 20:35:16:176] [vo.logVo.LogVo.<init>] [INFO] 日志实例已初始化...
[2020-04-12 20:35:16:176] [vo.logVo.LogVo.<init>] [INFO] 日志实例已初始化...
[2020-04-12 20:35:16:176] [vo.logVo.LogVo.<init>] [INFO] 日志实例已初始化...
[2020-04-12 20:35:16:177] [vo.logVo.LogVo.<init>] [INFO] 日志实例已初始化...
[2020-04-12 20:35:16:177] [vo.logVo.LogVo.<init>] [INFO] 日志实例已初始化...
[2020-04-12 20:35:16:178] [vo.logVo.LogVo.<init>] [INFO] 日志实例已初始化...
[2020-04-12 20:35:16:178] [vo.logVo.LogVo.<init>] [INFO] 日志实例已初始化...
[2020-04-12 20:35:16:179] [vo.logVo.LogVo.<init>] [INFO] 日志实例已初始化...
[2020-04-12 20:35:16:179] [vo.logVo.LogVo.<init>] [INFO] 日志实例已初始化...
[2020-04-12 20:35:16:180] [vo.logVo.LogVo.<init>] [INFO] 日志实例已初始化...
[2020-04-12 20:35:16:181] [vo.logVo.LogVo.<init>] [INFO] 日志实例已初始化...
[2020-04-12 20:35:16:182] [vo.logVo.LogVo.<init>] [INFO] 日志实例已初始化...
[2020-04-12 20:35:16:182] [vo.logVo.LogVo.<init>] [INFO] 日志实例已初始化...
[2020-04-12 20:35:16:183] [vo.logVo.LogVo.<init>] [INFO] 日志实例已初始化...
[2020-04-12 20:35:16:184] [vo.logVo.LogVo.<init>] [INFO] 日志实例已初始化...
[2020-04-12 20:35:16:185] [vo.logVo.LogVo.<init>] [INFO] 日志实例已初始化...
[2020-04-12 20:35:16:185] [vo.logVo.LogVo.<init>] [INFO] 日志实例已初始化...
[2020-04-12 20:35:16:186] [vo.logVo.LogVo.<init>] [INFO] 日志实例已初始化...
[2020-04-12 20:35:16:186] [vo.logVo.LogVo.<init>] [INFO] 日志实例已初始化...
[2020-04-12 20:35:16:187] [vo.logVo.LogVo.<init>] [INFO] 日志实例已初始化...
[2020-04-12 20:35:16:188] [vo.logVo.LogVo.<init>] [INFO] 日志实例已初始化...
[2020-04-12 20:35:16:188] [vo.logVo.LogVo.<init>] [INFO] 日志实例已初始化...
[2020-04-12 20:35:16:189] [vo.logVo.LogVo.<init>] [INFO] 日志实例已初始化...
[2020-04-12 20:35:16:189] [vo.logVo.LogVo.<init>] [INFO] 日志实例已初始化...
[2020-04-12 20:35:16:190] [vo.logVo.LogVo.<init>] [INFO] 日志实例已初始化...
[2020-04-12 20:35:16:190] [vo.logVo.LogVo.<init>] [INFO] 日志实例已初始化...
[2020-04-12 20:35:16:191] [vo.logVo.LogVo.<init>] [INFO] 日志实例已初始化...
[2020-04-12 20:35:16:191] [vo.logVo.LogVo.<init>] [INFO] 日志实例已初始化...
[2020-04-12 20:35:16:192] [vo.logVo.LogVo.<init>] [INFO] 日志实例已初始化...
[2020-04-12 20:35:16:192] [vo.logVo.LogVo.<init>] [INFO] 日志实例已初始化...
[2020-04-12 20:35:16:193] [vo.logVo.LogVo.<init>] [INFO] 日志实例已初始化...
[2020-04-12 20:35:16:193] [vo.logVo.LogVo.<init>] [INFO] 日志实例已初始化...
[2020-04-12 20:35:16:194] [vo.logVo.LogVo.<init>] [INFO] 日志实例已初始化...
[2020-04-12 20:35:16:194] [vo.logVo.LogVo.<init>] [INFO] 日志实例已初始化...
[2020-04-12 20:35:16:195] [vo.logVo.LogVo.<init>] [INFO] 日志实例已初始化...
[2020-04-12 20:35:16:196] [vo.logVo.LogVo.<init>] [INFO] 日志实例已初始化...
[2020-04-12 20:35:16:196] [vo.logVo.LogVo.<init>] [INFO] 日志实例已初始化...
[2020-04-12 20:35:16:197] [vo.logVo.LogVo.<init>] [INFO] 日志实例已初始化...
[2020-04-12 20:35:16:197] [vo.logVo.LogVo.<init>] [INFO] 日志实例已初始化...
[2020-04-12 20:35:16:198] [vo.logVo.LogVo.<init>] [INFO] 日志实例已初始化...
[2020-04-12 20:35:16:198] [vo.logVo.LogVo.<init>] [INFO] 日志实例已初始化...
[2020-04-12 20:35:16:199] [vo.logVo.LogVo.<init>] [INFO] 日志实例已初始化...
[2020-04-12 20:35:16:199] [vo.logVo.LogVo.<init>] [INFO] 日志实例已初始化...
[2020-04-12 20:35:16:200] [vo.logVo.LogVo.<init>] [INFO] 日志实例已初始化...
[2020-04-12 20:35:16:200] [vo.logVo.LogVo.<init>] [INFO] 日志实例已初始化...
[2020-04-12 20:35:16:201] [vo.logVo.LogVo.<init>] [INFO] 日志实例已初始化...
[2020-04-12 20:35:16:201] [vo.logVo.LogVo.<init>] [INFO] 日志实例已初始化...
[2020-04-12 20:35:16:202] [vo.logVo.LogVo.<init>] [INFO] 日志实例已初始化...
[2020-04-12 20:35:16:203] [vo.logVo.LogVo.<init>] [INFO] 日志实例已初始化...
[2020-04-12 20:35:16:203] [vo.logVo.LogVo.<init>] [INFO] 日志实例已初始化...
[2020-04-12 20:35:16:203] [vo.logVo.LogVo.<init>] [INFO] 日志实例已初始化...
[2020-04-12 20:35:16:204] [vo.logVo.LogVo.<init>] [INFO] 日志实例已初始化...
[2020-04-12 20:35:16:204] [vo.logVo.LogVo.<init>] [INFO] 日志实例已初始化...
[2020-04-12 20:35:16:204] [vo.logVo.LogVo.<init>] [INFO] 日志实例已初始化...
[2020-04-12 20:35:16:205] [vo.logVo.LogVo.<init>] [INFO] 日志实例已初始化...
[2020-04-12 20:35:16:205] [vo.logVo.LogVo.<init>] [INFO] 日志实例已初始化...
[2020-04-12 20:35:16:205] [vo.logVo.LogVo.<init>] [INFO] 日志实例已初始化...
[2020-04-12 20:35:16:206] [vo.logVo.LogVo.<init>] [INFO] 日志实例已初始化...
[2020-04-12 20:35:16:206] [vo.logVo.LogVo.<init>] [INFO] 日志实例已初始化...
[2020-04-12 20:35:16:206] [vo.logVo.LogVo.<init>] [INFO] 日志实例已初始化...
[2020-04-12 20:35:16:207] [vo.logVo.LogVo.<init>] [INFO] 日志实例已初始化...
[2020-04-12 20:35:16:207] [vo.logVo.LogVo.<init>] [INFO] 日志实例已初始化...
[2020-04-12 20:35:16:207] [vo.logVo.LogVo.<init>] [INFO] 日志实例已初始化...
[2020-04-12 20:35:16:207] [vo.logVo.LogVo.<init>] [INFO] 日志实例已初始化...
[2020-04-12 20:35:16:208] [vo.logVo.LogVo.<init>] [INFO] 日志实例已初始化...
[2020-04-12 20:35:16:208] [vo.logVo.LogVo.<init>] [INFO] 日志实例已初始化...
[2020-04-12 20:35:16:208] [vo.logVo.LogVo.<init>] [INFO] 日志实例已初始化...
[2020-04-12 20:35:16:208] [vo.logVo.LogVo.<init>] [INFO] 日志实例已初始化...
[2020-04-12 20:35:16:209] [vo.logVo.LogVo.<init>] [INFO] 日志实例已初始化...
[2020-04-12 20:35:16:209] [vo.logVo.LogVo.<init>] [INFO] 日志实例已初始化...
[2020-04-12 20:35:16:209] [vo.logVo.LogVo.<init>] [INFO] 日志实例已初始化...
[2020-04-12 20:35:16:209] [vo.logVo.LogVo.<init>] [INFO] 日志实例已初始化...
[2020-04-12 20:35:16:210] [vo.logVo.LogVo.<init>] [INFO] 日志实例已初始化...
[2020-04-12 20:35:16:210] [vo.logVo.LogVo.<init>] [INFO] 日志实例已初始化...
[2020-04-12 20:35:16:210] [vo.logVo.LogVo.<init>] [INFO] 日志实例已初始化...
[2020-04-12 20:35:16:211] [vo.logVo.LogVo.<init>] [INFO] 日志实例已初始化...
[2020-04-12 20:35:16:211] [vo.logVo.LogVo.<init>] [INFO] 日志实例已初始化...
[2020-04-12 20:35:16:211] [vo.logVo.LogVo.<init>] [INFO] 日志实例已初始化...
[2020-04-12 20:35:16:212] [vo.logVo.LogVo.<init>] [INFO] 日志实例已初始化...
[2020-04-12 20:35:16:212] [vo.logVo.LogVo.<init>] [INFO] 日志实例已初始化...
[2020-04-12 20:35:16:212] [vo.logVo.LogVo.<init>] [INFO] 日志实例已初始化...
[2020-04-12 20:35:16:212] [vo.logVo.LogVo.<init>] [INFO] 日志实例已初始化...
[2020-04-12 20:35:16:213] [vo.logVo.LogVo.<init>] [INFO] 日志实例已初始化...
[2020-04-12 20:35:16:213] [vo.logVo.LogVo.<init>] [INFO] 日志实例已初始化...
[2020-04-12 20:35:16:213] [vo.logVo.LogVo.<init>] [INFO] 日志实例已初始化...
[2020-04-12 20:35:16:214] [vo.logVo.LogVo.<init>] [INFO] 日志实例已初始化...
[2020-04-12 20:35:16:214] [vo.logVo.LogVo.<init>] [INFO] 日志实例已初始化...
[2020-04-12 20:35:16:214] [vo.logVo.LogVo.<init>] [INFO] 日志实例已初始化...
[2020-04-12 20:35:16:214] [vo.logVo.LogVo.<init>] [INFO] 日志实例已初始化...
[2020-04-12 20:35:16:215] [vo.logVo.LogVo.<init>] [INFO] 日志实例已初始化...
[2020-04-12 20:35:16:215] [vo.logVo.LogVo.<init>] [INFO] 日志实例已初始化...
[2020-04-12 20:35:16:215] [vo.logVo.LogVo.<init>] [INFO] 日志实例已初始化...
[2020-04-12 20:35:16:216] [vo.logVo.LogVo.<init>] [INFO] 日志实例已初始化...
[2020-04-12 20:35:16:216] [vo.logVo.LogVo.<init>] [INFO] 日志实例已初始化...
[2020-04-12 20:35:16:216] [vo.logVo.LogVo.<init>] [INFO] 日志实例已初始化...
[2020-04-12 20:35:16:216] [vo.logVo.LogVo.<init>] [INFO] 日志实例已初始化...
[2020-04-12 20:35:16:217] [vo.logVo.LogVo.<init>] [INFO] 日志实例已初始化...
[2020-04-12 20:35:16:217] [vo.logVo.LogVo.<init>] [INFO] 日志实例已初始化...
[2020-04-12 20:35:16:217] [vo.logVo.LogVo.<init>] [INFO] 日志实例已初始化...
[2020-04-12 20:35:16:218] [vo.logVo.LogVo.<init>] [INFO] 日志实例已初始化...
[2020-04-12 20:35:16:218] [vo.logVo.LogVo.<init>] [INFO] 日志实例已初始化...
[2020-04-12 20:35:16:218] [vo.logVo.LogVo.<init>] [INFO] 日志实例已初始化...
[2020-04-12 20:35:16:219] [vo.logVo.LogVo.<init>] [INFO] 日志实例已初始化...
[2020-04-12 20:35:16:219] [vo.logVo.LogVo.<init>] [INFO] 日志实例已初始化...
[2020-04-12 20:35:16:219] [vo.logVo.LogVo.<init>] [INFO] 日志实例已初始化...
[2020-04-12 20:35:16:219] [vo.logVo.LogVo.<init>] [INFO] 日志实例已初始化...
[2020-04-12 20:35:16:220] [vo.logVo.LogVo.<init>] [INFO] 日志实例已初始化...
[2020-04-12 20:35:16:220] [vo.logVo.LogVo.<init>] [INFO] 日志实例已初始化...
[2020-04-12 20:35:16:220] [vo.logVo.LogVo.<init>] [INFO] 日志实例已初始化...
[2020-04-12 20:35:16:221] [vo.logVo.LogVo.<init>] [INFO] 日志实例已初始化...
[2020-04-12 20:35:16:221] [vo.logVo.LogVo.<init>] [INFO] 日志实例已初始化...
[2020-04-12 20:35:16:221] [vo.logVo.LogVo.<init>] [INFO] 日志实例已初始化...
[2020-04-12 20:35:16:221] [vo.logVo.LogVo.<init>] [INFO] 日志实例已初始化...
[2020-04-12 20:35:16:222] [vo.logVo.LogVo.<init>] [INFO] 日志实例已初始化...
[2020-04-12 20:35:16:222] [vo.logVo.LogVo.<init>] [INFO] 日志实例已初始化...
[2020-04-12 20:35:16:222] [vo.logVo.LogVo.<init>] [INFO] 日志实例已初始化...
[2020-04-12 20:35:16:222] [vo.logVo.LogVo.<init>] [INFO] 日志实例已初始化...
[2020-04-12 20:35:16:223] [vo.logVo.LogVo.<init>] [INFO] 日志实例已初始化...
[2020-04-12 20:35:16:223] [vo.logVo.LogVo.<init>] [INFO] 日志实例已初始化...
[2020-04-12 20:35:16:223] [vo.logVo.LogVo.<init>] [INFO] 日志实例已初始化...
[2020-04-12 20:35:16:223] [vo.logVo.LogVo.<init>] [INFO] 日志实例已初始化...
[2020-04-12 20:35:16:224] [vo.logVo.LogVo.<init>] [INFO] 日志实例已初始化...
[2020-04-12 20:35:16:224] [vo.logVo.LogVo.<init>] [INFO] 日志实例已初始化...
[2020-04-12 20:35:16:224] [vo.logVo.LogVo.<init>] [INFO] 日志实例已初始化...
[2020-04-12 20:35:16:225] [vo.logVo.LogVo.<init>] [INFO] 日志实例已初始化...
[2020-04-12 20:35:16:225] [vo.logVo.LogVo.<init>] [INFO] 日志实例已初始化...
[2020-04-12 20:35:16:225] [vo.logVo.LogVo.<init>] [INFO] 日志实例已初始化...
[2020-04-12 20:35:16:225] [vo.logVo.LogVo.<init>] [INFO] 日志实例已初始化...
[2020-04-12 20:35:16:226] [vo.logVo.LogVo.<init>] [INFO] 日志实例已初始化...
[2020-04-12 20:35:16:226] [vo.logVo.LogVo.<init>] [INFO] 日志实例已初始化...
[2020-04-12 20:35:16:227] [vo.logVo.LogVo.<init>] [INFO] 日志实例已初始化...
[2020-04-12 20:35:16:228] [vo.logVo.LogVo.<init>] [INFO] 日志实例已初始化...
[2020-04-12 20:35:16:228] [vo.logVo.LogVo.<init>] [INFO] 日志实例已初始化...
[2020-04-12 20:35:16:229] [vo.logVo.LogVo.<init>] [INFO] 日志实例已初始化...
[2020-04-12 20:35:16:229] [vo.logVo.LogVo.<init>] [INFO] 日志实例已初始化...
[2020-04-12 20:35:16:230] [vo.logVo.LogVo.<init>] [INFO] 日志实例已初始化...
[2020-04-12 20:35:16:230] [vo.logVo.LogVo.<init>] [INFO] 日志实例已初始化...
[2020-04-12 20:35:16:231] [vo.logVo.LogVo.<init>] [INFO] 日志实例已初始化...
[2020-04-12 20:35:16:231] [vo.logVo.LogVo.<init>] [INFO] 日志实例已初始化...
[2020-04-12 20:35:16:232] [vo.logVo.LogVo.<init>] [INFO] 日志实例已初始化...
[2020-04-12 20:35:16:232] [vo.logVo.LogVo.<init>] [INFO] 日志实例已初始化...
[2020-04-12 20:35:16:233] [vo.logVo.LogVo.<init>] [INFO] 日志实例已初始化...
[2020-04-12 20:35:16:233] [vo.logVo.LogVo.<init>] [INFO] 日志实例已初始化...
[2020-04-12 20:35:16:234] [vo.logVo.LogVo.<init>] [INFO] 日志实例已初始化...
[2020-04-12 20:35:16:235] [vo.logVo.LogVo.<init>] [INFO] 日志实例已初始化...
[2020-04-12 20:35:16:236] [vo.logVo.LogVo.<init>] [INFO] 日志实例已初始化...
[2020-04-12 20:35:16:236] [vo.logVo.LogVo.<init>] [INFO] 日志实例已初始化...
[2020-04-12 20:35:16:237] [vo.logVo.LogVo.<init>] [INFO] 日志实例已初始化...
[2020-04-12 20:35:16:237] [vo.logVo.LogVo.<init>] [INFO] 日志实例已初始化...
[2020-04-12 20:35:16:238] [vo.logVo.LogVo.<init>] [INFO] 日志实例已初始化...
[2020-04-12 20:35:16:238] [vo.logVo.LogVo.<init>] [INFO] 日志实例已初始化...
[2020-04-12 20:35:16:239] [vo.logVo.LogVo.<init>] [INFO] 日志实例已初始化...
[2020-04-12 20:35:16:239] [vo.logVo.LogVo.<init>] [INFO] 日志实例已初始化...
[2020-04-12 20:35:16:240] [vo.logVo.LogVo.<init>] [INFO] 日志实例已初始化...
[2020-04-12 20:35:16:240] [vo.logVo.LogVo.<init>] [INFO] 日志实例已初始化...
[2020-04-12 20:35:16:241] [vo.logVo.LogVo.<init>] [INFO] 日志实例已初始化...
[2020-04-12 20:35:16:242] [vo.logVo.LogVo.<init>] [INFO] 日志实例已初始化...
[2020-04-12 20:35:16:243] [vo.logVo.LogVo.<init>] [INFO] 日志实例已初始化...
[2020-04-12 20:35:16:243] [vo.logVo.LogVo.<init>] [INFO] 日志实例已初始化...
[2020-04-12 20:35:16:244] [vo.logVo.LogVo.<init>] [INFO] 日志实例已初始化...
[2020-04-12 20:35:16:245] [vo.logVo.LogVo.<init>] [INFO] 日志实例已初始化...
[2020-04-12 20:35:16:245] [vo.logVo.LogVo.<init>] [INFO] 日志实例已初始化...
[2020-04-12 20:35:16:246] [vo.logVo.LogVo.<init>] [INFO] 日志实例已初始化...
[2020-04-12 20:35:16:247] [vo.logVo.LogVo.<init>] [INFO] 日志实例已初始化...
[2020-04-12 20:35:16:247] [vo.logVo.LogVo.<init>] [INFO] 日志实例已初始化...
[2020-04-12 20:35:16:248] [vo.logVo.LogVo.<init>] [INFO] 日志实例已初始化...
[2020-04-12 20:35:16:248] [vo.logVo.LogVo.<init>] [INFO] 日志实例已初始化...
[2020-04-12 20:35:16:250] [vo.logVo.LogVo.<init>] [INFO] 日志实例已初始化...
[2020-04-12 20:35:16:252] [vo.logVo.LogVo.<init>] [INFO] 日志实例已初始化...
[2020-04-12 20:35:16:254] [vo.logVo.LogVo.<init>] [INFO] 日志实例已初始化...
[2020-04-12 20:35:16:255] [vo.logVo.LogVo.<init>] [INFO] 日志实例已初始化...
[2020-04-12 20:35:16:255] [vo.logVo.LogVo.<init>] [INFO] 日志实例已初始化...
[2020-04-12 20:35:16:256] [vo.logVo.LogVo.<init>] [INFO] 日志实例已初始化...
[2020-04-12 20:35:16:256] [vo.logVo.LogVo.<init>] [INFO] 日志实例已初始化...
[2020-04-12 20:35:16:257] [vo.logVo.LogVo.<init>] [INFO] 日志实例已初始化...
[2020-04-12 20:35:16:257] [vo.logVo.LogVo.<init>] [INFO] 日志实例已初始化...
[2020-04-12 20:35:16:258] [vo.logVo.LogVo.<init>] [INFO] 日志实例已初始化...
[2020-04-12 20:35:16:259] [vo.logVo.LogVo.<init>] [INFO] 日志实例已初始化...
[2020-04-12 20:35:16:259] [vo.logVo.LogVo.<init>] [INFO] 日志实例已初始化...
[2020-04-12 20:35:16:260] [vo.logVo.LogVo.<init>] [INFO] 日志实例已初始化...
[2020-04-12 20:35:16:260] [vo.logVo.LogVo.<init>] [INFO] 日志实例已初始化...
[2020-04-12 20:35:16:261] [vo.logVo.LogVo.<init>] [INFO] 日志实例已初始化...
[2020-04-12 20:35:16:261] [vo.logVo.LogVo.<init>] [INFO] 日志实例已初始化...
[2020-04-12 20:35:16:262] [vo.logVo.LogVo.<init>] [INFO] 日志实例已初始化...
[2020-04-12 20:35:16:262] [vo.logVo.LogVo.<init>] [INFO] 日志实例已初始化...
[2020-04-12 20:35:16:262] [vo.logVo.LogVo.<init>] [INFO] 日志实例已初始化...
[2020-04-12 20:35:16:263] [vo.logVo.LogVo.<init>] [INFO] 日志实例已初始化...
[2020-04-12 20:35:16:263] [vo.logVo.LogVo.<init>] [INFO] 日志实例已初始化...
[2020-04-12 20:35:16:264] [vo.logVo.LogVo.<init>] [INFO] 日志实例已初始化...
[2020-04-12 20:35:16:264] [vo.logVo.LogVo.<init>] [INFO] 日志实例已初始化...
[2020-04-12 20:35:16:264] [vo.logVo.LogVo.<init>] [INFO] 日志实例已初始化...
[2020-04-12 20:35:16:265] [vo.logVo.LogVo.<init>] [INFO] 日志实例已初始化...
[2020-04-12 20:35:16:265] [vo.logVo.LogVo.<init>] [INFO] 日志实例已初始化...
[2020-04-12 20:35:16:265] [vo.logVo.LogVo.<init>] [INFO] 日志实例已初始化...
[2020-04-12 20:35:16:266] [vo.logVo.LogVo.<init>] [INFO] 日志实例已初始化...
[2020-04-12 20:35:16:266] [vo.logVo.LogVo.<init>] [INFO] 日志实例已初始化...
[2020-04-12 20:35:16:266] [vo.logVo.LogVo.<init>] [INFO] 日志实例已初始化...
[2020-04-12 20:35:16:267] [vo.logVo.LogVo.<init>] [INFO] 日志实例已初始化...
[2020-04-12 20:35:16:267] [vo.logVo.LogVo.<init>] [INFO] 日志实例已初始化...
[2020-04-12 20:35:16:268] [vo.logVo.LogVo.<init>] [INFO] 日志实例已初始化...
[2020-04-12 20:35:16:268] [vo.logVo.LogVo.<init>] [INFO] 日志实例已初始化...
[2020-04-12 20:35:16:269] [vo.logVo.LogVo.<init>] [INFO] 日志实例已初始化...
[2020-04-12 20:35:16:269] [vo.logVo.LogVo.<init>] [INFO] 日志实例已初始化...
[2020-04-12 20:35:16:270] [vo.logVo.LogVo.<init>] [INFO] 日志实例已初始化...
[2020-04-12 20:35:16:270] [vo.logVo.LogVo.<init>] [INFO] 日志实例已初始化...
[2020-04-12 20:35:16:271] [vo.logVo.LogVo.<init>] [INFO] 日志实例已初始化...
[2020-04-12 20:35:16:271] [vo.logVo.LogVo.<init>] [INFO] 日志实例已初始化...
[2020-04-12 20:35:16:272] [vo.logVo.LogVo.<init>] [INFO] 日志实例已初始化...
[2020-04-12 20:35:16:272] [vo.logVo.LogVo.<init>] [INFO] 日志实例已初始化...
[2020-04-12 20:35:16:272] [vo.logVo.LogVo.<init>] [INFO] 日志实例已初始化...
[2020-04-12 20:35:16:273] [vo.logVo.LogVo.<init>] [INFO] 日志实例已初始化...
[2020-04-12 20:35:16:273] [vo.logVo.LogVo.<init>] [INFO] 日志实例已初始化...
[2020-04-12 20:35:16:273] [vo.logVo.LogVo.<init>] [INFO] 日志实例已初始化...
[2020-04-12 20:35:16:274] [vo.logVo.LogVo.<init>] [INFO] 日志实例已初始化...
[2020-04-12 20:35:16:274] [vo.logVo.LogVo.<init>] [INFO] 日志实例已初始化...
[2020-04-12 20:35:16:274] [vo.logVo.LogVo.<init>] [INFO] 日志实例已初始化...
[2020-04-12 20:35:16:275] [vo.logVo.LogVo.<init>] [INFO] 日志实例已初始化...
[2020-04-12 20:35:16:275] [vo.logVo.LogVo.<init>] [INFO] 日志实例已初始化...
[2020-04-12 20:35:16:275] [vo.logVo.LogVo.<init>] [INFO] 日志实例已初始化...
[2020-04-12 20:35:16:276] [vo.logVo.LogVo.<init>] [INFO] 日志实例已初始化...
[2020-04-12 20:35:16:276] [vo.logVo.LogVo.<init>] [INFO] 日志实例已初始化...
[2020-04-12 20:35:16:276] [vo.logVo.LogVo.<init>] [INFO] 日志实例已初始化...
[2020-04-12 20:35:16:277] [vo.logVo.LogVo.<init>] [INFO] 日志实例已初始化...
[2020-04-12 20:35:16:277] [vo.logVo.LogVo.<init>] [INFO] 日志实例已初始化...
[2020-04-12 20:35:16:277] [vo.logVo.LogVo.<init>] [INFO] 日志实例已初始化...
[2020-04-12 20:35:16:277] [vo.logVo.LogVo.<init>] [INFO] 日志实例已初始化...
[2020-04-12 20:35:16:278] [vo.logVo.LogVo.<init>] [INFO] 日志实例已初始化...
[2020-04-12 20:35:16:278] [vo.logVo.LogVo.<init>] [INFO] 日志实例已初始化...
[2020-04-12 20:35:16:278] [vo.logVo.LogVo.<init>] [INFO] 日志实例已初始化...
[2020-04-12 20:35:16:278] [vo.logVo.LogVo.<init>] [INFO] 日志实例已初始化...
[2020-04-12 20:35:16:279] [vo.logVo.LogVo.<init>] [INFO] 日志实例已初始化...
[2020-04-12 20:35:16:279] [vo.logVo.LogVo.<init>] [INFO] 日志实例已初始化...
[2020-04-12 20:35:16:279] [vo.logVo.LogVo.<init>] [INFO] 日志实例已初始化...
[2020-04-12 20:35:16:280] [vo.logVo.LogVo.<init>] [INFO] 日志实例已初始化...
[2020-04-12 20:35:16:280] [vo.logVo.LogVo.<init>] [INFO] 日志实例已初始化...
[2020-04-12 20:35:16:280] [vo.logVo.LogVo.<init>] [INFO] 日志实例已初始化...
[2020-04-12 20:35:16:280] [vo.logVo.LogVo.<init>] [INFO] 日志实例已初始化...
[2020-04-12 20:35:16:281] [vo.logVo.LogVo.<init>] [INFO] 日志实例已初始化...
[2020-04-12 20:35:16:281] [vo.logVo.LogVo.<init>] [INFO] 日志实例已初始化...
[2020-04-12 20:35:16:281] [vo.logVo.LogVo.<init>] [INFO] 日志实例已初始化...
[2020-04-12 20:35:16:281] [vo.logVo.LogVo.<init>] [INFO] 日志实例已初始化...
[2020-04-12 20:35:16:282] [vo.logVo.LogVo.<init>] [INFO] 日志实例已初始化...
[2020-04-12 20:35:16:282] [vo.logVo.LogVo.<init>] [INFO] 日志实例已初始化...
[2020-04-12 20:35:16:282] [vo.logVo.LogVo.<init>] [INFO] 日志实例已初始化...
[2020-04-12 20:35:16:282] [vo.logVo.LogVo.<init>] [INFO] 日志实例已初始化...
[2020-04-12 20:35:16:283] [vo.logVo.LogVo.<init>] [INFO] 日志实例已初始化...
[2020-04-12 20:35:16:283] [vo.logVo.LogVo.<init>] [INFO] 日志实例已初始化...
[2020-04-12 20:35:16:284] [vo.logVo.LogVo.<init>] [INFO] 日志实例已初始化...
[2020-04-12 20:35:16:284] [vo.logVo.LogVo.<init>] [INFO] 日志实例已初始化...
[2020-04-12 20:35:16:284] [vo.logVo.LogVo.<init>] [INFO] 日志实例已初始化...
[2020-04-12 20:35:16:284] [vo.logVo.LogVo.<init>] [INFO] 日志实例已初始化...
[2020-04-12 20:35:16:285] [vo.logVo.LogVo.<init>] [INFO] 日志实例已初始化...
[2020-04-12 20:35:16:285] [vo.logVo.LogVo.<init>] [INFO] 日志实例已初始化...
[2020-04-12 20:35:16:285] [vo.logVo.LogVo.<init>] [INFO] 日志实例已初始化...
[2020-04-12 20:35:16:286] [vo.logVo.LogVo.<init>] [INFO] 日志实例已初始化...
[2020-04-12 20:35:16:286] [vo.logVo.LogVo.<init>] [INFO] 日志实例已初始化...
[2020-04-12 20:35:16:286] [vo.logVo.LogVo.<init>] [INFO] 日志实例已初始化...
[2020-04-12 20:35:16:286] [vo.logVo.LogVo.<init>] [INFO] 日志实例已初始化...
[2020-04-12 20:35:16:287] [vo.logVo.LogVo.<init>] [INFO] 日志实例已初始化...
[2020-04-12 20:35:16:287] [vo.logVo.LogVo.<init>] [INFO] 日志实例已初始化...
[2020-04-12 20:35:16:287] [vo.logVo.LogVo.<init>] [INFO] 日志实例已初始化...
[2020-04-12 20:35:16:288] [vo.logVo.LogVo.<init>] [INFO] 日志实例已初始化...
[2020-04-12 20:35:16:288] [vo.logVo.LogVo.<init>] [INFO] 日志实例已初始化...
[2020-04-12 20:35:16:288] [vo.logVo.LogVo.<init>] [INFO] 日志实例已初始化...
[2020-04-12 20:35:16:288] [vo.logVo.LogVo.<init>] [INFO] 日志实例已初始化...
[2020-04-12 20:35:16:289] [vo.logVo.LogVo.<init>] [INFO] 日志实例已初始化...
[2020-04-12 20:35:16:289] [vo.logVo.LogVo.<init>] [INFO] 日志实例已初始化...
[2020-04-12 20:35:16:289] [vo.logVo.LogVo.<init>] [INFO] 日志实例已初始化...
[2020-04-12 20:35:16:289] [vo.logVo.LogVo.<init>] [INFO] 日志实例已初始化...
[2020-04-12 20:35:16:290] [vo.logVo.LogVo.<init>] [INFO] 日志实例已初始化...
[2020-04-12 20:35:16:290] [vo.logVo.LogVo.<init>] [INFO] 日志实例已初始化...
[2020-04-12 20:35:16:291] [vo.logVo.LogVo.<init>] [INFO] 日志实例已初始化...
[2020-04-12 20:35:16:291] [vo.logVo.LogVo.<init>] [INFO] 日志实例已初始化...
[2020-04-12 20:35:16:292] [vo.logVo.LogVo.<init>] [INFO] 日志实例已初始化...
[2020-04-12 20:35:16:293] [vo.logVo.LogVo.<init>] [INFO] 日志实例已初始化...
[2020-04-12 20:35:16:294] [vo.logVo.LogVo.<init>] [INFO] 日志实例已初始化...
[2020-04-12 20:35:16:294] [vo.logVo.LogVo.<init>] [INFO] 日志实例已初始化...
[2020-04-12 20:35:16:294] [vo.logVo.LogVo.<init>] [INFO] 日志实例已初始化...
[2020-04-12 20:35:16:295] [vo.logVo.LogVo.<init>] [INFO] 日志实例已初始化...
[2020-04-12 20:35:16:295] [vo.logVo.LogVo.<init>] [INFO] 日志实例已初始化...
[2020-04-12 20:35:16:296] [vo.logVo.LogVo.<init>] [INFO] 日志实例已初始化...
[2020-04-12 20:35:16:296] [vo.logVo.LogVo.<init>] [INFO] 日志实例已初始化...
[2020-04-12 20:35:16:297] [vo.logVo.LogVo.<init>] [INFO] 日志实例已初始化...
[2020-04-12 20:35:16:297] [vo.logVo.LogVo.<init>] [INFO] 日志实例已初始化...
[2020-04-12 20:35:16:297] [vo.logVo.LogVo.<init>] [INFO] 日志实例已初始化...
[2020-04-12 20:35:16:298] [vo.logVo.LogVo.<init>] [INFO] 日志实例已初始化...
[2020-04-12 20:35:16:298] [vo.logVo.LogVo.<init>] [INFO] 日志实例已初始化...
[2020-04-12 20:35:16:299] [vo.logVo.LogVo.<init>] [INFO] 日志实例已初始化...
[2020-04-12 20:35:16:299] [vo.logVo.LogVo.<init>] [INFO] 日志实例已初始化...
[2020-04-12 20:35:16:299] [vo.logVo.LogVo.<init>] [INFO] 日志实例已初始化...
[2020-04-12 20:35:16:300] [vo.logVo.LogVo.<init>] [INFO] 日志实例已初始化...
[2020-04-12 20:35:16:300] [vo.logVo.LogVo.<init>] [INFO] 日志实例已初始化...
[2020-04-12 20:35:16:301] [vo.logVo.LogVo.<init>] [INFO] 日志实例已初始化...
[2020-04-12 20:35:16:301] [vo.logVo.LogVo.<init>] [INFO] 日志实例已初始化...
[2020-04-12 20:35:16:301] [vo.logVo.LogVo.<init>] [INFO] 日志实例已初始化...
[2020-04-12 20:35:16:302] [vo.logVo.LogVo.<init>] [INFO] 日志实例已初始化...
[2020-04-12 20:35:16:302] [vo.logVo.LogVo.<init>] [INFO] 日志实例已初始化...
[2020-04-12 20:35:16:302] [vo.logVo.LogVo.<init>] [INFO] 日志实例已初始化...
[2020-04-12 20:35:16:303] [vo.logVo.LogVo.<init>] [INFO] 日志实例已初始化...
[2020-04-12 20:35:16:303] [vo.logVo.LogVo.<init>] [INFO] 日志实例已初始化...
[2020-04-12 20:35:16:303] [vo.logVo.LogVo.<init>] [INFO] 日志实例已初始化...
[2020-04-12 20:35:16:304] [vo.logVo.LogVo.<init>] [INFO] 日志实例已初始化...
[2020-04-12 20:35:16:304] [vo.logVo.LogVo.<init>] [INFO] 日志实例已初始化...
[2020-04-12 20:35:16:304] [vo.logVo.LogVo.<init>] [INFO] 日志实例已初始化...
[2020-04-12 20:35:16:305] [vo.logVo.LogVo.<init>] [INFO] 日志实例已初始化...
[2020-04-12 20:35:16:305] [vo.logVo.LogVo.<init>] [INFO] 日志实例已初始化...
[2020-04-12 20:35:16:305] [vo.logVo.LogVo.<init>] [INFO] 日志实例已初始化...
[2020-04-12 20:35:16:305] [vo.logVo.LogVo.<init>] [INFO] 日志实例已初始化...
[2020-04-12 20:35:16:306] [vo.logVo.LogVo.<init>] [INFO] 日志实例已初始化...
[2020-04-12 20:35:16:306] [vo.logVo.LogVo.<init>] [INFO] 日志实例已初始化...
[2020-04-12 20:35:16:306] [vo.logVo.LogVo.<init>] [INFO] 日志实例已初始化...
[2020-04-12 20:35:16:307] [vo.logVo.LogVo.<init>] [INFO] 日志实例已初始化...
[2020-04-12 20:35:16:307] [vo.logVo.LogVo.<init>] [INFO] 日志实例已初始化...
[2020-04-12 20:35:16:307] [vo.logVo.LogVo.<init>] [INFO] 日志实例已初始化...
[2020-04-12 20:35:16:307] [vo.logVo.LogVo.<init>] [INFO] 日志实例已初始化...
[2020-04-12 20:35:16:308] [vo.logVo.LogVo.<init>] [INFO] 日志实例已初始化...
[2020-04-12 20:35:16:308] [vo.logVo.LogVo.<init>] [INFO] 日志实例已初始化...
[2020-04-12 20:35:16:308] [vo.logVo.LogVo.<init>] [INFO] 日志实例已初始化...
[2020-04-12 20:35:16:309] [vo.logVo.LogVo.<init>] [INFO] 日志实例已初始化...
[2020-04-12 20:35:16:319] [vo.logVo.LogVo.<init>] [INFO] 日志实例已初始化...
[2020-04-12 20:35:16:323] [vo.logVo.LogVo.<init>] [INFO] 日志实例已初始化...
[2020-04-12 20:35:16:433] [aop.AnnotationCommenAop.writeLog] [INFO] 保存操作日志成功.
[2020-04-12 20:35:34:910] [aop.AnnotationCommenAop.writeLog] [INFO] 开始保存操作日志...
[2020-04-12 20:35:34:921] [aop.AnnotationCommenAop.writeLog] [INFO] 保存操作日志成功.
[2020-04-12 20:35:34:923] [aop.AnnotationCommenAop.writeLog] [INFO] 开始保存操作日志...
[2020-04-12 20:35:34:928] [vo.logVo.LogVo.<init>] [INFO] 日志实例已初始化...
[2020-04-12 20:35:34:929] [vo.logVo.LogVo.<init>] [INFO] 日志实例已初始化...
[2020-04-12 20:35:34:930] [vo.logVo.LogVo.<init>] [INFO] 日志实例已初始化...
[2020-04-12 20:35:34:930] [vo.logVo.LogVo.<init>] [INFO] 日志实例已初始化...
[2020-04-12 20:35:34:930] [vo.logVo.LogVo.<init>] [INFO] 日志实例已初始化...
[2020-04-12 20:35:34:931] [vo.logVo.LogVo.<init>] [INFO] 日志实例已初始化...
[2020-04-12 20:35:34:931] [vo.logVo.LogVo.<init>] [INFO] 日志实例已初始化...
[2020-04-12 20:35:34:931] [vo.logVo.LogVo.<init>] [INFO] 日志实例已初始化...
[2020-04-12 20:35:34:931] [vo.logVo.LogVo.<init>] [INFO] 日志实例已初始化...
[2020-04-12 20:35:34:932] [vo.logVo.LogVo.<init>] [INFO] 日志实例已初始化...
[2020-04-12 20:35:34:932] [vo.logVo.LogVo.<init>] [INFO] 日志实例已初始化...
[2020-04-12 20:35:34:932] [vo.logVo.LogVo.<init>] [INFO] 日志实例已初始化...
[2020-04-12 20:35:34:933] [vo.logVo.LogVo.<init>] [INFO] 日志实例已初始化...
[2020-04-12 20:35:34:934] [vo.logVo.LogVo.<init>] [INFO] 日志实例已初始化...
[2020-04-12 20:35:34:934] [vo.logVo.LogVo.<init>] [INFO] 日志实例已初始化...
[2020-04-12 20:35:34:934] [vo.logVo.LogVo.<init>] [INFO] 日志实例已初始化...
[2020-04-12 20:35:34:935] [vo.logVo.LogVo.<init>] [INFO] 日志实例已初始化...
[2020-04-12 20:35:34:935] [vo.logVo.LogVo.<init>] [INFO] 日志实例已初始化...
[2020-04-12 20:35:34:935] [vo.logVo.LogVo.<init>] [INFO] 日志实例已初始化...
[2020-04-12 20:35:34:935] [vo.logVo.LogVo.<init>] [INFO] 日志实例已初始化...
[2020-04-12 20:35:34:936] [vo.logVo.LogVo.<init>] [INFO] 日志实例已初始化...
[2020-04-12 20:35:34:936] [vo.logVo.LogVo.<init>] [INFO] 日志实例已初始化...
[2020-04-12 20:35:34:936] [vo.logVo.LogVo.<init>] [INFO] 日志实例已初始化...
[2020-04-12 20:35:34:937] [vo.logVo.LogVo.<init>] [INFO] 日志实例已初始化...
[2020-04-12 20:35:34:937] [vo.logVo.LogVo.<init>] [INFO] 日志实例已初始化...
[2020-04-12 20:35:34:937] [vo.logVo.LogVo.<init>] [INFO] 日志实例已初始化...
[2020-04-12 20:35:34:937] [vo.logVo.LogVo.<init>] [INFO] 日志实例已初始化...
[2020-04-12 20:35:34:938] [vo.logVo.LogVo.<init>] [INFO] 日志实例已初始化...
[2020-04-12 20:35:34:938] [vo.logVo.LogVo.<init>] [INFO] 日志实例已初始化...
[2020-04-12 20:35:34:938] [vo.logVo.LogVo.<init>] [INFO] 日志实例已初始化...
[2020-04-12 20:35:34:938] [vo.logVo.LogVo.<init>] [INFO] 日志实例已初始化...
[2020-04-12 20:35:34:939] [vo.logVo.LogVo.<init>] [INFO] 日志实例已初始化...
[2020-04-12 20:35:34:939] [vo.logVo.LogVo.<init>] [INFO] 日志实例已初始化...
[2020-04-12 20:35:34:939] [vo.logVo.LogVo.<init>] [INFO] 日志实例已初始化...
[2020-04-12 20:35:34:939] [vo.logVo.LogVo.<init>] [INFO] 日志实例已初始化...
[2020-04-12 20:35:34:940] [vo.logVo.LogVo.<init>] [INFO] 日志实例已初始化...
[2020-04-12 20:35:34:940] [vo.logVo.LogVo.<init>] [INFO] 日志实例已初始化...
[2020-04-12 20:35:34:940] [vo.logVo.LogVo.<init>] [INFO] 日志实例已初始化...
[2020-04-12 20:35:34:941] [vo.logVo.LogVo.<init>] [INFO] 日志实例已初始化...
[2020-04-12 20:35:34:941] [vo.logVo.LogVo.<init>] [INFO] 日志实例已初始化...
[2020-04-12 20:35:34:941] [vo.logVo.LogVo.<init>] [INFO] 日志实例已初始化...
[2020-04-12 20:35:34:941] [vo.logVo.LogVo.<init>] [INFO] 日志实例已初始化...
[2020-04-12 20:35:34:942] [vo.logVo.LogVo.<init>] [INFO] 日志实例已初始化...
[2020-04-12 20:35:34:942] [vo.logVo.LogVo.<init>] [INFO] 日志实例已初始化...
[2020-04-12 20:35:34:942] [vo.logVo.LogVo.<init>] [INFO] 日志实例已初始化...
[2020-04-12 20:35:34:943] [vo.logVo.LogVo.<init>] [INFO] 日志实例已初始化...
[2020-04-12 20:35:34:943] [vo.logVo.LogVo.<init>] [INFO] 日志实例已初始化...
[2020-04-12 20:35:34:943] [vo.logVo.LogVo.<init>] [INFO] 日志实例已初始化...
[2020-04-12 20:35:34:944] [vo.logVo.LogVo.<init>] [INFO] 日志实例已初始化...
[2020-04-12 20:35:34:944] [vo.logVo.LogVo.<init>] [INFO] 日志实例已初始化...
[2020-04-12 20:35:34:944] [vo.logVo.LogVo.<init>] [INFO] 日志实例已初始化...
[2020-04-12 20:35:34:944] [vo.logVo.LogVo.<init>] [INFO] 日志实例已初始化...
[2020-04-12 20:35:34:945] [vo.logVo.LogVo.<init>] [INFO] 日志实例已初始化...
[2020-04-12 20:35:34:945] [vo.logVo.LogVo.<init>] [INFO] 日志实例已初始化...
[2020-04-12 20:35:34:945] [vo.logVo.LogVo.<init>] [INFO] 日志实例已初始化...
[2020-04-12 20:35:34:946] [vo.logVo.LogVo.<init>] [INFO] 日志实例已初始化...
[2020-04-12 20:35:34:946] [vo.logVo.LogVo.<init>] [INFO] 日志实例已初始化...
[2020-04-12 20:35:34:946] [vo.logVo.LogVo.<init>] [INFO] 日志实例已初始化...
[2020-04-12 20:35:34:946] [vo.logVo.LogVo.<init>] [INFO] 日志实例已初始化...
[2020-04-12 20:35:34:947] [vo.logVo.LogVo.<init>] [INFO] 日志实例已初始化...
[2020-04-12 20:35:34:947] [vo.logVo.LogVo.<init>] [INFO] 日志实例已初始化...
[2020-04-12 20:35:34:947] [vo.logVo.LogVo.<init>] [INFO] 日志实例已初始化...
[2020-04-12 20:35:34:947] [vo.logVo.LogVo.<init>] [INFO] 日志实例已初始化...
[2020-04-12 20:35:34:948] [vo.logVo.LogVo.<init>] [INFO] 日志实例已初始化...
[2020-04-12 20:35:34:948] [vo.logVo.LogVo.<init>] [INFO] 日志实例已初始化...
[2020-04-12 20:35:34:948] [vo.logVo.LogVo.<init>] [INFO] 日志实例已初始化...
[2020-04-12 20:35:34:949] [vo.logVo.LogVo.<init>] [INFO] 日志实例已初始化...
[2020-04-12 20:35:34:949] [vo.logVo.LogVo.<init>] [INFO] 日志实例已初始化...
[2020-04-12 20:35:34:949] [vo.logVo.LogVo.<init>] [INFO] 日志实例已初始化...
[2020-04-12 20:35:34:950] [vo.logVo.LogVo.<init>] [INFO] 日志实例已初始化...
[2020-04-12 20:35:34:950] [vo.logVo.LogVo.<init>] [INFO] 日志实例已初始化...
[2020-04-12 20:35:34:950] [vo.logVo.LogVo.<init>] [INFO] 日志实例已初始化...
[2020-04-12 20:35:34:951] [vo.logVo.LogVo.<init>] [INFO] 日志实例已初始化...
[2020-04-12 20:35:34:951] [vo.logVo.LogVo.<init>] [INFO] 日志实例已初始化...
[2020-04-12 20:35:34:951] [vo.logVo.LogVo.<init>] [INFO] 日志实例已初始化...
[2020-04-12 20:35:34:951] [vo.logVo.LogVo.<init>] [INFO] 日志实例已初始化...
[2020-04-12 20:35:34:952] [vo.logVo.LogVo.<init>] [INFO] 日志实例已初始化...
[2020-04-12 20:35:34:952] [vo.logVo.LogVo.<init>] [INFO] 日志实例已初始化...
[2020-04-12 20:35:34:952] [vo.logVo.LogVo.<init>] [INFO] 日志实例已初始化...
[2020-04-12 20:35:34:952] [vo.logVo.LogVo.<init>] [INFO] 日志实例已初始化...
[2020-04-12 20:35:34:953] [vo.logVo.LogVo.<init>] [INFO] 日志实例已初始化...
[2020-04-12 20:35:34:953] [vo.logVo.LogVo.<init>] [INFO] 日志实例已初始化...
[2020-04-12 20:35:34:953] [vo.logVo.LogVo.<init>] [INFO] 日志实例已初始化...
[2020-04-12 20:35:34:954] [vo.logVo.LogVo.<init>] [INFO] 日志实例已初始化...
[2020-04-12 20:35:34:954] [vo.logVo.LogVo.<init>] [INFO] 日志实例已初始化...
[2020-04-12 20:35:34:954] [vo.logVo.LogVo.<init>] [INFO] 日志实例已初始化...
[2020-04-12 20:35:34:954] [vo.logVo.LogVo.<init>] [INFO] 日志实例已初始化...
[2020-04-12 20:35:34:955] [vo.logVo.LogVo.<init>] [INFO] 日志实例已初始化...
[2020-04-12 20:35:34:955] [vo.logVo.LogVo.<init>] [INFO] 日志实例已初始化...
[2020-04-12 20:35:34:955] [vo.logVo.LogVo.<init>] [INFO] 日志实例已初始化...
[2020-04-12 20:35:34:955] [vo.logVo.LogVo.<init>] [INFO] 日志实例已初始化...
[2020-04-12 20:35:34:956] [vo.logVo.LogVo.<init>] [INFO] 日志实例已初始化...
[2020-04-12 20:35:34:956] [vo.logVo.LogVo.<init>] [INFO] 日志实例已初始化...
[2020-04-12 20:35:34:956] [vo.logVo.LogVo.<init>] [INFO] 日志实例已初始化...
[2020-04-12 20:35:34:956] [vo.logVo.LogVo.<init>] [INFO] 日志实例已初始化...
[2020-04-12 20:35:34:957] [vo.logVo.LogVo.<init>] [INFO] 日志实例已初始化...
[2020-04-12 20:35:34:957] [vo.logVo.LogVo.<init>] [INFO] 日志实例已初始化...
[2020-04-12 20:35:34:957] [vo.logVo.LogVo.<init>] [INFO] 日志实例已初始化...
[2020-04-12 20:35:34:958] [vo.logVo.LogVo.<init>] [INFO] 日志实例已初始化...
[2020-04-12 20:35:34:958] [vo.logVo.LogVo.<init>] [INFO] 日志实例已初始化...
[2020-04-12 20:35:34:959] [vo.logVo.LogVo.<init>] [INFO] 日志实例已初始化...
[2020-04-12 20:35:34:959] [vo.logVo.LogVo.<init>] [INFO] 日志实例已初始化...
[2020-04-12 20:35:34:959] [vo.logVo.LogVo.<init>] [INFO] 日志实例已初始化...
[2020-04-12 20:35:34:960] [vo.logVo.LogVo.<init>] [INFO] 日志实例已初始化...
[2020-04-12 20:35:34:960] [vo.logVo.LogVo.<init>] [INFO] 日志实例已初始化...
[2020-04-12 20:35:34:960] [vo.logVo.LogVo.<init>] [INFO] 日志实例已初始化...
[2020-04-12 20:35:34:960] [vo.logVo.LogVo.<init>] [INFO] 日志实例已初始化...
[2020-04-12 20:35:34:961] [vo.logVo.LogVo.<init>] [INFO] 日志实例已初始化...
[2020-04-12 20:35:34:961] [vo.logVo.LogVo.<init>] [INFO] 日志实例已初始化...
[2020-04-12 20:35:34:961] [vo.logVo.LogVo.<init>] [INFO] 日志实例已初始化...
[2020-04-12 20:35:34:961] [vo.logVo.LogVo.<init>] [INFO] 日志实例已初始化...
[2020-04-12 20:35:34:962] [vo.logVo.LogVo.<init>] [INFO] 日志实例已初始化...
[2020-04-12 20:35:34:962] [vo.logVo.LogVo.<init>] [INFO] 日志实例已初始化...
[2020-04-12 20:35:34:963] [vo.logVo.LogVo.<init>] [INFO] 日志实例已初始化...
[2020-04-12 20:35:34:963] [vo.logVo.LogVo.<init>] [INFO] 日志实例已初始化...
[2020-04-12 20:35:34:964] [vo.logVo.LogVo.<init>] [INFO] 日志实例已初始化...
[2020-04-12 20:35:34:965] [vo.logVo.LogVo.<init>] [INFO] 日志实例已初始化...
[2020-04-12 20:35:34:965] [vo.logVo.LogVo.<init>] [INFO] 日志实例已初始化...
[2020-04-12 20:35:34:966] [vo.logVo.LogVo.<init>] [INFO] 日志实例已初始化...
[2020-04-12 20:35:34:966] [vo.logVo.LogVo.<init>] [INFO] 日志实例已初始化...
[2020-04-12 20:35:34:967] [vo.logVo.LogVo.<init>] [INFO] 日志实例已初始化...
[2020-04-12 20:35:34:968] [vo.logVo.LogVo.<init>] [INFO] 日志实例已初始化...
[2020-04-12 20:35:34:969] [vo.logVo.LogVo.<init>] [INFO] 日志实例已初始化...
[2020-04-12 20:35:34:969] [vo.logVo.LogVo.<init>] [INFO] 日志实例已初始化...
[2020-04-12 20:35:34:970] [vo.logVo.LogVo.<init>] [INFO] 日志实例已初始化...
[2020-04-12 20:35:34:970] [vo.logVo.LogVo.<init>] [INFO] 日志实例已初始化...
[2020-04-12 20:35:34:971] [vo.logVo.LogVo.<init>] [INFO] 日志实例已初始化...
[2020-04-12 20:35:34:971] [vo.logVo.LogVo.<init>] [INFO] 日志实例已初始化...
[2020-04-12 20:35:34:971] [vo.logVo.LogVo.<init>] [INFO] 日志实例已初始化...
[2020-04-12 20:35:34:971] [vo.logVo.LogVo.<init>] [INFO] 日志实例已初始化...
[2020-04-12 20:35:34:972] [vo.logVo.LogVo.<init>] [INFO] 日志实例已初始化...
[2020-04-12 20:35:34:972] [vo.logVo.LogVo.<init>] [INFO] 日志实例已初始化...
[2020-04-12 20:35:34:973] [vo.logVo.LogVo.<init>] [INFO] 日志实例已初始化...
[2020-04-12 20:35:34:973] [vo.logVo.LogVo.<init>] [INFO] 日志实例已初始化...
[2020-04-12 20:35:34:974] [vo.logVo.LogVo.<init>] [INFO] 日志实例已初始化...
[2020-04-12 20:35:34:974] [vo.logVo.LogVo.<init>] [INFO] 日志实例已初始化...
[2020-04-12 20:35:34:975] [vo.logVo.LogVo.<init>] [INFO] 日志实例已初始化...
[2020-04-12 20:35:34:975] [vo.logVo.LogVo.<init>] [INFO] 日志实例已初始化...
[2020-04-12 20:35:34:975] [vo.logVo.LogVo.<init>] [INFO] 日志实例已初始化...
[2020-04-12 20:35:34:975] [vo.logVo.LogVo.<init>] [INFO] 日志实例已初始化...
[2020-04-12 20:35:34:976] [vo.logVo.LogVo.<init>] [INFO] 日志实例已初始化...
[2020-04-12 20:35:34:976] [vo.logVo.LogVo.<init>] [INFO] 日志实例已初始化...
[2020-04-12 20:35:34:976] [vo.logVo.LogVo.<init>] [INFO] 日志实例已初始化...
[2020-04-12 20:35:34:977] [vo.logVo.LogVo.<init>] [INFO] 日志实例已初始化...
[2020-04-12 20:35:34:977] [vo.logVo.LogVo.<init>] [INFO] 日志实例已初始化...
[2020-04-12 20:35:34:977] [vo.logVo.LogVo.<init>] [INFO] 日志实例已初始化...
[2020-04-12 20:35:34:977] [vo.logVo.LogVo.<init>] [INFO] 日志实例已初始化...
[2020-04-12 20:35:34:978] [vo.logVo.LogVo.<init>] [INFO] 日志实例已初始化...
[2020-04-12 20:35:34:978] [vo.logVo.LogVo.<init>] [INFO] 日志实例已初始化...
[2020-04-12 20:35:34:979] [vo.logVo.LogVo.<init>] [INFO] 日志实例已初始化...
[2020-04-12 20:35:34:979] [vo.logVo.LogVo.<init>] [INFO] 日志实例已初始化...
[2020-04-12 20:35:34:979] [vo.logVo.LogVo.<init>] [INFO] 日志实例已初始化...
[2020-04-12 20:35:34:980] [vo.logVo.LogVo.<init>] [INFO] 日志实例已初始化...
[2020-04-12 20:35:34:980] [vo.logVo.LogVo.<init>] [INFO] 日志实例已初始化...
[2020-04-12 20:35:34:981] [vo.logVo.LogVo.<init>] [INFO] 日志实例已初始化...
[2020-04-12 20:35:34:981] [vo.logVo.LogVo.<init>] [INFO] 日志实例已初始化...
[2020-04-12 20:35:34:982] [vo.logVo.LogVo.<init>] [INFO] 日志实例已初始化...
[2020-04-12 20:35:34:982] [vo.logVo.LogVo.<init>] [INFO] 日志实例已初始化...
[2020-04-12 20:35:34:982] [vo.logVo.LogVo.<init>] [INFO] 日志实例已初始化...
[2020-04-12 20:35:34:983] [vo.logVo.LogVo.<init>] [INFO] 日志实例已初始化...
[2020-04-12 20:35:34:984] [vo.logVo.LogVo.<init>] [INFO] 日志实例已初始化...
[2020-04-12 20:35:34:984] [vo.logVo.LogVo.<init>] [INFO] 日志实例已初始化...
[2020-04-12 20:35:34:985] [vo.logVo.LogVo.<init>] [INFO] 日志实例已初始化...
[2020-04-12 20:35:34:985] [vo.logVo.LogVo.<init>] [INFO] 日志实例已初始化...
[2020-04-12 20:35:34:985] [vo.logVo.LogVo.<init>] [INFO] 日志实例已初始化...
[2020-04-12 20:35:34:985] [vo.logVo.LogVo.<init>] [INFO] 日志实例已初始化...
[2020-04-12 20:35:34:986] [vo.logVo.LogVo.<init>] [INFO] 日志实例已初始化...
[2020-04-12 20:35:34:986] [vo.logVo.LogVo.<init>] [INFO] 日志实例已初始化...
[2020-04-12 20:35:34:986] [vo.logVo.LogVo.<init>] [INFO] 日志实例已初始化...
[2020-04-12 20:35:34:987] [vo.logVo.LogVo.<init>] [INFO] 日志实例已初始化...
[2020-04-12 20:35:34:987] [vo.logVo.LogVo.<init>] [INFO] 日志实例已初始化...
[2020-04-12 20:35:34:987] [vo.logVo.LogVo.<init>] [INFO] 日志实例已初始化...
[2020-04-12 20:35:34:987] [vo.logVo.LogVo.<init>] [INFO] 日志实例已初始化...
[2020-04-12 20:35:34:988] [vo.logVo.LogVo.<init>] [INFO] 日志实例已初始化...
[2020-04-12 20:35:34:988] [vo.logVo.LogVo.<init>] [INFO] 日志实例已初始化...
[2020-04-12 20:35:34:988] [vo.logVo.LogVo.<init>] [INFO] 日志实例已初始化...
[2020-04-12 20:35:34:988] [vo.logVo.LogVo.<init>] [INFO] 日志实例已初始化...
[2020-04-12 20:35:34:989] [vo.logVo.LogVo.<init>] [INFO] 日志实例已初始化...
[2020-04-12 20:35:34:989] [vo.logVo.LogVo.<init>] [INFO] 日志实例已初始化...
[2020-04-12 20:35:34:989] [vo.logVo.LogVo.<init>] [INFO] 日志实例已初始化...
[2020-04-12 20:35:34:990] [vo.logVo.LogVo.<init>] [INFO] 日志实例已初始化...
[2020-04-12 20:35:34:990] [vo.logVo.LogVo.<init>] [INFO] 日志实例已初始化...
[2020-04-12 20:35:34:990] [vo.logVo.LogVo.<init>] [INFO] 日志实例已初始化...
[2020-04-12 20:35:34:990] [vo.logVo.LogVo.<init>] [INFO] 日志实例已初始化...
[2020-04-12 20:35:34:991] [vo.logVo.LogVo.<init>] [INFO] 日志实例已初始化...
[2020-04-12 20:35:34:991] [vo.logVo.LogVo.<init>] [INFO] 日志实例已初始化...
[2020-04-12 20:35:34:991] [vo.logVo.LogVo.<init>] [INFO] 日志实例已初始化...
[2020-04-12 20:35:34:991] [vo.logVo.LogVo.<init>] [INFO] 日志实例已初始化...
[2020-04-12 20:35:34:992] [vo.logVo.LogVo.<init>] [INFO] 日志实例已初始化...
[2020-04-12 20:35:34:992] [vo.logVo.LogVo.<init>] [INFO] 日志实例已初始化...
[2020-04-12 20:35:34:993] [vo.logVo.LogVo.<init>] [INFO] 日志实例已初始化...
[2020-04-12 20:35:34:993] [vo.logVo.LogVo.<init>] [INFO] 日志实例已初始化...
[2020-04-12 20:35:34:993] [vo.logVo.LogVo.<init>] [INFO] 日志实例已初始化...
[2020-04-12 20:35:34:994] [vo.logVo.LogVo.<init>] [INFO] 日志实例已初始化...
[2020-04-12 20:35:34:995] [vo.logVo.LogVo.<init>] [INFO] 日志实例已初始化...
[2020-04-12 20:35:34:995] [vo.logVo.LogVo.<init>] [INFO] 日志实例已初始化...
[2020-04-12 20:35:34:996] [vo.logVo.LogVo.<init>] [INFO] 日志实例已初始化...
[2020-04-12 20:35:34:996] [vo.logVo.LogVo.<init>] [INFO] 日志实例已初始化...
[2020-04-12 20:35:34:997] [vo.logVo.LogVo.<init>] [INFO] 日志实例已初始化...
[2020-04-12 20:35:34:998] [vo.logVo.LogVo.<init>] [INFO] 日志实例已初始化...
[2020-04-12 20:35:34:998] [vo.logVo.LogVo.<init>] [INFO] 日志实例已初始化...
[2020-04-12 20:35:35:000] [vo.logVo.LogVo.<init>] [INFO] 日志实例已初始化...
[2020-04-12 20:35:35:001] [vo.logVo.LogVo.<init>] [INFO] 日志实例已初始化...
[2020-04-12 20:35:35:001] [vo.logVo.LogVo.<init>] [INFO] 日志实例已初始化...
[2020-04-12 20:35:35:002] [vo.logVo.LogVo.<init>] [INFO] 日志实例已初始化...
[2020-04-12 20:35:35:002] [vo.logVo.LogVo.<init>] [INFO] 日志实例已初始化...
[2020-04-12 20:35:35:003] [vo.logVo.LogVo.<init>] [INFO] 日志实例已初始化...
[2020-04-12 20:35:35:004] [vo.logVo.LogVo.<init>] [INFO] 日志实例已初始化...
[2020-04-12 20:35:35:005] [vo.logVo.LogVo.<init>] [INFO] 日志实例已初始化...
[2020-04-12 20:35:35:007] [vo.logVo.LogVo.<init>] [INFO] 日志实例已初始化...
[2020-04-12 20:35:35:010] [vo.logVo.LogVo.<init>] [INFO] 日志实例已初始化...
[2020-04-12 20:35:35:012] [vo.logVo.LogVo.<init>] [INFO] 日志实例已初始化...
[2020-04-12 20:35:35:012] [vo.logVo.LogVo.<init>] [INFO] 日志实例已初始化...
[2020-04-12 20:35:35:013] [vo.logVo.LogVo.<init>] [INFO] 日志实例已初始化...
[2020-04-12 20:35:35:014] [vo.logVo.LogVo.<init>] [INFO] 日志实例已初始化...
[2020-04-12 20:35:35:015] [vo.logVo.LogVo.<init>] [INFO] 日志实例已初始化...
[2020-04-12 20:35:35:016] [vo.logVo.LogVo.<init>] [INFO] 日志实例已初始化...
[2020-04-12 20:35:35:017] [vo.logVo.LogVo.<init>] [INFO] 日志实例已初始化...
[2020-04-12 20:35:35:018] [vo.logVo.LogVo.<init>] [INFO] 日志实例已初始化...
[2020-04-12 20:35:35:018] [vo.logVo.LogVo.<init>] [INFO] 日志实例已初始化...
[2020-04-12 20:35:35:019] [vo.logVo.LogVo.<init>] [INFO] 日志实例已初始化...
[2020-04-12 20:35:35:020] [vo.logVo.LogVo.<init>] [INFO] 日志实例已初始化...
[2020-04-12 20:35:35:021] [vo.logVo.LogVo.<init>] [INFO] 日志实例已初始化...
[2020-04-12 20:35:35:021] [vo.logVo.LogVo.<init>] [INFO] 日志实例已初始化...
[2020-04-12 20:35:35:022] [vo.logVo.LogVo.<init>] [INFO] 日志实例已初始化...
[2020-04-12 20:35:35:022] [vo.logVo.LogVo.<init>] [INFO] 日志实例已初始化...
[2020-04-12 20:35:35:023] [vo.logVo.LogVo.<init>] [INFO] 日志实例已初始化...
[2020-04-12 20:35:35:023] [vo.logVo.LogVo.<init>] [INFO] 日志实例已初始化...
[2020-04-12 20:35:35:024] [vo.logVo.LogVo.<init>] [INFO] 日志实例已初始化...
[2020-04-12 20:35:35:024] [vo.logVo.LogVo.<init>] [INFO] 日志实例已初始化...
[2020-04-12 20:35:35:025] [vo.logVo.LogVo.<init>] [INFO] 日志实例已初始化...
[2020-04-12 20:35:35:025] [vo.logVo.LogVo.<init>] [INFO] 日志实例已初始化...
[2020-04-12 20:35:35:026] [vo.logVo.LogVo.<init>] [INFO] 日志实例已初始化...
[2020-04-12 20:35:35:026] [vo.logVo.LogVo.<init>] [INFO] 日志实例已初始化...
[2020-04-12 20:35:35:027] [vo.logVo.LogVo.<init>] [INFO] 日志实例已初始化...
[2020-04-12 20:35:35:027] [vo.logVo.LogVo.<init>] [INFO] 日志实例已初始化...
[2020-04-12 20:35:35:028] [vo.logVo.LogVo.<init>] [INFO] 日志实例已初始化...
[2020-04-12 20:35:35:028] [vo.logVo.LogVo.<init>] [INFO] 日志实例已初始化...
[2020-04-12 20:35:35:029] [vo.logVo.LogVo.<init>] [INFO] 日志实例已初始化...
[2020-04-12 20:35:35:030] [vo.logVo.LogVo.<init>] [INFO] 日志实例已初始化...
[2020-04-12 20:35:35:030] [vo.logVo.LogVo.<init>] [INFO] 日志实例已初始化...
[2020-04-12 20:35:35:032] [vo.logVo.LogVo.<init>] [INFO] 日志实例已初始化...
[2020-04-12 20:35:35:033] [vo.logVo.LogVo.<init>] [INFO] 日志实例已初始化...
[2020-04-12 20:35:35:035] [vo.logVo.LogVo.<init>] [INFO] 日志实例已初始化...
[2020-04-12 20:35:35:037] [vo.logVo.LogVo.<init>] [INFO] 日志实例已初始化...
[2020-04-12 20:35:35:037] [vo.logVo.LogVo.<init>] [INFO] 日志实例已初始化...
[2020-04-12 20:35:35:038] [vo.logVo.LogVo.<init>] [INFO] 日志实例已初始化...
[2020-04-12 20:35:35:039] [vo.logVo.LogVo.<init>] [INFO] 日志实例已初始化...
[2020-04-12 20:35:35:040] [vo.logVo.LogVo.<init>] [INFO] 日志实例已初始化...
[2020-04-12 20:35:35:042] [vo.logVo.LogVo.<init>] [INFO] 日志实例已初始化...
[2020-04-12 20:35:35:043] [vo.logVo.LogVo.<init>] [INFO] 日志实例已初始化...
[2020-04-12 20:35:35:046] [vo.logVo.LogVo.<init>] [INFO] 日志实例已初始化...
[2020-04-12 20:35:35:048] [vo.logVo.LogVo.<init>] [INFO] 日志实例已初始化...
[2020-04-12 20:35:35:051] [vo.logVo.LogVo.<init>] [INFO] 日志实例已初始化...
[2020-04-12 20:35:35:053] [vo.logVo.LogVo.<init>] [INFO] 日志实例已初始化...
[2020-04-12 20:35:35:054] [vo.logVo.LogVo.<init>] [INFO] 日志实例已初始化...
[2020-04-12 20:35:35:056] [vo.logVo.LogVo.<init>] [INFO] 日志实例已初始化...
[2020-04-12 20:35:35:058] [vo.logVo.LogVo.<init>] [INFO] 日志实例已初始化...
[2020-04-12 20:35:35:058] [vo.logVo.LogVo.<init>] [INFO] 日志实例已初始化...
[2020-04-12 20:35:35:060] [vo.logVo.LogVo.<init>] [INFO] 日志实例已初始化...
[2020-04-12 20:35:35:061] [vo.logVo.LogVo.<init>] [INFO] 日志实例已初始化...
[2020-04-12 20:35:35:061] [vo.logVo.LogVo.<init>] [INFO] 日志实例已初始化...
[2020-04-12 20:35:35:063] [vo.logVo.LogVo.<init>] [INFO] 日志实例已初始化...
[2020-04-12 20:35:35:065] [vo.logVo.LogVo.<init>] [INFO] 日志实例已初始化...
[2020-04-12 20:35:35:066] [vo.logVo.LogVo.<init>] [INFO] 日志实例已初始化...
[2020-04-12 20:35:35:067] [vo.logVo.LogVo.<init>] [INFO] 日志实例已初始化...
[2020-04-12 20:35:35:068] [vo.logVo.LogVo.<init>] [INFO] 日志实例已初始化...
[2020-04-12 20:35:35:068] [vo.logVo.LogVo.<init>] [INFO] 日志实例已初始化...
[2020-04-12 20:35:35:069] [vo.logVo.LogVo.<init>] [INFO] 日志实例已初始化...
[2020-04-12 20:35:35:070] [vo.logVo.LogVo.<init>] [INFO] 日志实例已初始化...
[2020-04-12 20:35:35:072] [vo.logVo.LogVo.<init>] [INFO] 日志实例已初始化...
[2020-04-12 20:35:35:073] [vo.logVo.LogVo.<init>] [INFO] 日志实例已初始化...
[2020-04-12 20:35:35:074] [vo.logVo.LogVo.<init>] [INFO] 日志实例已初始化...
[2020-04-12 20:35:35:075] [vo.logVo.LogVo.<init>] [INFO] 日志实例已初始化...
[2020-04-12 20:35:35:076] [vo.logVo.LogVo.<init>] [INFO] 日志实例已初始化...
[2020-04-12 20:35:35:077] [vo.logVo.LogVo.<init>] [INFO] 日志实例已初始化...
[2020-04-12 20:35:35:080] [vo.logVo.LogVo.<init>] [INFO] 日志实例已初始化...
[2020-04-12 20:35:35:080] [vo.logVo.LogVo.<init>] [INFO] 日志实例已初始化...
[2020-04-12 20:35:35:081] [vo.logVo.LogVo.<init>] [INFO] 日志实例已初始化...
[2020-04-12 20:35:35:081] [vo.logVo.LogVo.<init>] [INFO] 日志实例已初始化...
[2020-04-12 20:35:35:082] [vo.logVo.LogVo.<init>] [INFO] 日志实例已初始化...
[2020-04-12 20:35:35:084] [vo.logVo.LogVo.<init>] [INFO] 日志实例已初始化...
[2020-04-12 20:35:35:085] [vo.logVo.LogVo.<init>] [INFO] 日志实例已初始化...
[2020-04-12 20:35:35:085] [vo.logVo.LogVo.<init>] [INFO] 日志实例已初始化...
[2020-04-12 20:35:35:086] [vo.logVo.LogVo.<init>] [INFO] 日志实例已初始化...
[2020-04-12 20:35:35:087] [vo.logVo.LogVo.<init>] [INFO] 日志实例已初始化...
[2020-04-12 20:35:35:087] [vo.logVo.LogVo.<init>] [INFO] 日志实例已初始化...
[2020-04-12 20:35:35:088] [vo.logVo.LogVo.<init>] [INFO] 日志实例已初始化...
[2020-04-12 20:35:35:088] [vo.logVo.LogVo.<init>] [INFO] 日志实例已初始化...
[2020-04-12 20:35:35:089] [vo.logVo.LogVo.<init>] [INFO] 日志实例已初始化...
[2020-04-12 20:35:35:089] [vo.logVo.LogVo.<init>] [INFO] 日志实例已初始化...
[2020-04-12 20:35:35:090] [vo.logVo.LogVo.<init>] [INFO] 日志实例已初始化...
[2020-04-12 20:35:35:090] [vo.logVo.LogVo.<init>] [INFO] 日志实例已初始化...
[2020-04-12 20:35:35:091] [vo.logVo.LogVo.<init>] [INFO] 日志实例已初始化...
[2020-04-12 20:35:35:091] [vo.logVo.LogVo.<init>] [INFO] 日志实例已初始化...
[2020-04-12 20:35:35:092] [vo.logVo.LogVo.<init>] [INFO] 日志实例已初始化...
[2020-04-12 20:35:35:093] [vo.logVo.LogVo.<init>] [INFO] 日志实例已初始化...
[2020-04-12 20:35:35:094] [vo.logVo.LogVo.<init>] [INFO] 日志实例已初始化...
[2020-04-12 20:35:35:094] [vo.logVo.LogVo.<init>] [INFO] 日志实例已初始化...
[2020-04-12 20:35:35:095] [vo.logVo.LogVo.<init>] [INFO] 日志实例已初始化...
[2020-04-12 20:35:35:095] [vo.logVo.LogVo.<init>] [INFO] 日志实例已初始化...
[2020-04-12 20:35:35:096] [vo.logVo.LogVo.<init>] [INFO] 日志实例已初始化...
[2020-04-12 20:35:35:096] [vo.logVo.LogVo.<init>] [INFO] 日志实例已初始化...
[2020-04-12 20:35:35:096] [vo.logVo.LogVo.<init>] [INFO] 日志实例已初始化...
[2020-04-12 20:35:35:097] [vo.logVo.LogVo.<init>] [INFO] 日志实例已初始化...
[2020-04-12 20:35:35:097] [vo.logVo.LogVo.<init>] [INFO] 日志实例已初始化...
[2020-04-12 20:35:35:098] [vo.logVo.LogVo.<init>] [INFO] 日志实例已初始化...
[2020-04-12 20:35:35:098] [vo.logVo.LogVo.<init>] [INFO] 日志实例已初始化...
[2020-04-12 20:35:35:098] [vo.logVo.LogVo.<init>] [INFO] 日志实例已初始化...
[2020-04-12 20:35:35:099] [vo.logVo.LogVo.<init>] [INFO] 日志实例已初始化...
[2020-04-12 20:35:35:100] [vo.logVo.LogVo.<init>] [INFO] 日志实例已初始化...
[2020-04-12 20:35:35:101] [vo.logVo.LogVo.<init>] [INFO] 日志实例已初始化...
[2020-04-12 20:35:35:101] [vo.logVo.LogVo.<init>] [INFO] 日志实例已初始化...
[2020-04-12 20:35:35:102] [vo.logVo.LogVo.<init>] [INFO] 日志实例已初始化...
[2020-04-12 20:35:35:102] [vo.logVo.LogVo.<init>] [INFO] 日志实例已初始化...
[2020-04-12 20:35:35:102] [vo.logVo.LogVo.<init>] [INFO] 日志实例已初始化...
[2020-04-12 20:35:35:104] [vo.logVo.LogVo.<init>] [INFO] 日志实例已初始化...
[2020-04-12 20:35:35:105] [vo.logVo.LogVo.<init>] [INFO] 日志实例已初始化...
[2020-04-12 20:35:35:105] [vo.logVo.LogVo.<init>] [INFO] 日志实例已初始化...
[2020-04-12 20:35:35:106] [vo.logVo.LogVo.<init>] [INFO] 日志实例已初始化...
[2020-04-12 20:35:35:107] [vo.logVo.LogVo.<init>] [INFO] 日志实例已初始化...
[2020-04-12 20:35:35:108] [vo.logVo.LogVo.<init>] [INFO] 日志实例已初始化...
[2020-04-12 20:35:35:109] [vo.logVo.LogVo.<init>] [INFO] 日志实例已初始化...
[2020-04-12 20:35:35:109] [vo.logVo.LogVo.<init>] [INFO] 日志实例已初始化...
[2020-04-12 20:35:35:110] [vo.logVo.LogVo.<init>] [INFO] 日志实例已初始化...
[2020-04-12 20:35:35:111] [vo.logVo.LogVo.<init>] [INFO] 日志实例已初始化...
[2020-04-12 20:35:35:111] [vo.logVo.LogVo.<init>] [INFO] 日志实例已初始化...
[2020-04-12 20:35:35:111] [vo.logVo.LogVo.<init>] [INFO] 日志实例已初始化...
[2020-04-12 20:35:35:112] [vo.logVo.LogVo.<init>] [INFO] 日志实例已初始化...
[2020-04-12 20:35:35:112] [vo.logVo.LogVo.<init>] [INFO] 日志实例已初始化...
[2020-04-12 20:35:35:113] [vo.logVo.LogVo.<init>] [INFO] 日志实例已初始化...
[2020-04-12 20:35:35:114] [vo.logVo.LogVo.<init>] [INFO] 日志实例已初始化...
[2020-04-12 20:35:35:116] [vo.logVo.LogVo.<init>] [INFO] 日志实例已初始化...
[2020-04-12 20:35:35:118] [vo.logVo.LogVo.<init>] [INFO] 日志实例已初始化...
[2020-04-12 20:35:35:119] [vo.logVo.LogVo.<init>] [INFO] 日志实例已初始化...
[2020-04-12 20:35:35:120] [vo.logVo.LogVo.<init>] [INFO] 日志实例已初始化...
[2020-04-12 20:35:35:121] [vo.logVo.LogVo.<init>] [INFO] 日志实例已初始化...
[2020-04-12 20:35:35:121] [vo.logVo.LogVo.<init>] [INFO] 日志实例已初始化...
[2020-04-12 20:35:35:122] [vo.logVo.LogVo.<init>] [INFO] 日志实例已初始化...
[2020-04-12 20:35:35:123] [vo.logVo.LogVo.<init>] [INFO] 日志实例已初始化...
[2020-04-12 20:35:35:123] [vo.logVo.LogVo.<init>] [INFO] 日志实例已初始化...
[2020-04-12 20:35:35:123] [vo.logVo.LogVo.<init>] [INFO] 日志实例已初始化...
[2020-04-12 20:35:35:124] [vo.logVo.LogVo.<init>] [INFO] 日志实例已初始化...
[2020-04-12 20:35:35:125] [vo.logVo.LogVo.<init>] [INFO] 日志实例已初始化...
[2020-04-12 20:35:35:127] [vo.logVo.LogVo.<init>] [INFO] 日志实例已初始化...
[2020-04-12 20:35:35:127] [vo.logVo.LogVo.<init>] [INFO] 日志实例已初始化...
[2020-04-12 20:35:35:128] [vo.logVo.LogVo.<init>] [INFO] 日志实例已初始化...
[2020-04-12 20:35:35:135] [vo.logVo.LogVo.<init>] [INFO] 日志实例已初始化...
[2020-04-12 20:35:35:136] [vo.logVo.LogVo.<init>] [INFO] 日志实例已初始化...
[2020-04-12 20:35:35:137] [vo.logVo.LogVo.<init>] [INFO] 日志实例已初始化...
[2020-04-12 20:35:35:138] [vo.logVo.LogVo.<init>] [INFO] 日志实例已初始化...
[2020-04-12 20:35:35:138] [vo.logVo.LogVo.<init>] [INFO] 日志实例已初始化...
[2020-04-12 20:35:35:139] [vo.logVo.LogVo.<init>] [INFO] 日志实例已初始化...
[2020-04-12 20:35:35:140] [vo.logVo.LogVo.<init>] [INFO] 日志实例已初始化...
[2020-04-12 20:35:35:141] [vo.logVo.LogVo.<init>] [INFO] 日志实例已初始化...
[2020-04-12 20:35:35:141] [vo.logVo.LogVo.<init>] [INFO] 日志实例已初始化...
[2020-04-12 20:35:35:142] [vo.logVo.LogVo.<init>] [INFO] 日志实例已初始化...
[2020-04-12 20:35:35:143] [vo.logVo.LogVo.<init>] [INFO] 日志实例已初始化...
[2020-04-12 20:35:35:144] [vo.logVo.LogVo.<init>] [INFO] 日志实例已初始化...
[2020-04-12 20:35:35:144] [vo.logVo.LogVo.<init>] [INFO] 日志实例已初始化...
[2020-04-12 20:35:35:145] [vo.logVo.LogVo.<init>] [INFO] 日志实例已初始化...
[2020-04-12 20:35:35:146] [vo.logVo.LogVo.<init>] [INFO] 日志实例已初始化...
[2020-04-12 20:35:35:147] [vo.logVo.LogVo.<init>] [INFO] 日志实例已初始化...
[2020-04-12 20:35:35:147] [vo.logVo.LogVo.<init>] [INFO] 日志实例已初始化...
[2020-04-12 20:35:35:148] [vo.logVo.LogVo.<init>] [INFO] 日志实例已初始化...
[2020-04-12 20:35:35:150] [vo.logVo.LogVo.<init>] [INFO] 日志实例已初始化...
[2020-04-12 20:35:35:151] [vo.logVo.LogVo.<init>] [INFO] 日志实例已初始化...
[2020-04-12 20:35:35:152] [vo.logVo.LogVo.<init>] [INFO] 日志实例已初始化...
[2020-04-12 20:35:35:153] [vo.logVo.LogVo.<init>] [INFO] 日志实例已初始化...
[2020-04-12 20:35:35:153] [vo.logVo.LogVo.<init>] [INFO] 日志实例已初始化...
[2020-04-12 20:35:35:154] [vo.logVo.LogVo.<init>] [INFO] 日志实例已初始化...
[2020-04-12 20:35:35:155] [vo.logVo.LogVo.<init>] [INFO] 日志实例已初始化...
[2020-04-12 20:35:35:156] [vo.logVo.LogVo.<init>] [INFO] 日志实例已初始化...
[2020-04-12 20:35:35:157] [vo.logVo.LogVo.<init>] [INFO] 日志实例已初始化...
[2020-04-12 20:35:35:157] [vo.logVo.LogVo.<init>] [INFO] 日志实例已初始化...
[2020-04-12 20:35:35:158] [vo.logVo.LogVo.<init>] [INFO] 日志实例已初始化...
[2020-04-12 20:35:35:158] [vo.logVo.LogVo.<init>] [INFO] 日志实例已初始化...
[2020-04-12 20:35:35:159] [vo.logVo.LogVo.<init>] [INFO] 日志实例已初始化...
[2020-04-12 20:35:35:159] [vo.logVo.LogVo.<init>] [INFO] 日志实例已初始化...
[2020-04-12 20:35:35:160] [vo.logVo.LogVo.<init>] [INFO] 日志实例已初始化...
[2020-04-12 20:35:35:160] [vo.logVo.LogVo.<init>] [INFO] 日志实例已初始化...
[2020-04-12 20:35:35:161] [vo.logVo.LogVo.<init>] [INFO] 日志实例已初始化...
[2020-04-12 20:35:35:162] [vo.logVo.LogVo.<init>] [INFO] 日志实例已初始化...
[2020-04-12 20:35:35:163] [vo.logVo.LogVo.<init>] [INFO] 日志实例已初始化...
[2020-04-12 20:35:35:163] [vo.logVo.LogVo.<init>] [INFO] 日志实例已初始化...
[2020-04-12 20:35:35:164] [vo.logVo.LogVo.<init>] [INFO] 日志实例已初始化...
[2020-04-12 20:35:35:167] [vo.logVo.LogVo.<init>] [INFO] 日志实例已初始化...
[2020-04-12 20:35:35:167] [vo.logVo.LogVo.<init>] [INFO] 日志实例已初始化...
[2020-04-12 20:35:35:168] [vo.logVo.LogVo.<init>] [INFO] 日志实例已初始化...
[2020-04-12 20:35:35:169] [vo.logVo.LogVo.<init>] [INFO] 日志实例已初始化...
[2020-04-12 20:35:35:169] [vo.logVo.LogVo.<init>] [INFO] 日志实例已初始化...
[2020-04-12 20:35:35:184] [vo.logVo.LogVo.<init>] [INFO] 日志实例已初始化...
[2020-04-12 20:35:35:189] [vo.logVo.LogVo.<init>] [INFO] 日志实例已初始化...
[2020-04-12 20:35:35:297] [aop.AnnotationCommenAop.writeLog] [INFO] 保存操作日志成功.
[2020-04-12 20:35:36:922] [aop.AnnotationCommenAop.writeLog] [INFO] 开始保存操作日志...
[2020-04-12 20:35:36:944] [aop.AnnotationCommenAop.writeLog] [INFO] 保存操作日志成功.
[2020-04-12 20:35:36:944] [aop.AnnotationCommenAop.writeLog] [INFO] 开始保存操作日志...
[2020-04-12 20:35:36:951] [vo.logVo.LogVo.<init>] [INFO] 日志实例已初始化...
[2020-04-12 20:35:36:952] [vo.logVo.LogVo.<init>] [INFO] 日志实例已初始化...
[2020-04-12 20:35:36:953] [vo.logVo.LogVo.<init>] [INFO] 日志实例已初始化...
[2020-04-12 20:35:36:953] [vo.logVo.LogVo.<init>] [INFO] 日志实例已初始化...
[2020-04-12 20:35:36:954] [vo.logVo.LogVo.<init>] [INFO] 日志实例已初始化...
[2020-04-12 20:35:36:955] [vo.logVo.LogVo.<init>] [INFO] 日志实例已初始化...
[2020-04-12 20:35:36:955] [vo.logVo.LogVo.<init>] [INFO] 日志实例已初始化...
[2020-04-12 20:35:36:956] [vo.logVo.LogVo.<init>] [INFO] 日志实例已初始化...
[2020-04-12 20:35:36:956] [vo.logVo.LogVo.<init>] [INFO] 日志实例已初始化...
[2020-04-12 20:35:36:957] [vo.logVo.LogVo.<init>] [INFO] 日志实例已初始化...
[2020-04-12 20:35:36:957] [vo.logVo.LogVo.<init>] [INFO] 日志实例已初始化...
[2020-04-12 20:35:36:958] [vo.logVo.LogVo.<init>] [INFO] 日志实例已初始化...
[2020-04-12 20:35:36:958] [vo.logVo.LogVo.<init>] [INFO] 日志实例已初始化...
[2020-04-12 20:35:36:958] [vo.logVo.LogVo.<init>] [INFO] 日志实例已初始化...
[2020-04-12 20:35:36:959] [vo.logVo.LogVo.<init>] [INFO] 日志实例已初始化...
[2020-04-12 20:35:36:959] [vo.logVo.LogVo.<init>] [INFO] 日志实例已初始化...
[2020-04-12 20:35:36:959] [vo.logVo.LogVo.<init>] [INFO] 日志实例已初始化...
[2020-04-12 20:35:36:960] [vo.logVo.LogVo.<init>] [INFO] 日志实例已初始化...
[2020-04-12 20:35:36:960] [vo.logVo.LogVo.<init>] [INFO] 日志实例已初始化...
[2020-04-12 20:35:36:960] [vo.logVo.LogVo.<init>] [INFO] 日志实例已初始化...
[2020-04-12 20:35:36:961] [vo.logVo.LogVo.<init>] [INFO] 日志实例已初始化...
[2020-04-12 20:35:36:961] [vo.logVo.LogVo.<init>] [INFO] 日志实例已初始化...
[2020-04-12 20:35:36:961] [vo.logVo.LogVo.<init>] [INFO] 日志实例已初始化...
[2020-04-12 20:35:36:962] [vo.logVo.LogVo.<init>] [INFO] 日志实例已初始化...
[2020-04-12 20:35:36:962] [vo.logVo.LogVo.<init>] [INFO] 日志实例已初始化...
[2020-04-12 20:35:36:963] [vo.logVo.LogVo.<init>] [INFO] 日志实例已初始化...
[2020-04-12 20:35:36:963] [vo.logVo.LogVo.<init>] [INFO] 日志实例已初始化...
[2020-04-12 20:35:36:964] [vo.logVo.LogVo.<init>] [INFO] 日志实例已初始化...
[2020-04-12 20:35:36:964] [vo.logVo.LogVo.<init>] [INFO] 日志实例已初始化...
[2020-04-12 20:35:36:965] [vo.logVo.LogVo.<init>] [INFO] 日志实例已初始化...
[2020-04-12 20:35:36:965] [vo.logVo.LogVo.<init>] [INFO] 日志实例已初始化...
[2020-04-12 20:35:36:965] [vo.logVo.LogVo.<init>] [INFO] 日志实例已初始化...
[2020-04-12 20:35:36:966] [vo.logVo.LogVo.<init>] [INFO] 日志实例已初始化...
[2020-04-12 20:35:36:966] [vo.logVo.LogVo.<init>] [INFO] 日志实例已初始化...
[2020-04-12 20:35:36:966] [vo.logVo.LogVo.<init>] [INFO] 日志实例已初始化...
[2020-04-12 20:35:36:967] [vo.logVo.LogVo.<init>] [INFO] 日志实例已初始化...
[2020-04-12 20:35:36:967] [vo.logVo.LogVo.<init>] [INFO] 日志实例已初始化...
[2020-04-12 20:35:36:967] [vo.logVo.LogVo.<init>] [INFO] 日志实例已初始化...
[2020-04-12 20:35:36:968] [vo.logVo.LogVo.<init>] [INFO] 日志实例已初始化...
[2020-04-12 20:35:36:968] [vo.logVo.LogVo.<init>] [INFO] 日志实例已初始化...
[2020-04-12 20:35:36:969] [vo.logVo.LogVo.<init>] [INFO] 日志实例已初始化...
[2020-04-12 20:35:36:969] [vo.logVo.LogVo.<init>] [INFO] 日志实例已初始化...
[2020-04-12 20:35:36:969] [vo.logVo.LogVo.<init>] [INFO] 日志实例已初始化...
[2020-04-12 20:35:36:969] [vo.logVo.LogVo.<init>] [INFO] 日志实例已初始化...
[2020-04-12 20:35:36:970] [vo.logVo.LogVo.<init>] [INFO] 日志实例已初始化...
[2020-04-12 20:35:36:970] [vo.logVo.LogVo.<init>] [INFO] 日志实例已初始化...
[2020-04-12 20:35:36:970] [vo.logVo.LogVo.<init>] [INFO] 日志实例已初始化...
[2020-04-12 20:35:36:971] [vo.logVo.LogVo.<init>] [INFO] 日志实例已初始化...
[2020-04-12 20:35:36:971] [vo.logVo.LogVo.<init>] [INFO] 日志实例已初始化...
[2020-04-12 20:35:36:971] [vo.logVo.LogVo.<init>] [INFO] 日志实例已初始化...
[2020-04-12 20:35:36:972] [vo.logVo.LogVo.<init>] [INFO] 日志实例已初始化...
[2020-04-12 20:35:36:972] [vo.logVo.LogVo.<init>] [INFO] 日志实例已初始化...
[2020-04-12 20:35:36:973] [vo.logVo.LogVo.<init>] [INFO] 日志实例已初始化...
[2020-04-12 20:35:36:973] [vo.logVo.LogVo.<init>] [INFO] 日志实例已初始化...
[2020-04-12 20:35:36:973] [vo.logVo.LogVo.<init>] [INFO] 日志实例已初始化...
[2020-04-12 20:35:36:974] [vo.logVo.LogVo.<init>] [INFO] 日志实例已初始化...
[2020-04-12 20:35:36:974] [vo.logVo.LogVo.<init>] [INFO] 日志实例已初始化...
[2020-04-12 20:35:36:975] [vo.logVo.LogVo.<init>] [INFO] 日志实例已初始化...
[2020-04-12 20:35:36:976] [vo.logVo.LogVo.<init>] [INFO] 日志实例已初始化...
[2020-04-12 20:35:36:977] [vo.logVo.LogVo.<init>] [INFO] 日志实例已初始化...
[2020-04-12 20:35:36:978] [vo.logVo.LogVo.<init>] [INFO] 日志实例已初始化...
[2020-04-12 20:35:36:979] [vo.logVo.LogVo.<init>] [INFO] 日志实例已初始化...
[2020-04-12 20:35:36:979] [vo.logVo.LogVo.<init>] [INFO] 日志实例已初始化...
[2020-04-12 20:35:36:982] [vo.logVo.LogVo.<init>] [INFO] 日志实例已初始化...
[2020-04-12 20:35:36:983] [vo.logVo.LogVo.<init>] [INFO] 日志实例已初始化...
[2020-04-12 20:35:36:983] [vo.logVo.LogVo.<init>] [INFO] 日志实例已初始化...
[2020-04-12 20:35:36:984] [vo.logVo.LogVo.<init>] [INFO] 日志实例已初始化...
[2020-04-12 20:35:36:985] [vo.logVo.LogVo.<init>] [INFO] 日志实例已初始化...
[2020-04-12 20:35:36:985] [vo.logVo.LogVo.<init>] [INFO] 日志实例已初始化...
[2020-04-12 20:35:36:985] [vo.logVo.LogVo.<init>] [INFO] 日志实例已初始化...
[2020-04-12 20:35:36:986] [vo.logVo.LogVo.<init>] [INFO] 日志实例已初始化...
[2020-04-12 20:35:36:986] [vo.logVo.LogVo.<init>] [INFO] 日志实例已初始化...
[2020-04-12 20:35:36:987] [vo.logVo.LogVo.<init>] [INFO] 日志实例已初始化...
[2020-04-12 20:35:36:987] [vo.logVo.LogVo.<init>] [INFO] 日志实例已初始化...
[2020-04-12 20:35:36:987] [vo.logVo.LogVo.<init>] [INFO] 日志实例已初始化...
[2020-04-12 20:35:36:988] [vo.logVo.LogVo.<init>] [INFO] 日志实例已初始化...
[2020-04-12 20:35:36:988] [vo.logVo.LogVo.<init>] [INFO] 日志实例已初始化...
[2020-04-12 20:35:36:989] [vo.logVo.LogVo.<init>] [INFO] 日志实例已初始化...
[2020-04-12 20:35:36:989] [vo.logVo.LogVo.<init>] [INFO] 日志实例已初始化...
[2020-04-12 20:35:36:990] [vo.logVo.LogVo.<init>] [INFO] 日志实例已初始化...
[2020-04-12 20:35:36:990] [vo.logVo.LogVo.<init>] [INFO] 日志实例已初始化...
[2020-04-12 20:35:36:991] [vo.logVo.LogVo.<init>] [INFO] 日志实例已初始化...
[2020-04-12 20:35:36:991] [vo.logVo.LogVo.<init>] [INFO] 日志实例已初始化...
[2020-04-12 20:35:36:992] [vo.logVo.LogVo.<init>] [INFO] 日志实例已初始化...
[2020-04-12 20:35:36:993] [vo.logVo.LogVo.<init>] [INFO] 日志实例已初始化...
[2020-04-12 20:35:36:994] [vo.logVo.LogVo.<init>] [INFO] 日志实例已初始化...
[2020-04-12 20:35:36:994] [vo.logVo.LogVo.<init>] [INFO] 日志实例已初始化...
[2020-04-12 20:35:36:994] [vo.logVo.LogVo.<init>] [INFO] 日志实例已初始化...
[2020-04-12 20:35:36:995] [vo.logVo.LogVo.<init>] [INFO] 日志实例已初始化...
[2020-04-12 20:35:36:995] [vo.logVo.LogVo.<init>] [INFO] 日志实例已初始化...
[2020-04-12 20:35:36:996] [vo.logVo.LogVo.<init>] [INFO] 日志实例已初始化...
[2020-04-12 20:35:36:997] [vo.logVo.LogVo.<init>] [INFO] 日志实例已初始化...
[2020-04-12 20:35:36:998] [vo.logVo.LogVo.<init>] [INFO] 日志实例已初始化...
[2020-04-12 20:35:36:998] [vo.logVo.LogVo.<init>] [INFO] 日志实例已初始化...
[2020-04-12 20:35:36:999] [vo.logVo.LogVo.<init>] [INFO] 日志实例已初始化...
[2020-04-12 20:35:37:000] [vo.logVo.LogVo.<init>] [INFO] 日志实例已初始化...
[2020-04-12 20:35:37:000] [vo.logVo.LogVo.<init>] [INFO] 日志实例已初始化...
[2020-04-12 20:35:37:000] [vo.logVo.LogVo.<init>] [INFO] 日志实例已初始化...
[2020-04-12 20:35:37:001] [vo.logVo.LogVo.<init>] [INFO] 日志实例已初始化...
[2020-04-12 20:35:37:001] [vo.logVo.LogVo.<init>] [INFO] 日志实例已初始化...
[2020-04-12 20:35:37:002] [vo.logVo.LogVo.<init>] [INFO] 日志实例已初始化...
[2020-04-12 20:35:37:003] [vo.logVo.LogVo.<init>] [INFO] 日志实例已初始化...
[2020-04-12 20:35:37:003] [vo.logVo.LogVo.<init>] [INFO] 日志实例已初始化...
[2020-04-12 20:35:37:003] [vo.logVo.LogVo.<init>] [INFO] 日志实例已初始化...
[2020-04-12 20:35:37:004] [vo.logVo.LogVo.<init>] [INFO] 日志实例已初始化...
[2020-04-12 20:35:37:004] [vo.logVo.LogVo.<init>] [INFO] 日志实例已初始化...
[2020-04-12 20:35:37:004] [vo.logVo.LogVo.<init>] [INFO] 日志实例已初始化...
[2020-04-12 20:35:37:005] [vo.logVo.LogVo.<init>] [INFO] 日志实例已初始化...
[2020-04-12 20:35:37:005] [vo.logVo.LogVo.<init>] [INFO] 日志实例已初始化...
[2020-04-12 20:35:37:005] [vo.logVo.LogVo.<init>] [INFO] 日志实例已初始化...
[2020-04-12 20:35:37:006] [vo.logVo.LogVo.<init>] [INFO] 日志实例已初始化...
[2020-04-12 20:35:37:006] [vo.logVo.LogVo.<init>] [INFO] 日志实例已初始化...
[2020-04-12 20:35:37:006] [vo.logVo.LogVo.<init>] [INFO] 日志实例已初始化...
[2020-04-12 20:35:37:007] [vo.logVo.LogVo.<init>] [INFO] 日志实例已初始化...
[2020-04-12 20:35:37:007] [vo.logVo.LogVo.<init>] [INFO] 日志实例已初始化...
[2020-04-12 20:35:37:007] [vo.logVo.LogVo.<init>] [INFO] 日志实例已初始化...
[2020-04-12 20:35:37:008] [vo.logVo.LogVo.<init>] [INFO] 日志实例已初始化...
[2020-04-12 20:35:37:008] [vo.logVo.LogVo.<init>] [INFO] 日志实例已初始化...
[2020-04-12 20:35:37:009] [vo.logVo.LogVo.<init>] [INFO] 日志实例已初始化...
[2020-04-12 20:35:37:010] [vo.logVo.LogVo.<init>] [INFO] 日志实例已初始化...
[2020-04-12 20:35:37:011] [vo.logVo.LogVo.<init>] [INFO] 日志实例已初始化...
[2020-04-12 20:35:37:012] [vo.logVo.LogVo.<init>] [INFO] 日志实例已初始化...
[2020-04-12 20:35:37:012] [vo.logVo.LogVo.<init>] [INFO] 日志实例已初始化...
[2020-04-12 20:35:37:012] [vo.logVo.LogVo.<init>] [INFO] 日志实例已初始化...
[2020-04-12 20:35:37:013] [vo.logVo.LogVo.<init>] [INFO] 日志实例已初始化...
[2020-04-12 20:35:37:013] [vo.logVo.LogVo.<init>] [INFO] 日志实例已初始化...
[2020-04-12 20:35:37:014] [vo.logVo.LogVo.<init>] [INFO] 日志实例已初始化...
[2020-04-12 20:35:37:015] [vo.logVo.LogVo.<init>] [INFO] 日志实例已初始化...
[2020-04-12 20:35:37:015] [vo.logVo.LogVo.<init>] [INFO] 日志实例已初始化...
[2020-04-12 20:35:37:016] [vo.logVo.LogVo.<init>] [INFO] 日志实例已初始化...
[2020-04-12 20:35:37:016] [vo.logVo.LogVo.<init>] [INFO] 日志实例已初始化...
[2020-04-12 20:35:37:017] [vo.logVo.LogVo.<init>] [INFO] 日志实例已初始化...
[2020-04-12 20:35:37:017] [vo.logVo.LogVo.<init>] [INFO] 日志实例已初始化...
[2020-04-12 20:35:37:017] [vo.logVo.LogVo.<init>] [INFO] 日志实例已初始化...
[2020-04-12 20:35:37:018] [vo.logVo.LogVo.<init>] [INFO] 日志实例已初始化...
[2020-04-12 20:35:37:018] [vo.logVo.LogVo.<init>] [INFO] 日志实例已初始化...
[2020-04-12 20:35:37:018] [vo.logVo.LogVo.<init>] [INFO] 日志实例已初始化...
[2020-04-12 20:35:37:019] [vo.logVo.LogVo.<init>] [INFO] 日志实例已初始化...
[2020-04-12 20:35:37:019] [vo.logVo.LogVo.<init>] [INFO] 日志实例已初始化...
[2020-04-12 20:35:37:019] [vo.logVo.LogVo.<init>] [INFO] 日志实例已初始化...
[2020-04-12 20:35:37:020] [vo.logVo.LogVo.<init>] [INFO] 日志实例已初始化...
[2020-04-12 20:35:37:020] [vo.logVo.LogVo.<init>] [INFO] 日志实例已初始化...
[2020-04-12 20:35:37:020] [vo.logVo.LogVo.<init>] [INFO] 日志实例已初始化...
[2020-04-12 20:35:37:021] [vo.logVo.LogVo.<init>] [INFO] 日志实例已初始化...
[2020-04-12 20:35:37:021] [vo.logVo.LogVo.<init>] [INFO] 日志实例已初始化...
[2020-04-12 20:35:37:021] [vo.logVo.LogVo.<init>] [INFO] 日志实例已初始化...
[2020-04-12 20:35:37:022] [vo.logVo.LogVo.<init>] [INFO] 日志实例已初始化...
[2020-04-12 20:35:37:022] [vo.logVo.LogVo.<init>] [INFO] 日志实例已初始化...
[2020-04-12 20:35:37:022] [vo.logVo.LogVo.<init>] [INFO] 日志实例已初始化...
[2020-04-12 20:35:37:022] [vo.logVo.LogVo.<init>] [INFO] 日志实例已初始化...
[2020-04-12 20:35:37:023] [vo.logVo.LogVo.<init>] [INFO] 日志实例已初始化...
[2020-04-12 20:35:37:023] [vo.logVo.LogVo.<init>] [INFO] 日志实例已初始化...
[2020-04-12 20:35:37:024] [vo.logVo.LogVo.<init>] [INFO] 日志实例已初始化...
[2020-04-12 20:35:37:024] [vo.logVo.LogVo.<init>] [INFO] 日志实例已初始化...
[2020-04-12 20:35:37:025] [vo.logVo.LogVo.<init>] [INFO] 日志实例已初始化...
[2020-04-12 20:35:37:025] [vo.logVo.LogVo.<init>] [INFO] 日志实例已初始化...
[2020-04-12 20:35:37:026] [vo.logVo.LogVo.<init>] [INFO] 日志实例已初始化...
[2020-04-12 20:35:37:026] [vo.logVo.LogVo.<init>] [INFO] 日志实例已初始化...
[2020-04-12 20:35:37:026] [vo.logVo.LogVo.<init>] [INFO] 日志实例已初始化...
[2020-04-12 20:35:37:027] [vo.logVo.LogVo.<init>] [INFO] 日志实例已初始化...
[2020-04-12 20:35:37:027] [vo.logVo.LogVo.<init>] [INFO] 日志实例已初始化...
[2020-04-12 20:35:37:027] [vo.logVo.LogVo.<init>] [INFO] 日志实例已初始化...
[2020-04-12 20:35:37:028] [vo.logVo.LogVo.<init>] [INFO] 日志实例已初始化...
[2020-04-12 20:35:37:028] [vo.logVo.LogVo.<init>] [INFO] 日志实例已初始化...
[2020-04-12 20:35:37:029] [vo.logVo.LogVo.<init>] [INFO] 日志实例已初始化...
[2020-04-12 20:35:37:029] [vo.logVo.LogVo.<init>] [INFO] 日志实例已初始化...
[2020-04-12 20:35:37:029] [vo.logVo.LogVo.<init>] [INFO] 日志实例已初始化...
[2020-04-12 20:35:37:030] [vo.logVo.LogVo.<init>] [INFO] 日志实例已初始化...
[2020-04-12 20:35:37:031] [vo.logVo.LogVo.<init>] [INFO] 日志实例已初始化...
[2020-04-12 20:35:37:032] [vo.logVo.LogVo.<init>] [INFO] 日志实例已初始化...
[2020-04-12 20:35:37:032] [vo.logVo.LogVo.<init>] [INFO] 日志实例已初始化...
[2020-04-12 20:35:37:033] [vo.logVo.LogVo.<init>] [INFO] 日志实例已初始化...
[2020-04-12 20:35:37:033] [vo.logVo.LogVo.<init>] [INFO] 日志实例已初始化...
[2020-04-12 20:35:37:034] [vo.logVo.LogVo.<init>] [INFO] 日志实例已初始化...
[2020-04-12 20:35:37:034] [vo.logVo.LogVo.<init>] [INFO] 日志实例已初始化...
[2020-04-12 20:35:37:035] [vo.logVo.LogVo.<init>] [INFO] 日志实例已初始化...
[2020-04-12 20:35:37:036] [vo.logVo.LogVo.<init>] [INFO] 日志实例已初始化...
[2020-04-12 20:35:37:036] [vo.logVo.LogVo.<init>] [INFO] 日志实例已初始化...
[2020-04-12 20:35:37:037] [vo.logVo.LogVo.<init>] [INFO] 日志实例已初始化...
[2020-04-12 20:35:37:037] [vo.logVo.LogVo.<init>] [INFO] 日志实例已初始化...
[2020-04-12 20:35:37:038] [vo.logVo.LogVo.<init>] [INFO] 日志实例已初始化...
[2020-04-12 20:35:37:038] [vo.logVo.LogVo.<init>] [INFO] 日志实例已初始化...
[2020-04-12 20:35:37:039] [vo.logVo.LogVo.<init>] [INFO] 日志实例已初始化...
[2020-04-12 20:35:37:039] [vo.logVo.LogVo.<init>] [INFO] 日志实例已初始化...
[2020-04-12 20:35:37:040] [vo.logVo.LogVo.<init>] [INFO] 日志实例已初始化...
[2020-04-12 20:35:37:040] [vo.logVo.LogVo.<init>] [INFO] 日志实例已初始化...
[2020-04-12 20:35:37:041] [vo.logVo.LogVo.<init>] [INFO] 日志实例已初始化...
[2020-04-12 20:35:37:041] [vo.logVo.LogVo.<init>] [INFO] 日志实例已初始化...
[2020-04-12 20:35:37:042] [vo.logVo.LogVo.<init>] [INFO] 日志实例已初始化...
[2020-04-12 20:35:37:043] [vo.logVo.LogVo.<init>] [INFO] 日志实例已初始化...
[2020-04-12 20:35:37:043] [vo.logVo.LogVo.<init>] [INFO] 日志实例已初始化...
[2020-04-12 20:35:37:044] [vo.logVo.LogVo.<init>] [INFO] 日志实例已初始化...
[2020-04-12 20:35:37:044] [vo.logVo.LogVo.<init>] [INFO] 日志实例已初始化...
[2020-04-12 20:35:37:045] [vo.logVo.LogVo.<init>] [INFO] 日志实例已初始化...
[2020-04-12 20:35:37:046] [vo.logVo.LogVo.<init>] [INFO] 日志实例已初始化...
[2020-04-12 20:35:37:047] [vo.logVo.LogVo.<init>] [INFO] 日志实例已初始化...
[2020-04-12 20:35:37:048] [vo.logVo.LogVo.<init>] [INFO] 日志实例已初始化...
[2020-04-12 20:35:37:049] [vo.logVo.LogVo.<init>] [INFO] 日志实例已初始化...
[2020-04-12 20:35:37:050] [vo.logVo.LogVo.<init>] [INFO] 日志实例已初始化...
[2020-04-12 20:35:37:051] [vo.logVo.LogVo.<init>] [INFO] 日志实例已初始化...
[2020-04-12 20:35:37:052] [vo.logVo.LogVo.<init>] [INFO] 日志实例已初始化...
[2020-04-12 20:35:37:053] [vo.logVo.LogVo.<init>] [INFO] 日志实例已初始化...
[2020-04-12 20:35:37:054] [vo.logVo.LogVo.<init>] [INFO] 日志实例已初始化...
[2020-04-12 20:35:37:055] [vo.logVo.LogVo.<init>] [INFO] 日志实例已初始化...
[2020-04-12 20:35:37:056] [vo.logVo.LogVo.<init>] [INFO] 日志实例已初始化...
[2020-04-12 20:35:37:058] [vo.logVo.LogVo.<init>] [INFO] 日志实例已初始化...
[2020-04-12 20:35:37:059] [vo.logVo.LogVo.<init>] [INFO] 日志实例已初始化...
[2020-04-12 20:35:37:060] [vo.logVo.LogVo.<init>] [INFO] 日志实例已初始化...
[2020-04-12 20:35:37:061] [vo.logVo.LogVo.<init>] [INFO] 日志实例已初始化...
[2020-04-12 20:35:37:062] [vo.logVo.LogVo.<init>] [INFO] 日志实例已初始化...
[2020-04-12 20:35:37:062] [vo.logVo.LogVo.<init>] [INFO] 日志实例已初始化...
[2020-04-12 20:35:37:065] [vo.logVo.LogVo.<init>] [INFO] 日志实例已初始化...
[2020-04-12 20:35:37:066] [vo.logVo.LogVo.<init>] [INFO] 日志实例已初始化...
[2020-04-12 20:35:37:067] [vo.logVo.LogVo.<init>] [INFO] 日志实例已初始化...
[2020-04-12 20:35:37:068] [vo.logVo.LogVo.<init>] [INFO] 日志实例已初始化...
[2020-04-12 20:35:37:068] [vo.logVo.LogVo.<init>] [INFO] 日志实例已初始化...
[2020-04-12 20:35:37:069] [vo.logVo.LogVo.<init>] [INFO] 日志实例已初始化...
[2020-04-12 20:35:37:070] [vo.logVo.LogVo.<init>] [INFO] 日志实例已初始化...
[2020-04-12 20:35:37:071] [vo.logVo.LogVo.<init>] [INFO] 日志实例已初始化...
[2020-04-12 20:35:37:072] [vo.logVo.LogVo.<init>] [INFO] 日志实例已初始化...
[2020-04-12 20:35:37:073] [vo.logVo.LogVo.<init>] [INFO] 日志实例已初始化...
[2020-04-12 20:35:37:074] [vo.logVo.LogVo.<init>] [INFO] 日志实例已初始化...
[2020-04-12 20:35:37:074] [vo.logVo.LogVo.<init>] [INFO] 日志实例已初始化...
[2020-04-12 20:35:37:075] [vo.logVo.LogVo.<init>] [INFO] 日志实例已初始化...
[2020-04-12 20:35:37:076] [vo.logVo.LogVo.<init>] [INFO] 日志实例已初始化...
[2020-04-12 20:35:37:076] [vo.logVo.LogVo.<init>] [INFO] 日志实例已初始化...
[2020-04-12 20:35:37:077] [vo.logVo.LogVo.<init>] [INFO] 日志实例已初始化...
[2020-04-12 20:35:37:077] [vo.logVo.LogVo.<init>] [INFO] 日志实例已初始化...
[2020-04-12 20:35:37:078] [vo.logVo.LogVo.<init>] [INFO] 日志实例已初始化...
[2020-04-12 20:35:37:079] [vo.logVo.LogVo.<init>] [INFO] 日志实例已初始化...
[2020-04-12 20:35:37:079] [vo.logVo.LogVo.<init>] [INFO] 日志实例已初始化...
[2020-04-12 20:35:37:081] [vo.logVo.LogVo.<init>] [INFO] 日志实例已初始化...
[2020-04-12 20:35:37:082] [vo.logVo.LogVo.<init>] [INFO] 日志实例已初始化...
[2020-04-12 20:35:37:083] [vo.logVo.LogVo.<init>] [INFO] 日志实例已初始化...
[2020-04-12 20:35:37:084] [vo.logVo.LogVo.<init>] [INFO] 日志实例已初始化...
[2020-04-12 20:35:37:085] [vo.logVo.LogVo.<init>] [INFO] 日志实例已初始化...
[2020-04-12 20:35:37:085] [vo.logVo.LogVo.<init>] [INFO] 日志实例已初始化...
[2020-04-12 20:35:37:086] [vo.logVo.LogVo.<init>] [INFO] 日志实例已初始化...
[2020-04-12 20:35:37:087] [vo.logVo.LogVo.<init>] [INFO] 日志实例已初始化...
[2020-04-12 20:35:37:090] [vo.logVo.LogVo.<init>] [INFO] 日志实例已初始化...
[2020-04-12 20:35:37:091] [vo.logVo.LogVo.<init>] [INFO] 日志实例已初始化...
[2020-04-12 20:35:37:092] [vo.logVo.LogVo.<init>] [INFO] 日志实例已初始化...
[2020-04-12 20:35:37:093] [vo.logVo.LogVo.<init>] [INFO] 日志实例已初始化...
[2020-04-12 20:35:37:093] [vo.logVo.LogVo.<init>] [INFO] 日志实例已初始化...
[2020-04-12 20:35:37:094] [vo.logVo.LogVo.<init>] [INFO] 日志实例已初始化...
[2020-04-12 20:35:37:095] [vo.logVo.LogVo.<init>] [INFO] 日志实例已初始化...
[2020-04-12 20:35:37:096] [vo.logVo.LogVo.<init>] [INFO] 日志实例已初始化...
[2020-04-12 20:35:37:096] [vo.logVo.LogVo.<init>] [INFO] 日志实例已初始化...
[2020-04-12 20:35:37:098] [vo.logVo.LogVo.<init>] [INFO] 日志实例已初始化...
[2020-04-12 20:35:37:099] [vo.logVo.LogVo.<init>] [INFO] 日志实例已初始化...
[2020-04-12 20:35:37:100] [vo.logVo.LogVo.<init>] [INFO] 日志实例已初始化...
[2020-04-12 20:35:37:101] [vo.logVo.LogVo.<init>] [INFO] 日志实例已初始化...
[2020-04-12 20:35:37:102] [vo.logVo.LogVo.<init>] [INFO] 日志实例已初始化...
[2020-04-12 20:35:37:102] [vo.logVo.LogVo.<init>] [INFO] 日志实例已初始化...
[2020-04-12 20:35:37:103] [vo.logVo.LogVo.<init>] [INFO] 日志实例已初始化...
[2020-04-12 20:35:37:104] [vo.logVo.LogVo.<init>] [INFO] 日志实例已初始化...
[2020-04-12 20:35:37:105] [vo.logVo.LogVo.<init>] [INFO] 日志实例已初始化...
[2020-04-12 20:35:37:106] [vo.logVo.LogVo.<init>] [INFO] 日志实例已初始化...
[2020-04-12 20:35:37:106] [vo.logVo.LogVo.<init>] [INFO] 日志实例已初始化...
[2020-04-12 20:35:37:107] [vo.logVo.LogVo.<init>] [INFO] 日志实例已初始化...
[2020-04-12 20:35:37:108] [vo.logVo.LogVo.<init>] [INFO] 日志实例已初始化...
[2020-04-12 20:35:37:109] [vo.logVo.LogVo.<init>] [INFO] 日志实例已初始化...
[2020-04-12 20:35:37:110] [vo.logVo.LogVo.<init>] [INFO] 日志实例已初始化...
[2020-04-12 20:35:37:111] [vo.logVo.LogVo.<init>] [INFO] 日志实例已初始化...
[2020-04-12 20:35:37:112] [vo.logVo.LogVo.<init>] [INFO] 日志实例已初始化...
[2020-04-12 20:35:37:113] [vo.logVo.LogVo.<init>] [INFO] 日志实例已初始化...
[2020-04-12 20:35:37:114] [vo.logVo.LogVo.<init>] [INFO] 日志实例已初始化...
[2020-04-12 20:35:37:116] [vo.logVo.LogVo.<init>] [INFO] 日志实例已初始化...
[2020-04-12 20:35:37:117] [vo.logVo.LogVo.<init>] [INFO] 日志实例已初始化...
[2020-04-12 20:35:37:117] [vo.logVo.LogVo.<init>] [INFO] 日志实例已初始化...
[2020-04-12 20:35:37:118] [vo.logVo.LogVo.<init>] [INFO] 日志实例已初始化...
[2020-04-12 20:35:37:118] [vo.logVo.LogVo.<init>] [INFO] 日志实例已初始化...
[2020-04-12 20:35:37:118] [vo.logVo.LogVo.<init>] [INFO] 日志实例已初始化...
[2020-04-12 20:35:37:118] [vo.logVo.LogVo.<init>] [INFO] 日志实例已初始化...
[2020-04-12 20:35:37:119] [vo.logVo.LogVo.<init>] [INFO] 日志实例已初始化...
[2020-04-12 20:35:37:119] [vo.logVo.LogVo.<init>] [INFO] 日志实例已初始化...
[2020-04-12 20:35:37:119] [vo.logVo.LogVo.<init>] [INFO] 日志实例已初始化...
[2020-04-12 20:35:37:120] [vo.logVo.LogVo.<init>] [INFO] 日志实例已初始化...
[2020-04-12 20:35:37:120] [vo.logVo.LogVo.<init>] [INFO] 日志实例已初始化...
[2020-04-12 20:35:37:120] [vo.logVo.LogVo.<init>] [INFO] 日志实例已初始化...
[2020-04-12 20:35:37:121] [vo.logVo.LogVo.<init>] [INFO] 日志实例已初始化...
[2020-04-12 20:35:37:121] [vo.logVo.LogVo.<init>] [INFO] 日志实例已初始化...
[2020-04-12 20:35:37:121] [vo.logVo.LogVo.<init>] [INFO] 日志实例已初始化...
[2020-04-12 20:35:37:122] [vo.logVo.LogVo.<init>] [INFO] 日志实例已初始化...
[2020-04-12 20:35:37:122] [vo.logVo.LogVo.<init>] [INFO] 日志实例已初始化...
[2020-04-12 20:35:37:122] [vo.logVo.LogVo.<init>] [INFO] 日志实例已初始化...
[2020-04-12 20:35:37:123] [vo.logVo.LogVo.<init>] [INFO] 日志实例已初始化...
[2020-04-12 20:35:37:123] [vo.logVo.LogVo.<init>] [INFO] 日志实例已初始化...
[2020-04-12 20:35:37:123] [vo.logVo.LogVo.<init>] [INFO] 日志实例已初始化...
[2020-04-12 20:35:37:124] [vo.logVo.LogVo.<init>] [INFO] 日志实例已初始化...
[2020-04-12 20:35:37:124] [vo.logVo.LogVo.<init>] [INFO] 日志实例已初始化...
[2020-04-12 20:35:37:124] [vo.logVo.LogVo.<init>] [INFO] 日志实例已初始化...
[2020-04-12 20:35:37:125] [vo.logVo.LogVo.<init>] [INFO] 日志实例已初始化...
[2020-04-12 20:35:37:125] [vo.logVo.LogVo.<init>] [INFO] 日志实例已初始化...
[2020-04-12 20:35:37:125] [vo.logVo.LogVo.<init>] [INFO] 日志实例已初始化...
[2020-04-12 20:35:37:126] [vo.logVo.LogVo.<init>] [INFO] 日志实例已初始化...
[2020-04-12 20:35:37:127] [vo.logVo.LogVo.<init>] [INFO] 日志实例已初始化...
[2020-04-12 20:35:37:127] [vo.logVo.LogVo.<init>] [INFO] 日志实例已初始化...
[2020-04-12 20:35:37:128] [vo.logVo.LogVo.<init>] [INFO] 日志实例已初始化...
[2020-04-12 20:35:37:128] [vo.logVo.LogVo.<init>] [INFO] 日志实例已初始化...
[2020-04-12 20:35:37:128] [vo.logVo.LogVo.<init>] [INFO] 日志实例已初始化...
[2020-04-12 20:35:37:129] [vo.logVo.LogVo.<init>] [INFO] 日志实例已初始化...
[2020-04-12 20:35:37:129] [vo.logVo.LogVo.<init>] [INFO] 日志实例已初始化...
[2020-04-12 20:35:37:129] [vo.logVo.LogVo.<init>] [INFO] 日志实例已初始化...
[2020-04-12 20:35:37:129] [vo.logVo.LogVo.<init>] [INFO] 日志实例已初始化...
[2020-04-12 20:35:37:130] [vo.logVo.LogVo.<init>] [INFO] 日志实例已初始化...
[2020-04-12 20:35:37:131] [vo.logVo.LogVo.<init>] [INFO] 日志实例已初始化...
[2020-04-12 20:35:37:131] [vo.logVo.LogVo.<init>] [INFO] 日志实例已初始化...
[2020-04-12 20:35:37:132] [vo.logVo.LogVo.<init>] [INFO] 日志实例已初始化...
[2020-04-12 20:35:37:132] [vo.logVo.LogVo.<init>] [INFO] 日志实例已初始化...
[2020-04-12 20:35:37:132] [vo.logVo.LogVo.<init>] [INFO] 日志实例已初始化...
[2020-04-12 20:35:37:133] [vo.logVo.LogVo.<init>] [INFO] 日志实例已初始化...
[2020-04-12 20:35:37:133] [vo.logVo.LogVo.<init>] [INFO] 日志实例已初始化...
[2020-04-12 20:35:37:133] [vo.logVo.LogVo.<init>] [INFO] 日志实例已初始化...
[2020-04-12 20:35:37:134] [vo.logVo.LogVo.<init>] [INFO] 日志实例已初始化...
[2020-04-12 20:35:37:134] [vo.logVo.LogVo.<init>] [INFO] 日志实例已初始化...
[2020-04-12 20:35:37:134] [vo.logVo.LogVo.<init>] [INFO] 日志实例已初始化...
[2020-04-12 20:35:37:134] [vo.logVo.LogVo.<init>] [INFO] 日志实例已初始化...
[2020-04-12 20:35:37:135] [vo.logVo.LogVo.<init>] [INFO] 日志实例已初始化...
[2020-04-12 20:35:37:135] [vo.logVo.LogVo.<init>] [INFO] 日志实例已初始化...
[2020-04-12 20:35:37:135] [vo.logVo.LogVo.<init>] [INFO] 日志实例已初始化...
[2020-04-12 20:35:37:135] [vo.logVo.LogVo.<init>] [INFO] 日志实例已初始化...
[2020-04-12 20:35:37:136] [vo.logVo.LogVo.<init>] [INFO] 日志实例已初始化...
[2020-04-12 20:35:37:136] [vo.logVo.LogVo.<init>] [INFO] 日志实例已初始化...
[2020-04-12 20:35:37:137] [vo.logVo.LogVo.<init>] [INFO] 日志实例已初始化...
[2020-04-12 20:35:37:137] [vo.logVo.LogVo.<init>] [INFO] 日志实例已初始化...
[2020-04-12 20:35:37:137] [vo.logVo.LogVo.<init>] [INFO] 日志实例已初始化...
[2020-04-12 20:35:37:137] [vo.logVo.LogVo.<init>] [INFO] 日志实例已初始化...
[2020-04-12 20:35:37:138] [vo.logVo.LogVo.<init>] [INFO] 日志实例已初始化...
[2020-04-12 20:35:37:138] [vo.logVo.LogVo.<init>] [INFO] 日志实例已初始化...
[2020-04-12 20:35:37:138] [vo.logVo.LogVo.<init>] [INFO] 日志实例已初始化...
[2020-04-12 20:35:37:139] [vo.logVo.LogVo.<init>] [INFO] 日志实例已初始化...
[2020-04-12 20:35:37:139] [vo.logVo.LogVo.<init>] [INFO] 日志实例已初始化...
[2020-04-12 20:35:37:139] [vo.logVo.LogVo.<init>] [INFO] 日志实例已初始化...
[2020-04-12 20:35:37:140] [vo.logVo.LogVo.<init>] [INFO] 日志实例已初始化...
[2020-04-12 20:35:37:140] [vo.logVo.LogVo.<init>] [INFO] 日志实例已初始化...
[2020-04-12 20:35:37:141] [vo.logVo.LogVo.<init>] [INFO] 日志实例已初始化...
[2020-04-12 20:35:37:141] [vo.logVo.LogVo.<init>] [INFO] 日志实例已初始化...
[2020-04-12 20:35:37:141] [vo.logVo.LogVo.<init>] [INFO] 日志实例已初始化...
[2020-04-12 20:35:37:142] [vo.logVo.LogVo.<init>] [INFO] 日志实例已初始化...
[2020-04-12 20:35:37:142] [vo.logVo.LogVo.<init>] [INFO] 日志实例已初始化...
[2020-04-12 20:35:37:142] [vo.logVo.LogVo.<init>] [INFO] 日志实例已初始化...
[2020-04-12 20:35:37:142] [vo.logVo.LogVo.<init>] [INFO] 日志实例已初始化...
[2020-04-12 20:35:37:143] [vo.logVo.LogVo.<init>] [INFO] 日志实例已初始化...
[2020-04-12 20:35:37:143] [vo.logVo.LogVo.<init>] [INFO] 日志实例已初始化...
[2020-04-12 20:35:37:144] [vo.logVo.LogVo.<init>] [INFO] 日志实例已初始化...
[2020-04-12 20:35:37:144] [vo.logVo.LogVo.<init>] [INFO] 日志实例已初始化...
[2020-04-12 20:35:37:144] [vo.logVo.LogVo.<init>] [INFO] 日志实例已初始化...
[2020-04-12 20:35:37:145] [vo.logVo.LogVo.<init>] [INFO] 日志实例已初始化...
[2020-04-12 20:35:37:145] [vo.logVo.LogVo.<init>] [INFO] 日志实例已初始化...
[2020-04-12 20:35:37:145] [vo.logVo.LogVo.<init>] [INFO] 日志实例已初始化...
[2020-04-12 20:35:37:146] [vo.logVo.LogVo.<init>] [INFO] 日志实例已初始化...
[2020-04-12 20:35:37:146] [vo.logVo.LogVo.<init>] [INFO] 日志实例已初始化...
[2020-04-12 20:35:37:147] [vo.logVo.LogVo.<init>] [INFO] 日志实例已初始化...
[2020-04-12 20:35:37:148] [vo.logVo.LogVo.<init>] [INFO] 日志实例已初始化...
[2020-04-12 20:35:37:149] [vo.logVo.LogVo.<init>] [INFO] 日志实例已初始化...
[2020-04-12 20:35:37:149] [vo.logVo.LogVo.<init>] [INFO] 日志实例已初始化...
[2020-04-12 20:35:37:150] [vo.logVo.LogVo.<init>] [INFO] 日志实例已初始化...
[2020-04-12 20:35:37:150] [vo.logVo.LogVo.<init>] [INFO] 日志实例已初始化...
[2020-04-12 20:35:37:151] [vo.logVo.LogVo.<init>] [INFO] 日志实例已初始化...
[2020-04-12 20:35:37:151] [vo.logVo.LogVo.<init>] [INFO] 日志实例已初始化...
[2020-04-12 20:35:37:151] [vo.logVo.LogVo.<init>] [INFO] 日志实例已初始化...
[2020-04-12 20:35:37:152] [vo.logVo.LogVo.<init>] [INFO] 日志实例已初始化...
[2020-04-12 20:35:37:152] [vo.logVo.LogVo.<init>] [INFO] 日志实例已初始化...
[2020-04-12 20:35:37:152] [vo.logVo.LogVo.<init>] [INFO] 日志实例已初始化...
[2020-04-12 20:35:37:153] [vo.logVo.LogVo.<init>] [INFO] 日志实例已初始化...
[2020-04-12 20:35:37:153] [vo.logVo.LogVo.<init>] [INFO] 日志实例已初始化...
[2020-04-12 20:35:37:153] [vo.logVo.LogVo.<init>] [INFO] 日志实例已初始化...
[2020-04-12 20:35:37:154] [vo.logVo.LogVo.<init>] [INFO] 日志实例已初始化...
[2020-04-12 20:35:37:154] [vo.logVo.LogVo.<init>] [INFO] 日志实例已初始化...
[2020-04-12 20:35:37:154] [vo.logVo.LogVo.<init>] [INFO] 日志实例已初始化...
[2020-04-12 20:35:37:155] [vo.logVo.LogVo.<init>] [INFO] 日志实例已初始化...
[2020-04-12 20:35:37:155] [vo.logVo.LogVo.<init>] [INFO] 日志实例已初始化...
[2020-04-12 20:35:37:156] [vo.logVo.LogVo.<init>] [INFO] 日志实例已初始化...
[2020-04-12 20:35:37:156] [vo.logVo.LogVo.<init>] [INFO] 日志实例已初始化...
[2020-04-12 20:35:37:156] [vo.logVo.LogVo.<init>] [INFO] 日志实例已初始化...
[2020-04-12 20:35:37:157] [vo.logVo.LogVo.<init>] [INFO] 日志实例已初始化...
[2020-04-12 20:35:37:157] [vo.logVo.LogVo.<init>] [INFO] 日志实例已初始化...
[2020-04-12 20:35:37:158] [vo.logVo.LogVo.<init>] [INFO] 日志实例已初始化...
[2020-04-12 20:35:37:158] [vo.logVo.LogVo.<init>] [INFO] 日志实例已初始化...
[2020-04-12 20:35:37:158] [vo.logVo.LogVo.<init>] [INFO] 日志实例已初始化...
[2020-04-12 20:35:37:159] [vo.logVo.LogVo.<init>] [INFO] 日志实例已初始化...
[2020-04-12 20:35:37:159] [vo.logVo.LogVo.<init>] [INFO] 日志实例已初始化...
[2020-04-12 20:35:37:160] [vo.logVo.LogVo.<init>] [INFO] 日志实例已初始化...
[2020-04-12 20:35:37:160] [vo.logVo.LogVo.<init>] [INFO] 日志实例已初始化...
[2020-04-12 20:35:37:160] [vo.logVo.LogVo.<init>] [INFO] 日志实例已初始化...
[2020-04-12 20:35:37:161] [vo.logVo.LogVo.<init>] [INFO] 日志实例已初始化...
[2020-04-12 20:35:37:161] [vo.logVo.LogVo.<init>] [INFO] 日志实例已初始化...
[2020-04-12 20:35:37:161] [vo.logVo.LogVo.<init>] [INFO] 日志实例已初始化...
[2020-04-12 20:35:37:162] [vo.logVo.LogVo.<init>] [INFO] 日志实例已初始化...
[2020-04-12 20:35:37:162] [vo.logVo.LogVo.<init>] [INFO] 日志实例已初始化...
[2020-04-12 20:35:37:183] [vo.logVo.LogVo.<init>] [INFO] 日志实例已初始化...
[2020-04-12 20:35:37:193] [vo.logVo.LogVo.<init>] [INFO] 日志实例已初始化...
[2020-04-12 20:35:37:313] [aop.AnnotationCommenAop.writeLog] [INFO] 保存操作日志成功.
[2020-04-12 20:35:41:209] [aop.AnnotationCommenAop.writeLog] [INFO] 开始保存操作日志...
[2020-04-12 20:35:41:242] [aop.AnnotationCommenAop.writeLog] [INFO] 保存操作日志成功.
[2020-04-12 20:35:41:243] [aop.AnnotationCommenAop.writeLog] [INFO] 开始保存操作日志...
[2020-04-12 20:35:41:251] [vo.logVo.LogVo.<init>] [INFO] 日志实例已初始化...
[2020-04-12 20:35:41:251] [vo.logVo.LogVo.<init>] [INFO] 日志实例已初始化...
[2020-04-12 20:35:41:252] [vo.logVo.LogVo.<init>] [INFO] 日志实例已初始化...
[2020-04-12 20:35:41:252] [vo.logVo.LogVo.<init>] [INFO] 日志实例已初始化...
[2020-04-12 20:35:41:253] [vo.logVo.LogVo.<init>] [INFO] 日志实例已初始化...
[2020-04-12 20:35:41:253] [vo.logVo.LogVo.<init>] [INFO] 日志实例已初始化...
[2020-04-12 20:35:41:254] [vo.logVo.LogVo.<init>] [INFO] 日志实例已初始化...
[2020-04-12 20:35:41:254] [vo.logVo.LogVo.<init>] [INFO] 日志实例已初始化...
[2020-04-12 20:35:41:254] [vo.logVo.LogVo.<init>] [INFO] 日志实例已初始化...
[2020-04-12 20:35:41:255] [vo.logVo.LogVo.<init>] [INFO] 日志实例已初始化...
[2020-04-12 20:35:41:255] [vo.logVo.LogVo.<init>] [INFO] 日志实例已初始化...
[2020-04-12 20:35:41:256] [vo.logVo.LogVo.<init>] [INFO] 日志实例已初始化...
[2020-04-12 20:35:41:256] [vo.logVo.LogVo.<init>] [INFO] 日志实例已初始化...
[2020-04-12 20:35:41:257] [vo.logVo.LogVo.<init>] [INFO] 日志实例已初始化...
[2020-04-12 20:35:41:257] [vo.logVo.LogVo.<init>] [INFO] 日志实例已初始化...
[2020-04-12 20:35:41:259] [vo.logVo.LogVo.<init>] [INFO] 日志实例已初始化...
[2020-04-12 20:35:41:260] [vo.logVo.LogVo.<init>] [INFO] 日志实例已初始化...
[2020-04-12 20:35:41:261] [vo.logVo.LogVo.<init>] [INFO] 日志实例已初始化...
[2020-04-12 20:35:41:261] [vo.logVo.LogVo.<init>] [INFO] 日志实例已初始化...
[2020-04-12 20:35:41:262] [vo.logVo.LogVo.<init>] [INFO] 日志实例已初始化...
[2020-04-12 20:35:41:263] [vo.logVo.LogVo.<init>] [INFO] 日志实例已初始化...
[2020-04-12 20:35:41:263] [vo.logVo.LogVo.<init>] [INFO] 日志实例已初始化...
[2020-04-12 20:35:41:264] [vo.logVo.LogVo.<init>] [INFO] 日志实例已初始化...
[2020-04-12 20:35:41:265] [vo.logVo.LogVo.<init>] [INFO] 日志实例已初始化...
[2020-04-12 20:35:41:266] [vo.logVo.LogVo.<init>] [INFO] 日志实例已初始化...
[2020-04-12 20:35:41:267] [vo.logVo.LogVo.<init>] [INFO] 日志实例已初始化...
[2020-04-12 20:35:41:267] [vo.logVo.LogVo.<init>] [INFO] 日志实例已初始化...
[2020-04-12 20:35:41:268] [vo.logVo.LogVo.<init>] [INFO] 日志实例已初始化...
[2020-04-12 20:35:41:269] [vo.logVo.LogVo.<init>] [INFO] 日志实例已初始化...
[2020-04-12 20:35:41:269] [vo.logVo.LogVo.<init>] [INFO] 日志实例已初始化...
[2020-04-12 20:35:41:270] [vo.logVo.LogVo.<init>] [INFO] 日志实例已初始化...
[2020-04-12 20:35:41:272] [vo.logVo.LogVo.<init>] [INFO] 日志实例已初始化...
[2020-04-12 20:35:41:273] [vo.logVo.LogVo.<init>] [INFO] 日志实例已初始化...
[2020-04-12 20:35:41:274] [vo.logVo.LogVo.<init>] [INFO] 日志实例已初始化...
[2020-04-12 20:35:41:275] [vo.logVo.LogVo.<init>] [INFO] 日志实例已初始化...
[2020-04-12 20:35:41:275] [vo.logVo.LogVo.<init>] [INFO] 日志实例已初始化...
[2020-04-12 20:35:41:276] [vo.logVo.LogVo.<init>] [INFO] 日志实例已初始化...
[2020-04-12 20:35:41:278] [vo.logVo.LogVo.<init>] [INFO] 日志实例已初始化...
[2020-04-12 20:35:41:279] [vo.logVo.LogVo.<init>] [INFO] 日志实例已初始化...
[2020-04-12 20:35:41:279] [vo.logVo.LogVo.<init>] [INFO] 日志实例已初始化...
[2020-04-12 20:35:41:280] [vo.logVo.LogVo.<init>] [INFO] 日志实例已初始化...
[2020-04-12 20:35:41:281] [vo.logVo.LogVo.<init>] [INFO] 日志实例已初始化...
[2020-04-12 20:35:41:281] [vo.logVo.LogVo.<init>] [INFO] 日志实例已初始化...
[2020-04-12 20:35:41:282] [vo.logVo.LogVo.<init>] [INFO] 日志实例已初始化...
[2020-04-12 20:35:41:282] [vo.logVo.LogVo.<init>] [INFO] 日志实例已初始化...
[2020-04-12 20:35:41:283] [vo.logVo.LogVo.<init>] [INFO] 日志实例已初始化...
[2020-04-12 20:35:41:284] [vo.logVo.LogVo.<init>] [INFO] 日志实例已初始化...
[2020-04-12 20:35:41:284] [vo.logVo.LogVo.<init>] [INFO] 日志实例已初始化...
[2020-04-12 20:35:41:285] [vo.logVo.LogVo.<init>] [INFO] 日志实例已初始化...
[2020-04-12 20:35:41:286] [vo.logVo.LogVo.<init>] [INFO] 日志实例已初始化...
[2020-04-12 20:35:41:286] [vo.logVo.LogVo.<init>] [INFO] 日志实例已初始化...
[2020-04-12 20:35:41:287] [vo.logVo.LogVo.<init>] [INFO] 日志实例已初始化...
[2020-04-12 20:35:41:287] [vo.logVo.LogVo.<init>] [INFO] 日志实例已初始化...
[2020-04-12 20:35:41:288] [vo.logVo.LogVo.<init>] [INFO] 日志实例已初始化...
[2020-04-12 20:35:41:288] [vo.logVo.LogVo.<init>] [INFO] 日志实例已初始化...
[2020-04-12 20:35:41:289] [vo.logVo.LogVo.<init>] [INFO] 日志实例已初始化...
[2020-04-12 20:35:41:289] [vo.logVo.LogVo.<init>] [INFO] 日志实例已初始化...
[2020-04-12 20:35:41:290] [vo.logVo.LogVo.<init>] [INFO] 日志实例已初始化...
[2020-04-12 20:35:41:290] [vo.logVo.LogVo.<init>] [INFO] 日志实例已初始化...
[2020-04-12 20:35:41:291] [vo.logVo.LogVo.<init>] [INFO] 日志实例已初始化...
[2020-04-12 20:35:41:291] [vo.logVo.LogVo.<init>] [INFO] 日志实例已初始化...
[2020-04-12 20:35:41:292] [vo.logVo.LogVo.<init>] [INFO] 日志实例已初始化...
[2020-04-12 20:35:41:292] [vo.logVo.LogVo.<init>] [INFO] 日志实例已初始化...
[2020-04-12 20:35:41:292] [vo.logVo.LogVo.<init>] [INFO] 日志实例已初始化...
[2020-04-12 20:35:41:293] [vo.logVo.LogVo.<init>] [INFO] 日志实例已初始化...
[2020-04-12 20:35:41:293] [vo.logVo.LogVo.<init>] [INFO] 日志实例已初始化...
[2020-04-12 20:35:41:293] [vo.logVo.LogVo.<init>] [INFO] 日志实例已初始化...
[2020-04-12 20:35:41:294] [vo.logVo.LogVo.<init>] [INFO] 日志实例已初始化...
[2020-04-12 20:35:41:294] [vo.logVo.LogVo.<init>] [INFO] 日志实例已初始化...
[2020-04-12 20:35:41:294] [vo.logVo.LogVo.<init>] [INFO] 日志实例已初始化...
[2020-04-12 20:35:41:295] [vo.logVo.LogVo.<init>] [INFO] 日志实例已初始化...
[2020-04-12 20:35:41:295] [vo.logVo.LogVo.<init>] [INFO] 日志实例已初始化...
[2020-04-12 20:35:41:295] [vo.logVo.LogVo.<init>] [INFO] 日志实例已初始化...
[2020-04-12 20:35:41:296] [vo.logVo.LogVo.<init>] [INFO] 日志实例已初始化...
[2020-04-12 20:35:41:296] [vo.logVo.LogVo.<init>] [INFO] 日志实例已初始化...
[2020-04-12 20:35:41:296] [vo.logVo.LogVo.<init>] [INFO] 日志实例已初始化...
[2020-04-12 20:35:41:296] [vo.logVo.LogVo.<init>] [INFO] 日志实例已初始化...
[2020-04-12 20:35:41:297] [vo.logVo.LogVo.<init>] [INFO] 日志实例已初始化...
[2020-04-12 20:35:41:297] [vo.logVo.LogVo.<init>] [INFO] 日志实例已初始化...
[2020-04-12 20:35:41:297] [vo.logVo.LogVo.<init>] [INFO] 日志实例已初始化...
[2020-04-12 20:35:41:298] [vo.logVo.LogVo.<init>] [INFO] 日志实例已初始化...
[2020-04-12 20:35:41:298] [vo.logVo.LogVo.<init>] [INFO] 日志实例已初始化...
[2020-04-12 20:35:41:298] [vo.logVo.LogVo.<init>] [INFO] 日志实例已初始化...
[2020-04-12 20:35:41:299] [vo.logVo.LogVo.<init>] [INFO] 日志实例已初始化...
[2020-04-12 20:35:41:299] [vo.logVo.LogVo.<init>] [INFO] 日志实例已初始化...
[2020-04-12 20:35:41:299] [vo.logVo.LogVo.<init>] [INFO] 日志实例已初始化...
[2020-04-12 20:35:41:300] [vo.logVo.LogVo.<init>] [INFO] 日志实例已初始化...
[2020-04-12 20:35:41:300] [vo.logVo.LogVo.<init>] [INFO] 日志实例已初始化...
[2020-04-12 20:35:41:300] [vo.logVo.LogVo.<init>] [INFO] 日志实例已初始化...
[2020-04-12 20:35:41:300] [vo.logVo.LogVo.<init>] [INFO] 日志实例已初始化...
[2020-04-12 20:35:41:301] [vo.logVo.LogVo.<init>] [INFO] 日志实例已初始化...
[2020-04-12 20:35:41:301] [vo.logVo.LogVo.<init>] [INFO] 日志实例已初始化...
[2020-04-12 20:35:41:301] [vo.logVo.LogVo.<init>] [INFO] 日志实例已初始化...
[2020-04-12 20:35:41:302] [vo.logVo.LogVo.<init>] [INFO] 日志实例已初始化...
[2020-04-12 20:35:41:302] [vo.logVo.LogVo.<init>] [INFO] 日志实例已初始化...
[2020-04-12 20:35:41:302] [vo.logVo.LogVo.<init>] [INFO] 日志实例已初始化...
[2020-04-12 20:35:41:302] [vo.logVo.LogVo.<init>] [INFO] 日志实例已初始化...
[2020-04-12 20:35:41:303] [vo.logVo.LogVo.<init>] [INFO] 日志实例已初始化...
[2020-04-12 20:35:41:303] [vo.logVo.LogVo.<init>] [INFO] 日志实例已初始化...
[2020-04-12 20:35:41:303] [vo.logVo.LogVo.<init>] [INFO] 日志实例已初始化...
[2020-04-12 20:35:41:304] [vo.logVo.LogVo.<init>] [INFO] 日志实例已初始化...
[2020-04-12 20:35:41:304] [vo.logVo.LogVo.<init>] [INFO] 日志实例已初始化...
[2020-04-12 20:35:41:304] [vo.logVo.LogVo.<init>] [INFO] 日志实例已初始化...
[2020-04-12 20:35:41:305] [vo.logVo.LogVo.<init>] [INFO] 日志实例已初始化...
[2020-04-12 20:35:41:305] [vo.logVo.LogVo.<init>] [INFO] 日志实例已初始化...
[2020-04-12 20:35:41:306] [vo.logVo.LogVo.<init>] [INFO] 日志实例已初始化...
[2020-04-12 20:35:41:306] [vo.logVo.LogVo.<init>] [INFO] 日志实例已初始化...
[2020-04-12 20:35:41:306] [vo.logVo.LogVo.<init>] [INFO] 日志实例已初始化...
[2020-04-12 20:35:41:307] [vo.logVo.LogVo.<init>] [INFO] 日志实例已初始化...
[2020-04-12 20:35:41:307] [vo.logVo.LogVo.<init>] [INFO] 日志实例已初始化...
[2020-04-12 20:35:41:308] [vo.logVo.LogVo.<init>] [INFO] 日志实例已初始化...
[2020-04-12 20:35:41:308] [vo.logVo.LogVo.<init>] [INFO] 日志实例已初始化...
[2020-04-12 20:35:41:308] [vo.logVo.LogVo.<init>] [INFO] 日志实例已初始化...
[2020-04-12 20:35:41:309] [vo.logVo.LogVo.<init>] [INFO] 日志实例已初始化...
[2020-04-12 20:35:41:309] [vo.logVo.LogVo.<init>] [INFO] 日志实例已初始化...
[2020-04-12 20:35:41:309] [vo.logVo.LogVo.<init>] [INFO] 日志实例已初始化...
[2020-04-12 20:35:41:310] [vo.logVo.LogVo.<init>] [INFO] 日志实例已初始化...
[2020-04-12 20:35:41:310] [vo.logVo.LogVo.<init>] [INFO] 日志实例已初始化...
[2020-04-12 20:35:41:310] [vo.logVo.LogVo.<init>] [INFO] 日志实例已初始化...
[2020-04-12 20:35:41:311] [vo.logVo.LogVo.<init>] [INFO] 日志实例已初始化...
[2020-04-12 20:35:41:312] [vo.logVo.LogVo.<init>] [INFO] 日志实例已初始化...
[2020-04-12 20:35:41:312] [vo.logVo.LogVo.<init>] [INFO] 日志实例已初始化...
[2020-04-12 20:35:41:312] [vo.logVo.LogVo.<init>] [INFO] 日志实例已初始化...
[2020-04-12 20:35:41:313] [vo.logVo.LogVo.<init>] [INFO] 日志实例已初始化...
[2020-04-12 20:35:41:313] [vo.logVo.LogVo.<init>] [INFO] 日志实例已初始化...
[2020-04-12 20:35:41:314] [vo.logVo.LogVo.<init>] [INFO] 日志实例已初始化...
[2020-04-12 20:35:41:314] [vo.logVo.LogVo.<init>] [INFO] 日志实例已初始化...
[2020-04-12 20:35:41:315] [vo.logVo.LogVo.<init>] [INFO] 日志实例已初始化...
[2020-04-12 20:35:41:316] [vo.logVo.LogVo.<init>] [INFO] 日志实例已初始化...
[2020-04-12 20:35:41:316] [vo.logVo.LogVo.<init>] [INFO] 日志实例已初始化...
[2020-04-12 20:35:41:317] [vo.logVo.LogVo.<init>] [INFO] 日志实例已初始化...
[2020-04-12 20:35:41:317] [vo.logVo.LogVo.<init>] [INFO] 日志实例已初始化...
[2020-04-12 20:35:41:318] [vo.logVo.LogVo.<init>] [INFO] 日志实例已初始化...
[2020-04-12 20:35:41:319] [vo.logVo.LogVo.<init>] [INFO] 日志实例已初始化...
[2020-04-12 20:35:41:319] [vo.logVo.LogVo.<init>] [INFO] 日志实例已初始化...
[2020-04-12 20:35:41:319] [vo.logVo.LogVo.<init>] [INFO] 日志实例已初始化...
[2020-04-12 20:35:41:320] [vo.logVo.LogVo.<init>] [INFO] 日志实例已初始化...
[2020-04-12 20:35:41:320] [vo.logVo.LogVo.<init>] [INFO] 日志实例已初始化...
[2020-04-12 20:35:41:320] [vo.logVo.LogVo.<init>] [INFO] 日志实例已初始化...
[2020-04-12 20:35:41:321] [vo.logVo.LogVo.<init>] [INFO] 日志实例已初始化...
[2020-04-12 20:35:41:322] [vo.logVo.LogVo.<init>] [INFO] 日志实例已初始化...
[2020-04-12 20:35:41:323] [vo.logVo.LogVo.<init>] [INFO] 日志实例已初始化...
[2020-04-12 20:35:41:324] [vo.logVo.LogVo.<init>] [INFO] 日志实例已初始化...
[2020-04-12 20:35:41:324] [vo.logVo.LogVo.<init>] [INFO] 日志实例已初始化...
[2020-04-12 20:35:41:325] [vo.logVo.LogVo.<init>] [INFO] 日志实例已初始化...
[2020-04-12 20:35:41:326] [vo.logVo.LogVo.<init>] [INFO] 日志实例已初始化...
[2020-04-12 20:35:41:327] [vo.logVo.LogVo.<init>] [INFO] 日志实例已初始化...
[2020-04-12 20:35:41:327] [vo.logVo.LogVo.<init>] [INFO] 日志实例已初始化...
[2020-04-12 20:35:41:328] [vo.logVo.LogVo.<init>] [INFO] 日志实例已初始化...
[2020-04-12 20:35:41:328] [vo.logVo.LogVo.<init>] [INFO] 日志实例已初始化...
[2020-04-12 20:35:41:329] [vo.logVo.LogVo.<init>] [INFO] 日志实例已初始化...
[2020-04-12 20:35:41:329] [vo.logVo.LogVo.<init>] [INFO] 日志实例已初始化...
[2020-04-12 20:35:41:330] [vo.logVo.LogVo.<init>] [INFO] 日志实例已初始化...
[2020-04-12 20:35:41:330] [vo.logVo.LogVo.<init>] [INFO] 日志实例已初始化...
[2020-04-12 20:35:41:331] [vo.logVo.LogVo.<init>] [INFO] 日志实例已初始化...
[2020-04-12 20:35:41:331] [vo.logVo.LogVo.<init>] [INFO] 日志实例已初始化...
[2020-04-12 20:35:41:332] [vo.logVo.LogVo.<init>] [INFO] 日志实例已初始化...
[2020-04-12 20:35:41:333] [vo.logVo.LogVo.<init>] [INFO] 日志实例已初始化...
[2020-04-12 20:35:41:333] [vo.logVo.LogVo.<init>] [INFO] 日志实例已初始化...
[2020-04-12 20:35:41:334] [vo.logVo.LogVo.<init>] [INFO] 日志实例已初始化...
[2020-04-12 20:35:41:334] [vo.logVo.LogVo.<init>] [INFO] 日志实例已初始化...
[2020-04-12 20:35:41:335] [vo.logVo.LogVo.<init>] [INFO] 日志实例已初始化...
[2020-04-12 20:35:41:336] [vo.logVo.LogVo.<init>] [INFO] 日志实例已初始化...
[2020-04-12 20:35:41:336] [vo.logVo.LogVo.<init>] [INFO] 日志实例已初始化...
[2020-04-12 20:35:41:337] [vo.logVo.LogVo.<init>] [INFO] 日志实例已初始化...
[2020-04-12 20:35:41:337] [vo.logVo.LogVo.<init>] [INFO] 日志实例已初始化...
[2020-04-12 20:35:41:338] [vo.logVo.LogVo.<init>] [INFO] 日志实例已初始化...
[2020-04-12 20:35:41:338] [vo.logVo.LogVo.<init>] [INFO] 日志实例已初始化...
[2020-04-12 20:35:41:339] [vo.logVo.LogVo.<init>] [INFO] 日志实例已初始化...
[2020-04-12 20:35:41:339] [vo.logVo.LogVo.<init>] [INFO] 日志实例已初始化...
[2020-04-12 20:35:41:340] [vo.logVo.LogVo.<init>] [INFO] 日志实例已初始化...
[2020-04-12 20:35:41:340] [vo.logVo.LogVo.<init>] [INFO] 日志实例已初始化...
[2020-04-12 20:35:41:341] [vo.logVo.LogVo.<init>] [INFO] 日志实例已初始化...
[2020-04-12 20:35:41:342] [vo.logVo.LogVo.<init>] [INFO] 日志实例已初始化...
[2020-04-12 20:35:41:342] [vo.logVo.LogVo.<init>] [INFO] 日志实例已初始化...
[2020-04-12 20:35:41:344] [vo.logVo.LogVo.<init>] [INFO] 日志实例已初始化...
[2020-04-12 20:35:41:345] [vo.logVo.LogVo.<init>] [INFO] 日志实例已初始化...
[2020-04-12 20:35:41:346] [vo.logVo.LogVo.<init>] [INFO] 日志实例已初始化...
[2020-04-12 20:35:41:346] [vo.logVo.LogVo.<init>] [INFO] 日志实例已初始化...
[2020-04-12 20:35:41:347] [vo.logVo.LogVo.<init>] [INFO] 日志实例已初始化...
[2020-04-12 20:35:41:348] [vo.logVo.LogVo.<init>] [INFO] 日志实例已初始化...
[2020-04-12 20:35:41:349] [vo.logVo.LogVo.<init>] [INFO] 日志实例已初始化...
[2020-04-12 20:35:41:350] [vo.logVo.LogVo.<init>] [INFO] 日志实例已初始化...
[2020-04-12 20:35:41:351] [vo.logVo.LogVo.<init>] [INFO] 日志实例已初始化...
[2020-04-12 20:35:41:352] [vo.logVo.LogVo.<init>] [INFO] 日志实例已初始化...
[2020-04-12 20:35:41:352] [vo.logVo.LogVo.<init>] [INFO] 日志实例已初始化...
[2020-04-12 20:35:41:353] [vo.logVo.LogVo.<init>] [INFO] 日志实例已初始化...
[2020-04-12 20:35:41:354] [vo.logVo.LogVo.<init>] [INFO] 日志实例已初始化...
[2020-04-12 20:35:41:354] [vo.logVo.LogVo.<init>] [INFO] 日志实例已初始化...
[2020-04-12 20:35:41:355] [vo.logVo.LogVo.<init>] [INFO] 日志实例已初始化...
[2020-04-12 20:35:41:356] [vo.logVo.LogVo.<init>] [INFO] 日志实例已初始化...
[2020-04-12 20:35:41:361] [vo.logVo.LogVo.<init>] [INFO] 日志实例已初始化...
[2020-04-12 20:35:41:363] [vo.logVo.LogVo.<init>] [INFO] 日志实例已初始化...
[2020-04-12 20:35:41:364] [vo.logVo.LogVo.<init>] [INFO] 日志实例已初始化...
[2020-04-12 20:35:41:364] [vo.logVo.LogVo.<init>] [INFO] 日志实例已初始化...
[2020-04-12 20:35:41:365] [vo.logVo.LogVo.<init>] [INFO] 日志实例已初始化...
[2020-04-12 20:35:41:366] [vo.logVo.LogVo.<init>] [INFO] 日志实例已初始化...
[2020-04-12 20:35:41:367] [vo.logVo.LogVo.<init>] [INFO] 日志实例已初始化...
[2020-04-12 20:35:41:374] [vo.logVo.LogVo.<init>] [INFO] 日志实例已初始化...
[2020-04-12 20:35:41:375] [vo.logVo.LogVo.<init>] [INFO] 日志实例已初始化...
[2020-04-12 20:35:41:377] [vo.logVo.LogVo.<init>] [INFO] 日志实例已初始化...
[2020-04-12 20:35:41:378] [vo.logVo.LogVo.<init>] [INFO] 日志实例已初始化...
[2020-04-12 20:35:41:380] [vo.logVo.LogVo.<init>] [INFO] 日志实例已初始化...
[2020-04-12 20:35:41:381] [vo.logVo.LogVo.<init>] [INFO] 日志实例已初始化...
[2020-04-12 20:35:41:382] [vo.logVo.LogVo.<init>] [INFO] 日志实例已初始化...
[2020-04-12 20:35:41:384] [vo.logVo.LogVo.<init>] [INFO] 日志实例已初始化...
[2020-04-12 20:35:41:385] [vo.logVo.LogVo.<init>] [INFO] 日志实例已初始化...
[2020-04-12 20:35:41:386] [vo.logVo.LogVo.<init>] [INFO] 日志实例已初始化...
[2020-04-12 20:35:41:386] [vo.logVo.LogVo.<init>] [INFO] 日志实例已初始化...
[2020-04-12 20:35:41:387] [vo.logVo.LogVo.<init>] [INFO] 日志实例已初始化...
[2020-04-12 20:35:41:387] [vo.logVo.LogVo.<init>] [INFO] 日志实例已初始化...
[2020-04-12 20:35:41:388] [vo.logVo.LogVo.<init>] [INFO] 日志实例已初始化...
[2020-04-12 20:35:41:388] [vo.logVo.LogVo.<init>] [INFO] 日志实例已初始化...
[2020-04-12 20:35:41:389] [vo.logVo.LogVo.<init>] [INFO] 日志实例已初始化...
[2020-04-12 20:35:41:389] [vo.logVo.LogVo.<init>] [INFO] 日志实例已初始化...
[2020-04-12 20:35:41:389] [vo.logVo.LogVo.<init>] [INFO] 日志实例已初始化...
[2020-04-12 20:35:41:390] [vo.logVo.LogVo.<init>] [INFO] 日志实例已初始化...
[2020-04-12 20:35:41:390] [vo.logVo.LogVo.<init>] [INFO] 日志实例已初始化...
[2020-04-12 20:35:41:390] [vo.logVo.LogVo.<init>] [INFO] 日志实例已初始化...
[2020-04-12 20:35:41:391] [vo.logVo.LogVo.<init>] [INFO] 日志实例已初始化...
[2020-04-12 20:35:41:391] [vo.logVo.LogVo.<init>] [INFO] 日志实例已初始化...
[2020-04-12 20:35:41:391] [vo.logVo.LogVo.<init>] [INFO] 日志实例已初始化...
[2020-04-12 20:35:41:392] [vo.logVo.LogVo.<init>] [INFO] 日志实例已初始化...
[2020-04-12 20:35:41:392] [vo.logVo.LogVo.<init>] [INFO] 日志实例已初始化...
[2020-04-12 20:35:41:392] [vo.logVo.LogVo.<init>] [INFO] 日志实例已初始化...
[2020-04-12 20:35:41:393] [vo.logVo.LogVo.<init>] [INFO] 日志实例已初始化...
[2020-04-12 20:35:41:394] [vo.logVo.LogVo.<init>] [INFO] 日志实例已初始化...
[2020-04-12 20:35:41:395] [vo.logVo.LogVo.<init>] [INFO] 日志实例已初始化...
[2020-04-12 20:35:41:396] [vo.logVo.LogVo.<init>] [INFO] 日志实例已初始化...
[2020-04-12 20:35:41:397] [vo.logVo.LogVo.<init>] [INFO] 日志实例已初始化...
[2020-04-12 20:35:41:397] [vo.logVo.LogVo.<init>] [INFO] 日志实例已初始化...
[2020-04-12 20:35:41:398] [vo.logVo.LogVo.<init>] [INFO] 日志实例已初始化...
[2020-04-12 20:35:41:399] [vo.logVo.LogVo.<init>] [INFO] 日志实例已初始化...
[2020-04-12 20:35:41:400] [vo.logVo.LogVo.<init>] [INFO] 日志实例已初始化...
[2020-04-12 20:35:41:400] [vo.logVo.LogVo.<init>] [INFO] 日志实例已初始化...
[2020-04-12 20:35:41:401] [vo.logVo.LogVo.<init>] [INFO] 日志实例已初始化...
[2020-04-12 20:35:41:402] [vo.logVo.LogVo.<init>] [INFO] 日志实例已初始化...
[2020-04-12 20:35:41:402] [vo.logVo.LogVo.<init>] [INFO] 日志实例已初始化...
[2020-04-12 20:35:41:402] [vo.logVo.LogVo.<init>] [INFO] 日志实例已初始化...
[2020-04-12 20:35:41:403] [vo.logVo.LogVo.<init>] [INFO] 日志实例已初始化...
[2020-04-12 20:35:41:403] [vo.logVo.LogVo.<init>] [INFO] 日志实例已初始化...
[2020-04-12 20:35:41:403] [vo.logVo.LogVo.<init>] [INFO] 日志实例已初始化...
[2020-04-12 20:35:41:404] [vo.logVo.LogVo.<init>] [INFO] 日志实例已初始化...
[2020-04-12 20:35:41:404] [vo.logVo.LogVo.<init>] [INFO] 日志实例已初始化...
[2020-04-12 20:35:41:404] [vo.logVo.LogVo.<init>] [INFO] 日志实例已初始化...
[2020-04-12 20:35:41:405] [vo.logVo.LogVo.<init>] [INFO] 日志实例已初始化...
[2020-04-12 20:35:41:405] [vo.logVo.LogVo.<init>] [INFO] 日志实例已初始化...
[2020-04-12 20:35:41:406] [vo.logVo.LogVo.<init>] [INFO] 日志实例已初始化...
[2020-04-12 20:35:41:406] [vo.logVo.LogVo.<init>] [INFO] 日志实例已初始化...
[2020-04-12 20:35:41:406] [vo.logVo.LogVo.<init>] [INFO] 日志实例已初始化...
[2020-04-12 20:35:41:407] [vo.logVo.LogVo.<init>] [INFO] 日志实例已初始化...
[2020-04-12 20:35:41:407] [vo.logVo.LogVo.<init>] [INFO] 日志实例已初始化...
[2020-04-12 20:35:41:408] [vo.logVo.LogVo.<init>] [INFO] 日志实例已初始化...
[2020-04-12 20:35:41:408] [vo.logVo.LogVo.<init>] [INFO] 日志实例已初始化...
[2020-04-12 20:35:41:409] [vo.logVo.LogVo.<init>] [INFO] 日志实例已初始化...
[2020-04-12 20:35:41:410] [vo.logVo.LogVo.<init>] [INFO] 日志实例已初始化...
[2020-04-12 20:35:41:411] [vo.logVo.LogVo.<init>] [INFO] 日志实例已初始化...
[2020-04-12 20:35:41:411] [vo.logVo.LogVo.<init>] [INFO] 日志实例已初始化...
[2020-04-12 20:35:41:412] [vo.logVo.LogVo.<init>] [INFO] 日志实例已初始化...
[2020-04-12 20:35:41:412] [vo.logVo.LogVo.<init>] [INFO] 日志实例已初始化...
[2020-04-12 20:35:41:413] [vo.logVo.LogVo.<init>] [INFO] 日志实例已初始化...
[2020-04-12 20:35:41:414] [vo.logVo.LogVo.<init>] [INFO] 日志实例已初始化...
[2020-04-12 20:35:41:414] [vo.logVo.LogVo.<init>] [INFO] 日志实例已初始化...
[2020-04-12 20:35:41:417] [vo.logVo.LogVo.<init>] [INFO] 日志实例已初始化...
[2020-04-12 20:35:41:418] [vo.logVo.LogVo.<init>] [INFO] 日志实例已初始化...
[2020-04-12 20:35:41:418] [vo.logVo.LogVo.<init>] [INFO] 日志实例已初始化...
[2020-04-12 20:35:41:419] [vo.logVo.LogVo.<init>] [INFO] 日志实例已初始化...
[2020-04-12 20:35:41:419] [vo.logVo.LogVo.<init>] [INFO] 日志实例已初始化...
[2020-04-12 20:35:41:420] [vo.logVo.LogVo.<init>] [INFO] 日志实例已初始化...
[2020-04-12 20:35:41:421] [vo.logVo.LogVo.<init>] [INFO] 日志实例已初始化...
[2020-04-12 20:35:41:422] [vo.logVo.LogVo.<init>] [INFO] 日志实例已初始化...
[2020-04-12 20:35:41:425] [vo.logVo.LogVo.<init>] [INFO] 日志实例已初始化...
[2020-04-12 20:35:41:428] [vo.logVo.LogVo.<init>] [INFO] 日志实例已初始化...
[2020-04-12 20:35:41:429] [vo.logVo.LogVo.<init>] [INFO] 日志实例已初始化...
[2020-04-12 20:35:41:430] [vo.logVo.LogVo.<init>] [INFO] 日志实例已初始化...
[2020-04-12 20:35:41:432] [vo.logVo.LogVo.<init>] [INFO] 日志实例已初始化...
[2020-04-12 20:35:41:433] [vo.logVo.LogVo.<init>] [INFO] 日志实例已初始化...
[2020-04-12 20:35:41:434] [vo.logVo.LogVo.<init>] [INFO] 日志实例已初始化...
[2020-04-12 20:35:41:435] [vo.logVo.LogVo.<init>] [INFO] 日志实例已初始化...
[2020-04-12 20:35:41:436] [vo.logVo.LogVo.<init>] [INFO] 日志实例已初始化...
[2020-04-12 20:35:41:437] [vo.logVo.LogVo.<init>] [INFO] 日志实例已初始化...
[2020-04-12 20:35:41:439] [vo.logVo.LogVo.<init>] [INFO] 日志实例已初始化...
[2020-04-12 20:35:41:440] [vo.logVo.LogVo.<init>] [INFO] 日志实例已初始化...
[2020-04-12 20:35:41:441] [vo.logVo.LogVo.<init>] [INFO] 日志实例已初始化...
[2020-04-12 20:35:41:445] [vo.logVo.LogVo.<init>] [INFO] 日志实例已初始化...
[2020-04-12 20:35:41:446] [vo.logVo.LogVo.<init>] [INFO] 日志实例已初始化...
[2020-04-12 20:35:41:447] [vo.logVo.LogVo.<init>] [INFO] 日志实例已初始化...
[2020-04-12 20:35:41:448] [vo.logVo.LogVo.<init>] [INFO] 日志实例已初始化...
[2020-04-12 20:35:41:449] [vo.logVo.LogVo.<init>] [INFO] 日志实例已初始化...
[2020-04-12 20:35:41:450] [vo.logVo.LogVo.<init>] [INFO] 日志实例已初始化...
[2020-04-12 20:35:41:451] [vo.logVo.LogVo.<init>] [INFO] 日志实例已初始化...
[2020-04-12 20:35:41:452] [vo.logVo.LogVo.<init>] [INFO] 日志实例已初始化...
[2020-04-12 20:35:41:453] [vo.logVo.LogVo.<init>] [INFO] 日志实例已初始化...
[2020-04-12 20:35:41:454] [vo.logVo.LogVo.<init>] [INFO] 日志实例已初始化...
[2020-04-12 20:35:41:455] [vo.logVo.LogVo.<init>] [INFO] 日志实例已初始化...
[2020-04-12 20:35:41:456] [vo.logVo.LogVo.<init>] [INFO] 日志实例已初始化...
[2020-04-12 20:35:41:457] [vo.logVo.LogVo.<init>] [INFO] 日志实例已初始化...
[2020-04-12 20:35:41:459] [vo.logVo.LogVo.<init>] [INFO] 日志实例已初始化...
[2020-04-12 20:35:41:460] [vo.logVo.LogVo.<init>] [INFO] 日志实例已初始化...
[2020-04-12 20:35:41:461] [vo.logVo.LogVo.<init>] [INFO] 日志实例已初始化...
[2020-04-12 20:35:41:462] [vo.logVo.LogVo.<init>] [INFO] 日志实例已初始化...
[2020-04-12 20:35:41:463] [vo.logVo.LogVo.<init>] [INFO] 日志实例已初始化...
[2020-04-12 20:35:41:464] [vo.logVo.LogVo.<init>] [INFO] 日志实例已初始化...
[2020-04-12 20:35:41:465] [vo.logVo.LogVo.<init>] [INFO] 日志实例已初始化...
[2020-04-12 20:35:41:467] [vo.logVo.LogVo.<init>] [INFO] 日志实例已初始化...
[2020-04-12 20:35:41:468] [vo.logVo.LogVo.<init>] [INFO] 日志实例已初始化...
[2020-04-12 20:35:41:469] [vo.logVo.LogVo.<init>] [INFO] 日志实例已初始化...
[2020-04-12 20:35:41:470] [vo.logVo.LogVo.<init>] [INFO] 日志实例已初始化...
[2020-04-12 20:35:41:471] [vo.logVo.LogVo.<init>] [INFO] 日志实例已初始化...
[2020-04-12 20:35:41:472] [vo.logVo.LogVo.<init>] [INFO] 日志实例已初始化...
[2020-04-12 20:35:41:474] [vo.logVo.LogVo.<init>] [INFO] 日志实例已初始化...
[2020-04-12 20:35:41:475] [vo.logVo.LogVo.<init>] [INFO] 日志实例已初始化...
[2020-04-12 20:35:41:478] [vo.logVo.LogVo.<init>] [INFO] 日志实例已初始化...
[2020-04-12 20:35:41:479] [vo.logVo.LogVo.<init>] [INFO] 日志实例已初始化...
[2020-04-12 20:35:41:480] [vo.logVo.LogVo.<init>] [INFO] 日志实例已初始化...
[2020-04-12 20:35:41:481] [vo.logVo.LogVo.<init>] [INFO] 日志实例已初始化...
[2020-04-12 20:35:41:483] [vo.logVo.LogVo.<init>] [INFO] 日志实例已初始化...
[2020-04-12 20:35:41:484] [vo.logVo.LogVo.<init>] [INFO] 日志实例已初始化...
[2020-04-12 20:35:41:485] [vo.logVo.LogVo.<init>] [INFO] 日志实例已初始化...
[2020-04-12 20:35:41:485] [vo.logVo.LogVo.<init>] [INFO] 日志实例已初始化...
[2020-04-12 20:35:41:486] [vo.logVo.LogVo.<init>] [INFO] 日志实例已初始化...
[2020-04-12 20:35:41:486] [vo.logVo.LogVo.<init>] [INFO] 日志实例已初始化...
[2020-04-12 20:35:41:487] [vo.logVo.LogVo.<init>] [INFO] 日志实例已初始化...
[2020-04-12 20:35:41:487] [vo.logVo.LogVo.<init>] [INFO] 日志实例已初始化...
[2020-04-12 20:35:41:488] [vo.logVo.LogVo.<init>] [INFO] 日志实例已初始化...
[2020-04-12 20:35:41:488] [vo.logVo.LogVo.<init>] [INFO] 日志实例已初始化...
[2020-04-12 20:35:41:489] [vo.logVo.LogVo.<init>] [INFO] 日志实例已初始化...
[2020-04-12 20:35:41:489] [vo.logVo.LogVo.<init>] [INFO] 日志实例已初始化...
[2020-04-12 20:35:41:489] [vo.logVo.LogVo.<init>] [INFO] 日志实例已初始化...
[2020-04-12 20:35:41:490] [vo.logVo.LogVo.<init>] [INFO] 日志实例已初始化...
[2020-04-12 20:35:41:490] [vo.logVo.LogVo.<init>] [INFO] 日志实例已初始化...
[2020-04-12 20:35:41:491] [vo.logVo.LogVo.<init>] [INFO] 日志实例已初始化...
[2020-04-12 20:35:41:491] [vo.logVo.LogVo.<init>] [INFO] 日志实例已初始化...
[2020-04-12 20:35:41:492] [vo.logVo.LogVo.<init>] [INFO] 日志实例已初始化...
[2020-04-12 20:35:41:492] [vo.logVo.LogVo.<init>] [INFO] 日志实例已初始化...
[2020-04-12 20:35:41:494] [vo.logVo.LogVo.<init>] [INFO] 日志实例已初始化...
[2020-04-12 20:35:41:495] [vo.logVo.LogVo.<init>] [INFO] 日志实例已初始化...
[2020-04-12 20:35:41:496] [vo.logVo.LogVo.<init>] [INFO] 日志实例已初始化...
[2020-04-12 20:35:41:496] [vo.logVo.LogVo.<init>] [INFO] 日志实例已初始化...
[2020-04-12 20:35:41:496] [vo.logVo.LogVo.<init>] [INFO] 日志实例已初始化...
[2020-04-12 20:35:41:497] [vo.logVo.LogVo.<init>] [INFO] 日志实例已初始化...
[2020-04-12 20:35:41:497] [vo.logVo.LogVo.<init>] [INFO] 日志实例已初始化...
[2020-04-12 20:35:41:497] [vo.logVo.LogVo.<init>] [INFO] 日志实例已初始化...
[2020-04-12 20:35:41:498] [vo.logVo.LogVo.<init>] [INFO] 日志实例已初始化...
[2020-04-12 20:35:41:498] [vo.logVo.LogVo.<init>] [INFO] 日志实例已初始化...
[2020-04-12 20:35:41:498] [vo.logVo.LogVo.<init>] [INFO] 日志实例已初始化...
[2020-04-12 20:35:41:499] [vo.logVo.LogVo.<init>] [INFO] 日志实例已初始化...
[2020-04-12 20:35:41:499] [vo.logVo.LogVo.<init>] [INFO] 日志实例已初始化...
[2020-04-12 20:35:41:499] [vo.logVo.LogVo.<init>] [INFO] 日志实例已初始化...
[2020-04-12 20:35:41:500] [vo.logVo.LogVo.<init>] [INFO] 日志实例已初始化...
[2020-04-12 20:35:41:500] [vo.logVo.LogVo.<init>] [INFO] 日志实例已初始化...
[2020-04-12 20:35:41:500] [vo.logVo.LogVo.<init>] [INFO] 日志实例已初始化...
[2020-04-12 20:35:41:501] [vo.logVo.LogVo.<init>] [INFO] 日志实例已初始化...
[2020-04-12 20:35:41:501] [vo.logVo.LogVo.<init>] [INFO] 日志实例已初始化...
[2020-04-12 20:35:41:501] [vo.logVo.LogVo.<init>] [INFO] 日志实例已初始化...
[2020-04-12 20:35:41:502] [vo.logVo.LogVo.<init>] [INFO] 日志实例已初始化...
[2020-04-12 20:35:41:502] [vo.logVo.LogVo.<init>] [INFO] 日志实例已初始化...
[2020-04-12 20:35:41:502] [vo.logVo.LogVo.<init>] [INFO] 日志实例已初始化...
[2020-04-12 20:35:41:503] [vo.logVo.LogVo.<init>] [INFO] 日志实例已初始化...
[2020-04-12 20:35:41:503] [vo.logVo.LogVo.<init>] [INFO] 日志实例已初始化...
[2020-04-12 20:35:41:503] [vo.logVo.LogVo.<init>] [INFO] 日志实例已初始化...
[2020-04-12 20:35:41:504] [vo.logVo.LogVo.<init>] [INFO] 日志实例已初始化...
[2020-04-12 20:35:41:504] [vo.logVo.LogVo.<init>] [INFO] 日志实例已初始化...
[2020-04-12 20:35:41:504] [vo.logVo.LogVo.<init>] [INFO] 日志实例已初始化...
[2020-04-12 20:35:41:505] [vo.logVo.LogVo.<init>] [INFO] 日志实例已初始化...
[2020-04-12 20:35:41:505] [vo.logVo.LogVo.<init>] [INFO] 日志实例已初始化...
[2020-04-12 20:35:41:506] [vo.logVo.LogVo.<init>] [INFO] 日志实例已初始化...
[2020-04-12 20:35:41:506] [vo.logVo.LogVo.<init>] [INFO] 日志实例已初始化...
[2020-04-12 20:35:41:506] [vo.logVo.LogVo.<init>] [INFO] 日志实例已初始化...
[2020-04-12 20:35:41:507] [vo.logVo.LogVo.<init>] [INFO] 日志实例已初始化...
[2020-04-12 20:35:41:507] [vo.logVo.LogVo.<init>] [INFO] 日志实例已初始化...
[2020-04-12 20:35:41:507] [vo.logVo.LogVo.<init>] [INFO] 日志实例已初始化...
[2020-04-12 20:35:41:508] [vo.logVo.LogVo.<init>] [INFO] 日志实例已初始化...
[2020-04-12 20:35:41:508] [vo.logVo.LogVo.<init>] [INFO] 日志实例已初始化...
[2020-04-12 20:35:41:508] [vo.logVo.LogVo.<init>] [INFO] 日志实例已初始化...
[2020-04-12 20:35:41:515] [vo.logVo.LogVo.<init>] [INFO] 日志实例已初始化...
[2020-04-12 20:35:41:516] [vo.logVo.LogVo.<init>] [INFO] 日志实例已初始化...
[2020-04-12 20:35:41:517] [vo.logVo.LogVo.<init>] [INFO] 日志实例已初始化...
[2020-04-12 20:35:41:518] [vo.logVo.LogVo.<init>] [INFO] 日志实例已初始化...
[2020-04-12 20:35:41:519] [vo.logVo.LogVo.<init>] [INFO] 日志实例已初始化...
[2020-04-12 20:35:41:519] [vo.logVo.LogVo.<init>] [INFO] 日志实例已初始化...
[2020-04-12 20:35:41:520] [vo.logVo.LogVo.<init>] [INFO] 日志实例已初始化...
[2020-04-12 20:35:41:520] [vo.logVo.LogVo.<init>] [INFO] 日志实例已初始化...
[2020-04-12 20:35:41:521] [vo.logVo.LogVo.<init>] [INFO] 日志实例已初始化...
[2020-04-12 20:35:41:522] [vo.logVo.LogVo.<init>] [INFO] 日志实例已初始化...
[2020-04-12 20:35:41:522] [vo.logVo.LogVo.<init>] [INFO] 日志实例已初始化...
[2020-04-12 20:35:41:523] [vo.logVo.LogVo.<init>] [INFO] 日志实例已初始化...
[2020-04-12 20:35:41:524] [vo.logVo.LogVo.<init>] [INFO] 日志实例已初始化...
[2020-04-12 20:35:41:526] [vo.logVo.LogVo.<init>] [INFO] 日志实例已初始化...
[2020-04-12 20:35:41:528] [vo.logVo.LogVo.<init>] [INFO] 日志实例已初始化...
[2020-04-12 20:35:41:530] [vo.logVo.LogVo.<init>] [INFO] 日志实例已初始化...
[2020-04-12 20:35:41:547] [vo.logVo.LogVo.<init>] [INFO] 日志实例已初始化...
[2020-04-12 20:35:41:552] [vo.logVo.LogVo.<init>] [INFO] 日志实例已初始化...
[2020-04-12 20:35:41:647] [aop.AnnotationCommenAop.writeLog] [INFO] 保存操作日志成功.
[2020-04-12 20:35:44:055] [aop.AnnotationCommenAop.writeLog] [INFO] 开始保存操作日志...
[2020-04-12 20:35:44:067] [aop.AnnotationCommenAop.writeLog] [INFO] 保存操作日志成功.
[2020-04-12 20:35:44:069] [aop.AnnotationCommenAop.writeLog] [INFO] 开始保存操作日志...
[2020-04-12 20:35:44:081] [vo.logVo.LogVo.<init>] [INFO] 日志实例已初始化...
[2020-04-12 20:35:44:082] [vo.logVo.LogVo.<init>] [INFO] 日志实例已初始化...
[2020-04-12 20:35:44:084] [vo.logVo.LogVo.<init>] [INFO] 日志实例已初始化...
[2020-04-12 20:35:44:085] [vo.logVo.LogVo.<init>] [INFO] 日志实例已初始化...
[2020-04-12 20:35:44:086] [vo.logVo.LogVo.<init>] [INFO] 日志实例已初始化...
[2020-04-12 20:35:44:087] [vo.logVo.LogVo.<init>] [INFO] 日志实例已初始化...
[2020-04-12 20:35:44:089] [vo.logVo.LogVo.<init>] [INFO] 日志实例已初始化...
[2020-04-12 20:35:44:090] [vo.logVo.LogVo.<init>] [INFO] 日志实例已初始化...
[2020-04-12 20:35:44:092] [vo.logVo.LogVo.<init>] [INFO] 日志实例已初始化...
[2020-04-12 20:35:44:094] [vo.logVo.LogVo.<init>] [INFO] 日志实例已初始化...
[2020-04-12 20:35:44:095] [vo.logVo.LogVo.<init>] [INFO] 日志实例已初始化...
[2020-04-12 20:35:44:097] [vo.logVo.LogVo.<init>] [INFO] 日志实例已初始化...
[2020-04-12 20:35:44:098] [vo.logVo.LogVo.<init>] [INFO] 日志实例已初始化...
[2020-04-12 20:35:44:100] [vo.logVo.LogVo.<init>] [INFO] 日志实例已初始化...
[2020-04-12 20:35:44:101] [vo.logVo.LogVo.<init>] [INFO] 日志实例已初始化...
[2020-04-12 20:35:44:102] [vo.logVo.LogVo.<init>] [INFO] 日志实例已初始化...
[2020-04-12 20:35:44:103] [vo.logVo.LogVo.<init>] [INFO] 日志实例已初始化...
[2020-04-12 20:35:44:103] [vo.logVo.LogVo.<init>] [INFO] 日志实例已初始化...
[2020-04-12 20:35:44:104] [vo.logVo.LogVo.<init>] [INFO] 日志实例已初始化...
[2020-04-12 20:35:44:104] [vo.logVo.LogVo.<init>] [INFO] 日志实例已初始化...
[2020-04-12 20:35:44:104] [vo.logVo.LogVo.<init>] [INFO] 日志实例已初始化...
[2020-04-12 20:35:44:105] [vo.logVo.LogVo.<init>] [INFO] 日志实例已初始化...
[2020-04-12 20:35:44:105] [vo.logVo.LogVo.<init>] [INFO] 日志实例已初始化...
[2020-04-12 20:35:44:106] [vo.logVo.LogVo.<init>] [INFO] 日志实例已初始化...
[2020-04-12 20:35:44:106] [vo.logVo.LogVo.<init>] [INFO] 日志实例已初始化...
[2020-04-12 20:35:44:107] [vo.logVo.LogVo.<init>] [INFO] 日志实例已初始化...
[2020-04-12 20:35:44:107] [vo.logVo.LogVo.<init>] [INFO] 日志实例已初始化...
[2020-04-12 20:35:44:107] [vo.logVo.LogVo.<init>] [INFO] 日志实例已初始化...
[2020-04-12 20:35:44:108] [vo.logVo.LogVo.<init>] [INFO] 日志实例已初始化...
[2020-04-12 20:35:44:108] [vo.logVo.LogVo.<init>] [INFO] 日志实例已初始化...
[2020-04-12 20:35:44:108] [vo.logVo.LogVo.<init>] [INFO] 日志实例已初始化...
[2020-04-12 20:35:44:109] [vo.logVo.LogVo.<init>] [INFO] 日志实例已初始化...
[2020-04-12 20:35:44:109] [vo.logVo.LogVo.<init>] [INFO] 日志实例已初始化...
[2020-04-12 20:35:44:110] [vo.logVo.LogVo.<init>] [INFO] 日志实例已初始化...
[2020-04-12 20:35:44:111] [vo.logVo.LogVo.<init>] [INFO] 日志实例已初始化...
[2020-04-12 20:35:44:111] [vo.logVo.LogVo.<init>] [INFO] 日志实例已初始化...
[2020-04-12 20:35:44:112] [vo.logVo.LogVo.<init>] [INFO] 日志实例已初始化...
[2020-04-12 20:35:44:113] [vo.logVo.LogVo.<init>] [INFO] 日志实例已初始化...
[2020-04-12 20:35:44:113] [vo.logVo.LogVo.<init>] [INFO] 日志实例已初始化...
[2020-04-12 20:35:44:114] [vo.logVo.LogVo.<init>] [INFO] 日志实例已初始化...
[2020-04-12 20:35:44:115] [vo.logVo.LogVo.<init>] [INFO] 日志实例已初始化...
[2020-04-12 20:35:44:116] [vo.logVo.LogVo.<init>] [INFO] 日志实例已初始化...
[2020-04-12 20:35:44:117] [vo.logVo.LogVo.<init>] [INFO] 日志实例已初始化...
[2020-04-12 20:35:44:118] [vo.logVo.LogVo.<init>] [INFO] 日志实例已初始化...
[2020-04-12 20:35:44:118] [vo.logVo.LogVo.<init>] [INFO] 日志实例已初始化...
[2020-04-12 20:35:44:119] [vo.logVo.LogVo.<init>] [INFO] 日志实例已初始化...
[2020-04-12 20:35:44:119] [vo.logVo.LogVo.<init>] [INFO] 日志实例已初始化...
[2020-04-12 20:35:44:120] [vo.logVo.LogVo.<init>] [INFO] 日志实例已初始化...
[2020-04-12 20:35:44:120] [vo.logVo.LogVo.<init>] [INFO] 日志实例已初始化...
[2020-04-12 20:35:44:121] [vo.logVo.LogVo.<init>] [INFO] 日志实例已初始化...
[2020-04-12 20:35:44:121] [vo.logVo.LogVo.<init>] [INFO] 日志实例已初始化...
[2020-04-12 20:35:44:122] [vo.logVo.LogVo.<init>] [INFO] 日志实例已初始化...
[2020-04-12 20:35:44:122] [vo.logVo.LogVo.<init>] [INFO] 日志实例已初始化...
[2020-04-12 20:35:44:122] [vo.logVo.LogVo.<init>] [INFO] 日志实例已初始化...
[2020-04-12 20:35:44:123] [vo.logVo.LogVo.<init>] [INFO] 日志实例已初始化...
[2020-04-12 20:35:44:124] [vo.logVo.LogVo.<init>] [INFO] 日志实例已初始化...
[2020-04-12 20:35:44:124] [vo.logVo.LogVo.<init>] [INFO] 日志实例已初始化...
[2020-04-12 20:35:44:125] [vo.logVo.LogVo.<init>] [INFO] 日志实例已初始化...
[2020-04-12 20:35:44:125] [vo.logVo.LogVo.<init>] [INFO] 日志实例已初始化...
[2020-04-12 20:35:44:126] [vo.logVo.LogVo.<init>] [INFO] 日志实例已初始化...
[2020-04-12 20:35:44:126] [vo.logVo.LogVo.<init>] [INFO] 日志实例已初始化...
[2020-04-12 20:35:44:127] [vo.logVo.LogVo.<init>] [INFO] 日志实例已初始化...
[2020-04-12 20:35:44:127] [vo.logVo.LogVo.<init>] [INFO] 日志实例已初始化...
[2020-04-12 20:35:44:127] [vo.logVo.LogVo.<init>] [INFO] 日志实例已初始化...
[2020-04-12 20:35:44:128] [vo.logVo.LogVo.<init>] [INFO] 日志实例已初始化...
[2020-04-12 20:35:44:128] [vo.logVo.LogVo.<init>] [INFO] 日志实例已初始化...
[2020-04-12 20:35:44:129] [vo.logVo.LogVo.<init>] [INFO] 日志实例已初始化...
[2020-04-12 20:35:44:129] [vo.logVo.LogVo.<init>] [INFO] 日志实例已初始化...
[2020-04-12 20:35:44:129] [vo.logVo.LogVo.<init>] [INFO] 日志实例已初始化...
[2020-04-12 20:35:44:130] [vo.logVo.LogVo.<init>] [INFO] 日志实例已初始化...
[2020-04-12 20:35:44:130] [vo.logVo.LogVo.<init>] [INFO] 日志实例已初始化...
[2020-04-12 20:35:44:131] [vo.logVo.LogVo.<init>] [INFO] 日志实例已初始化...
[2020-04-12 20:35:44:131] [vo.logVo.LogVo.<init>] [INFO] 日志实例已初始化...
[2020-04-12 20:35:44:132] [vo.logVo.LogVo.<init>] [INFO] 日志实例已初始化...
[2020-04-12 20:35:44:132] [vo.logVo.LogVo.<init>] [INFO] 日志实例已初始化...
[2020-04-12 20:35:44:132] [vo.logVo.LogVo.<init>] [INFO] 日志实例已初始化...
[2020-04-12 20:35:44:132] [vo.logVo.LogVo.<init>] [INFO] 日志实例已初始化...
[2020-04-12 20:35:44:133] [vo.logVo.LogVo.<init>] [INFO] 日志实例已初始化...
[2020-04-12 20:35:44:133] [vo.logVo.LogVo.<init>] [INFO] 日志实例已初始化...
[2020-04-12 20:35:44:133] [vo.logVo.LogVo.<init>] [INFO] 日志实例已初始化...
[2020-04-12 20:35:44:133] [vo.logVo.LogVo.<init>] [INFO] 日志实例已初始化...
[2020-04-12 20:35:44:134] [vo.logVo.LogVo.<init>] [INFO] 日志实例已初始化...
[2020-04-12 20:35:44:134] [vo.logVo.LogVo.<init>] [INFO] 日志实例已初始化...
[2020-04-12 20:35:44:134] [vo.logVo.LogVo.<init>] [INFO] 日志实例已初始化...
[2020-04-12 20:35:44:134] [vo.logVo.LogVo.<init>] [INFO] 日志实例已初始化...
[2020-04-12 20:35:44:135] [vo.logVo.LogVo.<init>] [INFO] 日志实例已初始化...
[2020-04-12 20:35:44:135] [vo.logVo.LogVo.<init>] [INFO] 日志实例已初始化...
[2020-04-12 20:35:44:135] [vo.logVo.LogVo.<init>] [INFO] 日志实例已初始化...
[2020-04-12 20:35:44:136] [vo.logVo.LogVo.<init>] [INFO] 日志实例已初始化...
[2020-04-12 20:35:44:136] [vo.logVo.LogVo.<init>] [INFO] 日志实例已初始化...
[2020-04-12 20:35:44:136] [vo.logVo.LogVo.<init>] [INFO] 日志实例已初始化...
[2020-04-12 20:35:44:136] [vo.logVo.LogVo.<init>] [INFO] 日志实例已初始化...
[2020-04-12 20:35:44:137] [vo.logVo.LogVo.<init>] [INFO] 日志实例已初始化...
[2020-04-12 20:35:44:137] [vo.logVo.LogVo.<init>] [INFO] 日志实例已初始化...
[2020-04-12 20:35:44:137] [vo.logVo.LogVo.<init>] [INFO] 日志实例已初始化...
[2020-04-12 20:35:44:137] [vo.logVo.LogVo.<init>] [INFO] 日志实例已初始化...
[2020-04-12 20:35:44:138] [vo.logVo.LogVo.<init>] [INFO] 日志实例已初始化...
[2020-04-12 20:35:44:138] [vo.logVo.LogVo.<init>] [INFO] 日志实例已初始化...
[2020-04-12 20:35:44:138] [vo.logVo.LogVo.<init>] [INFO] 日志实例已初始化...
[2020-04-12 20:35:44:138] [vo.logVo.LogVo.<init>] [INFO] 日志实例已初始化...
[2020-04-12 20:35:44:139] [vo.logVo.LogVo.<init>] [INFO] 日志实例已初始化...
[2020-04-12 20:35:44:139] [vo.logVo.LogVo.<init>] [INFO] 日志实例已初始化...
[2020-04-12 20:35:44:139] [vo.logVo.LogVo.<init>] [INFO] 日志实例已初始化...
[2020-04-12 20:35:44:140] [vo.logVo.LogVo.<init>] [INFO] 日志实例已初始化...
[2020-04-12 20:35:44:140] [vo.logVo.LogVo.<init>] [INFO] 日志实例已初始化...
[2020-04-12 20:35:44:141] [vo.logVo.LogVo.<init>] [INFO] 日志实例已初始化...
[2020-04-12 20:35:44:141] [vo.logVo.LogVo.<init>] [INFO] 日志实例已初始化...
[2020-04-12 20:35:44:141] [vo.logVo.LogVo.<init>] [INFO] 日志实例已初始化...
[2020-04-12 20:35:44:142] [vo.logVo.LogVo.<init>] [INFO] 日志实例已初始化...
[2020-04-12 20:35:44:142] [vo.logVo.LogVo.<init>] [INFO] 日志实例已初始化...
[2020-04-12 20:35:44:142] [vo.logVo.LogVo.<init>] [INFO] 日志实例已初始化...
[2020-04-12 20:35:44:142] [vo.logVo.LogVo.<init>] [INFO] 日志实例已初始化...
[2020-04-12 20:35:44:143] [vo.logVo.LogVo.<init>] [INFO] 日志实例已初始化...
[2020-04-12 20:35:44:143] [vo.logVo.LogVo.<init>] [INFO] 日志实例已初始化...
[2020-04-12 20:35:44:143] [vo.logVo.LogVo.<init>] [INFO] 日志实例已初始化...
[2020-04-12 20:35:44:143] [vo.logVo.LogVo.<init>] [INFO] 日志实例已初始化...
[2020-04-12 20:35:44:144] [vo.logVo.LogVo.<init>] [INFO] 日志实例已初始化...
[2020-04-12 20:35:44:144] [vo.logVo.LogVo.<init>] [INFO] 日志实例已初始化...
[2020-04-12 20:35:44:144] [vo.logVo.LogVo.<init>] [INFO] 日志实例已初始化...
[2020-04-12 20:35:44:145] [vo.logVo.LogVo.<init>] [INFO] 日志实例已初始化...
[2020-04-12 20:35:44:145] [vo.logVo.LogVo.<init>] [INFO] 日志实例已初始化...
[2020-04-12 20:35:44:145] [vo.logVo.LogVo.<init>] [INFO] 日志实例已初始化...
[2020-04-12 20:35:44:145] [vo.logVo.LogVo.<init>] [INFO] 日志实例已初始化...
[2020-04-12 20:35:44:146] [vo.logVo.LogVo.<init>] [INFO] 日志实例已初始化...
[2020-04-12 20:35:44:146] [vo.logVo.LogVo.<init>] [INFO] 日志实例已初始化...
[2020-04-12 20:35:44:146] [vo.logVo.LogVo.<init>] [INFO] 日志实例已初始化...
[2020-04-12 20:35:44:146] [vo.logVo.LogVo.<init>] [INFO] 日志实例已初始化...
[2020-04-12 20:35:44:147] [vo.logVo.LogVo.<init>] [INFO] 日志实例已初始化...
[2020-04-12 20:35:44:147] [vo.logVo.LogVo.<init>] [INFO] 日志实例已初始化...
[2020-04-12 20:35:44:147] [vo.logVo.LogVo.<init>] [INFO] 日志实例已初始化...
[2020-04-12 20:35:44:147] [vo.logVo.LogVo.<init>] [INFO] 日志实例已初始化...
[2020-04-12 20:35:44:148] [vo.logVo.LogVo.<init>] [INFO] 日志实例已初始化...
[2020-04-12 20:35:44:148] [vo.logVo.LogVo.<init>] [INFO] 日志实例已初始化...
[2020-04-12 20:35:44:148] [vo.logVo.LogVo.<init>] [INFO] 日志实例已初始化...
[2020-04-12 20:35:44:148] [vo.logVo.LogVo.<init>] [INFO] 日志实例已初始化...
[2020-04-12 20:35:44:149] [vo.logVo.LogVo.<init>] [INFO] 日志实例已初始化...
[2020-04-12 20:35:44:149] [vo.logVo.LogVo.<init>] [INFO] 日志实例已初始化...
[2020-04-12 20:35:44:149] [vo.logVo.LogVo.<init>] [INFO] 日志实例已初始化...
[2020-04-12 20:35:44:149] [vo.logVo.LogVo.<init>] [INFO] 日志实例已初始化...
[2020-04-12 20:35:44:150] [vo.logVo.LogVo.<init>] [INFO] 日志实例已初始化...
[2020-04-12 20:35:44:150] [vo.logVo.LogVo.<init>] [INFO] 日志实例已初始化...
[2020-04-12 20:35:44:150] [vo.logVo.LogVo.<init>] [INFO] 日志实例已初始化...
[2020-04-12 20:35:44:151] [vo.logVo.LogVo.<init>] [INFO] 日志实例已初始化...
[2020-04-12 20:35:44:151] [vo.logVo.LogVo.<init>] [INFO] 日志实例已初始化...
[2020-04-12 20:35:44:151] [vo.logVo.LogVo.<init>] [INFO] 日志实例已初始化...
[2020-04-12 20:35:44:152] [vo.logVo.LogVo.<init>] [INFO] 日志实例已初始化...
[2020-04-12 20:35:44:152] [vo.logVo.LogVo.<init>] [INFO] 日志实例已初始化...
[2020-04-12 20:35:44:152] [vo.logVo.LogVo.<init>] [INFO] 日志实例已初始化...
[2020-04-12 20:35:44:152] [vo.logVo.LogVo.<init>] [INFO] 日志实例已初始化...
[2020-04-12 20:35:44:153] [vo.logVo.LogVo.<init>] [INFO] 日志实例已初始化...
[2020-04-12 20:35:44:153] [vo.logVo.LogVo.<init>] [INFO] 日志实例已初始化...
[2020-04-12 20:35:44:153] [vo.logVo.LogVo.<init>] [INFO] 日志实例已初始化...
[2020-04-12 20:35:44:154] [vo.logVo.LogVo.<init>] [INFO] 日志实例已初始化...
[2020-04-12 20:35:44:154] [vo.logVo.LogVo.<init>] [INFO] 日志实例已初始化...
[2020-04-12 20:35:44:154] [vo.logVo.LogVo.<init>] [INFO] 日志实例已初始化...
[2020-04-12 20:35:44:154] [vo.logVo.LogVo.<init>] [INFO] 日志实例已初始化...
[2020-04-12 20:35:44:155] [vo.logVo.LogVo.<init>] [INFO] 日志实例已初始化...
[2020-04-12 20:35:44:155] [vo.logVo.LogVo.<init>] [INFO] 日志实例已初始化...
[2020-04-12 20:35:44:155] [vo.logVo.LogVo.<init>] [INFO] 日志实例已初始化...
[2020-04-12 20:35:44:155] [vo.logVo.LogVo.<init>] [INFO] 日志实例已初始化...
[2020-04-12 20:35:44:156] [vo.logVo.LogVo.<init>] [INFO] 日志实例已初始化...
[2020-04-12 20:35:44:156] [vo.logVo.LogVo.<init>] [INFO] 日志实例已初始化...
[2020-04-12 20:35:44:156] [vo.logVo.LogVo.<init>] [INFO] 日志实例已初始化...
[2020-04-12 20:35:44:157] [vo.logVo.LogVo.<init>] [INFO] 日志实例已初始化...
[2020-04-12 20:35:44:157] [vo.logVo.LogVo.<init>] [INFO] 日志实例已初始化...
[2020-04-12 20:35:44:157] [vo.logVo.LogVo.<init>] [INFO] 日志实例已初始化...
[2020-04-12 20:35:44:158] [vo.logVo.LogVo.<init>] [INFO] 日志实例已初始化...
[2020-04-12 20:35:44:158] [vo.logVo.LogVo.<init>] [INFO] 日志实例已初始化...
[2020-04-12 20:35:44:158] [vo.logVo.LogVo.<init>] [INFO] 日志实例已初始化...
[2020-04-12 20:35:44:158] [vo.logVo.LogVo.<init>] [INFO] 日志实例已初始化...
[2020-04-12 20:35:44:159] [vo.logVo.LogVo.<init>] [INFO] 日志实例已初始化...
[2020-04-12 20:35:44:159] [vo.logVo.LogVo.<init>] [INFO] 日志实例已初始化...
[2020-04-12 20:35:44:159] [vo.logVo.LogVo.<init>] [INFO] 日志实例已初始化...
[2020-04-12 20:35:44:160] [vo.logVo.LogVo.<init>] [INFO] 日志实例已初始化...
[2020-04-12 20:35:44:160] [vo.logVo.LogVo.<init>] [INFO] 日志实例已初始化...
[2020-04-12 20:35:44:161] [vo.logVo.LogVo.<init>] [INFO] 日志实例已初始化...
[2020-04-12 20:35:44:161] [vo.logVo.LogVo.<init>] [INFO] 日志实例已初始化...
[2020-04-12 20:35:44:162] [vo.logVo.LogVo.<init>] [INFO] 日志实例已初始化...
[2020-04-12 20:35:44:163] [vo.logVo.LogVo.<init>] [INFO] 日志实例已初始化...
[2020-04-12 20:35:44:163] [vo.logVo.LogVo.<init>] [INFO] 日志实例已初始化...
[2020-04-12 20:35:44:164] [vo.logVo.LogVo.<init>] [INFO] 日志实例已初始化...
[2020-04-12 20:35:44:165] [vo.logVo.LogVo.<init>] [INFO] 日志实例已初始化...
[2020-04-12 20:35:44:167] [vo.logVo.LogVo.<init>] [INFO] 日志实例已初始化...
[2020-04-12 20:35:44:168] [vo.logVo.LogVo.<init>] [INFO] 日志实例已初始化...
[2020-04-12 20:35:44:171] [vo.logVo.LogVo.<init>] [INFO] 日志实例已初始化...
[2020-04-12 20:35:44:174] [vo.logVo.LogVo.<init>] [INFO] 日志实例已初始化...
[2020-04-12 20:35:44:176] [vo.logVo.LogVo.<init>] [INFO] 日志实例已初始化...
[2020-04-12 20:35:44:176] [vo.logVo.LogVo.<init>] [INFO] 日志实例已初始化...
[2020-04-12 20:35:44:177] [vo.logVo.LogVo.<init>] [INFO] 日志实例已初始化...
[2020-04-12 20:35:44:178] [vo.logVo.LogVo.<init>] [INFO] 日志实例已初始化...
[2020-04-12 20:35:44:179] [vo.logVo.LogVo.<init>] [INFO] 日志实例已初始化...
[2020-04-12 20:35:44:180] [vo.logVo.LogVo.<init>] [INFO] 日志实例已初始化...
[2020-04-12 20:35:44:181] [vo.logVo.LogVo.<init>] [INFO] 日志实例已初始化...
[2020-04-12 20:35:44:182] [vo.logVo.LogVo.<init>] [INFO] 日志实例已初始化...
[2020-04-12 20:35:44:183] [vo.logVo.LogVo.<init>] [INFO] 日志实例已初始化...
[2020-04-12 20:35:44:184] [vo.logVo.LogVo.<init>] [INFO] 日志实例已初始化...
[2020-04-12 20:35:44:185] [vo.logVo.LogVo.<init>] [INFO] 日志实例已初始化...
[2020-04-12 20:35:44:186] [vo.logVo.LogVo.<init>] [INFO] 日志实例已初始化...
[2020-04-12 20:35:44:187] [vo.logVo.LogVo.<init>] [INFO] 日志实例已初始化...
[2020-04-12 20:35:44:188] [vo.logVo.LogVo.<init>] [INFO] 日志实例已初始化...
[2020-04-12 20:35:44:189] [vo.logVo.LogVo.<init>] [INFO] 日志实例已初始化...
[2020-04-12 20:35:44:191] [vo.logVo.LogVo.<init>] [INFO] 日志实例已初始化...
[2020-04-12 20:35:44:192] [vo.logVo.LogVo.<init>] [INFO] 日志实例已初始化...
[2020-04-12 20:35:44:193] [vo.logVo.LogVo.<init>] [INFO] 日志实例已初始化...
[2020-04-12 20:35:44:193] [vo.logVo.LogVo.<init>] [INFO] 日志实例已初始化...
[2020-04-12 20:35:44:194] [vo.logVo.LogVo.<init>] [INFO] 日志实例已初始化...
[2020-04-12 20:35:44:195] [vo.logVo.LogVo.<init>] [INFO] 日志实例已初始化...
[2020-04-12 20:35:44:198] [vo.logVo.LogVo.<init>] [INFO] 日志实例已初始化...
[2020-04-12 20:35:44:199] [vo.logVo.LogVo.<init>] [INFO] 日志实例已初始化...
[2020-04-12 20:35:44:199] [vo.logVo.LogVo.<init>] [INFO] 日志实例已初始化...
[2020-04-12 20:35:44:200] [vo.logVo.LogVo.<init>] [INFO] 日志实例已初始化...
[2020-04-12 20:35:44:201] [vo.logVo.LogVo.<init>] [INFO] 日志实例已初始化...
[2020-04-12 20:35:44:202] [vo.logVo.LogVo.<init>] [INFO] 日志实例已初始化...
[2020-04-12 20:35:44:204] [vo.logVo.LogVo.<init>] [INFO] 日志实例已初始化...
[2020-04-12 20:35:44:204] [vo.logVo.LogVo.<init>] [INFO] 日志实例已初始化...
[2020-04-12 20:35:44:205] [vo.logVo.LogVo.<init>] [INFO] 日志实例已初始化...
[2020-04-12 20:35:44:206] [vo.logVo.LogVo.<init>] [INFO] 日志实例已初始化...
[2020-04-12 20:35:44:207] [vo.logVo.LogVo.<init>] [INFO] 日志实例已初始化...
[2020-04-12 20:35:44:207] [vo.logVo.LogVo.<init>] [INFO] 日志实例已初始化...
[2020-04-12 20:35:44:208] [vo.logVo.LogVo.<init>] [INFO] 日志实例已初始化...
[2020-04-12 20:35:44:209] [vo.logVo.LogVo.<init>] [INFO] 日志实例已初始化...
[2020-04-12 20:35:44:209] [vo.logVo.LogVo.<init>] [INFO] 日志实例已初始化...
[2020-04-12 20:35:44:210] [vo.logVo.LogVo.<init>] [INFO] 日志实例已初始化...
[2020-04-12 20:35:44:211] [vo.logVo.LogVo.<init>] [INFO] 日志实例已初始化...
[2020-04-12 20:35:44:212] [vo.logVo.LogVo.<init>] [INFO] 日志实例已初始化...
[2020-04-12 20:35:44:213] [vo.logVo.LogVo.<init>] [INFO] 日志实例已初始化...
[2020-04-12 20:35:44:214] [vo.logVo.LogVo.<init>] [INFO] 日志实例已初始化...
[2020-04-12 20:35:44:215] [vo.logVo.LogVo.<init>] [INFO] 日志实例已初始化...
[2020-04-12 20:35:44:215] [vo.logVo.LogVo.<init>] [INFO] 日志实例已初始化...
[2020-04-12 20:35:44:216] [vo.logVo.LogVo.<init>] [INFO] 日志实例已初始化...
[2020-04-12 20:35:44:217] [vo.logVo.LogVo.<init>] [INFO] 日志实例已初始化...
[2020-04-12 20:35:44:218] [vo.logVo.LogVo.<init>] [INFO] 日志实例已初始化...
[2020-04-12 20:35:44:219] [vo.logVo.LogVo.<init>] [INFO] 日志实例已初始化...
[2020-04-12 20:35:44:220] [vo.logVo.LogVo.<init>] [INFO] 日志实例已初始化...
[2020-04-12 20:35:44:221] [vo.logVo.LogVo.<init>] [INFO] 日志实例已初始化...
[2020-04-12 20:35:44:222] [vo.logVo.LogVo.<init>] [INFO] 日志实例已初始化...
[2020-04-12 20:35:44:222] [vo.logVo.LogVo.<init>] [INFO] 日志实例已初始化...
[2020-04-12 20:35:44:224] [vo.logVo.LogVo.<init>] [INFO] 日志实例已初始化...
[2020-04-12 20:35:44:224] [vo.logVo.LogVo.<init>] [INFO] 日志实例已初始化...
[2020-04-12 20:35:44:225] [vo.logVo.LogVo.<init>] [INFO] 日志实例已初始化...
[2020-04-12 20:35:44:226] [vo.logVo.LogVo.<init>] [INFO] 日志实例已初始化...
[2020-04-12 20:35:44:226] [vo.logVo.LogVo.<init>] [INFO] 日志实例已初始化...
[2020-04-12 20:35:44:227] [vo.logVo.LogVo.<init>] [INFO] 日志实例已初始化...
[2020-04-12 20:35:44:228] [vo.logVo.LogVo.<init>] [INFO] 日志实例已初始化...
[2020-04-12 20:35:44:229] [vo.logVo.LogVo.<init>] [INFO] 日志实例已初始化...
[2020-04-12 20:35:44:230] [vo.logVo.LogVo.<init>] [INFO] 日志实例已初始化...
[2020-04-12 20:35:44:231] [vo.logVo.LogVo.<init>] [INFO] 日志实例已初始化...
[2020-04-12 20:35:44:231] [vo.logVo.LogVo.<init>] [INFO] 日志实例已初始化...
[2020-04-12 20:35:44:232] [vo.logVo.LogVo.<init>] [INFO] 日志实例已初始化...
[2020-04-12 20:35:44:233] [vo.logVo.LogVo.<init>] [INFO] 日志实例已初始化...
[2020-04-12 20:35:44:234] [vo.logVo.LogVo.<init>] [INFO] 日志实例已初始化...
[2020-04-12 20:35:44:235] [vo.logVo.LogVo.<init>] [INFO] 日志实例已初始化...
[2020-04-12 20:35:44:235] [vo.logVo.LogVo.<init>] [INFO] 日志实例已初始化...
[2020-04-12 20:35:44:236] [vo.logVo.LogVo.<init>] [INFO] 日志实例已初始化...
[2020-04-12 20:35:44:237] [vo.logVo.LogVo.<init>] [INFO] 日志实例已初始化...
[2020-04-12 20:35:44:238] [vo.logVo.LogVo.<init>] [INFO] 日志实例已初始化...
[2020-04-12 20:35:44:246] [vo.logVo.LogVo.<init>] [INFO] 日志实例已初始化...
[2020-04-12 20:35:44:253] [vo.logVo.LogVo.<init>] [INFO] 日志实例已初始化...
[2020-04-12 20:35:44:254] [vo.logVo.LogVo.<init>] [INFO] 日志实例已初始化...
[2020-04-12 20:35:44:287] [vo.logVo.LogVo.<init>] [INFO] 日志实例已初始化...
[2020-04-12 20:35:44:288] [vo.logVo.LogVo.<init>] [INFO] 日志实例已初始化...
[2020-04-12 20:35:44:288] [vo.logVo.LogVo.<init>] [INFO] 日志实例已初始化...
[2020-04-12 20:35:44:289] [vo.logVo.LogVo.<init>] [INFO] 日志实例已初始化...
[2020-04-12 20:35:44:290] [vo.logVo.LogVo.<init>] [INFO] 日志实例已初始化...
[2020-04-12 20:35:44:290] [vo.logVo.LogVo.<init>] [INFO] 日志实例已初始化...
[2020-04-12 20:35:44:291] [vo.logVo.LogVo.<init>] [INFO] 日志实例已初始化...
[2020-04-12 20:35:44:292] [vo.logVo.LogVo.<init>] [INFO] 日志实例已初始化...
[2020-04-12 20:35:44:293] [vo.logVo.LogVo.<init>] [INFO] 日志实例已初始化...
[2020-04-12 20:35:44:293] [vo.logVo.LogVo.<init>] [INFO] 日志实例已初始化...
[2020-04-12 20:35:44:296] [vo.logVo.LogVo.<init>] [INFO] 日志实例已初始化...
[2020-04-12 20:35:44:298] [vo.logVo.LogVo.<init>] [INFO] 日志实例已初始化...
[2020-04-12 20:35:44:299] [vo.logVo.LogVo.<init>] [INFO] 日志实例已初始化...
[2020-04-12 20:35:44:301] [vo.logVo.LogVo.<init>] [INFO] 日志实例已初始化...
[2020-04-12 20:35:44:302] [vo.logVo.LogVo.<init>] [INFO] 日志实例已初始化...
[2020-04-12 20:35:44:303] [vo.logVo.LogVo.<init>] [INFO] 日志实例已初始化...
[2020-04-12 20:35:44:304] [vo.logVo.LogVo.<init>] [INFO] 日志实例已初始化...
[2020-04-12 20:35:44:305] [vo.logVo.LogVo.<init>] [INFO] 日志实例已初始化...
[2020-04-12 20:35:44:306] [vo.logVo.LogVo.<init>] [INFO] 日志实例已初始化...
[2020-04-12 20:35:44:307] [vo.logVo.LogVo.<init>] [INFO] 日志实例已初始化...
[2020-04-12 20:35:44:308] [vo.logVo.LogVo.<init>] [INFO] 日志实例已初始化...
[2020-04-12 20:35:44:310] [vo.logVo.LogVo.<init>] [INFO] 日志实例已初始化...
[2020-04-12 20:35:44:311] [vo.logVo.LogVo.<init>] [INFO] 日志实例已初始化...
[2020-04-12 20:35:44:311] [vo.logVo.LogVo.<init>] [INFO] 日志实例已初始化...
[2020-04-12 20:35:44:312] [vo.logVo.LogVo.<init>] [INFO] 日志实例已初始化...
[2020-04-12 20:35:44:313] [vo.logVo.LogVo.<init>] [INFO] 日志实例已初始化...
[2020-04-12 20:35:44:314] [vo.logVo.LogVo.<init>] [INFO] 日志实例已初始化...
[2020-04-12 20:35:44:316] [vo.logVo.LogVo.<init>] [INFO] 日志实例已初始化...
[2020-04-12 20:35:44:317] [vo.logVo.LogVo.<init>] [INFO] 日志实例已初始化...
[2020-04-12 20:35:44:319] [vo.logVo.LogVo.<init>] [INFO] 日志实例已初始化...
[2020-04-12 20:35:44:320] [vo.logVo.LogVo.<init>] [INFO] 日志实例已初始化...
[2020-04-12 20:35:44:321] [vo.logVo.LogVo.<init>] [INFO] 日志实例已初始化...
[2020-04-12 20:35:44:322] [vo.logVo.LogVo.<init>] [INFO] 日志实例已初始化...
[2020-04-12 20:35:44:323] [vo.logVo.LogVo.<init>] [INFO] 日志实例已初始化...
[2020-04-12 20:35:44:324] [vo.logVo.LogVo.<init>] [INFO] 日志实例已初始化...
[2020-04-12 20:35:44:324] [vo.logVo.LogVo.<init>] [INFO] 日志实例已初始化...
[2020-04-12 20:35:44:326] [vo.logVo.LogVo.<init>] [INFO] 日志实例已初始化...
[2020-04-12 20:35:44:327] [vo.logVo.LogVo.<init>] [INFO] 日志实例已初始化...
[2020-04-12 20:35:44:327] [vo.logVo.LogVo.<init>] [INFO] 日志实例已初始化...
[2020-04-12 20:35:44:328] [vo.logVo.LogVo.<init>] [INFO] 日志实例已初始化...
[2020-04-12 20:35:44:329] [vo.logVo.LogVo.<init>] [INFO] 日志实例已初始化...
[2020-04-12 20:35:44:329] [vo.logVo.LogVo.<init>] [INFO] 日志实例已初始化...
[2020-04-12 20:35:44:330] [vo.logVo.LogVo.<init>] [INFO] 日志实例已初始化...
[2020-04-12 20:35:44:331] [vo.logVo.LogVo.<init>] [INFO] 日志实例已初始化...
[2020-04-12 20:35:44:331] [vo.logVo.LogVo.<init>] [INFO] 日志实例已初始化...
[2020-04-12 20:35:44:332] [vo.logVo.LogVo.<init>] [INFO] 日志实例已初始化...
[2020-04-12 20:35:44:332] [vo.logVo.LogVo.<init>] [INFO] 日志实例已初始化...
[2020-04-12 20:35:44:332] [vo.logVo.LogVo.<init>] [INFO] 日志实例已初始化...
[2020-04-12 20:35:44:333] [vo.logVo.LogVo.<init>] [INFO] 日志实例已初始化...
[2020-04-12 20:35:44:333] [vo.logVo.LogVo.<init>] [INFO] 日志实例已初始化...
[2020-04-12 20:35:44:333] [vo.logVo.LogVo.<init>] [INFO] 日志实例已初始化...
[2020-04-12 20:35:44:334] [vo.logVo.LogVo.<init>] [INFO] 日志实例已初始化...
[2020-04-12 20:35:44:334] [vo.logVo.LogVo.<init>] [INFO] 日志实例已初始化...
[2020-04-12 20:35:44:334] [vo.logVo.LogVo.<init>] [INFO] 日志实例已初始化...
[2020-04-12 20:35:44:335] [vo.logVo.LogVo.<init>] [INFO] 日志实例已初始化...
[2020-04-12 20:35:44:335] [vo.logVo.LogVo.<init>] [INFO] 日志实例已初始化...
[2020-04-12 20:35:44:336] [vo.logVo.LogVo.<init>] [INFO] 日志实例已初始化...
[2020-04-12 20:35:44:337] [vo.logVo.LogVo.<init>] [INFO] 日志实例已初始化...
[2020-04-12 20:35:44:338] [vo.logVo.LogVo.<init>] [INFO] 日志实例已初始化...
[2020-04-12 20:35:44:338] [vo.logVo.LogVo.<init>] [INFO] 日志实例已初始化...
[2020-04-12 20:35:44:339] [vo.logVo.LogVo.<init>] [INFO] 日志实例已初始化...
[2020-04-12 20:35:44:340] [vo.logVo.LogVo.<init>] [INFO] 日志实例已初始化...
[2020-04-12 20:35:44:341] [vo.logVo.LogVo.<init>] [INFO] 日志实例已初始化...
[2020-04-12 20:35:44:343] [vo.logVo.LogVo.<init>] [INFO] 日志实例已初始化...
[2020-04-12 20:35:44:344] [vo.logVo.LogVo.<init>] [INFO] 日志实例已初始化...
[2020-04-12 20:35:44:345] [vo.logVo.LogVo.<init>] [INFO] 日志实例已初始化...
[2020-04-12 20:35:44:347] [vo.logVo.LogVo.<init>] [INFO] 日志实例已初始化...
[2020-04-12 20:35:44:348] [vo.logVo.LogVo.<init>] [INFO] 日志实例已初始化...
[2020-04-12 20:35:44:348] [vo.logVo.LogVo.<init>] [INFO] 日志实例已初始化...
[2020-04-12 20:35:44:349] [vo.logVo.LogVo.<init>] [INFO] 日志实例已初始化...
[2020-04-12 20:35:44:349] [vo.logVo.LogVo.<init>] [INFO] 日志实例已初始化...
[2020-04-12 20:35:44:350] [vo.logVo.LogVo.<init>] [INFO] 日志实例已初始化...
[2020-04-12 20:35:44:350] [vo.logVo.LogVo.<init>] [INFO] 日志实例已初始化...
[2020-04-12 20:35:44:351] [vo.logVo.LogVo.<init>] [INFO] 日志实例已初始化...
[2020-04-12 20:35:44:351] [vo.logVo.LogVo.<init>] [INFO] 日志实例已初始化...
[2020-04-12 20:35:44:351] [vo.logVo.LogVo.<init>] [INFO] 日志实例已初始化...
[2020-04-12 20:35:44:352] [vo.logVo.LogVo.<init>] [INFO] 日志实例已初始化...
[2020-04-12 20:35:44:352] [vo.logVo.LogVo.<init>] [INFO] 日志实例已初始化...
[2020-04-12 20:35:44:352] [vo.logVo.LogVo.<init>] [INFO] 日志实例已初始化...
[2020-04-12 20:35:44:353] [vo.logVo.LogVo.<init>] [INFO] 日志实例已初始化...
[2020-04-12 20:35:44:353] [vo.logVo.LogVo.<init>] [INFO] 日志实例已初始化...
[2020-04-12 20:35:44:354] [vo.logVo.LogVo.<init>] [INFO] 日志实例已初始化...
[2020-04-12 20:35:44:355] [vo.logVo.LogVo.<init>] [INFO] 日志实例已初始化...
[2020-04-12 20:35:44:357] [vo.logVo.LogVo.<init>] [INFO] 日志实例已初始化...
[2020-04-12 20:35:44:358] [vo.logVo.LogVo.<init>] [INFO] 日志实例已初始化...
[2020-04-12 20:35:44:359] [vo.logVo.LogVo.<init>] [INFO] 日志实例已初始化...
[2020-04-12 20:35:44:360] [vo.logVo.LogVo.<init>] [INFO] 日志实例已初始化...
[2020-04-12 20:35:44:360] [vo.logVo.LogVo.<init>] [INFO] 日志实例已初始化...
[2020-04-12 20:35:44:360] [vo.logVo.LogVo.<init>] [INFO] 日志实例已初始化...
[2020-04-12 20:35:44:361] [vo.logVo.LogVo.<init>] [INFO] 日志实例已初始化...
[2020-04-12 20:35:44:361] [vo.logVo.LogVo.<init>] [INFO] 日志实例已初始化...
[2020-04-12 20:35:44:361] [vo.logVo.LogVo.<init>] [INFO] 日志实例已初始化...
[2020-04-12 20:35:44:361] [vo.logVo.LogVo.<init>] [INFO] 日志实例已初始化...
[2020-04-12 20:35:44:362] [vo.logVo.LogVo.<init>] [INFO] 日志实例已初始化...
[2020-04-12 20:35:44:362] [vo.logVo.LogVo.<init>] [INFO] 日志实例已初始化...
[2020-04-12 20:35:44:362] [vo.logVo.LogVo.<init>] [INFO] 日志实例已初始化...
[2020-04-12 20:35:44:362] [vo.logVo.LogVo.<init>] [INFO] 日志实例已初始化...
[2020-04-12 20:35:44:363] [vo.logVo.LogVo.<init>] [INFO] 日志实例已初始化...
[2020-04-12 20:35:44:363] [vo.logVo.LogVo.<init>] [INFO] 日志实例已初始化...
[2020-04-12 20:35:44:363] [vo.logVo.LogVo.<init>] [INFO] 日志实例已初始化...
[2020-04-12 20:35:44:363] [vo.logVo.LogVo.<init>] [INFO] 日志实例已初始化...
[2020-04-12 20:35:44:364] [vo.logVo.LogVo.<init>] [INFO] 日志实例已初始化...
[2020-04-12 20:35:44:364] [vo.logVo.LogVo.<init>] [INFO] 日志实例已初始化...
[2020-04-12 20:35:44:364] [vo.logVo.LogVo.<init>] [INFO] 日志实例已初始化...
[2020-04-12 20:35:44:364] [vo.logVo.LogVo.<init>] [INFO] 日志实例已初始化...
[2020-04-12 20:35:44:365] [vo.logVo.LogVo.<init>] [INFO] 日志实例已初始化...
[2020-04-12 20:35:44:365] [vo.logVo.LogVo.<init>] [INFO] 日志实例已初始化...
[2020-04-12 20:35:44:365] [vo.logVo.LogVo.<init>] [INFO] 日志实例已初始化...
[2020-04-12 20:35:44:365] [vo.logVo.LogVo.<init>] [INFO] 日志实例已初始化...
[2020-04-12 20:35:44:366] [vo.logVo.LogVo.<init>] [INFO] 日志实例已初始化...
[2020-04-12 20:35:44:366] [vo.logVo.LogVo.<init>] [INFO] 日志实例已初始化...
[2020-04-12 20:35:44:366] [vo.logVo.LogVo.<init>] [INFO] 日志实例已初始化...
[2020-04-12 20:35:44:367] [vo.logVo.LogVo.<init>] [INFO] 日志实例已初始化...
[2020-04-12 20:35:44:367] [vo.logVo.LogVo.<init>] [INFO] 日志实例已初始化...
[2020-04-12 20:35:44:368] [vo.logVo.LogVo.<init>] [INFO] 日志实例已初始化...
[2020-04-12 20:35:44:368] [vo.logVo.LogVo.<init>] [INFO] 日志实例已初始化...
[2020-04-12 20:35:44:368] [vo.logVo.LogVo.<init>] [INFO] 日志实例已初始化...
[2020-04-12 20:35:44:368] [vo.logVo.LogVo.<init>] [INFO] 日志实例已初始化...
[2020-04-12 20:35:44:369] [vo.logVo.LogVo.<init>] [INFO] 日志实例已初始化...
[2020-04-12 20:35:44:369] [vo.logVo.LogVo.<init>] [INFO] 日志实例已初始化...
[2020-04-12 20:35:44:369] [vo.logVo.LogVo.<init>] [INFO] 日志实例已初始化...
[2020-04-12 20:35:44:369] [vo.logVo.LogVo.<init>] [INFO] 日志实例已初始化...
[2020-04-12 20:35:44:370] [vo.logVo.LogVo.<init>] [INFO] 日志实例已初始化...
[2020-04-12 20:35:44:370] [vo.logVo.LogVo.<init>] [INFO] 日志实例已初始化...
[2020-04-12 20:35:44:370] [vo.logVo.LogVo.<init>] [INFO] 日志实例已初始化...
[2020-04-12 20:35:44:370] [vo.logVo.LogVo.<init>] [INFO] 日志实例已初始化...
[2020-04-12 20:35:44:371] [vo.logVo.LogVo.<init>] [INFO] 日志实例已初始化...
[2020-04-12 20:35:44:371] [vo.logVo.LogVo.<init>] [INFO] 日志实例已初始化...
[2020-04-12 20:35:44:371] [vo.logVo.LogVo.<init>] [INFO] 日志实例已初始化...
[2020-04-12 20:35:44:372] [vo.logVo.LogVo.<init>] [INFO] 日志实例已初始化...
[2020-04-12 20:35:44:372] [vo.logVo.LogVo.<init>] [INFO] 日志实例已初始化...
[2020-04-12 20:35:44:372] [vo.logVo.LogVo.<init>] [INFO] 日志实例已初始化...
[2020-04-12 20:35:44:379] [vo.logVo.LogVo.<init>] [INFO] 日志实例已初始化...
[2020-04-12 20:35:44:381] [vo.logVo.LogVo.<init>] [INFO] 日志实例已初始化...
[2020-04-12 20:35:44:481] [aop.AnnotationCommenAop.writeLog] [INFO] 保存操作日志成功.
[2020-04-12 20:35:45:990] [aop.AnnotationCommenAop.writeLog] [INFO] 开始保存操作日志...
[2020-04-12 20:35:45:997] [aop.AnnotationCommenAop.writeLog] [INFO] 保存操作日志成功.
[2020-04-12 20:35:45:998] [aop.AnnotationCommenAop.writeLog] [INFO] 开始保存操作日志...
[2020-04-12 20:35:46:003] [vo.logVo.LogVo.<init>] [INFO] 日志实例已初始化...
[2020-04-12 20:35:46:004] [vo.logVo.LogVo.<init>] [INFO] 日志实例已初始化...
[2020-04-12 20:35:46:004] [vo.logVo.LogVo.<init>] [INFO] 日志实例已初始化...
[2020-04-12 20:35:46:005] [vo.logVo.LogVo.<init>] [INFO] 日志实例已初始化...
[2020-04-12 20:35:46:005] [vo.logVo.LogVo.<init>] [INFO] 日志实例已初始化...
[2020-04-12 20:35:46:006] [vo.logVo.LogVo.<init>] [INFO] 日志实例已初始化...
[2020-04-12 20:35:46:006] [vo.logVo.LogVo.<init>] [INFO] 日志实例已初始化...
[2020-04-12 20:35:46:007] [vo.logVo.LogVo.<init>] [INFO] 日志实例已初始化...
[2020-04-12 20:35:46:007] [vo.logVo.LogVo.<init>] [INFO] 日志实例已初始化...
[2020-04-12 20:35:46:007] [vo.logVo.LogVo.<init>] [INFO] 日志实例已初始化...
[2020-04-12 20:35:46:008] [vo.logVo.LogVo.<init>] [INFO] 日志实例已初始化...
[2020-04-12 20:35:46:009] [vo.logVo.LogVo.<init>] [INFO] 日志实例已初始化...
[2020-04-12 20:35:46:009] [vo.logVo.LogVo.<init>] [INFO] 日志实例已初始化...
[2020-04-12 20:35:46:010] [vo.logVo.LogVo.<init>] [INFO] 日志实例已初始化...
[2020-04-12 20:35:46:011] [vo.logVo.LogVo.<init>] [INFO] 日志实例已初始化...
[2020-04-12 20:35:46:011] [vo.logVo.LogVo.<init>] [INFO] 日志实例已初始化...
[2020-04-12 20:35:46:011] [vo.logVo.LogVo.<init>] [INFO] 日志实例已初始化...
[2020-04-12 20:35:46:011] [vo.logVo.LogVo.<init>] [INFO] 日志实例已初始化...
[2020-04-12 20:35:46:012] [vo.logVo.LogVo.<init>] [INFO] 日志实例已初始化...
[2020-04-12 20:35:46:012] [vo.logVo.LogVo.<init>] [INFO] 日志实例已初始化...
[2020-04-12 20:35:46:013] [vo.logVo.LogVo.<init>] [INFO] 日志实例已初始化...
[2020-04-12 20:35:46:013] [vo.logVo.LogVo.<init>] [INFO] 日志实例已初始化...
[2020-04-12 20:35:46:013] [vo.logVo.LogVo.<init>] [INFO] 日志实例已初始化...
[2020-04-12 20:35:46:014] [vo.logVo.LogVo.<init>] [INFO] 日志实例已初始化...
[2020-04-12 20:35:46:014] [vo.logVo.LogVo.<init>] [INFO] 日志实例已初始化...
[2020-04-12 20:35:46:014] [vo.logVo.LogVo.<init>] [INFO] 日志实例已初始化...
[2020-04-12 20:35:46:014] [vo.logVo.LogVo.<init>] [INFO] 日志实例已初始化...
[2020-04-12 20:35:46:015] [vo.logVo.LogVo.<init>] [INFO] 日志实例已初始化...
[2020-04-12 20:35:46:016] [vo.logVo.LogVo.<init>] [INFO] 日志实例已初始化...
[2020-04-12 20:35:46:016] [vo.logVo.LogVo.<init>] [INFO] 日志实例已初始化...
[2020-04-12 20:35:46:017] [vo.logVo.LogVo.<init>] [INFO] 日志实例已初始化...
[2020-04-12 20:35:46:017] [vo.logVo.LogVo.<init>] [INFO] 日志实例已初始化...
[2020-04-12 20:35:46:018] [vo.logVo.LogVo.<init>] [INFO] 日志实例已初始化...
[2020-04-12 20:35:46:018] [vo.logVo.LogVo.<init>] [INFO] 日志实例已初始化...
[2020-04-12 20:35:46:018] [vo.logVo.LogVo.<init>] [INFO] 日志实例已初始化...
[2020-04-12 20:35:46:019] [vo.logVo.LogVo.<init>] [INFO] 日志实例已初始化...
[2020-04-12 20:35:46:019] [vo.logVo.LogVo.<init>] [INFO] 日志实例已初始化...
[2020-04-12 20:35:46:019] [vo.logVo.LogVo.<init>] [INFO] 日志实例已初始化...
[2020-04-12 20:35:46:020] [vo.logVo.LogVo.<init>] [INFO] 日志实例已初始化...
[2020-04-12 20:35:46:020] [vo.logVo.LogVo.<init>] [INFO] 日志实例已初始化...
[2020-04-12 20:35:46:020] [vo.logVo.LogVo.<init>] [INFO] 日志实例已初始化...
[2020-04-12 20:35:46:021] [vo.logVo.LogVo.<init>] [INFO] 日志实例已初始化...
[2020-04-12 20:35:46:021] [vo.logVo.LogVo.<init>] [INFO] 日志实例已初始化...
[2020-04-12 20:35:46:022] [vo.logVo.LogVo.<init>] [INFO] 日志实例已初始化...
[2020-04-12 20:35:46:022] [vo.logVo.LogVo.<init>] [INFO] 日志实例已初始化...
[2020-04-12 20:35:46:023] [vo.logVo.LogVo.<init>] [INFO] 日志实例已初始化...
[2020-04-12 20:35:46:023] [vo.logVo.LogVo.<init>] [INFO] 日志实例已初始化...
[2020-04-12 20:35:46:024] [vo.logVo.LogVo.<init>] [INFO] 日志实例已初始化...
[2020-04-12 20:35:46:024] [vo.logVo.LogVo.<init>] [INFO] 日志实例已初始化...
[2020-04-12 20:35:46:025] [vo.logVo.LogVo.<init>] [INFO] 日志实例已初始化...
[2020-04-12 20:35:46:025] [vo.logVo.LogVo.<init>] [INFO] 日志实例已初始化...
[2020-04-12 20:35:46:026] [vo.logVo.LogVo.<init>] [INFO] 日志实例已初始化...
[2020-04-12 20:35:46:027] [vo.logVo.LogVo.<init>] [INFO] 日志实例已初始化...
[2020-04-12 20:35:46:027] [vo.logVo.LogVo.<init>] [INFO] 日志实例已初始化...
[2020-04-12 20:35:46:028] [vo.logVo.LogVo.<init>] [INFO] 日志实例已初始化...
[2020-04-12 20:35:46:028] [vo.logVo.LogVo.<init>] [INFO] 日志实例已初始化...
[2020-04-12 20:35:46:029] [vo.logVo.LogVo.<init>] [INFO] 日志实例已初始化...
[2020-04-12 20:35:46:030] [vo.logVo.LogVo.<init>] [INFO] 日志实例已初始化...
[2020-04-12 20:35:46:031] [vo.logVo.LogVo.<init>] [INFO] 日志实例已初始化...
[2020-04-12 20:35:46:031] [vo.logVo.LogVo.<init>] [INFO] 日志实例已初始化...
[2020-04-12 20:35:46:032] [vo.logVo.LogVo.<init>] [INFO] 日志实例已初始化...
[2020-04-12 20:35:46:032] [vo.logVo.LogVo.<init>] [INFO] 日志实例已初始化...
[2020-04-12 20:35:46:033] [vo.logVo.LogVo.<init>] [INFO] 日志实例已初始化...
[2020-04-12 20:35:46:034] [vo.logVo.LogVo.<init>] [INFO] 日志实例已初始化...
[2020-04-12 20:35:46:034] [vo.logVo.LogVo.<init>] [INFO] 日志实例已初始化...
[2020-04-12 20:35:46:035] [vo.logVo.LogVo.<init>] [INFO] 日志实例已初始化...
[2020-04-12 20:35:46:035] [vo.logVo.LogVo.<init>] [INFO] 日志实例已初始化...
[2020-04-12 20:35:46:036] [vo.logVo.LogVo.<init>] [INFO] 日志实例已初始化...
[2020-04-12 20:35:46:036] [vo.logVo.LogVo.<init>] [INFO] 日志实例已初始化...
[2020-04-12 20:35:46:037] [vo.logVo.LogVo.<init>] [INFO] 日志实例已初始化...
[2020-04-12 20:35:46:037] [vo.logVo.LogVo.<init>] [INFO] 日志实例已初始化...
[2020-04-12 20:35:46:038] [vo.logVo.LogVo.<init>] [INFO] 日志实例已初始化...
[2020-04-12 20:35:46:038] [vo.logVo.LogVo.<init>] [INFO] 日志实例已初始化...
[2020-04-12 20:35:46:039] [vo.logVo.LogVo.<init>] [INFO] 日志实例已初始化...
[2020-04-12 20:35:46:040] [vo.logVo.LogVo.<init>] [INFO] 日志实例已初始化...
[2020-04-12 20:35:46:040] [vo.logVo.LogVo.<init>] [INFO] 日志实例已初始化...
[2020-04-12 20:35:46:040] [vo.logVo.LogVo.<init>] [INFO] 日志实例已初始化...
[2020-04-12 20:35:46:041] [vo.logVo.LogVo.<init>] [INFO] 日志实例已初始化...
[2020-04-12 20:35:46:041] [vo.logVo.LogVo.<init>] [INFO] 日志实例已初始化...
[2020-04-12 20:35:46:041] [vo.logVo.LogVo.<init>] [INFO] 日志实例已初始化...
[2020-04-12 20:35:46:042] [vo.logVo.LogVo.<init>] [INFO] 日志实例已初始化...
[2020-04-12 20:35:46:042] [vo.logVo.LogVo.<init>] [INFO] 日志实例已初始化...
[2020-04-12 20:35:46:043] [vo.logVo.LogVo.<init>] [INFO] 日志实例已初始化...
[2020-04-12 20:35:46:043] [vo.logVo.LogVo.<init>] [INFO] 日志实例已初始化...
[2020-04-12 20:35:46:044] [vo.logVo.LogVo.<init>] [INFO] 日志实例已初始化...
[2020-04-12 20:35:46:044] [vo.logVo.LogVo.<init>] [INFO] 日志实例已初始化...
[2020-04-12 20:35:46:045] [vo.logVo.LogVo.<init>] [INFO] 日志实例已初始化...
[2020-04-12 20:35:46:045] [vo.logVo.LogVo.<init>] [INFO] 日志实例已初始化...
[2020-04-12 20:35:46:046] [vo.logVo.LogVo.<init>] [INFO] 日志实例已初始化...
[2020-04-12 20:35:46:046] [vo.logVo.LogVo.<init>] [INFO] 日志实例已初始化...
[2020-04-12 20:35:46:047] [vo.logVo.LogVo.<init>] [INFO] 日志实例已初始化...
[2020-04-12 20:35:46:048] [vo.logVo.LogVo.<init>] [INFO] 日志实例已初始化...
[2020-04-12 20:35:46:048] [vo.logVo.LogVo.<init>] [INFO] 日志实例已初始化...
[2020-04-12 20:35:46:049] [vo.logVo.LogVo.<init>] [INFO] 日志实例已初始化...
[2020-04-12 20:35:46:050] [vo.logVo.LogVo.<init>] [INFO] 日志实例已初始化...
[2020-04-12 20:35:46:050] [vo.logVo.LogVo.<init>] [INFO] 日志实例已初始化...
[2020-04-12 20:35:46:051] [vo.logVo.LogVo.<init>] [INFO] 日志实例已初始化...
[2020-04-12 20:35:46:051] [vo.logVo.LogVo.<init>] [INFO] 日志实例已初始化...
[2020-04-12 20:35:46:052] [vo.logVo.LogVo.<init>] [INFO] 日志实例已初始化...
[2020-04-12 20:35:46:053] [vo.logVo.LogVo.<init>] [INFO] 日志实例已初始化...
[2020-04-12 20:35:46:053] [vo.logVo.LogVo.<init>] [INFO] 日志实例已初始化...
[2020-04-12 20:35:46:054] [vo.logVo.LogVo.<init>] [INFO] 日志实例已初始化...
[2020-04-12 20:35:46:054] [vo.logVo.LogVo.<init>] [INFO] 日志实例已初始化...
[2020-04-12 20:35:46:055] [vo.logVo.LogVo.<init>] [INFO] 日志实例已初始化...
[2020-04-12 20:35:46:056] [vo.logVo.LogVo.<init>] [INFO] 日志实例已初始化...
[2020-04-12 20:35:46:057] [vo.logVo.LogVo.<init>] [INFO] 日志实例已初始化...
[2020-04-12 20:35:46:058] [vo.logVo.LogVo.<init>] [INFO] 日志实例已初始化...
[2020-04-12 20:35:46:058] [vo.logVo.LogVo.<init>] [INFO] 日志实例已初始化...
[2020-04-12 20:35:46:059] [vo.logVo.LogVo.<init>] [INFO] 日志实例已初始化...
[2020-04-12 20:35:46:060] [vo.logVo.LogVo.<init>] [INFO] 日志实例已初始化...
[2020-04-12 20:35:46:060] [vo.logVo.LogVo.<init>] [INFO] 日志实例已初始化...
[2020-04-12 20:35:46:061] [vo.logVo.LogVo.<init>] [INFO] 日志实例已初始化...
[2020-04-12 20:35:46:062] [vo.logVo.LogVo.<init>] [INFO] 日志实例已初始化...
[2020-04-12 20:35:46:062] [vo.logVo.LogVo.<init>] [INFO] 日志实例已初始化...
[2020-04-12 20:35:46:063] [vo.logVo.LogVo.<init>] [INFO] 日志实例已初始化...
[2020-04-12 20:35:46:063] [vo.logVo.LogVo.<init>] [INFO] 日志实例已初始化...
[2020-04-12 20:35:46:064] [vo.logVo.LogVo.<init>] [INFO] 日志实例已初始化...
[2020-04-12 20:35:46:065] [vo.logVo.LogVo.<init>] [INFO] 日志实例已初始化...
[2020-04-12 20:35:46:065] [vo.logVo.LogVo.<init>] [INFO] 日志实例已初始化...
[2020-04-12 20:35:46:066] [vo.logVo.LogVo.<init>] [INFO] 日志实例已初始化...
[2020-04-12 20:35:46:075] [vo.logVo.LogVo.<init>] [INFO] 日志实例已初始化...
[2020-04-12 20:35:46:076] [vo.logVo.LogVo.<init>] [INFO] 日志实例已初始化...
[2020-04-12 20:35:46:077] [vo.logVo.LogVo.<init>] [INFO] 日志实例已初始化...
[2020-04-12 20:35:46:078] [vo.logVo.LogVo.<init>] [INFO] 日志实例已初始化...
[2020-04-12 20:35:46:078] [vo.logVo.LogVo.<init>] [INFO] 日志实例已初始化...
[2020-04-12 20:35:46:079] [vo.logVo.LogVo.<init>] [INFO] 日志实例已初始化...
[2020-04-12 20:35:46:080] [vo.logVo.LogVo.<init>] [INFO] 日志实例已初始化...
[2020-04-12 20:35:46:081] [vo.logVo.LogVo.<init>] [INFO] 日志实例已初始化...
[2020-04-12 20:35:46:081] [vo.logVo.LogVo.<init>] [INFO] 日志实例已初始化...
[2020-04-12 20:35:46:082] [vo.logVo.LogVo.<init>] [INFO] 日志实例已初始化...
[2020-04-12 20:35:46:083] [vo.logVo.LogVo.<init>] [INFO] 日志实例已初始化...
[2020-04-12 20:35:46:084] [vo.logVo.LogVo.<init>] [INFO] 日志实例已初始化...
[2020-04-12 20:35:46:084] [vo.logVo.LogVo.<init>] [INFO] 日志实例已初始化...
[2020-04-12 20:35:46:085] [vo.logVo.LogVo.<init>] [INFO] 日志实例已初始化...
[2020-04-12 20:35:46:085] [vo.logVo.LogVo.<init>] [INFO] 日志实例已初始化...
[2020-04-12 20:35:46:086] [vo.logVo.LogVo.<init>] [INFO] 日志实例已初始化...
[2020-04-12 20:35:46:086] [vo.logVo.LogVo.<init>] [INFO] 日志实例已初始化...
[2020-04-12 20:35:46:087] [vo.logVo.LogVo.<init>] [INFO] 日志实例已初始化...
[2020-04-12 20:35:46:087] [vo.logVo.LogVo.<init>] [INFO] 日志实例已初始化...
[2020-04-12 20:35:46:088] [vo.logVo.LogVo.<init>] [INFO] 日志实例已初始化...
[2020-04-12 20:35:46:089] [vo.logVo.LogVo.<init>] [INFO] 日志实例已初始化...
[2020-04-12 20:35:46:090] [vo.logVo.LogVo.<init>] [INFO] 日志实例已初始化...
[2020-04-12 20:35:46:090] [vo.logVo.LogVo.<init>] [INFO] 日志实例已初始化...
[2020-04-12 20:35:46:090] [vo.logVo.LogVo.<init>] [INFO] 日志实例已初始化...
[2020-04-12 20:35:46:091] [vo.logVo.LogVo.<init>] [INFO] 日志实例已初始化...
[2020-04-12 20:35:46:091] [vo.logVo.LogVo.<init>] [INFO] 日志实例已初始化...
[2020-04-12 20:35:46:092] [vo.logVo.LogVo.<init>] [INFO] 日志实例已初始化...
[2020-04-12 20:35:46:092] [vo.logVo.LogVo.<init>] [INFO] 日志实例已初始化...
[2020-04-12 20:35:46:093] [vo.logVo.LogVo.<init>] [INFO] 日志实例已初始化...
[2020-04-12 20:35:46:093] [vo.logVo.LogVo.<init>] [INFO] 日志实例已初始化...
[2020-04-12 20:35:46:094] [vo.logVo.LogVo.<init>] [INFO] 日志实例已初始化...
[2020-04-12 20:35:46:094] [vo.logVo.LogVo.<init>] [INFO] 日志实例已初始化...
[2020-04-12 20:35:46:095] [vo.logVo.LogVo.<init>] [INFO] 日志实例已初始化...
[2020-04-12 20:35:46:095] [vo.logVo.LogVo.<init>] [INFO] 日志实例已初始化...
[2020-04-12 20:35:46:096] [vo.logVo.LogVo.<init>] [INFO] 日志实例已初始化...
[2020-04-12 20:35:46:096] [vo.logVo.LogVo.<init>] [INFO] 日志实例已初始化...
[2020-04-12 20:35:46:098] [vo.logVo.LogVo.<init>] [INFO] 日志实例已初始化...
[2020-04-12 20:35:46:099] [vo.logVo.LogVo.<init>] [INFO] 日志实例已初始化...
[2020-04-12 20:35:46:100] [vo.logVo.LogVo.<init>] [INFO] 日志实例已初始化...
[2020-04-12 20:35:46:101] [vo.logVo.LogVo.<init>] [INFO] 日志实例已初始化...
[2020-04-12 20:35:46:101] [vo.logVo.LogVo.<init>] [INFO] 日志实例已初始化...
[2020-04-12 20:35:46:104] [vo.logVo.LogVo.<init>] [INFO] 日志实例已初始化...
[2020-04-12 20:35:46:107] [vo.logVo.LogVo.<init>] [INFO] 日志实例已初始化...
[2020-04-12 20:35:46:108] [vo.logVo.LogVo.<init>] [INFO] 日志实例已初始化...
[2020-04-12 20:35:46:109] [vo.logVo.LogVo.<init>] [INFO] 日志实例已初始化...
[2020-04-12 20:35:46:110] [vo.logVo.LogVo.<init>] [INFO] 日志实例已初始化...
[2020-04-12 20:35:46:111] [vo.logVo.LogVo.<init>] [INFO] 日志实例已初始化...
[2020-04-12 20:35:46:112] [vo.logVo.LogVo.<init>] [INFO] 日志实例已初始化...
[2020-04-12 20:35:46:113] [vo.logVo.LogVo.<init>] [INFO] 日志实例已初始化...
[2020-04-12 20:35:46:115] [vo.logVo.LogVo.<init>] [INFO] 日志实例已初始化...
[2020-04-12 20:35:46:116] [vo.logVo.LogVo.<init>] [INFO] 日志实例已初始化...
[2020-04-12 20:35:46:117] [vo.logVo.LogVo.<init>] [INFO] 日志实例已初始化...
[2020-04-12 20:35:46:118] [vo.logVo.LogVo.<init>] [INFO] 日志实例已初始化...
[2020-04-12 20:35:46:119] [vo.logVo.LogVo.<init>] [INFO] 日志实例已初始化...
[2020-04-12 20:35:46:119] [vo.logVo.LogVo.<init>] [INFO] 日志实例已初始化...
[2020-04-12 20:35:46:120] [vo.logVo.LogVo.<init>] [INFO] 日志实例已初始化...
[2020-04-12 20:35:46:122] [vo.logVo.LogVo.<init>] [INFO] 日志实例已初始化...
[2020-04-12 20:35:46:123] [vo.logVo.LogVo.<init>] [INFO] 日志实例已初始化...
[2020-04-12 20:35:46:123] [vo.logVo.LogVo.<init>] [INFO] 日志实例已初始化...
[2020-04-12 20:35:46:124] [vo.logVo.LogVo.<init>] [INFO] 日志实例已初始化...
[2020-04-12 20:35:46:124] [vo.logVo.LogVo.<init>] [INFO] 日志实例已初始化...
[2020-04-12 20:35:46:125] [vo.logVo.LogVo.<init>] [INFO] 日志实例已初始化...
[2020-04-12 20:35:46:126] [vo.logVo.LogVo.<init>] [INFO] 日志实例已初始化...
[2020-04-12 20:35:46:126] [vo.logVo.LogVo.<init>] [INFO] 日志实例已初始化...
[2020-04-12 20:35:46:127] [vo.logVo.LogVo.<init>] [INFO] 日志实例已初始化...
[2020-04-12 20:35:46:128] [vo.logVo.LogVo.<init>] [INFO] 日志实例已初始化...
[2020-04-12 20:35:46:128] [vo.logVo.LogVo.<init>] [INFO] 日志实例已初始化...
[2020-04-12 20:35:46:129] [vo.logVo.LogVo.<init>] [INFO] 日志实例已初始化...
[2020-04-12 20:35:46:130] [vo.logVo.LogVo.<init>] [INFO] 日志实例已初始化...
[2020-04-12 20:35:46:130] [vo.logVo.LogVo.<init>] [INFO] 日志实例已初始化...
[2020-04-12 20:35:46:131] [vo.logVo.LogVo.<init>] [INFO] 日志实例已初始化...
[2020-04-12 20:35:46:131] [vo.logVo.LogVo.<init>] [INFO] 日志实例已初始化...
[2020-04-12 20:35:46:132] [vo.logVo.LogVo.<init>] [INFO] 日志实例已初始化...
[2020-04-12 20:35:46:133] [vo.logVo.LogVo.<init>] [INFO] 日志实例已初始化...
[2020-04-12 20:35:46:134] [vo.logVo.LogVo.<init>] [INFO] 日志实例已初始化...
[2020-04-12 20:35:46:134] [vo.logVo.LogVo.<init>] [INFO] 日志实例已初始化...
[2020-04-12 20:35:46:135] [vo.logVo.LogVo.<init>] [INFO] 日志实例已初始化...
[2020-04-12 20:35:46:135] [vo.logVo.LogVo.<init>] [INFO] 日志实例已初始化...
[2020-04-12 20:35:46:136] [vo.logVo.LogVo.<init>] [INFO] 日志实例已初始化...
[2020-04-12 20:35:46:136] [vo.logVo.LogVo.<init>] [INFO] 日志实例已初始化...
[2020-04-12 20:35:46:137] [vo.logVo.LogVo.<init>] [INFO] 日志实例已初始化...
[2020-04-12 20:35:46:137] [vo.logVo.LogVo.<init>] [INFO] 日志实例已初始化...
[2020-04-12 20:35:46:137] [vo.logVo.LogVo.<init>] [INFO] 日志实例已初始化...
[2020-04-12 20:35:46:138] [vo.logVo.LogVo.<init>] [INFO] 日志实例已初始化...
[2020-04-12 20:35:46:138] [vo.logVo.LogVo.<init>] [INFO] 日志实例已初始化...
[2020-04-12 20:35:46:139] [vo.logVo.LogVo.<init>] [INFO] 日志实例已初始化...
[2020-04-12 20:35:46:139] [vo.logVo.LogVo.<init>] [INFO] 日志实例已初始化...
[2020-04-12 20:35:46:140] [vo.logVo.LogVo.<init>] [INFO] 日志实例已初始化...
[2020-04-12 20:35:46:141] [vo.logVo.LogVo.<init>] [INFO] 日志实例已初始化...
[2020-04-12 20:35:46:141] [vo.logVo.LogVo.<init>] [INFO] 日志实例已初始化...
[2020-04-12 20:35:46:142] [vo.logVo.LogVo.<init>] [INFO] 日志实例已初始化...
[2020-04-12 20:35:46:143] [vo.logVo.LogVo.<init>] [INFO] 日志实例已初始化...
[2020-04-12 20:35:46:143] [vo.logVo.LogVo.<init>] [INFO] 日志实例已初始化...
[2020-04-12 20:35:46:144] [vo.logVo.LogVo.<init>] [INFO] 日志实例已初始化...
[2020-04-12 20:35:46:145] [vo.logVo.LogVo.<init>] [INFO] 日志实例已初始化...
[2020-04-12 20:35:46:145] [vo.logVo.LogVo.<init>] [INFO] 日志实例已初始化...
[2020-04-12 20:35:46:146] [vo.logVo.LogVo.<init>] [INFO] 日志实例已初始化...
[2020-04-12 20:35:46:147] [vo.logVo.LogVo.<init>] [INFO] 日志实例已初始化...
[2020-04-12 20:35:46:148] [vo.logVo.LogVo.<init>] [INFO] 日志实例已初始化...
[2020-04-12 20:35:46:150] [vo.logVo.LogVo.<init>] [INFO] 日志实例已初始化...
[2020-04-12 20:35:46:150] [vo.logVo.LogVo.<init>] [INFO] 日志实例已初始化...
[2020-04-12 20:35:46:151] [vo.logVo.LogVo.<init>] [INFO] 日志实例已初始化...
[2020-04-12 20:35:46:151] [vo.logVo.LogVo.<init>] [INFO] 日志实例已初始化...
[2020-04-12 20:35:46:152] [vo.logVo.LogVo.<init>] [INFO] 日志实例已初始化...
[2020-04-12 20:35:46:152] [vo.logVo.LogVo.<init>] [INFO] 日志实例已初始化...
[2020-04-12 20:35:46:153] [vo.logVo.LogVo.<init>] [INFO] 日志实例已初始化...
[2020-04-12 20:35:46:153] [vo.logVo.LogVo.<init>] [INFO] 日志实例已初始化...
[2020-04-12 20:35:46:154] [vo.logVo.LogVo.<init>] [INFO] 日志实例已初始化...
[2020-04-12 20:35:46:155] [vo.logVo.LogVo.<init>] [INFO] 日志实例已初始化...
[2020-04-12 20:35:46:155] [vo.logVo.LogVo.<init>] [INFO] 日志实例已初始化...
[2020-04-12 20:35:46:156] [vo.logVo.LogVo.<init>] [INFO] 日志实例已初始化...
[2020-04-12 20:35:46:157] [vo.logVo.LogVo.<init>] [INFO] 日志实例已初始化...
[2020-04-12 20:35:46:157] [vo.logVo.LogVo.<init>] [INFO] 日志实例已初始化...
[2020-04-12 20:35:46:158] [vo.logVo.LogVo.<init>] [INFO] 日志实例已初始化...
[2020-04-12 20:35:46:158] [vo.logVo.LogVo.<init>] [INFO] 日志实例已初始化...
[2020-04-12 20:35:46:158] [vo.logVo.LogVo.<init>] [INFO] 日志实例已初始化...
[2020-04-12 20:35:46:159] [vo.logVo.LogVo.<init>] [INFO] 日志实例已初始化...
[2020-04-12 20:35:46:159] [vo.logVo.LogVo.<init>] [INFO] 日志实例已初始化...
[2020-04-12 20:35:46:159] [vo.logVo.LogVo.<init>] [INFO] 日志实例已初始化...
[2020-04-12 20:35:46:160] [vo.logVo.LogVo.<init>] [INFO] 日志实例已初始化...
[2020-04-12 20:35:46:160] [vo.logVo.LogVo.<init>] [INFO] 日志实例已初始化...
[2020-04-12 20:35:46:160] [vo.logVo.LogVo.<init>] [INFO] 日志实例已初始化...
[2020-04-12 20:35:46:161] [vo.logVo.LogVo.<init>] [INFO] 日志实例已初始化...
[2020-04-12 20:35:46:161] [vo.logVo.LogVo.<init>] [INFO] 日志实例已初始化...
[2020-04-12 20:35:46:161] [vo.logVo.LogVo.<init>] [INFO] 日志实例已初始化...
[2020-04-12 20:35:46:162] [vo.logVo.LogVo.<init>] [INFO] 日志实例已初始化...
[2020-04-12 20:35:46:162] [vo.logVo.LogVo.<init>] [INFO] 日志实例已初始化...
[2020-04-12 20:35:46:162] [vo.logVo.LogVo.<init>] [INFO] 日志实例已初始化...
[2020-04-12 20:35:46:163] [vo.logVo.LogVo.<init>] [INFO] 日志实例已初始化...
[2020-04-12 20:35:46:163] [vo.logVo.LogVo.<init>] [INFO] 日志实例已初始化...
[2020-04-12 20:35:46:163] [vo.logVo.LogVo.<init>] [INFO] 日志实例已初始化...
[2020-04-12 20:35:46:164] [vo.logVo.LogVo.<init>] [INFO] 日志实例已初始化...
[2020-04-12 20:35:46:164] [vo.logVo.LogVo.<init>] [INFO] 日志实例已初始化...
[2020-04-12 20:35:46:164] [vo.logVo.LogVo.<init>] [INFO] 日志实例已初始化...
[2020-04-12 20:35:46:165] [vo.logVo.LogVo.<init>] [INFO] 日志实例已初始化...
[2020-04-12 20:35:46:166] [vo.logVo.LogVo.<init>] [INFO] 日志实例已初始化...
[2020-04-12 20:35:46:167] [vo.logVo.LogVo.<init>] [INFO] 日志实例已初始化...
[2020-04-12 20:35:46:167] [vo.logVo.LogVo.<init>] [INFO] 日志实例已初始化...
[2020-04-12 20:35:46:168] [vo.logVo.LogVo.<init>] [INFO] 日志实例已初始化...
[2020-04-12 20:35:46:169] [vo.logVo.LogVo.<init>] [INFO] 日志实例已初始化...
[2020-04-12 20:35:46:169] [vo.logVo.LogVo.<init>] [INFO] 日志实例已初始化...
[2020-04-12 20:35:46:169] [vo.logVo.LogVo.<init>] [INFO] 日志实例已初始化...
[2020-04-12 20:35:46:170] [vo.logVo.LogVo.<init>] [INFO] 日志实例已初始化...
[2020-04-12 20:35:46:170] [vo.logVo.LogVo.<init>] [INFO] 日志实例已初始化...
[2020-04-12 20:35:46:171] [vo.logVo.LogVo.<init>] [INFO] 日志实例已初始化...
[2020-04-12 20:35:46:171] [vo.logVo.LogVo.<init>] [INFO] 日志实例已初始化...
[2020-04-12 20:35:46:172] [vo.logVo.LogVo.<init>] [INFO] 日志实例已初始化...
[2020-04-12 20:35:46:172] [vo.logVo.LogVo.<init>] [INFO] 日志实例已初始化...
[2020-04-12 20:35:46:173] [vo.logVo.LogVo.<init>] [INFO] 日志实例已初始化...
[2020-04-12 20:35:46:174] [vo.logVo.LogVo.<init>] [INFO] 日志实例已初始化...
[2020-04-12 20:35:46:174] [vo.logVo.LogVo.<init>] [INFO] 日志实例已初始化...
[2020-04-12 20:35:46:175] [vo.logVo.LogVo.<init>] [INFO] 日志实例已初始化...
[2020-04-12 20:35:46:175] [vo.logVo.LogVo.<init>] [INFO] 日志实例已初始化...
[2020-04-12 20:35:46:176] [vo.logVo.LogVo.<init>] [INFO] 日志实例已初始化...
[2020-04-12 20:35:46:176] [vo.logVo.LogVo.<init>] [INFO] 日志实例已初始化...
[2020-04-12 20:35:46:177] [vo.logVo.LogVo.<init>] [INFO] 日志实例已初始化...
[2020-04-12 20:35:46:177] [vo.logVo.LogVo.<init>] [INFO] 日志实例已初始化...
[2020-04-12 20:35:46:178] [vo.logVo.LogVo.<init>] [INFO] 日志实例已初始化...
[2020-04-12 20:35:46:178] [vo.logVo.LogVo.<init>] [INFO] 日志实例已初始化...
[2020-04-12 20:35:46:178] [vo.logVo.LogVo.<init>] [INFO] 日志实例已初始化...
[2020-04-12 20:35:46:179] [vo.logVo.LogVo.<init>] [INFO] 日志实例已初始化...
[2020-04-12 20:35:46:179] [vo.logVo.LogVo.<init>] [INFO] 日志实例已初始化...
[2020-04-12 20:35:46:180] [vo.logVo.LogVo.<init>] [INFO] 日志实例已初始化...
[2020-04-12 20:35:46:180] [vo.logVo.LogVo.<init>] [INFO] 日志实例已初始化...
[2020-04-12 20:35:46:181] [vo.logVo.LogVo.<init>] [INFO] 日志实例已初始化...
[2020-04-12 20:35:46:181] [vo.logVo.LogVo.<init>] [INFO] 日志实例已初始化...
[2020-04-12 20:35:46:182] [vo.logVo.LogVo.<init>] [INFO] 日志实例已初始化...
[2020-04-12 20:35:46:182] [vo.logVo.LogVo.<init>] [INFO] 日志实例已初始化...
[2020-04-12 20:35:46:183] [vo.logVo.LogVo.<init>] [INFO] 日志实例已初始化...
[2020-04-12 20:35:46:183] [vo.logVo.LogVo.<init>] [INFO] 日志实例已初始化...
[2020-04-12 20:35:46:184] [vo.logVo.LogVo.<init>] [INFO] 日志实例已初始化...
[2020-04-12 20:35:46:184] [vo.logVo.LogVo.<init>] [INFO] 日志实例已初始化...
[2020-04-12 20:35:46:185] [vo.logVo.LogVo.<init>] [INFO] 日志实例已初始化...
[2020-04-12 20:35:46:185] [vo.logVo.LogVo.<init>] [INFO] 日志实例已初始化...
[2020-04-12 20:35:46:186] [vo.logVo.LogVo.<init>] [INFO] 日志实例已初始化...
[2020-04-12 20:35:46:186] [vo.logVo.LogVo.<init>] [INFO] 日志实例已初始化...
[2020-04-12 20:35:46:187] [vo.logVo.LogVo.<init>] [INFO] 日志实例已初始化...
[2020-04-12 20:35:46:188] [vo.logVo.LogVo.<init>] [INFO] 日志实例已初始化...
[2020-04-12 20:35:46:189] [vo.logVo.LogVo.<init>] [INFO] 日志实例已初始化...
[2020-04-12 20:35:46:189] [vo.logVo.LogVo.<init>] [INFO] 日志实例已初始化...
[2020-04-12 20:35:46:190] [vo.logVo.LogVo.<init>] [INFO] 日志实例已初始化...
[2020-04-12 20:35:46:190] [vo.logVo.LogVo.<init>] [INFO] 日志实例已初始化...
[2020-04-12 20:35:46:191] [vo.logVo.LogVo.<init>] [INFO] 日志实例已初始化...
[2020-04-12 20:35:46:191] [vo.logVo.LogVo.<init>] [INFO] 日志实例已初始化...
[2020-04-12 20:35:46:192] [vo.logVo.LogVo.<init>] [INFO] 日志实例已初始化...
[2020-04-12 20:35:46:192] [vo.logVo.LogVo.<init>] [INFO] 日志实例已初始化...
[2020-04-12 20:35:46:193] [vo.logVo.LogVo.<init>] [INFO] 日志实例已初始化...
[2020-04-12 20:35:46:193] [vo.logVo.LogVo.<init>] [INFO] 日志实例已初始化...
[2020-04-12 20:35:46:194] [vo.logVo.LogVo.<init>] [INFO] 日志实例已初始化...
[2020-04-12 20:35:46:195] [vo.logVo.LogVo.<init>] [INFO] 日志实例已初始化...
[2020-04-12 20:35:46:195] [vo.logVo.LogVo.<init>] [INFO] 日志实例已初始化...
[2020-04-12 20:35:46:196] [vo.logVo.LogVo.<init>] [INFO] 日志实例已初始化...
[2020-04-12 20:35:46:196] [vo.logVo.LogVo.<init>] [INFO] 日志实例已初始化...
[2020-04-12 20:35:46:197] [vo.logVo.LogVo.<init>] [INFO] 日志实例已初始化...
[2020-04-12 20:35:46:198] [vo.logVo.LogVo.<init>] [INFO] 日志实例已初始化...
[2020-04-12 20:35:46:198] [vo.logVo.LogVo.<init>] [INFO] 日志实例已初始化...
[2020-04-12 20:35:46:199] [vo.logVo.LogVo.<init>] [INFO] 日志实例已初始化...
[2020-04-12 20:35:46:199] [vo.logVo.LogVo.<init>] [INFO] 日志实例已初始化...
[2020-04-12 20:35:46:200] [vo.logVo.LogVo.<init>] [INFO] 日志实例已初始化...
[2020-04-12 20:35:46:201] [vo.logVo.LogVo.<init>] [INFO] 日志实例已初始化...
[2020-04-12 20:35:46:201] [vo.logVo.LogVo.<init>] [INFO] 日志实例已初始化...
[2020-04-12 20:35:46:202] [vo.logVo.LogVo.<init>] [INFO] 日志实例已初始化...
[2020-04-12 20:35:46:203] [vo.logVo.LogVo.<init>] [INFO] 日志实例已初始化...
[2020-04-12 20:35:46:204] [vo.logVo.LogVo.<init>] [INFO] 日志实例已初始化...
[2020-04-12 20:35:46:208] [vo.logVo.LogVo.<init>] [INFO] 日志实例已初始化...
[2020-04-12 20:35:46:209] [vo.logVo.LogVo.<init>] [INFO] 日志实例已初始化...
[2020-04-12 20:35:46:210] [vo.logVo.LogVo.<init>] [INFO] 日志实例已初始化...
[2020-04-12 20:35:46:210] [vo.logVo.LogVo.<init>] [INFO] 日志实例已初始化...
[2020-04-12 20:35:46:211] [vo.logVo.LogVo.<init>] [INFO] 日志实例已初始化...
[2020-04-12 20:35:46:212] [vo.logVo.LogVo.<init>] [INFO] 日志实例已初始化...
[2020-04-12 20:35:46:223] [vo.logVo.LogVo.<init>] [INFO] 日志实例已初始化...
[2020-04-12 20:35:46:232] [vo.logVo.LogVo.<init>] [INFO] 日志实例已初始化...
[2020-04-12 20:35:46:233] [vo.logVo.LogVo.<init>] [INFO] 日志实例已初始化...
[2020-04-12 20:35:46:234] [vo.logVo.LogVo.<init>] [INFO] 日志实例已初始化...
[2020-04-12 20:35:46:235] [vo.logVo.LogVo.<init>] [INFO] 日志实例已初始化...
[2020-04-12 20:35:46:236] [vo.logVo.LogVo.<init>] [INFO] 日志实例已初始化...
[2020-04-12 20:35:46:236] [vo.logVo.LogVo.<init>] [INFO] 日志实例已初始化...
[2020-04-12 20:35:46:237] [vo.logVo.LogVo.<init>] [INFO] 日志实例已初始化...
[2020-04-12 20:35:46:237] [vo.logVo.LogVo.<init>] [INFO] 日志实例已初始化...
[2020-04-12 20:35:46:240] [vo.logVo.LogVo.<init>] [INFO] 日志实例已初始化...
[2020-04-12 20:35:46:240] [vo.logVo.LogVo.<init>] [INFO] 日志实例已初始化...
[2020-04-12 20:35:46:241] [vo.logVo.LogVo.<init>] [INFO] 日志实例已初始化...
[2020-04-12 20:35:46:242] [vo.logVo.LogVo.<init>] [INFO] 日志实例已初始化...
[2020-04-12 20:35:46:242] [vo.logVo.LogVo.<init>] [INFO] 日志实例已初始化...
[2020-04-12 20:35:46:243] [vo.logVo.LogVo.<init>] [INFO] 日志实例已初始化...
[2020-04-12 20:35:46:244] [vo.logVo.LogVo.<init>] [INFO] 日志实例已初始化...
[2020-04-12 20:35:46:244] [vo.logVo.LogVo.<init>] [INFO] 日志实例已初始化...
[2020-04-12 20:35:46:245] [vo.logVo.LogVo.<init>] [INFO] 日志实例已初始化...
[2020-04-12 20:35:46:246] [vo.logVo.LogVo.<init>] [INFO] 日志实例已初始化...
[2020-04-12 20:35:46:246] [vo.logVo.LogVo.<init>] [INFO] 日志实例已初始化...
[2020-04-12 20:35:46:247] [vo.logVo.LogVo.<init>] [INFO] 日志实例已初始化...
[2020-04-12 20:35:46:248] [vo.logVo.LogVo.<init>] [INFO] 日志实例已初始化...
[2020-04-12 20:35:46:248] [vo.logVo.LogVo.<init>] [INFO] 日志实例已初始化...
[2020-04-12 20:35:46:249] [vo.logVo.LogVo.<init>] [INFO] 日志实例已初始化...
[2020-04-12 20:35:46:249] [vo.logVo.LogVo.<init>] [INFO] 日志实例已初始化...
[2020-04-12 20:35:46:249] [vo.logVo.LogVo.<init>] [INFO] 日志实例已初始化...
[2020-04-12 20:35:46:250] [vo.logVo.LogVo.<init>] [INFO] 日志实例已初始化...
[2020-04-12 20:35:46:250] [vo.logVo.LogVo.<init>] [INFO] 日志实例已初始化...
[2020-04-12 20:35:46:251] [vo.logVo.LogVo.<init>] [INFO] 日志实例已初始化...
[2020-04-12 20:35:46:252] [vo.logVo.LogVo.<init>] [INFO] 日志实例已初始化...
[2020-04-12 20:35:46:252] [vo.logVo.LogVo.<init>] [INFO] 日志实例已初始化...
[2020-04-12 20:35:46:253] [vo.logVo.LogVo.<init>] [INFO] 日志实例已初始化...
[2020-04-12 20:35:46:253] [vo.logVo.LogVo.<init>] [INFO] 日志实例已初始化...
[2020-04-12 20:35:46:253] [vo.logVo.LogVo.<init>] [INFO] 日志实例已初始化...
[2020-04-12 20:35:46:254] [vo.logVo.LogVo.<init>] [INFO] 日志实例已初始化...
[2020-04-12 20:35:46:256] [vo.logVo.LogVo.<init>] [INFO] 日志实例已初始化...
[2020-04-12 20:35:46:257] [vo.logVo.LogVo.<init>] [INFO] 日志实例已初始化...
[2020-04-12 20:35:46:258] [vo.logVo.LogVo.<init>] [INFO] 日志实例已初始化...
[2020-04-12 20:35:46:261] [vo.logVo.LogVo.<init>] [INFO] 日志实例已初始化...
[2020-04-12 20:35:46:262] [vo.logVo.LogVo.<init>] [INFO] 日志实例已初始化...
[2020-04-12 20:35:46:263] [vo.logVo.LogVo.<init>] [INFO] 日志实例已初始化...
[2020-04-12 20:35:46:263] [vo.logVo.LogVo.<init>] [INFO] 日志实例已初始化...
[2020-04-12 20:35:46:264] [vo.logVo.LogVo.<init>] [INFO] 日志实例已初始化...
[2020-04-12 20:35:46:265] [vo.logVo.LogVo.<init>] [INFO] 日志实例已初始化...
[2020-04-12 20:35:46:276] [vo.logVo.LogVo.<init>] [INFO] 日志实例已初始化...
[2020-04-12 20:35:46:277] [vo.logVo.LogVo.<init>] [INFO] 日志实例已初始化...
[2020-04-12 20:35:46:278] [vo.logVo.LogVo.<init>] [INFO] 日志实例已初始化...
[2020-04-12 20:35:46:294] [vo.logVo.LogVo.<init>] [INFO] 日志实例已初始化...
[2020-04-12 20:35:46:295] [vo.logVo.LogVo.<init>] [INFO] 日志实例已初始化...
[2020-04-12 20:35:46:297] [vo.logVo.LogVo.<init>] [INFO] 日志实例已初始化...
[2020-04-12 20:35:46:298] [vo.logVo.LogVo.<init>] [INFO] 日志实例已初始化...
[2020-04-12 20:35:46:299] [vo.logVo.LogVo.<init>] [INFO] 日志实例已初始化...
[2020-04-12 20:35:46:300] [vo.logVo.LogVo.<init>] [INFO] 日志实例已初始化...
[2020-04-12 20:35:46:301] [vo.logVo.LogVo.<init>] [INFO] 日志实例已初始化...
[2020-04-12 20:35:46:302] [vo.logVo.LogVo.<init>] [INFO] 日志实例已初始化...
[2020-04-12 20:35:46:303] [vo.logVo.LogVo.<init>] [INFO] 日志实例已初始化...
[2020-04-12 20:35:46:307] [vo.logVo.LogVo.<init>] [INFO] 日志实例已初始化...
[2020-04-12 20:35:46:308] [vo.logVo.LogVo.<init>] [INFO] 日志实例已初始化...
[2020-04-12 20:35:46:309] [vo.logVo.LogVo.<init>] [INFO] 日志实例已初始化...
[2020-04-12 20:35:46:310] [vo.logVo.LogVo.<init>] [INFO] 日志实例已初始化...
[2020-04-12 20:35:46:310] [vo.logVo.LogVo.<init>] [INFO] 日志实例已初始化...
[2020-04-12 20:35:46:322] [vo.logVo.LogVo.<init>] [INFO] 日志实例已初始化...
[2020-04-12 20:35:46:327] [vo.logVo.LogVo.<init>] [INFO] 日志实例已初始化...
[2020-04-12 20:35:46:397] [aop.AnnotationCommenAop.writeLog] [INFO] 保存操作日志成功.
[2020-04-12 20:35:48:713] [aop.AnnotationCommenAop.writeLog] [INFO] 开始保存操作日志...
[2020-04-12 20:35:48:732] [aop.AnnotationCommenAop.writeLog] [INFO] 保存操作日志成功.
[2020-04-12 20:35:48:733] [aop.AnnotationCommenAop.writeLog] [INFO] 开始保存操作日志...
[2020-04-12 20:35:48:737] [vo.logVo.LogVo.<init>] [INFO] 日志实例已初始化...
[2020-04-12 20:35:48:738] [vo.logVo.LogVo.<init>] [INFO] 日志实例已初始化...
[2020-04-12 20:35:48:738] [vo.logVo.LogVo.<init>] [INFO] 日志实例已初始化...
[2020-04-12 20:35:48:739] [vo.logVo.LogVo.<init>] [INFO] 日志实例已初始化...
[2020-04-12 20:35:48:739] [vo.logVo.LogVo.<init>] [INFO] 日志实例已初始化...
[2020-04-12 20:35:48:739] [vo.logVo.LogVo.<init>] [INFO] 日志实例已初始化...
[2020-04-12 20:35:48:739] [vo.logVo.LogVo.<init>] [INFO] 日志实例已初始化...
[2020-04-12 20:35:48:740] [vo.logVo.LogVo.<init>] [INFO] 日志实例已初始化...
[2020-04-12 20:35:48:740] [vo.logVo.LogVo.<init>] [INFO] 日志实例已初始化...
[2020-04-12 20:35:48:741] [vo.logVo.LogVo.<init>] [INFO] 日志实例已初始化...
[2020-04-12 20:35:48:741] [vo.logVo.LogVo.<init>] [INFO] 日志实例已初始化...
[2020-04-12 20:35:48:741] [vo.logVo.LogVo.<init>] [INFO] 日志实例已初始化...
[2020-04-12 20:35:48:741] [vo.logVo.LogVo.<init>] [INFO] 日志实例已初始化...
[2020-04-12 20:35:48:742] [vo.logVo.LogVo.<init>] [INFO] 日志实例已初始化...
[2020-04-12 20:35:48:742] [vo.logVo.LogVo.<init>] [INFO] 日志实例已初始化...
[2020-04-12 20:35:48:742] [vo.logVo.LogVo.<init>] [INFO] 日志实例已初始化...
[2020-04-12 20:35:48:743] [vo.logVo.LogVo.<init>] [INFO] 日志实例已初始化...
[2020-04-12 20:35:48:743] [vo.logVo.LogVo.<init>] [INFO] 日志实例已初始化...
[2020-04-12 20:35:48:744] [vo.logVo.LogVo.<init>] [INFO] 日志实例已初始化...
[2020-04-12 20:35:48:744] [vo.logVo.LogVo.<init>] [INFO] 日志实例已初始化...
[2020-04-12 20:35:48:744] [vo.logVo.LogVo.<init>] [INFO] 日志实例已初始化...
[2020-04-12 20:35:48:745] [vo.logVo.LogVo.<init>] [INFO] 日志实例已初始化...
[2020-04-12 20:35:48:745] [vo.logVo.LogVo.<init>] [INFO] 日志实例已初始化...
[2020-04-12 20:35:48:745] [vo.logVo.LogVo.<init>] [INFO] 日志实例已初始化...
[2020-04-12 20:35:48:745] [vo.logVo.LogVo.<init>] [INFO] 日志实例已初始化...
[2020-04-12 20:35:48:746] [vo.logVo.LogVo.<init>] [INFO] 日志实例已初始化...
[2020-04-12 20:35:48:746] [vo.logVo.LogVo.<init>] [INFO] 日志实例已初始化...
[2020-04-12 20:35:48:746] [vo.logVo.LogVo.<init>] [INFO] 日志实例已初始化...
[2020-04-12 20:35:48:747] [vo.logVo.LogVo.<init>] [INFO] 日志实例已初始化...
[2020-04-12 20:35:48:747] [vo.logVo.LogVo.<init>] [INFO] 日志实例已初始化...
[2020-04-12 20:35:48:747] [vo.logVo.LogVo.<init>] [INFO] 日志实例已初始化...
[2020-04-12 20:35:48:748] [vo.logVo.LogVo.<init>] [INFO] 日志实例已初始化...
[2020-04-12 20:35:48:748] [vo.logVo.LogVo.<init>] [INFO] 日志实例已初始化...
[2020-04-12 20:35:48:748] [vo.logVo.LogVo.<init>] [INFO] 日志实例已初始化...
[2020-04-12 20:35:48:749] [vo.logVo.LogVo.<init>] [INFO] 日志实例已初始化...
[2020-04-12 20:35:48:749] [vo.logVo.LogVo.<init>] [INFO] 日志实例已初始化...
[2020-04-12 20:35:48:749] [vo.logVo.LogVo.<init>] [INFO] 日志实例已初始化...
[2020-04-12 20:35:48:749] [vo.logVo.LogVo.<init>] [INFO] 日志实例已初始化...
[2020-04-12 20:35:48:750] [vo.logVo.LogVo.<init>] [INFO] 日志实例已初始化...
[2020-04-12 20:35:48:750] [vo.logVo.LogVo.<init>] [INFO] 日志实例已初始化...
[2020-04-12 20:35:48:750] [vo.logVo.LogVo.<init>] [INFO] 日志实例已初始化...
[2020-04-12 20:35:48:750] [vo.logVo.LogVo.<init>] [INFO] 日志实例已初始化...
[2020-04-12 20:35:48:751] [vo.logVo.LogVo.<init>] [INFO] 日志实例已初始化...
[2020-04-12 20:35:48:751] [vo.logVo.LogVo.<init>] [INFO] 日志实例已初始化...
[2020-04-12 20:35:48:751] [vo.logVo.LogVo.<init>] [INFO] 日志实例已初始化...
[2020-04-12 20:35:48:752] [vo.logVo.LogVo.<init>] [INFO] 日志实例已初始化...
[2020-04-12 20:35:48:752] [vo.logVo.LogVo.<init>] [INFO] 日志实例已初始化...
[2020-04-12 20:35:48:753] [vo.logVo.LogVo.<init>] [INFO] 日志实例已初始化...
[2020-04-12 20:35:48:753] [vo.logVo.LogVo.<init>] [INFO] 日志实例已初始化...
[2020-04-12 20:35:48:753] [vo.logVo.LogVo.<init>] [INFO] 日志实例已初始化...
[2020-04-12 20:35:48:754] [vo.logVo.LogVo.<init>] [INFO] 日志实例已初始化...
[2020-04-12 20:35:48:754] [vo.logVo.LogVo.<init>] [INFO] 日志实例已初始化...
[2020-04-12 20:35:48:755] [vo.logVo.LogVo.<init>] [INFO] 日志实例已初始化...
[2020-04-12 20:35:48:755] [vo.logVo.LogVo.<init>] [INFO] 日志实例已初始化...
[2020-04-12 20:35:48:756] [vo.logVo.LogVo.<init>] [INFO] 日志实例已初始化...
[2020-04-12 20:35:48:756] [vo.logVo.LogVo.<init>] [INFO] 日志实例已初始化...
[2020-04-12 20:35:48:756] [vo.logVo.LogVo.<init>] [INFO] 日志实例已初始化...
[2020-04-12 20:35:48:757] [vo.logVo.LogVo.<init>] [INFO] 日志实例已初始化...
[2020-04-12 20:35:48:757] [vo.logVo.LogVo.<init>] [INFO] 日志实例已初始化...
[2020-04-12 20:35:48:758] [vo.logVo.LogVo.<init>] [INFO] 日志实例已初始化...
[2020-04-12 20:35:48:758] [vo.logVo.LogVo.<init>] [INFO] 日志实例已初始化...
[2020-04-12 20:35:48:759] [vo.logVo.LogVo.<init>] [INFO] 日志实例已初始化...
[2020-04-12 20:35:48:759] [vo.logVo.LogVo.<init>] [INFO] 日志实例已初始化...
[2020-04-12 20:35:48:760] [vo.logVo.LogVo.<init>] [INFO] 日志实例已初始化...
[2020-04-12 20:35:48:761] [vo.logVo.LogVo.<init>] [INFO] 日志实例已初始化...
[2020-04-12 20:35:48:761] [vo.logVo.LogVo.<init>] [INFO] 日志实例已初始化...
[2020-04-12 20:35:48:762] [vo.logVo.LogVo.<init>] [INFO] 日志实例已初始化...
[2020-04-12 20:35:48:762] [vo.logVo.LogVo.<init>] [INFO] 日志实例已初始化...
[2020-04-12 20:35:48:762] [vo.logVo.LogVo.<init>] [INFO] 日志实例已初始化...
[2020-04-12 20:35:48:763] [vo.logVo.LogVo.<init>] [INFO] 日志实例已初始化...
[2020-04-12 20:35:48:763] [vo.logVo.LogVo.<init>] [INFO] 日志实例已初始化...
[2020-04-12 20:35:48:764] [vo.logVo.LogVo.<init>] [INFO] 日志实例已初始化...
[2020-04-12 20:35:48:764] [vo.logVo.LogVo.<init>] [INFO] 日志实例已初始化...
[2020-04-12 20:35:48:765] [vo.logVo.LogVo.<init>] [INFO] 日志实例已初始化...
[2020-04-12 20:35:48:766] [vo.logVo.LogVo.<init>] [INFO] 日志实例已初始化...
[2020-04-12 20:35:48:767] [vo.logVo.LogVo.<init>] [INFO] 日志实例已初始化...
[2020-04-12 20:35:48:768] [vo.logVo.LogVo.<init>] [INFO] 日志实例已初始化...
[2020-04-12 20:35:48:770] [vo.logVo.LogVo.<init>] [INFO] 日志实例已初始化...
[2020-04-12 20:35:48:772] [vo.logVo.LogVo.<init>] [INFO] 日志实例已初始化...
[2020-04-12 20:35:48:772] [vo.logVo.LogVo.<init>] [INFO] 日志实例已初始化...
[2020-04-12 20:35:48:773] [vo.logVo.LogVo.<init>] [INFO] 日志实例已初始化...
[2020-04-12 20:35:48:773] [vo.logVo.LogVo.<init>] [INFO] 日志实例已初始化...
[2020-04-12 20:35:48:774] [vo.logVo.LogVo.<init>] [INFO] 日志实例已初始化...
[2020-04-12 20:35:48:774] [vo.logVo.LogVo.<init>] [INFO] 日志实例已初始化...
[2020-04-12 20:35:48:774] [vo.logVo.LogVo.<init>] [INFO] 日志实例已初始化...
[2020-04-12 20:35:48:775] [vo.logVo.LogVo.<init>] [INFO] 日志实例已初始化...
[2020-04-12 20:35:48:775] [vo.logVo.LogVo.<init>] [INFO] 日志实例已初始化...
[2020-04-12 20:35:48:775] [vo.logVo.LogVo.<init>] [INFO] 日志实例已初始化...
[2020-04-12 20:35:48:776] [vo.logVo.LogVo.<init>] [INFO] 日志实例已初始化...
[2020-04-12 20:35:48:776] [vo.logVo.LogVo.<init>] [INFO] 日志实例已初始化...
[2020-04-12 20:35:48:776] [vo.logVo.LogVo.<init>] [INFO] 日志实例已初始化...
[2020-04-12 20:35:48:776] [vo.logVo.LogVo.<init>] [INFO] 日志实例已初始化...
[2020-04-12 20:35:48:777] [vo.logVo.LogVo.<init>] [INFO] 日志实例已初始化...
[2020-04-12 20:35:48:777] [vo.logVo.LogVo.<init>] [INFO] 日志实例已初始化...
[2020-04-12 20:35:48:777] [vo.logVo.LogVo.<init>] [INFO] 日志实例已初始化...
[2020-04-12 20:35:48:778] [vo.logVo.LogVo.<init>] [INFO] 日志实例已初始化...
[2020-04-12 20:35:48:778] [vo.logVo.LogVo.<init>] [INFO] 日志实例已初始化...
[2020-04-12 20:35:48:778] [vo.logVo.LogVo.<init>] [INFO] 日志实例已初始化...
[2020-04-12 20:35:48:778] [vo.logVo.LogVo.<init>] [INFO] 日志实例已初始化...
[2020-04-12 20:35:48:779] [vo.logVo.LogVo.<init>] [INFO] 日志实例已初始化...
[2020-04-12 20:35:48:779] [vo.logVo.LogVo.<init>] [INFO] 日志实例已初始化...
[2020-04-12 20:35:48:779] [vo.logVo.LogVo.<init>] [INFO] 日志实例已初始化...
[2020-04-12 20:35:48:780] [vo.logVo.LogVo.<init>] [INFO] 日志实例已初始化...
[2020-04-12 20:35:48:780] [vo.logVo.LogVo.<init>] [INFO] 日志实例已初始化...
[2020-04-12 20:35:48:780] [vo.logVo.LogVo.<init>] [INFO] 日志实例已初始化...
[2020-04-12 20:35:48:780] [vo.logVo.LogVo.<init>] [INFO] 日志实例已初始化...
[2020-04-12 20:35:48:781] [vo.logVo.LogVo.<init>] [INFO] 日志实例已初始化...
[2020-04-12 20:35:48:781] [vo.logVo.LogVo.<init>] [INFO] 日志实例已初始化...
[2020-04-12 20:35:48:782] [vo.logVo.LogVo.<init>] [INFO] 日志实例已初始化...
[2020-04-12 20:35:48:782] [vo.logVo.LogVo.<init>] [INFO] 日志实例已初始化...
[2020-04-12 20:35:48:782] [vo.logVo.LogVo.<init>] [INFO] 日志实例已初始化...
[2020-04-12 20:35:48:783] [vo.logVo.LogVo.<init>] [INFO] 日志实例已初始化...
[2020-04-12 20:35:48:783] [vo.logVo.LogVo.<init>] [INFO] 日志实例已初始化...
[2020-04-12 20:35:48:783] [vo.logVo.LogVo.<init>] [INFO] 日志实例已初始化...
[2020-04-12 20:35:48:783] [vo.logVo.LogVo.<init>] [INFO] 日志实例已初始化...
[2020-04-12 20:35:48:784] [vo.logVo.LogVo.<init>] [INFO] 日志实例已初始化...
[2020-04-12 20:35:48:784] [vo.logVo.LogVo.<init>] [INFO] 日志实例已初始化...
[2020-04-12 20:35:48:784] [vo.logVo.LogVo.<init>] [INFO] 日志实例已初始化...
[2020-04-12 20:35:48:785] [vo.logVo.LogVo.<init>] [INFO] 日志实例已初始化...
[2020-04-12 20:35:48:785] [vo.logVo.LogVo.<init>] [INFO] 日志实例已初始化...
[2020-04-12 20:35:48:785] [vo.logVo.LogVo.<init>] [INFO] 日志实例已初始化...
[2020-04-12 20:35:48:785] [vo.logVo.LogVo.<init>] [INFO] 日志实例已初始化...
[2020-04-12 20:35:48:786] [vo.logVo.LogVo.<init>] [INFO] 日志实例已初始化...
[2020-04-12 20:35:48:787] [vo.logVo.LogVo.<init>] [INFO] 日志实例已初始化...
[2020-04-12 20:35:48:787] [vo.logVo.LogVo.<init>] [INFO] 日志实例已初始化...
[2020-04-12 20:35:48:787] [vo.logVo.LogVo.<init>] [INFO] 日志实例已初始化...
[2020-04-12 20:35:48:788] [vo.logVo.LogVo.<init>] [INFO] 日志实例已初始化...
[2020-04-12 20:35:48:788] [vo.logVo.LogVo.<init>] [INFO] 日志实例已初始化...
[2020-04-12 20:35:48:789] [vo.logVo.LogVo.<init>] [INFO] 日志实例已初始化...
[2020-04-12 20:35:48:789] [vo.logVo.LogVo.<init>] [INFO] 日志实例已初始化...
[2020-04-12 20:35:48:789] [vo.logVo.LogVo.<init>] [INFO] 日志实例已初始化...
[2020-04-12 20:35:48:789] [vo.logVo.LogVo.<init>] [INFO] 日志实例已初始化...
[2020-04-12 20:35:48:790] [vo.logVo.LogVo.<init>] [INFO] 日志实例已初始化...
[2020-04-12 20:35:48:790] [vo.logVo.LogVo.<init>] [INFO] 日志实例已初始化...
[2020-04-12 20:35:48:790] [vo.logVo.LogVo.<init>] [INFO] 日志实例已初始化...
[2020-04-12 20:35:48:791] [vo.logVo.LogVo.<init>] [INFO] 日志实例已初始化...
[2020-04-12 20:35:48:791] [vo.logVo.LogVo.<init>] [INFO] 日志实例已初始化...
[2020-04-12 20:35:48:791] [vo.logVo.LogVo.<init>] [INFO] 日志实例已初始化...
[2020-04-12 20:35:48:791] [vo.logVo.LogVo.<init>] [INFO] 日志实例已初始化...
[2020-04-12 20:35:48:792] [vo.logVo.LogVo.<init>] [INFO] 日志实例已初始化...
[2020-04-12 20:35:48:792] [vo.logVo.LogVo.<init>] [INFO] 日志实例已初始化...
[2020-04-12 20:35:48:792] [vo.logVo.LogVo.<init>] [INFO] 日志实例已初始化...
[2020-04-12 20:35:48:792] [vo.logVo.LogVo.<init>] [INFO] 日志实例已初始化...
[2020-04-12 20:35:48:793] [vo.logVo.LogVo.<init>] [INFO] 日志实例已初始化...
[2020-04-12 20:35:48:793] [vo.logVo.LogVo.<init>] [INFO] 日志实例已初始化...
[2020-04-12 20:35:48:793] [vo.logVo.LogVo.<init>] [INFO] 日志实例已初始化...
[2020-04-12 20:35:48:793] [vo.logVo.LogVo.<init>] [INFO] 日志实例已初始化...
[2020-04-12 20:35:48:794] [vo.logVo.LogVo.<init>] [INFO] 日志实例已初始化...
[2020-04-12 20:35:48:794] [vo.logVo.LogVo.<init>] [INFO] 日志实例已初始化...
[2020-04-12 20:35:48:794] [vo.logVo.LogVo.<init>] [INFO] 日志实例已初始化...
[2020-04-12 20:35:48:794] [vo.logVo.LogVo.<init>] [INFO] 日志实例已初始化...
[2020-04-12 20:35:48:795] [vo.logVo.LogVo.<init>] [INFO] 日志实例已初始化...
[2020-04-12 20:35:48:795] [vo.logVo.LogVo.<init>] [INFO] 日志实例已初始化...
[2020-04-12 20:35:48:795] [vo.logVo.LogVo.<init>] [INFO] 日志实例已初始化...
[2020-04-12 20:35:48:795] [vo.logVo.LogVo.<init>] [INFO] 日志实例已初始化...
[2020-04-12 20:35:48:796] [vo.logVo.LogVo.<init>] [INFO] 日志实例已初始化...
[2020-04-12 20:35:48:796] [vo.logVo.LogVo.<init>] [INFO] 日志实例已初始化...
[2020-04-12 20:35:48:796] [vo.logVo.LogVo.<init>] [INFO] 日志实例已初始化...
[2020-04-12 20:35:48:797] [vo.logVo.LogVo.<init>] [INFO] 日志实例已初始化...
[2020-04-12 20:35:48:797] [vo.logVo.LogVo.<init>] [INFO] 日志实例已初始化...
[2020-04-12 20:35:48:798] [vo.logVo.LogVo.<init>] [INFO] 日志实例已初始化...
[2020-04-12 20:35:48:798] [vo.logVo.LogVo.<init>] [INFO] 日志实例已初始化...
[2020-04-12 20:35:48:799] [vo.logVo.LogVo.<init>] [INFO] 日志实例已初始化...
[2020-04-12 20:35:48:799] [vo.logVo.LogVo.<init>] [INFO] 日志实例已初始化...
[2020-04-12 20:35:48:800] [vo.logVo.LogVo.<init>] [INFO] 日志实例已初始化...
[2020-04-12 20:35:48:800] [vo.logVo.LogVo.<init>] [INFO] 日志实例已初始化...
[2020-04-12 20:35:48:801] [vo.logVo.LogVo.<init>] [INFO] 日志实例已初始化...
[2020-04-12 20:35:48:801] [vo.logVo.LogVo.<init>] [INFO] 日志实例已初始化...
[2020-04-12 20:35:48:801] [vo.logVo.LogVo.<init>] [INFO] 日志实例已初始化...
[2020-04-12 20:35:48:802] [vo.logVo.LogVo.<init>] [INFO] 日志实例已初始化...
[2020-04-12 20:35:48:802] [vo.logVo.LogVo.<init>] [INFO] 日志实例已初始化...
[2020-04-12 20:35:48:802] [vo.logVo.LogVo.<init>] [INFO] 日志实例已初始化...
[2020-04-12 20:35:48:802] [vo.logVo.LogVo.<init>] [INFO] 日志实例已初始化...
[2020-04-12 20:35:48:803] [vo.logVo.LogVo.<init>] [INFO] 日志实例已初始化...
[2020-04-12 20:35:48:803] [vo.logVo.LogVo.<init>] [INFO] 日志实例已初始化...
[2020-04-12 20:35:48:803] [vo.logVo.LogVo.<init>] [INFO] 日志实例已初始化...
[2020-04-12 20:35:48:804] [vo.logVo.LogVo.<init>] [INFO] 日志实例已初始化...
[2020-04-12 20:35:48:804] [vo.logVo.LogVo.<init>] [INFO] 日志实例已初始化...
[2020-04-12 20:35:48:804] [vo.logVo.LogVo.<init>] [INFO] 日志实例已初始化...
[2020-04-12 20:35:48:805] [vo.logVo.LogVo.<init>] [INFO] 日志实例已初始化...
[2020-04-12 20:35:48:805] [vo.logVo.LogVo.<init>] [INFO] 日志实例已初始化...
[2020-04-12 20:35:48:805] [vo.logVo.LogVo.<init>] [INFO] 日志实例已初始化...
[2020-04-12 20:35:48:805] [vo.logVo.LogVo.<init>] [INFO] 日志实例已初始化...
[2020-04-12 20:35:48:806] [vo.logVo.LogVo.<init>] [INFO] 日志实例已初始化...
[2020-04-12 20:35:48:806] [vo.logVo.LogVo.<init>] [INFO] 日志实例已初始化...
[2020-04-12 20:35:48:806] [vo.logVo.LogVo.<init>] [INFO] 日志实例已初始化...
[2020-04-12 20:35:48:806] [vo.logVo.LogVo.<init>] [INFO] 日志实例已初始化...
[2020-04-12 20:35:48:807] [vo.logVo.LogVo.<init>] [INFO] 日志实例已初始化...
[2020-04-12 20:35:48:807] [vo.logVo.LogVo.<init>] [INFO] 日志实例已初始化...
[2020-04-12 20:35:48:807] [vo.logVo.LogVo.<init>] [INFO] 日志实例已初始化...
[2020-04-12 20:35:48:808] [vo.logVo.LogVo.<init>] [INFO] 日志实例已初始化...
[2020-04-12 20:35:48:808] [vo.logVo.LogVo.<init>] [INFO] 日志实例已初始化...
[2020-04-12 20:35:48:808] [vo.logVo.LogVo.<init>] [INFO] 日志实例已初始化...
[2020-04-12 20:35:48:809] [vo.logVo.LogVo.<init>] [INFO] 日志实例已初始化...
[2020-04-12 20:35:48:809] [vo.logVo.LogVo.<init>] [INFO] 日志实例已初始化...
[2020-04-12 20:35:48:809] [vo.logVo.LogVo.<init>] [INFO] 日志实例已初始化...
[2020-04-12 20:35:48:809] [vo.logVo.LogVo.<init>] [INFO] 日志实例已初始化...
[2020-04-12 20:35:48:810] [vo.logVo.LogVo.<init>] [INFO] 日志实例已初始化...
[2020-04-12 20:35:48:810] [vo.logVo.LogVo.<init>] [INFO] 日志实例已初始化...
[2020-04-12 20:35:48:810] [vo.logVo.LogVo.<init>] [INFO] 日志实例已初始化...
[2020-04-12 20:35:48:810] [vo.logVo.LogVo.<init>] [INFO] 日志实例已初始化...
[2020-04-12 20:35:48:811] [vo.logVo.LogVo.<init>] [INFO] 日志实例已初始化...
[2020-04-12 20:35:48:811] [vo.logVo.LogVo.<init>] [INFO] 日志实例已初始化...
[2020-04-12 20:35:48:811] [vo.logVo.LogVo.<init>] [INFO] 日志实例已初始化...
[2020-04-12 20:35:48:812] [vo.logVo.LogVo.<init>] [INFO] 日志实例已初始化...
[2020-04-12 20:35:48:812] [vo.logVo.LogVo.<init>] [INFO] 日志实例已初始化...
[2020-04-12 20:35:48:812] [vo.logVo.LogVo.<init>] [INFO] 日志实例已初始化...
[2020-04-12 20:35:48:812] [vo.logVo.LogVo.<init>] [INFO] 日志实例已初始化...
[2020-04-12 20:35:48:813] [vo.logVo.LogVo.<init>] [INFO] 日志实例已初始化...
[2020-04-12 20:35:48:813] [vo.logVo.LogVo.<init>] [INFO] 日志实例已初始化...
[2020-04-12 20:35:48:813] [vo.logVo.LogVo.<init>] [INFO] 日志实例已初始化...
[2020-04-12 20:35:48:813] [vo.logVo.LogVo.<init>] [INFO] 日志实例已初始化...
[2020-04-12 20:35:48:814] [vo.logVo.LogVo.<init>] [INFO] 日志实例已初始化...
[2020-04-12 20:35:48:814] [vo.logVo.LogVo.<init>] [INFO] 日志实例已初始化...
[2020-04-12 20:35:48:814] [vo.logVo.LogVo.<init>] [INFO] 日志实例已初始化...
[2020-04-12 20:35:48:814] [vo.logVo.LogVo.<init>] [INFO] 日志实例已初始化...
[2020-04-12 20:35:48:815] [vo.logVo.LogVo.<init>] [INFO] 日志实例已初始化...
[2020-04-12 20:35:48:815] [vo.logVo.LogVo.<init>] [INFO] 日志实例已初始化...
[2020-04-12 20:35:48:815] [vo.logVo.LogVo.<init>] [INFO] 日志实例已初始化...
[2020-04-12 20:35:48:816] [vo.logVo.LogVo.<init>] [INFO] 日志实例已初始化...
[2020-04-12 20:35:48:816] [vo.logVo.LogVo.<init>] [INFO] 日志实例已初始化...
[2020-04-12 20:35:48:816] [vo.logVo.LogVo.<init>] [INFO] 日志实例已初始化...
[2020-04-12 20:35:48:817] [vo.logVo.LogVo.<init>] [INFO] 日志实例已初始化...
[2020-04-12 20:35:48:817] [vo.logVo.LogVo.<init>] [INFO] 日志实例已初始化...
[2020-04-12 20:35:48:817] [vo.logVo.LogVo.<init>] [INFO] 日志实例已初始化...
[2020-04-12 20:35:48:818] [vo.logVo.LogVo.<init>] [INFO] 日志实例已初始化...
[2020-04-12 20:35:48:818] [vo.logVo.LogVo.<init>] [INFO] 日志实例已初始化...
[2020-04-12 20:35:48:818] [vo.logVo.LogVo.<init>] [INFO] 日志实例已初始化...
[2020-04-12 20:35:48:818] [vo.logVo.LogVo.<init>] [INFO] 日志实例已初始化...
[2020-04-12 20:35:48:819] [vo.logVo.LogVo.<init>] [INFO] 日志实例已初始化...
[2020-04-12 20:35:48:819] [vo.logVo.LogVo.<init>] [INFO] 日志实例已初始化...
[2020-04-12 20:35:48:819] [vo.logVo.LogVo.<init>] [INFO] 日志实例已初始化...
[2020-04-12 20:35:48:820] [vo.logVo.LogVo.<init>] [INFO] 日志实例已初始化...
[2020-04-12 20:35:48:820] [vo.logVo.LogVo.<init>] [INFO] 日志实例已初始化...
[2020-04-12 20:35:48:820] [vo.logVo.LogVo.<init>] [INFO] 日志实例已初始化...
[2020-04-12 20:35:48:820] [vo.logVo.LogVo.<init>] [INFO] 日志实例已初始化...
[2020-04-12 20:35:48:821] [vo.logVo.LogVo.<init>] [INFO] 日志实例已初始化...
[2020-04-12 20:35:48:821] [vo.logVo.LogVo.<init>] [INFO] 日志实例已初始化...
[2020-04-12 20:35:48:822] [vo.logVo.LogVo.<init>] [INFO] 日志实例已初始化...
[2020-04-12 20:35:48:823] [vo.logVo.LogVo.<init>] [INFO] 日志实例已初始化...
[2020-04-12 20:35:48:823] [vo.logVo.LogVo.<init>] [INFO] 日志实例已初始化...
[2020-04-12 20:35:48:824] [vo.logVo.LogVo.<init>] [INFO] 日志实例已初始化...
[2020-04-12 20:35:48:825] [vo.logVo.LogVo.<init>] [INFO] 日志实例已初始化...
[2020-04-12 20:35:48:825] [vo.logVo.LogVo.<init>] [INFO] 日志实例已初始化...
[2020-04-12 20:35:48:826] [vo.logVo.LogVo.<init>] [INFO] 日志实例已初始化...
[2020-04-12 20:35:48:827] [vo.logVo.LogVo.<init>] [INFO] 日志实例已初始化...
[2020-04-12 20:35:48:827] [vo.logVo.LogVo.<init>] [INFO] 日志实例已初始化...
[2020-04-12 20:35:48:828] [vo.logVo.LogVo.<init>] [INFO] 日志实例已初始化...
[2020-04-12 20:35:48:828] [vo.logVo.LogVo.<init>] [INFO] 日志实例已初始化...
[2020-04-12 20:35:48:828] [vo.logVo.LogVo.<init>] [INFO] 日志实例已初始化...
[2020-04-12 20:35:48:829] [vo.logVo.LogVo.<init>] [INFO] 日志实例已初始化...
[2020-04-12 20:35:48:829] [vo.logVo.LogVo.<init>] [INFO] 日志实例已初始化...
[2020-04-12 20:35:48:829] [vo.logVo.LogVo.<init>] [INFO] 日志实例已初始化...
[2020-04-12 20:35:48:830] [vo.logVo.LogVo.<init>] [INFO] 日志实例已初始化...
[2020-04-12 20:35:48:830] [vo.logVo.LogVo.<init>] [INFO] 日志实例已初始化...
[2020-04-12 20:35:48:830] [vo.logVo.LogVo.<init>] [INFO] 日志实例已初始化...
[2020-04-12 20:35:48:831] [vo.logVo.LogVo.<init>] [INFO] 日志实例已初始化...
[2020-04-12 20:35:48:831] [vo.logVo.LogVo.<init>] [INFO] 日志实例已初始化...
[2020-04-12 20:35:48:831] [vo.logVo.LogVo.<init>] [INFO] 日志实例已初始化...
[2020-04-12 20:35:48:832] [vo.logVo.LogVo.<init>] [INFO] 日志实例已初始化...
[2020-04-12 20:35:48:832] [vo.logVo.LogVo.<init>] [INFO] 日志实例已初始化...
[2020-04-12 20:35:48:832] [vo.logVo.LogVo.<init>] [INFO] 日志实例已初始化...
[2020-04-12 20:35:48:833] [vo.logVo.LogVo.<init>] [INFO] 日志实例已初始化...
[2020-04-12 20:35:48:833] [vo.logVo.LogVo.<init>] [INFO] 日志实例已初始化...
[2020-04-12 20:35:48:833] [vo.logVo.LogVo.<init>] [INFO] 日志实例已初始化...
[2020-04-12 20:35:48:833] [vo.logVo.LogVo.<init>] [INFO] 日志实例已初始化...
[2020-04-12 20:35:48:834] [vo.logVo.LogVo.<init>] [INFO] 日志实例已初始化...
[2020-04-12 20:35:48:834] [vo.logVo.LogVo.<init>] [INFO] 日志实例已初始化...
[2020-04-12 20:35:48:834] [vo.logVo.LogVo.<init>] [INFO] 日志实例已初始化...
[2020-04-12 20:35:48:835] [vo.logVo.LogVo.<init>] [INFO] 日志实例已初始化...
[2020-04-12 20:35:48:835] [vo.logVo.LogVo.<init>] [INFO] 日志实例已初始化...
[2020-04-12 20:35:48:835] [vo.logVo.LogVo.<init>] [INFO] 日志实例已初始化...
[2020-04-12 20:35:48:836] [vo.logVo.LogVo.<init>] [INFO] 日志实例已初始化...
[2020-04-12 20:35:48:836] [vo.logVo.LogVo.<init>] [INFO] 日志实例已初始化...
[2020-04-12 20:35:48:837] [vo.logVo.LogVo.<init>] [INFO] 日志实例已初始化...
[2020-04-12 20:35:48:837] [vo.logVo.LogVo.<init>] [INFO] 日志实例已初始化...
[2020-04-12 20:35:48:838] [vo.logVo.LogVo.<init>] [INFO] 日志实例已初始化...
[2020-04-12 20:35:48:838] [vo.logVo.LogVo.<init>] [INFO] 日志实例已初始化...
[2020-04-12 20:35:48:839] [vo.logVo.LogVo.<init>] [INFO] 日志实例已初始化...
[2020-04-12 20:35:48:839] [vo.logVo.LogVo.<init>] [INFO] 日志实例已初始化...
[2020-04-12 20:35:48:839] [vo.logVo.LogVo.<init>] [INFO] 日志实例已初始化...
[2020-04-12 20:35:48:840] [vo.logVo.LogVo.<init>] [INFO] 日志实例已初始化...
[2020-04-12 20:35:48:840] [vo.logVo.LogVo.<init>] [INFO] 日志实例已初始化...
[2020-04-12 20:35:48:841] [vo.logVo.LogVo.<init>] [INFO] 日志实例已初始化...
[2020-04-12 20:35:48:841] [vo.logVo.LogVo.<init>] [INFO] 日志实例已初始化...
[2020-04-12 20:35:48:841] [vo.logVo.LogVo.<init>] [INFO] 日志实例已初始化...
[2020-04-12 20:35:48:842] [vo.logVo.LogVo.<init>] [INFO] 日志实例已初始化...
[2020-04-12 20:35:48:842] [vo.logVo.LogVo.<init>] [INFO] 日志实例已初始化...
[2020-04-12 20:35:48:842] [vo.logVo.LogVo.<init>] [INFO] 日志实例已初始化...
[2020-04-12 20:35:48:843] [vo.logVo.LogVo.<init>] [INFO] 日志实例已初始化...
[2020-04-12 20:35:48:843] [vo.logVo.LogVo.<init>] [INFO] 日志实例已初始化...
[2020-04-12 20:35:48:844] [vo.logVo.LogVo.<init>] [INFO] 日志实例已初始化...
[2020-04-12 20:35:48:844] [vo.logVo.LogVo.<init>] [INFO] 日志实例已初始化...
[2020-04-12 20:35:48:844] [vo.logVo.LogVo.<init>] [INFO] 日志实例已初始化...
[2020-04-12 20:35:48:845] [vo.logVo.LogVo.<init>] [INFO] 日志实例已初始化...
[2020-04-12 20:35:48:845] [vo.logVo.LogVo.<init>] [INFO] 日志实例已初始化...
[2020-04-12 20:35:48:845] [vo.logVo.LogVo.<init>] [INFO] 日志实例已初始化...
[2020-04-12 20:35:48:845] [vo.logVo.LogVo.<init>] [INFO] 日志实例已初始化...
[2020-04-12 20:35:48:846] [vo.logVo.LogVo.<init>] [INFO] 日志实例已初始化...
[2020-04-12 20:35:48:846] [vo.logVo.LogVo.<init>] [INFO] 日志实例已初始化...
[2020-04-12 20:35:48:846] [vo.logVo.LogVo.<init>] [INFO] 日志实例已初始化...
[2020-04-12 20:35:48:847] [vo.logVo.LogVo.<init>] [INFO] 日志实例已初始化...
[2020-04-12 20:35:48:847] [vo.logVo.LogVo.<init>] [INFO] 日志实例已初始化...
[2020-04-12 20:35:48:847] [vo.logVo.LogVo.<init>] [INFO] 日志实例已初始化...
[2020-04-12 20:35:48:848] [vo.logVo.LogVo.<init>] [INFO] 日志实例已初始化...
[2020-04-12 20:35:48:848] [vo.logVo.LogVo.<init>] [INFO] 日志实例已初始化...
[2020-04-12 20:35:48:848] [vo.logVo.LogVo.<init>] [INFO] 日志实例已初始化...
[2020-04-12 20:35:48:849] [vo.logVo.LogVo.<init>] [INFO] 日志实例已初始化...
[2020-04-12 20:35:48:849] [vo.logVo.LogVo.<init>] [INFO] 日志实例已初始化...
[2020-04-12 20:35:48:849] [vo.logVo.LogVo.<init>] [INFO] 日志实例已初始化...
[2020-04-12 20:35:48:850] [vo.logVo.LogVo.<init>] [INFO] 日志实例已初始化...
[2020-04-12 20:35:48:850] [vo.logVo.LogVo.<init>] [INFO] 日志实例已初始化...
[2020-04-12 20:35:48:850] [vo.logVo.LogVo.<init>] [INFO] 日志实例已初始化...
[2020-04-12 20:35:48:850] [vo.logVo.LogVo.<init>] [INFO] 日志实例已初始化...
[2020-04-12 20:35:48:852] [vo.logVo.LogVo.<init>] [INFO] 日志实例已初始化...
[2020-04-12 20:35:48:853] [vo.logVo.LogVo.<init>] [INFO] 日志实例已初始化...
[2020-04-12 20:35:48:855] [vo.logVo.LogVo.<init>] [INFO] 日志实例已初始化...
[2020-04-12 20:35:48:856] [vo.logVo.LogVo.<init>] [INFO] 日志实例已初始化...
[2020-04-12 20:35:48:857] [vo.logVo.LogVo.<init>] [INFO] 日志实例已初始化...
[2020-04-12 20:35:48:858] [vo.logVo.LogVo.<init>] [INFO] 日志实例已初始化...
[2020-04-12 20:35:48:858] [vo.logVo.LogVo.<init>] [INFO] 日志实例已初始化...
[2020-04-12 20:35:48:858] [vo.logVo.LogVo.<init>] [INFO] 日志实例已初始化...
[2020-04-12 20:35:48:859] [vo.logVo.LogVo.<init>] [INFO] 日志实例已初始化...
[2020-04-12 20:35:48:859] [vo.logVo.LogVo.<init>] [INFO] 日志实例已初始化...
[2020-04-12 20:35:48:859] [vo.logVo.LogVo.<init>] [INFO] 日志实例已初始化...
[2020-04-12 20:35:48:860] [vo.logVo.LogVo.<init>] [INFO] 日志实例已初始化...
[2020-04-12 20:35:48:860] [vo.logVo.LogVo.<init>] [INFO] 日志实例已初始化...
[2020-04-12 20:35:48:860] [vo.logVo.LogVo.<init>] [INFO] 日志实例已初始化...
[2020-04-12 20:35:48:861] [vo.logVo.LogVo.<init>] [INFO] 日志实例已初始化...
[2020-04-12 20:35:48:861] [vo.logVo.LogVo.<init>] [INFO] 日志实例已初始化...
[2020-04-12 20:35:48:861] [vo.logVo.LogVo.<init>] [INFO] 日志实例已初始化...
[2020-04-12 20:35:48:861] [vo.logVo.LogVo.<init>] [INFO] 日志实例已初始化...
[2020-04-12 20:35:48:862] [vo.logVo.LogVo.<init>] [INFO] 日志实例已初始化...
[2020-04-12 20:35:48:862] [vo.logVo.LogVo.<init>] [INFO] 日志实例已初始化...
[2020-04-12 20:35:48:862] [vo.logVo.LogVo.<init>] [INFO] 日志实例已初始化...
[2020-04-12 20:35:48:863] [vo.logVo.LogVo.<init>] [INFO] 日志实例已初始化...
[2020-04-12 20:35:48:863] [vo.logVo.LogVo.<init>] [INFO] 日志实例已初始化...
[2020-04-12 20:35:48:863] [vo.logVo.LogVo.<init>] [INFO] 日志实例已初始化...
[2020-04-12 20:35:48:863] [vo.logVo.LogVo.<init>] [INFO] 日志实例已初始化...
[2020-04-12 20:35:48:864] [vo.logVo.LogVo.<init>] [INFO] 日志实例已初始化...
[2020-04-12 20:35:48:864] [vo.logVo.LogVo.<init>] [INFO] 日志实例已初始化...
[2020-04-12 20:35:48:864] [vo.logVo.LogVo.<init>] [INFO] 日志实例已初始化...
[2020-04-12 20:35:48:865] [vo.logVo.LogVo.<init>] [INFO] 日志实例已初始化...
[2020-04-12 20:35:48:865] [vo.logVo.LogVo.<init>] [INFO] 日志实例已初始化...
[2020-04-12 20:35:48:865] [vo.logVo.LogVo.<init>] [INFO] 日志实例已初始化...
[2020-04-12 20:35:48:865] [vo.logVo.LogVo.<init>] [INFO] 日志实例已初始化...
[2020-04-12 20:35:48:866] [vo.logVo.LogVo.<init>] [INFO] 日志实例已初始化...
[2020-04-12 20:35:48:866] [vo.logVo.LogVo.<init>] [INFO] 日志实例已初始化...
[2020-04-12 20:35:48:866] [vo.logVo.LogVo.<init>] [INFO] 日志实例已初始化...
[2020-04-12 20:35:48:866] [vo.logVo.LogVo.<init>] [INFO] 日志实例已初始化...
[2020-04-12 20:35:48:867] [vo.logVo.LogVo.<init>] [INFO] 日志实例已初始化...
[2020-04-12 20:35:48:867] [vo.logVo.LogVo.<init>] [INFO] 日志实例已初始化...
[2020-04-12 20:35:48:867] [vo.logVo.LogVo.<init>] [INFO] 日志实例已初始化...
[2020-04-12 20:35:48:867] [vo.logVo.LogVo.<init>] [INFO] 日志实例已初始化...
[2020-04-12 20:35:48:868] [vo.logVo.LogVo.<init>] [INFO] 日志实例已初始化...
[2020-04-12 20:35:48:868] [vo.logVo.LogVo.<init>] [INFO] 日志实例已初始化...
[2020-04-12 20:35:48:868] [vo.logVo.LogVo.<init>] [INFO] 日志实例已初始化...
[2020-04-12 20:35:48:869] [vo.logVo.LogVo.<init>] [INFO] 日志实例已初始化...
[2020-04-12 20:35:48:870] [vo.logVo.LogVo.<init>] [INFO] 日志实例已初始化...
[2020-04-12 20:35:48:871] [vo.logVo.LogVo.<init>] [INFO] 日志实例已初始化...
[2020-04-12 20:35:48:871] [vo.logVo.LogVo.<init>] [INFO] 日志实例已初始化...
[2020-04-12 20:35:48:872] [vo.logVo.LogVo.<init>] [INFO] 日志实例已初始化...
[2020-04-12 20:35:48:872] [vo.logVo.LogVo.<init>] [INFO] 日志实例已初始化...
[2020-04-12 20:35:48:873] [vo.logVo.LogVo.<init>] [INFO] 日志实例已初始化...
[2020-04-12 20:35:48:873] [vo.logVo.LogVo.<init>] [INFO] 日志实例已初始化...
[2020-04-12 20:35:48:873] [vo.logVo.LogVo.<init>] [INFO] 日志实例已初始化...
[2020-04-12 20:35:48:874] [vo.logVo.LogVo.<init>] [INFO] 日志实例已初始化...
[2020-04-12 20:35:48:874] [vo.logVo.LogVo.<init>] [INFO] 日志实例已初始化...
[2020-04-12 20:35:48:874] [vo.logVo.LogVo.<init>] [INFO] 日志实例已初始化...
[2020-04-12 20:35:48:875] [vo.logVo.LogVo.<init>] [INFO] 日志实例已初始化...
[2020-04-12 20:35:48:876] [vo.logVo.LogVo.<init>] [INFO] 日志实例已初始化...
[2020-04-12 20:35:48:876] [vo.logVo.LogVo.<init>] [INFO] 日志实例已初始化...
[2020-04-12 20:35:48:877] [vo.logVo.LogVo.<init>] [INFO] 日志实例已初始化...
[2020-04-12 20:35:48:877] [vo.logVo.LogVo.<init>] [INFO] 日志实例已初始化...
[2020-04-12 20:35:48:878] [vo.logVo.LogVo.<init>] [INFO] 日志实例已初始化...
[2020-04-12 20:35:48:878] [vo.logVo.LogVo.<init>] [INFO] 日志实例已初始化...
[2020-04-12 20:35:48:879] [vo.logVo.LogVo.<init>] [INFO] 日志实例已初始化...
[2020-04-12 20:35:48:880] [vo.logVo.LogVo.<init>] [INFO] 日志实例已初始化...
[2020-04-12 20:35:48:881] [vo.logVo.LogVo.<init>] [INFO] 日志实例已初始化...
[2020-04-12 20:35:48:881] [vo.logVo.LogVo.<init>] [INFO] 日志实例已初始化...
[2020-04-12 20:35:48:882] [vo.logVo.LogVo.<init>] [INFO] 日志实例已初始化...
[2020-04-12 20:35:48:882] [vo.logVo.LogVo.<init>] [INFO] 日志实例已初始化...
[2020-04-12 20:35:48:883] [vo.logVo.LogVo.<init>] [INFO] 日志实例已初始化...
[2020-04-12 20:35:48:884] [vo.logVo.LogVo.<init>] [INFO] 日志实例已初始化...
[2020-04-12 20:35:48:885] [vo.logVo.LogVo.<init>] [INFO] 日志实例已初始化...
[2020-04-12 20:35:48:885] [vo.logVo.LogVo.<init>] [INFO] 日志实例已初始化...
[2020-04-12 20:35:48:886] [vo.logVo.LogVo.<init>] [INFO] 日志实例已初始化...
[2020-04-12 20:35:48:888] [vo.logVo.LogVo.<init>] [INFO] 日志实例已初始化...
[2020-04-12 20:35:48:888] [vo.logVo.LogVo.<init>] [INFO] 日志实例已初始化...
[2020-04-12 20:35:48:889] [vo.logVo.LogVo.<init>] [INFO] 日志实例已初始化...
[2020-04-12 20:35:48:889] [vo.logVo.LogVo.<init>] [INFO] 日志实例已初始化...
[2020-04-12 20:35:48:896] [vo.logVo.LogVo.<init>] [INFO] 日志实例已初始化...
[2020-04-12 20:35:48:900] [vo.logVo.LogVo.<init>] [INFO] 日志实例已初始化...
[2020-04-12 20:35:48:992] [aop.AnnotationCommenAop.writeLog] [INFO] 保存操作日志成功.
[2020-04-12 20:35:50:706] [aop.AnnotationCommenAop.writeLog] [INFO] 开始保存操作日志...
[2020-04-12 20:35:50:725] [aop.AnnotationCommenAop.writeLog] [INFO] 保存操作日志成功.
[2020-04-12 20:35:50:726] [aop.AnnotationCommenAop.writeLog] [INFO] 开始保存操作日志...
[2020-04-12 20:35:50:730] [vo.logVo.LogVo.<init>] [INFO] 日志实例已初始化...
[2020-04-12 20:35:50:731] [vo.logVo.LogVo.<init>] [INFO] 日志实例已初始化...
[2020-04-12 20:35:50:731] [vo.logVo.LogVo.<init>] [INFO] 日志实例已初始化...
[2020-04-12 20:35:50:732] [vo.logVo.LogVo.<init>] [INFO] 日志实例已初始化...
[2020-04-12 20:35:50:732] [vo.logVo.LogVo.<init>] [INFO] 日志实例已初始化...
[2020-04-12 20:35:50:732] [vo.logVo.LogVo.<init>] [INFO] 日志实例已初始化...
[2020-04-12 20:35:50:732] [vo.logVo.LogVo.<init>] [INFO] 日志实例已初始化...
[2020-04-12 20:35:50:733] [vo.logVo.LogVo.<init>] [INFO] 日志实例已初始化...
[2020-04-12 20:35:50:733] [vo.logVo.LogVo.<init>] [INFO] 日志实例已初始化...
[2020-04-12 20:35:50:733] [vo.logVo.LogVo.<init>] [INFO] 日志实例已初始化...
[2020-04-12 20:35:50:733] [vo.logVo.LogVo.<init>] [INFO] 日志实例已初始化...
[2020-04-12 20:35:50:734] [vo.logVo.LogVo.<init>] [INFO] 日志实例已初始化...
[2020-04-12 20:35:50:734] [vo.logVo.LogVo.<init>] [INFO] 日志实例已初始化...
[2020-04-12 20:35:50:734] [vo.logVo.LogVo.<init>] [INFO] 日志实例已初始化...
[2020-04-12 20:35:50:734] [vo.logVo.LogVo.<init>] [INFO] 日志实例已初始化...
[2020-04-12 20:35:50:735] [vo.logVo.LogVo.<init>] [INFO] 日志实例已初始化...
[2020-04-12 20:35:50:735] [vo.logVo.LogVo.<init>] [INFO] 日志实例已初始化...
[2020-04-12 20:35:50:735] [vo.logVo.LogVo.<init>] [INFO] 日志实例已初始化...
[2020-04-12 20:35:50:736] [vo.logVo.LogVo.<init>] [INFO] 日志实例已初始化...
[2020-04-12 20:35:50:736] [vo.logVo.LogVo.<init>] [INFO] 日志实例已初始化...
[2020-04-12 20:35:50:736] [vo.logVo.LogVo.<init>] [INFO] 日志实例已初始化...
[2020-04-12 20:35:50:736] [vo.logVo.LogVo.<init>] [INFO] 日志实例已初始化...
[2020-04-12 20:35:50:736] [vo.logVo.LogVo.<init>] [INFO] 日志实例已初始化...
[2020-04-12 20:35:50:737] [vo.logVo.LogVo.<init>] [INFO] 日志实例已初始化...
[2020-04-12 20:35:50:737] [vo.logVo.LogVo.<init>] [INFO] 日志实例已初始化...
[2020-04-12 20:35:50:737] [vo.logVo.LogVo.<init>] [INFO] 日志实例已初始化...
[2020-04-12 20:35:50:737] [vo.logVo.LogVo.<init>] [INFO] 日志实例已初始化...
[2020-04-12 20:35:50:738] [vo.logVo.LogVo.<init>] [INFO] 日志实例已初始化...
[2020-04-12 20:35:50:738] [vo.logVo.LogVo.<init>] [INFO] 日志实例已初始化...
[2020-04-12 20:35:50:738] [vo.logVo.LogVo.<init>] [INFO] 日志实例已初始化...
[2020-04-12 20:35:50:739] [vo.logVo.LogVo.<init>] [INFO] 日志实例已初始化...
[2020-04-12 20:35:50:739] [vo.logVo.LogVo.<init>] [INFO] 日志实例已初始化...
[2020-04-12 20:35:50:739] [vo.logVo.LogVo.<init>] [INFO] 日志实例已初始化...
[2020-04-12 20:35:50:739] [vo.logVo.LogVo.<init>] [INFO] 日志实例已初始化...
[2020-04-12 20:35:50:740] [vo.logVo.LogVo.<init>] [INFO] 日志实例已初始化...
[2020-04-12 20:35:50:740] [vo.logVo.LogVo.<init>] [INFO] 日志实例已初始化...
[2020-04-12 20:35:50:740] [vo.logVo.LogVo.<init>] [INFO] 日志实例已初始化...
[2020-04-12 20:35:50:740] [vo.logVo.LogVo.<init>] [INFO] 日志实例已初始化...
[2020-04-12 20:35:50:741] [vo.logVo.LogVo.<init>] [INFO] 日志实例已初始化...
[2020-04-12 20:35:50:741] [vo.logVo.LogVo.<init>] [INFO] 日志实例已初始化...
[2020-04-12 20:35:50:741] [vo.logVo.LogVo.<init>] [INFO] 日志实例已初始化...
[2020-04-12 20:35:50:741] [vo.logVo.LogVo.<init>] [INFO] 日志实例已初始化...
[2020-04-12 20:35:50:742] [vo.logVo.LogVo.<init>] [INFO] 日志实例已初始化...
[2020-04-12 20:35:50:742] [vo.logVo.LogVo.<init>] [INFO] 日志实例已初始化...
[2020-04-12 20:35:50:742] [vo.logVo.LogVo.<init>] [INFO] 日志实例已初始化...
[2020-04-12 20:35:50:742] [vo.logVo.LogVo.<init>] [INFO] 日志实例已初始化...
[2020-04-12 20:35:50:743] [vo.logVo.LogVo.<init>] [INFO] 日志实例已初始化...
[2020-04-12 20:35:50:743] [vo.logVo.LogVo.<init>] [INFO] 日志实例已初始化...
[2020-04-12 20:35:50:743] [vo.logVo.LogVo.<init>] [INFO] 日志实例已初始化...
[2020-04-12 20:35:50:743] [vo.logVo.LogVo.<init>] [INFO] 日志实例已初始化...
[2020-04-12 20:35:50:744] [vo.logVo.LogVo.<init>] [INFO] 日志实例已初始化...
[2020-04-12 20:35:50:744] [vo.logVo.LogVo.<init>] [INFO] 日志实例已初始化...
[2020-04-12 20:35:50:744] [vo.logVo.LogVo.<init>] [INFO] 日志实例已初始化...
[2020-04-12 20:35:50:745] [vo.logVo.LogVo.<init>] [INFO] 日志实例已初始化...
[2020-04-12 20:35:50:745] [vo.logVo.LogVo.<init>] [INFO] 日志实例已初始化...
[2020-04-12 20:35:50:745] [vo.logVo.LogVo.<init>] [INFO] 日志实例已初始化...
[2020-04-12 20:35:50:745] [vo.logVo.LogVo.<init>] [INFO] 日志实例已初始化...
[2020-04-12 20:35:50:746] [vo.logVo.LogVo.<init>] [INFO] 日志实例已初始化...
[2020-04-12 20:35:50:746] [vo.logVo.LogVo.<init>] [INFO] 日志实例已初始化...
[2020-04-12 20:35:50:746] [vo.logVo.LogVo.<init>] [INFO] 日志实例已初始化...
[2020-04-12 20:35:50:746] [vo.logVo.LogVo.<init>] [INFO] 日志实例已初始化...
[2020-04-12 20:35:50:746] [vo.logVo.LogVo.<init>] [INFO] 日志实例已初始化...
[2020-04-12 20:35:50:747] [vo.logVo.LogVo.<init>] [INFO] 日志实例已初始化...
[2020-04-12 20:35:50:747] [vo.logVo.LogVo.<init>] [INFO] 日志实例已初始化...
[2020-04-12 20:35:50:747] [vo.logVo.LogVo.<init>] [INFO] 日志实例已初始化...
[2020-04-12 20:35:50:747] [vo.logVo.LogVo.<init>] [INFO] 日志实例已初始化...
[2020-04-12 20:35:50:748] [vo.logVo.LogVo.<init>] [INFO] 日志实例已初始化...
[2020-04-12 20:35:50:748] [vo.logVo.LogVo.<init>] [INFO] 日志实例已初始化...
[2020-04-12 20:35:50:748] [vo.logVo.LogVo.<init>] [INFO] 日志实例已初始化...
[2020-04-12 20:35:50:749] [vo.logVo.LogVo.<init>] [INFO] 日志实例已初始化...
[2020-04-12 20:35:50:749] [vo.logVo.LogVo.<init>] [INFO] 日志实例已初始化...
[2020-04-12 20:35:50:749] [vo.logVo.LogVo.<init>] [INFO] 日志实例已初始化...
[2020-04-12 20:35:50:750] [vo.logVo.LogVo.<init>] [INFO] 日志实例已初始化...
[2020-04-12 20:35:50:750] [vo.logVo.LogVo.<init>] [INFO] 日志实例已初始化...
[2020-04-12 20:35:50:750] [vo.logVo.LogVo.<init>] [INFO] 日志实例已初始化...
[2020-04-12 20:35:50:750] [vo.logVo.LogVo.<init>] [INFO] 日志实例已初始化...
[2020-04-12 20:35:50:751] [vo.logVo.LogVo.<init>] [INFO] 日志实例已初始化...
[2020-04-12 20:35:50:751] [vo.logVo.LogVo.<init>] [INFO] 日志实例已初始化...
[2020-04-12 20:35:50:751] [vo.logVo.LogVo.<init>] [INFO] 日志实例已初始化...
[2020-04-12 20:35:50:751] [vo.logVo.LogVo.<init>] [INFO] 日志实例已初始化...
[2020-04-12 20:35:50:752] [vo.logVo.LogVo.<init>] [INFO] 日志实例已初始化...
[2020-04-12 20:35:50:752] [vo.logVo.LogVo.<init>] [INFO] 日志实例已初始化...
[2020-04-12 20:35:50:752] [vo.logVo.LogVo.<init>] [INFO] 日志实例已初始化...
[2020-04-12 20:35:50:752] [vo.logVo.LogVo.<init>] [INFO] 日志实例已初始化...
[2020-04-12 20:35:50:753] [vo.logVo.LogVo.<init>] [INFO] 日志实例已初始化...
[2020-04-12 20:35:50:753] [vo.logVo.LogVo.<init>] [INFO] 日志实例已初始化...
[2020-04-12 20:35:50:753] [vo.logVo.LogVo.<init>] [INFO] 日志实例已初始化...
[2020-04-12 20:35:50:753] [vo.logVo.LogVo.<init>] [INFO] 日志实例已初始化...
[2020-04-12 20:35:50:754] [vo.logVo.LogVo.<init>] [INFO] 日志实例已初始化...
[2020-04-12 20:35:50:754] [vo.logVo.LogVo.<init>] [INFO] 日志实例已初始化...
[2020-04-12 20:35:50:754] [vo.logVo.LogVo.<init>] [INFO] 日志实例已初始化...
[2020-04-12 20:35:50:755] [vo.logVo.LogVo.<init>] [INFO] 日志实例已初始化...
[2020-04-12 20:35:50:755] [vo.logVo.LogVo.<init>] [INFO] 日志实例已初始化...
[2020-04-12 20:35:50:755] [vo.logVo.LogVo.<init>] [INFO] 日志实例已初始化...
[2020-04-12 20:35:50:755] [vo.logVo.LogVo.<init>] [INFO] 日志实例已初始化...
[2020-04-12 20:35:50:756] [vo.logVo.LogVo.<init>] [INFO] 日志实例已初始化...
[2020-04-12 20:35:50:756] [vo.logVo.LogVo.<init>] [INFO] 日志实例已初始化...
[2020-04-12 20:35:50:756] [vo.logVo.LogVo.<init>] [INFO] 日志实例已初始化...
[2020-04-12 20:35:50:756] [vo.logVo.LogVo.<init>] [INFO] 日志实例已初始化...
[2020-04-12 20:35:50:757] [vo.logVo.LogVo.<init>] [INFO] 日志实例已初始化...
[2020-04-12 20:35:50:757] [vo.logVo.LogVo.<init>] [INFO] 日志实例已初始化...
[2020-04-12 20:35:50:757] [vo.logVo.LogVo.<init>] [INFO] 日志实例已初始化...
[2020-04-12 20:35:50:758] [vo.logVo.LogVo.<init>] [INFO] 日志实例已初始化...
[2020-04-12 20:35:50:758] [vo.logVo.LogVo.<init>] [INFO] 日志实例已初始化...
[2020-04-12 20:35:50:758] [vo.logVo.LogVo.<init>] [INFO] 日志实例已初始化...
[2020-04-12 20:35:50:758] [vo.logVo.LogVo.<init>] [INFO] 日志实例已初始化...
[2020-04-12 20:35:50:759] [vo.logVo.LogVo.<init>] [INFO] 日志实例已初始化...
[2020-04-12 20:35:50:759] [vo.logVo.LogVo.<init>] [INFO] 日志实例已初始化...
[2020-04-12 20:35:50:759] [vo.logVo.LogVo.<init>] [INFO] 日志实例已初始化...
[2020-04-12 20:35:50:760] [vo.logVo.LogVo.<init>] [INFO] 日志实例已初始化...
[2020-04-12 20:35:50:760] [vo.logVo.LogVo.<init>] [INFO] 日志实例已初始化...
[2020-04-12 20:35:50:762] [vo.logVo.LogVo.<init>] [INFO] 日志实例已初始化...
[2020-04-12 20:35:50:764] [vo.logVo.LogVo.<init>] [INFO] 日志实例已初始化...
[2020-04-12 20:35:50:764] [vo.logVo.LogVo.<init>] [INFO] 日志实例已初始化...
[2020-04-12 20:35:50:765] [vo.logVo.LogVo.<init>] [INFO] 日志实例已初始化...
[2020-04-12 20:35:50:765] [vo.logVo.LogVo.<init>] [INFO] 日志实例已初始化...
[2020-04-12 20:35:50:765] [vo.logVo.LogVo.<init>] [INFO] 日志实例已初始化...
[2020-04-12 20:35:50:766] [vo.logVo.LogVo.<init>] [INFO] 日志实例已初始化...
[2020-04-12 20:35:50:766] [vo.logVo.LogVo.<init>] [INFO] 日志实例已初始化...
[2020-04-12 20:35:50:767] [vo.logVo.LogVo.<init>] [INFO] 日志实例已初始化...
[2020-04-12 20:35:50:767] [vo.logVo.LogVo.<init>] [INFO] 日志实例已初始化...
[2020-04-12 20:35:50:768] [vo.logVo.LogVo.<init>] [INFO] 日志实例已初始化...
[2020-04-12 20:35:50:768] [vo.logVo.LogVo.<init>] [INFO] 日志实例已初始化...
[2020-04-12 20:35:50:769] [vo.logVo.LogVo.<init>] [INFO] 日志实例已初始化...
[2020-04-12 20:35:50:769] [vo.logVo.LogVo.<init>] [INFO] 日志实例已初始化...
[2020-04-12 20:35:50:770] [vo.logVo.LogVo.<init>] [INFO] 日志实例已初始化...
[2020-04-12 20:35:50:770] [vo.logVo.LogVo.<init>] [INFO] 日志实例已初始化...
[2020-04-12 20:35:50:770] [vo.logVo.LogVo.<init>] [INFO] 日志实例已初始化...
[2020-04-12 20:35:50:770] [vo.logVo.LogVo.<init>] [INFO] 日志实例已初始化...
[2020-04-12 20:35:50:771] [vo.logVo.LogVo.<init>] [INFO] 日志实例已初始化...
[2020-04-12 20:35:50:771] [vo.logVo.LogVo.<init>] [INFO] 日志实例已初始化...
[2020-04-12 20:35:50:771] [vo.logVo.LogVo.<init>] [INFO] 日志实例已初始化...
[2020-04-12 20:35:50:772] [vo.logVo.LogVo.<init>] [INFO] 日志实例已初始化...
[2020-04-12 20:35:50:772] [vo.logVo.LogVo.<init>] [INFO] 日志实例已初始化...
[2020-04-12 20:35:50:772] [vo.logVo.LogVo.<init>] [INFO] 日志实例已初始化...
[2020-04-12 20:35:50:772] [vo.logVo.LogVo.<init>] [INFO] 日志实例已初始化...
[2020-04-12 20:35:50:773] [vo.logVo.LogVo.<init>] [INFO] 日志实例已初始化...
[2020-04-12 20:35:50:773] [vo.logVo.LogVo.<init>] [INFO] 日志实例已初始化...
[2020-04-12 20:35:50:773] [vo.logVo.LogVo.<init>] [INFO] 日志实例已初始化...
[2020-04-12 20:35:50:773] [vo.logVo.LogVo.<init>] [INFO] 日志实例已初始化...
[2020-04-12 20:35:50:774] [vo.logVo.LogVo.<init>] [INFO] 日志实例已初始化...
[2020-04-12 20:35:50:774] [vo.logVo.LogVo.<init>] [INFO] 日志实例已初始化...
[2020-04-12 20:35:50:774] [vo.logVo.LogVo.<init>] [INFO] 日志实例已初始化...
[2020-04-12 20:35:50:774] [vo.logVo.LogVo.<init>] [INFO] 日志实例已初始化...
[2020-04-12 20:35:50:775] [vo.logVo.LogVo.<init>] [INFO] 日志实例已初始化...
[2020-04-12 20:35:50:775] [vo.logVo.LogVo.<init>] [INFO] 日志实例已初始化...
[2020-04-12 20:35:50:775] [vo.logVo.LogVo.<init>] [INFO] 日志实例已初始化...
[2020-04-12 20:35:50:775] [vo.logVo.LogVo.<init>] [INFO] 日志实例已初始化...
[2020-04-12 20:35:50:776] [vo.logVo.LogVo.<init>] [INFO] 日志实例已初始化...
[2020-04-12 20:35:50:776] [vo.logVo.LogVo.<init>] [INFO] 日志实例已初始化...
[2020-04-12 20:35:50:776] [vo.logVo.LogVo.<init>] [INFO] 日志实例已初始化...
[2020-04-12 20:35:50:776] [vo.logVo.LogVo.<init>] [INFO] 日志实例已初始化...
[2020-04-12 20:35:50:777] [vo.logVo.LogVo.<init>] [INFO] 日志实例已初始化...
[2020-04-12 20:35:50:777] [vo.logVo.LogVo.<init>] [INFO] 日志实例已初始化...
[2020-04-12 20:35:50:777] [vo.logVo.LogVo.<init>] [INFO] 日志实例已初始化...
[2020-04-12 20:35:50:777] [vo.logVo.LogVo.<init>] [INFO] 日志实例已初始化...
[2020-04-12 20:35:50:778] [vo.logVo.LogVo.<init>] [INFO] 日志实例已初始化...
[2020-04-12 20:35:50:778] [vo.logVo.LogVo.<init>] [INFO] 日志实例已初始化...
[2020-04-12 20:35:50:778] [vo.logVo.LogVo.<init>] [INFO] 日志实例已初始化...
[2020-04-12 20:35:50:778] [vo.logVo.LogVo.<init>] [INFO] 日志实例已初始化...
[2020-04-12 20:35:50:778] [vo.logVo.LogVo.<init>] [INFO] 日志实例已初始化...
[2020-04-12 20:35:50:779] [vo.logVo.LogVo.<init>] [INFO] 日志实例已初始化...
[2020-04-12 20:35:50:779] [vo.logVo.LogVo.<init>] [INFO] 日志实例已初始化...
[2020-04-12 20:35:50:779] [vo.logVo.LogVo.<init>] [INFO] 日志实例已初始化...
[2020-04-12 20:35:50:779] [vo.logVo.LogVo.<init>] [INFO] 日志实例已初始化...
[2020-04-12 20:35:50:780] [vo.logVo.LogVo.<init>] [INFO] 日志实例已初始化...
[2020-04-12 20:35:50:780] [vo.logVo.LogVo.<init>] [INFO] 日志实例已初始化...
[2020-04-12 20:35:50:780] [vo.logVo.LogVo.<init>] [INFO] 日志实例已初始化...
[2020-04-12 20:35:50:780] [vo.logVo.LogVo.<init>] [INFO] 日志实例已初始化...
[2020-04-12 20:35:50:781] [vo.logVo.LogVo.<init>] [INFO] 日志实例已初始化...
[2020-04-12 20:35:50:781] [vo.logVo.LogVo.<init>] [INFO] 日志实例已初始化...
[2020-04-12 20:35:50:781] [vo.logVo.LogVo.<init>] [INFO] 日志实例已初始化...
[2020-04-12 20:35:50:782] [vo.logVo.LogVo.<init>] [INFO] 日志实例已初始化...
[2020-04-12 20:35:50:782] [vo.logVo.LogVo.<init>] [INFO] 日志实例已初始化...
[2020-04-12 20:35:50:782] [vo.logVo.LogVo.<init>] [INFO] 日志实例已初始化...
[2020-04-12 20:35:50:782] [vo.logVo.LogVo.<init>] [INFO] 日志实例已初始化...
[2020-04-12 20:35:50:783] [vo.logVo.LogVo.<init>] [INFO] 日志实例已初始化...
[2020-04-12 20:35:50:783] [vo.logVo.LogVo.<init>] [INFO] 日志实例已初始化...
[2020-04-12 20:35:50:783] [vo.logVo.LogVo.<init>] [INFO] 日志实例已初始化...
[2020-04-12 20:35:50:784] [vo.logVo.LogVo.<init>] [INFO] 日志实例已初始化...
[2020-04-12 20:35:50:784] [vo.logVo.LogVo.<init>] [INFO] 日志实例已初始化...
[2020-04-12 20:35:50:784] [vo.logVo.LogVo.<init>] [INFO] 日志实例已初始化...
[2020-04-12 20:35:50:784] [vo.logVo.LogVo.<init>] [INFO] 日志实例已初始化...
[2020-04-12 20:35:50:785] [vo.logVo.LogVo.<init>] [INFO] 日志实例已初始化...
[2020-04-12 20:35:50:785] [vo.logVo.LogVo.<init>] [INFO] 日志实例已初始化...
[2020-04-12 20:35:50:785] [vo.logVo.LogVo.<init>] [INFO] 日志实例已初始化...
[2020-04-12 20:35:50:786] [vo.logVo.LogVo.<init>] [INFO] 日志实例已初始化...
[2020-04-12 20:35:50:786] [vo.logVo.LogVo.<init>] [INFO] 日志实例已初始化...
[2020-04-12 20:35:50:786] [vo.logVo.LogVo.<init>] [INFO] 日志实例已初始化...
[2020-04-12 20:35:50:787] [vo.logVo.LogVo.<init>] [INFO] 日志实例已初始化...
[2020-04-12 20:35:50:787] [vo.logVo.LogVo.<init>] [INFO] 日志实例已初始化...
[2020-04-12 20:35:50:787] [vo.logVo.LogVo.<init>] [INFO] 日志实例已初始化...
[2020-04-12 20:35:50:787] [vo.logVo.LogVo.<init>] [INFO] 日志实例已初始化...
[2020-04-12 20:35:50:788] [vo.logVo.LogVo.<init>] [INFO] 日志实例已初始化...
[2020-04-12 20:35:50:788] [vo.logVo.LogVo.<init>] [INFO] 日志实例已初始化...
[2020-04-12 20:35:50:788] [vo.logVo.LogVo.<init>] [INFO] 日志实例已初始化...
[2020-04-12 20:35:50:788] [vo.logVo.LogVo.<init>] [INFO] 日志实例已初始化...
[2020-04-12 20:35:50:789] [vo.logVo.LogVo.<init>] [INFO] 日志实例已初始化...
[2020-04-12 20:35:50:789] [vo.logVo.LogVo.<init>] [INFO] 日志实例已初始化...
[2020-04-12 20:35:50:789] [vo.logVo.LogVo.<init>] [INFO] 日志实例已初始化...
[2020-04-12 20:35:50:789] [vo.logVo.LogVo.<init>] [INFO] 日志实例已初始化...
[2020-04-12 20:35:50:790] [vo.logVo.LogVo.<init>] [INFO] 日志实例已初始化...
[2020-04-12 20:35:50:790] [vo.logVo.LogVo.<init>] [INFO] 日志实例已初始化...
[2020-04-12 20:35:50:790] [vo.logVo.LogVo.<init>] [INFO] 日志实例已初始化...
[2020-04-12 20:35:50:790] [vo.logVo.LogVo.<init>] [INFO] 日志实例已初始化...
[2020-04-12 20:35:50:791] [vo.logVo.LogVo.<init>] [INFO] 日志实例已初始化...
[2020-04-12 20:35:50:791] [vo.logVo.LogVo.<init>] [INFO] 日志实例已初始化...
[2020-04-12 20:35:50:791] [vo.logVo.LogVo.<init>] [INFO] 日志实例已初始化...
[2020-04-12 20:35:50:792] [vo.logVo.LogVo.<init>] [INFO] 日志实例已初始化...
[2020-04-12 20:35:50:792] [vo.logVo.LogVo.<init>] [INFO] 日志实例已初始化...
[2020-04-12 20:35:50:792] [vo.logVo.LogVo.<init>] [INFO] 日志实例已初始化...
[2020-04-12 20:35:50:793] [vo.logVo.LogVo.<init>] [INFO] 日志实例已初始化...
[2020-04-12 20:35:50:793] [vo.logVo.LogVo.<init>] [INFO] 日志实例已初始化...
[2020-04-12 20:35:50:793] [vo.logVo.LogVo.<init>] [INFO] 日志实例已初始化...
[2020-04-12 20:35:50:793] [vo.logVo.LogVo.<init>] [INFO] 日志实例已初始化...
[2020-04-12 20:35:50:794] [vo.logVo.LogVo.<init>] [INFO] 日志实例已初始化...
[2020-04-12 20:35:50:794] [vo.logVo.LogVo.<init>] [INFO] 日志实例已初始化...
[2020-04-12 20:35:50:794] [vo.logVo.LogVo.<init>] [INFO] 日志实例已初始化...
[2020-04-12 20:35:50:794] [vo.logVo.LogVo.<init>] [INFO] 日志实例已初始化...
[2020-04-12 20:35:50:795] [vo.logVo.LogVo.<init>] [INFO] 日志实例已初始化...
[2020-04-12 20:35:50:795] [vo.logVo.LogVo.<init>] [INFO] 日志实例已初始化...
[2020-04-12 20:35:50:795] [vo.logVo.LogVo.<init>] [INFO] 日志实例已初始化...
[2020-04-12 20:35:50:795] [vo.logVo.LogVo.<init>] [INFO] 日志实例已初始化...
[2020-04-12 20:35:50:796] [vo.logVo.LogVo.<init>] [INFO] 日志实例已初始化...
[2020-04-12 20:35:50:796] [vo.logVo.LogVo.<init>] [INFO] 日志实例已初始化...
[2020-04-12 20:35:50:796] [vo.logVo.LogVo.<init>] [INFO] 日志实例已初始化...
[2020-04-12 20:35:50:796] [vo.logVo.LogVo.<init>] [INFO] 日志实例已初始化...
[2020-04-12 20:35:50:797] [vo.logVo.LogVo.<init>] [INFO] 日志实例已初始化...
[2020-04-12 20:35:50:797] [vo.logVo.LogVo.<init>] [INFO] 日志实例已初始化...
[2020-04-12 20:35:50:797] [vo.logVo.LogVo.<init>] [INFO] 日志实例已初始化...
[2020-04-12 20:35:50:797] [vo.logVo.LogVo.<init>] [INFO] 日志实例已初始化...
[2020-04-12 20:35:50:798] [vo.logVo.LogVo.<init>] [INFO] 日志实例已初始化...
[2020-04-12 20:35:50:798] [vo.logVo.LogVo.<init>] [INFO] 日志实例已初始化...
[2020-04-12 20:35:50:798] [vo.logVo.LogVo.<init>] [INFO] 日志实例已初始化...
[2020-04-12 20:35:50:798] [vo.logVo.LogVo.<init>] [INFO] 日志实例已初始化...
[2020-04-12 20:35:50:799] [vo.logVo.LogVo.<init>] [INFO] 日志实例已初始化...
[2020-04-12 20:35:50:799] [vo.logVo.LogVo.<init>] [INFO] 日志实例已初始化...
[2020-04-12 20:35:50:799] [vo.logVo.LogVo.<init>] [INFO] 日志实例已初始化...
[2020-04-12 20:35:50:799] [vo.logVo.LogVo.<init>] [INFO] 日志实例已初始化...
[2020-04-12 20:35:50:800] [vo.logVo.LogVo.<init>] [INFO] 日志实例已初始化...
[2020-04-12 20:35:50:800] [vo.logVo.LogVo.<init>] [INFO] 日志实例已初始化...
[2020-04-12 20:35:50:800] [vo.logVo.LogVo.<init>] [INFO] 日志实例已初始化...
[2020-04-12 20:35:50:801] [vo.logVo.LogVo.<init>] [INFO] 日志实例已初始化...
[2020-04-12 20:35:50:801] [vo.logVo.LogVo.<init>] [INFO] 日志实例已初始化...
[2020-04-12 20:35:50:801] [vo.logVo.LogVo.<init>] [INFO] 日志实例已初始化...
[2020-04-12 20:35:50:801] [vo.logVo.LogVo.<init>] [INFO] 日志实例已初始化...
[2020-04-12 20:35:50:802] [vo.logVo.LogVo.<init>] [INFO] 日志实例已初始化...
[2020-04-12 20:35:50:802] [vo.logVo.LogVo.<init>] [INFO] 日志实例已初始化...
[2020-04-12 20:35:50:802] [vo.logVo.LogVo.<init>] [INFO] 日志实例已初始化...
[2020-04-12 20:35:50:802] [vo.logVo.LogVo.<init>] [INFO] 日志实例已初始化...
[2020-04-12 20:35:50:803] [vo.logVo.LogVo.<init>] [INFO] 日志实例已初始化...
[2020-04-12 20:35:50:803] [vo.logVo.LogVo.<init>] [INFO] 日志实例已初始化...
[2020-04-12 20:35:50:803] [vo.logVo.LogVo.<init>] [INFO] 日志实例已初始化...
[2020-04-12 20:35:50:803] [vo.logVo.LogVo.<init>] [INFO] 日志实例已初始化...
[2020-04-12 20:35:50:804] [vo.logVo.LogVo.<init>] [INFO] 日志实例已初始化...
[2020-04-12 20:35:50:804] [vo.logVo.LogVo.<init>] [INFO] 日志实例已初始化...
[2020-04-12 20:35:50:804] [vo.logVo.LogVo.<init>] [INFO] 日志实例已初始化...
[2020-04-12 20:35:50:804] [vo.logVo.LogVo.<init>] [INFO] 日志实例已初始化...
[2020-04-12 20:35:50:805] [vo.logVo.LogVo.<init>] [INFO] 日志实例已初始化...
[2020-04-12 20:35:50:805] [vo.logVo.LogVo.<init>] [INFO] 日志实例已初始化...
[2020-04-12 20:35:50:805] [vo.logVo.LogVo.<init>] [INFO] 日志实例已初始化...
[2020-04-12 20:35:50:806] [vo.logVo.LogVo.<init>] [INFO] 日志实例已初始化...
[2020-04-12 20:35:50:806] [vo.logVo.LogVo.<init>] [INFO] 日志实例已初始化...
[2020-04-12 20:35:50:806] [vo.logVo.LogVo.<init>] [INFO] 日志实例已初始化...
[2020-04-12 20:35:50:806] [vo.logVo.LogVo.<init>] [INFO] 日志实例已初始化...
[2020-04-12 20:35:50:807] [vo.logVo.LogVo.<init>] [INFO] 日志实例已初始化...
[2020-04-12 20:35:50:807] [vo.logVo.LogVo.<init>] [INFO] 日志实例已初始化...
[2020-04-12 20:35:50:807] [vo.logVo.LogVo.<init>] [INFO] 日志实例已初始化...
[2020-04-12 20:35:50:808] [vo.logVo.LogVo.<init>] [INFO] 日志实例已初始化...
[2020-04-12 20:35:50:808] [vo.logVo.LogVo.<init>] [INFO] 日志实例已初始化...
[2020-04-12 20:35:50:808] [vo.logVo.LogVo.<init>] [INFO] 日志实例已初始化...
[2020-04-12 20:35:50:808] [vo.logVo.LogVo.<init>] [INFO] 日志实例已初始化...
[2020-04-12 20:35:50:809] [vo.logVo.LogVo.<init>] [INFO] 日志实例已初始化...
[2020-04-12 20:35:50:809] [vo.logVo.LogVo.<init>] [INFO] 日志实例已初始化...
[2020-04-12 20:35:50:809] [vo.logVo.LogVo.<init>] [INFO] 日志实例已初始化...
[2020-04-12 20:35:50:809] [vo.logVo.LogVo.<init>] [INFO] 日志实例已初始化...
[2020-04-12 20:35:50:810] [vo.logVo.LogVo.<init>] [INFO] 日志实例已初始化...
[2020-04-12 20:35:50:810] [vo.logVo.LogVo.<init>] [INFO] 日志实例已初始化...
[2020-04-12 20:35:50:810] [vo.logVo.LogVo.<init>] [INFO] 日志实例已初始化...
[2020-04-12 20:35:50:810] [vo.logVo.LogVo.<init>] [INFO] 日志实例已初始化...
[2020-04-12 20:35:50:811] [vo.logVo.LogVo.<init>] [INFO] 日志实例已初始化...
[2020-04-12 20:35:50:811] [vo.logVo.LogVo.<init>] [INFO] 日志实例已初始化...
[2020-04-12 20:35:50:811] [vo.logVo.LogVo.<init>] [INFO] 日志实例已初始化...
[2020-04-12 20:35:50:812] [vo.logVo.LogVo.<init>] [INFO] 日志实例已初始化...
[2020-04-12 20:35:50:812] [vo.logVo.LogVo.<init>] [INFO] 日志实例已初始化...
[2020-04-12 20:35:50:812] [vo.logVo.LogVo.<init>] [INFO] 日志实例已初始化...
[2020-04-12 20:35:50:812] [vo.logVo.LogVo.<init>] [INFO] 日志实例已初始化...
[2020-04-12 20:35:50:813] [vo.logVo.LogVo.<init>] [INFO] 日志实例已初始化...
[2020-04-12 20:35:50:813] [vo.logVo.LogVo.<init>] [INFO] 日志实例已初始化...
[2020-04-12 20:35:50:813] [vo.logVo.LogVo.<init>] [INFO] 日志实例已初始化...
[2020-04-12 20:35:50:814] [vo.logVo.LogVo.<init>] [INFO] 日志实例已初始化...
[2020-04-12 20:35:50:814] [vo.logVo.LogVo.<init>] [INFO] 日志实例已初始化...
[2020-04-12 20:35:50:814] [vo.logVo.LogVo.<init>] [INFO] 日志实例已初始化...
[2020-04-12 20:35:50:814] [vo.logVo.LogVo.<init>] [INFO] 日志实例已初始化...
[2020-04-12 20:35:50:815] [vo.logVo.LogVo.<init>] [INFO] 日志实例已初始化...
[2020-04-12 20:35:50:815] [vo.logVo.LogVo.<init>] [INFO] 日志实例已初始化...
[2020-04-12 20:35:50:815] [vo.logVo.LogVo.<init>] [INFO] 日志实例已初始化...
[2020-04-12 20:35:50:816] [vo.logVo.LogVo.<init>] [INFO] 日志实例已初始化...
[2020-04-12 20:35:50:816] [vo.logVo.LogVo.<init>] [INFO] 日志实例已初始化...
[2020-04-12 20:35:50:816] [vo.logVo.LogVo.<init>] [INFO] 日志实例已初始化...
[2020-04-12 20:35:50:817] [vo.logVo.LogVo.<init>] [INFO] 日志实例已初始化...
[2020-04-12 20:35:50:817] [vo.logVo.LogVo.<init>] [INFO] 日志实例已初始化...
[2020-04-12 20:35:50:817] [vo.logVo.LogVo.<init>] [INFO] 日志实例已初始化...
[2020-04-12 20:35:50:818] [vo.logVo.LogVo.<init>] [INFO] 日志实例已初始化...
[2020-04-12 20:35:50:818] [vo.logVo.LogVo.<init>] [INFO] 日志实例已初始化...
[2020-04-12 20:35:50:818] [vo.logVo.LogVo.<init>] [INFO] 日志实例已初始化...
[2020-04-12 20:35:50:819] [vo.logVo.LogVo.<init>] [INFO] 日志实例已初始化...
[2020-04-12 20:35:50:819] [vo.logVo.LogVo.<init>] [INFO] 日志实例已初始化...
[2020-04-12 20:35:50:820] [vo.logVo.LogVo.<init>] [INFO] 日志实例已初始化...
[2020-04-12 20:35:50:820] [vo.logVo.LogVo.<init>] [INFO] 日志实例已初始化...
[2020-04-12 20:35:50:820] [vo.logVo.LogVo.<init>] [INFO] 日志实例已初始化...
[2020-04-12 20:35:50:820] [vo.logVo.LogVo.<init>] [INFO] 日志实例已初始化...
[2020-04-12 20:35:50:821] [vo.logVo.LogVo.<init>] [INFO] 日志实例已初始化...
[2020-04-12 20:35:50:821] [vo.logVo.LogVo.<init>] [INFO] 日志实例已初始化...
[2020-04-12 20:35:50:821] [vo.logVo.LogVo.<init>] [INFO] 日志实例已初始化...
[2020-04-12 20:35:50:822] [vo.logVo.LogVo.<init>] [INFO] 日志实例已初始化...
[2020-04-12 20:35:50:822] [vo.logVo.LogVo.<init>] [INFO] 日志实例已初始化...
[2020-04-12 20:35:50:822] [vo.logVo.LogVo.<init>] [INFO] 日志实例已初始化...
[2020-04-12 20:35:50:823] [vo.logVo.LogVo.<init>] [INFO] 日志实例已初始化...
[2020-04-12 20:35:50:823] [vo.logVo.LogVo.<init>] [INFO] 日志实例已初始化...
[2020-04-12 20:35:50:824] [vo.logVo.LogVo.<init>] [INFO] 日志实例已初始化...
[2020-04-12 20:35:50:824] [vo.logVo.LogVo.<init>] [INFO] 日志实例已初始化...
[2020-04-12 20:35:50:824] [vo.logVo.LogVo.<init>] [INFO] 日志实例已初始化...
[2020-04-12 20:35:50:825] [vo.logVo.LogVo.<init>] [INFO] 日志实例已初始化...
[2020-04-12 20:35:50:825] [vo.logVo.LogVo.<init>] [INFO] 日志实例已初始化...
[2020-04-12 20:35:50:826] [vo.logVo.LogVo.<init>] [INFO] 日志实例已初始化...
[2020-04-12 20:35:50:826] [vo.logVo.LogVo.<init>] [INFO] 日志实例已初始化...
[2020-04-12 20:35:50:827] [vo.logVo.LogVo.<init>] [INFO] 日志实例已初始化...
[2020-04-12 20:35:50:827] [vo.logVo.LogVo.<init>] [INFO] 日志实例已初始化...
[2020-04-12 20:35:50:828] [vo.logVo.LogVo.<init>] [INFO] 日志实例已初始化...
[2020-04-12 20:35:50:828] [vo.logVo.LogVo.<init>] [INFO] 日志实例已初始化...
[2020-04-12 20:35:50:828] [vo.logVo.LogVo.<init>] [INFO] 日志实例已初始化...
[2020-04-12 20:35:50:829] [vo.logVo.LogVo.<init>] [INFO] 日志实例已初始化...
[2020-04-12 20:35:50:829] [vo.logVo.LogVo.<init>] [INFO] 日志实例已初始化...
[2020-04-12 20:35:50:829] [vo.logVo.LogVo.<init>] [INFO] 日志实例已初始化...
[2020-04-12 20:35:50:830] [vo.logVo.LogVo.<init>] [INFO] 日志实例已初始化...
[2020-04-12 20:35:50:830] [vo.logVo.LogVo.<init>] [INFO] 日志实例已初始化...
[2020-04-12 20:35:50:830] [vo.logVo.LogVo.<init>] [INFO] 日志实例已初始化...
[2020-04-12 20:35:50:831] [vo.logVo.LogVo.<init>] [INFO] 日志实例已初始化...
[2020-04-12 20:35:50:831] [vo.logVo.LogVo.<init>] [INFO] 日志实例已初始化...
[2020-04-12 20:35:50:831] [vo.logVo.LogVo.<init>] [INFO] 日志实例已初始化...
[2020-04-12 20:35:50:832] [vo.logVo.LogVo.<init>] [INFO] 日志实例已初始化...
[2020-04-12 20:35:50:832] [vo.logVo.LogVo.<init>] [INFO] 日志实例已初始化...
[2020-04-12 20:35:50:832] [vo.logVo.LogVo.<init>] [INFO] 日志实例已初始化...
[2020-04-12 20:35:50:833] [vo.logVo.LogVo.<init>] [INFO] 日志实例已初始化...
[2020-04-12 20:35:50:833] [vo.logVo.LogVo.<init>] [INFO] 日志实例已初始化...
[2020-04-12 20:35:50:833] [vo.logVo.LogVo.<init>] [INFO] 日志实例已初始化...
[2020-04-12 20:35:50:833] [vo.logVo.LogVo.<init>] [INFO] 日志实例已初始化...
[2020-04-12 20:35:50:834] [vo.logVo.LogVo.<init>] [INFO] 日志实例已初始化...
[2020-04-12 20:35:50:834] [vo.logVo.LogVo.<init>] [INFO] 日志实例已初始化...
[2020-04-12 20:35:50:835] [vo.logVo.LogVo.<init>] [INFO] 日志实例已初始化...
[2020-04-12 20:35:50:836] [vo.logVo.LogVo.<init>] [INFO] 日志实例已初始化...
[2020-04-12 20:35:50:836] [vo.logVo.LogVo.<init>] [INFO] 日志实例已初始化...
[2020-04-12 20:35:50:837] [vo.logVo.LogVo.<init>] [INFO] 日志实例已初始化...
[2020-04-12 20:35:50:837] [vo.logVo.LogVo.<init>] [INFO] 日志实例已初始化...
[2020-04-12 20:35:50:838] [vo.logVo.LogVo.<init>] [INFO] 日志实例已初始化...
[2020-04-12 20:35:50:838] [vo.logVo.LogVo.<init>] [INFO] 日志实例已初始化...
[2020-04-12 20:35:50:839] [vo.logVo.LogVo.<init>] [INFO] 日志实例已初始化...
[2020-04-12 20:35:50:839] [vo.logVo.LogVo.<init>] [INFO] 日志实例已初始化...
[2020-04-12 20:35:50:840] [vo.logVo.LogVo.<init>] [INFO] 日志实例已初始化...
[2020-04-12 20:35:50:840] [vo.logVo.LogVo.<init>] [INFO] 日志实例已初始化...
[2020-04-12 20:35:50:841] [vo.logVo.LogVo.<init>] [INFO] 日志实例已初始化...
[2020-04-12 20:35:50:841] [vo.logVo.LogVo.<init>] [INFO] 日志实例已初始化...
[2020-04-12 20:35:50:841] [vo.logVo.LogVo.<init>] [INFO] 日志实例已初始化...
[2020-04-12 20:35:50:842] [vo.logVo.LogVo.<init>] [INFO] 日志实例已初始化...
[2020-04-12 20:35:50:842] [vo.logVo.LogVo.<init>] [INFO] 日志实例已初始化...
[2020-04-12 20:35:50:843] [vo.logVo.LogVo.<init>] [INFO] 日志实例已初始化...
[2020-04-12 20:35:50:843] [vo.logVo.LogVo.<init>] [INFO] 日志实例已初始化...
[2020-04-12 20:35:50:844] [vo.logVo.LogVo.<init>] [INFO] 日志实例已初始化...
[2020-04-12 20:35:50:844] [vo.logVo.LogVo.<init>] [INFO] 日志实例已初始化...
[2020-04-12 20:35:50:845] [vo.logVo.LogVo.<init>] [INFO] 日志实例已初始化...
[2020-04-12 20:35:50:846] [vo.logVo.LogVo.<init>] [INFO] 日志实例已初始化...
[2020-04-12 20:35:50:846] [vo.logVo.LogVo.<init>] [INFO] 日志实例已初始化...
[2020-04-12 20:35:50:847] [vo.logVo.LogVo.<init>] [INFO] 日志实例已初始化...
[2020-04-12 20:35:50:847] [vo.logVo.LogVo.<init>] [INFO] 日志实例已初始化...
[2020-04-12 20:35:50:848] [vo.logVo.LogVo.<init>] [INFO] 日志实例已初始化...
[2020-04-12 20:35:50:848] [vo.logVo.LogVo.<init>] [INFO] 日志实例已初始化...
[2020-04-12 20:35:50:849] [vo.logVo.LogVo.<init>] [INFO] 日志实例已初始化...
[2020-04-12 20:35:50:849] [vo.logVo.LogVo.<init>] [INFO] 日志实例已初始化...
[2020-04-12 20:35:50:850] [vo.logVo.LogVo.<init>] [INFO] 日志实例已初始化...
[2020-04-12 20:35:50:851] [vo.logVo.LogVo.<init>] [INFO] 日志实例已初始化...
[2020-04-12 20:35:50:852] [vo.logVo.LogVo.<init>] [INFO] 日志实例已初始化...
[2020-04-12 20:35:50:854] [vo.logVo.LogVo.<init>] [INFO] 日志实例已初始化...
[2020-04-12 20:35:50:855] [vo.logVo.LogVo.<init>] [INFO] 日志实例已初始化...
[2020-04-12 20:35:50:856] [vo.logVo.LogVo.<init>] [INFO] 日志实例已初始化...
[2020-04-12 20:35:50:857] [vo.logVo.LogVo.<init>] [INFO] 日志实例已初始化...
[2020-04-12 20:35:50:857] [vo.logVo.LogVo.<init>] [INFO] 日志实例已初始化...
[2020-04-12 20:35:50:858] [vo.logVo.LogVo.<init>] [INFO] 日志实例已初始化...
[2020-04-12 20:35:50:858] [vo.logVo.LogVo.<init>] [INFO] 日志实例已初始化...
[2020-04-12 20:35:50:859] [vo.logVo.LogVo.<init>] [INFO] 日志实例已初始化...
[2020-04-12 20:35:50:859] [vo.logVo.LogVo.<init>] [INFO] 日志实例已初始化...
[2020-04-12 20:35:50:865] [vo.logVo.LogVo.<init>] [INFO] 日志实例已初始化...
[2020-04-12 20:35:50:869] [vo.logVo.LogVo.<init>] [INFO] 日志实例已初始化...
[2020-04-12 20:35:50:944] [aop.AnnotationCommenAop.writeLog] [INFO] 保存操作日志成功.
[2020-04-12 20:35:54:635] [aop.AnnotationCommenAop.writeLog] [INFO] 开始保存操作日志...
[2020-04-12 20:35:54:649] [aop.AnnotationCommenAop.writeLog] [INFO] 保存操作日志成功.
[2020-04-12 20:35:54:652] [aop.AnnotationCommenAop.writeLog] [INFO] 开始保存操作日志...
[2020-04-12 20:35:54:663] [vo.logVo.LogVo.<init>] [INFO] 日志实例已初始化...
[2020-04-12 20:35:54:665] [vo.logVo.LogVo.<init>] [INFO] 日志实例已初始化...
[2020-04-12 20:35:54:666] [vo.logVo.LogVo.<init>] [INFO] 日志实例已初始化...
[2020-04-12 20:35:54:667] [vo.logVo.LogVo.<init>] [INFO] 日志实例已初始化...
[2020-04-12 20:35:54:669] [vo.logVo.LogVo.<init>] [INFO] 日志实例已初始化...
[2020-04-12 20:35:54:670] [vo.logVo.LogVo.<init>] [INFO] 日志实例已初始化...
[2020-04-12 20:35:54:672] [vo.logVo.LogVo.<init>] [INFO] 日志实例已初始化...
[2020-04-12 20:35:54:673] [vo.logVo.LogVo.<init>] [INFO] 日志实例已初始化...
[2020-04-12 20:35:54:674] [vo.logVo.LogVo.<init>] [INFO] 日志实例已初始化...
[2020-04-12 20:35:54:675] [vo.logVo.LogVo.<init>] [INFO] 日志实例已初始化...
[2020-04-12 20:35:54:676] [vo.logVo.LogVo.<init>] [INFO] 日志实例已初始化...
[2020-04-12 20:35:54:677] [vo.logVo.LogVo.<init>] [INFO] 日志实例已初始化...
[2020-04-12 20:35:54:678] [vo.logVo.LogVo.<init>] [INFO] 日志实例已初始化...
[2020-04-12 20:35:54:679] [vo.logVo.LogVo.<init>] [INFO] 日志实例已初始化...
[2020-04-12 20:35:54:680] [vo.logVo.LogVo.<init>] [INFO] 日志实例已初始化...
[2020-04-12 20:35:54:682] [vo.logVo.LogVo.<init>] [INFO] 日志实例已初始化...
[2020-04-12 20:35:54:683] [vo.logVo.LogVo.<init>] [INFO] 日志实例已初始化...
[2020-04-12 20:35:54:684] [vo.logVo.LogVo.<init>] [INFO] 日志实例已初始化...
[2020-04-12 20:35:54:685] [vo.logVo.LogVo.<init>] [INFO] 日志实例已初始化...
[2020-04-12 20:35:54:686] [vo.logVo.LogVo.<init>] [INFO] 日志实例已初始化...
[2020-04-12 20:35:54:687] [vo.logVo.LogVo.<init>] [INFO] 日志实例已初始化...
[2020-04-12 20:35:54:688] [vo.logVo.LogVo.<init>] [INFO] 日志实例已初始化...
[2020-04-12 20:35:54:689] [vo.logVo.LogVo.<init>] [INFO] 日志实例已初始化...
[2020-04-12 20:35:54:690] [vo.logVo.LogVo.<init>] [INFO] 日志实例已初始化...
[2020-04-12 20:35:54:691] [vo.logVo.LogVo.<init>] [INFO] 日志实例已初始化...
[2020-04-12 20:35:54:692] [vo.logVo.LogVo.<init>] [INFO] 日志实例已初始化...
[2020-04-12 20:35:54:693] [vo.logVo.LogVo.<init>] [INFO] 日志实例已初始化...
[2020-04-12 20:35:54:695] [vo.logVo.LogVo.<init>] [INFO] 日志实例已初始化...
[2020-04-12 20:35:54:697] [vo.logVo.LogVo.<init>] [INFO] 日志实例已初始化...
[2020-04-12 20:35:54:702] [vo.logVo.LogVo.<init>] [INFO] 日志实例已初始化...
[2020-04-12 20:35:54:703] [vo.logVo.LogVo.<init>] [INFO] 日志实例已初始化...
[2020-04-12 20:35:54:704] [vo.logVo.LogVo.<init>] [INFO] 日志实例已初始化...
[2020-04-12 20:35:54:705] [vo.logVo.LogVo.<init>] [INFO] 日志实例已初始化...
[2020-04-12 20:35:54:706] [vo.logVo.LogVo.<init>] [INFO] 日志实例已初始化...
[2020-04-12 20:35:54:707] [vo.logVo.LogVo.<init>] [INFO] 日志实例已初始化...
[2020-04-12 20:35:54:708] [vo.logVo.LogVo.<init>] [INFO] 日志实例已初始化...
[2020-04-12 20:35:54:709] [vo.logVo.LogVo.<init>] [INFO] 日志实例已初始化...
[2020-04-12 20:35:54:710] [vo.logVo.LogVo.<init>] [INFO] 日志实例已初始化...
[2020-04-12 20:35:54:710] [vo.logVo.LogVo.<init>] [INFO] 日志实例已初始化...
[2020-04-12 20:35:54:711] [vo.logVo.LogVo.<init>] [INFO] 日志实例已初始化...
[2020-04-12 20:35:54:712] [vo.logVo.LogVo.<init>] [INFO] 日志实例已初始化...
[2020-04-12 20:35:54:712] [vo.logVo.LogVo.<init>] [INFO] 日志实例已初始化...
[2020-04-12 20:35:54:714] [vo.logVo.LogVo.<init>] [INFO] 日志实例已初始化...
[2020-04-12 20:35:54:715] [vo.logVo.LogVo.<init>] [INFO] 日志实例已初始化...
[2020-04-12 20:35:54:716] [vo.logVo.LogVo.<init>] [INFO] 日志实例已初始化...
[2020-04-12 20:35:54:717] [vo.logVo.LogVo.<init>] [INFO] 日志实例已初始化...
[2020-04-12 20:35:54:718] [vo.logVo.LogVo.<init>] [INFO] 日志实例已初始化...
[2020-04-12 20:35:54:720] [vo.logVo.LogVo.<init>] [INFO] 日志实例已初始化...
[2020-04-12 20:35:54:721] [vo.logVo.LogVo.<init>] [INFO] 日志实例已初始化...
[2020-04-12 20:35:54:722] [vo.logVo.LogVo.<init>] [INFO] 日志实例已初始化...
[2020-04-12 20:35:54:722] [vo.logVo.LogVo.<init>] [INFO] 日志实例已初始化...
[2020-04-12 20:35:54:723] [vo.logVo.LogVo.<init>] [INFO] 日志实例已初始化...
[2020-04-12 20:35:54:724] [vo.logVo.LogVo.<init>] [INFO] 日志实例已初始化...
[2020-04-12 20:35:54:724] [vo.logVo.LogVo.<init>] [INFO] 日志实例已初始化...
[2020-04-12 20:35:54:724] [vo.logVo.LogVo.<init>] [INFO] 日志实例已初始化...
[2020-04-12 20:35:54:725] [vo.logVo.LogVo.<init>] [INFO] 日志实例已初始化...
[2020-04-12 20:35:54:725] [vo.logVo.LogVo.<init>] [INFO] 日志实例已初始化...
[2020-04-12 20:35:54:725] [vo.logVo.LogVo.<init>] [INFO] 日志实例已初始化...
[2020-04-12 20:35:54:726] [vo.logVo.LogVo.<init>] [INFO] 日志实例已初始化...
[2020-04-12 20:35:54:726] [vo.logVo.LogVo.<init>] [INFO] 日志实例已初始化...
[2020-04-12 20:35:54:727] [vo.logVo.LogVo.<init>] [INFO] 日志实例已初始化...
[2020-04-12 20:35:54:727] [vo.logVo.LogVo.<init>] [INFO] 日志实例已初始化...
[2020-04-12 20:35:54:727] [vo.logVo.LogVo.<init>] [INFO] 日志实例已初始化...
[2020-04-12 20:35:54:728] [vo.logVo.LogVo.<init>] [INFO] 日志实例已初始化...
[2020-04-12 20:35:54:728] [vo.logVo.LogVo.<init>] [INFO] 日志实例已初始化...
[2020-04-12 20:35:54:728] [vo.logVo.LogVo.<init>] [INFO] 日志实例已初始化...
[2020-04-12 20:35:54:729] [vo.logVo.LogVo.<init>] [INFO] 日志实例已初始化...
[2020-04-12 20:35:54:729] [vo.logVo.LogVo.<init>] [INFO] 日志实例已初始化...
[2020-04-12 20:35:54:730] [vo.logVo.LogVo.<init>] [INFO] 日志实例已初始化...
[2020-04-12 20:35:54:731] [vo.logVo.LogVo.<init>] [INFO] 日志实例已初始化...
[2020-04-12 20:35:54:732] [vo.logVo.LogVo.<init>] [INFO] 日志实例已初始化...
[2020-04-12 20:35:54:732] [vo.logVo.LogVo.<init>] [INFO] 日志实例已初始化...
[2020-04-12 20:35:54:732] [vo.logVo.LogVo.<init>] [INFO] 日志实例已初始化...
[2020-04-12 20:35:54:733] [vo.logVo.LogVo.<init>] [INFO] 日志实例已初始化...
[2020-04-12 20:35:54:733] [vo.logVo.LogVo.<init>] [INFO] 日志实例已初始化...
[2020-04-12 20:35:54:733] [vo.logVo.LogVo.<init>] [INFO] 日志实例已初始化...
[2020-04-12 20:35:54:734] [vo.logVo.LogVo.<init>] [INFO] 日志实例已初始化...
[2020-04-12 20:35:54:734] [vo.logVo.LogVo.<init>] [INFO] 日志实例已初始化...
[2020-04-12 20:35:54:734] [vo.logVo.LogVo.<init>] [INFO] 日志实例已初始化...
[2020-04-12 20:35:54:735] [vo.logVo.LogVo.<init>] [INFO] 日志实例已初始化...
[2020-04-12 20:35:54:735] [vo.logVo.LogVo.<init>] [INFO] 日志实例已初始化...
[2020-04-12 20:35:54:735] [vo.logVo.LogVo.<init>] [INFO] 日志实例已初始化...
[2020-04-12 20:35:54:736] [vo.logVo.LogVo.<init>] [INFO] 日志实例已初始化...
[2020-04-12 20:35:54:736] [vo.logVo.LogVo.<init>] [INFO] 日志实例已初始化...
[2020-04-12 20:35:54:736] [vo.logVo.LogVo.<init>] [INFO] 日志实例已初始化...
[2020-04-12 20:35:54:737] [vo.logVo.LogVo.<init>] [INFO] 日志实例已初始化...
[2020-04-12 20:35:54:737] [vo.logVo.LogVo.<init>] [INFO] 日志实例已初始化...
[2020-04-12 20:35:54:737] [vo.logVo.LogVo.<init>] [INFO] 日志实例已初始化...
[2020-04-12 20:35:54:738] [vo.logVo.LogVo.<init>] [INFO] 日志实例已初始化...
[2020-04-12 20:35:54:739] [vo.logVo.LogVo.<init>] [INFO] 日志实例已初始化...
[2020-04-12 20:35:54:740] [vo.logVo.LogVo.<init>] [INFO] 日志实例已初始化...
[2020-04-12 20:35:54:741] [vo.logVo.LogVo.<init>] [INFO] 日志实例已初始化...
[2020-04-12 20:35:54:741] [vo.logVo.LogVo.<init>] [INFO] 日志实例已初始化...
[2020-04-12 20:35:54:742] [vo.logVo.LogVo.<init>] [INFO] 日志实例已初始化...
[2020-04-12 20:35:54:742] [vo.logVo.LogVo.<init>] [INFO] 日志实例已初始化...
[2020-04-12 20:35:54:743] [vo.logVo.LogVo.<init>] [INFO] 日志实例已初始化...
[2020-04-12 20:35:54:743] [vo.logVo.LogVo.<init>] [INFO] 日志实例已初始化...
[2020-04-12 20:35:54:744] [vo.logVo.LogVo.<init>] [INFO] 日志实例已初始化...
[2020-04-12 20:35:54:744] [vo.logVo.LogVo.<init>] [INFO] 日志实例已初始化...
[2020-04-12 20:35:54:746] [vo.logVo.LogVo.<init>] [INFO] 日志实例已初始化...
[2020-04-12 20:35:54:746] [vo.logVo.LogVo.<init>] [INFO] 日志实例已初始化...
[2020-04-12 20:35:54:747] [vo.logVo.LogVo.<init>] [INFO] 日志实例已初始化...
[2020-04-12 20:35:54:748] [vo.logVo.LogVo.<init>] [INFO] 日志实例已初始化...
[2020-04-12 20:35:54:749] [vo.logVo.LogVo.<init>] [INFO] 日志实例已初始化...
[2020-04-12 20:35:54:750] [vo.logVo.LogVo.<init>] [INFO] 日志实例已初始化...
[2020-04-12 20:35:54:752] [vo.logVo.LogVo.<init>] [INFO] 日志实例已初始化...
[2020-04-12 20:35:54:753] [vo.logVo.LogVo.<init>] [INFO] 日志实例已初始化...
[2020-04-12 20:35:54:753] [vo.logVo.LogVo.<init>] [INFO] 日志实例已初始化...
[2020-04-12 20:35:54:754] [vo.logVo.LogVo.<init>] [INFO] 日志实例已初始化...
[2020-04-12 20:35:54:755] [vo.logVo.LogVo.<init>] [INFO] 日志实例已初始化...
[2020-04-12 20:35:54:756] [vo.logVo.LogVo.<init>] [INFO] 日志实例已初始化...
[2020-04-12 20:35:54:757] [vo.logVo.LogVo.<init>] [INFO] 日志实例已初始化...
[2020-04-12 20:35:54:757] [vo.logVo.LogVo.<init>] [INFO] 日志实例已初始化...
[2020-04-12 20:35:54:758] [vo.logVo.LogVo.<init>] [INFO] 日志实例已初始化...
[2020-04-12 20:35:54:759] [vo.logVo.LogVo.<init>] [INFO] 日志实例已初始化...
[2020-04-12 20:35:54:759] [vo.logVo.LogVo.<init>] [INFO] 日志实例已初始化...
[2020-04-12 20:35:54:760] [vo.logVo.LogVo.<init>] [INFO] 日志实例已初始化...
[2020-04-12 20:35:54:764] [vo.logVo.LogVo.<init>] [INFO] 日志实例已初始化...
[2020-04-12 20:35:54:765] [vo.logVo.LogVo.<init>] [INFO] 日志实例已初始化...
[2020-04-12 20:35:54:766] [vo.logVo.LogVo.<init>] [INFO] 日志实例已初始化...
[2020-04-12 20:35:54:767] [vo.logVo.LogVo.<init>] [INFO] 日志实例已初始化...
[2020-04-12 20:35:54:768] [vo.logVo.LogVo.<init>] [INFO] 日志实例已初始化...
[2020-04-12 20:35:54:768] [vo.logVo.LogVo.<init>] [INFO] 日志实例已初始化...
[2020-04-12 20:35:54:769] [vo.logVo.LogVo.<init>] [INFO] 日志实例已初始化...
[2020-04-12 20:35:54:770] [vo.logVo.LogVo.<init>] [INFO] 日志实例已初始化...
[2020-04-12 20:35:54:770] [vo.logVo.LogVo.<init>] [INFO] 日志实例已初始化...
[2020-04-12 20:35:54:771] [vo.logVo.LogVo.<init>] [INFO] 日志实例已初始化...
[2020-04-12 20:35:54:771] [vo.logVo.LogVo.<init>] [INFO] 日志实例已初始化...
[2020-04-12 20:35:54:772] [vo.logVo.LogVo.<init>] [INFO] 日志实例已初始化...
[2020-04-12 20:35:54:773] [vo.logVo.LogVo.<init>] [INFO] 日志实例已初始化...
[2020-04-12 20:35:54:773] [vo.logVo.LogVo.<init>] [INFO] 日志实例已初始化...
[2020-04-12 20:35:54:774] [vo.logVo.LogVo.<init>] [INFO] 日志实例已初始化...
[2020-04-12 20:35:54:775] [vo.logVo.LogVo.<init>] [INFO] 日志实例已初始化...
[2020-04-12 20:35:54:776] [vo.logVo.LogVo.<init>] [INFO] 日志实例已初始化...
[2020-04-12 20:35:54:776] [vo.logVo.LogVo.<init>] [INFO] 日志实例已初始化...
[2020-04-12 20:35:54:777] [vo.logVo.LogVo.<init>] [INFO] 日志实例已初始化...
[2020-04-12 20:35:54:777] [vo.logVo.LogVo.<init>] [INFO] 日志实例已初始化...
[2020-04-12 20:35:54:778] [vo.logVo.LogVo.<init>] [INFO] 日志实例已初始化...
[2020-04-12 20:35:54:779] [vo.logVo.LogVo.<init>] [INFO] 日志实例已初始化...
[2020-04-12 20:35:54:781] [vo.logVo.LogVo.<init>] [INFO] 日志实例已初始化...
[2020-04-12 20:35:54:782] [vo.logVo.LogVo.<init>] [INFO] 日志实例已初始化...
[2020-04-12 20:35:54:782] [vo.logVo.LogVo.<init>] [INFO] 日志实例已初始化...
[2020-04-12 20:35:54:783] [vo.logVo.LogVo.<init>] [INFO] 日志实例已初始化...
[2020-04-12 20:35:54:784] [vo.logVo.LogVo.<init>] [INFO] 日志实例已初始化...
[2020-04-12 20:35:54:784] [vo.logVo.LogVo.<init>] [INFO] 日志实例已初始化...
[2020-04-12 20:35:54:785] [vo.logVo.LogVo.<init>] [INFO] 日志实例已初始化...
[2020-04-12 20:35:54:789] [vo.logVo.LogVo.<init>] [INFO] 日志实例已初始化...
[2020-04-12 20:35:54:791] [vo.logVo.LogVo.<init>] [INFO] 日志实例已初始化...
[2020-04-12 20:35:54:791] [vo.logVo.LogVo.<init>] [INFO] 日志实例已初始化...
[2020-04-12 20:35:54:792] [vo.logVo.LogVo.<init>] [INFO] 日志实例已初始化...
[2020-04-12 20:35:54:793] [vo.logVo.LogVo.<init>] [INFO] 日志实例已初始化...
[2020-04-12 20:35:54:793] [vo.logVo.LogVo.<init>] [INFO] 日志实例已初始化...
[2020-04-12 20:35:54:794] [vo.logVo.LogVo.<init>] [INFO] 日志实例已初始化...
[2020-04-12 20:35:54:795] [vo.logVo.LogVo.<init>] [INFO] 日志实例已初始化...
[2020-04-12 20:35:54:796] [vo.logVo.LogVo.<init>] [INFO] 日志实例已初始化...
[2020-04-12 20:35:54:797] [vo.logVo.LogVo.<init>] [INFO] 日志实例已初始化...
[2020-04-12 20:35:54:798] [vo.logVo.LogVo.<init>] [INFO] 日志实例已初始化...
[2020-04-12 20:35:54:799] [vo.logVo.LogVo.<init>] [INFO] 日志实例已初始化...
[2020-04-12 20:35:54:799] [vo.logVo.LogVo.<init>] [INFO] 日志实例已初始化...
[2020-04-12 20:35:54:800] [vo.logVo.LogVo.<init>] [INFO] 日志实例已初始化...
[2020-04-12 20:35:54:801] [vo.logVo.LogVo.<init>] [INFO] 日志实例已初始化...
[2020-04-12 20:35:54:802] [vo.logVo.LogVo.<init>] [INFO] 日志实例已初始化...
[2020-04-12 20:35:54:803] [vo.logVo.LogVo.<init>] [INFO] 日志实例已初始化...
[2020-04-12 20:35:54:804] [vo.logVo.LogVo.<init>] [INFO] 日志实例已初始化...
[2020-04-12 20:35:54:805] [vo.logVo.LogVo.<init>] [INFO] 日志实例已初始化...
[2020-04-12 20:35:54:811] [vo.logVo.LogVo.<init>] [INFO] 日志实例已初始化...
[2020-04-12 20:35:54:812] [vo.logVo.LogVo.<init>] [INFO] 日志实例已初始化...
[2020-04-12 20:35:54:813] [vo.logVo.LogVo.<init>] [INFO] 日志实例已初始化...
[2020-04-12 20:35:54:814] [vo.logVo.LogVo.<init>] [INFO] 日志实例已初始化...
[2020-04-12 20:35:54:815] [vo.logVo.LogVo.<init>] [INFO] 日志实例已初始化...
[2020-04-12 20:35:54:816] [vo.logVo.LogVo.<init>] [INFO] 日志实例已初始化...
[2020-04-12 20:35:54:816] [vo.logVo.LogVo.<init>] [INFO] 日志实例已初始化...
[2020-04-12 20:35:54:817] [vo.logVo.LogVo.<init>] [INFO] 日志实例已初始化...
[2020-04-12 20:35:54:817] [vo.logVo.LogVo.<init>] [INFO] 日志实例已初始化...
[2020-04-12 20:35:54:817] [vo.logVo.LogVo.<init>] [INFO] 日志实例已初始化...
[2020-04-12 20:35:54:818] [vo.logVo.LogVo.<init>] [INFO] 日志实例已初始化...
[2020-04-12 20:35:54:818] [vo.logVo.LogVo.<init>] [INFO] 日志实例已初始化...
[2020-04-12 20:35:54:818] [vo.logVo.LogVo.<init>] [INFO] 日志实例已初始化...
[2020-04-12 20:35:54:818] [vo.logVo.LogVo.<init>] [INFO] 日志实例已初始化...
[2020-04-12 20:35:54:819] [vo.logVo.LogVo.<init>] [INFO] 日志实例已初始化...
[2020-04-12 20:35:54:819] [vo.logVo.LogVo.<init>] [INFO] 日志实例已初始化...
[2020-04-12 20:35:54:820] [vo.logVo.LogVo.<init>] [INFO] 日志实例已初始化...
[2020-04-12 20:35:54:821] [vo.logVo.LogVo.<init>] [INFO] 日志实例已初始化...
[2020-04-12 20:35:54:821] [vo.logVo.LogVo.<init>] [INFO] 日志实例已初始化...
[2020-04-12 20:35:54:822] [vo.logVo.LogVo.<init>] [INFO] 日志实例已初始化...
[2020-04-12 20:35:54:822] [vo.logVo.LogVo.<init>] [INFO] 日志实例已初始化...
[2020-04-12 20:35:54:823] [vo.logVo.LogVo.<init>] [INFO] 日志实例已初始化...
[2020-04-12 20:35:54:823] [vo.logVo.LogVo.<init>] [INFO] 日志实例已初始化...
[2020-04-12 20:35:54:823] [vo.logVo.LogVo.<init>] [INFO] 日志实例已初始化...
[2020-04-12 20:35:54:824] [vo.logVo.LogVo.<init>] [INFO] 日志实例已初始化...
[2020-04-12 20:35:54:824] [vo.logVo.LogVo.<init>] [INFO] 日志实例已初始化...
[2020-04-12 20:35:54:824] [vo.logVo.LogVo.<init>] [INFO] 日志实例已初始化...
[2020-04-12 20:35:54:825] [vo.logVo.LogVo.<init>] [INFO] 日志实例已初始化...
[2020-04-12 20:35:54:825] [vo.logVo.LogVo.<init>] [INFO] 日志实例已初始化...
[2020-04-12 20:35:54:825] [vo.logVo.LogVo.<init>] [INFO] 日志实例已初始化...
[2020-04-12 20:35:54:826] [vo.logVo.LogVo.<init>] [INFO] 日志实例已初始化...
[2020-04-12 20:35:54:826] [vo.logVo.LogVo.<init>] [INFO] 日志实例已初始化...
[2020-04-12 20:35:54:827] [vo.logVo.LogVo.<init>] [INFO] 日志实例已初始化...
[2020-04-12 20:35:54:828] [vo.logVo.LogVo.<init>] [INFO] 日志实例已初始化...
[2020-04-12 20:35:54:828] [vo.logVo.LogVo.<init>] [INFO] 日志实例已初始化...
[2020-04-12 20:35:54:828] [vo.logVo.LogVo.<init>] [INFO] 日志实例已初始化...
[2020-04-12 20:35:54:829] [vo.logVo.LogVo.<init>] [INFO] 日志实例已初始化...
[2020-04-12 20:35:54:830] [vo.logVo.LogVo.<init>] [INFO] 日志实例已初始化...
[2020-04-12 20:35:54:831] [vo.logVo.LogVo.<init>] [INFO] 日志实例已初始化...
[2020-04-12 20:35:54:832] [vo.logVo.LogVo.<init>] [INFO] 日志实例已初始化...
[2020-04-12 20:35:54:833] [vo.logVo.LogVo.<init>] [INFO] 日志实例已初始化...
[2020-04-12 20:35:54:833] [vo.logVo.LogVo.<init>] [INFO] 日志实例已初始化...
[2020-04-12 20:35:54:834] [vo.logVo.LogVo.<init>] [INFO] 日志实例已初始化...
[2020-04-12 20:35:54:834] [vo.logVo.LogVo.<init>] [INFO] 日志实例已初始化...
[2020-04-12 20:35:54:835] [vo.logVo.LogVo.<init>] [INFO] 日志实例已初始化...
[2020-04-12 20:35:54:836] [vo.logVo.LogVo.<init>] [INFO] 日志实例已初始化...
[2020-04-12 20:35:54:836] [vo.logVo.LogVo.<init>] [INFO] 日志实例已初始化...
[2020-04-12 20:35:54:837] [vo.logVo.LogVo.<init>] [INFO] 日志实例已初始化...
[2020-04-12 20:35:54:838] [vo.logVo.LogVo.<init>] [INFO] 日志实例已初始化...
[2020-04-12 20:35:54:839] [vo.logVo.LogVo.<init>] [INFO] 日志实例已初始化...
[2020-04-12 20:35:54:839] [vo.logVo.LogVo.<init>] [INFO] 日志实例已初始化...
[2020-04-12 20:35:54:840] [vo.logVo.LogVo.<init>] [INFO] 日志实例已初始化...
[2020-04-12 20:35:54:841] [vo.logVo.LogVo.<init>] [INFO] 日志实例已初始化...
[2020-04-12 20:35:54:843] [vo.logVo.LogVo.<init>] [INFO] 日志实例已初始化...
[2020-04-12 20:35:54:844] [vo.logVo.LogVo.<init>] [INFO] 日志实例已初始化...
[2020-04-12 20:35:54:844] [vo.logVo.LogVo.<init>] [INFO] 日志实例已初始化...
[2020-04-12 20:35:54:845] [vo.logVo.LogVo.<init>] [INFO] 日志实例已初始化...
[2020-04-12 20:35:54:846] [vo.logVo.LogVo.<init>] [INFO] 日志实例已初始化...
[2020-04-12 20:35:54:847] [vo.logVo.LogVo.<init>] [INFO] 日志实例已初始化...
[2020-04-12 20:35:54:847] [vo.logVo.LogVo.<init>] [INFO] 日志实例已初始化...
[2020-04-12 20:35:54:848] [vo.logVo.LogVo.<init>] [INFO] 日志实例已初始化...
[2020-04-12 20:35:54:849] [vo.logVo.LogVo.<init>] [INFO] 日志实例已初始化...
[2020-04-12 20:35:54:850] [vo.logVo.LogVo.<init>] [INFO] 日志实例已初始化...
[2020-04-12 20:35:54:852] [vo.logVo.LogVo.<init>] [INFO] 日志实例已初始化...
[2020-04-12 20:35:54:853] [vo.logVo.LogVo.<init>] [INFO] 日志实例已初始化...
[2020-04-12 20:35:54:854] [vo.logVo.LogVo.<init>] [INFO] 日志实例已初始化...
[2020-04-12 20:35:54:855] [vo.logVo.LogVo.<init>] [INFO] 日志实例已初始化...
[2020-04-12 20:35:54:855] [vo.logVo.LogVo.<init>] [INFO] 日志实例已初始化...
[2020-04-12 20:35:54:857] [vo.logVo.LogVo.<init>] [INFO] 日志实例已初始化...
[2020-04-12 20:35:54:858] [vo.logVo.LogVo.<init>] [INFO] 日志实例已初始化...
[2020-04-12 20:35:54:859] [vo.logVo.LogVo.<init>] [INFO] 日志实例已初始化...
[2020-04-12 20:35:54:860] [vo.logVo.LogVo.<init>] [INFO] 日志实例已初始化...
[2020-04-12 20:35:54:861] [vo.logVo.LogVo.<init>] [INFO] 日志实例已初始化...
[2020-04-12 20:35:54:862] [vo.logVo.LogVo.<init>] [INFO] 日志实例已初始化...
[2020-04-12 20:35:54:863] [vo.logVo.LogVo.<init>] [INFO] 日志实例已初始化...
[2020-04-12 20:35:54:864] [vo.logVo.LogVo.<init>] [INFO] 日志实例已初始化...
[2020-04-12 20:35:54:865] [vo.logVo.LogVo.<init>] [INFO] 日志实例已初始化...
[2020-04-12 20:35:54:866] [vo.logVo.LogVo.<init>] [INFO] 日志实例已初始化...
[2020-04-12 20:35:54:867] [vo.logVo.LogVo.<init>] [INFO] 日志实例已初始化...
[2020-04-12 20:35:54:869] [vo.logVo.LogVo.<init>] [INFO] 日志实例已初始化...
[2020-04-12 20:35:54:870] [vo.logVo.LogVo.<init>] [INFO] 日志实例已初始化...
[2020-04-12 20:35:54:871] [vo.logVo.LogVo.<init>] [INFO] 日志实例已初始化...
[2020-04-12 20:35:54:872] [vo.logVo.LogVo.<init>] [INFO] 日志实例已初始化...
[2020-04-12 20:35:54:873] [vo.logVo.LogVo.<init>] [INFO] 日志实例已初始化...
[2020-04-12 20:35:54:874] [vo.logVo.LogVo.<init>] [INFO] 日志实例已初始化...
[2020-04-12 20:35:54:875] [vo.logVo.LogVo.<init>] [INFO] 日志实例已初始化...
[2020-04-12 20:35:54:875] [vo.logVo.LogVo.<init>] [INFO] 日志实例已初始化...
[2020-04-12 20:35:54:876] [vo.logVo.LogVo.<init>] [INFO] 日志实例已初始化...
[2020-04-12 20:35:54:877] [vo.logVo.LogVo.<init>] [INFO] 日志实例已初始化...
[2020-04-12 20:35:54:877] [vo.logVo.LogVo.<init>] [INFO] 日志实例已初始化...
[2020-04-12 20:35:54:878] [vo.logVo.LogVo.<init>] [INFO] 日志实例已初始化...
[2020-04-12 20:35:54:879] [vo.logVo.LogVo.<init>] [INFO] 日志实例已初始化...
[2020-04-12 20:35:54:880] [vo.logVo.LogVo.<init>] [INFO] 日志实例已初始化...
[2020-04-12 20:35:54:881] [vo.logVo.LogVo.<init>] [INFO] 日志实例已初始化...
[2020-04-12 20:35:54:882] [vo.logVo.LogVo.<init>] [INFO] 日志实例已初始化...
[2020-04-12 20:35:54:883] [vo.logVo.LogVo.<init>] [INFO] 日志实例已初始化...
[2020-04-12 20:35:54:883] [vo.logVo.LogVo.<init>] [INFO] 日志实例已初始化...
[2020-04-12 20:35:54:885] [vo.logVo.LogVo.<init>] [INFO] 日志实例已初始化...
[2020-04-12 20:35:54:887] [vo.logVo.LogVo.<init>] [INFO] 日志实例已初始化...
[2020-04-12 20:35:54:887] [vo.logVo.LogVo.<init>] [INFO] 日志实例已初始化...
[2020-04-12 20:35:54:888] [vo.logVo.LogVo.<init>] [INFO] 日志实例已初始化...
[2020-04-12 20:35:54:889] [vo.logVo.LogVo.<init>] [INFO] 日志实例已初始化...
[2020-04-12 20:35:54:891] [vo.logVo.LogVo.<init>] [INFO] 日志实例已初始化...
[2020-04-12 20:35:54:893] [vo.logVo.LogVo.<init>] [INFO] 日志实例已初始化...
[2020-04-12 20:35:54:894] [vo.logVo.LogVo.<init>] [INFO] 日志实例已初始化...
[2020-04-12 20:35:54:895] [vo.logVo.LogVo.<init>] [INFO] 日志实例已初始化...
[2020-04-12 20:35:54:896] [vo.logVo.LogVo.<init>] [INFO] 日志实例已初始化...
[2020-04-12 20:35:54:897] [vo.logVo.LogVo.<init>] [INFO] 日志实例已初始化...
[2020-04-12 20:35:54:898] [vo.logVo.LogVo.<init>] [INFO] 日志实例已初始化...
[2020-04-12 20:35:54:899] [vo.logVo.LogVo.<init>] [INFO] 日志实例已初始化...
[2020-04-12 20:35:54:900] [vo.logVo.LogVo.<init>] [INFO] 日志实例已初始化...
[2020-04-12 20:35:54:900] [vo.logVo.LogVo.<init>] [INFO] 日志实例已初始化...
[2020-04-12 20:35:54:901] [vo.logVo.LogVo.<init>] [INFO] 日志实例已初始化...
[2020-04-12 20:35:54:902] [vo.logVo.LogVo.<init>] [INFO] 日志实例已初始化...
[2020-04-12 20:35:54:903] [vo.logVo.LogVo.<init>] [INFO] 日志实例已初始化...
[2020-04-12 20:35:54:903] [vo.logVo.LogVo.<init>] [INFO] 日志实例已初始化...
[2020-04-12 20:35:54:904] [vo.logVo.LogVo.<init>] [INFO] 日志实例已初始化...
[2020-04-12 20:35:54:905] [vo.logVo.LogVo.<init>] [INFO] 日志实例已初始化...
[2020-04-12 20:35:54:905] [vo.logVo.LogVo.<init>] [INFO] 日志实例已初始化...
[2020-04-12 20:35:54:906] [vo.logVo.LogVo.<init>] [INFO] 日志实例已初始化...
[2020-04-12 20:35:54:907] [vo.logVo.LogVo.<init>] [INFO] 日志实例已初始化...
[2020-04-12 20:35:54:908] [vo.logVo.LogVo.<init>] [INFO] 日志实例已初始化...
[2020-04-12 20:35:54:909] [vo.logVo.LogVo.<init>] [INFO] 日志实例已初始化...
[2020-04-12 20:35:54:909] [vo.logVo.LogVo.<init>] [INFO] 日志实例已初始化...
[2020-04-12 20:35:54:910] [vo.logVo.LogVo.<init>] [INFO] 日志实例已初始化...
[2020-04-12 20:35:54:910] [vo.logVo.LogVo.<init>] [INFO] 日志实例已初始化...
[2020-04-12 20:35:54:910] [vo.logVo.LogVo.<init>] [INFO] 日志实例已初始化...
[2020-04-12 20:35:54:911] [vo.logVo.LogVo.<init>] [INFO] 日志实例已初始化...
[2020-04-12 20:35:54:919] [vo.logVo.LogVo.<init>] [INFO] 日志实例已初始化...
[2020-04-12 20:35:54:920] [vo.logVo.LogVo.<init>] [INFO] 日志实例已初始化...
[2020-04-12 20:35:54:920] [vo.logVo.LogVo.<init>] [INFO] 日志实例已初始化...
[2020-04-12 20:35:54:921] [vo.logVo.LogVo.<init>] [INFO] 日志实例已初始化...
[2020-04-12 20:35:54:922] [vo.logVo.LogVo.<init>] [INFO] 日志实例已初始化...
[2020-04-12 20:35:54:923] [vo.logVo.LogVo.<init>] [INFO] 日志实例已初始化...
[2020-04-12 20:35:54:923] [vo.logVo.LogVo.<init>] [INFO] 日志实例已初始化...
[2020-04-12 20:35:54:924] [vo.logVo.LogVo.<init>] [INFO] 日志实例已初始化...
[2020-04-12 20:35:54:925] [vo.logVo.LogVo.<init>] [INFO] 日志实例已初始化...
[2020-04-12 20:35:54:926] [vo.logVo.LogVo.<init>] [INFO] 日志实例已初始化...
[2020-04-12 20:35:54:927] [vo.logVo.LogVo.<init>] [INFO] 日志实例已初始化...
[2020-04-12 20:35:54:927] [vo.logVo.LogVo.<init>] [INFO] 日志实例已初始化...
[2020-04-12 20:35:54:928] [vo.logVo.LogVo.<init>] [INFO] 日志实例已初始化...
[2020-04-12 20:35:54:929] [vo.logVo.LogVo.<init>] [INFO] 日志实例已初始化...
[2020-04-12 20:35:54:931] [vo.logVo.LogVo.<init>] [INFO] 日志实例已初始化...
[2020-04-12 20:35:54:931] [vo.logVo.LogVo.<init>] [INFO] 日志实例已初始化...
[2020-04-12 20:35:54:932] [vo.logVo.LogVo.<init>] [INFO] 日志实例已初始化...
[2020-04-12 20:35:54:933] [vo.logVo.LogVo.<init>] [INFO] 日志实例已初始化...
[2020-04-12 20:35:54:934] [vo.logVo.LogVo.<init>] [INFO] 日志实例已初始化...
[2020-04-12 20:35:54:935] [vo.logVo.LogVo.<init>] [INFO] 日志实例已初始化...
[2020-04-12 20:35:54:936] [vo.logVo.LogVo.<init>] [INFO] 日志实例已初始化...
[2020-04-12 20:35:54:937] [vo.logVo.LogVo.<init>] [INFO] 日志实例已初始化...
[2020-04-12 20:35:54:937] [vo.logVo.LogVo.<init>] [INFO] 日志实例已初始化...
[2020-04-12 20:35:54:938] [vo.logVo.LogVo.<init>] [INFO] 日志实例已初始化...
[2020-04-12 20:35:54:939] [vo.logVo.LogVo.<init>] [INFO] 日志实例已初始化...
[2020-04-12 20:35:54:940] [vo.logVo.LogVo.<init>] [INFO] 日志实例已初始化...
[2020-04-12 20:35:54:941] [vo.logVo.LogVo.<init>] [INFO] 日志实例已初始化...
[2020-04-12 20:35:54:941] [vo.logVo.LogVo.<init>] [INFO] 日志实例已初始化...
[2020-04-12 20:35:54:942] [vo.logVo.LogVo.<init>] [INFO] 日志实例已初始化...
[2020-04-12 20:35:54:944] [vo.logVo.LogVo.<init>] [INFO] 日志实例已初始化...
[2020-04-12 20:35:54:944] [vo.logVo.LogVo.<init>] [INFO] 日志实例已初始化...
[2020-04-12 20:35:54:945] [vo.logVo.LogVo.<init>] [INFO] 日志实例已初始化...
[2020-04-12 20:35:54:946] [vo.logVo.LogVo.<init>] [INFO] 日志实例已初始化...
[2020-04-12 20:35:54:947] [vo.logVo.LogVo.<init>] [INFO] 日志实例已初始化...
[2020-04-12 20:35:54:947] [vo.logVo.LogVo.<init>] [INFO] 日志实例已初始化...
[2020-04-12 20:35:54:949] [vo.logVo.LogVo.<init>] [INFO] 日志实例已初始化...
[2020-04-12 20:35:54:949] [vo.logVo.LogVo.<init>] [INFO] 日志实例已初始化...
[2020-04-12 20:35:54:950] [vo.logVo.LogVo.<init>] [INFO] 日志实例已初始化...
[2020-04-12 20:35:54:951] [vo.logVo.LogVo.<init>] [INFO] 日志实例已初始化...
[2020-04-12 20:35:54:951] [vo.logVo.LogVo.<init>] [INFO] 日志实例已初始化...
[2020-04-12 20:35:54:952] [vo.logVo.LogVo.<init>] [INFO] 日志实例已初始化...
[2020-04-12 20:35:54:952] [vo.logVo.LogVo.<init>] [INFO] 日志实例已初始化...
[2020-04-12 20:35:54:953] [vo.logVo.LogVo.<init>] [INFO] 日志实例已初始化...
[2020-04-12 20:35:54:953] [vo.logVo.LogVo.<init>] [INFO] 日志实例已初始化...
[2020-04-12 20:35:54:954] [vo.logVo.LogVo.<init>] [INFO] 日志实例已初始化...
[2020-04-12 20:35:54:954] [vo.logVo.LogVo.<init>] [INFO] 日志实例已初始化...
[2020-04-12 20:35:54:955] [vo.logVo.LogVo.<init>] [INFO] 日志实例已初始化...
[2020-04-12 20:35:54:956] [vo.logVo.LogVo.<init>] [INFO] 日志实例已初始化...
[2020-04-12 20:35:54:957] [vo.logVo.LogVo.<init>] [INFO] 日志实例已初始化...
[2020-04-12 20:35:54:958] [vo.logVo.LogVo.<init>] [INFO] 日志实例已初始化...
[2020-04-12 20:35:54:959] [vo.logVo.LogVo.<init>] [INFO] 日志实例已初始化...
[2020-04-12 20:35:54:960] [vo.logVo.LogVo.<init>] [INFO] 日志实例已初始化...
[2020-04-12 20:35:54:961] [vo.logVo.LogVo.<init>] [INFO] 日志实例已初始化...
[2020-04-12 20:35:54:961] [vo.logVo.LogVo.<init>] [INFO] 日志实例已初始化...
[2020-04-12 20:35:54:962] [vo.logVo.LogVo.<init>] [INFO] 日志实例已初始化...
[2020-04-12 20:35:54:965] [vo.logVo.LogVo.<init>] [INFO] 日志实例已初始化...
[2020-04-12 20:35:54:965] [vo.logVo.LogVo.<init>] [INFO] 日志实例已初始化...
[2020-04-12 20:35:54:966] [vo.logVo.LogVo.<init>] [INFO] 日志实例已初始化...
[2020-04-12 20:35:54:967] [vo.logVo.LogVo.<init>] [INFO] 日志实例已初始化...
[2020-04-12 20:35:54:968] [vo.logVo.LogVo.<init>] [INFO] 日志实例已初始化...
[2020-04-12 20:35:54:969] [vo.logVo.LogVo.<init>] [INFO] 日志实例已初始化...
[2020-04-12 20:35:54:969] [vo.logVo.LogVo.<init>] [INFO] 日志实例已初始化...
[2020-04-12 20:35:54:971] [vo.logVo.LogVo.<init>] [INFO] 日志实例已初始化...
[2020-04-12 20:35:54:972] [vo.logVo.LogVo.<init>] [INFO] 日志实例已初始化...
[2020-04-12 20:35:54:985] [vo.logVo.LogVo.<init>] [INFO] 日志实例已初始化...
[2020-04-12 20:35:54:986] [vo.logVo.LogVo.<init>] [INFO] 日志实例已初始化...
[2020-04-12 20:35:54:986] [vo.logVo.LogVo.<init>] [INFO] 日志实例已初始化...
[2020-04-12 20:35:54:987] [vo.logVo.LogVo.<init>] [INFO] 日志实例已初始化...
[2020-04-12 20:35:54:987] [vo.logVo.LogVo.<init>] [INFO] 日志实例已初始化...
[2020-04-12 20:35:54:988] [vo.logVo.LogVo.<init>] [INFO] 日志实例已初始化...
[2020-04-12 20:35:54:988] [vo.logVo.LogVo.<init>] [INFO] 日志实例已初始化...
[2020-04-12 20:35:54:989] [vo.logVo.LogVo.<init>] [INFO] 日志实例已初始化...
[2020-04-12 20:35:54:989] [vo.logVo.LogVo.<init>] [INFO] 日志实例已初始化...
[2020-04-12 20:35:54:990] [vo.logVo.LogVo.<init>] [INFO] 日志实例已初始化...
[2020-04-12 20:35:54:990] [vo.logVo.LogVo.<init>] [INFO] 日志实例已初始化...
[2020-04-12 20:35:54:991] [vo.logVo.LogVo.<init>] [INFO] 日志实例已初始化...
[2020-04-12 20:35:54:991] [vo.logVo.LogVo.<init>] [INFO] 日志实例已初始化...
[2020-04-12 20:35:54:992] [vo.logVo.LogVo.<init>] [INFO] 日志实例已初始化...
[2020-04-12 20:35:54:993] [vo.logVo.LogVo.<init>] [INFO] 日志实例已初始化...
[2020-04-12 20:35:54:993] [vo.logVo.LogVo.<init>] [INFO] 日志实例已初始化...
[2020-04-12 20:35:54:994] [vo.logVo.LogVo.<init>] [INFO] 日志实例已初始化...
[2020-04-12 20:35:54:994] [vo.logVo.LogVo.<init>] [INFO] 日志实例已初始化...
[2020-04-12 20:35:54:994] [vo.logVo.LogVo.<init>] [INFO] 日志实例已初始化...
[2020-04-12 20:35:54:995] [vo.logVo.LogVo.<init>] [INFO] 日志实例已初始化...
[2020-04-12 20:35:54:996] [vo.logVo.LogVo.<init>] [INFO] 日志实例已初始化...
[2020-04-12 20:35:54:997] [vo.logVo.LogVo.<init>] [INFO] 日志实例已初始化...
[2020-04-12 20:35:54:997] [vo.logVo.LogVo.<init>] [INFO] 日志实例已初始化...
[2020-04-12 20:35:54:998] [vo.logVo.LogVo.<init>] [INFO] 日志实例已初始化...
[2020-04-12 20:35:54:999] [vo.logVo.LogVo.<init>] [INFO] 日志实例已初始化...
[2020-04-12 20:35:54:999] [vo.logVo.LogVo.<init>] [INFO] 日志实例已初始化...
[2020-04-12 20:35:55:000] [vo.logVo.LogVo.<init>] [INFO] 日志实例已初始化...
[2020-04-12 20:35:55:000] [vo.logVo.LogVo.<init>] [INFO] 日志实例已初始化...
[2020-04-12 20:35:55:001] [vo.logVo.LogVo.<init>] [INFO] 日志实例已初始化...
[2020-04-12 20:35:55:001] [vo.logVo.LogVo.<init>] [INFO] 日志实例已初始化...
[2020-04-12 20:35:55:002] [vo.logVo.LogVo.<init>] [INFO] 日志实例已初始化...
[2020-04-12 20:35:55:002] [vo.logVo.LogVo.<init>] [INFO] 日志实例已初始化...
[2020-04-12 20:35:55:003] [vo.logVo.LogVo.<init>] [INFO] 日志实例已初始化...
[2020-04-12 20:35:55:003] [vo.logVo.LogVo.<init>] [INFO] 日志实例已初始化...
[2020-04-12 20:35:55:026] [vo.logVo.LogVo.<init>] [INFO] 日志实例已初始化...
[2020-04-12 20:35:55:031] [vo.logVo.LogVo.<init>] [INFO] 日志实例已初始化...
[2020-04-12 20:35:55:100] [aop.AnnotationCommenAop.writeLog] [INFO] 保存操作日志成功.
[2020-04-12 20:36:47:758] [util.filter.StrutsFilter.destroy] [INFO] filter has been destoyed...
[2020-04-12 20:36:55:946] [util.MyApplicationContextAnnotion.<init>] [INFO] 获取上下文工具类初始化成功!
[2020-04-12 20:36:56:272] [aop.AnnotationCommenAop.<init>] [INFO] 注解式切面已初始化...
[2020-04-12 20:36:58:515] [aop.ConfigCommenAop.<init>] [INFO] 切面已初始化...
[2020-04-12 20:36:58:558] [webservice.WebServiceInterface.<init>] [INFO] spring管理web service1
[2020-04-12 20:38:37:722] [action.userAction.LoginAction.execute] [INFO] admin 登录成功,登录时间:2020-04-12 20:38:37
[2020-04-12 20:38:55:221] [aop.AnnotationCommenAop.writeLog] [INFO] 开始保存操作日志...
[2020-04-12 20:38:55:510] [aop.AnnotationCommenAop.writeLog] [INFO] 保存操作日志成功.
[2020-04-12 20:38:55:511] [aop.AnnotationCommenAop.writeLog] [INFO] 开始保存操作日志...
[2020-04-12 20:38:55:682] [aop.AnnotationCommenAop.writeLog] [INFO] 保存操作日志成功.
[2020-04-12 20:40:08:254] [action.userAction.LoginAction.destroySession] [INFO] admin退出成功,退出时间：2020-04-12 20:40:08
[2020-04-12 20:40:38:212] [action.userAction.LoginAction.execute] [INFO] admin 登录成功,登录时间:2020-04-12 20:40:38
[2020-04-12 20:40:54:344] [action.userAction.LoginAction.destroySession] [INFO] admin退出成功,退出时间：2020-04-12 20:40:54
[2020-04-12 20:40:59:284] [action.userAction.LoginAction.execute] [INFO] admin 登录成功,登录时间:2020-04-12 20:40:59
[2020-04-12 20:41:04:910] [action.userAction.LoginAction.destroySession] [INFO] admin退出成功,退出时间：2020-04-12 20:41:04
[2020-04-12 20:41:45:141] [action.userAction.LoginAction.execute] [INFO] admin 登录成功,登录时间:2020-04-12 20:41:45
[2020-04-12 20:42:08:129] [action.userAction.LoginAction.destroySession] [INFO] admin退出成功,退出时间：2020-04-12 20:42:08
[2020-04-12 20:42:50:908] [action.userAction.LoginAction.execute] [INFO] admin 登录成功,登录时间:2020-04-12 20:42:50
[2020-04-12 20:43:21:043] [action.userAction.LoginAction.destroySession] [INFO] admin退出成功,退出时间：2020-04-12 20:43:21
[2020-04-12 20:44:05:739] [action.userAction.LoginAction.execute] [INFO] admin 登录成功,登录时间:2020-04-12 20:44:05
[2020-04-12 20:46:49:136] [action.userAction.LoginAction.execute] [INFO] admin 登录成功,登录时间:2020-04-12 20:46:49
[2020-04-12 20:47:22:578] [action.userAction.LoginAction.destroySession] [INFO] admin退出成功,退出时间：2020-04-12 20:47:22
[2020-04-12 20:48:51:535] [action.userAction.LoginAction.destroySession] [INFO] admin退出成功,退出时间：2020-04-12 20:48:51
[2020-04-12 20:53:56:501] [util.MyApplicationContextAnnotion.<init>] [INFO] 获取上下文工具类初始化成功!
[2020-04-12 20:53:56:812] [aop.AnnotationCommenAop.<init>] [INFO] 注解式切面已初始化...
[2020-04-12 20:53:58:592] [aop.ConfigCommenAop.<init>] [INFO] 切面已初始化...
[2020-04-12 20:53:58:646] [webservice.WebServiceInterface.<init>] [INFO] spring管理web service1
[2020-04-12 21:44:33:707] [action.userAction.LoginAction.execute] [INFO] admin 登录成功,登录时间:2020-04-12 21:44:33
[2020-04-12 21:44:59:717] [action.userAction.LoginAction.destroySession] [INFO] admin退出成功,退出时间：2020-04-12 21:44:59
[2020-04-12 22:04:50:985] [util.MyApplicationContextAnnotion.<init>] [INFO] 获取上下文工具类初始化成功!
[2020-04-12 22:04:51:529] [aop.AnnotationCommenAop.<init>] [INFO] 注解式切面已初始化...
[2020-04-12 22:04:53:579] [aop.ConfigCommenAop.<init>] [INFO] 切面已初始化...
[2020-04-12 22:04:53:659] [webservice.WebServiceInterface.<init>] [INFO] spring管理web service1
[2020-04-12 22:05:20:511] [action.userAction.LoginAction.execute] [INFO] admin 登录成功,登录时间:2020-04-12 22:05:20
[2020-04-12 22:05:53:093] [action.userAction.LoginAction.destroySession] [INFO] admin退出成功,退出时间：2020-04-12 22:05:53
[2020-04-12 22:05:56:555] [action.userAction.LoginAction.execute] [INFO] admin 登录成功,登录时间:2020-04-12 22:05:56
[2020-04-12 22:06:18:713] [action.userAction.LoginAction.destroySession] [INFO] admin退出成功,退出时间：2020-04-12 22:06:18
[2020-04-12 22:06:22:239] [action.userAction.LoginAction.execute] [INFO] admin 登录成功,登录时间:2020-04-12 22:06:22
[2020-04-12 22:07:10:769] [action.userAction.LoginAction.execute] [INFO] 该用户已登录，请稍后再试！
[2020-04-12 22:08:21:443] [action.userAction.LoginAction.execute] [INFO] admin 登录成功,登录时间:2020-04-12 22:08:21
[2020-04-12 22:09:25:003] [action.userAction.LoginAction.execute] [INFO] admin 登录成功,登录时间:2020-04-12 22:09:25
[2020-04-12 22:10:24:261] [action.userAction.LoginAction.execute] [INFO] 该用户已登录，请稍后再试！
[2020-04-12 22:10:47:336] [action.userAction.LoginAction.execute] [INFO] admin 登录成功,登录时间:2020-04-12 22:10:47
[2020-04-12 22:12:50:329] [action.userAction.LoginAction.execute] [INFO] admin 登录成功,登录时间:2020-04-12 22:12:50
[2020-04-12 22:14:18:769] [action.userAction.LoginAction.execute] [INFO] admin 登录成功,登录时间:2020-04-12 22:14:18
[2020-04-12 22:15:01:096] [action.userAction.LoginAction.destroySession] [INFO] admin退出成功,退出时间：2020-04-12 22:15:01
[2020-04-12 22:15:03:682] [action.userAction.LoginAction.execute] [INFO] admin 登录成功,登录时间:2020-04-12 22:15:03
[2020-04-12 22:15:15:637] [action.userAction.LoginAction.destroySession] [INFO] admin退出成功,退出时间：2020-04-12 22:15:15
[2020-04-12 22:15:18:601] [action.userAction.LoginAction.execute] [INFO] admin 登录成功,登录时间:2020-04-12 22:15:18
[2020-04-12 22:15:49:686] [action.userAction.LoginAction.destroySession] [INFO] admin退出成功,退出时间：2020-04-12 22:15:49
[2020-04-12 22:15:52:562] [action.userAction.LoginAction.execute] [INFO] admin 登录成功,登录时间:2020-04-12 22:15:52
[2020-04-12 22:15:57:269] [action.userAction.LoginAction.destroySession] [INFO] admin退出成功,退出时间：2020-04-12 22:15:57
[2020-04-12 22:17:41:465] [action.userAction.LoginAction.execute] [INFO] admin 登录成功,登录时间:2020-04-12 22:17:41
[2020-04-12 22:18:04:258] [action.userAction.LoginAction.destroySession] [INFO] admin退出成功,退出时间：2020-04-12 22:18:04
[2020-04-12 22:18:06:888] [action.userAction.LoginAction.execute] [INFO] admin 登录成功,登录时间:2020-04-12 22:18:06
[2020-04-12 22:19:37:465] [action.userAction.LoginAction.destroySession] [INFO] admin退出成功,退出时间：2020-04-12 22:19:37
[2020-04-12 22:19:43:003] [action.userAction.LoginAction.execute] [INFO] admin 登录成功,登录时间:2020-04-12 22:19:43
[2020-04-12 22:19:46:547] [action.userAction.LoginAction.destroySession] [INFO] admin退出成功,退出时间：2020-04-12 22:19:46
[2020-04-12 22:20:34:050] [action.userAction.LoginAction.execute] [INFO] admin 登录成功,登录时间:2020-04-12 22:20:34
[2020-04-12 22:22:43:478] [action.userAction.LoginAction.execute] [INFO] admin 登录成功,登录时间:2020-04-12 22:22:43
[2020-04-12 22:26:13:312] [action.userAction.LoginAction.execute] [INFO] admin 登录成功,登录时间:2020-04-12 22:26:13
[2020-04-12 22:29:58:606] [action.userAction.LoginAction.execute] [INFO] admin 登录成功,登录时间:2020-04-12 22:29:58
[2020-04-12 22:31:17:830] [action.userAction.LoginAction.execute] [INFO] admin 登录成功,登录时间:2020-04-12 22:31:17
[2020-04-12 22:34:13:421] [action.userAction.LoginAction.execute] [INFO] admin 登录成功,登录时间:2020-04-12 22:34:13
[2020-04-12 22:46:30:924] [action.userAction.LoginAction.execute] [INFO] admin 登录成功,登录时间:2020-04-12 22:46:30
[2020-04-12 22:46:43:481] [action.userAction.LoginAction.destroySession] [INFO] admin退出成功,退出时间：2020-04-12 22:46:43
[2020-04-12 22:48:00:935] [action.userAction.LoginAction.execute] [INFO] admin 登录成功,登录时间:2020-04-12 22:48:00
[2020-04-12 22:48:04:294] [action.userAction.LoginAction.destroySession] [INFO] admin退出成功,退出时间：2020-04-12 22:48:04
[2020-04-13 00:55:12:212] [util.MyApplicationContextAnnotion.<init>] [INFO] 获取上下文工具类初始化成功!
[2020-04-13 00:55:13:002] [aop.AnnotationCommenAop.<init>] [INFO] 注解式切面已初始化...
[2020-04-13 00:55:18:658] [aop.ConfigCommenAop.<init>] [INFO] 切面已初始化...
[2020-04-13 00:55:18:894] [webservice.WebServiceInterface.<init>] [INFO] spring管理web service1
[2020-04-13 01:13:22:255] [action.userAction.LoginAction.execute] [INFO] admin 登录成功,登录时间:2020-04-13 01:13:22
[2020-04-13 01:14:03:230] [action.userAction.LoginAction.execute] [INFO] 该用户已登录，请稍后再试！
[2020-04-13 01:14:13:852] [action.userAction.LoginAction.destroySession] [INFO] admin退出成功,退出时间：2020-04-13 01:14:13
[2020-04-13 01:14:18:082] [action.userAction.LoginAction.execute] [INFO] admin 登录成功,登录时间:2020-04-13 01:14:18
[2020-04-13 01:14:20:681] [action.userAction.LoginAction.execute] [INFO] 该用户已登录，请稍后再试！
[2020-04-13 01:14:39:184] [action.userAction.LoginAction.execute] [INFO] admin 登录成功,登录时间:2020-04-13 01:14:39
[2020-04-13 01:14:57:815] [action.userAction.LoginAction.execute] [INFO] 用户名不存在
[2020-04-13 01:15:15:092] [action.userAction.LoginAction.execute] [INFO] 该用户已登录，请稍后再试！
[2020-04-13 01:15:31:331] [action.userAction.LoginAction.execute] [INFO] WangWu用户密码错误
[2020-04-13 01:15:43:852] [action.userAction.LoginAction.execute] [INFO] WangWu 登录成功,登录时间:2020-04-13 01:15:43
[2020-04-13 01:16:04:882] [action.userAction.LoginAction.execute] [INFO] admin 登录成功,登录时间:2020-04-13 01:16:04
[2020-04-13 01:16:34:118] [action.userAction.LoginAction.destroySession] [INFO] admin退出成功,退出时间：2020-04-13 01:16:34
[2020-04-13 01:18:58:203] [action.userAction.LoginAction.execute] [INFO] admin 登录成功,登录时间:2020-04-13 01:18:58
[2020-04-13 01:21:10:993] [action.userAction.LoginAction.execute] [INFO] admin 登录成功,登录时间:2020-04-13 01:21:10
[2020-04-13 01:21:30:488] [action.userAction.LoginAction.execute] [INFO] 该用户已登录，请稍后再试！
[2020-04-13 01:21:48:062] [action.userAction.LoginAction.execute] [INFO] WangWu 登录成功,登录时间:2020-04-13 01:21:48
[2020-04-13 01:21:53:749] [aop.AnnotationCommenAop.writeLog] [INFO] 开始保存操作日志...
[2020-04-13 01:21:54:121] [aop.AnnotationCommenAop.writeLog] [INFO] 保存操作日志成功.
[2020-04-13 01:21:54:124] [aop.AnnotationCommenAop.writeLog] [INFO] 开始保存操作日志...
[2020-04-13 01:21:54:239] [aop.AnnotationCommenAop.writeLog] [INFO] 保存操作日志成功.
[2020-04-13 01:25:20:522] [action.userAction.LoginAction.destroySession] [INFO] WangWu退出成功,退出时间：2020-04-13 01:25:20
[2020-04-13 01:25:23:585] [action.userAction.LoginAction.execute] [INFO] 用户名不存在
[2020-04-13 01:25:44:402] [action.userAction.LoginAction.destroySession] [INFO] admin退出成功,退出时间：2020-04-13 01:25:44
[2020-05-05 16:49:47:991] [util.MyApplicationContextAnnotion.<init>] [INFO] 获取上下文工具类初始化成功!
[2020-05-05 16:49:48:430] [aop.AnnotationCommenAop.<init>] [INFO] 注解式切面已初始化...
[2020-05-05 16:49:50:923] [aop.ConfigCommenAop.<init>] [INFO] 切面已初始化...
[2020-05-05 16:49:50:971] [webservice.WebServiceInterface.<init>] [INFO] spring管理web service1
[2020-05-05 16:51:18:593] [action.userAction.LoginAction.execute] [INFO] admin 登录成功,登录时间:2020-05-05 16:51:18
[2020-05-05 16:51:30:052] [action.userAction.LoginAction.execute] [INFO] 该用户已登录，请稍后再试！
[2020-05-05 16:52:53:701] [action.userAction.LoginAction.execute] [INFO] admin 登录成功,登录时间:2020-05-05 16:52:53
[2020-05-05 17:02:03:308] [util.MyApplicationContextAnnotion.<init>] [INFO] 获取上下文工具类初始化成功!
[2020-05-05 17:02:03:805] [aop.AnnotationCommenAop.<init>] [INFO] 注解式切面已初始化...
[2020-05-05 17:02:05:725] [aop.ConfigCommenAop.<init>] [INFO] 切面已初始化...
[2020-05-05 17:02:05:787] [webservice.WebServiceInterface.<init>] [INFO] spring管理web service1
[2020-05-05 17:02:19:924] [action.userAction.LoginAction.execute] [INFO] admin 登录成功,登录ip:0:0:0:0:0:0:0:1,时间:2020-05-05 17:02:19
[2020-05-05 17:03:27:013] [action.userAction.LoginAction.destroySession] [INFO] admin退出成功,退出时间：2020-05-05 17:03:27
[2020-05-05 17:03:32:871] [action.userAction.LoginAction.destroySession] [INFO] admin退出成功,退出时间：2020-05-05 17:03:32
[2020-05-05 17:03:59:703] [action.userAction.LoginAction.execute] [INFO] admin 登录成功,登录ip:127.0.0.1,时间:2020-05-05 17:03:59
[2020-05-05 17:04:47:442] [util.filter.StrutsFilter.destroy] [INFO] filter has been destoyed...
[2020-05-05 17:04:54:117] [util.MyApplicationContextAnnotion.<init>] [INFO] 获取上下文工具类初始化成功!
[2020-05-05 17:04:54:443] [aop.AnnotationCommenAop.<init>] [INFO] 注解式切面已初始化...
[2020-05-05 17:04:56:643] [aop.ConfigCommenAop.<init>] [INFO] 切面已初始化...
[2020-05-05 17:04:56:693] [webservice.WebServiceInterface.<init>] [INFO] spring管理web service1
[2020-05-05 17:06:10:260] [action.userAction.LoginAction.destroySession] [INFO] admin退出成功,退出时间：2020-05-05 17:06:10
[2020-05-05 17:06:14:213] [action.userAction.LoginAction.execute] [INFO] admin 登录成功,登录ip:127.0.0.1,时间:2020-05-05 17:06:14
[2020-05-05 17:06:29:237] [action.userAction.LoginAction.destroySession] [INFO] admin退出成功,退出时间：2020-05-05 17:06:29
[2020-05-05 17:06:38:679] [action.userAction.LoginAction.execute] [INFO] admin 登录成功,登录ip:0:0:0:0:0:0:0:1,时间:2020-05-05 17:06:38
[2020-05-05 17:06:52:523] [action.userAction.LoginAction.destroySession] [INFO] admin退出成功,退出时间：2020-05-05 17:06:52
[2020-05-05 17:07:55:048] [action.userAction.LoginAction.execute] [INFO] admin 登录成功,登录ip:0:0:0:0:0:0:0:1,时间:2020-05-05 17:06:54
[2020-05-05 17:08:41:443] [util.filter.StrutsFilter.destroy] [INFO] filter has been destoyed...
[2020-05-05 17:08:47:019] [util.MyApplicationContextAnnotion.<init>] [INFO] 获取上下文工具类初始化成功!
[2020-05-05 17:08:47:361] [aop.AnnotationCommenAop.<init>] [INFO] 注解式切面已初始化...
[2020-05-05 17:08:49:440] [aop.ConfigCommenAop.<init>] [INFO] 切面已初始化...
[2020-05-05 17:08:49:487] [webservice.WebServiceInterface.<init>] [INFO] spring管理web service1
[2020-05-05 17:08:51:763] [action.userAction.LoginAction.destroySession] [INFO] admin退出成功,退出时间：2020-05-05 17:08:51
[2020-05-05 17:08:52:016] [action.userAction.LoginAction.destroySession] [INFO] admin退出成功,退出时间：2020-05-05 17:08:52
[2020-05-05 17:08:52:195] [action.userAction.LoginAction.destroySession] [INFO] admin退出成功,退出时间：2020-05-05 17:08:52
[2020-05-05 17:08:52:374] [action.userAction.LoginAction.destroySession] [INFO] admin退出成功,退出时间：2020-05-05 17:08:52
[2020-05-05 17:09:07:339] [action.userAction.LoginAction.execute] [INFO] admin 登录成功,登录ip:0:0:0:0:0:0:0:1,时间:2020-05-05 17:08:55
[2020-05-05 17:09:37:970] [util.filter.StrutsFilter.destroy] [INFO] filter has been destoyed...
[2020-05-05 17:09:44:378] [util.MyApplicationContextAnnotion.<init>] [INFO] 获取上下文工具类初始化成功!
[2020-05-05 17:09:44:647] [aop.AnnotationCommenAop.<init>] [INFO] 注解式切面已初始化...
[2020-05-05 17:09:46:568] [aop.ConfigCommenAop.<init>] [INFO] 切面已初始化...
[2020-05-05 17:09:46:641] [webservice.WebServiceInterface.<init>] [INFO] spring管理web service1
[2020-05-05 17:09:52:321] [action.userAction.LoginAction.destroySession] [INFO] admin退出成功,退出时间：2020-05-05 17:09:52
[2020-05-05 17:10:34:231] [action.userAction.LoginAction.execute] [INFO] admin 登录成功,登录ip:192.168.19.1,时间:2020-05-05 17:09:56
[2020-05-05 17:16:16:796] [util.filter.StrutsFilter.destroy] [INFO] filter has been destoyed...
[2020-05-05 17:16:22:102] [util.MyApplicationContextAnnotion.<init>] [INFO] 获取上下文工具类初始化成功!
[2020-05-05 17:16:22:384] [aop.AnnotationCommenAop.<init>] [INFO] 注解式切面已初始化...
[2020-05-05 17:16:23:975] [aop.ConfigCommenAop.<init>] [INFO] 切面已初始化...
[2020-05-05 17:16:24:025] [webservice.WebServiceInterface.<init>] [INFO] spring管理web service1
[2020-05-05 17:17:42:108] [action.userAction.LoginAction.destroySession] [INFO] admin退出成功,退出时间：2020-05-05 17:17:42
[2020-05-05 17:21:23:204] [action.userAction.LoginAction.execute] [INFO] admin 登录成功,登录ip:192.168.19.1,时间:2020-05-05 17:17:48
[2020-05-05 17:22:56:334] [action.userAction.LoginAction.execute] [INFO] admin 登录成功,登录ip:192.168.19.1,时间:2020-05-05 17:22:42
[2020-05-05 17:23:28:069] [util.filter.StrutsFilter.destroy] [INFO] filter has been destoyed...
[2020-05-05 17:23:34:995] [util.MyApplicationContextAnnotion.<init>] [INFO] 获取上下文工具类初始化成功!
[2020-05-05 17:23:35:462] [aop.AnnotationCommenAop.<init>] [INFO] 注解式切面已初始化...
[2020-05-05 17:23:37:359] [aop.ConfigCommenAop.<init>] [INFO] 切面已初始化...
[2020-05-05 17:23:37:407] [webservice.WebServiceInterface.<init>] [INFO] spring管理web service1
[2020-05-05 17:23:40:313] [action.userAction.LoginAction.destroySession] [INFO] admin退出成功,退出时间：2020-05-05 17:23:40
[2020-05-05 17:23:53:661] [action.userAction.LoginAction.execute] [INFO] admin 登录成功,登录ip:192.168.0.101,时间:2020-05-05 17:23:53
[2020-05-05 17:25:52:119] [util.filter.StrutsFilter.destroy] [INFO] filter has been destoyed...
[2020-05-05 17:25:56:919] [util.MyApplicationContextAnnotion.<init>] [INFO] 获取上下文工具类初始化成功!
[2020-05-05 17:25:57:194] [aop.AnnotationCommenAop.<init>] [INFO] 注解式切面已初始化...
[2020-05-05 17:25:58:804] [aop.ConfigCommenAop.<init>] [INFO] 切面已初始化...
[2020-05-05 17:25:58:860] [webservice.WebServiceInterface.<init>] [INFO] spring管理web service1
